22:44:08 | i — | [  INIT   ] ════════════════════════════════════════
22:44:08 | i — | [  INIT   ] DRISPI  instance=X-n2307-k34  n=2306  capacity=479
22:44:08 | i — | [  INIT   ] k domain (computed at init): [2, 3, 4, 6, 8, 10, 12]  k_ext=4  k_min=34  k_ext_bound=route_bound  spacing_rejected=0
22:44:08 | i — | [  INIT   ] ══════════════════════════════════════════════════════
22:44:08 | i — | [  INIT   ] CONFIGURATION
22:44:08 | i — | [  INIT   ] ── stopping ────────────────────────────────
22:44:08 | i — | [  INIT   ]   time_limit                  = 7200.0
22:44:08 | i — | [  INIT   ]   max_no_improve              = 1000000000
22:44:08 | i — | [  INIT   ] ── parallelism ─────────────────────────────
22:44:08 | i — | [  INIT   ]   n_workers                   = 8
22:44:08 | i — | [  INIT   ] ── cores ───────────────────────────────────
22:44:08 | i — | [  INIT   ]   cores_total                 = 8
22:44:08 | i — | [  INIT   ]   cores_dri                   = 6
22:44:08 | i — | [  INIT   ]   cores_bg                    = 1
22:44:08 | i — | [  INIT   ]   cores_sp                    = 1
22:44:08 | i — | [  INIT   ]   cores_cpu_list              = None
22:44:08 | i — | [  INIT   ] ── sp/sc ───────────────────────────────────
22:44:08 | i — | [  INIT   ]   sp_sc_mode                  = async
22:44:08 | i — | [  INIT   ]   sp_sc_trigger               = wallclock
22:44:08 | i — | [  INIT   ]   interval_minutes            = 20.0
22:44:08 | i — | [  INIT   ]   overlap_policy              = skip
22:44:08 | i — | [  INIT   ]   warmup_iterations           = 5
22:44:08 | i — | [  INIT   ]   sp_interval                 = 3
22:44:08 | i — | [  INIT   ]   min_coverage                = 5
22:44:08 | i — | [  INIT   ]   sp_time_limit               = 720.0
22:44:08 | i — | [  INIT   ]   mip_gap                     = 0.00025
22:44:08 | i — | [  INIT   ] ── decomposition ───────────────────────────
22:44:08 | i — | [  INIT   ]   decomp_k_base_arms          = [2, 3, 4, 6, 8, 10, 12]
22:44:08 | i — | [  INIT   ]   decomp_k_max_arms           = 10
22:44:08 | i — | [  INIT   ]   decomp_k_ext_per_1000       = 4
22:44:08 | i — | [  INIT   ]   decomp_k_min_routes_per_cluster= 8
22:44:08 | i — | [  INIT   ]   decomp_k_min_arm_spacing    = 2
22:44:08 | i — | [  INIT   ]   subcluster_rate_s_per_customer= 0.06
22:44:08 | i — | [  INIT   ]   subcluster_floor_s          = 5.0
22:44:08 | i — | [  INIT   ] ── bg_ails ─────────────────────────────────
22:44:08 | i — | [  INIT   ]   bg_ails_mode                = async
22:44:08 | i — | [  INIT   ]   bg_ails_crash_threshold     = 1
22:44:08 | i — | [  INIT   ]   bg_ails_budget_mode         = predicted_dr_wall
22:44:08 | i — | [  INIT   ]   bg_ails_budget_floor_s      = 60.0
22:44:08 | i — | [  INIT   ]   bg_ails_budget_margin       = 1.0
22:44:08 | i — | [  INIT   ]   bg_ails_wall_model_scale    = 0.976
22:44:08 | i — | [  INIT   ]   bg_ails_wall_model_wave_exponent= -0.18
22:44:08 | i — | [  INIT   ]   bg_ails_initial_omega       = 10
22:44:08 | i — | [  INIT   ]   bg_ails_boundary_threshold  = 0.5
22:44:08 | i — | [  INIT   ]   bg_ails_small_cluster_cap   = 20
22:44:08 | i — | [  INIT   ]   bg_ails_small_cluster_alpha = 0.5
22:44:08 | i — | [  INIT   ]   bg_ails_pair_selection      = greedy
22:44:08 | i — | [  INIT   ]   bg_ails_n_chains_mode       = k
22:44:08 | i — | [  INIT   ] ── standard_improvement ────────────────────
22:44:08 | i — | [  INIT   ]   standard_improvement_time_limit= 360.0
22:44:08 | i — | [  INIT   ] ── pool ────────────────────────────────────
22:44:08 | i — | [  INIT   ]   max_pool_size               = 10000
22:44:08 | i — | [  INIT   ]   pool_diversity_weight       = 0.5
22:44:08 | i — | [  INIT   ] ── haos ────────────────────────────────────
22:44:08 | i — | [  INIT   ]   haos_decay                  = 0.95
22:44:08 | i — | [  INIT   ]   haos_warmup                 = 10
22:44:08 | i — | [  INIT   ]   haos_starting_weight        = 10.0
22:44:08 | i — | [  INIT   ]   haos_min_weight_k           = 0.025
22:44:08 | i — | [  INIT   ]   haos_min_weight_lambda      = 0.05
22:44:08 | i — | [  INIT   ]   haos_min_weight_paradigm    = 0.1
22:44:08 | i — | [  INIT   ]   haos_min_weight_vertex_method= 0.05
22:44:08 | i — | [  INIT   ]   haos_min_weight_route_method= 0.05
22:44:08 | i — | [  INIT   ]   haos_min_weight_solver      = 0.05
22:44:08 | i — | [  INIT   ]   haos_lambda_demand_values   = [0.0, 0.2, 0.4, 0.6, 0.8, 1.0]
22:44:08 | i — | [  INIT   ]   haos_paradigm_values        = ['vertex', 'route']
22:44:08 | i — | [  INIT   ]   haos_vertex_method_values   = ['kmeans', 'agglomerative_avg', 'agglomerative_complete', 'kmedoids', 'fcm']
22:44:08 | i — | [  INIT   ]   haos_route_method_values    = ['kmeans', 'agglomerative_avg', 'agglomerative_complete']
22:44:08 | i — | [  INIT   ]   haos_solver_values          = ['pyvrp', 'filo', 'filo2', 'ails2']
22:44:08 | i — | [  INIT   ] ── haos_rewards ────────────────────────────
22:44:08 | i — | [  INIT   ]   haos_reward_new_best        = 10.0
22:44:08 | i — | [  INIT   ]   haos_reward_improvement     = 4.0
22:44:08 | i — | [  INIT   ]   haos_reward_no_improvement  = 1.0
22:44:08 | i — | [  INIT   ]   haos_reward_no_solution     = 0.0
22:44:08 | i — | [  INIT   ]   haos_deferred_new_best      = 7.0
22:44:08 | i — | [  INIT   ]   haos_deferred_improvement   = 3.0
22:44:08 | i — | [  INIT   ]   haos_deferred_no_improvement= 0.0
22:44:08 | i — | [  INIT   ] ── seed ────────────────────────────────────
22:44:08 | i — | [  INIT   ]   seed                        = 30
22:44:08 | i — | [  INIT   ] ── output ──────────────────────────────────
22:44:08 | i — | [  INIT   ]   output_dir                  = /app/artifacts/final_benchmark/runs/X-n2307-k34/seed30
22:44:08 | i — | [  INIT   ]   run_analysis                = False
22:44:08 | i — | [  INIT   ] ══════════════════════════════════════════════════════
22:44:08 | i — | [  INIT   ] BKS=47936.00
22:44:08 | i — | [  INIT   ] ════════════════════════════════════════
22:44:08 | i 1 | [HAOS ROLL] k=8  λ=1.0  vb  ac_avg  filo  P≈0.000595
22:44:12 | i 1 | [Phase 1/3] decompose  3.64s / — / —  λ=1.0  vb ac_avg
22:44:39 | i 1 | [Phase 2/3] route  27.36s / 24.12s / 113.4%  filo  k=8
22:44:39 | i 1 | [ IMPROVE ] 53289.00  via decompose_route  ·  Δ_BKS=+11.17%
22:44:39 | i 1 | [HAOS ROLL] k=8  λ=1.0  vb  ac_avg  filo  P≈0.000595
22:44:39 | i 1 | [ Summary ] cost=53289.00  Δ_S*=+0.00%  Δ_BKS=+11.17%  Δ_S*_BKS=+11.17%  no_improve=0
22:44:39 | i 2 | [HAOS ROLL] k=3  λ=1.0  rb  ac_complete  ails2  P≈0.000992
22:44:40 | i 2 | [Phase 1/3] decompose  0.43s / — / —  λ=1.0  rb ac_complete
22:45:39 | i 2 | [Phase 2/3] route  59.72s / 58.56s / 102.0%  ails2  k=3
22:45:43 | i 1 | [ IMPROVE ] 48892.00  via bg_ails  ·  Δ_BKS=+1.99%
22:45:43 | i 1 | [ ASYNC BG] bg_ails  63.63s / 60.00s / 106.0%
22:45:43 | i 2 | [HAOS ROLL] k=3  λ=1.0  rb  ac_complete  ails2  P≈0.000992
22:45:43 | i 2 | [ Summary ] cost=50167.00  Δ_S*=+2.61%  Δ_BKS=+4.65%  Δ_S*_BKS=+1.99%  no_improve=1
22:45:43 | i 3 | [HAOS ROLL] k=10  λ=0.4  vb  ac_complete  filo2  P≈0.000595
22:45:43 | i 3 | [Phase 1/3] decompose  0.57s / — / —  λ=0.4  vb ac_complete
22:46:11 | i 3 | [Phase 2/3] route  27.07s / 18.18s / 148.9%  filo2  k=10
22:46:47 | i 2 | [ IMPROVE ] 48661.00  via bg_ails  ·  Δ_BKS=+1.51%
22:46:47 | i 2 | [ ASYNC BG] bg_ails  63.69s / 60.00s / 106.1%
22:46:47 | i 3 | [HAOS ROLL] k=10  λ=0.4  vb  ac_complete  filo2  P≈0.000595
22:46:47 | i 3 | [ Summary ] cost=54455.00  Δ_S*=+11.91%  Δ_BKS=+13.60%  Δ_S*_BKS=+1.51%  no_improve=1
22:46:47 | i 4 | [HAOS ROLL] k=10  λ=0.8  vb  fcm  ails2  P≈0.000595
22:46:47 | i 4 | [Phase 1/3] decompose  0.71s / — / —  λ=0.8  vb fcm
22:47:17 | i 4 | [Phase 2/3] route  29.73s / 15.90s / 187.0%  ails2  k=10
22:47:50 | i 3 | [ ASYNC BG] bg_ails  63.60s / 60.00s / 106.0%
22:47:50 | i 4 | [HAOS ROLL] k=10  λ=0.8  vb  fcm  ails2  P≈0.000595
22:47:50 | i 4 | [ Summary ] cost=54361.00  Δ_S*=+11.71%  Δ_BKS=+13.40%  Δ_S*_BKS=+1.51%  no_improve=3
22:47:50 | i 5 | [HAOS ROLL] k=3  λ=0.8  vb  ac_complete  ails2  P≈0.000595
22:47:51 | i 5 | [Phase 1/3] decompose  0.57s / — / —  λ=0.8  vb ac_complete
22:48:49 | i 5 | [Phase 2/3] route  58.70s / 57.60s / 101.9%  ails2  k=3
22:48:54 | i 4 | [ ASYNC BG] bg_ails  63.68s / 60.00s / 106.1%
22:48:54 | i 5 | [HAOS ROLL] k=3  λ=0.8  vb  ac_complete  ails2  P≈0.000595
22:48:54 | i 5 | [ Summary ] cost=49687.00  Δ_S*=+2.11%  Δ_BKS=+3.65%  Δ_S*_BKS=+1.51%  no_improve=5
22:48:54 | i 6 | [HAOS ROLL] k=2  λ=0.0  rb  kmeans  filo  P≈0.000992
22:48:54 | i 6 | [Phase 1/3] decompose  0.35s / — / —  λ=0.0  rb kmeans
22:50:06 | i 6 | [Phase 2/3] route  72.14s / 72.18s / 99.9%  filo  k=2
22:50:06 | i 5 | [ IMPROVE ] 48300.00  via bg_ails  ·  Δ_BKS=+0.76%
22:50:06 | i 5 | [ ASYNC BG] bg_ails  63.62s / 60.00s / 106.0%
22:50:06 | i 6 | [HAOS ROLL] k=2  λ=0.0  rb  kmeans  filo  P≈0.000992
22:50:06 | i 6 | [ Summary ] cost=48947.00  Δ_S*=+1.34%  Δ_BKS=+2.11%  Δ_S*_BKS=+0.76%  no_improve=1
22:50:06 | i 7 | [HAOS ROLL] k=10  λ=0.6  rb  ac_avg  filo  P≈0.000992
22:50:07 | i 7 | [Phase 1/3] decompose  0.41s / — / —  λ=0.6  rb ac_avg
22:50:37 | i 7 | [Phase 2/3] route  30.08s / 23.94s / 125.6%  filo  k=10
22:51:20 | i 6 | [ ASYNC BG] bg_ails  73.67s / 70.45s / 104.6%
22:51:20 | i 7 | [ IMPROVE ] 48274.00  via decompose_route  ·  Δ_BKS=+0.71%
22:51:20 | i 7 | [HAOS ROLL] k=10  λ=0.6  rb  ac_avg  filo  P≈0.000992
22:51:20 | i 7 | [ Summary ] cost=48274.00  Δ_S*=+0.00%  Δ_BKS=+0.71%  Δ_S*_BKS=+0.71%  no_improve=0
22:51:20 | i 8 | [HAOS ROLL] k=6  λ=0.6  rb  ac_complete  filo  P≈0.000992
22:51:21 | i 8 | [Phase 1/3] decompose  0.42s / — / —  λ=0.6  rb ac_complete
22:51:56 | i 8 | [Phase 2/3] route  35.09s / 34.56s / 101.5%  filo  k=6
22:52:24 | i 7 | [ IMPROVE ] 48257.00  via bg_ails  ·  Δ_BKS=+0.67%
22:52:24 | i 7 | [ ASYNC BG] bg_ails  63.66s / 60.00s / 106.1%
22:52:24 | i 8 | [HAOS ROLL] k=6  λ=0.6  rb  ac_complete  filo  P≈0.000992
22:52:24 | i 8 | [ Summary ] cost=48366.00  Δ_S*=+0.23%  Δ_BKS=+0.90%  Δ_S*_BKS=+0.67%  no_improve=1
22:52:24 | i 9 | [HAOS ROLL] k=10  λ=0.8  vb  ac_avg  ails2  P≈0.000595
22:52:24 | i 9 | [Phase 1/3] decompose  0.57s / — / —  λ=0.8  vb ac_avg
22:52:52 | i 9 | [Phase 2/3] route  27.71s / 19.20s / 144.3%  ails2  k=10
22:53:28 | i 8 | [ ASYNC BG] bg_ails  63.74s / 60.00s / 106.2%
22:53:28 | i 9 | [HAOS ROLL] k=10  λ=0.8  vb  ac_avg  ails2  P≈0.000595
22:53:28 | i 9 | [ Summary ] cost=54380.00  Δ_S*=+12.69%  Δ_BKS=+13.44%  Δ_S*_BKS=+0.67%  no_improve=3
22:53:28 | i 10 | [HAOS ROLL] k=10  λ=0.4  rb  ac_avg  filo  P≈0.000992
22:53:28 | i 10 | [Phase 1/3] decompose  0.41s / — / —  λ=0.4  rb ac_avg
22:53:58 | i 10 | [Phase 2/3] route  30.08s / 30.06s / 100.1%  filo  k=10
22:54:31 | i 9 | [ ASYNC BG] bg_ails  63.69s / 60.00s / 106.1%
22:54:31 | i 10 | [HAOS ROLL] k=10  λ=0.4  rb  ac_avg  filo  P≈0.000992
22:54:31 | i 10 | [ Summary ] cost=48271.00  Δ_S*=+0.03%  Δ_BKS=+0.70%  Δ_S*_BKS=+0.67%  no_improve=5
22:54:31 | i 11 | [HAOS ROLL] k=2  λ=0.8  vb  ac_avg  filo2  P≈0.000595
22:54:32 | i 11 | [Phase 1/3] decompose  0.55s / — / —  λ=0.8  vb ac_avg
22:55:47 | i 11 | [Phase 2/3] route  75.14s / 74.76s / 100.5%  filo2  k=2
22:55:47 | i 10 | [ ASYNC BG] bg_ails  63.71s / 60.00s / 106.2%
22:55:47 | i 11 | [HAOS ROLL] k=2  λ=0.8  vb  ac_avg  filo2  P≈0.000595
22:55:47 | i 11 | [ Summary ] cost=49757.00  Δ_S*=+3.11%  Δ_BKS=+3.80%  Δ_S*_BKS=+0.67%  no_improve=7
22:55:47 | i 12 | [HAOS ROLL] k=2  λ=1.0  vb  ac_complete  filo  P≈0.000614
22:55:47 | i 12 | [Phase 1/3] decompose  0.52s / — / —  λ=1.0  vb ac_complete
22:57:12 | i 12 | [Phase 2/3] route  84.17s / 84.48s / 99.6%  filo  k=2
22:57:12 | i 11 | [ ASYNC BG] bg_ails  75.82s / 72.97s / 103.9%
22:57:12 | i 12 | [HAOS ROLL] k=2  λ=1.0  vb  ac_complete  filo  P≈0.000614
22:57:12 | i 12 | [ Summary ] cost=49524.00  Δ_S*=+2.63%  Δ_BKS=+3.31%  Δ_S*_BKS=+0.67%  no_improve=9
22:57:12 | i 6 | [ASYNC 1/2] sp_sc  0.07s / 720.00s / 0.0%  SP  avg_coverage=10.97/5  pool=386
22:57:12 | i 6 | [ASYNC 2/2] standard_ails  363.20s / 360.00s / 100.9%
22:57:12 | i 6 | [ IMPROVE ] 48146.00  via standard_ails  ·  Δ_BKS=+0.44%
22:57:12 | i 13 | [HAOS ROLL] k=3  λ=0.0  rb  ac_complete  pyvrp  P≈0.000638
22:57:12 | i 13 | [Phase 1/3] decompose  0.28s / — / —  λ=0.0  rb ac_complete
22:58:31 | i 13 | [Phase 2/3] route  78.97s / 74.52s / 106.0%  pyvrp  k=3
22:58:37 | i 12 | [ ASYNC BG] bg_ails  85.75s / 82.45s / 104.0%
22:58:37 | i 13 | [HAOS ROLL] k=3  λ=0.0  rb  ac_complete  pyvrp  P≈0.000638
22:58:37 | i 13 | [ Summary ] cost=48565.00  Δ_S*=+0.87%  Δ_BKS=+1.31%  Δ_S*_BKS=+0.44%  no_improve=2
22:58:37 | i 14 | [HAOS ROLL] k=4  λ=0.6  vb  kmeans  ails2  P≈0.000570
22:58:38 | i 14 | [Phase 1/3] decompose  0.40s / — / —  λ=0.6  vb kmeans
22:59:14 | i 14 | [Phase 2/3] route  36.65s / 35.88s / 102.1%  ails2  k=4
22:59:53 | i 13 | [ ASYNC BG] bg_ails  75.55s / 72.73s / 103.9%
22:59:53 | i 14 | [HAOS ROLL] k=4  λ=0.6  vb  kmeans  ails2  P≈0.000570
22:59:53 | i 14 | [ Summary ] cost=48524.00  Δ_S*=+0.79%  Δ_BKS=+1.23%  Δ_S*_BKS=+0.44%  no_improve=4
22:59:53 | i 15 | [HAOS ROLL] k=4  λ=0.0  vb  ac_avg  ails2  P≈0.000563
22:59:53 | i 15 | [Phase 1/3] decompose  0.46s / — / —  λ=0.0  vb ac_avg
23:00:40 | i 15 | [Phase 2/3] route  46.59s / 45.48s / 102.4%  ails2  k=4
23:00:57 | i 14 | [ ASYNC BG] bg_ails  63.73s / 60.00s / 106.2%
23:00:57 | i 15 | [HAOS ROLL] k=4  λ=0.0  vb  ac_avg  ails2  P≈0.000563
23:00:57 | i 15 | [ Summary ] cost=50204.00  Δ_S*=+4.27%  Δ_BKS=+4.73%  Δ_S*_BKS=+0.44%  no_improve=6
23:00:57 | i 16 | [HAOS ROLL] k=8  λ=1.0  vb  kmeans  filo  P≈0.000486
23:00:57 | i 16 | [Phase 1/3] decompose  0.40s / — / —  λ=1.0  vb kmeans
23:01:31 | i 16 | [Phase 2/3] route  34.08s / 20.70s / 164.6%  filo  k=8
23:02:00 | i 15 | [ ASYNC BG] bg_ails  63.63s / 60.00s / 106.1%
23:02:00 | i 16 | [HAOS ROLL] k=8  λ=1.0  vb  kmeans  filo  P≈0.000486
23:02:00 | i 16 | [ Summary ] cost=53356.00  Δ_S*=+10.82%  Δ_BKS=+11.31%  Δ_S*_BKS=+0.44%  no_improve=8
23:02:00 | i 17 | [HAOS ROLL] k=3  λ=0.8  rb  ac_complete  filo2  P≈0.001481
23:02:01 | i 17 | [Phase 1/3] decompose  0.42s / — / —  λ=0.8  rb ac_complete
23:03:16 | i 17 | [Phase 2/3] route  75.15s / 74.52s / 100.8%  filo2  k=3
23:03:16 | i 16 | [ ASYNC BG] bg_ails  63.66s / 60.00s / 106.1%
23:03:16 | i 17 | [HAOS ROLL] k=3  λ=0.8  rb  ac_complete  filo2  P≈0.001481
23:03:16 | i 17 | [ Summary ] cost=48408.00  Δ_S*=+0.54%  Δ_BKS=+0.98%  Δ_S*_BKS=+0.44%  no_improve=10
23:03:16 | i 18 | [HAOS ROLL] k=8  λ=1.0  rb  kmeans  ails2  P≈0.001082
23:03:16 | i 18 | [Phase 1/3] decompose  0.40s / — / —  λ=1.0  rb kmeans
23:03:50 | i 18 | [Phase 2/3] route  33.68s / 32.40s / 104.0%  ails2  k=8
23:04:32 | i 17 | [ ASYNC BG] bg_ails  75.77s / 72.73s / 104.2%
23:04:32 | i 18 | [HAOS ROLL] k=8  λ=1.0  rb  kmeans  ails2  P≈0.001082
23:04:32 | i 18 | [ Summary ] cost=48185.00  Δ_S*=+0.08%  Δ_BKS=+0.52%  Δ_S*_BKS=+0.44%  no_improve=12
23:04:32 | i 19 | [HAOS ROLL] k=8  λ=0.6  vb  kmedoids  filo2  P≈0.000446
23:04:33 | i 19 | [Phase 1/3] decompose  0.84s / — / —  λ=0.6  vb kmedoids
23:05:08 | i 19 | [Phase 2/3] route  35.09s / 19.86s / 176.7%  filo2  k=8
23:05:35 | i 18 | [ ASYNC BG] bg_ails  63.70s / 60.00s / 106.2%
23:05:35 | i 19 | [HAOS ROLL] k=8  λ=0.6  vb  kmedoids  filo2  P≈0.000446
23:05:35 | i 19 | [ Summary ] cost=52788.00  Δ_S*=+9.64%  Δ_BKS=+10.12%  Δ_S*_BKS=+0.44%  no_improve=14
23:05:35 | i 20 | [HAOS ROLL] k=6  λ=0.6  vb  kmedoids  filo  P≈0.000358
23:05:36 | i 20 | [Phase 1/3] decompose  0.55s / — / —  λ=0.6  vb kmedoids
23:06:05 | i 20 | [Phase 2/3] route  29.08s / 28.92s / 100.6%  filo  k=6
23:06:39 | i 19 | [ ASYNC BG] bg_ails  63.66s / 60.00s / 106.1%
23:06:39 | i 20 | [HAOS ROLL] k=6  λ=0.6  vb  kmedoids  filo  P≈0.000358
23:06:39 | i 20 | [ Summary ] cost=51864.00  Δ_S*=+7.72%  Δ_BKS=+8.19%  Δ_S*_BKS=+0.44%  no_improve=16
23:06:39 | i 21 | [HAOS ROLL] k=12  λ=0.4  rb  ac_avg  filo2  P≈0.000318
23:06:40 | i 21 | [Phase 1/3] decompose  0.43s / — / —  λ=0.4  rb ac_avg
23:07:07 | i 21 | [Phase 2/3] route  27.09s / 16.50s / 164.2%  filo2  k=12
23:07:43 | i 20 | [ ASYNC BG] bg_ails  63.73s / 60.00s / 106.2%
23:07:43 | i 21 | [HAOS ROLL] k=12  λ=0.4  rb  ac_avg  filo2  P≈0.000318
23:07:43 | i 21 | [ Summary ] cost=48169.00  Δ_S*=+0.05%  Δ_BKS=+0.49%  Δ_S*_BKS=+0.44%  no_improve=18
23:07:43 | i 22 | [HAOS ROLL] k=2  λ=0.4  rb  ac_complete  ails2  P≈0.000851
23:07:43 | i 22 | [Phase 1/3] decompose  0.41s / — / —  λ=0.4  rb ac_complete
23:08:59 | i 22 | [Phase 2/3] route  75.98s / 74.52s / 102.0%  ails2  k=2
23:08:59 | i 21 | [ ASYNC BG] bg_ails  63.73s / 60.00s / 106.2%
23:08:59 | i 22 | [HAOS ROLL] k=2  λ=0.4  rb  ac_complete  ails2  P≈0.000851
23:08:59 | i 22 | [ Summary ] cost=48584.00  Δ_S*=+0.91%  Δ_BKS=+1.35%  Δ_S*_BKS=+0.44%  no_improve=20
23:08:59 | i 23 | [HAOS ROLL] k=3  λ=0.6  vb  kmeans  filo2  P≈0.001482
23:09:00 | i 23 | [Phase 1/3] decompose  0.41s / — / —  λ=0.6  vb kmeans
23:09:53 | i 23 | [Phase 2/3] route  53.11s / 52.86s / 100.5%  filo2  k=3
23:10:15 | i 22 | [ ASYNC BG] bg_ails  75.79s / 72.73s / 104.2%
23:10:15 | i 23 | [HAOS ROLL] k=3  λ=0.6  vb  kmeans  filo2  P≈0.001482
23:10:15 | i 23 | [ Summary ] cost=48859.00  Δ_S*=+1.48%  Δ_BKS=+1.93%  Δ_S*_BKS=+0.44%  no_improve=22
23:10:15 | i 24 | [HAOS ROLL] k=12  λ=0.6  vb  ac_complete  pyvrp  P≈0.000328
23:10:16 | i 24 | [Phase 1/3] decompose  0.56s / — / —  λ=0.6  vb ac_complete
23:10:44 | i 24 | [Phase 2/3] route  27.82s / 17.22s / 161.6%  pyvrp  k=12
23:11:19 | i 23 | [ ASYNC BG] bg_ails  63.73s / 60.00s / 106.2%
23:11:19 | i 24 | [HAOS ROLL] k=12  λ=0.6  vb  ac_complete  pyvrp  P≈0.000328
23:11:19 | i 24 | [ Summary ] cost=55677.00  Δ_S*=+15.64%  Δ_BKS=+16.15%  Δ_S*_BKS=+0.44%  no_improve=24
23:11:19 | i 25 | [HAOS ROLL] k=3  λ=0.4  rb  ac_complete  ails2  P≈0.003084
23:11:19 | i 25 | [Phase 1/3] decompose  0.42s / — / —  λ=0.4  rb ac_complete
23:12:35 | i 25 | [Phase 2/3] route  76.04s / 74.52s / 102.0%  ails2  k=3
23:12:35 | i 24 | [ ASYNC BG] bg_ails  63.75s / 60.00s / 106.3%
23:12:35 | i 25 | [HAOS ROLL] k=3  λ=0.4  rb  ac_complete  ails2  P≈0.003084
23:12:35 | i 25 | [ Summary ] cost=48157.00  Δ_S*=+0.02%  Δ_BKS=+0.46%  Δ_S*_BKS=+0.44%  no_improve=26
23:12:35 | i 26 | [HAOS ROLL] k=12  λ=0.8  vb  fcm  pyvrp  P≈0.000303
23:12:36 | i 26 | [Phase 1/3] decompose  0.72s / — / —  λ=0.8  vb fcm
23:13:02 | i 26 | [Phase 2/3] route  26.02s / 13.98s / 186.1%  pyvrp  k=12
23:13:51 | i 25 | [ ASYNC BG] bg_ails  75.73s / 72.73s / 104.1%
23:13:51 | i 26 | [HAOS ROLL] k=12  λ=0.8  vb  fcm  pyvrp  P≈0.000303
23:13:51 | i 26 | [ Summary ] cost=55255.00  Δ_S*=+14.77%  Δ_BKS=+15.27%  Δ_S*_BKS=+0.44%  no_improve=28
23:13:51 | i 27 | [HAOS ROLL] k=2  λ=0.2  rb  kmeans  ails2  P≈0.000472
23:13:52 | i 27 | [Phase 1/3] decompose  0.42s / — / —  λ=0.2  rb kmeans
23:15:04 | i 27 | [Phase 2/3] route  72.88s / 71.16s / 102.4%  ails2  k=2
23:15:04 | i 26 | [ ASYNC BG] bg_ails  63.68s / 60.00s / 106.1%
23:15:04 | i 27 | [HAOS ROLL] k=2  λ=0.2  rb  kmeans  ails2  P≈0.000472
23:15:04 | i 27 | [ Summary ] cost=48428.00  Δ_S*=+0.59%  Δ_BKS=+1.03%  Δ_S*_BKS=+0.44%  no_improve=30
23:15:04 | i 28 | [HAOS ROLL] k=8  λ=0.0  vb  ac_complete  ails2  P≈0.000556
23:15:05 | i 28 | [Phase 1/3] decompose  0.45s / — / —  λ=0.0  vb ac_complete
23:15:37 | i 28 | [Phase 2/3] route  31.64s / 25.62s / 123.5%  ails2  k=8
23:16:17 | i 27 | [ ASYNC BG] bg_ails  72.83s / 69.45s / 104.9%
23:16:17 | i 28 | [HAOS ROLL] k=8  λ=0.0  vb  ac_complete  ails2  P≈0.000556
23:16:17 | i 28 | [ Summary ] cost=53376.00  Δ_S*=+10.86%  Δ_BKS=+11.35%  Δ_S*_BKS=+0.44%  no_improve=32
23:16:17 | i 29 | [HAOS ROLL] k=6  λ=0.0  rb  kmeans  ails2  P≈0.000606
23:16:18 | i 29 | [Phase 1/3] decompose  0.33s / — / —  λ=0.0  rb kmeans
23:16:49 | i 29 | [Phase 2/3] route  31.68s / 30.72s / 103.1%  ails2  k=6
23:17:21 | i 28 | [ ASYNC BG] bg_ails  63.75s / 60.00s / 106.2%
23:17:21 | i 29 | [HAOS ROLL] k=6  λ=0.0  rb  kmeans  ails2  P≈0.000606
23:17:21 | i 29 | [ Summary ] cost=48281.00  Δ_S*=+0.28%  Δ_BKS=+0.72%  Δ_S*_BKS=+0.44%  no_improve=34
23:17:21 | i 23 | [ASYNC 1/2] sp_sc  1.75s / 720.00s / 0.2%  SP  avg_coverage=42.40/5  pool=1457
23:17:21 | i 23 | [ASYNC 2/2] standard_ails  363.42s / 360.00s / 101.0%
23:17:23 | i 30 | [HAOS ROLL] k=3  λ=0.4  vb  fcm  ails2  P≈0.001640
23:17:23 | i 30 | [Phase 1/3] decompose  0.42s / — / —  λ=0.4  vb fcm
23:18:17 | i 30 | [Phase 2/3] route  53.67s / 52.44s / 102.4%  ails2  k=3
23:18:25 | i 29 | [ ASYNC BG] bg_ails  63.67s / 60.00s / 106.1%
23:18:25 | i 30 | [HAOS ROLL] k=3  λ=0.4  vb  fcm  ails2  P≈0.001640
23:18:25 | i 30 | [ Summary ] cost=48715.00  Δ_S*=+1.18%  Δ_BKS=+1.63%  Δ_S*_BKS=+0.44%  no_improve=37
23:18:25 | i 31 | [HAOS ROLL] k=8  λ=1.0  vb  fcm  filo  P≈0.000351
23:18:25 | i 31 | [Phase 1/3] decompose  0.54s / — / —  λ=1.0  vb fcm
23:18:59 | i 31 | [Phase 2/3] route  34.09s / 18.72s / 182.1%  filo  k=8
23:19:28 | i 30 | [ ASYNC BG] bg_ails  63.63s / 60.00s / 106.1%
23:19:28 | i 31 | [HAOS ROLL] k=8  λ=1.0  vb  fcm  filo  P≈0.000351
23:19:28 | i 31 | [ Summary ] cost=51869.00  Δ_S*=+7.73%  Δ_BKS=+8.20%  Δ_S*_BKS=+0.44%  no_improve=39
23:19:28 | i 32 | [HAOS ROLL] k=2  λ=0.6  vb  kmeans  ails2  P≈0.001043
23:19:29 | i 32 | [Phase 1/3] decompose  0.39s / — / —  λ=0.6  vb kmeans
23:20:42 | i 32 | [Phase 2/3] route  72.86s / 71.52s / 101.9%  ails2  k=2
23:20:42 | i 31 | [ ASYNC BG] bg_ails  63.73s / 60.00s / 106.2%
23:20:42 | i 32 | [HAOS ROLL] k=2  λ=0.6  vb  kmeans  ails2  P≈0.001043
23:20:42 | i 32 | [ Summary ] cost=48409.00  Δ_S*=+0.55%  Δ_BKS=+0.99%  Δ_S*_BKS=+0.44%  no_improve=41
23:20:42 | i 33 | [HAOS ROLL] k=8  λ=0.6  rb  ac_avg  ails2  P≈0.003000
23:20:42 | i 33 | [Phase 1/3] decompose  0.38s / — / —  λ=0.6  rb ac_avg
23:21:16 | i 33 | [Phase 2/3] route  33.73s / 26.94s / 125.2%  ails2  k=8
23:21:54 | i 32 | [ ASYNC BG] bg_ails  72.70s / 69.80s / 104.1%
23:21:54 | i 33 | [HAOS ROLL] k=8  λ=0.6  rb  ac_avg  ails2  P≈0.003000
23:21:54 | i 33 | [ Summary ] cost=48225.00  Δ_S*=+0.16%  Δ_BKS=+0.60%  Δ_S*_BKS=+0.44%  no_improve=43
23:21:54 | i 34 | [HAOS ROLL] k=2  λ=0.6  vb  fcm  ails2  P≈0.003449
23:21:55 | i 34 | [Phase 1/3] decompose  0.56s / — / —  λ=0.6  vb fcm
23:23:06 | i 34 | [Phase 2/3] route  70.85s / 69.60s / 101.8%  ails2  k=2
23:23:06 | i 33 | [ ASYNC BG] bg_ails  63.73s / 60.00s / 106.2%
23:23:06 | i 34 | [HAOS ROLL] k=2  λ=0.6  vb  fcm  ails2  P≈0.003449
23:23:06 | i 34 | [ Summary ] cost=48740.00  Δ_S*=+1.23%  Δ_BKS=+1.68%  Δ_S*_BKS=+0.44%  no_improve=45
23:23:06 | i 35 | [HAOS ROLL] k=10  λ=0.8  vb  ac_avg  ails2  P≈0.000462
23:23:06 | i 35 | [Phase 1/3] decompose  0.50s / — / —  λ=0.8  vb ac_avg
23:23:34 | i 35 | [Phase 2/3] route  27.79s / 19.20s / 144.7%  ails2  k=10
23:24:17 | i 34 | [ ASYNC BG] bg_ails  70.71s / 67.93s / 104.1%
23:24:17 | i 35 | [HAOS ROLL] k=10  λ=0.8  vb  ac_avg  ails2  P≈0.000462
23:24:17 | i 35 | [ Summary ] cost=54328.00  Δ_S*=+12.84%  Δ_BKS=+13.33%  Δ_S*_BKS=+0.44%  no_improve=47
23:24:17 | i 36 | [HAOS ROLL] k=3  λ=0.2  vb  kmedoids  ails2  P≈0.000679
23:24:17 | i 36 | [Phase 1/3] decompose  0.53s / — / —  λ=0.2  vb kmedoids
23:25:13 | i 36 | [Phase 2/3] route  55.69s / 54.90s / 101.4%  ails2  k=3
23:25:20 | i 35 | [ ASYNC BG] bg_ails  63.75s / 60.00s / 106.2%
23:25:20 | i 36 | [HAOS ROLL] k=3  λ=0.2  vb  kmedoids  ails2  P≈0.000679
23:25:20 | i 36 | [ Summary ] cost=48767.00  Δ_S*=+1.29%  Δ_BKS=+1.73%  Δ_S*_BKS=+0.44%  no_improve=49
23:25:20 | i 37 | [HAOS ROLL] k=8  λ=0.4  rb  ac_complete  filo  P≈0.000746
23:25:21 | i 37 | [Phase 1/3] decompose  0.39s / — / —  λ=0.4  rb ac_complete
23:25:48 | i 37 | [Phase 2/3] route  27.08s / 27.00s / 100.3%  filo  k=8
23:26:24 | i 36 | [ ASYNC BG] bg_ails  63.56s / 60.00s / 105.9%
23:26:24 | i 37 | [HAOS ROLL] k=8  λ=0.4  rb  ac_complete  filo  P≈0.000746
23:26:24 | i 37 | [ Summary ] cost=48265.00  Δ_S*=+0.25%  Δ_BKS=+0.69%  Δ_S*_BKS=+0.44%  no_improve=51
23:26:24 | i 38 | [HAOS ROLL] k=3  λ=0.6  rb  kmeans  ails2  P≈0.003841
23:26:24 | i 38 | [Phase 1/3] decompose  0.39s / — / —  λ=0.6  rb kmeans
23:27:23 | i 38 | [Phase 2/3] route  58.75s / 57.48s / 102.2%  ails2  k=3
23:27:28 | i 37 | [ ASYNC BG] bg_ails  63.67s / 60.00s / 106.1%
23:27:28 | i 38 | [HAOS ROLL] k=3  λ=0.6  rb  kmeans  ails2  P≈0.003841
23:27:28 | i 38 | [ Summary ] cost=48327.00  Δ_S*=+0.38%  Δ_BKS=+0.82%  Δ_S*_BKS=+0.44%  no_improve=53
23:27:28 | i 39 | [HAOS ROLL] k=8  λ=1.0  vb  ac_complete  filo  P≈0.000441
23:27:28 | i 39 | [Phase 1/3] decompose  0.52s / — / —  λ=1.0  vb ac_complete
23:27:56 | i 39 | [Phase 2/3] route  28.08s / 27.12s / 103.5%  filo  k=8
23:28:31 | i 38 | [ ASYNC BG] bg_ails  63.72s / 60.00s / 106.2%
23:28:31 | i 39 | [HAOS ROLL] k=8  λ=1.0  vb  ac_complete  filo  P≈0.000441
23:28:31 | i 39 | [ Summary ] cost=53278.00  Δ_S*=+10.66%  Δ_BKS=+11.14%  Δ_S*_BKS=+0.44%  no_improve=55
23:28:31 | i 40 | [HAOS ROLL] k=10  λ=0.0  rb  kmeans  ails2  P≈0.000765
23:28:32 | i 40 | [Phase 1/3] decompose  0.30s / — / —  λ=0.0  rb kmeans
23:29:05 | i 40 | [Phase 2/3] route  33.73s / 23.58s / 143.0%  ails2  k=10
23:29:35 | i 39 | [ ASYNC BG] bg_ails  63.72s / 60.00s / 106.2%
23:29:35 | i 40 | [HAOS ROLL] k=10  λ=0.0  rb  kmeans  ails2  P≈0.000765
23:29:35 | i 40 | [ Summary ] cost=48179.00  Δ_S*=+0.07%  Δ_BKS=+0.51%  Δ_S*_BKS=+0.44%  no_improve=57
23:29:35 | i 41 | [HAOS ROLL] k=10  λ=0.2  vb  fcm  ails2  P≈0.001282
23:29:36 | i 41 | [Phase 1/3] decompose  0.63s / — / —  λ=0.2  vb fcm
23:30:06 | i 41 | [Phase 2/3] route  30.66s / 15.90s / 192.8%  ails2  k=10
23:30:39 | i 40 | [ ASYNC BG] bg_ails  63.56s / 60.00s / 105.9%
23:30:39 | i 41 | [HAOS ROLL] k=10  λ=0.2  vb  fcm  ails2  P≈0.001282
23:30:39 | i 41 | [ Summary ] cost=54385.00  Δ_S*=+12.96%  Δ_BKS=+13.45%  Δ_S*_BKS=+0.44%  no_improve=59
23:30:39 | i 42 | [HAOS ROLL] k=3  λ=0.6  rb  ac_avg  ails2  P≈0.004317
23:30:39 | i 42 | [Phase 1/3] decompose  0.39s / — / —  λ=0.6  rb ac_avg
23:31:42 | i 42 | [Phase 2/3] route  62.82s / 61.56s / 102.0%  ails2  k=3
23:31:42 | i 41 | [ ASYNC BG] bg_ails  63.71s / 60.00s / 106.2%
23:31:42 | i 42 | [HAOS ROLL] k=3  λ=0.6  rb  ac_avg  ails2  P≈0.004317
23:31:42 | i 42 | [ Summary ] cost=48197.00  Δ_S*=+0.11%  Δ_BKS=+0.54%  Δ_S*_BKS=+0.44%  no_improve=61
23:31:42 | i 43 | [HAOS ROLL] k=6  λ=0.4  rb  ac_complete  ails2  P≈0.001348
23:31:43 | i 43 | [Phase 1/3] decompose  0.40s / — / —  λ=0.4  rb ac_complete
23:32:19 | i 43 | [Phase 2/3] route  35.70s / 34.56s / 103.3%  ails2  k=6
23:32:46 | i 42 | [ ASYNC BG] bg_ails  63.71s / 60.08s / 106.0%
23:32:46 | i 43 | [HAOS ROLL] k=6  λ=0.4  rb  ac_complete  ails2  P≈0.001348
23:32:46 | i 43 | [ Summary ] cost=48270.00  Δ_S*=+0.26%  Δ_BKS=+0.70%  Δ_S*_BKS=+0.44%  no_improve=63
23:32:46 | i 44 | [HAOS ROLL] k=8  λ=0.6  vb  kmedoids  ails2  P≈0.003819
23:32:47 | i 44 | [Phase 1/3] decompose  0.58s / — / —  λ=0.6  vb kmedoids
23:33:24 | i 44 | [Phase 2/3] route  36.81s / 19.86s / 185.3%  ails2  k=8
23:33:50 | i 43 | [ ASYNC BG] bg_ails  63.61s / 60.00s / 106.0%
23:33:50 | i 44 | [HAOS ROLL] k=8  λ=0.6  vb  kmedoids  ails2  P≈0.003819
23:33:50 | i 44 | [ Summary ] cost=52708.00  Δ_S*=+9.48%  Δ_BKS=+9.95%  Δ_S*_BKS=+0.44%  no_improve=65
23:33:50 | i 45 | [HAOS ROLL] k=3  λ=0.4  vb  ac_avg  filo  P≈0.000777
23:33:50 | i 45 | [Phase 1/3] decompose  0.61s / — / —  λ=0.4  vb ac_avg
23:34:56 | i 45 | [Phase 2/3] route  66.12s / 66.12s / 100.0%  filo  k=3
23:34:57 | i 44 | [ ASYNC BG] bg_ails  63.85s / 60.00s / 106.4%
23:34:57 | i 45 | [HAOS ROLL] k=3  λ=0.4  vb  ac_avg  filo  P≈0.000777
23:34:57 | i 45 | [ Summary ] cost=48973.00  Δ_S*=+1.72%  Δ_BKS=+2.16%  Δ_S*_BKS=+0.44%  no_improve=67
23:34:57 | i 46 | [HAOS ROLL] k=10  λ=0.6  rb  kmeans  filo2  P≈0.000595
23:34:57 | i 46 | [Phase 1/3] decompose  0.40s / — / —  λ=0.6  rb kmeans
23:35:30 | i 46 | [Phase 2/3] route  33.09s / 24.00s / 137.9%  filo2  k=10
23:36:04 | i 45 | [ ASYNC BG] bg_ails  67.74s / 64.53s / 105.0%
23:36:04 | i 46 | [HAOS ROLL] k=10  λ=0.6  rb  kmeans  filo2  P≈0.000595
23:36:04 | i 46 | [ Summary ] cost=48219.00  Δ_S*=+0.15%  Δ_BKS=+0.59%  Δ_S*_BKS=+0.44%  no_improve=69
23:36:04 | i 47 | [HAOS ROLL] k=10  λ=0.4  rb  ac_avg  filo  P≈0.001426
23:36:05 | i 47 | [Phase 1/3] decompose  0.39s / — / —  λ=0.4  rb ac_avg
23:36:33 | i 47 | [Phase 2/3] route  28.08s / 25.68s / 109.4%  filo  k=10
23:37:08 | i 46 | [ ASYNC BG] bg_ails  63.69s / 60.00s / 106.2%
23:37:08 | i 47 | [HAOS ROLL] k=10  λ=0.4  rb  ac_avg  filo  P≈0.001426
23:37:08 | i 47 | [ Summary ] cost=48248.00  Δ_S*=+0.21%  Δ_BKS=+0.65%  Δ_S*_BKS=+0.44%  no_improve=71
23:37:08 | i 41 | [ASYNC 1/2] sp_sc  12.30s / 720.00s / 1.7%  SP  avg_coverage=74.79/5  pool=2571
23:37:08 | i 41 | [ASYNC 2/2] standard_ails  363.32s / 360.00s / 100.9%
23:37:12 | i 41 | [ IMPROVE ] 48103.00  via standard_ails  ·  Δ_BKS=+0.35%
23:37:12 | i 48 | [HAOS ROLL] k=3  λ=0.4  vb  kmedoids  ails2  P≈0.002968
23:37:12 | i 48 | [Phase 1/3] decompose  0.69s / — / —  λ=0.4  vb kmedoids
23:38:07 | i 48 | [Phase 2/3] route  54.70s / 53.40s / 102.4%  ails2  k=3
23:38:12 | i 47 | [ ASYNC BG] bg_ails  63.70s / 60.00s / 106.2%
23:38:12 | i 48 | [HAOS ROLL] k=3  λ=0.4  vb  kmedoids  ails2  P≈0.002968
23:38:12 | i 48 | [ Summary ] cost=48703.00  Δ_S*=+1.25%  Δ_BKS=+1.60%  Δ_S*_BKS=+0.35%  no_improve=2
23:38:12 | i 49 | [HAOS ROLL] k=3  λ=1.0  vb  ac_complete  ails2  P≈0.002199
23:38:12 | i 49 | [Phase 1/3] decompose  0.51s / — / —  λ=1.0  vb ac_complete
23:39:09 | i 49 | [Phase 2/3] route  56.69s / 55.38s / 102.4%  ails2  k=3
23:39:15 | i 48 | [ ASYNC BG] bg_ails  63.79s / 60.00s / 106.3%
23:39:15 | i 49 | [HAOS ROLL] k=3  λ=1.0  vb  ac_complete  ails2  P≈0.002199
23:39:16 | i 49 | [ Summary ] cost=49392.00  Δ_S*=+2.68%  Δ_BKS=+3.04%  Δ_S*_BKS=+0.35%  no_improve=4
23:39:16 | i 50 | [HAOS ROLL] k=12  λ=0.8  rb  kmeans  ails2  P≈0.000431
23:39:16 | i 50 | [Phase 1/3] decompose  0.40s / — / —  λ=0.8  rb kmeans
23:39:48 | i 50 | [Phase 2/3] route  31.78s / 20.22s / 157.2%  ails2  k=12
23:40:19 | i 49 | [ ASYNC BG] bg_ails  63.74s / 60.00s / 106.2%
23:40:19 | i 50 | [HAOS ROLL] k=12  λ=0.8  rb  kmeans  ails2  P≈0.000431
23:40:19 | i 50 | [ Summary ] cost=48154.00  Δ_S*=+0.11%  Δ_BKS=+0.45%  Δ_S*_BKS=+0.35%  no_improve=6
23:40:19 | i 51 | [HAOS ROLL] k=6  λ=0.4  rb  ac_complete  ails2  P≈0.002155
23:40:20 | i 51 | [Phase 1/3] decompose  0.40s / — / —  λ=0.4  rb ac_complete
23:40:56 | i 51 | [Phase 2/3] route  36.73s / 35.10s / 104.6%  ails2  k=6
23:41:23 | i 50 | [ ASYNC BG] bg_ails  63.68s / 60.00s / 106.1%
23:41:23 | i 51 | [HAOS ROLL] k=6  λ=0.4  rb  ac_complete  ails2  P≈0.002155
23:41:23 | i 51 | [ Summary ] cost=48205.00  Δ_S*=+0.21%  Δ_BKS=+0.56%  Δ_S*_BKS=+0.35%  no_improve=8
23:41:23 | i 52 | [HAOS ROLL] k=3  λ=0.0  rb  ac_complete  filo  P≈0.002111
23:41:23 | i 52 | [Phase 1/3] decompose  0.30s / — / —  λ=0.0  rb ac_complete
23:42:23 | i 52 | [Phase 2/3] route  60.11s / 60.06s / 100.1%  filo  k=3
23:42:27 | i 51 | [ ASYNC BG] bg_ails  63.65s / 60.00s / 106.1%
23:42:27 | i 52 | [HAOS ROLL] k=3  λ=0.0  rb  ac_complete  filo  P≈0.002111
23:42:27 | i 52 | [ Summary ] cost=48309.00  Δ_S*=+0.43%  Δ_BKS=+0.78%  Δ_S*_BKS=+0.35%  no_improve=10
23:42:27 | i 53 | [HAOS ROLL] k=3  λ=0.6  vb  ac_complete  ails2  P≈0.006319
23:42:27 | i 53 | [Phase 1/3] decompose  0.52s / — / —  λ=0.6  vb ac_complete
23:43:39 | i 53 | [Phase 2/3] route  71.94s / 70.26s / 102.4%  ails2  k=3
23:43:39 | i 52 | [ ASYNC BG] bg_ails  63.55s / 60.00s / 105.9%
23:43:39 | i 53 | [HAOS ROLL] k=3  λ=0.6  vb  ac_complete  ails2  P≈0.006319
23:43:39 | i 53 | [ Summary ] cost=49328.00  Δ_S*=+2.55%  Δ_BKS=+2.90%  Δ_S*_BKS=+0.35%  no_improve=12
23:43:39 | i 54 | [HAOS ROLL] k=12  λ=0.0  rb  kmeans  pyvrp  P≈0.000164
23:43:40 | i 54 | [Phase 1/3] decompose  0.28s / — / —  λ=0.0  rb kmeans
23:44:12 | i 54 | [Phase 2/3] route  32.80s / 17.70s / 185.3%  pyvrp  k=12
23:44:51 | i 53 | [ ASYNC BG] bg_ails  71.74s / 68.57s / 104.6%
23:44:51 | i 54 | [HAOS ROLL] k=12  λ=0.0  rb  kmeans  pyvrp  P≈0.000164
23:44:51 | i 54 | [ Summary ] cost=48304.00  Δ_S*=+0.42%  Δ_BKS=+0.77%  Δ_S*_BKS=+0.35%  no_improve=14
23:44:51 | i 55 | [HAOS ROLL] k=8  λ=0.0  rb  ac_complete  pyvrp  P≈0.000912
23:44:51 | i 55 | [Phase 1/3] decompose  0.30s / — / —  λ=0.0  rb ac_complete
23:45:20 | i 55 | [Phase 2/3] route  28.45s / 23.76s / 119.7%  pyvrp  k=8
23:45:55 | i 54 | [ ASYNC BG] bg_ails  63.68s / 60.00s / 106.1%
23:45:55 | i 55 | [HAOS ROLL] k=8  λ=0.0  rb  ac_complete  pyvrp  P≈0.000912
23:45:55 | i 55 | [ Summary ] cost=48527.00  Δ_S*=+0.88%  Δ_BKS=+1.23%  Δ_S*_BKS=+0.35%  no_improve=16
23:45:55 | i 56 | [HAOS ROLL] k=10  λ=0.4  vb  ac_complete  filo  P≈0.001545
23:45:55 | i 56 | [Phase 1/3] decompose  0.52s / — / —  λ=0.4  vb ac_complete
23:46:22 | i 56 | [Phase 2/3] route  27.08s / 18.18s / 149.0%  filo  k=10
23:46:58 | i 55 | [ ASYNC BG] bg_ails  63.58s / 60.00s / 106.0%
23:46:58 | i 56 | [HAOS ROLL] k=10  λ=0.4  vb  ac_complete  filo  P≈0.001545
23:46:58 | i 56 | [ Summary ] cost=54439.00  Δ_S*=+13.17%  Δ_BKS=+13.57%  Δ_S*_BKS=+0.35%  no_improve=18
23:46:58 | i 57 | [HAOS ROLL] k=8  λ=0.0  vb  kmeans  filo2  P≈0.000231
23:46:59 | i 57 | [Phase 1/3] decompose  0.30s / — / —  λ=0.0  vb kmeans
23:47:33 | i 57 | [Phase 2/3] route  34.10s / 20.76s / 164.2%  filo2  k=8
23:48:02 | i 56 | [ ASYNC BG] bg_ails  63.67s / 60.00s / 106.1%
23:48:02 | i 57 | [HAOS ROLL] k=8  λ=0.0  vb  kmeans  filo2  P≈0.000231
23:48:02 | i 57 | [ Summary ] cost=52141.00  Δ_S*=+8.39%  Δ_BKS=+8.77%  Δ_S*_BKS=+0.35%  no_improve=20
23:48:02 | i 58 | [HAOS ROLL] k=10  λ=0.2  vb  kmedoids  ails2  P≈0.000461
23:48:02 | i 58 | [Phase 1/3] decompose  0.51s / — / —  λ=0.2  vb kmedoids
23:48:32 | i 58 | [Phase 2/3] route  29.73s / 16.26s / 182.9%  ails2  k=10
23:49:06 | i 57 | [ ASYNC BG] bg_ails  63.67s / 60.00s / 106.1%
23:49:06 | i 58 | [HAOS ROLL] k=10  λ=0.2  vb  kmedoids  ails2  P≈0.000461
23:49:06 | i 58 | [ Summary ] cost=53795.00  Δ_S*=+11.83%  Δ_BKS=+12.22%  Δ_S*_BKS=+0.35%  no_improve=22
23:49:06 | i 59 | [HAOS ROLL] k=3  λ=0.4  vb  kmeans  filo  P≈0.001793
23:49:06 | i 59 | [Phase 1/3] decompose  0.40s / — / —  λ=0.4  vb kmeans
23:49:59 | i 59 | [Phase 2/3] route  53.10s / 52.56s / 101.0%  filo  k=3
23:50:09 | i 58 | [ ASYNC BG] bg_ails  63.63s / 60.00s / 106.1%
23:50:09 | i 59 | [HAOS ROLL] k=3  λ=0.4  vb  kmeans  filo  P≈0.001793
23:50:09 | i 59 | [ Summary ] cost=48791.00  Δ_S*=+1.43%  Δ_BKS=+1.78%  Δ_S*_BKS=+0.35%  no_improve=24
23:50:09 | i 60 | [HAOS ROLL] k=3  λ=0.4  vb  ac_avg  filo  P≈0.001496
23:50:10 | i 60 | [Phase 1/3] decompose  0.52s / — / —  λ=0.4  vb ac_avg
23:51:16 | i 60 | [Phase 2/3] route  66.12s / 66.12s / 100.0%  filo  k=3
23:51:16 | i 59 | [ ASYNC BG] bg_ails  63.65s / 60.00s / 106.1%
23:51:16 | i 60 | [HAOS ROLL] k=3  λ=0.4  vb  ac_avg  filo  P≈0.001496
23:51:16 | i 60 | [ Summary ] cost=49078.00  Δ_S*=+2.03%  Δ_BKS=+2.38%  Δ_S*_BKS=+0.35%  no_improve=26
23:51:16 | i 61 | [HAOS ROLL] k=3  λ=0.4  vb  kmeans  ails2  P≈0.005306
23:51:17 | i 61 | [Phase 1/3] decompose  0.37s / — / —  λ=0.4  vb kmeans
23:52:10 | i 61 | [Phase 2/3] route  53.73s / 52.86s / 101.6%  ails2  k=3
23:52:24 | i 60 | [ ASYNC BG] bg_ails  67.81s / 64.53s / 105.1%
23:52:24 | i 61 | [HAOS ROLL] k=3  λ=0.4  vb  kmeans  ails2  P≈0.005306
23:52:24 | i 61 | [ Summary ] cost=48656.00  Δ_S*=+1.15%  Δ_BKS=+1.50%  Δ_S*_BKS=+0.35%  no_improve=28
23:52:24 | i 62 | [HAOS ROLL] k=6  λ=0.4  vb  fcm  filo  P≈0.000531
23:52:24 | i 62 | [Phase 1/3] decompose  0.49s / — / —  λ=0.4  vb fcm
23:52:49 | i 62 | [Phase 2/3] route  25.08s / 25.44s / 98.6%  filo  k=6
23:53:28 | i 61 | [ ASYNC BG] bg_ails  63.79s / 60.00s / 106.3%
23:53:28 | i 62 | [HAOS ROLL] k=6  λ=0.4  vb  fcm  filo  P≈0.000531
23:53:28 | i 62 | [ Summary ] cost=51688.00  Δ_S*=+7.45%  Δ_BKS=+7.83%  Δ_S*_BKS=+0.35%  no_improve=30
23:53:28 | i 63 | [HAOS ROLL] k=8  λ=0.6  vb  kmedoids  ails2  P≈0.001399
23:53:28 | i 63 | [Phase 1/3] decompose  0.59s / — / —  λ=0.6  vb kmedoids
23:54:05 | i 63 | [Phase 2/3] route  36.83s / 19.86s / 185.5%  ails2  k=8
23:54:31 | i 62 | [ ASYNC BG] bg_ails  63.82s / 60.00s / 106.4%
23:54:31 | i 63 | [HAOS ROLL] k=8  λ=0.6  vb  kmedoids  ails2  P≈0.001399
23:54:31 | i 63 | [ Summary ] cost=52674.00  Δ_S*=+9.50%  Δ_BKS=+9.88%  Δ_S*_BKS=+0.35%  no_improve=32
23:54:31 | i 64 | [HAOS ROLL] k=2  λ=1.0  vb  kmedoids  filo  P≈0.000204
23:54:32 | i 64 | [Phase 1/3] decompose  0.53s / — / —  λ=1.0  vb kmedoids
23:55:42 | i 64 | [Phase 2/3] route  70.14s / 69.54s / 100.9%  filo  k=2
23:55:42 | i 63 | [ ASYNC BG] bg_ails  63.83s / 60.00s / 106.4%
23:55:42 | i 64 | [HAOS ROLL] k=2  λ=1.0  vb  kmedoids  filo  P≈0.000204
23:55:42 | i 64 | [ Summary ] cost=48763.00  Δ_S*=+1.37%  Δ_BKS=+1.73%  Δ_S*_BKS=+0.35%  no_improve=34
23:55:42 | i 65 | [HAOS ROLL] k=3  λ=0.6  vb  kmedoids  ails2  P≈0.003867
23:55:43 | i 65 | [Phase 1/3] decompose  0.54s / — / —  λ=0.6  vb kmedoids
23:56:33 | i 65 | [Phase 2/3] route  50.66s / 49.20s / 103.0%  ails2  k=3
23:56:53 | i 64 | [ ASYNC BG] bg_ails  70.94s / 67.87s / 104.5%
23:56:53 | i 65 | [HAOS ROLL] k=3  λ=0.6  vb  kmedoids  ails2  P≈0.003867
23:56:53 | i 65 | [ Summary ] cost=48871.00  Δ_S*=+1.60%  Δ_BKS=+1.95%  Δ_S*_BKS=+0.35%  no_improve=36
23:56:53 | i 66 | [HAOS ROLL] k=12  λ=0.6  vb  kmedoids  ails2  P≈0.001205
23:56:54 | i 66 | [Phase 1/3] decompose  0.52s / — / —  λ=0.6  vb kmedoids
23:57:26 | i 66 | [Phase 2/3] route  32.70s / 15.84s / 206.5%  ails2  k=12
23:57:57 | i 65 | [ ASYNC BG] bg_ails  63.71s / 60.00s / 106.2%
23:57:57 | i 66 | [HAOS ROLL] k=12  λ=0.6  vb  kmedoids  ails2  P≈0.001205
23:57:57 | i 66 | [ Summary ] cost=55915.00  Δ_S*=+16.24%  Δ_BKS=+16.65%  Δ_S*_BKS=+0.35%  no_improve=38
23:57:57 | i 67 | [HAOS ROLL] k=3  λ=0.4  vb  ac_complete  filo  P≈0.004601
23:57:57 | i 67 | [Phase 1/3] decompose  0.52s / — / —  λ=0.4  vb ac_complete
23:58:55 | i 67 | [Phase 2/3] route  57.10s / 57.42s / 99.4%  filo  k=3
23:59:01 | i 66 | [ ASYNC BG] bg_ails  63.71s / 60.00s / 106.2%
23:59:01 | i 67 | [HAOS ROLL] k=3  λ=0.4  vb  ac_complete  filo  P≈0.004601
23:59:01 | i 67 | [ Summary ] cost=49976.00  Δ_S*=+3.89%  Δ_BKS=+4.26%  Δ_S*_BKS=+0.35%  no_improve=40
23:59:01 | i 60 | [ASYNC 1/2] sp_sc  36.41s / 720.00s / 5.1%  SP  avg_coverage=107.17/5  pool=3668
23:59:01 | i 60 | [ASYNC 2/2] standard_ails  363.42s / 360.00s / 101.0%
23:59:08 | i 60 | [ IMPROVE ] 48088.00  via standard_ails  ·  Δ_BKS=+0.32%
23:59:08 | i 68 | [HAOS ROLL] k=10  λ=0.6  rb  ac_complete  filo2  P≈0.000487
23:59:08 | i 68 | [Phase 1/3] decompose  0.36s / — / —  λ=0.6  rb ac_complete
23:59:35 | i 68 | [Phase 2/3] route  27.09s / 22.62s / 119.7%  filo2  k=10
00:00:04 | i 67 | [ ASYNC BG] bg_ails  63.69s / 60.00s / 106.1%
00:00:04 | i 68 | [HAOS ROLL] k=10  λ=0.6  rb  ac_complete  filo2  P≈0.000487
00:00:04 | i 68 | [ Summary ] cost=48199.00  Δ_S*=+0.23%  Δ_BKS=+0.55%  Δ_S*_BKS=+0.32%  no_improve=2
00:00:04 | i 69 | [HAOS ROLL] k=3  λ=0.6  vb  ac_avg  pyvrp  P≈0.000695
00:00:05 | i 69 | [Phase 1/3] decompose  0.52s / — / —  λ=0.6  vb ac_avg
00:01:23 | i 69 | [Phase 2/3] route  78.30s / 73.68s / 106.3%  pyvrp  k=3
00:01:23 | i 68 | [ ASYNC BG] bg_ails  63.80s / 60.00s / 106.3%
00:01:23 | i 69 | [HAOS ROLL] k=3  λ=0.6  vb  ac_avg  pyvrp  P≈0.000695
00:01:23 | i 69 | [ Summary ] cost=50081.00  Δ_S*=+4.14%  Δ_BKS=+4.47%  Δ_S*_BKS=+0.32%  no_improve=4
00:01:23 | i 70 | [HAOS ROLL] k=3  λ=0.4  vb  ac_avg  ails2  P≈0.002770
00:01:24 | i 70 | [Phase 1/3] decompose  0.51s / — / —  λ=0.4  vb ac_avg
00:02:32 | i 70 | [Phase 2/3] route  67.94s / 66.12s / 102.8%  ails2  k=3
00:02:38 | i 69 | [ ASYNC BG] bg_ails  74.85s / 71.91s / 104.1%
00:02:38 | i 70 | [HAOS ROLL] k=3  λ=0.4  vb  ac_avg  ails2  P≈0.002770
00:02:38 | i 70 | [ Summary ] cost=48993.00  Δ_S*=+1.88%  Δ_BKS=+2.21%  Δ_S*_BKS=+0.32%  no_improve=6
00:02:38 | i 71 | [HAOS ROLL] k=8  λ=0.4  vb  kmedoids  pyvrp  P≈0.001240
00:02:39 | i 71 | [Phase 1/3] decompose  0.59s / — / —  λ=0.4  vb kmedoids
00:03:12 | i 71 | [Phase 2/3] route  33.06s / 20.76s / 159.3%  pyvrp  k=8
00:03:46 | i 70 | [ ASYNC BG] bg_ails  67.82s / 64.53s / 105.1%
00:03:46 | i 71 | [HAOS ROLL] k=8  λ=0.4  vb  kmedoids  pyvrp  P≈0.001240
00:03:46 | i 71 | [ Summary ] cost=52916.00  Δ_S*=+10.04%  Δ_BKS=+10.39%  Δ_S*_BKS=+0.32%  no_improve=8
00:03:46 | i 72 | [HAOS ROLL] k=8  λ=0.4  vb  fcm  filo  P≈0.000928
00:03:47 | i 72 | [Phase 1/3] decompose  0.59s / — / —  λ=0.4  vb fcm
00:04:21 | i 72 | [Phase 2/3] route  34.09s / 18.72s / 182.1%  filo  k=8
00:04:50 | i 71 | [ ASYNC BG] bg_ails  63.71s / 60.00s / 106.2%
00:04:50 | i 72 | [HAOS ROLL] k=8  λ=0.4  vb  fcm  filo  P≈0.000928
00:04:50 | i 72 | [ Summary ] cost=51799.00  Δ_S*=+7.72%  Δ_BKS=+8.06%  Δ_S*_BKS=+0.32%  no_improve=10
00:04:50 | i 73 | [HAOS ROLL] k=8  λ=0.6  vb  ac_complete  filo  P≈0.001840
00:04:50 | i 73 | [Phase 1/3] decompose  0.53s / — / —  λ=0.6  vb ac_complete
00:05:18 | i 73 | [Phase 2/3] route  28.09s / 25.62s / 109.6%  filo  k=8
00:05:53 | i 72 | [ ASYNC BG] bg_ails  63.67s / 60.00s / 106.1%
00:05:53 | i 73 | [HAOS ROLL] k=8  λ=0.6  vb  ac_complete  filo  P≈0.001840
00:05:53 | i 73 | [ Summary ] cost=52544.00  Δ_S*=+9.27%  Δ_BKS=+9.61%  Δ_S*_BKS=+0.32%  no_improve=12
00:05:53 | i 74 | [HAOS ROLL] k=3  λ=0.6  rb  ac_complete  ails2  P≈0.011217
00:05:54 | i 74 | [Phase 1/3] decompose  0.39s / — / —  λ=0.6  rb ac_complete
00:06:54 | i 74 | [Phase 2/3] route  59.79s / 58.80s / 101.7%  ails2  k=3
00:06:57 | i 73 | [ ASYNC BG] bg_ails  63.73s / 60.00s / 106.2%
00:06:57 | i 74 | [HAOS ROLL] k=3  λ=0.6  rb  ac_complete  ails2  P≈0.011217
00:06:57 | i 74 | [ Summary ] cost=48225.00  Δ_S*=+0.28%  Δ_BKS=+0.60%  Δ_S*_BKS=+0.32%  no_improve=14
00:06:57 | i 75 | [HAOS ROLL] k=6  λ=0.4  vb  kmedoids  ails2  P≈0.001514
00:06:58 | i 75 | [Phase 1/3] decompose  0.53s / — / —  λ=0.4  vb kmedoids
00:07:24 | i 75 | [Phase 2/3] route  26.56s / 25.74s / 103.2%  ails2  k=6
00:08:01 | i 74 | [ ASYNC BG] bg_ails  63.80s / 60.00s / 106.3%
00:08:01 | i 75 | [HAOS ROLL] k=6  λ=0.4  vb  kmedoids  ails2  P≈0.001514
00:08:01 | i 75 | [ Summary ] cost=51951.00  Δ_S*=+8.03%  Δ_BKS=+8.38%  Δ_S*_BKS=+0.32%  no_improve=16
00:08:01 | i 76 | [HAOS ROLL] k=2  λ=0.0  rb  ac_avg  filo  P≈0.000311
00:08:01 | i 76 | [Phase 1/3] decompose  0.31s / — / —  λ=0.0  rb ac_avg
00:09:21 | i 76 | [Phase 2/3] route  80.16s / 79.62s / 100.7%  filo  k=2
00:09:21 | i 75 | [ ASYNC BG] bg_ails  63.70s / 60.00s / 106.2%
00:09:21 | i 76 | [HAOS ROLL] k=2  λ=0.0  rb  ac_avg  filo  P≈0.000311
00:09:22 | i 76 | [ Summary ] cost=48518.00  Δ_S*=+0.89%  Δ_BKS=+1.21%  Δ_S*_BKS=+0.32%  no_improve=18
00:09:22 | i 77 | [HAOS ROLL] k=4  λ=0.6  vb  ac_complete  ails2  P≈0.001025
00:09:22 | i 77 | [Phase 1/3] decompose  0.51s / — / —  λ=0.6  vb ac_complete
00:10:04 | i 77 | [Phase 2/3] route  41.52s / 40.50s / 102.5%  ails2  k=4
00:10:42 | i 76 | [ ASYNC BG] bg_ails  80.75s / 77.71s / 103.9%
00:10:42 | i 77 | [HAOS ROLL] k=4  λ=0.6  vb  ac_complete  ails2  P≈0.001025
00:10:42 | i 77 | [ Summary ] cost=49847.00  Δ_S*=+3.66%  Δ_BKS=+3.99%  Δ_S*_BKS=+0.32%  no_improve=20
00:10:42 | i 78 | [HAOS ROLL] k=10  λ=0.0  rb  kmeans  ails2  P≈0.000914
00:10:43 | i 78 | [Phase 1/3] decompose  0.31s / — / —  λ=0.0  rb kmeans
00:11:15 | i 78 | [Phase 2/3] route  32.73s / 22.92s / 142.8%  ails2  k=10
00:11:46 | i 77 | [ ASYNC BG] bg_ails  63.72s / 60.00s / 106.2%
00:11:46 | i 78 | [HAOS ROLL] k=10  λ=0.0  rb  kmeans  ails2  P≈0.000914
00:11:46 | i 78 | [ Summary ] cost=48113.00  Δ_S*=+0.05%  Δ_BKS=+0.37%  Δ_S*_BKS=+0.32%  no_improve=22
00:11:46 | i 79 | [HAOS ROLL] k=3  λ=0.4  rb  ac_avg  ails2  P≈0.007685
00:11:47 | i 79 | [Phase 1/3] decompose  0.39s / — / —  λ=0.4  rb ac_avg
00:12:46 | i 79 | [Phase 2/3] route  59.75s / 58.74s / 101.7%  ails2  k=3
00:12:50 | i 78 | [ ASYNC BG] bg_ails  63.63s / 60.00s / 106.0%
00:12:50 | i 79 | [HAOS ROLL] k=3  λ=0.4  rb  ac_avg  ails2  P≈0.007685
00:12:50 | i 79 | [ Summary ] cost=48233.00  Δ_S*=+0.30%  Δ_BKS=+0.62%  Δ_S*_BKS=+0.32%  no_improve=24
00:12:50 | i 80 | [HAOS ROLL] k=2  λ=0.8  vb  ac_complete  filo2  P≈0.000058
00:12:50 | i 80 | [Phase 1/3] decompose  0.54s / — / —  λ=0.8  vb ac_complete
00:14:11 | i 80 | [Phase 2/3] route  81.17s / 80.76s / 100.5%  filo2  k=2
00:14:11 | i 79 | [ ASYNC BG] bg_ails  63.80s / 60.00s / 106.3%
00:14:11 | i 80 | [HAOS ROLL] k=2  λ=0.8  vb  ac_complete  filo2  P≈0.000058
00:14:12 | i 80 | [ Summary ] cost=49274.00  Δ_S*=+2.47%  Δ_BKS=+2.79%  Δ_S*_BKS=+0.32%  no_improve=26
00:14:12 | i 81 | [HAOS ROLL] k=8  λ=1.0  vb  ac_complete  ails2  P≈0.000983
00:14:12 | i 81 | [Phase 1/3] decompose  0.52s / — / —  λ=1.0  vb ac_complete
00:14:43 | i 81 | [Phase 2/3] route  30.78s / 27.12s / 113.5%  ails2  k=8
00:15:33 | i 80 | [ ASYNC BG] bg_ails  81.79s / 78.82s / 103.8%
00:15:33 | i 81 | [HAOS ROLL] k=8  λ=1.0  vb  ac_complete  ails2  P≈0.000983
00:15:33 | i 81 | [ Summary ] cost=53035.00  Δ_S*=+10.29%  Δ_BKS=+10.64%  Δ_S*_BKS=+0.32%  no_improve=28
00:15:33 | i 82 | [HAOS ROLL] k=8  λ=0.6  vb  ac_avg  ails2  P≈0.002023
00:15:34 | i 82 | [Phase 1/3] decompose  0.55s / — / —  λ=0.6  vb ac_avg
00:16:03 | i 82 | [Phase 2/3] route  28.71s / 25.08s / 114.5%  ails2  k=8
00:16:37 | i 81 | [ ASYNC BG] bg_ails  63.76s / 60.00s / 106.3%
00:16:37 | i 82 | [HAOS ROLL] k=8  λ=0.6  vb  ac_avg  ails2  P≈0.002023
00:16:37 | i 82 | [ Summary ] cost=52540.00  Δ_S*=+9.26%  Δ_BKS=+9.60%  Δ_S*_BKS=+0.32%  no_improve=30
00:16:37 | i 83 | [HAOS ROLL] k=8  λ=0.2  vb  kmeans  filo2  P≈0.000100
00:16:38 | i 83 | [Phase 1/3] decompose  0.41s / — / —  λ=0.2  vb kmeans
00:17:15 | i 83 | [Phase 2/3] route  37.11s / 21.18s / 175.2%  filo2  k=8
00:17:41 | i 82 | [ ASYNC BG] bg_ails  63.77s / 60.00s / 106.3%
00:17:41 | i 83 | [HAOS ROLL] k=8  λ=0.2  vb  kmeans  filo2  P≈0.000100
00:17:41 | i 83 | [ Summary ] cost=53299.00  Δ_S*=+10.84%  Δ_BKS=+11.19%  Δ_S*_BKS=+0.32%  no_improve=32
00:17:41 | i 84 | [HAOS ROLL] k=6  λ=0.4  rb  ac_complete  ails2  P≈0.002231
00:17:41 | i 84 | [Phase 1/3] decompose  0.41s / — / —  λ=0.4  rb ac_complete
00:18:17 | i 84 | [Phase 2/3] route  35.77s / 34.62s / 103.3%  ails2  k=6
00:18:45 | i 83 | [ ASYNC BG] bg_ails  63.69s / 60.00s / 106.1%
00:18:45 | i 84 | [HAOS ROLL] k=6  λ=0.4  rb  ac_complete  ails2  P≈0.002231
00:18:45 | i 84 | [ Summary ] cost=48216.00  Δ_S*=+0.27%  Δ_BKS=+0.58%  Δ_S*_BKS=+0.32%  no_improve=34
00:18:45 | i 85 | [HAOS ROLL] k=8  λ=0.4  vb  ac_complete  filo  P≈0.003249
00:18:45 | i 85 | [Phase 1/3] decompose  0.52s / — / —  λ=0.4  vb ac_complete
00:19:13 | i 85 | [Phase 2/3] route  28.09s / 25.74s / 109.1%  filo  k=8
00:19:48 | i 84 | [ ASYNC BG] bg_ails  63.76s / 60.00s / 106.3%
00:19:48 | i 85 | [HAOS ROLL] k=8  λ=0.4  vb  ac_complete  filo  P≈0.003249
00:19:48 | i 85 | [ Summary ] cost=52516.00  Δ_S*=+9.21%  Δ_BKS=+9.55%  Δ_S*_BKS=+0.32%  no_improve=36
00:19:48 | i 78 | [ASYNC 1/2] sp_sc  78.43s / 720.00s / 10.9%  SP  avg_coverage=140.51/5  pool=4820
00:19:48 | i 78 | [ASYNC 2/2] standard_ails  363.24s / 360.00s / 100.9%
00:20:00 | i 86 | [HAOS ROLL] k=8  λ=0.6  vb  ac_complete  filo  P≈0.003089
00:20:01 | i 86 | [Phase 1/3] decompose  0.49s / — / —  λ=0.6  vb ac_complete
00:20:29 | i 86 | [Phase 2/3] route  28.09s / 25.62s / 109.6%  filo  k=8
00:20:52 | i 85 | [ ASYNC BG] bg_ails  63.74s / 60.00s / 106.2%
00:20:52 | i 86 | [HAOS ROLL] k=8  λ=0.6  vb  ac_complete  filo  P≈0.003089
00:20:52 | i 86 | [ Summary ] cost=52433.00  Δ_S*=+9.04%  Δ_BKS=+9.38%  Δ_S*_BKS=+0.32%  no_improve=39
00:20:52 | i 87 | [HAOS ROLL] k=6  λ=0.6  vb  ac_complete  pyvrp  P≈0.000483
00:20:53 | i 87 | [Phase 1/3] decompose  0.53s / — / —  λ=0.6  vb ac_complete
00:21:24 | i 87 | [Phase 2/3] route  30.80s / 29.76s / 103.5%  pyvrp  k=6
00:21:56 | i 86 | [ ASYNC BG] bg_ails  63.83s / 60.00s / 106.4%
00:21:56 | i 87 | [HAOS ROLL] k=6  λ=0.6  vb  ac_complete  pyvrp  P≈0.000483
00:21:56 | i 87 | [ Summary ] cost=51536.00  Δ_S*=+7.17%  Δ_BKS=+7.51%  Δ_S*_BKS=+0.32%  no_improve=41
00:21:56 | i 88 | [HAOS ROLL] k=6  λ=0.4  vb  kmeans  ails2  P≈0.000999
00:21:56 | i 88 | [Phase 1/3] decompose  0.39s / — / —  λ=0.4  vb kmeans
00:22:30 | i 88 | [Phase 2/3] route  33.70s / 32.76s / 102.9%  ails2  k=6
00:23:00 | i 87 | [ ASYNC BG] bg_ails  63.77s / 60.00s / 106.3%
00:23:00 | i 88 | [HAOS ROLL] k=6  λ=0.4  vb  kmeans  ails2  P≈0.000999
00:23:00 | i 88 | [ Summary ] cost=51065.00  Δ_S*=+6.19%  Δ_BKS=+6.53%  Δ_S*_BKS=+0.32%  no_improve=43
00:23:00 | i 89 | [HAOS ROLL] k=3  λ=0.6  rb  ac_avg  ails2  P≈0.006815
00:23:00 | i 89 | [Phase 1/3] decompose  0.39s / — / —  λ=0.6  rb ac_avg
00:24:00 | i 89 | [Phase 2/3] route  59.79s / 58.74s / 101.8%  ails2  k=3
00:24:03 | i 88 | [ ASYNC BG] bg_ails  63.66s / 60.00s / 106.1%
00:24:03 | i 89 | [HAOS ROLL] k=3  λ=0.6  rb  ac_avg  ails2  P≈0.006815
00:24:04 | i 89 | [ Summary ] cost=48205.00  Δ_S*=+0.24%  Δ_BKS=+0.56%  Δ_S*_BKS=+0.32%  no_improve=45
00:24:04 | i 90 | [HAOS ROLL] k=8  λ=0.6  rb  ac_avg  ails2  P≈0.008120
00:24:04 | i 90 | [Phase 1/3] decompose  0.39s / — / —  λ=0.6  rb ac_avg
00:24:37 | i 90 | [Phase 2/3] route  32.74s / 27.30s / 119.9%  ails2  k=8
00:25:07 | i 89 | [ ASYNC BG] bg_ails  63.68s / 60.00s / 106.1%
00:25:07 | i 90 | [HAOS ROLL] k=8  λ=0.6  rb  ac_avg  ails2  P≈0.008120
00:25:07 | i 90 | [ Summary ] cost=48175.00  Δ_S*=+0.18%  Δ_BKS=+0.50%  Δ_S*_BKS=+0.32%  no_improve=47
00:25:07 | i 91 | [HAOS ROLL] k=6  λ=0.0  rb  ac_complete  ails2  P≈0.002495
00:25:08 | i 91 | [Phase 1/3] decompose  0.30s / — / —  λ=0.0  rb ac_complete
00:25:43 | i 91 | [Phase 2/3] route  35.75s / 34.62s / 103.3%  ails2  k=6
00:26:11 | i 90 | [ ASYNC BG] bg_ails  63.77s / 60.00s / 106.3%
00:26:11 | i 91 | [HAOS ROLL] k=6  λ=0.0  rb  ac_complete  ails2  P≈0.002495
00:26:11 | i 91 | [ Summary ] cost=48205.00  Δ_S*=+0.24%  Δ_BKS=+0.56%  Δ_S*_BKS=+0.32%  no_improve=49
00:26:11 | i 92 | [HAOS ROLL] k=3  λ=0.6  rb  ac_complete  ails2  P≈0.011559
00:26:11 | i 92 | [Phase 1/3] decompose  0.38s / — / —  λ=0.6  rb ac_complete
00:27:11 | i 92 | [Phase 2/3] route  59.74s / 58.80s / 101.6%  ails2  k=3
00:27:14 | i 91 | [ ASYNC BG] bg_ails  63.52s / 60.00s / 105.9%
00:27:14 | i 92 | [HAOS ROLL] k=3  λ=0.6  rb  ac_complete  ails2  P≈0.011559
00:27:15 | i 92 | [ Summary ] cost=48366.00  Δ_S*=+0.58%  Δ_BKS=+0.90%  Δ_S*_BKS=+0.32%  no_improve=51
00:27:15 | i 93 | [HAOS ROLL] k=8  λ=0.6  rb  ac_avg  pyvrp  P≈0.002160
00:27:15 | i 93 | [Phase 1/3] decompose  0.39s / — / —  λ=0.6  rb ac_avg
00:27:46 | i 93 | [Phase 2/3] route  31.50s / 27.30s / 115.4%  pyvrp  k=8
00:28:18 | i 92 | [ ASYNC BG] bg_ails  63.63s / 60.00s / 106.0%
00:28:18 | i 93 | [HAOS ROLL] k=8  λ=0.6  rb  ac_avg  pyvrp  P≈0.002160
00:28:18 | i 93 | [ Summary ] cost=48503.00  Δ_S*=+0.86%  Δ_BKS=+1.18%  Δ_S*_BKS=+0.32%  no_improve=53
00:28:18 | i 94 | [HAOS ROLL] k=12  λ=0.6  rb  ac_complete  ails2  P≈0.003553
00:28:19 | i 94 | [Phase 1/3] decompose  0.49s / — / —  λ=0.6  rb ac_complete
00:28:47 | i 94 | [Phase 2/3] route  28.71s / 18.30s / 156.9%  ails2  k=12
00:29:22 | i 93 | [ ASYNC BG] bg_ails  63.67s / 60.00s / 106.1%
00:29:22 | i 94 | [HAOS ROLL] k=12  λ=0.6  rb  ac_complete  ails2  P≈0.003553
00:29:22 | i 94 | [ Summary ] cost=48188.00  Δ_S*=+0.21%  Δ_BKS=+0.53%  Δ_S*_BKS=+0.32%  no_improve=55
00:29:22 | i 95 | [HAOS ROLL] k=6  λ=0.6  rb  kmeans  ails2  P≈0.004113
00:29:22 | i 95 | [Phase 1/3] decompose  0.40s / — / —  λ=0.6  rb kmeans
00:29:55 | i 95 | [Phase 2/3] route  32.64s / 31.86s / 102.4%  ails2  k=6
00:30:25 | i 94 | [ ASYNC BG] bg_ails  63.72s / 60.00s / 106.2%
00:30:25 | i 95 | [HAOS ROLL] k=6  λ=0.6  rb  kmeans  ails2  P≈0.004113
00:30:26 | i 95 | [ Summary ] cost=48148.00  Δ_S*=+0.12%  Δ_BKS=+0.44%  Δ_S*_BKS=+0.32%  no_improve=57
00:30:26 | i 96 | [HAOS ROLL] k=2  λ=0.2  rb  ac_avg  filo  P≈0.000176
00:30:26 | i 96 | [Phase 1/3] decompose  0.39s / — / —  λ=0.2  rb ac_avg
00:31:46 | i 96 | [Phase 2/3] route  80.16s / 79.62s / 100.7%  filo  k=2
00:31:46 | i 95 | [ ASYNC BG] bg_ails  63.76s / 60.00s / 106.3%
00:31:46 | i 96 | [HAOS ROLL] k=2  λ=0.2  rb  ac_avg  filo  P≈0.000176
00:31:46 | i 96 | [ Summary ] cost=48386.00  Δ_S*=+0.62%  Δ_BKS=+0.94%  Δ_S*_BKS=+0.32%  no_improve=59
00:31:46 | i 97 | [HAOS ROLL] k=6  λ=0.6  rb  ac_avg  filo  P≈0.002747
00:31:47 | i 97 | [Phase 1/3] decompose  0.40s / — / —  λ=0.6  rb ac_avg
00:32:28 | i 97 | [Phase 2/3] route  41.10s / 41.28s / 99.6%  filo  k=6
00:33:07 | i 96 | [ ASYNC BG] bg_ails  80.86s / 77.71s / 104.1%
00:33:07 | i 97 | [HAOS ROLL] k=6  λ=0.6  rb  ac_avg  filo  P≈0.002747
00:33:07 | i 97 | [ Summary ] cost=48276.00  Δ_S*=+0.39%  Δ_BKS=+0.71%  Δ_S*_BKS=+0.32%  no_improve=61
00:33:07 | i 98 | [HAOS ROLL] k=3  λ=0.4  rb  ac_complete  ails2  P≈0.007982
00:33:08 | i 98 | [Phase 1/3] decompose  0.40s / — / —  λ=0.4  rb ac_complete
00:34:07 | i 98 | [Phase 2/3] route  59.77s / 58.80s / 101.6%  ails2  k=3
00:34:11 | i 97 | [ ASYNC BG] bg_ails  63.81s / 60.00s / 106.4%
00:34:11 | i 98 | [HAOS ROLL] k=3  λ=0.4  rb  ac_complete  ails2  P≈0.007982
00:34:11 | i 98 | [ Summary ] cost=48197.00  Δ_S*=+0.23%  Δ_BKS=+0.54%  Δ_S*_BKS=+0.32%  no_improve=63
00:34:11 | i 99 | [HAOS ROLL] k=2  λ=0.6  rb  ac_complete  ails2  P≈0.004960
00:34:11 | i 99 | [Phase 1/3] decompose  0.40s / — / —  λ=0.6  rb ac_complete
00:35:32 | i 99 | [Phase 2/3] route  80.99s / 79.56s / 101.8%  ails2  k=2
00:35:32 | i 98 | [ ASYNC BG] bg_ails  63.76s / 60.00s / 106.3%
00:35:32 | i 99 | [HAOS ROLL] k=2  λ=0.6  rb  ac_complete  ails2  P≈0.004960
00:35:33 | i 99 | [ Summary ] cost=48429.00  Δ_S*=+0.71%  Δ_BKS=+1.03%  Δ_S*_BKS=+0.32%  no_improve=65
00:35:33 | i 100 | [HAOS ROLL] k=6  λ=0.6  vb  ac_avg  ails2  P≈0.002268
00:35:33 | i 100 | [Phase 1/3] decompose  0.52s / — / —  λ=0.6  vb ac_avg
00:36:12 | i 100 | [Phase 2/3] route  38.83s / 37.92s / 102.4%  ails2  k=6
00:36:53 | i 99 | [ ASYNC BG] bg_ails  80.73s / 77.65s / 104.0%
00:36:53 | i 100 | [HAOS ROLL] k=6  λ=0.6  vb  ac_avg  ails2  P≈0.002268
00:36:53 | i 100 | [ Summary ] cost=51095.00  Δ_S*=+6.25%  Δ_BKS=+6.59%  Δ_S*_BKS=+0.32%  no_improve=67
00:36:53 | i 101 | [HAOS ROLL] k=2  λ=0.2  vb  kmeans  filo  P≈0.000125
00:36:54 | i 101 | [Phase 1/3] decompose  0.39s / — / —  λ=0.2  vb kmeans
00:38:04 | i 101 | [Phase 2/3] route  70.15s / 69.84s / 100.4%  filo  k=2
00:38:04 | i 100 | [ ASYNC BG] bg_ails  63.68s / 60.00s / 106.1%
00:38:04 | i 101 | [HAOS ROLL] k=2  λ=0.2  vb  kmeans  filo  P≈0.000125
00:38:04 | i 101 | [ Summary ] cost=48686.00  Δ_S*=+1.24%  Δ_BKS=+1.56%  Δ_S*_BKS=+0.32%  no_improve=69
00:38:04 | i 102 | [HAOS ROLL] k=6  λ=0.6  rb  ac_complete  filo  P≈0.005236
00:38:04 | i 102 | [Phase 1/3] decompose  0.40s / — / —  λ=0.6  rb ac_complete
00:38:40 | i 102 | [Phase 2/3] route  35.12s / 34.62s / 101.4%  filo  k=6
00:39:16 | i 101 | [ ASYNC BG] bg_ails  71.81s / 68.16s / 105.3%
00:39:16 | i 102 | [HAOS ROLL] k=6  λ=0.6  rb  ac_complete  filo  P≈0.005236
00:39:16 | i 102 | [ Summary ] cost=48333.00  Δ_S*=+0.51%  Δ_BKS=+0.83%  Δ_S*_BKS=+0.32%  no_improve=71
00:39:16 | i 103 | [HAOS ROLL] k=6  λ=0.6  vb  fcm  ails2  P≈0.002892
00:39:16 | i 103 | [Phase 1/3] decompose  0.51s / — / —  λ=0.6  vb fcm
00:39:43 | i 103 | [Phase 2/3] route  26.60s / 25.74s / 103.3%  ails2  k=6
00:40:19 | i 102 | [ ASYNC BG] bg_ails  63.69s / 60.00s / 106.2%
00:40:19 | i 103 | [HAOS ROLL] k=6  λ=0.6  vb  fcm  ails2  P≈0.002892
00:40:20 | i 103 | [ Summary ] cost=52012.00  Δ_S*=+8.16%  Δ_BKS=+8.50%  Δ_S*_BKS=+0.32%  no_improve=73
00:40:20 | i 96 | [ASYNC 1/2] sp_sc  118.40s / 720.00s / 16.4%  SP  avg_coverage=170.56/5  pool=5829
00:40:20 | i 96 | [ASYNC 2/2] standard_ails  363.32s / 360.00s / 100.9%
00:40:35 | i 104 | [HAOS ROLL] k=6  λ=0.4  rb  ac_avg  filo  P≈0.002632
00:40:36 | i 104 | [Phase 1/3] decompose  0.38s / — / —  λ=0.4  rb ac_avg
00:41:17 | i 104 | [Phase 2/3] route  41.13s / 41.28s / 99.6%  filo  k=6
00:41:23 | i 103 | [ ASYNC BG] bg_ails  63.57s / 60.00s / 105.9%
00:41:23 | i 104 | [HAOS ROLL] k=6  λ=0.4  rb  ac_avg  filo  P≈0.002632
00:41:23 | i 104 | [ Summary ] cost=48213.00  Δ_S*=+0.26%  Δ_BKS=+0.58%  Δ_S*_BKS=+0.32%  no_improve=76
00:41:23 | i 105 | [HAOS ROLL] k=10  λ=0.4  rb  ac_complete  filo  P≈0.001989
00:41:24 | i 105 | [Phase 1/3] decompose  0.40s / — / —  λ=0.4  rb ac_complete
00:41:51 | i 105 | [Phase 2/3] route  27.09s / 22.62s / 119.8%  filo  k=10
00:42:27 | i 104 | [ ASYNC BG] bg_ails  63.71s / 60.00s / 106.2%
00:42:27 | i 105 | [HAOS ROLL] k=10  λ=0.4  rb  ac_complete  filo  P≈0.001989
00:42:27 | i 105 | [ Summary ] cost=48154.00  Δ_S*=+0.14%  Δ_BKS=+0.45%  Δ_S*_BKS=+0.32%  no_improve=78
00:42:27 | i 106 | [HAOS ROLL] k=3  λ=0.0  rb  kmeans  pyvrp  P≈0.000530
00:42:27 | i 106 | [Phase 1/3] decompose  0.30s / — / —  λ=0.0  rb kmeans
00:43:20 | i 106 | [Phase 2/3] route  52.33s / 49.98s / 104.7%  pyvrp  k=3
00:43:30 | i 105 | [ ASYNC BG] bg_ails  63.73s / 60.00s / 106.2%
00:43:30 | i 106 | [HAOS ROLL] k=3  λ=0.0  rb  kmeans  pyvrp  P≈0.000530
00:43:31 | i 106 | [ Summary ] cost=48893.00  Δ_S*=+1.67%  Δ_BKS=+2.00%  Δ_S*_BKS=+0.32%  no_improve=80
00:43:31 | i 107 | [HAOS ROLL] k=8  λ=0.2  rb  ac_complete  filo  P≈0.001494
00:43:31 | i 107 | [Phase 1/3] decompose  0.49s / — / —  λ=0.2  rb ac_complete
00:44:00 | i 107 | [Phase 2/3] route  29.09s / 24.18s / 120.3%  filo  k=8
00:44:00 | i 107 | [HAOS ROLL] k=8  λ=0.2  rb  ac_complete  filo  P≈0.001494
00:44:00 | i 107 | [ Summary ] cost=48227.00  Δ_S*=+0.29%  Δ_BKS=+0.61%  Δ_S*_BKS=+0.32%  no_improve=81
00:44:00 | i 108 | [HAOS ROLL] k=12  λ=1.0  rb  ac_avg  ails2  P≈0.000621
00:44:01 | i 108 | [Phase 1/3] decompose  0.37s / — / —  λ=1.0  rb ac_avg
00:44:32 | i 108 | [Phase 2/3] route  31.69s / 20.46s / 154.9%  ails2  k=12
00:44:32 | i 108 | [HAOS ROLL] k=12  λ=1.0  rb  ac_avg  ails2  P≈0.000621
00:44:33 | i 108 | [ Summary ] cost=48174.00  Δ_S*=+0.18%  Δ_BKS=+0.50%  Δ_S*_BKS=+0.32%  no_improve=82
00:44:33 | i — | [  FINAL  ] async BG-AILS totals launched=105 applied=105 adopted=4 launch_skipped_cap=3 crashes=0 discarded_in_flight=False block_wait_total_s=2273.0
00:44:33 | i — | [  FINAL  ] async SP/SC totals invocations=6 adopted=3 skipped=0 discarded_in_flight=False sp_busy_frac=0.37383706482513956
00:44:33 | i — | [  FINAL  ] ════════════════════════════════════════
00:44:33 | i — | [  FINAL  ] Run complete  iterations=108  elapsed=02:00:24  best=48088.00
00:44:33 | i — | [  FINAL  ] Δ_BKS=+0.32%  no_improve_stop=False  time_stop=True  cancelled=False
00:44:33 | i — | [  FINAL  ] 
00:44:33 | i — | [  FINAL  ] [BEST SOLUTION — HAOS TAG SUMMARY]
00:44:33 | i — | [  FINAL  ] ────────────────────────────────────────
00:44:33 | i — | [  FINAL  ]   11 routes  rb  ac_complete  k=3  λ=0.4  solver=ails2
00:44:33 | i — | [  FINAL  ]   4 routes  rb  ac_complete  k=8  λ=0.4  solver=filo
00:44:33 | i — | [  FINAL  ]   4 routes  rb  ac_complete  k=6  λ=0.4  solver=ails2
00:44:33 | i — | [  FINAL  ]   2 routes  rb  ac_complete  k=3  λ=0.0  solver=pyvrp
00:44:33 | i — | [  FINAL  ]   2 routes  rb  kmeans  k=8  λ=1.0  solver=ails2
00:44:33 | i — | [  FINAL  ]   2 routes  rb  ac_avg  k=8  λ=0.6  solver=ails2
00:44:33 | i — | [  FINAL  ]   2 routes  rb  ac_avg  k=3  λ=0.6  solver=ails2
00:44:33 | i — | [  FINAL  ]   1 routes  vb  ac_complete  k=3  λ=0.8  solver=ails2
00:44:33 | i — | [  FINAL  ]   1 routes  rb  ac_avg  k=10  λ=0.6  solver=filo
00:44:33 | i — | [  FINAL  ]   1 routes  rb  kmeans  k=12  λ=0.0  solver=pyvrp
00:44:33 | i — | [  FINAL  ]   4 routes  post-SP/SC improvement
00:44:33 | i — | [  FINAL  ] 
00:44:33 | i — | [  FINAL  ] [ROUTE POOL — HAOS TAG SUMMARY]
00:44:33 | i — | [  FINAL  ] ────────────────────────────────────────
00:44:33 | i — | [  FINAL  ]   154 routes  rb  ac_complete  k=6  λ=0.4  solver=ails2
00:44:33 | i — | [  FINAL  ]   135 routes  vb  ac_avg  k=3  λ=0.4  solver=filo
00:44:33 | i — | [  FINAL  ]   123 routes  vb  kmedoids  k=8  λ=0.6  solver=ails2
00:44:33 | i — | [  FINAL  ]   121 routes  vb  ac_complete  k=8  λ=0.6  solver=filo
00:44:33 | i — | [  FINAL  ]   120 routes  vb  ac_avg  k=10  λ=0.8  solver=ails2
00:44:33 | i — | [  FINAL  ]   115 routes  rb  ac_complete  k=3  λ=0.4  solver=ails2
00:44:33 | i — | [  FINAL  ]   114 routes  rb  ac_avg  k=3  λ=0.6  solver=ails2
00:44:33 | i — | [  FINAL  ]   113 routes  rb  ac_complete  k=3  λ=0.6  solver=ails2
00:44:33 | i — | [  FINAL  ]   97 routes  rb  ac_avg  k=8  λ=0.6  solver=ails2
00:44:33 | i — | [  FINAL  ]   87 routes  rb  ac_complete  k=6  λ=0.6  solver=filo
00:44:33 | i — | [  FINAL  ]   75 routes  rb  ac_avg  k=10  λ=0.4  solver=filo
00:44:33 | i — | [  FINAL  ]   74 routes  vb  kmedoids  k=12  λ=0.6  solver=ails2
00:44:33 | i — | [  FINAL  ]   73 routes  vb  ac_complete  k=10  λ=0.4  solver=filo2
00:44:33 | i — | [  FINAL  ]   72 routes  vb  fcm  k=10  λ=0.8  solver=ails2
00:44:33 | i — | [  FINAL  ]   72 routes  vb  kmeans  k=8  λ=1.0  solver=filo
00:44:33 | i — | [  FINAL  ]   72 routes  vb  fcm  k=12  λ=0.8  solver=pyvrp
00:44:33 | i — | [  FINAL  ]   72 routes  vb  kmeans  k=8  λ=0.2  solver=filo2
00:44:33 | i — | [  FINAL  ]   71 routes  vb  ac_avg  k=8  λ=1.0  solver=filo
00:44:33 | i — | [  FINAL  ]   71 routes  vb  kmedoids  k=8  λ=0.6  solver=filo2
00:44:33 | i — | [  FINAL  ]   71 routes  vb  ac_complete  k=12  λ=0.6  solver=pyvrp
00:44:33 | i — | [  FINAL  ]   71 routes  vb  kmedoids  k=6  λ=0.4  solver=ails2
00:44:33 | i — | [  FINAL  ]   71 routes  vb  fcm  k=6  λ=0.6  solver=ails2
00:44:33 | i — | [  FINAL  ]   70 routes  vb  ac_complete  k=8  λ=0.0  solver=ails2
00:44:33 | i — | [  FINAL  ]   70 routes  vb  ac_complete  k=8  λ=1.0  solver=filo
00:44:33 | i — | [  FINAL  ]   70 routes  vb  fcm  k=6  λ=0.4  solver=filo
00:44:33 | i — | [  FINAL  ]   70 routes  vb  kmedoids  k=8  λ=0.4  solver=pyvrp
00:44:33 | i — | [  FINAL  ]   69 routes  rb  kmeans  k=2  λ=0.0  solver=filo
00:44:33 | i — | [  FINAL  ]   69 routes  vb  ac_avg  k=4  λ=0.0  solver=ails2
00:44:33 | i — | [  FINAL  ]   69 routes  vb  kmedoids  k=6  λ=0.6  solver=filo
00:44:33 | i — | [  FINAL  ]   69 routes  vb  fcm  k=8  λ=1.0  solver=filo
00:44:33 | i — | [  FINAL  ]   69 routes  vb  kmedoids  k=10  λ=0.2  solver=ails2
00:44:33 | i — | [  FINAL  ]   68 routes  rb  ac_complete  k=3  λ=1.0  solver=ails2
00:44:33 | i — | [  FINAL  ]   68 routes  vb  ac_avg  k=2  λ=0.8  solver=filo2
00:44:33 | i — | [  FINAL  ]   68 routes  vb  kmedoids  k=3  λ=0.2  solver=ails2
00:44:33 | i — | [  FINAL  ]   68 routes  rb  kmeans  k=3  λ=0.6  solver=ails2
00:44:33 | i — | [  FINAL  ]   68 routes  vb  ac_complete  k=3  λ=0.4  solver=filo
00:44:33 | i — | [  FINAL  ]   68 routes  vb  kmedoids  k=2  λ=1.0  solver=filo
00:44:33 | i — | [  FINAL  ]   68 routes  vb  ac_complete  k=6  λ=0.6  solver=pyvrp
00:44:33 | i — | [  FINAL  ]   67 routes  vb  fcm  k=3  λ=0.4  solver=ails2
00:44:33 | i — | [  FINAL  ]   67 routes  vb  kmedoids  k=3  λ=0.4  solver=ails2
00:44:33 | i — | [  FINAL  ]   67 routes  vb  ac_complete  k=3  λ=0.6  solver=ails2
00:44:33 | i — | [  FINAL  ]   67 routes  vb  kmeans  k=8  λ=0.0  solver=filo2
00:44:33 | i — | [  FINAL  ]   67 routes  vb  ac_avg  k=3  λ=0.6  solver=pyvrp
00:44:33 | i — | [  FINAL  ]   67 routes  vb  ac_complete  k=4  λ=0.6  solver=ails2
00:44:33 | i — | [  FINAL  ]   67 routes  vb  ac_complete  k=2  λ=0.8  solver=filo2
00:44:33 | i — | [  FINAL  ]   67 routes  vb  ac_avg  k=8  λ=0.6  solver=ails2
00:44:33 | i — | [  FINAL  ]   67 routes  vb  kmeans  k=6  λ=0.4  solver=ails2
00:44:33 | i — | [  FINAL  ]   66 routes  vb  ac_complete  k=3  λ=0.8  solver=ails2
00:44:33 | i — | [  FINAL  ]   66 routes  rb  ac_complete  k=3  λ=0.0  solver=pyvrp
00:44:33 | i — | [  FINAL  ]   66 routes  vb  kmeans  k=4  λ=0.6  solver=ails2
00:44:33 | i — | [  FINAL  ]   66 routes  rb  ac_complete  k=2  λ=0.4  solver=ails2
00:44:33 | i — | [  FINAL  ]   66 routes  vb  kmeans  k=2  λ=0.6  solver=ails2
00:44:33 | i — | [  FINAL  ]   66 routes  vb  fcm  k=2  λ=0.6  solver=ails2
00:44:33 | i — | [  FINAL  ]   66 routes  vb  fcm  k=10  λ=0.2  solver=ails2
00:44:33 | i — | [  FINAL  ]   66 routes  vb  ac_complete  k=3  λ=1.0  solver=ails2
00:44:33 | i — | [  FINAL  ]   66 routes  vb  kmeans  k=3  λ=0.4  solver=filo
00:44:33 | i — | [  FINAL  ]   66 routes  vb  kmeans  k=3  λ=0.4  solver=ails2
00:44:33 | i — | [  FINAL  ]   66 routes  vb  ac_avg  k=3  λ=0.4  solver=ails2
00:44:33 | i — | [  FINAL  ]   66 routes  vb  kmeans  k=2  λ=0.2  solver=filo
00:44:33 | i — | [  FINAL  ]   65 routes  vb  ac_complete  k=2  λ=1.0  solver=filo
00:44:33 | i — | [  FINAL  ]   65 routes  vb  kmeans  k=3  λ=0.6  solver=filo2
00:44:33 | i — | [  FINAL  ]   65 routes  vb  kmedoids  k=3  λ=0.6  solver=ails2
00:44:33 | i — | [  FINAL  ]   64 routes  vb  fcm  k=8  λ=0.4  solver=filo
00:44:33 | i — | [  FINAL  ]   63 routes  rb  kmeans  k=2  λ=0.2  solver=ails2
00:44:33 | i — | [  FINAL  ]   63 routes  rb  ac_complete  k=3  λ=0.0  solver=filo
00:44:33 | i — | [  FINAL  ]   62 routes  rb  kmeans  k=10  λ=0.0  solver=ails2
00:44:33 | i — | [  FINAL  ]   62 routes  rb  ac_avg  k=2  λ=0.0  solver=filo
00:44:33 | i — | [  FINAL  ]   61 routes  vb  ac_avg  k=6  λ=0.6  solver=ails2
00:44:33 | i — | [  FINAL  ]   60 routes  rb  ac_avg  k=8  λ=0.6  solver=pyvrp
00:44:33 | i — | [  FINAL  ]   59 routes  rb  ac_avg  k=2  λ=0.2  solver=filo
00:44:33 | i — | [  FINAL  ]   58 routes  rb  ac_avg  k=10  λ=0.6  solver=filo
00:44:33 | i — | [  FINAL  ]   58 routes  vb  ac_complete  k=8  λ=1.0  solver=ails2
00:44:33 | i — | [  FINAL  ]   58 routes  rb  ac_complete  k=2  λ=0.6  solver=ails2
00:44:33 | i — | [  FINAL  ]   57 routes  vb  ac_complete  k=10  λ=0.4  solver=filo
00:44:33 | i — | [  FINAL  ]   53 routes  rb  ac_complete  k=8  λ=0.0  solver=pyvrp
00:44:33 | i — | [  FINAL  ]   53 routes  rb  ac_avg  k=6  λ=0.6  solver=filo
00:44:33 | i — | [  FINAL  ]   51 routes  rb  ac_complete  k=6  λ=0.0  solver=ails2
00:44:33 | i — | [  FINAL  ]   50 routes  rb  kmeans  k=8  λ=1.0  solver=ails2
00:44:33 | i — | [  FINAL  ]   50 routes  rb  ac_complete  k=8  λ=0.4  solver=filo
00:44:33 | i — | [  FINAL  ]   50 routes  rb  kmeans  k=12  λ=0.0  solver=pyvrp
00:44:33 | i — | [  FINAL  ]   50 routes  rb  ac_avg  k=3  λ=0.4  solver=ails2
00:44:33 | i — | [  FINAL  ]   49 routes  rb  ac_complete  k=10  λ=0.6  solver=filo2
00:44:33 | i — | [  FINAL  ]   49 routes  rb  ac_avg  k=6  λ=0.4  solver=filo
00:44:33 | i — | [  FINAL  ]   47 routes  rb  kmeans  k=10  λ=0.6  solver=filo2
00:44:33 | i — | [  FINAL  ]   46 routes  rb  kmeans  k=12  λ=0.8  solver=ails2
00:44:33 | i — | [  FINAL  ]   46 routes  vb  ac_complete  k=8  λ=0.4  solver=filo
00:44:33 | i — | [  FINAL  ]   42 routes  rb  ac_complete  k=12  λ=0.6  solver=ails2
00:44:33 | i — | [  FINAL  ]   41 routes  rb  ac_complete  k=10  λ=0.4  solver=filo
00:44:33 | i — | [  FINAL  ]   39 routes  rb  ac_complete  k=3  λ=0.8  solver=filo2
00:44:33 | i — | [  FINAL  ]   39 routes  rb  kmeans  k=6  λ=0.6  solver=ails2
00:44:33 | i — | [  FINAL  ]   33 routes  rb  kmeans  k=3  λ=0.0  solver=pyvrp
00:44:33 | i — | [  FINAL  ]   28 routes  rb  kmeans  k=6  λ=0.0  solver=ails2
00:44:33 | i — | [  FINAL  ]   27 routes  rb  ac_avg  k=12  λ=0.4  solver=filo2
00:44:33 | i — | [  FINAL  ]   14 routes  rb  ac_complete  k=8  λ=0.2  solver=filo
00:44:33 | i — | [  FINAL  ]   7 routes  rb  ac_avg  k=12  λ=1.0  solver=ails2
00:44:33 | i — | [  FINAL  ]   91 routes  post-SP/SC improvement
00:44:33 | i — | [  FINAL  ] ════════════════════════════════════════
