18:36:33 | i — | [  INIT   ] ════════════════════════════════════════
18:36:33 | i — | [  INIT   ] DRISPI  instance=X-n8389-k2028  n=8388  capacity=208
18:36:33 | i — | [  INIT   ] k domain (computed at init): [2, 3, 4, 6, 8, 10, 12, 17, 23, 32]  k_ext=32  k_min=2028  k_ext_bound=n_bound  spacing_rejected=0
18:36:33 | i — | [  INIT   ] ══════════════════════════════════════════════════════
18:36:33 | i — | [  INIT   ] CONFIGURATION
18:36:33 | i — | [  INIT   ] ── stopping ────────────────────────────────
18:36:33 | i — | [  INIT   ]   time_limit                  = 7200.0
18:36:33 | i — | [  INIT   ]   max_no_improve              = 1000000000
18:36:33 | i — | [  INIT   ] ── parallelism ─────────────────────────────
18:36:33 | i — | [  INIT   ]   n_workers                   = 8
18:36:33 | i — | [  INIT   ] ── cores ───────────────────────────────────
18:36:33 | i — | [  INIT   ]   cores_total                 = 8
18:36:33 | i — | [  INIT   ]   cores_dri                   = 6
18:36:33 | i — | [  INIT   ]   cores_bg                    = 1
18:36:33 | i — | [  INIT   ]   cores_sp                    = 1
18:36:33 | i — | [  INIT   ]   cores_cpu_list              = None
18:36:33 | i — | [  INIT   ] ── sp/sc ───────────────────────────────────
18:36:33 | i — | [  INIT   ]   sp_sc_mode                  = async
18:36:33 | i — | [  INIT   ]   sp_sc_trigger               = wallclock
18:36:33 | i — | [  INIT   ]   interval_minutes            = 20.0
18:36:33 | i — | [  INIT   ]   overlap_policy              = skip
18:36:33 | i — | [  INIT   ]   warmup_iterations           = 5
18:36:33 | i — | [  INIT   ]   sp_interval                 = 3
18:36:33 | i — | [  INIT   ]   min_coverage                = 5
18:36:33 | i — | [  INIT   ]   sp_time_limit               = 720.0
18:36:33 | i — | [  INIT   ]   mip_gap                     = 0.00025
18:36:33 | i — | [  INIT   ] ── decomposition ───────────────────────────
18:36:33 | i — | [  INIT   ]   decomp_k_base_arms          = [2, 3, 4, 6, 8, 10, 12]
18:36:33 | i — | [  INIT   ]   decomp_k_max_arms           = 10
18:36:33 | i — | [  INIT   ]   decomp_k_ext_per_1000       = 4
18:36:33 | i — | [  INIT   ]   decomp_k_min_routes_per_cluster= 8
18:36:33 | i — | [  INIT   ]   decomp_k_min_arm_spacing    = 2
18:36:33 | i — | [  INIT   ]   subcluster_rate_s_per_customer= 0.06
18:36:33 | i — | [  INIT   ]   subcluster_floor_s          = 5.0
18:36:33 | i — | [  INIT   ] ── bg_ails ─────────────────────────────────
18:36:33 | i — | [  INIT   ]   bg_ails_mode                = async
18:36:33 | i — | [  INIT   ]   bg_ails_crash_threshold     = 1
18:36:33 | i — | [  INIT   ]   bg_ails_budget_mode         = predicted_dr_wall
18:36:33 | i — | [  INIT   ]   bg_ails_budget_floor_s      = 60.0
18:36:33 | i — | [  INIT   ]   bg_ails_budget_margin       = 1.0
18:36:33 | i — | [  INIT   ]   bg_ails_wall_model_scale    = 0.976
18:36:33 | i — | [  INIT   ]   bg_ails_wall_model_wave_exponent= -0.18
18:36:33 | i — | [  INIT   ]   bg_ails_initial_omega       = 10
18:36:33 | i — | [  INIT   ]   bg_ails_boundary_threshold  = 0.5
18:36:33 | i — | [  INIT   ]   bg_ails_small_cluster_cap   = 20
18:36:33 | i — | [  INIT   ]   bg_ails_small_cluster_alpha = 0.5
18:36:33 | i — | [  INIT   ]   bg_ails_pair_selection      = greedy
18:36:33 | i — | [  INIT   ]   bg_ails_n_chains_mode       = k
18:36:33 | i — | [  INIT   ] ── standard_improvement ────────────────────
18:36:33 | i — | [  INIT   ]   standard_improvement_time_limit= 360.0
18:36:33 | i — | [  INIT   ] ── pool ────────────────────────────────────
18:36:33 | i — | [  INIT   ]   max_pool_size               = 10000
18:36:33 | i — | [  INIT   ]   pool_diversity_weight       = 0.5
18:36:33 | i — | [  INIT   ] ── haos ────────────────────────────────────
18:36:33 | i — | [  INIT   ]   haos_decay                  = 0.95
18:36:33 | i — | [  INIT   ]   haos_warmup                 = 10
18:36:33 | i — | [  INIT   ]   haos_starting_weight        = 10.0
18:36:33 | i — | [  INIT   ]   haos_min_weight_k           = 0.025
18:36:33 | i — | [  INIT   ]   haos_min_weight_lambda      = 0.05
18:36:33 | i — | [  INIT   ]   haos_min_weight_paradigm    = 0.1
18:36:33 | i — | [  INIT   ]   haos_min_weight_vertex_method= 0.05
18:36:33 | i — | [  INIT   ]   haos_min_weight_route_method= 0.05
18:36:33 | i — | [  INIT   ]   haos_min_weight_solver      = 0.05
18:36:33 | i — | [  INIT   ]   haos_lambda_demand_values   = [0.0, 0.2, 0.4, 0.6, 0.8, 1.0]
18:36:33 | i — | [  INIT   ]   haos_paradigm_values        = ['vertex', 'route']
18:36:33 | i — | [  INIT   ]   haos_vertex_method_values   = ['kmeans', 'agglomerative_avg', 'agglomerative_complete', 'kmedoids', 'fcm']
18:36:33 | i — | [  INIT   ]   haos_route_method_values    = ['kmeans', 'agglomerative_avg', 'agglomerative_complete']
18:36:33 | i — | [  INIT   ]   haos_solver_values          = ['pyvrp', 'filo', 'filo2', 'ails2']
18:36:33 | i — | [  INIT   ] ── haos_rewards ────────────────────────────
18:36:33 | i — | [  INIT   ]   haos_reward_new_best        = 10.0
18:36:33 | i — | [  INIT   ]   haos_reward_improvement     = 4.0
18:36:33 | i — | [  INIT   ]   haos_reward_no_improvement  = 1.0
18:36:33 | i — | [  INIT   ]   haos_reward_no_solution     = 0.0
18:36:33 | i — | [  INIT   ]   haos_deferred_new_best      = 7.0
18:36:33 | i — | [  INIT   ]   haos_deferred_improvement   = 3.0
18:36:33 | i — | [  INIT   ]   haos_deferred_no_improvement= 0.0
18:36:33 | i — | [  INIT   ] ── seed ────────────────────────────────────
18:36:33 | i — | [  INIT   ]   seed                        = 10
18:36:33 | i — | [  INIT   ] ── output ──────────────────────────────────
18:36:33 | i — | [  INIT   ]   output_dir                  = /app/artifacts/final_benchmark/runs/X-n8389-k2028/seed10
18:36:33 | i — | [  INIT   ]   run_analysis                = False
18:36:33 | i — | [  INIT   ] ══════════════════════════════════════════════════════
18:36:33 | i — | [  INIT   ] BKS=3353305.00
18:36:33 | i — | [  INIT   ] ════════════════════════════════════════
18:36:33 | i 1 | [HAOS ROLL] k=10  λ=0.6  vb  kmeans  filo  P≈0.000417
18:36:45 | i 1 | [Phase 1/3] decompose  11.25s / — / —  λ=0.6  vb kmeans
18:38:40 | i 1 | [Phase 2/3] route  115.27s / 85.62s / 134.6%  filo  k=10
18:38:40 | i 1 | [ IMPROVE ] 3398596.00  via decompose_route  ·  Δ_BKS=+1.35%
18:38:40 | i 1 | [HAOS ROLL] k=10  λ=0.6  vb  kmeans  filo  P≈0.000417
18:38:40 | i 1 | [ Summary ] cost=3398596.00  Δ_S*=+0.00%  Δ_BKS=+1.35%  Δ_S*_BKS=+1.35%  no_improve=0
18:38:40 | i 2 | [HAOS ROLL] k=3  λ=0.4  vb  ac_complete  ails2  P≈0.000417
18:38:52 | i 2 | [Phase 1/3] decompose  11.50s / — / —  λ=0.4  vb ac_complete
18:42:47 | i 2 | [Phase 2/3] route  235.30s / 230.40s / 102.1%  ails2  k=3
18:42:47 | i 1 | [ IMPROVE ] 3376905.00  via bg_ails  ·  Δ_BKS=+0.70%
18:42:47 | i 1 | [ ASYNC BG] bg_ails  166.77s / 140.29s / 118.9%
18:42:47 | i 2 | [ IMPROVE ] 3366445.00  via decompose_route  ·  Δ_BKS=+0.39%
18:42:47 | i 2 | [HAOS ROLL] k=3  λ=0.4  vb  ac_complete  ails2  P≈0.000417
18:42:47 | i 2 | [ Summary ] cost=3366445.00  Δ_S*=+0.00%  Δ_BKS=+0.39%  Δ_S*_BKS=+0.39%  no_improve=0
18:42:47 | i 3 | [HAOS ROLL] k=2  λ=0.0  vb  ac_complete  filo  P≈0.000417
18:42:54 | i 3 | [Phase 1/3] decompose  6.78s / — / —  λ=0.0  vb ac_complete
18:47:25 | i 3 | [Phase 2/3] route  271.22s / 270.36s / 100.3%  filo  k=2
18:47:25 | i 2 | [ ASYNC BG] bg_ails  247.99s / 224.87s / 110.3%
18:47:25 | i 3 | [HAOS ROLL] k=2  λ=0.0  vb  ac_complete  filo  P≈0.000417
18:47:25 | i 3 | [ Summary ] cost=3391172.00  Δ_S*=+0.73%  Δ_BKS=+1.13%  Δ_S*_BKS=+0.39%  no_improve=2
18:47:25 | i 4 | [HAOS ROLL] k=23  λ=0.6  vb  ac_avg  filo2  P≈0.000417
18:47:34 | i 4 | [Phase 1/3] decompose  8.36s / — / —  λ=0.6  vb ac_avg
18:49:08 | i 4 | [Phase 2/3] route  94.36s / 67.68s / 139.4%  filo2  k=23
18:52:11 | i 3 | [ ASYNC BG] bg_ails  286.14s / 263.87s / 108.4%
18:52:12 | i 4 | [HAOS ROLL] k=23  λ=0.6  vb  ac_avg  filo2  P≈0.000417
18:52:12 | i 4 | [ Summary ] cost=3408013.00  Δ_S*=+1.23%  Δ_BKS=+1.63%  Δ_S*_BKS=+0.39%  no_improve=4
18:52:12 | i 5 | [HAOS ROLL] k=8  λ=0.6  rb  kmeans  ails2  P≈0.000694
18:52:21 | i 5 | [Phase 1/3] decompose  9.70s / — / —  λ=0.6  rb kmeans
18:54:39 | i 5 | [Phase 2/3] route  137.65s / 114.54s / 120.2%  ails2  k=8
18:54:45 | i 4 | [ ASYNC BG] bg_ails  153.25s / 125.61s / 122.0%
18:54:45 | i 5 | [HAOS ROLL] k=8  λ=0.6  rb  kmeans  ails2  P≈0.000694
18:54:45 | i 5 | [ Summary ] cost=3368337.00  Δ_S*=+0.06%  Δ_BKS=+0.45%  Δ_S*_BKS=+0.39%  no_improve=6
18:54:45 | i 6 | [HAOS ROLL] k=12  λ=0.6  rb  ac_complete  ails2  P≈0.000694
18:54:53 | i 6 | [Phase 1/3] decompose  8.06s / — / —  λ=0.6  rb ac_complete
18:57:16 | i 6 | [Phase 2/3] route  142.68s / 138.18s / 103.3%  ails2  k=12
18:58:12 | i 5 | [ ASYNC BG] bg_ails  207.06s / 181.85s / 113.9%
18:58:12 | i 6 | [HAOS ROLL] k=12  λ=0.6  rb  ac_complete  ails2  P≈0.000694
18:58:12 | i 6 | [ Summary ] cost=3370929.00  Δ_S*=+0.13%  Δ_BKS=+0.53%  Δ_S*_BKS=+0.39%  no_improve=8
18:58:12 | i 7 | [HAOS ROLL] k=32  λ=0.4  vb  kmeans  pyvrp  P≈0.000417
18:58:20 | i 7 | [Phase 1/3] decompose  7.94s / — / —  λ=0.4  vb kmeans
19:00:01 | i 7 | [Phase 2/3] route  100.41s / 31.74s / 316.3%  pyvrp  k=32
19:01:12 | i 6 | [ ASYNC BG] bg_ails  180.23s / 154.30s / 116.8%
19:01:12 | i 7 | [HAOS ROLL] k=32  λ=0.4  vb  kmeans  pyvrp  P≈0.000417
19:01:12 | i 7 | [ Summary ] cost=3557697.00  Δ_S*=+5.68%  Δ_BKS=+6.10%  Δ_S*_BKS=+0.39%  no_improve=10
19:01:12 | i 8 | [HAOS ROLL] k=4  λ=1.0  vb  ac_avg  pyvrp  P≈0.000417
19:01:23 | i 8 | [Phase 1/3] decompose  10.47s / — / —  λ=1.0  vb ac_avg
19:08:41 | i 8 | [Phase 2/3] route  437.67s / 345.48s / 126.7%  pyvrp  k=4
19:08:41 | i 7 | [ ASYNC BG] bg_ails  133.91s / 100.65s / 133.0%
19:08:41 | i 8 | [HAOS ROLL] k=4  λ=1.0  vb  ac_avg  pyvrp  P≈0.000417
19:08:41 | i 8 | [ Summary ] cost=3420469.00  Δ_S*=+1.60%  Δ_BKS=+2.00%  Δ_S*_BKS=+0.39%  no_improve=12
19:08:41 | i 6 | [ASYNC 1/2] sp_sc  4.21s / 720.00s / 0.6%  SC  avg_coverage=5.18/5  pool=10000
19:08:41 | i 6 | [ASYNC 2/2] standard_ails  377.24s / 360.00s / 104.8%
19:10:32 | i 9 | [HAOS ROLL] k=4  λ=1.0  vb  kmeans  filo  P≈0.000417
19:10:41 | i 9 | [Phase 1/3] decompose  8.76s / — / —  λ=1.0  vb kmeans
19:13:50 | i 9 | [Phase 2/3] route  188.88s / 187.68s / 100.6%  filo  k=4
19:14:42 | i 8 | [ ASYNC BG] bg_ails  361.45s / 337.19s / 107.2%
19:14:42 | i 9 | [HAOS ROLL] k=4  λ=1.0  vb  kmeans  filo  P≈0.000417
19:14:43 | i 9 | [ Summary ] cost=3394672.00  Δ_S*=+0.84%  Δ_BKS=+1.23%  Δ_S*_BKS=+0.39%  no_improve=15
19:14:43 | i 10 | [HAOS ROLL] k=32  λ=1.0  rb  kmeans  ails2  P≈0.000694
19:14:49 | i 10 | [Phase 1/3] decompose  6.80s / — / —  λ=1.0  rb kmeans
19:16:36 | i 10 | [Phase 2/3] route  106.71s / 33.78s / 315.9%  ails2  k=32
19:18:10 | i 9 | [ ASYNC BG] bg_ails  207.53s / 183.18s / 113.3%
19:18:10 | i 10 | [HAOS ROLL] k=32  λ=1.0  rb  kmeans  ails2  P≈0.000694
19:18:10 | i 10 | [ Summary ] cost=3376843.00  Δ_S*=+0.31%  Δ_BKS=+0.70%  Δ_S*_BKS=+0.39%  no_improve=17
19:18:10 | i 11 | [HAOS ROLL] k=10  λ=1.0  vb  ac_complete  filo  P≈0.000417
19:18:19 | i 11 | [Phase 1/3] decompose  9.32s / — / —  λ=1.0  vb ac_complete
19:20:27 | i 11 | [Phase 2/3] route  127.50s / 126.84s / 100.5%  filo  k=10
19:20:27 | i 10 | [ ASYNC BG] bg_ails  136.46s / 110.71s / 123.3%
19:20:27 | i 11 | [HAOS ROLL] k=10  λ=1.0  vb  ac_complete  filo  P≈0.000417
19:20:27 | i 11 | [ Summary ] cost=3400419.00  Δ_S*=+1.01%  Δ_BKS=+1.41%  Δ_S*_BKS=+0.39%  no_improve=19
19:20:27 | i 12 | [HAOS ROLL] k=3  λ=0.6  rb  kmeans  pyvrp  P≈0.000664
19:20:35 | i 12 | [Phase 1/3] decompose  7.69s / — / —  λ=0.6  rb kmeans
19:24:39 | i 12 | [Phase 2/3] route  243.95s / 211.02s / 115.6%  pyvrp  k=3
19:24:39 | i 11 | [ ASYNC BG] bg_ails  191.97s / 166.19s / 115.5%
19:24:39 | i 12 | [HAOS ROLL] k=3  λ=0.6  rb  kmeans  pyvrp  P≈0.000664
19:24:40 | i 12 | [ Summary ] cost=3422179.00  Δ_S*=+1.66%  Δ_BKS=+2.05%  Δ_S*_BKS=+0.39%  no_improve=21
19:24:40 | i 13 | [HAOS ROLL] k=10  λ=0.8  vb  ac_complete  ails2  P≈0.000674
19:24:51 | i 13 | [Phase 1/3] decompose  11.51s / — / —  λ=0.8  vb ac_complete
19:26:43 | i 13 | [Phase 2/3] route  112.29s / 92.82s / 121.0%  ails2  k=10
19:28:31 | i 12 | [ ASYNC BG] bg_ails  231.40s / 205.96s / 112.4%
19:28:31 | i 13 | [HAOS ROLL] k=10  λ=0.8  vb  ac_complete  ails2  P≈0.000674
19:28:31 | i 13 | [ Summary ] cost=3369022.00  Δ_S*=+0.08%  Δ_BKS=+0.47%  Δ_S*_BKS=+0.39%  no_improve=23
19:28:31 | i 11 | [ASYNC 1/2] sp_sc  25.21s / 720.00s / 3.5%  SC  avg_coverage=5.13/5  pool=10000
19:28:31 | i 11 | [ASYNC 2/2] standard_ails  377.67s / 360.00s / 104.9%
19:30:23 | i 14 | [HAOS ROLL] k=8  λ=0.2  rb  ac_complete  filo2  P≈0.000343
19:30:30 | i 14 | [Phase 1/3] decompose  6.48s / — / —  λ=0.2  rb ac_complete
19:32:48 | i 14 | [Phase 2/3] route  138.50s / 138.18s / 100.2%  filo2  k=8
19:32:48 | i 13 | [ ASYNC BG] bg_ails  168.50s / 143.18s / 117.7%
19:32:49 | i 14 | [HAOS ROLL] k=8  λ=0.2  rb  ac_complete  filo2  P≈0.000343
19:32:49 | i 14 | [ Summary ] cost=3396291.00  Δ_S*=+0.89%  Δ_BKS=+1.28%  Δ_S*_BKS=+0.39%  no_improve=26
19:32:49 | i 15 | [HAOS ROLL] k=4  λ=0.2  rb  ac_avg  ails2  P≈0.000495
19:32:56 | i 15 | [Phase 1/3] decompose  7.30s / — / —  λ=0.2  rb ac_avg
19:36:00 | i 15 | [Phase 2/3] route  184.40s / 180.96s / 101.9%  ails2  k=4
19:36:01 | i 14 | [ ASYNC BG] bg_ails  166.34s / 141.74s / 117.4%
19:36:01 | i 15 | [HAOS ROLL] k=4  λ=0.2  rb  ac_avg  ails2  P≈0.000495
19:36:01 | i 15 | [ Summary ] cost=3367992.00  Δ_S*=+0.05%  Δ_BKS=+0.44%  Δ_S*_BKS=+0.39%  no_improve=28
19:36:01 | i 16 | [HAOS ROLL] k=8  λ=0.6  vb  kmeans  ails2  P≈0.000508
19:36:07 | i 16 | [Phase 1/3] decompose  6.66s / — / —  λ=0.6  vb kmeans
19:38:05 | i 16 | [Phase 2/3] route  117.83s / 113.28s / 104.0%  ails2  k=8
19:39:21 | i 15 | [ ASYNC BG] bg_ails  200.39s / 176.62s / 113.5%
19:39:21 | i 16 | [HAOS ROLL] k=8  λ=0.6  vb  kmeans  ails2  P≈0.000508
19:39:21 | i 16 | [ Summary ] cost=3366985.00  Δ_S*=+0.02%  Δ_BKS=+0.41%  Δ_S*_BKS=+0.39%  no_improve=30
19:39:21 | i 17 | [HAOS ROLL] k=2  λ=0.4  vb  kmeans  pyvrp  P≈0.000232
19:39:28 | i 17 | [Phase 1/3] decompose  6.22s / — / —  λ=0.4  vb kmeans
19:44:29 | i 17 | [Phase 2/3] route  301.65s / 254.22s / 118.7%  pyvrp  k=2
19:44:29 | i 16 | [ ASYNC BG] bg_ails  158.68s / 134.14s / 118.3%
19:44:30 | i 17 | [HAOS ROLL] k=2  λ=0.4  vb  kmeans  pyvrp  P≈0.000232
19:44:30 | i 17 | [ Summary ] cost=3423780.00  Δ_S*=+1.70%  Δ_BKS=+2.10%  Δ_S*_BKS=+0.39%  no_improve=32
19:44:30 | i 18 | [HAOS ROLL] k=8  λ=1.0  rb  ac_complete  filo2  P≈0.000663
19:44:37 | i 18 | [Phase 1/3] decompose  7.72s / — / —  λ=1.0  rb ac_complete
19:46:56 | i 18 | [Phase 2/3] route  138.52s / 138.18s / 100.2%  filo2  k=8
19:49:03 | i 17 | [ ASYNC BG] bg_ails  273.33s / 248.12s / 110.2%
19:49:03 | i 18 | [HAOS ROLL] k=8  λ=1.0  rb  ac_complete  filo2  P≈0.000663
19:49:03 | i 18 | [ Summary ] cost=3395041.00  Δ_S*=+0.85%  Δ_BKS=+1.24%  Δ_S*_BKS=+0.39%  no_improve=34
19:49:03 | i 19 | [HAOS ROLL] k=32  λ=0.8  rb  ac_complete  filo  P≈0.000374
19:49:12 | i 19 | [Phase 1/3] decompose  8.44s / — / —  λ=0.8  rb ac_complete
19:50:59 | i 19 | [Phase 2/3] route  107.28s / 42.96s / 249.7%  filo  k=32
19:51:49 | i 18 | [ ASYNC BG] bg_ails  166.39s / 141.74s / 117.4%
19:51:50 | i 19 | [HAOS ROLL] k=32  λ=0.8  rb  ac_complete  filo  P≈0.000374
19:51:50 | i 19 | [ Summary ] cost=3417999.00  Δ_S*=+1.53%  Δ_BKS=+1.93%  Δ_S*_BKS=+0.39%  no_improve=36
19:51:50 | i 17 | [ASYNC 1/2] sp_sc  13.89s / 720.00s / 1.9%  SC  avg_coverage=5.13/5  pool=10000
19:51:50 | i 17 | [ASYNC 2/2] standard_ails  376.83s / 360.00s / 104.7%
19:53:45 | i 20 | [HAOS ROLL] k=32  λ=1.0  rb  ac_complete  filo  P≈0.000570
19:53:51 | i 20 | [Phase 1/3] decompose  5.38s / — / —  λ=1.0  rb ac_complete
19:55:38 | i 20 | [Phase 2/3] route  107.23s / 42.96s / 249.6%  filo  k=32
19:55:38 | i 19 | [ ASYNC BG] bg_ails  149.46s / 124.41s / 120.1%
19:55:38 | i 20 | [HAOS ROLL] k=32  λ=1.0  rb  ac_complete  filo  P≈0.000570
19:55:38 | i 20 | [ Summary ] cost=3417835.00  Δ_S*=+1.53%  Δ_BKS=+1.92%  Δ_S*_BKS=+0.39%  no_improve=39
19:55:38 | i 21 | [HAOS ROLL] k=3  λ=0.6  rb  ac_avg  filo  P≈0.000554
19:55:45 | i 21 | [Phase 1/3] decompose  6.22s / — / —  λ=0.6  rb ac_avg
20:01:23 | i 21 | [Phase 2/3] route  338.05s / 335.70s / 100.7%  filo  k=3
20:01:23 | i 20 | [ ASYNC BG] bg_ails  149.15s / 124.41s / 119.9%
20:01:23 | i 21 | [HAOS ROLL] k=3  λ=0.6  rb  ac_avg  filo  P≈0.000554
20:01:23 | i 21 | [ Summary ] cost=3392378.00  Δ_S*=+0.77%  Δ_BKS=+1.17%  Δ_S*_BKS=+0.39%  no_improve=41
20:01:23 | i 22 | [HAOS ROLL] k=32  λ=1.0  rb  kmeans  ails2  P≈0.001200
20:01:30 | i 22 | [Phase 1/3] decompose  6.29s / — / —  λ=1.0  rb kmeans
20:03:04 | i 22 | [Phase 2/3] route  94.66s / 36.42s / 259.9%  ails2  k=32
20:07:13 | i 21 | [ ASYNC BG] bg_ails  350.51s / 327.64s / 107.0%
20:07:14 | i 22 | [HAOS ROLL] k=32  λ=1.0  rb  kmeans  ails2  P≈0.001200
20:07:14 | i 22 | [ Summary ] cost=3375511.00  Δ_S*=+0.27%  Δ_BKS=+0.66%  Δ_S*_BKS=+0.39%  no_improve=43
20:07:14 | i 23 | [HAOS ROLL] k=32  λ=0.2  rb  ac_complete  filo2  P≈0.001769
20:07:21 | i 23 | [Phase 1/3] decompose  7.47s / — / —  λ=0.2  rb ac_complete
20:09:09 | i 23 | [Phase 2/3] route  107.25s / 42.96s / 249.6%  filo2  k=32
20:09:26 | i 22 | [ ASYNC BG] bg_ails  132.74s / 107.53s / 123.4%
20:09:26 | i 23 | [HAOS ROLL] k=32  λ=0.2  rb  ac_complete  filo2  P≈0.001769
20:09:26 | i 23 | [ Summary ] cost=3409788.00  Δ_S*=+1.29%  Δ_BKS=+1.68%  Δ_S*_BKS=+0.39%  no_improve=45
20:09:26 | i 24 | [HAOS ROLL] k=4  λ=0.8  rb  kmeans  filo2  P≈0.000428
20:09:34 | i 24 | [Phase 1/3] decompose  7.09s / — / —  λ=0.8  rb kmeans
20:12:49 | i 24 | [Phase 2/3] route  194.97s / 194.22s / 100.4%  filo2  k=4
20:12:49 | i 23 | [ ASYNC BG] bg_ails  150.30s / 124.41s / 120.8%
20:12:49 | i 24 | [HAOS ROLL] k=4  λ=0.8  rb  kmeans  filo2  P≈0.000428
20:12:49 | i 24 | [ Summary ] cost=3389335.00  Δ_S*=+0.68%  Δ_BKS=+1.07%  Δ_S*_BKS=+0.39%  no_improve=47
20:12:49 | i 25 | [HAOS ROLL] k=32  λ=0.2  rb  ac_complete  filo2  P≈0.003471
20:12:58 | i 25 | [Phase 1/3] decompose  8.62s / — / —  λ=0.2  rb ac_complete
20:14:45 | i 25 | [Phase 2/3] route  107.25s / 42.96s / 249.6%  filo2  k=32
20:16:24 | i 24 | [ ASYNC BG] bg_ails  215.12s / 189.56s / 113.5%
20:16:24 | i 25 | [HAOS ROLL] k=32  λ=0.2  rb  ac_complete  filo2  P≈0.003471
20:16:24 | i 25 | [ Summary ] cost=3413233.00  Δ_S*=+1.39%  Δ_BKS=+1.79%  Δ_S*_BKS=+0.39%  no_improve=49
20:16:24 | i 22 | [ASYNC 1/2] sp_sc  22.73s / 720.00s / 3.2%  SC  avg_coverage=5.13/5  pool=10000
20:16:24 | i 22 | [ASYNC 2/2] standard_ails  376.92s / 360.00s / 104.7%
20:19:08 | i 25 | [ ASYNC BG] bg_ails  147.76s / 124.41s / 118.8%
20:19:08 | i 26 | [HAOS ROLL] k=32  λ=0.4  vb  ac_complete  ails2  P≈0.000571
20:19:15 | i 26 | [Phase 1/3] decompose  6.83s / — / —  λ=0.4  vb ac_complete
20:20:59 | i 26 | [Phase 2/3] route  104.27s / 63.78s / 163.5%  ails2  k=32
20:20:59 | i 26 | [HAOS ROLL] k=32  λ=0.4  vb  ac_complete  ails2  P≈0.000571
20:21:00 | i 26 | [ Summary ] cost=3377578.00  Δ_S*=+0.33%  Δ_BKS=+0.72%  Δ_S*_BKS=+0.39%  no_improve=52
20:21:00 | i 27 | [HAOS ROLL] k=8  λ=0.6  rb  ac_complete  filo  P≈0.002737
20:21:06 | i 27 | [Phase 1/3] decompose  6.40s / — / —  λ=0.6  rb ac_complete
20:23:24 | i 27 | [Phase 2/3] route  138.50s / 138.18s / 100.2%  filo  k=8
20:23:25 | i 26 | [ ASYNC BG] bg_ails  132.52s / 107.40s / 123.4%
20:23:25 | i 27 | [HAOS ROLL] k=8  λ=0.6  rb  ac_complete  filo  P≈0.002737
20:23:25 | i 27 | [ Summary ] cost=3396025.00  Δ_S*=+0.88%  Δ_BKS=+1.27%  Δ_S*_BKS=+0.39%  no_improve=54
20:23:25 | i 28 | [HAOS ROLL] k=32  λ=0.6  rb  kmeans  ails2  P≈0.003641
20:23:32 | i 28 | [Phase 1/3] decompose  7.04s / — / —  λ=0.6  rb kmeans
20:25:07 | i 28 | [Phase 2/3] route  95.36s / 30.30s / 314.7%  ails2  k=32
20:26:11 | i 27 | [ ASYNC BG] bg_ails  165.93s / 141.74s / 117.1%
20:26:11 | i 28 | [HAOS ROLL] k=32  λ=0.6  rb  kmeans  ails2  P≈0.003641
20:26:11 | i 28 | [ Summary ] cost=3381735.00  Δ_S*=+0.45%  Δ_BKS=+0.85%  Δ_S*_BKS=+0.39%  no_improve=56
20:26:11 | i 29 | [HAOS ROLL] k=32  λ=0.6  vb  kmedoids  filo  P≈0.001020
20:26:19 | i 29 | [Phase 1/3] decompose  8.61s / — / —  λ=0.6  vb kmedoids
20:27:57 | i 29 | [Phase 2/3] route  97.28s / 32.40s / 300.3%  filo  k=32
20:28:16 | i 28 | [ ASYNC BG] bg_ails  124.91s / 99.85s / 125.1%
20:28:16 | i 29 | [HAOS ROLL] k=32  λ=0.6  vb  kmedoids  filo  P≈0.001020
20:28:16 | i 29 | [ Summary ] cost=3415008.00  Δ_S*=+1.44%  Δ_BKS=+1.84%  Δ_S*_BKS=+0.39%  no_improve=58
20:28:16 | i 30 | [HAOS ROLL] k=32  λ=0.6  rb  ac_complete  filo2  P≈0.006453
20:28:24 | i 30 | [Phase 1/3] decompose  8.00s / — / —  λ=0.6  rb ac_complete
20:30:11 | i 30 | [Phase 2/3] route  107.28s / 42.96s / 249.7%  filo2  k=32
20:30:24 | i 29 | [ ASYNC BG] bg_ails  128.74s / 102.31s / 125.8%
20:30:25 | i 30 | [HAOS ROLL] k=32  λ=0.6  rb  ac_complete  filo2  P≈0.006453
20:30:25 | i 30 | [ Summary ] cost=3410423.00  Δ_S*=+1.31%  Δ_BKS=+1.70%  Δ_S*_BKS=+0.39%  no_improve=60
20:30:25 | i 31 | [HAOS ROLL] k=8  λ=0.6  rb  kmeans  filo  P≈0.002357
20:30:32 | i 31 | [Phase 1/3] decompose  7.33s / — / —  λ=0.6  rb kmeans
20:32:22 | i 31 | [Phase 2/3] route  110.40s / 109.56s / 100.8%  filo  k=8
20:32:55 | i 30 | [ ASYNC BG] bg_ails  150.35s / 124.41s / 120.9%
20:32:55 | i 31 | [HAOS ROLL] k=8  λ=0.6  rb  kmeans  filo  P≈0.002357
20:32:55 | i 31 | [ Summary ] cost=3400824.00  Δ_S*=+1.02%  Δ_BKS=+1.42%  Δ_S*_BKS=+0.39%  no_improve=62
20:32:55 | i 32 | [HAOS ROLL] k=12  λ=0.0  rb  ac_complete  filo  P≈0.000492
20:33:00 | i 32 | [Phase 1/3] decompose  5.26s / — / —  λ=0.0  rb ac_complete
20:35:19 | i 32 | [Phase 2/3] route  138.97s / 138.18s / 100.6%  filo  k=12
20:35:29 | i 31 | [ ASYNC BG] bg_ails  153.67s / 129.85s / 118.3%
20:35:29 | i 32 | [HAOS ROLL] k=12  λ=0.0  rb  ac_complete  filo  P≈0.000492
20:35:29 | i 32 | [ Summary ] cost=3401848.00  Δ_S*=+1.05%  Δ_BKS=+1.45%  Δ_S*_BKS=+0.39%  no_improve=64
20:35:29 | i 29 | [ASYNC 1/2] sp_sc  9.45s / 720.00s / 1.3%  SC  avg_coverage=5.18/5  pool=10000
20:35:29 | i 29 | [ASYNC 2/2] standard_ails  376.83s / 360.00s / 104.7%
20:37:19 | i 33 | [HAOS ROLL] k=32  λ=0.2  vb  kmeans  filo2  P≈0.000802
20:37:24 | i 33 | [Phase 1/3] decompose  4.41s / — / —  λ=0.2  vb kmeans
20:38:55 | i 33 | [Phase 2/3] route  91.21s / 32.58s / 280.0%  filo2  k=32
20:38:55 | i 33 | [HAOS ROLL] k=32  λ=0.2  vb  kmeans  filo2  P≈0.000802
20:38:55 | i 33 | [ Summary ] cost=3411620.00  Δ_S*=+1.34%  Δ_BKS=+1.74%  Δ_S*_BKS=+0.39%  no_improve=66
20:38:55 | i — | [  FINAL  ] async BG-AILS totals launched=31 applied=31 adopted=1 launch_skipped_cap=2 crashes=0 discarded_in_flight=False block_wait_total_s=1324.7
20:38:55 | i — | [  FINAL  ] async SP/SC totals invocations=5 adopted=0 skipped=0 discarded_in_flight=False sp_busy_frac=0.34539644073437786
20:38:55 | i — | [  FINAL  ] ════════════════════════════════════════
20:38:55 | i — | [  FINAL  ] Run complete  iterations=33  elapsed=02:02:22  best=3366445.00
20:38:55 | i — | [  FINAL  ] Δ_BKS=+0.39%  no_improve_stop=False  time_stop=True  cancelled=False
20:38:55 | i — | [  FINAL  ] 
20:38:55 | i — | [  FINAL  ] [BEST SOLUTION — HAOS TAG SUMMARY]
20:38:55 | i — | [  FINAL  ] ────────────────────────────────────────
20:38:55 | i — | [  FINAL  ]   1812 routes  vb  ac_complete  k=3  λ=0.4  solver=ails2
20:38:55 | i — | [  FINAL  ]   205 routes  vb  kmeans  k=10  λ=0.6  solver=filo
20:38:55 | i — | [  FINAL  ]   6 routes  rb  kmeans  k=32  λ=1.0  solver=ails2
20:38:55 | i — | [  FINAL  ]   2 routes  rb  ac_complete  k=32  λ=0.8  solver=filo
20:38:55 | i — | [  FINAL  ]   2 routes  rb  ac_complete  k=32  λ=0.2  solver=filo2
20:38:55 | i — | [  FINAL  ]   2 routes  rb  ac_complete  k=12  λ=0.6  solver=ails2
20:38:55 | i — | [  FINAL  ]   1 routes  rb  ac_complete  k=32  λ=1.0  solver=filo
20:38:55 | i — | [  FINAL  ]   1 routes  vb  ac_complete  k=2  λ=0.0  solver=filo
20:38:55 | i — | [  FINAL  ]   1 routes  rb  ac_avg  k=3  λ=0.6  solver=filo
20:38:55 | i — | [  FINAL  ]   1 routes  rb  ac_avg  k=4  λ=0.2  solver=ails2
20:38:55 | i — | [  FINAL  ]   1 routes  rb  ac_complete  k=8  λ=1.0  solver=filo2
20:38:55 | i — | [  FINAL  ]   1 routes  vb  ac_avg  k=23  λ=0.6  solver=filo2
20:38:55 | i — | [  FINAL  ] 
20:38:55 | i — | [  FINAL  ] [ROUTE POOL — HAOS TAG SUMMARY]
20:38:55 | i — | [  FINAL  ] ────────────────────────────────────────
20:38:55 | i — | [  FINAL  ]   1812 routes  vb  ac_complete  k=3  λ=0.4  solver=ails2
20:38:55 | i — | [  FINAL  ]   1699 routes  vb  kmeans  k=32  λ=0.2  solver=filo2
20:38:55 | i — | [  FINAL  ]   1064 routes  rb  ac_complete  k=8  λ=0.6  solver=filo
20:38:55 | i — | [  FINAL  ]   919 routes  rb  kmeans  k=32  λ=0.6  solver=ails2
20:38:55 | i — | [  FINAL  ]   868 routes  vb  ac_complete  k=32  λ=0.4  solver=ails2
20:38:55 | i — | [  FINAL  ]   600 routes  vb  kmedoids  k=32  λ=0.6  solver=filo
20:38:55 | i — | [  FINAL  ]   484 routes  rb  ac_complete  k=32  λ=0.2  solver=filo2
20:38:55 | i — | [  FINAL  ]   205 routes  vb  kmeans  k=10  λ=0.6  solver=filo
20:38:55 | i — | [  FINAL  ]   162 routes  rb  kmeans  k=8  λ=0.6  solver=filo
20:38:55 | i — | [  FINAL  ]   134 routes  rb  ac_complete  k=32  λ=0.6  solver=filo2
20:38:55 | i — | [  FINAL  ]   55 routes  rb  ac_complete  k=12  λ=0.0  solver=filo
20:38:55 | i — | [  FINAL  ]   6 routes  rb  kmeans  k=32  λ=1.0  solver=ails2
20:38:55 | i — | [  FINAL  ]   2 routes  rb  ac_complete  k=32  λ=0.8  solver=filo
20:38:55 | i — | [  FINAL  ]   2 routes  rb  ac_complete  k=12  λ=0.6  solver=ails2
20:38:55 | i — | [  FINAL  ]   1 routes  rb  ac_complete  k=32  λ=1.0  solver=filo
20:38:55 | i — | [  FINAL  ]   1 routes  vb  ac_complete  k=2  λ=0.0  solver=filo
20:38:55 | i — | [  FINAL  ]   1 routes  rb  ac_avg  k=3  λ=0.6  solver=filo
20:38:55 | i — | [  FINAL  ]   1 routes  rb  ac_avg  k=4  λ=0.2  solver=ails2
20:38:55 | i — | [  FINAL  ]   1 routes  rb  ac_complete  k=8  λ=1.0  solver=filo2
20:38:55 | i — | [  FINAL  ]   1 routes  vb  ac_avg  k=23  λ=0.6  solver=filo2
20:38:55 | i — | [  FINAL  ]   1982 routes  post-SP/SC improvement
20:38:55 | i — | [  FINAL  ] ════════════════════════════════════════
