05:11:13 | i — | [  INIT   ] ════════════════════════════════════════
05:11:13 | i — | [  INIT   ] DRISPI  instance=X-n7193-k1683  n=7192  capacity=32
05:11:13 | i — | [  INIT   ] k domain (computed at init): [2, 3, 4, 6, 8, 10, 12, 16, 21, 28]  k_ext=28  k_min=1683  k_ext_bound=n_bound  spacing_rejected=0
05:11:13 | i — | [  INIT   ] ══════════════════════════════════════════════════════
05:11:13 | i — | [  INIT   ] CONFIGURATION
05:11:13 | i — | [  INIT   ] ── stopping ────────────────────────────────
05:11:13 | i — | [  INIT   ]   time_limit                  = 7200.0
05:11:13 | i — | [  INIT   ]   max_no_improve              = 1000000000
05:11:13 | i — | [  INIT   ] ── parallelism ─────────────────────────────
05:11:13 | i — | [  INIT   ]   n_workers                   = 8
05:11:13 | i — | [  INIT   ] ── cores ───────────────────────────────────
05:11:13 | i — | [  INIT   ]   cores_total                 = 8
05:11:13 | i — | [  INIT   ]   cores_dri                   = 6
05:11:13 | i — | [  INIT   ]   cores_bg                    = 1
05:11:13 | i — | [  INIT   ]   cores_sp                    = 1
05:11:13 | i — | [  INIT   ]   cores_cpu_list              = None
05:11:13 | i — | [  INIT   ] ── sp/sc ───────────────────────────────────
05:11:13 | i — | [  INIT   ]   sp_sc_mode                  = async
05:11:13 | i — | [  INIT   ]   sp_sc_trigger               = wallclock
05:11:13 | i — | [  INIT   ]   interval_minutes            = 20.0
05:11:13 | i — | [  INIT   ]   overlap_policy              = skip
05:11:13 | i — | [  INIT   ]   warmup_iterations           = 5
05:11:13 | i — | [  INIT   ]   sp_interval                 = 3
05:11:13 | i — | [  INIT   ]   min_coverage                = 5
05:11:13 | i — | [  INIT   ]   sp_time_limit               = 720.0
05:11:13 | i — | [  INIT   ]   mip_gap                     = 0.00025
05:11:13 | i — | [  INIT   ] ── decomposition ───────────────────────────
05:11:13 | i — | [  INIT   ]   decomp_k_base_arms          = [2, 3, 4, 6, 8, 10, 12]
05:11:13 | i — | [  INIT   ]   decomp_k_max_arms           = 10
05:11:13 | i — | [  INIT   ]   decomp_k_ext_per_1000       = 4
05:11:13 | i — | [  INIT   ]   decomp_k_min_routes_per_cluster= 8
05:11:13 | i — | [  INIT   ]   decomp_k_min_arm_spacing    = 2
05:11:13 | i — | [  INIT   ]   subcluster_rate_s_per_customer= 0.06
05:11:13 | i — | [  INIT   ]   subcluster_floor_s          = 5.0
05:11:13 | i — | [  INIT   ] ── bg_ails ─────────────────────────────────
05:11:13 | i — | [  INIT   ]   bg_ails_mode                = async
05:11:13 | i — | [  INIT   ]   bg_ails_crash_threshold     = 1
05:11:13 | i — | [  INIT   ]   bg_ails_budget_mode         = predicted_dr_wall
05:11:13 | i — | [  INIT   ]   bg_ails_budget_floor_s      = 60.0
05:11:13 | i — | [  INIT   ]   bg_ails_budget_margin       = 1.0
05:11:13 | i — | [  INIT   ]   bg_ails_wall_model_scale    = 0.976
05:11:13 | i — | [  INIT   ]   bg_ails_wall_model_wave_exponent= -0.18
05:11:13 | i — | [  INIT   ]   bg_ails_initial_omega       = 10
05:11:13 | i — | [  INIT   ]   bg_ails_boundary_threshold  = 0.5
05:11:13 | i — | [  INIT   ]   bg_ails_small_cluster_cap   = 20
05:11:13 | i — | [  INIT   ]   bg_ails_small_cluster_alpha = 0.5
05:11:13 | i — | [  INIT   ]   bg_ails_pair_selection      = greedy
05:11:13 | i — | [  INIT   ]   bg_ails_n_chains_mode       = k
05:11:13 | i — | [  INIT   ] ── standard_improvement ────────────────────
05:11:13 | i — | [  INIT   ]   standard_improvement_time_limit= 360.0
05:11:13 | i — | [  INIT   ] ── pool ────────────────────────────────────
05:11:13 | i — | [  INIT   ]   max_pool_size               = 10000
05:11:13 | i — | [  INIT   ]   pool_diversity_weight       = 0.5
05:11:13 | i — | [  INIT   ] ── haos ────────────────────────────────────
05:11:13 | i — | [  INIT   ]   haos_decay                  = 0.95
05:11:13 | i — | [  INIT   ]   haos_warmup                 = 10
05:11:13 | i — | [  INIT   ]   haos_starting_weight        = 10.0
05:11:13 | i — | [  INIT   ]   haos_min_weight_k           = 0.025
05:11:13 | i — | [  INIT   ]   haos_min_weight_lambda      = 0.05
05:11:13 | i — | [  INIT   ]   haos_min_weight_paradigm    = 0.1
05:11:13 | i — | [  INIT   ]   haos_min_weight_vertex_method= 0.05
05:11:13 | i — | [  INIT   ]   haos_min_weight_route_method= 0.05
05:11:13 | i — | [  INIT   ]   haos_min_weight_solver      = 0.05
05:11:13 | i — | [  INIT   ]   haos_lambda_demand_values   = [0.0, 0.2, 0.4, 0.6, 0.8, 1.0]
05:11:13 | i — | [  INIT   ]   haos_paradigm_values        = ['vertex', 'route']
05:11:13 | i — | [  INIT   ]   haos_vertex_method_values   = ['kmeans', 'agglomerative_avg', 'agglomerative_complete', 'kmedoids', 'fcm']
05:11:13 | i — | [  INIT   ]   haos_route_method_values    = ['kmeans', 'agglomerative_avg', 'agglomerative_complete']
05:11:13 | i — | [  INIT   ]   haos_solver_values          = ['pyvrp', 'filo', 'filo2', 'ails2']
05:11:13 | i — | [  INIT   ] ── haos_rewards ────────────────────────────
05:11:13 | i — | [  INIT   ]   haos_reward_new_best        = 10.0
05:11:13 | i — | [  INIT   ]   haos_reward_improvement     = 4.0
05:11:13 | i — | [  INIT   ]   haos_reward_no_improvement  = 1.0
05:11:13 | i — | [  INIT   ]   haos_reward_no_solution     = 0.0
05:11:13 | i — | [  INIT   ]   haos_deferred_new_best      = 7.0
05:11:13 | i — | [  INIT   ]   haos_deferred_improvement   = 3.0
05:11:13 | i — | [  INIT   ]   haos_deferred_no_improvement= 0.0
05:11:13 | i — | [  INIT   ] ── seed ────────────────────────────────────
05:11:13 | i — | [  INIT   ]   seed                        = 30
05:11:13 | i — | [  INIT   ] ── output ──────────────────────────────────
05:11:13 | i — | [  INIT   ]   output_dir                  = /app/artifacts/final_benchmark/runs/X-n7193-k1683/seed30
05:11:13 | i — | [  INIT   ]   run_analysis                = False
05:11:13 | i — | [  INIT   ] ══════════════════════════════════════════════════════
05:11:13 | i — | [  INIT   ] BKS=2958205.00
05:11:13 | i — | [  INIT   ] ════════════════════════════════════════
05:11:13 | i 1 | [HAOS ROLL] k=12  λ=1.0  vb  ac_avg  filo  P≈0.000417
05:11:22 | i 1 | [Phase 1/3] decompose  9.15s / — / —  λ=1.0  vb ac_avg
05:13:57 | i 1 | [Phase 2/3] route  155.32s / 133.02s / 116.8%  filo  k=12
05:13:57 | i 1 | [ IMPROVE ] 2992523.00  via decompose_route  ·  Δ_BKS=+1.16%
05:13:57 | i 1 | [HAOS ROLL] k=12  λ=1.0  vb  ac_avg  filo  P≈0.000417
05:13:57 | i 1 | [ Summary ] cost=2992523.00  Δ_S*=+0.00%  Δ_BKS=+1.16%  Δ_S*_BKS=+1.16%  no_improve=0
05:13:57 | i 2 | [HAOS ROLL] k=3  λ=1.0  rb  ac_complete  ails2  P≈0.000694
05:14:01 | i 2 | [Phase 1/3] decompose  3.91s / — / —  λ=1.0  rb ac_complete
05:19:12 | i 2 | [Phase 2/3] route  310.61s / 302.04s / 102.8%  ails2  k=3
05:19:12 | i 1 | [ IMPROVE ] 2962065.00  via bg_ails  ·  Δ_BKS=+0.13%
05:19:12 | i 1 | [ ASYNC BG] bg_ails  225.69s / 208.73s / 108.1%
05:19:12 | i 2 | [HAOS ROLL] k=3  λ=1.0  rb  ac_complete  ails2  P≈0.000694
05:19:12 | i 2 | [ Summary ] cost=2962354.00  Δ_S*=+0.01%  Δ_BKS=+0.14%  Δ_S*_BKS=+0.13%  no_improve=1
05:19:12 | i 3 | [HAOS ROLL] k=21  λ=0.4  vb  ac_complete  filo2  P≈0.000417
05:19:18 | i 3 | [Phase 1/3] decompose  5.36s / — / —  λ=0.4  vb ac_complete
05:21:00 | i 3 | [Phase 2/3] route  102.21s / 96.66s / 105.7%  filo2  k=21
05:24:23 | i 2 | [ IMPROVE ] 2961090.00  via bg_ails  ·  Δ_BKS=+0.10%
05:24:23 | i 2 | [ ASYNC BG] bg_ails  311.01s / 294.79s / 105.5%
05:24:23 | i 3 | [HAOS ROLL] k=21  λ=0.4  vb  ac_complete  filo2  P≈0.000417
05:24:23 | i 3 | [ Summary ] cost=2997631.00  Δ_S*=+1.23%  Δ_BKS=+1.33%  Δ_S*_BKS=+0.10%  no_improve=1
05:24:23 | i 4 | [HAOS ROLL] k=21  λ=0.8  vb  fcm  ails2  P≈0.000417
05:24:29 | i 4 | [Phase 1/3] decompose  5.52s / — / —  λ=0.8  vb fcm
05:25:53 | i 4 | [Phase 2/3] route  84.07s / 31.80s / 264.4%  ails2  k=21
05:27:23 | i 3 | [ ASYNC BG] bg_ails  179.90s / 162.66s / 110.6%
05:27:23 | i 4 | [HAOS ROLL] k=21  λ=0.8  vb  fcm  ails2  P≈0.000417
05:27:23 | i 4 | [ Summary ] cost=2976947.00  Δ_S*=+0.54%  Δ_BKS=+0.63%  Δ_S*_BKS=+0.10%  no_improve=3
05:27:23 | i 5 | [HAOS ROLL] k=4  λ=0.8  vb  ac_complete  ails2  P≈0.000417
05:27:29 | i 5 | [Phase 1/3] decompose  5.34s / — / —  λ=0.8  vb ac_complete
05:30:56 | i 5 | [Phase 2/3] route  207.75s / 203.52s / 102.1%  ails2  k=4
05:30:56 | i 4 | [ ASYNC BG] bg_ails  103.84s / 86.78s / 119.7%
05:30:57 | i 5 | [HAOS ROLL] k=4  λ=0.8  vb  ac_complete  ails2  P≈0.000417
05:30:57 | i 5 | [ Summary ] cost=2961579.00  Δ_S*=+0.02%  Δ_BKS=+0.11%  Δ_S*_BKS=+0.10%  no_improve=5
05:30:57 | i 6 | [HAOS ROLL] k=2  λ=0.0  rb  kmeans  filo  P≈0.000694
05:31:00 | i 6 | [Phase 1/3] decompose  2.89s / — / —  λ=0.0  rb kmeans
05:34:56 | i 6 | [Phase 2/3] route  236.03s / 235.26s / 100.3%  filo  k=2
05:34:56 | i 5 | [ ASYNC BG] bg_ails  215.17s / 198.64s / 108.3%
05:34:56 | i 6 | [HAOS ROLL] k=2  λ=0.0  rb  kmeans  filo  P≈0.000694
05:34:56 | i 6 | [ Summary ] cost=2988052.00  Δ_S*=+0.91%  Δ_BKS=+1.01%  Δ_S*_BKS=+0.10%  no_improve=7
05:34:56 | i 7 | [HAOS ROLL] k=21  λ=0.6  rb  ac_avg  filo  P≈0.000694
05:35:00 | i 7 | [Phase 1/3] decompose  3.87s / — / —  λ=0.6  rb ac_avg
05:37:15 | i 7 | [Phase 2/3] route  135.32s / 98.70s / 137.1%  filo  k=21
05:39:01 | i 6 | [ ASYNC BG] bg_ails  245.21s / 229.61s / 106.8%
05:39:01 | i 7 | [HAOS ROLL] k=21  λ=0.6  rb  ac_avg  filo  P≈0.000694
05:39:01 | i 7 | [ Summary ] cost=2999864.00  Δ_S*=+1.31%  Δ_BKS=+1.41%  Δ_S*_BKS=+0.10%  no_improve=9
05:39:01 | i 8 | [HAOS ROLL] k=8  λ=0.6  rb  ac_complete  filo  P≈0.000694
05:39:05 | i 8 | [Phase 1/3] decompose  3.99s / — / —  λ=0.6  rb ac_complete
05:40:43 | i 8 | [Phase 2/3] route  98.29s / 98.46s / 99.8%  filo  k=8
05:42:13 | i 7 | [ ASYNC BG] bg_ails  191.73s / 174.62s / 109.8%
05:42:13 | i 8 | [HAOS ROLL] k=8  λ=0.6  rb  ac_complete  filo  P≈0.000694
05:42:13 | i 8 | [ Summary ] cost=2994381.00  Δ_S*=+1.12%  Δ_BKS=+1.22%  Δ_S*_BKS=+0.10%  no_improve=11
05:42:13 | i 6 | [ASYNC 1/2] sp_sc  19.55s / 720.00s / 2.7%  SC  avg_coverage=5.97/5  pool=10000
05:42:13 | i 6 | [ASYNC 2/2] standard_ails  372.72s / 360.00s / 103.5%
05:43:49 | i 6 | [ IMPROVE ] 2960783.00  via standard_ails  ·  Δ_BKS=+0.09%
05:43:49 | i 9 | [HAOS ROLL] k=21  λ=0.8  vb  ac_avg  ails2  P≈0.000417
05:43:55 | i 9 | [Phase 1/3] decompose  5.47s / — / —  λ=0.8  vb ac_avg
05:45:56 | i 9 | [Phase 2/3] route  121.47s / 105.30s / 115.4%  ails2  k=21
05:45:56 | i 8 | [ ASYNC BG] bg_ails  120.82s / 103.38s / 116.9%
05:45:56 | i 9 | [HAOS ROLL] k=21  λ=0.8  vb  ac_avg  ails2  P≈0.000417
05:45:57 | i 9 | [ Summary ] cost=2972789.00  Δ_S*=+0.41%  Δ_BKS=+0.49%  Δ_S*_BKS=+0.09%  no_improve=2
05:45:57 | i 10 | [HAOS ROLL] k=16  λ=0.4  rb  ac_avg  filo  P≈0.000694
05:46:00 | i 10 | [Phase 1/3] decompose  3.88s / — / —  λ=0.4  rb ac_avg
05:48:02 | i 10 | [Phase 2/3] route  121.33s / 107.52s / 112.8%  filo  k=16
05:49:16 | i 9 | [ ASYNC BG] bg_ails  200.04s / 182.69s / 109.5%
05:49:16 | i 10 | [HAOS ROLL] k=16  λ=0.4  rb  ac_avg  filo  P≈0.000694
05:49:17 | i 10 | [ Summary ] cost=2995213.00  Δ_S*=+1.16%  Δ_BKS=+1.25%  Δ_S*_BKS=+0.09%  no_improve=4
05:49:17 | i 11 | [HAOS ROLL] k=3  λ=0.8  vb  ac_avg  filo2  P≈0.000417
05:49:22 | i 11 | [Phase 1/3] decompose  5.41s / — / —  λ=0.8  vb ac_avg
05:52:46 | i 11 | [Phase 2/3] route  203.79s / 202.56s / 100.6%  filo2  k=3
05:52:46 | i 10 | [ ASYNC BG] bg_ails  143.71s / 126.67s / 113.5%
05:52:46 | i 11 | [HAOS ROLL] k=3  λ=0.8  vb  ac_avg  filo2  P≈0.000417
05:52:46 | i 11 | [ Summary ] cost=2987812.00  Δ_S*=+0.91%  Δ_BKS=+1.00%  Δ_S*_BKS=+0.09%  no_improve=6
05:52:46 | i 12 | [HAOS ROLL] k=2  λ=1.0  vb  ac_complete  filo  P≈0.000412
05:52:51 | i 12 | [Phase 1/3] decompose  5.32s / — / —  λ=1.0  vb ac_complete
05:56:30 | i 12 | [Phase 2/3] route  218.91s / 217.80s / 100.5%  filo  k=2
05:56:30 | i 11 | [ ASYNC BG] bg_ails  214.35s / 197.70s / 108.4%
05:56:31 | i 12 | [HAOS ROLL] k=2  λ=1.0  vb  ac_complete  filo  P≈0.000412
05:56:31 | i 12 | [ Summary ] cost=2986644.00  Δ_S*=+0.87%  Δ_BKS=+0.96%  Δ_S*_BKS=+0.09%  no_improve=8
05:56:31 | i 13 | [HAOS ROLL] k=4  λ=0.0  rb  ac_complete  pyvrp  P≈0.000457
05:56:34 | i 13 | [Phase 1/3] decompose  2.98s / — / —  λ=0.0  rb ac_complete
05:59:42 | i 13 | [Phase 2/3] route  188.11s / 166.98s / 112.7%  pyvrp  k=4
06:00:20 | i 12 | [ ASYNC BG] bg_ails  229.32s / 212.57s / 107.9%
06:00:20 | i 13 | [HAOS ROLL] k=4  λ=0.0  rb  ac_complete  pyvrp  P≈0.000457
06:00:20 | i 13 | [ Summary ] cost=2982547.00  Δ_S*=+0.74%  Δ_BKS=+0.82%  Δ_S*_BKS=+0.09%  no_improve=10
06:00:20 | i 14 | [HAOS ROLL] k=6  λ=0.4  vb  kmeans  filo2  P≈0.000425
06:00:24 | i 14 | [Phase 1/3] decompose  3.68s / — / —  λ=0.4  vb kmeans
06:02:44 | i 14 | [Phase 2/3] route  140.55s / 139.80s / 100.5%  filo2  k=6
06:03:18 | i 13 | [ ASYNC BG] bg_ails  178.21s / 162.97s / 109.3%
06:03:18 | i 14 | [HAOS ROLL] k=6  λ=0.4  vb  kmeans  filo2  P≈0.000425
06:03:18 | i 14 | [ Summary ] cost=2990053.00  Δ_S*=+0.99%  Δ_BKS=+1.08%  Δ_S*_BKS=+0.09%  no_improve=12
06:03:18 | i 15 | [HAOS ROLL] k=8  λ=0.0  vb  kmeans  ails2  P≈0.000379
06:03:21 | i 15 | [Phase 1/3] decompose  2.82s / — / —  λ=0.0  vb kmeans
06:05:19 | i 15 | [Phase 2/3] route  117.67s / 114.78s / 102.5%  ails2  k=8
06:05:52 | i 14 | [ ASYNC BG] bg_ails  153.50s / 136.44s / 112.5%
06:05:52 | i 15 | [HAOS ROLL] k=8  λ=0.0  vb  kmeans  ails2  P≈0.000379
06:05:52 | i 15 | [ Summary ] cost=2964763.00  Δ_S*=+0.13%  Δ_BKS=+0.22%  Δ_S*_BKS=+0.09%  no_improve=14
06:05:52 | i 12 | [ASYNC 1/2] sp_sc  51.64s / 720.00s / 7.2%  SC  avg_coverage=5.96/5  pool=10000
06:05:52 | i 12 | [ASYNC 2/2] standard_ails  372.98s / 360.00s / 103.6%
06:07:27 | i 16 | [HAOS ROLL] k=12  λ=1.0  vb  kmeans  filo  P≈0.000570
06:07:30 | i 16 | [Phase 1/3] decompose  3.69s / — / —  λ=1.0  vb kmeans
06:08:57 | i 16 | [Phase 2/3] route  86.19s / 83.16s / 103.6%  filo  k=12
06:08:57 | i 15 | [ ASYNC BG] bg_ails  158.31s / 142.31s / 111.2%
06:08:57 | i 16 | [HAOS ROLL] k=12  λ=1.0  vb  kmeans  filo  P≈0.000570
06:08:57 | i 16 | [ Summary ] cost=2994939.00  Δ_S*=+1.15%  Δ_BKS=+1.24%  Δ_S*_BKS=+0.09%  no_improve=17
06:08:57 | i 17 | [HAOS ROLL] k=3  λ=0.8  vb  kmedoids  filo2  P≈0.000497
06:09:04 | i 17 | [Phase 1/3] decompose  7.26s / — / —  λ=0.8  vb kmedoids
06:12:13 | i 17 | [Phase 2/3] route  188.71s / 187.50s / 100.6%  filo2  k=3
06:12:13 | i 16 | [ ASYNC BG] bg_ails  132.41s / 115.32s / 114.8%
06:12:13 | i 17 | [HAOS ROLL] k=3  λ=0.8  vb  kmedoids  filo2  P≈0.000497
06:12:14 | i 17 | [ Summary ] cost=2988277.00  Δ_S*=+0.93%  Δ_BKS=+1.02%  Δ_S*_BKS=+0.09%  no_improve=19
06:12:14 | i 18 | [HAOS ROLL] k=12  λ=1.0  rb  kmeans  filo2  P≈0.000636
06:12:17 | i 18 | [Phase 1/3] decompose  3.82s / — / —  λ=1.0  rb kmeans
06:13:56 | i 18 | [Phase 2/3] route  98.21s / 90.24s / 108.8%  filo2  k=12
06:15:33 | i 17 | [ ASYNC BG] bg_ails  200.08s / 183.00s / 109.3%
06:15:34 | i 18 | [HAOS ROLL] k=12  λ=1.0  rb  kmeans  filo2  P≈0.000636
06:15:34 | i 18 | [ Summary ] cost=2992254.00  Δ_S*=+1.06%  Δ_BKS=+1.15%  Δ_S*_BKS=+0.09%  no_improve=21
06:15:34 | i 19 | [HAOS ROLL] k=12  λ=0.6  vb  kmedoids  filo  P≈0.000616
06:15:38 | i 19 | [Phase 1/3] decompose  4.62s / — / —  λ=0.6  vb kmedoids
06:16:58 | i 19 | [Phase 2/3] route  80.17s / 69.30s / 115.7%  filo  k=12
06:18:10 | i 18 | [ ASYNC BG] bg_ails  156.39s / 139.72s / 111.9%
06:18:10 | i 19 | [HAOS ROLL] k=12  λ=0.6  vb  kmedoids  filo  P≈0.000616
06:18:10 | i 19 | [ Summary ] cost=2998625.00  Δ_S*=+1.28%  Δ_BKS=+1.37%  Δ_S*_BKS=+0.09%  no_improve=23
06:18:10 | i 20 | [HAOS ROLL] k=12  λ=0.6  vb  kmedoids  filo  P≈0.000773
06:18:15 | i 20 | [Phase 1/3] decompose  4.65s / — / —  λ=0.6  vb kmedoids
06:19:35 | i 20 | [Phase 2/3] route  80.16s / 69.30s / 115.7%  filo  k=12
06:20:07 | i 19 | [ ASYNC BG] bg_ails  117.43s / 100.95s / 116.3%
06:20:08 | i 20 | [HAOS ROLL] k=12  λ=0.6  vb  kmedoids  filo  P≈0.000773
06:20:08 | i 20 | [ Summary ] cost=2996899.00  Δ_S*=+1.22%  Δ_BKS=+1.31%  Δ_S*_BKS=+0.09%  no_improve=25
06:20:08 | i 21 | [HAOS ROLL] k=28  λ=0.4  rb  ac_avg  filo  P≈0.000422
06:20:11 | i 21 | [Phase 1/3] decompose  3.94s / — / —  λ=0.4  rb ac_avg
06:22:00 | i 21 | [Phase 2/3] route  108.33s / 107.52s / 100.7%  filo  k=28
06:22:05 | i 20 | [ ASYNC BG] bg_ails  117.67s / 100.95s / 116.6%
06:22:05 | i 21 | [HAOS ROLL] k=28  λ=0.4  rb  ac_avg  filo  P≈0.000422
06:22:05 | i 21 | [ Summary ] cost=3008345.00  Δ_S*=+1.61%  Δ_BKS=+1.69%  Δ_S*_BKS=+0.09%  no_improve=27
06:22:05 | i 22 | [HAOS ROLL] k=2  λ=0.4  rb  ac_complete  ails2  P≈0.000339
06:22:09 | i 22 | [Phase 1/3] decompose  3.79s / — / —  λ=0.4  rb ac_complete
06:26:30 | i 22 | [Phase 2/3] route  261.22s / 255.66s / 102.2%  ails2  k=2
06:26:30 | i 21 | [ ASYNC BG] bg_ails  126.06s / 108.44s / 116.2%
06:26:31 | i 22 | [HAOS ROLL] k=2  λ=0.4  rb  ac_complete  ails2  P≈0.000339
06:26:31 | i 22 | [ Summary ] cost=2961656.00  Δ_S*=+0.03%  Δ_BKS=+0.12%  Δ_S*_BKS=+0.09%  no_improve=29
06:26:31 | i 19 | [ASYNC 1/2] sp_sc  29.97s / 720.00s / 4.2%  SC  avg_coverage=5.97/5  pool=10000
06:26:31 | i 19 | [ASYNC 2/2] standard_ails  372.94s / 360.00s / 103.6%
06:28:07 | i 23 | [HAOS ROLL] k=3  λ=0.6  vb  kmeans  filo  P≈0.001050
06:28:10 | i 23 | [Phase 1/3] decompose  3.74s / — / —  λ=0.6  vb kmeans
06:31:19 | i 23 | [Phase 2/3] route  188.67s / 187.62s / 100.6%  filo  k=3
06:31:19 | i 22 | [ ASYNC BG] bg_ails  265.93s / 249.52s / 106.6%
06:31:19 | i 23 | [HAOS ROLL] k=3  λ=0.6  vb  kmeans  filo  P≈0.001050
06:31:20 | i 23 | [ Summary ] cost=2989154.00  Δ_S*=+0.96%  Δ_BKS=+1.05%  Δ_S*_BKS=+0.09%  no_improve=32
06:31:20 | i 24 | [HAOS ROLL] k=21  λ=0.8  vb  ac_complete  pyvrp  P≈0.000253
06:31:25 | i 24 | [Phase 1/3] decompose  5.29s / — / —  λ=0.8  vb ac_complete
06:33:11 | i 24 | [Phase 2/3] route  106.04s / 54.18s / 195.7%  pyvrp  k=21
06:34:39 | i 23 | [ ASYNC BG] bg_ails  200.16s / 183.12s / 109.3%
06:34:40 | i 24 | [HAOS ROLL] k=21  λ=0.8  vb  ac_complete  pyvrp  P≈0.000253
06:34:40 | i 24 | [ Summary ] cost=2993242.00  Δ_S*=+1.10%  Δ_BKS=+1.18%  Δ_S*_BKS=+0.09%  no_improve=34
06:34:40 | i 25 | [HAOS ROLL] k=3  λ=0.4  rb  ac_complete  filo2  P≈0.000863
06:34:44 | i 25 | [Phase 1/3] decompose  3.82s / — / —  λ=0.4  rb ac_complete
06:39:01 | i 25 | [Phase 2/3] route  257.13s / 255.66s / 100.6%  filo2  k=3
06:39:01 | i 24 | [ ASYNC BG] bg_ails  167.87s / 150.75s / 111.4%
06:39:01 | i 25 | [HAOS ROLL] k=3  λ=0.4  rb  ac_complete  filo2  P≈0.000863
06:39:01 | i 25 | [ Summary ] cost=2983184.00  Δ_S*=+0.76%  Δ_BKS=+0.84%  Δ_S*_BKS=+0.09%  no_improve=36
06:39:01 | i 26 | [HAOS ROLL] k=21  λ=0.8  vb  fcm  pyvrp  P≈0.000267
06:39:07 | i 26 | [Phase 1/3] decompose  5.89s / — / —  λ=0.8  vb fcm
06:40:39 | i 26 | [Phase 2/3] route  91.97s / 38.70s / 237.7%  pyvrp  k=21
06:43:27 | i 25 | [ ASYNC BG] bg_ails  266.30s / 249.52s / 106.7%
06:43:27 | i 26 | [HAOS ROLL] k=21  λ=0.8  vb  fcm  pyvrp  P≈0.000267
06:43:28 | i 26 | [ Summary ] cost=2992768.00  Δ_S*=+1.08%  Δ_BKS=+1.17%  Δ_S*_BKS=+0.09%  no_improve=38
06:43:28 | i 27 | [HAOS ROLL] k=2  λ=0.2  rb  kmeans  ails2  P≈0.000183
06:43:31 | i 27 | [Phase 1/3] decompose  3.82s / — / —  λ=0.2  rb kmeans
06:47:29 | i 27 | [Phase 2/3] route  237.50s / 232.44s / 102.2%  ails2  k=2
06:47:29 | i 26 | [ ASYNC BG] bg_ails  114.80s / 97.64s / 117.6%
06:47:29 | i 27 | [HAOS ROLL] k=2  λ=0.2  rb  kmeans  ails2  P≈0.000183
06:47:29 | i 27 | [ Summary ] cost=2960863.00  Δ_S*=+0.00%  Δ_BKS=+0.09%  Δ_S*_BKS=+0.09%  no_improve=40
06:47:29 | i 25 | [ASYNC 1/2] sp_sc  50.34s / 720.00s / 7.0%  SC  avg_coverage=5.96/5  pool=10000
06:47:29 | i 25 | [ASYNC 2/2] standard_ails  372.92s / 360.00s / 103.6%
06:49:07 | i 28 | [HAOS ROLL] k=12  λ=0.0  vb  ac_complete  ails2  P≈0.000494
06:49:11 | i 28 | [Phase 1/3] decompose  4.42s / — / —  λ=0.0  vb ac_complete
06:50:46 | i 28 | [Phase 2/3] route  94.49s / 91.86s / 102.9%  ails2  k=12
06:51:32 | i 27 | [ ASYNC BG] bg_ails  243.13s / 226.86s / 107.2%
06:51:32 | i 28 | [HAOS ROLL] k=12  λ=0.0  vb  ac_complete  ails2  P≈0.000494
06:51:33 | i 28 | [ Summary ] cost=2967538.00  Δ_S*=+0.23%  Δ_BKS=+0.32%  Δ_S*_BKS=+0.09%  no_improve=43
06:51:33 | i 29 | [HAOS ROLL] k=10  λ=0.0  rb  kmeans  ails2  P≈0.000165
06:51:35 | i 29 | [Phase 1/3] decompose  2.89s / — / —  λ=0.0  rb kmeans
06:54:07 | i 29 | [Phase 2/3] route  151.81s / 120.30s / 126.2%  ails2  k=10
06:54:08 | i 28 | [ ASYNC BG] bg_ails  112.89s / 96.04s / 117.5%
06:54:08 | i 29 | [HAOS ROLL] k=10  λ=0.0  rb  kmeans  ails2  P≈0.000165
06:54:08 | i 29 | [ Summary ] cost=2964167.00  Δ_S*=+0.11%  Δ_BKS=+0.20%  Δ_S*_BKS=+0.09%  no_improve=45
06:54:08 | i 30 | [HAOS ROLL] k=4  λ=0.4  vb  fcm  ails2  P≈0.000384
06:54:12 | i 30 | [Phase 1/3] decompose  4.05s / — / —  λ=0.4  vb fcm
06:56:54 | i 30 | [Phase 2/3] route  161.79s / 158.88s / 101.8%  ails2  k=4
06:57:06 | i 29 | [ ASYNC BG] bg_ails  177.93s / 161.59s / 110.1%
06:57:06 | i 30 | [HAOS ROLL] k=4  λ=0.4  vb  fcm  ails2  P≈0.000384
06:57:06 | i 30 | [ Summary ] cost=2962709.00  Δ_S*=+0.07%  Δ_BKS=+0.15%  Δ_S*_BKS=+0.09%  no_improve=47
06:57:06 | i 31 | [HAOS ROLL] k=12  λ=1.0  vb  fcm  filo  P≈0.001118
06:57:11 | i 31 | [Phase 1/3] decompose  5.34s / — / —  λ=1.0  vb fcm
06:58:56 | i 31 | [Phase 2/3] route  105.38s / 57.06s / 184.7%  filo  k=12
06:59:58 | i 30 | [ ASYNC BG] bg_ails  172.49s / 155.07s / 111.2%
06:59:58 | i 31 | [HAOS ROLL] k=12  λ=1.0  vb  fcm  filo  P≈0.001118
06:59:58 | i 31 | [ Summary ] cost=2997345.00  Δ_S*=+1.23%  Δ_BKS=+1.32%  Δ_S*_BKS=+0.09%  no_improve=49
06:59:58 | i 32 | [HAOS ROLL] k=2  λ=0.6  vb  kmeans  filo2  P≈0.000339
07:00:02 | i 32 | [Phase 1/3] decompose  3.73s / — / —  λ=0.6  vb kmeans
07:03:57 | i 32 | [Phase 2/3] route  235.01s / 233.82s / 100.5%  filo2  k=2
07:03:57 | i 31 | [ ASYNC BG] bg_ails  112.46s / 95.06s / 118.3%
07:03:58 | i 32 | [HAOS ROLL] k=2  λ=0.6  vb  kmeans  filo2  P≈0.000339
07:03:58 | i 32 | [ Summary ] cost=2984757.00  Δ_S*=+0.81%  Δ_BKS=+0.90%  Δ_S*_BKS=+0.09%  no_improve=51
07:03:58 | i 33 | [HAOS ROLL] k=12  λ=0.6  vb  ac_complete  ails2  P≈0.001675
07:04:03 | i 33 | [Phase 1/3] decompose  5.30s / — / —  λ=0.6  vb ac_complete
07:05:50 | i 33 | [Phase 2/3] route  107.17s / 98.28s / 109.0%  ails2  k=12
07:08:03 | i 32 | [ ASYNC BG] bg_ails  245.57s / 228.21s / 107.6%
07:08:03 | i 33 | [HAOS ROLL] k=12  λ=0.6  vb  ac_complete  ails2  P≈0.001675
07:08:03 | i 33 | [ Summary ] cost=2967229.00  Δ_S*=+0.22%  Δ_BKS=+0.31%  Δ_S*_BKS=+0.09%  no_improve=53
07:08:03 | i 34 | [HAOS ROLL] k=2  λ=0.8  vb  fcm  ails2  P≈0.001125
07:08:07 | i 34 | [Phase 1/3] decompose  3.83s / — / —  λ=0.8  vb fcm
07:12:02 | i 34 | [Phase 2/3] route  234.68s / 229.56s / 102.2%  ails2  k=2
07:12:02 | i 33 | [ ASYNC BG] bg_ails  171.92s / 154.81s / 111.1%
07:12:02 | i 34 | [HAOS ROLL] k=2  λ=0.8  vb  fcm  ails2  P≈0.001125
07:12:02 | i 34 | [ Summary ] cost=2961159.00  Δ_S*=+0.01%  Δ_BKS=+0.10%  Δ_S*_BKS=+0.09%  no_improve=55
07:12:02 | i — | [  FINAL  ] async BG-AILS totals launched=33 applied=33 adopted=2 launch_skipped_cap=1 crashes=0 discarded_in_flight=False block_wait_total_s=1382.9
07:12:32 | i — | [  FINAL  ] async SP/SC totals invocations=5 adopted=1 skipped=0 discarded_in_flight=True sp_busy_frac=0.37921143269288565
07:12:32 | i — | [  FINAL  ] ════════════════════════════════════════
07:12:32 | i — | [  FINAL  ] Run complete  iterations=34  elapsed=02:01:19  best=2960783.00
07:12:32 | i — | [  FINAL  ] Δ_BKS=+0.09%  no_improve_stop=False  time_stop=True  cancelled=False
07:12:32 | i — | [  FINAL  ] 
07:12:32 | i — | [  FINAL  ] [BEST SOLUTION — HAOS TAG SUMMARY]
07:12:32 | i — | [  FINAL  ] ────────────────────────────────────────
07:12:32 | i — | [  FINAL  ]   273 routes  vb  ac_avg  k=12  λ=1.0  solver=filo
07:12:32 | i — | [  FINAL  ]   228 routes  rb  ac_complete  k=3  λ=1.0  solver=ails2
07:12:32 | i — | [  FINAL  ]   67 routes  vb  ac_complete  k=21  λ=0.4  solver=filo2
07:12:32 | i — | [  FINAL  ]   55 routes  vb  fcm  k=21  λ=0.8  solver=ails2
07:12:32 | i — | [  FINAL  ]   30 routes  rb  kmeans  k=2  λ=0.0  solver=filo
07:12:32 | i — | [  FINAL  ]   24 routes  rb  ac_avg  k=21  λ=0.6  solver=filo
07:12:32 | i — | [  FINAL  ]   14 routes  vb  ac_complete  k=4  λ=0.8  solver=ails2
07:12:32 | i — | [  FINAL  ]   11 routes  rb  ac_complete  k=8  λ=0.6  solver=filo
07:12:32 | i — | [  FINAL  ]   3 routes  rb  ac_avg  k=16  λ=0.4  solver=filo
07:12:32 | i — | [  FINAL  ]   978 routes  post-SP/SC improvement
07:12:32 | i — | [  FINAL  ] 
07:12:32 | i — | [  FINAL  ] [ROUTE POOL — HAOS TAG SUMMARY]
07:12:32 | i — | [  FINAL  ] ────────────────────────────────────────
07:12:32 | i — | [  FINAL  ]   1336 routes  vb  fcm  k=12  λ=1.0  solver=filo
07:12:32 | i — | [  FINAL  ]   1125 routes  vb  kmeans  k=2  λ=0.6  solver=filo2
07:12:32 | i — | [  FINAL  ]   1091 routes  vb  fcm  k=4  λ=0.4  solver=ails2
07:12:32 | i — | [  FINAL  ]   1072 routes  rb  kmeans  k=10  λ=0.0  solver=ails2
07:12:32 | i — | [  FINAL  ]   1062 routes  vb  ac_complete  k=12  λ=0.0  solver=ails2
07:12:32 | i — | [  FINAL  ]   1029 routes  vb  ac_complete  k=12  λ=0.6  solver=ails2
07:12:32 | i — | [  FINAL  ]   516 routes  vb  fcm  k=2  λ=0.8  solver=ails2
07:12:32 | i — | [  FINAL  ]   510 routes  rb  kmeans  k=2  λ=0.2  solver=ails2
07:12:32 | i — | [  FINAL  ]   273 routes  vb  ac_avg  k=12  λ=1.0  solver=filo
07:12:32 | i — | [  FINAL  ]   228 routes  rb  ac_complete  k=3  λ=1.0  solver=ails2
07:12:32 | i — | [  FINAL  ]   67 routes  vb  ac_complete  k=21  λ=0.4  solver=filo2
07:12:32 | i — | [  FINAL  ]   55 routes  vb  fcm  k=21  λ=0.8  solver=ails2
07:12:32 | i — | [  FINAL  ]   30 routes  rb  kmeans  k=2  λ=0.0  solver=filo
07:12:32 | i — | [  FINAL  ]   24 routes  rb  ac_avg  k=21  λ=0.6  solver=filo
07:12:32 | i — | [  FINAL  ]   14 routes  vb  ac_complete  k=4  λ=0.8  solver=ails2
07:12:32 | i — | [  FINAL  ]   11 routes  rb  ac_complete  k=8  λ=0.6  solver=filo
07:12:32 | i — | [  FINAL  ]   3 routes  rb  ac_avg  k=16  λ=0.4  solver=filo
07:12:32 | i — | [  FINAL  ]   1554 routes  post-SP/SC improvement
07:12:32 | i — | [  FINAL  ] ════════════════════════════════════════
