20:42:34 | i — | [  INIT   ] ════════════════════════════════════════
20:42:34 | i — | [  INIT   ] DRISPI  instance=X-n2121-k186  n=2120  capacity=62
20:42:34 | i — | [  INIT   ] k domain (computed at init): [2, 3, 4, 6, 8, 10, 12]  k_ext=8  k_min=186  k_ext_bound=n_bound  spacing_rejected=0
20:42:34 | i — | [  INIT   ] ══════════════════════════════════════════════════════
20:42:34 | i — | [  INIT   ] CONFIGURATION
20:42:34 | i — | [  INIT   ] ── stopping ────────────────────────────────
20:42:34 | i — | [  INIT   ]   time_limit                  = 7200.0
20:42:34 | i — | [  INIT   ]   max_no_improve              = 1000000000
20:42:34 | i — | [  INIT   ] ── parallelism ─────────────────────────────
20:42:34 | i — | [  INIT   ]   n_workers                   = 8
20:42:34 | i — | [  INIT   ] ── cores ───────────────────────────────────
20:42:34 | i — | [  INIT   ]   cores_total                 = 8
20:42:34 | i — | [  INIT   ]   cores_dri                   = 6
20:42:34 | i — | [  INIT   ]   cores_bg                    = 1
20:42:34 | i — | [  INIT   ]   cores_sp                    = 1
20:42:34 | i — | [  INIT   ]   cores_cpu_list              = None
20:42:34 | i — | [  INIT   ] ── sp/sc ───────────────────────────────────
20:42:34 | i — | [  INIT   ]   sp_sc_mode                  = async
20:42:34 | i — | [  INIT   ]   sp_sc_trigger               = wallclock
20:42:34 | i — | [  INIT   ]   interval_minutes            = 20.0
20:42:34 | i — | [  INIT   ]   overlap_policy              = skip
20:42:34 | i — | [  INIT   ]   warmup_iterations           = 5
20:42:34 | i — | [  INIT   ]   sp_interval                 = 3
20:42:34 | i — | [  INIT   ]   min_coverage                = 5
20:42:34 | i — | [  INIT   ]   sp_time_limit               = 720.0
20:42:34 | i — | [  INIT   ]   mip_gap                     = 0.00025
20:42:34 | i — | [  INIT   ] ── decomposition ───────────────────────────
20:42:34 | i — | [  INIT   ]   decomp_k_base_arms          = [2, 3, 4, 6, 8, 10, 12]
20:42:34 | i — | [  INIT   ]   decomp_k_max_arms           = 10
20:42:34 | i — | [  INIT   ]   decomp_k_ext_per_1000       = 4
20:42:34 | i — | [  INIT   ]   decomp_k_min_routes_per_cluster= 8
20:42:34 | i — | [  INIT   ]   decomp_k_min_arm_spacing    = 2
20:42:34 | i — | [  INIT   ]   subcluster_rate_s_per_customer= 0.06
20:42:34 | i — | [  INIT   ]   subcluster_floor_s          = 5.0
20:42:34 | i — | [  INIT   ] ── bg_ails ─────────────────────────────────
20:42:34 | i — | [  INIT   ]   bg_ails_mode                = async
20:42:34 | i — | [  INIT   ]   bg_ails_crash_threshold     = 1
20:42:34 | i — | [  INIT   ]   bg_ails_budget_mode         = predicted_dr_wall
20:42:34 | i — | [  INIT   ]   bg_ails_budget_floor_s      = 60.0
20:42:34 | i — | [  INIT   ]   bg_ails_budget_margin       = 1.0
20:42:34 | i — | [  INIT   ]   bg_ails_wall_model_scale    = 0.976
20:42:34 | i — | [  INIT   ]   bg_ails_wall_model_wave_exponent= -0.18
20:42:34 | i — | [  INIT   ]   bg_ails_initial_omega       = 10
20:42:34 | i — | [  INIT   ]   bg_ails_boundary_threshold  = 0.5
20:42:34 | i — | [  INIT   ]   bg_ails_small_cluster_cap   = 20
20:42:34 | i — | [  INIT   ]   bg_ails_small_cluster_alpha = 0.5
20:42:34 | i — | [  INIT   ]   bg_ails_pair_selection      = greedy
20:42:34 | i — | [  INIT   ]   bg_ails_n_chains_mode       = k
20:42:34 | i — | [  INIT   ] ── standard_improvement ────────────────────
20:42:34 | i — | [  INIT   ]   standard_improvement_time_limit= 360.0
20:42:34 | i — | [  INIT   ] ── pool ────────────────────────────────────
20:42:34 | i — | [  INIT   ]   max_pool_size               = 10000
20:42:34 | i — | [  INIT   ]   pool_diversity_weight       = 0.5
20:42:34 | i — | [  INIT   ] ── haos ────────────────────────────────────
20:42:34 | i — | [  INIT   ]   haos_decay                  = 0.95
20:42:34 | i — | [  INIT   ]   haos_warmup                 = 10
20:42:34 | i — | [  INIT   ]   haos_starting_weight        = 10.0
20:42:34 | i — | [  INIT   ]   haos_min_weight_k           = 0.025
20:42:34 | i — | [  INIT   ]   haos_min_weight_lambda      = 0.05
20:42:34 | i — | [  INIT   ]   haos_min_weight_paradigm    = 0.1
20:42:34 | i — | [  INIT   ]   haos_min_weight_vertex_method= 0.05
20:42:34 | i — | [  INIT   ]   haos_min_weight_route_method= 0.05
20:42:34 | i — | [  INIT   ]   haos_min_weight_solver      = 0.05
20:42:34 | i — | [  INIT   ]   haos_lambda_demand_values   = [0.0, 0.2, 0.4, 0.6, 0.8, 1.0]
20:42:34 | i — | [  INIT   ]   haos_paradigm_values        = ['vertex', 'route']
20:42:34 | i — | [  INIT   ]   haos_vertex_method_values   = ['kmeans', 'agglomerative_avg', 'agglomerative_complete', 'kmedoids', 'fcm']
20:42:34 | i — | [  INIT   ]   haos_route_method_values    = ['kmeans', 'agglomerative_avg', 'agglomerative_complete']
20:42:34 | i — | [  INIT   ]   haos_solver_values          = ['pyvrp', 'filo', 'filo2', 'ails2']
20:42:34 | i — | [  INIT   ] ── haos_rewards ────────────────────────────
20:42:34 | i — | [  INIT   ]   haos_reward_new_best        = 10.0
20:42:34 | i — | [  INIT   ]   haos_reward_improvement     = 4.0
20:42:34 | i — | [  INIT   ]   haos_reward_no_improvement  = 1.0
20:42:34 | i — | [  INIT   ]   haos_reward_no_solution     = 0.0
20:42:34 | i — | [  INIT   ]   haos_deferred_new_best      = 7.0
20:42:34 | i — | [  INIT   ]   haos_deferred_improvement   = 3.0
20:42:34 | i — | [  INIT   ]   haos_deferred_no_improvement= 0.0
20:42:34 | i — | [  INIT   ] ── seed ────────────────────────────────────
20:42:34 | i — | [  INIT   ]   seed                        = 30
20:42:34 | i — | [  INIT   ] ── output ──────────────────────────────────
20:42:34 | i — | [  INIT   ]   output_dir                  = /app/artifacts/final_benchmark/runs/X-n2121-k186/seed30
20:42:34 | i — | [  INIT   ]   run_analysis                = False
20:42:34 | i — | [  INIT   ] ══════════════════════════════════════════════════════
20:42:34 | i — | [  INIT   ] BKS=283105.00
20:42:34 | i — | [  INIT   ] ════════════════════════════════════════
20:42:34 | i 1 | [HAOS ROLL] k=8  λ=1.0  vb  ac_avg  filo  P≈0.000595
20:42:38 | i 1 | [Phase 1/3] decompose  3.68s / — / —  λ=1.0  vb ac_avg
20:43:24 | i 1 | [Phase 2/3] route  46.34s / 46.02s / 100.7%  filo  k=8
20:43:24 | i 1 | [ IMPROVE ] 288829.00  via decompose_route  ·  Δ_BKS=+2.02%
20:43:24 | i 1 | [HAOS ROLL] k=8  λ=1.0  vb  ac_avg  filo  P≈0.000595
20:43:24 | i 1 | [ Summary ] cost=288829.00  Δ_S*=+0.00%  Δ_BKS=+2.02%  Δ_S*_BKS=+2.02%  no_improve=0
20:43:24 | i 2 | [HAOS ROLL] k=3  λ=1.0  rb  ac_complete  ails2  P≈0.000992
20:43:25 | i 2 | [Phase 1/3] decompose  0.36s / — / —  λ=1.0  rb ac_complete
20:44:29 | i 2 | [Phase 2/3] route  64.89s / 63.54s / 102.1%  ails2  k=3
20:44:29 | i 1 | [ IMPROVE ] 284033.00  via bg_ails  ·  Δ_BKS=+0.33%
20:44:29 | i 1 | [ ASYNC BG] bg_ails  63.53s / 60.00s / 105.9%
20:44:29 | i 2 | [HAOS ROLL] k=3  λ=1.0  rb  ac_complete  ails2  P≈0.000992
20:44:29 | i 2 | [ Summary ] cost=285878.00  Δ_S*=+0.65%  Δ_BKS=+0.98%  Δ_S*_BKS=+0.33%  no_improve=1
20:44:29 | i 3 | [HAOS ROLL] k=10  λ=0.4  vb  ac_complete  filo2  P≈0.000595
20:44:30 | i 3 | [Phase 1/3] decompose  0.42s / — / —  λ=0.4  vb ac_complete
20:45:03 | i 3 | [Phase 2/3] route  33.08s / 33.36s / 99.1%  filo2  k=10
20:45:35 | i 2 | [ IMPROVE ] 283955.00  via bg_ails  ·  Δ_BKS=+0.30%
20:45:35 | i 2 | [ ASYNC BG] bg_ails  65.58s / 62.02s / 105.7%
20:45:35 | i 3 | [HAOS ROLL] k=10  λ=0.4  vb  ac_complete  filo2  P≈0.000595
20:45:35 | i 3 | [ Summary ] cost=288753.00  Δ_S*=+1.69%  Δ_BKS=+2.00%  Δ_S*_BKS=+0.30%  no_improve=1
20:45:35 | i 4 | [HAOS ROLL] k=10  λ=0.8  vb  fcm  ails2  P≈0.000595
20:45:36 | i 4 | [Phase 1/3] decompose  0.56s / — / —  λ=0.8  vb fcm
20:46:05 | i 4 | [Phase 2/3] route  29.77s / 20.64s / 144.2%  ails2  k=10
20:46:39 | i 3 | [ ASYNC BG] bg_ails  63.56s / 60.00s / 105.9%
20:46:39 | i 4 | [HAOS ROLL] k=10  λ=0.8  vb  fcm  ails2  P≈0.000595
20:46:39 | i 4 | [ Summary ] cost=291356.00  Δ_S*=+2.61%  Δ_BKS=+2.91%  Δ_S*_BKS=+0.30%  no_improve=3
20:46:39 | i 5 | [HAOS ROLL] k=3  λ=0.8  vb  ac_complete  ails2  P≈0.000595
20:46:39 | i 5 | [Phase 1/3] decompose  0.47s / — / —  λ=0.8  vb ac_complete
20:47:37 | i 5 | [Phase 2/3] route  57.71s / 56.46s / 102.2%  ails2  k=3
20:47:42 | i 4 | [ ASYNC BG] bg_ails  63.58s / 60.00s / 106.0%
20:47:42 | i 5 | [HAOS ROLL] k=3  λ=0.8  vb  ac_complete  ails2  P≈0.000595
20:47:42 | i 5 | [ Summary ] cost=284761.00  Δ_S*=+0.28%  Δ_BKS=+0.58%  Δ_S*_BKS=+0.30%  no_improve=5
20:47:42 | i 6 | [HAOS ROLL] k=2  λ=0.0  rb  kmeans  filo  P≈0.000992
20:47:42 | i 6 | [Phase 1/3] decompose  0.30s / — / —  λ=0.0  rb kmeans
20:48:49 | i 6 | [Phase 2/3] route  66.12s / 65.94s / 100.3%  filo  k=2
20:48:49 | i 5 | [ ASYNC BG] bg_ails  63.66s / 60.00s / 106.1%
20:48:49 | i 6 | [HAOS ROLL] k=2  λ=0.0  rb  kmeans  filo  P≈0.000992
20:48:49 | i 6 | [ Summary ] cost=285590.00  Δ_S*=+0.58%  Δ_BKS=+0.88%  Δ_S*_BKS=+0.30%  no_improve=7
20:48:49 | i 7 | [HAOS ROLL] k=10  λ=0.6  rb  ac_avg  filo  P≈0.000992
20:48:49 | i 7 | [Phase 1/3] decompose  0.33s / — / —  λ=0.6  rb ac_avg
20:49:39 | i 7 | [Phase 2/3] route  50.09s / 49.74s / 100.7%  filo  k=10
20:49:56 | i 6 | [ IMPROVE ] 283864.00  via bg_ails  ·  Δ_BKS=+0.27%
20:49:56 | i 6 | [ ASYNC BG] bg_ails  67.49s / 64.36s / 104.9%
20:49:56 | i 7 | [HAOS ROLL] k=10  λ=0.6  rb  ac_avg  filo  P≈0.000992
20:49:56 | i 7 | [ Summary ] cost=284472.00  Δ_S*=+0.21%  Δ_BKS=+0.48%  Δ_S*_BKS=+0.27%  no_improve=1
20:49:56 | i 8 | [HAOS ROLL] k=6  λ=0.6  rb  ac_complete  filo  P≈0.000992
20:49:57 | i 8 | [Phase 1/3] decompose  0.35s / — / —  λ=0.6  rb ac_complete
20:50:41 | i 8 | [Phase 2/3] route  44.09s / 43.68s / 100.9%  filo  k=6
20:51:00 | i 7 | [ ASYNC BG] bg_ails  63.56s / 60.00s / 105.9%
20:51:00 | i 8 | [HAOS ROLL] k=6  λ=0.6  rb  ac_complete  filo  P≈0.000992
20:51:00 | i 8 | [ Summary ] cost=284378.00  Δ_S*=+0.18%  Δ_BKS=+0.45%  Δ_S*_BKS=+0.27%  no_improve=3
20:51:00 | i 9 | [HAOS ROLL] k=10  λ=0.8  vb  ac_avg  ails2  P≈0.000595
20:51:00 | i 9 | [Phase 1/3] decompose  0.47s / — / —  λ=0.8  vb ac_avg
20:51:48 | i 9 | [Phase 2/3] route  48.03s / 46.02s / 104.4%  ails2  k=10
20:52:03 | i 8 | [ ASYNC BG] bg_ails  63.61s / 60.00s / 106.0%
20:52:03 | i 9 | [HAOS ROLL] k=10  λ=0.8  vb  ac_avg  ails2  P≈0.000595
20:52:03 | i 9 | [ Summary ] cost=290849.00  Δ_S*=+2.46%  Δ_BKS=+2.74%  Δ_S*_BKS=+0.27%  no_improve=5
20:52:03 | i 10 | [HAOS ROLL] k=10  λ=0.4  rb  ac_avg  filo  P≈0.000992
20:52:04 | i 10 | [Phase 1/3] decompose  0.37s / — / —  λ=0.4  rb ac_avg
20:52:52 | i 10 | [Phase 2/3] route  48.10s / 48.36s / 99.5%  filo  k=10
20:53:07 | i 9 | [ ASYNC BG] bg_ails  63.44s / 60.00s / 105.7%
20:53:07 | i 10 | [HAOS ROLL] k=10  λ=0.4  rb  ac_avg  filo  P≈0.000992
20:53:07 | i 10 | [ Summary ] cost=284343.00  Δ_S*=+0.17%  Δ_BKS=+0.44%  Δ_S*_BKS=+0.27%  no_improve=7
20:53:07 | i 11 | [HAOS ROLL] k=2  λ=0.8  vb  ac_avg  filo2  P≈0.000595
20:53:07 | i 11 | [Phase 1/3] decompose  0.47s / — / —  λ=0.8  vb ac_avg
20:54:15 | i 11 | [Phase 2/3] route  68.13s / 68.04s / 100.1%  filo2  k=2
20:54:15 | i 10 | [ ASYNC BG] bg_ails  63.60s / 60.00s / 106.0%
20:54:15 | i 11 | [HAOS ROLL] k=2  λ=0.8  vb  ac_avg  filo2  P≈0.000595
20:54:15 | i 11 | [ Summary ] cost=284677.00  Δ_S*=+0.29%  Δ_BKS=+0.56%  Δ_S*_BKS=+0.27%  no_improve=9
20:54:15 | i 12 | [HAOS ROLL] k=2  λ=1.0  vb  ac_complete  filo  P≈0.000614
20:54:16 | i 12 | [Phase 1/3] decompose  0.46s / — / —  λ=1.0  vb ac_complete
20:55:46 | i 12 | [Phase 2/3] route  90.19s / 89.82s / 100.4%  filo  k=2
20:55:46 | i 11 | [ ASYNC BG] bg_ails  69.48s / 66.41s / 104.6%
20:55:46 | i 12 | [HAOS ROLL] k=2  λ=1.0  vb  ac_complete  filo  P≈0.000614
20:55:46 | i 12 | [ Summary ] cost=284972.00  Δ_S*=+0.39%  Δ_BKS=+0.66%  Δ_S*_BKS=+0.27%  no_improve=11
20:55:46 | i 6 | [ASYNC 1/2] sp_sc  7.74s / 720.00s / 1.1%  SC  avg_coverage=10.13/5  pool=1898
20:55:46 | i 6 | [ASYNC 2/2] standard_ails  363.25s / 360.00s / 100.9%
20:55:52 | i 6 | [ IMPROVE ] 283673.00  via standard_ails  ·  Δ_BKS=+0.20%
20:55:52 | i 13 | [HAOS ROLL] k=3  λ=0.0  rb  ac_complete  pyvrp  P≈0.000638
20:55:52 | i 13 | [Phase 1/3] decompose  0.23s / — / —  λ=0.0  rb ac_complete
20:56:55 | i 13 | [Phase 2/3] route  62.53s / 59.70s / 104.7%  pyvrp  k=3
20:57:17 | i 12 | [ ASYNC BG] bg_ails  90.66s / 87.66s / 103.4%
20:57:17 | i 13 | [HAOS ROLL] k=3  λ=0.0  rb  ac_complete  pyvrp  P≈0.000638
20:57:17 | i 13 | [ Summary ] cost=288866.00  Δ_S*=+1.83%  Δ_BKS=+2.03%  Δ_S*_BKS=+0.20%  no_improve=2
20:57:17 | i 14 | [HAOS ROLL] k=4  λ=0.6  vb  kmeans  filo2  P≈0.000328
20:57:17 | i 14 | [Phase 1/3] decompose  0.33s / — / —  λ=0.6  vb kmeans
20:58:08 | i 14 | [Phase 2/3] route  51.09s / 50.94s / 100.3%  filo2  k=4
20:58:20 | i 13 | [ ASYNC BG] bg_ails  63.36s / 60.00s / 105.6%
20:58:20 | i 14 | [HAOS ROLL] k=4  λ=0.6  vb  kmeans  filo2  P≈0.000328
20:58:20 | i 14 | [ Summary ] cost=286445.00  Δ_S*=+0.98%  Δ_BKS=+1.18%  Δ_S*_BKS=+0.20%  no_improve=4
20:58:20 | i 15 | [HAOS ROLL] k=6  λ=0.0  vb  ac_avg  ails2  P≈0.000558
20:58:21 | i 15 | [Phase 1/3] decompose  0.38s / — / —  λ=0.0  vb ac_avg
20:59:12 | i 15 | [Phase 2/3] route  51.15s / 49.74s / 102.8%  ails2  k=6
20:59:24 | i 14 | [ ASYNC BG] bg_ails  63.43s / 60.00s / 105.7%
20:59:24 | i 15 | [HAOS ROLL] k=6  λ=0.0  vb  ac_avg  ails2  P≈0.000558
20:59:24 | i 15 | [ Summary ] cost=287845.00  Δ_S*=+1.47%  Δ_BKS=+1.67%  Δ_S*_BKS=+0.20%  no_improve=6
20:59:24 | i 16 | [HAOS ROLL] k=8  λ=1.0  vb  kmeans  filo  P≈0.001372
20:59:24 | i 16 | [Phase 1/3] decompose  0.33s / — / —  λ=1.0  vb kmeans
20:59:53 | i 16 | [Phase 2/3] route  29.09s / 29.04s / 100.2%  filo  k=8
21:00:27 | i 15 | [ ASYNC BG] bg_ails  63.38s / 60.00s / 105.6%
21:00:27 | i 16 | [HAOS ROLL] k=8  λ=1.0  vb  kmeans  filo  P≈0.001372
21:00:27 | i 16 | [ Summary ] cost=289636.00  Δ_S*=+2.10%  Δ_BKS=+2.31%  Δ_S*_BKS=+0.20%  no_improve=8
21:00:27 | i 17 | [HAOS ROLL] k=3  λ=0.8  rb  ac_complete  filo2  P≈0.001069
21:00:27 | i 17 | [Phase 1/3] decompose  0.33s / — / —  λ=0.8  rb ac_complete
21:01:28 | i 17 | [Phase 2/3] route  60.11s / 59.70s / 100.7%  filo2  k=3
21:01:31 | i 16 | [ ASYNC BG] bg_ails  63.57s / 60.00s / 106.0%
21:01:31 | i 17 | [HAOS ROLL] k=3  λ=0.8  rb  ac_complete  filo2  P≈0.001069
21:01:31 | i 17 | [ Summary ] cost=284503.00  Δ_S*=+0.29%  Δ_BKS=+0.49%  Δ_S*_BKS=+0.20%  no_improve=10
21:01:31 | i 18 | [HAOS ROLL] k=8  λ=1.0  rb  kmeans  filo2  P≈0.001195
21:01:31 | i 18 | [Phase 1/3] decompose  0.34s / — / —  λ=1.0  rb kmeans
21:02:07 | i 18 | [Phase 2/3] route  36.09s / 26.04s / 138.6%  filo2  k=8
21:02:34 | i 17 | [ ASYNC BG] bg_ails  63.41s / 60.00s / 105.7%
21:02:34 | i 18 | [HAOS ROLL] k=8  λ=1.0  rb  kmeans  filo2  P≈0.001195
21:02:34 | i 18 | [ Summary ] cost=284154.00  Δ_S*=+0.17%  Δ_BKS=+0.37%  Δ_S*_BKS=+0.20%  no_improve=12
21:02:34 | i 19 | [HAOS ROLL] k=8  λ=0.6  vb  kmedoids  filo  P≈0.000868
21:02:35 | i 19 | [Phase 1/3] decompose  0.61s / — / —  λ=0.6  vb kmedoids
21:03:05 | i 19 | [Phase 2/3] route  30.08s / 28.50s / 105.5%  filo  k=8
21:03:37 | i 18 | [ ASYNC BG] bg_ails  63.49s / 60.00s / 105.8%
21:03:38 | i 19 | [HAOS ROLL] k=8  λ=0.6  vb  kmedoids  filo  P≈0.000868
21:03:38 | i 19 | [ Summary ] cost=288851.00  Δ_S*=+1.83%  Δ_BKS=+2.03%  Δ_S*_BKS=+0.20%  no_improve=14
21:03:38 | i 20 | [HAOS ROLL] k=8  λ=0.6  vb  kmedoids  filo  P≈0.001032
21:03:38 | i 20 | [Phase 1/3] decompose  0.41s / — / —  λ=0.6  vb kmedoids
21:04:08 | i 20 | [Phase 2/3] route  30.08s / 28.50s / 105.6%  filo  k=8
21:04:41 | i 19 | [ ASYNC BG] bg_ails  63.53s / 60.00s / 105.9%
21:04:41 | i 20 | [HAOS ROLL] k=8  λ=0.6  vb  kmedoids  filo  P≈0.001032
21:04:41 | i 20 | [ Summary ] cost=288759.00  Δ_S*=+1.79%  Δ_BKS=+2.00%  Δ_S*_BKS=+0.20%  no_improve=16
21:04:41 | i 21 | [HAOS ROLL] k=12  λ=0.4  rb  ac_avg  filo  P≈0.000483
21:04:41 | i 21 | [Phase 1/3] decompose  0.33s / — / —  λ=0.4  rb ac_avg
21:05:17 | i 21 | [Phase 2/3] route  35.09s / 22.56s / 155.6%  filo  k=12
21:05:45 | i 20 | [ ASYNC BG] bg_ails  63.49s / 60.00s / 105.8%
21:05:45 | i 21 | [HAOS ROLL] k=12  λ=0.4  rb  ac_avg  filo  P≈0.000483
21:05:45 | i 21 | [ Summary ] cost=284135.00  Δ_S*=+0.16%  Δ_BKS=+0.36%  Δ_S*_BKS=+0.20%  no_improve=18
21:05:45 | i 22 | [HAOS ROLL] k=2  λ=0.4  rb  ac_complete  ails2  P≈0.000417
21:05:45 | i 22 | [Phase 1/3] decompose  0.33s / — / —  λ=0.4  rb ac_complete
21:07:02 | i 22 | [Phase 2/3] route  76.98s / 75.30s / 102.2%  ails2  k=2
21:07:02 | i 21 | [ ASYNC BG] bg_ails  63.68s / 60.00s / 106.1%
21:07:02 | i 22 | [HAOS ROLL] k=2  λ=0.4  rb  ac_complete  ails2  P≈0.000417
21:07:02 | i 22 | [ Summary ] cost=283739.00  Δ_S*=+0.02%  Δ_BKS=+0.22%  Δ_S*_BKS=+0.20%  no_improve=20
21:07:02 | i 23 | [HAOS ROLL] k=3  λ=0.6  vb  kmeans  filo  P≈0.001555
21:07:02 | i 23 | [Phase 1/3] decompose  0.32s / — / —  λ=0.6  vb kmeans
21:08:01 | i 23 | [Phase 2/3] route  59.10s / 58.80s / 100.5%  filo  k=3
21:08:19 | i 22 | [ ASYNC BG] bg_ails  76.58s / 73.49s / 104.2%
21:08:19 | i 23 | [HAOS ROLL] k=3  λ=0.6  vb  kmeans  filo  P≈0.001555
21:08:19 | i 23 | [ Summary ] cost=285534.00  Δ_S*=+0.66%  Δ_BKS=+0.86%  Δ_S*_BKS=+0.20%  no_improve=22
21:08:19 | i 24 | [HAOS ROLL] k=12  λ=0.6  vb  ac_complete  pyvrp  P≈0.000262
21:08:19 | i 24 | [Phase 1/3] decompose  0.45s / — / —  λ=0.6  vb ac_complete
21:09:02 | i 24 | [Phase 2/3] route  43.16s / 27.48s / 157.1%  pyvrp  k=12
21:09:22 | i 23 | [ ASYNC BG] bg_ails  63.45s / 60.00s / 105.7%
21:09:22 | i 24 | [HAOS ROLL] k=12  λ=0.6  vb  ac_complete  pyvrp  P≈0.000262
21:09:22 | i 24 | [ Summary ] cost=293230.00  Δ_S*=+3.37%  Δ_BKS=+3.58%  Δ_S*_BKS=+0.20%  no_improve=24
21:09:22 | i 25 | [HAOS ROLL] k=3  λ=0.4  rb  ac_complete  filo2  P≈0.001991
21:09:23 | i 25 | [Phase 1/3] decompose  0.33s / — / —  λ=0.4  rb ac_complete
21:10:23 | i 25 | [Phase 2/3] route  60.12s / 59.70s / 100.7%  filo2  k=3
21:10:26 | i 24 | [ ASYNC BG] bg_ails  63.53s / 60.00s / 105.9%
21:10:26 | i 25 | [HAOS ROLL] k=3  λ=0.4  rb  ac_complete  filo2  P≈0.001991
21:10:26 | i 25 | [ Summary ] cost=284546.00  Δ_S*=+0.31%  Δ_BKS=+0.51%  Δ_S*_BKS=+0.20%  no_improve=26
21:10:26 | i 26 | [HAOS ROLL] k=12  λ=0.8  vb  fcm  pyvrp  P≈0.000217
21:10:26 | i 26 | [Phase 1/3] decompose  0.57s / — / —  λ=0.8  vb fcm
21:10:53 | i 26 | [Phase 2/3] route  26.37s / 17.22s / 153.1%  pyvrp  k=12
21:11:29 | i 25 | [ ASYNC BG] bg_ails  63.54s / 60.00s / 105.9%
21:11:29 | i 26 | [HAOS ROLL] k=12  λ=0.8  vb  fcm  pyvrp  P≈0.000217
21:11:29 | i 26 | [ Summary ] cost=294488.00  Δ_S*=+3.81%  Δ_BKS=+4.02%  Δ_S*_BKS=+0.20%  no_improve=28
21:11:29 | i 27 | [HAOS ROLL] k=2  λ=0.2  rb  kmeans  ails2  P≈0.000302
21:11:30 | i 27 | [Phase 1/3] decompose  0.34s / — / —  λ=0.2  rb kmeans
21:12:38 | i 27 | [Phase 2/3] route  68.84s / 67.74s / 101.6%  ails2  k=2
21:12:38 | i 26 | [ ASYNC BG] bg_ails  63.54s / 60.00s / 105.9%
21:12:38 | i 27 | [HAOS ROLL] k=2  λ=0.2  rb  kmeans  ails2  P≈0.000302
21:12:38 | i 27 | [ Summary ] cost=283679.00  Δ_S*=+0.00%  Δ_BKS=+0.20%  Δ_S*_BKS=+0.20%  no_improve=30
21:12:38 | i 28 | [HAOS ROLL] k=8  λ=0.0  vb  ac_complete  ails2  P≈0.000419
21:12:39 | i 28 | [Phase 1/3] decompose  0.37s / — / —  λ=0.0  vb ac_complete
21:13:14 | i 28 | [Phase 2/3] route  34.73s / 33.72s / 103.0%  ails2  k=8
21:13:48 | i 27 | [ ASYNC BG] bg_ails  69.62s / 66.11s / 105.3%
21:13:48 | i 28 | [HAOS ROLL] k=8  λ=0.0  vb  ac_complete  ails2  P≈0.000419
21:13:48 | i 28 | [ Summary ] cost=288986.00  Δ_S*=+1.87%  Δ_BKS=+2.08%  Δ_S*_BKS=+0.20%  no_improve=32
21:13:48 | i 29 | [HAOS ROLL] k=6  λ=0.0  rb  kmeans  ails2  P≈0.000361
21:13:48 | i 29 | [Phase 1/3] decompose  0.26s / — / —  λ=0.0  rb kmeans
21:14:24 | i 29 | [Phase 2/3] route  35.78s / 34.98s / 102.3%  ails2  k=6
21:14:51 | i 28 | [ ASYNC BG] bg_ails  63.44s / 60.00s / 105.7%
21:14:52 | i 29 | [ IMPROVE ] 283629.00  via decompose_route  ·  Δ_BKS=+0.19%
21:14:52 | i 29 | [HAOS ROLL] k=6  λ=0.0  rb  kmeans  ails2  P≈0.000361
21:14:52 | i 29 | [ Summary ] cost=283629.00  Δ_S*=+0.00%  Δ_BKS=+0.19%  Δ_S*_BKS=+0.19%  no_improve=0
21:14:52 | i 30 | [HAOS ROLL] k=4  λ=0.4  vb  fcm  ails2  P≈0.000506
21:14:52 | i 30 | [Phase 1/3] decompose  0.37s / — / —  λ=0.4  vb fcm
21:15:32 | i 30 | [Phase 2/3] route  39.54s / 38.46s / 102.8%  ails2  k=4
21:15:55 | i 29 | [ ASYNC BG] bg_ails  63.46s / 60.00s / 105.8%
21:15:55 | i 30 | [HAOS ROLL] k=4  λ=0.4  vb  fcm  ails2  P≈0.000506
21:15:55 | i 30 | [ Summary ] cost=286007.00  Δ_S*=+0.84%  Δ_BKS=+1.03%  Δ_S*_BKS=+0.19%  no_improve=2
21:15:55 | i 31 | [HAOS ROLL] k=6  λ=1.0  vb  fcm  filo  P≈0.000665
21:15:55 | i 31 | [Phase 1/3] decompose  0.38s / — / —  λ=1.0  vb fcm
21:16:27 | i 31 | [Phase 2/3] route  31.10s / 31.44s / 98.9%  filo  k=6
21:16:58 | i 30 | [ ASYNC BG] bg_ails  63.47s / 60.00s / 105.8%
21:16:58 | i 31 | [HAOS ROLL] k=6  λ=1.0  vb  fcm  filo  P≈0.000665
21:16:59 | i 31 | [ Summary ] cost=286415.00  Δ_S*=+0.98%  Δ_BKS=+1.17%  Δ_S*_BKS=+0.19%  no_improve=4
21:16:59 | i 32 | [HAOS ROLL] k=2  λ=0.6  vb  kmeans  filo2  P≈0.000429
21:16:59 | i 32 | [Phase 1/3] decompose  0.33s / — / —  λ=0.6  vb kmeans
21:18:04 | i 32 | [Phase 2/3] route  65.13s / 65.22s / 99.9%  filo2  k=2
21:18:04 | i 31 | [ ASYNC BG] bg_ails  63.51s / 60.00s / 105.9%
21:18:04 | i 32 | [HAOS ROLL] k=2  λ=0.6  vb  kmeans  filo2  P≈0.000429
21:18:04 | i 32 | [ Summary ] cost=285184.00  Δ_S*=+0.55%  Δ_BKS=+0.73%  Δ_S*_BKS=+0.19%  no_improve=6
21:18:04 | i 33 | [HAOS ROLL] k=8  λ=0.6  rb  kmeans  ails2  P≈0.002630
21:18:04 | i 33 | [Phase 1/3] decompose  0.34s / — / —  λ=0.6  rb kmeans
21:18:38 | i 33 | [Phase 2/3] route  33.76s / 32.22s / 104.8%  ails2  k=8
21:19:11 | i 32 | [ ASYNC BG] bg_ails  66.66s / 63.65s / 104.7%
21:19:11 | i 33 | [ IMPROVE ] 283601.00  via decompose_route  ·  Δ_BKS=+0.18%
21:19:11 | i 33 | [HAOS ROLL] k=8  λ=0.6  rb  kmeans  ails2  P≈0.002630
21:19:11 | i 33 | [ Summary ] cost=283601.00  Δ_S*=+0.00%  Δ_BKS=+0.18%  Δ_S*_BKS=+0.18%  no_improve=0
21:19:11 | i 34 | [HAOS ROLL] k=2  λ=0.6  vb  fcm  ails2  P≈0.002621
21:19:11 | i 34 | [Phase 1/3] decompose  0.34s / — / —  λ=0.6  vb fcm
21:20:19 | i 34 | [Phase 2/3] route  67.89s / 66.18s / 102.6%  ails2  k=2
21:20:19 | i 33 | [ ASYNC BG] bg_ails  63.67s / 60.00s / 106.1%
21:20:19 | i 34 | [HAOS ROLL] k=2  λ=0.6  vb  fcm  ails2  P≈0.002621
21:20:19 | i 34 | [ Summary ] cost=284351.00  Δ_S*=+0.26%  Δ_BKS=+0.44%  Δ_S*_BKS=+0.18%  no_improve=2
21:20:19 | i 35 | [HAOS ROLL] k=10  λ=1.0  vb  ac_complete  ails2  P≈0.000535
21:20:20 | i 35 | [Phase 1/3] decompose  0.43s / — / —  λ=1.0  vb ac_complete
21:20:54 | i 35 | [Phase 2/3] route  34.73s / 33.18s / 104.7%  ails2  k=10
21:21:27 | i 34 | [ ASYNC BG] bg_ails  67.53s / 64.59s / 104.6%
21:21:27 | i 35 | [HAOS ROLL] k=10  λ=1.0  vb  ac_complete  ails2  P≈0.000535
21:21:27 | i 35 | [ Summary ] cost=290366.00  Δ_S*=+2.39%  Δ_BKS=+2.56%  Δ_S*_BKS=+0.18%  no_improve=4
21:21:27 | i 36 | [HAOS ROLL] k=4  λ=0.2  vb  kmedoids  ails2  P≈0.000318
21:21:27 | i 36 | [Phase 1/3] decompose  0.43s / — / —  λ=0.2  vb kmedoids
21:22:20 | i 36 | [Phase 2/3] route  52.93s / 51.90s / 102.0%  ails2  k=4
21:22:30 | i 35 | [ ASYNC BG] bg_ails  63.58s / 60.00s / 106.0%
21:22:30 | i 36 | [HAOS ROLL] k=4  λ=0.2  vb  kmedoids  ails2  P≈0.000318
21:22:30 | i 36 | [ Summary ] cost=285901.00  Δ_S*=+0.81%  Δ_BKS=+0.99%  Δ_S*_BKS=+0.18%  no_improve=6
21:22:30 | i 37 | [HAOS ROLL] k=8  λ=0.2  rb  ac_complete  filo  P≈0.000666
21:22:31 | i 37 | [Phase 1/3] decompose  0.32s / — / —  λ=0.2  rb ac_complete
21:23:17 | i 37 | [Phase 2/3] route  46.11s / 45.84s / 100.6%  filo  k=8
21:23:34 | i 36 | [ ASYNC BG] bg_ails  63.50s / 60.00s / 105.8%
21:23:34 | i 37 | [HAOS ROLL] k=8  λ=0.2  rb  ac_complete  filo  P≈0.000666
21:23:34 | i 37 | [ Summary ] cost=284204.00  Δ_S*=+0.21%  Δ_BKS=+0.39%  Δ_S*_BKS=+0.18%  no_improve=8
21:23:34 | i 38 | [HAOS ROLL] k=4  λ=0.6  rb  kmeans  filo2  P≈0.001342
21:23:34 | i 38 | [Phase 1/3] decompose  0.33s / — / —  λ=0.6  rb kmeans
21:24:28 | i 38 | [Phase 2/3] route  54.11s / 53.52s / 101.1%  filo2  k=4
21:24:37 | i 37 | [ ASYNC BG] bg_ails  63.60s / 60.00s / 106.0%
21:24:37 | i 38 | [HAOS ROLL] k=4  λ=0.6  rb  kmeans  filo2  P≈0.001342
21:24:37 | i 38 | [ Summary ] cost=284534.00  Δ_S*=+0.33%  Δ_BKS=+0.50%  Δ_S*_BKS=+0.18%  no_improve=10
21:24:37 | i 39 | [HAOS ROLL] k=8  λ=1.0  vb  ac_complete  filo  P≈0.001161
21:24:38 | i 39 | [Phase 1/3] decompose  0.45s / — / —  λ=1.0  vb ac_complete
21:25:11 | i 39 | [Phase 2/3] route  33.09s / 33.18s / 99.7%  filo  k=8
21:25:41 | i 38 | [ ASYNC BG] bg_ails  63.55s / 60.00s / 105.9%
21:25:41 | i 39 | [HAOS ROLL] k=8  λ=1.0  vb  ac_complete  filo  P≈0.001161
21:25:41 | i 39 | [ Summary ] cost=288777.00  Δ_S*=+1.83%  Δ_BKS=+2.00%  Δ_S*_BKS=+0.18%  no_improve=12
21:25:41 | i 40 | [HAOS ROLL] k=10  λ=0.0  rb  kmeans  ails2  P≈0.001542
21:25:41 | i 40 | [Phase 1/3] decompose  0.25s / — / —  λ=0.0  rb kmeans
21:26:18 | i 40 | [Phase 2/3] route  36.81s / 28.20s / 130.5%  ails2  k=10
21:26:44 | i 39 | [ ASYNC BG] bg_ails  63.47s / 60.00s / 105.8%
21:26:44 | i 40 | [HAOS ROLL] k=10  λ=0.0  rb  kmeans  ails2  P≈0.001542
21:26:45 | i 40 | [ Summary ] cost=283611.00  Δ_S*=+0.00%  Δ_BKS=+0.18%  Δ_S*_BKS=+0.18%  no_improve=14
21:26:45 | i 41 | [HAOS ROLL] k=10  λ=0.2  vb  fcm  ails2  P≈0.001119
21:26:45 | i 41 | [Phase 1/3] decompose  0.48s / — / —  λ=0.2  vb fcm
21:27:11 | i 41 | [Phase 2/3] route  25.70s / 20.64s / 124.5%  ails2  k=10
21:27:48 | i 40 | [ ASYNC BG] bg_ails  63.48s / 60.00s / 105.8%
21:27:48 | i 41 | [HAOS ROLL] k=10  λ=0.2  vb  fcm  ails2  P≈0.001119
21:27:48 | i 41 | [ Summary ] cost=291154.00  Δ_S*=+2.66%  Δ_BKS=+2.84%  Δ_S*_BKS=+0.18%  no_improve=16
21:27:48 | i 24 | [ASYNC 1/2] sp_sc  729.36s / 720.00s / 101.3%  SP  avg_coverage=38.09/5  pool=7089
21:27:48 | i 24 | [ASYNC 2/2] standard_ails  363.19s / 360.00s / 100.9%
21:28:26 | i 42 | [HAOS ROLL] k=3  λ=0.6  rb  kmeans  ails2  P≈0.003216
21:28:27 | i 42 | [Phase 1/3] decompose  0.31s / — / —  λ=0.6  rb kmeans
21:29:27 | i 42 | [Phase 2/3] route  60.77s / 59.88s / 101.5%  ails2  k=3
21:29:27 | i 41 | [ ASYNC BG] bg_ails  63.51s / 60.00s / 105.9%
21:29:28 | i 42 | [HAOS ROLL] k=3  λ=0.6  rb  kmeans  ails2  P≈0.003216
21:29:28 | i 42 | [ Summary ] cost=283764.00  Δ_S*=+0.06%  Δ_BKS=+0.23%  Δ_S*_BKS=+0.18%  no_improve=19
21:29:28 | i 43 | [HAOS ROLL] k=6  λ=0.4  rb  ac_complete  filo2  P≈0.000385
21:29:28 | i 43 | [Phase 1/3] decompose  0.32s / — / —  λ=0.4  rb ac_complete
21:30:14 | i 43 | [Phase 2/3] route  46.11s / 45.84s / 100.6%  filo2  k=6
21:30:31 | i 42 | [ ASYNC BG] bg_ails  63.71s / 60.00s / 106.2%
21:30:31 | i 43 | [HAOS ROLL] k=6  λ=0.4  rb  ac_complete  filo2  P≈0.000385
21:30:32 | i 43 | [ Summary ] cost=284290.00  Δ_S*=+0.24%  Δ_BKS=+0.42%  Δ_S*_BKS=+0.18%  no_improve=21
21:30:32 | i 44 | [HAOS ROLL] k=8  λ=0.6  vb  kmedoids  ails2  P≈0.002501
21:30:32 | i 44 | [Phase 1/3] decompose  0.40s / — / —  λ=0.6  vb kmedoids
21:31:03 | i 44 | [Phase 2/3] route  30.73s / 28.50s / 107.8%  ails2  k=8
21:31:35 | i 43 | [ ASYNC BG] bg_ails  63.58s / 60.00s / 106.0%
21:31:35 | i 44 | [HAOS ROLL] k=8  λ=0.6  vb  kmedoids  ails2  P≈0.002501
21:31:35 | i 44 | [ Summary ] cost=288419.00  Δ_S*=+1.70%  Δ_BKS=+1.88%  Δ_S*_BKS=+0.18%  no_improve=23
21:31:35 | i 45 | [HAOS ROLL] k=4  λ=0.6  vb  ac_avg  filo  P≈0.000684
21:31:36 | i 45 | [Phase 1/3] decompose  0.42s / — / —  λ=0.6  vb ac_avg
21:32:31 | i 45 | [Phase 2/3] route  55.11s / 54.72s / 100.7%  filo  k=4
21:32:38 | i 44 | [ ASYNC BG] bg_ails  63.63s / 60.00s / 106.0%
21:32:39 | i 45 | [HAOS ROLL] k=4  λ=0.6  vb  ac_avg  filo  P≈0.000684
21:32:39 | i 45 | [ Summary ] cost=287221.00  Δ_S*=+1.28%  Δ_BKS=+1.45%  Δ_S*_BKS=+0.18%  no_improve=25
21:32:39 | i 46 | [HAOS ROLL] k=10  λ=0.6  rb  kmeans  filo  P≈0.002439
21:32:39 | i 46 | [Phase 1/3] decompose  0.32s / — / —  λ=0.6  rb kmeans
21:33:20 | i 46 | [Phase 2/3] route  41.09s / 28.20s / 145.7%  filo  k=10
21:33:42 | i 45 | [ ASYNC BG] bg_ails  63.55s / 60.00s / 105.9%
21:33:42 | i 46 | [HAOS ROLL] k=10  λ=0.6  rb  kmeans  filo  P≈0.002439
21:33:42 | i 46 | [ Summary ] cost=283981.00  Δ_S*=+0.13%  Δ_BKS=+0.31%  Δ_S*_BKS=+0.18%  no_improve=27
21:33:42 | i 47 | [HAOS ROLL] k=10  λ=0.6  rb  ac_avg  filo  P≈0.001126
21:33:43 | i 47 | [Phase 1/3] decompose  0.32s / — / —  λ=0.6  rb ac_avg
21:34:15 | i 47 | [Phase 2/3] route  32.10s / 30.90s / 103.9%  filo  k=10
21:34:46 | i 46 | [ ASYNC BG] bg_ails  63.48s / 60.00s / 105.8%
21:34:46 | i 47 | [HAOS ROLL] k=10  λ=0.6  rb  ac_avg  filo  P≈0.001126
21:34:46 | i 47 | [ Summary ] cost=284086.00  Δ_S*=+0.17%  Δ_BKS=+0.35%  Δ_S*_BKS=+0.18%  no_improve=29
21:34:46 | i 48 | [HAOS ROLL] k=3  λ=0.6  vb  kmedoids  filo2  P≈0.000769
21:34:47 | i 48 | [Phase 1/3] decompose  0.55s / — / —  λ=0.6  vb kmedoids
21:35:48 | i 48 | [Phase 2/3] route  61.13s / 60.84s / 100.5%  filo2  k=3
21:35:49 | i 47 | [ ASYNC BG] bg_ails  63.66s / 60.00s / 106.1%
21:35:49 | i 48 | [HAOS ROLL] k=3  λ=0.6  vb  kmedoids  filo2  P≈0.000769
21:35:50 | i 48 | [ Summary ] cost=285671.00  Δ_S*=+0.73%  Δ_BKS=+0.91%  Δ_S*_BKS=+0.18%  no_improve=31
21:35:50 | i 49 | [HAOS ROLL] k=3  λ=1.0  vb  ac_complete  ails2  P≈0.000866
21:35:50 | i 49 | [Phase 1/3] decompose  0.42s / — / —  λ=1.0  vb ac_complete
21:36:42 | i 49 | [Phase 2/3] route  51.70s / 50.22s / 102.9%  ails2  k=3
21:36:53 | i 48 | [ ASYNC BG] bg_ails  63.56s / 60.00s / 105.9%
21:36:53 | i 49 | [HAOS ROLL] k=3  λ=1.0  vb  ac_complete  ails2  P≈0.000866
21:36:53 | i 49 | [ Summary ] cost=285696.00  Δ_S*=+0.74%  Δ_BKS=+0.92%  Δ_S*_BKS=+0.18%  no_improve=33
21:36:53 | i 50 | [HAOS ROLL] k=12  λ=0.8  rb  kmeans  ails2  P≈0.000738
21:36:54 | i 50 | [Phase 1/3] decompose  0.32s / — / —  λ=0.8  rb kmeans
21:37:20 | i 50 | [Phase 2/3] route  26.70s / 17.88s / 149.3%  ails2  k=12
21:37:56 | i 49 | [ ASYNC BG] bg_ails  63.57s / 60.00s / 105.9%
21:37:57 | i 50 | [HAOS ROLL] k=12  λ=0.8  rb  kmeans  ails2  P≈0.000738
21:37:57 | i 50 | [ Summary ] cost=283653.00  Δ_S*=+0.02%  Δ_BKS=+0.19%  Δ_S*_BKS=+0.18%  no_improve=35
21:37:57 | i 51 | [HAOS ROLL] k=6  λ=0.4  rb  ac_avg  ails2  P≈0.000598
21:37:57 | i 51 | [Phase 1/3] decompose  0.32s / — / —  λ=0.4  rb ac_avg
21:38:51 | i 51 | [Phase 2/3] route  54.16s / 52.62s / 102.9%  ails2  k=6
21:39:00 | i 50 | [ ASYNC BG] bg_ails  63.61s / 60.00s / 106.0%
21:39:00 | i 51 | [HAOS ROLL] k=6  λ=0.4  rb  ac_avg  ails2  P≈0.000598
21:39:00 | i 51 | [ Summary ] cost=283660.00  Δ_S*=+0.02%  Δ_BKS=+0.20%  Δ_S*_BKS=+0.18%  no_improve=37
21:39:00 | i 52 | [HAOS ROLL] k=4  λ=0.0  rb  ac_complete  filo2  P≈0.000285
21:39:01 | i 52 | [Phase 1/3] decompose  0.24s / — / —  λ=0.0  rb ac_complete
21:39:47 | i 52 | [Phase 2/3] route  46.10s / 45.84s / 100.6%  filo2  k=4
21:40:04 | i 51 | [ ASYNC BG] bg_ails  63.52s / 60.00s / 105.9%
21:40:04 | i 52 | [HAOS ROLL] k=4  λ=0.0  rb  ac_complete  filo2  P≈0.000285
21:40:04 | i 52 | [ Summary ] cost=284205.00  Δ_S*=+0.21%  Δ_BKS=+0.39%  Δ_S*_BKS=+0.18%  no_improve=39
21:40:04 | i 53 | [HAOS ROLL] k=3  λ=0.8  vb  ac_complete  ails2  P≈0.001182
21:40:04 | i 53 | [Phase 1/3] decompose  0.42s / — / —  λ=0.8  vb ac_complete
21:41:02 | i 53 | [Phase 2/3] route  57.77s / 56.46s / 102.3%  ails2  k=3
21:41:07 | i 52 | [ ASYNC BG] bg_ails  63.42s / 60.00s / 105.7%
21:41:07 | i 53 | [HAOS ROLL] k=3  λ=0.8  vb  ac_complete  ails2  P≈0.001182
21:41:07 | i 53 | [ Summary ] cost=284726.00  Δ_S*=+0.40%  Δ_BKS=+0.57%  Δ_S*_BKS=+0.18%  no_improve=41
21:41:07 | i 54 | [HAOS ROLL] k=12  λ=0.0  rb  kmeans  pyvrp  P≈0.000368
21:41:08 | i 54 | [Phase 1/3] decompose  0.24s / — / —  λ=0.0  rb kmeans
21:41:33 | i 54 | [Phase 2/3] route  25.67s / 16.80s / 152.8%  pyvrp  k=12
21:42:11 | i 53 | [ ASYNC BG] bg_ails  63.60s / 60.00s / 106.0%
21:42:11 | i 54 | [HAOS ROLL] k=12  λ=0.0  rb  kmeans  pyvrp  P≈0.000368
21:42:11 | i 54 | [ Summary ] cost=287257.00  Δ_S*=+1.29%  Δ_BKS=+1.47%  Δ_S*_BKS=+0.18%  no_improve=43
21:42:11 | i 55 | [HAOS ROLL] k=8  λ=0.0  rb  ac_complete  filo  P≈0.000934
21:42:11 | i 55 | [Phase 1/3] decompose  0.24s / — / —  λ=0.0  rb ac_complete
21:42:57 | i 55 | [Phase 2/3] route  46.10s / 45.84s / 100.6%  filo  k=8
21:43:14 | i 54 | [ ASYNC BG] bg_ails  63.47s / 60.00s / 105.8%
21:43:14 | i 55 | [HAOS ROLL] k=8  λ=0.0  rb  ac_complete  filo  P≈0.000934
21:43:14 | i 55 | [ Summary ] cost=284321.00  Δ_S*=+0.25%  Δ_BKS=+0.43%  Δ_S*_BKS=+0.18%  no_improve=45
21:43:14 | i 56 | [HAOS ROLL] k=10  λ=0.6  vb  ac_complete  filo  P≈0.001575
21:43:15 | i 56 | [Phase 1/3] decompose  0.43s / — / —  λ=0.6  vb ac_complete
21:43:51 | i 56 | [Phase 2/3] route  36.10s / 36.24s / 99.6%  filo  k=10
21:44:18 | i 55 | [ ASYNC BG] bg_ails  63.49s / 60.00s / 105.8%
21:44:18 | i 56 | [HAOS ROLL] k=10  λ=0.6  vb  ac_complete  filo  P≈0.001575
21:44:18 | i 56 | [ Summary ] cost=288735.00  Δ_S*=+1.81%  Δ_BKS=+1.99%  Δ_S*_BKS=+0.18%  no_improve=47
21:44:18 | i 57 | [HAOS ROLL] k=8  λ=0.0  vb  kmeans  filo2  P≈0.000600
21:44:18 | i 57 | [Phase 1/3] decompose  0.24s / — / —  λ=0.0  vb kmeans
21:44:49 | i 57 | [Phase 2/3] route  31.08s / 31.38s / 99.1%  filo2  k=8
21:45:21 | i 56 | [ ASYNC BG] bg_ails  63.73s / 60.00s / 106.2%
21:45:22 | i 57 | [HAOS ROLL] k=8  λ=0.0  vb  kmeans  filo2  P≈0.000600
21:45:22 | i 57 | [ Summary ] cost=289009.00  Δ_S*=+1.91%  Δ_BKS=+2.09%  Δ_S*_BKS=+0.18%  no_improve=49
21:45:22 | i 58 | [HAOS ROLL] k=10  λ=0.2  vb  kmedoids  ails2  P≈0.000540
21:45:22 | i 58 | [Phase 1/3] decompose  0.41s / — / —  λ=0.2  vb kmedoids
21:46:01 | i 58 | [Phase 2/3] route  38.77s / 27.00s / 143.6%  ails2  k=10
21:46:25 | i 57 | [ ASYNC BG] bg_ails  63.47s / 60.00s / 105.8%
21:46:25 | i 58 | [HAOS ROLL] k=10  λ=0.2  vb  kmedoids  ails2  P≈0.000540
21:46:25 | i 58 | [ Summary ] cost=291666.00  Δ_S*=+2.84%  Δ_BKS=+3.02%  Δ_S*_BKS=+0.18%  no_improve=51
21:46:25 | i 59 | [HAOS ROLL] k=3  λ=0.6  vb  kmeans  filo  P≈0.001590
21:46:25 | i 59 | [Phase 1/3] decompose  0.32s / — / —  λ=0.6  vb kmeans
21:47:25 | i 59 | [Phase 2/3] route  59.11s / 58.86s / 100.4%  filo  k=3
21:47:28 | i 58 | [ ASYNC BG] bg_ails  63.52s / 60.00s / 105.9%
21:47:29 | i 59 | [HAOS ROLL] k=3  λ=0.6  vb  kmeans  filo  P≈0.001590
21:47:29 | i 59 | [ Summary ] cost=285724.00  Δ_S*=+0.75%  Δ_BKS=+0.93%  Δ_S*_BKS=+0.18%  no_improve=53
21:47:29 | i 60 | [HAOS ROLL] k=4  λ=0.6  vb  ac_avg  filo  P≈0.000786
21:47:29 | i 60 | [Phase 1/3] decompose  0.43s / — / —  λ=0.6  vb ac_avg
21:48:24 | i 60 | [Phase 2/3] route  55.11s / 54.72s / 100.7%  filo  k=4
21:48:32 | i 59 | [ ASYNC BG] bg_ails  63.56s / 60.00s / 105.9%
21:48:32 | i 60 | [HAOS ROLL] k=4  λ=0.6  vb  ac_avg  filo  P≈0.000786
21:48:32 | i 60 | [ Summary ] cost=286983.00  Δ_S*=+1.19%  Δ_BKS=+1.37%  Δ_S*_BKS=+0.18%  no_improve=55
21:48:32 | i 42 | [ASYNC 1/2] sp_sc  733.27s / 720.00s / 101.8%  SP  avg_coverage=53.51/5  pool=10000
21:48:32 | i 42 | [ASYNC 2/2] standard_ails  363.13s / 360.00s / 100.9%
21:49:12 | i 61 | [HAOS ROLL] k=3  λ=0.6  vb  kmeans  ails2  P≈0.003326
21:49:12 | i 61 | [Phase 1/3] decompose  0.31s / — / —  λ=0.6  vb kmeans
21:50:12 | i 61 | [Phase 2/3] route  59.85s / 58.80s / 101.8%  ails2  k=3
21:50:12 | i 60 | [ ASYNC BG] bg_ails  63.59s / 60.00s / 106.0%
21:50:12 | i 61 | [HAOS ROLL] k=3  λ=0.6  vb  kmeans  ails2  P≈0.003326
21:50:13 | i 61 | [ Summary ] cost=285138.00  Δ_S*=+0.54%  Δ_BKS=+0.72%  Δ_S*_BKS=+0.18%  no_improve=58
21:50:13 | i 62 | [HAOS ROLL] k=8  λ=0.4  vb  fcm  filo  P≈0.000528
21:50:13 | i 62 | [Phase 1/3] decompose  0.43s / — / —  λ=0.4  vb fcm
21:50:40 | i 62 | [Phase 2/3] route  27.09s / 26.52s / 102.2%  filo  k=8
21:51:16 | i 61 | [ ASYNC BG] bg_ails  63.61s / 60.00s / 106.0%
21:51:16 | i 62 | [HAOS ROLL] k=8  λ=0.4  vb  fcm  filo  P≈0.000528
21:51:16 | i 62 | [ Summary ] cost=289073.00  Δ_S*=+1.93%  Δ_BKS=+2.11%  Δ_S*_BKS=+0.18%  no_improve=60
21:51:16 | i 63 | [HAOS ROLL] k=8  λ=0.8  vb  kmedoids  ails2  P≈0.001040
21:51:16 | i 63 | [Phase 1/3] decompose  0.41s / — / —  λ=0.8  vb kmedoids
21:51:49 | i 63 | [Phase 2/3] route  32.73s / 28.44s / 115.1%  ails2  k=8
21:52:19 | i 62 | [ ASYNC BG] bg_ails  63.66s / 60.00s / 106.1%
21:52:20 | i 63 | [HAOS ROLL] k=8  λ=0.8  vb  kmedoids  ails2  P≈0.001040
21:52:20 | i 63 | [ Summary ] cost=288937.00  Δ_S*=+1.88%  Δ_BKS=+2.06%  Δ_S*_BKS=+0.18%  no_improve=62
21:52:20 | i 64 | [HAOS ROLL] k=2  λ=1.0  vb  kmedoids  filo  P≈0.000552
21:52:20 | i 64 | [Phase 1/3] decompose  0.50s / — / —  λ=1.0  vb kmedoids
21:53:24 | i 64 | [Phase 2/3] route  64.14s / 63.60s / 100.8%  filo  k=2
21:53:24 | i 63 | [ ASYNC BG] bg_ails  63.67s / 60.00s / 106.1%
21:53:25 | i 64 | [HAOS ROLL] k=2  λ=1.0  vb  kmedoids  filo  P≈0.000552
21:53:25 | i 64 | [ Summary ] cost=285814.00  Δ_S*=+0.78%  Δ_BKS=+0.96%  Δ_S*_BKS=+0.18%  no_improve=64
21:53:25 | i 65 | [HAOS ROLL] k=3  λ=0.6  vb  kmedoids  ails2  P≈0.003629
21:53:25 | i 65 | [Phase 1/3] decompose  0.55s / — / —  λ=0.6  vb kmedoids
21:54:27 | i 65 | [Phase 2/3] route  61.79s / 60.84s / 101.6%  ails2  k=3
21:54:30 | i 64 | [ ASYNC BG] bg_ails  65.63s / 62.07s / 105.7%
21:54:30 | i 65 | [HAOS ROLL] k=3  λ=0.6  vb  kmedoids  ails2  P≈0.003629
21:54:31 | i 65 | [ Summary ] cost=285399.00  Δ_S*=+0.63%  Δ_BKS=+0.81%  Δ_S*_BKS=+0.18%  no_improve=66
21:54:31 | i 66 | [HAOS ROLL] k=12  λ=0.6  vb  kmedoids  ails2  P≈0.001805
21:54:31 | i 66 | [Phase 1/3] decompose  0.40s / — / —  λ=0.6  vb kmedoids
21:55:08 | i 66 | [Phase 2/3] route  36.81s / 26.76s / 137.5%  ails2  k=12
21:55:34 | i 65 | [ ASYNC BG] bg_ails  63.58s / 60.00s / 106.0%
21:55:34 | i 66 | [HAOS ROLL] k=12  λ=0.6  vb  kmedoids  ails2  P≈0.001805
21:55:34 | i 66 | [ Summary ] cost=290676.00  Δ_S*=+2.49%  Δ_BKS=+2.67%  Δ_S*_BKS=+0.18%  no_improve=68
21:55:34 | i 67 | [HAOS ROLL] k=3  λ=0.6  vb  ac_complete  filo  P≈0.003012
21:55:35 | i 67 | [Phase 1/3] decompose  0.42s / — / —  λ=0.6  vb ac_complete
21:56:41 | i 67 | [Phase 2/3] route  66.13s / 65.58s / 100.8%  filo  k=3
21:56:41 | i 66 | [ ASYNC BG] bg_ails  63.54s / 60.00s / 105.9%
21:56:41 | i 67 | [HAOS ROLL] k=3  λ=0.6  vb  ac_complete  filo  P≈0.003012
21:56:41 | i 67 | [ Summary ] cost=285533.00  Δ_S*=+0.68%  Δ_BKS=+0.86%  Δ_S*_BKS=+0.18%  no_improve=70
21:56:41 | i 68 | [HAOS ROLL] k=10  λ=0.6  vb  kmedoids  filo2  P≈0.001775
21:56:42 | i 68 | [Phase 1/3] decompose  0.40s / — / —  λ=0.6  vb kmedoids
21:57:16 | i 68 | [Phase 2/3] route  34.10s / 26.10s / 130.7%  filo2  k=10
21:57:48 | i 67 | [ ASYNC BG] bg_ails  67.63s / 64.01s / 105.7%
21:57:49 | i 68 | [HAOS ROLL] k=10  λ=0.6  vb  kmedoids  filo2  P≈0.001775
21:57:49 | i 68 | [ Summary ] cost=289625.00  Δ_S*=+2.12%  Δ_BKS=+2.30%  Δ_S*_BKS=+0.18%  no_improve=72
21:57:49 | i 69 | [HAOS ROLL] k=3  λ=0.8  vb  ac_avg  filo  P≈0.000755
21:57:49 | i 69 | [Phase 1/3] decompose  0.43s / — / —  λ=0.8  vb ac_avg
21:58:57 | i 69 | [Phase 2/3] route  68.14s / 68.04s / 100.1%  filo  k=3
21:58:57 | i 68 | [ ASYNC BG] bg_ails  63.63s / 60.00s / 106.0%
21:58:58 | i 69 | [HAOS ROLL] k=3  λ=0.8  vb  ac_avg  filo  P≈0.000755
21:58:58 | i 69 | [ Summary ] cost=285780.00  Δ_S*=+0.77%  Δ_BKS=+0.94%  Δ_S*_BKS=+0.18%  no_improve=74
21:58:58 | i 70 | [HAOS ROLL] k=2  λ=0.6  vb  ac_avg  ails2  P≈0.001324
21:58:58 | i 70 | [Phase 1/3] decompose  0.43s / — / —  λ=0.6  vb ac_avg
22:00:12 | i 70 | [Phase 2/3] route  73.96s / 72.48s / 102.0%  ails2  k=2
22:00:12 | i 69 | [ ASYNC BG] bg_ails  69.61s / 66.41s / 104.8%
22:00:13 | i 70 | [HAOS ROLL] k=2  λ=0.6  vb  ac_avg  ails2  P≈0.001324
22:00:13 | i 70 | [ Summary ] cost=285529.00  Δ_S*=+0.68%  Δ_BKS=+0.86%  Δ_S*_BKS=+0.18%  no_improve=76
22:00:13 | i 71 | [HAOS ROLL] k=8  λ=0.6  vb  kmedoids  pyvrp  P≈0.001937
22:00:13 | i 71 | [Phase 1/3] decompose  0.40s / — / —  λ=0.6  vb kmedoids
22:00:43 | i 71 | [Phase 2/3] route  30.28s / 28.50s / 106.2%  pyvrp  k=8
22:01:26 | i 70 | [ ASYNC BG] bg_ails  73.66s / 70.74s / 104.1%
22:01:26 | i 71 | [HAOS ROLL] k=8  λ=0.6  vb  kmedoids  pyvrp  P≈0.001937
22:01:26 | i 71 | [ Summary ] cost=291803.00  Δ_S*=+2.89%  Δ_BKS=+3.07%  Δ_S*_BKS=+0.18%  no_improve=78
22:01:26 | i 72 | [HAOS ROLL] k=8  λ=0.6  vb  fcm  filo  P≈0.002590
22:01:27 | i 72 | [Phase 1/3] decompose  0.45s / — / —  λ=0.6  vb fcm
22:01:58 | i 72 | [Phase 2/3] route  31.09s / 29.64s / 104.9%  filo  k=8
22:02:30 | i 71 | [ ASYNC BG] bg_ails  63.65s / 60.00s / 106.1%
22:02:30 | i 72 | [HAOS ROLL] k=8  λ=0.6  vb  fcm  filo  P≈0.002590
22:02:30 | i 72 | [ Summary ] cost=287582.00  Δ_S*=+1.40%  Δ_BKS=+1.58%  Δ_S*_BKS=+0.18%  no_improve=80
22:02:30 | i 61 | [ASYNC 1/2] sp_sc  0.00s / 720.00s / 0.0%  SC
22:02:30 | i 73 | [HAOS ROLL] k=8  λ=0.8  vb  ac_complete  filo  P≈0.001358
22:02:30 | i 73 | [Phase 1/3] decompose  0.41s / — / —  λ=0.8  vb ac_complete
22:03:17 | i 73 | [Phase 2/3] route  46.11s / 46.26s / 99.7%  filo  k=8
22:03:33 | i 72 | [ ASYNC BG] bg_ails  63.58s / 60.00s / 106.0%
22:03:33 | i 73 | [HAOS ROLL] k=8  λ=0.8  vb  ac_complete  filo  P≈0.001358
22:03:34 | i 73 | [ Summary ] cost=288954.00  Δ_S*=+1.89%  Δ_BKS=+2.07%  Δ_S*_BKS=+0.18%  no_improve=82
22:03:34 | i 74 | [HAOS ROLL] k=2  λ=0.8  rb  ac_avg  ails2  P≈0.000393
22:03:34 | i 74 | [Phase 1/3] decompose  0.32s / — / —  λ=0.8  rb ac_avg
22:04:42 | i 74 | [Phase 2/3] route  67.82s / 66.78s / 101.6%  ails2  k=2
22:04:42 | i 73 | [ ASYNC BG] bg_ails  63.43s / 60.00s / 105.7%
22:04:42 | i 74 | [ IMPROVE ] 283579.00  via decompose_route  ·  Δ_BKS=+0.17%
22:04:42 | i 74 | [HAOS ROLL] k=2  λ=0.8  rb  ac_avg  ails2  P≈0.000393
22:04:42 | i 74 | [ Summary ] cost=283579.00  Δ_S*=+0.00%  Δ_BKS=+0.17%  Δ_S*_BKS=+0.17%  no_improve=0
22:04:42 | i 75 | [HAOS ROLL] k=6  λ=0.6  vb  kmedoids  ails2  P≈0.002900
22:04:43 | i 75 | [Phase 1/3] decompose  0.41s / — / —  λ=0.6  vb kmedoids
22:05:19 | i 75 | [Phase 2/3] route  36.77s / 35.52s / 103.5%  ails2  k=6
22:05:50 | i 74 | [ ASYNC BG] bg_ails  68.56s / 65.18s / 105.2%
22:05:51 | i 75 | [HAOS ROLL] k=6  λ=0.6  vb  kmedoids  ails2  P≈0.002900
22:05:51 | i 75 | [ Summary ] cost=287189.00  Δ_S*=+1.27%  Δ_BKS=+1.44%  Δ_S*_BKS=+0.17%  no_improve=2
22:05:51 | i 76 | [HAOS ROLL] k=2  λ=0.0  rb  ac_avg  filo  P≈0.000885
22:05:51 | i 76 | [Phase 1/3] decompose  0.24s / — / —  λ=0.0  rb ac_avg
22:06:59 | i 76 | [Phase 2/3] route  68.14s / 68.28s / 99.8%  filo  k=2
22:06:59 | i 75 | [ ASYNC BG] bg_ails  63.51s / 60.00s / 105.8%
22:06:59 | i 76 | [HAOS ROLL] k=2  λ=0.0  rb  ac_avg  filo  P≈0.000885
22:06:59 | i 76 | [ Summary ] cost=284735.00  Δ_S*=+0.41%  Δ_BKS=+0.58%  Δ_S*_BKS=+0.17%  no_improve=4
22:06:59 | i 77 | [HAOS ROLL] k=6  λ=0.8  vb  ac_complete  filo2  P≈0.000416
22:07:00 | i 77 | [Phase 1/3] decompose  0.41s / — / —  λ=0.8  vb ac_complete
22:07:46 | i 77 | [Phase 2/3] route  46.11s / 46.26s / 99.7%  filo2  k=6
22:08:09 | i 76 | [ ASYNC BG] bg_ails  69.63s / 66.64s / 104.5%
22:08:09 | i 77 | [HAOS ROLL] k=6  λ=0.8  vb  ac_complete  filo2  P≈0.000416
22:08:09 | i 77 | [ Summary ] cost=287437.00  Δ_S*=+1.36%  Δ_BKS=+1.53%  Δ_S*_BKS=+0.17%  no_improve=6
22:08:09 | i 78 | [HAOS ROLL] k=10  λ=0.0  rb  kmeans  ails2  P≈0.000431
22:08:09 | i 78 | [Phase 1/3] decompose  0.25s / — / —  λ=0.0  rb kmeans
22:08:45 | i 78 | [Phase 2/3] route  35.79s / 25.26s / 141.7%  ails2  k=10
22:09:12 | i 77 | [ ASYNC BG] bg_ails  63.57s / 60.00s / 106.0%
22:09:13 | i 78 | [HAOS ROLL] k=10  λ=0.0  rb  kmeans  ails2  P≈0.000431
22:09:13 | i 78 | [ Summary ] cost=283627.00  Δ_S*=+0.02%  Δ_BKS=+0.18%  Δ_S*_BKS=+0.17%  no_improve=8
22:09:13 | i 79 | [HAOS ROLL] k=3  λ=0.6  rb  ac_avg  ails2  P≈0.003650
22:09:13 | i 79 | [Phase 1/3] decompose  0.33s / — / —  λ=0.6  rb ac_avg
22:10:23 | i 79 | [Phase 2/3] route  69.95s / 68.28s / 102.4%  ails2  k=3
22:10:23 | i 78 | [ ASYNC BG] bg_ails  63.46s / 60.00s / 105.8%
22:10:23 | i 79 | [HAOS ROLL] k=3  λ=0.6  rb  ac_avg  ails2  P≈0.003650
22:10:23 | i 79 | [ Summary ] cost=283685.00  Δ_S*=+0.04%  Δ_BKS=+0.20%  Δ_S*_BKS=+0.17%  no_improve=10
22:10:23 | i 80 | [HAOS ROLL] k=2  λ=1.0  vb  ac_complete  filo2  P≈0.000393
22:10:24 | i 80 | [Phase 1/3] decompose  0.43s / — / —  λ=1.0  vb ac_complete
22:11:54 | i 80 | [Phase 2/3] route  90.20s / 89.82s / 100.4%  filo2  k=2
22:11:54 | i 79 | [ ASYNC BG] bg_ails  69.60s / 66.64s / 104.4%
22:11:54 | i 80 | [HAOS ROLL] k=2  λ=1.0  vb  ac_complete  filo2  P≈0.000393
22:11:54 | i 80 | [ Summary ] cost=284933.00  Δ_S*=+0.48%  Δ_BKS=+0.65%  Δ_S*_BKS=+0.17%  no_improve=12
22:11:54 | i 81 | [HAOS ROLL] k=8  λ=1.0  vb  ac_complete  ails2  P≈0.001446
22:11:55 | i 81 | [Phase 1/3] decompose  0.42s / — / —  λ=1.0  vb ac_complete
22:12:30 | i 81 | [Phase 2/3] route  34.76s / 33.18s / 104.8%  ails2  k=8
22:13:25 | i 80 | [ ASYNC BG] bg_ails  90.64s / 87.66s / 103.4%
22:13:25 | i 81 | [HAOS ROLL] k=8  λ=1.0  vb  ac_complete  ails2  P≈0.001446
22:13:25 | i 81 | [ Summary ] cost=288659.00  Δ_S*=+1.79%  Δ_BKS=+1.96%  Δ_S*_BKS=+0.17%  no_improve=14
22:13:25 | i 82 | [HAOS ROLL] k=8  λ=0.8  vb  ac_avg  ails2  P≈0.001702
22:13:26 | i 82 | [Phase 1/3] decompose  0.45s / — / —  λ=0.8  vb ac_avg
22:14:13 | i 82 | [Phase 2/3] route  47.84s / 46.02s / 103.9%  ails2  k=8
22:14:28 | i 81 | [ ASYNC BG] bg_ails  63.63s / 60.00s / 106.0%
22:14:29 | i 82 | [HAOS ROLL] k=8  λ=0.8  vb  ac_avg  ails2  P≈0.001702
22:14:29 | i 82 | [ Summary ] cost=288943.00  Δ_S*=+1.89%  Δ_BKS=+2.06%  Δ_S*_BKS=+0.17%  no_improve=16
22:14:29 | i 83 | [HAOS ROLL] k=8  λ=0.4  vb  kmeans  filo2  P≈0.000324
22:14:29 | i 83 | [Phase 1/3] decompose  0.33s / — / —  λ=0.4  vb kmeans
22:14:58 | i 83 | [Phase 2/3] route  29.11s / 28.80s / 101.1%  filo2  k=8
22:15:32 | i 82 | [ ASYNC BG] bg_ails  63.56s / 60.00s / 105.9%
22:15:32 | i 83 | [HAOS ROLL] k=8  λ=0.4  vb  kmeans  filo2  P≈0.000324
22:15:32 | i 83 | [ Summary ] cost=288574.00  Δ_S*=+1.76%  Δ_BKS=+1.93%  Δ_S*_BKS=+0.17%  no_improve=18
22:15:32 | i 84 | [HAOS ROLL] k=6  λ=0.6  vb  kmedoids  ails2  P≈0.002893
22:15:33 | i 84 | [Phase 1/3] decompose  0.43s / — / —  λ=0.6  vb kmedoids
22:16:10 | i 84 | [Phase 2/3] route  36.80s / 35.52s / 103.6%  ails2  k=6
22:16:36 | i 83 | [ ASYNC BG] bg_ails  63.72s / 60.00s / 106.2%
22:16:36 | i 84 | [HAOS ROLL] k=6  λ=0.6  vb  kmedoids  ails2  P≈0.002893
22:16:36 | i 84 | [ Summary ] cost=287311.00  Δ_S*=+1.32%  Δ_BKS=+1.49%  Δ_S*_BKS=+0.17%  no_improve=20
22:16:36 | i 85 | [HAOS ROLL] k=8  λ=0.6  vb  ac_complete  filo  P≈0.004580
22:16:36 | i 85 | [Phase 1/3] decompose  0.45s / — / —  λ=0.6  vb ac_complete
22:17:13 | i 85 | [Phase 2/3] route  36.11s / 36.24s / 99.6%  filo  k=8
22:17:39 | i 84 | [ ASYNC BG] bg_ails  63.54s / 60.00s / 105.9%
22:17:39 | i 85 | [HAOS ROLL] k=8  λ=0.6  vb  ac_complete  filo  P≈0.004580
22:17:40 | i 85 | [ Summary ] cost=288208.00  Δ_S*=+1.63%  Δ_BKS=+1.80%  Δ_S*_BKS=+0.17%  no_improve=22
22:17:40 | i 86 | [HAOS ROLL] k=10  λ=0.6  vb  ac_complete  filo  P≈0.001762
22:17:40 | i 86 | [Phase 1/3] decompose  0.44s / — / —  λ=0.6  vb ac_complete
22:18:16 | i 86 | [Phase 2/3] route  36.12s / 36.24s / 99.7%  filo  k=10
22:18:43 | i 85 | [ ASYNC BG] bg_ails  63.52s / 60.00s / 105.9%
22:18:43 | i 86 | [HAOS ROLL] k=10  λ=0.6  vb  ac_complete  filo  P≈0.001762
22:18:43 | i 86 | [ Summary ] cost=288834.00  Δ_S*=+1.85%  Δ_BKS=+2.02%  Δ_S*_BKS=+0.17%  no_improve=24
22:18:43 | i 87 | [HAOS ROLL] k=6  λ=0.8  vb  ac_complete  pyvrp  P≈0.000599
22:18:43 | i 87 | [Phase 1/3] decompose  0.44s / — / —  λ=0.8  vb ac_complete
22:19:32 | i 87 | [Phase 2/3] route  48.31s / 46.26s / 104.4%  pyvrp  k=6
22:19:46 | i 86 | [ ASYNC BG] bg_ails  63.59s / 60.00s / 106.0%
22:19:47 | i 87 | [HAOS ROLL] k=6  λ=0.8  vb  ac_complete  pyvrp  P≈0.000599
22:19:47 | i 87 | [ Summary ] cost=290850.00  Δ_S*=+2.56%  Δ_BKS=+2.74%  Δ_S*_BKS=+0.17%  no_improve=26
22:19:47 | i 88 | [HAOS ROLL] k=6  λ=0.4  vb  kmeans  ails2  P≈0.000632
22:19:47 | i 88 | [Phase 1/3] decompose  0.34s / — / —  λ=0.4  vb kmeans
22:20:33 | i 88 | [Phase 2/3] route  45.99s / 44.76s / 102.8%  ails2  k=6
22:20:50 | i 87 | [ ASYNC BG] bg_ails  63.58s / 60.00s / 106.0%
22:20:50 | i 88 | [HAOS ROLL] k=6  λ=0.4  vb  kmeans  ails2  P≈0.000632
22:20:50 | i 88 | [ Summary ] cost=287488.00  Δ_S*=+1.38%  Δ_BKS=+1.55%  Δ_S*_BKS=+0.17%  no_improve=28
22:20:50 | i 89 | [HAOS ROLL] k=3  λ=0.8  vb  ac_complete  filo2  P≈0.001190
22:20:51 | i 89 | [Phase 1/3] decompose  0.45s / — / —  λ=0.8  vb ac_complete
22:21:47 | i 89 | [Phase 2/3] route  56.11s / 56.46s / 99.4%  filo2  k=3
22:21:54 | i 88 | [ ASYNC BG] bg_ails  63.52s / 60.00s / 105.9%
22:21:54 | i 89 | [HAOS ROLL] k=3  λ=0.8  vb  ac_complete  filo2  P≈0.001190
22:21:54 | i 89 | [ Summary ] cost=285429.00  Δ_S*=+0.65%  Δ_BKS=+0.82%  Δ_S*_BKS=+0.17%  no_improve=30
22:21:54 | i 90 | [HAOS ROLL] k=8  λ=0.8  vb  ac_complete  ails2  P≈0.006786
22:21:54 | i 90 | [Phase 1/3] decompose  0.44s / — / —  λ=0.8  vb ac_complete
22:22:42 | i 90 | [Phase 2/3] route  48.08s / 46.26s / 103.9%  ails2  k=8
22:22:57 | i 89 | [ ASYNC BG] bg_ails  63.46s / 60.00s / 105.8%
22:22:57 | i 90 | [HAOS ROLL] k=8  λ=0.8  vb  ac_complete  ails2  P≈0.006786
22:22:57 | i 90 | [ Summary ] cost=288811.00  Δ_S*=+1.84%  Δ_BKS=+2.02%  Δ_S*_BKS=+0.17%  no_improve=32
22:22:57 | i 79 | [ASYNC 1/2] sp_sc  0.00s / 720.00s / 0.0%  SC
22:22:57 | i 91 | [HAOS ROLL] k=8  λ=0.2  rb  ac_complete  ails2  P≈0.000607
22:22:58 | i 91 | [Phase 1/3] decompose  0.34s / — / —  λ=0.2  rb ac_complete
22:23:44 | i 91 | [Phase 2/3] route  46.00s / 44.34s / 103.7%  ails2  k=8
22:24:01 | i 90 | [ ASYNC BG] bg_ails  63.55s / 60.00s / 105.9%
22:24:01 | i 91 | [HAOS ROLL] k=8  λ=0.2  rb  ac_complete  ails2  P≈0.000607
22:24:01 | i 91 | [ Summary ] cost=283642.00  Δ_S*=+0.02%  Δ_BKS=+0.19%  Δ_S*_BKS=+0.17%  no_improve=34
22:24:01 | i 92 | [HAOS ROLL] k=3  λ=0.8  rb  ac_complete  ails2  P≈0.001405
22:24:01 | i 92 | [Phase 1/3] decompose  0.34s / — / —  λ=0.8  rb ac_complete
22:24:59 | i 92 | [Phase 2/3] route  57.73s / 56.46s / 102.3%  ails2  k=3
22:25:04 | i 91 | [ ASYNC BG] bg_ails  63.58s / 60.00s / 106.0%
22:25:04 | i 92 | [HAOS ROLL] k=3  λ=0.8  rb  ac_complete  ails2  P≈0.001405
22:25:04 | i 92 | [ Summary ] cost=283817.00  Δ_S*=+0.08%  Δ_BKS=+0.25%  Δ_S*_BKS=+0.17%  no_improve=36
22:25:04 | i 93 | [HAOS ROLL] k=8  λ=0.6  rb  ac_complete  pyvrp  P≈0.001150
22:25:05 | i 93 | [Phase 1/3] decompose  0.34s / — / —  λ=0.6  rb ac_complete
22:25:51 | i 93 | [Phase 2/3] route  46.23s / 44.34s / 104.3%  pyvrp  k=8
22:26:08 | i 92 | [ ASYNC BG] bg_ails  63.42s / 60.00s / 105.7%
22:26:08 | i 93 | [HAOS ROLL] k=8  λ=0.6  rb  ac_complete  pyvrp  P≈0.001150
22:26:08 | i 93 | [ Summary ] cost=287571.00  Δ_S*=+1.41%  Δ_BKS=+1.58%  Δ_S*_BKS=+0.17%  no_improve=38
22:26:08 | i 94 | [HAOS ROLL] k=12  λ=0.6  vb  fcm  ails2  P≈0.001047
22:26:08 | i 94 | [Phase 1/3] decompose  0.78s / — / —  λ=0.6  vb fcm
22:26:38 | i 94 | [Phase 2/3] route  29.67s / 17.16s / 172.9%  ails2  k=12
22:27:11 | i 93 | [ ASYNC BG] bg_ails  63.43s / 60.00s / 105.7%
22:27:11 | i 94 | [HAOS ROLL] k=12  λ=0.6  vb  fcm  ails2  P≈0.001047
22:27:11 | i 94 | [ Summary ] cost=291101.00  Δ_S*=+2.65%  Δ_BKS=+2.82%  Δ_S*_BKS=+0.17%  no_improve=40
22:27:11 | i 95 | [HAOS ROLL] k=8  λ=0.8  rb  kmeans  filo2  P≈0.001023
22:27:11 | i 95 | [Phase 1/3] decompose  0.34s / — / —  λ=0.8  rb kmeans
22:27:42 | i 95 | [Phase 2/3] route  30.09s / 25.26s / 119.1%  filo2  k=8
22:28:15 | i 94 | [ ASYNC BG] bg_ails  63.53s / 60.00s / 105.9%
22:28:15 | i 95 | [HAOS ROLL] k=8  λ=0.8  rb  kmeans  filo2  P≈0.001023
22:28:15 | i 95 | [ Summary ] cost=283991.00  Δ_S*=+0.15%  Δ_BKS=+0.31%  Δ_S*_BKS=+0.17%  no_improve=42
22:28:15 | i 96 | [HAOS ROLL] k=2  λ=0.2  rb  ac_avg  filo  P≈0.000199
22:28:15 | i 96 | [Phase 1/3] decompose  0.33s / — / —  λ=0.2  rb ac_avg
22:29:23 | i 96 | [Phase 2/3] route  68.13s / 68.28s / 99.8%  filo  k=2
22:29:23 | i 95 | [ ASYNC BG] bg_ails  63.46s / 60.00s / 105.8%
22:29:23 | i 96 | [HAOS ROLL] k=2  λ=0.2  rb  ac_avg  filo  P≈0.000199
22:29:23 | i 96 | [ Summary ] cost=284557.00  Δ_S*=+0.34%  Δ_BKS=+0.51%  Δ_S*_BKS=+0.17%  no_improve=44
22:29:23 | i 97 | [HAOS ROLL] k=8  λ=0.8  vb  ac_complete  filo  P≈0.005314
22:29:24 | i 97 | [Phase 1/3] decompose  0.41s / — / —  λ=0.8  vb ac_complete
22:30:10 | i 97 | [Phase 2/3] route  46.11s / 46.26s / 99.7%  filo  k=8
22:30:33 | i 96 | [ ASYNC BG] bg_ails  69.66s / 66.64s / 104.5%
22:30:33 | i 97 | [HAOS ROLL] k=8  λ=0.8  vb  ac_complete  filo  P≈0.005314
22:30:33 | i 97 | [ Summary ] cost=289032.00  Δ_S*=+1.92%  Δ_BKS=+2.09%  Δ_S*_BKS=+0.17%  no_improve=46
22:30:33 | i 98 | [HAOS ROLL] k=3  λ=0.4  rb  ac_complete  ails2  P≈0.000617
22:30:33 | i 98 | [Phase 1/3] decompose  0.34s / — / —  λ=0.4  rb ac_complete
22:31:31 | i 98 | [Phase 2/3] route  57.79s / 56.46s / 102.4%  ails2  k=3
22:31:37 | i 97 | [ ASYNC BG] bg_ails  63.66s / 60.00s / 106.1%
22:31:37 | i 98 | [HAOS ROLL] k=3  λ=0.4  rb  ac_complete  ails2  P≈0.000617
22:31:37 | i 98 | [ Summary ] cost=283746.00  Δ_S*=+0.06%  Δ_BKS=+0.23%  Δ_S*_BKS=+0.17%  no_improve=48
22:31:37 | i 99 | [HAOS ROLL] k=2  λ=0.6  rb  ac_complete  ails2  P≈0.002386
22:31:37 | i 99 | [Phase 1/3] decompose  0.34s / — / —  λ=0.6  rb ac_complete
22:33:04 | i 99 | [Phase 2/3] route  87.04s / 85.20s / 102.2%  ails2  k=2
22:33:04 | i 98 | [ ASYNC BG] bg_ails  63.54s / 60.00s / 105.9%
22:33:04 | i 99 | [HAOS ROLL] k=2  λ=0.6  rb  ac_complete  ails2  P≈0.002386
22:33:04 | i 99 | [ Summary ] cost=283682.00  Δ_S*=+0.04%  Δ_BKS=+0.20%  Δ_S*_BKS=+0.17%  no_improve=50
22:33:04 | i 100 | [HAOS ROLL] k=8  λ=0.6  vb  ac_avg  ails2  P≈0.003721
22:33:05 | i 100 | [Phase 1/3] decompose  0.43s / — / —  λ=0.6  vb ac_avg
22:33:49 | i 100 | [Phase 2/3] route  43.95s / 35.52s / 123.7%  ails2  k=8
22:34:31 | i 99 | [ ASYNC BG] bg_ails  86.70s / 83.16s / 104.3%
22:34:31 | i 100 | [HAOS ROLL] k=8  λ=0.6  vb  ac_avg  ails2  P≈0.003721
22:34:31 | i 100 | [ Summary ] cost=289265.00  Δ_S*=+2.01%  Δ_BKS=+2.18%  Δ_S*_BKS=+0.17%  no_improve=52
22:34:31 | i 101 | [HAOS ROLL] k=2  λ=0.2  vb  kmeans  filo  P≈0.000428
22:34:31 | i 101 | [Phase 1/3] decompose  0.33s / — / —  λ=0.2  vb kmeans
22:35:36 | i 101 | [Phase 2/3] route  65.13s / 65.22s / 99.9%  filo  k=2
22:35:36 | i 100 | [ ASYNC BG] bg_ails  63.65s / 60.00s / 106.1%
22:35:36 | i 101 | [HAOS ROLL] k=2  λ=0.2  vb  kmeans  filo  P≈0.000428
22:35:36 | i 101 | [ Summary ] cost=285356.00  Δ_S*=+0.63%  Δ_BKS=+0.80%  Δ_S*_BKS=+0.17%  no_improve=54
22:35:36 | i 102 | [HAOS ROLL] k=6  λ=0.8  rb  ac_complete  filo  P≈0.001304
22:35:37 | i 102 | [Phase 1/3] decompose  0.33s / — / —  λ=0.8  rb ac_complete
22:36:21 | i 102 | [Phase 2/3] route  44.11s / 44.34s / 99.5%  filo  k=6
22:36:43 | i 101 | [ ASYNC BG] bg_ails  66.59s / 63.65s / 104.6%
22:36:43 | i 102 | [HAOS ROLL] k=6  λ=0.8  rb  ac_complete  filo  P≈0.001304
22:36:43 | i 102 | [ Summary ] cost=284369.00  Δ_S*=+0.28%  Δ_BKS=+0.45%  Δ_S*_BKS=+0.17%  no_improve=56
22:36:43 | i 103 | [HAOS ROLL] k=8  λ=0.6  vb  fcm  ails2  P≈0.004035
22:36:44 | i 103 | [Phase 1/3] decompose  0.49s / — / —  λ=0.6  vb fcm
22:37:11 | i 103 | [Phase 2/3] route  27.61s / 26.52s / 104.1%  ails2  k=8
22:37:46 | i 102 | [ ASYNC BG] bg_ails  63.54s / 60.00s / 105.9%
22:37:47 | i 103 | [HAOS ROLL] k=8  λ=0.6  vb  fcm  ails2  P≈0.004035
22:37:47 | i 103 | [ Summary ] cost=288825.00  Δ_S*=+1.85%  Δ_BKS=+2.02%  Δ_S*_BKS=+0.17%  no_improve=58
22:37:47 | i 104 | [HAOS ROLL] k=8  λ=0.4  rb  kmeans  filo  P≈0.000969
22:37:47 | i 104 | [Phase 1/3] decompose  0.34s / — / —  λ=0.4  rb kmeans
22:38:24 | i 104 | [Phase 2/3] route  37.11s / 30.18s / 123.0%  filo  k=8
22:38:50 | i 103 | [ ASYNC BG] bg_ails  63.56s / 60.00s / 105.9%
22:38:50 | i 104 | [HAOS ROLL] k=8  λ=0.4  rb  kmeans  filo  P≈0.000969
22:38:50 | i 104 | [ Summary ] cost=284125.00  Δ_S*=+0.19%  Δ_BKS=+0.36%  Δ_S*_BKS=+0.17%  no_improve=60
22:38:50 | i 105 | [HAOS ROLL] k=10  λ=0.4  vb  ac_complete  filo  P≈0.000496
22:38:51 | i 105 | [Phase 1/3] decompose  0.43s / — / —  λ=0.4  vb ac_complete
22:39:24 | i 105 | [Phase 2/3] route  33.11s / 33.36s / 99.2%  filo  k=10
22:39:54 | i 104 | [ ASYNC BG] bg_ails  63.53s / 60.00s / 105.9%
22:39:54 | i 105 | [HAOS ROLL] k=10  λ=0.4  vb  ac_complete  filo  P≈0.000496
22:39:54 | i 105 | [ Summary ] cost=288857.00  Δ_S*=+1.86%  Δ_BKS=+2.03%  Δ_S*_BKS=+0.17%  no_improve=62
22:39:54 | i 106 | [HAOS ROLL] k=3  λ=0.0  vb  kmeans  filo  P≈0.000302
22:39:54 | i 106 | [Phase 1/3] decompose  0.25s / — / —  λ=0.0  vb kmeans
22:40:53 | i 106 | [Phase 2/3] route  59.12s / 58.86s / 100.4%  filo  k=3
22:40:57 | i 105 | [ ASYNC BG] bg_ails  63.53s / 60.00s / 105.9%
22:40:57 | i 106 | [HAOS ROLL] k=3  λ=0.0  vb  kmeans  filo  P≈0.000302
22:40:57 | i 106 | [ Summary ] cost=285951.00  Δ_S*=+0.84%  Δ_BKS=+1.01%  Δ_S*_BKS=+0.17%  no_improve=64
22:40:57 | i 107 | [HAOS ROLL] k=8  λ=0.4  vb  kmedoids  filo  P≈0.001799
22:40:58 | i 107 | [Phase 1/3] decompose  0.47s / — / —  λ=0.4  vb kmedoids
22:41:34 | i 107 | [Phase 2/3] route  36.12s / 27.30s / 132.3%  filo  k=8
22:42:01 | i 106 | [ ASYNC BG] bg_ails  63.48s / 60.00s / 105.8%
22:42:01 | i 107 | [HAOS ROLL] k=8  λ=0.4  vb  kmedoids  filo  P≈0.001799
22:42:01 | i 107 | [ Summary ] cost=288341.00  Δ_S*=+1.68%  Δ_BKS=+1.85%  Δ_S*_BKS=+0.17%  no_improve=66
22:42:01 | i 108 | [HAOS ROLL] k=12  λ=1.0  vb  ac_complete  ails2  P≈0.000613
22:42:01 | i 108 | [Phase 1/3] decompose  0.43s / — / —  λ=1.0  vb ac_complete
22:42:32 | i 108 | [Phase 2/3] route  30.71s / 19.62s / 156.5%  ails2  k=12
22:42:32 | i 108 | [HAOS ROLL] k=12  λ=1.0  vb  ac_complete  ails2  P≈0.000613
22:42:32 | i 108 | [ Summary ] cost=292477.00  Δ_S*=+3.14%  Δ_BKS=+3.31%  Δ_S*_BKS=+0.17%  no_improve=67
22:42:32 | i 109 | [HAOS ROLL] k=8  λ=0.6  vb  ac_complete  filo2  P≈0.002323
22:42:32 | i 109 | [Phase 1/3] decompose  0.42s / — / —  λ=0.6  vb ac_complete
22:43:09 | i 109 | [Phase 2/3] route  36.09s / 36.24s / 99.6%  filo2  k=8
22:43:09 | i 109 | [HAOS ROLL] k=8  λ=0.6  vb  ac_complete  filo2  P≈0.002323
22:43:09 | i 109 | [ Summary ] cost=287981.00  Δ_S*=+1.55%  Δ_BKS=+1.72%  Δ_S*_BKS=+0.17%  no_improve=68
22:43:09 | i — | [  FINAL  ] async BG-AILS totals launched=106 applied=106 adopted=3 launch_skipped_cap=3 crashes=0 discarded_in_flight=False block_wait_total_s=1917.6
22:43:09 | i — | [  FINAL  ] async SP/SC totals invocations=6 adopted=1 skipped=0 discarded_in_flight=True sp_busy_frac=0.6793590370029826
22:43:09 | i — | [  FINAL  ] ════════════════════════════════════════
22:43:09 | i — | [  FINAL  ] Run complete  iterations=109  elapsed=02:00:34  best=283579.00
22:43:09 | i — | [  FINAL  ] Δ_BKS=+0.17%  no_improve_stop=False  time_stop=True  cancelled=False
22:43:09 | i — | [  FINAL  ] 
22:43:09 | i — | [  FINAL  ] [BEST SOLUTION — HAOS TAG SUMMARY]
22:43:09 | i — | [  FINAL  ] ────────────────────────────────────────
22:43:09 | i — | [  FINAL  ]   123 routes  rb  ac_avg  k=2  λ=0.8  solver=ails2
22:43:09 | i — | [  FINAL  ]   9 routes  vb  ac_avg  k=8  λ=1.0  solver=filo
22:43:09 | i — | [  FINAL  ]   5 routes  vb  kmeans  k=3  λ=0.6  solver=ails2
22:43:09 | i — | [  FINAL  ]   5 routes  vb  ac_avg  k=10  λ=0.8  solver=ails2
22:43:09 | i — | [  FINAL  ]   4 routes  vb  ac_complete  k=3  λ=0.8  solver=ails2
22:43:09 | i — | [  FINAL  ]   3 routes  vb  kmeans  k=4  λ=0.6  solver=filo2
22:43:09 | i — | [  FINAL  ]   3 routes  rb  ac_complete  k=3  λ=1.0  solver=ails2
22:43:09 | i — | [  FINAL  ]   3 routes  vb  ac_complete  k=10  λ=0.4  solver=filo2
22:43:09 | i — | [  FINAL  ]   3 routes  vb  kmeans  k=3  λ=0.6  solver=filo
22:43:09 | i — | [  FINAL  ]   2 routes  vb  ac_avg  k=2  λ=0.8  solver=filo2
22:43:09 | i — | [  FINAL  ]   2 routes  rb  ac_complete  k=2  λ=0.4  solver=ails2
22:43:09 | i — | [  FINAL  ]   2 routes  vb  ac_avg  k=2  λ=0.6  solver=ails2
22:43:09 | i — | [  FINAL  ]   2 routes  vb  kmedoids  k=3  λ=0.6  solver=ails2
22:43:09 | i — | [  FINAL  ]   2 routes  vb  fcm  k=8  λ=0.4  solver=filo
22:43:09 | i — | [  FINAL  ]   2 routes  rb  ac_complete  k=6  λ=0.6  solver=filo
22:43:09 | i — | [  FINAL  ]   2 routes  rb  kmeans  k=6  λ=0.0  solver=ails2
22:43:09 | i — | [  FINAL  ]   2 routes  vb  fcm  k=10  λ=0.8  solver=ails2
22:43:09 | i — | [  FINAL  ]   1 routes  vb  kmedoids  k=12  λ=0.6  solver=ails2
22:43:09 | i — | [  FINAL  ]   1 routes  vb  ac_complete  k=10  λ=0.6  solver=filo
22:43:09 | i — | [  FINAL  ]   1 routes  vb  kmedoids  k=8  λ=0.8  solver=ails2
22:43:09 | i — | [  FINAL  ]   1 routes  vb  ac_avg  k=4  λ=0.6  solver=filo
22:43:09 | i — | [  FINAL  ]   1 routes  rb  ac_complete  k=3  λ=0.0  solver=pyvrp
22:43:09 | i — | [  FINAL  ]   1 routes  rb  ac_avg  k=10  λ=0.4  solver=filo
22:43:09 | i — | [  FINAL  ]   1 routes  rb  ac_complete  k=3  λ=0.8  solver=filo2
22:43:09 | i — | [  FINAL  ]   1 routes  vb  ac_complete  k=2  λ=1.0  solver=filo
22:43:09 | i — | [  FINAL  ]   1 routes  rb  kmeans  k=8  λ=0.6  solver=ails2
22:43:09 | i — | [  FINAL  ]   1 routes  rb  kmeans  k=8  λ=1.0  solver=filo2
22:43:09 | i — | [  FINAL  ]   1 routes  vb  kmedoids  k=2  λ=1.0  solver=filo
22:43:09 | i — | [  FINAL  ]   1 routes  post-SP/SC improvement
22:43:09 | i — | [  FINAL  ] 
22:43:09 | i — | [  FINAL  ] [ROUTE POOL — HAOS TAG SUMMARY]
22:43:09 | i — | [  FINAL  ] ────────────────────────────────────────
22:43:09 | i — | [  FINAL  ]   454 routes  vb  ac_complete  k=8  λ=0.8  solver=filo
22:43:09 | i — | [  FINAL  ]   441 routes  vb  kmedoids  k=6  λ=0.6  solver=ails2
22:43:09 | i — | [  FINAL  ]   253 routes  vb  kmedoids  k=2  λ=1.0  solver=filo
22:43:09 | i — | [  FINAL  ]   250 routes  rb  ac_complete  k=8  λ=0.6  solver=pyvrp
22:43:09 | i — | [  FINAL  ]   247 routes  vb  kmeans  k=2  λ=0.2  solver=filo
22:43:09 | i — | [  FINAL  ]   245 routes  vb  ac_complete  k=6  λ=0.8  solver=pyvrp
22:43:09 | i — | [  FINAL  ]   242 routes  vb  ac_complete  k=3  λ=0.8  solver=filo2
22:43:09 | i — | [  FINAL  ]   238 routes  vb  ac_complete  k=8  λ=0.6  solver=filo
22:43:09 | i — | [  FINAL  ]   235 routes  vb  fcm  k=8  λ=0.4  solver=filo
22:43:09 | i — | [  FINAL  ]   234 routes  vb  kmedoids  k=8  λ=0.6  solver=pyvrp
22:43:09 | i — | [  FINAL  ]   234 routes  rb  ac_avg  k=2  λ=0.0  solver=filo
22:43:09 | i — | [  FINAL  ]   232 routes  vb  kmeans  k=8  λ=0.4  solver=filo2
22:43:09 | i — | [  FINAL  ]   231 routes  vb  kmeans  k=3  λ=0.0  solver=filo
22:43:09 | i — | [  FINAL  ]   228 routes  vb  ac_complete  k=8  λ=1.0  solver=ails2
22:43:09 | i — | [  FINAL  ]   227 routes  rb  ac_avg  k=2  λ=0.2  solver=filo
22:43:09 | i — | [  FINAL  ]   226 routes  vb  ac_complete  k=2  λ=1.0  solver=filo2
22:43:09 | i — | [  FINAL  ]   225 routes  vb  fcm  k=8  λ=0.6  solver=filo
22:43:09 | i — | [  FINAL  ]   224 routes  vb  ac_complete  k=10  λ=0.6  solver=filo
22:43:09 | i — | [  FINAL  ]   222 routes  vb  kmedoids  k=12  λ=0.6  solver=ails2
22:43:09 | i — | [  FINAL  ]   222 routes  vb  ac_complete  k=8  λ=0.8  solver=ails2
22:43:09 | i — | [  FINAL  ]   222 routes  vb  ac_complete  k=10  λ=0.4  solver=filo
22:43:09 | i — | [  FINAL  ]   221 routes  vb  kmedoids  k=10  λ=0.6  solver=filo2
22:43:09 | i — | [  FINAL  ]   221 routes  rb  ac_complete  k=6  λ=0.8  solver=filo
22:43:09 | i — | [  FINAL  ]   220 routes  vb  fcm  k=12  λ=0.6  solver=ails2
22:43:09 | i — | [  FINAL  ]   218 routes  vb  kmeans  k=6  λ=0.4  solver=ails2
22:43:09 | i — | [  FINAL  ]   216 routes  vb  kmeans  k=3  λ=0.6  solver=ails2
22:43:09 | i — | [  FINAL  ]   214 routes  vb  ac_avg  k=3  λ=0.8  solver=filo
22:43:09 | i — | [  FINAL  ]   213 routes  vb  ac_complete  k=3  λ=0.6  solver=filo
22:43:09 | i — | [  FINAL  ]   209 routes  vb  kmedoids  k=3  λ=0.6  solver=ails2
22:43:09 | i — | [  FINAL  ]   206 routes  vb  kmedoids  k=8  λ=0.8  solver=ails2
22:43:09 | i — | [  FINAL  ]   203 routes  vb  ac_complete  k=6  λ=0.8  solver=filo2
22:43:09 | i — | [  FINAL  ]   201 routes  vb  ac_avg  k=8  λ=0.6  solver=ails2
22:43:09 | i — | [  FINAL  ]   201 routes  rb  kmeans  k=8  λ=0.4  solver=filo
22:43:09 | i — | [  FINAL  ]   200 routes  vb  ac_avg  k=8  λ=0.8  solver=ails2
22:43:09 | i — | [  FINAL  ]   196 routes  vb  fcm  k=8  λ=0.6  solver=ails2
22:43:09 | i — | [  FINAL  ]   195 routes  vb  ac_avg  k=2  λ=0.6  solver=ails2
22:43:09 | i — | [  FINAL  ]   192 routes  rb  kmeans  k=8  λ=0.8  solver=filo2
22:43:09 | i — | [  FINAL  ]   168 routes  rb  ac_complete  k=8  λ=0.2  solver=ails2
22:43:09 | i — | [  FINAL  ]   123 routes  rb  ac_avg  k=2  λ=0.8  solver=ails2
22:43:09 | i — | [  FINAL  ]   114 routes  vb  ac_avg  k=4  λ=0.6  solver=filo
22:43:09 | i — | [  FINAL  ]   111 routes  vb  ac_complete  k=8  λ=0.6  solver=filo2
22:43:09 | i — | [  FINAL  ]   109 routes  vb  kmedoids  k=8  λ=0.4  solver=filo
22:43:09 | i — | [  FINAL  ]   99 routes  rb  ac_complete  k=3  λ=0.8  solver=ails2
22:43:09 | i — | [  FINAL  ]   99 routes  rb  ac_complete  k=2  λ=0.6  solver=ails2
22:43:09 | i — | [  FINAL  ]   96 routes  vb  ac_complete  k=12  λ=1.0  solver=ails2
22:43:09 | i — | [  FINAL  ]   95 routes  rb  ac_avg  k=3  λ=0.6  solver=ails2
22:43:09 | i — | [  FINAL  ]   94 routes  rb  ac_complete  k=3  λ=0.4  solver=ails2
22:43:09 | i — | [  FINAL  ]   81 routes  rb  kmeans  k=10  λ=0.0  solver=ails2
22:43:09 | i — | [  FINAL  ]   9 routes  vb  ac_avg  k=8  λ=1.0  solver=filo
22:43:09 | i — | [  FINAL  ]   5 routes  vb  ac_avg  k=10  λ=0.8  solver=ails2
22:43:09 | i — | [  FINAL  ]   4 routes  vb  ac_complete  k=3  λ=0.8  solver=ails2
22:43:09 | i — | [  FINAL  ]   3 routes  rb  ac_complete  k=3  λ=1.0  solver=ails2
22:43:09 | i — | [  FINAL  ]   3 routes  vb  ac_complete  k=10  λ=0.4  solver=filo2
22:43:09 | i — | [  FINAL  ]   3 routes  vb  kmeans  k=4  λ=0.6  solver=filo2
22:43:09 | i — | [  FINAL  ]   3 routes  vb  kmeans  k=3  λ=0.6  solver=filo
22:43:09 | i — | [  FINAL  ]   2 routes  vb  fcm  k=10  λ=0.8  solver=ails2
22:43:09 | i — | [  FINAL  ]   2 routes  rb  ac_complete  k=6  λ=0.6  solver=filo
22:43:09 | i — | [  FINAL  ]   2 routes  vb  ac_avg  k=2  λ=0.8  solver=filo2
22:43:09 | i — | [  FINAL  ]   2 routes  rb  ac_complete  k=2  λ=0.4  solver=ails2
22:43:09 | i — | [  FINAL  ]   2 routes  rb  kmeans  k=6  λ=0.0  solver=ails2
22:43:09 | i — | [  FINAL  ]   1 routes  rb  ac_avg  k=10  λ=0.4  solver=filo
22:43:09 | i — | [  FINAL  ]   1 routes  vb  ac_complete  k=2  λ=1.0  solver=filo
22:43:09 | i — | [  FINAL  ]   1 routes  rb  ac_complete  k=3  λ=0.0  solver=pyvrp
22:43:09 | i — | [  FINAL  ]   1 routes  rb  ac_complete  k=3  λ=0.8  solver=filo2
22:43:09 | i — | [  FINAL  ]   1 routes  rb  kmeans  k=8  λ=1.0  solver=filo2
22:43:09 | i — | [  FINAL  ]   1 routes  rb  kmeans  k=8  λ=0.6  solver=ails2
22:43:09 | i — | [  FINAL  ]   107 routes  post-SP/SC improvement
22:43:09 | i — | [  FINAL  ] ════════════════════════════════════════
