17:01:09 | i — | [  INIT   ] ════════════════════════════════════════
17:01:09 | i — | [  INIT   ] DRISPI  instance=X-n4340-k148  n=4339  capacity=2204
17:01:09 | i — | [  INIT   ] k domain (computed at init): [2, 3, 4, 6, 8, 10, 12, 15]  k_ext=16  k_min=148  k_ext_bound=n_bound  spacing_rejected=2
17:01:09 | i — | [  INIT   ] ══════════════════════════════════════════════════════
17:01:09 | i — | [  INIT   ] CONFIGURATION
17:01:09 | i — | [  INIT   ] ── stopping ────────────────────────────────
17:01:09 | i — | [  INIT   ]   time_limit                  = 7200.0
17:01:09 | i — | [  INIT   ]   max_no_improve              = 1000000000
17:01:09 | i — | [  INIT   ] ── parallelism ─────────────────────────────
17:01:09 | i — | [  INIT   ]   n_workers                   = 8
17:01:09 | i — | [  INIT   ] ── cores ───────────────────────────────────
17:01:09 | i — | [  INIT   ]   cores_total                 = 8
17:01:09 | i — | [  INIT   ]   cores_dri                   = 6
17:01:09 | i — | [  INIT   ]   cores_bg                    = 1
17:01:09 | i — | [  INIT   ]   cores_sp                    = 1
17:01:09 | i — | [  INIT   ]   cores_cpu_list              = None
17:01:09 | i — | [  INIT   ] ── sp/sc ───────────────────────────────────
17:01:09 | i — | [  INIT   ]   sp_sc_mode                  = async
17:01:09 | i — | [  INIT   ]   sp_sc_trigger               = wallclock
17:01:09 | i — | [  INIT   ]   interval_minutes            = 20.0
17:01:09 | i — | [  INIT   ]   overlap_policy              = skip
17:01:09 | i — | [  INIT   ]   warmup_iterations           = 5
17:01:09 | i — | [  INIT   ]   sp_interval                 = 3
17:01:09 | i — | [  INIT   ]   min_coverage                = 5
17:01:09 | i — | [  INIT   ]   sp_time_limit               = 720.0
17:01:09 | i — | [  INIT   ]   mip_gap                     = 0.00025
17:01:09 | i — | [  INIT   ] ── decomposition ───────────────────────────
17:01:09 | i — | [  INIT   ]   decomp_k_base_arms          = [2, 3, 4, 6, 8, 10, 12]
17:01:09 | i — | [  INIT   ]   decomp_k_max_arms           = 10
17:01:09 | i — | [  INIT   ]   decomp_k_ext_per_1000       = 4
17:01:09 | i — | [  INIT   ]   decomp_k_min_routes_per_cluster= 8
17:01:09 | i — | [  INIT   ]   decomp_k_min_arm_spacing    = 2
17:01:09 | i — | [  INIT   ]   subcluster_rate_s_per_customer= 0.06
17:01:09 | i — | [  INIT   ]   subcluster_floor_s          = 5.0
17:01:09 | i — | [  INIT   ] ── bg_ails ─────────────────────────────────
17:01:09 | i — | [  INIT   ]   bg_ails_mode                = async
17:01:09 | i — | [  INIT   ]   bg_ails_crash_threshold     = 1
17:01:09 | i — | [  INIT   ]   bg_ails_budget_mode         = predicted_dr_wall
17:01:09 | i — | [  INIT   ]   bg_ails_budget_floor_s      = 60.0
17:01:09 | i — | [  INIT   ]   bg_ails_budget_margin       = 1.0
17:01:09 | i — | [  INIT   ]   bg_ails_wall_model_scale    = 0.976
17:01:09 | i — | [  INIT   ]   bg_ails_wall_model_wave_exponent= -0.18
17:01:09 | i — | [  INIT   ]   bg_ails_initial_omega       = 10
17:01:09 | i — | [  INIT   ]   bg_ails_boundary_threshold  = 0.5
17:01:09 | i — | [  INIT   ]   bg_ails_small_cluster_cap   = 20
17:01:09 | i — | [  INIT   ]   bg_ails_small_cluster_alpha = 0.5
17:01:09 | i — | [  INIT   ]   bg_ails_pair_selection      = greedy
17:01:09 | i — | [  INIT   ]   bg_ails_n_chains_mode       = k
17:01:09 | i — | [  INIT   ] ── standard_improvement ────────────────────
17:01:09 | i — | [  INIT   ]   standard_improvement_time_limit= 360.0
17:01:09 | i — | [  INIT   ] ── pool ────────────────────────────────────
17:01:09 | i — | [  INIT   ]   max_pool_size               = 10000
17:01:09 | i — | [  INIT   ]   pool_diversity_weight       = 0.5
17:01:09 | i — | [  INIT   ] ── haos ────────────────────────────────────
17:01:09 | i — | [  INIT   ]   haos_decay                  = 0.95
17:01:09 | i — | [  INIT   ]   haos_warmup                 = 10
17:01:09 | i — | [  INIT   ]   haos_starting_weight        = 10.0
17:01:09 | i — | [  INIT   ]   haos_min_weight_k           = 0.025
17:01:09 | i — | [  INIT   ]   haos_min_weight_lambda      = 0.05
17:01:09 | i — | [  INIT   ]   haos_min_weight_paradigm    = 0.1
17:01:09 | i — | [  INIT   ]   haos_min_weight_vertex_method= 0.05
17:01:09 | i — | [  INIT   ]   haos_min_weight_route_method= 0.05
17:01:09 | i — | [  INIT   ]   haos_min_weight_solver      = 0.05
17:01:09 | i — | [  INIT   ]   haos_lambda_demand_values   = [0.0, 0.2, 0.4, 0.6, 0.8, 1.0]
17:01:09 | i — | [  INIT   ]   haos_paradigm_values        = ['vertex', 'route']
17:01:09 | i — | [  INIT   ]   haos_vertex_method_values   = ['kmeans', 'agglomerative_avg', 'agglomerative_complete', 'kmedoids', 'fcm']
17:01:09 | i — | [  INIT   ]   haos_route_method_values    = ['kmeans', 'agglomerative_avg', 'agglomerative_complete']
17:01:09 | i — | [  INIT   ]   haos_solver_values          = ['pyvrp', 'filo', 'filo2', 'ails2']
17:01:09 | i — | [  INIT   ] ── haos_rewards ────────────────────────────
17:01:09 | i — | [  INIT   ]   haos_reward_new_best        = 10.0
17:01:09 | i — | [  INIT   ]   haos_reward_improvement     = 4.0
17:01:09 | i — | [  INIT   ]   haos_reward_no_improvement  = 1.0
17:01:09 | i — | [  INIT   ]   haos_reward_no_solution     = 0.0
17:01:09 | i — | [  INIT   ]   haos_deferred_new_best      = 7.0
17:01:09 | i — | [  INIT   ]   haos_deferred_improvement   = 3.0
17:01:09 | i — | [  INIT   ]   haos_deferred_no_improvement= 0.0
17:01:09 | i — | [  INIT   ] ── seed ────────────────────────────────────
17:01:09 | i — | [  INIT   ]   seed                        = 30
17:01:09 | i — | [  INIT   ] ── output ──────────────────────────────────
17:01:09 | i — | [  INIT   ]   output_dir                  = /app/artifacts/final_benchmark/runs/X-n4340-k148/seed30
17:01:09 | i — | [  INIT   ]   run_analysis                = False
17:01:09 | i — | [  INIT   ] ══════════════════════════════════════════════════════
17:01:09 | i — | [  INIT   ] BKS=243895.00
17:01:09 | i — | [  INIT   ] ════════════════════════════════════════
17:01:09 | i 1 | [HAOS ROLL] k=10  λ=1.0  vb  ac_avg  filo  P≈0.000521
17:01:14 | i 1 | [Phase 1/3] decompose  5.49s / — / —  λ=1.0  vb ac_avg
17:02:12 | i 1 | [Phase 2/3] route  58.17s / 56.88s / 102.3%  filo  k=10
17:02:12 | i 1 | [ IMPROVE ] 252254.00  via decompose_route  ·  Δ_BKS=+3.43%
17:02:12 | i 1 | [HAOS ROLL] k=10  λ=1.0  vb  ac_avg  filo  P≈0.000521
17:02:12 | i 1 | [ Summary ] cost=252254.00  Δ_S*=+0.00%  Δ_BKS=+3.43%  Δ_S*_BKS=+3.43%  no_improve=0
17:02:12 | i 2 | [HAOS ROLL] k=3  λ=1.0  rb  ac_complete  ails2  P≈0.000868
17:02:14 | i 2 | [Phase 1/3] decompose  1.38s / — / —  λ=1.0  rb ac_complete
17:04:22 | i 2 | [Phase 2/3] route  127.82s / 125.04s / 102.2%  ails2  k=3
17:04:22 | i 1 | [ IMPROVE ] 246430.00  via bg_ails  ·  Δ_BKS=+1.04%
17:04:22 | i 1 | [ ASYNC BG] bg_ails  88.14s / 80.43s / 109.6%
17:04:22 | i 2 | [HAOS ROLL] k=3  λ=1.0  rb  ac_complete  ails2  P≈0.000868
17:04:22 | i 2 | [ Summary ] cost=247013.00  Δ_S*=+0.24%  Δ_BKS=+1.28%  Δ_S*_BKS=+1.04%  no_improve=1
17:04:22 | i 3 | [HAOS ROLL] k=12  λ=0.4  vb  ac_complete  filo2  P≈0.000521
17:04:24 | i 3 | [Phase 1/3] decompose  1.94s / — / —  λ=0.4  vb ac_complete
17:05:18 | i 3 | [Phase 2/3] route  54.12s / 54.12s / 100.0%  filo2  k=12
17:06:31 | i 2 | [ IMPROVE ] 246048.00  via bg_ails  ·  Δ_BKS=+0.88%
17:06:31 | i 2 | [ ASYNC BG] bg_ails  129.53s / 122.04s / 106.1%
17:06:31 | i 3 | [HAOS ROLL] k=12  λ=0.4  vb  ac_complete  filo2  P≈0.000521
17:06:31 | i 3 | [ Summary ] cost=252498.00  Δ_S*=+2.62%  Δ_BKS=+3.53%  Δ_S*_BKS=+0.88%  no_improve=1
17:06:31 | i 4 | [HAOS ROLL] k=12  λ=0.8  vb  fcm  ails2  P≈0.000521
17:06:34 | i 4 | [Phase 1/3] decompose  2.73s / — / —  λ=0.8  vb fcm
17:07:29 | i 4 | [Phase 2/3] route  55.13s / 31.62s / 174.4%  ails2  k=12
17:07:50 | i 3 | [ ASYNC BG] bg_ails  78.46s / 71.85s / 109.2%
17:07:50 | i 4 | [HAOS ROLL] k=12  λ=0.8  vb  fcm  ails2  P≈0.000521
17:07:50 | i 4 | [ Summary ] cost=251498.00  Δ_S*=+2.22%  Δ_BKS=+3.12%  Δ_S*_BKS=+0.88%  no_improve=3
17:07:50 | i 5 | [HAOS ROLL] k=4  λ=0.8  vb  ac_complete  ails2  P≈0.000521
17:07:52 | i 5 | [Phase 1/3] decompose  2.04s / — / —  λ=0.8  vb ac_complete
17:09:27 | i 5 | [Phase 2/3] route  95.58s / 93.36s / 102.4%  ails2  k=4
17:09:27 | i 4 | [ ASYNC BG] bg_ails  67.66s / 60.00s / 112.8%
17:09:27 | i 5 | [HAOS ROLL] k=4  λ=0.8  vb  ac_complete  ails2  P≈0.000521
17:09:27 | i 5 | [ Summary ] cost=246842.00  Δ_S*=+0.32%  Δ_BKS=+1.21%  Δ_S*_BKS=+0.88%  no_improve=5
17:09:27 | i 6 | [HAOS ROLL] k=2  λ=0.0  rb  kmeans  filo  P≈0.000868
17:09:28 | i 6 | [Phase 1/3] decompose  1.10s / — / —  λ=0.0  rb kmeans
17:11:48 | i 6 | [Phase 2/3] route  139.37s / 138.90s / 100.3%  filo  k=2
17:11:48 | i 5 | [ ASYNC BG] bg_ails  98.61s / 91.12s / 108.2%
17:11:48 | i 6 | [HAOS ROLL] k=2  λ=0.0  rb  kmeans  filo  P≈0.000868
17:11:48 | i 6 | [ Summary ] cost=246490.00  Δ_S*=+0.18%  Δ_BKS=+1.06%  Δ_S*_BKS=+0.88%  no_improve=7
17:11:48 | i 7 | [HAOS ROLL] k=12  λ=0.6  rb  ac_avg  filo  P≈0.000868
17:11:49 | i 7 | [Phase 1/3] decompose  1.39s / — / —  λ=0.6  rb ac_avg
17:12:50 | i 7 | [Phase 2/3] route  60.14s / 49.26s / 122.1%  filo  k=12
17:14:10 | i 6 | [ IMPROVE ] 245795.00  via bg_ails  ·  Δ_BKS=+0.78%
17:14:10 | i 6 | [ ASYNC BG] bg_ails  142.32s / 135.57s / 105.0%
17:14:10 | i 7 | [HAOS ROLL] k=12  λ=0.6  rb  ac_avg  filo  P≈0.000868
17:14:10 | i 7 | [ Summary ] cost=249283.00  Δ_S*=+1.42%  Δ_BKS=+2.21%  Δ_S*_BKS=+0.78%  no_improve=1
17:14:10 | i 8 | [HAOS ROLL] k=6  λ=0.6  rb  ac_complete  filo  P≈0.000868
17:14:12 | i 8 | [Phase 1/3] decompose  1.48s / — / —  λ=0.6  rb ac_complete
17:15:22 | i 8 | [Phase 2/3] route  70.20s / 70.20s / 100.0%  filo  k=6
17:15:24 | i 7 | [ ASYNC BG] bg_ails  73.56s / 66.73s / 110.2%
17:15:24 | i 8 | [HAOS ROLL] k=6  λ=0.6  rb  ac_complete  filo  P≈0.000868
17:15:24 | i 8 | [ Summary ] cost=248219.00  Δ_S*=+0.99%  Δ_BKS=+1.77%  Δ_S*_BKS=+0.78%  no_improve=3
17:15:24 | i 9 | [HAOS ROLL] k=12  λ=0.8  vb  ac_avg  ails2  P≈0.000521
17:15:26 | i 9 | [Phase 1/3] decompose  2.12s / — / —  λ=0.8  vb ac_avg
17:16:27 | i 9 | [Phase 2/3] route  61.31s / 57.66s / 106.3%  ails2  k=12
17:16:39 | i 8 | [ ASYNC BG] bg_ails  75.56s / 68.52s / 110.3%
17:16:39 | i 9 | [HAOS ROLL] k=12  λ=0.8  vb  ac_avg  ails2  P≈0.000521
17:16:39 | i 9 | [ Summary ] cost=251896.00  Δ_S*=+2.48%  Δ_BKS=+3.28%  Δ_S*_BKS=+0.78%  no_improve=5
17:16:39 | i 10 | [HAOS ROLL] k=10  λ=0.4  rb  ac_avg  filo  P≈0.000868
17:16:41 | i 10 | [Phase 1/3] decompose  1.58s / — / —  λ=0.4  rb ac_avg
17:17:43 | i 10 | [Phase 2/3] route  62.14s / 40.26s / 154.4%  filo  k=10
17:18:01 | i 9 | [ ASYNC BG] bg_ails  81.55s / 74.23s / 109.9%
17:18:01 | i 10 | [HAOS ROLL] k=10  λ=0.4  rb  ac_avg  filo  P≈0.000868
17:18:01 | i 10 | [ Summary ] cost=251047.00  Δ_S*=+2.14%  Δ_BKS=+2.93%  Δ_S*_BKS=+0.78%  no_improve=7
17:18:01 | i 6 | [ASYNC 1/2] sp_sc  0.98s / 720.00s / 0.1%  SP  avg_coverage=10.95/5  pool=1647
17:18:01 | i 6 | [ASYNC 2/2] standard_ails  366.37s / 360.00s / 101.8%
17:18:07 | i 6 | [ IMPROVE ] 245674.00  via standard_ails  ·  Δ_BKS=+0.73%
17:18:07 | i 11 | [HAOS ROLL] k=3  λ=0.8  vb  ac_avg  filo2  P≈0.000521
17:18:09 | i 11 | [Phase 1/3] decompose  2.05s / — / —  λ=0.8  vb ac_avg
17:20:19 | i 11 | [Phase 2/3] route  129.35s / 129.00s / 100.3%  filo2  k=3
17:20:19 | i 10 | [ ASYNC BG] bg_ails  72.38s / 65.18s / 111.0%
17:20:19 | i 11 | [HAOS ROLL] k=3  λ=0.8  vb  ac_avg  filo2  P≈0.000521
17:20:19 | i 11 | [ Summary ] cost=247149.00  Δ_S*=+0.60%  Δ_BKS=+1.33%  Δ_S*_BKS=+0.73%  no_improve=2
17:20:19 | i 12 | [HAOS ROLL] k=2  λ=1.0  vb  ac_complete  filo  P≈0.000733
17:20:21 | i 12 | [Phase 1/3] decompose  2.05s / — / —  λ=1.0  vb ac_complete
17:23:27 | i 12 | [Phase 2/3] route  186.61s / 185.82s / 100.4%  filo  k=2
17:23:27 | i 11 | [ ASYNC BG] bg_ails  132.58s / 125.90s / 105.3%
17:23:28 | i 12 | [HAOS ROLL] k=2  λ=1.0  vb  ac_complete  filo  P≈0.000733
17:23:28 | i 12 | [ Summary ] cost=246984.00  Δ_S*=+0.53%  Δ_BKS=+1.27%  Δ_S*_BKS=+0.73%  no_improve=4
17:23:28 | i 13 | [HAOS ROLL] k=3  λ=0.0  rb  ac_complete  pyvrp  P≈0.001720
17:23:29 | i 13 | [Phase 1/3] decompose  1.10s / — / —  λ=0.0  rb ac_complete
17:25:41 | i 13 | [Phase 2/3] route  132.14s / 121.14s / 109.1%  pyvrp  k=3
17:26:36 | i 12 | [ ASYNC BG] bg_ails  188.55s / 181.36s / 104.0%
17:26:36 | i 13 | [HAOS ROLL] k=3  λ=0.0  rb  ac_complete  pyvrp  P≈0.001720
17:26:36 | i 13 | [ Summary ] cost=252778.00  Δ_S*=+2.89%  Δ_BKS=+3.64%  Δ_S*_BKS=+0.73%  no_improve=6
17:26:36 | i 14 | [HAOS ROLL] k=4  λ=0.4  vb  kmeans  filo2  P≈0.000234
17:26:38 | i 14 | [Phase 1/3] decompose  1.41s / — / —  λ=0.4  vb kmeans
17:27:53 | i 14 | [Phase 2/3] route  75.18s / 75.30s / 99.8%  filo2  k=4
17:28:41 | i 13 | [ ASYNC BG] bg_ails  125.11s / 118.23s / 105.8%
17:28:41 | i 14 | [HAOS ROLL] k=4  λ=0.4  vb  kmeans  filo2  P≈0.000234
17:28:41 | i 14 | [ Summary ] cost=247310.00  Δ_S*=+0.67%  Δ_BKS=+1.40%  Δ_S*_BKS=+0.73%  no_improve=8
17:28:41 | i 15 | [HAOS ROLL] k=4  λ=0.0  vb  kmeans  ails2  P≈0.000443
17:28:42 | i 15 | [Phase 1/3] decompose  1.08s / — / —  λ=0.0  vb kmeans
17:29:59 | i 15 | [Phase 2/3] route  76.58s / 74.10s / 103.3%  ails2  k=4
17:30:02 | i 14 | [ ASYNC BG] bg_ails  80.51s / 73.49s / 109.5%
17:30:02 | i 15 | [HAOS ROLL] k=4  λ=0.0  vb  kmeans  ails2  P≈0.000443
17:30:02 | i 15 | [ Summary ] cost=245982.00  Δ_S*=+0.13%  Δ_BKS=+0.86%  Δ_S*_BKS=+0.73%  no_improve=10
17:30:02 | i 16 | [HAOS ROLL] k=8  λ=1.0  vb  kmeans  filo  P≈0.000773
17:30:03 | i 16 | [Phase 1/3] decompose  1.41s / — / —  λ=1.0  vb kmeans
17:31:00 | i 16 | [Phase 2/3] route  57.15s / 56.58s / 101.0%  filo  k=8
17:31:21 | i 15 | [ ASYNC BG] bg_ails  79.23s / 72.32s / 109.5%
17:31:21 | i 16 | [HAOS ROLL] k=8  λ=1.0  vb  kmeans  filo  P≈0.000773
17:31:21 | i 16 | [ Summary ] cost=250970.00  Δ_S*=+2.16%  Δ_BKS=+2.90%  Δ_S*_BKS=+0.73%  no_improve=12
17:31:21 | i 17 | [HAOS ROLL] k=3  λ=0.8  rb  ac_complete  filo2  P≈0.001110
17:31:22 | i 17 | [Phase 1/3] decompose  1.46s / — / —  λ=0.8  rb ac_complete
17:33:24 | i 17 | [Phase 2/3] route  121.31s / 121.14s / 100.1%  filo2  k=3
17:33:24 | i 16 | [ ASYNC BG] bg_ails  72.57s / 65.70s / 110.5%
17:33:24 | i 17 | [HAOS ROLL] k=3  λ=0.8  rb  ac_complete  filo2  P≈0.001110
17:33:24 | i 17 | [ Summary ] cost=247362.00  Δ_S*=+0.69%  Δ_BKS=+1.42%  Δ_S*_BKS=+0.73%  no_improve=14
17:33:24 | i 18 | [HAOS ROLL] k=8  λ=1.0  rb  kmeans  filo2  P≈0.000886
17:33:25 | i 18 | [Phase 1/3] decompose  1.47s / — / —  λ=1.0  rb kmeans
17:34:31 | i 18 | [Phase 2/3] route  65.15s / 44.70s / 145.7%  filo2  k=8
17:35:29 | i 17 | [ ASYNC BG] bg_ails  125.60s / 118.23s / 106.2%
17:35:29 | i 18 | [HAOS ROLL] k=8  λ=1.0  rb  kmeans  filo2  P≈0.000886
17:35:30 | i 18 | [ Summary ] cost=252016.00  Δ_S*=+2.58%  Δ_BKS=+3.33%  Δ_S*_BKS=+0.73%  no_improve=16
17:35:30 | i 19 | [HAOS ROLL] k=8  λ=0.6  vb  kmedoids  filo  P≈0.000338
17:35:32 | i 19 | [Phase 1/3] decompose  2.64s / — / —  λ=0.6  vb kmedoids
17:36:32 | i 19 | [Phase 2/3] route  59.21s / 58.80s / 100.7%  filo  k=8
17:36:52 | i 18 | [ ASYNC BG] bg_ails  82.23s / 74.90s / 109.8%
17:36:52 | i 19 | [HAOS ROLL] k=8  λ=0.6  vb  kmedoids  filo  P≈0.000338
17:36:52 | i 19 | [ Summary ] cost=251100.00  Δ_S*=+2.21%  Δ_BKS=+2.95%  Δ_S*_BKS=+0.73%  no_improve=18
17:36:52 | i 20 | [HAOS ROLL] k=8  λ=0.4  vb  kmedoids  filo  P≈0.000474
17:36:54 | i 20 | [Phase 1/3] decompose  2.23s / — / —  λ=0.4  vb kmedoids
17:37:53 | i 20 | [Phase 2/3] route  59.15s / 58.56s / 101.0%  filo  k=8
17:38:17 | i 19 | [ ASYNC BG] bg_ails  85.58s / 78.98s / 108.4%
17:38:17 | i 20 | [HAOS ROLL] k=8  λ=0.4  vb  kmedoids  filo  P≈0.000474
17:38:17 | i 20 | [ Summary ] cost=251850.00  Δ_S*=+2.51%  Δ_BKS=+3.26%  Δ_S*_BKS=+0.73%  no_improve=20
17:38:17 | i 21 | [HAOS ROLL] k=15  λ=0.2  rb  ac_avg  filo  P≈0.000343
17:38:19 | i 21 | [Phase 1/3] decompose  1.42s / — / —  λ=0.2  rb ac_avg
17:39:14 | i 21 | [Phase 2/3] route  55.17s / 47.34s / 116.5%  filo  k=15
17:39:49 | i 20 | [ ASYNC BG] bg_ails  91.56s / 84.31s / 108.6%
17:39:49 | i 21 | [HAOS ROLL] k=15  λ=0.2  rb  ac_avg  filo  P≈0.000343
17:39:49 | i 21 | [ Summary ] cost=251808.00  Δ_S*=+2.50%  Δ_BKS=+3.24%  Δ_S*_BKS=+0.73%  no_improve=22
17:39:49 | i 22 | [HAOS ROLL] k=2  λ=0.2  rb  ac_complete  ails2  P≈0.000493
17:39:50 | i 22 | [Phase 1/3] decompose  1.51s / — / —  λ=0.2  rb ac_complete
17:42:13 | i 22 | [Phase 2/3] route  142.08s / 139.20s / 102.1%  ails2  k=2
17:42:13 | i 21 | [ ASYNC BG] bg_ails  75.57s / 68.81s / 109.8%
17:42:13 | i 22 | [ IMPROVE ] 245641.00  via decompose_route  ·  Δ_BKS=+0.72%
17:42:13 | i 22 | [HAOS ROLL] k=2  λ=0.2  rb  ac_complete  ails2  P≈0.000493
17:42:13 | i 22 | [ Summary ] cost=245641.00  Δ_S*=+0.00%  Δ_BKS=+0.72%  Δ_S*_BKS=+0.72%  no_improve=0
17:42:13 | i 17 | [ASYNC 1/2] sp_sc  105.96s / 720.00s / 14.7%  SP  avg_coverage=33.73/5  pool=5060
17:42:13 | i 17 | [ASYNC 2/2] standard_ails  366.44s / 360.00s / 101.8%
17:42:45 | i 17 | [ IMPROVE ] 245624.00  via standard_ails  ·  Δ_BKS=+0.71%
17:42:45 | i 23 | [HAOS ROLL] k=2  λ=0.4  vb  kmeans  filo  P≈0.001151
17:42:46 | i 23 | [Phase 1/3] decompose  1.37s / — / —  λ=0.4  vb kmeans
17:45:03 | i 23 | [Phase 2/3] route  137.40s / 137.16s / 100.2%  filo  k=2
17:45:03 | i 22 | [ ASYNC BG] bg_ails  142.51s / 135.86s / 104.9%
17:45:03 | i 23 | [HAOS ROLL] k=2  λ=0.4  vb  kmeans  filo  P≈0.001151
17:45:04 | i 23 | [ Summary ] cost=246890.00  Δ_S*=+0.52%  Δ_BKS=+1.23%  Δ_S*_BKS=+0.71%  no_improve=2
17:45:04 | i 24 | [HAOS ROLL] k=12  λ=0.8  rb  ac_complete  pyvrp  P≈0.000512
17:45:05 | i 24 | [Phase 1/3] decompose  1.55s / — / —  λ=0.8  rb ac_complete
17:46:01 | i 24 | [Phase 2/3] route  56.24s / 34.86s / 161.3%  pyvrp  k=12
17:47:24 | i 23 | [ ASYNC BG] bg_ails  140.60s / 133.87s / 105.0%
17:47:24 | i 24 | [HAOS ROLL] k=12  λ=0.8  rb  ac_complete  pyvrp  P≈0.000512
17:47:24 | i 24 | [ Summary ] cost=248877.00  Δ_S*=+1.32%  Δ_BKS=+2.04%  Δ_S*_BKS=+0.71%  no_improve=4
17:47:24 | i 25 | [HAOS ROLL] k=3  λ=0.2  rb  ac_complete  filo2  P≈0.003363
17:47:26 | i 25 | [Phase 1/3] decompose  1.48s / — / —  λ=0.2  rb ac_complete
17:49:36 | i 25 | [Phase 2/3] route  130.38s / 129.90s / 100.4%  filo2  k=3
17:49:36 | i 24 | [ ASYNC BG] bg_ails  67.54s / 60.00s / 112.6%
17:49:36 | i 25 | [HAOS ROLL] k=3  λ=0.2  rb  ac_complete  filo2  P≈0.003363
17:49:36 | i 25 | [ Summary ] cost=247813.00  Δ_S*=+0.89%  Δ_BKS=+1.61%  Δ_S*_BKS=+0.71%  no_improve=6
17:49:36 | i 26 | [HAOS ROLL] k=12  λ=0.8  rb  ac_complete  pyvrp  P≈0.001226
17:49:38 | i 26 | [Phase 1/3] decompose  1.47s / — / —  λ=0.8  rb ac_complete
17:50:34 | i 26 | [Phase 2/3] route  56.15s / 34.86s / 161.1%  pyvrp  k=12
17:51:50 | i 25 | [ ASYNC BG] bg_ails  133.60s / 126.78s / 105.4%
17:51:50 | i 26 | [HAOS ROLL] k=12  λ=0.8  rb  ac_complete  pyvrp  P≈0.001226
17:51:50 | i 26 | [ Summary ] cost=248889.00  Δ_S*=+1.33%  Δ_BKS=+2.05%  Δ_S*_BKS=+0.71%  no_improve=8
17:51:50 | i 27 | [HAOS ROLL] k=2  λ=0.2  rb  kmeans  ails2  P≈0.001112
17:51:51 | i 27 | [Phase 1/3] decompose  1.48s / — / —  λ=0.2  rb kmeans
17:54:07 | i 27 | [Phase 2/3] route  135.98s / 133.62s / 101.8%  ails2  k=2
17:54:07 | i 26 | [ ASYNC BG] bg_ails  67.55s / 60.00s / 112.6%
17:54:08 | i 27 | [HAOS ROLL] k=2  λ=0.2  rb  kmeans  ails2  P≈0.001112
17:54:08 | i 27 | [ Summary ] cost=245945.00  Δ_S*=+0.13%  Δ_BKS=+0.84%  Δ_S*_BKS=+0.71%  no_improve=10
17:54:08 | i 28 | [HAOS ROLL] k=8  λ=0.0  vb  ac_complete  ails2  P≈0.000271
17:54:09 | i 28 | [Phase 1/3] decompose  1.62s / — / —  λ=0.0  vb ac_complete
17:55:13 | i 28 | [Phase 2/3] route  63.60s / 61.98s / 102.6%  ails2  k=8
17:56:25 | i 27 | [ ASYNC BG] bg_ails  137.82s / 130.41s / 105.7%
17:56:25 | i 28 | [HAOS ROLL] k=8  λ=0.0  vb  ac_complete  ails2  P≈0.000271
17:56:25 | i 28 | [ Summary ] cost=249524.00  Δ_S*=+1.59%  Δ_BKS=+2.31%  Δ_S*_BKS=+0.71%  no_improve=12
17:56:25 | i 29 | [HAOS ROLL] k=6  λ=0.0  rb  kmeans  ails2  P≈0.000443
17:56:26 | i 29 | [Phase 1/3] decompose  1.06s / — / —  λ=0.0  rb kmeans
17:57:32 | i 29 | [Phase 2/3] route  65.84s / 63.12s / 104.3%  ails2  k=6
17:57:50 | i 28 | [ ASYNC BG] bg_ails  84.26s / 77.17s / 109.2%
17:57:50 | i 29 | [HAOS ROLL] k=6  λ=0.0  rb  kmeans  ails2  P≈0.000443
17:57:50 | i 29 | [ Summary ] cost=245722.00  Δ_S*=+0.04%  Δ_BKS=+0.75%  Δ_S*_BKS=+0.71%  no_improve=14
17:57:50 | i 30 | [HAOS ROLL] k=3  λ=0.2  rb  ac_complete  ails2  P≈0.004962
17:57:51 | i 30 | [Phase 1/3] decompose  1.40s / — / —  λ=0.2  rb ac_complete
18:00:03 | i 30 | [Phase 2/3] route  131.86s / 129.90s / 101.5%  ails2  k=3
18:00:03 | i 29 | [ ASYNC BG] bg_ails  69.03s / 61.61s / 112.0%
18:00:03 | i 30 | [HAOS ROLL] k=3  λ=0.2  rb  ac_complete  ails2  P≈0.004962
18:00:03 | i 30 | [ Summary ] cost=245832.00  Δ_S*=+0.08%  Δ_BKS=+0.79%  Δ_S*_BKS=+0.71%  no_improve=16
18:00:03 | i 31 | [HAOS ROLL] k=6  λ=1.0  vb  fcm  filo  P≈0.000236
18:00:05 | i 31 | [Phase 1/3] decompose  1.89s / — / —  λ=1.0  vb fcm
18:01:09 | i 31 | [Phase 2/3] route  64.19s / 63.84s / 100.5%  filo  k=6
18:02:17 | i 30 | [ ASYNC BG] bg_ails  134.33s / 126.78s / 106.0%
18:02:17 | i 31 | [HAOS ROLL] k=6  λ=1.0  vb  fcm  filo  P≈0.000236
18:02:18 | i 31 | [ Summary ] cost=247777.00  Δ_S*=+0.88%  Δ_BKS=+1.59%  Δ_S*_BKS=+0.71%  no_improve=18
18:02:18 | i 32 | [HAOS ROLL] k=2  λ=0.4  vb  kmeans  filo2  P≈0.000427
18:02:19 | i 32 | [Phase 1/3] decompose  1.44s / — / —  λ=0.4  vb kmeans
18:04:35 | i 32 | [Phase 2/3] route  136.39s / 136.44s / 100.0%  filo2  k=2
18:04:35 | i 31 | [ ASYNC BG] bg_ails  70.35s / 62.31s / 112.9%
18:04:36 | i 32 | [HAOS ROLL] k=2  λ=0.4  vb  kmeans  filo2  P≈0.000427
18:04:36 | i 32 | [ Summary ] cost=245801.00  Δ_S*=+0.07%  Δ_BKS=+0.78%  Δ_S*_BKS=+0.71%  no_improve=20
18:04:36 | i 33 | [HAOS ROLL] k=8  λ=0.4  rb  ac_avg  ails2  P≈0.000685
18:04:37 | i 33 | [Phase 1/3] decompose  1.45s / — / —  λ=0.4  rb ac_avg
18:05:39 | i 33 | [Phase 2/3] route  61.66s / 59.46s / 103.7%  ails2  k=8
18:06:56 | i 32 | [ ASYNC BG] bg_ails  140.78s / 133.17s / 105.7%
18:06:56 | i 33 | [ IMPROVE ] 245506.00  via decompose_route  ·  Δ_BKS=+0.66%
18:06:56 | i 33 | [HAOS ROLL] k=8  λ=0.4  rb  ac_avg  ails2  P≈0.000685
18:06:57 | i 33 | [ Summary ] cost=245506.00  Δ_S*=+0.00%  Δ_BKS=+0.66%  Δ_S*_BKS=+0.66%  no_improve=0
18:06:57 | i 34 | [HAOS ROLL] k=2  λ=0.6  vb  fcm  ails2  P≈0.000533
18:06:58 | i 34 | [Phase 1/3] decompose  1.48s / — / —  λ=0.6  vb fcm
18:09:40 | i 34 | [Phase 2/3] route  161.55s / 158.16s / 102.1%  ails2  k=2
18:09:40 | i 33 | [ ASYNC BG] bg_ails  68.58s / 61.82s / 110.9%
18:09:40 | i 34 | [HAOS ROLL] k=2  λ=0.6  vb  fcm  ails2  P≈0.000533
18:09:40 | i 34 | [ Summary ] cost=246409.00  Δ_S*=+0.37%  Δ_BKS=+1.03%  Δ_S*_BKS=+0.66%  no_improve=2
18:09:40 | i 35 | [HAOS ROLL] k=10  λ=0.8  vb  ac_avg  ails2  P≈0.000283
18:09:42 | i 35 | [Phase 1/3] decompose  2.03s / — / —  λ=0.8  vb ac_avg
18:10:41 | i 35 | [Phase 2/3] route  59.37s / 57.66s / 103.0%  ails2  k=10
18:12:22 | i 34 | [ ASYNC BG] bg_ails  162.29s / 154.36s / 105.1%
18:12:22 | i 35 | [HAOS ROLL] k=10  λ=0.8  vb  ac_avg  ails2  P≈0.000283
18:12:22 | i 35 | [ Summary ] cost=251514.00  Δ_S*=+2.45%  Δ_BKS=+3.12%  Δ_S*_BKS=+0.66%  no_improve=4
18:12:22 | i 36 | [HAOS ROLL] k=3  λ=0.2  rb  ac_complete  ails2  P≈0.002780
18:12:24 | i 36 | [Phase 1/3] decompose  1.43s / — / —  λ=0.2  rb ac_complete
18:14:46 | i 36 | [Phase 2/3] route  142.12s / 139.02s / 102.2%  ails2  k=3
18:14:46 | i 35 | [ ASYNC BG] bg_ails  67.56s / 60.22s / 112.2%
18:14:46 | i 36 | [HAOS ROLL] k=3  λ=0.2  rb  ac_complete  ails2  P≈0.002780
18:14:47 | i 36 | [ Summary ] cost=245759.00  Δ_S*=+0.10%  Δ_BKS=+0.76%  Δ_S*_BKS=+0.66%  no_improve=6
18:14:47 | i 37 | [HAOS ROLL] k=8  λ=0.2  rb  ac_complete  filo  P≈0.002070
18:14:48 | i 37 | [Phase 1/3] decompose  1.44s / — / —  λ=0.2  rb ac_complete
18:15:49 | i 37 | [Phase 2/3] route  61.19s / 61.32s / 99.8%  filo  k=8
18:17:09 | i 36 | [ ASYNC BG] bg_ails  142.57s / 135.68s / 105.1%
18:17:09 | i 37 | [HAOS ROLL] k=8  λ=0.2  rb  ac_complete  filo  P≈0.002070
18:17:09 | i 37 | [ Summary ] cost=250638.00  Δ_S*=+2.09%  Δ_BKS=+2.76%  Δ_S*_BKS=+0.66%  no_improve=8
18:17:09 | i 27 | [ASYNC 1/2] sp_sc  962.79s / 720.00s / 133.7%  SP  avg_coverage=52.56/5  pool=7881
18:17:09 | i 27 | [ASYNC 2/2] standard_ails  366.35s / 360.00s / 101.8%
18:18:18 | i 38 | [HAOS ROLL] k=3  λ=0.4  rb  kmeans  filo2  P≈0.001037
18:18:19 | i 38 | [Phase 1/3] decompose  1.41s / — / —  λ=0.4  rb kmeans
18:20:02 | i 38 | [Phase 2/3] route  102.28s / 101.82s / 100.4%  filo2  k=3
18:20:02 | i 37 | [ ASYNC BG] bg_ails  74.48s / 67.82s / 109.8%
18:20:02 | i 38 | [HAOS ROLL] k=3  λ=0.4  rb  kmeans  filo2  P≈0.001037
18:20:02 | i 38 | [ Summary ] cost=247090.00  Δ_S*=+0.65%  Δ_BKS=+1.31%  Δ_S*_BKS=+0.66%  no_improve=11
18:20:02 | i 39 | [HAOS ROLL] k=8  λ=1.0  vb  ac_avg  filo  P≈0.000606
18:20:04 | i 39 | [Phase 1/3] decompose  1.94s / — / —  λ=1.0  vb ac_avg
18:21:04 | i 39 | [Phase 2/3] route  59.16s / 59.46s / 99.5%  filo  k=8
18:21:49 | i 38 | [ ASYNC BG] bg_ails  106.83s / 99.38s / 107.5%
18:21:49 | i 39 | [HAOS ROLL] k=8  λ=1.0  vb  ac_avg  filo  P≈0.000606
18:21:49 | i 39 | [ Summary ] cost=250169.00  Δ_S*=+1.90%  Δ_BKS=+2.57%  Δ_S*_BKS=+0.66%  no_improve=13
18:21:49 | i 40 | [HAOS ROLL] k=12  λ=0.0  rb  kmeans  ails2  P≈0.000866
18:21:50 | i 40 | [Phase 1/3] decompose  1.08s / — / —  λ=0.0  rb kmeans
18:22:44 | i 40 | [Phase 2/3] route  53.20s / 35.28s / 150.8%  ails2  k=12
18:23:18 | i 39 | [ ASYNC BG] bg_ails  89.63s / 82.65s / 108.4%
18:23:19 | i 40 | [HAOS ROLL] k=12  λ=0.0  rb  kmeans  ails2  P≈0.000866
18:23:19 | i 40 | [ Summary ] cost=245508.00  Δ_S*=+0.00%  Δ_BKS=+0.66%  Δ_S*_BKS=+0.66%  no_improve=15
18:23:19 | i 41 | [HAOS ROLL] k=12  λ=0.2  vb  fcm  ails2  P≈0.000852
18:23:21 | i 41 | [Phase 1/3] decompose  2.09s / — / —  λ=0.2  vb fcm
18:24:16 | i 41 | [Phase 2/3] route  55.22s / 31.62s / 174.6%  ails2  k=12
18:24:25 | i 40 | [ ASYNC BG] bg_ails  67.23s / 60.00s / 112.0%
18:24:26 | i 41 | [HAOS ROLL] k=12  λ=0.2  vb  fcm  ails2  P≈0.000852
18:24:26 | i 41 | [ Summary ] cost=251540.00  Δ_S*=+2.46%  Δ_BKS=+3.13%  Δ_S*_BKS=+0.66%  no_improve=17
18:24:26 | i 42 | [HAOS ROLL] k=3  λ=0.6  rb  ac_avg  ails2  P≈0.000926
18:24:27 | i 42 | [Phase 1/3] decompose  1.36s / — / —  λ=0.6  rb ac_avg
18:26:52 | i 42 | [Phase 2/3] route  145.00s / 142.80s / 101.5%  ails2  k=3
18:26:52 | i 41 | [ ASYNC BG] bg_ails  67.62s / 60.00s / 112.7%
18:26:53 | i 42 | [HAOS ROLL] k=3  λ=0.6  rb  ac_avg  ails2  P≈0.000926
18:26:53 | i 42 | [ Summary ] cost=245667.00  Δ_S*=+0.07%  Δ_BKS=+0.73%  Δ_S*_BKS=+0.66%  no_improve=19
18:26:53 | i 43 | [HAOS ROLL] k=6  λ=0.2  rb  ac_complete  filo2  P≈0.000932
18:26:55 | i 43 | [Phase 1/3] decompose  1.46s / — / —  λ=0.2  rb ac_complete
18:27:56 | i 43 | [Phase 2/3] route  61.20s / 61.32s / 99.8%  filo2  k=6
18:29:19 | i 42 | [ ASYNC BG] bg_ails  146.51s / 139.37s / 105.1%
18:29:19 | i 43 | [HAOS ROLL] k=6  λ=0.2  rb  ac_complete  filo2  P≈0.000932
18:29:20 | i 43 | [ Summary ] cost=247833.00  Δ_S*=+0.95%  Δ_BKS=+1.61%  Δ_S*_BKS=+0.66%  no_improve=21
18:29:20 | i 44 | [HAOS ROLL] k=8  λ=0.4  vb  kmedoids  ails2  P≈0.001072
18:29:22 | i 44 | [Phase 1/3] decompose  2.09s / — / —  λ=0.4  vb kmedoids
18:30:22 | i 44 | [Phase 2/3] route  60.76s / 58.56s / 103.8%  ails2  k=8
18:30:27 | i 43 | [ ASYNC BG] bg_ails  68.11s / 60.00s / 113.5%
18:30:28 | i 44 | [HAOS ROLL] k=8  λ=0.4  vb  kmedoids  ails2  P≈0.001072
18:30:28 | i 44 | [ Summary ] cost=251947.00  Δ_S*=+2.62%  Δ_BKS=+3.30%  Δ_S*_BKS=+0.66%  no_improve=23
18:30:28 | i 45 | [HAOS ROLL] k=3  λ=0.4  vb  ac_avg  filo  P≈0.000838
18:30:30 | i 45 | [Phase 1/3] decompose  2.06s / — / —  λ=0.4  vb ac_avg
18:32:49 | i 45 | [Phase 2/3] route  139.40s / 139.14s / 100.2%  filo  k=3
18:32:49 | i 44 | [ ASYNC BG] bg_ails  91.53s / 84.31s / 108.6%
18:32:50 | i 45 | [HAOS ROLL] k=3  λ=0.4  vb  ac_avg  filo  P≈0.000838
18:32:50 | i 45 | [ Summary ] cost=247706.00  Δ_S*=+0.90%  Δ_BKS=+1.56%  Δ_S*_BKS=+0.66%  no_improve=25
18:32:50 | i 46 | [HAOS ROLL] k=12  λ=0.6  rb  kmeans  filo2  P≈0.000491
18:32:51 | i 46 | [Phase 1/3] decompose  1.38s / — / —  λ=0.6  rb kmeans
18:33:42 | i 46 | [Phase 2/3] route  51.16s / 42.18s / 121.3%  filo2  k=12
18:35:12 | i 45 | [ ASYNC BG] bg_ails  142.83s / 135.80s / 105.2%
18:35:13 | i 46 | [HAOS ROLL] k=12  λ=0.6  rb  kmeans  filo2  P≈0.000491
18:35:13 | i 46 | [ Summary ] cost=251572.00  Δ_S*=+2.47%  Δ_BKS=+3.15%  Δ_S*_BKS=+0.66%  no_improve=27
18:35:13 | i 47 | [HAOS ROLL] k=10  λ=0.4  rb  ac_avg  filo  P≈0.000623
18:35:14 | i 47 | [Phase 1/3] decompose  1.44s / — / —  λ=0.4  rb ac_avg
18:36:02 | i 47 | [Phase 2/3] route  48.16s / 47.76s / 100.8%  filo  k=10
18:36:20 | i 46 | [ ASYNC BG] bg_ails  67.65s / 60.00s / 112.8%
18:36:20 | i 47 | [HAOS ROLL] k=10  λ=0.4  rb  ac_avg  filo  P≈0.000623
18:36:21 | i 47 | [ Summary ] cost=250307.00  Δ_S*=+1.96%  Δ_BKS=+2.63%  Δ_S*_BKS=+0.66%  no_improve=29
18:36:21 | i 48 | [HAOS ROLL] k=2  λ=0.4  vb  kmedoids  filo2  P≈0.000626
18:36:24 | i 48 | [Phase 1/3] decompose  3.01s / — / —  λ=0.4  vb kmedoids
18:39:25 | i 48 | [Phase 2/3] route  181.62s / 181.20s / 100.2%  filo2  k=2
18:39:25 | i 47 | [ ASYNC BG] bg_ails  70.63s / 63.84s / 110.6%
18:39:26 | i 48 | [HAOS ROLL] k=2  λ=0.4  vb  kmedoids  filo2  P≈0.000626
18:39:26 | i 48 | [ Summary ] cost=246469.00  Δ_S*=+0.39%  Δ_BKS=+1.06%  Δ_S*_BKS=+0.66%  no_improve=31
18:39:26 | i 49 | [HAOS ROLL] k=3  λ=1.0  vb  ac_complete  ails2  P≈0.000634
18:39:28 | i 49 | [Phase 1/3] decompose  1.96s / — / —  λ=1.0  vb ac_complete
18:41:07 | i 49 | [Phase 2/3] route  99.34s / 97.26s / 102.1%  ails2  k=3
18:42:29 | i 48 | [ ASYNC BG] bg_ails  184.14s / 176.85s / 104.1%
18:42:30 | i 49 | [HAOS ROLL] k=3  λ=1.0  vb  ac_complete  ails2  P≈0.000634
18:42:30 | i 49 | [ Summary ] cost=247214.00  Δ_S*=+0.70%  Δ_BKS=+1.36%  Δ_S*_BKS=+0.66%  no_improve=33
18:42:30 | i 50 | [HAOS ROLL] k=15  λ=0.8  rb  kmeans  ails2  P≈0.000620
18:42:31 | i 50 | [Phase 1/3] decompose  1.45s / — / —  λ=0.8  rb kmeans
18:43:25 | i 50 | [Phase 2/3] route  53.28s / 31.50s / 169.1%  ails2  k=15
18:44:11 | i 49 | [ ASYNC BG] bg_ails  101.63s / 94.93s / 107.1%
18:44:11 | i 50 | [ IMPROVE ] 245397.00  via decompose_route  ·  Δ_BKS=+0.62%
18:44:12 | i 50 | [HAOS ROLL] k=15  λ=0.8  rb  kmeans  ails2  P≈0.000620
18:44:12 | i 50 | [ Summary ] cost=245397.00  Δ_S*=+0.00%  Δ_BKS=+0.62%  Δ_S*_BKS=+0.62%  no_improve=0
18:44:12 | i 51 | [HAOS ROLL] k=6  λ=0.2  rb  ac_avg  ails2  P≈0.001041
18:44:13 | i 51 | [Phase 1/3] decompose  1.37s / — / —  λ=0.2  rb ac_avg
18:45:22 | i 51 | [Phase 2/3] route  68.94s / 66.66s / 103.4%  ails2  k=6
18:45:22 | i 50 | [ ASYNC BG] bg_ails  67.49s / 60.64s / 111.3%
18:45:22 | i 51 | [HAOS ROLL] k=6  λ=0.2  rb  ac_avg  ails2  P≈0.001041
18:45:22 | i 51 | [ Summary ] cost=245428.00  Δ_S*=+0.01%  Δ_BKS=+0.63%  Δ_S*_BKS=+0.62%  no_improve=2
18:45:22 | i 52 | [HAOS ROLL] k=4  λ=0.0  rb  ac_complete  filo2  P≈0.000285
18:45:24 | i 52 | [Phase 1/3] decompose  1.08s / — / —  λ=0.0  rb ac_complete
18:46:33 | i 52 | [Phase 2/3] route  69.18s / 68.82s / 100.5%  filo2  k=4
18:46:35 | i 51 | [ ASYNC BG] bg_ails  72.69s / 65.06s / 111.7%
18:46:35 | i 52 | [HAOS ROLL] k=4  λ=0.0  rb  ac_complete  filo2  P≈0.000285
18:46:35 | i 52 | [ Summary ] cost=247550.00  Δ_S*=+0.88%  Δ_BKS=+1.50%  Δ_S*_BKS=+0.62%  no_improve=4
18:46:35 | i 53 | [HAOS ROLL] k=3  λ=0.8  vb  ac_avg  ails2  P≈0.001668
18:46:37 | i 53 | [Phase 1/3] decompose  2.06s / — / —  λ=0.8  vb ac_avg
18:48:49 | i 53 | [Phase 2/3] route  131.97s / 129.00s / 102.3%  ails2  k=3
18:48:49 | i 52 | [ ASYNC BG] bg_ails  74.32s / 67.17s / 110.7%
18:48:50 | i 53 | [HAOS ROLL] k=3  λ=0.8  vb  ac_avg  ails2  P≈0.001668
18:48:50 | i 53 | [ Summary ] cost=247428.00  Δ_S*=+0.83%  Δ_BKS=+1.45%  Δ_S*_BKS=+0.62%  no_improve=6
18:48:50 | i 54 | [HAOS ROLL] k=15  λ=0.0  rb  kmeans  pyvrp  P≈0.000373
18:48:51 | i 54 | [Phase 1/3] decompose  1.13s / — / —  λ=0.0  rb kmeans
18:49:43 | i 54 | [Phase 2/3] route  52.12s / 28.14s / 185.2%  pyvrp  k=15
18:51:03 | i 53 | [ ASYNC BG] bg_ails  133.27s / 125.90s / 105.8%
18:51:03 | i 54 | [HAOS ROLL] k=15  λ=0.0  rb  kmeans  pyvrp  P≈0.000373
18:51:03 | i 54 | [ Summary ] cost=248119.00  Δ_S*=+1.11%  Δ_BKS=+1.73%  Δ_S*_BKS=+0.62%  no_improve=8
18:51:03 | i 55 | [HAOS ROLL] k=8  λ=0.0  rb  ac_complete  filo  P≈0.000620
18:51:04 | i 55 | [Phase 1/3] decompose  1.09s / — / —  λ=0.0  rb ac_complete
18:51:57 | i 55 | [Phase 2/3] route  53.19s / 52.68s / 101.0%  filo  k=8
18:52:10 | i 54 | [ ASYNC BG] bg_ails  67.38s / 60.00s / 112.3%
18:52:10 | i 55 | [HAOS ROLL] k=8  λ=0.0  rb  ac_complete  filo  P≈0.000620
18:52:10 | i 55 | [ Summary ] cost=249308.00  Δ_S*=+1.59%  Δ_BKS=+2.22%  Δ_S*_BKS=+0.62%  no_improve=10
18:52:10 | i 56 | [HAOS ROLL] k=12  λ=0.4  vb  ac_complete  filo  P≈0.000302
18:52:13 | i 56 | [Phase 1/3] decompose  2.07s / — / —  λ=0.4  vb ac_complete
18:53:07 | i 56 | [Phase 2/3] route  54.24s / 54.12s / 100.2%  filo  k=12
18:53:24 | i 55 | [ ASYNC BG] bg_ails  74.23s / 67.82s / 109.5%
18:53:25 | i 56 | [HAOS ROLL] k=12  λ=0.4  vb  ac_complete  filo  P≈0.000302
18:53:25 | i 56 | [ Summary ] cost=252622.00  Δ_S*=+2.94%  Δ_BKS=+3.58%  Δ_S*_BKS=+0.62%  no_improve=12
18:53:25 | i 57 | [HAOS ROLL] k=8  λ=0.0  vb  kmeans  filo2  P≈0.000441
18:53:26 | i 57 | [Phase 1/3] decompose  1.09s / — / —  λ=0.0  vb kmeans
18:54:27 | i 57 | [Phase 2/3] route  61.18s / 42.24s / 144.8%  filo2  k=8
18:54:43 | i 56 | [ ASYNC BG] bg_ails  78.47s / 71.85s / 109.2%
18:54:43 | i 57 | [HAOS ROLL] k=8  λ=0.0  vb  kmeans  filo2  P≈0.000441
18:54:43 | i 57 | [ Summary ] cost=249590.00  Δ_S*=+1.71%  Δ_BKS=+2.34%  Δ_S*_BKS=+0.62%  no_improve=14
18:54:43 | i 58 | [HAOS ROLL] k=12  λ=0.2  vb  kmedoids  ails2  P≈0.000721
18:54:45 | i 58 | [Phase 1/3] decompose  2.09s / — / —  λ=0.2  vb kmedoids
18:55:36 | i 58 | [Phase 2/3] route  50.63s / 42.24s / 119.9%  ails2  k=12
18:56:00 | i 57 | [ ASYNC BG] bg_ails  77.17s / 70.45s / 109.5%
18:56:00 | i 58 | [HAOS ROLL] k=12  λ=0.2  vb  kmedoids  ails2  P≈0.000721
18:56:00 | i 58 | [ Summary ] cost=251876.00  Δ_S*=+2.64%  Δ_BKS=+3.27%  Δ_S*_BKS=+0.62%  no_improve=16
18:56:00 | i 59 | [HAOS ROLL] k=3  λ=0.4  vb  kmeans  filo  P≈0.000938
18:56:02 | i 59 | [Phase 1/3] decompose  1.47s / — / —  λ=0.4  vb kmeans
18:57:49 | i 59 | [Phase 2/3] route  107.33s / 106.80s / 100.5%  filo  k=3
18:57:49 | i 58 | [ ASYNC BG] bg_ails  68.67s / 61.67s / 111.4%
18:57:49 | i 59 | [HAOS ROLL] k=3  λ=0.4  vb  kmeans  filo  P≈0.000938
18:57:50 | i 59 | [ Summary ] cost=246287.00  Δ_S*=+0.36%  Δ_BKS=+0.98%  Δ_S*_BKS=+0.62%  no_improve=18
18:57:50 | i 60 | [HAOS ROLL] k=4  λ=0.4  vb  kmeans  filo  P≈0.000628
18:57:51 | i 60 | [Phase 1/3] decompose  1.36s / — / —  λ=0.4  vb kmeans
18:59:06 | i 60 | [Phase 2/3] route  75.19s / 75.12s / 100.1%  filo  k=4
18:59:41 | i 59 | [ ASYNC BG] bg_ails  111.54s / 104.24s / 107.0%
18:59:41 | i 60 | [HAOS ROLL] k=4  λ=0.4  vb  kmeans  filo  P≈0.000628
18:59:41 | i 60 | [ Summary ] cost=247592.00  Δ_S*=+0.89%  Δ_BKS=+1.52%  Δ_S*_BKS=+0.62%  no_improve=20
18:59:41 | i 46 | [ASYNC 1/2] sp_sc  1061.84s / 720.00s / 147.5%  SP  avg_coverage=66.52/5  pool=10000
18:59:41 | i 46 | [ASYNC 2/2] standard_ails  366.62s / 360.00s / 101.8%
19:00:51 | i 61 | [HAOS ROLL] k=3  λ=0.4  vb  kmeans  ails2  P≈0.003847
19:00:53 | i 61 | [Phase 1/3] decompose  1.34s / — / —  λ=0.4  vb kmeans
19:02:42 | i 61 | [Phase 2/3] route  108.65s / 106.02s / 102.5%  ails2  k=3
19:02:42 | i 60 | [ ASYNC BG] bg_ails  80.42s / 73.32s / 109.7%
19:02:42 | i 61 | [HAOS ROLL] k=3  λ=0.4  vb  kmeans  ails2  P≈0.003847
19:02:42 | i 61 | [ Summary ] cost=247237.00  Δ_S*=+0.75%  Δ_BKS=+1.37%  Δ_S*_BKS=+0.62%  no_improve=23
19:02:42 | i — | [  FINAL  ] async BG-AILS totals launched=60 applied=60 adopted=3 launch_skipped_cap=1 crashes=0 discarded_in_flight=False block_wait_total_s=1643.3
19:02:42 | i — | [  FINAL  ] async SP/SC totals invocations=4 adopted=2 skipped=2 discarded_in_flight=False sp_busy_frac=0.5144190492474239
19:02:42 | i — | [  FINAL  ] ════════════════════════════════════════
19:02:42 | i — | [  FINAL  ] Run complete  iterations=61  elapsed=02:01:33  best=245397.00
19:02:42 | i — | [  FINAL  ] Δ_BKS=+0.62%  no_improve_stop=False  time_stop=True  cancelled=False
19:02:42 | i — | [  FINAL  ] 
19:02:42 | i — | [  FINAL  ] [BEST SOLUTION — HAOS TAG SUMMARY]
19:02:42 | i — | [  FINAL  ] ────────────────────────────────────────
19:02:42 | i — | [  FINAL  ]   108 routes  rb  kmeans  k=15  λ=0.8  solver=ails2
19:02:42 | i — | [  FINAL  ]   31 routes  rb  ac_avg  k=8  λ=0.4  solver=ails2
19:02:42 | i — | [  FINAL  ]   5 routes  rb  kmeans  k=12  λ=0.6  solver=filo2
19:02:42 | i — | [  FINAL  ]   2 routes  rb  ac_avg  k=10  λ=0.4  solver=filo
19:02:42 | i — | [  FINAL  ]   1 routes  rb  ac_avg  k=12  λ=0.6  solver=filo
19:02:42 | i — | [  FINAL  ]   1 routes  rb  ac_complete  k=3  λ=0.8  solver=filo2
19:02:42 | i — | [  FINAL  ]   1 routes  vb  kmeans  k=2  λ=0.4  solver=filo2
19:02:42 | i — | [  FINAL  ] 
19:02:42 | i — | [  FINAL  ] [ROUTE POOL — HAOS TAG SUMMARY]
19:02:42 | i — | [  FINAL  ] ────────────────────────────────────────
19:02:42 | i — | [  FINAL  ]   383 routes  rb  ac_complete  k=12  λ=0.8  solver=pyvrp
19:02:42 | i — | [  FINAL  ]   348 routes  rb  ac_avg  k=10  λ=0.4  solver=filo
19:02:42 | i — | [  FINAL  ]   298 routes  vb  ac_avg  k=3  λ=0.4  solver=filo
19:02:42 | i — | [  FINAL  ]   295 routes  vb  kmedoids  k=8  λ=0.4  solver=ails2
19:02:42 | i — | [  FINAL  ]   294 routes  vb  ac_avg  k=8  λ=1.0  solver=filo
19:02:42 | i — | [  FINAL  ]   290 routes  rb  ac_avg  k=3  λ=0.6  solver=ails2
19:02:42 | i — | [  FINAL  ]   289 routes  rb  ac_complete  k=6  λ=0.2  solver=filo2
19:02:42 | i — | [  FINAL  ]   288 routes  rb  kmeans  k=3  λ=0.4  solver=filo2
19:02:42 | i — | [  FINAL  ]   287 routes  vb  fcm  k=12  λ=0.2  solver=ails2
19:02:42 | i — | [  FINAL  ]   276 routes  rb  kmeans  k=12  λ=0.0  solver=ails2
19:02:42 | i — | [  FINAL  ]   272 routes  vb  kmeans  k=4  λ=0.4  solver=filo
19:02:42 | i — | [  FINAL  ]   270 routes  vb  kmedoids  k=12  λ=0.2  solver=ails2
19:02:42 | i — | [  FINAL  ]   269 routes  rb  kmeans  k=12  λ=0.6  solver=filo2
19:02:42 | i — | [  FINAL  ]   266 routes  vb  ac_complete  k=12  λ=0.4  solver=filo
19:02:42 | i — | [  FINAL  ]   262 routes  vb  kmedoids  k=2  λ=0.4  solver=filo2
19:02:42 | i — | [  FINAL  ]   262 routes  vb  ac_complete  k=3  λ=1.0  solver=ails2
19:02:42 | i — | [  FINAL  ]   262 routes  vb  ac_avg  k=3  λ=0.8  solver=ails2
19:02:42 | i — | [  FINAL  ]   262 routes  vb  kmeans  k=8  λ=0.0  solver=filo2
19:02:42 | i — | [  FINAL  ]   259 routes  vb  kmeans  k=3  λ=0.4  solver=filo
19:02:42 | i — | [  FINAL  ]   255 routes  rb  kmeans  k=15  λ=0.0  solver=pyvrp
19:02:42 | i — | [  FINAL  ]   249 routes  rb  ac_complete  k=4  λ=0.0  solver=filo2
19:02:42 | i — | [  FINAL  ]   240 routes  rb  ac_complete  k=8  λ=0.0  solver=filo
19:02:42 | i — | [  FINAL  ]   192 routes  rb  ac_complete  k=3  λ=0.0  solver=pyvrp
19:02:42 | i — | [  FINAL  ]   166 routes  vb  fcm  k=12  λ=0.8  solver=ails2
19:02:42 | i — | [  FINAL  ]   162 routes  vb  ac_complete  k=12  λ=0.4  solver=filo2
19:02:42 | i — | [  FINAL  ]   156 routes  vb  ac_avg  k=10  λ=1.0  solver=filo
19:02:42 | i — | [  FINAL  ]   156 routes  rb  ac_complete  k=8  λ=0.2  solver=filo
19:02:42 | i — | [  FINAL  ]   151 routes  vb  kmeans  k=2  λ=0.4  solver=filo
19:02:42 | i — | [  FINAL  ]   147 routes  vb  kmeans  k=3  λ=0.4  solver=ails2
19:02:42 | i — | [  FINAL  ]   141 routes  vb  ac_complete  k=4  λ=0.8  solver=ails2
19:02:42 | i — | [  FINAL  ]   139 routes  rb  kmeans  k=15  λ=0.8  solver=ails2
19:02:42 | i — | [  FINAL  ]   134 routes  rb  ac_avg  k=6  λ=0.2  solver=ails2
19:02:42 | i — | [  FINAL  ]   131 routes  vb  kmeans  k=8  λ=1.0  solver=filo
19:02:42 | i — | [  FINAL  ]   128 routes  rb  ac_avg  k=12  λ=0.6  solver=filo
19:02:42 | i — | [  FINAL  ]   126 routes  vb  ac_avg  k=12  λ=0.8  solver=ails2
19:02:42 | i — | [  FINAL  ]   123 routes  rb  ac_complete  k=6  λ=0.6  solver=filo
19:02:42 | i — | [  FINAL  ]   120 routes  vb  kmedoids  k=8  λ=0.4  solver=filo
19:02:42 | i — | [  FINAL  ]   113 routes  vb  kmedoids  k=8  λ=0.6  solver=filo
19:02:42 | i — | [  FINAL  ]   111 routes  rb  ac_complete  k=3  λ=0.2  solver=filo2
19:02:42 | i — | [  FINAL  ]   109 routes  vb  ac_complete  k=2  λ=1.0  solver=filo
19:02:42 | i — | [  FINAL  ]   107 routes  vb  kmeans  k=4  λ=0.4  solver=filo2
19:02:42 | i — | [  FINAL  ]   104 routes  vb  ac_avg  k=3  λ=0.8  solver=filo2
19:02:42 | i — | [  FINAL  ]   100 routes  rb  ac_avg  k=15  λ=0.2  solver=filo
19:02:42 | i — | [  FINAL  ]   97 routes  rb  ac_complete  k=3  λ=1.0  solver=ails2
19:02:42 | i — | [  FINAL  ]   97 routes  vb  kmeans  k=4  λ=0.0  solver=ails2
19:02:42 | i — | [  FINAL  ]   92 routes  rb  kmeans  k=8  λ=1.0  solver=filo2
19:02:42 | i — | [  FINAL  ]   70 routes  rb  kmeans  k=2  λ=0.0  solver=filo
19:02:42 | i — | [  FINAL  ]   70 routes  rb  ac_complete  k=3  λ=0.8  solver=filo2
19:02:42 | i — | [  FINAL  ]   70 routes  rb  kmeans  k=2  λ=0.2  solver=ails2
19:02:42 | i — | [  FINAL  ]   39 routes  rb  ac_complete  k=2  λ=0.2  solver=ails2
19:02:42 | i — | [  FINAL  ]   38 routes  rb  ac_avg  k=8  λ=0.4  solver=ails2
19:02:42 | i — | [  FINAL  ]   25 routes  vb  ac_complete  k=8  λ=0.0  solver=ails2
19:02:42 | i — | [  FINAL  ]   19 routes  vb  fcm  k=6  λ=1.0  solver=filo
19:02:42 | i — | [  FINAL  ]   17 routes  vb  kmeans  k=2  λ=0.4  solver=filo2
19:02:42 | i — | [  FINAL  ]   16 routes  rb  ac_complete  k=3  λ=0.2  solver=ails2
19:02:42 | i — | [  FINAL  ]   12 routes  vb  fcm  k=2  λ=0.6  solver=ails2
19:02:42 | i — | [  FINAL  ]   12 routes  vb  ac_avg  k=10  λ=0.8  solver=ails2
19:02:42 | i — | [  FINAL  ]   8 routes  rb  kmeans  k=6  λ=0.0  solver=ails2
19:02:42 | i — | [  FINAL  ]   326 routes  post-SP/SC improvement
19:02:42 | i — | [  FINAL  ] ════════════════════════════════════════
