18:36:33 | i — | [  INIT   ] ════════════════════════════════════════
18:36:33 | i — | [  INIT   ] DRISPI  instance=X-n8207-k108  n=8206  capacity=415
18:36:33 | i — | [  INIT   ] k domain (computed at init): [2, 3, 4, 6, 8, 10, 12]  k_ext=13  k_min=108  k_ext_bound=route_bound  spacing_rejected=3
18:36:33 | i — | [  INIT   ] ══════════════════════════════════════════════════════
18:36:33 | i — | [  INIT   ] CONFIGURATION
18:36:33 | i — | [  INIT   ] ── stopping ────────────────────────────────
18:36:33 | i — | [  INIT   ]   time_limit                  = 7200.0
18:36:33 | i — | [  INIT   ]   max_no_improve              = 1000000000
18:36:33 | i — | [  INIT   ] ── parallelism ─────────────────────────────
18:36:33 | i — | [  INIT   ]   n_workers                   = 8
18:36:33 | i — | [  INIT   ] ── cores ───────────────────────────────────
18:36:33 | i — | [  INIT   ]   cores_total                 = 8
18:36:33 | i — | [  INIT   ]   cores_dri                   = 6
18:36:33 | i — | [  INIT   ]   cores_bg                    = 1
18:36:33 | i — | [  INIT   ]   cores_sp                    = 1
18:36:33 | i — | [  INIT   ]   cores_cpu_list              = None
18:36:33 | i — | [  INIT   ] ── sp/sc ───────────────────────────────────
18:36:33 | i — | [  INIT   ]   sp_sc_mode                  = async
18:36:33 | i — | [  INIT   ]   sp_sc_trigger               = wallclock
18:36:33 | i — | [  INIT   ]   interval_minutes            = 20.0
18:36:33 | i — | [  INIT   ]   overlap_policy              = skip
18:36:33 | i — | [  INIT   ]   warmup_iterations           = 5
18:36:33 | i — | [  INIT   ]   sp_interval                 = 3
18:36:33 | i — | [  INIT   ]   min_coverage                = 5
18:36:33 | i — | [  INIT   ]   sp_time_limit               = 720.0
18:36:33 | i — | [  INIT   ]   mip_gap                     = 0.00025
18:36:33 | i — | [  INIT   ] ── decomposition ───────────────────────────
18:36:33 | i — | [  INIT   ]   decomp_k_base_arms          = [2, 3, 4, 6, 8, 10, 12]
18:36:33 | i — | [  INIT   ]   decomp_k_max_arms           = 10
18:36:33 | i — | [  INIT   ]   decomp_k_ext_per_1000       = 4
18:36:33 | i — | [  INIT   ]   decomp_k_min_routes_per_cluster= 8
18:36:33 | i — | [  INIT   ]   decomp_k_min_arm_spacing    = 2
18:36:33 | i — | [  INIT   ]   subcluster_rate_s_per_customer= 0.06
18:36:33 | i — | [  INIT   ]   subcluster_floor_s          = 5.0
18:36:33 | i — | [  INIT   ] ── bg_ails ─────────────────────────────────
18:36:33 | i — | [  INIT   ]   bg_ails_mode                = async
18:36:33 | i — | [  INIT   ]   bg_ails_crash_threshold     = 1
18:36:33 | i — | [  INIT   ]   bg_ails_budget_mode         = predicted_dr_wall
18:36:33 | i — | [  INIT   ]   bg_ails_budget_floor_s      = 60.0
18:36:33 | i — | [  INIT   ]   bg_ails_budget_margin       = 1.0
18:36:33 | i — | [  INIT   ]   bg_ails_wall_model_scale    = 0.976
18:36:33 | i — | [  INIT   ]   bg_ails_wall_model_wave_exponent= -0.18
18:36:33 | i — | [  INIT   ]   bg_ails_initial_omega       = 10
18:36:33 | i — | [  INIT   ]   bg_ails_boundary_threshold  = 0.5
18:36:33 | i — | [  INIT   ]   bg_ails_small_cluster_cap   = 20
18:36:33 | i — | [  INIT   ]   bg_ails_small_cluster_alpha = 0.5
18:36:33 | i — | [  INIT   ]   bg_ails_pair_selection      = greedy
18:36:33 | i — | [  INIT   ]   bg_ails_n_chains_mode       = k
18:36:33 | i — | [  INIT   ] ── standard_improvement ────────────────────
18:36:33 | i — | [  INIT   ]   standard_improvement_time_limit= 360.0
18:36:33 | i — | [  INIT   ] ── pool ────────────────────────────────────
18:36:33 | i — | [  INIT   ]   max_pool_size               = 10000
18:36:33 | i — | [  INIT   ]   pool_diversity_weight       = 0.5
18:36:33 | i — | [  INIT   ] ── haos ────────────────────────────────────
18:36:33 | i — | [  INIT   ]   haos_decay                  = 0.95
18:36:33 | i — | [  INIT   ]   haos_warmup                 = 10
18:36:33 | i — | [  INIT   ]   haos_starting_weight        = 10.0
18:36:33 | i — | [  INIT   ]   haos_min_weight_k           = 0.025
18:36:33 | i — | [  INIT   ]   haos_min_weight_lambda      = 0.05
18:36:33 | i — | [  INIT   ]   haos_min_weight_paradigm    = 0.1
18:36:33 | i — | [  INIT   ]   haos_min_weight_vertex_method= 0.05
18:36:33 | i — | [  INIT   ]   haos_min_weight_route_method= 0.05
18:36:33 | i — | [  INIT   ]   haos_min_weight_solver      = 0.05
18:36:33 | i — | [  INIT   ]   haos_lambda_demand_values   = [0.0, 0.2, 0.4, 0.6, 0.8, 1.0]
18:36:33 | i — | [  INIT   ]   haos_paradigm_values        = ['vertex', 'route']
18:36:33 | i — | [  INIT   ]   haos_vertex_method_values   = ['kmeans', 'agglomerative_avg', 'agglomerative_complete', 'kmedoids', 'fcm']
18:36:33 | i — | [  INIT   ]   haos_route_method_values    = ['kmeans', 'agglomerative_avg', 'agglomerative_complete']
18:36:33 | i — | [  INIT   ]   haos_solver_values          = ['pyvrp', 'filo', 'filo2', 'ails2']
18:36:33 | i — | [  INIT   ] ── haos_rewards ────────────────────────────
18:36:33 | i — | [  INIT   ]   haos_reward_new_best        = 10.0
18:36:33 | i — | [  INIT   ]   haos_reward_improvement     = 4.0
18:36:33 | i — | [  INIT   ]   haos_reward_no_improvement  = 1.0
18:36:33 | i — | [  INIT   ]   haos_reward_no_solution     = 0.0
18:36:33 | i — | [  INIT   ]   haos_deferred_new_best      = 7.0
18:36:33 | i — | [  INIT   ]   haos_deferred_improvement   = 3.0
18:36:33 | i — | [  INIT   ]   haos_deferred_no_improvement= 0.0
18:36:33 | i — | [  INIT   ] ── seed ────────────────────────────────────
18:36:33 | i — | [  INIT   ]   seed                        = 10
18:36:33 | i — | [  INIT   ] ── output ──────────────────────────────────
18:36:33 | i — | [  INIT   ]   output_dir                  = /app/artifacts/final_benchmark/runs/X-n8207-k108/seed10
18:36:33 | i — | [  INIT   ]   run_analysis                = False
18:36:33 | i — | [  INIT   ] ══════════════════════════════════════════════════════
18:36:33 | i — | [  INIT   ] BKS=118050.00
18:36:33 | i — | [  INIT   ] ════════════════════════════════════════
18:36:33 | i 1 | [HAOS ROLL] k=6  λ=0.6  vb  kmeans  filo  P≈0.000595
18:36:44 | i 1 | [Phase 1/3] decompose  10.61s / — / —  λ=0.6  vb kmeans
18:39:13 | i 1 | [Phase 2/3] route  149.16s / 144.54s / 103.2%  filo  k=6
18:39:13 | i 1 | [ IMPROVE ] 122782.00  via decompose_route  ·  Δ_BKS=+4.01%
18:39:13 | i 1 | [HAOS ROLL] k=6  λ=0.6  vb  kmeans  filo  P≈0.000595
18:39:13 | i 1 | [ Summary ] cost=122782.00  Δ_S*=+0.00%  Δ_BKS=+4.01%  Δ_S*_BKS=+4.01%  no_improve=0
18:39:13 | i 2 | [HAOS ROLL] k=3  λ=0.4  vb  ac_complete  ails2  P≈0.000595
18:39:24 | i 2 | [Phase 1/3] decompose  10.89s / — / —  λ=0.4  vb ac_complete
18:42:56 | i 2 | [Phase 2/3] route  212.34s / 207.00s / 102.6%  ails2  k=3
18:42:56 | i 1 | [ IMPROVE ] 120355.00  via bg_ails  ·  Δ_BKS=+1.95%
18:42:56 | i 1 | [ ASYNC BG] bg_ails  176.09s / 141.07s / 124.8%
18:42:57 | i 2 | [HAOS ROLL] k=3  λ=0.4  vb  ac_complete  ails2  P≈0.000595
18:42:57 | i 2 | [ Summary ] cost=121095.00  Δ_S*=+0.61%  Δ_BKS=+2.58%  Δ_S*_BKS=+1.95%  no_improve=1
18:42:57 | i 3 | [HAOS ROLL] k=2  λ=0.0  vb  ac_complete  filo  P≈0.000595
18:43:03 | i 3 | [Phase 1/3] decompose  6.55s / — / —  λ=0.0  vb ac_complete
18:47:51 | i 3 | [Phase 2/3] route  288.39s / 286.92s / 100.5%  filo  k=2
18:47:52 | i 2 | [ IMPROVE ] 120060.00  via bg_ails  ·  Δ_BKS=+1.70%
18:47:52 | i 2 | [ ASYNC BG] bg_ails  233.47s / 202.03s / 115.6%
18:47:52 | i 3 | [ IMPROVE ] 119856.00  via decompose_route  ·  Δ_BKS=+1.53%
18:47:52 | i 3 | [HAOS ROLL] k=2  λ=0.0  vb  ac_complete  filo  P≈0.000595
18:47:52 | i 3 | [ Summary ] cost=119856.00  Δ_S*=+0.00%  Δ_BKS=+1.53%  Δ_S*_BKS=+1.53%  no_improve=0
18:47:52 | i 4 | [HAOS ROLL] k=12  λ=0.6  vb  ac_avg  filo2  P≈0.000595
18:48:00 | i 4 | [Phase 1/3] decompose  8.43s / — / —  λ=0.6  vb ac_avg
18:52:32 | i 4 | [Phase 2/3] route  271.78s / 269.64s / 100.8%  filo2  k=12
18:53:02 | i 3 | [ IMPROVE ] 119615.00  via bg_ails  ·  Δ_BKS=+1.33%
18:53:02 | i 3 | [ ASYNC BG] bg_ails  310.10s / 280.03s / 110.7%
18:53:02 | i 4 | [HAOS ROLL] k=12  λ=0.6  vb  ac_avg  filo2  P≈0.000595
18:53:02 | i 4 | [ Summary ] cost=126019.00  Δ_S*=+5.35%  Δ_BKS=+6.75%  Δ_S*_BKS=+1.33%  no_improve=1
18:53:02 | i 5 | [HAOS ROLL] k=4  λ=0.6  rb  kmeans  ails2  P≈0.000992
18:53:11 | i 5 | [Phase 1/3] decompose  9.62s / — / —  λ=0.6  rb kmeans
18:56:43 | i 5 | [Phase 2/3] route  211.24s / 206.04s / 102.5%  ails2  k=4
18:57:34 | i 4 | [ ASYNC BG] bg_ails  271.80s / 236.75s / 114.8%
18:57:34 | i 5 | [HAOS ROLL] k=4  λ=0.6  rb  kmeans  ails2  P≈0.000992
18:57:34 | i 5 | [ Summary ] cost=119695.00  Δ_S*=+0.07%  Δ_BKS=+1.39%  Δ_S*_BKS=+1.33%  no_improve=3
18:57:34 | i 6 | [HAOS ROLL] k=8  λ=0.6  rb  ac_complete  ails2  P≈0.000992
18:57:42 | i 6 | [Phase 1/3] decompose  8.81s / — / —  λ=0.6  rb ac_complete
19:00:20 | i 6 | [Phase 2/3] route  157.69s / 153.54s / 102.7%  ails2  k=8
19:01:30 | i 5 | [ IMPROVE ] 119510.00  via bg_ails  ·  Δ_BKS=+1.24%
19:01:30 | i 5 | [ ASYNC BG] bg_ails  236.15s / 201.10s / 117.4%
19:01:30 | i 6 | [HAOS ROLL] k=8  λ=0.6  rb  ac_complete  ails2  P≈0.000992
19:01:30 | i 6 | [ Summary ] cost=119690.00  Δ_S*=+0.15%  Δ_BKS=+1.39%  Δ_S*_BKS=+1.24%  no_improve=1
19:01:30 | i 7 | [HAOS ROLL] k=12  λ=0.4  vb  kmeans  pyvrp  P≈0.000595
19:01:39 | i 7 | [Phase 1/3] decompose  9.30s / — / —  λ=0.4  vb kmeans
19:03:42 | i 7 | [Phase 2/3] route  122.85s / 81.00s / 151.7%  pyvrp  k=12
19:05:55 | i 6 | [ IMPROVE ] 119491.00  via bg_ails  ·  Δ_BKS=+1.22%
19:05:55 | i 6 | [ ASYNC BG] bg_ails  265.19s / 229.61s / 115.5%
19:05:55 | i 7 | [HAOS ROLL] k=12  λ=0.4  vb  kmeans  pyvrp  P≈0.000595
19:05:55 | i 7 | [ Summary ] cost=126724.00  Δ_S*=+6.05%  Δ_BKS=+7.35%  Δ_S*_BKS=+1.22%  no_improve=1
19:05:55 | i 8 | [HAOS ROLL] k=3  λ=1.0  vb  ac_avg  pyvrp  P≈0.000595
19:06:06 | i 8 | [Phase 1/3] decompose  11.24s / — / —  λ=1.0  vb ac_avg
19:11:49 | i 8 | [Phase 2/3] route  342.86s / 284.82s / 120.4%  pyvrp  k=3
19:11:49 | i 7 | [ ASYNC BG] bg_ails  152.96s / 117.49s / 130.2%
19:11:49 | i 8 | [HAOS ROLL] k=3  λ=1.0  vb  ac_avg  pyvrp  P≈0.000595
19:11:49 | i 8 | [ Summary ] cost=122632.00  Δ_S*=+2.63%  Δ_BKS=+3.88%  Δ_S*_BKS=+1.22%  no_improve=3
19:11:49 | i 6 | [ASYNC 1/2] sp_sc  0.62s / 720.00s / 0.1%  SP  avg_coverage=10.91/5  pool=1199
19:11:49 | i 6 | [ASYNC 2/2] standard_ails  375.45s / 360.00s / 104.3%
19:11:53 | i 6 | [ IMPROVE ] 119125.00  via standard_ails  ·  Δ_BKS=+0.91%
19:11:53 | i 9 | [HAOS ROLL] k=4  λ=1.0  vb  kmeans  filo  P≈0.000595
19:12:00 | i 9 | [Phase 1/3] decompose  7.31s / — / —  λ=1.0  vb kmeans
19:14:41 | i 9 | [Phase 2/3] route  161.47s / 160.74s / 100.5%  filo  k=4
19:17:00 | i 8 | [ ASYNC BG] bg_ails  310.49s / 277.98s / 111.7%
19:17:00 | i 9 | [HAOS ROLL] k=4  λ=1.0  vb  kmeans  filo  P≈0.000595
19:17:00 | i 9 | [ Summary ] cost=121919.00  Δ_S*=+2.35%  Δ_BKS=+3.28%  Δ_S*_BKS=+0.91%  no_improve=2
19:17:00 | i 10 | [HAOS ROLL] k=12  λ=1.0  rb  kmeans  ails2  P≈0.000992
19:17:07 | i 10 | [Phase 1/3] decompose  7.35s / — / —  λ=1.0  rb kmeans
19:19:06 | i 10 | [Phase 2/3] route  118.72s / 115.74s / 102.6%  ails2  k=12
19:20:08 | i 9 | [ ASYNC BG] bg_ails  188.63s / 156.88s / 120.2%
19:20:08 | i 10 | [ IMPROVE ] 119064.00  via decompose_route  ·  Δ_BKS=+0.86%
19:20:08 | i 10 | [HAOS ROLL] k=12  λ=1.0  rb  kmeans  ails2  P≈0.000992
19:20:08 | i 10 | [ Summary ] cost=119064.00  Δ_S*=+0.00%  Δ_BKS=+0.86%  Δ_S*_BKS=+0.86%  no_improve=0
19:20:08 | i 11 | [HAOS ROLL] k=6  λ=1.0  vb  ac_complete  filo  P≈0.000595
19:20:18 | i 11 | [Phase 1/3] decompose  9.08s / — / —  λ=1.0  vb ac_complete
19:24:03 | i 11 | [Phase 2/3] route  225.65s / 224.10s / 100.7%  filo  k=6
19:24:03 | i 10 | [ ASYNC BG] bg_ails  180.74s / 147.16s / 122.8%
19:24:03 | i 11 | [HAOS ROLL] k=6  λ=1.0  vb  ac_complete  filo  P≈0.000595
19:24:03 | i 11 | [ Summary ] cost=122853.00  Δ_S*=+3.18%  Δ_BKS=+4.07%  Δ_S*_BKS=+0.86%  no_improve=2
19:24:03 | i 12 | [HAOS ROLL] k=2  λ=0.6  rb  kmeans  pyvrp  P≈0.000946
19:24:11 | i 12 | [Phase 1/3] decompose  7.57s / — / —  λ=0.6  rb kmeans
19:29:56 | i 12 | [Phase 2/3] route  344.72s / 285.72s / 120.6%  pyvrp  k=2
19:29:56 | i 11 | [ ASYNC BG] bg_ails  251.62s / 218.72s / 115.0%
19:29:56 | i 12 | [HAOS ROLL] k=2  λ=0.6  rb  kmeans  pyvrp  P≈0.000946
19:29:56 | i 12 | [ Summary ] cost=122153.00  Δ_S*=+2.59%  Δ_BKS=+3.48%  Δ_S*_BKS=+0.86%  no_improve=4
19:29:56 | i 13 | [HAOS ROLL] k=6  λ=0.8  vb  ac_complete  ails2  P≈0.000947
19:30:06 | i 13 | [Phase 1/3] decompose  10.48s / — / —  λ=0.8  vb ac_complete
19:34:09 | i 13 | [Phase 2/3] route  242.60s / 236.58s / 102.5%  ails2  k=6
19:35:08 | i 12 | [ ASYNC BG] bg_ails  312.01s / 278.86s / 111.9%
19:35:08 | i 13 | [HAOS ROLL] k=6  λ=0.8  vb  ac_complete  ails2  P≈0.000947
19:35:08 | i 13 | [ Summary ] cost=122211.00  Δ_S*=+2.64%  Δ_BKS=+3.52%  Δ_S*_BKS=+0.86%  no_improve=6
19:35:08 | i 11 | [ASYNC 1/2] sp_sc  4.62s / 720.00s / 0.6%  SP  avg_coverage=21.02/5  pool=2310
19:35:08 | i 11 | [ASYNC 2/2] standard_ails  374.70s / 360.00s / 104.1%
19:35:21 | i 11 | [ IMPROVE ] 118943.00  via standard_ails  ·  Δ_BKS=+0.76%
19:35:21 | i 14 | [HAOS ROLL] k=6  λ=0.2  rb  ac_complete  filo2  P≈0.000833
19:35:28 | i 14 | [Phase 1/3] decompose  6.70s / — / —  λ=0.2  rb ac_complete
19:38:36 | i 14 | [Phase 2/3] route  187.64s / 187.44s / 100.1%  filo2  k=6
19:39:29 | i 13 | [ ASYNC BG] bg_ails  261.33s / 230.90s / 113.2%
19:39:29 | i 14 | [HAOS ROLL] k=6  λ=0.2  rb  ac_complete  filo2  P≈0.000833
19:39:29 | i 14 | [ Summary ] cost=119518.00  Δ_S*=+0.48%  Δ_BKS=+1.24%  Δ_S*_BKS=+0.76%  no_improve=2
19:39:29 | i 15 | [HAOS ROLL] k=3  λ=0.2  rb  ac_avg  ails2  P≈0.000902
19:39:36 | i 15 | [Phase 1/3] decompose  6.74s / — / —  λ=0.2  rb ac_avg
19:44:14 | i 15 | [Phase 2/3] route  278.31s / 272.58s / 102.1%  ails2  k=3
19:44:14 | i 14 | [ ASYNC BG] bg_ails  214.41s / 182.94s / 117.2%
19:44:14 | i 15 | [ IMPROVE ] 118931.00  via decompose_route  ·  Δ_BKS=+0.75%
19:44:14 | i 15 | [HAOS ROLL] k=3  λ=0.2  rb  ac_avg  ails2  P≈0.000902
19:44:15 | i 15 | [ Summary ] cost=118931.00  Δ_S*=+0.00%  Δ_BKS=+0.75%  Δ_S*_BKS=+0.75%  no_improve=0
19:44:15 | i 16 | [HAOS ROLL] k=4  λ=0.4  rb  kmeans  ails2  P≈0.001328
19:44:22 | i 16 | [Phase 1/3] decompose  7.56s / — / —  λ=0.4  rb kmeans
19:47:53 | i 16 | [Phase 2/3] route  210.80s / 206.64s / 102.0%  ails2  k=4
19:49:15 | i 15 | [ ASYNC BG] bg_ails  300.84s / 266.04s / 113.1%
19:49:15 | i 16 | [ IMPROVE ] 118923.00  via decompose_route  ·  Δ_BKS=+0.74%
19:49:15 | i 16 | [HAOS ROLL] k=4  λ=0.4  rb  kmeans  ails2  P≈0.001328
19:49:15 | i 16 | [ Summary ] cost=118923.00  Δ_S*=+0.00%  Δ_BKS=+0.74%  Δ_S*_BKS=+0.74%  no_improve=0
19:49:15 | i 17 | [HAOS ROLL] k=2  λ=0.4  rb  kmeans  pyvrp  P≈0.001412
19:49:22 | i 17 | [Phase 1/3] decompose  6.57s / — / —  λ=0.4  rb kmeans
19:55:06 | i 17 | [Phase 2/3] route  344.11s / 285.72s / 120.4%  pyvrp  k=2
19:55:06 | i 16 | [ ASYNC BG] bg_ails  233.40s / 201.68s / 115.7%
19:55:06 | i 17 | [HAOS ROLL] k=2  λ=0.4  rb  kmeans  pyvrp  P≈0.001412
19:55:06 | i 17 | [ Summary ] cost=121818.00  Δ_S*=+2.43%  Δ_BKS=+3.19%  Δ_S*_BKS=+0.74%  no_improve=2
19:55:06 | i 15 | [ASYNC 1/2] sp_sc  14.41s / 720.00s / 2.0%  SP  avg_coverage=29.05/5  pool=3182
19:55:06 | i 15 | [ASYNC 2/2] standard_ails  375.05s / 360.00s / 104.2%
19:55:21 | i 15 | [ IMPROVE ] 118908.00  via standard_ails  ·  Δ_BKS=+0.73%
19:55:21 | i 18 | [HAOS ROLL] k=4  λ=1.0  rb  ac_complete  filo2  P≈0.001006
19:55:26 | i 18 | [Phase 1/3] decompose  4.29s / — / —  λ=1.0  rb ac_complete
19:58:31 | i 18 | [Phase 2/3] route  185.62s / 185.40s / 100.1%  filo2  k=4
20:00:13 | i 17 | [ ASYNC BG] bg_ails  306.96s / 278.86s / 110.1%
20:00:13 | i 18 | [HAOS ROLL] k=4  λ=1.0  rb  ac_complete  filo2  P≈0.001006
20:00:13 | i 18 | [ Summary ] cost=119637.00  Δ_S*=+0.61%  Δ_BKS=+1.34%  Δ_S*_BKS=+0.73%  no_improve=2
20:00:13 | i 19 | [HAOS ROLL] k=12  λ=0.8  rb  ac_complete  filo2  P≈0.000361
20:00:19 | i 19 | [Phase 1/3] decompose  5.57s / — / —  λ=0.8  rb ac_complete
20:02:03 | i 19 | [Phase 2/3] route  104.33s / 104.28s / 100.0%  filo2  k=12
20:03:44 | i 18 | [ ASYNC BG] bg_ails  210.57s / 180.95s / 116.4%
20:03:44 | i 19 | [HAOS ROLL] k=12  λ=0.8  rb  ac_complete  filo2  P≈0.000361
20:03:44 | i 19 | [ Summary ] cost=119427.00  Δ_S*=+0.44%  Δ_BKS=+1.17%  Δ_S*_BKS=+0.73%  no_improve=4
20:03:44 | i 20 | [HAOS ROLL] k=12  λ=1.0  rb  ac_complete  filo  P≈0.000728
20:03:49 | i 20 | [Phase 1/3] decompose  5.50s / — / —  λ=1.0  rb ac_complete
20:05:34 | i 20 | [Phase 2/3] route  104.34s / 104.28s / 100.1%  filo  k=12
20:06:18 | i 19 | [ ASYNC BG] bg_ails  153.92s / 123.49s / 124.6%
20:06:18 | i 20 | [HAOS ROLL] k=12  λ=1.0  rb  ac_complete  filo  P≈0.000728
20:06:18 | i 20 | [ Summary ] cost=119705.00  Δ_S*=+0.67%  Δ_BKS=+1.40%  Δ_S*_BKS=+0.73%  no_improve=6
20:06:18 | i 21 | [HAOS ROLL] k=3  λ=0.4  rb  kmeans  filo2  P≈0.002944
20:06:24 | i 21 | [Phase 1/3] decompose  5.94s / — / —  λ=0.4  rb kmeans
20:11:11 | i 21 | [Phase 2/3] route  287.38s / 285.72s / 100.6%  filo2  k=3
20:11:11 | i 20 | [ ASYNC BG] bg_ails  154.49s / 123.49s / 125.1%
20:11:11 | i 21 | [HAOS ROLL] k=3  λ=0.4  rb  kmeans  filo2  P≈0.002944
20:11:12 | i 21 | [ Summary ] cost=119430.00  Δ_S*=+0.44%  Δ_BKS=+1.17%  Δ_S*_BKS=+0.73%  no_improve=8
20:11:12 | i 22 | [HAOS ROLL] k=12  λ=1.0  rb  kmeans  ails2  P≈0.005736
20:11:17 | i 22 | [Phase 1/3] decompose  5.09s / — / —  λ=1.0  rb kmeans
20:13:06 | i 22 | [Phase 2/3] route  109.06s / 84.84s / 128.5%  ails2  k=12
20:16:20 | i 21 | [ ASYNC BG] bg_ails  308.17s / 278.86s / 110.5%
20:16:20 | i 22 | [ IMPROVE ] 118871.00  via decompose_route  ·  Δ_BKS=+0.70%
20:16:20 | i 22 | [HAOS ROLL] k=12  λ=1.0  rb  kmeans  ails2  P≈0.005736
20:16:20 | i 22 | [ Summary ] cost=118871.00  Δ_S*=+0.00%  Δ_BKS=+0.70%  Δ_S*_BKS=+0.70%  no_improve=0
20:16:20 | i 20 | [ASYNC 1/2] sp_sc  29.28s / 720.00s / 4.1%  SP  avg_coverage=38.63/5  pool=4213
20:16:20 | i 20 | [ASYNC 2/2] standard_ails  374.69s / 360.00s / 104.1%
20:16:46 | i 20 | [ IMPROVE ] 118861.00  via standard_ails  ·  Δ_BKS=+0.69%
20:16:46 | i 23 | [HAOS ROLL] k=12  λ=0.2  rb  ac_avg  ails2  P≈0.005481
20:16:51 | i 23 | [Phase 1/3] decompose  4.23s / — / —  λ=0.2  rb ac_avg
20:19:13 | i 23 | [Phase 2/3] route  142.33s / 138.24s / 103.0%  ails2  k=12
20:19:13 | i 22 | [ ASYNC BG] bg_ails  168.90s / 139.57s / 121.0%
20:19:13 | i 23 | [HAOS ROLL] k=12  λ=0.2  rb  ac_avg  ails2  P≈0.005481
20:19:13 | i 23 | [ Summary ] cost=118949.00  Δ_S*=+0.07%  Δ_BKS=+0.76%  Δ_S*_BKS=+0.69%  no_improve=2
20:19:13 | i 24 | [HAOS ROLL] k=3  λ=0.8  rb  kmeans  ails2  P≈0.004825
20:19:19 | i 24 | [Phase 1/3] decompose  5.75s / — / —  λ=0.8  rb kmeans
20:22:49 | i 24 | [Phase 2/3] route  210.29s / 206.64s / 101.8%  ails2  k=3
20:22:49 | i 23 | [ ASYNC BG] bg_ails  176.59s / 145.87s / 121.1%
20:22:49 | i 24 | [HAOS ROLL] k=3  λ=0.8  rb  kmeans  ails2  P≈0.004825
20:22:50 | i 24 | [ Summary ] cost=119057.00  Δ_S*=+0.16%  Δ_BKS=+0.85%  Δ_S*_BKS=+0.69%  no_improve=4
20:22:50 | i 25 | [HAOS ROLL] k=12  λ=0.2  rb  ac_complete  ails2  P≈0.006752
20:22:56 | i 25 | [Phase 1/3] decompose  6.48s / — / —  λ=0.2  rb ac_complete
20:24:44 | i 25 | [Phase 2/3] route  108.46s / 105.00s / 103.3%  ails2  k=12
20:26:42 | i 24 | [ ASYNC BG] bg_ails  232.84s / 201.68s / 115.5%
20:26:42 | i 25 | [HAOS ROLL] k=12  λ=0.2  rb  ac_complete  ails2  P≈0.006752
20:26:43 | i 25 | [ Summary ] cost=119065.00  Δ_S*=+0.17%  Δ_BKS=+0.86%  Δ_S*_BKS=+0.69%  no_improve=6
20:26:43 | i 26 | [HAOS ROLL] k=12  λ=0.4  vb  ac_complete  ails2  P≈0.000746
20:26:51 | i 26 | [Phase 1/3] decompose  8.02s / — / —  λ=0.4  vb ac_complete
20:30:03 | i 26 | [Phase 2/3] route  192.85s / 173.46s / 111.2%  ails2  k=12
20:30:04 | i 25 | [ ASYNC BG] bg_ails  168.85s / 137.24s / 123.0%
20:30:04 | i 26 | [HAOS ROLL] k=12  λ=0.4  vb  ac_complete  ails2  P≈0.000746
20:30:04 | i 26 | [ Summary ] cost=124774.00  Δ_S*=+4.97%  Δ_BKS=+5.70%  Δ_S*_BKS=+0.69%  no_improve=8
20:30:04 | i 27 | [HAOS ROLL] k=4  λ=0.4  rb  ac_avg  filo  P≈0.000992
20:30:11 | i 27 | [Phase 1/3] decompose  6.97s / — / —  λ=0.4  rb ac_avg
20:34:38 | i 27 | [Phase 2/3] route  267.26s / 265.74s / 100.6%  filo  k=4
20:35:00 | i 26 | [ ASYNC BG] bg_ails  296.42s / 263.57s / 112.5%
20:35:00 | i 27 | [HAOS ROLL] k=4  λ=0.4  rb  ac_avg  filo  P≈0.000992
20:35:00 | i 27 | [ Summary ] cost=119899.00  Δ_S*=+0.87%  Δ_BKS=+1.57%  Δ_S*_BKS=+0.69%  no_improve=10
20:35:00 | i 25 | [ASYNC 1/2] sp_sc  55.84s / 720.00s / 7.8%  SP  avg_coverage=46.35/5  pool=5043
20:35:00 | i 25 | [ASYNC 2/2] standard_ails  374.72s / 360.00s / 104.1%
20:35:35 | i 25 | [ IMPROVE ] 118763.00  via standard_ails  ·  Δ_BKS=+0.60%
20:35:35 | i 28 | [HAOS ROLL] k=12  λ=0.4  rb  kmeans  ails2  P≈0.016006
20:35:40 | i 28 | [Phase 1/3] decompose  4.33s / — / —  λ=0.4  rb kmeans
20:37:53 | i 28 | [Phase 2/3] route  133.33s / 81.00s / 164.6%  ails2  k=12
20:37:53 | i 28 | [HAOS ROLL] k=12  λ=0.4  rb  kmeans  ails2  P≈0.016006
20:37:53 | i 28 | [ Summary ] cost=118792.00  Δ_S*=+0.02%  Δ_BKS=+0.63%  Δ_S*_BKS=+0.60%  no_improve=1
20:37:53 | i — | [  FINAL  ] async BG-AILS totals launched=26 applied=26 adopted=5 launch_skipped_cap=2 crashes=0 discarded_in_flight=False block_wait_total_s=1258.6
20:37:53 | i — | [  FINAL  ] async SP/SC totals invocations=5 adopted=5 skipped=0 discarded_in_flight=False sp_busy_frac=0.41695270021206454
20:37:53 | i — | [  FINAL  ] ════════════════════════════════════════
20:37:53 | i — | [  FINAL  ] Run complete  iterations=28  elapsed=02:01:20  best=118763.00
20:37:53 | i — | [  FINAL  ] Δ_BKS=+0.60%  no_improve_stop=False  time_stop=True  cancelled=False
20:37:53 | i — | [  FINAL  ] 
20:37:53 | i — | [  FINAL  ] [BEST SOLUTION — HAOS TAG SUMMARY]
20:37:53 | i — | [  FINAL  ] ────────────────────────────────────────
20:37:53 | i — | [  FINAL  ]   59 routes  rb  kmeans  k=12  λ=1.0  solver=ails2
20:37:53 | i — | [  FINAL  ]   3 routes  rb  ac_complete  k=12  λ=1.0  solver=filo
20:37:53 | i — | [  FINAL  ]   3 routes  rb  ac_complete  k=12  λ=0.8  solver=filo2
20:37:53 | i — | [  FINAL  ]   1 routes  vb  kmeans  k=4  λ=1.0  solver=filo
20:37:53 | i — | [  FINAL  ]   42 routes  post-SP/SC improvement
20:37:53 | i — | [  FINAL  ] 
20:37:53 | i — | [  FINAL  ] [ROUTE POOL — HAOS TAG SUMMARY]
20:37:53 | i — | [  FINAL  ] ────────────────────────────────────────
20:37:53 | i — | [  FINAL  ]   315 routes  rb  kmeans  k=12  λ=1.0  solver=ails2
20:37:53 | i — | [  FINAL  ]   225 routes  vb  ac_avg  k=12  λ=0.6  solver=filo2
20:37:53 | i — | [  FINAL  ]   223 routes  vb  kmeans  k=12  λ=0.4  solver=pyvrp
20:37:53 | i — | [  FINAL  ]   221 routes  vb  ac_complete  k=6  λ=0.8  solver=ails2
20:37:53 | i — | [  FINAL  ]   221 routes  vb  ac_complete  k=12  λ=0.4  solver=ails2
20:37:53 | i — | [  FINAL  ]   220 routes  vb  kmeans  k=6  λ=0.6  solver=filo
20:37:53 | i — | [  FINAL  ]   220 routes  vb  kmeans  k=4  λ=1.0  solver=filo
20:37:53 | i — | [  FINAL  ]   220 routes  vb  ac_complete  k=6  λ=1.0  solver=filo
20:37:53 | i — | [  FINAL  ]   219 routes  vb  ac_avg  k=3  λ=1.0  solver=pyvrp
20:37:53 | i — | [  FINAL  ]   218 routes  vb  ac_complete  k=3  λ=0.4  solver=ails2
20:37:53 | i — | [  FINAL  ]   217 routes  vb  ac_complete  k=2  λ=0.0  solver=filo
20:37:53 | i — | [  FINAL  ]   216 routes  rb  kmeans  k=2  λ=0.6  solver=pyvrp
20:37:53 | i — | [  FINAL  ]   215 routes  rb  kmeans  k=3  λ=0.4  solver=filo2
20:37:53 | i — | [  FINAL  ]   214 routes  rb  ac_complete  k=8  λ=0.6  solver=ails2
20:37:53 | i — | [  FINAL  ]   214 routes  rb  kmeans  k=4  λ=0.6  solver=ails2
20:37:53 | i — | [  FINAL  ]   214 routes  rb  kmeans  k=2  λ=0.4  solver=pyvrp
20:37:53 | i — | [  FINAL  ]   213 routes  rb  ac_complete  k=4  λ=1.0  solver=filo2
20:37:53 | i — | [  FINAL  ]   206 routes  rb  kmeans  k=4  λ=0.4  solver=ails2
20:37:53 | i — | [  FINAL  ]   200 routes  rb  ac_complete  k=12  λ=0.8  solver=filo2
20:37:53 | i — | [  FINAL  ]   192 routes  rb  ac_complete  k=12  λ=1.0  solver=filo
20:37:53 | i — | [  FINAL  ]   115 routes  rb  kmeans  k=3  λ=0.8  solver=ails2
20:37:53 | i — | [  FINAL  ]   113 routes  rb  ac_complete  k=6  λ=0.2  solver=filo2
20:37:53 | i — | [  FINAL  ]   111 routes  rb  ac_avg  k=3  λ=0.2  solver=ails2
20:37:53 | i — | [  FINAL  ]   107 routes  rb  ac_avg  k=12  λ=0.2  solver=ails2
20:37:53 | i — | [  FINAL  ]   106 routes  rb  ac_avg  k=4  λ=0.4  solver=filo
20:37:53 | i — | [  FINAL  ]   104 routes  rb  ac_complete  k=12  λ=0.2  solver=ails2
20:37:53 | i — | [  FINAL  ]   91 routes  rb  kmeans  k=12  λ=0.4  solver=ails2
20:37:53 | i — | [  FINAL  ]   331 routes  post-SP/SC improvement
20:37:53 | i — | [  FINAL  ] ════════════════════════════════════════
