08:03:43 | i — | [  INIT   ] ════════════════════════════════════════
08:03:43 | i — | [  INIT   ] DRISPI  instance=X-n2028-k617  n=2027  capacity=247
08:03:43 | i — | [  INIT   ] k domain (computed at init): [2, 3, 4, 6, 8, 10, 12]  k_ext=8  k_min=617  k_ext_bound=n_bound  spacing_rejected=0
08:03:43 | i — | [  INIT   ] ══════════════════════════════════════════════════════
08:03:43 | i — | [  INIT   ] CONFIGURATION
08:03:43 | i — | [  INIT   ] ── stopping ────────────────────────────────
08:03:43 | i — | [  INIT   ]   time_limit                  = 7200.0
08:03:43 | i — | [  INIT   ]   max_no_improve              = 1000000000
08:03:43 | i — | [  INIT   ] ── parallelism ─────────────────────────────
08:03:43 | i — | [  INIT   ]   n_workers                   = 8
08:03:43 | i — | [  INIT   ] ── cores ───────────────────────────────────
08:03:43 | i — | [  INIT   ]   cores_total                 = 8
08:03:43 | i — | [  INIT   ]   cores_dri                   = 6
08:03:43 | i — | [  INIT   ]   cores_bg                    = 1
08:03:43 | i — | [  INIT   ]   cores_sp                    = 1
08:03:43 | i — | [  INIT   ]   cores_cpu_list              = None
08:03:43 | i — | [  INIT   ] ── sp/sc ───────────────────────────────────
08:03:43 | i — | [  INIT   ]   sp_sc_mode                  = async
08:03:43 | i — | [  INIT   ]   sp_sc_trigger               = wallclock
08:03:43 | i — | [  INIT   ]   interval_minutes            = 20.0
08:03:43 | i — | [  INIT   ]   overlap_policy              = skip
08:03:43 | i — | [  INIT   ]   warmup_iterations           = 5
08:03:43 | i — | [  INIT   ]   sp_interval                 = 3
08:03:43 | i — | [  INIT   ]   min_coverage                = 5
08:03:43 | i — | [  INIT   ]   sp_time_limit               = 720.0
08:03:43 | i — | [  INIT   ]   mip_gap                     = 0.00025
08:03:43 | i — | [  INIT   ] ── decomposition ───────────────────────────
08:03:43 | i — | [  INIT   ]   decomp_k_base_arms          = [2, 3, 4, 6, 8, 10, 12]
08:03:43 | i — | [  INIT   ]   decomp_k_max_arms           = 10
08:03:43 | i — | [  INIT   ]   decomp_k_ext_per_1000       = 4
08:03:43 | i — | [  INIT   ]   decomp_k_min_routes_per_cluster= 8
08:03:43 | i — | [  INIT   ]   decomp_k_min_arm_spacing    = 2
08:03:43 | i — | [  INIT   ]   subcluster_rate_s_per_customer= 0.06
08:03:43 | i — | [  INIT   ]   subcluster_floor_s          = 5.0
08:03:43 | i — | [  INIT   ] ── bg_ails ─────────────────────────────────
08:03:43 | i — | [  INIT   ]   bg_ails_mode                = async
08:03:43 | i — | [  INIT   ]   bg_ails_crash_threshold     = 1
08:03:43 | i — | [  INIT   ]   bg_ails_budget_mode         = predicted_dr_wall
08:03:43 | i — | [  INIT   ]   bg_ails_budget_floor_s      = 60.0
08:03:43 | i — | [  INIT   ]   bg_ails_budget_margin       = 1.0
08:03:43 | i — | [  INIT   ]   bg_ails_wall_model_scale    = 0.976
08:03:43 | i — | [  INIT   ]   bg_ails_wall_model_wave_exponent= -0.18
08:03:43 | i — | [  INIT   ]   bg_ails_initial_omega       = 10
08:03:43 | i — | [  INIT   ]   bg_ails_boundary_threshold  = 0.5
08:03:43 | i — | [  INIT   ]   bg_ails_small_cluster_cap   = 20
08:03:43 | i — | [  INIT   ]   bg_ails_small_cluster_alpha = 0.5
08:03:43 | i — | [  INIT   ]   bg_ails_pair_selection      = greedy
08:03:43 | i — | [  INIT   ]   bg_ails_n_chains_mode       = k
08:03:43 | i — | [  INIT   ] ── standard_improvement ────────────────────
08:03:43 | i — | [  INIT   ]   standard_improvement_time_limit= 360.0
08:03:43 | i — | [  INIT   ] ── pool ────────────────────────────────────
08:03:43 | i — | [  INIT   ]   max_pool_size               = 10000
08:03:43 | i — | [  INIT   ]   pool_diversity_weight       = 0.5
08:03:43 | i — | [  INIT   ] ── haos ────────────────────────────────────
08:03:43 | i — | [  INIT   ]   haos_decay                  = 0.95
08:03:43 | i — | [  INIT   ]   haos_warmup                 = 10
08:03:43 | i — | [  INIT   ]   haos_starting_weight        = 10.0
08:03:43 | i — | [  INIT   ]   haos_min_weight_k           = 0.025
08:03:43 | i — | [  INIT   ]   haos_min_weight_lambda      = 0.05
08:03:43 | i — | [  INIT   ]   haos_min_weight_paradigm    = 0.1
08:03:43 | i — | [  INIT   ]   haos_min_weight_vertex_method= 0.05
08:03:43 | i — | [  INIT   ]   haos_min_weight_route_method= 0.05
08:03:43 | i — | [  INIT   ]   haos_min_weight_solver      = 0.05
08:03:43 | i — | [  INIT   ]   haos_lambda_demand_values   = [0.0, 0.2, 0.4, 0.6, 0.8, 1.0]
08:03:43 | i — | [  INIT   ]   haos_paradigm_values        = ['vertex', 'route']
08:03:43 | i — | [  INIT   ]   haos_vertex_method_values   = ['kmeans', 'agglomerative_avg', 'agglomerative_complete', 'kmedoids', 'fcm']
08:03:43 | i — | [  INIT   ]   haos_route_method_values    = ['kmeans', 'agglomerative_avg', 'agglomerative_complete']
08:03:43 | i — | [  INIT   ]   haos_solver_values          = ['pyvrp', 'filo', 'filo2', 'ails2']
08:03:43 | i — | [  INIT   ] ── haos_rewards ────────────────────────────
08:03:43 | i — | [  INIT   ]   haos_reward_new_best        = 10.0
08:03:43 | i — | [  INIT   ]   haos_reward_improvement     = 4.0
08:03:43 | i — | [  INIT   ]   haos_reward_no_improvement  = 1.0
08:03:43 | i — | [  INIT   ]   haos_reward_no_solution     = 0.0
08:03:43 | i — | [  INIT   ]   haos_deferred_new_best      = 7.0
08:03:43 | i — | [  INIT   ]   haos_deferred_improvement   = 3.0
08:03:43 | i — | [  INIT   ]   haos_deferred_no_improvement= 0.0
08:03:43 | i — | [  INIT   ] ── seed ────────────────────────────────────
08:03:43 | i — | [  INIT   ]   seed                        = 10
08:03:43 | i — | [  INIT   ] ── output ──────────────────────────────────
08:03:43 | i — | [  INIT   ]   output_dir                  = /app/artifacts/final_benchmark/runs/X-n2028-k617/seed10
08:03:43 | i — | [  INIT   ]   run_analysis                = False
08:03:43 | i — | [  INIT   ] ══════════════════════════════════════════════════════
08:03:43 | i — | [  INIT   ] BKS=544166.00
08:03:43 | i — | [  INIT   ] ════════════════════════════════════════
08:03:43 | i 1 | [HAOS ROLL] k=6  λ=0.6  vb  kmeans  filo  P≈0.000595
08:03:47 | i 1 | [Phase 1/3] decompose  3.88s / — / —  λ=0.6  vb kmeans
08:04:12 | i 1 | [Phase 2/3] route  24.32s / 23.76s / 102.3%  filo  k=6
08:04:12 | i 1 | [ IMPROVE ] 554265.00  via decompose_route  ·  Δ_BKS=+1.86%
08:04:12 | i 1 | [HAOS ROLL] k=6  λ=0.6  vb  kmeans  filo  P≈0.000595
08:04:12 | i 1 | [ Summary ] cost=554265.00  Δ_S*=+0.00%  Δ_BKS=+1.86%  Δ_S*_BKS=+1.86%  no_improve=0
08:04:12 | i 2 | [HAOS ROLL] k=3  λ=0.4  vb  ac_complete  ails2  P≈0.000595
08:04:12 | i 2 | [Phase 1/3] decompose  0.40s / — / —  λ=0.4  vb ac_complete
08:05:07 | i 2 | [Phase 2/3] route  54.84s / 53.58s / 102.4%  ails2  k=3
08:05:15 | i 1 | [ IMPROVE ] 546071.00  via bg_ails  ·  Δ_BKS=+0.35%
08:05:15 | i 1 | [ ASYNC BG] bg_ails  63.64s / 60.00s / 106.1%
08:05:15 | i 2 | [ IMPROVE ] 545446.00  via decompose_route  ·  Δ_BKS=+0.24%
08:05:15 | i 2 | [HAOS ROLL] k=3  λ=0.4  vb  ac_complete  ails2  P≈0.000595
08:05:15 | i 2 | [ Summary ] cost=545446.00  Δ_S*=+0.00%  Δ_BKS=+0.24%  Δ_S*_BKS=+0.24%  no_improve=0
08:05:15 | i 3 | [HAOS ROLL] k=2  λ=0.0  vb  ac_complete  filo  P≈0.000595
08:05:16 | i 3 | [Phase 1/3] decompose  0.32s / — / —  λ=0.0  vb ac_complete
08:06:48 | i 3 | [Phase 2/3] route  92.20s / 91.50s / 100.8%  filo  k=2
08:06:48 | i 2 | [ ASYNC BG] bg_ails  63.83s / 60.00s / 106.4%
08:06:48 | i 3 | [HAOS ROLL] k=2  λ=0.0  vb  ac_complete  filo  P≈0.000595
08:06:48 | i 3 | [ Summary ] cost=552861.00  Δ_S*=+1.36%  Δ_BKS=+1.60%  Δ_S*_BKS=+0.24%  no_improve=2
08:06:48 | i 4 | [HAOS ROLL] k=12  λ=0.6  vb  ac_avg  filo2  P≈0.000595
08:06:48 | i 4 | [Phase 1/3] decompose  0.41s / — / —  λ=0.6  vb ac_avg
08:07:30 | i 4 | [Phase 2/3] route  42.11s / 42.06s / 100.1%  filo2  k=12
08:08:21 | i 3 | [ ASYNC BG] bg_ails  92.70s / 89.30s / 103.8%
08:08:21 | i 4 | [HAOS ROLL] k=12  λ=0.6  vb  ac_avg  filo2  P≈0.000595
08:08:21 | i 4 | [ Summary ] cost=554811.00  Δ_S*=+1.72%  Δ_BKS=+1.96%  Δ_S*_BKS=+0.24%  no_improve=4
08:08:21 | i 5 | [HAOS ROLL] k=4  λ=0.6  rb  kmeans  ails2  P≈0.000992
08:08:21 | i 5 | [Phase 1/3] decompose  0.30s / — / —  λ=0.6  rb kmeans
08:09:05 | i 5 | [Phase 2/3] route  43.88s / 42.72s / 102.7%  ails2  k=4
08:09:24 | i 4 | [ ASYNC BG] bg_ails  63.59s / 60.00s / 106.0%
08:09:24 | i 5 | [HAOS ROLL] k=4  λ=0.6  rb  kmeans  ails2  P≈0.000992
08:09:24 | i 5 | [ Summary ] cost=545491.00  Δ_S*=+0.01%  Δ_BKS=+0.24%  Δ_S*_BKS=+0.24%  no_improve=6
08:09:24 | i 6 | [HAOS ROLL] k=8  λ=0.6  rb  ac_complete  ails2  P≈0.000992
08:09:25 | i 6 | [Phase 1/3] decompose  0.32s / — / —  λ=0.6  rb ac_complete
08:10:05 | i 6 | [Phase 2/3] route  40.09s / 38.22s / 104.9%  ails2  k=8
08:10:28 | i 5 | [ ASYNC BG] bg_ails  63.54s / 60.00s / 105.9%
08:10:28 | i 6 | [ IMPROVE ] 545325.00  via decompose_route  ·  Δ_BKS=+0.21%
08:10:28 | i 6 | [HAOS ROLL] k=8  λ=0.6  rb  ac_complete  ails2  P≈0.000992
08:10:28 | i 6 | [ Summary ] cost=545325.00  Δ_S*=+0.00%  Δ_BKS=+0.21%  Δ_S*_BKS=+0.21%  no_improve=0
08:10:28 | i 7 | [HAOS ROLL] k=12  λ=0.4  vb  kmeans  pyvrp  P≈0.000595
08:10:28 | i 7 | [Phase 1/3] decompose  0.29s / — / —  λ=0.4  vb kmeans
08:10:57 | i 7 | [Phase 2/3] route  28.98s / 17.22s / 168.3%  pyvrp  k=12
08:11:31 | i 6 | [ ASYNC BG] bg_ails  63.66s / 60.00s / 106.1%
08:11:31 | i 7 | [HAOS ROLL] k=12  λ=0.4  vb  kmeans  pyvrp  P≈0.000595
08:11:31 | i 7 | [ Summary ] cost=561923.00  Δ_S*=+3.04%  Δ_BKS=+3.26%  Δ_S*_BKS=+0.21%  no_improve=2
08:11:31 | i 8 | [HAOS ROLL] k=3  λ=1.0  vb  ac_avg  pyvrp  P≈0.000595
08:11:32 | i 8 | [Phase 1/3] decompose  0.41s / — / —  λ=1.0  vb ac_avg
08:12:43 | i 8 | [Phase 2/3] route  71.38s / 67.32s / 106.0%  pyvrp  k=3
08:12:43 | i 7 | [ ASYNC BG] bg_ails  63.71s / 60.00s / 106.2%
08:12:43 | i 8 | [HAOS ROLL] k=3  λ=1.0  vb  ac_avg  pyvrp  P≈0.000595
08:12:43 | i 8 | [ Summary ] cost=552722.00  Δ_S*=+1.36%  Δ_BKS=+1.57%  Δ_S*_BKS=+0.21%  no_improve=4
08:12:43 | i 9 | [HAOS ROLL] k=4  λ=1.0  vb  kmeans  filo  P≈0.000595
08:12:44 | i 9 | [Phase 1/3] decompose  0.27s / — / —  λ=1.0  vb kmeans
08:13:51 | i 9 | [Phase 2/3] route  67.38s / 66.72s / 101.0%  filo  k=4
08:13:52 | i 8 | [ ASYNC BG] bg_ails  68.62s / 65.70s / 104.4%
08:13:52 | i 9 | [HAOS ROLL] k=4  λ=1.0  vb  kmeans  filo  P≈0.000595
08:13:52 | i 9 | [ Summary ] cost=553376.00  Δ_S*=+1.48%  Δ_BKS=+1.69%  Δ_S*_BKS=+0.21%  no_improve=6
08:13:52 | i 10 | [HAOS ROLL] k=12  λ=1.0  rb  kmeans  ails2  P≈0.000992
08:13:52 | i 10 | [Phase 1/3] decompose  0.31s / — / —  λ=1.0  rb kmeans
08:14:20 | i 10 | [Phase 2/3] route  27.89s / 20.64s / 135.1%  ails2  k=12
08:15:01 | i 9 | [ ASYNC BG] bg_ails  68.68s / 65.12s / 105.5%
08:15:01 | i 10 | [HAOS ROLL] k=12  λ=1.0  rb  kmeans  ails2  P≈0.000992
08:15:01 | i 10 | [ Summary ] cost=545516.00  Δ_S*=+0.04%  Δ_BKS=+0.25%  Δ_S*_BKS=+0.21%  no_improve=8
08:15:01 | i 11 | [HAOS ROLL] k=6  λ=1.0  vb  ac_complete  filo  P≈0.000595
08:15:01 | i 11 | [Phase 1/3] decompose  0.41s / — / —  λ=1.0  vb ac_complete
08:15:45 | i 11 | [Phase 2/3] route  44.12s / 43.80s / 100.7%  filo  k=6
08:16:04 | i 10 | [ ASYNC BG] bg_ails  63.66s / 60.00s / 106.1%
08:16:04 | i 11 | [HAOS ROLL] k=6  λ=1.0  vb  ac_complete  filo  P≈0.000595
08:16:04 | i 11 | [ Summary ] cost=553873.00  Δ_S*=+1.57%  Δ_BKS=+1.78%  Δ_S*_BKS=+0.21%  no_improve=10
08:16:04 | i 12 | [HAOS ROLL] k=2  λ=0.6  rb  kmeans  pyvrp  P≈0.000946
08:16:05 | i 12 | [Phase 1/3] decompose  0.29s / — / —  λ=0.6  rb kmeans
08:17:42 | i 12 | [Phase 2/3] route  97.70s / 91.56s / 106.7%  pyvrp  k=2
08:17:42 | i 11 | [ ASYNC BG] bg_ails  63.64s / 60.00s / 106.1%
08:17:42 | i 12 | [HAOS ROLL] k=2  λ=0.6  rb  kmeans  pyvrp  P≈0.000946
08:17:42 | i 12 | [ Summary ] cost=552847.00  Δ_S*=+1.38%  Δ_BKS=+1.60%  Δ_S*_BKS=+0.21%  no_improve=12
08:17:42 | i 13 | [HAOS ROLL] k=6  λ=0.8  vb  ac_complete  ails2  P≈0.000947
08:17:43 | i 13 | [Phase 1/3] decompose  0.35s / — / —  λ=0.8  vb ac_complete
08:18:43 | i 13 | [Phase 2/3] route  60.72s / 58.68s / 103.5%  ails2  k=6
08:19:15 | i 12 | [ ASYNC BG] bg_ails  92.77s / 89.36s / 103.8%
08:19:15 | i 13 | [HAOS ROLL] k=6  λ=0.8  vb  ac_complete  ails2  P≈0.000947
08:19:15 | i 13 | [ Summary ] cost=545861.00  Δ_S*=+0.10%  Δ_BKS=+0.31%  Δ_S*_BKS=+0.21%  no_improve=14
08:19:15 | i 14 | [HAOS ROLL] k=6  λ=0.2  rb  ac_complete  filo2  P≈0.000833
08:19:15 | i 14 | [Phase 1/3] decompose  0.32s / — / —  λ=0.2  rb ac_complete
08:20:18 | i 14 | [Phase 2/3] route  62.15s / 62.04s / 100.2%  filo2  k=6
08:20:19 | i 13 | [ ASYNC BG] bg_ails  63.57s / 60.00s / 105.9%
08:20:19 | i 14 | [HAOS ROLL] k=6  λ=0.2  rb  ac_complete  filo2  P≈0.000833
08:20:19 | i 14 | [ Summary ] cost=553310.00  Δ_S*=+1.46%  Δ_BKS=+1.68%  Δ_S*_BKS=+0.21%  no_improve=16
08:20:19 | i 15 | [HAOS ROLL] k=3  λ=0.2  rb  ac_avg  filo2  P≈0.000662
08:20:19 | i 15 | [Phase 1/3] decompose  0.31s / — / —  λ=0.2  rb ac_avg
08:21:26 | i 15 | [Phase 2/3] route  67.15s / 67.44s / 99.6%  filo2  k=3
08:21:26 | i 14 | [ ASYNC BG] bg_ails  63.65s / 60.55s / 105.1%
08:21:26 | i 15 | [HAOS ROLL] k=3  λ=0.2  rb  ac_avg  filo2  P≈0.000662
08:21:26 | i 15 | [ Summary ] cost=552245.00  Δ_S*=+1.27%  Δ_BKS=+1.48%  Δ_S*_BKS=+0.21%  no_improve=18
08:21:26 | i 16 | [HAOS ROLL] k=6  λ=0.4  vb  kmeans  filo2  P≈0.000777
08:21:27 | i 16 | [Phase 1/3] decompose  0.30s / — / —  λ=0.4  vb kmeans
08:22:09 | i 16 | [Phase 2/3] route  42.12s / 42.42s / 99.3%  filo2  k=6
08:22:35 | i 15 | [ ASYNC BG] bg_ails  68.64s / 65.82s / 104.3%
08:22:35 | i 16 | [HAOS ROLL] k=6  λ=0.4  vb  kmeans  filo2  P≈0.000777
08:22:35 | i 16 | [ Summary ] cost=553398.00  Δ_S*=+1.48%  Δ_BKS=+1.70%  Δ_S*_BKS=+0.21%  no_improve=20
08:22:35 | i 17 | [HAOS ROLL] k=2  λ=0.2  rb  kmeans  pyvrp  P≈0.001470
08:22:35 | i 17 | [Phase 1/3] decompose  0.30s / — / —  λ=0.2  rb kmeans
08:24:10 | i 17 | [Phase 2/3] route  94.46s / 88.08s / 107.2%  pyvrp  k=2
08:24:10 | i 16 | [ ASYNC BG] bg_ails  63.67s / 60.00s / 106.1%
08:24:10 | i 17 | [HAOS ROLL] k=2  λ=0.2  rb  kmeans  pyvrp  P≈0.001470
08:24:10 | i 17 | [ Summary ] cost=552863.00  Δ_S*=+1.38%  Δ_BKS=+1.60%  Δ_S*_BKS=+0.21%  no_improve=22
08:24:10 | i 18 | [HAOS ROLL] k=6  λ=1.0  rb  ac_complete  filo2  P≈0.002566
08:24:10 | i 18 | [Phase 1/3] decompose  0.32s / — / —  λ=1.0  rb ac_complete
08:25:12 | i 18 | [Phase 2/3] route  62.16s / 62.04s / 100.2%  filo2  k=6
08:25:38 | i 17 | [ ASYNC BG] bg_ails  88.74s / 85.97s / 103.2%
08:25:38 | i 18 | [HAOS ROLL] k=6  λ=1.0  rb  ac_complete  filo2  P≈0.002566
08:25:38 | i 18 | [ Summary ] cost=552798.00  Δ_S*=+1.37%  Δ_BKS=+1.59%  Δ_S*_BKS=+0.21%  no_improve=24
08:25:38 | i 19 | [HAOS ROLL] k=12  λ=0.8  rb  ac_complete  filo  P≈0.000504
08:25:39 | i 19 | [Phase 1/3] decompose  0.31s / — / —  λ=0.8  rb ac_complete
08:26:18 | i 19 | [Phase 2/3] route  39.12s / 26.58s / 147.2%  filo  k=12
08:26:42 | i 18 | [ ASYNC BG] bg_ails  63.52s / 60.55s / 104.9%
08:26:42 | i 19 | [HAOS ROLL] k=12  λ=0.8  rb  ac_complete  filo  P≈0.000504
08:26:42 | i 19 | [ Summary ] cost=553331.00  Δ_S*=+1.47%  Δ_BKS=+1.68%  Δ_S*_BKS=+0.21%  no_improve=26
08:26:42 | i 20 | [HAOS ROLL] k=12  λ=1.0  rb  ac_complete  pyvrp  P≈0.001331
08:26:42 | i 20 | [Phase 1/3] decompose  0.32s / — / —  λ=1.0  rb ac_complete
08:27:22 | i 20 | [Phase 2/3] route  39.23s / 26.58s / 147.6%  pyvrp  k=12
08:27:46 | i 19 | [ ASYNC BG] bg_ails  63.62s / 60.00s / 106.0%
08:27:46 | i 20 | [HAOS ROLL] k=12  λ=1.0  rb  ac_complete  pyvrp  P≈0.001331
08:27:46 | i 20 | [ Summary ] cost=559083.00  Δ_S*=+2.52%  Δ_BKS=+2.74%  Δ_S*_BKS=+0.21%  no_improve=28
08:27:46 | i 21 | [HAOS ROLL] k=3  λ=0.6  rb  kmeans  filo  P≈0.000714
08:27:46 | i 21 | [Phase 1/3] decompose  0.36s / — / —  λ=0.6  rb kmeans
08:28:54 | i 21 | [Phase 2/3] route  68.14s / 67.50s / 101.0%  filo  k=3
08:28:54 | i 20 | [ ASYNC BG] bg_ails  63.59s / 60.00s / 106.0%
08:28:54 | i 21 | [HAOS ROLL] k=3  λ=0.6  rb  kmeans  filo  P≈0.000714
08:28:54 | i 21 | [ Summary ] cost=553954.00  Δ_S*=+1.58%  Δ_BKS=+1.80%  Δ_S*_BKS=+0.21%  no_improve=30
08:28:54 | i 6 | [ASYNC 1/2] sp_sc  720.68s / 720.00s / 100.1%  SC  avg_coverage=5.59/5  pool=3470
08:28:54 | i 6 | [ASYNC 2/2] standard_ails  363.59s / 360.00s / 101.0%
08:29:20 | i 22 | [HAOS ROLL] k=12  λ=1.0  rb  kmeans  filo2  P≈0.002971
08:29:20 | i 22 | [Phase 1/3] decompose  0.27s / — / —  λ=1.0  rb kmeans
08:29:44 | i 22 | [Phase 2/3] route  24.08s / 18.60s / 129.5%  filo2  k=12
08:30:03 | i 21 | [ ASYNC BG] bg_ails  68.55s / 65.88s / 104.1%
08:30:03 | i 22 | [HAOS ROLL] k=12  λ=1.0  rb  kmeans  filo2  P≈0.002971
08:30:03 | i 22 | [ Summary ] cost=554507.00  Δ_S*=+1.68%  Δ_BKS=+1.90%  Δ_S*_BKS=+0.21%  no_improve=33
08:30:03 | i 23 | [HAOS ROLL] k=12  λ=0.2  rb  ac_complete  filo2  P≈0.002716
08:30:03 | i 23 | [Phase 1/3] decompose  0.29s / — / —  λ=0.2  rb ac_complete
08:30:42 | i 23 | [Phase 2/3] route  39.10s / 26.58s / 147.1%  filo2  k=12
08:31:06 | i 22 | [ ASYNC BG] bg_ails  63.67s / 60.00s / 106.1%
08:31:07 | i 23 | [HAOS ROLL] k=12  λ=0.2  rb  ac_complete  filo2  P≈0.002716
08:31:07 | i 23 | [ Summary ] cost=553938.00  Δ_S*=+1.58%  Δ_BKS=+1.80%  Δ_S*_BKS=+0.21%  no_improve=35
08:31:07 | i 24 | [HAOS ROLL] k=3  λ=0.8  rb  kmeans  filo  P≈0.000829
08:31:07 | i 24 | [Phase 1/3] decompose  0.30s / — / —  λ=0.8  rb kmeans
08:32:15 | i 24 | [Phase 2/3] route  68.15s / 67.50s / 101.0%  filo  k=3
08:32:15 | i 23 | [ ASYNC BG] bg_ails  63.74s / 60.00s / 106.2%
08:32:15 | i 24 | [HAOS ROLL] k=3  λ=0.8  rb  kmeans  filo  P≈0.000829
08:32:15 | i 24 | [ Summary ] cost=553644.00  Δ_S*=+1.53%  Δ_BKS=+1.74%  Δ_S*_BKS=+0.21%  no_improve=37
08:32:15 | i 25 | [HAOS ROLL] k=12  λ=0.2  rb  ac_complete  filo2  P≈0.005448
08:32:16 | i 25 | [Phase 1/3] decompose  0.30s / — / —  λ=0.2  rb ac_complete
08:32:55 | i 25 | [Phase 2/3] route  39.11s / 26.58s / 147.2%  filo2  k=12
08:33:24 | i 24 | [ ASYNC BG] bg_ails  69.00s / 65.88s / 104.7%
08:33:24 | i 25 | [HAOS ROLL] k=12  λ=0.2  rb  ac_complete  filo2  P≈0.005448
08:33:24 | i 25 | [ Summary ] cost=554393.00  Δ_S*=+1.66%  Δ_BKS=+1.88%  Δ_S*_BKS=+0.21%  no_improve=39
08:33:24 | i 26 | [HAOS ROLL] k=12  λ=0.4  vb  ac_avg  filo2  P≈0.000720
08:33:25 | i 26 | [Phase 1/3] decompose  0.40s / — / —  λ=0.4  vb ac_avg
08:34:12 | i 26 | [Phase 2/3] route  47.13s / 38.64s / 122.0%  filo2  k=12
08:34:28 | i 25 | [ ASYNC BG] bg_ails  63.70s / 60.00s / 106.2%
08:34:28 | i 26 | [HAOS ROLL] k=12  λ=0.4  vb  ac_avg  filo2  P≈0.000720
08:34:28 | i 26 | [ Summary ] cost=554840.00  Δ_S*=+1.74%  Δ_BKS=+1.96%  Δ_S*_BKS=+0.21%  no_improve=41
08:34:28 | i 27 | [HAOS ROLL] k=6  λ=0.6  rb  ac_avg  pyvrp  P≈0.000787
08:34:28 | i 27 | [Phase 1/3] decompose  0.31s / — / —  λ=0.6  rb ac_avg
08:35:39 | i 27 | [Phase 2/3] route  71.13s / 67.44s / 105.5%  pyvrp  k=6
08:35:40 | i 26 | [ ASYNC BG] bg_ails  63.67s / 60.00s / 106.1%
08:35:40 | i 27 | [HAOS ROLL] k=6  λ=0.6  rb  ac_avg  pyvrp  P≈0.000787
08:35:40 | i 27 | [ Summary ] cost=554900.00  Δ_S*=+1.76%  Δ_BKS=+1.97%  Δ_S*_BKS=+0.21%  no_improve=43
08:35:40 | i 28 | [HAOS ROLL] k=12  λ=0.6  rb  kmeans  ails2  P≈0.002495
08:35:40 | i 28 | [Phase 1/3] decompose  0.30s / — / —  λ=0.6  rb kmeans
08:36:06 | i 28 | [Phase 2/3] route  25.98s / 18.48s / 140.6%  ails2  k=12
08:36:48 | i 27 | [ ASYNC BG] bg_ails  68.78s / 65.82s / 104.5%
08:36:48 | i 28 | [HAOS ROLL] k=12  λ=0.6  rb  kmeans  ails2  P≈0.002495
08:36:48 | i 28 | [ Summary ] cost=545366.00  Δ_S*=+0.01%  Δ_BKS=+0.22%  Δ_S*_BKS=+0.21%  no_improve=45
08:36:48 | i 29 | [HAOS ROLL] k=12  λ=0.6  vb  kmedoids  filo  P≈0.000919
08:36:49 | i 29 | [Phase 1/3] decompose  0.68s / — / —  λ=0.6  vb kmedoids
08:37:20 | i 29 | [Phase 2/3] route  31.09s / 23.40s / 132.9%  filo  k=12
08:37:52 | i 28 | [ ASYNC BG] bg_ails  63.79s / 60.00s / 106.3%
08:37:52 | i 29 | [HAOS ROLL] k=12  λ=0.6  vb  kmedoids  filo  P≈0.000919
08:37:52 | i 29 | [ Summary ] cost=557885.00  Δ_S*=+2.30%  Δ_BKS=+2.52%  Δ_S*_BKS=+0.21%  no_improve=47
08:37:52 | i 30 | [HAOS ROLL] k=12  λ=0.4  rb  ac_complete  filo2  P≈0.004904
08:37:53 | i 30 | [Phase 1/3] decompose  0.30s / — / —  λ=0.4  rb ac_complete
08:38:32 | i 30 | [Phase 2/3] route  39.10s / 26.58s / 147.1%  filo2  k=12
08:38:56 | i 29 | [ ASYNC BG] bg_ails  63.68s / 60.00s / 106.1%
08:38:56 | i 30 | [HAOS ROLL] k=12  λ=0.4  rb  ac_complete  filo2  P≈0.004904
08:38:56 | i 30 | [ Summary ] cost=553943.00  Δ_S*=+1.58%  Δ_BKS=+1.80%  Δ_S*_BKS=+0.21%  no_improve=49
08:38:56 | i 31 | [HAOS ROLL] k=6  λ=0.6  rb  kmeans  filo  P≈0.003266
08:38:56 | i 31 | [Phase 1/3] decompose  0.29s / — / —  λ=0.6  rb kmeans
08:39:21 | i 31 | [Phase 2/3] route  24.10s / 23.88s / 100.9%  filo  k=6
08:39:59 | i 30 | [ ASYNC BG] bg_ails  63.65s / 60.00s / 106.1%
08:40:00 | i 31 | [HAOS ROLL] k=6  λ=0.6  rb  kmeans  filo  P≈0.003266
08:40:00 | i 31 | [ Summary ] cost=554238.00  Δ_S*=+1.63%  Δ_BKS=+1.85%  Δ_S*_BKS=+0.21%  no_improve=51
08:40:00 | i 32 | [HAOS ROLL] k=8  λ=0.0  rb  ac_complete  filo  P≈0.000613
08:40:00 | i 32 | [Phase 1/3] decompose  0.23s / — / —  λ=0.0  rb ac_complete
08:40:47 | i 32 | [Phase 2/3] route  47.13s / 46.92s / 100.4%  filo  k=8
08:41:03 | i 31 | [ ASYNC BG] bg_ails  63.62s / 60.00s / 106.0%
08:41:03 | i 32 | [HAOS ROLL] k=8  λ=0.0  rb  ac_complete  filo  P≈0.000613
08:41:03 | i 32 | [ Summary ] cost=553579.00  Δ_S*=+1.51%  Δ_BKS=+1.73%  Δ_S*_BKS=+0.21%  no_improve=53
08:41:03 | i 33 | [HAOS ROLL] k=12  λ=0.0  vb  ac_avg  filo2  P≈0.000790
08:41:04 | i 33 | [Phase 1/3] decompose  0.28s / — / —  λ=0.0  vb ac_avg
08:41:51 | i 33 | [Phase 2/3] route  47.12s / 36.66s / 128.5%  filo2  k=12
08:42:07 | i 32 | [ ASYNC BG] bg_ails  63.49s / 60.00s / 105.8%
08:42:07 | i 33 | [HAOS ROLL] k=12  λ=0.0  vb  ac_avg  filo2  P≈0.000790
08:42:07 | i 33 | [ Summary ] cost=554395.00  Δ_S*=+1.66%  Δ_BKS=+1.88%  Δ_S*_BKS=+0.21%  no_improve=55
08:42:07 | i 34 | [HAOS ROLL] k=6  λ=0.8  rb  kmeans  pyvrp  P≈0.000951
08:42:07 | i 34 | [Phase 1/3] decompose  0.29s / — / —  λ=0.8  rb kmeans
08:42:32 | i 34 | [Phase 2/3] route  24.61s / 23.88s / 103.0%  pyvrp  k=6
08:43:10 | i 33 | [ ASYNC BG] bg_ails  63.66s / 60.00s / 106.1%
08:43:11 | i 34 | [HAOS ROLL] k=6  λ=0.8  rb  kmeans  pyvrp  P≈0.000951
08:43:11 | i 34 | [ Summary ] cost=554934.00  Δ_S*=+1.76%  Δ_BKS=+1.98%  Δ_S*_BKS=+0.21%  no_improve=57
08:43:11 | i 35 | [HAOS ROLL] k=12  λ=0.6  rb  kmeans  filo  P≈0.007869
08:43:11 | i 35 | [Phase 1/3] decompose  0.28s / — / —  λ=0.6  rb kmeans
08:43:37 | i 35 | [Phase 2/3] route  26.09s / 17.70s / 147.4%  filo  k=12
08:44:14 | i 34 | [ ASYNC BG] bg_ails  63.57s / 60.00s / 105.9%
08:44:14 | i 35 | [HAOS ROLL] k=12  λ=0.6  rb  kmeans  filo  P≈0.007869
08:44:14 | i 35 | [ Summary ] cost=554383.00  Δ_S*=+1.66%  Δ_BKS=+1.88%  Δ_S*_BKS=+0.21%  no_improve=59
08:44:14 | i 36 | [HAOS ROLL] k=12  λ=1.0  vb  kmedoids  filo  P≈0.000650
08:44:15 | i 36 | [Phase 1/3] decompose  0.35s / — / —  λ=1.0  vb kmedoids
08:44:51 | i 36 | [Phase 2/3] route  36.12s / 29.04s / 124.4%  filo  k=12
08:45:18 | i 35 | [ ASYNC BG] bg_ails  63.72s / 60.00s / 106.2%
08:45:18 | i 36 | [HAOS ROLL] k=12  λ=1.0  vb  kmedoids  filo  P≈0.000650
08:45:18 | i 36 | [ Summary ] cost=556128.00  Δ_S*=+1.98%  Δ_BKS=+2.20%  Δ_S*_BKS=+0.21%  no_improve=61
08:45:18 | i 37 | [HAOS ROLL] k=6  λ=0.6  rb  kmeans  filo  P≈0.006413
08:45:18 | i 37 | [Phase 1/3] decompose  0.29s / — / —  λ=0.6  rb kmeans
08:45:43 | i 37 | [Phase 2/3] route  25.11s / 25.02s / 100.3%  filo  k=6
08:46:21 | i 36 | [ ASYNC BG] bg_ails  63.63s / 60.00s / 106.1%
08:46:21 | i 37 | [HAOS ROLL] k=6  λ=0.6  rb  kmeans  filo  P≈0.006413
08:46:22 | i 37 | [ Summary ] cost=554224.00  Δ_S*=+1.63%  Δ_BKS=+1.85%  Δ_S*_BKS=+0.21%  no_improve=63
08:46:22 | i 38 | [HAOS ROLL] k=6  λ=0.4  vb  fcm  filo  P≈0.000561
08:46:22 | i 38 | [Phase 1/3] decompose  0.35s / — / —  λ=0.4  vb fcm
08:47:03 | i 38 | [Phase 2/3] route  41.10s / 40.98s / 100.3%  filo  k=6
08:47:25 | i 37 | [ ASYNC BG] bg_ails  63.66s / 60.00s / 106.1%
08:47:25 | i 38 | [HAOS ROLL] k=6  λ=0.4  vb  fcm  filo  P≈0.000561
08:47:25 | i 38 | [ Summary ] cost=553940.00  Δ_S*=+1.58%  Δ_BKS=+1.80%  Δ_S*_BKS=+0.21%  no_improve=65
08:47:25 | i 39 | [HAOS ROLL] k=12  λ=0.0  rb  ac_avg  filo  P≈0.002092
08:47:25 | i 39 | [Phase 1/3] decompose  0.23s / — / —  λ=0.0  rb ac_avg
08:48:05 | i 39 | [Phase 2/3] route  39.11s / 39.48s / 99.1%  filo  k=12
08:48:29 | i 38 | [ ASYNC BG] bg_ails  63.59s / 60.00s / 106.0%
08:48:29 | i 39 | [HAOS ROLL] k=12  λ=0.0  rb  ac_avg  filo  P≈0.002092
08:48:29 | i 39 | [ Summary ] cost=554265.00  Δ_S*=+1.64%  Δ_BKS=+1.86%  Δ_S*_BKS=+0.21%  no_improve=67
08:48:29 | i 40 | [HAOS ROLL] k=12  λ=0.4  rb  ac_complete  pyvrp  P≈0.002316
08:48:29 | i 40 | [Phase 1/3] decompose  0.29s / — / —  λ=0.4  rb ac_complete
08:49:08 | i 40 | [Phase 2/3] route  39.30s / 26.58s / 147.8%  pyvrp  k=12
08:49:32 | i 39 | [ ASYNC BG] bg_ails  63.57s / 60.00s / 106.0%
08:49:32 | i 40 | [HAOS ROLL] k=12  λ=0.4  rb  ac_complete  pyvrp  P≈0.002316
08:49:32 | i 40 | [ Summary ] cost=559667.00  Δ_S*=+2.63%  Δ_BKS=+2.85%  Δ_S*_BKS=+0.21%  no_improve=69
08:49:33 | i 23 | [ASYNC 1/2] sp_sc  721.78s / 720.00s / 100.2%  SC  avg_coverage=14.39/5  pool=8849
08:49:33 | i 23 | [ASYNC 2/2] standard_ails  363.51s / 360.00s / 101.0%
08:50:08 | i 41 | [HAOS ROLL] k=4  λ=0.6  rb  kmeans  pyvrp  P≈0.001326
08:50:09 | i 41 | [Phase 1/3] decompose  0.27s / — / —  λ=0.6  rb kmeans
08:51:19 | i 41 | [Phase 2/3] route  70.54s / 66.54s / 106.0%  pyvrp  k=4
08:51:19 | i 40 | [ ASYNC BG] bg_ails  63.71s / 60.00s / 106.2%
08:51:20 | i 41 | [HAOS ROLL] k=4  λ=0.6  rb  kmeans  pyvrp  P≈0.001326
08:51:20 | i 41 | [ Summary ] cost=555131.00  Δ_S*=+1.80%  Δ_BKS=+2.02%  Δ_S*_BKS=+0.21%  no_improve=72
08:51:20 | i 42 | [HAOS ROLL] k=8  λ=0.4  rb  ac_complete  ails2  P≈0.000311
08:51:20 | i 42 | [Phase 1/3] decompose  0.28s / — / —  λ=0.4  rb ac_complete
08:52:08 | i 42 | [Phase 2/3] route  48.17s / 46.92s / 102.7%  ails2  k=8
08:52:27 | i 41 | [ ASYNC BG] bg_ails  67.78s / 64.94s / 104.4%
08:52:27 | i 42 | [HAOS ROLL] k=8  λ=0.4  rb  ac_complete  ails2  P≈0.000311
08:52:27 | i 42 | [ Summary ] cost=545454.00  Δ_S*=+0.02%  Δ_BKS=+0.24%  Δ_S*_BKS=+0.21%  no_improve=74
08:52:27 | i 43 | [HAOS ROLL] k=2  λ=0.2  rb  ac_complete  filo  P≈0.000752
08:52:28 | i 43 | [Phase 1/3] decompose  0.29s / — / —  λ=0.2  rb ac_complete
08:53:58 | i 43 | [Phase 2/3] route  90.21s / 89.64s / 100.6%  filo  k=2
08:53:58 | i 42 | [ ASYNC BG] bg_ails  63.83s / 60.00s / 106.4%
08:53:58 | i 43 | [HAOS ROLL] k=2  λ=0.2  rb  ac_complete  filo  P≈0.000752
08:53:58 | i 43 | [ Summary ] cost=552027.00  Δ_S*=+1.23%  Δ_BKS=+1.44%  Δ_S*_BKS=+0.21%  no_improve=76
08:53:58 | i 44 | [HAOS ROLL] k=4  λ=0.6  rb  ac_complete  filo2  P≈0.001512
08:53:59 | i 44 | [Phase 1/3] decompose  0.28s / — / —  λ=0.6  rb ac_complete
08:55:01 | i 44 | [Phase 2/3] route  62.13s / 62.04s / 100.1%  filo2  k=4
08:55:29 | i 43 | [ ASYNC BG] bg_ails  90.75s / 87.49s / 103.7%
08:55:29 | i 44 | [HAOS ROLL] k=4  λ=0.6  rb  ac_complete  filo2  P≈0.001512
08:55:29 | i 44 | [ Summary ] cost=552061.00  Δ_S*=+1.24%  Δ_BKS=+1.45%  Δ_S*_BKS=+0.21%  no_improve=78
08:55:29 | i 45 | [HAOS ROLL] k=2  λ=0.6  rb  kmeans  filo  P≈0.003682
08:55:30 | i 45 | [Phase 1/3] decompose  0.29s / — / —  λ=0.6  rb kmeans
08:56:58 | i 45 | [Phase 2/3] route  88.18s / 88.08s / 100.1%  filo  k=2
08:56:58 | i 44 | [ ASYNC BG] bg_ails  63.66s / 60.55s / 105.1%
08:56:58 | i 45 | [HAOS ROLL] k=2  λ=0.6  rb  kmeans  filo  P≈0.003682
08:56:58 | i 45 | [ Summary ] cost=552169.00  Δ_S*=+1.26%  Δ_BKS=+1.47%  Δ_S*_BKS=+0.21%  no_improve=80
08:56:58 | i 46 | [HAOS ROLL] k=4  λ=0.6  rb  ac_complete  pyvrp  P≈0.002032
08:56:59 | i 46 | [Phase 1/3] decompose  0.27s / — / —  λ=0.6  rb ac_complete
08:58:04 | i 46 | [Phase 2/3] route  65.27s / 62.04s / 105.2%  pyvrp  k=4
08:58:26 | i 45 | [ ASYNC BG] bg_ails  88.56s / 85.97s / 103.0%
08:58:27 | i 46 | [HAOS ROLL] k=4  λ=0.6  rb  ac_complete  pyvrp  P≈0.002032
08:58:27 | i 46 | [ Summary ] cost=555062.00  Δ_S*=+1.79%  Δ_BKS=+2.00%  Δ_S*_BKS=+0.21%  no_improve=82
08:58:27 | i 47 | [HAOS ROLL] k=12  λ=0.0  rb  ac_complete  pyvrp  P≈0.002183
08:58:27 | i 47 | [Phase 1/3] decompose  0.22s / — / —  λ=0.0  rb ac_complete
08:59:06 | i 47 | [Phase 2/3] route  39.33s / 26.58s / 148.0%  pyvrp  k=12
08:59:30 | i 46 | [ ASYNC BG] bg_ails  63.56s / 60.55s / 105.0%
08:59:30 | i 47 | [HAOS ROLL] k=12  λ=0.0  rb  ac_complete  pyvrp  P≈0.002183
08:59:30 | i 47 | [ Summary ] cost=555767.00  Δ_S*=+1.91%  Δ_BKS=+2.13%  Δ_S*_BKS=+0.21%  no_improve=84
08:59:30 | i 48 | [HAOS ROLL] k=3  λ=0.4  vb  kmedoids  pyvrp  P≈0.000176
08:59:31 | i 48 | [Phase 1/3] decompose  0.52s / — / —  λ=0.4  vb kmedoids
09:00:42 | i 48 | [Phase 2/3] route  70.62s / 66.90s / 105.6%  pyvrp  k=3
09:00:42 | i 47 | [ ASYNC BG] bg_ails  63.57s / 60.00s / 105.9%
09:00:42 | i 48 | [HAOS ROLL] k=3  λ=0.4  vb  kmedoids  pyvrp  P≈0.000176
09:00:42 | i 48 | [ Summary ] cost=552584.00  Δ_S*=+1.33%  Δ_BKS=+1.55%  Δ_S*_BKS=+0.21%  no_improve=86
09:00:42 | i 49 | [HAOS ROLL] k=8  λ=1.0  rb  kmeans  filo  P≈0.001232
09:00:42 | i 49 | [Phase 1/3] decompose  0.27s / — / —  λ=1.0  rb kmeans
09:01:08 | i 49 | [Phase 2/3] route  26.10s / 23.70s / 110.1%  filo  k=8
09:01:50 | i 48 | [ ASYNC BG] bg_ails  68.63s / 65.29s / 105.1%
09:01:50 | i 49 | [HAOS ROLL] k=8  λ=1.0  rb  kmeans  filo  P≈0.001232
09:01:51 | i 49 | [ Summary ] cost=553546.00  Δ_S*=+1.51%  Δ_BKS=+1.72%  Δ_S*_BKS=+0.21%  no_improve=88
09:01:51 | i 50 | [HAOS ROLL] k=12  λ=0.4  vb  ac_avg  filo  P≈0.001408
09:01:51 | i 50 | [Phase 1/3] decompose  0.37s / — / —  λ=0.4  vb ac_avg
09:02:38 | i 50 | [Phase 2/3] route  47.12s / 38.64s / 121.9%  filo  k=12
09:02:54 | i 49 | [ ASYNC BG] bg_ails  63.72s / 60.00s / 106.2%
09:02:54 | i 50 | [HAOS ROLL] k=12  λ=0.4  vb  ac_avg  filo  P≈0.001408
09:02:54 | i 50 | [ Summary ] cost=554556.00  Δ_S*=+1.69%  Δ_BKS=+1.91%  Δ_S*_BKS=+0.21%  no_improve=90
09:02:54 | i 51 | [HAOS ROLL] k=3  λ=0.2  rb  kmeans  filo  P≈0.001335
09:02:55 | i 51 | [Phase 1/3] decompose  0.27s / — / —  λ=0.2  rb kmeans
09:04:03 | i 51 | [Phase 2/3] route  68.14s / 67.50s / 100.9%  filo  k=3
09:04:03 | i 50 | [ ASYNC BG] bg_ails  63.61s / 60.00s / 106.0%
09:04:03 | i 51 | [HAOS ROLL] k=3  λ=0.2  rb  kmeans  filo  P≈0.001335
09:04:03 | i 51 | [ Summary ] cost=553918.00  Δ_S*=+1.58%  Δ_BKS=+1.79%  Δ_S*_BKS=+0.21%  no_improve=92
09:04:03 | i 52 | [HAOS ROLL] k=12  λ=0.6  rb  ac_complete  filo  P≈0.011253
09:04:03 | i 52 | [Phase 1/3] decompose  0.27s / — / —  λ=0.6  rb ac_complete
09:04:43 | i 52 | [Phase 2/3] route  39.12s / 26.58s / 147.2%  filo  k=12
09:05:11 | i 51 | [ ASYNC BG] bg_ails  68.72s / 65.88s / 104.3%
09:05:12 | i 52 | [HAOS ROLL] k=12  λ=0.6  rb  ac_complete  filo  P≈0.011253
09:05:12 | i 52 | [ Summary ] cost=553986.00  Δ_S*=+1.59%  Δ_BKS=+1.80%  Δ_S*_BKS=+0.21%  no_improve=94
09:05:12 | i 53 | [HAOS ROLL] k=2  λ=1.0  rb  kmeans  filo2  P≈0.001123
09:05:12 | i 53 | [Phase 1/3] decompose  0.29s / — / —  λ=1.0  rb kmeans
09:06:40 | i 53 | [Phase 2/3] route  88.21s / 88.08s / 100.1%  filo2  k=2
09:06:40 | i 52 | [ ASYNC BG] bg_ails  63.63s / 60.00s / 106.1%
09:06:41 | i 53 | [HAOS ROLL] k=2  λ=1.0  rb  kmeans  filo2  P≈0.001123
09:06:41 | i 53 | [ Summary ] cost=552351.00  Δ_S*=+1.29%  Δ_BKS=+1.50%  Δ_S*_BKS=+0.21%  no_improve=96
09:06:41 | i 54 | [HAOS ROLL] k=4  λ=1.0  rb  ac_complete  pyvrp  P≈0.001328
09:06:41 | i 54 | [Phase 1/3] decompose  0.29s / — / —  λ=1.0  rb ac_complete
09:07:47 | i 54 | [Phase 2/3] route  65.79s / 62.04s / 106.0%  pyvrp  k=4
09:08:09 | i 53 | [ ASYNC BG] bg_ails  88.80s / 85.97s / 103.3%
09:08:10 | i 54 | [HAOS ROLL] k=4  λ=1.0  rb  ac_complete  pyvrp  P≈0.001328
09:08:10 | i 54 | [ Summary ] cost=554855.00  Δ_S*=+1.75%  Δ_BKS=+1.96%  Δ_S*_BKS=+0.21%  no_improve=98
09:08:10 | i 55 | [HAOS ROLL] k=4  λ=0.4  vb  kmedoids  ails2  P≈0.000141
09:08:10 | i 55 | [Phase 1/3] decompose  0.34s / — / —  λ=0.4  vb kmedoids
09:08:54 | i 55 | [Phase 2/3] route  43.78s / 42.48s / 103.1%  ails2  k=4
09:09:13 | i 54 | [ ASYNC BG] bg_ails  63.74s / 60.55s / 105.3%
09:09:13 | i 55 | [HAOS ROLL] k=4  λ=0.4  vb  kmedoids  ails2  P≈0.000141
09:09:13 | i 55 | [ Summary ] cost=546037.00  Δ_S*=+0.13%  Δ_BKS=+0.34%  Δ_S*_BKS=+0.21%  no_improve=100
09:09:13 | i 56 | [HAOS ROLL] k=6  λ=0.6  rb  kmeans  pyvrp  P≈0.003983
09:09:14 | i 56 | [Phase 1/3] decompose  0.28s / — / —  λ=0.6  rb kmeans
09:09:53 | i 56 | [Phase 2/3] route  39.32s / 37.56s / 104.7%  pyvrp  k=6
09:10:17 | i 55 | [ ASYNC BG] bg_ails  63.70s / 60.00s / 106.2%
09:10:17 | i 56 | [HAOS ROLL] k=6  λ=0.6  rb  kmeans  pyvrp  P≈0.003983
09:10:17 | i 56 | [ Summary ] cost=555155.00  Δ_S*=+1.80%  Δ_BKS=+2.02%  Δ_S*_BKS=+0.21%  no_improve=102
09:10:17 | i 41 | [ASYNC 1/2] sp_sc  721.86s / 720.00s / 100.3%  SC  avg_coverage=16.14/5  pool=10000
09:10:17 | i 41 | [ASYNC 2/2] standard_ails  363.32s / 360.00s / 100.9%
09:10:57 | i 41 | [ IMPROVE ] 545135.00  via standard_ails  ·  Δ_BKS=+0.18%
09:10:57 | i 57 | [HAOS ROLL] k=12  λ=0.0  vb  ac_complete  filo  P≈0.000731
09:10:57 | i 57 | [Phase 1/3] decompose  0.29s / — / —  λ=0.0  vb ac_complete
09:11:27 | i 57 | [Phase 2/3] route  29.11s / 23.22s / 125.3%  filo  k=12
09:11:27 | i 56 | [ ASYNC BG] bg_ails  63.54s / 60.00s / 105.9%
09:11:27 | i 57 | [HAOS ROLL] k=12  λ=0.0  vb  ac_complete  filo  P≈0.000731
09:11:27 | i 57 | [ Summary ] cost=554383.00  Δ_S*=+1.70%  Δ_BKS=+1.88%  Δ_S*_BKS=+0.18%  no_improve=2
09:11:27 | i 58 | [HAOS ROLL] k=3  λ=1.0  rb  kmeans  filo  P≈0.004387
09:11:27 | i 58 | [Phase 1/3] decompose  0.28s / — / —  λ=1.0  rb kmeans
09:12:35 | i 58 | [Phase 2/3] route  67.14s / 66.90s / 100.4%  filo  k=3
09:12:35 | i 57 | [ ASYNC BG] bg_ails  63.73s / 60.00s / 106.2%
09:12:35 | i 58 | [HAOS ROLL] k=3  λ=1.0  rb  kmeans  filo  P≈0.004387
09:12:35 | i 58 | [ Summary ] cost=553233.00  Δ_S*=+1.49%  Δ_BKS=+1.67%  Δ_S*_BKS=+0.18%  no_improve=4
09:12:35 | i 59 | [HAOS ROLL] k=3  λ=1.0  rb  ac_complete  pyvrp  P≈0.002550
09:12:35 | i 59 | [Phase 1/3] decompose  0.28s / — / —  λ=1.0  rb ac_complete
09:13:44 | i 59 | [Phase 2/3] route  68.46s / 64.80s / 105.7%  pyvrp  k=3
09:13:44 | i 58 | [ ASYNC BG] bg_ails  68.64s / 65.29s / 105.1%
09:13:44 | i 59 | [HAOS ROLL] k=3  λ=1.0  rb  ac_complete  pyvrp  P≈0.002550
09:13:44 | i 59 | [ Summary ] cost=553053.00  Δ_S*=+1.45%  Δ_BKS=+1.63%  Δ_S*_BKS=+0.18%  no_improve=6
09:13:44 | i 60 | [HAOS ROLL] k=3  λ=0.6  rb  ac_complete  pyvrp  P≈0.002792
09:13:44 | i 60 | [Phase 1/3] decompose  0.28s / — / —  λ=0.6  rb ac_complete
09:14:53 | i 60 | [Phase 2/3] route  68.39s / 64.80s / 105.5%  pyvrp  k=3
09:14:53 | i 59 | [ ASYNC BG] bg_ails  66.67s / 63.24s / 105.4%
09:14:53 | i 60 | [HAOS ROLL] k=3  λ=0.6  rb  ac_complete  pyvrp  P≈0.002792
09:14:53 | i 60 | [ Summary ] cost=553001.00  Δ_S*=+1.44%  Δ_BKS=+1.62%  Δ_S*_BKS=+0.18%  no_improve=8
09:14:53 | i 61 | [HAOS ROLL] k=12  λ=0.8  vb  ac_avg  filo  P≈0.000645
09:14:54 | i 61 | [Phase 1/3] decompose  0.35s / — / —  λ=0.8  vb ac_avg
09:15:41 | i 61 | [Phase 2/3] route  47.12s / 42.06s / 112.0%  filo  k=12
09:16:00 | i 60 | [ ASYNC BG] bg_ails  66.68s / 63.24s / 105.4%
09:16:00 | i 61 | [HAOS ROLL] k=12  λ=0.8  vb  ac_avg  filo  P≈0.000645
09:16:00 | i 61 | [ Summary ] cost=554901.00  Δ_S*=+1.79%  Δ_BKS=+1.97%  Δ_S*_BKS=+0.18%  no_improve=10
09:16:00 | i 62 | [HAOS ROLL] k=12  λ=0.6  vb  ac_avg  filo  P≈0.002257
09:16:00 | i 62 | [Phase 1/3] decompose  0.35s / — / —  λ=0.6  vb ac_avg
09:16:43 | i 62 | [Phase 2/3] route  42.12s / 42.06s / 100.1%  filo  k=12
09:17:03 | i 61 | [ ASYNC BG] bg_ails  63.63s / 60.00s / 106.0%
09:17:03 | i 62 | [HAOS ROLL] k=12  λ=0.6  vb  ac_avg  filo  P≈0.002257
09:17:04 | i 62 | [ Summary ] cost=554942.00  Δ_S*=+1.80%  Δ_BKS=+1.98%  Δ_S*_BKS=+0.18%  no_improve=12
09:17:04 | i 63 | [HAOS ROLL] k=6  λ=0.6  vb  kmedoids  pyvrp  P≈0.000819
09:17:04 | i 63 | [Phase 1/3] decompose  0.34s / — / —  λ=0.6  vb kmedoids
09:17:30 | i 63 | [Phase 2/3] route  25.72s / 24.84s / 103.5%  pyvrp  k=6
09:18:07 | i 62 | [ ASYNC BG] bg_ails  63.67s / 60.00s / 106.1%
09:18:07 | i 63 | [HAOS ROLL] k=6  λ=0.6  vb  kmedoids  pyvrp  P≈0.000819
09:18:07 | i 63 | [ Summary ] cost=555355.00  Δ_S*=+1.87%  Δ_BKS=+2.06%  Δ_S*_BKS=+0.18%  no_improve=14
09:18:07 | i 64 | [HAOS ROLL] k=4  λ=0.6  rb  kmeans  ails2  P≈0.001703
09:18:08 | i 64 | [Phase 1/3] decompose  0.29s / — / —  λ=0.6  rb kmeans
09:18:51 | i 64 | [Phase 2/3] route  43.79s / 42.54s / 102.9%  ails2  k=4
09:19:11 | i 63 | [ ASYNC BG] bg_ails  63.58s / 60.00s / 106.0%
09:19:11 | i 64 | [HAOS ROLL] k=4  λ=0.6  rb  kmeans  ails2  P≈0.001703
09:19:11 | i 64 | [ Summary ] cost=545560.00  Δ_S*=+0.08%  Δ_BKS=+0.26%  Δ_S*_BKS=+0.18%  no_improve=16
09:19:11 | i 65 | [HAOS ROLL] k=3  λ=0.4  vb  fcm  pyvrp  P≈0.000337
09:19:11 | i 65 | [Phase 1/3] decompose  0.27s / — / —  λ=0.4  vb fcm
09:20:22 | i 65 | [Phase 2/3] route  70.67s / 66.78s / 105.8%  pyvrp  k=3
09:20:22 | i 64 | [ ASYNC BG] bg_ails  63.72s / 60.00s / 106.2%
09:20:22 | i 65 | [HAOS ROLL] k=3  λ=0.4  vb  fcm  pyvrp  P≈0.000337
09:20:22 | i 65 | [ Summary ] cost=553243.00  Δ_S*=+1.49%  Δ_BKS=+1.67%  Δ_S*_BKS=+0.18%  no_improve=18
09:20:22 | i 66 | [HAOS ROLL] k=6  λ=0.4  vb  kmeans  filo2  P≈0.000485
09:20:23 | i 66 | [Phase 1/3] decompose  0.26s / — / —  λ=0.4  vb kmeans
09:20:47 | i 66 | [Phase 2/3] route  24.10s / 23.76s / 101.4%  filo2  k=6
09:21:31 | i 65 | [ ASYNC BG] bg_ails  68.76s / 65.18s / 105.5%
09:21:31 | i 66 | [HAOS ROLL] k=6  λ=0.4  vb  kmeans  filo2  P≈0.000485
09:21:31 | i 66 | [ Summary ] cost=554058.00  Δ_S*=+1.64%  Δ_BKS=+1.82%  Δ_S*_BKS=+0.18%  no_improve=20
09:21:31 | i 67 | [HAOS ROLL] k=6  λ=1.0  vb  kmedoids  filo  P≈0.001294
09:21:32 | i 67 | [Phase 1/3] decompose  0.36s / — / —  λ=1.0  vb kmedoids
09:22:01 | i 67 | [Phase 2/3] route  29.10s / 29.10s / 100.0%  filo  k=6
09:22:34 | i 66 | [ ASYNC BG] bg_ails  63.61s / 60.00s / 106.0%
09:22:35 | i 67 | [HAOS ROLL] k=6  λ=1.0  vb  kmedoids  filo  P≈0.001294
09:22:35 | i 67 | [ Summary ] cost=554231.00  Δ_S*=+1.67%  Δ_BKS=+1.85%  Δ_S*_BKS=+0.18%  no_improve=22
09:22:35 | i 68 | [HAOS ROLL] k=12  λ=0.6  vb  kmeans  ails2  P≈0.001221
09:22:35 | i 68 | [Phase 1/3] decompose  0.27s / — / —  λ=0.6  vb kmeans
09:23:09 | i 68 | [Phase 2/3] route  33.93s / 17.28s / 196.4%  ails2  k=12
09:23:38 | i 67 | [ ASYNC BG] bg_ails  63.73s / 60.00s / 106.2%
09:23:38 | i 68 | [HAOS ROLL] k=12  λ=0.6  vb  kmeans  ails2  P≈0.001221
09:23:39 | i 68 | [ Summary ] cost=547707.00  Δ_S*=+0.47%  Δ_BKS=+0.65%  Δ_S*_BKS=+0.18%  no_improve=24
09:23:39 | i 69 | [HAOS ROLL] k=6  λ=0.6  vb  kmedoids  filo  P≈0.002063
09:23:39 | i 69 | [Phase 1/3] decompose  0.37s / — / —  λ=0.6  vb kmedoids
09:24:04 | i 69 | [Phase 2/3] route  25.09s / 24.84s / 101.0%  filo  k=6
09:24:42 | i 68 | [ ASYNC BG] bg_ails  63.86s / 60.00s / 106.4%
09:24:42 | i 69 | [HAOS ROLL] k=6  λ=0.6  vb  kmedoids  filo  P≈0.002063
09:24:42 | i 69 | [ Summary ] cost=554020.00  Δ_S*=+1.63%  Δ_BKS=+1.81%  Δ_S*_BKS=+0.18%  no_improve=26
09:24:42 | i 70 | [HAOS ROLL] k=10  λ=0.4  vb  kmeans  pyvrp  P≈0.000257
09:24:43 | i 70 | [Phase 1/3] decompose  0.28s / — / —  λ=0.4  vb kmeans
09:25:14 | i 70 | [Phase 2/3] route  31.62s / 22.38s / 141.3%  pyvrp  k=10
09:25:46 | i 69 | [ ASYNC BG] bg_ails  63.66s / 60.00s / 106.1%
09:25:46 | i 70 | [HAOS ROLL] k=10  λ=0.4  vb  kmeans  pyvrp  P≈0.000257
09:25:46 | i 70 | [ Summary ] cost=561913.00  Δ_S*=+3.08%  Δ_BKS=+3.26%  Δ_S*_BKS=+0.18%  no_improve=28
09:25:46 | i 71 | [HAOS ROLL] k=12  λ=0.2  vb  kmeans  ails2  P≈0.000402
09:25:46 | i 71 | [Phase 1/3] decompose  0.28s / — / —  λ=0.2  vb kmeans
09:26:21 | i 71 | [Phase 2/3] route  35.06s / 19.92s / 176.0%  ails2  k=12
09:26:49 | i 70 | [ ASYNC BG] bg_ails  63.73s / 60.00s / 106.2%
09:26:50 | i 71 | [HAOS ROLL] k=12  λ=0.2  vb  kmeans  ails2  P≈0.000402
09:26:50 | i 71 | [ Summary ] cost=546965.00  Δ_S*=+0.34%  Δ_BKS=+0.51%  Δ_S*_BKS=+0.18%  no_improve=30
09:26:50 | i 72 | [HAOS ROLL] k=12  λ=0.4  rb  ac_complete  pyvrp  P≈0.004593
09:26:50 | i 72 | [Phase 1/3] decompose  0.30s / — / —  λ=0.4  rb ac_complete
09:27:17 | i 72 | [Phase 2/3] route  26.71s / 20.40s / 130.9%  pyvrp  k=12
09:27:53 | i 71 | [ ASYNC BG] bg_ails  63.62s / 60.00s / 106.0%
09:27:53 | i 72 | [HAOS ROLL] k=12  λ=0.4  rb  ac_complete  pyvrp  P≈0.004593
09:27:53 | i 72 | [ Summary ] cost=556347.00  Δ_S*=+2.06%  Δ_BKS=+2.24%  Δ_S*_BKS=+0.18%  no_improve=32
09:27:53 | i 73 | [HAOS ROLL] k=6  λ=0.4  rb  ac_complete  pyvrp  P≈0.003379
09:27:54 | i 73 | [Phase 1/3] decompose  0.29s / — / —  λ=0.4  rb ac_complete
09:29:02 | i 73 | [Phase 2/3] route  68.44s / 64.80s / 105.6%  pyvrp  k=6
09:29:02 | i 72 | [ ASYNC BG] bg_ails  63.70s / 60.00s / 106.2%
09:29:02 | i 73 | [HAOS ROLL] k=6  λ=0.4  rb  ac_complete  pyvrp  P≈0.003379
09:29:03 | i 73 | [ Summary ] cost=554859.00  Δ_S*=+1.78%  Δ_BKS=+1.97%  Δ_S*_BKS=+0.18%  no_improve=34
09:29:03 | i 74 | [HAOS ROLL] k=3  λ=0.6  vb  kmedoids  pyvrp  P≈0.001277
09:29:03 | i 74 | [Phase 1/3] decompose  0.54s / — / —  λ=0.6  vb kmedoids
09:30:14 | i 74 | [Phase 2/3] route  71.14s / 66.90s / 106.3%  pyvrp  k=3
09:30:14 | i 73 | [ ASYNC BG] bg_ails  66.62s / 63.24s / 105.3%
09:30:14 | i 74 | [HAOS ROLL] k=3  λ=0.6  vb  kmedoids  pyvrp  P≈0.001277
09:30:15 | i 74 | [ Summary ] cost=552730.00  Δ_S*=+1.39%  Δ_BKS=+1.57%  Δ_S*_BKS=+0.18%  no_improve=36
09:30:15 | i 57 | [ASYNC 1/2] sp_sc  721.86s / 720.00s / 100.3%  SC  avg_coverage=16.09/5  pool=10000
09:30:15 | i 57 | [ASYNC 2/2] standard_ails  363.42s / 360.00s / 100.9%
09:30:52 | i 57 | [ IMPROVE ] 545111.00  via standard_ails  ·  Δ_BKS=+0.17%
09:30:52 | i 75 | [HAOS ROLL] k=12  λ=0.4  rb  ac_avg  filo  P≈0.001332
09:30:52 | i 75 | [Phase 1/3] decompose  0.28s / — / —  λ=0.4  rb ac_avg
09:31:42 | i 75 | [Phase 2/3] route  50.13s / 40.20s / 124.7%  filo  k=12
09:31:42 | i 74 | [ ASYNC BG] bg_ails  68.68s / 65.29s / 105.2%
09:31:43 | i 75 | [HAOS ROLL] k=12  λ=0.4  rb  ac_avg  filo  P≈0.001332
09:31:43 | i 75 | [ Summary ] cost=554360.00  Δ_S*=+1.70%  Δ_BKS=+1.87%  Δ_S*_BKS=+0.17%  no_improve=2
09:31:43 | i 76 | [HAOS ROLL] k=3  λ=0.0  rb  ac_complete  pyvrp  P≈0.000922
09:31:43 | i 76 | [Phase 1/3] decompose  0.24s / — / —  λ=0.0  rb ac_complete
09:32:55 | i 76 | [Phase 2/3] route  72.02s / 67.98s / 105.9%  pyvrp  k=3
09:32:55 | i 75 | [ ASYNC BG] bg_ails  63.73s / 60.00s / 106.2%
09:32:55 | i 76 | [HAOS ROLL] k=3  λ=0.0  rb  ac_complete  pyvrp  P≈0.000922
09:32:55 | i 76 | [ Summary ] cost=552606.00  Δ_S*=+1.37%  Δ_BKS=+1.55%  Δ_S*_BKS=+0.17%  no_improve=4
09:32:55 | i 77 | [HAOS ROLL] k=6  λ=0.2  vb  ac_avg  filo  P≈0.000724
09:32:56 | i 77 | [Phase 1/3] decompose  0.35s / — / —  λ=0.2  vb ac_avg
09:34:03 | i 77 | [Phase 2/3] route  67.16s / 66.60s / 100.8%  filo  k=6
09:34:05 | i 76 | [ ASYNC BG] bg_ails  69.62s / 66.35s / 104.9%
09:34:05 | i 77 | [HAOS ROLL] k=6  λ=0.2  vb  ac_avg  filo  P≈0.000724
09:34:05 | i 77 | [ Summary ] cost=554963.00  Δ_S*=+1.81%  Δ_BKS=+1.98%  Δ_S*_BKS=+0.17%  no_improve=6
09:34:05 | i 78 | [HAOS ROLL] k=3  λ=1.0  rb  ac_complete  filo  P≈0.003421
09:34:05 | i 78 | [Phase 1/3] decompose  0.28s / — / —  λ=1.0  rb ac_complete
09:35:14 | i 78 | [Phase 2/3] route  68.15s / 67.98s / 100.2%  filo  k=3
09:35:14 | i 77 | [ ASYNC BG] bg_ails  68.60s / 65.00s / 105.5%
09:35:14 | i 78 | [HAOS ROLL] k=3  λ=1.0  rb  ac_complete  filo  P≈0.003421
09:35:14 | i 78 | [ Summary ] cost=552941.00  Δ_S*=+1.44%  Δ_BKS=+1.61%  Δ_S*_BKS=+0.17%  no_improve=8
09:35:14 | i 79 | [HAOS ROLL] k=3  λ=0.8  rb  ac_avg  pyvrp  P≈0.000194
09:35:14 | i 79 | [Phase 1/3] decompose  0.30s / — / —  λ=0.8  rb ac_avg
09:36:26 | i 79 | [Phase 2/3] route  71.30s / 67.20s / 106.1%  pyvrp  k=3
09:36:26 | i 78 | [ ASYNC BG] bg_ails  69.66s / 66.35s / 105.0%
09:36:26 | i 79 | [HAOS ROLL] k=3  λ=0.8  rb  ac_avg  pyvrp  P≈0.000194
09:36:26 | i 79 | [ Summary ] cost=553205.00  Δ_S*=+1.48%  Δ_BKS=+1.66%  Δ_S*_BKS=+0.17%  no_improve=10
09:36:26 | i 80 | [HAOS ROLL] k=3  λ=0.6  vb  kmeans  ails2  P≈0.001265
09:36:27 | i 80 | [Phase 1/3] decompose  0.28s / — / —  λ=0.6  vb kmeans
09:37:36 | i 80 | [Phase 2/3] route  69.16s / 67.20s / 102.9%  ails2  k=3
09:37:36 | i 79 | [ ASYNC BG] bg_ails  68.62s / 65.59s / 104.6%
09:37:36 | i 80 | [HAOS ROLL] k=3  λ=0.6  vb  kmeans  ails2  P≈0.001265
09:37:36 | i 80 | [ Summary ] cost=545547.00  Δ_S*=+0.08%  Δ_BKS=+0.25%  Δ_S*_BKS=+0.17%  no_improve=12
09:37:36 | i 81 | [HAOS ROLL] k=12  λ=0.2  rb  kmeans  ails2  P≈0.001139
09:37:36 | i 81 | [Phase 1/3] decompose  0.28s / — / —  λ=0.2  rb kmeans
09:38:05 | i 81 | [Phase 2/3] route  28.15s / 21.66s / 129.9%  ails2  k=12
09:38:44 | i 80 | [ ASYNC BG] bg_ails  68.71s / 65.59s / 104.8%
09:38:45 | i 81 | [HAOS ROLL] k=12  λ=0.2  rb  kmeans  ails2  P≈0.001139
09:38:45 | i 81 | [ Summary ] cost=546025.00  Δ_S*=+0.17%  Δ_BKS=+0.34%  Δ_S*_BKS=+0.17%  no_improve=14
09:38:45 | i 82 | [HAOS ROLL] k=3  λ=0.0  vb  ac_complete  filo2  P≈0.000154
09:38:45 | i 82 | [Phase 1/3] decompose  0.27s / — / —  λ=0.0  vb ac_complete
09:39:52 | i 82 | [Phase 2/3] route  67.14s / 67.20s / 99.9%  filo2  k=3
09:39:52 | i 81 | [ ASYNC BG] bg_ails  63.55s / 60.00s / 105.9%
09:39:53 | i 82 | [HAOS ROLL] k=3  λ=0.0  vb  ac_complete  filo2  P≈0.000154
09:39:53 | i 82 | [ Summary ] cost=552594.00  Δ_S*=+1.37%  Δ_BKS=+1.55%  Δ_S*_BKS=+0.17%  no_improve=16
09:39:53 | i 83 | [HAOS ROLL] k=3  λ=0.4  vb  ac_complete  filo  P≈0.001331
09:39:53 | i 83 | [Phase 1/3] decompose  0.35s / — / —  λ=0.4  vb ac_complete
09:40:47 | i 83 | [Phase 2/3] route  54.12s / 53.58s / 101.0%  filo  k=3
09:41:01 | i 82 | [ ASYNC BG] bg_ails  68.58s / 65.59s / 104.6%
09:41:01 | i 83 | [HAOS ROLL] k=3  λ=0.4  vb  ac_complete  filo  P≈0.001331
09:41:01 | i 83 | [ Summary ] cost=552939.00  Δ_S*=+1.44%  Δ_BKS=+1.61%  Δ_S*_BKS=+0.17%  no_improve=18
09:41:01 | i 84 | [HAOS ROLL] k=3  λ=1.0  rb  kmeans  ails2  P≈0.001624
09:41:02 | i 84 | [Phase 1/3] decompose  0.30s / — / —  λ=1.0  rb kmeans
09:42:11 | i 84 | [Phase 2/3] route  69.09s / 67.38s / 102.5%  ails2  k=3
09:42:11 | i 83 | [ ASYNC BG] bg_ails  63.60s / 60.00s / 106.0%
09:42:11 | i 84 | [HAOS ROLL] k=3  λ=1.0  rb  kmeans  ails2  P≈0.001624
09:42:11 | i 84 | [ Summary ] cost=545388.00  Δ_S*=+0.05%  Δ_BKS=+0.22%  Δ_S*_BKS=+0.17%  no_improve=20
09:42:11 | i 85 | [HAOS ROLL] k=4  λ=1.0  vb  fcm  filo  P≈0.000237
09:42:12 | i 85 | [Phase 1/3] decompose  0.27s / — / —  λ=1.0  vb fcm
09:43:18 | i 85 | [Phase 2/3] route  66.15s / 66.42s / 99.6%  filo  k=4
09:43:20 | i 84 | [ ASYNC BG] bg_ails  68.58s / 65.76s / 104.3%
09:43:20 | i 85 | [HAOS ROLL] k=4  λ=1.0  vb  fcm  filo  P≈0.000237
09:43:20 | i 85 | [ Summary ] cost=553423.00  Δ_S*=+1.52%  Δ_BKS=+1.70%  Δ_S*_BKS=+0.17%  no_improve=22
09:43:20 | i 86 | [HAOS ROLL] k=12  λ=0.4  vb  ac_complete  pyvrp  P≈0.002389
09:43:20 | i 86 | [Phase 1/3] decompose  0.34s / — / —  λ=0.4  vb ac_complete
09:43:55 | i 86 | [Phase 2/3] route  34.87s / 19.98s / 174.5%  pyvrp  k=12
09:44:27 | i 85 | [ ASYNC BG] bg_ails  67.67s / 64.83s / 104.4%
09:44:27 | i 86 | [HAOS ROLL] k=12  λ=0.4  vb  ac_complete  pyvrp  P≈0.002389
09:44:28 | i 86 | [ Summary ] cost=559288.00  Δ_S*=+2.60%  Δ_BKS=+2.78%  Δ_S*_BKS=+0.17%  no_improve=24
09:44:28 | i 87 | [HAOS ROLL] k=6  λ=1.0  rb  ac_complete  pyvrp  P≈0.004277
09:44:28 | i 87 | [Phase 1/3] decompose  0.28s / — / —  λ=1.0  rb ac_complete
09:45:17 | i 87 | [Phase 2/3] route  49.61s / 47.22s / 105.1%  pyvrp  k=6
09:45:31 | i 86 | [ ASYNC BG] bg_ails  63.63s / 60.00s / 106.1%
09:45:31 | i 87 | [HAOS ROLL] k=6  λ=1.0  rb  ac_complete  pyvrp  P≈0.004277
09:45:31 | i 87 | [ Summary ] cost=555401.00  Δ_S*=+1.89%  Δ_BKS=+2.06%  Δ_S*_BKS=+0.17%  no_improve=26
09:45:31 | i 88 | [HAOS ROLL] k=3  λ=0.4  vb  ac_complete  pyvrp  P≈0.001959
09:45:32 | i 88 | [Phase 1/3] decompose  0.37s / — / —  λ=0.4  vb ac_complete
09:46:28 | i 88 | [Phase 2/3] route  56.29s / 53.58s / 105.1%  pyvrp  k=3
09:46:35 | i 87 | [ ASYNC BG] bg_ails  63.64s / 60.00s / 106.1%
09:46:35 | i 88 | [HAOS ROLL] k=3  λ=0.4  vb  ac_complete  pyvrp  P≈0.001959
09:46:35 | i 88 | [ Summary ] cost=552722.00  Δ_S*=+1.40%  Δ_BKS=+1.57%  Δ_S*_BKS=+0.17%  no_improve=28
09:46:35 | i 89 | [HAOS ROLL] k=4  λ=0.4  rb  kmeans  filo  P≈0.001801
09:46:35 | i 89 | [Phase 1/3] decompose  0.28s / — / —  λ=0.4  rb kmeans
09:47:42 | i 89 | [Phase 2/3] route  67.14s / 66.60s / 100.8%  filo  k=4
09:47:42 | i 88 | [ ASYNC BG] bg_ails  63.64s / 60.00s / 106.1%
09:47:43 | i 89 | [HAOS ROLL] k=4  λ=0.4  rb  kmeans  filo  P≈0.001801
09:47:43 | i 89 | [ Summary ] cost=553120.00  Δ_S*=+1.47%  Δ_BKS=+1.65%  Δ_S*_BKS=+0.17%  no_improve=30
09:47:43 | i 90 | [HAOS ROLL] k=2  λ=1.0  rb  ac_complete  pyvrp  P≈0.001305
09:47:43 | i 90 | [Phase 1/3] decompose  0.28s / — / —  λ=1.0  rb ac_complete
09:49:22 | i 90 | [Phase 2/3] route  98.74s / 91.92s / 107.4%  pyvrp  k=2
09:49:22 | i 89 | [ ASYNC BG] bg_ails  68.65s / 65.00s / 105.6%
09:49:22 | i 90 | [HAOS ROLL] k=2  λ=1.0  rb  ac_complete  pyvrp  P≈0.001305
09:49:22 | i 90 | [ Summary ] cost=553395.00  Δ_S*=+1.52%  Δ_BKS=+1.70%  Δ_S*_BKS=+0.17%  no_improve=32
09:49:22 | i 91 | [HAOS ROLL] k=12  λ=0.6  vb  ac_avg  pyvrp  P≈0.002146
09:49:22 | i 91 | [Phase 1/3] decompose  0.40s / — / —  λ=0.6  vb ac_avg
09:50:07 | i 91 | [Phase 2/3] route  44.22s / 42.06s / 105.1%  pyvrp  k=12
09:50:54 | i 90 | [ ASYNC BG] bg_ails  92.71s / 89.71s / 103.3%
09:50:55 | i 91 | [HAOS ROLL] k=12  λ=0.6  vb  ac_avg  pyvrp  P≈0.002146
09:50:55 | i 91 | [ Summary ] cost=558417.00  Δ_S*=+2.44%  Δ_BKS=+2.62%  Δ_S*_BKS=+0.17%  no_improve=34
09:50:55 | i 75 | [ASYNC 1/2] sp_sc  721.82s / 720.00s / 100.3%  SC  avg_coverage=16.11/5  pool=10000
09:50:55 | i 75 | [ASYNC 2/2] standard_ails  363.52s / 360.00s / 101.0%
09:51:32 | i 92 | [HAOS ROLL] k=6  λ=0.8  vb  ac_complete  pyvrp  P≈0.000545
09:51:33 | i 92 | [Phase 1/3] decompose  0.34s / — / —  λ=0.8  vb ac_complete
09:52:35 | i 92 | [Phase 2/3] route  62.25s / 58.68s / 106.1%  pyvrp  k=6
09:52:35 | i 91 | [ ASYNC BG] bg_ails  63.64s / 60.00s / 106.1%
09:52:35 | i 92 | [HAOS ROLL] k=6  λ=0.8  vb  ac_complete  pyvrp  P≈0.000545
09:52:36 | i 92 | [ Summary ] cost=555466.00  Δ_S*=+1.90%  Δ_BKS=+2.08%  Δ_S*_BKS=+0.17%  no_improve=37
09:52:36 | i 93 | [HAOS ROLL] k=12  λ=0.4  vb  kmeans  filo2  P≈0.001168
09:52:36 | i 93 | [Phase 1/3] decompose  0.27s / — / —  λ=0.4  vb kmeans
09:53:04 | i 93 | [Phase 2/3] route  28.09s / 19.98s / 140.6%  filo2  k=12
09:53:39 | i 92 | [ ASYNC BG] bg_ails  63.71s / 60.00s / 106.2%
09:53:39 | i 93 | [HAOS ROLL] k=12  λ=0.4  vb  kmeans  filo2  P≈0.001168
09:53:39 | i 93 | [ Summary ] cost=555754.00  Δ_S*=+1.95%  Δ_BKS=+2.13%  Δ_S*_BKS=+0.17%  no_improve=39
09:53:39 | i 94 | [HAOS ROLL] k=4  λ=0.6  vb  ac_complete  filo  P≈0.001383
09:53:40 | i 94 | [Phase 1/3] decompose  0.35s / — / —  λ=0.6  vb ac_complete
09:54:43 | i 94 | [Phase 2/3] route  63.14s / 62.64s / 100.8%  filo  k=4
09:54:43 | i 93 | [ ASYNC BG] bg_ails  63.76s / 60.00s / 106.3%
09:54:43 | i 94 | [HAOS ROLL] k=4  λ=0.6  vb  ac_complete  filo  P≈0.001383
09:54:43 | i 94 | [ Summary ] cost=553072.00  Δ_S*=+1.46%  Δ_BKS=+1.64%  Δ_S*_BKS=+0.17%  no_improve=41
09:54:43 | i 95 | [HAOS ROLL] k=4  λ=0.0  rb  ac_complete  ails2  P≈0.000268
09:54:43 | i 95 | [Phase 1/3] decompose  0.22s / — / —  λ=0.0  rb ac_complete
09:55:53 | i 95 | [Phase 2/3] route  69.42s / 67.98s / 102.1%  ails2  k=4
09:55:53 | i 94 | [ ASYNC BG] bg_ails  64.56s / 61.14s / 105.6%
09:55:53 | i 95 | [HAOS ROLL] k=4  λ=0.0  rb  ac_complete  ails2  P≈0.000268
09:55:53 | i 95 | [ Summary ] cost=545303.00  Δ_S*=+0.04%  Δ_BKS=+0.21%  Δ_S*_BKS=+0.17%  no_improve=43
09:55:53 | i 96 | [HAOS ROLL] k=6  λ=1.0  rb  kmeans  filo  P≈0.004141
09:55:54 | i 96 | [Phase 1/3] decompose  0.29s / — / —  λ=1.0  rb kmeans
09:56:18 | i 96 | [Phase 2/3] route  24.10s / 24.00s / 100.4%  filo  k=6
09:57:02 | i 95 | [ ASYNC BG] bg_ails  69.58s / 66.35s / 104.9%
09:57:03 | i 96 | [HAOS ROLL] k=6  λ=1.0  rb  kmeans  filo  P≈0.004141
09:57:03 | i 96 | [ Summary ] cost=554814.00  Δ_S*=+1.78%  Δ_BKS=+1.96%  Δ_S*_BKS=+0.17%  no_improve=45
09:57:03 | i 97 | [HAOS ROLL] k=6  λ=1.0  vb  kmedoids  filo2  P≈0.000633
09:57:03 | i 97 | [Phase 1/3] decompose  0.34s / — / —  λ=1.0  vb kmedoids
09:57:32 | i 97 | [Phase 2/3] route  29.10s / 29.10s / 100.0%  filo2  k=6
09:58:06 | i 96 | [ ASYNC BG] bg_ails  63.57s / 60.00s / 106.0%
09:58:06 | i 97 | [HAOS ROLL] k=6  λ=1.0  vb  kmedoids  filo2  P≈0.000633
09:58:07 | i 97 | [ Summary ] cost=553727.00  Δ_S*=+1.58%  Δ_BKS=+1.76%  Δ_S*_BKS=+0.17%  no_improve=47
09:58:07 | i 98 | [HAOS ROLL] k=12  λ=0.6  vb  ac_complete  filo2  P≈0.001398
09:58:07 | i 98 | [Phase 1/3] decompose  0.34s / — / —  λ=0.6  vb ac_complete
09:58:41 | i 98 | [Phase 2/3] route  34.10s / 21.60s / 157.9%  filo2  k=12
09:59:10 | i 97 | [ ASYNC BG] bg_ails  63.66s / 60.00s / 106.1%
09:59:10 | i 98 | [HAOS ROLL] k=12  λ=0.6  vb  ac_complete  filo2  P≈0.001398
09:59:10 | i 98 | [ Summary ] cost=555504.00  Δ_S*=+1.91%  Δ_BKS=+2.08%  Δ_S*_BKS=+0.17%  no_improve=49
09:59:10 | i 99 | [HAOS ROLL] k=4  λ=1.0  rb  kmeans  pyvrp  P≈0.002441
09:59:11 | i 99 | [Phase 1/3] decompose  0.29s / — / —  λ=1.0  rb kmeans
09:59:55 | i 99 | [Phase 2/3] route  44.40s / 42.42s / 104.7%  pyvrp  k=4
10:00:13 | i 98 | [ ASYNC BG] bg_ails  63.74s / 60.00s / 106.2%
10:00:14 | i 99 | [HAOS ROLL] k=4  λ=1.0  rb  kmeans  pyvrp  P≈0.002441
10:00:14 | i 99 | [ Summary ] cost=552695.00  Δ_S*=+1.39%  Δ_BKS=+1.57%  Δ_S*_BKS=+0.17%  no_improve=51
10:00:14 | i 100 | [HAOS ROLL] k=6  λ=0.2  vb  kmeans  filo  P≈0.001010
10:00:14 | i 100 | [Phase 1/3] decompose  0.26s / — / —  λ=0.2  vb kmeans
10:00:40 | i 100 | [Phase 2/3] route  26.11s / 25.62s / 101.9%  filo  k=6
10:01:17 | i 99 | [ ASYNC BG] bg_ails  63.54s / 60.00s / 105.9%
10:01:17 | i 100 | [HAOS ROLL] k=6  λ=0.2  vb  kmeans  filo  P≈0.001010
10:01:17 | i 100 | [ Summary ] cost=554534.00  Δ_S*=+1.73%  Δ_BKS=+1.91%  Δ_S*_BKS=+0.17%  no_improve=53
10:01:17 | i 101 | [HAOS ROLL] k=4  λ=0.6  rb  kmeans  filo  P≈0.003078
10:01:18 | i 101 | [Phase 1/3] decompose  0.27s / — / —  λ=0.6  rb kmeans
10:02:01 | i 101 | [Phase 2/3] route  43.12s / 42.60s / 101.2%  filo  k=4
10:02:21 | i 100 | [ ASYNC BG] bg_ails  63.57s / 60.00s / 106.0%
10:02:21 | i 101 | [HAOS ROLL] k=4  λ=0.6  rb  kmeans  filo  P≈0.003078
10:02:21 | i 101 | [ Summary ] cost=553116.00  Δ_S*=+1.47%  Δ_BKS=+1.64%  Δ_S*_BKS=+0.17%  no_improve=55
10:02:21 | i 102 | [HAOS ROLL] k=4  λ=0.2  rb  kmeans  pyvrp  P≈0.001157
10:02:21 | i 102 | [Phase 1/3] decompose  0.35s / — / —  λ=0.2  rb kmeans
10:03:32 | i 102 | [Phase 2/3] route  70.77s / 66.60s / 106.3%  pyvrp  k=4
10:03:32 | i 101 | [ ASYNC BG] bg_ails  63.67s / 60.00s / 106.1%
10:03:32 | i 102 | [HAOS ROLL] k=4  λ=0.2  rb  kmeans  pyvrp  P≈0.001157
10:03:33 | i 102 | [ Summary ] cost=555784.00  Δ_S*=+1.96%  Δ_BKS=+2.14%  Δ_S*_BKS=+0.17%  no_improve=57
10:03:33 | i 103 | [HAOS ROLL] k=6  λ=0.6  vb  kmedoids  filo  P≈0.002326
10:03:33 | i 103 | [Phase 1/3] decompose  0.35s / — / —  λ=0.6  vb kmedoids
10:03:58 | i 103 | [Phase 2/3] route  25.09s / 24.84s / 101.0%  filo  k=6
10:03:58 | i 103 | [HAOS ROLL] k=6  λ=0.6  vb  kmedoids  filo  P≈0.002326
10:03:59 | i 103 | [ Summary ] cost=554323.00  Δ_S*=+1.69%  Δ_BKS=+1.87%  Δ_S*_BKS=+0.17%  no_improve=58
10:03:59 | i — | [  FINAL  ] async BG-AILS totals launched=101 applied=101 adopted=1 launch_skipped_cap=2 crashes=0 discarded_in_flight=False block_wait_total_s=1749.8
10:04:29 | i — | [  FINAL  ] async SP/SC totals invocations=6 adopted=2 skipped=0 discarded_in_flight=True sp_busy_frac=0.8755406052432322
10:04:29 | i — | [  FINAL  ] ════════════════════════════════════════
10:04:29 | i — | [  FINAL  ] Run complete  iterations=103  elapsed=02:00:45  best=545111.00
10:04:29 | i — | [  FINAL  ] Δ_BKS=+0.17%  no_improve_stop=False  time_stop=True  cancelled=False
10:04:29 | i — | [  FINAL  ] 
10:04:29 | i — | [  FINAL  ] [BEST SOLUTION — HAOS TAG SUMMARY]
10:04:29 | i — | [  FINAL  ] ────────────────────────────────────────
10:04:29 | i — | [  FINAL  ]   134 routes  vb  kmeans  k=6  λ=0.6  solver=filo
10:04:29 | i — | [  FINAL  ]   33 routes  vb  ac_complete  k=3  λ=0.4  solver=ails2
10:04:29 | i — | [  FINAL  ]   28 routes  vb  ac_complete  k=2  λ=0.0  solver=filo
10:04:29 | i — | [  FINAL  ]   21 routes  rb  kmeans  k=4  λ=0.6  solver=ails2
10:04:29 | i — | [  FINAL  ]   18 routes  rb  ac_complete  k=6  λ=0.4  solver=pyvrp
10:04:29 | i — | [  FINAL  ]   17 routes  rb  ac_complete  k=12  λ=0.4  solver=pyvrp
10:04:29 | i — | [  FINAL  ]   16 routes  vb  kmeans  k=12  λ=0.2  solver=ails2
10:04:29 | i — | [  FINAL  ]   15 routes  vb  kmeans  k=12  λ=0.6  solver=ails2
10:04:29 | i — | [  FINAL  ]   14 routes  vb  kmedoids  k=6  λ=1.0  solver=filo
10:04:29 | i — | [  FINAL  ]   14 routes  rb  ac_complete  k=8  λ=0.6  solver=ails2
10:04:29 | i — | [  FINAL  ]   13 routes  vb  fcm  k=3  λ=0.4  solver=pyvrp
10:04:29 | i — | [  FINAL  ]   12 routes  vb  kmeans  k=10  λ=0.4  solver=pyvrp
10:04:29 | i — | [  FINAL  ]   12 routes  vb  ac_complete  k=12  λ=0.0  solver=filo
10:04:29 | i — | [  FINAL  ]   9 routes  vb  ac_avg  k=12  λ=0.8  solver=filo
10:04:29 | i — | [  FINAL  ]   8 routes  rb  kmeans  k=6  λ=0.6  solver=pyvrp
10:04:29 | i — | [  FINAL  ]   8 routes  vb  ac_avg  k=12  λ=0.6  solver=filo2
10:04:29 | i — | [  FINAL  ]   7 routes  vb  kmedoids  k=3  λ=0.6  solver=pyvrp
10:04:29 | i — | [  FINAL  ]   7 routes  rb  ac_complete  k=4  λ=1.0  solver=pyvrp
10:04:29 | i — | [  FINAL  ]   6 routes  vb  kmedoids  k=6  λ=0.6  solver=filo
10:04:29 | i — | [  FINAL  ]   6 routes  vb  kmeans  k=6  λ=0.4  solver=filo2
10:04:29 | i — | [  FINAL  ]   6 routes  vb  kmeans  k=12  λ=0.4  solver=pyvrp
10:04:29 | i — | [  FINAL  ]   6 routes  vb  kmedoids  k=4  λ=0.4  solver=ails2
10:04:29 | i — | [  FINAL  ]   6 routes  rb  ac_complete  k=3  λ=0.6  solver=pyvrp
10:04:29 | i — | [  FINAL  ]   5 routes  rb  kmeans  k=3  λ=0.2  solver=filo
10:04:29 | i — | [  FINAL  ]   5 routes  rb  kmeans  k=3  λ=1.0  solver=filo
10:04:29 | i — | [  FINAL  ]   5 routes  vb  kmedoids  k=6  λ=0.6  solver=pyvrp
10:04:29 | i — | [  FINAL  ]   4 routes  vb  ac_avg  k=3  λ=1.0  solver=pyvrp
10:04:29 | i — | [  FINAL  ]   4 routes  vb  ac_avg  k=12  λ=0.6  solver=filo
10:04:29 | i — | [  FINAL  ]   3 routes  rb  kmeans  k=2  λ=1.0  solver=filo2
10:04:29 | i — | [  FINAL  ]   3 routes  vb  ac_avg  k=12  λ=0.4  solver=filo
10:04:29 | i — | [  FINAL  ]   3 routes  rb  ac_complete  k=3  λ=1.0  solver=pyvrp
10:04:29 | i — | [  FINAL  ]   3 routes  rb  kmeans  k=12  λ=1.0  solver=ails2
10:04:29 | i — | [  FINAL  ]   2 routes  rb  ac_complete  k=12  λ=1.0  solver=pyvrp
10:04:29 | i — | [  FINAL  ]   2 routes  vb  ac_complete  k=6  λ=1.0  solver=filo
10:04:29 | i — | [  FINAL  ]   2 routes  rb  ac_avg  k=3  λ=0.2  solver=filo2
10:04:29 | i — | [  FINAL  ]   2 routes  vb  kmeans  k=4  λ=1.0  solver=filo
10:04:29 | i — | [  FINAL  ]   2 routes  rb  kmeans  k=2  λ=0.6  solver=filo
10:04:29 | i — | [  FINAL  ]   1 routes  vb  ac_complete  k=6  λ=0.8  solver=ails2
10:04:29 | i — | [  FINAL  ]   1 routes  rb  kmeans  k=2  λ=0.2  solver=pyvrp
10:04:29 | i — | [  FINAL  ]   1 routes  rb  ac_complete  k=6  λ=0.2  solver=filo2
10:04:29 | i — | [  FINAL  ]   1 routes  rb  kmeans  k=8  λ=1.0  solver=filo
10:04:29 | i — | [  FINAL  ]   1 routes  vb  kmedoids  k=3  λ=0.4  solver=pyvrp
10:04:29 | i — | [  FINAL  ]   1 routes  rb  ac_complete  k=12  λ=0.6  solver=filo
10:04:29 | i — | [  FINAL  ]   1 routes  rb  ac_complete  k=12  λ=0.8  solver=filo
10:04:29 | i — | [  FINAL  ]   1 routes  rb  ac_complete  k=12  λ=0.2  solver=filo2
10:04:29 | i — | [  FINAL  ]   1 routes  rb  kmeans  k=2  λ=0.6  solver=pyvrp
10:04:29 | i — | [  FINAL  ]   1 routes  rb  kmeans  k=12  λ=0.6  solver=ails2
10:04:29 | i — | [  FINAL  ]   1 routes  rb  ac_complete  k=6  λ=1.0  solver=filo2
10:04:29 | i — | [  FINAL  ]   1 routes  rb  kmeans  k=3  λ=0.6  solver=filo
10:04:29 | i — | [  FINAL  ]   1 routes  rb  kmeans  k=4  λ=0.6  solver=pyvrp
10:04:29 | i — | [  FINAL  ]   147 routes  post-SP/SC improvement
10:04:29 | i — | [  FINAL  ] 
10:04:29 | i — | [  FINAL  ] [ROUTE POOL — HAOS TAG SUMMARY]
10:04:29 | i — | [  FINAL  ] ────────────────────────────────────────
10:04:29 | i — | [  FINAL  ]   537 routes  vb  kmeans  k=6  λ=0.6  solver=filo
10:04:29 | i — | [  FINAL  ]   363 routes  vb  ac_complete  k=6  λ=0.8  solver=pyvrp
10:04:29 | i — | [  FINAL  ]   345 routes  rb  kmeans  k=4  λ=1.0  solver=pyvrp
10:04:29 | i — | [  FINAL  ]   293 routes  vb  kmeans  k=12  λ=0.4  solver=pyvrp
10:04:29 | i — | [  FINAL  ]   284 routes  vb  ac_complete  k=2  λ=0.0  solver=filo
10:04:29 | i — | [  FINAL  ]   247 routes  vb  ac_avg  k=12  λ=0.6  solver=pyvrp
10:04:29 | i — | [  FINAL  ]   239 routes  vb  ac_complete  k=4  λ=0.6  solver=filo
10:04:29 | i — | [  FINAL  ]   237 routes  vb  ac_avg  k=12  λ=0.6  solver=filo2
10:04:29 | i — | [  FINAL  ]   234 routes  vb  kmeans  k=6  λ=0.2  solver=filo
10:04:29 | i — | [  FINAL  ]   232 routes  rb  ac_complete  k=4  λ=0.0  solver=ails2
10:04:29 | i — | [  FINAL  ]   221 routes  vb  kmeans  k=12  λ=0.4  solver=filo2
10:04:29 | i — | [  FINAL  ]   220 routes  vb  kmedoids  k=6  λ=1.0  solver=filo2
10:04:29 | i — | [  FINAL  ]   217 routes  rb  kmeans  k=6  λ=1.0  solver=filo
10:04:29 | i — | [  FINAL  ]   211 routes  vb  ac_complete  k=12  λ=0.6  solver=filo2
10:04:29 | i — | [  FINAL  ]   211 routes  rb  kmeans  k=4  λ=0.2  solver=pyvrp
10:04:29 | i — | [  FINAL  ]   209 routes  rb  kmeans  k=4  λ=0.6  solver=filo
10:04:29 | i — | [  FINAL  ]   202 routes  vb  ac_avg  k=3  λ=1.0  solver=pyvrp
10:04:29 | i — | [  FINAL  ]   188 routes  rb  kmeans  k=2  λ=0.6  solver=pyvrp
10:04:29 | i — | [  FINAL  ]   188 routes  rb  ac_avg  k=12  λ=0.4  solver=filo
10:04:29 | i — | [  FINAL  ]   176 routes  rb  ac_complete  k=12  λ=1.0  solver=pyvrp
10:04:29 | i — | [  FINAL  ]   163 routes  vb  kmedoids  k=3  λ=0.6  solver=pyvrp
10:04:29 | i — | [  FINAL  ]   161 routes  rb  kmeans  k=4  λ=0.6  solver=ails2
10:04:29 | i — | [  FINAL  ]   154 routes  rb  ac_complete  k=12  λ=0.4  solver=pyvrp
10:04:29 | i — | [  FINAL  ]   143 routes  rb  kmeans  k=2  λ=0.2  solver=pyvrp
10:04:29 | i — | [  FINAL  ]   139 routes  rb  ac_complete  k=2  λ=1.0  solver=pyvrp
10:04:29 | i — | [  FINAL  ]   135 routes  vb  kmeans  k=4  λ=1.0  solver=filo
10:04:29 | i — | [  FINAL  ]   130 routes  rb  ac_complete  k=8  λ=0.6  solver=ails2
10:04:29 | i — | [  FINAL  ]   127 routes  rb  ac_complete  k=6  λ=0.2  solver=filo2
10:04:29 | i — | [  FINAL  ]   127 routes  vb  kmedoids  k=6  λ=0.6  solver=filo
10:04:29 | i — | [  FINAL  ]   124 routes  vb  ac_complete  k=3  λ=0.4  solver=ails2
10:04:29 | i — | [  FINAL  ]   124 routes  rb  ac_complete  k=6  λ=1.0  solver=pyvrp
10:04:29 | i — | [  FINAL  ]   121 routes  rb  kmeans  k=12  λ=1.0  solver=filo2
10:04:29 | i — | [  FINAL  ]   119 routes  vb  ac_complete  k=3  λ=0.4  solver=pyvrp
10:04:29 | i — | [  FINAL  ]   117 routes  vb  ac_complete  k=6  λ=1.0  solver=filo
10:04:29 | i — | [  FINAL  ]   115 routes  rb  kmeans  k=4  λ=0.6  solver=pyvrp
10:04:29 | i — | [  FINAL  ]   112 routes  vb  ac_complete  k=12  λ=0.4  solver=pyvrp
10:04:29 | i — | [  FINAL  ]   109 routes  vb  kmeans  k=6  λ=0.4  solver=filo2
10:04:29 | i — | [  FINAL  ]   103 routes  vb  ac_complete  k=6  λ=0.8  solver=ails2
10:04:29 | i — | [  FINAL  ]   102 routes  rb  kmeans  k=4  λ=0.4  solver=filo
10:04:29 | i — | [  FINAL  ]   101 routes  rb  kmeans  k=12  λ=1.0  solver=ails2
10:04:29 | i — | [  FINAL  ]   92 routes  rb  ac_avg  k=3  λ=0.8  solver=pyvrp
10:04:29 | i — | [  FINAL  ]   90 routes  rb  ac_avg  k=3  λ=0.2  solver=filo2
10:04:29 | i — | [  FINAL  ]   88 routes  rb  ac_complete  k=3  λ=0.0  solver=pyvrp
10:04:29 | i — | [  FINAL  ]   83 routes  rb  kmeans  k=3  λ=0.6  solver=filo
10:04:29 | i — | [  FINAL  ]   79 routes  rb  ac_complete  k=12  λ=0.8  solver=filo
10:04:29 | i — | [  FINAL  ]   75 routes  rb  ac_complete  k=6  λ=1.0  solver=filo2
10:04:29 | i — | [  FINAL  ]   70 routes  rb  kmeans  k=6  λ=0.6  solver=pyvrp
10:04:29 | i — | [  FINAL  ]   69 routes  vb  ac_complete  k=12  λ=0.0  solver=filo
10:04:29 | i — | [  FINAL  ]   66 routes  vb  ac_complete  k=3  λ=0.0  solver=filo2
10:04:29 | i — | [  FINAL  ]   65 routes  rb  ac_complete  k=6  λ=0.4  solver=pyvrp
10:04:29 | i — | [  FINAL  ]   61 routes  rb  kmeans  k=3  λ=1.0  solver=ails2
10:04:29 | i — | [  FINAL  ]   59 routes  vb  ac_avg  k=6  λ=0.2  solver=filo
10:04:29 | i — | [  FINAL  ]   58 routes  rb  ac_complete  k=12  λ=0.2  solver=filo2
10:04:29 | i — | [  FINAL  ]   56 routes  vb  kmeans  k=10  λ=0.4  solver=pyvrp
10:04:29 | i — | [  FINAL  ]   54 routes  vb  fcm  k=4  λ=1.0  solver=filo
10:04:29 | i — | [  FINAL  ]   52 routes  rb  ac_complete  k=3  λ=1.0  solver=filo
10:04:29 | i — | [  FINAL  ]   52 routes  vb  ac_complete  k=3  λ=0.4  solver=filo
10:04:29 | i — | [  FINAL  ]   50 routes  vb  kmeans  k=3  λ=0.6  solver=ails2
10:04:29 | i — | [  FINAL  ]   48 routes  rb  kmeans  k=12  λ=0.2  solver=ails2
10:04:29 | i — | [  FINAL  ]   47 routes  rb  ac_avg  k=6  λ=0.6  solver=pyvrp
10:04:29 | i — | [  FINAL  ]   46 routes  vb  kmeans  k=12  λ=0.2  solver=ails2
10:04:29 | i — | [  FINAL  ]   45 routes  vb  kmedoids  k=12  λ=0.6  solver=filo
10:04:29 | i — | [  FINAL  ]   44 routes  vb  kmeans  k=12  λ=0.6  solver=ails2
10:04:29 | i — | [  FINAL  ]   43 routes  vb  fcm  k=3  λ=0.4  solver=pyvrp
10:04:29 | i — | [  FINAL  ]   42 routes  rb  kmeans  k=6  λ=0.8  solver=pyvrp
10:04:29 | i — | [  FINAL  ]   35 routes  vb  kmedoids  k=6  λ=1.0  solver=filo
10:04:29 | i — | [  FINAL  ]   30 routes  rb  kmeans  k=6  λ=0.6  solver=filo
10:04:29 | i — | [  FINAL  ]   29 routes  rb  ac_complete  k=4  λ=1.0  solver=pyvrp
10:04:29 | i — | [  FINAL  ]   25 routes  vb  kmedoids  k=6  λ=0.6  solver=pyvrp
10:04:29 | i — | [  FINAL  ]   24 routes  vb  kmedoids  k=4  λ=0.4  solver=ails2
10:04:29 | i — | [  FINAL  ]   22 routes  rb  ac_avg  k=12  λ=0.0  solver=filo
10:04:29 | i — | [  FINAL  ]   20 routes  rb  kmeans  k=2  λ=1.0  solver=filo2
10:04:29 | i — | [  FINAL  ]   20 routes  vb  ac_avg  k=12  λ=0.8  solver=filo
10:04:29 | i — | [  FINAL  ]   19 routes  vb  kmedoids  k=12  λ=1.0  solver=filo
10:04:29 | i — | [  FINAL  ]   18 routes  vb  ac_avg  k=12  λ=0.4  solver=filo
10:04:29 | i — | [  FINAL  ]   18 routes  rb  ac_complete  k=12  λ=0.6  solver=filo
10:04:29 | i — | [  FINAL  ]   17 routes  rb  kmeans  k=3  λ=0.8  solver=filo
10:04:29 | i — | [  FINAL  ]   17 routes  rb  kmeans  k=3  λ=0.2  solver=filo
10:04:29 | i — | [  FINAL  ]   15 routes  vb  ac_avg  k=12  λ=0.4  solver=filo2
10:04:29 | i — | [  FINAL  ]   15 routes  rb  ac_complete  k=4  λ=0.6  solver=pyvrp
10:04:29 | i — | [  FINAL  ]   15 routes  vb  kmedoids  k=3  λ=0.4  solver=pyvrp
10:04:29 | i — | [  FINAL  ]   14 routes  rb  kmeans  k=12  λ=0.6  solver=ails2
10:04:29 | i — | [  FINAL  ]   14 routes  rb  ac_complete  k=3  λ=1.0  solver=pyvrp
10:04:29 | i — | [  FINAL  ]   14 routes  vb  ac_avg  k=12  λ=0.6  solver=filo
10:04:29 | i — | [  FINAL  ]   13 routes  rb  ac_complete  k=12  λ=0.4  solver=filo2
10:04:29 | i — | [  FINAL  ]   13 routes  rb  kmeans  k=12  λ=0.6  solver=filo
10:04:29 | i — | [  FINAL  ]   13 routes  vb  fcm  k=6  λ=0.4  solver=filo
10:04:29 | i — | [  FINAL  ]   12 routes  vb  ac_avg  k=12  λ=0.0  solver=filo2
10:04:29 | i — | [  FINAL  ]   12 routes  rb  ac_complete  k=12  λ=0.0  solver=pyvrp
10:04:29 | i — | [  FINAL  ]   12 routes  rb  ac_complete  k=3  λ=0.6  solver=pyvrp
10:04:29 | i — | [  FINAL  ]   10 routes  rb  kmeans  k=8  λ=1.0  solver=filo
10:04:29 | i — | [  FINAL  ]   9 routes  rb  ac_complete  k=8  λ=0.0  solver=filo
10:04:29 | i — | [  FINAL  ]   5 routes  rb  kmeans  k=2  λ=0.6  solver=filo
10:04:29 | i — | [  FINAL  ]   5 routes  rb  kmeans  k=3  λ=1.0  solver=filo
10:04:29 | i — | [  FINAL  ]   4 routes  rb  ac_complete  k=4  λ=0.6  solver=filo2
10:04:29 | i — | [  FINAL  ]   3 routes  rb  ac_complete  k=8  λ=0.4  solver=ails2
10:04:29 | i — | [  FINAL  ]   3 routes  rb  ac_complete  k=2  λ=0.2  solver=filo
10:04:29 | i — | [  FINAL  ]   391 routes  post-SP/SC improvement
10:04:29 | i — | [  FINAL  ] ════════════════════════════════════════
