23:06:16 | i — | [  INIT   ] ════════════════════════════════════════
23:06:16 | i — | [  INIT   ] DRISPI  instance=X-n5774-k290  n=5773  capacity=1012
23:06:16 | i — | [  INIT   ] k domain (computed at init): [2, 3, 4, 6, 8, 10, 12, 15, 19, 24]  k_ext=24  k_min=290  k_ext_bound=n_bound  spacing_rejected=0
23:06:16 | i — | [  INIT   ] ══════════════════════════════════════════════════════
23:06:16 | i — | [  INIT   ] CONFIGURATION
23:06:16 | i — | [  INIT   ] ── stopping ────────────────────────────────
23:06:16 | i — | [  INIT   ]   time_limit                  = 7200.0
23:06:16 | i — | [  INIT   ]   max_no_improve              = 1000000000
23:06:16 | i — | [  INIT   ] ── parallelism ─────────────────────────────
23:06:16 | i — | [  INIT   ]   n_workers                   = 8
23:06:16 | i — | [  INIT   ] ── cores ───────────────────────────────────
23:06:16 | i — | [  INIT   ]   cores_total                 = 8
23:06:16 | i — | [  INIT   ]   cores_dri                   = 6
23:06:16 | i — | [  INIT   ]   cores_bg                    = 1
23:06:16 | i — | [  INIT   ]   cores_sp                    = 1
23:06:16 | i — | [  INIT   ]   cores_cpu_list              = None
23:06:16 | i — | [  INIT   ] ── sp/sc ───────────────────────────────────
23:06:16 | i — | [  INIT   ]   sp_sc_mode                  = async
23:06:16 | i — | [  INIT   ]   sp_sc_trigger               = wallclock
23:06:16 | i — | [  INIT   ]   interval_minutes            = 20.0
23:06:16 | i — | [  INIT   ]   overlap_policy              = skip
23:06:16 | i — | [  INIT   ]   warmup_iterations           = 5
23:06:16 | i — | [  INIT   ]   sp_interval                 = 3
23:06:16 | i — | [  INIT   ]   min_coverage                = 5
23:06:16 | i — | [  INIT   ]   sp_time_limit               = 720.0
23:06:16 | i — | [  INIT   ]   mip_gap                     = 0.00025
23:06:16 | i — | [  INIT   ] ── decomposition ───────────────────────────
23:06:16 | i — | [  INIT   ]   decomp_k_base_arms          = [2, 3, 4, 6, 8, 10, 12]
23:06:16 | i — | [  INIT   ]   decomp_k_max_arms           = 10
23:06:16 | i — | [  INIT   ]   decomp_k_ext_per_1000       = 4
23:06:16 | i — | [  INIT   ]   decomp_k_min_routes_per_cluster= 8
23:06:16 | i — | [  INIT   ]   decomp_k_min_arm_spacing    = 2
23:06:16 | i — | [  INIT   ]   subcluster_rate_s_per_customer= 0.06
23:06:16 | i — | [  INIT   ]   subcluster_floor_s          = 5.0
23:06:16 | i — | [  INIT   ] ── bg_ails ─────────────────────────────────
23:06:16 | i — | [  INIT   ]   bg_ails_mode                = async
23:06:16 | i — | [  INIT   ]   bg_ails_crash_threshold     = 1
23:06:16 | i — | [  INIT   ]   bg_ails_budget_mode         = predicted_dr_wall
23:06:16 | i — | [  INIT   ]   bg_ails_budget_floor_s      = 60.0
23:06:16 | i — | [  INIT   ]   bg_ails_budget_margin       = 1.0
23:06:16 | i — | [  INIT   ]   bg_ails_wall_model_scale    = 0.976
23:06:16 | i — | [  INIT   ]   bg_ails_wall_model_wave_exponent= -0.18
23:06:16 | i — | [  INIT   ]   bg_ails_initial_omega       = 10
23:06:16 | i — | [  INIT   ]   bg_ails_boundary_threshold  = 0.5
23:06:16 | i — | [  INIT   ]   bg_ails_small_cluster_cap   = 20
23:06:16 | i — | [  INIT   ]   bg_ails_small_cluster_alpha = 0.5
23:06:16 | i — | [  INIT   ]   bg_ails_pair_selection      = greedy
23:06:16 | i — | [  INIT   ]   bg_ails_n_chains_mode       = k
23:06:16 | i — | [  INIT   ] ── standard_improvement ────────────────────
23:06:16 | i — | [  INIT   ]   standard_improvement_time_limit= 360.0
23:06:16 | i — | [  INIT   ] ── pool ────────────────────────────────────
23:06:16 | i — | [  INIT   ]   max_pool_size               = 10000
23:06:16 | i — | [  INIT   ]   pool_diversity_weight       = 0.5
23:06:16 | i — | [  INIT   ] ── haos ────────────────────────────────────
23:06:16 | i — | [  INIT   ]   haos_decay                  = 0.95
23:06:16 | i — | [  INIT   ]   haos_warmup                 = 10
23:06:16 | i — | [  INIT   ]   haos_starting_weight        = 10.0
23:06:16 | i — | [  INIT   ]   haos_min_weight_k           = 0.025
23:06:16 | i — | [  INIT   ]   haos_min_weight_lambda      = 0.05
23:06:16 | i — | [  INIT   ]   haos_min_weight_paradigm    = 0.1
23:06:16 | i — | [  INIT   ]   haos_min_weight_vertex_method= 0.05
23:06:16 | i — | [  INIT   ]   haos_min_weight_route_method= 0.05
23:06:16 | i — | [  INIT   ]   haos_min_weight_solver      = 0.05
23:06:16 | i — | [  INIT   ]   haos_lambda_demand_values   = [0.0, 0.2, 0.4, 0.6, 0.8, 1.0]
23:06:16 | i — | [  INIT   ]   haos_paradigm_values        = ['vertex', 'route']
23:06:16 | i — | [  INIT   ]   haos_vertex_method_values   = ['kmeans', 'agglomerative_avg', 'agglomerative_complete', 'kmedoids', 'fcm']
23:06:16 | i — | [  INIT   ]   haos_route_method_values    = ['kmeans', 'agglomerative_avg', 'agglomerative_complete']
23:06:16 | i — | [  INIT   ]   haos_solver_values          = ['pyvrp', 'filo', 'filo2', 'ails2']
23:06:16 | i — | [  INIT   ] ── haos_rewards ────────────────────────────
23:06:16 | i — | [  INIT   ]   haos_reward_new_best        = 10.0
23:06:16 | i — | [  INIT   ]   haos_reward_improvement     = 4.0
23:06:16 | i — | [  INIT   ]   haos_reward_no_improvement  = 1.0
23:06:16 | i — | [  INIT   ]   haos_reward_no_solution     = 0.0
23:06:16 | i — | [  INIT   ]   haos_deferred_new_best      = 7.0
23:06:16 | i — | [  INIT   ]   haos_deferred_improvement   = 3.0
23:06:16 | i — | [  INIT   ]   haos_deferred_no_improvement= 0.0
23:06:16 | i — | [  INIT   ] ── seed ────────────────────────────────────
23:06:16 | i — | [  INIT   ]   seed                        = 30
23:06:16 | i — | [  INIT   ] ── output ──────────────────────────────────
23:06:16 | i — | [  INIT   ]   output_dir                  = /app/artifacts/final_benchmark/runs/X-n5774-k290/seed30
23:06:16 | i — | [  INIT   ]   run_analysis                = False
23:06:16 | i — | [  INIT   ] ══════════════════════════════════════════════════════
23:06:16 | i — | [  INIT   ] BKS=249895.00
23:06:16 | i — | [  INIT   ] ════════════════════════════════════════
23:06:16 | i 1 | [HAOS ROLL] k=12  λ=1.0  vb  ac_avg  filo  P≈0.000417
23:06:23 | i 1 | [Phase 1/3] decompose  6.78s / — / —  λ=1.0  vb ac_avg
23:07:44 | i 1 | [Phase 2/3] route  80.97s / 61.08s / 132.6%  filo  k=12
23:07:44 | i 1 | [ IMPROVE ] 255616.00  via decompose_route  ·  Δ_BKS=+2.29%
23:07:44 | i 1 | [HAOS ROLL] k=12  λ=1.0  vb  ac_avg  filo  P≈0.000417
23:07:44 | i 1 | [ Summary ] cost=255616.00  Δ_S*=+0.00%  Δ_BKS=+2.29%  Δ_S*_BKS=+2.29%  no_improve=0
23:07:44 | i 2 | [HAOS ROLL] k=3  λ=1.0  rb  ac_complete  ails2  P≈0.000694
23:07:46 | i 2 | [Phase 1/3] decompose  2.38s / — / —  λ=1.0  rb ac_complete
23:09:59 | i 2 | [Phase 2/3] route  132.75s / 130.38s / 101.8%  ails2  k=3
23:09:59 | i 1 | [ IMPROVE ] 252054.00  via bg_ails  ·  Δ_BKS=+0.86%
23:09:59 | i 1 | [ ASYNC BG] bg_ails  115.24s / 104.52s / 110.3%
23:09:59 | i 2 | [ IMPROVE ] 251527.00  via decompose_route  ·  Δ_BKS=+0.65%
23:09:59 | i 2 | [HAOS ROLL] k=3  λ=1.0  rb  ac_complete  ails2  P≈0.000694
23:09:59 | i 2 | [ Summary ] cost=251527.00  Δ_S*=+0.00%  Δ_BKS=+0.65%  Δ_S*_BKS=+0.65%  no_improve=0
23:09:59 | i 3 | [HAOS ROLL] k=19  λ=0.4  vb  ac_complete  filo2  P≈0.000417
23:10:03 | i 3 | [Phase 1/3] decompose  3.35s / — / —  λ=0.4  vb ac_complete
23:11:12 | i 3 | [Phase 2/3] route  69.14s / 42.78s / 161.6%  filo2  k=19
23:12:17 | i 2 | [ IMPROVE ] 251522.00  via bg_ails  ·  Δ_BKS=+0.65%
23:12:17 | i 2 | [ ASYNC BG] bg_ails  138.06s / 127.25s / 108.5%
23:12:17 | i 3 | [HAOS ROLL] k=19  λ=0.4  vb  ac_complete  filo2  P≈0.000417
23:12:17 | i 3 | [ Summary ] cost=258708.00  Δ_S*=+2.86%  Δ_BKS=+3.53%  Δ_S*_BKS=+0.65%  no_improve=1
23:12:17 | i 4 | [HAOS ROLL] k=19  λ=0.8  vb  fcm  ails2  P≈0.000417
23:12:21 | i 4 | [Phase 1/3] decompose  3.72s / — / —  λ=0.8  vb fcm
23:13:40 | i 4 | [Phase 2/3] route  79.50s / 27.78s / 286.2%  ails2  k=19
23:13:51 | i 3 | [ ASYNC BG] bg_ails  94.10s / 83.91s / 112.1%
23:13:51 | i 4 | [HAOS ROLL] k=19  λ=0.8  vb  fcm  ails2  P≈0.000417
23:13:51 | i 4 | [ Summary ] cost=257818.00  Δ_S*=+2.50%  Δ_BKS=+3.17%  Δ_S*_BKS=+0.65%  no_improve=3
23:13:51 | i 5 | [HAOS ROLL] k=4  λ=0.8  vb  ac_complete  ails2  P≈0.000417
23:13:55 | i 5 | [Phase 1/3] decompose  3.32s / — / —  λ=0.8  vb ac_complete
23:15:48 | i 5 | [Phase 2/3] route  113.66s / 111.66s / 101.8%  ails2  k=4
23:15:48 | i 4 | [ ASYNC BG] bg_ails  89.05s / 78.43s / 113.5%
23:15:48 | i 5 | [HAOS ROLL] k=4  λ=0.8  vb  ac_complete  ails2  P≈0.000417
23:15:48 | i 5 | [ Summary ] cost=252333.00  Δ_S*=+0.32%  Δ_BKS=+0.98%  Δ_S*_BKS=+0.65%  no_improve=5
23:15:48 | i 6 | [HAOS ROLL] k=2  λ=0.0  rb  kmeans  filo  P≈0.000694
23:15:50 | i 6 | [Phase 1/3] decompose  1.84s / — / —  λ=0.0  rb kmeans
23:18:45 | i 6 | [Phase 2/3] route  174.55s / 174.30s / 100.1%  filo  k=2
23:18:45 | i 5 | [ ASYNC BG] bg_ails  118.95s / 108.98s / 109.1%
23:18:45 | i 6 | [HAOS ROLL] k=2  λ=0.0  rb  kmeans  filo  P≈0.000694
23:18:45 | i 6 | [ Summary ] cost=252858.00  Δ_S*=+0.53%  Δ_BKS=+1.19%  Δ_S*_BKS=+0.65%  no_improve=7
23:18:45 | i 7 | [HAOS ROLL] k=19  λ=0.6  rb  ac_avg  filo  P≈0.000694
23:18:47 | i 7 | [Phase 1/3] decompose  2.40s / — / —  λ=0.6  rb ac_avg
23:19:50 | i 7 | [Phase 2/3] route  62.15s / 55.32s / 112.3%  filo  k=19
23:21:46 | i 6 | [ ASYNC BG] bg_ails  180.69s / 170.12s / 106.2%
23:21:46 | i 7 | [HAOS ROLL] k=19  λ=0.6  rb  ac_avg  filo  P≈0.000694
23:21:46 | i 7 | [ Summary ] cost=253484.00  Δ_S*=+0.78%  Δ_BKS=+1.44%  Δ_S*_BKS=+0.65%  no_improve=9
23:21:46 | i 8 | [HAOS ROLL] k=8  λ=0.6  rb  ac_complete  filo  P≈0.000694
23:21:48 | i 8 | [Phase 1/3] decompose  2.39s / — / —  λ=0.6  rb ac_complete
23:23:07 | i 8 | [Phase 2/3] route  79.19s / 78.54s / 100.8%  filo  k=8
23:23:26 | i 7 | [ ASYNC BG] bg_ails  100.24s / 89.22s / 112.4%
23:23:26 | i 8 | [HAOS ROLL] k=8  λ=0.6  rb  ac_complete  filo  P≈0.000694
23:23:26 | i 8 | [ Summary ] cost=254969.00  Δ_S*=+1.37%  Δ_BKS=+2.03%  Δ_S*_BKS=+0.65%  no_improve=11
23:23:26 | i 9 | [HAOS ROLL] k=19  λ=0.8  vb  ac_avg  ails2  P≈0.000417
23:23:29 | i 9 | [Phase 1/3] decompose  3.38s / — / —  λ=0.8  vb ac_avg
23:24:38 | i 9 | [Phase 2/3] route  68.95s / 61.08s / 112.9%  ails2  k=19
23:25:11 | i 8 | [ ASYNC BG] bg_ails  105.03s / 94.70s / 110.9%
23:25:11 | i 9 | [HAOS ROLL] k=19  λ=0.8  vb  ac_avg  ails2  P≈0.000417
23:25:11 | i 9 | [ Summary ] cost=258873.00  Δ_S*=+2.92%  Δ_BKS=+3.59%  Δ_S*_BKS=+0.65%  no_improve=13
23:25:11 | i 6 | [ASYNC 1/2] sp_sc  3.41s / 720.00s / 0.5%  SP  avg_coverage=10.79/5  pool=3165
23:25:11 | i 6 | [ASYNC 2/2] standard_ails  368.45s / 360.00s / 102.3%
23:25:31 | i 6 | [ IMPROVE ] 251378.00  via standard_ails  ·  Δ_BKS=+0.59%
23:25:31 | i 10 | [HAOS ROLL] k=15  λ=0.4  rb  ac_avg  filo  P≈0.000694
23:25:33 | i 10 | [Phase 1/3] decompose  2.33s / — / —  λ=0.4  rb ac_avg
23:26:37 | i 10 | [Phase 2/3] route  63.14s / 60.84s / 103.8%  filo  k=15
23:26:37 | i 9 | [ ASYNC BG] bg_ails  82.25s / 71.91s / 114.4%
23:26:37 | i 10 | [HAOS ROLL] k=15  λ=0.4  rb  ac_avg  filo  P≈0.000694
23:26:37 | i 10 | [ Summary ] cost=254552.00  Δ_S*=+1.26%  Δ_BKS=+1.86%  Δ_S*_BKS=+0.59%  no_improve=2
23:26:37 | i 11 | [HAOS ROLL] k=3  λ=0.8  vb  ac_avg  filo2  P≈0.000417
23:26:40 | i 11 | [Phase 1/3] decompose  3.38s / — / —  λ=0.8  vb ac_avg
23:29:26 | i 11 | [Phase 2/3] route  165.51s / 165.06s / 100.3%  filo2  k=3
23:29:26 | i 10 | [ ASYNC BG] bg_ails  110.19s / 99.52s / 110.7%
23:29:26 | i 11 | [HAOS ROLL] k=3  λ=0.8  vb  ac_avg  filo2  P≈0.000417
23:29:26 | i 11 | [ Summary ] cost=252400.00  Δ_S*=+0.41%  Δ_BKS=+1.00%  Δ_S*_BKS=+0.59%  no_improve=4
23:29:26 | i 12 | [HAOS ROLL] k=2  λ=1.0  vb  ac_complete  filo  P≈0.000412
23:29:29 | i 12 | [Phase 1/3] decompose  3.33s / — / —  λ=1.0  vb ac_complete
23:32:47 | i 12 | [Phase 2/3] route  197.68s / 196.80s / 100.4%  filo  k=2
23:32:47 | i 11 | [ ASYNC BG] bg_ails  172.18s / 161.10s / 106.9%
23:32:47 | i 12 | [HAOS ROLL] k=2  λ=1.0  vb  ac_complete  filo  P≈0.000412
23:32:47 | i 12 | [ Summary ] cost=253135.00  Δ_S*=+0.70%  Δ_BKS=+1.30%  Δ_S*_BKS=+0.59%  no_improve=6
23:32:47 | i 13 | [HAOS ROLL] k=4  λ=0.0  rb  ac_complete  pyvrp  P≈0.000457
23:32:49 | i 13 | [Phase 1/3] decompose  1.77s / — / —  λ=0.0  rb ac_complete
23:34:56 | i 13 | [Phase 2/3] route  127.48s / 117.42s / 108.6%  pyvrp  k=4
23:36:10 | i 12 | [ ASYNC BG] bg_ails  203.09s / 192.08s / 105.7%
23:36:10 | i 13 | [HAOS ROLL] k=4  λ=0.0  rb  ac_complete  pyvrp  P≈0.000457
23:36:10 | i 13 | [ Summary ] cost=257314.00  Δ_S*=+2.36%  Δ_BKS=+2.97%  Δ_S*_BKS=+0.59%  no_improve=8
23:36:10 | i 14 | [HAOS ROLL] k=6  λ=0.4  vb  kmeans  filo2  P≈0.000425
23:36:12 | i 14 | [Phase 1/3] decompose  2.33s / — / —  λ=0.4  vb kmeans
23:37:24 | i 14 | [Phase 2/3] route  71.17s / 70.86s / 100.4%  filo2  k=6
23:38:15 | i 13 | [ ASYNC BG] bg_ails  124.64s / 114.60s / 108.8%
23:38:15 | i 14 | [HAOS ROLL] k=6  λ=0.4  vb  kmeans  filo2  P≈0.000425
23:38:15 | i 14 | [ Summary ] cost=253134.00  Δ_S*=+0.70%  Δ_BKS=+1.30%  Δ_S*_BKS=+0.59%  no_improve=10
23:38:15 | i 15 | [HAOS ROLL] k=8  λ=0.0  vb  kmeans  ails2  P≈0.000379
23:38:17 | i 15 | [Phase 1/3] decompose  1.80s / — / —  λ=0.0  vb kmeans
23:39:41 | i 15 | [Phase 2/3] route  84.84s / 63.30s / 134.0%  ails2  k=8
23:39:41 | i 14 | [ ASYNC BG] bg_ails  80.12s / 69.16s / 115.8%
23:39:42 | i 15 | [HAOS ROLL] k=8  λ=0.0  vb  kmeans  ails2  P≈0.000379
23:39:42 | i 15 | [ Summary ] cost=253160.00  Δ_S*=+0.71%  Δ_BKS=+1.31%  Δ_S*_BKS=+0.59%  no_improve=12
23:39:42 | i 16 | [HAOS ROLL] k=12  λ=1.0  vb  kmeans  filo  P≈0.000570
23:39:44 | i 16 | [Phase 1/3] decompose  2.39s / — / —  λ=1.0  vb kmeans
23:40:55 | i 16 | [Phase 2/3] route  71.28s / 55.62s / 128.2%  filo  k=12
23:41:39 | i 15 | [ ASYNC BG] bg_ails  117.69s / 107.98s / 109.0%
23:41:39 | i 16 | [HAOS ROLL] k=12  λ=1.0  vb  kmeans  filo  P≈0.000570
23:41:39 | i 16 | [ Summary ] cost=255902.00  Δ_S*=+1.80%  Δ_BKS=+2.40%  Δ_S*_BKS=+0.59%  no_improve=14
23:41:39 | i 17 | [HAOS ROLL] k=4  λ=0.8  vb  kmedoids  filo2  P≈0.000520
23:41:44 | i 17 | [Phase 1/3] decompose  4.46s / — / —  λ=0.8  vb kmedoids
23:43:22 | i 17 | [Phase 2/3] route  98.27s / 98.22s / 100.1%  filo2  k=4
23:43:22 | i 16 | [ ASYNC BG] bg_ails  100.06s / 89.89s / 111.3%
23:43:22 | i 17 | [HAOS ROLL] k=4  λ=0.8  vb  kmedoids  filo2  P≈0.000520
23:43:22 | i 17 | [ Summary ] cost=252671.00  Δ_S*=+0.51%  Δ_BKS=+1.11%  Δ_S*_BKS=+0.59%  no_improve=16
23:43:22 | i 18 | [HAOS ROLL] k=12  λ=1.0  rb  kmeans  filo2  P≈0.000644
23:43:25 | i 18 | [Phase 1/3] decompose  2.39s / — / —  λ=1.0  rb kmeans
23:44:49 | i 18 | [Phase 2/3] route  84.17s / 45.24s / 186.0%  filo2  k=12
23:45:08 | i 17 | [ ASYNC BG] bg_ails  106.24s / 95.86s / 110.8%
23:45:08 | i 18 | [HAOS ROLL] k=12  λ=1.0  rb  kmeans  filo2  P≈0.000644
23:45:09 | i 18 | [ Summary ] cost=254675.00  Δ_S*=+1.31%  Δ_BKS=+1.91%  Δ_S*_BKS=+0.59%  no_improve=18
23:45:09 | i 19 | [HAOS ROLL] k=12  λ=0.6  vb  kmedoids  filo  P≈0.000614
23:45:12 | i 19 | [Phase 1/3] decompose  3.24s / — / —  λ=0.6  vb kmedoids
23:46:24 | i 19 | [Phase 2/3] route  72.15s / 53.52s / 134.8%  filo  k=12
23:46:35 | i 18 | [ ASYNC BG] bg_ails  87.13s / 76.97s / 113.2%
23:46:36 | i 19 | [HAOS ROLL] k=12  λ=0.6  vb  kmedoids  filo  P≈0.000614
23:46:36 | i 19 | [ Summary ] cost=255102.00  Δ_S*=+1.48%  Δ_BKS=+2.08%  Δ_S*_BKS=+0.59%  no_improve=20
23:46:36 | i 20 | [HAOS ROLL] k=10  λ=0.4  vb  kmedoids  pyvrp  P≈0.000313
23:46:39 | i 20 | [Phase 1/3] decompose  3.25s / — / —  λ=0.4  vb kmedoids
23:48:04 | i 20 | [Phase 2/3] route  84.83s / 61.38s / 138.2%  pyvrp  k=10
23:48:06 | i 19 | [ ASYNC BG] bg_ails  90.36s / 79.86s / 113.1%
23:48:06 | i 20 | [HAOS ROLL] k=10  λ=0.4  vb  kmedoids  pyvrp  P≈0.000313
23:48:06 | i 20 | [ Summary ] cost=257854.00  Δ_S*=+2.58%  Δ_BKS=+3.18%  Δ_S*_BKS=+0.59%  no_improve=22
23:48:06 | i 21 | [HAOS ROLL] k=24  λ=0.4  rb  kmeans  filo  P≈0.000428
23:48:08 | i 21 | [Phase 1/3] decompose  2.40s / — / —  λ=0.4  rb kmeans
23:49:18 | i 21 | [Phase 2/3] route  69.32s / 29.76s / 232.9%  filo  k=24
23:49:58 | i 20 | [ ASYNC BG] bg_ails  112.24s / 101.37s / 110.7%
23:49:58 | i 21 | [HAOS ROLL] k=24  λ=0.4  rb  kmeans  filo  P≈0.000428
23:49:58 | i 21 | [ Summary ] cost=253341.00  Δ_S*=+0.78%  Δ_BKS=+1.38%  Δ_S*_BKS=+0.59%  no_improve=24
23:49:58 | i 22 | [HAOS ROLL] k=2  λ=0.2  rb  ac_complete  ails2  P≈0.000151
23:50:01 | i 22 | [Phase 1/3] decompose  2.39s / — / —  λ=0.2  rb ac_complete
23:53:43 | i 22 | [Phase 2/3] route  221.67s / 217.38s / 102.0%  ails2  k=2
23:53:43 | i 21 | [ ASYNC BG] bg_ails  79.24s / 68.44s / 115.8%
23:53:43 | i 22 | [HAOS ROLL] k=2  λ=0.2  rb  ac_complete  ails2  P≈0.000151
23:53:43 | i 22 | [ Summary ] cost=251672.00  Δ_S*=+0.12%  Δ_BKS=+0.71%  Δ_S*_BKS=+0.59%  no_improve=26
23:53:43 | i 23 | [HAOS ROLL] k=3  λ=0.4  vb  kmeans  filo  P≈0.000861
23:53:45 | i 23 | [Phase 1/3] decompose  2.35s / — / —  λ=0.4  vb kmeans
23:56:24 | i 23 | [Phase 2/3] route  158.51s / 158.46s / 100.0%  filo  k=3
23:57:26 | i 22 | [ ASYNC BG] bg_ails  223.24s / 212.16s / 105.2%
23:57:26 | i 23 | [HAOS ROLL] k=3  λ=0.4  vb  kmeans  filo  P≈0.000861
23:57:26 | i 23 | [ Summary ] cost=252917.00  Δ_S*=+0.61%  Δ_BKS=+1.21%  Δ_S*_BKS=+0.59%  no_improve=28
23:57:26 | i 24 | [HAOS ROLL] k=19  λ=0.6  vb  ac_complete  pyvrp  P≈0.000183
23:57:29 | i 24 | [Phase 1/3] decompose  3.30s / — / —  λ=0.6  vb ac_complete
23:58:36 | i 24 | [Phase 2/3] route  67.16s / 47.64s / 141.0%  pyvrp  k=19
00:00:11 | i 23 | [ ASYNC BG] bg_ails  165.08s / 154.66s / 106.7%
00:00:11 | i 24 | [HAOS ROLL] k=19  λ=0.6  vb  ac_complete  pyvrp  P≈0.000183
00:00:11 | i 24 | [ Summary ] cost=260413.00  Δ_S*=+3.59%  Δ_BKS=+4.21%  Δ_S*_BKS=+0.59%  no_improve=30
00:00:11 | i 15 | [ASYNC 1/2] sp_sc  710.06s / 720.00s / 98.6%  SP  avg_coverage=29.09/5  pool=8510
00:00:11 | i 15 | [ASYNC 2/2] standard_ails  368.39s / 360.00s / 102.3%
00:01:36 | i 15 | [ IMPROVE ] 251202.00  via standard_ails  ·  Δ_BKS=+0.52%
00:01:36 | i 25 | [HAOS ROLL] k=3  λ=0.4  rb  ac_complete  filo2  P≈0.001039
00:01:38 | i 25 | [Phase 1/3] decompose  2.32s / — / —  λ=0.4  rb ac_complete
00:04:34 | i 25 | [Phase 2/3] route  175.57s / 174.72s / 100.5%  filo2  k=3
00:04:34 | i 24 | [ ASYNC BG] bg_ails  107.13s / 96.59s / 110.9%
00:04:34 | i 25 | [HAOS ROLL] k=3  λ=0.4  rb  ac_complete  filo2  P≈0.001039
00:04:34 | i 25 | [ Summary ] cost=252456.00  Δ_S*=+0.50%  Δ_BKS=+1.02%  Δ_S*_BKS=+0.52%  no_improve=2
00:04:34 | i 26 | [HAOS ROLL] k=19  λ=0.8  vb  fcm  pyvrp  P≈0.000505
00:04:40 | i 26 | [Phase 1/3] decompose  5.87s / — / —  λ=0.8  vb fcm
00:05:54 | i 26 | [Phase 2/3] route  73.48s / 29.88s / 245.9%  pyvrp  k=19
00:07:35 | i 25 | [ ASYNC BG] bg_ails  181.47s / 170.53s / 106.4%
00:07:35 | i 26 | [HAOS ROLL] k=19  λ=0.8  vb  fcm  pyvrp  P≈0.000505
00:07:36 | i 26 | [ Summary ] cost=262086.00  Δ_S*=+4.33%  Δ_BKS=+4.88%  Δ_S*_BKS=+0.52%  no_improve=4
00:07:36 | i 27 | [HAOS ROLL] k=2  λ=0.2  rb  kmeans  ails2  P≈0.000310
00:07:38 | i 27 | [Phase 1/3] decompose  2.36s / — / —  λ=0.2  rb kmeans
00:10:34 | i 27 | [Phase 2/3] route  176.46s / 173.64s / 101.6%  ails2  k=2
00:10:34 | i 26 | [ ASYNC BG] bg_ails  87.36s / 76.47s / 114.2%
00:10:35 | i 27 | [HAOS ROLL] k=2  λ=0.2  rb  kmeans  ails2  P≈0.000310
00:10:35 | i 27 | [ Summary ] cost=251488.00  Δ_S*=+0.11%  Δ_BKS=+0.64%  Δ_S*_BKS=+0.52%  no_improve=6
00:10:35 | i 28 | [HAOS ROLL] k=12  λ=0.2  vb  ac_complete  ails2  P≈0.000632
00:10:38 | i 28 | [Phase 1/3] decompose  3.34s / — / —  λ=0.2  vb ac_complete
00:11:51 | i 28 | [Phase 2/3] route  73.26s / 56.46s / 129.7%  ails2  k=12
00:13:35 | i 27 | [ ASYNC BG] bg_ails  180.15s / 169.47s / 106.3%
00:13:35 | i 28 | [HAOS ROLL] k=12  λ=0.2  vb  ac_complete  ails2  P≈0.000632
00:13:35 | i 28 | [ Summary ] cost=254224.00  Δ_S*=+1.20%  Δ_BKS=+1.73%  Δ_S*_BKS=+0.52%  no_improve=8
00:13:35 | i 29 | [HAOS ROLL] k=10  λ=0.0  rb  kmeans  ails2  P≈0.000227
00:13:37 | i 29 | [Phase 1/3] decompose  1.81s / — / —  λ=0.0  rb kmeans
00:14:47 | i 29 | [Phase 2/3] route  70.45s / 62.28s / 113.1%  ails2  k=10
00:15:00 | i 28 | [ ASYNC BG] bg_ails  85.10s / 74.44s / 114.3%
00:15:00 | i 29 | [HAOS ROLL] k=10  λ=0.0  rb  kmeans  ails2  P≈0.000227
00:15:00 | i 29 | [ Summary ] cost=251277.00  Δ_S*=+0.03%  Δ_BKS=+0.55%  Δ_S*_BKS=+0.52%  no_improve=10
00:15:00 | i 30 | [HAOS ROLL] k=6  λ=0.4  vb  fcm  ails2  P≈0.000779
00:15:03 | i 30 | [Phase 1/3] decompose  2.48s / — / —  λ=0.4  vb fcm
00:16:16 | i 30 | [Phase 2/3] route  73.78s / 71.82s / 102.7%  ails2  k=6
00:16:25 | i 29 | [ ASYNC BG] bg_ails  85.63s / 75.47s / 113.5%
00:16:26 | i 30 | [HAOS ROLL] k=6  λ=0.4  vb  fcm  ails2  P≈0.000779
00:16:26 | i 30 | [ Summary ] cost=253069.00  Δ_S*=+0.74%  Δ_BKS=+1.27%  Δ_S*_BKS=+0.52%  no_improve=12
00:16:26 | i 31 | [HAOS ROLL] k=12  λ=1.0  vb  fcm  filo  P≈0.000883
00:16:29 | i 31 | [Phase 1/3] decompose  3.45s / — / —  λ=1.0  vb fcm
00:17:41 | i 31 | [Phase 2/3] route  71.18s / 44.94s / 158.4%  filo  k=12
00:17:46 | i 30 | [ ASYNC BG] bg_ails  81.01s / 70.10s / 115.6%
00:17:47 | i 31 | [HAOS ROLL] k=12  λ=1.0  vb  fcm  filo  P≈0.000883
00:17:47 | i 31 | [ Summary ] cost=255342.00  Δ_S*=+1.65%  Δ_BKS=+2.18%  Δ_S*_BKS=+0.52%  no_improve=14
00:17:47 | i 32 | [HAOS ROLL] k=2  λ=0.6  vb  kmeans  filo2  P≈0.000172
00:17:49 | i 32 | [Phase 1/3] decompose  2.35s / — / —  λ=0.6  vb kmeans
00:20:44 | i 32 | [Phase 2/3] route  174.56s / 174.30s / 100.1%  filo2  k=2
00:20:44 | i 31 | [ ASYNC BG] bg_ails  76.90s / 66.42s / 115.8%
00:20:44 | i 32 | [HAOS ROLL] k=2  λ=0.6  vb  kmeans  filo2  P≈0.000172
00:20:44 | i 32 | [ Summary ] cost=252232.00  Δ_S*=+0.41%  Δ_BKS=+0.94%  Δ_S*_BKS=+0.52%  no_improve=16
00:20:44 | i 33 | [HAOS ROLL] k=12  λ=0.6  vb  ac_complete  ails2  P≈0.000851
00:20:48 | i 33 | [Phase 1/3] decompose  3.32s / — / —  λ=0.6  vb ac_complete
00:22:16 | i 33 | [Phase 2/3] route  88.50s / 60.42s / 146.5%  ails2  k=12
00:23:45 | i 32 | [ ASYNC BG] bg_ails  181.03s / 170.12s / 106.4%
00:23:45 | i 33 | [HAOS ROLL] k=12  λ=0.6  vb  ac_complete  ails2  P≈0.000851
00:23:45 | i 33 | [ Summary ] cost=255298.00  Δ_S*=+1.63%  Δ_BKS=+2.16%  Δ_S*_BKS=+0.52%  no_improve=18
00:23:45 | i 34 | [HAOS ROLL] k=2  λ=0.6  vb  fcm  ails2  P≈0.001340
00:23:48 | i 34 | [Phase 1/3] decompose  2.41s / — / —  λ=0.6  vb fcm
00:26:44 | i 34 | [Phase 2/3] route  176.55s / 173.76s / 101.6%  ails2  k=2
00:26:44 | i 33 | [ ASYNC BG] bg_ails  96.34s / 85.03s / 113.3%
00:26:44 | i 34 | [HAOS ROLL] k=2  λ=0.6  vb  fcm  ails2  P≈0.001340
00:26:45 | i 34 | [ Summary ] cost=251524.00  Δ_S*=+0.13%  Δ_BKS=+0.65%  Δ_S*_BKS=+0.52%  no_improve=20
00:26:45 | i 35 | [HAOS ROLL] k=19  λ=1.0  vb  ac_complete  ails2  P≈0.001667
00:26:48 | i 35 | [Phase 1/3] decompose  3.30s / — / —  λ=1.0  vb ac_complete
00:27:55 | i 35 | [Phase 2/3] route  67.61s / 44.64s / 151.5%  ails2  k=19
00:29:45 | i 34 | [ ASYNC BG] bg_ails  180.22s / 169.59s / 106.3%
00:29:45 | i 35 | [HAOS ROLL] k=19  λ=1.0  vb  ac_complete  ails2  P≈0.001667
00:29:45 | i 35 | [ Summary ] cost=257529.00  Δ_S*=+2.52%  Δ_BKS=+3.05%  Δ_S*_BKS=+0.52%  no_improve=22
00:29:45 | i 36 | [HAOS ROLL] k=6  λ=0.2  vb  kmedoids  ails2  P≈0.000354
00:29:48 | i 36 | [Phase 1/3] decompose  3.65s / — / —  λ=0.2  vb kmedoids
00:31:01 | i 36 | [Phase 2/3] route  72.09s / 69.84s / 103.2%  ails2  k=6
00:31:22 | i 35 | [ ASYNC BG] bg_ails  97.36s / 86.42s / 112.7%
00:31:22 | i 36 | [HAOS ROLL] k=6  λ=0.2  vb  kmedoids  ails2  P≈0.000354
00:31:22 | i 36 | [ Summary ] cost=253087.00  Δ_S*=+0.75%  Δ_BKS=+1.28%  Δ_S*_BKS=+0.52%  no_improve=24
00:31:22 | i 37 | [HAOS ROLL] k=12  λ=0.4  rb  ac_complete  filo  P≈0.000969
00:31:25 | i 37 | [Phase 1/3] decompose  2.36s / — / —  λ=0.4  rb ac_complete
00:32:31 | i 37 | [Phase 2/3] route  66.20s / 60.66s / 109.1%  filo  k=12
00:32:41 | i 36 | [ ASYNC BG] bg_ails  79.28s / 68.16s / 116.3%
00:32:41 | i 37 | [HAOS ROLL] k=12  λ=0.4  rb  ac_complete  filo  P≈0.000969
00:32:41 | i 37 | [ Summary ] cost=254450.00  Δ_S*=+1.29%  Δ_BKS=+1.82%  Δ_S*_BKS=+0.52%  no_improve=26
00:32:41 | i 32 | [ASYNC 1/2] sp_sc  316.24s / 720.00s / 43.9%  SP  avg_coverage=33.61/5  pool=10000
00:32:41 | i 32 | [ASYNC 2/2] standard_ails  368.48s / 360.00s / 102.4%
00:34:05 | i 38 | [HAOS ROLL] k=6  λ=0.6  rb  kmeans  filo2  P≈0.000396
00:34:08 | i 38 | [Phase 1/3] decompose  2.29s / — / —  λ=0.6  rb kmeans
00:36:15 | i 38 | [Phase 2/3] route  127.37s / 126.96s / 100.3%  filo2  k=6
00:36:15 | i 37 | [ ASYNC BG] bg_ails  102.03s / 91.65s / 111.3%
00:36:16 | i 38 | [HAOS ROLL] k=6  λ=0.6  rb  kmeans  filo2  P≈0.000396
00:36:16 | i 38 | [ Summary ] cost=252502.00  Δ_S*=+0.52%  Δ_BKS=+1.04%  Δ_S*_BKS=+0.52%  no_improve=29
00:36:16 | i 39 | [HAOS ROLL] k=12  λ=1.0  vb  ac_complete  filo  P≈0.001454
00:36:19 | i 39 | [Phase 1/3] decompose  3.28s / — / —  λ=1.0  vb ac_complete
00:37:29 | i 39 | [Phase 2/3] route  70.16s / 56.82s / 123.5%  filo  k=12
00:38:29 | i 38 | [ ASYNC BG] bg_ails  134.24s / 123.91s / 108.3%
00:38:30 | i 39 | [HAOS ROLL] k=12  λ=1.0  vb  ac_complete  filo  P≈0.001454
00:38:30 | i 39 | [ Summary ] cost=255514.00  Δ_S*=+1.72%  Δ_BKS=+2.25%  Δ_S*_BKS=+0.52%  no_improve=31
00:38:30 | i 40 | [HAOS ROLL] k=19  λ=0.0  rb  kmeans  ails2  P≈0.000715
00:38:32 | i 40 | [Phase 1/3] decompose  1.81s / — / —  λ=0.0  rb kmeans
00:39:46 | i 40 | [Phase 2/3] route  74.73s / 35.22s / 212.2%  ails2  k=19
00:40:08 | i 39 | [ ASYNC BG] bg_ails  98.18s / 87.41s / 112.3%
00:40:08 | i 40 | [HAOS ROLL] k=19  λ=0.0  rb  kmeans  ails2  P≈0.000715
00:40:08 | i 40 | [ Summary ] cost=251249.00  Δ_S*=+0.02%  Δ_BKS=+0.54%  Δ_S*_BKS=+0.52%  no_improve=33
00:40:08 | i 41 | [HAOS ROLL] k=19  λ=0.4  vb  fcm  ails2  P≈0.002263
00:40:14 | i 41 | [Phase 1/3] decompose  5.65s / — / —  λ=0.4  vb fcm
00:41:25 | i 41 | [Phase 2/3] route  71.25s / 30.30s / 235.2%  ails2  k=19
00:41:48 | i 40 | [ ASYNC BG] bg_ails  100.50s / 90.39s / 111.2%
00:41:48 | i 41 | [HAOS ROLL] k=19  λ=0.4  vb  fcm  ails2  P≈0.002263
00:41:49 | i 41 | [ Summary ] cost=258300.00  Δ_S*=+2.83%  Δ_BKS=+3.36%  Δ_S*_BKS=+0.52%  no_improve=35
00:41:49 | i 42 | [HAOS ROLL] k=3  λ=0.8  vb  ac_complete  ails2  P≈0.001257
00:41:52 | i 42 | [Phase 1/3] decompose  3.28s / — / —  λ=0.8  vb ac_complete
00:45:04 | i 42 | [Phase 2/3] route  191.85s / 188.10s / 102.0%  ails2  k=3
00:45:04 | i 41 | [ ASYNC BG] bg_ails  86.36s / 75.01s / 115.1%
00:45:04 | i 42 | [HAOS ROLL] k=3  λ=0.8  vb  ac_complete  ails2  P≈0.001257
00:45:04 | i 42 | [ Summary ] cost=252067.00  Δ_S*=+0.34%  Δ_BKS=+0.87%  Δ_S*_BKS=+0.52%  no_improve=37
00:45:04 | i 43 | [HAOS ROLL] k=8  λ=0.4  vb  fcm  filo2  P≈0.000576
00:45:07 | i 43 | [Phase 1/3] decompose  2.74s / — / —  λ=0.4  vb fcm
00:46:39 | i 43 | [Phase 2/3] route  92.19s / 65.10s / 141.6%  filo2  k=8
00:48:18 | i 42 | [ ASYNC BG] bg_ails  194.04s / 183.59s / 105.7%
00:48:18 | i 43 | [HAOS ROLL] k=8  λ=0.4  vb  fcm  filo2  P≈0.000576
00:48:18 | i 43 | [ Summary ] cost=253279.00  Δ_S*=+0.83%  Δ_BKS=+1.35%  Δ_S*_BKS=+0.52%  no_improve=39
00:48:18 | i 44 | [HAOS ROLL] k=10  λ=0.6  vb  kmedoids  ails2  P≈0.000339
00:48:21 | i 44 | [Phase 1/3] decompose  3.18s / — / —  λ=0.6  vb kmedoids
00:49:34 | i 44 | [Phase 2/3] route  72.41s / 61.92s / 116.9%  ails2  k=10
00:50:13 | i 43 | [ ASYNC BG] bg_ails  115.28s / 104.83s / 110.0%
00:50:13 | i 44 | [HAOS ROLL] k=10  λ=0.6  vb  kmedoids  ails2  P≈0.000339
00:50:14 | i 44 | [ Summary ] cost=253543.00  Δ_S*=+0.93%  Δ_BKS=+1.46%  Δ_S*_BKS=+0.52%  no_improve=41
00:50:14 | i 45 | [HAOS ROLL] k=4  λ=0.6  vb  ac_avg  filo  P≈0.000175
00:50:17 | i 45 | [Phase 1/3] decompose  3.34s / — / —  λ=0.6  vb ac_avg
00:52:38 | i 45 | [Phase 2/3] route  141.40s / 141.12s / 100.2%  filo  k=4
00:52:38 | i 44 | [ ASYNC BG] bg_ails  106.15s / 95.99s / 110.6%
00:52:39 | i 45 | [HAOS ROLL] k=4  λ=0.6  vb  ac_avg  filo  P≈0.000175
00:52:39 | i 45 | [ Summary ] cost=253559.00  Δ_S*=+0.94%  Δ_BKS=+1.47%  Δ_S*_BKS=+0.52%  no_improve=43
00:52:39 | i 41 | [ASYNC 1/2] sp_sc  187.86s / 720.00s / 26.1%  SP  avg_coverage=33.65/5  pool=10000
00:52:39 | i 41 | [ASYNC 2/2] standard_ails  368.33s / 360.00s / 102.3%
00:54:02 | i 41 | [ IMPROVE ] 251141.00  via standard_ails  ·  Δ_BKS=+0.50%
00:54:02 | i 46 | [HAOS ROLL] k=19  λ=0.8  vb  ac_avg  filo2  P≈0.000532
00:54:05 | i 46 | [Phase 1/3] decompose  3.26s / — / —  λ=0.8  vb ac_avg
00:55:11 | i 46 | [Phase 2/3] route  65.16s / 61.08s / 106.7%  filo2  k=19
00:55:11 | i 45 | [ ASYNC BG] bg_ails  148.08s / 137.73s / 107.5%
00:55:11 | i 46 | [HAOS ROLL] k=19  λ=0.8  vb  ac_avg  filo2  P≈0.000532
00:55:11 | i 46 | [ Summary ] cost=259004.00  Δ_S*=+3.13%  Δ_BKS=+3.65%  Δ_S*_BKS=+0.50%  no_improve=2
00:55:11 | i 47 | [HAOS ROLL] k=15  λ=0.4  rb  ac_avg  filo  P≈0.000532
00:55:14 | i 47 | [Phase 1/3] decompose  2.37s / — / —  λ=0.4  rb ac_avg
00:56:34 | i 47 | [Phase 2/3] route  80.18s / 52.26s / 153.4%  filo  k=15
00:56:34 | i 46 | [ ASYNC BG] bg_ails  82.18s / 71.91s / 114.3%
00:56:34 | i 47 | [HAOS ROLL] k=15  λ=0.4  rb  ac_avg  filo  P≈0.000532
00:56:34 | i 47 | [ Summary ] cost=254293.00  Δ_S*=+1.26%  Δ_BKS=+1.76%  Δ_S*_BKS=+0.50%  no_improve=4
00:56:34 | i 48 | [HAOS ROLL] k=3  λ=0.4  vb  kmedoids  filo2  P≈0.001269
00:56:37 | i 48 | [Phase 1/3] decompose  3.01s / — / —  λ=0.4  vb kmedoids
00:59:17 | i 48 | [Phase 2/3] route  159.49s / 158.52s / 100.6%  filo2  k=3
00:59:17 | i 47 | [ ASYNC BG] bg_ails  98.10s / 87.70s / 111.9%
00:59:17 | i 48 | [HAOS ROLL] k=3  λ=0.4  vb  kmedoids  filo2  P≈0.001269
00:59:18 | i 48 | [ Summary ] cost=252107.00  Δ_S*=+0.38%  Δ_BKS=+0.89%  Δ_S*_BKS=+0.50%  no_improve=6
00:59:18 | i 49 | [HAOS ROLL] k=3  λ=1.0  vb  ac_complete  ails2  P≈0.002497
00:59:21 | i 49 | [Phase 1/3] decompose  3.20s / — / —  λ=1.0  vb ac_complete
01:02:41 | i 49 | [Phase 2/3] route  200.20s / 196.80s / 101.7%  ails2  k=3
01:02:41 | i 48 | [ ASYNC BG] bg_ails  165.01s / 154.72s / 106.7%
01:02:42 | i 49 | [HAOS ROLL] k=3  λ=1.0  vb  ac_complete  ails2  P≈0.002497
01:02:42 | i 49 | [ Summary ] cost=251746.00  Δ_S*=+0.24%  Δ_BKS=+0.74%  Δ_S*_BKS=+0.50%  no_improve=8
01:02:42 | i 50 | [HAOS ROLL] k=24  λ=1.0  vb  kmeans  ails2  P≈0.000697
01:02:44 | i 50 | [Phase 1/3] decompose  2.37s / — / —  λ=1.0  vb kmeans
01:03:52 | i 50 | [Phase 2/3] route  67.50s / 27.54s / 245.1%  ails2  k=24
01:06:04 | i 49 | [ ASYNC BG] bg_ails  203.30s / 192.08s / 105.8%
01:06:05 | i 50 | [HAOS ROLL] k=24  λ=1.0  vb  kmeans  ails2  P≈0.000697
01:06:05 | i 50 | [ Summary ] cost=258203.00  Δ_S*=+2.81%  Δ_BKS=+3.32%  Δ_S*_BKS=+0.50%  no_improve=10
01:06:05 | i 51 | [HAOS ROLL] k=8  λ=0.4  rb  ac_avg  ails2  P≈0.000769
01:06:07 | i 51 | [Phase 1/3] decompose  2.34s / — / —  λ=0.4  rb ac_avg
01:07:34 | i 51 | [Phase 2/3] route  86.76s / 72.96s / 118.9%  ails2  k=8
01:07:35 | i 51 | [HAOS ROLL] k=8  λ=0.4  rb  ac_avg  ails2  P≈0.000769
01:07:35 | i 51 | [ Summary ] cost=251461.00  Δ_S*=+0.13%  Δ_BKS=+0.63%  Δ_S*_BKS=+0.50%  no_improve=11
01:07:35 | i — | [  FINAL  ] async BG-AILS totals launched=49 applied=49 adopted=2 launch_skipped_cap=2 crashes=0 discarded_in_flight=False block_wait_total_s=1479.0
01:08:05 | i — | [  FINAL  ] async SP/SC totals invocations=5 adopted=3 skipped=1 discarded_in_flight=True sp_busy_frac=0.4524504905365349
01:08:05 | i — | [  FINAL  ] ════════════════════════════════════════
01:08:05 | i — | [  FINAL  ] Run complete  iterations=51  elapsed=02:01:48  best=251141.00
01:08:05 | i — | [  FINAL  ] Δ_BKS=+0.50%  no_improve_stop=False  time_stop=True  cancelled=False
01:08:05 | i — | [  FINAL  ] 
01:08:05 | i — | [  FINAL  ] [BEST SOLUTION — HAOS TAG SUMMARY]
01:08:05 | i — | [  FINAL  ] ────────────────────────────────────────
01:08:05 | i — | [  FINAL  ]   109 routes  rb  kmeans  k=19  λ=0.0  solver=ails2
01:08:05 | i — | [  FINAL  ]   1 routes  rb  ac_complete  k=3  λ=1.0  solver=ails2
01:08:05 | i — | [  FINAL  ]   1 routes  vb  ac_complete  k=19  λ=0.4  solver=filo2
01:08:05 | i — | [  FINAL  ]   1 routes  vb  ac_complete  k=4  λ=0.8  solver=ails2
01:08:05 | i — | [  FINAL  ]   1 routes  rb  ac_avg  k=15  λ=0.4  solver=filo
01:08:05 | i — | [  FINAL  ]   1 routes  vb  kmeans  k=6  λ=0.4  solver=filo2
01:08:05 | i — | [  FINAL  ]   1 routes  vb  kmeans  k=12  λ=1.0  solver=filo
01:08:05 | i — | [  FINAL  ]   1 routes  vb  kmeans  k=3  λ=0.4  solver=filo
01:08:05 | i — | [  FINAL  ]   1 routes  vb  kmedoids  k=6  λ=0.2  solver=ails2
01:08:05 | i — | [  FINAL  ]   174 routes  post-SP/SC improvement
01:08:05 | i — | [  FINAL  ] 
01:08:05 | i — | [  FINAL  ] [ROUTE POOL — HAOS TAG SUMMARY]
01:08:05 | i — | [  FINAL  ] ────────────────────────────────────────
01:08:05 | i — | [  FINAL  ]   742 routes  rb  ac_avg  k=15  λ=0.4  solver=filo
01:08:05 | i — | [  FINAL  ]   582 routes  vb  ac_avg  k=19  λ=0.8  solver=filo2
01:08:05 | i — | [  FINAL  ]   574 routes  vb  kmedoids  k=3  λ=0.4  solver=filo2
01:08:05 | i — | [  FINAL  ]   570 routes  vb  ac_complete  k=3  λ=1.0  solver=ails2
01:08:05 | i — | [  FINAL  ]   446 routes  vb  fcm  k=19  λ=0.8  solver=pyvrp
01:08:05 | i — | [  FINAL  ]   427 routes  vb  ac_complete  k=12  λ=1.0  solver=filo
01:08:05 | i — | [  FINAL  ]   371 routes  vb  ac_avg  k=4  λ=0.6  solver=filo
01:08:05 | i — | [  FINAL  ]   365 routes  rb  kmeans  k=6  λ=0.6  solver=filo2
01:08:05 | i — | [  FINAL  ]   358 routes  vb  fcm  k=12  λ=1.0  solver=filo
01:08:05 | i — | [  FINAL  ]   319 routes  vb  fcm  k=19  λ=0.4  solver=ails2
01:08:05 | i — | [  FINAL  ]   306 routes  vb  ac_complete  k=12  λ=0.2  solver=ails2
01:08:05 | i — | [  FINAL  ]   305 routes  rb  ac_complete  k=4  λ=0.0  solver=pyvrp
01:08:05 | i — | [  FINAL  ]   298 routes  vb  kmeans  k=24  λ=1.0  solver=ails2
01:08:05 | i — | [  FINAL  ]   277 routes  rb  ac_avg  k=8  λ=0.4  solver=ails2
01:08:05 | i — | [  FINAL  ]   253 routes  vb  fcm  k=6  λ=0.4  solver=ails2
01:08:05 | i — | [  FINAL  ]   249 routes  rb  ac_complete  k=12  λ=0.4  solver=filo
01:08:05 | i — | [  FINAL  ]   231 routes  rb  ac_complete  k=3  λ=0.4  solver=filo2
01:08:05 | i — | [  FINAL  ]   228 routes  rb  kmeans  k=2  λ=0.2  solver=ails2
01:08:05 | i — | [  FINAL  ]   204 routes  vb  ac_complete  k=2  λ=1.0  solver=filo
01:08:05 | i — | [  FINAL  ]   186 routes  vb  kmeans  k=2  λ=0.6  solver=filo2
01:08:05 | i — | [  FINAL  ]   173 routes  vb  ac_complete  k=19  λ=0.6  solver=pyvrp
01:08:05 | i — | [  FINAL  ]   170 routes  vb  kmeans  k=6  λ=0.4  solver=filo2
01:08:05 | i — | [  FINAL  ]   168 routes  rb  kmeans  k=19  λ=0.0  solver=ails2
01:08:05 | i — | [  FINAL  ]   163 routes  rb  kmeans  k=10  λ=0.0  solver=ails2
01:08:05 | i — | [  FINAL  ]   158 routes  vb  fcm  k=19  λ=0.8  solver=ails2
01:08:05 | i — | [  FINAL  ]   147 routes  vb  ac_avg  k=3  λ=0.8  solver=filo2
01:08:05 | i — | [  FINAL  ]   144 routes  vb  ac_complete  k=19  λ=0.4  solver=filo2
01:08:05 | i — | [  FINAL  ]   131 routes  vb  ac_avg  k=12  λ=1.0  solver=filo
01:08:05 | i — | [  FINAL  ]   131 routes  vb  kmedoids  k=10  λ=0.6  solver=ails2
01:08:05 | i — | [  FINAL  ]   129 routes  vb  fcm  k=8  λ=0.4  solver=filo2
01:08:05 | i — | [  FINAL  ]   125 routes  vb  ac_complete  k=3  λ=0.8  solver=ails2
01:08:05 | i — | [  FINAL  ]   101 routes  rb  kmeans  k=2  λ=0.0  solver=filo
01:08:05 | i — | [  FINAL  ]   96 routes  vb  ac_avg  k=19  λ=0.8  solver=ails2
01:08:05 | i — | [  FINAL  ]   92 routes  vb  kmeans  k=8  λ=0.0  solver=ails2
01:08:05 | i — | [  FINAL  ]   84 routes  vb  ac_complete  k=4  λ=0.8  solver=ails2
01:08:05 | i — | [  FINAL  ]   69 routes  vb  ac_complete  k=19  λ=1.0  solver=ails2
01:08:05 | i — | [  FINAL  ]   67 routes  vb  ac_complete  k=12  λ=0.6  solver=ails2
01:08:05 | i — | [  FINAL  ]   65 routes  vb  kmedoids  k=6  λ=0.2  solver=ails2
01:08:05 | i — | [  FINAL  ]   59 routes  vb  fcm  k=2  λ=0.6  solver=ails2
01:08:05 | i — | [  FINAL  ]   18 routes  rb  ac_complete  k=3  λ=1.0  solver=ails2
01:08:05 | i — | [  FINAL  ]   11 routes  vb  kmedoids  k=10  λ=0.4  solver=pyvrp
01:08:05 | i — | [  FINAL  ]   5 routes  vb  kmeans  k=12  λ=1.0  solver=filo
01:08:05 | i — | [  FINAL  ]   5 routes  vb  kmeans  k=3  λ=0.4  solver=filo
01:08:05 | i — | [  FINAL  ]   4 routes  rb  kmeans  k=12  λ=1.0  solver=filo2
01:08:05 | i — | [  FINAL  ]   4 routes  vb  kmedoids  k=12  λ=0.6  solver=filo
01:08:05 | i — | [  FINAL  ]   4 routes  rb  kmeans  k=24  λ=0.4  solver=filo
01:08:05 | i — | [  FINAL  ]   4 routes  rb  ac_complete  k=2  λ=0.2  solver=ails2
01:08:05 | i — | [  FINAL  ]   1 routes  rb  ac_complete  k=8  λ=0.6  solver=filo
01:08:05 | i — | [  FINAL  ]   1 routes  vb  kmedoids  k=4  λ=0.8  solver=filo2
01:08:05 | i — | [  FINAL  ]   380 routes  post-SP/SC improvement
01:08:05 | i — | [  FINAL  ] ════════════════════════════════════════
