06:01:31 | i — | [  INIT   ] ════════════════════════════════════════
06:01:31 | i — | [  INIT   ] DRISPI  instance=X-n5061-k184  n=5060  capacity=206
06:01:31 | i — | [  INIT   ] k domain (computed at init): [2, 3, 4, 6, 8, 10, 12, 14, 17, 20]  k_ext=20  k_min=184  k_ext_bound=n_bound  spacing_rejected=0
06:01:31 | i — | [  INIT   ] ══════════════════════════════════════════════════════
06:01:31 | i — | [  INIT   ] CONFIGURATION
06:01:31 | i — | [  INIT   ] ── stopping ────────────────────────────────
06:01:31 | i — | [  INIT   ]   time_limit                  = 7200.0
06:01:31 | i — | [  INIT   ]   max_no_improve              = 1000000000
06:01:31 | i — | [  INIT   ] ── parallelism ─────────────────────────────
06:01:31 | i — | [  INIT   ]   n_workers                   = 8
06:01:31 | i — | [  INIT   ] ── cores ───────────────────────────────────
06:01:31 | i — | [  INIT   ]   cores_total                 = 8
06:01:31 | i — | [  INIT   ]   cores_dri                   = 6
06:01:31 | i — | [  INIT   ]   cores_bg                    = 1
06:01:31 | i — | [  INIT   ]   cores_sp                    = 1
06:01:31 | i — | [  INIT   ]   cores_cpu_list              = None
06:01:31 | i — | [  INIT   ] ── sp/sc ───────────────────────────────────
06:01:31 | i — | [  INIT   ]   sp_sc_mode                  = async
06:01:31 | i — | [  INIT   ]   sp_sc_trigger               = wallclock
06:01:31 | i — | [  INIT   ]   interval_minutes            = 20.0
06:01:31 | i — | [  INIT   ]   overlap_policy              = skip
06:01:31 | i — | [  INIT   ]   warmup_iterations           = 5
06:01:31 | i — | [  INIT   ]   sp_interval                 = 3
06:01:31 | i — | [  INIT   ]   min_coverage                = 5
06:01:31 | i — | [  INIT   ]   sp_time_limit               = 720.0
06:01:31 | i — | [  INIT   ]   mip_gap                     = 0.00025
06:01:31 | i — | [  INIT   ] ── decomposition ───────────────────────────
06:01:31 | i — | [  INIT   ]   decomp_k_base_arms          = [2, 3, 4, 6, 8, 10, 12]
06:01:31 | i — | [  INIT   ]   decomp_k_max_arms           = 10
06:01:31 | i — | [  INIT   ]   decomp_k_ext_per_1000       = 4
06:01:31 | i — | [  INIT   ]   decomp_k_min_routes_per_cluster= 8
06:01:31 | i — | [  INIT   ]   decomp_k_min_arm_spacing    = 2
06:01:31 | i — | [  INIT   ]   subcluster_rate_s_per_customer= 0.06
06:01:31 | i — | [  INIT   ]   subcluster_floor_s          = 5.0
06:01:31 | i — | [  INIT   ] ── bg_ails ─────────────────────────────────
06:01:31 | i — | [  INIT   ]   bg_ails_mode                = async
06:01:31 | i — | [  INIT   ]   bg_ails_crash_threshold     = 1
06:01:31 | i — | [  INIT   ]   bg_ails_budget_mode         = predicted_dr_wall
06:01:31 | i — | [  INIT   ]   bg_ails_budget_floor_s      = 60.0
06:01:31 | i — | [  INIT   ]   bg_ails_budget_margin       = 1.0
06:01:31 | i — | [  INIT   ]   bg_ails_wall_model_scale    = 0.976
06:01:31 | i — | [  INIT   ]   bg_ails_wall_model_wave_exponent= -0.18
06:01:31 | i — | [  INIT   ]   bg_ails_initial_omega       = 10
06:01:31 | i — | [  INIT   ]   bg_ails_boundary_threshold  = 0.5
06:01:31 | i — | [  INIT   ]   bg_ails_small_cluster_cap   = 20
06:01:31 | i — | [  INIT   ]   bg_ails_small_cluster_alpha = 0.5
06:01:31 | i — | [  INIT   ]   bg_ails_pair_selection      = greedy
06:01:31 | i — | [  INIT   ]   bg_ails_n_chains_mode       = k
06:01:31 | i — | [  INIT   ]   bg_ails_unique_first_routes = True
06:01:31 | i — | [  INIT   ]   bg_ails_boundary_mask_first_ls= True
06:01:31 | i — | [  INIT   ] ── standard_improvement ────────────────────
06:01:31 | i — | [  INIT   ]   standard_improvement_time_limit= 360.0
06:01:31 | i — | [  INIT   ] ── pool ────────────────────────────────────
06:01:31 | i — | [  INIT   ]   max_pool_size               = 10000
06:01:31 | i — | [  INIT   ]   pool_diversity_weight       = 0.5
06:01:31 | i — | [  INIT   ] ── haos ────────────────────────────────────
06:01:31 | i — | [  INIT   ]   haos_decay                  = 0.95
06:01:31 | i — | [  INIT   ]   haos_warmup                 = 10
06:01:31 | i — | [  INIT   ]   haos_starting_weight        = 10.0
06:01:31 | i — | [  INIT   ]   haos_min_weight_k           = 0.025
06:01:31 | i — | [  INIT   ]   haos_min_weight_lambda      = 0.05
06:01:31 | i — | [  INIT   ]   haos_min_weight_paradigm    = 0.1
06:01:31 | i — | [  INIT   ]   haos_min_weight_vertex_method= 0.05
06:01:31 | i — | [  INIT   ]   haos_min_weight_route_method= 0.05
06:01:31 | i — | [  INIT   ]   haos_min_weight_solver      = 0.05
06:01:31 | i — | [  INIT   ]   haos_lambda_demand_values   = [0.0, 0.2, 0.4, 0.6, 0.8, 1.0]
06:01:31 | i — | [  INIT   ]   haos_paradigm_values        = ['vertex', 'route']
06:01:31 | i — | [  INIT   ]   haos_vertex_method_values   = ['kmeans', 'agglomerative_avg', 'agglomerative_complete', 'kmedoids', 'fcm']
06:01:31 | i — | [  INIT   ]   haos_route_method_values    = ['kmeans', 'agglomerative_avg', 'agglomerative_complete']
06:01:31 | i — | [  INIT   ]   haos_solver_values          = ['pyvrp', 'filo', 'filo2', 'ails2']
06:01:31 | i — | [  INIT   ] ── haos_rewards ────────────────────────────
06:01:31 | i — | [  INIT   ]   haos_reward_new_best        = 10.0
06:01:31 | i — | [  INIT   ]   haos_reward_improvement     = 4.0
06:01:31 | i — | [  INIT   ]   haos_reward_no_improvement  = 1.0
06:01:31 | i — | [  INIT   ]   haos_reward_no_solution     = 0.0
06:01:31 | i — | [  INIT   ]   haos_deferred_new_best      = 7.0
06:01:31 | i — | [  INIT   ]   haos_deferred_improvement   = 3.0
06:01:31 | i — | [  INIT   ]   haos_deferred_no_improvement= 0.0
06:01:31 | i — | [  INIT   ] ── seed ────────────────────────────────────
06:01:31 | i — | [  INIT   ]   seed                        = 33
06:01:31 | i — | [  INIT   ] ── output ──────────────────────────────────
06:01:31 | i — | [  INIT   ]   output_dir                  = /app/artifacts/benchmark/X-n5061-k184/seed33
06:01:31 | i — | [  INIT   ]   run_analysis                = False
06:01:31 | i — | [  INIT   ] ══════════════════════════════════════════════════════
06:01:31 | i — | [  INIT   ] BKS=161480.00
06:01:31 | i — | [  INIT   ] ════════════════════════════════════════
06:01:31 | i 1 | [HAOS ROLL] k=17  λ=0.6  vb  kmeans  ails2  P≈0.000417
06:01:35 | i 1 | [Phase 1/3] decompose  4.43s / — / —  λ=0.6  vb kmeans
06:02:39 | i 1 | [Phase 2/3] route  63.30s / 31.56s / 200.6%  ails2  k=17
06:02:39 | i 1 | [ IMPROVE ] 169646.00  via decompose_route  ·  Δ_BKS=+5.06%
06:02:39 | i 1 | [HAOS ROLL] k=17  λ=0.6  vb  kmeans  ails2  P≈0.000417
06:02:39 | i 1 | [ Summary ] cost=169646.00  Δ_S*=+0.00%  Δ_BKS=+5.06%  Δ_S*_BKS=+5.06%  no_improve=0
06:02:39 | i 2 | [HAOS ROLL] k=10  λ=0.6  vb  kmeans  filo  P≈0.000417
06:02:40 | i 2 | [Phase 1/3] decompose  1.44s / — / —  λ=0.6  vb kmeans
06:03:44 | i 2 | [Phase 2/3] route  64.16s / 45.72s / 140.3%  filo  k=10
06:03:58 | i 1 | [ IMPROVE ] 162941.00  via bg_ails  ·  Δ_BKS=+0.90%
06:03:58 | i 1 | [ ASYNC BG] bg_ails  78.87s / 71.26s / 110.7%
06:03:58 | i 2 | [HAOS ROLL] k=10  λ=0.6  vb  kmeans  filo  P≈0.000417
06:03:58 | i 2 | [ Summary ] cost=165179.00  Δ_S*=+1.37%  Δ_BKS=+2.29%  Δ_S*_BKS=+0.90%  no_improve=1
06:03:58 | i 3 | [HAOS ROLL] k=2  λ=0.4  rb  ac_avg  pyvrp  P≈0.000694
06:03:59 | i 3 | [Phase 1/3] decompose  1.48s / — / —  λ=0.4  rb ac_avg
06:08:20 | i 3 | [Phase 2/3] route  261.06s / 230.10s / 113.5%  pyvrp  k=2
06:08:20 | i 2 | [ IMPROVE ] 162733.00  via bg_ails  ·  Δ_BKS=+0.78%
06:08:20 | i 2 | [ ASYNC BG] bg_ails  80.68s / 73.14s / 110.3%
06:08:20 | i 3 | [HAOS ROLL] k=2  λ=0.4  rb  ac_avg  pyvrp  P≈0.000694
06:08:20 | i 3 | [ Summary ] cost=164799.00  Δ_S*=+1.27%  Δ_BKS=+2.06%  Δ_S*_BKS=+0.78%  no_improve=1
06:08:20 | i 4 | [HAOS ROLL] k=14  λ=0.6  vb  ac_avg  filo2  P≈0.000417
06:08:23 | i 4 | [Phase 1/3] decompose  2.25s / — / —  λ=0.6  vb ac_avg
06:09:51 | i 4 | [Phase 2/3] route  88.20s / 88.38s / 99.8%  filo2  k=14
06:12:12 | i 3 | [ IMPROVE ] 162154.00  via bg_ails  ·  Δ_BKS=+0.42%
06:12:12 | i 3 | [ ASYNC BG] bg_ails  231.57s / 224.58s / 103.1%
06:12:12 | i 4 | [HAOS ROLL] k=14  λ=0.6  vb  ac_avg  filo2  P≈0.000417
06:12:12 | i 4 | [ Summary ] cost=166388.00  Δ_S*=+2.61%  Δ_BKS=+3.04%  Δ_S*_BKS=+0.42%  no_improve=1
06:12:12 | i 5 | [HAOS ROLL] k=3  λ=0.6  vb  ac_avg  filo  P≈0.000417
06:12:14 | i 5 | [Phase 1/3] decompose  2.17s / — / —  λ=0.6  vb ac_avg
06:15:06 | i 5 | [Phase 2/3] route  171.46s / 171.06s / 100.2%  filo  k=3
06:15:06 | i 4 | [ ASYNC BG] bg_ails  138.68s / 131.57s / 105.4%
06:15:06 | i 5 | [HAOS ROLL] k=3  λ=0.6  vb  ac_avg  filo  P≈0.000417
06:15:06 | i 5 | [ Summary ] cost=163019.00  Δ_S*=+0.53%  Δ_BKS=+0.95%  Δ_S*_BKS=+0.42%  no_improve=3
06:15:06 | i 6 | [HAOS ROLL] k=17  λ=0.6  rb  kmeans  filo  P≈0.000694
06:15:07 | i 6 | [Phase 1/3] decompose  1.43s / — / —  λ=0.6  rb kmeans
06:16:10 | i 6 | [Phase 2/3] route  63.13s / 32.94s / 191.7%  filo  k=17
06:17:59 | i 5 | [ ASYNC BG] bg_ails  173.63s / 166.95s / 104.0%
06:17:59 | i 6 | [HAOS ROLL] k=17  λ=0.6  rb  kmeans  filo  P≈0.000694
06:17:59 | i 6 | [ Summary ] cost=164723.00  Δ_S*=+1.58%  Δ_BKS=+2.01%  Δ_S*_BKS=+0.42%  no_improve=5
06:17:59 | i 7 | [HAOS ROLL] k=17  λ=0.8  vb  fcm  filo2  P≈0.000417
06:18:01 | i 7 | [Phase 1/3] decompose  1.95s / — / —  λ=0.8  vb fcm
06:19:05 | i 7 | [Phase 2/3] route  64.12s / 24.78s / 258.8%  filo2  k=17
06:19:15 | i 6 | [ ASYNC BG] bg_ails  76.02s / 68.86s / 110.4%
06:19:15 | i 7 | [HAOS ROLL] k=17  λ=0.8  vb  fcm  filo2  P≈0.000417
06:19:15 | i 7 | [ Summary ] cost=167913.00  Δ_S*=+3.55%  Δ_BKS=+3.98%  Δ_S*_BKS=+0.42%  no_improve=7
06:19:15 | i 8 | [HAOS ROLL] k=17  λ=0.2  rb  kmeans  filo  P≈0.000694
06:19:17 | i 8 | [Phase 1/3] decompose  1.50s / — / —  λ=0.2  rb kmeans
06:20:22 | i 8 | [Phase 2/3] route  65.16s / 36.30s / 179.5%  filo  k=17
06:20:23 | i 7 | [ ASYNC BG] bg_ails  67.94s / 60.00s / 113.2%
06:20:23 | i 8 | [HAOS ROLL] k=17  λ=0.2  rb  kmeans  filo  P≈0.000694
06:20:23 | i 8 | [ Summary ] cost=164039.00  Δ_S*=+1.16%  Δ_BKS=+1.58%  Δ_S*_BKS=+0.42%  no_improve=9
06:20:23 | i 9 | [HAOS ROLL] k=10  λ=0.2  vb  ac_avg  filo  P≈0.000417
06:20:25 | i 9 | [Phase 1/3] decompose  2.20s / — / —  λ=0.2  vb ac_avg
06:22:09 | i 9 | [Phase 2/3] route  103.25s / 98.04s / 105.3%  filo  k=10
06:22:09 | i 8 | [ ASYNC BG] bg_ails  78.96s / 71.89s / 109.8%
06:22:09 | i 9 | [HAOS ROLL] k=10  λ=0.2  vb  ac_avg  filo  P≈0.000417
06:22:09 | i 9 | [ Summary ] cost=165449.00  Δ_S*=+2.03%  Δ_BKS=+2.46%  Δ_S*_BKS=+0.42%  no_improve=11
06:22:09 | i 10 | [HAOS ROLL] k=6  λ=0.8  rb  ac_complete  filo2  P≈0.000694
06:22:10 | i 10 | [Phase 1/3] decompose  1.53s / — / —  λ=0.8  rb ac_complete
06:23:31 | i 10 | [Phase 2/3] route  80.22s / 79.80s / 100.5%  filo2  k=6
06:24:51 | i 9 | [ ASYNC BG] bg_ails  162.67s / 154.92s / 105.0%
06:24:51 | i 10 | [HAOS ROLL] k=6  λ=0.8  rb  ac_complete  filo2  P≈0.000694
06:24:51 | i 10 | [ Summary ] cost=162523.00  Δ_S*=+0.23%  Δ_BKS=+0.65%  Δ_S*_BKS=+0.42%  no_improve=13
06:24:51 | i 6 | [ASYNC 1/2] sp_sc  1.05s / 720.00s / 0.1%  SP  avg_coverage=10.73/5  pool=2005
06:24:51 | i 6 | [ASYNC 2/2] standard_ails  366.26s / 360.00s / 101.7%
06:24:58 | i 6 | [ IMPROVE ] 162146.00  via standard_ails  ·  Δ_BKS=+0.41%
06:24:58 | i 11 | [HAOS ROLL] k=12  λ=0.0  rb  ac_avg  pyvrp  P≈0.000694
06:24:59 | i 11 | [Phase 1/3] decompose  1.05s / — / —  λ=0.0  rb ac_avg
06:26:17 | i 11 | [Phase 2/3] route  77.11s / 63.12s / 122.2%  pyvrp  k=12
06:26:17 | i 10 | [ ASYNC BG] bg_ails  84.62s / 77.88s / 108.6%
06:26:17 | i 11 | [HAOS ROLL] k=12  λ=0.0  rb  ac_avg  pyvrp  P≈0.000694
06:26:17 | i 11 | [ Summary ] cost=163976.00  Δ_S*=+1.13%  Δ_BKS=+1.55%  Δ_S*_BKS=+0.41%  no_improve=2
06:26:17 | i 12 | [HAOS ROLL] k=4  λ=0.6  rb  kmeans  pyvrp  P≈0.001661
06:26:18 | i 12 | [Phase 1/3] decompose  1.44s / — / —  λ=0.6  rb kmeans
06:27:52 | i 12 | [Phase 2/3] route  94.21s / 89.04s / 105.8%  pyvrp  k=4
06:28:12 | i 11 | [ ASYNC BG] bg_ails  115.36s / 108.55s / 106.3%
06:28:12 | i 12 | [HAOS ROLL] k=4  λ=0.6  rb  kmeans  pyvrp  P≈0.001661
06:28:12 | i 12 | [ Summary ] cost=165637.00  Δ_S*=+2.15%  Δ_BKS=+2.57%  Δ_S*_BKS=+0.41%  no_improve=4
06:28:12 | i 13 | [HAOS ROLL] k=8  λ=0.6  vb  kmeans  filo  P≈0.000275
06:28:13 | i 13 | [Phase 1/3] decompose  1.43s / — / —  λ=0.6  vb kmeans
06:29:29 | i 13 | [Phase 2/3] route  75.15s / 54.30s / 138.4%  filo  k=8
06:29:46 | i 12 | [ ASYNC BG] bg_ails  93.66s / 86.90s / 107.8%
06:29:46 | i 13 | [HAOS ROLL] k=8  λ=0.6  vb  kmeans  filo  P≈0.000275
06:29:46 | i 13 | [ Summary ] cost=164899.00  Δ_S*=+1.70%  Δ_BKS=+2.12%  Δ_S*_BKS=+0.41%  no_improve=6
06:29:46 | i 14 | [HAOS ROLL] k=10  λ=0.6  rb  ac_avg  pyvrp  P≈0.002609
06:29:47 | i 14 | [Phase 1/3] decompose  1.47s / — / —  λ=0.6  rb ac_avg
06:31:08 | i 14 | [Phase 2/3] route  80.66s / 76.56s / 105.4%  pyvrp  k=10
06:31:26 | i 13 | [ ASYNC BG] bg_ails  100.21s / 92.42s / 108.4%
06:31:26 | i 14 | [HAOS ROLL] k=10  λ=0.6  rb  ac_avg  pyvrp  P≈0.002609
06:31:26 | i 14 | [ Summary ] cost=164417.00  Δ_S*=+1.40%  Δ_BKS=+1.82%  Δ_S*_BKS=+0.41%  no_improve=8
06:31:26 | i 15 | [HAOS ROLL] k=10  λ=1.0  vb  kmeans  ails2  P≈0.000146
06:31:27 | i 15 | [Phase 1/3] decompose  1.45s / — / —  λ=1.0  vb kmeans
06:32:36 | i 15 | [Phase 2/3] route  68.99s / 47.10s / 146.5%  ails2  k=10
06:33:34 | i 14 | [ ASYNC BG] bg_ails  127.91s / 120.13s / 106.5%
06:33:34 | i 15 | [HAOS ROLL] k=10  λ=1.0  vb  kmeans  ails2  P≈0.000146
06:33:34 | i 15 | [ Summary ] cost=164830.00  Δ_S*=+1.66%  Δ_BKS=+2.07%  Δ_S*_BKS=+0.41%  no_improve=10
06:33:34 | i 16 | [HAOS ROLL] k=20  λ=0.2  rb  kmeans  filo  P≈0.000693
06:33:35 | i 16 | [Phase 1/3] decompose  1.45s / — / —  λ=0.2  rb kmeans
06:34:34 | i 16 | [Phase 2/3] route  59.13s / 26.40s / 224.0%  filo  k=20
06:34:54 | i 15 | [ ASYNC BG] bg_ails  79.92s / 72.57s / 110.1%
06:34:54 | i 16 | [HAOS ROLL] k=20  λ=0.2  rb  kmeans  filo  P≈0.000693
06:34:54 | i 16 | [ Summary ] cost=164150.00  Δ_S*=+1.24%  Δ_BKS=+1.65%  Δ_S*_BKS=+0.41%  no_improve=12
06:34:54 | i 17 | [HAOS ROLL] k=4  λ=0.8  vb  ac_avg  filo2  P≈0.000112
06:34:56 | i 17 | [Phase 1/3] decompose  2.23s / — / —  λ=0.8  vb ac_avg
06:37:00 | i 17 | [Phase 2/3] route  124.29s / 124.08s / 100.2%  filo2  k=4
06:37:00 | i 16 | [ ASYNC BG] bg_ails  75.76s / 68.35s / 110.8%
06:37:00 | i 17 | [HAOS ROLL] k=4  λ=0.8  vb  ac_avg  filo2  P≈0.000112
06:37:00 | i 17 | [ Summary ] cost=163146.00  Δ_S*=+0.62%  Δ_BKS=+1.03%  Δ_S*_BKS=+0.41%  no_improve=14
06:37:00 | i 18 | [HAOS ROLL] k=14  λ=0.4  rb  kmeans  filo2  P≈0.000494
06:37:02 | i 18 | [Phase 1/3] decompose  1.51s / — / —  λ=0.4  rb kmeans
06:38:05 | i 18 | [Phase 2/3] route  63.14s / 35.88s / 176.0%  filo2  k=14
06:39:10 | i 17 | [ ASYNC BG] bg_ails  129.51s / 121.10s / 106.9%
06:39:10 | i 18 | [HAOS ROLL] k=14  λ=0.4  rb  kmeans  filo2  P≈0.000494
06:39:10 | i 18 | [ Summary ] cost=163533.00  Δ_S*=+0.86%  Δ_BKS=+1.27%  Δ_S*_BKS=+0.41%  no_improve=16
06:39:10 | i 19 | [HAOS ROLL] k=20  λ=0.0  rb  kmeans  filo2  P≈0.000715
06:39:11 | i 19 | [Phase 1/3] decompose  1.12s / — / —  λ=0.0  rb kmeans
06:40:08 | i 19 | [Phase 2/3] route  57.15s / 31.50s / 181.4%  filo2  k=20
06:40:37 | i 18 | [ ASYNC BG] bg_ails  87.15s / 79.29s / 109.9%
06:40:37 | i 19 | [HAOS ROLL] k=20  λ=0.0  rb  kmeans  filo2  P≈0.000715
06:40:37 | i 19 | [ Summary ] cost=162750.00  Δ_S*=+0.37%  Δ_BKS=+0.79%  Δ_S*_BKS=+0.41%  no_improve=18
06:40:37 | i 20 | [HAOS ROLL] k=12  λ=0.6  rb  kmeans  filo  P≈0.001712
06:40:39 | i 20 | [Phase 1/3] decompose  1.48s / — / —  λ=0.6  rb kmeans
06:41:43 | i 20 | [Phase 2/3] route  64.16s / 46.32s / 138.5%  filo  k=12
06:41:48 | i 19 | [ ASYNC BG] bg_ails  70.88s / 63.97s / 110.8%
06:41:48 | i 20 | [HAOS ROLL] k=12  λ=0.6  rb  kmeans  filo  P≈0.001712
06:41:48 | i 20 | [ Summary ] cost=165620.00  Δ_S*=+2.14%  Δ_BKS=+2.56%  Δ_S*_BKS=+0.41%  no_improve=20
06:41:48 | i 21 | [HAOS ROLL] k=12  λ=0.6  rb  kmeans  filo  P≈0.001987
06:41:49 | i 21 | [Phase 1/3] decompose  1.47s / — / —  λ=0.6  rb kmeans
06:42:54 | i 21 | [Phase 2/3] route  64.16s / 41.34s / 155.2%  filo  k=12
06:43:01 | i 20 | [ ASYNC BG] bg_ails  72.85s / 65.65s / 111.0%
06:43:01 | i 21 | [HAOS ROLL] k=12  λ=0.6  rb  kmeans  filo  P≈0.001987
06:43:01 | i 21 | [ Summary ] cost=163755.00  Δ_S*=+0.99%  Δ_BKS=+1.41%  Δ_S*_BKS=+0.41%  no_improve=22
06:43:01 | i 22 | [HAOS ROLL] k=10  λ=0.0  rb  kmeans  pyvrp  P≈0.001776
06:43:02 | i 22 | [Phase 1/3] decompose  1.19s / — / —  λ=0.0  rb kmeans
06:44:07 | i 22 | [Phase 2/3] route  64.84s / 51.18s / 126.7%  pyvrp  k=10
06:44:13 | i 21 | [ ASYNC BG] bg_ails  72.68s / 64.20s / 113.2%
06:44:14 | i 22 | [HAOS ROLL] k=10  λ=0.0  rb  kmeans  pyvrp  P≈0.001776
06:44:14 | i 22 | [ Summary ] cost=163904.00  Δ_S*=+1.08%  Δ_BKS=+1.50%  Δ_S*_BKS=+0.41%  no_improve=24
06:44:14 | i 23 | [HAOS ROLL] k=8  λ=0.6  rb  kmeans  filo  P≈0.003789
06:44:15 | i 23 | [Phase 1/3] decompose  1.60s / — / —  λ=0.6  rb kmeans
06:45:15 | i 23 | [Phase 2/3] route  60.17s / 51.24s / 117.4%  filo  k=8
06:45:38 | i 22 | [ ASYNC BG] bg_ails  84.39s / 76.76s / 109.9%
06:45:38 | i 23 | [HAOS ROLL] k=8  λ=0.6  rb  kmeans  filo  P≈0.003789
06:45:38 | i 23 | [ Summary ] cost=164239.00  Δ_S*=+1.29%  Δ_BKS=+1.71%  Δ_S*_BKS=+0.41%  no_improve=26
06:45:38 | i 24 | [HAOS ROLL] k=12  λ=0.0  rb  ac_complete  pyvrp  P≈0.000935
06:45:39 | i 24 | [Phase 1/3] decompose  1.15s / — / —  λ=0.0  rb ac_complete
06:46:48 | i 24 | [Phase 2/3] route  68.75s / 59.52s / 115.5%  pyvrp  k=12
06:47:09 | i 23 | [ ASYNC BG] bg_ails  90.70s / 82.14s / 110.4%
06:47:09 | i 24 | [HAOS ROLL] k=12  λ=0.0  rb  ac_complete  pyvrp  P≈0.000935
06:47:09 | i 24 | [ Summary ] cost=164074.00  Δ_S*=+1.19%  Δ_BKS=+1.61%  Δ_S*_BKS=+0.41%  no_improve=28
06:47:09 | i 25 | [HAOS ROLL] k=20  λ=0.8  vb  kmeans  filo  P≈0.000228
06:47:10 | i 25 | [Phase 1/3] decompose  1.66s / — / —  λ=0.8  vb kmeans
06:48:10 | i 25 | [Phase 2/3] route  59.16s / 28.14s / 210.2%  filo  k=20
06:48:32 | i 24 | [ ASYNC BG] bg_ails  83.26s / 75.73s / 110.0%
06:48:32 | i 25 | [HAOS ROLL] k=20  λ=0.8  vb  kmeans  filo  P≈0.000228
06:48:32 | i 25 | [ Summary ] cost=169091.00  Δ_S*=+4.28%  Δ_BKS=+4.71%  Δ_S*_BKS=+0.41%  no_improve=30
06:48:32 | i 26 | [HAOS ROLL] k=12  λ=0.4  rb  kmeans  filo2  P≈0.001954
06:48:33 | i 26 | [Phase 1/3] decompose  1.47s / — / —  λ=0.4  rb kmeans
06:49:41 | i 26 | [Phase 2/3] route  67.16s / 50.94s / 131.8%  filo2  k=12
06:49:43 | i 25 | [ ASYNC BG] bg_ails  70.92s / 63.15s / 112.3%
06:49:43 | i 26 | [HAOS ROLL] k=12  λ=0.4  rb  kmeans  filo2  P≈0.001954
06:49:43 | i 26 | [ Summary ] cost=164204.00  Δ_S*=+1.27%  Δ_BKS=+1.69%  Δ_S*_BKS=+0.41%  no_improve=32
06:49:43 | i 18 | [ASYNC 1/2] sp_sc  261.25s / 720.00s / 36.3%  SP  avg_coverage=34.43/5  pool=6396
06:49:43 | i 18 | [ASYNC 2/2] standard_ails  366.09s / 360.00s / 101.7%
06:50:33 | i 18 | [ IMPROVE ] 162023.00  via standard_ails  ·  Δ_BKS=+0.34%
06:50:33 | i 27 | [HAOS ROLL] k=14  λ=0.8  rb  ac_complete  pyvrp  P≈0.000554
06:50:34 | i 27 | [Phase 1/3] decompose  1.39s / — / —  λ=0.8  rb ac_complete
06:51:41 | i 27 | [Phase 2/3] route  66.22s / 46.08s / 143.7%  pyvrp  k=14
06:51:41 | i 26 | [ ASYNC BG] bg_ails  88.08s / 80.84s / 109.0%
06:51:41 | i 27 | [HAOS ROLL] k=14  λ=0.8  rb  ac_complete  pyvrp  P≈0.000554
06:51:41 | i 27 | [ Summary ] cost=163334.00  Δ_S*=+0.81%  Δ_BKS=+1.15%  Δ_S*_BKS=+0.34%  no_improve=2
06:51:41 | i 28 | [HAOS ROLL] k=20  λ=0.0  rb  kmeans  filo  P≈0.003102
06:51:42 | i 28 | [Phase 1/3] decompose  1.08s / — / —  λ=0.0  rb kmeans
06:52:46 | i 28 | [Phase 2/3] route  64.29s / 26.10s / 246.3%  filo  k=20
06:53:08 | i 27 | [ ASYNC BG] bg_ails  87.03s / 79.14s / 110.0%
06:53:08 | i 28 | [HAOS ROLL] k=20  λ=0.0  rb  kmeans  filo  P≈0.003102
06:53:08 | i 28 | [ Summary ] cost=163029.00  Δ_S*=+0.62%  Δ_BKS=+0.96%  Δ_S*_BKS=+0.34%  no_improve=4
06:53:08 | i 29 | [HAOS ROLL] k=6  λ=0.0  rb  kmeans  filo2  P≈0.001808
06:53:09 | i 29 | [Phase 1/3] decompose  1.08s / — / —  λ=0.0  rb kmeans
06:54:10 | i 29 | [Phase 2/3] route  61.16s / 61.14s / 100.0%  filo2  k=6
06:54:22 | i 28 | [ ASYNC BG] bg_ails  74.37s / 67.62s / 110.0%
06:54:22 | i 29 | [HAOS ROLL] k=6  λ=0.0  rb  kmeans  filo2  P≈0.001808
06:54:23 | i 29 | [ Summary ] cost=163612.00  Δ_S*=+0.98%  Δ_BKS=+1.32%  Δ_S*_BKS=+0.34%  no_improve=6
06:54:23 | i 30 | [HAOS ROLL] k=17  λ=0.0  rb  kmeans  pyvrp  P≈0.001968
06:54:24 | i 30 | [Phase 1/3] decompose  1.08s / — / —  λ=0.0  rb kmeans
06:55:25 | i 30 | [Phase 2/3] route  61.65s / 29.76s / 207.2%  pyvrp  k=17
06:55:29 | i 29 | [ ASYNC BG] bg_ails  67.28s / 60.00s / 112.1%
06:55:30 | i 30 | [HAOS ROLL] k=17  λ=0.0  rb  kmeans  pyvrp  P≈0.001968
06:55:30 | i 30 | [ Summary ] cost=162963.00  Δ_S*=+0.58%  Δ_BKS=+0.92%  Δ_S*_BKS=+0.34%  no_improve=8
06:55:30 | i 31 | [HAOS ROLL] k=2  λ=0.0  rb  kmeans  filo  P≈0.003069
06:55:31 | i 31 | [Phase 1/3] decompose  1.08s / — / —  λ=0.0  rb kmeans
06:58:22 | i 31 | [Phase 2/3] route  171.47s / 171.12s / 100.2%  filo  k=2
06:58:22 | i 30 | [ ASYNC BG] bg_ails  69.44s / 62.81s / 110.6%
06:58:23 | i 31 | [HAOS ROLL] k=2  λ=0.0  rb  kmeans  filo  P≈0.003069
06:58:23 | i 31 | [ Summary ] cost=162793.00  Δ_S*=+0.48%  Δ_BKS=+0.81%  Δ_S*_BKS=+0.34%  no_improve=10
06:58:23 | i 32 | [HAOS ROLL] k=6  λ=0.6  vb  fcm  filo2  P≈0.000301
06:58:24 | i 32 | [Phase 1/3] decompose  1.60s / — / —  λ=0.6  vb fcm
06:59:27 | i 32 | [Phase 2/3] route  62.17s / 61.92s / 100.4%  filo2  k=6
07:01:17 | i 31 | [ ASYNC BG] bg_ails  174.39s / 167.01s / 104.4%
07:01:17 | i 32 | [HAOS ROLL] k=6  λ=0.6  vb  fcm  filo2  P≈0.000301
07:01:17 | i 32 | [ Summary ] cost=163906.00  Δ_S*=+1.16%  Δ_BKS=+1.50%  Δ_S*_BKS=+0.34%  no_improve=12
07:01:17 | i 33 | [HAOS ROLL] k=4  λ=0.6  rb  kmeans  filo2  P≈0.002561
07:01:19 | i 33 | [Phase 1/3] decompose  1.45s / — / —  λ=0.6  rb kmeans
07:02:50 | i 33 | [Phase 2/3] route  91.22s / 90.90s / 100.3%  filo2  k=4
07:02:50 | i 32 | [ ASYNC BG] bg_ails  67.80s / 60.43s / 112.2%
07:02:50 | i 33 | [HAOS ROLL] k=4  λ=0.6  rb  kmeans  filo2  P≈0.002561
07:02:50 | i 33 | [ Summary ] cost=162961.00  Δ_S*=+0.58%  Δ_BKS=+0.92%  Δ_S*_BKS=+0.34%  no_improve=14
07:02:50 | i 34 | [HAOS ROLL] k=6  λ=0.0  rb  ac_avg  filo2  P≈0.001276
07:02:52 | i 34 | [Phase 1/3] decompose  1.09s / — / —  λ=0.0  rb ac_avg
07:04:38 | i 34 | [Phase 2/3] route  106.27s / 105.96s / 100.3%  filo2  k=6
07:04:38 | i 33 | [ ASYNC BG] bg_ails  95.75s / 88.72s / 107.9%
07:04:38 | i 34 | [HAOS ROLL] k=6  λ=0.0  rb  ac_avg  filo2  P≈0.001276
07:04:38 | i 34 | [ Summary ] cost=163765.00  Δ_S*=+1.08%  Δ_BKS=+1.42%  Δ_S*_BKS=+0.34%  no_improve=16
07:04:38 | i 35 | [HAOS ROLL] k=14  λ=0.4  rb  ac_complete  filo  P≈0.000912
07:04:40 | i 35 | [Phase 1/3] decompose  1.44s / — / —  λ=0.4  rb ac_complete
07:05:44 | i 35 | [Phase 2/3] route  64.18s / 46.08s / 139.3%  filo  k=14
07:06:28 | i 34 | [ ASYNC BG] bg_ails  110.47s / 103.42s / 106.8%
07:06:29 | i 35 | [HAOS ROLL] k=14  λ=0.4  rb  ac_complete  filo  P≈0.000912
07:06:29 | i 35 | [ Summary ] cost=163867.00  Δ_S*=+1.14%  Δ_BKS=+1.48%  Δ_S*_BKS=+0.34%  no_improve=18
07:06:29 | i 36 | [HAOS ROLL] k=6  λ=1.0  rb  kmeans  filo  P≈0.002080
07:06:30 | i 36 | [Phase 1/3] decompose  1.46s / — / —  λ=1.0  rb kmeans
07:07:56 | i 36 | [Phase 2/3] route  86.22s / 86.28s / 99.9%  filo  k=6
07:07:56 | i 35 | [ ASYNC BG] bg_ails  86.94s / 79.14s / 109.8%
07:07:57 | i 36 | [HAOS ROLL] k=6  λ=1.0  rb  kmeans  filo  P≈0.002080
07:07:57 | i 36 | [ Summary ] cost=163493.00  Δ_S*=+0.91%  Δ_BKS=+1.25%  Δ_S*_BKS=+0.34%  no_improve=20
07:07:57 | i 37 | [HAOS ROLL] k=12  λ=1.0  vb  ac_complete  pyvrp  P≈0.000060
07:07:59 | i 37 | [Phase 1/3] decompose  2.31s / — / —  λ=1.0  vb ac_complete
07:09:13 | i 37 | [Phase 2/3] route  73.68s / 67.32s / 109.5%  pyvrp  k=12
07:09:28 | i 36 | [ ASYNC BG] bg_ails  91.77s / 84.21s / 109.0%
07:09:28 | i 37 | [HAOS ROLL] k=12  λ=1.0  vb  ac_complete  pyvrp  P≈0.000060
07:09:28 | i 37 | [ Summary ] cost=166742.00  Δ_S*=+2.91%  Δ_BKS=+3.26%  Δ_S*_BKS=+0.34%  no_improve=22
07:09:28 | i 38 | [HAOS ROLL] k=6  λ=0.6  vb  ac_complete  pyvrp  P≈0.000388
07:09:31 | i 38 | [Phase 1/3] decompose  2.15s / — / —  λ=0.6  vb ac_complete
07:12:14 | i 38 | [Phase 2/3] route  163.25s / 148.98s / 109.6%  pyvrp  k=6
07:12:14 | i 37 | [ ASYNC BG] bg_ails  117.72s / 110.31s / 106.7%
07:12:14 | i 38 | [HAOS ROLL] k=6  λ=0.6  vb  ac_complete  pyvrp  P≈0.000388
07:12:14 | i 38 | [ Summary ] cost=165983.00  Δ_S*=+2.44%  Δ_BKS=+2.79%  Δ_S*_BKS=+0.34%  no_improve=24
07:12:14 | i 32 | [ASYNC 1/2] sp_sc  258.92s / 720.00s / 36.0%  SP  avg_coverage=53.81/5  pool=10000
07:12:14 | i 32 | [ASYNC 2/2] standard_ails  366.03s / 360.00s / 101.7%
07:13:13 | i 39 | [HAOS ROLL] k=14  λ=0.6  rb  kmeans  ails2  P≈0.001537
07:13:14 | i 39 | [Phase 1/3] decompose  1.38s / — / —  λ=0.6  rb kmeans
07:14:11 | i 39 | [Phase 2/3] route  56.99s / 31.74s / 179.5%  ails2  k=14
07:14:46 | i 38 | [ ASYNC BG] bg_ails  152.66s / 145.40s / 105.0%
07:14:47 | i 39 | [HAOS ROLL] k=14  λ=0.6  rb  kmeans  ails2  P≈0.001537
07:14:47 | i 39 | [ Summary ] cost=162074.00  Δ_S*=+0.03%  Δ_BKS=+0.37%  Δ_S*_BKS=+0.34%  no_improve=27
07:14:47 | i 40 | [HAOS ROLL] k=6  λ=0.8  rb  ac_complete  ails2  P≈0.000364
07:14:48 | i 40 | [Phase 1/3] decompose  1.42s / — / —  λ=0.8  rb ac_complete
07:16:27 | i 40 | [Phase 2/3] route  98.91s / 96.84s / 102.1%  ails2  k=6
07:16:27 | i 39 | [ ASYNC BG] bg_ails  67.77s / 60.00s / 112.9%
07:16:28 | i 40 | [HAOS ROLL] k=6  λ=0.8  rb  ac_complete  ails2  P≈0.000364
07:16:28 | i 40 | [ Summary ] cost=162135.00  Δ_S*=+0.07%  Δ_BKS=+0.41%  Δ_S*_BKS=+0.34%  no_improve=29
07:16:28 | i 41 | [HAOS ROLL] k=12  λ=0.8  rb  ac_complete  filo  P≈0.001050
07:16:29 | i 41 | [Phase 1/3] decompose  1.45s / — / —  λ=0.8  rb ac_complete
07:17:25 | i 41 | [Phase 2/3] route  56.16s / 55.08s / 102.0%  filo  k=12
07:18:10 | i 40 | [ ASYNC BG] bg_ails  102.38s / 94.52s / 108.3%
07:18:10 | i 41 | [HAOS ROLL] k=12  λ=0.8  rb  ac_complete  filo  P≈0.001050
07:18:10 | i 41 | [ Summary ] cost=163803.00  Δ_S*=+1.10%  Δ_BKS=+1.44%  Δ_S*_BKS=+0.34%  no_improve=31
07:18:10 | i 42 | [HAOS ROLL] k=4  λ=0.2  rb  ac_complete  ails2  P≈0.000141
07:18:12 | i 42 | [Phase 1/3] decompose  1.49s / — / —  λ=0.2  rb ac_complete
07:19:50 | i 42 | [Phase 2/3] route  98.37s / 96.84s / 101.6%  ails2  k=4
07:19:50 | i 41 | [ ASYNC BG] bg_ails  86.53s / 78.67s / 110.0%
07:19:50 | i 42 | [HAOS ROLL] k=4  λ=0.2  rb  ac_complete  ails2  P≈0.000141
07:19:51 | i 42 | [ Summary ] cost=162246.00  Δ_S*=+0.14%  Δ_BKS=+0.47%  Δ_S*_BKS=+0.34%  no_improve=33
07:19:51 | i 43 | [HAOS ROLL] k=6  λ=0.2  rb  ac_avg  pyvrp  P≈0.000489
07:19:52 | i 43 | [Phase 1/3] decompose  1.44s / — / —  λ=0.2  rb ac_avg
07:21:46 | i 43 | [Phase 2/3] route  113.58s / 105.96s / 107.2%  pyvrp  k=6
07:21:46 | i 42 | [ ASYNC BG] bg_ails  101.68s / 94.52s / 107.6%
07:21:46 | i 43 | [HAOS ROLL] k=6  λ=0.2  rb  ac_avg  pyvrp  P≈0.000489
07:21:46 | i 43 | [ Summary ] cost=165495.00  Δ_S*=+2.14%  Δ_BKS=+2.49%  Δ_S*_BKS=+0.34%  no_improve=35
07:21:46 | i 44 | [HAOS ROLL] k=14  λ=0.0  rb  ac_avg  filo  P≈0.001194
07:21:47 | i 44 | [Phase 1/3] decompose  1.10s / — / —  λ=0.0  rb ac_avg
07:22:44 | i 44 | [Phase 2/3] route  57.18s / 56.52s / 101.2%  filo  k=14
07:23:36 | i 43 | [ ASYNC BG] bg_ails  110.69s / 103.42s / 107.0%
07:23:37 | i 44 | [HAOS ROLL] k=14  λ=0.0  rb  ac_avg  filo  P≈0.001194
07:23:37 | i 44 | [ Summary ] cost=163600.00  Δ_S*=+0.97%  Δ_BKS=+1.31%  Δ_S*_BKS=+0.34%  no_improve=37
07:23:37 | i 45 | [HAOS ROLL] k=10  λ=0.6  rb  kmeans  ails2  P≈0.001056
07:23:38 | i 45 | [Phase 1/3] decompose  1.56s / — / —  λ=0.6  rb kmeans
07:24:48 | i 45 | [Phase 2/3] route  70.06s / 47.82s / 146.5%  ails2  k=10
07:25:03 | i 44 | [ ASYNC BG] bg_ails  86.45s / 79.34s / 109.0%
07:25:03 | i 45 | [HAOS ROLL] k=10  λ=0.6  rb  kmeans  ails2  P≈0.001056
07:25:03 | i 45 | [ Summary ] cost=162212.00  Δ_S*=+0.12%  Δ_BKS=+0.45%  Δ_S*_BKS=+0.34%  no_improve=39
07:25:03 | i 46 | [HAOS ROLL] k=14  λ=1.0  vb  ac_avg  filo2  P≈0.000107
07:25:05 | i 46 | [Phase 1/3] decompose  2.24s / — / —  λ=1.0  vb ac_avg
07:26:42 | i 46 | [Phase 2/3] route  96.24s / 95.76s / 100.5%  filo2  k=14
07:26:42 | i 45 | [ ASYNC BG] bg_ails  82.00s / 74.85s / 109.6%
07:26:42 | i 46 | [HAOS ROLL] k=14  λ=1.0  vb  ac_avg  filo2  P≈0.000107
07:26:42 | i 46 | [ Summary ] cost=166848.00  Δ_S*=+2.98%  Δ_BKS=+3.32%  Δ_S*_BKS=+0.34%  no_improve=41
07:26:42 | i 47 | [HAOS ROLL] k=12  λ=1.0  rb  ac_avg  ails2  P≈0.000339
07:26:44 | i 47 | [Phase 1/3] decompose  1.47s / — / —  λ=1.0  rb ac_avg
07:28:16 | i 47 | [Phase 2/3] route  92.68s / 90.66s / 102.2%  ails2  k=12
07:29:00 | i 46 | [ ASYNC BG] bg_ails  137.84s / 130.19s / 105.9%
07:29:00 | i 47 | [HAOS ROLL] k=12  λ=1.0  rb  ac_avg  ails2  P≈0.000339
07:29:00 | i 47 | [ Summary ] cost=162124.00  Δ_S*=+0.06%  Δ_BKS=+0.40%  Δ_S*_BKS=+0.34%  no_improve=43
07:29:00 | i 48 | [HAOS ROLL] k=6  λ=0.0  vb  ac_avg  filo2  P≈0.000431
07:29:02 | i 48 | [Phase 1/3] decompose  1.88s / — / —  λ=0.0  vb ac_avg
07:30:36 | i 48 | [Phase 2/3] route  94.24s / 93.72s / 100.6%  filo2  k=6
07:30:36 | i 47 | [ ASYNC BG] bg_ails  95.89s / 88.34s / 108.5%
07:30:36 | i 48 | [HAOS ROLL] k=6  λ=0.0  vb  ac_avg  filo2  P≈0.000431
07:30:37 | i 48 | [ Summary ] cost=164260.00  Δ_S*=+1.38%  Δ_BKS=+1.72%  Δ_S*_BKS=+0.34%  no_improve=45
07:30:37 | i 49 | [HAOS ROLL] k=10  λ=1.0  rb  kmeans  filo2  P≈0.001371
07:30:38 | i 49 | [Phase 1/3] decompose  1.44s / — / —  λ=1.0  rb kmeans
07:31:49 | i 49 | [Phase 2/3] route  71.15s / 45.24s / 157.3%  filo2  k=10
07:32:15 | i 48 | [ ASYNC BG] bg_ails  98.45s / 91.47s / 107.6%
07:32:15 | i 49 | [HAOS ROLL] k=10  λ=1.0  rb  kmeans  filo2  P≈0.001371
07:32:15 | i 49 | [ Summary ] cost=164012.00  Δ_S*=+1.23%  Δ_BKS=+1.57%  Δ_S*_BKS=+0.34%  no_improve=47
07:32:15 | i 43 | [ASYNC 1/2] sp_sc  240.54s / 720.00s / 33.4%  SP  avg_coverage=53.67/5  pool=10000
07:32:15 | i 43 | [ASYNC 2/2] standard_ails  366.44s / 360.00s / 101.8%
07:33:15 | i 43 | [ IMPROVE ] 161999.00  via standard_ails  ·  Δ_BKS=+0.32%
07:33:15 | i 50 | [HAOS ROLL] k=6  λ=0.0  rb  kmeans  pyvrp  P≈0.003885
07:33:16 | i 50 | [Phase 1/3] decompose  1.05s / — / —  λ=0.0  rb kmeans
07:34:18 | i 50 | [Phase 2/3] route  62.16s / 59.16s / 105.1%  pyvrp  k=6
07:34:18 | i 49 | [ ASYNC BG] bg_ails  75.72s / 68.90s / 109.9%
07:34:18 | i 50 | [HAOS ROLL] k=6  λ=0.0  rb  kmeans  pyvrp  P≈0.003885
07:34:19 | i 50 | [ Summary ] cost=164859.00  Δ_S*=+1.77%  Δ_BKS=+2.09%  Δ_S*_BKS=+0.32%  no_improve=2
07:34:19 | i 51 | [HAOS ROLL] k=6  λ=1.0  vb  kmeans  filo  P≈0.000308
07:34:20 | i 51 | [Phase 1/3] decompose  1.45s / — / —  λ=1.0  vb kmeans
07:35:22 | i 51 | [Phase 2/3] route  62.19s / 61.62s / 100.9%  filo  k=6
07:35:26 | i 50 | [ ASYNC BG] bg_ails  67.58s / 60.00s / 112.6%
07:35:26 | i 51 | [HAOS ROLL] k=6  λ=1.0  vb  kmeans  filo  P≈0.000308
07:35:26 | i 51 | [ Summary ] cost=164515.00  Δ_S*=+1.55%  Δ_BKS=+1.88%  Δ_S*_BKS=+0.32%  no_improve=4
07:35:26 | i 52 | [HAOS ROLL] k=8  λ=0.2  rb  kmeans  filo  P≈0.000721
07:35:28 | i 52 | [Phase 1/3] decompose  1.56s / — / —  λ=0.2  rb kmeans
07:36:28 | i 52 | [Phase 2/3] route  60.19s / 60.00s / 100.3%  filo  k=8
07:36:34 | i 51 | [ ASYNC BG] bg_ails  68.63s / 60.14s / 114.1%
07:36:35 | i 52 | [HAOS ROLL] k=8  λ=0.2  rb  kmeans  filo  P≈0.000721
07:36:35 | i 52 | [ Summary ] cost=164006.00  Δ_S*=+1.24%  Δ_BKS=+1.56%  Δ_S*_BKS=+0.32%  no_improve=6
07:36:35 | i 53 | [HAOS ROLL] k=12  λ=0.4  rb  kmeans  pyvrp  P≈0.001182
07:36:36 | i 53 | [Phase 1/3] decompose  1.49s / — / —  λ=0.4  rb kmeans
07:37:42 | i 53 | [Phase 2/3] route  65.28s / 38.82s / 168.2%  pyvrp  k=12
07:37:52 | i 52 | [ ASYNC BG] bg_ails  77.99s / 70.04s / 111.3%
07:37:53 | i 53 | [HAOS ROLL] k=12  λ=0.4  rb  kmeans  pyvrp  P≈0.001182
07:37:53 | i 53 | [ Summary ] cost=163500.00  Δ_S*=+0.93%  Δ_BKS=+1.25%  Δ_S*_BKS=+0.32%  no_improve=8
07:37:53 | i 54 | [HAOS ROLL] k=10  λ=0.0  rb  ac_complete  pyvrp  P≈0.000918
07:37:54 | i 54 | [Phase 1/3] decompose  1.09s / — / —  λ=0.0  rb ac_complete
07:39:13 | i 54 | [Phase 2/3] route  79.13s / 55.08s / 143.7%  pyvrp  k=10
07:39:13 | i 53 | [ ASYNC BG] bg_ails  73.74s / 66.32s / 111.2%
07:39:13 | i 54 | [HAOS ROLL] k=10  λ=0.0  rb  ac_complete  pyvrp  P≈0.000918
07:39:14 | i 54 | [ Summary ] cost=163644.00  Δ_S*=+1.02%  Δ_BKS=+1.34%  Δ_S*_BKS=+0.32%  no_improve=10
07:39:14 | i 55 | [HAOS ROLL] k=6  λ=0.0  rb  ac_complete  filo  P≈0.003615
07:39:15 | i 55 | [Phase 1/3] decompose  1.07s / — / —  λ=0.0  rb ac_complete
07:40:14 | i 55 | [Phase 2/3] route  59.17s / 59.28s / 99.8%  filo  k=6
07:40:44 | i 54 | [ ASYNC BG] bg_ails  90.68s / 83.22s / 109.0%
07:40:44 | i 55 | [HAOS ROLL] k=6  λ=0.0  rb  ac_complete  filo  P≈0.003615
07:40:44 | i 55 | [ Summary ] cost=163944.00  Δ_S*=+1.20%  Δ_BKS=+1.53%  Δ_S*_BKS=+0.32%  no_improve=12
07:40:44 | i 56 | [HAOS ROLL] k=6  λ=0.8  rb  ac_avg  ails2  P≈0.000958
07:40:46 | i 56 | [Phase 1/3] decompose  1.44s / — / —  λ=0.8  rb ac_avg
07:42:42 | i 56 | [Phase 2/3] route  115.99s / 113.76s / 102.0%  ails2  k=6
07:42:42 | i 55 | [ ASYNC BG] bg_ails  67.37s / 60.00s / 112.3%
07:42:42 | i 56 | [HAOS ROLL] k=6  λ=0.8  rb  ac_avg  ails2  P≈0.000958
07:42:42 | i 56 | [ Summary ] cost=162067.00  Δ_S*=+0.04%  Δ_BKS=+0.36%  Δ_S*_BKS=+0.32%  no_improve=14
07:42:42 | i 57 | [HAOS ROLL] k=6  λ=0.8  rb  ac_avg  filo  P≈0.002779
07:42:44 | i 57 | [Phase 1/3] decompose  1.46s / — / —  λ=0.8  rb ac_avg
07:44:38 | i 57 | [Phase 2/3] route  114.30s / 113.76s / 100.5%  filo  k=6
07:44:40 | i 56 | [ ASYNC BG] bg_ails  118.71s / 111.03s / 106.9%
07:44:41 | i 57 | [HAOS ROLL] k=6  λ=0.8  rb  ac_avg  filo  P≈0.002779
07:44:41 | i 57 | [ Summary ] cost=163119.00  Δ_S*=+0.69%  Δ_BKS=+1.01%  Δ_S*_BKS=+0.32%  no_improve=16
07:44:41 | i 58 | [HAOS ROLL] k=10  λ=1.0  rb  ac_complete  filo  P≈0.001067
07:44:42 | i 58 | [Phase 1/3] decompose  1.45s / — / —  λ=1.0  rb ac_complete
07:46:00 | i 58 | [Phase 2/3] route  77.19s / 55.08s / 140.1%  filo  k=10
07:46:39 | i 57 | [ ASYNC BG] bg_ails  118.83s / 111.03s / 107.0%
07:46:40 | i 58 | [HAOS ROLL] k=10  λ=1.0  rb  ac_complete  filo  P≈0.001067
07:46:40 | i 58 | [ Summary ] cost=163139.00  Δ_S*=+0.70%  Δ_BKS=+1.03%  Δ_S*_BKS=+0.32%  no_improve=18
07:46:40 | i 59 | [HAOS ROLL] k=6  λ=0.8  rb  ac_avg  filo  P≈0.004306
07:46:41 | i 59 | [Phase 1/3] decompose  1.47s / — / —  λ=0.8  rb ac_avg
07:48:35 | i 59 | [Phase 2/3] route  114.30s / 113.76s / 100.5%  filo  k=6
07:48:35 | i 58 | [ ASYNC BG] bg_ails  90.86s / 83.22s / 109.2%
07:48:36 | i 59 | [HAOS ROLL] k=6  λ=0.8  rb  ac_avg  filo  P≈0.004306
07:48:36 | i 59 | [ Summary ] cost=163401.00  Δ_S*=+0.87%  Δ_BKS=+1.19%  Δ_S*_BKS=+0.32%  no_improve=20
07:48:36 | i 60 | [HAOS ROLL] k=6  λ=0.0  rb  kmeans  ails2  P≈0.003615
07:48:37 | i 60 | [Phase 1/3] decompose  1.11s / — / —  λ=0.0  rb kmeans
07:49:48 | i 60 | [Phase 2/3] route  70.75s / 68.16s / 103.8%  ails2  k=6
07:50:35 | i 59 | [ ASYNC BG] bg_ails  119.12s / 111.03s / 107.3%
07:50:35 | i 60 | [HAOS ROLL] k=6  λ=0.0  rb  kmeans  ails2  P≈0.003615
07:50:35 | i 60 | [ Summary ] cost=162691.00  Δ_S*=+0.43%  Δ_BKS=+0.75%  Δ_S*_BKS=+0.32%  no_improve=22
07:50:35 | i 61 | [HAOS ROLL] k=12  λ=0.8  rb  ac_complete  filo  P≈0.003783
07:50:36 | i 61 | [Phase 1/3] decompose  1.43s / — / —  λ=0.8  rb ac_complete
07:51:43 | i 61 | [Phase 2/3] route  66.17s / 55.08s / 120.1%  filo  k=12
07:51:48 | i 60 | [ ASYNC BG] bg_ails  73.41s / 66.52s / 110.3%
07:51:48 | i 61 | [HAOS ROLL] k=12  λ=0.8  rb  ac_complete  filo  P≈0.003783
07:51:48 | i 61 | [ Summary ] cost=163889.00  Δ_S*=+1.17%  Δ_BKS=+1.49%  Δ_S*_BKS=+0.32%  no_improve=24
07:51:48 | i 62 | [HAOS ROLL] k=6  λ=0.0  rb  kmeans  pyvrp  P≈0.005395
07:51:49 | i 62 | [Phase 1/3] decompose  1.10s / — / —  λ=0.0  rb kmeans
07:53:20 | i 62 | [Phase 2/3] route  90.18s / 84.66s / 106.5%  pyvrp  k=6
07:53:20 | i 61 | [ ASYNC BG] bg_ails  91.14s / 83.22s / 109.5%
07:53:20 | i 62 | [HAOS ROLL] k=6  λ=0.0  rb  kmeans  pyvrp  P≈0.005395
07:53:20 | i 62 | [ Summary ] cost=164749.00  Δ_S*=+1.70%  Δ_BKS=+2.02%  Δ_S*_BKS=+0.32%  no_improve=26
07:53:20 | i 56 | [ASYNC 1/2] sp_sc  237.44s / 720.00s / 33.0%  SP  avg_coverage=53.59/5  pool=10000
07:53:20 | i 56 | [ASYNC 2/2] standard_ails  366.08s / 360.00s / 101.7%
07:54:21 | i 63 | [HAOS ROLL] k=6  λ=1.0  rb  ac_avg  ails2  P≈0.001208
07:54:23 | i 63 | [Phase 1/3] decompose  1.42s / — / —  λ=1.0  rb ac_avg
07:56:19 | i 63 | [Phase 2/3] route  115.89s / 113.76s / 101.9%  ails2  k=6
07:56:19 | i 62 | [ ASYNC BG] bg_ails  89.32s / 82.63s / 108.1%
07:56:19 | i 63 | [HAOS ROLL] k=6  λ=1.0  rb  ac_avg  ails2  P≈0.001208
07:56:19 | i 63 | [ Summary ] cost=162089.00  Δ_S*=+0.06%  Δ_BKS=+0.38%  Δ_S*_BKS=+0.32%  no_improve=29
07:56:19 | i 64 | [HAOS ROLL] k=4  λ=0.0  rb  kmeans  filo  P≈0.001484
07:56:20 | i 64 | [Phase 1/3] decompose  1.07s / — / —  λ=0.0  rb kmeans
07:58:00 | i 64 | [Phase 2/3] route  99.25s / 99.12s / 100.1%  filo  k=4
07:58:17 | i 63 | [ ASYNC BG] bg_ails  118.66s / 111.03s / 106.9%
07:58:18 | i 64 | [HAOS ROLL] k=4  λ=0.0  rb  kmeans  filo  P≈0.001484
07:58:18 | i 64 | [ Summary ] cost=163241.00  Δ_S*=+0.77%  Δ_BKS=+1.09%  Δ_S*_BKS=+0.32%  no_improve=31
07:58:18 | i 65 | [HAOS ROLL] k=6  λ=0.8  rb  ac_complete  ails2  P≈0.005840
07:58:19 | i 65 | [Phase 1/3] decompose  1.46s / — / —  λ=0.8  rb ac_complete
07:59:21 | i 65 | [Phase 2/3] route  61.44s / 59.28s / 103.6%  ails2  k=6
08:00:01 | i 64 | [ ASYNC BG] bg_ails  103.50s / 96.74s / 107.0%
08:00:01 | i 65 | [HAOS ROLL] k=6  λ=0.8  rb  ac_complete  ails2  P≈0.005840
08:00:01 | i 65 | [ Summary ] cost=162165.00  Δ_S*=+0.10%  Δ_BKS=+0.42%  Δ_S*_BKS=+0.32%  no_improve=33
08:00:01 | i 66 | [HAOS ROLL] k=6  λ=0.6  rb  ac_complete  pyvrp  P≈0.003161
08:00:03 | i 66 | [Phase 1/3] decompose  1.47s / — / —  λ=0.6  rb ac_complete
08:01:05 | i 66 | [Phase 2/3] route  62.37s / 59.28s / 105.2%  pyvrp  k=6
08:01:09 | i 65 | [ ASYNC BG] bg_ails  68.18s / 60.00s / 113.6%
08:01:09 | i 66 | [HAOS ROLL] k=6  λ=0.6  rb  ac_complete  pyvrp  P≈0.003161
08:01:10 | i 66 | [ Summary ] cost=164861.00  Δ_S*=+1.77%  Δ_BKS=+2.09%  Δ_S*_BKS=+0.32%  no_improve=35
08:01:10 | i 67 | [HAOS ROLL] k=10  λ=0.4  rb  ac_complete  filo  P≈0.000933
08:01:11 | i 67 | [Phase 1/3] decompose  1.40s / — / —  λ=0.4  rb ac_complete
08:02:28 | i 67 | [Phase 2/3] route  77.17s / 55.08s / 140.1%  filo  k=10
08:02:28 | i 67 | [HAOS ROLL] k=10  λ=0.4  rb  ac_complete  filo  P≈0.000933
08:02:29 | i 67 | [ Summary ] cost=164009.00  Δ_S*=+1.24%  Δ_BKS=+1.57%  Δ_S*_BKS=+0.32%  no_improve=36
08:02:29 | i — | [  FINAL  ] async BG-AILS totals launched=65 applied=65 adopted=3 launch_skipped_cap=2 crashes=0 discarded_in_flight=False block_wait_total_s=1297.0
08:02:29 | i — | [  FINAL  ] async SP/SC totals invocations=5 adopted=3 skipped=0 discarded_in_flight=False sp_busy_frac=0.40912692789941185
08:02:29 | i — | [  FINAL  ] ════════════════════════════════════════
08:02:29 | i — | [  FINAL  ] Run complete  iterations=67  elapsed=02:00:57  best=161999.00
08:02:29 | i — | [  FINAL  ] Δ_BKS=+0.32%  no_improve_stop=False  time_stop=True  cancelled=False
08:02:29 | i — | [  FINAL  ] 
08:02:29 | i — | [  FINAL  ] [BEST SOLUTION — HAOS TAG SUMMARY]
08:02:29 | i — | [  FINAL  ] ────────────────────────────────────────
08:02:29 | i — | [  FINAL  ]   52 routes  rb  kmeans  k=14  λ=0.6  solver=ails2
08:02:29 | i — | [  FINAL  ]   9 routes  rb  ac_complete  k=12  λ=0.8  solver=filo
08:02:29 | i — | [  FINAL  ]   4 routes  rb  ac_complete  k=14  λ=0.8  solver=pyvrp
08:02:29 | i — | [  FINAL  ]   3 routes  rb  kmeans  k=20  λ=0.2  solver=filo
08:02:29 | i — | [  FINAL  ]   2 routes  rb  kmeans  k=12  λ=0.6  solver=filo
08:02:29 | i — | [  FINAL  ]   1 routes  vb  kmeans  k=10  λ=0.6  solver=filo
08:02:29 | i — | [  FINAL  ]   1 routes  rb  ac_avg  k=2  λ=0.4  solver=pyvrp
08:02:29 | i — | [  FINAL  ]   1 routes  rb  ac_complete  k=6  λ=0.8  solver=filo2
08:02:29 | i — | [  FINAL  ]   1 routes  rb  kmeans  k=20  λ=0.0  solver=filo2
08:02:29 | i — | [  FINAL  ]   1 routes  rb  ac_complete  k=6  λ=0.8  solver=ails2
08:02:29 | i — | [  FINAL  ]   109 routes  post-SP/SC improvement
08:02:29 | i — | [  FINAL  ] 
08:02:29 | i — | [  FINAL  ] [ROUTE POOL — HAOS TAG SUMMARY]
08:02:29 | i — | [  FINAL  ] ────────────────────────────────────────
08:02:29 | i — | [  FINAL  ]   571 routes  rb  kmeans  k=6  λ=0.0  solver=pyvrp
08:02:29 | i — | [  FINAL  ]   547 routes  rb  ac_complete  k=6  λ=0.8  solver=ails2
08:02:29 | i — | [  FINAL  ]   382 routes  rb  ac_avg  k=6  λ=0.8  solver=filo
08:02:29 | i — | [  FINAL  ]   358 routes  rb  kmeans  k=4  λ=0.0  solver=filo
08:02:29 | i — | [  FINAL  ]   333 routes  rb  ac_avg  k=6  λ=1.0  solver=ails2
08:02:29 | i — | [  FINAL  ]   308 routes  rb  ac_complete  k=12  λ=0.8  solver=filo
08:02:29 | i — | [  FINAL  ]   264 routes  vb  kmeans  k=6  λ=1.0  solver=filo
08:02:29 | i — | [  FINAL  ]   252 routes  rb  ac_complete  k=10  λ=0.0  solver=pyvrp
08:02:29 | i — | [  FINAL  ]   246 routes  rb  kmeans  k=8  λ=0.2  solver=filo
08:02:29 | i — | [  FINAL  ]   239 routes  rb  kmeans  k=12  λ=0.4  solver=pyvrp
08:02:29 | i — | [  FINAL  ]   237 routes  rb  ac_complete  k=6  λ=0.0  solver=filo
08:02:29 | i — | [  FINAL  ]   211 routes  rb  ac_avg  k=6  λ=0.8  solver=ails2
08:02:29 | i — | [  FINAL  ]   193 routes  rb  kmeans  k=6  λ=0.0  solver=filo2
08:02:29 | i — | [  FINAL  ]   192 routes  rb  kmeans  k=14  λ=0.6  solver=ails2
08:02:29 | i — | [  FINAL  ]   189 routes  rb  ac_complete  k=4  λ=0.2  solver=ails2
08:02:29 | i — | [  FINAL  ]   186 routes  rb  kmeans  k=2  λ=0.0  solver=filo
08:02:29 | i — | [  FINAL  ]   177 routes  rb  ac_complete  k=6  λ=0.6  solver=pyvrp
08:02:29 | i — | [  FINAL  ]   174 routes  rb  ac_avg  k=2  λ=0.4  solver=pyvrp
08:02:29 | i — | [  FINAL  ]   173 routes  vb  ac_avg  k=14  λ=0.6  solver=filo2
08:02:29 | i — | [  FINAL  ]   168 routes  rb  ac_complete  k=10  λ=1.0  solver=filo
08:02:29 | i — | [  FINAL  ]   168 routes  rb  kmeans  k=6  λ=0.0  solver=ails2
08:02:29 | i — | [  FINAL  ]   158 routes  vb  ac_avg  k=3  λ=0.6  solver=filo
08:02:29 | i — | [  FINAL  ]   153 routes  rb  kmeans  k=20  λ=0.0  solver=filo
08:02:29 | i — | [  FINAL  ]   153 routes  rb  ac_complete  k=10  λ=0.4  solver=filo
08:02:29 | i — | [  FINAL  ]   150 routes  vb  kmeans  k=17  λ=0.6  solver=ails2
08:02:29 | i — | [  FINAL  ]   142 routes  rb  kmeans  k=17  λ=0.0  solver=pyvrp
08:02:29 | i — | [  FINAL  ]   141 routes  rb  ac_complete  k=14  λ=0.8  solver=pyvrp
08:02:29 | i — | [  FINAL  ]   139 routes  rb  kmeans  k=10  λ=1.0  solver=filo2
08:02:29 | i — | [  FINAL  ]   133 routes  vb  kmeans  k=10  λ=0.6  solver=filo
08:02:29 | i — | [  FINAL  ]   133 routes  vb  ac_avg  k=10  λ=0.2  solver=filo
08:02:29 | i — | [  FINAL  ]   128 routes  vb  ac_avg  k=4  λ=0.8  solver=filo2
08:02:29 | i — | [  FINAL  ]   126 routes  rb  kmeans  k=17  λ=0.6  solver=filo
08:02:29 | i — | [  FINAL  ]   126 routes  rb  ac_complete  k=6  λ=0.8  solver=filo2
08:02:29 | i — | [  FINAL  ]   126 routes  vb  ac_complete  k=6  λ=0.6  solver=pyvrp
08:02:29 | i — | [  FINAL  ]   119 routes  vb  fcm  k=17  λ=0.8  solver=filo2
08:02:29 | i — | [  FINAL  ]   116 routes  rb  kmeans  k=12  λ=0.4  solver=filo2
08:02:29 | i — | [  FINAL  ]   114 routes  vb  kmeans  k=10  λ=1.0  solver=ails2
08:02:29 | i — | [  FINAL  ]   114 routes  rb  kmeans  k=20  λ=0.2  solver=filo
08:02:29 | i — | [  FINAL  ]   111 routes  rb  kmeans  k=4  λ=0.6  solver=pyvrp
08:02:29 | i — | [  FINAL  ]   108 routes  vb  kmeans  k=8  λ=0.6  solver=filo
08:02:29 | i — | [  FINAL  ]   102 routes  rb  ac_avg  k=12  λ=0.0  solver=pyvrp
08:02:29 | i — | [  FINAL  ]   100 routes  rb  ac_avg  k=10  λ=0.6  solver=pyvrp
08:02:29 | i — | [  FINAL  ]   99 routes  rb  kmeans  k=17  λ=0.2  solver=filo
08:02:29 | i — | [  FINAL  ]   97 routes  vb  fcm  k=6  λ=0.6  solver=filo2
08:02:29 | i — | [  FINAL  ]   93 routes  rb  kmeans  k=12  λ=0.6  solver=filo
08:02:29 | i — | [  FINAL  ]   82 routes  rb  kmeans  k=14  λ=0.4  solver=filo2
08:02:29 | i — | [  FINAL  ]   75 routes  rb  ac_avg  k=6  λ=0.2  solver=pyvrp
08:02:29 | i — | [  FINAL  ]   68 routes  vb  kmeans  k=20  λ=0.8  solver=filo
08:02:29 | i — | [  FINAL  ]   66 routes  vb  ac_avg  k=14  λ=1.0  solver=filo2
08:02:29 | i — | [  FINAL  ]   63 routes  vb  ac_avg  k=6  λ=0.0  solver=filo2
08:02:29 | i — | [  FINAL  ]   57 routes  rb  ac_complete  k=12  λ=0.0  solver=pyvrp
08:02:29 | i — | [  FINAL  ]   52 routes  rb  kmeans  k=8  λ=0.6  solver=filo
08:02:29 | i — | [  FINAL  ]   49 routes  rb  kmeans  k=10  λ=0.0  solver=pyvrp
08:02:29 | i — | [  FINAL  ]   46 routes  rb  kmeans  k=20  λ=0.0  solver=filo2
08:02:29 | i — | [  FINAL  ]   42 routes  rb  ac_complete  k=14  λ=0.4  solver=filo
08:02:29 | i — | [  FINAL  ]   41 routes  vb  ac_complete  k=12  λ=1.0  solver=pyvrp
08:02:29 | i — | [  FINAL  ]   38 routes  rb  kmeans  k=4  λ=0.6  solver=filo2
08:02:29 | i — | [  FINAL  ]   36 routes  rb  kmeans  k=6  λ=1.0  solver=filo
08:02:29 | i — | [  FINAL  ]   34 routes  rb  kmeans  k=10  λ=0.6  solver=ails2
08:02:29 | i — | [  FINAL  ]   33 routes  rb  ac_avg  k=6  λ=0.0  solver=filo2
08:02:29 | i — | [  FINAL  ]   32 routes  rb  ac_avg  k=12  λ=1.0  solver=ails2
08:02:29 | i — | [  FINAL  ]   30 routes  rb  ac_avg  k=14  λ=0.0  solver=filo
08:02:29 | i — | [  FINAL  ]   607 routes  post-SP/SC improvement
08:02:29 | i — | [  FINAL  ] ════════════════════════════════════════
