12:27:32 | i — | [  INIT   ] ════════════════════════════════════════
12:27:32 | i — | [  INIT   ] DRISPI  instance=X-n6034-k61  n=6033  capacity=744
12:27:32 | i — | [  INIT   ] k domain (computed at init): [2, 3, 4, 6, 8, 10, 12]  k_ext=7  k_min=61  k_ext_bound=route_bound  spacing_rejected=0
12:27:32 | i — | [  INIT   ] ══════════════════════════════════════════════════════
12:27:32 | i — | [  INIT   ] CONFIGURATION
12:27:32 | i — | [  INIT   ] ── stopping ────────────────────────────────
12:27:32 | i — | [  INIT   ]   time_limit                  = 7200.0
12:27:32 | i — | [  INIT   ]   max_no_improve              = 1000000000
12:27:32 | i — | [  INIT   ] ── parallelism ─────────────────────────────
12:27:32 | i — | [  INIT   ]   n_workers                   = 8
12:27:32 | i — | [  INIT   ] ── cores ───────────────────────────────────
12:27:32 | i — | [  INIT   ]   cores_total                 = 8
12:27:32 | i — | [  INIT   ]   cores_dri                   = 6
12:27:32 | i — | [  INIT   ]   cores_bg                    = 1
12:27:32 | i — | [  INIT   ]   cores_sp                    = 1
12:27:32 | i — | [  INIT   ]   cores_cpu_list              = None
12:27:32 | i — | [  INIT   ] ── sp/sc ───────────────────────────────────
12:27:32 | i — | [  INIT   ]   sp_sc_mode                  = async
12:27:32 | i — | [  INIT   ]   sp_sc_trigger               = wallclock
12:27:32 | i — | [  INIT   ]   interval_minutes            = 20.0
12:27:32 | i — | [  INIT   ]   overlap_policy              = skip
12:27:32 | i — | [  INIT   ]   warmup_iterations           = 5
12:27:32 | i — | [  INIT   ]   sp_interval                 = 3
12:27:32 | i — | [  INIT   ]   min_coverage                = 5
12:27:32 | i — | [  INIT   ]   sp_time_limit               = 720.0
12:27:32 | i — | [  INIT   ]   mip_gap                     = 0.00025
12:27:32 | i — | [  INIT   ] ── decomposition ───────────────────────────
12:27:32 | i — | [  INIT   ]   decomp_k_base_arms          = [2, 3, 4, 6, 8, 10, 12]
12:27:32 | i — | [  INIT   ]   decomp_k_max_arms           = 10
12:27:32 | i — | [  INIT   ]   decomp_k_ext_per_1000       = 4
12:27:32 | i — | [  INIT   ]   decomp_k_min_routes_per_cluster= 8
12:27:32 | i — | [  INIT   ]   decomp_k_min_arm_spacing    = 2
12:27:32 | i — | [  INIT   ]   subcluster_rate_s_per_customer= 0.06
12:27:32 | i — | [  INIT   ]   subcluster_floor_s          = 5.0
12:27:32 | i — | [  INIT   ] ── bg_ails ─────────────────────────────────
12:27:32 | i — | [  INIT   ]   bg_ails_mode                = async
12:27:32 | i — | [  INIT   ]   bg_ails_crash_threshold     = 1
12:27:32 | i — | [  INIT   ]   bg_ails_budget_mode         = predicted_dr_wall
12:27:32 | i — | [  INIT   ]   bg_ails_budget_floor_s      = 60.0
12:27:32 | i — | [  INIT   ]   bg_ails_budget_margin       = 1.0
12:27:32 | i — | [  INIT   ]   bg_ails_wall_model_scale    = 0.976
12:27:32 | i — | [  INIT   ]   bg_ails_wall_model_wave_exponent= -0.18
12:27:32 | i — | [  INIT   ]   bg_ails_initial_omega       = 10
12:27:32 | i — | [  INIT   ]   bg_ails_boundary_threshold  = 0.5
12:27:32 | i — | [  INIT   ]   bg_ails_small_cluster_cap   = 20
12:27:32 | i — | [  INIT   ]   bg_ails_small_cluster_alpha = 0.5
12:27:32 | i — | [  INIT   ]   bg_ails_pair_selection      = greedy
12:27:32 | i — | [  INIT   ]   bg_ails_n_chains_mode       = k
12:27:32 | i — | [  INIT   ] ── standard_improvement ────────────────────
12:27:32 | i — | [  INIT   ]   standard_improvement_time_limit= 360.0
12:27:32 | i — | [  INIT   ] ── pool ────────────────────────────────────
12:27:32 | i — | [  INIT   ]   max_pool_size               = 10000
12:27:32 | i — | [  INIT   ]   pool_diversity_weight       = 0.5
12:27:32 | i — | [  INIT   ] ── haos ────────────────────────────────────
12:27:32 | i — | [  INIT   ]   haos_decay                  = 0.95
12:27:32 | i — | [  INIT   ]   haos_warmup                 = 10
12:27:32 | i — | [  INIT   ]   haos_starting_weight        = 10.0
12:27:32 | i — | [  INIT   ]   haos_min_weight_k           = 0.025
12:27:32 | i — | [  INIT   ]   haos_min_weight_lambda      = 0.05
12:27:32 | i — | [  INIT   ]   haos_min_weight_paradigm    = 0.1
12:27:32 | i — | [  INIT   ]   haos_min_weight_vertex_method= 0.05
12:27:32 | i — | [  INIT   ]   haos_min_weight_route_method= 0.05
12:27:32 | i — | [  INIT   ]   haos_min_weight_solver      = 0.05
12:27:32 | i — | [  INIT   ]   haos_lambda_demand_values   = [0.0, 0.2, 0.4, 0.6, 0.8, 1.0]
12:27:32 | i — | [  INIT   ]   haos_paradigm_values        = ['vertex', 'route']
12:27:32 | i — | [  INIT   ]   haos_vertex_method_values   = ['kmeans', 'agglomerative_avg', 'agglomerative_complete', 'kmedoids', 'fcm']
12:27:32 | i — | [  INIT   ]   haos_route_method_values    = ['kmeans', 'agglomerative_avg', 'agglomerative_complete']
12:27:32 | i — | [  INIT   ]   haos_solver_values          = ['pyvrp', 'filo', 'filo2', 'ails2']
12:27:32 | i — | [  INIT   ] ── haos_rewards ────────────────────────────
12:27:32 | i — | [  INIT   ]   haos_reward_new_best        = 10.0
12:27:32 | i — | [  INIT   ]   haos_reward_improvement     = 4.0
12:27:32 | i — | [  INIT   ]   haos_reward_no_improvement  = 1.0
12:27:32 | i — | [  INIT   ]   haos_reward_no_solution     = 0.0
12:27:32 | i — | [  INIT   ]   haos_deferred_new_best      = 7.0
12:27:32 | i — | [  INIT   ]   haos_deferred_improvement   = 3.0
12:27:32 | i — | [  INIT   ]   haos_deferred_no_improvement= 0.0
12:27:32 | i — | [  INIT   ] ── seed ────────────────────────────────────
12:27:32 | i — | [  INIT   ]   seed                        = 10
12:27:32 | i — | [  INIT   ] ── output ──────────────────────────────────
12:27:32 | i — | [  INIT   ]   output_dir                  = /app/artifacts/final_benchmark/runs/X-n6034-k61/seed10
12:27:32 | i — | [  INIT   ]   run_analysis                = False
12:27:32 | i — | [  INIT   ] ══════════════════════════════════════════════════════
12:27:32 | i — | [  INIT   ] BKS=64251.00
12:27:32 | i — | [  INIT   ] ════════════════════════════════════════
12:27:32 | i 1 | [HAOS ROLL] k=6  λ=0.6  vb  kmeans  filo  P≈0.000595
12:27:39 | i 1 | [Phase 1/3] decompose  6.77s / — / —  λ=0.6  vb kmeans
12:29:03 | i 1 | [Phase 2/3] route  84.25s / 81.96s / 102.8%  filo  k=6
12:29:03 | i 1 | [ IMPROVE ] 67531.00  via decompose_route  ·  Δ_BKS=+5.10%
12:29:03 | i 1 | [HAOS ROLL] k=6  λ=0.6  vb  kmeans  filo  P≈0.000595
12:29:03 | i 1 | [ Summary ] cost=67531.00  Δ_S*=+0.00%  Δ_BKS=+5.10%  Δ_S*_BKS=+5.10%  no_improve=0
12:29:03 | i 2 | [HAOS ROLL] k=3  λ=0.4  vb  ac_complete  ails2  P≈0.000595
12:29:08 | i 2 | [Phase 1/3] decompose  4.36s / — / —  λ=0.4  vb ac_complete
12:32:17 | i 2 | [Phase 2/3] route  188.94s / 185.16s / 102.0%  ails2  k=3
12:32:17 | i 1 | [ IMPROVE ] 66123.00  via bg_ails  ·  Δ_BKS=+2.91%
12:32:17 | i 1 | [ ASYNC BG] bg_ails  91.54s / 79.99s / 114.4%
12:32:17 | i 2 | [HAOS ROLL] k=3  λ=0.4  vb  ac_complete  ails2  P≈0.000595
12:32:17 | i 2 | [ Summary ] cost=66801.00  Δ_S*=+1.03%  Δ_BKS=+3.97%  Δ_S*_BKS=+2.91%  no_improve=1
12:32:17 | i 3 | [HAOS ROLL] k=2  λ=0.0  vb  ac_complete  filo  P≈0.000595
12:32:20 | i 3 | [Phase 1/3] decompose  3.30s / — / —  λ=0.0  vb ac_complete
12:35:45 | i 3 | [Phase 2/3] route  204.72s / 203.94s / 100.4%  filo  k=2
12:35:45 | i 2 | [ IMPROVE ] 65854.00  via bg_ails  ·  Δ_BKS=+2.49%
12:35:45 | i 2 | [ ASYNC BG] bg_ails  192.05s / 180.72s / 106.3%
12:35:45 | i 3 | [HAOS ROLL] k=2  λ=0.0  vb  ac_complete  filo  P≈0.000595
12:35:45 | i 3 | [ Summary ] cost=66552.00  Δ_S*=+1.06%  Δ_BKS=+3.58%  Δ_S*_BKS=+2.49%  no_improve=1
12:35:45 | i 4 | [HAOS ROLL] k=12  λ=0.6  vb  ac_avg  filo2  P≈0.000595
12:35:49 | i 4 | [Phase 1/3] decompose  3.98s / — / —  λ=0.6  vb ac_avg
12:38:09 | i 4 | [Phase 2/3] route  140.40s / 139.62s / 100.6%  filo2  k=12
12:39:15 | i 3 | [ IMPROVE ] 65508.00  via bg_ails  ·  Δ_BKS=+1.96%
12:39:15 | i 3 | [ ASYNC BG] bg_ails  210.33s / 199.05s / 105.7%
12:39:15 | i 4 | [HAOS ROLL] k=12  λ=0.6  vb  ac_avg  filo2  P≈0.000595
12:39:15 | i 4 | [ Summary ] cost=74543.00  Δ_S*=+13.79%  Δ_BKS=+16.02%  Δ_S*_BKS=+1.96%  no_improve=1
12:39:15 | i 5 | [HAOS ROLL] k=4  λ=0.6  rb  kmeans  ails2  P≈0.000992
12:39:18 | i 5 | [Phase 1/3] decompose  2.72s / — / —  λ=0.6  rb kmeans
12:41:33 | i 5 | [Phase 2/3] route  134.80s / 131.76s / 102.3%  ails2  k=4
12:41:33 | i 4 | [ ASYNC BG] bg_ails  136.11s / 124.59s / 109.2%
12:41:33 | i 5 | [ IMPROVE ] 65470.00  via decompose_route  ·  Δ_BKS=+1.90%
12:41:33 | i 5 | [HAOS ROLL] k=4  λ=0.6  rb  kmeans  ails2  P≈0.000992
12:41:33 | i 5 | [ Summary ] cost=65470.00  Δ_S*=+0.00%  Δ_BKS=+1.90%  Δ_S*_BKS=+1.90%  no_improve=0
12:41:33 | i 6 | [HAOS ROLL] k=8  λ=0.6  rb  ac_complete  ails2  P≈0.000992
12:41:36 | i 6 | [Phase 1/3] decompose  2.78s / — / —  λ=0.6  rb ac_complete
12:43:03 | i 6 | [Phase 2/3] route  87.07s / 84.06s / 103.6%  ails2  k=8
12:43:53 | i 5 | [ IMPROVE ] 65255.00  via bg_ails  ·  Δ_BKS=+1.56%
12:43:53 | i 5 | [ ASYNC BG] bg_ails  140.03s / 128.60s / 108.9%
12:43:53 | i 6 | [HAOS ROLL] k=8  λ=0.6  rb  ac_complete  ails2  P≈0.000992
12:43:53 | i 6 | [ Summary ] cost=65424.00  Δ_S*=+0.26%  Δ_BKS=+1.83%  Δ_S*_BKS=+1.56%  no_improve=1
12:43:53 | i 7 | [HAOS ROLL] k=12  λ=0.4  vb  kmeans  pyvrp  P≈0.000595
12:43:56 | i 7 | [Phase 1/3] decompose  2.70s / — / —  λ=0.4  vb kmeans
12:45:09 | i 7 | [Phase 2/3] route  73.22s / 50.10s / 146.2%  pyvrp  k=12
12:45:52 | i 6 | [ ASYNC BG] bg_ails  119.06s / 107.78s / 110.5%
12:45:52 | i 7 | [HAOS ROLL] k=12  λ=0.4  vb  kmeans  pyvrp  P≈0.000595
12:45:52 | i 7 | [ Summary ] cost=72303.00  Δ_S*=+10.80%  Δ_BKS=+12.53%  Δ_S*_BKS=+1.56%  no_improve=3
12:45:52 | i 8 | [HAOS ROLL] k=3  λ=1.0  vb  ac_avg  pyvrp  P≈0.000595
12:45:56 | i 8 | [Phase 1/3] decompose  3.87s / — / —  λ=1.0  vb ac_avg
12:49:40 | i 8 | [Phase 2/3] route  223.90s / 195.72s / 114.4%  pyvrp  k=3
12:49:40 | i 7 | [ ASYNC BG] bg_ails  80.95s / 69.99s / 115.7%
12:49:40 | i 8 | [HAOS ROLL] k=3  λ=1.0  vb  ac_avg  pyvrp  P≈0.000595
12:49:40 | i 8 | [ Summary ] cost=67687.00  Δ_S*=+3.73%  Δ_BKS=+5.35%  Δ_S*_BKS=+1.56%  no_improve=5
12:49:40 | i 9 | [HAOS ROLL] k=4  λ=1.0  vb  kmeans  filo  P≈0.000595
12:49:43 | i 9 | [Phase 1/3] decompose  2.69s / — / —  λ=1.0  vb kmeans
12:52:03 | i 9 | [Phase 2/3] route  140.40s / 140.04s / 100.3%  filo  k=4
12:53:03 | i 8 | [ ASYNC BG] bg_ails  203.00s / 191.02s / 106.3%
12:53:03 | i 9 | [HAOS ROLL] k=4  λ=1.0  vb  kmeans  filo  P≈0.000595
12:53:03 | i 9 | [ Summary ] cost=67142.00  Δ_S*=+2.89%  Δ_BKS=+4.50%  Δ_S*_BKS=+1.56%  no_improve=7
12:53:03 | i 6 | [ASYNC 1/2] sp_sc  0.27s / 720.00s / 0.0%  SP  avg_coverage=10.97/5  pool=689
12:53:03 | i 6 | [ASYNC 2/2] standard_ails  369.01s / 360.00s / 102.5%
12:53:04 | i 6 | [ IMPROVE ] 65116.00  via standard_ails  ·  Δ_BKS=+1.35%
12:53:04 | i 10 | [HAOS ROLL] k=12  λ=1.0  rb  kmeans  ails2  P≈0.000992
12:53:07 | i 10 | [Phase 1/3] decompose  2.60s / — / —  λ=1.0  rb kmeans
12:54:14 | i 10 | [Phase 2/3] route  67.07s / 64.80s / 103.5%  ails2  k=12
12:55:31 | i 9 | [ ASYNC BG] bg_ails  147.91s / 136.68s / 108.2%
12:55:31 | i 10 | [HAOS ROLL] k=12  λ=1.0  rb  kmeans  ails2  P≈0.000992
12:55:31 | i 10 | [ Summary ] cost=65129.00  Δ_S*=+0.02%  Δ_BKS=+1.37%  Δ_S*_BKS=+1.35%  no_improve=2
12:55:31 | i 11 | [HAOS ROLL] k=6  λ=1.0  vb  ac_complete  filo  P≈0.000595
12:55:35 | i 11 | [Phase 1/3] decompose  3.93s / — / —  λ=1.0  vb ac_complete
12:57:37 | i 11 | [Phase 2/3] route  122.40s / 122.40s / 100.0%  filo  k=6
12:57:37 | i 10 | [ ASYNC BG] bg_ails  108.05s / 96.77s / 111.7%
12:57:37 | i 11 | [HAOS ROLL] k=6  λ=1.0  vb  ac_complete  filo  P≈0.000595
12:57:37 | i 11 | [ Summary ] cost=68383.00  Δ_S*=+5.02%  Δ_BKS=+6.43%  Δ_S*_BKS=+1.35%  no_improve=4
12:57:37 | i 12 | [HAOS ROLL] k=2  λ=0.6  rb  kmeans  pyvrp  P≈0.000946
12:57:40 | i 12 | [Phase 1/3] decompose  2.72s / — / —  λ=0.6  rb kmeans
13:01:11 | i 12 | [Phase 2/3] route  211.26s / 185.40s / 114.0%  pyvrp  k=2
13:01:11 | i 11 | [ ASYNC BG] bg_ails  131.02s / 119.46s / 109.7%
13:01:11 | i 12 | [HAOS ROLL] k=2  λ=0.6  rb  kmeans  pyvrp  P≈0.000946
13:01:12 | i 12 | [ Summary ] cost=66762.00  Δ_S*=+2.53%  Δ_BKS=+3.91%  Δ_S*_BKS=+1.35%  no_improve=6
13:01:12 | i 13 | [HAOS ROLL] k=6  λ=0.8  vb  ac_complete  ails2  P≈0.000947
13:01:16 | i 13 | [Phase 1/3] decompose  3.98s / — / —  λ=0.8  vb ac_complete
13:03:19 | i 13 | [Phase 2/3] route  123.96s / 120.78s / 102.6%  ails2  k=6
13:04:24 | i 12 | [ ASYNC BG] bg_ails  192.73s / 180.95s / 106.5%
13:04:24 | i 13 | [HAOS ROLL] k=6  λ=0.8  vb  ac_complete  ails2  P≈0.000947
13:04:24 | i 13 | [ Summary ] cost=68518.00  Δ_S*=+5.22%  Δ_BKS=+6.64%  Δ_S*_BKS=+1.35%  no_improve=8
13:04:24 | i 14 | [HAOS ROLL] k=6  λ=0.2  rb  ac_complete  filo2  P≈0.000833
13:04:27 | i 14 | [Phase 1/3] decompose  2.69s / — / —  λ=0.2  rb ac_complete
13:05:55 | i 14 | [Phase 2/3] route  88.25s / 88.14s / 100.1%  filo2  k=6
13:06:33 | i 13 | [ ASYNC BG] bg_ails  128.93s / 117.88s / 109.4%
13:06:33 | i 14 | [HAOS ROLL] k=6  λ=0.2  rb  ac_complete  filo2  P≈0.000833
13:06:33 | i 14 | [ Summary ] cost=65998.00  Δ_S*=+1.35%  Δ_BKS=+2.72%  Δ_S*_BKS=+1.35%  no_improve=10
13:06:33 | i 15 | [HAOS ROLL] k=3  λ=0.2  rb  ac_avg  ails2  P≈0.000689
13:06:36 | i 15 | [Phase 1/3] decompose  2.80s / — / —  λ=0.2  rb ac_avg
13:09:31 | i 15 | [Phase 2/3] route  174.69s / 171.00s / 102.2%  ails2  k=3
13:09:31 | i 14 | [ ASYNC BG] bg_ails  97.97s / 86.02s / 113.9%
13:09:31 | i 15 | [HAOS ROLL] k=3  λ=0.2  rb  ac_avg  ails2  P≈0.000689
13:09:31 | i 15 | [ Summary ] cost=65274.00  Δ_S*=+0.24%  Δ_BKS=+1.59%  Δ_S*_BKS=+1.35%  no_improve=12
13:09:31 | i 16 | [HAOS ROLL] k=6  λ=0.4  vb  kmeans  ails2  P≈0.000774
13:09:34 | i 16 | [Phase 1/3] decompose  2.94s / — / —  λ=0.4  vb kmeans
13:10:56 | i 16 | [Phase 2/3] route  81.97s / 79.02s / 103.7%  ails2  k=6
13:12:29 | i 15 | [ ASYNC BG] bg_ails  178.21s / 166.90s / 106.8%
13:12:29 | i 16 | [HAOS ROLL] k=6  λ=0.4  vb  kmeans  ails2  P≈0.000774
13:12:29 | i 16 | [ Summary ] cost=67340.00  Δ_S*=+3.42%  Δ_BKS=+4.81%  Δ_S*_BKS=+1.35%  no_improve=14
13:12:29 | i 13 | [ASYNC 1/2] sp_sc  2.54s / 720.00s / 0.4%  SP  avg_coverage=25.82/5  pool=1620
13:12:29 | i 13 | [ASYNC 2/2] standard_ails  368.98s / 360.00s / 102.5%
13:12:33 | i 13 | [ IMPROVE ] 64987.00  via standard_ails  ·  Δ_BKS=+1.15%
13:12:33 | i 17 | [HAOS ROLL] k=2  λ=0.2  rb  kmeans  pyvrp  P≈0.001240
13:12:35 | i 17 | [Phase 1/3] decompose  2.62s / — / —  λ=0.2  rb kmeans
13:16:15 | i 17 | [Phase 2/3] route  219.13s / 191.28s / 114.6%  pyvrp  k=2
13:16:15 | i 16 | [ ASYNC BG] bg_ails  88.88s / 77.12s / 115.2%
13:16:15 | i 17 | [HAOS ROLL] k=2  λ=0.2  rb  kmeans  pyvrp  P≈0.001240
13:16:15 | i 17 | [ Summary ] cost=66304.00  Δ_S*=+2.03%  Δ_BKS=+3.20%  Δ_S*_BKS=+1.15%  no_improve=2
13:16:15 | i 18 | [HAOS ROLL] k=6  λ=1.0  rb  ac_complete  filo2  P≈0.001576
13:16:17 | i 18 | [Phase 1/3] decompose  2.70s / — / —  λ=1.0  rb ac_complete
13:17:42 | i 18 | [Phase 2/3] route  84.22s / 84.00s / 100.3%  filo2  k=6
13:19:33 | i 17 | [ ASYNC BG] bg_ails  197.96s / 186.69s / 106.0%
13:19:33 | i 18 | [HAOS ROLL] k=6  λ=1.0  rb  ac_complete  filo2  P≈0.001576
13:19:33 | i 18 | [ Summary ] cost=66194.00  Δ_S*=+1.86%  Δ_BKS=+3.02%  Δ_S*_BKS=+1.15%  no_improve=4
13:19:33 | i 19 | [HAOS ROLL] k=12  λ=0.8  rb  ac_complete  filo  P≈0.000597
13:19:35 | i 19 | [Phase 1/3] decompose  2.64s / — / —  λ=0.8  rb ac_complete
13:20:47 | i 19 | [Phase 2/3] route  72.16s / 60.00s / 120.3%  filo  k=12
13:21:05 | i 18 | [ ASYNC BG] bg_ails  92.91s / 81.98s / 113.3%
13:21:05 | i 19 | [HAOS ROLL] k=12  λ=0.8  rb  ac_complete  filo  P≈0.000597
13:21:06 | i 19 | [ Summary ] cost=65632.00  Δ_S*=+0.99%  Δ_BKS=+2.15%  Δ_S*_BKS=+1.15%  no_improve=6
13:21:06 | i 20 | [HAOS ROLL] k=12  λ=1.0  rb  ac_complete  filo  P≈0.002195
13:21:08 | i 20 | [Phase 1/3] decompose  2.65s / — / —  λ=1.0  rb ac_complete
13:22:20 | i 20 | [Phase 2/3] route  72.16s / 60.00s / 120.3%  filo  k=12
13:22:29 | i 19 | [ ASYNC BG] bg_ails  83.92s / 72.37s / 116.0%
13:22:29 | i 20 | [HAOS ROLL] k=12  λ=1.0  rb  ac_complete  filo  P≈0.002195
13:22:29 | i 20 | [ Summary ] cost=65694.00  Δ_S*=+1.09%  Δ_BKS=+2.25%  Δ_S*_BKS=+1.15%  no_improve=8
13:22:29 | i 21 | [HAOS ROLL] k=3  λ=0.6  rb  kmeans  filo  P≈0.000964
13:22:32 | i 21 | [Phase 1/3] decompose  2.80s / — / —  λ=0.6  rb kmeans
13:25:18 | i 21 | [Phase 2/3] route  165.54s / 165.06s / 100.3%  filo  k=3
13:25:18 | i 20 | [ ASYNC BG] bg_ails  83.97s / 72.37s / 116.0%
13:25:18 | i 21 | [HAOS ROLL] k=3  λ=0.6  rb  kmeans  filo  P≈0.000964
13:25:18 | i 21 | [ Summary ] cost=65923.00  Δ_S*=+1.44%  Δ_BKS=+2.60%  Δ_S*_BKS=+1.15%  no_improve=10
13:25:18 | i 22 | [HAOS ROLL] k=12  λ=1.0  rb  kmeans  ails2  P≈0.004987
13:25:21 | i 22 | [Phase 1/3] decompose  2.78s / — / —  λ=1.0  rb kmeans
13:26:34 | i 22 | [Phase 2/3] route  73.48s / 53.28s / 137.9%  ails2  k=12
13:28:11 | i 21 | [ ASYNC BG] bg_ails  173.31s / 161.10s / 107.6%
13:28:11 | i 22 | [HAOS ROLL] k=12  λ=1.0  rb  kmeans  ails2  P≈0.004987
13:28:11 | i 22 | [ Summary ] cost=65157.00  Δ_S*=+0.26%  Δ_BKS=+1.41%  Δ_S*_BKS=+1.15%  no_improve=12
13:28:11 | i 23 | [HAOS ROLL] k=12  λ=0.2  rb  ac_avg  filo2  P≈0.001428
13:28:14 | i 23 | [Phase 1/3] decompose  3.22s / — / —  λ=0.2  rb ac_avg
13:29:32 | i 23 | [Phase 2/3] route  77.20s / 60.00s / 128.7%  filo2  k=12
13:29:44 | i 22 | [ ASYNC BG] bg_ails  92.50s / 81.00s / 114.2%
13:29:44 | i 23 | [HAOS ROLL] k=12  λ=0.2  rb  ac_avg  filo2  P≈0.001428
13:29:44 | i 23 | [ Summary ] cost=65697.00  Δ_S*=+1.09%  Δ_BKS=+2.25%  Δ_S*_BKS=+1.15%  no_improve=14
13:29:44 | i 24 | [HAOS ROLL] k=3  λ=0.8  rb  kmeans  filo  P≈0.002589
13:29:47 | i 24 | [Phase 1/3] decompose  2.81s / — / —  λ=0.8  rb kmeans
13:32:32 | i 24 | [Phase 2/3] route  165.54s / 165.06s / 100.3%  filo  k=3
13:32:32 | i 23 | [ ASYNC BG] bg_ails  94.67s / 82.65s / 114.5%
13:32:32 | i 24 | [HAOS ROLL] k=3  λ=0.8  rb  kmeans  filo  P≈0.002589
13:32:32 | i 24 | [ Summary ] cost=65601.00  Δ_S*=+0.94%  Δ_BKS=+2.10%  Δ_S*_BKS=+1.15%  no_improve=16
13:32:32 | i 21 | [ASYNC 1/2] sp_sc  13.42s / 720.00s / 1.9%  SP  avg_coverage=42.45/5  pool=2649
13:32:32 | i 21 | [ASYNC 2/2] standard_ails  368.86s / 360.00s / 102.5%
13:32:41 | i 25 | [HAOS ROLL] k=12  λ=0.2  rb  ac_complete  filo2  P≈0.004401
13:32:43 | i 25 | [Phase 1/3] decompose  2.60s / — / —  λ=0.2  rb ac_complete
13:33:55 | i 25 | [Phase 2/3] route  72.31s / 60.00s / 120.5%  filo2  k=12
13:35:25 | i 24 | [ ASYNC BG] bg_ails  172.85s / 161.10s / 107.3%
13:35:25 | i 25 | [HAOS ROLL] k=12  λ=0.2  rb  ac_complete  filo2  P≈0.004401
13:35:25 | i 25 | [ Summary ] cost=65544.00  Δ_S*=+0.86%  Δ_BKS=+2.01%  Δ_S*_BKS=+1.15%  no_improve=19
13:35:25 | i 26 | [HAOS ROLL] k=12  λ=0.4  vb  ac_complete  ails2  P≈0.000345
13:35:29 | i 26 | [Phase 1/3] decompose  3.77s / — / —  λ=0.4  vb ac_complete
13:37:16 | i 26 | [Phase 2/3] route  107.44s / 104.46s / 102.8%  ails2  k=12
13:37:16 | i 25 | [ ASYNC BG] bg_ails  83.81s / 72.37s / 115.8%
13:37:16 | i 26 | [HAOS ROLL] k=12  λ=0.4  vb  ac_complete  ails2  P≈0.000345
13:37:17 | i 26 | [ Summary ] cost=72163.00  Δ_S*=+11.04%  Δ_BKS=+12.31%  Δ_S*_BKS=+1.15%  no_improve=21
13:37:17 | i 27 | [HAOS ROLL] k=6  λ=0.8  rb  ac_avg  filo  P≈0.001380
13:37:19 | i 27 | [Phase 1/3] decompose  2.64s / — / —  λ=0.8  rb ac_avg
13:38:53 | i 27 | [Phase 2/3] route  94.30s / 94.02s / 100.3%  filo  k=6
13:39:58 | i 26 | [ ASYNC BG] bg_ails  162.02s / 150.06s / 108.0%
13:39:58 | i 27 | [HAOS ROLL] k=6  λ=0.8  rb  ac_avg  filo  P≈0.001380
13:39:59 | i 27 | [ Summary ] cost=65930.00  Δ_S*=+1.45%  Δ_BKS=+2.61%  Δ_S*_BKS=+1.15%  no_improve=23
13:39:59 | i 28 | [HAOS ROLL] k=12  λ=0.6  rb  kmeans  ails2  P≈0.003601
13:40:01 | i 28 | [Phase 1/3] decompose  2.65s / — / —  λ=0.6  rb kmeans
13:41:21 | i 28 | [Phase 2/3] route  79.54s / 47.16s / 168.7%  ails2  k=12
13:41:41 | i 27 | [ ASYNC BG] bg_ails  102.91s / 91.76s / 112.2%
13:41:41 | i 28 | [HAOS ROLL] k=12  λ=0.6  rb  kmeans  ails2  P≈0.003601
13:41:41 | i 28 | [ Summary ] cost=65019.00  Δ_S*=+0.05%  Δ_BKS=+1.20%  Δ_S*_BKS=+1.15%  no_improve=25
13:41:41 | i 29 | [HAOS ROLL] k=12  λ=0.8  vb  kmedoids  filo  P≈0.000896
13:41:46 | i 29 | [Phase 1/3] decompose  4.09s / — / —  λ=0.8  vb kmedoids
13:42:56 | i 29 | [Phase 2/3] route  70.18s / 44.04s / 159.4%  filo  k=12
13:43:09 | i 28 | [ ASYNC BG] bg_ails  87.98s / 76.40s / 115.2%
13:43:09 | i 29 | [HAOS ROLL] k=12  λ=0.8  vb  kmedoids  filo  P≈0.000896
13:43:09 | i 29 | [ Summary ] cost=70906.00  Δ_S*=+9.11%  Δ_BKS=+10.36%  Δ_S*_BKS=+1.15%  no_improve=27
13:43:09 | i 30 | [HAOS ROLL] k=12  λ=0.6  rb  ac_avg  filo2  P≈0.002257
13:43:12 | i 30 | [Phase 1/3] decompose  2.64s / — / —  λ=0.6  rb ac_avg
13:44:29 | i 30 | [Phase 2/3] route  77.18s / 60.00s / 128.6%  filo2  k=12
13:44:29 | i 29 | [ ASYNC BG] bg_ails  78.90s / 67.20s / 117.4%
13:44:29 | i 30 | [HAOS ROLL] k=12  λ=0.6  rb  ac_avg  filo2  P≈0.002257
13:44:29 | i 30 | [ Summary ] cost=65708.00  Δ_S*=+1.11%  Δ_BKS=+2.27%  Δ_S*_BKS=+1.15%  no_improve=29
13:44:29 | i 31 | [HAOS ROLL] k=6  λ=0.8  rb  kmeans  filo  P≈0.004107
13:44:32 | i 31 | [Phase 1/3] decompose  2.64s / — / —  λ=0.8  rb kmeans
13:45:44 | i 31 | [Phase 2/3] route  72.21s / 72.18s / 100.0%  filo  k=6
13:46:03 | i 30 | [ ASYNC BG] bg_ails  94.12s / 82.65s / 113.9%
13:46:04 | i 31 | [HAOS ROLL] k=6  λ=0.8  rb  kmeans  filo  P≈0.004107
13:46:04 | i 31 | [ Summary ] cost=66053.00  Δ_S*=+1.64%  Δ_BKS=+2.80%  Δ_S*_BKS=+1.15%  no_improve=31
13:46:04 | i 32 | [HAOS ROLL] k=10  λ=0.0  rb  ac_complete  filo  P≈0.000638
13:46:06 | i 32 | [Phase 1/3] decompose  2.01s / — / —  λ=0.0  rb ac_complete
13:47:11 | i 32 | [Phase 2/3] route  65.18s / 60.00s / 108.6%  filo  k=10
13:47:25 | i 31 | [ ASYNC BG] bg_ails  81.78s / 70.45s / 116.1%
13:47:25 | i 32 | [HAOS ROLL] k=10  λ=0.0  rb  ac_complete  filo  P≈0.000638
13:47:25 | i 32 | [ Summary ] cost=66079.00  Δ_S*=+1.68%  Δ_BKS=+2.85%  Δ_S*_BKS=+1.15%  no_improve=33
13:47:25 | i 33 | [HAOS ROLL] k=12  λ=0.0  vb  ac_avg  filo2  P≈0.000338
13:47:29 | i 33 | [Phase 1/3] decompose  3.21s / — / —  λ=0.0  vb ac_avg
13:49:51 | i 33 | [Phase 2/3] route  142.46s / 141.84s / 100.4%  filo2  k=12
13:49:51 | i 32 | [ ASYNC BG] bg_ails  83.34s / 72.37s / 115.2%
13:49:51 | i 33 | [HAOS ROLL] k=12  λ=0.0  vb  ac_avg  filo2  P≈0.000338
13:49:51 | i 33 | [ Summary ] cost=74180.00  Δ_S*=+14.15%  Δ_BKS=+15.45%  Δ_S*_BKS=+1.15%  no_improve=35
13:49:51 | i 34 | [HAOS ROLL] k=6  λ=1.0  rb  kmeans  filo  P≈0.003414
13:49:54 | i 34 | [Phase 1/3] decompose  2.79s / — / —  λ=1.0  rb kmeans
13:51:18 | i 34 | [Phase 2/3] route  84.25s / 84.00s / 100.3%  filo  k=6
13:52:09 | i 33 | [ ASYNC BG] bg_ails  137.69s / 126.90s / 108.5%
13:52:09 | i 34 | [HAOS ROLL] k=6  λ=1.0  rb  kmeans  filo  P≈0.003414
13:52:09 | i 34 | [ Summary ] cost=66138.00  Δ_S*=+1.77%  Δ_BKS=+2.94%  Δ_S*_BKS=+1.15%  no_improve=37
13:52:09 | i 35 | [HAOS ROLL] k=12  λ=0.6  rb  kmeans  filo  P≈0.007066
13:52:12 | i 35 | [Phase 1/3] decompose  2.75s / — / —  λ=0.6  rb kmeans
13:53:29 | i 35 | [Phase 2/3] route  77.21s / 53.28s / 144.9%  filo  k=12
13:53:43 | i 34 | [ ASYNC BG] bg_ails  93.77s / 81.98s / 114.4%
13:53:43 | i 35 | [HAOS ROLL] k=12  λ=0.6  rb  kmeans  filo  P≈0.007066
13:53:43 | i 35 | [ Summary ] cost=65872.00  Δ_S*=+1.36%  Δ_BKS=+2.52%  Δ_S*_BKS=+1.15%  no_improve=39
13:53:43 | i 31 | [ASYNC 1/2] sp_sc  35.78s / 720.00s / 5.0%  SP  avg_coverage=61.76/5  pool=3843
13:53:43 | i 31 | [ASYNC 2/2] standard_ails  368.92s / 360.00s / 102.5%
13:54:02 | i 31 | [ IMPROVE ] 64981.00  via standard_ails  ·  Δ_BKS=+1.14%
13:54:02 | i 36 | [HAOS ROLL] k=12  λ=1.0  vb  kmedoids  filo  P≈0.001259
13:54:06 | i 36 | [Phase 1/3] decompose  4.12s / — / —  λ=1.0  vb kmedoids
13:55:28 | i 36 | [Phase 2/3] route  82.37s / 45.42s / 181.4%  filo  k=12
13:55:28 | i 35 | [ ASYNC BG] bg_ails  88.20s / 76.92s / 114.7%
13:55:28 | i 36 | [HAOS ROLL] k=12  λ=1.0  vb  kmedoids  filo  P≈0.001259
13:55:28 | i 36 | [ Summary ] cost=70829.00  Δ_S*=+9.00%  Δ_BKS=+10.24%  Δ_S*_BKS=+1.14%  no_improve=2
13:55:28 | i 37 | [HAOS ROLL] k=6  λ=0.8  rb  kmeans  filo2  P≈0.003285
13:55:31 | i 37 | [Phase 1/3] decompose  2.64s / — / —  λ=0.8  rb kmeans
13:57:07 | i 37 | [Phase 2/3] route  96.28s / 96.00s / 100.3%  filo2  k=6
13:57:07 | i 36 | [ ASYNC BG] bg_ails  85.89s / 73.30s / 117.2%
13:57:07 | i 37 | [HAOS ROLL] k=6  λ=0.8  rb  kmeans  filo2  P≈0.003285
13:57:07 | i 37 | [ Summary ] cost=65679.00  Δ_S*=+1.07%  Δ_BKS=+2.22%  Δ_S*_BKS=+1.14%  no_improve=4
13:57:07 | i 38 | [HAOS ROLL] k=6  λ=0.6  vb  fcm  filo  P≈0.000403
13:57:10 | i 38 | [Phase 1/3] decompose  3.10s / — / —  λ=0.6  vb fcm
13:58:31 | i 38 | [Phase 2/3] route  80.24s / 80.22s / 100.0%  filo  k=6
13:58:53 | i 37 | [ ASYNC BG] bg_ails  105.38s / 93.70s / 112.5%
13:58:53 | i 38 | [HAOS ROLL] k=6  λ=0.6  vb  fcm  filo  P≈0.000403
13:58:53 | i 38 | [ Summary ] cost=67955.00  Δ_S*=+4.58%  Δ_BKS=+5.76%  Δ_S*_BKS=+1.14%  no_improve=6
13:58:53 | i 39 | [HAOS ROLL] k=12  λ=0.2  rb  ac_avg  filo2  P≈0.002885
13:58:55 | i 39 | [Phase 1/3] decompose  2.68s / — / —  λ=0.2  rb ac_avg
14:00:13 | i 39 | [Phase 2/3] route  77.24s / 59.94s / 128.9%  filo2  k=12
14:00:23 | i 38 | [ ASYNC BG] bg_ails  90.43s / 78.29s / 115.5%
14:00:23 | i 39 | [HAOS ROLL] k=12  λ=0.2  rb  ac_avg  filo2  P≈0.002885
14:00:23 | i 39 | [ Summary ] cost=65462.00  Δ_S*=+0.74%  Δ_BKS=+1.88%  Δ_S*_BKS=+1.14%  no_improve=8
14:00:23 | i 40 | [HAOS ROLL] k=12  λ=0.4  rb  ac_complete  pyvrp  P≈0.000721
14:00:26 | i 40 | [Phase 1/3] decompose  2.65s / — / —  λ=0.4  rb ac_complete
14:01:40 | i 40 | [Phase 2/3] route  74.34s / 59.94s / 124.0%  pyvrp  k=12
14:02:18 | i 39 | [ ASYNC BG] bg_ails  114.48s / 102.19s / 112.0%
14:02:18 | i 40 | [HAOS ROLL] k=12  λ=0.4  rb  ac_complete  pyvrp  P≈0.000721
14:02:18 | i 40 | [ Summary ] cost=66252.00  Δ_S*=+1.96%  Δ_BKS=+3.11%  Δ_S*_BKS=+1.14%  no_improve=10
14:02:18 | i 41 | [HAOS ROLL] k=6  λ=0.6  rb  kmeans  filo  P≈0.004937
14:02:20 | i 41 | [Phase 1/3] decompose  2.68s / — / —  λ=0.6  rb kmeans
14:03:55 | i 41 | [Phase 2/3] route  94.27s / 94.02s / 100.3%  filo  k=6
14:03:55 | i 40 | [ ASYNC BG] bg_ails  94.39s / 82.60s / 114.3%
14:03:55 | i 41 | [HAOS ROLL] k=6  λ=0.6  rb  kmeans  filo  P≈0.004937
14:03:55 | i 41 | [ Summary ] cost=65875.00  Δ_S*=+1.38%  Δ_BKS=+2.53%  Δ_S*_BKS=+1.14%  no_improve=12
14:03:55 | i 42 | [HAOS ROLL] k=12  λ=0.4  rb  ac_complete  ails2  P≈0.003023
14:03:57 | i 42 | [Phase 1/3] decompose  2.65s / — / —  λ=0.4  rb ac_complete
14:05:11 | i 42 | [Phase 2/3] route  73.41s / 59.94s / 122.5%  ails2  k=12
14:05:38 | i 41 | [ ASYNC BG] bg_ails  103.22s / 91.76s / 112.5%
14:05:38 | i 42 | [HAOS ROLL] k=12  λ=0.4  rb  ac_complete  ails2  P≈0.003023
14:05:38 | i 42 | [ Summary ] cost=65101.00  Δ_S*=+0.18%  Δ_BKS=+1.32%  Δ_S*_BKS=+1.14%  no_improve=14
14:05:38 | i 43 | [HAOS ROLL] k=2  λ=0.2  rb  ac_complete  filo  P≈0.001208
14:05:41 | i 43 | [Phase 1/3] decompose  2.63s / — / —  λ=0.2  rb ac_complete
14:08:58 | i 43 | [Phase 2/3] route  197.70s / 196.92s / 100.4%  filo  k=2
14:08:58 | i 42 | [ ASYNC BG] bg_ails  94.57s / 82.60s / 114.5%
14:08:59 | i 43 | [HAOS ROLL] k=2  λ=0.2  rb  ac_complete  filo  P≈0.001208
14:08:59 | i 43 | [ Summary ] cost=65522.00  Δ_S*=+0.83%  Δ_BKS=+1.98%  Δ_S*_BKS=+1.14%  no_improve=16
14:08:59 | i 44 | [HAOS ROLL] k=4  λ=0.6  rb  ac_complete  filo2  P≈0.001128
14:09:01 | i 44 | [Phase 1/3] decompose  2.74s / — / —  λ=0.6  rb ac_complete
14:10:56 | i 44 | [Phase 2/3] route  114.34s / 113.58s / 100.7%  filo2  k=4
14:12:22 | i 43 | [ ASYNC BG] bg_ails  203.92s / 192.19s / 106.1%
14:12:22 | i 44 | [HAOS ROLL] k=4  λ=0.6  rb  ac_complete  filo2  P≈0.001128
14:12:23 | i 44 | [ Summary ] cost=66102.00  Δ_S*=+1.73%  Δ_BKS=+2.88%  Δ_S*_BKS=+1.14%  no_improve=18
14:12:23 | i 45 | [HAOS ROLL] k=2  λ=0.6  rb  kmeans  filo  P≈0.002517
14:12:25 | i 45 | [Phase 1/3] decompose  2.69s / — / —  λ=0.6  rb kmeans
14:15:31 | i 45 | [Phase 2/3] route  185.63s / 185.34s / 100.2%  filo  k=2
14:15:31 | i 44 | [ ASYNC BG] bg_ails  121.91s / 110.85s / 110.0%
14:15:31 | i 45 | [HAOS ROLL] k=2  λ=0.6  rb  kmeans  filo  P≈0.002517
14:15:31 | i 45 | [ Summary ] cost=65600.00  Δ_S*=+0.95%  Δ_BKS=+2.10%  Δ_S*_BKS=+1.14%  no_improve=20
14:15:31 | i 46 | [HAOS ROLL] k=4  λ=0.6  rb  ac_complete  filo  P≈0.003133
14:15:34 | i 46 | [Phase 1/3] decompose  2.72s / — / —  λ=0.6  rb ac_complete
14:17:28 | i 46 | [Phase 2/3] route  114.33s / 113.58s / 100.7%  filo  k=4
14:18:43 | i 45 | [ ASYNC BG] bg_ails  191.94s / 180.89s / 106.1%
14:18:43 | i 46 | [HAOS ROLL] k=4  λ=0.6  rb  ac_complete  filo  P≈0.003133
14:18:43 | i 46 | [ Summary ] cost=66102.00  Δ_S*=+1.73%  Δ_BKS=+2.88%  Δ_S*_BKS=+1.14%  no_improve=22
14:18:43 | i 43 | [ASYNC 1/2] sp_sc  194.12s / 720.00s / 27.0%  SP  avg_coverage=84.83/5  pool=5275
14:18:43 | i 43 | [ASYNC 2/2] standard_ails  368.88s / 360.00s / 102.5%
14:19:12 | i 43 | [ IMPROVE ] 64945.00  via standard_ails  ·  Δ_BKS=+1.08%
14:19:12 | i 47 | [HAOS ROLL] k=12  λ=0.2  rb  ac_complete  pyvrp  P≈0.002202
14:19:15 | i 47 | [Phase 1/3] decompose  2.75s / — / —  λ=0.2  rb ac_complete
14:20:30 | i 47 | [Phase 2/3] route  74.88s / 60.00s / 124.8%  pyvrp  k=12
14:20:45 | i 46 | [ ASYNC BG] bg_ails  121.87s / 110.85s / 109.9%
14:20:45 | i 47 | [HAOS ROLL] k=12  λ=0.2  rb  ac_complete  pyvrp  P≈0.002202
14:20:45 | i 47 | [ Summary ] cost=66011.00  Δ_S*=+1.64%  Δ_BKS=+2.74%  Δ_S*_BKS=+1.08%  no_improve=2
14:20:45 | i 48 | [HAOS ROLL] k=4  λ=0.6  rb  ac_complete  pyvrp  P≈0.000657
14:20:48 | i 48 | [Phase 1/3] decompose  2.66s / — / —  λ=0.6  rb ac_complete
14:22:52 | i 48 | [Phase 2/3] route  124.47s / 113.64s / 109.5%  pyvrp  k=4
14:22:52 | i 47 | [ ASYNC BG] bg_ails  94.16s / 82.65s / 113.9%
14:22:52 | i 48 | [HAOS ROLL] k=4  λ=0.6  rb  ac_complete  pyvrp  P≈0.000657
14:22:52 | i 48 | [ Summary ] cost=67128.00  Δ_S*=+3.36%  Δ_BKS=+4.48%  Δ_S*_BKS=+1.08%  no_improve=4
14:22:52 | i 49 | [HAOS ROLL] k=12  λ=1.0  rb  kmeans  filo  P≈0.010086
14:22:55 | i 49 | [Phase 1/3] decompose  2.62s / — / —  λ=1.0  rb kmeans
14:24:18 | i 49 | [Phase 2/3] route  83.22s / 53.28s / 156.2%  filo  k=12
14:24:54 | i 48 | [ ASYNC BG] bg_ails  121.89s / 110.91s / 109.9%
14:24:54 | i 49 | [HAOS ROLL] k=12  λ=1.0  rb  kmeans  filo  P≈0.010086
14:24:54 | i 49 | [ Summary ] cost=65744.00  Δ_S*=+1.23%  Δ_BKS=+2.32%  Δ_S*_BKS=+1.08%  no_improve=6
14:24:54 | i 50 | [HAOS ROLL] k=12  λ=0.6  rb  kmeans  filo  P≈0.017340
14:24:57 | i 50 | [Phase 1/3] decompose  2.69s / — / —  λ=0.6  rb kmeans
14:26:25 | i 50 | [Phase 2/3] route  88.20s / 52.86s / 166.9%  filo  k=12
14:26:26 | i 49 | [ ASYNC BG] bg_ails  92.15s / 80.95s / 113.8%
14:26:26 | i 50 | [HAOS ROLL] k=12  λ=0.6  rb  kmeans  filo  P≈0.017340
14:26:26 | i 50 | [ Summary ] cost=65520.00  Δ_S*=+0.89%  Δ_BKS=+1.98%  Δ_S*_BKS=+1.08%  no_improve=8
14:26:26 | i 51 | [HAOS ROLL] k=4  λ=0.2  rb  kmeans  filo  P≈0.002708
14:26:29 | i 51 | [Phase 1/3] decompose  2.72s / — / —  λ=0.2  rb kmeans
14:28:53 | i 51 | [Phase 2/3] route  143.42s / 143.40s / 100.0%  filo  k=4
14:28:53 | i 51 | [HAOS ROLL] k=4  λ=0.2  rb  kmeans  filo  P≈0.002708
14:28:53 | i 51 | [ Summary ] cost=65958.00  Δ_S*=+1.56%  Δ_BKS=+2.66%  Δ_S*_BKS=+1.08%  no_improve=9
14:28:53 | i — | [  FINAL  ] async BG-AILS totals launched=49 applied=49 adopted=4 launch_skipped_cap=2 crashes=0 discarded_in_flight=False block_wait_total_s=1334.6
14:28:53 | i — | [  FINAL  ] async SP/SC totals invocations=5 adopted=4 skipped=0 discarded_in_flight=False sp_busy_frac=0.34512119277437775
14:28:53 | i — | [  FINAL  ] ════════════════════════════════════════
14:28:53 | i — | [  FINAL  ] Run complete  iterations=51  elapsed=02:01:20  best=64945.00
14:28:53 | i — | [  FINAL  ] Δ_BKS=+1.08%  no_improve_stop=False  time_stop=True  cancelled=False
14:28:53 | i — | [  FINAL  ] 
14:28:53 | i — | [  FINAL  ] [BEST SOLUTION — HAOS TAG SUMMARY]
14:28:53 | i — | [  FINAL  ] ────────────────────────────────────────
14:28:53 | i — | [  FINAL  ]   15 routes  rb  kmeans  k=12  λ=0.6  solver=ails2
14:28:53 | i — | [  FINAL  ]   8 routes  rb  kmeans  k=12  λ=1.0  solver=ails2
14:28:53 | i — | [  FINAL  ]   3 routes  rb  ac_complete  k=12  λ=0.8  solver=filo
14:28:53 | i — | [  FINAL  ]   3 routes  rb  ac_complete  k=12  λ=0.4  solver=ails2
14:28:53 | i — | [  FINAL  ]   2 routes  rb  ac_complete  k=12  λ=0.2  solver=filo2
14:28:53 | i — | [  FINAL  ]   31 routes  post-SP/SC improvement
14:28:53 | i — | [  FINAL  ] 
14:28:53 | i — | [  FINAL  ] [ROUTE POOL — HAOS TAG SUMMARY]
14:28:53 | i — | [  FINAL  ] ────────────────────────────────────────
14:28:53 | i — | [  FINAL  ]   229 routes  rb  ac_avg  k=12  λ=0.2  solver=filo2
14:28:53 | i — | [  FINAL  ]   222 routes  rb  kmeans  k=12  λ=1.0  solver=ails2
14:28:53 | i — | [  FINAL  ]   169 routes  rb  kmeans  k=12  λ=0.6  solver=filo
14:28:53 | i — | [  FINAL  ]   132 routes  vb  ac_avg  k=12  λ=0.6  solver=filo2
14:28:53 | i — | [  FINAL  ]   130 routes  vb  kmeans  k=12  λ=0.4  solver=pyvrp
14:28:53 | i — | [  FINAL  ]   129 routes  vb  ac_complete  k=12  λ=0.4  solver=ails2
14:28:53 | i — | [  FINAL  ]   129 routes  vb  kmedoids  k=12  λ=0.8  solver=filo
14:28:53 | i — | [  FINAL  ]   129 routes  vb  kmedoids  k=12  λ=1.0  solver=filo
14:28:53 | i — | [  FINAL  ]   127 routes  vb  ac_avg  k=12  λ=0.0  solver=filo2
14:28:53 | i — | [  FINAL  ]   126 routes  vb  fcm  k=6  λ=0.6  solver=filo
14:28:53 | i — | [  FINAL  ]   126 routes  vb  kmeans  k=4  λ=1.0  solver=filo
14:28:53 | i — | [  FINAL  ]   126 routes  vb  ac_complete  k=6  λ=1.0  solver=filo
14:28:53 | i — | [  FINAL  ]   125 routes  vb  kmeans  k=6  λ=0.6  solver=filo
14:28:53 | i — | [  FINAL  ]   125 routes  vb  kmeans  k=6  λ=0.4  solver=ails2
14:28:53 | i — | [  FINAL  ]   125 routes  rb  kmeans  k=2  λ=0.2  solver=pyvrp
14:28:53 | i — | [  FINAL  ]   125 routes  rb  kmeans  k=2  λ=0.6  solver=filo
14:28:53 | i — | [  FINAL  ]   124 routes  vb  ac_complete  k=3  λ=0.4  solver=ails2
14:28:53 | i — | [  FINAL  ]   124 routes  vb  ac_complete  k=2  λ=0.0  solver=filo
14:28:53 | i — | [  FINAL  ]   124 routes  rb  kmeans  k=4  λ=0.6  solver=ails2
14:28:53 | i — | [  FINAL  ]   124 routes  vb  ac_avg  k=3  λ=1.0  solver=pyvrp
14:28:53 | i — | [  FINAL  ]   124 routes  rb  kmeans  k=2  λ=0.6  solver=pyvrp
14:28:53 | i — | [  FINAL  ]   124 routes  vb  ac_complete  k=6  λ=0.8  solver=ails2
14:28:53 | i — | [  FINAL  ]   124 routes  rb  ac_complete  k=6  λ=0.2  solver=filo2
14:28:53 | i — | [  FINAL  ]   124 routes  rb  ac_complete  k=6  λ=1.0  solver=filo2
14:28:53 | i — | [  FINAL  ]   124 routes  rb  kmeans  k=3  λ=0.6  solver=filo
14:28:53 | i — | [  FINAL  ]   124 routes  rb  ac_complete  k=4  λ=0.6  solver=filo2
14:28:53 | i — | [  FINAL  ]   123 routes  rb  ac_complete  k=4  λ=0.6  solver=filo
14:28:53 | i — | [  FINAL  ]   122 routes  rb  kmeans  k=3  λ=0.8  solver=filo
14:28:53 | i — | [  FINAL  ]   122 routes  rb  kmeans  k=6  λ=1.0  solver=filo
14:28:53 | i — | [  FINAL  ]   122 routes  rb  ac_complete  k=2  λ=0.2  solver=filo
14:28:53 | i — | [  FINAL  ]   121 routes  rb  ac_complete  k=8  λ=0.6  solver=ails2
14:28:53 | i — | [  FINAL  ]   121 routes  rb  ac_avg  k=6  λ=0.8  solver=filo
14:28:53 | i — | [  FINAL  ]   121 routes  rb  kmeans  k=6  λ=0.8  solver=filo
14:28:53 | i — | [  FINAL  ]   121 routes  rb  ac_complete  k=4  λ=0.6  solver=pyvrp
14:28:53 | i — | [  FINAL  ]   120 routes  rb  ac_avg  k=3  λ=0.2  solver=ails2
14:28:53 | i — | [  FINAL  ]   120 routes  rb  kmeans  k=6  λ=0.8  solver=filo2
14:28:53 | i — | [  FINAL  ]   120 routes  rb  kmeans  k=6  λ=0.6  solver=filo
14:28:53 | i — | [  FINAL  ]   119 routes  rb  ac_complete  k=12  λ=0.4  solver=pyvrp
14:28:53 | i — | [  FINAL  ]   119 routes  rb  ac_complete  k=12  λ=0.2  solver=pyvrp
14:28:53 | i — | [  FINAL  ]   118 routes  rb  kmeans  k=12  λ=1.0  solver=filo
14:28:53 | i — | [  FINAL  ]   113 routes  rb  ac_complete  k=12  λ=0.8  solver=filo
14:28:53 | i — | [  FINAL  ]   113 routes  rb  ac_complete  k=12  λ=1.0  solver=filo
14:28:53 | i — | [  FINAL  ]   113 routes  rb  ac_complete  k=10  λ=0.0  solver=filo
14:28:53 | i — | [  FINAL  ]   112 routes  rb  ac_complete  k=12  λ=0.2  solver=filo2
14:28:53 | i — | [  FINAL  ]   111 routes  rb  ac_avg  k=12  λ=0.6  solver=filo2
14:28:53 | i — | [  FINAL  ]   101 routes  rb  ac_complete  k=12  λ=0.4  solver=ails2
14:28:53 | i — | [  FINAL  ]   63 routes  rb  kmeans  k=12  λ=0.6  solver=ails2
14:28:53 | i — | [  FINAL  ]   61 routes  rb  kmeans  k=4  λ=0.2  solver=filo
14:28:53 | i — | [  FINAL  ]   192 routes  post-SP/SC improvement
14:28:53 | i — | [  FINAL  ] ════════════════════════════════════════
