20:13:37 | i — | [  INIT   ] ════════════════════════════════════════
20:13:37 | i — | [  INIT   ] DRISPI  instance=X-n2028-k617  n=2027  capacity=247
20:13:37 | i — | [  INIT   ] k domain (computed at init): [2, 3, 4, 6, 8, 10, 12]  k_ext=8  k_min=617  k_ext_bound=n_bound  spacing_rejected=0
20:13:37 | i — | [  INIT   ] ══════════════════════════════════════════════════════
20:13:37 | i — | [  INIT   ] CONFIGURATION
20:13:37 | i — | [  INIT   ] ── stopping ────────────────────────────────
20:13:37 | i — | [  INIT   ]   time_limit                  = 7200.0
20:13:37 | i — | [  INIT   ]   max_no_improve              = 1000000000
20:13:37 | i — | [  INIT   ] ── parallelism ─────────────────────────────
20:13:37 | i — | [  INIT   ]   n_workers                   = 8
20:13:37 | i — | [  INIT   ] ── cores ───────────────────────────────────
20:13:37 | i — | [  INIT   ]   cores_total                 = 8
20:13:37 | i — | [  INIT   ]   cores_dri                   = 6
20:13:37 | i — | [  INIT   ]   cores_bg                    = 1
20:13:37 | i — | [  INIT   ]   cores_sp                    = 1
20:13:37 | i — | [  INIT   ]   cores_cpu_list              = None
20:13:37 | i — | [  INIT   ] ── sp/sc ───────────────────────────────────
20:13:37 | i — | [  INIT   ]   sp_sc_mode                  = async
20:13:37 | i — | [  INIT   ]   sp_sc_trigger               = wallclock
20:13:37 | i — | [  INIT   ]   interval_minutes            = 20.0
20:13:37 | i — | [  INIT   ]   overlap_policy              = skip
20:13:37 | i — | [  INIT   ]   warmup_iterations           = 5
20:13:37 | i — | [  INIT   ]   sp_interval                 = 3
20:13:37 | i — | [  INIT   ]   min_coverage                = 5
20:13:37 | i — | [  INIT   ]   sp_time_limit               = 720.0
20:13:37 | i — | [  INIT   ]   mip_gap                     = 0.00025
20:13:37 | i — | [  INIT   ] ── decomposition ───────────────────────────
20:13:37 | i — | [  INIT   ]   decomp_k_base_arms          = [2, 3, 4, 6, 8, 10, 12]
20:13:37 | i — | [  INIT   ]   decomp_k_max_arms           = 10
20:13:37 | i — | [  INIT   ]   decomp_k_ext_per_1000       = 4
20:13:37 | i — | [  INIT   ]   decomp_k_min_routes_per_cluster= 8
20:13:37 | i — | [  INIT   ]   decomp_k_min_arm_spacing    = 2
20:13:37 | i — | [  INIT   ]   subcluster_rate_s_per_customer= 0.06
20:13:37 | i — | [  INIT   ]   subcluster_floor_s          = 5.0
20:13:37 | i — | [  INIT   ] ── bg_ails ─────────────────────────────────
20:13:37 | i — | [  INIT   ]   bg_ails_mode                = async
20:13:37 | i — | [  INIT   ]   bg_ails_crash_threshold     = 1
20:13:37 | i — | [  INIT   ]   bg_ails_budget_mode         = predicted_dr_wall
20:13:37 | i — | [  INIT   ]   bg_ails_budget_floor_s      = 60.0
20:13:37 | i — | [  INIT   ]   bg_ails_budget_margin       = 1.0
20:13:37 | i — | [  INIT   ]   bg_ails_wall_model_scale    = 0.976
20:13:37 | i — | [  INIT   ]   bg_ails_wall_model_wave_exponent= -0.18
20:13:37 | i — | [  INIT   ]   bg_ails_initial_omega       = 10
20:13:37 | i — | [  INIT   ]   bg_ails_boundary_threshold  = 0.5
20:13:37 | i — | [  INIT   ]   bg_ails_small_cluster_cap   = 20
20:13:37 | i — | [  INIT   ]   bg_ails_small_cluster_alpha = 0.5
20:13:37 | i — | [  INIT   ]   bg_ails_pair_selection      = greedy
20:13:37 | i — | [  INIT   ]   bg_ails_n_chains_mode       = k
20:13:37 | i — | [  INIT   ]   bg_ails_unique_first_routes = True
20:13:37 | i — | [  INIT   ]   bg_ails_boundary_mask_first_ls= True
20:13:37 | i — | [  INIT   ] ── standard_improvement ────────────────────
20:13:37 | i — | [  INIT   ]   standard_improvement_time_limit= 360.0
20:13:37 | i — | [  INIT   ] ── pool ────────────────────────────────────
20:13:37 | i — | [  INIT   ]   max_pool_size               = 10000
20:13:37 | i — | [  INIT   ]   pool_diversity_weight       = 0.5
20:13:37 | i — | [  INIT   ] ── haos ────────────────────────────────────
20:13:37 | i — | [  INIT   ]   haos_decay                  = 0.95
20:13:37 | i — | [  INIT   ]   haos_warmup                 = 10
20:13:37 | i — | [  INIT   ]   haos_starting_weight        = 10.0
20:13:37 | i — | [  INIT   ]   haos_min_weight_k           = 0.025
20:13:37 | i — | [  INIT   ]   haos_min_weight_lambda      = 0.05
20:13:37 | i — | [  INIT   ]   haos_min_weight_paradigm    = 0.1
20:13:37 | i — | [  INIT   ]   haos_min_weight_vertex_method= 0.05
20:13:37 | i — | [  INIT   ]   haos_min_weight_route_method= 0.05
20:13:37 | i — | [  INIT   ]   haos_min_weight_solver      = 0.05
20:13:37 | i — | [  INIT   ]   haos_lambda_demand_values   = [0.0, 0.2, 0.4, 0.6, 0.8, 1.0]
20:13:37 | i — | [  INIT   ]   haos_paradigm_values        = ['vertex', 'route']
20:13:37 | i — | [  INIT   ]   haos_vertex_method_values   = ['kmeans', 'agglomerative_avg', 'agglomerative_complete', 'kmedoids', 'fcm']
20:13:37 | i — | [  INIT   ]   haos_route_method_values    = ['kmeans', 'agglomerative_avg', 'agglomerative_complete']
20:13:37 | i — | [  INIT   ]   haos_solver_values          = ['pyvrp', 'filo', 'filo2', 'ails2']
20:13:37 | i — | [  INIT   ] ── haos_rewards ────────────────────────────
20:13:37 | i — | [  INIT   ]   haos_reward_new_best        = 10.0
20:13:37 | i — | [  INIT   ]   haos_reward_improvement     = 4.0
20:13:37 | i — | [  INIT   ]   haos_reward_no_improvement  = 1.0
20:13:37 | i — | [  INIT   ]   haos_reward_no_solution     = 0.0
20:13:37 | i — | [  INIT   ]   haos_deferred_new_best      = 7.0
20:13:37 | i — | [  INIT   ]   haos_deferred_improvement   = 3.0
20:13:37 | i — | [  INIT   ]   haos_deferred_no_improvement= 0.0
20:13:37 | i — | [  INIT   ] ── seed ────────────────────────────────────
20:13:37 | i — | [  INIT   ]   seed                        = 11
20:13:37 | i — | [  INIT   ] ── output ──────────────────────────────────
20:13:37 | i — | [  INIT   ]   output_dir                  = /app/artifacts/benchmark/X-n2028-k617/seed11
20:13:37 | i — | [  INIT   ]   run_analysis                = False
20:13:37 | i — | [  INIT   ] ══════════════════════════════════════════════════════
20:13:37 | i — | [  INIT   ] BKS=544166.00
20:13:37 | i — | [  INIT   ] ════════════════════════════════════════
20:13:37 | i 1 | [HAOS ROLL] k=2  λ=0.8  vb  fcm  filo2  P≈0.000595
20:13:39 | i 1 | [Phase 1/3] decompose  1.27s / — / —  λ=0.8  vb fcm
20:15:09 | i 1 | [Phase 2/3] route  90.52s / 90.48s / 100.0%  filo2  k=2
20:15:09 | i 1 | [ IMPROVE ] 553791.00  via decompose_route  ·  Δ_BKS=+1.77%
20:15:09 | i 1 | [HAOS ROLL] k=2  λ=0.8  vb  fcm  filo2  P≈0.000595
20:15:09 | i 1 | [ Summary ] cost=553791.00  Δ_S*=+0.00%  Δ_BKS=+1.77%  Δ_S*_BKS=+1.77%  no_improve=0
20:15:09 | i 2 | [HAOS ROLL] k=12  λ=0.2  rb  ac_avg  filo  P≈0.000992
20:15:15 | i 2 | [Phase 1/3] decompose  5.61s / — / —  λ=0.2  rb ac_avg
20:15:54 | i 2 | [Phase 2/3] route  39.12s / 39.18s / 99.8%  filo  k=12
20:16:42 | i 1 | [ IMPROVE ] 545963.00  via bg_ails  ·  Δ_BKS=+0.33%
20:16:42 | i 1 | [ ASYNC BG] bg_ails  92.93s / 88.31s / 105.2%
20:16:42 | i 2 | [HAOS ROLL] k=12  λ=0.2  rb  ac_avg  filo  P≈0.000992
20:16:42 | i 2 | [ Summary ] cost=555201.00  Δ_S*=+1.69%  Δ_BKS=+2.03%  Δ_S*_BKS=+0.33%  no_improve=1
20:16:42 | i 3 | [HAOS ROLL] k=8  λ=0.6  rb  kmeans  filo  P≈0.000992
20:16:42 | i 3 | [Phase 1/3] decompose  0.34s / — / —  λ=0.6  rb kmeans
20:17:07 | i 3 | [Phase 2/3] route  24.09s / 24.06s / 100.1%  filo  k=8
20:17:47 | i 2 | [ ASYNC BG] bg_ails  65.32s / 60.00s / 108.9%
20:17:47 | i 3 | [HAOS ROLL] k=8  λ=0.6  rb  kmeans  filo  P≈0.000992
20:17:47 | i 3 | [ Summary ] cost=554393.00  Δ_S*=+1.54%  Δ_BKS=+1.88%  Δ_S*_BKS=+0.33%  no_improve=3
20:17:47 | i 4 | [HAOS ROLL] k=12  λ=0.8  vb  ac_complete  filo  P≈0.000595
20:17:48 | i 4 | [Phase 1/3] decompose  0.44s / — / —  λ=0.8  vb ac_complete
20:18:25 | i 4 | [Phase 2/3] route  37.11s / 31.02s / 119.6%  filo  k=12
20:18:53 | i 3 | [ ASYNC BG] bg_ails  65.07s / 60.00s / 108.4%
20:18:53 | i 4 | [HAOS ROLL] k=12  λ=0.8  vb  ac_complete  filo  P≈0.000595
20:18:53 | i 4 | [ Summary ] cost=556195.00  Δ_S*=+1.87%  Δ_BKS=+2.21%  Δ_S*_BKS=+0.33%  no_improve=5
20:18:53 | i 5 | [HAOS ROLL] k=8  λ=0.0  rb  ac_complete  filo2  P≈0.000992
20:18:53 | i 5 | [Phase 1/3] decompose  0.25s / — / —  λ=0.0  rb ac_complete
20:19:28 | i 5 | [Phase 2/3] route  35.12s / 35.04s / 100.2%  filo2  k=8
20:19:58 | i 4 | [ ASYNC BG] bg_ails  65.31s / 60.00s / 108.8%
20:19:58 | i 5 | [HAOS ROLL] k=8  λ=0.0  rb  ac_complete  filo2  P≈0.000992
20:19:58 | i 5 | [ Summary ] cost=553184.00  Δ_S*=+1.32%  Δ_BKS=+1.66%  Δ_S*_BKS=+0.33%  no_improve=7
20:19:58 | i 6 | [HAOS ROLL] k=10  λ=0.0  vb  ac_avg  pyvrp  P≈0.000595
20:19:58 | i 6 | [Phase 1/3] decompose  0.39s / — / —  λ=0.0  vb ac_avg
20:20:43 | i 6 | [Phase 2/3] route  44.88s / 42.12s / 106.5%  pyvrp  k=10
20:21:03 | i 5 | [ ASYNC BG] bg_ails  65.31s / 60.00s / 108.9%
20:21:03 | i 6 | [HAOS ROLL] k=10  λ=0.0  vb  ac_avg  pyvrp  P≈0.000595
20:21:03 | i 6 | [ Summary ] cost=561911.00  Δ_S*=+2.92%  Δ_BKS=+3.26%  Δ_S*_BKS=+0.33%  no_improve=9
20:21:03 | i 7 | [HAOS ROLL] k=6  λ=0.6  rb  ac_avg  filo2  P≈0.000992
20:21:04 | i 7 | [Phase 1/3] decompose  0.32s / — / —  λ=0.6  rb ac_avg
20:22:11 | i 7 | [Phase 2/3] route  67.19s / 67.20s / 100.0%  filo2  k=6
20:22:11 | i 6 | [ IMPROVE ] 545817.00  via bg_ails  ·  Δ_BKS=+0.30%
20:22:11 | i 6 | [ ASYNC BG] bg_ails  64.97s / 60.00s / 108.3%
20:22:11 | i 7 | [HAOS ROLL] k=6  λ=0.6  rb  ac_avg  filo2  P≈0.000992
20:22:11 | i 7 | [ Summary ] cost=553233.00  Δ_S*=+1.36%  Δ_BKS=+1.67%  Δ_S*_BKS=+0.30%  no_improve=1
20:22:11 | i 8 | [HAOS ROLL] k=4  λ=0.8  rb  ac_complete  pyvrp  P≈0.000992
20:22:11 | i 8 | [Phase 1/3] decompose  0.43s / — / —  λ=0.8  rb ac_complete
20:23:24 | i 8 | [Phase 2/3] route  72.92s / 66.54s / 109.6%  pyvrp  k=4
20:23:24 | i 7 | [ ASYNC BG] bg_ails  69.97s / 65.59s / 106.7%
20:23:24 | i 8 | [HAOS ROLL] k=4  λ=0.8  rb  ac_complete  pyvrp  P≈0.000992
20:23:24 | i 8 | [ Summary ] cost=561538.00  Δ_S*=+2.88%  Δ_BKS=+3.19%  Δ_S*_BKS=+0.30%  no_improve=3
20:23:24 | i 9 | [HAOS ROLL] k=3  λ=0.0  rb  ac_avg  filo  P≈0.000992
20:23:24 | i 9 | [Phase 1/3] decompose  0.27s / — / —  λ=0.0  rb ac_avg
20:24:34 | i 9 | [Phase 2/3] route  69.17s / 68.58s / 100.9%  filo  k=3
20:24:34 | i 8 | [ ASYNC BG] bg_ails  69.38s / 64.94s / 106.8%
20:24:34 | i 9 | [HAOS ROLL] k=3  λ=0.0  rb  ac_avg  filo  P≈0.000992
20:24:34 | i 9 | [ Summary ] cost=554015.00  Δ_S*=+1.50%  Δ_BKS=+1.81%  Δ_S*_BKS=+0.30%  no_improve=5
20:24:34 | i 10 | [HAOS ROLL] k=3  λ=0.0  vb  ac_complete  filo  P≈0.000595
20:24:34 | i 10 | [Phase 1/3] decompose  0.41s / — / —  λ=0.0  vb ac_complete
20:25:41 | i 10 | [Phase 2/3] route  67.16s / 67.20s / 99.9%  filo  k=3
20:25:45 | i 9 | [ ASYNC BG] bg_ails  71.04s / 66.93s / 106.1%
20:25:45 | i 10 | [HAOS ROLL] k=3  λ=0.0  vb  ac_complete  filo  P≈0.000595
20:25:45 | i 10 | [ Summary ] cost=554159.00  Δ_S*=+1.53%  Δ_BKS=+1.84%  Δ_S*_BKS=+0.30%  no_improve=7
20:25:45 | i 11 | [HAOS ROLL] k=8  λ=0.0  rb  ac_avg  filo2  P≈0.000992
20:25:45 | i 11 | [Phase 1/3] decompose  0.26s / — / —  λ=0.0  rb ac_avg
20:26:30 | i 11 | [Phase 2/3] route  45.14s / 44.88s / 100.6%  filo2  k=8
20:26:55 | i 10 | [ ASYNC BG] bg_ails  70.16s / 65.59s / 107.0%
20:26:55 | i 11 | [HAOS ROLL] k=8  λ=0.0  rb  ac_avg  filo2  P≈0.000992
20:26:55 | i 11 | [ Summary ] cost=553571.00  Δ_S*=+1.42%  Δ_BKS=+1.73%  Δ_S*_BKS=+0.30%  no_improve=9
20:26:55 | i 12 | [HAOS ROLL] k=4  λ=1.0  rb  ac_avg  filo2  P≈0.001064
20:26:55 | i 12 | [Phase 1/3] decompose  0.33s / — / —  λ=1.0  rb ac_avg
20:28:04 | i 12 | [Phase 2/3] route  69.17s / 68.58s / 100.9%  filo2  k=4
20:28:04 | i 11 | [ IMPROVE ] 545654.00  via bg_ails  ·  Δ_BKS=+0.27%
20:28:04 | i 11 | [ ASYNC BG] bg_ails  65.09s / 60.00s / 108.5%
20:28:04 | i 12 | [HAOS ROLL] k=4  λ=1.0  rb  ac_avg  filo2  P≈0.001064
20:28:04 | i 12 | [ Summary ] cost=553932.00  Δ_S*=+1.52%  Δ_BKS=+1.79%  Δ_S*_BKS=+0.27%  no_improve=1
20:28:04 | i 13 | [HAOS ROLL] k=6  λ=0.6  vb  kmeans  ails2  P≈0.000234
20:28:05 | i 13 | [Phase 1/3] decompose  0.31s / — / —  λ=0.6  vb kmeans
20:28:32 | i 13 | [Phase 2/3] route  27.43s / 25.62s / 107.0%  ails2  k=6
20:29:16 | i 12 | [ ASYNC BG] bg_ails  71.13s / 66.93s / 106.3%
20:29:16 | i 13 | [HAOS ROLL] k=6  λ=0.6  vb  kmeans  ails2  P≈0.000234
20:29:16 | i 13 | [ Summary ] cost=546683.00  Δ_S*=+0.19%  Δ_BKS=+0.46%  Δ_S*_BKS=+0.27%  no_improve=3
20:29:16 | i 14 | [HAOS ROLL] k=3  λ=1.0  vb  ac_avg  filo  P≈0.000263
20:29:16 | i 14 | [Phase 1/3] decompose  0.46s / — / —  λ=1.0  vb ac_avg
20:30:23 | i 14 | [Phase 2/3] route  67.16s / 67.32s / 99.8%  filo  k=3
20:30:23 | i 13 | [ IMPROVE ] 545634.00  via bg_ails  ·  Δ_BKS=+0.27%
20:30:23 | i 13 | [ ASYNC BG] bg_ails  65.08s / 60.00s / 108.5%
20:30:23 | i 14 | [HAOS ROLL] k=3  λ=1.0  vb  ac_avg  filo  P≈0.000263
20:30:23 | i 14 | [ Summary ] cost=554220.00  Δ_S*=+1.57%  Δ_BKS=+1.85%  Δ_S*_BKS=+0.27%  no_improve=1
20:30:23 | i 15 | [HAOS ROLL] k=8  λ=0.0  rb  ac_complete  ails2  P≈0.001629
20:30:24 | i 15 | [Phase 1/3] decompose  0.25s / — / —  λ=0.0  rb ac_complete
20:31:12 | i 15 | [Phase 2/3] route  48.45s / 45.54s / 106.4%  ails2  k=8
20:31:33 | i 14 | [ ASYNC BG] bg_ails  70.03s / 65.70s / 106.6%
20:31:33 | i 15 | [HAOS ROLL] k=8  λ=0.0  rb  ac_complete  ails2  P≈0.001629
20:31:33 | i 15 | [ Summary ] cost=545726.00  Δ_S*=+0.02%  Δ_BKS=+0.29%  Δ_S*_BKS=+0.27%  no_improve=3
20:31:33 | i 16 | [HAOS ROLL] k=2  λ=0.6  rb  ac_avg  filo2  P≈0.001722
20:31:34 | i 16 | [Phase 1/3] decompose  0.32s / — / —  λ=0.6  rb ac_avg
20:33:05 | i 16 | [Phase 2/3] route  91.23s / 90.78s / 100.5%  filo2  k=2
20:33:05 | i 15 | [ IMPROVE ] 545625.00  via bg_ails  ·  Δ_BKS=+0.27%
20:33:05 | i 15 | [ ASYNC BG] bg_ails  64.84s / 60.00s / 108.1%
20:33:05 | i 16 | [HAOS ROLL] k=2  λ=0.6  rb  ac_avg  filo2  P≈0.001722
20:33:05 | i 16 | [ Summary ] cost=553911.00  Δ_S*=+1.52%  Δ_BKS=+1.79%  Δ_S*_BKS=+0.27%  no_improve=1
20:33:05 | i 17 | [HAOS ROLL] k=8  λ=0.8  rb  ac_avg  ails2  P≈0.002978
20:33:05 | i 17 | [Phase 1/3] decompose  0.33s / — / —  λ=0.8  rb ac_avg
20:33:50 | i 17 | [Phase 2/3] route  44.56s / 42.42s / 105.0%  ails2  k=8
20:34:38 | i 16 | [ ASYNC BG] bg_ails  93.02s / 88.60s / 105.0%
20:34:38 | i 17 | [HAOS ROLL] k=8  λ=0.8  rb  ac_avg  ails2  P≈0.002978
20:34:38 | i 17 | [ Summary ] cost=546005.00  Δ_S*=+0.07%  Δ_BKS=+0.34%  Δ_S*_BKS=+0.27%  no_improve=3
20:34:38 | i 18 | [HAOS ROLL] k=2  λ=0.8  rb  kmeans  filo  P≈0.000277
20:34:38 | i 18 | [Phase 1/3] decompose  0.31s / — / —  λ=0.8  rb kmeans
20:36:07 | i 18 | [Phase 2/3] route  88.35s / 87.96s / 100.4%  filo  k=2
20:36:07 | i 17 | [ ASYNC BG] bg_ails  65.02s / 60.00s / 108.4%
20:36:07 | i 18 | [HAOS ROLL] k=2  λ=0.8  rb  kmeans  filo  P≈0.000277
20:36:07 | i 18 | [ Summary ] cost=554485.00  Δ_S*=+1.62%  Δ_BKS=+1.90%  Δ_S*_BKS=+0.27%  no_improve=5
20:36:07 | i 19 | [HAOS ROLL] k=2  λ=0.8  vb  ac_avg  pyvrp  P≈0.000170
20:36:07 | i 19 | [Phase 1/3] decompose  0.45s / — / —  λ=0.8  vb ac_avg
20:37:50 | i 19 | [Phase 2/3] route  102.81s / 91.44s / 112.4%  pyvrp  k=2
20:37:50 | i 18 | [ IMPROVE ] 545528.00  via bg_ails  ·  Δ_BKS=+0.25%
20:37:50 | i 18 | [ ASYNC BG] bg_ails  90.07s / 85.85s / 104.9%
20:37:50 | i 19 | [HAOS ROLL] k=2  λ=0.8  vb  ac_avg  pyvrp  P≈0.000170
20:37:50 | i 19 | [ Summary ] cost=554965.00  Δ_S*=+1.73%  Δ_BKS=+1.98%  Δ_S*_BKS=+0.25%  no_improve=1
20:37:50 | i 20 | [HAOS ROLL] k=2  λ=0.0  rb  ac_complete  filo2  P≈0.003101
20:37:50 | i 20 | [Phase 1/3] decompose  0.26s / — / —  λ=0.0  rb ac_complete
20:39:14 | i 20 | [Phase 2/3] route  84.20s / 84.24s / 99.9%  filo2  k=2
20:39:24 | i 19 | [ ASYNC BG] bg_ails  93.94s / 89.25s / 105.3%
20:39:24 | i 20 | [HAOS ROLL] k=2  λ=0.0  rb  ac_complete  filo2  P≈0.003101
20:39:24 | i 20 | [ Summary ] cost=552899.00  Δ_S*=+1.35%  Δ_BKS=+1.60%  Δ_S*_BKS=+0.25%  no_improve=3
20:39:24 | i 6 | [ASYNC 1/2] sp_sc  721.23s / 720.00s / 100.2%  SC  avg_coverage=6.34/5  pool=3960
20:39:24 | i 6 | [ASYNC 2/2] standard_ails  364.83s / 360.00s / 101.3%
20:40:06 | i 6 | [ IMPROVE ] 545493.00  via standard_ails  ·  Δ_BKS=+0.24%
20:40:06 | i 21 | [HAOS ROLL] k=6  λ=0.2  vb  ac_complete  filo  P≈0.000190
20:40:07 | i 21 | [Phase 1/3] decompose  0.42s / — / —  λ=0.2  vb ac_complete
20:40:58 | i 21 | [Phase 2/3] route  51.14s / 51.00s / 100.3%  filo  k=6
20:40:58 | i 20 | [ ASYNC BG] bg_ails  86.92s / 82.22s / 105.7%
20:40:58 | i 21 | [HAOS ROLL] k=6  λ=0.2  vb  ac_complete  filo  P≈0.000190
20:40:58 | i 21 | [ Summary ] cost=554587.00  Δ_S*=+1.67%  Δ_BKS=+1.92%  Δ_S*_BKS=+0.24%  no_improve=2
20:40:58 | i 22 | [HAOS ROLL] k=2  λ=0.8  rb  ac_avg  pyvrp  P≈0.002198
20:40:58 | i 22 | [Phase 1/3] decompose  0.32s / — / —  λ=0.8  rb ac_avg
20:42:41 | i 22 | [Phase 2/3] route  103.08s / 91.62s / 112.5%  pyvrp  k=2
20:42:41 | i 21 | [ ASYNC BG] bg_ails  65.40s / 60.00s / 109.0%
20:42:42 | i 22 | [HAOS ROLL] k=2  λ=0.8  rb  ac_avg  pyvrp  P≈0.002198
20:42:42 | i 22 | [ Summary ] cost=555043.00  Δ_S*=+1.75%  Δ_BKS=+2.00%  Δ_S*_BKS=+0.24%  no_improve=4
20:42:42 | i 23 | [HAOS ROLL] k=8  λ=0.0  rb  ac_complete  ails2  P≈0.002077
20:42:42 | i 23 | [Phase 1/3] decompose  0.26s / — / —  λ=0.0  rb ac_complete
20:43:21 | i 23 | [Phase 2/3] route  39.52s / 37.50s / 105.4%  ails2  k=8
20:44:15 | i 22 | [ ASYNC BG] bg_ails  93.90s / 89.42s / 105.0%
20:44:15 | i 23 | [HAOS ROLL] k=8  λ=0.0  rb  ac_complete  ails2  P≈0.002077
20:44:15 | i 23 | [ Summary ] cost=546045.00  Δ_S*=+0.10%  Δ_BKS=+0.35%  Δ_S*_BKS=+0.24%  no_improve=6
20:44:15 | i 24 | [HAOS ROLL] k=2  λ=0.8  rb  ac_avg  filo2  P≈0.005132
20:44:16 | i 24 | [Phase 1/3] decompose  0.34s / — / —  λ=0.8  rb ac_avg
20:45:48 | i 24 | [Phase 2/3] route  92.25s / 91.62s / 100.7%  filo2  k=2
20:45:48 | i 23 | [ ASYNC BG] bg_ails  65.22s / 60.00s / 108.7%
20:45:48 | i 24 | [HAOS ROLL] k=2  λ=0.8  rb  ac_avg  filo2  P≈0.005132
20:45:48 | i 24 | [ Summary ] cost=553291.00  Δ_S*=+1.43%  Δ_BKS=+1.68%  Δ_S*_BKS=+0.24%  no_improve=8
20:45:48 | i 25 | [HAOS ROLL] k=6  λ=0.6  vb  ac_avg  filo2  P≈0.000770
20:45:49 | i 25 | [Phase 1/3] decompose  0.50s / — / —  λ=0.6  vb ac_avg
20:46:57 | i 25 | [Phase 2/3] route  68.20s / 67.50s / 101.0%  filo2  k=6
20:47:22 | i 24 | [ ASYNC BG] bg_ails  93.97s / 89.42s / 105.1%
20:47:22 | i 25 | [HAOS ROLL] k=6  λ=0.6  vb  ac_avg  filo2  P≈0.000770
20:47:22 | i 25 | [ Summary ] cost=553754.00  Δ_S*=+1.51%  Δ_BKS=+1.76%  Δ_S*_BKS=+0.24%  no_improve=10
20:47:22 | i 26 | [HAOS ROLL] k=8  λ=0.8  rb  ac_complete  ails2  P≈0.002818
20:47:23 | i 26 | [Phase 1/3] decompose  0.34s / — / —  λ=0.8  rb ac_complete
20:48:02 | i 26 | [Phase 2/3] route  39.74s / 37.50s / 106.0%  ails2  k=8
20:48:32 | i 25 | [ ASYNC BG] bg_ails  70.23s / 65.88s / 106.6%
20:48:32 | i 26 | [HAOS ROLL] k=8  λ=0.8  rb  ac_complete  ails2  P≈0.002818
20:48:33 | i 26 | [ Summary ] cost=545865.00  Δ_S*=+0.07%  Δ_BKS=+0.31%  Δ_S*_BKS=+0.24%  no_improve=12
20:48:33 | i 27 | [HAOS ROLL] k=3  λ=0.8  rb  ac_avg  filo2  P≈0.001819
20:48:33 | i 27 | [Phase 1/3] decompose  0.32s / — / —  λ=0.8  rb ac_avg
20:49:40 | i 27 | [Phase 2/3] route  67.16s / 66.60s / 100.8%  filo2  k=3
20:49:40 | i 26 | [ ASYNC BG] bg_ails  65.24s / 60.00s / 108.7%
20:49:40 | i 27 | [HAOS ROLL] k=3  λ=0.8  rb  ac_avg  filo2  P≈0.001819
20:49:40 | i 27 | [ Summary ] cost=552859.00  Δ_S*=+1.35%  Δ_BKS=+1.60%  Δ_S*_BKS=+0.24%  no_improve=14
20:49:40 | i 28 | [HAOS ROLL] k=12  λ=0.8  vb  ac_complete  filo2  P≈0.001003
20:49:41 | i 28 | [Phase 1/3] decompose  0.46s / — / —  λ=0.8  vb ac_complete
20:50:18 | i 28 | [Phase 2/3] route  37.14s / 31.02s / 119.7%  filo2  k=12
20:50:50 | i 27 | [ ASYNC BG] bg_ails  70.16s / 65.00s / 107.9%
20:50:50 | i 28 | [HAOS ROLL] k=12  λ=0.8  vb  ac_complete  filo2  P≈0.001003
20:50:50 | i 28 | [ Summary ] cost=555363.00  Δ_S*=+1.81%  Δ_BKS=+2.06%  Δ_S*_BKS=+0.24%  no_improve=16
20:50:50 | i 29 | [HAOS ROLL] k=2  λ=0.4  rb  kmeans  filo2  P≈0.000841
20:50:51 | i 29 | [Phase 1/3] decompose  0.32s / — / —  λ=0.4  rb kmeans
20:52:19 | i 29 | [Phase 2/3] route  88.22s / 87.72s / 100.6%  filo2  k=2
20:52:19 | i 28 | [ ASYNC BG] bg_ails  65.44s / 60.00s / 109.1%
20:52:19 | i 29 | [HAOS ROLL] k=2  λ=0.4  rb  kmeans  filo2  P≈0.000841
20:52:19 | i 29 | [ Summary ] cost=554040.00  Δ_S*=+1.57%  Δ_BKS=+1.81%  Δ_S*_BKS=+0.24%  no_improve=18
20:52:19 | i 30 | [HAOS ROLL] k=2  λ=1.0  vb  kmeans  filo2  P≈0.000364
20:52:20 | i 30 | [Phase 1/3] decompose  0.30s / — / —  λ=1.0  vb kmeans
20:53:48 | i 30 | [Phase 2/3] route  88.23s / 87.96s / 100.3%  filo2  k=2
20:53:49 | i 29 | [ ASYNC BG] bg_ails  90.13s / 85.61s / 105.3%
20:53:49 | i 30 | [HAOS ROLL] k=2  λ=1.0  vb  kmeans  filo2  P≈0.000364
20:53:50 | i 30 | [ Summary ] cost=552778.00  Δ_S*=+1.34%  Δ_BKS=+1.58%  Δ_S*_BKS=+0.24%  no_improve=20
20:53:50 | i 31 | [HAOS ROLL] k=6  λ=0.4  rb  kmeans  pyvrp  P≈0.000348
20:53:50 | i 31 | [Phase 1/3] decompose  0.32s / — / —  λ=0.4  rb kmeans
20:54:34 | i 31 | [Phase 2/3] route  44.32s / 41.40s / 107.0%  pyvrp  k=6
20:55:19 | i 30 | [ ASYNC BG] bg_ails  89.99s / 85.85s / 104.8%
20:55:19 | i 31 | [HAOS ROLL] k=6  λ=0.4  rb  kmeans  pyvrp  P≈0.000348
20:55:20 | i 31 | [ Summary ] cost=564059.00  Δ_S*=+3.40%  Δ_BKS=+3.66%  Δ_S*_BKS=+0.24%  no_improve=22
20:55:20 | i 32 | [HAOS ROLL] k=2  λ=1.0  rb  kmeans  pyvrp  P≈0.000662
20:55:20 | i 32 | [Phase 1/3] decompose  0.32s / — / —  λ=1.0  rb kmeans
20:56:58 | i 32 | [Phase 2/3] route  98.46s / 87.72s / 112.2%  pyvrp  k=2
20:56:58 | i 31 | [ ASYNC BG] bg_ails  65.19s / 60.00s / 108.7%
20:56:59 | i 32 | [HAOS ROLL] k=2  λ=1.0  rb  kmeans  pyvrp  P≈0.000662
20:56:59 | i 32 | [ Summary ] cost=554373.00  Δ_S*=+1.63%  Δ_BKS=+1.88%  Δ_S*_BKS=+0.24%  no_improve=24
20:56:59 | i 33 | [HAOS ROLL] k=8  λ=0.6  rb  ac_avg  filo  P≈0.001928
20:56:59 | i 33 | [Phase 1/3] decompose  0.32s / — / —  λ=0.6  rb ac_avg
20:57:45 | i 33 | [Phase 2/3] route  46.15s / 45.66s / 101.1%  filo  k=8
20:58:28 | i 32 | [ ASYNC BG] bg_ails  90.01s / 85.61s / 105.1%
20:58:29 | i 33 | [HAOS ROLL] k=8  λ=0.6  rb  ac_avg  filo  P≈0.001928
20:58:29 | i 33 | [ Summary ] cost=553487.00  Δ_S*=+1.47%  Δ_BKS=+1.71%  Δ_S*_BKS=+0.24%  no_improve=26
20:58:29 | i 34 | [HAOS ROLL] k=2  λ=0.2  vb  ac_avg  filo2  P≈0.000837
20:58:29 | i 34 | [Phase 1/3] decompose  0.48s / — / —  λ=0.2  vb ac_avg
21:00:01 | i 34 | [Phase 2/3] route  91.25s / 91.08s / 100.2%  filo2  k=2
21:00:01 | i 33 | [ ASYNC BG] bg_ails  65.25s / 60.00s / 108.7%
21:00:01 | i 34 | [HAOS ROLL] k=2  λ=0.2  vb  ac_avg  filo2  P≈0.000837
21:00:01 | i 34 | [ Summary ] cost=554422.00  Δ_S*=+1.64%  Δ_BKS=+1.88%  Δ_S*_BKS=+0.24%  no_improve=28
21:00:01 | i 35 | [HAOS ROLL] k=8  λ=0.8  vb  fcm  ails2  P≈0.000611
21:00:01 | i 35 | [Phase 1/3] decompose  0.39s / — / —  λ=0.8  vb fcm
21:00:34 | i 35 | [Phase 2/3] route  32.70s / 23.46s / 139.4%  ails2  k=8
21:01:34 | i 34 | [ ASYNC BG] bg_ails  93.12s / 88.89s / 104.7%
21:01:34 | i 35 | [HAOS ROLL] k=8  λ=0.8  vb  fcm  ails2  P≈0.000611
21:01:34 | i 35 | [ Summary ] cost=546416.00  Δ_S*=+0.17%  Δ_BKS=+0.41%  Δ_S*_BKS=+0.24%  no_improve=30
21:01:34 | i 22 | [ASYNC 1/2] sp_sc  722.37s / 720.00s / 100.3%  SC  avg_coverage=14.44/5  pool=8882
21:01:34 | i 22 | [ASYNC 2/2] standard_ails  364.51s / 360.00s / 101.3%
21:02:43 | i 22 | [ IMPROVE ] 545377.00  via standard_ails  ·  Δ_BKS=+0.22%
21:02:43 | i 35 | [ ASYNC BG] bg_ails  65.11s / 60.00s / 108.5%
21:02:43 | i 36 | [HAOS ROLL] k=2  λ=0.8  rb  kmeans  filo  P≈0.003921
21:02:44 | i 36 | [Phase 1/3] decompose  0.31s / — / —  λ=0.8  rb kmeans
21:04:12 | i 36 | [Phase 2/3] route  88.22s / 88.26s / 100.0%  filo  k=2
21:04:12 | i 36 | [HAOS ROLL] k=2  λ=0.8  rb  kmeans  filo  P≈0.003921
21:04:13 | i 36 | [ Summary ] cost=552858.00  Δ_S*=+1.37%  Δ_BKS=+1.60%  Δ_S*_BKS=+0.22%  no_improve=2
21:04:13 | i 37 | [HAOS ROLL] k=2  λ=0.8  rb  ac_avg  filo  P≈0.008725
21:04:13 | i 37 | [Phase 1/3] decompose  0.33s / — / —  λ=0.8  rb ac_avg
21:05:44 | i 37 | [Phase 2/3] route  91.24s / 90.96s / 100.3%  filo  k=2
21:05:44 | i 36 | [ ASYNC BG] bg_ails  90.90s / 86.14s / 105.5%
21:05:45 | i 37 | [HAOS ROLL] k=2  λ=0.8  rb  ac_avg  filo  P≈0.008725
21:05:45 | i 37 | [ Summary ] cost=553396.00  Δ_S*=+1.47%  Δ_BKS=+1.70%  Δ_S*_BKS=+0.22%  no_improve=4
21:05:45 | i 38 | [HAOS ROLL] k=6  λ=1.0  rb  ac_avg  pyvrp  P≈0.000919
21:05:45 | i 38 | [Phase 1/3] decompose  0.34s / — / —  λ=1.0  rb ac_avg
21:07:00 | i 38 | [Phase 2/3] route  74.13s / 67.14s / 110.4%  pyvrp  k=6
21:07:17 | i 37 | [ ASYNC BG] bg_ails  93.12s / 88.78s / 104.9%
21:07:18 | i 38 | [HAOS ROLL] k=6  λ=1.0  rb  ac_avg  pyvrp  P≈0.000919
21:07:18 | i 38 | [ Summary ] cost=564482.00  Δ_S*=+3.50%  Δ_BKS=+3.73%  Δ_S*_BKS=+0.22%  no_improve=6
21:07:18 | i 39 | [HAOS ROLL] k=12  λ=0.0  rb  kmeans  filo2  P≈0.001126
21:07:18 | i 39 | [Phase 1/3] decompose  0.23s / — / —  λ=0.0  rb kmeans
21:07:43 | i 39 | [Phase 2/3] route  24.15s / 21.48s / 112.5%  filo2  k=12
21:08:27 | i 38 | [ ASYNC BG] bg_ails  69.90s / 65.53s / 106.7%
21:08:28 | i 39 | [HAOS ROLL] k=12  λ=0.0  rb  kmeans  filo2  P≈0.001126
21:08:28 | i 39 | [ Summary ] cost=554809.00  Δ_S*=+1.73%  Δ_BKS=+1.96%  Δ_S*_BKS=+0.22%  no_improve=8
21:08:28 | i 40 | [HAOS ROLL] k=4  λ=0.0  rb  ac_avg  filo  P≈0.001840
21:08:28 | i 40 | [Phase 1/3] decompose  0.25s / — / —  λ=0.0  rb ac_avg
21:09:35 | i 40 | [Phase 2/3] route  67.19s / 67.14s / 100.1%  filo  k=4
21:09:35 | i 39 | [ ASYNC BG] bg_ails  65.18s / 60.00s / 108.6%
21:09:36 | i 40 | [HAOS ROLL] k=4  λ=0.0  rb  ac_avg  filo  P≈0.001840
21:09:36 | i 40 | [ Summary ] cost=553641.00  Δ_S*=+1.52%  Δ_BKS=+1.74%  Δ_S*_BKS=+0.22%  no_improve=10
21:09:36 | i 41 | [HAOS ROLL] k=2  λ=0.6  rb  ac_complete  filo2  P≈0.002849
21:09:36 | i 41 | [Phase 1/3] decompose  0.29s / — / —  λ=0.6  rb ac_complete
21:11:08 | i 41 | [Phase 2/3] route  91.20s / 91.38s / 99.8%  filo2  k=2
21:11:08 | i 40 | [ ASYNC BG] bg_ails  69.79s / 65.53s / 106.5%
21:11:08 | i 41 | [HAOS ROLL] k=2  λ=0.6  rb  ac_complete  filo2  P≈0.002849
21:11:08 | i 41 | [ Summary ] cost=552365.00  Δ_S*=+1.28%  Δ_BKS=+1.51%  Δ_S*_BKS=+0.22%  no_improve=12
21:11:08 | i 42 | [HAOS ROLL] k=8  λ=0.6  rb  ac_avg  filo2  P≈0.004482
21:11:09 | i 42 | [Phase 1/3] decompose  0.28s / — / —  λ=0.6  rb ac_avg
21:11:52 | i 42 | [Phase 2/3] route  43.15s / 43.44s / 99.3%  filo2  k=8
21:12:41 | i 41 | [ ASYNC BG] bg_ails  93.67s / 89.19s / 105.0%
21:12:42 | i 42 | [HAOS ROLL] k=8  λ=0.6  rb  ac_avg  filo2  P≈0.004482
21:12:42 | i 42 | [ Summary ] cost=552602.00  Δ_S*=+1.32%  Δ_BKS=+1.55%  Δ_S*_BKS=+0.22%  no_improve=14
21:12:42 | i 43 | [HAOS ROLL] k=8  λ=0.8  rb  ac_complete  filo2  P≈0.003450
21:12:42 | i 43 | [Phase 1/3] decompose  0.23s / — / —  λ=0.8  rb ac_complete
21:13:19 | i 43 | [Phase 2/3] route  37.12s / 37.32s / 99.5%  filo2  k=8
21:13:46 | i 42 | [ ASYNC BG] bg_ails  64.98s / 60.00s / 108.3%
21:13:47 | i 43 | [HAOS ROLL] k=8  λ=0.8  rb  ac_complete  filo2  P≈0.003450
21:13:47 | i 43 | [ Summary ] cost=552287.00  Δ_S*=+1.27%  Δ_BKS=+1.49%  Δ_S*_BKS=+0.22%  no_improve=16
21:13:47 | i 44 | [HAOS ROLL] k=6  λ=0.8  rb  ac_complete  filo2  P≈0.002192
21:13:47 | i 44 | [Phase 1/3] decompose  0.23s / — / —  λ=0.8  rb ac_complete
21:14:32 | i 44 | [Phase 2/3] route  45.16s / 45.00s / 100.3%  filo2  k=6
21:14:51 | i 43 | [ ASYNC BG] bg_ails  64.96s / 60.00s / 108.3%
21:14:52 | i 44 | [HAOS ROLL] k=6  λ=0.8  rb  ac_complete  filo2  P≈0.002192
21:14:52 | i 44 | [ Summary ] cost=553194.00  Δ_S*=+1.43%  Δ_BKS=+1.66%  Δ_S*_BKS=+0.22%  no_improve=18
21:14:52 | i 45 | [HAOS ROLL] k=2  λ=0.8  rb  ac_avg  filo2  P≈0.012030
21:14:52 | i 45 | [Phase 1/3] decompose  0.22s / — / —  λ=0.8  rb ac_avg
21:16:23 | i 45 | [Phase 2/3] route  91.19s / 90.96s / 100.3%  filo2  k=2
21:16:23 | i 44 | [ ASYNC BG] bg_ails  64.88s / 60.00s / 108.1%
21:16:23 | i 45 | [HAOS ROLL] k=2  λ=0.8  rb  ac_avg  filo2  P≈0.012030
21:16:23 | i 45 | [ Summary ] cost=551740.00  Δ_S*=+1.17%  Δ_BKS=+1.39%  Δ_S*_BKS=+0.22%  no_improve=20
21:16:23 | i 46 | [HAOS ROLL] k=2  λ=0.2  rb  kmeans  filo  P≈0.001513
21:16:24 | i 46 | [Phase 1/3] decompose  0.20s / — / —  λ=0.2  rb kmeans
21:17:56 | i 46 | [Phase 2/3] route  92.20s / 91.80s / 100.4%  filo  k=2
21:17:56 | i 45 | [ ASYNC BG] bg_ails  92.29s / 88.78s / 104.0%
21:17:56 | i 46 | [HAOS ROLL] k=2  λ=0.2  rb  kmeans  filo  P≈0.001513
21:17:56 | i 46 | [ Summary ] cost=553578.00  Δ_S*=+1.50%  Δ_BKS=+1.73%  Δ_S*_BKS=+0.22%  no_improve=22
21:17:56 | i 47 | [HAOS ROLL] k=8  λ=0.8  rb  ac_avg  filo2  P≈0.010563
21:17:56 | i 47 | [Phase 1/3] decompose  0.21s / — / —  λ=0.8  rb ac_avg
21:18:39 | i 47 | [Phase 2/3] route  43.16s / 43.44s / 99.3%  filo2  k=8
21:19:29 | i 46 | [ ASYNC BG] bg_ails  93.45s / 89.60s / 104.3%
21:19:29 | i 47 | [HAOS ROLL] k=8  λ=0.8  rb  ac_avg  filo2  P≈0.010563
21:19:30 | i 47 | [ Summary ] cost=553972.00  Δ_S*=+1.58%  Δ_BKS=+1.80%  Δ_S*_BKS=+0.22%  no_improve=24
21:19:30 | i 48 | [HAOS ROLL] k=2  λ=0.8  rb  ac_avg  filo2  P≈0.014752
21:19:30 | i 48 | [Phase 1/3] decompose  0.20s / — / —  λ=0.8  rb ac_avg
21:21:01 | i 48 | [Phase 2/3] route  91.19s / 90.96s / 100.3%  filo2  k=2
21:21:01 | i 47 | [ ASYNC BG] bg_ails  64.58s / 60.00s / 107.6%
21:21:01 | i 48 | [HAOS ROLL] k=2  λ=0.8  rb  ac_avg  filo2  P≈0.014752
21:21:01 | i 48 | [ Summary ] cost=551396.00  Δ_S*=+1.10%  Δ_BKS=+1.33%  Δ_S*_BKS=+0.22%  no_improve=26
21:21:01 | i 49 | [HAOS ROLL] k=4  λ=0.6  rb  ac_avg  filo2  P≈0.002136
21:21:01 | i 49 | [Phase 1/3] decompose  0.21s / — / —  λ=0.6  rb ac_avg
21:22:09 | i 49 | [Phase 2/3] route  67.15s / 67.14s / 100.0%  filo2  k=4
21:22:33 | i 48 | [ ASYNC BG] bg_ails  92.47s / 88.78s / 104.2%
21:22:34 | i 49 | [HAOS ROLL] k=4  λ=0.6  rb  ac_avg  filo2  P≈0.002136
21:22:34 | i 49 | [ Summary ] cost=552081.00  Δ_S*=+1.23%  Δ_BKS=+1.45%  Δ_S*_BKS=+0.22%  no_improve=28
21:22:34 | i 36 | [ASYNC 1/2] sp_sc  722.79s / 720.00s / 100.4%  SC  avg_coverage=16.12/5  pool=10000
21:22:34 | i 36 | [ASYNC 2/2] standard_ails  364.05s / 360.00s / 101.1%
21:23:03 | i 36 | [ IMPROVE ] 545189.00  via standard_ails  ·  Δ_BKS=+0.19%
21:23:03 | i 50 | [HAOS ROLL] k=6  λ=0.8  rb  ac_avg  filo2  P≈0.007461
21:23:03 | i 50 | [Phase 1/3] decompose  0.21s / — / —  λ=0.8  rb ac_avg
21:24:10 | i 50 | [Phase 2/3] route  67.16s / 67.08s / 100.1%  filo2  k=6
21:24:10 | i 49 | [ ASYNC BG] bg_ails  69.51s / 65.53s / 106.1%
21:24:11 | i 50 | [HAOS ROLL] k=6  λ=0.8  rb  ac_avg  filo2  P≈0.007461
21:24:11 | i 50 | [ Summary ] cost=553306.00  Δ_S*=+1.49%  Δ_BKS=+1.68%  Δ_S*_BKS=+0.19%  no_improve=2
21:24:11 | i 51 | [HAOS ROLL] k=10  λ=0.8  vb  kmeans  filo2  P≈0.000240
21:24:11 | i 51 | [Phase 1/3] decompose  0.21s / — / —  λ=0.8  vb kmeans
21:24:38 | i 51 | [Phase 2/3] route  27.11s / 20.64s / 131.3%  filo2  k=10
21:25:20 | i 50 | [ ASYNC BG] bg_ails  69.60s / 65.47s / 106.3%
21:25:20 | i 51 | [HAOS ROLL] k=10  λ=0.8  vb  kmeans  filo2  P≈0.000240
21:25:21 | i 51 | [ Summary ] cost=554703.00  Δ_S*=+1.75%  Δ_BKS=+1.94%  Δ_S*_BKS=+0.19%  no_improve=4
21:25:21 | i 52 | [HAOS ROLL] k=8  λ=0.0  rb  ac_avg  pyvrp  P≈0.002845
21:25:21 | i 52 | [Phase 1/3] decompose  0.17s / — / —  λ=0.0  rb ac_avg
21:26:05 | i 52 | [Phase 2/3] route  44.54s / 42.84s / 104.0%  pyvrp  k=8
21:26:25 | i 51 | [ ASYNC BG] bg_ails  64.77s / 60.00s / 108.0%
21:26:25 | i 52 | [HAOS ROLL] k=8  λ=0.0  rb  ac_avg  pyvrp  P≈0.002845
21:26:25 | i 52 | [ Summary ] cost=554070.00  Δ_S*=+1.63%  Δ_BKS=+1.82%  Δ_S*_BKS=+0.19%  no_improve=6
21:26:25 | i 53 | [HAOS ROLL] k=8  λ=0.6  rb  ac_avg  filo2  P≈0.007523
21:26:25 | i 53 | [Phase 1/3] decompose  0.23s / — / —  λ=0.6  rb ac_avg
21:27:09 | i 53 | [Phase 2/3] route  43.13s / 42.84s / 100.7%  filo2  k=8
21:27:28 | i 52 | [ ASYNC BG] bg_ails  63.23s / 60.00s / 105.4%
21:27:28 | i 53 | [HAOS ROLL] k=8  λ=0.6  rb  ac_avg  filo2  P≈0.007523
21:27:29 | i 53 | [ Summary ] cost=552637.00  Δ_S*=+1.37%  Δ_BKS=+1.56%  Δ_S*_BKS=+0.19%  no_improve=8
21:27:29 | i 54 | [HAOS ROLL] k=8  λ=1.0  vb  fcm  filo2  P≈0.000611
21:27:29 | i 54 | [Phase 1/3] decompose  0.26s / — / —  λ=1.0  vb fcm
21:27:59 | i 54 | [Phase 2/3] route  30.12s / 24.06s / 125.2%  filo2  k=8
21:28:31 | i 53 | [ ASYNC BG] bg_ails  63.33s / 60.00s / 105.6%
21:28:32 | i 54 | [HAOS ROLL] k=8  λ=1.0  vb  fcm  filo2  P≈0.000611
21:28:32 | i 54 | [ Summary ] cost=553892.00  Δ_S*=+1.60%  Δ_BKS=+1.79%  Δ_S*_BKS=+0.19%  no_improve=10
21:28:32 | i 55 | [HAOS ROLL] k=2  λ=0.0  vb  ac_avg  filo2  P≈0.003266
21:28:32 | i 55 | [Phase 1/3] decompose  0.26s / — / —  λ=0.0  vb ac_avg
21:30:03 | i 55 | [Phase 2/3] route  91.19s / 91.44s / 99.7%  filo2  k=2
21:30:03 | i 54 | [ ASYNC BG] bg_ails  63.20s / 60.00s / 105.3%
21:30:03 | i 55 | [HAOS ROLL] k=2  λ=0.0  vb  ac_avg  filo2  P≈0.003266
21:30:04 | i 55 | [ Summary ] cost=552115.00  Δ_S*=+1.27%  Δ_BKS=+1.46%  Δ_S*_BKS=+0.19%  no_improve=12
21:30:04 | i 56 | [HAOS ROLL] k=10  λ=0.8  rb  ac_complete  filo2  P≈0.001137
21:30:04 | i 56 | [Phase 1/3] decompose  0.23s / — / —  λ=0.8  rb ac_complete
21:30:47 | i 56 | [Phase 2/3] route  43.14s / 34.62s / 124.6%  filo2  k=10
21:31:35 | i 55 | [ ASYNC BG] bg_ails  92.14s / 89.25s / 103.2%
21:31:36 | i 56 | [HAOS ROLL] k=10  λ=0.8  rb  ac_complete  filo2  P≈0.001137
21:31:36 | i 56 | [ Summary ] cost=553173.00  Δ_S*=+1.46%  Δ_BKS=+1.66%  Δ_S*_BKS=+0.19%  no_improve=14
21:31:36 | i 57 | [HAOS ROLL] k=2  λ=0.2  vb  kmedoids  filo2  P≈0.000369
21:31:36 | i 57 | [Phase 1/3] decompose  0.54s / — / —  λ=0.2  vb kmedoids
21:33:05 | i 57 | [Phase 2/3] route  88.18s / 88.32s / 99.8%  filo2  k=2
21:33:05 | i 56 | [ ASYNC BG] bg_ails  63.06s / 60.00s / 105.1%
21:33:05 | i 57 | [HAOS ROLL] k=2  λ=0.2  vb  kmedoids  filo2  P≈0.000369
21:33:05 | i 57 | [ Summary ] cost=551510.00  Δ_S*=+1.16%  Δ_BKS=+1.35%  Δ_S*_BKS=+0.19%  no_improve=16
21:33:05 | i 58 | [HAOS ROLL] k=2  λ=0.8  rb  ac_avg  filo2  P≈0.020553
21:33:05 | i 58 | [Phase 1/3] decompose  0.23s / — / —  λ=0.8  rb ac_avg
21:34:36 | i 58 | [Phase 2/3] route  91.19s / 91.14s / 100.1%  filo2  k=2
21:34:36 | i 57 | [ ASYNC BG] bg_ails  89.10s / 86.20s / 103.4%
21:34:37 | i 58 | [HAOS ROLL] k=2  λ=0.8  rb  ac_avg  filo2  P≈0.020553
21:34:37 | i 58 | [ Summary ] cost=552126.00  Δ_S*=+1.27%  Δ_BKS=+1.46%  Δ_S*_BKS=+0.19%  no_improve=18
21:34:37 | i 59 | [HAOS ROLL] k=3  λ=1.0  rb  ac_complete  filo2  P≈0.000553
21:34:37 | i 59 | [Phase 1/3] decompose  0.22s / — / —  λ=1.0  rb ac_complete
21:35:45 | i 59 | [Phase 2/3] route  68.13s / 67.62s / 100.8%  filo2  k=3
21:36:08 | i 58 | [ ASYNC BG] bg_ails  91.20s / 88.95s / 102.5%
21:36:08 | i 59 | [HAOS ROLL] k=3  λ=1.0  rb  ac_complete  filo2  P≈0.000553
21:36:08 | i 59 | [ Summary ] cost=551974.00  Δ_S*=+1.24%  Δ_BKS=+1.43%  Δ_S*_BKS=+0.19%  no_improve=20
21:36:08 | i 60 | [HAOS ROLL] k=8  λ=1.0  rb  ac_complete  filo2  P≈0.002213
21:36:08 | i 60 | [Phase 1/3] decompose  0.21s / — / —  λ=1.0  rb ac_complete
21:36:49 | i 60 | [Phase 2/3] route  41.11s / 40.92s / 100.5%  filo2  k=8
21:37:16 | i 59 | [ ASYNC BG] bg_ails  67.96s / 66.00s / 103.0%
21:37:16 | i 60 | [HAOS ROLL] k=8  λ=1.0  rb  ac_complete  filo2  P≈0.002213
21:37:16 | i 60 | [ Summary ] cost=551987.00  Δ_S*=+1.25%  Δ_BKS=+1.44%  Δ_S*_BKS=+0.19%  no_improve=22
21:37:16 | i 61 | [HAOS ROLL] k=8  λ=0.4  vb  kmedoids  filo  P≈0.000116
21:37:16 | i 61 | [Phase 1/3] decompose  0.24s / — / —  λ=0.4  vb kmedoids
21:37:47 | i 61 | [Phase 2/3] route  31.11s / 21.72s / 143.2%  filo  k=8
21:38:19 | i 60 | [ ASYNC BG] bg_ails  63.07s / 60.00s / 105.1%
21:38:19 | i 61 | [HAOS ROLL] k=8  λ=0.4  vb  kmedoids  filo  P≈0.000116
21:38:19 | i 61 | [ Summary ] cost=554543.00  Δ_S*=+1.72%  Δ_BKS=+1.91%  Δ_S*_BKS=+0.19%  no_improve=24
21:38:19 | i 62 | [HAOS ROLL] k=8  λ=0.0  rb  ac_avg  filo  P≈0.005009
21:38:19 | i 62 | [Phase 1/3] decompose  0.16s / — / —  λ=0.0  rb ac_avg
21:39:02 | i 62 | [Phase 2/3] route  43.11s / 42.84s / 100.6%  filo  k=8
21:39:22 | i 61 | [ ASYNC BG] bg_ails  62.99s / 60.00s / 105.0%
21:39:22 | i 62 | [HAOS ROLL] k=8  λ=0.0  rb  ac_avg  filo  P≈0.005009
21:39:22 | i 62 | [ Summary ] cost=553560.00  Δ_S*=+1.54%  Δ_BKS=+1.73%  Δ_S*_BKS=+0.19%  no_improve=26
21:39:22 | i 63 | [HAOS ROLL] k=8  λ=0.0  vb  ac_avg  filo2  P≈0.002918
21:39:22 | i 63 | [Phase 1/3] decompose  0.24s / — / —  λ=0.0  vb ac_avg
21:40:06 | i 63 | [Phase 2/3] route  44.12s / 43.68s / 101.0%  filo2  k=8
21:40:25 | i 62 | [ ASYNC BG] bg_ails  62.98s / 60.00s / 105.0%
21:40:25 | i 63 | [HAOS ROLL] k=8  λ=0.0  vb  ac_avg  filo2  P≈0.002918
21:40:25 | i 63 | [ Summary ] cost=553827.00  Δ_S*=+1.58%  Δ_BKS=+1.78%  Δ_S*_BKS=+0.19%  no_improve=28
21:40:25 | i 64 | [HAOS ROLL] k=8  λ=0.8  vb  fcm  filo2  P≈0.002848
21:40:25 | i 64 | [Phase 1/3] decompose  0.26s / — / —  λ=0.8  vb fcm
21:40:46 | i 64 | [Phase 2/3] route  21.10s / 21.00s / 100.5%  filo2  k=8
21:41:28 | i 63 | [ ASYNC BG] bg_ails  63.03s / 60.00s / 105.1%
21:41:28 | i 64 | [HAOS ROLL] k=8  λ=0.8  vb  fcm  filo2  P≈0.002848
21:41:28 | i 64 | [ Summary ] cost=554482.00  Δ_S*=+1.70%  Δ_BKS=+1.90%  Δ_S*_BKS=+0.19%  no_improve=30
21:41:28 | i 65 | [HAOS ROLL] k=2  λ=0.2  rb  ac_complete  filo2  P≈0.002885
21:41:28 | i 65 | [Phase 1/3] decompose  0.21s / — / —  λ=0.2  rb ac_complete
21:43:00 | i 65 | [Phase 2/3] route  92.18s / 92.28s / 99.9%  filo2  k=2
21:43:00 | i 64 | [ ASYNC BG] bg_ails  62.99s / 60.00s / 105.0%
21:43:01 | i 65 | [HAOS ROLL] k=2  λ=0.2  rb  ac_complete  filo2  P≈0.002885
21:43:01 | i 65 | [ Summary ] cost=552973.00  Δ_S*=+1.43%  Δ_BKS=+1.62%  Δ_S*_BKS=+0.19%  no_improve=32
21:43:01 | i 66 | [HAOS ROLL] k=8  λ=0.6  vb  fcm  ails2  P≈0.000351
21:43:01 | i 66 | [Phase 1/3] decompose  0.23s / — / —  λ=0.6  vb fcm
21:43:32 | i 66 | [Phase 2/3] route  30.73s / 23.28s / 132.0%  ails2  k=8
21:44:33 | i 65 | [ ASYNC BG] bg_ails  92.89s / 90.07s / 103.1%
21:44:34 | i 66 | [HAOS ROLL] k=8  λ=0.6  vb  fcm  ails2  P≈0.000351
21:44:34 | i 66 | [ Summary ] cost=546104.00  Δ_S*=+0.17%  Δ_BKS=+0.36%  Δ_S*_BKS=+0.19%  no_improve=34
21:44:34 | i 51 | [ASYNC 1/2] sp_sc  722.52s / 720.00s / 100.4%  SC  avg_coverage=16.04/5  pool=10000
21:44:34 | i 51 | [ASYNC 2/2] standard_ails  362.85s / 360.00s / 100.8%
21:45:03 | i 51 | [ IMPROVE ] 545130.00  via standard_ails  ·  Δ_BKS=+0.18%
21:45:03 | i 67 | [HAOS ROLL] k=10  λ=0.8  vb  ac_avg  filo  P≈0.000476
21:45:03 | i 67 | [Phase 1/3] decompose  0.28s / — / —  λ=0.8  vb ac_avg
21:45:50 | i 67 | [Phase 2/3] route  47.12s / 42.06s / 112.0%  filo  k=10
21:45:50 | i 66 | [ ASYNC BG] bg_ails  62.98s / 60.00s / 105.0%
21:45:50 | i 67 | [HAOS ROLL] k=10  λ=0.8  vb  ac_avg  filo  P≈0.000476
21:45:51 | i 67 | [ Summary ] cost=555056.00  Δ_S*=+1.82%  Δ_BKS=+2.00%  Δ_S*_BKS=+0.18%  no_improve=2
21:45:51 | i 68 | [HAOS ROLL] k=6  λ=0.0  rb  ac_avg  filo2  P≈0.005118
21:45:51 | i 68 | [Phase 1/3] decompose  0.17s / — / —  λ=0.0  rb ac_avg
21:46:32 | i 68 | [Phase 2/3] route  41.13s / 40.80s / 100.8%  filo2  k=6
21:46:53 | i 67 | [ ASYNC BG] bg_ails  63.02s / 60.00s / 105.0%
21:46:53 | i 68 | [HAOS ROLL] k=6  λ=0.0  rb  ac_avg  filo2  P≈0.005118
21:46:54 | i 68 | [ Summary ] cost=553047.00  Δ_S*=+1.45%  Δ_BKS=+1.63%  Δ_S*_BKS=+0.18%  no_improve=4
21:46:54 | i 69 | [HAOS ROLL] k=2  λ=0.6  vb  fcm  filo2  P≈0.001738
21:46:54 | i 69 | [Phase 1/3] decompose  0.21s / — / —  λ=0.6  vb fcm
21:48:24 | i 69 | [Phase 2/3] route  90.18s / 90.48s / 99.7%  filo2  k=2
21:48:24 | i 68 | [ ASYNC BG] bg_ails  62.99s / 60.00s / 105.0%
21:48:24 | i 69 | [HAOS ROLL] k=2  λ=0.6  vb  fcm  filo2  P≈0.001738
21:48:24 | i 69 | [ Summary ] cost=552426.00  Δ_S*=+1.34%  Δ_BKS=+1.52%  Δ_S*_BKS=+0.18%  no_improve=6
21:48:24 | i 70 | [HAOS ROLL] k=2  λ=0.6  rb  ac_avg  filo  P≈0.003779
21:48:25 | i 70 | [Phase 1/3] decompose  0.21s / — / —  λ=0.6  rb ac_avg
21:49:57 | i 70 | [Phase 2/3] route  92.41s / 91.62s / 100.9%  filo  k=2
21:49:57 | i 69 | [ ASYNC BG] bg_ails  91.01s / 88.31s / 103.1%
21:49:57 | i 70 | [HAOS ROLL] k=2  λ=0.6  rb  ac_avg  filo  P≈0.003779
21:49:57 | i 70 | [ Summary ] cost=552383.00  Δ_S*=+1.33%  Δ_BKS=+1.51%  Δ_S*_BKS=+0.18%  no_improve=8
21:49:57 | i 71 | [HAOS ROLL] k=2  λ=0.8  rb  ac_complete  filo  P≈0.005782
21:49:58 | i 71 | [Phase 1/3] decompose  0.21s / — / —  λ=0.8  rb ac_complete
21:51:28 | i 71 | [Phase 2/3] route  90.17s / 89.58s / 100.7%  filo  k=2
21:51:29 | i 70 | [ ASYNC BG] bg_ails  92.01s / 89.42s / 102.9%
21:51:29 | i 71 | [HAOS ROLL] k=2  λ=0.8  rb  ac_complete  filo  P≈0.005782
21:51:29 | i 71 | [ Summary ] cost=552872.00  Δ_S*=+1.42%  Δ_BKS=+1.60%  Δ_S*_BKS=+0.18%  no_improve=10
21:51:29 | i 72 | [HAOS ROLL] k=2  λ=0.0  rb  ac_avg  filo  P≈0.006094
21:51:30 | i 72 | [Phase 1/3] decompose  0.16s / — / —  λ=0.0  rb ac_avg
21:53:02 | i 72 | [Phase 2/3] route  92.19s / 91.62s / 100.6%  filo  k=2
21:53:02 | i 71 | [ ASYNC BG] bg_ails  90.00s / 87.43s / 102.9%
21:53:02 | i 72 | [HAOS ROLL] k=2  λ=0.0  rb  ac_avg  filo  P≈0.006094
21:53:02 | i 72 | [ Summary ] cost=552461.00  Δ_S*=+1.34%  Δ_BKS=+1.52%  Δ_S*_BKS=+0.18%  no_improve=12
21:53:02 | i 73 | [HAOS ROLL] k=4  λ=0.0  rb  ac_complete  filo2  P≈0.001574
21:53:02 | i 73 | [Phase 1/3] decompose  0.16s / — / —  λ=0.0  rb ac_complete
21:54:12 | i 73 | [Phase 2/3] route  70.14s / 69.84s / 100.4%  filo2  k=4
21:54:34 | i 72 | [ ASYNC BG] bg_ails  92.00s / 89.42s / 102.9%
21:54:34 | i 73 | [HAOS ROLL] k=4  λ=0.0  rb  ac_complete  filo2  P≈0.001574
21:54:34 | i 73 | [ Summary ] cost=553660.00  Δ_S*=+1.56%  Δ_BKS=+1.74%  Δ_S*_BKS=+0.18%  no_improve=14
21:54:34 | i 74 | [HAOS ROLL] k=2  λ=0.2  vb  ac_avg  filo2  P≈0.001634
21:54:34 | i 74 | [Phase 1/3] decompose  0.28s / — / —  λ=0.2  vb ac_avg
21:56:06 | i 74 | [Phase 2/3] route  91.19s / 91.08s / 100.1%  filo2  k=2
21:56:06 | i 73 | [ ASYNC BG] bg_ails  70.96s / 68.16s / 104.1%
21:56:06 | i 74 | [HAOS ROLL] k=2  λ=0.2  vb  ac_avg  filo2  P≈0.001634
21:56:06 | i 74 | [ Summary ] cost=552922.00  Δ_S*=+1.43%  Δ_BKS=+1.61%  Δ_S*_BKS=+0.18%  no_improve=16
21:56:06 | i 75 | [HAOS ROLL] k=2  λ=0.6  vb  fcm  filo2  P≈0.002065
21:56:06 | i 75 | [Phase 1/3] decompose  0.20s / — / —  λ=0.6  vb fcm
21:57:36 | i 75 | [Phase 2/3] route  90.19s / 90.48s / 99.7%  filo2  k=2
21:57:37 | i 74 | [ ASYNC BG] bg_ails  90.95s / 88.89s / 102.3%
21:57:37 | i 75 | [HAOS ROLL] k=2  λ=0.6  vb  fcm  filo2  P≈0.002065
21:57:37 | i 75 | [ Summary ] cost=551671.00  Δ_S*=+1.20%  Δ_BKS=+1.38%  Δ_S*_BKS=+0.18%  no_improve=18
21:57:37 | i 76 | [HAOS ROLL] k=2  λ=0.2  vb  ac_complete  ails2  P≈0.000167
21:57:37 | i 76 | [Phase 1/3] decompose  0.27s / — / —  λ=0.2  vb ac_complete
21:59:10 | i 76 | [Phase 2/3] route  92.99s / 91.56s / 101.6%  ails2  k=2
21:59:10 | i 75 | [ ASYNC BG] bg_ails  90.93s / 88.31s / 103.0%
21:59:11 | i 76 | [HAOS ROLL] k=2  λ=0.2  vb  ac_complete  ails2  P≈0.000167
21:59:11 | i 76 | [ Summary ] cost=545257.00  Δ_S*=+0.02%  Δ_BKS=+0.20%  Δ_S*_BKS=+0.18%  no_improve=20
21:59:11 | i 77 | [HAOS ROLL] k=2  λ=0.8  rb  ac_complete  filo2  P≈0.013914
21:59:11 | i 77 | [Phase 1/3] decompose  0.20s / — / —  λ=0.8  rb ac_complete
22:00:41 | i 77 | [Phase 2/3] route  90.18s / 89.58s / 100.7%  filo2  k=2
22:00:42 | i 76 | [ ASYNC BG] bg_ails  92.06s / 89.36s / 103.0%
22:00:42 | i 77 | [HAOS ROLL] k=2  λ=0.8  rb  ac_complete  filo2  P≈0.013914
22:00:43 | i 77 | [ Summary ] cost=551920.00  Δ_S*=+1.25%  Δ_BKS=+1.42%  Δ_S*_BKS=+0.18%  no_improve=22
22:00:43 | i 78 | [HAOS ROLL] k=4  λ=0.8  vb  ac_complete  filo  P≈0.000425
22:00:43 | i 78 | [Phase 1/3] decompose  0.26s / — / —  λ=0.8  vb ac_complete
22:01:50 | i 78 | [Phase 2/3] route  67.13s / 66.78s / 100.5%  filo  k=4
22:02:12 | i 77 | [ ASYNC BG] bg_ails  89.99s / 87.43s / 102.9%
22:02:12 | i 78 | [HAOS ROLL] k=4  λ=0.8  vb  ac_complete  filo  P≈0.000425
22:02:13 | i 78 | [ Summary ] cost=553476.00  Δ_S*=+1.53%  Δ_BKS=+1.71%  Δ_S*_BKS=+0.18%  no_improve=24
22:02:13 | i 79 | [HAOS ROLL] k=2  λ=0.0  vb  ac_avg  filo2  P≈0.005186
22:02:13 | i 79 | [Phase 1/3] decompose  0.23s / — / —  λ=0.0  vb ac_avg
22:03:44 | i 79 | [Phase 2/3] route  91.18s / 91.44s / 99.7%  filo2  k=2
22:03:44 | i 78 | [ ASYNC BG] bg_ails  67.92s / 65.18s / 104.2%
22:03:44 | i 79 | [HAOS ROLL] k=2  λ=0.0  vb  ac_avg  filo2  P≈0.005186
22:03:44 | i 79 | [ Summary ] cost=552392.00  Δ_S*=+1.33%  Δ_BKS=+1.51%  Δ_S*_BKS=+0.18%  no_improve=26
22:03:44 | i 80 | [HAOS ROLL] k=8  λ=0.8  rb  ac_avg  pyvrp  P≈0.003525
22:03:45 | i 80 | [Phase 1/3] decompose  0.20s / — / —  λ=0.8  rb ac_avg
22:04:27 | i 80 | [Phase 2/3] route  42.27s / 40.80s / 103.6%  pyvrp  k=8
22:05:16 | i 79 | [ ASYNC BG] bg_ails  91.99s / 89.25s / 103.1%
22:05:16 | i 80 | [HAOS ROLL] k=8  λ=0.8  rb  ac_avg  pyvrp  P≈0.003525
22:05:16 | i 80 | [ Summary ] cost=552027.00  Δ_S*=+1.27%  Δ_BKS=+1.44%  Δ_S*_BKS=+0.18%  no_improve=28
22:05:16 | i 67 | [ASYNC 1/2] sp_sc  721.34s / 720.00s / 100.2%  SC  avg_coverage=16.04/5  pool=10000
22:05:16 | i 67 | [ASYNC 2/2] standard_ails  362.74s / 360.00s / 100.8%
22:05:46 | i 67 | [ IMPROVE ] 545012.00  via standard_ails  ·  Δ_BKS=+0.16%
22:05:46 | i 81 | [HAOS ROLL] k=8  λ=1.0  vb  ac_avg  filo2  P≈0.001938
22:05:46 | i 81 | [Phase 1/3] decompose  0.28s / — / —  λ=1.0  vb ac_avg
22:06:28 | i 81 | [Phase 2/3] route  42.12s / 42.36s / 99.4%  filo2  k=8
22:06:28 | i 80 | [ ASYNC BG] bg_ails  63.08s / 60.00s / 105.1%
22:06:28 | i 81 | [HAOS ROLL] k=8  λ=1.0  vb  ac_avg  filo2  P≈0.001938
22:06:29 | i 81 | [ Summary ] cost=553586.00  Δ_S*=+1.57%  Δ_BKS=+1.73%  Δ_S*_BKS=+0.16%  no_improve=2
22:06:29 | i 82 | [HAOS ROLL] k=2  λ=0.8  rb  ac_avg  filo2  P≈0.020980
22:06:29 | i 82 | [Phase 1/3] decompose  0.22s / — / —  λ=0.8  rb ac_avg
22:08:00 | i 82 | [Phase 2/3] route  91.19s / 90.84s / 100.4%  filo2  k=2
22:08:00 | i 81 | [ ASYNC BG] bg_ails  63.10s / 60.00s / 105.2%
22:08:00 | i 82 | [HAOS ROLL] k=2  λ=0.8  rb  ac_avg  filo2  P≈0.020980
22:08:00 | i 82 | [ Summary ] cost=551994.00  Δ_S*=+1.28%  Δ_BKS=+1.44%  Δ_S*_BKS=+0.16%  no_improve=4
22:08:00 | i 83 | [HAOS ROLL] k=2  λ=0.0  rb  ac_complete  filo  P≈0.005040
22:08:00 | i 83 | [Phase 1/3] decompose  0.16s / — / —  λ=0.0  rb ac_complete
22:09:32 | i 83 | [Phase 2/3] route  91.19s / 91.38s / 99.8%  filo  k=2
22:09:32 | i 82 | [ ASYNC BG] bg_ails  91.06s / 88.66s / 102.7%
22:09:32 | i 83 | [HAOS ROLL] k=2  λ=0.0  rb  ac_complete  filo  P≈0.005040
22:09:32 | i 83 | [ Summary ] cost=552485.00  Δ_S*=+1.37%  Δ_BKS=+1.53%  Δ_S*_BKS=+0.16%  no_improve=6
22:09:32 | i 84 | [HAOS ROLL] k=8  λ=0.0  rb  ac_complete  filo2  P≈0.007852
22:09:32 | i 84 | [Phase 1/3] decompose  0.16s / — / —  λ=0.0  rb ac_complete
22:10:05 | i 84 | [Phase 2/3] route  33.12s / 33.18s / 99.8%  filo2  k=8
22:11:04 | i 83 | [ ASYNC BG] bg_ails  91.84s / 89.19s / 103.0%
22:11:04 | i 84 | [HAOS ROLL] k=8  λ=0.0  rb  ac_complete  filo2  P≈0.007852
22:11:04 | i 84 | [ Summary ] cost=552719.00  Δ_S*=+1.41%  Δ_BKS=+1.57%  Δ_S*_BKS=+0.16%  no_improve=8
22:11:04 | i 85 | [HAOS ROLL] k=8  λ=0.0  vb  kmedoids  filo2  P≈0.000973
22:11:04 | i 85 | [Phase 1/3] decompose  0.21s / — / —  λ=0.0  vb kmedoids
22:11:32 | i 85 | [Phase 2/3] route  28.12s / 23.40s / 120.2%  filo2  k=8
22:12:07 | i 84 | [ ASYNC BG] bg_ails  62.99s / 60.00s / 105.0%
22:12:07 | i 85 | [HAOS ROLL] k=8  λ=0.0  vb  kmedoids  filo2  P≈0.000973
22:12:07 | i 85 | [ Summary ] cost=553946.00  Δ_S*=+1.64%  Δ_BKS=+1.80%  Δ_S*_BKS=+0.16%  no_improve=10
22:12:07 | i 86 | [HAOS ROLL] k=2  λ=0.8  rb  ac_avg  pyvrp  P≈0.004946
22:12:07 | i 86 | [Phase 1/3] decompose  0.21s / — / —  λ=0.8  rb ac_avg
22:13:44 | i 86 | [Phase 2/3] route  96.47s / 90.84s / 106.2%  pyvrp  k=2
22:13:44 | i 85 | [ ASYNC BG] bg_ails  62.98s / 60.00s / 105.0%
22:13:44 | i 86 | [HAOS ROLL] k=2  λ=0.8  rb  ac_avg  pyvrp  P≈0.004946
22:13:44 | i 86 | [ Summary ] cost=551697.00  Δ_S*=+1.23%  Δ_BKS=+1.38%  Δ_S*_BKS=+0.16%  no_improve=12
22:13:44 | i — | [  FINAL  ] async BG-AILS totals launched=85 applied=85 adopted=6 launch_skipped_cap=1 crashes=0 discarded_in_flight=False block_wait_total_s=1432.2
22:14:14 | i — | [  FINAL  ] async SP/SC totals invocations=6 adopted=5 skipped=0 discarded_in_flight=True sp_busy_frac=0.8456613640959993
22:14:14 | i — | [  FINAL  ] ════════════════════════════════════════
22:14:14 | i — | [  FINAL  ] Run complete  iterations=86  elapsed=02:00:36  best=545012.00
22:14:14 | i — | [  FINAL  ] Δ_BKS=+0.16%  no_improve_stop=False  time_stop=True  cancelled=False
22:14:14 | i — | [  FINAL  ] 
22:14:14 | i — | [  FINAL  ] [BEST SOLUTION — HAOS TAG SUMMARY]
22:14:14 | i — | [  FINAL  ] ────────────────────────────────────────
22:14:14 | i — | [  FINAL  ]   216 routes  vb  fcm  k=2  λ=0.8  solver=filo2
22:14:14 | i — | [  FINAL  ]   91 routes  rb  ac_avg  k=12  λ=0.2  solver=filo
22:14:14 | i — | [  FINAL  ]   49 routes  rb  kmeans  k=8  λ=0.6  solver=filo
22:14:14 | i — | [  FINAL  ]   26 routes  vb  ac_complete  k=12  λ=0.8  solver=filo
22:14:14 | i — | [  FINAL  ]   19 routes  rb  ac_complete  k=8  λ=0.0  solver=filo2
22:14:14 | i — | [  FINAL  ]   13 routes  rb  ac_avg  k=6  λ=0.6  solver=filo2
22:14:14 | i — | [  FINAL  ]   8 routes  vb  fcm  k=2  λ=0.6  solver=filo2
22:14:14 | i — | [  FINAL  ]   8 routes  vb  ac_avg  k=2  λ=0.2  solver=filo2
22:14:14 | i — | [  FINAL  ]   7 routes  vb  kmeans  k=6  λ=0.6  solver=ails2
22:14:14 | i — | [  FINAL  ]   7 routes  rb  ac_complete  k=4  λ=0.8  solver=pyvrp
22:14:14 | i — | [  FINAL  ]   7 routes  vb  ac_avg  k=2  λ=0.0  solver=filo2
22:14:14 | i — | [  FINAL  ]   7 routes  vb  ac_avg  k=10  λ=0.0  solver=pyvrp
22:14:14 | i — | [  FINAL  ]   6 routes  vb  ac_avg  k=3  λ=1.0  solver=filo
22:14:14 | i — | [  FINAL  ]   5 routes  rb  ac_complete  k=2  λ=0.0  solver=filo2
22:14:14 | i — | [  FINAL  ]   4 routes  rb  ac_avg  k=6  λ=0.0  solver=filo2
22:14:14 | i — | [  FINAL  ]   4 routes  rb  ac_avg  k=8  λ=0.8  solver=pyvrp
22:14:14 | i — | [  FINAL  ]   3 routes  rb  ac_complete  k=2  λ=0.8  solver=filo2
22:14:14 | i — | [  FINAL  ]   3 routes  rb  ac_avg  k=2  λ=0.8  solver=filo2
22:14:14 | i — | [  FINAL  ]   3 routes  rb  ac_complete  k=2  λ=0.8  solver=filo
22:14:14 | i — | [  FINAL  ]   3 routes  rb  ac_complete  k=8  λ=0.0  solver=ails2
22:14:14 | i — | [  FINAL  ]   3 routes  rb  ac_complete  k=4  λ=0.0  solver=filo2
22:14:14 | i — | [  FINAL  ]   3 routes  rb  ac_avg  k=2  λ=0.6  solver=filo2
22:14:14 | i — | [  FINAL  ]   3 routes  rb  ac_avg  k=2  λ=0.0  solver=filo
22:14:14 | i — | [  FINAL  ]   3 routes  vb  ac_complete  k=3  λ=0.0  solver=filo
22:14:14 | i — | [  FINAL  ]   3 routes  rb  ac_avg  k=2  λ=0.6  solver=filo
22:14:14 | i — | [  FINAL  ]   3 routes  rb  ac_avg  k=4  λ=1.0  solver=filo2
22:14:14 | i — | [  FINAL  ]   3 routes  vb  ac_complete  k=4  λ=0.8  solver=filo
22:14:14 | i — | [  FINAL  ]   2 routes  rb  ac_avg  k=8  λ=0.0  solver=filo2
22:14:14 | i — | [  FINAL  ]   2 routes  vb  kmedoids  k=8  λ=0.4  solver=filo
22:14:14 | i — | [  FINAL  ]   2 routes  rb  kmeans  k=2  λ=0.4  solver=filo2
22:14:14 | i — | [  FINAL  ]   2 routes  rb  ac_avg  k=3  λ=0.0  solver=filo
22:14:14 | i — | [  FINAL  ]   2 routes  rb  ac_avg  k=8  λ=0.8  solver=ails2
22:14:14 | i — | [  FINAL  ]   2 routes  rb  ac_avg  k=6  λ=1.0  solver=pyvrp
22:14:14 | i — | [  FINAL  ]   2 routes  vb  fcm  k=8  λ=0.6  solver=ails2
22:14:14 | i — | [  FINAL  ]   2 routes  rb  ac_complete  k=2  λ=0.6  solver=filo2
22:14:14 | i — | [  FINAL  ]   2 routes  rb  ac_avg  k=8  λ=0.0  solver=filo
22:14:14 | i — | [  FINAL  ]   2 routes  rb  kmeans  k=2  λ=1.0  solver=pyvrp
22:14:14 | i — | [  FINAL  ]   2 routes  rb  ac_complete  k=8  λ=1.0  solver=filo2
22:14:14 | i — | [  FINAL  ]   1 routes  vb  ac_complete  k=2  λ=0.2  solver=ails2
22:14:14 | i — | [  FINAL  ]   1 routes  rb  ac_avg  k=6  λ=0.8  solver=filo2
22:14:14 | i — | [  FINAL  ]   1 routes  vb  ac_avg  k=6  λ=0.6  solver=filo2
22:14:14 | i — | [  FINAL  ]   1 routes  rb  ac_avg  k=8  λ=0.6  solver=filo
22:14:14 | i — | [  FINAL  ]   1 routes  rb  kmeans  k=2  λ=0.8  solver=filo
22:14:14 | i — | [  FINAL  ]   1 routes  rb  ac_complete  k=6  λ=0.8  solver=filo2
22:14:14 | i — | [  FINAL  ]   1 routes  vb  fcm  k=8  λ=0.8  solver=ails2
22:14:14 | i — | [  FINAL  ]   1 routes  rb  ac_complete  k=10  λ=0.8  solver=filo2
22:14:14 | i — | [  FINAL  ]   1 routes  rb  kmeans  k=2  λ=0.2  solver=filo
22:14:14 | i — | [  FINAL  ]   1 routes  vb  ac_avg  k=10  λ=0.8  solver=filo
22:14:14 | i — | [  FINAL  ]   1 routes  rb  ac_avg  k=8  λ=0.6  solver=filo2
22:14:14 | i — | [  FINAL  ]   1 routes  vb  fcm  k=8  λ=1.0  solver=filo2
22:14:14 | i — | [  FINAL  ]   1 routes  rb  ac_avg  k=8  λ=0.0  solver=pyvrp
22:14:14 | i — | [  FINAL  ]   1 routes  rb  ac_avg  k=4  λ=0.0  solver=filo
22:14:14 | i — | [  FINAL  ]   1 routes  vb  ac_complete  k=12  λ=0.8  solver=filo2
22:14:14 | i — | [  FINAL  ]   75 routes  post-SP/SC improvement
22:14:14 | i — | [  FINAL  ] 
22:14:14 | i — | [  FINAL  ] [ROUTE POOL — HAOS TAG SUMMARY]
22:14:14 | i — | [  FINAL  ] ────────────────────────────────────────
22:14:14 | i — | [  FINAL  ]   847 routes  vb  fcm  k=2  λ=0.8  solver=filo2
22:14:14 | i — | [  FINAL  ]   480 routes  rb  ac_avg  k=12  λ=0.2  solver=filo
22:14:14 | i — | [  FINAL  ]   435 routes  rb  ac_complete  k=8  λ=0.0  solver=filo2
22:14:14 | i — | [  FINAL  ]   397 routes  rb  kmeans  k=8  λ=0.6  solver=filo
22:14:14 | i — | [  FINAL  ]   374 routes  rb  ac_avg  k=2  λ=0.8  solver=filo2
22:14:14 | i — | [  FINAL  ]   312 routes  vb  ac_avg  k=10  λ=0.0  solver=pyvrp
22:14:14 | i — | [  FINAL  ]   307 routes  vb  ac_complete  k=12  λ=0.8  solver=filo
22:14:14 | i — | [  FINAL  ]   293 routes  rb  ac_avg  k=2  λ=0.8  solver=pyvrp
22:14:14 | i — | [  FINAL  ]   291 routes  rb  ac_complete  k=4  λ=0.8  solver=pyvrp
22:14:14 | i — | [  FINAL  ]   234 routes  rb  ac_avg  k=8  λ=0.8  solver=pyvrp
22:14:14 | i — | [  FINAL  ]   200 routes  vb  ac_avg  k=8  λ=1.0  solver=filo2
22:14:14 | i — | [  FINAL  ]   193 routes  rb  ac_avg  k=6  λ=0.6  solver=filo2
22:14:14 | i — | [  FINAL  ]   186 routes  vb  kmedoids  k=8  λ=0.0  solver=filo2
22:14:14 | i — | [  FINAL  ]   173 routes  rb  ac_complete  k=2  λ=0.0  solver=filo
22:14:14 | i — | [  FINAL  ]   169 routes  vb  fcm  k=2  λ=0.6  solver=filo2
22:14:14 | i — | [  FINAL  ]   152 routes  rb  ac_avg  k=3  λ=0.0  solver=filo
22:14:14 | i — | [  FINAL  ]   148 routes  vb  ac_avg  k=2  λ=0.8  solver=pyvrp
22:14:14 | i — | [  FINAL  ]   148 routes  rb  ac_avg  k=6  λ=1.0  solver=pyvrp
22:14:14 | i — | [  FINAL  ]   145 routes  vb  ac_avg  k=2  λ=0.0  solver=filo2
22:14:14 | i — | [  FINAL  ]   143 routes  rb  ac_complete  k=8  λ=0.0  solver=ails2
22:14:14 | i — | [  FINAL  ]   142 routes  rb  kmeans  k=6  λ=0.4  solver=pyvrp
22:14:14 | i — | [  FINAL  ]   140 routes  vb  ac_complete  k=3  λ=0.0  solver=filo
22:14:14 | i — | [  FINAL  ]   134 routes  rb  ac_avg  k=4  λ=1.0  solver=filo2
22:14:14 | i — | [  FINAL  ]   130 routes  rb  kmeans  k=2  λ=1.0  solver=pyvrp
22:14:14 | i — | [  FINAL  ]   127 routes  rb  kmeans  k=2  λ=0.8  solver=filo
22:14:14 | i — | [  FINAL  ]   123 routes  vb  ac_avg  k=2  λ=0.2  solver=filo2
22:14:14 | i — | [  FINAL  ]   121 routes  vb  ac_avg  k=3  λ=1.0  solver=filo
22:14:14 | i — | [  FINAL  ]   121 routes  vb  ac_avg  k=10  λ=0.8  solver=filo
22:14:14 | i — | [  FINAL  ]   117 routes  rb  ac_complete  k=4  λ=0.0  solver=filo2
22:14:14 | i — | [  FINAL  ]   114 routes  rb  ac_avg  k=8  λ=0.0  solver=pyvrp
22:14:14 | i — | [  FINAL  ]   110 routes  rb  ac_avg  k=8  λ=0.0  solver=filo2
22:14:14 | i — | [  FINAL  ]   105 routes  vb  fcm  k=8  λ=0.6  solver=ails2
22:14:14 | i — | [  FINAL  ]   101 routes  vb  kmeans  k=6  λ=0.6  solver=ails2
22:14:14 | i — | [  FINAL  ]   99 routes  rb  ac_avg  k=6  λ=0.0  solver=filo2
22:14:14 | i — | [  FINAL  ]   93 routes  rb  ac_avg  k=8  λ=0.6  solver=filo2
22:14:14 | i — | [  FINAL  ]   92 routes  rb  ac_complete  k=2  λ=0.8  solver=filo
22:14:14 | i — | [  FINAL  ]   89 routes  vb  ac_complete  k=4  λ=0.8  solver=filo
22:14:14 | i — | [  FINAL  ]   87 routes  vb  ac_complete  k=6  λ=0.2  solver=filo
22:14:14 | i — | [  FINAL  ]   87 routes  rb  ac_avg  k=8  λ=0.8  solver=ails2
22:14:14 | i — | [  FINAL  ]   78 routes  rb  ac_avg  k=2  λ=0.6  solver=filo2
22:14:14 | i — | [  FINAL  ]   78 routes  rb  ac_avg  k=2  λ=0.6  solver=filo
22:14:14 | i — | [  FINAL  ]   78 routes  rb  ac_complete  k=2  λ=0.8  solver=filo2
22:14:14 | i — | [  FINAL  ]   77 routes  rb  ac_complete  k=2  λ=0.0  solver=filo2
22:14:14 | i — | [  FINAL  ]   73 routes  vb  fcm  k=8  λ=0.8  solver=filo2
22:14:14 | i — | [  FINAL  ]   69 routes  rb  ac_avg  k=2  λ=0.0  solver=filo
22:14:14 | i — | [  FINAL  ]   66 routes  vb  fcm  k=8  λ=1.0  solver=filo2
22:14:14 | i — | [  FINAL  ]   65 routes  vb  ac_avg  k=6  λ=0.6  solver=filo2
22:14:14 | i — | [  FINAL  ]   65 routes  vb  kmeans  k=10  λ=0.8  solver=filo2
22:14:14 | i — | [  FINAL  ]   64 routes  rb  ac_avg  k=8  λ=0.6  solver=filo
22:14:14 | i — | [  FINAL  ]   60 routes  rb  ac_avg  k=6  λ=0.8  solver=filo2
22:14:14 | i — | [  FINAL  ]   60 routes  vb  ac_avg  k=8  λ=0.0  solver=filo2
22:14:14 | i — | [  FINAL  ]   59 routes  vb  kmeans  k=2  λ=1.0  solver=filo2
22:14:14 | i — | [  FINAL  ]   59 routes  rb  ac_avg  k=2  λ=0.8  solver=filo
22:14:14 | i — | [  FINAL  ]   58 routes  rb  ac_complete  k=2  λ=0.2  solver=filo2
22:14:14 | i — | [  FINAL  ]   57 routes  rb  ac_complete  k=6  λ=0.8  solver=filo2
22:14:14 | i — | [  FINAL  ]   57 routes  vb  kmedoids  k=8  λ=0.4  solver=filo
22:14:14 | i — | [  FINAL  ]   56 routes  vb  ac_complete  k=12  λ=0.8  solver=filo2
22:14:14 | i — | [  FINAL  ]   56 routes  rb  kmeans  k=2  λ=0.4  solver=filo2
22:14:14 | i — | [  FINAL  ]   55 routes  vb  kmedoids  k=2  λ=0.2  solver=filo2
22:14:14 | i — | [  FINAL  ]   55 routes  rb  ac_complete  k=8  λ=1.0  solver=filo2
22:14:14 | i — | [  FINAL  ]   52 routes  rb  ac_avg  k=4  λ=0.0  solver=filo
22:14:14 | i — | [  FINAL  ]   51 routes  rb  ac_complete  k=2  λ=0.6  solver=filo2
22:14:14 | i — | [  FINAL  ]   51 routes  vb  ac_complete  k=2  λ=0.2  solver=ails2
22:14:14 | i — | [  FINAL  ]   50 routes  rb  ac_complete  k=8  λ=0.8  solver=ails2
22:14:14 | i — | [  FINAL  ]   50 routes  rb  ac_avg  k=3  λ=0.8  solver=filo2
22:14:14 | i — | [  FINAL  ]   49 routes  rb  kmeans  k=12  λ=0.0  solver=filo2
22:14:14 | i — | [  FINAL  ]   47 routes  rb  ac_avg  k=8  λ=0.8  solver=filo2
22:14:14 | i — | [  FINAL  ]   47 routes  rb  ac_avg  k=4  λ=0.6  solver=filo2
22:14:14 | i — | [  FINAL  ]   47 routes  rb  ac_complete  k=10  λ=0.8  solver=filo2
22:14:14 | i — | [  FINAL  ]   47 routes  rb  ac_complete  k=3  λ=1.0  solver=filo2
22:14:14 | i — | [  FINAL  ]   46 routes  vb  fcm  k=8  λ=0.8  solver=ails2
22:14:14 | i — | [  FINAL  ]   46 routes  rb  ac_avg  k=8  λ=0.0  solver=filo
22:14:14 | i — | [  FINAL  ]   38 routes  rb  ac_complete  k=8  λ=0.8  solver=filo2
22:14:14 | i — | [  FINAL  ]   32 routes  rb  kmeans  k=2  λ=0.2  solver=filo
22:14:14 | i — | [  FINAL  ]   243 routes  post-SP/SC improvement
22:14:14 | i — | [  FINAL  ] ════════════════════════════════════════
