12:28:32 | i — | [  INIT   ] ════════════════════════════════════════
12:28:32 | i — | [  INIT   ] DRISPI  instance=X-n4844-k321  n=4843  capacity=188
12:28:32 | i — | [  INIT   ] k domain (computed at init): [2, 3, 4, 6, 8, 10, 12, 14, 17, 20]  k_ext=20  k_min=321  k_ext_bound=n_bound  spacing_rejected=0
12:28:32 | i — | [  INIT   ] ══════════════════════════════════════════════════════
12:28:32 | i — | [  INIT   ] CONFIGURATION
12:28:32 | i — | [  INIT   ] ── stopping ────────────────────────────────
12:28:32 | i — | [  INIT   ]   time_limit                  = 7200.0
12:28:32 | i — | [  INIT   ]   max_no_improve              = 1000000000
12:28:32 | i — | [  INIT   ] ── parallelism ─────────────────────────────
12:28:32 | i — | [  INIT   ]   n_workers                   = 8
12:28:32 | i — | [  INIT   ] ── cores ───────────────────────────────────
12:28:32 | i — | [  INIT   ]   cores_total                 = 8
12:28:32 | i — | [  INIT   ]   cores_dri                   = 6
12:28:32 | i — | [  INIT   ]   cores_bg                    = 1
12:28:32 | i — | [  INIT   ]   cores_sp                    = 1
12:28:32 | i — | [  INIT   ]   cores_cpu_list              = None
12:28:32 | i — | [  INIT   ] ── sp/sc ───────────────────────────────────
12:28:32 | i — | [  INIT   ]   sp_sc_mode                  = async
12:28:32 | i — | [  INIT   ]   sp_sc_trigger               = wallclock
12:28:32 | i — | [  INIT   ]   interval_minutes            = 20.0
12:28:32 | i — | [  INIT   ]   overlap_policy              = skip
12:28:32 | i — | [  INIT   ]   warmup_iterations           = 5
12:28:32 | i — | [  INIT   ]   sp_interval                 = 3
12:28:32 | i — | [  INIT   ]   min_coverage                = 5
12:28:32 | i — | [  INIT   ]   sp_time_limit               = 720.0
12:28:32 | i — | [  INIT   ]   mip_gap                     = 0.00025
12:28:32 | i — | [  INIT   ] ── decomposition ───────────────────────────
12:28:32 | i — | [  INIT   ]   decomp_k_base_arms          = [2, 3, 4, 6, 8, 10, 12]
12:28:32 | i — | [  INIT   ]   decomp_k_max_arms           = 10
12:28:32 | i — | [  INIT   ]   decomp_k_ext_per_1000       = 4
12:28:32 | i — | [  INIT   ]   decomp_k_min_routes_per_cluster= 8
12:28:32 | i — | [  INIT   ]   decomp_k_min_arm_spacing    = 2
12:28:32 | i — | [  INIT   ]   subcluster_rate_s_per_customer= 0.06
12:28:32 | i — | [  INIT   ]   subcluster_floor_s          = 5.0
12:28:32 | i — | [  INIT   ] ── bg_ails ─────────────────────────────────
12:28:32 | i — | [  INIT   ]   bg_ails_mode                = async
12:28:32 | i — | [  INIT   ]   bg_ails_crash_threshold     = 1
12:28:32 | i — | [  INIT   ]   bg_ails_budget_mode         = predicted_dr_wall
12:28:32 | i — | [  INIT   ]   bg_ails_budget_floor_s      = 60.0
12:28:32 | i — | [  INIT   ]   bg_ails_budget_margin       = 1.0
12:28:32 | i — | [  INIT   ]   bg_ails_wall_model_scale    = 0.976
12:28:32 | i — | [  INIT   ]   bg_ails_wall_model_wave_exponent= -0.18
12:28:32 | i — | [  INIT   ]   bg_ails_initial_omega       = 10
12:28:32 | i — | [  INIT   ]   bg_ails_boundary_threshold  = 0.5
12:28:32 | i — | [  INIT   ]   bg_ails_small_cluster_cap   = 20
12:28:32 | i — | [  INIT   ]   bg_ails_small_cluster_alpha = 0.5
12:28:32 | i — | [  INIT   ]   bg_ails_pair_selection      = greedy
12:28:32 | i — | [  INIT   ]   bg_ails_n_chains_mode       = k
12:28:32 | i — | [  INIT   ]   bg_ails_unique_first_routes = True
12:28:32 | i — | [  INIT   ]   bg_ails_boundary_mask_first_ls= True
12:28:32 | i — | [  INIT   ] ── standard_improvement ────────────────────
12:28:32 | i — | [  INIT   ]   standard_improvement_time_limit= 360.0
12:28:32 | i — | [  INIT   ] ── pool ────────────────────────────────────
12:28:32 | i — | [  INIT   ]   max_pool_size               = 10000
12:28:32 | i — | [  INIT   ]   pool_diversity_weight       = 0.5
12:28:32 | i — | [  INIT   ] ── haos ────────────────────────────────────
12:28:32 | i — | [  INIT   ]   haos_decay                  = 0.95
12:28:32 | i — | [  INIT   ]   haos_warmup                 = 10
12:28:32 | i — | [  INIT   ]   haos_starting_weight        = 10.0
12:28:32 | i — | [  INIT   ]   haos_min_weight_k           = 0.025
12:28:32 | i — | [  INIT   ]   haos_min_weight_lambda      = 0.05
12:28:32 | i — | [  INIT   ]   haos_min_weight_paradigm    = 0.1
12:28:32 | i — | [  INIT   ]   haos_min_weight_vertex_method= 0.05
12:28:32 | i — | [  INIT   ]   haos_min_weight_route_method= 0.05
12:28:32 | i — | [  INIT   ]   haos_min_weight_solver      = 0.05
12:28:32 | i — | [  INIT   ]   haos_lambda_demand_values   = [0.0, 0.2, 0.4, 0.6, 0.8, 1.0]
12:28:32 | i — | [  INIT   ]   haos_paradigm_values        = ['vertex', 'route']
12:28:32 | i — | [  INIT   ]   haos_vertex_method_values   = ['kmeans', 'agglomerative_avg', 'agglomerative_complete', 'kmedoids', 'fcm']
12:28:32 | i — | [  INIT   ]   haos_route_method_values    = ['kmeans', 'agglomerative_avg', 'agglomerative_complete']
12:28:32 | i — | [  INIT   ]   haos_solver_values          = ['pyvrp', 'filo', 'filo2', 'ails2']
12:28:32 | i — | [  INIT   ] ── haos_rewards ────────────────────────────
12:28:32 | i — | [  INIT   ]   haos_reward_new_best        = 10.0
12:28:32 | i — | [  INIT   ]   haos_reward_improvement     = 4.0
12:28:32 | i — | [  INIT   ]   haos_reward_no_improvement  = 1.0
12:28:32 | i — | [  INIT   ]   haos_reward_no_solution     = 0.0
12:28:32 | i — | [  INIT   ]   haos_deferred_new_best      = 7.0
12:28:32 | i — | [  INIT   ]   haos_deferred_improvement   = 3.0
12:28:32 | i — | [  INIT   ]   haos_deferred_no_improvement= 0.0
12:28:32 | i — | [  INIT   ] ── seed ────────────────────────────────────
12:28:32 | i — | [  INIT   ]   seed                        = 11
12:28:32 | i — | [  INIT   ] ── output ──────────────────────────────────
12:28:32 | i — | [  INIT   ]   output_dir                  = /app/artifacts/benchmark/X-n4844-k321/seed11
12:28:32 | i — | [  INIT   ]   run_analysis                = False
12:28:32 | i — | [  INIT   ] ══════════════════════════════════════════════════════
12:28:32 | i — | [  INIT   ] BKS=404429.00
12:28:32 | i — | [  INIT   ] ════════════════════════════════════════
12:28:32 | i 1 | [HAOS ROLL] k=3  λ=0.8  vb  fcm  filo2  P≈0.000417
12:28:34 | i 1 | [Phase 1/3] decompose  2.27s / — / —  λ=0.8  vb fcm
12:30:25 | i 1 | [Phase 2/3] route  111.30s / 109.50s / 101.6%  filo2  k=3
12:30:25 | i 1 | [ IMPROVE ] 407780.00  via decompose_route  ·  Δ_BKS=+0.83%
12:30:25 | i 1 | [HAOS ROLL] k=3  λ=0.8  vb  fcm  filo2  P≈0.000417
12:30:25 | i 1 | [ Summary ] cost=407780.00  Δ_S*=+0.00%  Δ_BKS=+0.83%  Δ_S*_BKS=+0.83%  no_improve=0
12:30:25 | i 2 | [HAOS ROLL] k=20  λ=0.2  rb  ac_avg  filo  P≈0.000694
12:30:29 | i 2 | [Phase 1/3] decompose  3.81s / — / —  λ=0.2  rb ac_avg
12:31:24 | i 2 | [Phase 2/3] route  55.13s / 24.24s / 227.4%  filo  k=20
12:32:19 | i 1 | [ IMPROVE ] 406198.00  via bg_ails  ·  Δ_BKS=+0.44%
12:32:19 | i 1 | [ ASYNC BG] bg_ails  113.10s / 106.87s / 105.8%
12:32:19 | i 2 | [HAOS ROLL] k=20  λ=0.2  rb  ac_avg  filo  P≈0.000694
12:32:19 | i 2 | [ Summary ] cost=408138.00  Δ_S*=+0.48%  Δ_BKS=+0.92%  Δ_S*_BKS=+0.44%  no_improve=1
12:32:19 | i 3 | [HAOS ROLL] k=12  λ=0.6  rb  kmeans  filo  P≈0.000694
12:32:20 | i 3 | [Phase 1/3] decompose  1.37s / — / —  λ=0.6  rb kmeans
12:33:16 | i 3 | [Phase 2/3] route  56.15s / 27.96s / 200.8%  filo  k=12
12:33:26 | i 2 | [ ASYNC BG] bg_ails  67.23s / 60.00s / 112.1%
12:33:26 | i 3 | [HAOS ROLL] k=12  λ=0.6  rb  kmeans  filo  P≈0.000694
12:33:26 | i 3 | [ Summary ] cost=408072.00  Δ_S*=+0.46%  Δ_BKS=+0.90%  Δ_S*_BKS=+0.44%  no_improve=3
12:33:26 | i 4 | [HAOS ROLL] k=20  λ=0.8  vb  ac_complete  filo  P≈0.000417
12:33:28 | i 4 | [Phase 1/3] decompose  2.03s / — / —  λ=0.8  vb ac_complete
12:34:23 | i 4 | [Phase 2/3] route  55.13s / 24.66s / 223.6%  filo  k=20
12:34:34 | i 3 | [ ASYNC BG] bg_ails  67.85s / 60.00s / 113.1%
12:34:34 | i 4 | [HAOS ROLL] k=20  λ=0.8  vb  ac_complete  filo  P≈0.000417
12:34:34 | i 4 | [ Summary ] cost=416985.00  Δ_S*=+2.66%  Δ_BKS=+3.10%  Δ_S*_BKS=+0.44%  no_improve=5
12:34:34 | i 5 | [HAOS ROLL] k=14  λ=0.0  rb  ac_complete  filo2  P≈0.000694
12:34:35 | i 5 | [Phase 1/3] decompose  1.05s / — / —  λ=0.0  rb ac_complete
12:35:32 | i 5 | [Phase 2/3] route  57.15s / 30.18s / 189.4%  filo2  k=14
12:35:41 | i 4 | [ ASYNC BG] bg_ails  67.39s / 60.00s / 112.3%
12:35:41 | i 5 | [HAOS ROLL] k=14  λ=0.0  rb  ac_complete  filo2  P≈0.000694
12:35:41 | i 5 | [ Summary ] cost=406890.00  Δ_S*=+0.17%  Δ_BKS=+0.61%  Δ_S*_BKS=+0.44%  no_improve=7
12:35:41 | i 6 | [HAOS ROLL] k=14  λ=0.0  vb  ac_avg  pyvrp  P≈0.000417
12:35:43 | i 6 | [Phase 1/3] decompose  1.70s / — / —  λ=0.0  vb ac_avg
12:36:41 | i 6 | [Phase 2/3] route  58.45s / 33.78s / 173.0%  pyvrp  k=14
12:36:49 | i 5 | [ ASYNC BG] bg_ails  68.10s / 61.65s / 110.5%
12:36:49 | i 6 | [HAOS ROLL] k=14  λ=0.0  vb  ac_avg  pyvrp  P≈0.000417
12:36:49 | i 6 | [ Summary ] cost=416811.00  Δ_S*=+2.61%  Δ_BKS=+3.06%  Δ_S*_BKS=+0.44%  no_improve=9
12:36:49 | i 7 | [HAOS ROLL] k=10  λ=0.6  rb  ac_avg  filo2  P≈0.000694
12:36:51 | i 7 | [Phase 1/3] decompose  1.38s / — / —  λ=0.6  rb ac_avg
12:37:47 | i 7 | [Phase 2/3] route  56.14s / 40.26s / 139.4%  filo2  k=10
12:37:56 | i 6 | [ ASYNC BG] bg_ails  67.21s / 60.00s / 112.0%
12:37:56 | i 7 | [HAOS ROLL] k=10  λ=0.6  rb  ac_avg  filo2  P≈0.000694
12:37:56 | i 7 | [ Summary ] cost=408687.00  Δ_S*=+0.61%  Δ_BKS=+1.05%  Δ_S*_BKS=+0.44%  no_improve=11
12:37:56 | i 8 | [HAOS ROLL] k=6  λ=0.8  rb  ac_complete  pyvrp  P≈0.000694
12:37:58 | i 8 | [Phase 1/3] decompose  1.45s / — / —  λ=0.8  rb ac_complete
12:39:09 | i 8 | [Phase 2/3] route  70.66s / 67.38s / 104.9%  pyvrp  k=6
12:39:09 | i 7 | [ ASYNC BG] bg_ails  68.43s / 61.36s / 111.5%
12:39:09 | i 8 | [HAOS ROLL] k=6  λ=0.8  rb  ac_complete  pyvrp  P≈0.000694
12:39:09 | i 8 | [ Summary ] cost=413621.00  Δ_S*=+1.83%  Δ_BKS=+2.27%  Δ_S*_BKS=+0.44%  no_improve=13
12:39:09 | i 9 | [HAOS ROLL] k=4  λ=0.0  rb  ac_avg  filo  P≈0.000694
12:39:10 | i 9 | [Phase 1/3] decompose  1.05s / — / —  λ=0.0  rb ac_avg
12:41:05 | i 9 | [Phase 2/3] route  115.27s / 114.72s / 100.5%  filo  k=4
12:41:05 | i 8 | [ ASYNC BG] bg_ails  72.32s / 65.76s / 110.0%
12:41:05 | i 9 | [HAOS ROLL] k=4  λ=0.0  rb  ac_avg  filo  P≈0.000694
12:41:05 | i 9 | [ Summary ] cost=408653.00  Δ_S*=+0.60%  Δ_BKS=+1.04%  Δ_S*_BKS=+0.44%  no_improve=15
12:41:05 | i 10 | [HAOS ROLL] k=3  λ=0.0  vb  ac_complete  filo  P≈0.000417
12:41:07 | i 10 | [Phase 1/3] decompose  1.69s / — / —  λ=0.0  vb ac_complete
12:43:35 | i 10 | [Phase 2/3] route  148.37s / 148.44s / 100.0%  filo  k=3
12:43:35 | i 9 | [ ASYNC BG] bg_ails  117.94s / 111.97s / 105.3%
12:43:35 | i 10 | [HAOS ROLL] k=3  λ=0.0  vb  ac_complete  filo  P≈0.000417
12:43:35 | i 10 | [ Summary ] cost=408759.00  Δ_S*=+0.63%  Δ_BKS=+1.07%  Δ_S*_BKS=+0.44%  no_improve=17
12:43:35 | i 6 | [ASYNC 1/2] sp_sc  20.16s / 720.00s / 2.8%  SC  avg_coverage=10.57/5  pool=3339
12:43:35 | i 6 | [ASYNC 2/2] standard_ails  365.74s / 360.00s / 101.6%
12:43:54 | i 6 | [ IMPROVE ] 405788.00  via standard_ails  ·  Δ_BKS=+0.34%
12:43:54 | i 11 | [HAOS ROLL] k=12  λ=0.0  rb  ac_avg  filo2  P≈0.000694
12:43:55 | i 11 | [Phase 1/3] decompose  1.01s / — / —  λ=0.0  rb ac_avg
12:44:48 | i 11 | [Phase 2/3] route  53.14s / 37.56s / 141.5%  filo2  k=12
12:46:06 | i 10 | [ ASYNC BG] bg_ails  151.03s / 144.88s / 104.2%
12:46:06 | i 11 | [HAOS ROLL] k=12  λ=0.0  rb  ac_avg  filo2  P≈0.000694
12:46:06 | i 11 | [ Summary ] cost=407626.00  Δ_S*=+0.45%  Δ_BKS=+0.79%  Δ_S*_BKS=+0.34%  no_improve=2
12:46:06 | i 12 | [HAOS ROLL] k=8  λ=0.8  rb  ac_avg  filo2  P≈0.000983
12:46:08 | i 12 | [Phase 1/3] decompose  1.36s / — / —  λ=0.8  rb ac_avg
12:47:05 | i 12 | [Phase 2/3] route  57.16s / 57.18s / 100.0%  filo2  k=8
12:47:13 | i 11 | [ ASYNC BG] bg_ails  66.97s / 60.00s / 111.6%
12:47:13 | i 12 | [HAOS ROLL] k=8  λ=0.8  rb  ac_avg  filo2  P≈0.000983
12:47:13 | i 12 | [ Summary ] cost=408707.00  Δ_S*=+0.72%  Δ_BKS=+1.06%  Δ_S*_BKS=+0.34%  no_improve=4
12:47:13 | i 13 | [HAOS ROLL] k=8  λ=0.6  vb  kmeans  ails2  P≈0.000168
12:47:15 | i 13 | [Phase 1/3] decompose  1.36s / — / —  λ=0.6  vb kmeans
12:48:28 | i 13 | [Phase 2/3] route  73.05s / 40.44s / 180.6%  ails2  k=8
12:48:31 | i 12 | [ ASYNC BG] bg_ails  78.20s / 71.18s / 109.9%
12:48:31 | i 13 | [HAOS ROLL] k=8  λ=0.6  vb  kmeans  ails2  P≈0.000168
12:48:31 | i 13 | [ Summary ] cost=409989.00  Δ_S*=+1.04%  Δ_BKS=+1.37%  Δ_S*_BKS=+0.34%  no_improve=6
12:48:31 | i 14 | [HAOS ROLL] k=3  λ=1.0  vb  ac_avg  filo  P≈0.000198
12:48:33 | i 14 | [Phase 1/3] decompose  2.03s / — / —  λ=1.0  vb ac_avg
12:51:25 | i 14 | [Phase 2/3] route  171.46s / 170.70s / 100.4%  filo  k=3
12:51:25 | i 13 | [ ASYNC BG] bg_ails  72.25s / 65.29s / 110.7%
12:51:25 | i 14 | [HAOS ROLL] k=3  λ=1.0  vb  ac_avg  filo  P≈0.000198
12:51:25 | i 14 | [ Summary ] cost=408520.00  Δ_S*=+0.67%  Δ_BKS=+1.01%  Δ_S*_BKS=+0.34%  no_improve=8
12:51:25 | i 15 | [HAOS ROLL] k=12  λ=0.0  rb  ac_complete  ails2  P≈0.001164
12:51:26 | i 15 | [Phase 1/3] decompose  1.04s / — / —  λ=0.0  rb ac_complete
12:52:25 | i 15 | [Phase 2/3] route  59.03s / 40.80s / 144.7%  ails2  k=12
12:54:19 | i 14 | [ ASYNC BG] bg_ails  173.79s / 166.60s / 104.3%
12:54:19 | i 15 | [HAOS ROLL] k=12  λ=0.0  rb  ac_complete  ails2  P≈0.001164
12:54:19 | i 15 | [ Summary ] cost=405907.00  Δ_S*=+0.03%  Δ_BKS=+0.37%  Δ_S*_BKS=+0.34%  no_improve=10
12:54:19 | i 16 | [HAOS ROLL] k=2  λ=0.6  rb  ac_avg  filo2  P≈0.001149
12:54:20 | i 16 | [Phase 1/3] decompose  1.40s / — / —  λ=0.6  rb ac_avg
12:57:02 | i 16 | [Phase 2/3] route  161.44s / 161.16s / 100.2%  filo2  k=2
12:57:02 | i 15 | [ ASYNC BG] bg_ails  66.96s / 60.00s / 111.6%
12:57:02 | i 16 | [HAOS ROLL] k=2  λ=0.6  rb  ac_avg  filo2  P≈0.001149
12:57:02 | i 16 | [ Summary ] cost=407247.00  Δ_S*=+0.36%  Δ_BKS=+0.70%  Δ_S*_BKS=+0.34%  no_improve=12
12:57:02 | i 17 | [HAOS ROLL] k=14  λ=0.8  rb  kmeans  ails2  P≈0.000723
12:57:03 | i 17 | [Phase 1/3] decompose  1.38s / — / —  λ=0.8  rb kmeans
12:58:03 | i 17 | [Phase 2/3] route  60.01s / 23.88s / 251.3%  ails2  k=14
12:59:46 | i 16 | [ ASYNC BG] bg_ails  164.15s / 157.29s / 104.4%
12:59:46 | i 17 | [ IMPROVE ] 405741.00  via decompose_route  ·  Δ_BKS=+0.32%
12:59:46 | i 17 | [HAOS ROLL] k=14  λ=0.8  rb  kmeans  ails2  P≈0.000723
12:59:46 | i 17 | [ Summary ] cost=405741.00  Δ_S*=+0.00%  Δ_BKS=+0.32%  Δ_S*_BKS=+0.32%  no_improve=0
12:59:46 | i 18 | [HAOS ROLL] k=2  λ=0.8  rb  kmeans  filo  P≈0.001325
12:59:47 | i 18 | [Phase 1/3] decompose  1.35s / — / —  λ=0.8  rb kmeans
13:02:14 | i 18 | [Phase 2/3] route  146.51s / 145.86s / 100.4%  filo  k=2
13:02:14 | i 17 | [ ASYNC BG] bg_ails  67.25s / 60.00s / 112.1%
13:02:14 | i 18 | [HAOS ROLL] k=2  λ=0.8  rb  kmeans  filo  P≈0.001325
13:02:14 | i 18 | [ Summary ] cost=407691.00  Δ_S*=+0.48%  Δ_BKS=+0.81%  Δ_S*_BKS=+0.32%  no_improve=2
13:02:14 | i 19 | [HAOS ROLL] k=2  λ=0.8  vb  ac_complete  pyvrp  P≈0.000204
13:02:16 | i 19 | [Phase 1/3] decompose  2.09s / — / —  λ=0.8  vb ac_complete
13:05:43 | i 19 | [Phase 2/3] route  206.78s / 185.52s / 111.5%  pyvrp  k=2
13:05:43 | i 18 | [ ASYNC BG] bg_ails  149.52s / 142.36s / 105.0%
13:05:43 | i 19 | [HAOS ROLL] k=2  λ=0.8  vb  ac_complete  pyvrp  P≈0.000204
13:05:43 | i 19 | [ Summary ] cost=412222.00  Δ_S*=+1.60%  Δ_BKS=+1.93%  Δ_S*_BKS=+0.32%  no_improve=4
13:05:43 | i 20 | [HAOS ROLL] k=2  λ=0.0  rb  ac_complete  filo2  P≈0.001457
13:05:44 | i 20 | [Phase 1/3] decompose  1.06s / — / —  λ=0.0  rb ac_complete
13:08:37 | i 20 | [Phase 2/3] route  172.49s / 171.54s / 100.6%  filo2  k=2
13:08:51 | i 19 | [ ASYNC BG] bg_ails  188.21s / 181.07s / 103.9%
13:08:52 | i 20 | [HAOS ROLL] k=2  λ=0.0  rb  ac_complete  filo2  P≈0.001457
13:08:52 | i 20 | [ Summary ] cost=407197.00  Δ_S*=+0.36%  Δ_BKS=+0.68%  Δ_S*_BKS=+0.32%  no_improve=6
13:08:52 | i 21 | [HAOS ROLL] k=10  λ=0.4  vb  ac_complete  filo  P≈0.000146
13:08:54 | i 21 | [Phase 1/3] decompose  1.98s / — / —  λ=0.4  vb ac_complete
13:09:55 | i 21 | [Phase 2/3] route  61.16s / 42.42s / 144.2%  filo  k=10
13:11:45 | i 20 | [ ASYNC BG] bg_ails  173.94s / 167.42s / 103.9%
13:11:46 | i 21 | [HAOS ROLL] k=10  λ=0.4  vb  ac_complete  filo  P≈0.000146
13:11:46 | i 21 | [ Summary ] cost=413621.00  Δ_S*=+1.94%  Δ_BKS=+2.27%  Δ_S*_BKS=+0.32%  no_improve=8
13:11:46 | i 16 | [ASYNC 1/2] sp_sc  502.00s / 720.00s / 69.7%  SP  avg_coverage=30.38/5  pool=9487
13:11:46 | i 16 | [ASYNC 2/2] standard_ails  365.68s / 360.00s / 101.6%
13:12:42 | i 16 | [ IMPROVE ] 405569.00  via standard_ails  ·  Δ_BKS=+0.28%
13:12:42 | i 22 | [HAOS ROLL] k=2  λ=0.8  rb  ac_avg  pyvrp  P≈0.001674
13:12:43 | i 22 | [Phase 1/3] decompose  1.29s / — / —  λ=0.8  rb ac_avg
13:15:51 | i 22 | [Phase 2/3] route  188.06s / 169.74s / 110.8%  pyvrp  k=2
13:15:51 | i 21 | [ ASYNC BG] bg_ails  77.15s / 70.92s / 108.8%
13:15:51 | i 22 | [HAOS ROLL] k=2  λ=0.8  rb  ac_avg  pyvrp  P≈0.001674
13:15:51 | i 22 | [ Summary ] cost=411557.00  Δ_S*=+1.48%  Δ_BKS=+1.76%  Δ_S*_BKS=+0.28%  no_improve=2
13:15:51 | i 23 | [HAOS ROLL] k=14  λ=0.0  rb  ac_complete  ails2  P≈0.001968
13:15:52 | i 23 | [Phase 1/3] decompose  1.02s / — / —  λ=0.0  rb ac_complete
13:16:47 | i 23 | [Phase 2/3] route  55.12s / 34.86s / 158.1%  ails2  k=14
13:18:43 | i 22 | [ ASYNC BG] bg_ails  172.16s / 165.67s / 103.9%
13:18:43 | i 23 | [HAOS ROLL] k=14  λ=0.0  rb  ac_complete  ails2  P≈0.001968
13:18:44 | i 23 | [ Summary ] cost=405786.00  Δ_S*=+0.05%  Δ_BKS=+0.34%  Δ_S*_BKS=+0.28%  no_improve=4
13:18:44 | i 24 | [HAOS ROLL] k=2  λ=0.8  rb  ac_avg  filo2  P≈0.002866
13:18:45 | i 24 | [Phase 1/3] decompose  1.38s / — / —  λ=0.8  rb ac_avg
13:21:35 | i 24 | [Phase 2/3] route  170.46s / 169.74s / 100.4%  filo2  k=2
13:21:35 | i 23 | [ ASYNC BG] bg_ails  66.98s / 60.00s / 111.6%
13:21:36 | i 24 | [HAOS ROLL] k=2  λ=0.8  rb  ac_avg  filo2  P≈0.002866
13:21:36 | i 24 | [ Summary ] cost=407441.00  Δ_S*=+0.46%  Δ_BKS=+0.74%  Δ_S*_BKS=+0.28%  no_improve=6
13:21:36 | i 25 | [HAOS ROLL] k=8  λ=0.6  vb  kmeans  filo2  P≈0.000336
13:21:37 | i 25 | [Phase 1/3] decompose  1.37s / — / —  λ=0.6  vb kmeans
13:22:47 | i 25 | [Phase 2/3] route  70.15s / 42.72s / 164.2%  filo2  k=8
13:24:28 | i 24 | [ ASYNC BG] bg_ails  172.07s / 165.67s / 103.9%
13:24:28 | i 25 | [HAOS ROLL] k=8  λ=0.6  vb  kmeans  filo2  P≈0.000336
13:24:28 | i 25 | [ Summary ] cost=410518.00  Δ_S*=+1.22%  Δ_BKS=+1.51%  Δ_S*_BKS=+0.28%  no_improve=8
13:24:28 | i 26 | [HAOS ROLL] k=12  λ=0.6  rb  ac_complete  ails2  P≈0.001308
13:24:29 | i 26 | [Phase 1/3] decompose  1.38s / — / —  λ=0.6  rb ac_complete
13:25:23 | i 26 | [Phase 2/3] route  53.93s / 34.86s / 154.7%  ails2  k=12
13:25:43 | i 25 | [ ASYNC BG] bg_ails  75.27s / 68.39s / 110.1%
13:25:43 | i 26 | [HAOS ROLL] k=12  λ=0.6  rb  ac_complete  ails2  P≈0.001308
13:25:43 | i 26 | [ Summary ] cost=405695.00  Δ_S*=+0.03%  Δ_BKS=+0.31%  Δ_S*_BKS=+0.28%  no_improve=10
13:25:43 | i 27 | [HAOS ROLL] k=3  λ=0.8  rb  ac_avg  filo2  P≈0.002685
13:25:45 | i 27 | [Phase 1/3] decompose  1.45s / — / —  λ=0.8  rb ac_avg
13:27:46 | i 27 | [Phase 2/3] route  121.30s / 120.84s / 100.4%  filo2  k=3
13:27:46 | i 26 | [ ASYNC BG] bg_ails  67.53s / 60.00s / 112.6%
13:27:46 | i 27 | [HAOS ROLL] k=3  λ=0.8  rb  ac_avg  filo2  P≈0.002685
13:27:46 | i 27 | [ Summary ] cost=407691.00  Δ_S*=+0.52%  Δ_BKS=+0.81%  Δ_S*_BKS=+0.28%  no_improve=12
13:27:46 | i 23 | [ASYNC 1/2] sp_sc  68.72s / 720.00s / 9.5%  SP  avg_coverage=29.00/5  pool=10000
13:27:46 | i 23 | [ASYNC 2/2] standard_ails  365.63s / 360.00s / 101.6%
13:28:46 | i 23 | [ IMPROVE ] 405502.00  via standard_ails  ·  Δ_BKS=+0.27%
13:28:46 | i 28 | [HAOS ROLL] k=20  λ=0.8  vb  ac_complete  filo2  P≈0.000871
13:28:48 | i 28 | [Phase 1/3] decompose  2.14s / — / —  λ=0.8  vb ac_complete
13:29:43 | i 28 | [Phase 2/3] route  55.16s / 24.66s / 223.7%  filo2  k=20
13:29:50 | i 27 | [ ASYNC BG] bg_ails  124.34s / 117.94s / 105.4%
13:29:51 | i 28 | [HAOS ROLL] k=20  λ=0.8  vb  ac_complete  filo2  P≈0.000871
13:29:51 | i 28 | [ Summary ] cost=416766.00  Δ_S*=+2.78%  Δ_BKS=+3.05%  Δ_S*_BKS=+0.27%  no_improve=2
13:29:51 | i 29 | [HAOS ROLL] k=2  λ=0.2  rb  kmeans  filo2  P≈0.000557
13:29:52 | i 29 | [Phase 1/3] decompose  1.44s / — / —  λ=0.2  rb kmeans
13:32:21 | i 29 | [Phase 2/3] route  148.39s / 148.38s / 100.0%  filo2  k=2
13:32:21 | i 28 | [ ASYNC BG] bg_ails  67.50s / 60.00s / 112.5%
13:32:21 | i 29 | [HAOS ROLL] k=2  λ=0.2  rb  kmeans  filo2  P≈0.000557
13:32:21 | i 29 | [ Summary ] cost=407044.00  Δ_S*=+0.38%  Δ_BKS=+0.65%  Δ_S*_BKS=+0.27%  no_improve=4
13:32:21 | i 30 | [HAOS ROLL] k=2  λ=1.0  vb  kmeans  filo2  P≈0.000208
13:32:23 | i 30 | [Phase 1/3] decompose  1.39s / — / —  λ=1.0  vb kmeans
13:34:49 | i 30 | [Phase 2/3] route  146.37s / 145.98s / 100.3%  filo2  k=2
13:34:52 | i 29 | [ ASYNC BG] bg_ails  151.21s / 144.82s / 104.4%
13:34:52 | i 30 | [HAOS ROLL] k=2  λ=1.0  vb  kmeans  filo2  P≈0.000208
13:34:52 | i 30 | [ Summary ] cost=407599.00  Δ_S*=+0.52%  Δ_BKS=+0.78%  Δ_S*_BKS=+0.27%  no_improve=6
13:34:52 | i 31 | [HAOS ROLL] k=12  λ=0.2  rb  kmeans  pyvrp  P≈0.000265
13:34:54 | i 31 | [Phase 1/3] decompose  1.40s / — / —  λ=0.2  rb kmeans
13:35:47 | i 31 | [Phase 2/3] route  52.85s / 29.52s / 179.0%  pyvrp  k=12
13:37:21 | i 30 | [ ASYNC BG] bg_ails  149.35s / 142.48s / 104.8%
13:37:22 | i 31 | [HAOS ROLL] k=12  λ=0.2  rb  kmeans  pyvrp  P≈0.000265
13:37:22 | i 31 | [ Summary ] cost=410936.00  Δ_S*=+1.34%  Δ_BKS=+1.61%  Δ_S*_BKS=+0.27%  no_improve=8
13:37:22 | i 32 | [HAOS ROLL] k=3  λ=1.0  rb  kmeans  pyvrp  P≈0.000116
13:37:23 | i 32 | [Phase 1/3] decompose  1.36s / — / —  λ=1.0  rb kmeans
13:39:17 | i 32 | [Phase 2/3] route  114.26s / 106.38s / 107.4%  pyvrp  k=3
13:39:17 | i 31 | [ ASYNC BG] bg_ails  67.26s / 60.00s / 112.1%
13:39:18 | i 32 | [HAOS ROLL] k=3  λ=1.0  rb  kmeans  pyvrp  P≈0.000116
13:39:18 | i 32 | [ Summary ] cost=411696.00  Δ_S*=+1.53%  Δ_BKS=+1.80%  Δ_S*_BKS=+0.27%  no_improve=10
13:39:18 | i 33 | [HAOS ROLL] k=12  λ=0.4  rb  ac_avg  filo  P≈0.000421
13:39:19 | i 33 | [Phase 1/3] decompose  1.39s / — / —  λ=0.4  rb ac_avg
13:40:11 | i 33 | [Phase 2/3] route  52.15s / 35.04s / 148.8%  filo  k=12
13:41:08 | i 32 | [ ASYNC BG] bg_ails  110.33s / 103.83s / 106.3%
13:41:08 | i 33 | [HAOS ROLL] k=12  λ=0.4  rb  ac_avg  filo  P≈0.000421
13:41:08 | i 33 | [ Summary ] cost=407634.00  Δ_S*=+0.53%  Δ_BKS=+0.79%  Δ_S*_BKS=+0.27%  no_improve=12
13:41:08 | i 34 | [HAOS ROLL] k=2  λ=0.0  rb  kmeans  filo2  P≈0.004275
13:41:09 | i 34 | [Phase 1/3] decompose  1.02s / — / —  λ=0.0  rb kmeans
13:43:35 | i 34 | [Phase 2/3] route  146.38s / 146.04s / 100.2%  filo2  k=2
13:43:35 | i 33 | [ ASYNC BG] bg_ails  67.20s / 60.00s / 112.0%
13:43:36 | i 34 | [HAOS ROLL] k=2  λ=0.0  rb  kmeans  filo2  P≈0.004275
13:43:36 | i 34 | [ Summary ] cost=407415.00  Δ_S*=+0.47%  Δ_BKS=+0.74%  Δ_S*_BKS=+0.27%  no_improve=14
13:43:36 | i 35 | [HAOS ROLL] k=14  λ=0.8  vb  fcm  ails2  P≈0.000580
13:43:38 | i 35 | [Phase 1/3] decompose  1.71s / — / —  λ=0.8  vb fcm
13:44:44 | i 35 | [Phase 2/3] route  66.25s / 24.12s / 274.7%  ails2  k=14
13:46:04 | i 34 | [ ASYNC BG] bg_ails  148.84s / 142.54s / 104.4%
13:46:05 | i 35 | [HAOS ROLL] k=14  λ=0.8  vb  fcm  ails2  P≈0.000580
13:46:05 | i 35 | [ Summary ] cost=414371.00  Δ_S*=+2.19%  Δ_BKS=+2.46%  Δ_S*_BKS=+0.27%  no_improve=16
13:46:05 | i 36 | [HAOS ROLL] k=3  λ=0.8  rb  kmeans  filo  P≈0.001704
13:46:06 | i 36 | [Phase 1/3] decompose  1.34s / — / —  λ=0.8  rb kmeans
13:47:44 | i 36 | [Phase 2/3] route  98.37s / 97.92s / 100.5%  filo  k=3
13:47:44 | i 35 | [ ASYNC BG] bg_ails  67.35s / 60.00s / 112.3%
13:47:45 | i 36 | [HAOS ROLL] k=3  λ=0.8  rb  kmeans  filo  P≈0.001704
13:47:45 | i 36 | [ Summary ] cost=408672.00  Δ_S*=+0.78%  Δ_BKS=+1.05%  Δ_S*_BKS=+0.27%  no_improve=18
13:47:45 | i 32 | [ASYNC 1/2] sp_sc  76.75s / 720.00s / 10.7%  SP  avg_coverage=28.83/5  pool=10000
13:47:45 | i 32 | [ASYNC 2/2] standard_ails  365.67s / 360.00s / 101.6%
13:48:44 | i 37 | [HAOS ROLL] k=3  λ=0.8  rb  ac_avg  filo  P≈0.001755
13:48:45 | i 37 | [Phase 1/3] decompose  1.38s / — / —  λ=0.8  rb ac_avg
13:50:53 | i 37 | [Phase 2/3] route  128.33s / 128.10s / 100.2%  filo  k=3
13:50:53 | i 36 | [ ASYNC BG] bg_ails  102.12s / 95.57s / 106.9%
13:50:54 | i 37 | [HAOS ROLL] k=3  λ=0.8  rb  ac_avg  filo  P≈0.001755
13:50:54 | i 37 | [ Summary ] cost=408406.00  Δ_S*=+0.72%  Δ_BKS=+0.98%  Δ_S*_BKS=+0.27%  no_improve=21
13:50:54 | i 38 | [HAOS ROLL] k=12  λ=1.0  rb  ac_avg  filo  P≈0.000819
13:50:55 | i 38 | [Phase 1/3] decompose  1.38s / — / —  λ=1.0  rb ac_avg
13:51:47 | i 38 | [Phase 2/3] route  52.15s / 35.04s / 148.8%  filo  k=12
13:53:06 | i 37 | [ ASYNC BG] bg_ails  132.21s / 125.03s / 105.7%
13:53:06 | i 38 | [HAOS ROLL] k=12  λ=1.0  rb  ac_avg  filo  P≈0.000819
13:53:06 | i 38 | [ Summary ] cost=407847.00  Δ_S*=+0.58%  Δ_BKS=+0.85%  Δ_S*_BKS=+0.27%  no_improve=23
13:53:06 | i 39 | [HAOS ROLL] k=20  λ=0.0  rb  kmeans  filo2  P≈0.002120
13:53:07 | i 39 | [Phase 1/3] decompose  1.06s / — / —  λ=0.0  rb kmeans
13:54:04 | i 39 | [Phase 2/3] route  57.17s / 22.20s / 257.5%  filo2  k=20
13:54:13 | i 38 | [ ASYNC BG] bg_ails  67.30s / 60.00s / 112.2%
13:54:13 | i 39 | [HAOS ROLL] k=20  λ=0.0  rb  kmeans  filo2  P≈0.002120
13:54:13 | i 39 | [ Summary ] cost=406977.00  Δ_S*=+0.36%  Δ_BKS=+0.63%  Δ_S*_BKS=+0.27%  no_improve=25
13:54:13 | i 40 | [HAOS ROLL] k=8  λ=0.0  rb  ac_avg  filo  P≈0.002278
13:54:15 | i 40 | [Phase 1/3] decompose  1.05s / — / —  λ=0.0  rb ac_avg
13:55:11 | i 40 | [Phase 2/3] route  56.17s / 55.56s / 101.1%  filo  k=8
13:55:20 | i 39 | [ ASYNC BG] bg_ails  67.13s / 60.00s / 111.9%
13:55:20 | i 40 | [HAOS ROLL] k=8  λ=0.0  rb  ac_avg  filo  P≈0.002278
13:55:21 | i 40 | [ Summary ] cost=407603.00  Δ_S*=+0.52%  Δ_BKS=+0.78%  Δ_S*_BKS=+0.27%  no_improve=27
13:55:21 | i 41 | [HAOS ROLL] k=3  λ=0.6  rb  ac_complete  filo2  P≈0.001314
13:55:22 | i 41 | [Phase 1/3] decompose  1.38s / — / —  λ=0.6  rb ac_complete
13:57:26 | i 41 | [Phase 2/3] route  124.30s / 123.54s / 100.6%  filo2  k=3
13:57:26 | i 40 | [ ASYNC BG] bg_ails  79.02s / 72.11s / 109.6%
13:57:27 | i 41 | [HAOS ROLL] k=3  λ=0.6  rb  ac_complete  filo2  P≈0.001314
13:57:27 | i 41 | [ Summary ] cost=406956.00  Δ_S*=+0.36%  Δ_BKS=+0.62%  Δ_S*_BKS=+0.27%  no_improve=29
13:57:27 | i 42 | [HAOS ROLL] k=14  λ=0.4  rb  ac_avg  ails2  P≈0.000663
13:57:28 | i 42 | [Phase 1/3] decompose  1.38s / — / —  λ=0.4  rb ac_avg
13:58:25 | i 42 | [Phase 2/3] route  57.07s / 33.66s / 169.6%  ails2  k=14
13:59:34 | i 41 | [ ASYNC BG] bg_ails  127.22s / 120.58s / 105.5%
13:59:34 | i 42 | [HAOS ROLL] k=14  λ=0.4  rb  ac_avg  ails2  P≈0.000663
13:59:34 | i 42 | [ Summary ] cost=405564.00  Δ_S*=+0.02%  Δ_BKS=+0.28%  Δ_S*_BKS=+0.27%  no_improve=31
13:59:34 | i 43 | [HAOS ROLL] k=14  λ=0.8  rb  ac_complete  filo2  P≈0.003093
13:59:35 | i 43 | [Phase 1/3] decompose  1.42s / — / —  λ=0.8  rb ac_complete
14:00:34 | i 43 | [Phase 2/3] route  58.17s / 29.76s / 195.5%  filo2  k=14
14:00:41 | i 42 | [ ASYNC BG] bg_ails  67.82s / 60.00s / 113.0%
14:00:42 | i 43 | [HAOS ROLL] k=14  λ=0.8  rb  ac_complete  filo2  P≈0.003093
14:00:42 | i 43 | [ Summary ] cost=407222.00  Δ_S*=+0.42%  Δ_BKS=+0.69%  Δ_S*_BKS=+0.27%  no_improve=33
14:00:42 | i 44 | [HAOS ROLL] k=12  λ=0.8  rb  ac_complete  filo2  P≈0.002909
14:00:43 | i 44 | [Phase 1/3] decompose  1.47s / — / —  λ=0.8  rb ac_complete
14:01:37 | i 44 | [Phase 2/3] route  54.15s / 36.18s / 149.7%  filo2  k=12
14:01:49 | i 43 | [ ASYNC BG] bg_ails  67.25s / 60.00s / 112.1%
14:01:49 | i 44 | [HAOS ROLL] k=12  λ=0.8  rb  ac_complete  filo2  P≈0.002909
14:01:49 | i 44 | [ Summary ] cost=408095.00  Δ_S*=+0.64%  Δ_BKS=+0.91%  Δ_S*_BKS=+0.27%  no_improve=35
14:01:49 | i 45 | [HAOS ROLL] k=2  λ=0.8  rb  ac_avg  ails2  P≈0.002055
14:01:50 | i 45 | [Phase 1/3] decompose  1.36s / — / —  λ=0.8  rb ac_avg
14:04:35 | i 45 | [Phase 2/3] route  164.93s / 162.48s / 101.5%  ails2  k=2
14:04:35 | i 44 | [ ASYNC BG] bg_ails  67.21s / 60.00s / 112.0%
14:04:36 | i 45 | [HAOS ROLL] k=2  λ=0.8  rb  ac_avg  ails2  P≈0.002055
14:04:36 | i 45 | [ Summary ] cost=405999.00  Δ_S*=+0.12%  Δ_BKS=+0.39%  Δ_S*_BKS=+0.27%  no_improve=37
14:04:36 | i 46 | [HAOS ROLL] k=3  λ=0.0  rb  kmeans  filo  P≈0.002181
14:04:37 | i 46 | [Phase 1/3] decompose  1.07s / — / —  λ=0.0  rb kmeans
14:06:32 | i 46 | [Phase 2/3] route  115.29s / 115.26s / 100.0%  filo  k=3
14:07:21 | i 45 | [ ASYNC BG] bg_ails  165.27s / 158.58s / 104.2%
14:07:21 | i 46 | [HAOS ROLL] k=3  λ=0.0  rb  kmeans  filo  P≈0.002181
14:07:21 | i 46 | [ Summary ] cost=408323.00  Δ_S*=+0.70%  Δ_BKS=+0.96%  Δ_S*_BKS=+0.27%  no_improve=39
14:07:21 | i 42 | [ASYNC 1/2] sp_sc  67.11s / 720.00s / 9.3%  SP  avg_coverage=28.85/5  pool=10000
14:07:21 | i 42 | [ASYNC 2/2] standard_ails  365.71s / 360.00s / 101.6%
14:08:20 | i 42 | [ IMPROVE ] 405484.00  via standard_ails  ·  Δ_BKS=+0.26%
14:08:20 | i 47 | [HAOS ROLL] k=14  λ=0.8  rb  ac_avg  filo2  P≈0.005587
14:08:22 | i 47 | [Phase 1/3] decompose  1.33s / — / —  λ=0.8  rb ac_avg
14:09:14 | i 47 | [Phase 2/3] route  52.17s / 27.84s / 187.4%  filo2  k=14
14:09:20 | i 46 | [ ASYNC BG] bg_ails  118.88s / 112.49s / 105.7%
14:09:20 | i 47 | [HAOS ROLL] k=14  λ=0.8  rb  ac_avg  filo2  P≈0.005587
14:09:20 | i 47 | [ Summary ] cost=406947.00  Δ_S*=+0.36%  Δ_BKS=+0.62%  Δ_S*_BKS=+0.26%  no_improve=2
14:09:20 | i 48 | [HAOS ROLL] k=2  λ=0.6  vb  ac_complete  filo2  P≈0.000620
14:09:22 | i 48 | [Phase 1/3] decompose  2.11s / — / —  λ=0.6  vb ac_complete
14:12:04 | i 48 | [Phase 2/3] route  161.43s / 161.10s / 100.2%  filo2  k=2
14:12:04 | i 47 | [ ASYNC BG] bg_ails  67.44s / 60.00s / 112.4%
14:12:04 | i 48 | [HAOS ROLL] k=2  λ=0.6  vb  ac_complete  filo2  P≈0.000620
14:12:04 | i 48 | [ Summary ] cost=407705.00  Δ_S*=+0.55%  Δ_BKS=+0.81%  Δ_S*_BKS=+0.26%  no_improve=4
14:12:04 | i 49 | [HAOS ROLL] k=10  λ=0.4  rb  ac_complete  filo2  P≈0.000465
14:12:05 | i 49 | [Phase 1/3] decompose  1.40s / — / —  λ=0.4  rb ac_complete
14:13:01 | i 49 | [Phase 2/3] route  55.16s / 53.64s / 102.8%  filo2  k=10
14:14:48 | i 48 | [ ASYNC BG] bg_ails  164.52s / 157.23s / 104.6%
14:14:48 | i 49 | [HAOS ROLL] k=10  λ=0.4  rb  ac_complete  filo2  P≈0.000465
14:14:49 | i 49 | [ Summary ] cost=407367.00  Δ_S*=+0.46%  Δ_BKS=+0.73%  Δ_S*_BKS=+0.26%  no_improve=6
14:14:49 | i 50 | [HAOS ROLL] k=12  λ=0.6  rb  ac_avg  filo2  P≈0.002841
14:14:50 | i 50 | [Phase 1/3] decompose  1.39s / — / —  λ=0.6  rb ac_avg
14:15:43 | i 50 | [Phase 2/3] route  53.17s / 31.20s / 170.4%  filo2  k=12
14:16:03 | i 49 | [ ASYNC BG] bg_ails  74.42s / 67.51s / 110.2%
14:16:03 | i 50 | [HAOS ROLL] k=12  λ=0.6  rb  ac_avg  filo2  P≈0.002841
14:16:03 | i 50 | [ Summary ] cost=406829.00  Δ_S*=+0.33%  Δ_BKS=+0.59%  Δ_S*_BKS=+0.26%  no_improve=8
14:16:03 | i 51 | [HAOS ROLL] k=20  λ=0.6  vb  kmeans  filo2  P≈0.000517
14:16:04 | i 51 | [Phase 1/3] decompose  1.41s / — / —  λ=0.6  vb kmeans
14:17:04 | i 51 | [Phase 2/3] route  59.17s / 17.52s / 337.8%  filo2  k=20
14:17:10 | i 50 | [ ASYNC BG] bg_ails  67.49s / 60.00s / 112.5%
14:17:10 | i 51 | [HAOS ROLL] k=20  λ=0.6  vb  kmeans  filo2  P≈0.000517
14:17:10 | i 51 | [ Summary ] cost=419166.00  Δ_S*=+3.37%  Δ_BKS=+3.64%  Δ_S*_BKS=+0.26%  no_improve=10
14:17:10 | i 52 | [HAOS ROLL] k=14  λ=0.0  rb  ac_avg  pyvrp  P≈0.001391
14:17:12 | i 52 | [Phase 1/3] decompose  1.17s / — / —  λ=0.0  rb ac_avg
14:18:05 | i 52 | [Phase 2/3] route  52.95s / 27.84s / 190.2%  pyvrp  k=14
14:18:18 | i 51 | [ ASYNC BG] bg_ails  67.37s / 60.00s / 112.3%
14:18:18 | i 52 | [HAOS ROLL] k=14  λ=0.0  rb  ac_avg  pyvrp  P≈0.001391
14:18:18 | i 52 | [ Summary ] cost=409919.00  Δ_S*=+1.09%  Δ_BKS=+1.36%  Δ_S*_BKS=+0.26%  no_improve=12
14:18:18 | i 53 | [HAOS ROLL] k=14  λ=0.4  rb  ac_avg  filo2  P≈0.002579
14:18:19 | i 53 | [Phase 1/3] decompose  1.36s / — / —  λ=0.4  rb ac_avg
14:19:11 | i 53 | [Phase 2/3] route  52.17s / 27.84s / 187.4%  filo2  k=14
14:19:25 | i 52 | [ ASYNC BG] bg_ails  67.04s / 60.00s / 111.7%
14:19:25 | i 53 | [HAOS ROLL] k=14  λ=0.4  rb  ac_avg  filo2  P≈0.002579
14:19:25 | i 53 | [ Summary ] cost=406867.00  Δ_S*=+0.34%  Δ_BKS=+0.60%  Δ_S*_BKS=+0.26%  no_improve=14
14:19:25 | i 54 | [HAOS ROLL] k=14  λ=0.8  vb  fcm  filo2  P≈0.000772
14:19:27 | i 54 | [Phase 1/3] decompose  1.78s / — / —  λ=0.8  vb fcm
14:20:29 | i 54 | [Phase 2/3] route  62.16s / 24.06s / 258.4%  filo2  k=14
14:20:32 | i 53 | [ ASYNC BG] bg_ails  67.37s / 60.00s / 112.3%
14:20:32 | i 54 | [HAOS ROLL] k=14  λ=0.8  vb  fcm  filo2  P≈0.000772
14:20:32 | i 54 | [ Summary ] cost=414551.00  Δ_S*=+2.24%  Δ_BKS=+2.50%  Δ_S*_BKS=+0.26%  no_improve=16
14:20:32 | i 55 | [HAOS ROLL] k=2  λ=0.0  vb  ac_complete  filo2  P≈0.001753
14:20:34 | i 55 | [Phase 1/3] decompose  1.75s / — / —  λ=0.0  vb ac_complete
14:23:44 | i 55 | [Phase 2/3] route  189.56s / 189.30s / 100.1%  filo2  k=2
14:23:44 | i 54 | [ ASYNC BG] bg_ails  67.47s / 60.00s / 112.5%
14:23:44 | i 55 | [HAOS ROLL] k=2  λ=0.0  vb  ac_complete  filo2  P≈0.001753
14:23:44 | i 55 | [ Summary ] cost=407974.00  Δ_S*=+0.61%  Δ_BKS=+0.88%  Δ_S*_BKS=+0.26%  no_improve=18
14:23:44 | i 56 | [HAOS ROLL] k=20  λ=0.8  rb  ac_complete  filo2  P≈0.002539
14:23:46 | i 56 | [Phase 1/3] decompose  1.38s / — / —  λ=0.8  rb ac_complete
14:24:40 | i 56 | [Phase 2/3] route  54.15s / 22.68s / 238.8%  filo2  k=20
14:26:55 | i 55 | [ ASYNC BG] bg_ails  191.07s / 184.76s / 103.4%
14:26:55 | i 56 | [HAOS ROLL] k=20  λ=0.8  rb  ac_complete  filo2  P≈0.002539
14:26:55 | i 56 | [ Summary ] cost=406551.00  Δ_S*=+0.26%  Δ_BKS=+0.52%  Δ_S*_BKS=+0.26%  no_improve=20
14:26:55 | i 57 | [HAOS ROLL] k=2  λ=0.0  vb  ac_complete  filo2  P≈0.002407
14:26:57 | i 57 | [Phase 1/3] decompose  1.71s / — / —  λ=0.0  vb ac_complete
14:30:07 | i 57 | [Phase 2/3] route  189.56s / 189.30s / 100.1%  filo2  k=2
14:30:07 | i 56 | [ ASYNC BG] bg_ails  67.33s / 60.00s / 112.2%
14:30:07 | i 57 | [HAOS ROLL] k=2  λ=0.0  vb  ac_complete  filo2  P≈0.002407
14:30:07 | i 57 | [ Summary ] cost=407642.00  Δ_S*=+0.53%  Δ_BKS=+0.79%  Δ_S*_BKS=+0.26%  no_improve=22
14:30:07 | i — | [  FINAL  ] async BG-AILS totals launched=56 applied=56 adopted=1 launch_skipped_cap=1 crashes=0 discarded_in_flight=False block_wait_total_s=1546.3
14:30:37 | i — | [  FINAL  ] async SP/SC totals invocations=6 adopted=4 skipped=0 discarded_in_flight=True sp_busy_frac=0.4656879795157888
14:30:37 | i — | [  FINAL  ] ════════════════════════════════════════
14:30:37 | i — | [  FINAL  ] Run complete  iterations=57  elapsed=02:02:05  best=405484.00
14:30:37 | i — | [  FINAL  ] Δ_BKS=+0.26%  no_improve_stop=False  time_stop=True  cancelled=False
14:30:37 | i — | [  FINAL  ] 
14:30:37 | i — | [  FINAL  ] [BEST SOLUTION — HAOS TAG SUMMARY]
14:30:37 | i — | [  FINAL  ] ────────────────────────────────────────
14:30:37 | i — | [  FINAL  ]   8 routes  vb  fcm  k=3  λ=0.8  solver=filo2
14:30:37 | i — | [  FINAL  ]   5 routes  rb  ac_complete  k=12  λ=0.0  solver=ails2
14:30:37 | i — | [  FINAL  ]   3 routes  rb  ac_avg  k=20  λ=0.2  solver=filo
14:30:37 | i — | [  FINAL  ]   2 routes  rb  kmeans  k=12  λ=0.6  solver=filo
14:30:37 | i — | [  FINAL  ]   2 routes  rb  ac_avg  k=12  λ=0.0  solver=filo2
14:30:37 | i — | [  FINAL  ]   2 routes  rb  ac_avg  k=12  λ=1.0  solver=filo
14:30:37 | i — | [  FINAL  ]   2 routes  rb  kmeans  k=20  λ=0.0  solver=filo2
14:30:37 | i — | [  FINAL  ]   2 routes  vb  ac_avg  k=3  λ=1.0  solver=filo
14:30:37 | i — | [  FINAL  ]   2 routes  rb  ac_avg  k=4  λ=0.0  solver=filo
14:30:37 | i — | [  FINAL  ]   2 routes  rb  kmeans  k=2  λ=0.2  solver=filo2
14:30:37 | i — | [  FINAL  ]   1 routes  vb  kmeans  k=8  λ=0.6  solver=filo2
14:30:37 | i — | [  FINAL  ]   1 routes  rb  ac_avg  k=3  λ=0.8  solver=filo2
14:30:37 | i — | [  FINAL  ]   1 routes  rb  ac_avg  k=2  λ=0.8  solver=ails2
14:30:37 | i — | [  FINAL  ]   1 routes  rb  kmeans  k=12  λ=0.2  solver=pyvrp
14:30:37 | i — | [  FINAL  ]   1 routes  rb  ac_complete  k=12  λ=0.8  solver=filo2
14:30:37 | i — | [  FINAL  ]   1 routes  vb  ac_complete  k=10  λ=0.4  solver=filo
14:30:37 | i — | [  FINAL  ]   1 routes  rb  ac_complete  k=14  λ=0.0  solver=ails2
14:30:37 | i — | [  FINAL  ]   1 routes  rb  ac_complete  k=14  λ=0.0  solver=filo2
14:30:37 | i — | [  FINAL  ]   1 routes  vb  ac_avg  k=14  λ=0.0  solver=pyvrp
14:30:37 | i — | [  FINAL  ]   1 routes  rb  ac_avg  k=2  λ=0.6  solver=filo2
14:30:37 | i — | [  FINAL  ]   1 routes  vb  ac_complete  k=3  λ=0.0  solver=filo
14:30:37 | i — | [  FINAL  ]   1 routes  rb  ac_avg  k=3  λ=0.8  solver=filo
14:30:37 | i — | [  FINAL  ]   1 routes  vb  kmeans  k=8  λ=0.6  solver=ails2
14:30:37 | i — | [  FINAL  ]   278 routes  post-SP/SC improvement
14:30:37 | i — | [  FINAL  ] 
14:30:37 | i — | [  FINAL  ] [ROUTE POOL — HAOS TAG SUMMARY]
14:30:37 | i — | [  FINAL  ] ────────────────────────────────────────
14:30:37 | i — | [  FINAL  ]   859 routes  vb  ac_complete  k=2  λ=0.0  solver=filo2
14:30:37 | i — | [  FINAL  ]   598 routes  vb  kmeans  k=20  λ=0.6  solver=filo2
14:30:37 | i — | [  FINAL  ]   588 routes  vb  fcm  k=14  λ=0.8  solver=filo2
14:30:37 | i — | [  FINAL  ]   576 routes  vb  ac_complete  k=2  λ=0.6  solver=filo2
14:30:37 | i — | [  FINAL  ]   570 routes  rb  ac_avg  k=14  λ=0.0  solver=pyvrp
14:30:37 | i — | [  FINAL  ]   544 routes  rb  ac_complete  k=10  λ=0.4  solver=filo2
14:30:37 | i — | [  FINAL  ]   536 routes  rb  ac_avg  k=14  λ=0.8  solver=filo2
14:30:37 | i — | [  FINAL  ]   527 routes  rb  ac_avg  k=12  λ=0.6  solver=filo2
14:30:37 | i — | [  FINAL  ]   518 routes  rb  ac_avg  k=14  λ=0.4  solver=filo2
14:30:37 | i — | [  FINAL  ]   475 routes  rb  ac_complete  k=20  λ=0.8  solver=filo2
14:30:37 | i — | [  FINAL  ]   288 routes  rb  kmeans  k=3  λ=0.0  solver=filo
14:30:37 | i — | [  FINAL  ]   172 routes  vb  kmeans  k=8  λ=0.6  solver=ails2
14:30:37 | i — | [  FINAL  ]   165 routes  rb  ac_complete  k=12  λ=0.0  solver=ails2
14:30:37 | i — | [  FINAL  ]   162 routes  vb  fcm  k=3  λ=0.8  solver=filo2
14:30:37 | i — | [  FINAL  ]   161 routes  vb  ac_avg  k=3  λ=1.0  solver=filo
14:30:37 | i — | [  FINAL  ]   136 routes  rb  ac_complete  k=3  λ=0.6  solver=filo2
14:30:37 | i — | [  FINAL  ]   119 routes  vb  ac_complete  k=3  λ=0.0  solver=filo
14:30:37 | i — | [  FINAL  ]   115 routes  rb  ac_avg  k=8  λ=0.8  solver=filo2
14:30:37 | i — | [  FINAL  ]   112 routes  vb  kmeans  k=2  λ=1.0  solver=filo2
14:30:37 | i — | [  FINAL  ]   111 routes  rb  kmeans  k=2  λ=0.2  solver=filo2
14:30:37 | i — | [  FINAL  ]   110 routes  rb  ac_avg  k=12  λ=0.0  solver=filo2
14:30:37 | i — | [  FINAL  ]   106 routes  rb  ac_avg  k=3  λ=0.8  solver=filo
14:30:37 | i — | [  FINAL  ]   104 routes  rb  kmeans  k=20  λ=0.0  solver=filo2
14:30:37 | i — | [  FINAL  ]   102 routes  rb  ac_avg  k=2  λ=0.8  solver=pyvrp
14:30:37 | i — | [  FINAL  ]   95 routes  rb  ac_complete  k=14  λ=0.0  solver=ails2
14:30:37 | i — | [  FINAL  ]   94 routes  rb  ac_avg  k=12  λ=1.0  solver=filo
14:30:37 | i — | [  FINAL  ]   89 routes  vb  ac_complete  k=20  λ=0.8  solver=filo
14:30:37 | i — | [  FINAL  ]   87 routes  vb  ac_complete  k=20  λ=0.8  solver=filo2
14:30:37 | i — | [  FINAL  ]   86 routes  rb  ac_complete  k=14  λ=0.0  solver=filo2
14:30:37 | i — | [  FINAL  ]   85 routes  rb  kmeans  k=12  λ=0.2  solver=pyvrp
14:30:37 | i — | [  FINAL  ]   83 routes  vb  ac_complete  k=10  λ=0.4  solver=filo
14:30:37 | i — | [  FINAL  ]   79 routes  rb  kmeans  k=3  λ=0.8  solver=filo
14:30:37 | i — | [  FINAL  ]   77 routes  rb  ac_avg  k=14  λ=0.4  solver=ails2
14:30:37 | i — | [  FINAL  ]   75 routes  rb  ac_avg  k=3  λ=0.8  solver=filo2
14:30:37 | i — | [  FINAL  ]   74 routes  rb  ac_avg  k=20  λ=0.2  solver=filo
14:30:37 | i — | [  FINAL  ]   73 routes  rb  ac_avg  k=8  λ=0.0  solver=filo
14:30:37 | i — | [  FINAL  ]   71 routes  vb  ac_avg  k=14  λ=0.0  solver=pyvrp
14:30:37 | i — | [  FINAL  ]   65 routes  rb  ac_avg  k=2  λ=0.6  solver=filo2
14:30:37 | i — | [  FINAL  ]   64 routes  rb  kmeans  k=12  λ=0.6  solver=filo
14:30:37 | i — | [  FINAL  ]   59 routes  rb  ac_avg  k=10  λ=0.6  solver=filo2
14:30:37 | i — | [  FINAL  ]   58 routes  rb  ac_avg  k=4  λ=0.0  solver=filo
14:30:37 | i — | [  FINAL  ]   47 routes  rb  ac_complete  k=6  λ=0.8  solver=pyvrp
14:30:37 | i — | [  FINAL  ]   39 routes  rb  kmeans  k=14  λ=0.8  solver=ails2
14:30:37 | i — | [  FINAL  ]   38 routes  rb  kmeans  k=2  λ=0.8  solver=filo
14:30:37 | i — | [  FINAL  ]   35 routes  vb  ac_complete  k=2  λ=0.8  solver=pyvrp
14:30:37 | i — | [  FINAL  ]   27 routes  rb  ac_complete  k=2  λ=0.0  solver=filo2
14:30:37 | i — | [  FINAL  ]   15 routes  vb  kmeans  k=8  λ=0.6  solver=filo2
14:30:37 | i — | [  FINAL  ]   15 routes  rb  kmeans  k=3  λ=1.0  solver=pyvrp
14:30:37 | i — | [  FINAL  ]   13 routes  vb  fcm  k=14  λ=0.8  solver=ails2
14:30:37 | i — | [  FINAL  ]   9 routes  rb  ac_complete  k=12  λ=0.8  solver=filo2
14:30:37 | i — | [  FINAL  ]   7 routes  rb  ac_avg  k=2  λ=0.8  solver=filo2
14:30:37 | i — | [  FINAL  ]   6 routes  rb  ac_complete  k=12  λ=0.6  solver=ails2
14:30:37 | i — | [  FINAL  ]   5 routes  rb  ac_avg  k=12  λ=0.4  solver=filo
14:30:37 | i — | [  FINAL  ]   3 routes  rb  kmeans  k=2  λ=0.0  solver=filo2
14:30:37 | i — | [  FINAL  ]   2 routes  rb  ac_avg  k=2  λ=0.8  solver=ails2
14:30:37 | i — | [  FINAL  ]   671 routes  post-SP/SC improvement
14:30:37 | i — | [  FINAL  ] ════════════════════════════════════════
