15:29:41 | i — | [  INIT   ] ════════════════════════════════════════
15:29:41 | i — | [  INIT   ] DRISPI  instance=X-n3561-k229  n=3560  capacity=779
15:29:41 | i — | [  INIT   ] k domain (computed at init): [2, 3, 4, 6, 8, 10, 12, 15]  k_ext=16  k_min=229  k_ext_bound=n_bound  spacing_rejected=2
15:29:41 | i — | [  INIT   ] ══════════════════════════════════════════════════════
15:29:41 | i — | [  INIT   ] CONFIGURATION
15:29:41 | i — | [  INIT   ] ── stopping ────────────────────────────────
15:29:41 | i — | [  INIT   ]   time_limit                  = 7200.0
15:29:41 | i — | [  INIT   ]   max_no_improve              = 1000000000
15:29:41 | i — | [  INIT   ] ── parallelism ─────────────────────────────
15:29:41 | i — | [  INIT   ]   n_workers                   = 8
15:29:41 | i — | [  INIT   ] ── cores ───────────────────────────────────
15:29:41 | i — | [  INIT   ]   cores_total                 = 8
15:29:41 | i — | [  INIT   ]   cores_dri                   = 6
15:29:41 | i — | [  INIT   ]   cores_bg                    = 1
15:29:41 | i — | [  INIT   ]   cores_sp                    = 1
15:29:41 | i — | [  INIT   ]   cores_cpu_list              = None
15:29:41 | i — | [  INIT   ] ── sp/sc ───────────────────────────────────
15:29:41 | i — | [  INIT   ]   sp_sc_mode                  = async
15:29:41 | i — | [  INIT   ]   sp_sc_trigger               = wallclock
15:29:41 | i — | [  INIT   ]   interval_minutes            = 20.0
15:29:41 | i — | [  INIT   ]   overlap_policy              = skip
15:29:41 | i — | [  INIT   ]   warmup_iterations           = 5
15:29:41 | i — | [  INIT   ]   sp_interval                 = 3
15:29:41 | i — | [  INIT   ]   min_coverage                = 5
15:29:41 | i — | [  INIT   ]   sp_time_limit               = 720.0
15:29:41 | i — | [  INIT   ]   mip_gap                     = 0.00025
15:29:41 | i — | [  INIT   ] ── decomposition ───────────────────────────
15:29:41 | i — | [  INIT   ]   decomp_k_base_arms          = [2, 3, 4, 6, 8, 10, 12]
15:29:41 | i — | [  INIT   ]   decomp_k_max_arms           = 10
15:29:41 | i — | [  INIT   ]   decomp_k_ext_per_1000       = 4
15:29:41 | i — | [  INIT   ]   decomp_k_min_routes_per_cluster= 8
15:29:41 | i — | [  INIT   ]   decomp_k_min_arm_spacing    = 2
15:29:41 | i — | [  INIT   ]   subcluster_rate_s_per_customer= 0.06
15:29:41 | i — | [  INIT   ]   subcluster_floor_s          = 5.0
15:29:41 | i — | [  INIT   ] ── bg_ails ─────────────────────────────────
15:29:41 | i — | [  INIT   ]   bg_ails_mode                = async
15:29:41 | i — | [  INIT   ]   bg_ails_crash_threshold     = 1
15:29:41 | i — | [  INIT   ]   bg_ails_budget_mode         = predicted_dr_wall
15:29:41 | i — | [  INIT   ]   bg_ails_budget_floor_s      = 60.0
15:29:41 | i — | [  INIT   ]   bg_ails_budget_margin       = 1.0
15:29:41 | i — | [  INIT   ]   bg_ails_wall_model_scale    = 0.976
15:29:41 | i — | [  INIT   ]   bg_ails_wall_model_wave_exponent= -0.18
15:29:41 | i — | [  INIT   ]   bg_ails_initial_omega       = 10
15:29:41 | i — | [  INIT   ]   bg_ails_boundary_threshold  = 0.5
15:29:41 | i — | [  INIT   ]   bg_ails_small_cluster_cap   = 20
15:29:41 | i — | [  INIT   ]   bg_ails_small_cluster_alpha = 0.5
15:29:41 | i — | [  INIT   ]   bg_ails_pair_selection      = greedy
15:29:41 | i — | [  INIT   ]   bg_ails_n_chains_mode       = k
15:29:41 | i — | [  INIT   ] ── standard_improvement ────────────────────
15:29:41 | i — | [  INIT   ]   standard_improvement_time_limit= 360.0
15:29:41 | i — | [  INIT   ] ── pool ────────────────────────────────────
15:29:41 | i — | [  INIT   ]   max_pool_size               = 10000
15:29:41 | i — | [  INIT   ]   pool_diversity_weight       = 0.5
15:29:41 | i — | [  INIT   ] ── haos ────────────────────────────────────
15:29:41 | i — | [  INIT   ]   haos_decay                  = 0.95
15:29:41 | i — | [  INIT   ]   haos_warmup                 = 10
15:29:41 | i — | [  INIT   ]   haos_starting_weight        = 10.0
15:29:41 | i — | [  INIT   ]   haos_min_weight_k           = 0.025
15:29:41 | i — | [  INIT   ]   haos_min_weight_lambda      = 0.05
15:29:41 | i — | [  INIT   ]   haos_min_weight_paradigm    = 0.1
15:29:41 | i — | [  INIT   ]   haos_min_weight_vertex_method= 0.05
15:29:41 | i — | [  INIT   ]   haos_min_weight_route_method= 0.05
15:29:41 | i — | [  INIT   ]   haos_min_weight_solver      = 0.05
15:29:41 | i — | [  INIT   ]   haos_lambda_demand_values   = [0.0, 0.2, 0.4, 0.6, 0.8, 1.0]
15:29:41 | i — | [  INIT   ]   haos_paradigm_values        = ['vertex', 'route']
15:29:41 | i — | [  INIT   ]   haos_vertex_method_values   = ['kmeans', 'agglomerative_avg', 'agglomerative_complete', 'kmedoids', 'fcm']
15:29:41 | i — | [  INIT   ]   haos_route_method_values    = ['kmeans', 'agglomerative_avg', 'agglomerative_complete']
15:29:41 | i — | [  INIT   ]   haos_solver_values          = ['pyvrp', 'filo', 'filo2', 'ails2']
15:29:41 | i — | [  INIT   ] ── haos_rewards ────────────────────────────
15:29:41 | i — | [  INIT   ]   haos_reward_new_best        = 10.0
15:29:41 | i — | [  INIT   ]   haos_reward_improvement     = 4.0
15:29:41 | i — | [  INIT   ]   haos_reward_no_improvement  = 1.0
15:29:41 | i — | [  INIT   ]   haos_reward_no_solution     = 0.0
15:29:41 | i — | [  INIT   ]   haos_deferred_new_best      = 7.0
15:29:41 | i — | [  INIT   ]   haos_deferred_improvement   = 3.0
15:29:41 | i — | [  INIT   ]   haos_deferred_no_improvement= 0.0
15:29:41 | i — | [  INIT   ] ── seed ────────────────────────────────────
15:29:41 | i — | [  INIT   ]   seed                        = 20
15:29:41 | i — | [  INIT   ] ── output ──────────────────────────────────
15:29:41 | i — | [  INIT   ]   output_dir                  = /app/artifacts/final_benchmark/runs/X-n3561-k229/seed20
15:29:41 | i — | [  INIT   ]   run_analysis                = False
15:29:41 | i — | [  INIT   ] ══════════════════════════════════════════════════════
15:29:41 | i — | [  INIT   ] BKS=209191.00
15:29:41 | i — | [  INIT   ] ════════════════════════════════════════
15:29:41 | i 1 | [HAOS ROLL] k=3  λ=0.8  vb  kmeans  pyvrp  P≈0.000521
15:29:45 | i 1 | [Phase 1/3] decompose  4.60s / — / —  λ=0.8  vb kmeans
15:31:15 | i 1 | [Phase 2/3] route  89.68s / 83.58s / 107.3%  pyvrp  k=3
15:31:15 | i 1 | [ IMPROVE ] 215590.00  via decompose_route  ·  Δ_BKS=+3.06%
15:31:15 | i 1 | [HAOS ROLL] k=3  λ=0.8  vb  kmeans  pyvrp  P≈0.000521
15:31:15 | i 1 | [ Summary ] cost=215590.00  Δ_S*=+0.00%  Δ_BKS=+3.06%  Δ_S*_BKS=+3.06%  no_improve=0
15:31:15 | i 2 | [HAOS ROLL] k=12  λ=1.0  vb  kmedoids  filo2  P≈0.000521
15:31:16 | i 2 | [Phase 1/3] decompose  1.44s / — / —  λ=1.0  vb kmedoids
15:32:05 | i 2 | [Phase 2/3] route  49.10s / 34.32s / 143.1%  filo2  k=12
15:32:42 | i 1 | [ IMPROVE ] 210948.00  via bg_ails  ·  Δ_BKS=+0.84%
15:32:42 | i 1 | [ ASYNC BG] bg_ails  86.65s / 81.57s / 106.2%
15:32:42 | i 2 | [HAOS ROLL] k=12  λ=1.0  vb  kmedoids  filo2  P≈0.000521
15:32:42 | i 2 | [ Summary ] cost=213945.00  Δ_S*=+1.42%  Δ_BKS=+2.27%  Δ_S*_BKS=+0.84%  no_improve=1
15:32:42 | i 3 | [HAOS ROLL] k=10  λ=1.0  vb  ac_avg  ails2  P≈0.000521
15:32:43 | i 3 | [Phase 1/3] decompose  1.37s / — / —  λ=1.0  vb ac_avg
15:33:34 | i 3 | [Phase 2/3] route  51.10s / 43.56s / 117.3%  ails2  k=10
15:33:47 | i 2 | [ IMPROVE ] 210708.00  via bg_ails  ·  Δ_BKS=+0.73%
15:33:47 | i 2 | [ ASYNC BG] bg_ails  65.68s / 60.00s / 109.5%
15:33:47 | i 3 | [HAOS ROLL] k=10  λ=1.0  vb  ac_avg  ails2  P≈0.000521
15:33:47 | i 3 | [ Summary ] cost=212322.00  Δ_S*=+0.77%  Δ_BKS=+1.50%  Δ_S*_BKS=+0.73%  no_improve=1
15:33:47 | i 4 | [HAOS ROLL] k=6  λ=0.8  rb  kmeans  filo2  P≈0.000868
15:33:48 | i 4 | [Phase 1/3] decompose  0.96s / — / —  λ=0.8  rb kmeans
15:34:42 | i 4 | [Phase 2/3] route  54.14s / 53.64s / 100.9%  filo2  k=6
15:35:01 | i 3 | [ ASYNC BG] bg_ails  73.79s / 68.13s / 108.3%
15:35:01 | i 4 | [HAOS ROLL] k=6  λ=0.8  rb  kmeans  filo2  P≈0.000868
15:35:01 | i 4 | [ Summary ] cost=211645.00  Δ_S*=+0.44%  Δ_BKS=+1.17%  Δ_S*_BKS=+0.73%  no_improve=3
15:35:01 | i 5 | [HAOS ROLL] k=12  λ=0.4  vb  ac_complete  pyvrp  P≈0.000521
15:35:03 | i 5 | [Phase 1/3] decompose  1.42s / — / —  λ=0.4  vb ac_complete
15:35:45 | i 5 | [Phase 2/3] route  41.96s / 35.58s / 117.9%  pyvrp  k=12
15:36:07 | i 4 | [ ASYNC BG] bg_ails  65.72s / 60.00s / 109.5%
15:36:07 | i 5 | [HAOS ROLL] k=12  λ=0.4  vb  ac_complete  pyvrp  P≈0.000521
15:36:07 | i 5 | [ Summary ] cost=215770.00  Δ_S*=+2.40%  Δ_BKS=+3.14%  Δ_S*_BKS=+0.73%  no_improve=5
15:36:07 | i 6 | [HAOS ROLL] k=4  λ=0.2  rb  ac_avg  ails2  P≈0.000868
15:36:08 | i 6 | [Phase 1/3] decompose  0.99s / — / —  λ=0.2  rb ac_avg
15:37:40 | i 6 | [Phase 2/3] route  91.80s / 89.76s / 102.3%  ails2  k=4
15:37:40 | i 5 | [ ASYNC BG] bg_ails  65.64s / 60.00s / 109.4%
15:37:40 | i 6 | [ IMPROVE ] 210326.00  via decompose_route  ·  Δ_BKS=+0.54%
15:37:40 | i 6 | [HAOS ROLL] k=4  λ=0.2  rb  ac_avg  ails2  P≈0.000868
15:37:40 | i 6 | [ Summary ] cost=210326.00  Δ_S*=+0.00%  Δ_BKS=+0.54%  Δ_S*_BKS=+0.54%  no_improve=0
15:37:40 | i 7 | [HAOS ROLL] k=2  λ=0.4  rb  ac_avg  filo2  P≈0.000868
15:37:41 | i 7 | [Phase 1/3] decompose  0.94s / — / —  λ=0.4  rb ac_avg
15:39:29 | i 7 | [Phase 2/3] route  108.26s / 108.12s / 100.1%  filo2  k=2
15:39:29 | i 6 | [ ASYNC BG] bg_ails  92.80s / 87.61s / 105.9%
15:39:29 | i 7 | [HAOS ROLL] k=2  λ=0.4  rb  ac_avg  filo2  P≈0.000868
15:39:29 | i 7 | [ Summary ] cost=211166.00  Δ_S*=+0.40%  Δ_BKS=+0.94%  Δ_S*_BKS=+0.54%  no_improve=2
15:39:29 | i 8 | [HAOS ROLL] k=12  λ=1.0  vb  ac_avg  ails2  P≈0.000521
15:39:30 | i 8 | [Phase 1/3] decompose  1.36s / — / —  λ=1.0  vb ac_avg
15:40:19 | i 8 | [Phase 2/3] route  49.09s / 38.04s / 129.0%  ails2  k=12
15:41:20 | i 7 | [ ASYNC BG] bg_ails  110.74s / 105.53s / 104.9%
15:41:20 | i 8 | [HAOS ROLL] k=12  λ=1.0  vb  ac_avg  ails2  P≈0.000521
15:41:20 | i 8 | [ Summary ] cost=213758.00  Δ_S*=+1.63%  Δ_BKS=+2.18%  Δ_S*_BKS=+0.54%  no_improve=4
15:41:20 | i 9 | [HAOS ROLL] k=10  λ=0.2  rb  ac_avg  ails2  P≈0.000868
15:41:21 | i 9 | [Phase 1/3] decompose  0.95s / — / —  λ=0.2  rb ac_avg
15:42:14 | i 9 | [Phase 2/3] route  53.24s / 51.12s / 104.2%  ails2  k=10
15:42:28 | i 8 | [ ASYNC BG] bg_ails  68.72s / 63.37s / 108.4%
15:42:28 | i 9 | [HAOS ROLL] k=10  λ=0.2  rb  ac_avg  ails2  P≈0.000868
15:42:28 | i 9 | [ Summary ] cost=210497.00  Δ_S*=+0.08%  Δ_BKS=+0.62%  Δ_S*_BKS=+0.54%  no_improve=6
15:42:28 | i 10 | [HAOS ROLL] k=3  λ=0.0  vb  kmeans  ails2  P≈0.000521
15:42:29 | i 10 | [Phase 1/3] decompose  0.72s / — / —  λ=0.0  vb kmeans
15:43:54 | i 10 | [Phase 2/3] route  85.19s / 83.58s / 101.9%  ails2  k=3
15:43:54 | i 9 | [ ASYNC BG] bg_ails  65.96s / 60.00s / 109.9%
15:43:54 | i 10 | [HAOS ROLL] k=3  λ=0.0  vb  kmeans  ails2  P≈0.000521
15:43:54 | i 10 | [ Summary ] cost=210720.00  Δ_S*=+0.19%  Δ_BKS=+0.73%  Δ_S*_BKS=+0.54%  no_improve=8
15:43:54 | i 6 | [ASYNC 1/2] sp_sc  1.87s / 720.00s / 0.3%  SP  avg_coverage=10.67/5  pool=2465
15:43:54 | i 6 | [ASYNC 2/2] standard_ails  364.61s / 360.00s / 101.3%
15:44:04 | i 6 | [ IMPROVE ] 210154.00  via standard_ails  ·  Δ_BKS=+0.46%
15:44:04 | i 11 | [HAOS ROLL] k=10  λ=0.4  vb  ac_complete  ails2  P≈0.000521
15:44:06 | i 11 | [Phase 1/3] decompose  1.23s / — / —  λ=0.4  vb ac_complete
15:44:56 | i 11 | [Phase 2/3] route  50.35s / 48.48s / 103.9%  ails2  k=10
15:45:21 | i 10 | [ ASYNC BG] bg_ails  86.49s / 81.57s / 106.0%
15:45:21 | i 11 | [HAOS ROLL] k=10  λ=0.4  vb  ac_complete  ails2  P≈0.000521
15:45:21 | i 11 | [ Summary ] cost=212804.00  Δ_S*=+1.26%  Δ_BKS=+1.73%  Δ_S*_BKS=+0.46%  no_improve=2
15:45:21 | i 12 | [HAOS ROLL] k=12  λ=0.4  rb  ac_avg  filo2  P≈0.002787
15:45:22 | i 12 | [Phase 1/3] decompose  0.93s / — / —  λ=0.4  rb ac_avg
15:46:06 | i 12 | [Phase 2/3] route  44.12s / 36.54s / 120.7%  filo2  k=12
15:46:27 | i 11 | [ ASYNC BG] bg_ails  65.70s / 60.00s / 109.5%
15:46:27 | i 12 | [HAOS ROLL] k=12  λ=0.4  rb  ac_avg  filo2  P≈0.002787
15:46:27 | i 12 | [ Summary ] cost=212555.00  Δ_S*=+1.14%  Δ_BKS=+1.61%  Δ_S*_BKS=+0.46%  no_improve=4
15:46:27 | i 13 | [HAOS ROLL] k=6  λ=0.2  vb  ac_complete  filo  P≈0.000613
15:46:28 | i 13 | [Phase 1/3] decompose  1.35s / — / —  λ=0.2  vb ac_complete
15:47:38 | i 13 | [Phase 2/3] route  70.19s / 69.72s / 100.7%  filo  k=6
15:47:38 | i 12 | [ ASYNC BG] bg_ails  66.80s / 61.98s / 107.8%
15:47:38 | i 13 | [HAOS ROLL] k=6  λ=0.2  vb  ac_complete  filo  P≈0.000613
15:47:38 | i 13 | [ Summary ] cost=211925.00  Δ_S*=+0.84%  Δ_BKS=+1.31%  Δ_S*_BKS=+0.46%  no_improve=6
15:47:38 | i 14 | [HAOS ROLL] k=6  λ=0.4  vb  kmeans  filo2  P≈0.001101
15:47:39 | i 14 | [Phase 1/3] decompose  0.93s / — / —  λ=0.4  vb kmeans
15:48:29 | i 14 | [Phase 2/3] route  49.14s / 48.84s / 100.6%  filo2  k=6
15:48:52 | i 13 | [ ASYNC BG] bg_ails  73.73s / 68.05s / 108.3%
15:48:52 | i 14 | [HAOS ROLL] k=6  λ=0.4  vb  kmeans  filo2  P≈0.001101
15:48:52 | i 14 | [ Summary ] cost=213065.00  Δ_S*=+1.39%  Δ_BKS=+1.85%  Δ_S*_BKS=+0.46%  no_improve=8
15:48:52 | i 15 | [HAOS ROLL] k=4  λ=0.4  vb  kmeans  ails2  P≈0.000726
15:48:53 | i 15 | [Phase 1/3] decompose  0.93s / — / —  λ=0.4  vb kmeans
15:50:09 | i 15 | [Phase 2/3] route  76.36s / 74.16s / 103.0%  ails2  k=4
15:50:09 | i 14 | [ ASYNC BG] bg_ails  65.70s / 60.00s / 109.5%
15:50:10 | i 15 | [HAOS ROLL] k=4  λ=0.4  vb  kmeans  ails2  P≈0.000726
15:50:10 | i 15 | [ Summary ] cost=210773.00  Δ_S*=+0.29%  Δ_BKS=+0.76%  Δ_S*_BKS=+0.46%  no_improve=10
15:50:10 | i 16 | [HAOS ROLL] k=12  λ=1.0  vb  fcm  filo2  P≈0.000871
15:50:12 | i 16 | [Phase 1/3] decompose  2.19s / — / —  λ=1.0  vb fcm
15:50:59 | i 16 | [Phase 2/3] route  47.12s / 26.46s / 178.1%  filo2  k=12
15:51:27 | i 15 | [ ASYNC BG] bg_ails  77.63s / 72.38s / 107.3%
15:51:27 | i 16 | [HAOS ROLL] k=12  λ=1.0  vb  fcm  filo2  P≈0.000871
15:51:27 | i 16 | [ Summary ] cost=213646.00  Δ_S*=+1.66%  Δ_BKS=+2.13%  Δ_S*_BKS=+0.46%  no_improve=12
15:51:27 | i 17 | [HAOS ROLL] k=3  λ=0.6  vb  ac_avg  pyvrp  P≈0.000131
15:51:29 | i 17 | [Phase 1/3] decompose  1.26s / — / —  λ=0.6  vb ac_avg
15:53:37 | i 17 | [Phase 2/3] route  128.08s / 117.66s / 108.9%  pyvrp  k=3
15:53:37 | i 16 | [ ASYNC BG] bg_ails  65.70s / 60.00s / 109.5%
15:53:37 | i 17 | [HAOS ROLL] k=3  λ=0.6  vb  ac_avg  pyvrp  P≈0.000131
15:53:37 | i 17 | [ Summary ] cost=215877.00  Δ_S*=+2.72%  Δ_BKS=+3.20%  Δ_S*_BKS=+0.46%  no_improve=14
15:53:37 | i 18 | [HAOS ROLL] k=4  λ=1.0  rb  ac_complete  filo  P≈0.000386
15:53:38 | i 18 | [Phase 1/3] decompose  1.02s / — / —  λ=1.0  rb ac_complete
15:55:01 | i 18 | [Phase 2/3] route  83.20s / 82.92s / 100.3%  filo  k=4
15:55:36 | i 17 | [ ASYNC BG] bg_ails  119.68s / 114.84s / 104.2%
15:55:36 | i 18 | [HAOS ROLL] k=4  λ=1.0  rb  ac_complete  filo  P≈0.000386
15:55:36 | i 18 | [ Summary ] cost=212243.00  Δ_S*=+0.99%  Δ_BKS=+1.46%  Δ_S*_BKS=+0.46%  no_improve=16
15:55:36 | i 19 | [HAOS ROLL] k=12  λ=1.0  vb  ac_complete  ails2  P≈0.001670
15:55:38 | i 19 | [Phase 1/3] decompose  1.26s / — / —  λ=1.0  vb ac_complete
15:56:31 | i 19 | [Phase 2/3] route  53.08s / 37.38s / 142.0%  ails2  k=12
15:57:02 | i 18 | [ ASYNC BG] bg_ails  85.73s / 80.93s / 105.9%
15:57:02 | i 19 | [HAOS ROLL] k=12  λ=1.0  vb  ac_complete  ails2  P≈0.001670
15:57:02 | i 19 | [ Summary ] cost=213532.00  Δ_S*=+1.61%  Δ_BKS=+2.08%  Δ_S*_BKS=+0.46%  no_improve=18
15:57:02 | i 20 | [HAOS ROLL] k=4  λ=1.0  vb  ac_avg  pyvrp  P≈0.000895
15:57:03 | i 20 | [Phase 1/3] decompose  1.30s / — / —  λ=1.0  vb ac_avg
15:58:23 | i 20 | [Phase 2/3] route  79.36s / 74.70s / 106.2%  pyvrp  k=4
15:58:23 | i 19 | [ ASYNC BG] bg_ails  65.87s / 60.00s / 109.8%
15:58:23 | i 20 | [HAOS ROLL] k=4  λ=1.0  vb  ac_avg  pyvrp  P≈0.000895
15:58:23 | i 20 | [ Summary ] cost=215299.00  Δ_S*=+2.45%  Δ_BKS=+2.92%  Δ_S*_BKS=+0.46%  no_improve=20
15:58:23 | i 21 | [HAOS ROLL] k=6  λ=0.4  vb  kmeans  filo  P≈0.001109
15:58:24 | i 21 | [Phase 1/3] decompose  0.92s / — / —  λ=0.4  vb kmeans
15:59:09 | i 21 | [Phase 2/3] route  45.12s / 45.06s / 100.1%  filo  k=6
15:59:41 | i 20 | [ ASYNC BG] bg_ails  77.79s / 72.91s / 106.7%
15:59:41 | i 21 | [HAOS ROLL] k=6  λ=0.4  vb  kmeans  filo  P≈0.001109
15:59:41 | i 21 | [ Summary ] cost=212229.00  Δ_S*=+0.99%  Δ_BKS=+1.45%  Δ_S*_BKS=+0.46%  no_improve=22
15:59:41 | i 22 | [HAOS ROLL] k=6  λ=0.6  rb  kmeans  ails2  P≈0.000442
15:59:42 | i 22 | [Phase 1/3] decompose  0.93s / — / —  λ=0.6  rb kmeans
16:00:34 | i 22 | [Phase 2/3] route  52.24s / 50.22s / 104.0%  ails2  k=6
16:00:46 | i 21 | [ ASYNC BG] bg_ails  65.73s / 60.00s / 109.6%
16:00:46 | i 22 | [HAOS ROLL] k=6  λ=0.6  rb  kmeans  ails2  P≈0.000442
16:00:46 | i 22 | [ Summary ] cost=210712.00  Δ_S*=+0.27%  Δ_BKS=+0.73%  Δ_S*_BKS=+0.46%  no_improve=24
16:00:46 | i 23 | [HAOS ROLL] k=8  λ=0.4  vb  fcm  ails2  P≈0.000661
16:00:48 | i 23 | [Phase 1/3] decompose  1.18s / — / —  λ=0.4  vb fcm
16:01:42 | i 23 | [Phase 2/3] route  54.46s / 36.24s / 150.3%  ails2  k=8
16:01:52 | i 22 | [ ASYNC BG] bg_ails  65.78s / 60.00s / 109.6%
16:01:52 | i 23 | [HAOS ROLL] k=8  λ=0.4  vb  fcm  ails2  P≈0.000661
16:01:52 | i 23 | [ Summary ] cost=212218.00  Δ_S*=+0.98%  Δ_BKS=+1.45%  Δ_S*_BKS=+0.46%  no_improve=26
16:01:52 | i 24 | [HAOS ROLL] k=6  λ=0.0  vb  fcm  pyvrp  P≈0.000414
16:01:53 | i 24 | [Phase 1/3] decompose  0.92s / — / —  λ=0.0  vb fcm
16:02:41 | i 24 | [Phase 2/3] route  47.44s / 45.36s / 104.6%  pyvrp  k=6
16:02:58 | i 23 | [ ASYNC BG] bg_ails  65.73s / 60.00s / 109.5%
16:02:58 | i 24 | [HAOS ROLL] k=6  λ=0.0  vb  fcm  pyvrp  P≈0.000414
16:02:58 | i 24 | [ Summary ] cost=216191.00  Δ_S*=+2.87%  Δ_BKS=+3.35%  Δ_S*_BKS=+0.46%  no_improve=28
16:02:58 | i 25 | [HAOS ROLL] k=6  λ=0.0  rb  ac_avg  ails2  P≈0.000715
16:02:59 | i 25 | [Phase 1/3] decompose  0.70s / — / —  λ=0.0  rb ac_avg
16:04:13 | i 25 | [Phase 2/3] route  73.93s / 71.94s / 102.8%  ails2  k=6
16:04:13 | i 24 | [ ASYNC BG] bg_ails  65.54s / 60.00s / 109.2%
16:04:13 | i 25 | [HAOS ROLL] k=6  λ=0.0  rb  ac_avg  ails2  P≈0.000715
16:04:13 | i 25 | [ Summary ] cost=210302.00  Δ_S*=+0.07%  Δ_BKS=+0.53%  Δ_S*_BKS=+0.46%  no_improve=30
16:04:13 | i 26 | [HAOS ROLL] k=12  λ=0.2  rb  ac_complete  filo2  P≈0.000356
16:04:14 | i 26 | [Phase 1/3] decompose  0.93s / — / —  λ=0.2  rb ac_complete
16:05:04 | i 26 | [Phase 2/3] route  50.13s / 36.18s / 138.6%  filo2  k=12
16:05:28 | i 25 | [ ASYNC BG] bg_ails  75.58s / 70.21s / 107.6%
16:05:29 | i 26 | [HAOS ROLL] k=12  λ=0.2  rb  ac_complete  filo2  P≈0.000356
16:05:29 | i 26 | [ Summary ] cost=213261.00  Δ_S*=+1.48%  Δ_BKS=+1.95%  Δ_S*_BKS=+0.46%  no_improve=32
16:05:29 | i 27 | [HAOS ROLL] k=4  λ=0.6  vb  fcm  ails2  P≈0.001168
16:05:30 | i 27 | [Phase 1/3] decompose  0.96s / — / —  λ=0.6  vb fcm
16:06:44 | i 27 | [Phase 2/3] route  74.76s / 72.72s / 102.8%  ails2  k=4
16:06:44 | i 26 | [ ASYNC BG] bg_ails  65.64s / 60.00s / 109.4%
16:06:44 | i 27 | [HAOS ROLL] k=4  λ=0.6  vb  fcm  ails2  P≈0.001168
16:06:44 | i 27 | [ Summary ] cost=210908.00  Δ_S*=+0.36%  Δ_BKS=+0.82%  Δ_S*_BKS=+0.46%  no_improve=34
16:06:44 | i 28 | [HAOS ROLL] k=8  λ=1.0  vb  ac_complete  ails2  P≈0.000911
16:06:46 | i 28 | [Phase 1/3] decompose  1.30s / — / —  λ=1.0  vb ac_complete
16:07:34 | i 28 | [Phase 2/3] route  48.00s / 38.76s / 123.8%  ails2  k=8
16:08:00 | i 27 | [ ASYNC BG] bg_ails  75.78s / 70.97s / 106.8%
16:08:00 | i 28 | [HAOS ROLL] k=8  λ=1.0  vb  ac_complete  ails2  P≈0.000911
16:08:00 | i 28 | [ Summary ] cost=212381.00  Δ_S*=+1.06%  Δ_BKS=+1.52%  Δ_S*_BKS=+0.46%  no_improve=36
16:08:00 | i 29 | [HAOS ROLL] k=8  λ=0.4  vb  kmedoids  filo2  P≈0.000557
16:08:02 | i 29 | [Phase 1/3] decompose  1.38s / — / —  λ=0.4  vb kmedoids
16:09:03 | i 29 | [Phase 2/3] route  61.15s / 46.92s / 130.3%  filo2  k=8
16:09:06 | i 28 | [ ASYNC BG] bg_ails  65.70s / 60.00s / 109.5%
16:09:06 | i 29 | [HAOS ROLL] k=8  λ=0.4  vb  kmedoids  filo2  P≈0.000557
16:09:06 | i 29 | [ Summary ] cost=212999.00  Δ_S*=+1.35%  Δ_BKS=+1.82%  Δ_S*_BKS=+0.46%  no_improve=38
16:09:06 | i 30 | [HAOS ROLL] k=3  λ=0.4  vb  kmeans  ails2  P≈0.001039
16:09:07 | i 30 | [Phase 1/3] decompose  0.93s / — / —  λ=0.4  vb kmeans
16:10:42 | i 30 | [Phase 2/3] route  95.31s / 93.72s / 101.7%  ails2  k=3
16:10:42 | i 29 | [ ASYNC BG] bg_ails  73.79s / 68.39s / 107.9%
16:10:42 | i 30 | [HAOS ROLL] k=3  λ=0.4  vb  kmeans  ails2  P≈0.001039
16:10:42 | i 30 | [ Summary ] cost=210630.00  Δ_S*=+0.23%  Δ_BKS=+0.69%  Δ_S*_BKS=+0.46%  no_improve=40
16:10:42 | i 31 | [HAOS ROLL] k=6  λ=0.0  vb  ac_complete  ails2  P≈0.001760
16:10:43 | i 31 | [Phase 1/3] decompose  1.09s / — / —  λ=0.0  vb ac_complete
16:11:52 | i 31 | [Phase 2/3] route  68.77s / 66.72s / 103.1%  ails2  k=6
16:12:19 | i 30 | [ ASYNC BG] bg_ails  96.75s / 91.47s / 105.8%
16:12:19 | i 31 | [HAOS ROLL] k=6  λ=0.0  vb  ac_complete  ails2  P≈0.001760
16:12:19 | i 31 | [ Summary ] cost=211722.00  Δ_S*=+0.75%  Δ_BKS=+1.21%  Δ_S*_BKS=+0.46%  no_improve=42
16:12:19 | i 32 | [HAOS ROLL] k=6  λ=0.8  vb  ac_complete  filo  P≈0.000371
16:12:20 | i 32 | [Phase 1/3] decompose  1.27s / — / —  λ=0.8  vb ac_complete
16:13:20 | i 32 | [Phase 2/3] route  59.16s / 59.10s / 100.1%  filo  k=6
16:13:29 | i 31 | [ ASYNC BG] bg_ails  70.45s / 65.12s / 108.2%
16:13:30 | i 32 | [HAOS ROLL] k=6  λ=0.8  vb  ac_complete  filo  P≈0.000371
16:13:30 | i 32 | [ Summary ] cost=211842.00  Δ_S*=+0.80%  Δ_BKS=+1.27%  Δ_S*_BKS=+0.46%  no_improve=44
16:13:30 | i 33 | [HAOS ROLL] k=12  λ=0.4  rb  ac_complete  filo  P≈0.000513
16:13:31 | i 33 | [Phase 1/3] decompose  0.93s / — / —  λ=0.4  rb ac_complete
16:14:21 | i 33 | [Phase 2/3] route  50.16s / 36.18s / 138.6%  filo  k=12
16:14:35 | i 32 | [ ASYNC BG] bg_ails  65.66s / 60.00s / 109.4%
16:14:35 | i 33 | [HAOS ROLL] k=12  λ=0.4  rb  ac_complete  filo  P≈0.000513
16:14:35 | i 33 | [ Summary ] cost=213231.00  Δ_S*=+1.46%  Δ_BKS=+1.93%  Δ_S*_BKS=+0.46%  no_improve=46
16:14:35 | i 34 | [HAOS ROLL] k=4  λ=0.6  vb  ac_avg  ails2  P≈0.000685
16:14:37 | i 34 | [Phase 1/3] decompose  1.27s / — / —  λ=0.6  vb ac_avg
16:15:47 | i 34 | [Phase 2/3] route  70.28s / 68.52s / 102.6%  ails2  k=4
16:15:47 | i 33 | [ ASYNC BG] bg_ails  65.77s / 60.00s / 109.6%
16:15:47 | i 34 | [HAOS ROLL] k=4  λ=0.6  vb  ac_avg  ails2  P≈0.000685
16:15:47 | i 34 | [ Summary ] cost=210684.00  Δ_S*=+0.25%  Δ_BKS=+0.71%  Δ_S*_BKS=+0.46%  no_improve=48
16:15:47 | i 35 | [HAOS ROLL] k=6  λ=0.0  vb  fcm  ails2  P≈0.002028
16:15:48 | i 35 | [Phase 1/3] decompose  0.93s / — / —  λ=0.0  vb fcm
16:16:35 | i 35 | [Phase 2/3] route  47.08s / 45.36s / 103.8%  ails2  k=6
16:16:59 | i 34 | [ ASYNC BG] bg_ails  71.70s / 66.88s / 107.2%
16:16:59 | i 35 | [HAOS ROLL] k=6  λ=0.0  vb  fcm  ails2  P≈0.002028
16:16:59 | i 35 | [ Summary ] cost=212547.00  Δ_S*=+1.14%  Δ_BKS=+1.60%  Δ_S*_BKS=+0.46%  no_improve=50
16:16:59 | i 36 | [HAOS ROLL] k=6  λ=0.4  vb  fcm  filo2  P≈0.001790
16:17:00 | i 36 | [Phase 1/3] decompose  1.13s / — / —  λ=0.4  vb fcm
16:17:45 | i 36 | [Phase 2/3] route  45.16s / 45.36s / 99.6%  filo2  k=6
16:18:04 | i 35 | [ ASYNC BG] bg_ails  65.51s / 60.00s / 109.2%
16:18:04 | i 36 | [HAOS ROLL] k=6  λ=0.4  vb  fcm  filo2  P≈0.001790
16:18:04 | i 36 | [ Summary ] cost=212721.00  Δ_S*=+1.22%  Δ_BKS=+1.69%  Δ_S*_BKS=+0.46%  no_improve=52
16:18:04 | i 20 | [ASYNC 1/2] sp_sc  760.84s / 720.00s / 105.7%  SP  avg_coverage=37.66/5  pool=8681
16:18:04 | i 20 | [ASYNC 2/2] standard_ails  364.66s / 360.00s / 101.3%
16:19:01 | i 37 | [HAOS ROLL] k=8  λ=0.4  vb  fcm  ails2  P≈0.002832
16:19:03 | i 37 | [Phase 1/3] decompose  1.18s / — / —  λ=0.4  vb fcm
16:19:45 | i 37 | [Phase 2/3] route  42.06s / 36.30s / 115.9%  ails2  k=8
16:19:45 | i 36 | [ ASYNC BG] bg_ails  65.55s / 60.00s / 109.2%
16:19:45 | i 37 | [HAOS ROLL] k=8  λ=0.4  vb  fcm  ails2  P≈0.002832
16:19:45 | i 37 | [ Summary ] cost=212198.00  Δ_S*=+0.97%  Δ_BKS=+1.44%  Δ_S*_BKS=+0.46%  no_improve=55
16:19:45 | i 38 | [HAOS ROLL] k=2  λ=0.2  vb  ac_avg  ails2  P≈0.000490
16:19:47 | i 38 | [Phase 1/3] decompose  1.27s / — / —  λ=0.2  vb ac_avg
16:21:40 | i 38 | [Phase 2/3] route  113.40s / 111.18s / 102.0%  ails2  k=2
16:21:40 | i 37 | [ ASYNC BG] bg_ails  65.87s / 60.00s / 109.8%
16:21:40 | i 38 | [HAOS ROLL] k=2  λ=0.2  vb  ac_avg  ails2  P≈0.000490
16:21:40 | i 38 | [ Summary ] cost=210632.00  Δ_S*=+0.23%  Δ_BKS=+0.69%  Δ_S*_BKS=+0.46%  no_improve=57
16:21:40 | i 39 | [HAOS ROLL] k=12  λ=0.4  rb  kmeans  ails2  P≈0.001459
16:21:41 | i 39 | [Phase 1/3] decompose  0.92s / — / —  λ=0.4  rb kmeans
16:22:27 | i 39 | [Phase 2/3] route  46.06s / 29.16s / 157.9%  ails2  k=12
16:23:34 | i 38 | [ ASYNC BG] bg_ails  113.67s / 108.51s / 104.8%
16:23:34 | i 39 | [HAOS ROLL] k=12  λ=0.4  rb  kmeans  ails2  P≈0.001459
16:23:34 | i 39 | [ Summary ] cost=210488.00  Δ_S*=+0.16%  Δ_BKS=+0.62%  Δ_S*_BKS=+0.46%  no_improve=59
16:23:34 | i 40 | [HAOS ROLL] k=8  λ=0.2  vb  kmedoids  ails2  P≈0.000977
16:23:35 | i 40 | [Phase 1/3] decompose  1.30s / — / —  λ=0.2  vb kmedoids
16:24:30 | i 40 | [Phase 2/3] route  55.12s / 43.08s / 127.9%  ails2  k=8
16:24:39 | i 39 | [ ASYNC BG] bg_ails  65.68s / 60.00s / 109.5%
16:24:40 | i 40 | [HAOS ROLL] k=8  λ=0.2  vb  kmedoids  ails2  P≈0.000977
16:24:40 | i 40 | [ Summary ] cost=212269.00  Δ_S*=+1.01%  Δ_BKS=+1.47%  Δ_S*_BKS=+0.46%  no_improve=61
16:24:40 | i 41 | [HAOS ROLL] k=6  λ=0.8  rb  kmeans  filo2  P≈0.000380
16:24:41 | i 41 | [Phase 1/3] decompose  0.93s / — / —  λ=0.8  rb kmeans
16:25:32 | i 41 | [Phase 2/3] route  51.14s / 51.06s / 100.2%  filo2  k=6
16:25:53 | i 40 | [ ASYNC BG] bg_ails  73.81s / 68.34s / 108.0%
16:25:54 | i 41 | [HAOS ROLL] k=6  λ=0.8  rb  kmeans  filo2  P≈0.000380
16:25:54 | i 41 | [ Summary ] cost=211733.00  Δ_S*=+0.75%  Δ_BKS=+1.22%  Δ_S*_BKS=+0.46%  no_improve=63
16:25:54 | i 42 | [HAOS ROLL] k=12  λ=0.2  vb  kmedoids  ails2  P≈0.001999
16:25:55 | i 42 | [Phase 1/3] decompose  1.26s / — / —  λ=0.2  vb kmedoids
16:26:49 | i 42 | [Phase 2/3] route  54.22s / 32.34s / 167.7%  ails2  k=12
16:26:59 | i 41 | [ ASYNC BG] bg_ails  65.64s / 60.00s / 109.4%
16:26:59 | i 42 | [HAOS ROLL] k=12  λ=0.2  vb  kmedoids  ails2  P≈0.001999
16:26:59 | i 42 | [ Summary ] cost=213791.00  Δ_S*=+1.73%  Δ_BKS=+2.20%  Δ_S*_BKS=+0.46%  no_improve=65
16:26:59 | i 37 | [ASYNC 1/2] sp_sc  44.37s / 720.00s / 6.2%  SP  avg_coverage=43.50/5  pool=10000
16:26:59 | i 37 | [ASYNC 2/2] standard_ails  364.53s / 360.00s / 101.3%
16:27:56 | i 37 | [ IMPROVE ] 210064.00  via standard_ails  ·  Δ_BKS=+0.42%
16:27:56 | i 43 | [HAOS ROLL] k=15  λ=0.6  vb  ac_avg  filo2  P≈0.000320
16:27:57 | i 43 | [Phase 1/3] decompose  1.25s / — / —  λ=0.6  vb ac_avg
16:28:47 | i 43 | [Phase 2/3] route  50.11s / 38.70s / 129.5%  filo2  k=15
16:28:47 | i 42 | [ ASYNC BG] bg_ails  65.68s / 60.00s / 109.5%
16:28:48 | i 43 | [HAOS ROLL] k=15  λ=0.6  vb  ac_avg  filo2  P≈0.000320
16:28:48 | i 43 | [ Summary ] cost=214323.00  Δ_S*=+2.03%  Δ_BKS=+2.45%  Δ_S*_BKS=+0.42%  no_improve=2
16:28:48 | i 44 | [HAOS ROLL] k=8  λ=0.4  rb  kmeans  ails2  P≈0.001279
16:28:49 | i 44 | [Phase 1/3] decompose  0.90s / — / —  λ=0.4  rb kmeans
16:29:31 | i 44 | [Phase 2/3] route  42.14s / 40.56s / 103.9%  ails2  k=8
16:29:53 | i 43 | [ ASYNC BG] bg_ails  65.66s / 60.00s / 109.4%
16:29:53 | i 44 | [HAOS ROLL] k=8  λ=0.4  rb  kmeans  ails2  P≈0.001279
16:29:54 | i 44 | [ Summary ] cost=210426.00  Δ_S*=+0.17%  Δ_BKS=+0.59%  Δ_S*_BKS=+0.42%  no_improve=4
16:29:54 | i 45 | [HAOS ROLL] k=12  λ=0.4  vb  ac_avg  filo2  P≈0.003019
16:29:55 | i 45 | [Phase 1/3] decompose  1.26s / — / —  λ=0.4  vb ac_avg
16:30:49 | i 45 | [Phase 2/3] route  54.15s / 42.48s / 127.5%  filo2  k=12
16:30:59 | i 44 | [ ASYNC BG] bg_ails  65.66s / 60.00s / 109.4%
16:30:59 | i 45 | [HAOS ROLL] k=12  λ=0.4  vb  ac_avg  filo2  P≈0.003019
16:30:59 | i 45 | [ Summary ] cost=214399.00  Δ_S*=+2.06%  Δ_BKS=+2.49%  Δ_S*_BKS=+0.42%  no_improve=6
16:30:59 | i 46 | [HAOS ROLL] k=3  λ=0.0  vb  ac_avg  ails2  P≈0.001202
16:31:00 | i 46 | [Phase 1/3] decompose  1.03s / — / —  λ=0.0  vb ac_avg
16:32:41 | i 46 | [Phase 2/3] route  101.35s / 99.78s / 101.6%  ails2  k=3
16:32:42 | i 45 | [ ASYNC BG] bg_ails  68.61s / 63.84s / 107.5%
16:32:42 | i 46 | [HAOS ROLL] k=3  λ=0.0  vb  ac_avg  ails2  P≈0.001202
16:32:42 | i 46 | [ Summary ] cost=210984.00  Δ_S*=+0.44%  Δ_BKS=+0.86%  Δ_S*_BKS=+0.42%  no_improve=8
16:32:42 | i 47 | [HAOS ROLL] k=6  λ=1.0  vb  kmedoids  ails2  P≈0.001832
16:32:43 | i 47 | [Phase 1/3] decompose  1.35s / — / —  λ=1.0  vb kmedoids
16:33:26 | i 47 | [Phase 2/3] route  43.09s / 41.58s / 103.6%  ails2  k=6
16:34:24 | i 46 | [ ASYNC BG] bg_ails  102.42s / 97.39s / 105.2%
16:34:24 | i 47 | [HAOS ROLL] k=6  λ=1.0  vb  kmedoids  ails2  P≈0.001832
16:34:24 | i 47 | [ Summary ] cost=212006.00  Δ_S*=+0.92%  Δ_BKS=+1.35%  Δ_S*_BKS=+0.42%  no_improve=10
16:34:24 | i 48 | [HAOS ROLL] k=6  λ=0.0  vb  kmedoids  ails2  P≈0.001559
16:34:25 | i 48 | [Phase 1/3] decompose  1.06s / — / —  λ=0.0  vb kmedoids
16:35:17 | i 48 | [Phase 2/3] route  51.34s / 49.62s / 103.5%  ails2  k=6
16:35:30 | i 47 | [ ASYNC BG] bg_ails  65.75s / 60.00s / 109.6%
16:35:30 | i 48 | [HAOS ROLL] k=6  λ=0.0  vb  kmedoids  ails2  P≈0.001559
16:35:30 | i 48 | [ Summary ] cost=211533.00  Δ_S*=+0.70%  Δ_BKS=+1.12%  Δ_S*_BKS=+0.42%  no_improve=12
16:35:30 | i 49 | [HAOS ROLL] k=2  λ=0.4  vb  kmedoids  pyvrp  P≈0.000336
16:35:32 | i 49 | [Phase 1/3] decompose  1.66s / — / —  λ=0.4  vb kmedoids
16:37:38 | i 49 | [Phase 2/3] route  126.66s / 116.04s / 109.2%  pyvrp  k=2
16:37:39 | i 48 | [ ASYNC BG] bg_ails  65.57s / 60.00s / 109.3%
16:37:39 | i 49 | [HAOS ROLL] k=2  λ=0.4  vb  kmedoids  pyvrp  P≈0.000336
16:37:39 | i 49 | [ Summary ] cost=215763.00  Δ_S*=+2.71%  Δ_BKS=+3.14%  Δ_S*_BKS=+0.42%  no_improve=14
16:37:39 | i 50 | [HAOS ROLL] k=12  λ=0.0  rb  ac_complete  filo  P≈0.000163
16:37:40 | i 50 | [Phase 1/3] decompose  0.69s / — / —  λ=0.0  rb ac_complete
16:38:28 | i 50 | [Phase 2/3] route  48.14s / 47.76s / 100.8%  filo  k=12
16:39:37 | i 49 | [ ASYNC BG] bg_ails  118.75s / 113.26s / 104.8%
16:39:38 | i 50 | [HAOS ROLL] k=12  λ=0.0  rb  ac_complete  filo  P≈0.000163
16:39:38 | i 50 | [ Summary ] cost=212349.00  Δ_S*=+1.09%  Δ_BKS=+1.51%  Δ_S*_BKS=+0.42%  no_improve=16
16:39:38 | i 51 | [HAOS ROLL] k=12  λ=0.0  vb  kmedoids  ails2  P≈0.004175
16:39:39 | i 51 | [Phase 1/3] decompose  1.06s / — / —  λ=0.0  vb kmedoids
16:40:33 | i 51 | [Phase 2/3] route  54.17s / 32.58s / 166.3%  ails2  k=12
16:40:43 | i 50 | [ ASYNC BG] bg_ails  65.56s / 60.00s / 109.3%
16:40:43 | i 51 | [HAOS ROLL] k=12  λ=0.0  vb  kmedoids  ails2  P≈0.004175
16:40:43 | i 51 | [ Summary ] cost=213824.00  Δ_S*=+1.79%  Δ_BKS=+2.21%  Δ_S*_BKS=+0.42%  no_improve=18
16:40:43 | i 52 | [HAOS ROLL] k=3  λ=0.4  vb  ac_avg  ails2  P≈0.003422
16:40:45 | i 52 | [Phase 1/3] decompose  1.27s / — / —  λ=0.4  vb ac_avg
16:42:33 | i 52 | [Phase 2/3] route  107.82s / 105.96s / 101.8%  ails2  k=3
16:42:33 | i 51 | [ ASYNC BG] bg_ails  65.50s / 60.00s / 109.2%
16:42:33 | i 52 | [HAOS ROLL] k=3  λ=0.4  vb  ac_avg  ails2  P≈0.003422
16:42:33 | i 52 | [ Summary ] cost=210968.00  Δ_S*=+0.43%  Δ_BKS=+0.85%  Δ_S*_BKS=+0.42%  no_improve=20
16:42:33 | i 53 | [HAOS ROLL] k=15  λ=0.2  rb  kmeans  filo  P≈0.000082
16:42:34 | i 53 | [Phase 1/3] decompose  0.93s / — / —  λ=0.2  rb kmeans
16:43:18 | i 53 | [Phase 2/3] route  44.14s / 23.76s / 185.8%  filo  k=15
16:44:21 | i 52 | [ ASYNC BG] bg_ails  108.79s / 103.42s / 105.2%
16:44:22 | i 53 | [HAOS ROLL] k=15  λ=0.2  rb  kmeans  filo  P≈0.000082
16:44:22 | i 53 | [ Summary ] cost=213569.00  Δ_S*=+1.67%  Δ_BKS=+2.09%  Δ_S*_BKS=+0.42%  no_improve=22
16:44:22 | i 54 | [HAOS ROLL] k=12  λ=0.2  vb  kmedoids  ails2  P≈0.004759
16:44:23 | i 54 | [Phase 1/3] decompose  1.25s / — / —  λ=0.2  vb kmedoids
16:45:17 | i 54 | [Phase 2/3] route  54.27s / 32.34s / 167.8%  ails2  k=12
16:45:27 | i 53 | [ ASYNC BG] bg_ails  65.77s / 60.00s / 109.6%
16:45:27 | i 54 | [HAOS ROLL] k=12  λ=0.2  vb  kmedoids  ails2  P≈0.004759
16:45:28 | i 54 | [ Summary ] cost=213945.00  Δ_S*=+1.85%  Δ_BKS=+2.27%  Δ_S*_BKS=+0.42%  no_improve=24
16:45:28 | i 55 | [HAOS ROLL] k=10  λ=1.0  vb  ac_complete  ails2  P≈0.000690
16:45:29 | i 55 | [Phase 1/3] decompose  1.26s / — / —  λ=1.0  vb ac_complete
16:46:17 | i 55 | [Phase 2/3] route  47.99s / 37.38s / 128.4%  ails2  k=10
16:46:33 | i 54 | [ ASYNC BG] bg_ails  65.77s / 60.00s / 109.6%
16:46:33 | i 55 | [HAOS ROLL] k=10  λ=1.0  vb  ac_complete  ails2  P≈0.000690
16:46:33 | i 55 | [ Summary ] cost=212790.00  Δ_S*=+1.30%  Δ_BKS=+1.72%  Δ_S*_BKS=+0.42%  no_improve=26
16:46:33 | i 56 | [HAOS ROLL] k=6  λ=0.0  rb  ac_complete  ails2  P≈0.001410
16:46:34 | i 56 | [Phase 1/3] decompose  0.71s / — / —  λ=0.0  rb ac_complete
16:47:30 | i 56 | [Phase 2/3] route  56.45s / 54.30s / 104.0%  ails2  k=6
16:47:39 | i 55 | [ ASYNC BG] bg_ails  65.77s / 60.00s / 109.6%
16:47:39 | i 56 | [HAOS ROLL] k=6  λ=0.0  rb  ac_complete  ails2  P≈0.001410
16:47:39 | i 56 | [ Summary ] cost=210420.00  Δ_S*=+0.17%  Δ_BKS=+0.59%  Δ_S*_BKS=+0.42%  no_improve=28
16:47:39 | i 57 | [HAOS ROLL] k=10  λ=0.4  rb  ac_complete  ails2  P≈0.001726
16:47:40 | i 57 | [Phase 1/3] decompose  0.92s / — / —  λ=0.4  rb ac_complete
16:48:29 | i 57 | [Phase 2/3] route  49.41s / 47.76s / 103.4%  ails2  k=10
16:48:44 | i 56 | [ ASYNC BG] bg_ails  65.56s / 60.00s / 109.3%
16:48:45 | i 57 | [HAOS ROLL] k=10  λ=0.4  rb  ac_complete  ails2  P≈0.001726
16:48:45 | i 57 | [ Summary ] cost=210293.00  Δ_S*=+0.11%  Δ_BKS=+0.53%  Δ_S*_BKS=+0.42%  no_improve=30
16:48:45 | i 51 | [ASYNC 1/2] sp_sc  68.20s / 720.00s / 9.5%  SP  avg_coverage=42.75/5  pool=10000
16:48:45 | i 51 | [ASYNC 2/2] standard_ails  364.55s / 360.00s / 101.3%
16:49:42 | i 58 | [HAOS ROLL] k=15  λ=0.0  vb  kmeans  filo2  P≈0.000205
16:49:43 | i 58 | [Phase 1/3] decompose  0.68s / — / —  λ=0.0  vb kmeans
16:50:24 | i 58 | [Phase 2/3] route  41.12s / 23.94s / 171.7%  filo2  k=15
16:50:24 | i 57 | [ ASYNC BG] bg_ails  74.74s / 69.94s / 106.9%
16:50:24 | i 58 | [HAOS ROLL] k=15  λ=0.0  vb  kmeans  filo2  P≈0.000205
16:50:24 | i 58 | [ Summary ] cost=214184.00  Δ_S*=+1.96%  Δ_BKS=+2.39%  Δ_S*_BKS=+0.42%  no_improve=33
16:50:24 | i 59 | [HAOS ROLL] k=12  λ=0.0  vb  kmeans  ails2  P≈0.002190
16:50:25 | i 59 | [Phase 1/3] decompose  0.68s / — / —  λ=0.0  vb kmeans
16:51:13 | i 59 | [Phase 2/3] route  47.97s / 34.92s / 137.4%  ails2  k=12
16:51:29 | i 58 | [ ASYNC BG] bg_ails  65.54s / 60.00s / 109.2%
16:51:30 | i 59 | [HAOS ROLL] k=12  λ=0.0  vb  kmeans  ails2  P≈0.002190
16:51:30 | i 59 | [ Summary ] cost=213728.00  Δ_S*=+1.74%  Δ_BKS=+2.17%  Δ_S*_BKS=+0.42%  no_improve=35
16:51:30 | i 60 | [HAOS ROLL] k=8  λ=0.2  vb  fcm  ails2  P≈0.000746
16:51:31 | i 60 | [Phase 1/3] decompose  1.14s / — / —  λ=0.2  vb fcm
16:52:27 | i 60 | [Phase 2/3] route  56.26s / 36.30s / 155.0%  ails2  k=8
16:52:35 | i 59 | [ ASYNC BG] bg_ails  65.52s / 60.00s / 109.2%
16:52:35 | i 60 | [HAOS ROLL] k=8  λ=0.2  vb  fcm  ails2  P≈0.000746
16:52:35 | i 60 | [ Summary ] cost=212162.00  Δ_S*=+1.00%  Δ_BKS=+1.42%  Δ_S*_BKS=+0.42%  no_improve=37
16:52:35 | i 61 | [HAOS ROLL] k=12  λ=0.8  rb  ac_avg  ails2  P≈0.001787
16:52:36 | i 61 | [Phase 1/3] decompose  0.92s / — / —  λ=0.8  rb ac_avg
16:53:22 | i 61 | [Phase 2/3] route  46.06s / 36.06s / 127.7%  ails2  k=12
16:53:41 | i 60 | [ ASYNC BG] bg_ails  65.50s / 60.22s / 108.8%
16:53:41 | i 61 | [HAOS ROLL] k=12  λ=0.8  rb  ac_avg  ails2  P≈0.001787
16:53:41 | i 61 | [ Summary ] cost=210169.00  Δ_S*=+0.05%  Δ_BKS=+0.47%  Δ_S*_BKS=+0.42%  no_improve=39
16:53:41 | i 62 | [HAOS ROLL] k=6  λ=0.6  rb  ac_avg  ails2  P≈0.001207
16:53:42 | i 62 | [Phase 1/3] decompose  0.90s / — / —  λ=0.6  rb ac_avg
16:54:55 | i 62 | [Phase 2/3] route  73.12s / 70.32s / 104.0%  ails2  k=6
16:54:55 | i 61 | [ ASYNC BG] bg_ails  65.73s / 60.58s / 108.5%
16:54:55 | i 62 | [HAOS ROLL] k=6  λ=0.6  rb  ac_avg  ails2  P≈0.001207
16:54:56 | i 62 | [ Summary ] cost=210273.00  Δ_S*=+0.10%  Δ_BKS=+0.52%  Δ_S*_BKS=+0.42%  no_improve=41
16:54:56 | i 63 | [HAOS ROLL] k=12  λ=0.0  vb  fcm  ails2  P≈0.004283
16:54:57 | i 63 | [Phase 1/3] decompose  1.18s / — / —  λ=0.0  vb fcm
16:55:40 | i 63 | [Phase 2/3] route  42.93s / 27.72s / 154.9%  ails2  k=12
16:56:09 | i 62 | [ ASYNC BG] bg_ails  73.78s / 68.63s / 107.5%
16:56:09 | i 63 | [HAOS ROLL] k=12  λ=0.0  vb  fcm  ails2  P≈0.004283
16:56:09 | i 63 | [ Summary ] cost=214086.00  Δ_S*=+1.91%  Δ_BKS=+2.34%  Δ_S*_BKS=+0.42%  no_improve=43
16:56:09 | i 64 | [HAOS ROLL] k=12  λ=0.6  vb  kmeans  ails2  P≈0.001767
16:56:10 | i 64 | [Phase 1/3] decompose  0.91s / — / —  λ=0.6  vb kmeans
16:56:53 | i 64 | [Phase 2/3] route  42.85s / 33.24s / 128.9%  ails2  k=12
16:57:14 | i 63 | [ ASYNC BG] bg_ails  65.47s / 60.00s / 109.1%
16:57:15 | i 64 | [HAOS ROLL] k=12  λ=0.6  vb  kmeans  ails2  P≈0.001767
16:57:15 | i 64 | [ Summary ] cost=214625.00  Δ_S*=+2.17%  Δ_BKS=+2.60%  Δ_S*_BKS=+0.42%  no_improve=45
16:57:15 | i 65 | [HAOS ROLL] k=3  λ=0.0  vb  ac_avg  filo2  P≈0.000418
16:57:16 | i 65 | [Phase 1/3] decompose  1.06s / — / —  λ=0.0  vb ac_avg
16:58:56 | i 65 | [Phase 2/3] route  100.25s / 99.78s / 100.5%  filo2  k=3
16:58:56 | i 64 | [ ASYNC BG] bg_ails  65.77s / 60.00s / 109.6%
16:58:57 | i 65 | [HAOS ROLL] k=3  λ=0.0  vb  ac_avg  filo2  P≈0.000418
16:58:57 | i 65 | [ Summary ] cost=211498.00  Δ_S*=+0.68%  Δ_BKS=+1.10%  Δ_S*_BKS=+0.42%  no_improve=47
16:58:57 | i 66 | [HAOS ROLL] k=6  λ=0.4  vb  kmedoids  ails2  P≈0.004547
16:58:58 | i 66 | [Phase 1/3] decompose  1.26s / — / —  λ=0.4  vb kmedoids
16:59:48 | i 66 | [Phase 2/3] route  50.23s / 48.90s / 102.7%  ails2  k=6
17:00:39 | i 65 | [ ASYNC BG] bg_ails  102.52s / 97.39s / 105.3%
17:00:39 | i 66 | [HAOS ROLL] k=6  λ=0.4  vb  kmedoids  ails2  P≈0.004547
17:00:39 | i 66 | [ Summary ] cost=212235.00  Δ_S*=+1.03%  Δ_BKS=+1.46%  Δ_S*_BKS=+0.42%  no_improve=49
17:00:39 | i 67 | [HAOS ROLL] k=12  λ=1.0  vb  fcm  pyvrp  P≈0.000401
17:00:40 | i 67 | [Phase 1/3] decompose  1.21s / — / —  λ=1.0  vb fcm
17:01:22 | i 67 | [Phase 2/3] route  41.67s / 26.16s / 159.3%  pyvrp  k=12
17:01:44 | i 66 | [ ASYNC BG] bg_ails  65.55s / 60.00s / 109.3%
17:01:45 | i 67 | [HAOS ROLL] k=12  λ=1.0  vb  fcm  pyvrp  P≈0.000401
17:01:45 | i 67 | [ Summary ] cost=216194.00  Δ_S*=+2.92%  Δ_BKS=+3.35%  Δ_S*_BKS=+0.42%  no_improve=51
17:01:45 | i 68 | [HAOS ROLL] k=6  λ=0.0  rb  ac_complete  filo  P≈0.000644
17:01:46 | i 68 | [Phase 1/3] decompose  0.69s / — / —  λ=0.0  rb ac_complete
17:02:40 | i 68 | [Phase 2/3] route  54.24s / 54.30s / 99.9%  filo  k=6
17:02:50 | i 67 | [ ASYNC BG] bg_ails  65.82s / 60.00s / 109.7%
17:02:50 | i 68 | [HAOS ROLL] k=6  λ=0.0  rb  ac_complete  filo  P≈0.000644
17:02:51 | i 68 | [ Summary ] cost=211855.00  Δ_S*=+0.85%  Δ_BKS=+1.27%  Δ_S*_BKS=+0.42%  no_improve=53
17:02:51 | i 69 | [HAOS ROLL] k=12  λ=0.0  vb  fcm  ails2  P≈0.007146
17:02:53 | i 69 | [Phase 1/3] decompose  2.11s / — / —  λ=0.0  vb fcm
17:03:36 | i 69 | [Phase 2/3] route  43.13s / 27.72s / 155.6%  ails2  k=12
17:03:56 | i 68 | [ ASYNC BG] bg_ails  65.52s / 60.00s / 109.2%
17:03:56 | i 69 | [HAOS ROLL] k=12  λ=0.0  vb  fcm  ails2  P≈0.007146
17:03:56 | i 69 | [ Summary ] cost=214180.00  Δ_S*=+1.96%  Δ_BKS=+2.38%  Δ_S*_BKS=+0.42%  no_improve=55
17:03:56 | i 70 | [HAOS ROLL] k=10  λ=0.4  rb  ac_complete  ails2  P≈0.001285
17:03:57 | i 70 | [Phase 1/3] decompose  1.04s / — / —  λ=0.4  rb ac_complete
17:04:47 | i 70 | [Phase 2/3] route  49.42s / 47.76s / 103.5%  ails2  k=10
17:05:01 | i 69 | [ ASYNC BG] bg_ails  65.64s / 60.00s / 109.4%
17:05:02 | i 70 | [HAOS ROLL] k=10  λ=0.4  rb  ac_complete  ails2  P≈0.001285
17:05:02 | i 70 | [ Summary ] cost=210873.00  Δ_S*=+0.39%  Δ_BKS=+0.80%  Δ_S*_BKS=+0.42%  no_improve=57
17:05:02 | i 71 | [HAOS ROLL] k=12  λ=0.8  vb  ac_avg  ails2  P≈0.002096
17:05:03 | i 71 | [Phase 1/3] decompose  1.28s / — / —  λ=0.8  vb ac_avg
17:05:52 | i 71 | [Phase 2/3] route  49.31s / 43.56s / 113.2%  ails2  k=12
17:06:16 | i 70 | [ ASYNC BG] bg_ails  74.76s / 69.94s / 106.9%
17:06:16 | i 71 | [HAOS ROLL] k=12  λ=0.8  vb  ac_avg  ails2  P≈0.002096
17:06:16 | i 71 | [ Summary ] cost=212633.00  Δ_S*=+1.22%  Δ_BKS=+1.65%  Δ_S*_BKS=+0.42%  no_improve=59
17:06:16 | i 72 | [HAOS ROLL] k=12  λ=0.4  rb  ac_complete  ails2  P≈0.009026
17:06:17 | i 72 | [Phase 1/3] decompose  0.93s / — / —  λ=0.4  rb ac_complete
17:07:07 | i 72 | [Phase 2/3] route  49.33s / 47.76s / 103.3%  ails2  k=12
17:07:26 | i 71 | [ ASYNC BG] bg_ails  69.70s / 64.36s / 108.3%
17:07:26 | i 72 | [HAOS ROLL] k=12  λ=0.4  rb  ac_complete  ails2  P≈0.009026
17:07:26 | i 72 | [ Summary ] cost=210218.00  Δ_S*=+0.07%  Δ_BKS=+0.49%  Δ_S*_BKS=+0.42%  no_improve=61
17:07:26 | i 73 | [HAOS ROLL] k=12  λ=0.8  vb  kmeans  ails2  P≈0.002397
17:07:27 | i 73 | [Phase 1/3] decompose  0.93s / — / —  λ=0.8  vb kmeans
17:08:10 | i 73 | [Phase 2/3] route  43.17s / 33.66s / 128.2%  ails2  k=12
17:08:32 | i 72 | [ ASYNC BG] bg_ails  65.74s / 60.00s / 109.6%
17:08:32 | i 73 | [HAOS ROLL] k=12  λ=0.8  vb  kmeans  ails2  P≈0.002397
17:08:32 | i 73 | [ Summary ] cost=213711.00  Δ_S*=+1.74%  Δ_BKS=+2.16%  Δ_S*_BKS=+0.42%  no_improve=63
17:08:32 | i 74 | [HAOS ROLL] k=3  λ=1.0  vb  ac_avg  filo  P≈0.000156
17:08:33 | i 74 | [Phase 1/3] decompose  1.28s / — / —  λ=1.0  vb ac_avg
17:10:37 | i 74 | [Phase 2/3] route  123.32s / 122.70s / 100.5%  filo  k=3
17:10:37 | i 73 | [ ASYNC BG] bg_ails  65.62s / 60.00s / 109.4%
17:10:37 | i 74 | [HAOS ROLL] k=3  λ=1.0  vb  ac_avg  filo  P≈0.000156
17:10:37 | i 74 | [ Summary ] cost=211674.00  Δ_S*=+0.77%  Δ_BKS=+1.19%  Δ_S*_BKS=+0.42%  no_improve=65
17:10:37 | i 67 | [ASYNC 1/2] sp_sc  79.00s / 720.00s / 11.0%  SP  avg_coverage=42.68/5  pool=10000
17:10:37 | i 67 | [ASYNC 2/2] standard_ails  364.61s / 360.00s / 101.3%
17:11:34 | i 67 | [ IMPROVE ] 210003.00  via standard_ails  ·  Δ_BKS=+0.39%
17:11:34 | i 75 | [HAOS ROLL] k=12  λ=0.6  vb  kmedoids  filo  P≈0.000430
17:11:36 | i 75 | [Phase 1/3] decompose  1.21s / — / —  λ=0.6  vb kmedoids
17:12:28 | i 75 | [Phase 2/3] route  52.13s / 31.20s / 167.1%  filo  k=12
17:12:41 | i 74 | [ ASYNC BG] bg_ails  124.76s / 119.76s / 104.2%
17:12:42 | i 75 | [HAOS ROLL] k=12  λ=0.6  vb  kmedoids  filo  P≈0.000430
17:12:42 | i 75 | [ Summary ] cost=214909.00  Δ_S*=+2.34%  Δ_BKS=+2.73%  Δ_S*_BKS=+0.39%  no_improve=2
17:12:42 | i 76 | [HAOS ROLL] k=12  λ=0.4  rb  ac_avg  filo  P≈0.002580
17:12:43 | i 76 | [Phase 1/3] decompose  0.90s / — / —  λ=0.4  rb ac_avg
17:13:28 | i 76 | [Phase 2/3] route  45.13s / 45.48s / 99.2%  filo  k=12
17:13:47 | i 75 | [ ASYNC BG] bg_ails  65.74s / 60.00s / 109.6%
17:13:47 | i 76 | [HAOS ROLL] k=12  λ=0.4  rb  ac_avg  filo  P≈0.002580
17:13:48 | i 76 | [ Summary ] cost=213126.00  Δ_S*=+1.49%  Δ_BKS=+1.88%  Δ_S*_BKS=+0.39%  no_improve=4
17:13:48 | i 77 | [HAOS ROLL] k=12  λ=0.0  rb  ac_avg  filo2  P≈0.003583
17:13:48 | i 77 | [Phase 1/3] decompose  0.68s / — / —  λ=0.0  rb ac_avg
17:14:33 | i 77 | [Phase 2/3] route  45.14s / 45.48s / 99.2%  filo2  k=12
17:14:55 | i 76 | [ ASYNC BG] bg_ails  67.79s / 62.86s / 107.8%
17:14:55 | i 77 | [HAOS ROLL] k=12  λ=0.0  rb  ac_avg  filo2  P≈0.003583
17:14:55 | i 77 | [ Summary ] cost=212163.00  Δ_S*=+1.03%  Δ_BKS=+1.42%  Δ_S*_BKS=+0.39%  no_improve=6
17:14:55 | i 78 | [HAOS ROLL] k=10  λ=0.2  vb  ac_avg  filo  P≈0.000108
17:14:57 | i 78 | [Phase 1/3] decompose  1.23s / — / —  λ=0.2  vb ac_avg
17:15:42 | i 78 | [Phase 2/3] route  45.13s / 44.82s / 100.7%  filo  k=10
17:16:02 | i 77 | [ ASYNC BG] bg_ails  67.60s / 62.86s / 107.5%
17:16:03 | i 78 | [HAOS ROLL] k=10  λ=0.2  vb  ac_avg  filo  P≈0.000108
17:16:03 | i 78 | [ Summary ] cost=213844.00  Δ_S*=+1.83%  Δ_BKS=+2.22%  Δ_S*_BKS=+0.39%  no_improve=8
17:16:03 | i 79 | [HAOS ROLL] k=12  λ=0.4  vb  kmeans  ails2  P≈0.005221
17:16:04 | i 79 | [Phase 1/3] decompose  0.91s / — / —  λ=0.4  vb kmeans
17:16:56 | i 79 | [Phase 2/3] route  52.06s / 27.36s / 190.3%  ails2  k=12
17:17:08 | i 78 | [ ASYNC BG] bg_ails  65.75s / 60.58s / 108.5%
17:17:09 | i 79 | [HAOS ROLL] k=12  λ=0.4  vb  kmeans  ails2  P≈0.005221
17:17:09 | i 79 | [ Summary ] cost=212968.00  Δ_S*=+1.41%  Δ_BKS=+1.81%  Δ_S*_BKS=+0.39%  no_improve=10
17:17:09 | i 80 | [HAOS ROLL] k=12  λ=0.4  vb  fcm  ails2  P≈0.009709
17:17:10 | i 80 | [Phase 1/3] decompose  1.19s / — / —  λ=0.4  vb fcm
17:17:59 | i 80 | [Phase 2/3] route  48.95s / 26.46s / 185.0%  ails2  k=12
17:18:14 | i 79 | [ ASYNC BG] bg_ails  65.81s / 60.00s / 109.7%
17:18:14 | i 80 | [HAOS ROLL] k=12  λ=0.4  vb  fcm  ails2  P≈0.009709
17:18:15 | i 80 | [ Summary ] cost=213356.00  Δ_S*=+1.60%  Δ_BKS=+1.99%  Δ_S*_BKS=+0.39%  no_improve=12
17:18:15 | i 81 | [HAOS ROLL] k=12  λ=0.0  vb  kmedoids  ails2  P≈0.004052
17:18:16 | i 81 | [Phase 1/3] decompose  1.12s / — / —  λ=0.0  vb kmedoids
17:19:10 | i 81 | [Phase 2/3] route  54.09s / 32.58s / 166.0%  ails2  k=12
17:19:20 | i 80 | [ ASYNC BG] bg_ails  65.70s / 60.00s / 109.5%
17:19:20 | i 81 | [HAOS ROLL] k=12  λ=0.0  vb  kmedoids  ails2  P≈0.004052
17:19:20 | i 81 | [ Summary ] cost=213874.00  Δ_S*=+1.84%  Δ_BKS=+2.24%  Δ_S*_BKS=+0.39%  no_improve=14
17:19:20 | i 82 | [HAOS ROLL] k=8  λ=1.0  rb  ac_avg  filo  P≈0.000402
17:19:21 | i 82 | [Phase 1/3] decompose  0.91s / — / —  λ=1.0  rb ac_avg
17:20:10 | i 82 | [Phase 2/3] route  48.41s / 45.48s / 106.4%  filo  k=8
17:20:25 | i 81 | [ ASYNC BG] bg_ails  65.51s / 60.00s / 109.2%
17:20:26 | i 82 | [HAOS ROLL] k=8  λ=1.0  rb  ac_avg  filo  P≈0.000402
17:20:26 | i 82 | [ Summary ] cost=212269.00  Δ_S*=+1.08%  Δ_BKS=+1.47%  Δ_S*_BKS=+0.39%  no_improve=16
17:20:26 | i 83 | [HAOS ROLL] k=12  λ=0.0  vb  ac_complete  ails2  P≈0.002708
17:20:27 | i 83 | [Phase 1/3] decompose  1.02s / — / —  λ=0.0  vb ac_complete
17:21:09 | i 83 | [Phase 2/3] route  42.01s / 39.72s / 105.8%  ails2  k=12
17:21:44 | i 82 | [ ASYNC BG] bg_ails  78.72s / 73.61s / 106.9%
17:21:44 | i 83 | [HAOS ROLL] k=12  λ=0.0  vb  ac_complete  ails2  P≈0.002708
17:21:44 | i 83 | [ Summary ] cost=213222.00  Δ_S*=+1.53%  Δ_BKS=+1.93%  Δ_S*_BKS=+0.39%  no_improve=18
17:21:44 | i 84 | [HAOS ROLL] k=6  λ=0.0  rb  ac_avg  ails2  P≈0.005587
17:21:45 | i 84 | [Phase 1/3] decompose  0.70s / — / —  λ=0.0  rb ac_avg
17:23:06 | i 84 | [Phase 2/3] route  80.99s / 78.18s / 103.6%  ails2  k=6
17:23:06 | i 83 | [ ASYNC BG] bg_ails  65.54s / 60.00s / 109.2%
17:23:07 | i 84 | [HAOS ROLL] k=6  λ=0.0  rb  ac_avg  ails2  P≈0.005587
17:23:07 | i 84 | [ Summary ] cost=210390.00  Δ_S*=+0.18%  Δ_BKS=+0.57%  Δ_S*_BKS=+0.39%  no_improve=20
17:23:07 | i 85 | [HAOS ROLL] k=12  λ=1.0  vb  fcm  filo  P≈0.001947
17:23:08 | i 85 | [Phase 1/3] decompose  1.51s / — / —  λ=1.0  vb fcm
17:23:55 | i 85 | [Phase 2/3] route  47.15s / 27.72s / 170.1%  filo  k=12
17:24:28 | i 84 | [ ASYNC BG] bg_ails  81.58s / 76.30s / 106.9%
17:24:28 | i 85 | [HAOS ROLL] k=12  λ=1.0  vb  fcm  filo  P≈0.001947
17:24:28 | i 85 | [ Summary ] cost=214406.00  Δ_S*=+2.10%  Δ_BKS=+2.49%  Δ_S*_BKS=+0.39%  no_improve=22
17:24:28 | i 86 | [HAOS ROLL] k=12  λ=0.4  vb  fcm  ails2  P≈0.010969
17:24:30 | i 86 | [Phase 1/3] decompose  2.05s / — / —  λ=0.4  vb fcm
17:25:15 | i 86 | [Phase 2/3] route  45.25s / 27.66s / 163.6%  ails2  k=12
17:25:33 | i 85 | [ ASYNC BG] bg_ails  65.65s / 60.00s / 109.4%
17:25:34 | i 86 | [HAOS ROLL] k=12  λ=0.4  vb  fcm  ails2  P≈0.010969
17:25:34 | i 86 | [ Summary ] cost=214889.00  Δ_S*=+2.33%  Δ_BKS=+2.72%  Δ_S*_BKS=+0.39%  no_improve=24
17:25:34 | i 87 | [HAOS ROLL] k=3  λ=1.0  rb  ac_avg  filo2  P≈0.000455
17:25:35 | i 87 | [Phase 1/3] decompose  0.92s / — / —  λ=1.0  rb ac_avg
17:27:25 | i 87 | [Phase 2/3] route  110.30s / 109.92s / 100.3%  filo2  k=3
17:27:25 | i 86 | [ ASYNC BG] bg_ails  65.71s / 60.00s / 109.5%
17:27:25 | i 87 | [HAOS ROLL] k=3  λ=1.0  rb  ac_avg  filo2  P≈0.000455
17:27:25 | i 87 | [ Summary ] cost=211175.00  Δ_S*=+0.56%  Δ_BKS=+0.95%  Δ_S*_BKS=+0.39%  no_improve=26
17:27:25 | i 88 | [HAOS ROLL] k=12  λ=0.6  vb  fcm  ails2  P≈0.004666
17:27:27 | i 88 | [Phase 1/3] decompose  1.45s / — / —  λ=0.6  vb fcm
17:28:09 | i 88 | [Phase 2/3] route  42.10s / 26.16s / 160.9%  ails2  k=12
17:29:18 | i 87 | [ ASYNC BG] bg_ails  112.70s / 107.28s / 105.0%
17:29:18 | i 88 | [HAOS ROLL] k=12  λ=0.6  vb  fcm  ails2  P≈0.004666
17:29:18 | i 88 | [ Summary ] cost=213575.00  Δ_S*=+1.70%  Δ_BKS=+2.10%  Δ_S*_BKS=+0.39%  no_improve=28
17:29:18 | i 89 | [HAOS ROLL] k=12  λ=0.0  vb  kmeans  ails2  P≈0.004413
17:29:19 | i 89 | [Phase 1/3] decompose  0.69s / — / —  λ=0.0  vb kmeans
17:30:11 | i 89 | [Phase 2/3] route  51.96s / 28.44s / 182.7%  ails2  k=12
17:30:11 | i 89 | [HAOS ROLL] k=12  λ=0.0  vb  kmeans  ails2  P≈0.004413
17:30:11 | i 89 | [ Summary ] cost=214031.00  Δ_S*=+1.92%  Δ_BKS=+2.31%  Δ_S*_BKS=+0.39%  no_improve=29
17:30:11 | i — | [  FINAL  ] async BG-AILS totals launched=87 applied=87 adopted=2 launch_skipped_cap=2 crashes=0 discarded_in_flight=False block_wait_total_s=1504.6
17:30:41 | i — | [  FINAL  ] async SP/SC totals invocations=6 adopted=3 skipped=0 discarded_in_flight=True sp_busy_frac=0.4763028220374658
17:30:41 | i — | [  FINAL  ] ════════════════════════════════════════
17:30:41 | i — | [  FINAL  ] Run complete  iterations=89  elapsed=02:01:00  best=210003.00
17:30:41 | i — | [  FINAL  ] Δ_BKS=+0.39%  no_improve_stop=False  time_stop=True  cancelled=False
17:30:41 | i — | [  FINAL  ] 
17:30:41 | i — | [  FINAL  ] [BEST SOLUTION — HAOS TAG SUMMARY]
17:30:41 | i — | [  FINAL  ] ────────────────────────────────────────
17:30:41 | i — | [  FINAL  ]   4 routes  vb  fcm  k=12  λ=0.0  solver=ails2
17:30:41 | i — | [  FINAL  ]   3 routes  vb  ac_avg  k=12  λ=0.8  solver=ails2
17:30:41 | i — | [  FINAL  ]   2 routes  rb  ac_avg  k=6  λ=0.6  solver=ails2
17:30:41 | i — | [  FINAL  ]   2 routes  rb  ac_complete  k=10  λ=0.4  solver=ails2
17:30:41 | i — | [  FINAL  ]   1 routes  rb  ac_complete  k=12  λ=0.4  solver=filo
17:30:41 | i — | [  FINAL  ]   1 routes  vb  kmedoids  k=12  λ=1.0  solver=filo2
17:30:41 | i — | [  FINAL  ]   1 routes  vb  kmeans  k=12  λ=0.0  solver=ails2
17:30:41 | i — | [  FINAL  ]   1 routes  vb  fcm  k=6  λ=0.4  solver=filo2
17:30:41 | i — | [  FINAL  ]   1 routes  rb  ac_complete  k=12  λ=0.4  solver=ails2
17:30:41 | i — | [  FINAL  ]   1 routes  vb  fcm  k=12  λ=1.0  solver=pyvrp
17:30:41 | i — | [  FINAL  ]   1 routes  vb  kmeans  k=12  λ=0.6  solver=ails2
17:30:41 | i — | [  FINAL  ]   1 routes  vb  ac_complete  k=6  λ=0.8  solver=filo
17:30:41 | i — | [  FINAL  ]   1 routes  vb  ac_avg  k=3  λ=0.0  solver=filo2
17:30:41 | i — | [  FINAL  ]   210 routes  post-SP/SC improvement
17:30:41 | i — | [  FINAL  ] 
17:30:41 | i — | [  FINAL  ] [ROUTE POOL — HAOS TAG SUMMARY]
17:30:41 | i — | [  FINAL  ] ────────────────────────────────────────
17:30:41 | i — | [  FINAL  ]   854 routes  vb  fcm  k=12  λ=0.4  solver=ails2
17:30:41 | i — | [  FINAL  ]   466 routes  vb  kmedoids  k=12  λ=0.0  solver=ails2
17:30:41 | i — | [  FINAL  ]   440 routes  vb  kmedoids  k=12  λ=0.6  solver=filo
17:30:41 | i — | [  FINAL  ]   434 routes  vb  ac_avg  k=10  λ=0.2  solver=filo
17:30:41 | i — | [  FINAL  ]   432 routes  vb  ac_complete  k=12  λ=0.0  solver=ails2
17:30:41 | i — | [  FINAL  ]   430 routes  vb  fcm  k=12  λ=1.0  solver=filo
17:30:41 | i — | [  FINAL  ]   429 routes  vb  kmeans  k=12  λ=0.4  solver=ails2
17:30:41 | i — | [  FINAL  ]   418 routes  rb  ac_avg  k=3  λ=1.0  solver=filo2
17:30:41 | i — | [  FINAL  ]   408 routes  rb  ac_avg  k=8  λ=1.0  solver=filo
17:30:41 | i — | [  FINAL  ]   407 routes  rb  ac_avg  k=12  λ=0.4  solver=filo
17:30:41 | i — | [  FINAL  ]   386 routes  rb  ac_avg  k=12  λ=0.0  solver=filo2
17:30:41 | i — | [  FINAL  ]   376 routes  vb  kmeans  k=12  λ=0.0  solver=ails2
17:30:41 | i — | [  FINAL  ]   221 routes  rb  ac_avg  k=6  λ=0.0  solver=ails2
17:30:41 | i — | [  FINAL  ]   221 routes  vb  fcm  k=12  λ=0.6  solver=ails2
17:30:41 | i — | [  FINAL  ]   219 routes  vb  ac_avg  k=3  λ=1.0  solver=filo
17:30:41 | i — | [  FINAL  ]   172 routes  vb  kmeans  k=15  λ=0.0  solver=filo2
17:30:41 | i — | [  FINAL  ]   165 routes  vb  ac_avg  k=3  λ=0.0  solver=filo2
17:30:41 | i — | [  FINAL  ]   153 routes  vb  kmeans  k=12  λ=0.6  solver=ails2
17:30:41 | i — | [  FINAL  ]   150 routes  vb  kmedoids  k=6  λ=0.4  solver=ails2
17:30:41 | i — | [  FINAL  ]   148 routes  vb  fcm  k=12  λ=0.0  solver=ails2
17:30:41 | i — | [  FINAL  ]   140 routes  vb  fcm  k=8  λ=0.2  solver=ails2
17:30:41 | i — | [  FINAL  ]   133 routes  vb  fcm  k=12  λ=1.0  solver=pyvrp
17:30:41 | i — | [  FINAL  ]   116 routes  vb  kmedoids  k=2  λ=0.4  solver=pyvrp
17:30:41 | i — | [  FINAL  ]   112 routes  vb  fcm  k=6  λ=0.0  solver=pyvrp
17:30:41 | i — | [  FINAL  ]   107 routes  rb  ac_avg  k=12  λ=0.8  solver=ails2
17:30:41 | i — | [  FINAL  ]   104 routes  vb  ac_avg  k=4  λ=1.0  solver=pyvrp
17:30:41 | i — | [  FINAL  ]   103 routes  vb  fcm  k=8  λ=0.4  solver=ails2
17:30:41 | i — | [  FINAL  ]   100 routes  vb  ac_avg  k=3  λ=0.6  solver=pyvrp
17:30:41 | i — | [  FINAL  ]   93 routes  vb  ac_avg  k=15  λ=0.6  solver=filo2
17:30:41 | i — | [  FINAL  ]   91 routes  vb  kmedoids  k=6  λ=1.0  solver=ails2
17:30:41 | i — | [  FINAL  ]   84 routes  vb  ac_avg  k=12  λ=0.4  solver=filo2
17:30:41 | i — | [  FINAL  ]   75 routes  rb  ac_complete  k=12  λ=0.0  solver=filo
17:30:41 | i — | [  FINAL  ]   68 routes  vb  kmedoids  k=6  λ=0.0  solver=ails2
17:30:41 | i — | [  FINAL  ]   66 routes  vb  kmeans  k=6  λ=0.4  solver=filo2
17:30:41 | i — | [  FINAL  ]   65 routes  vb  ac_complete  k=6  λ=0.2  solver=filo
17:30:41 | i — | [  FINAL  ]   65 routes  rb  ac_complete  k=4  λ=1.0  solver=filo
17:30:41 | i — | [  FINAL  ]   64 routes  vb  kmeans  k=6  λ=0.4  solver=filo
17:30:41 | i — | [  FINAL  ]   64 routes  vb  fcm  k=6  λ=0.4  solver=filo2
17:30:41 | i — | [  FINAL  ]   62 routes  rb  ac_complete  k=12  λ=0.4  solver=filo
17:30:41 | i — | [  FINAL  ]   61 routes  vb  fcm  k=12  λ=1.0  solver=filo2
17:30:41 | i — | [  FINAL  ]   61 routes  vb  ac_avg  k=3  λ=0.0  solver=ails2
17:30:41 | i — | [  FINAL  ]   60 routes  vb  kmedoids  k=8  λ=0.4  solver=filo2
17:30:41 | i — | [  FINAL  ]   59 routes  vb  ac_complete  k=12  λ=1.0  solver=ails2
17:30:41 | i — | [  FINAL  ]   58 routes  vb  ac_complete  k=8  λ=1.0  solver=ails2
17:30:41 | i — | [  FINAL  ]   57 routes  vb  ac_complete  k=6  λ=0.0  solver=ails2
17:30:41 | i — | [  FINAL  ]   56 routes  vb  ac_complete  k=6  λ=0.8  solver=filo
17:30:41 | i — | [  FINAL  ]   56 routes  rb  ac_complete  k=10  λ=0.4  solver=ails2
17:30:41 | i — | [  FINAL  ]   55 routes  vb  ac_complete  k=10  λ=0.4  solver=ails2
17:30:41 | i — | [  FINAL  ]   55 routes  vb  fcm  k=6  λ=0.0  solver=ails2
17:30:41 | i — | [  FINAL  ]   50 routes  vb  kmeans  k=3  λ=0.4  solver=ails2
17:30:41 | i — | [  FINAL  ]   50 routes  vb  ac_avg  k=4  λ=0.6  solver=ails2
17:30:41 | i — | [  FINAL  ]   49 routes  rb  ac_complete  k=12  λ=0.2  solver=filo2
17:30:41 | i — | [  FINAL  ]   48 routes  vb  fcm  k=4  λ=0.6  solver=ails2
17:30:41 | i — | [  FINAL  ]   48 routes  rb  kmeans  k=8  λ=0.4  solver=ails2
17:30:41 | i — | [  FINAL  ]   47 routes  rb  ac_avg  k=12  λ=0.4  solver=filo2
17:30:41 | i — | [  FINAL  ]   47 routes  rb  ac_avg  k=6  λ=0.6  solver=ails2
17:30:41 | i — | [  FINAL  ]   46 routes  vb  kmeans  k=4  λ=0.4  solver=ails2
17:30:41 | i — | [  FINAL  ]   29 routes  rb  kmeans  k=6  λ=0.6  solver=ails2
17:30:41 | i — | [  FINAL  ]   29 routes  vb  kmedoids  k=12  λ=0.2  solver=ails2
17:30:41 | i — | [  FINAL  ]   17 routes  vb  kmeans  k=3  λ=0.0  solver=ails2
17:30:41 | i — | [  FINAL  ]   4 routes  vb  ac_avg  k=12  λ=0.8  solver=ails2
17:30:41 | i — | [  FINAL  ]   2 routes  vb  kmeans  k=12  λ=0.8  solver=ails2
17:30:41 | i — | [  FINAL  ]   2 routes  rb  ac_complete  k=12  λ=0.4  solver=ails2
17:30:41 | i — | [  FINAL  ]   1 routes  vb  kmedoids  k=12  λ=1.0  solver=filo2
17:30:41 | i — | [  FINAL  ]   1 routes  rb  ac_complete  k=6  λ=0.0  solver=filo
17:30:41 | i — | [  FINAL  ]   311 routes  post-SP/SC improvement
17:30:41 | i — | [  FINAL  ] ════════════════════════════════════════
