10:05:01 | i — | [  INIT   ] ════════════════════════════════════════
10:05:01 | i — | [  INIT   ] DRISPI  instance=X-n2168-k138  n=2167  capacity=800
10:05:01 | i — | [  INIT   ] k domain (computed at init): [2, 3, 4, 6, 8, 10, 12]  k_ext=8  k_min=138  k_ext_bound=n_bound  spacing_rejected=0
10:05:01 | i — | [  INIT   ] ══════════════════════════════════════════════════════
10:05:01 | i — | [  INIT   ] CONFIGURATION
10:05:01 | i — | [  INIT   ] ── stopping ────────────────────────────────
10:05:01 | i — | [  INIT   ]   time_limit                  = 7200.0
10:05:01 | i — | [  INIT   ]   max_no_improve              = 1000000000
10:05:01 | i — | [  INIT   ] ── parallelism ─────────────────────────────
10:05:01 | i — | [  INIT   ]   n_workers                   = 8
10:05:01 | i — | [  INIT   ] ── cores ───────────────────────────────────
10:05:01 | i — | [  INIT   ]   cores_total                 = 8
10:05:01 | i — | [  INIT   ]   cores_dri                   = 6
10:05:01 | i — | [  INIT   ]   cores_bg                    = 1
10:05:01 | i — | [  INIT   ]   cores_sp                    = 1
10:05:01 | i — | [  INIT   ]   cores_cpu_list              = None
10:05:01 | i — | [  INIT   ] ── sp/sc ───────────────────────────────────
10:05:01 | i — | [  INIT   ]   sp_sc_mode                  = async
10:05:01 | i — | [  INIT   ]   sp_sc_trigger               = wallclock
10:05:01 | i — | [  INIT   ]   interval_minutes            = 20.0
10:05:01 | i — | [  INIT   ]   overlap_policy              = skip
10:05:01 | i — | [  INIT   ]   warmup_iterations           = 5
10:05:01 | i — | [  INIT   ]   sp_interval                 = 3
10:05:01 | i — | [  INIT   ]   min_coverage                = 5
10:05:01 | i — | [  INIT   ]   sp_time_limit               = 720.0
10:05:01 | i — | [  INIT   ]   mip_gap                     = 0.00025
10:05:01 | i — | [  INIT   ] ── decomposition ───────────────────────────
10:05:01 | i — | [  INIT   ]   decomp_k_base_arms          = [2, 3, 4, 6, 8, 10, 12]
10:05:01 | i — | [  INIT   ]   decomp_k_max_arms           = 10
10:05:01 | i — | [  INIT   ]   decomp_k_ext_per_1000       = 4
10:05:01 | i — | [  INIT   ]   decomp_k_min_routes_per_cluster= 8
10:05:01 | i — | [  INIT   ]   decomp_k_min_arm_spacing    = 2
10:05:01 | i — | [  INIT   ]   subcluster_rate_s_per_customer= 0.06
10:05:01 | i — | [  INIT   ]   subcluster_floor_s          = 5.0
10:05:01 | i — | [  INIT   ] ── bg_ails ─────────────────────────────────
10:05:01 | i — | [  INIT   ]   bg_ails_mode                = async
10:05:01 | i — | [  INIT   ]   bg_ails_crash_threshold     = 1
10:05:01 | i — | [  INIT   ]   bg_ails_budget_mode         = predicted_dr_wall
10:05:01 | i — | [  INIT   ]   bg_ails_budget_floor_s      = 60.0
10:05:01 | i — | [  INIT   ]   bg_ails_budget_margin       = 1.0
10:05:01 | i — | [  INIT   ]   bg_ails_wall_model_scale    = 0.976
10:05:01 | i — | [  INIT   ]   bg_ails_wall_model_wave_exponent= -0.18
10:05:01 | i — | [  INIT   ]   bg_ails_initial_omega       = 10
10:05:01 | i — | [  INIT   ]   bg_ails_boundary_threshold  = 0.5
10:05:01 | i — | [  INIT   ]   bg_ails_small_cluster_cap   = 20
10:05:01 | i — | [  INIT   ]   bg_ails_small_cluster_alpha = 0.5
10:05:01 | i — | [  INIT   ]   bg_ails_pair_selection      = greedy
10:05:01 | i — | [  INIT   ]   bg_ails_n_chains_mode       = k
10:05:01 | i — | [  INIT   ] ── standard_improvement ────────────────────
10:05:01 | i — | [  INIT   ]   standard_improvement_time_limit= 360.0
10:05:01 | i — | [  INIT   ] ── pool ────────────────────────────────────
10:05:01 | i — | [  INIT   ]   max_pool_size               = 10000
10:05:01 | i — | [  INIT   ]   pool_diversity_weight       = 0.5
10:05:01 | i — | [  INIT   ] ── haos ────────────────────────────────────
10:05:01 | i — | [  INIT   ]   haos_decay                  = 0.95
10:05:01 | i — | [  INIT   ]   haos_warmup                 = 10
10:05:01 | i — | [  INIT   ]   haos_starting_weight        = 10.0
10:05:01 | i — | [  INIT   ]   haos_min_weight_k           = 0.025
10:05:01 | i — | [  INIT   ]   haos_min_weight_lambda      = 0.05
10:05:01 | i — | [  INIT   ]   haos_min_weight_paradigm    = 0.1
10:05:01 | i — | [  INIT   ]   haos_min_weight_vertex_method= 0.05
10:05:01 | i — | [  INIT   ]   haos_min_weight_route_method= 0.05
10:05:01 | i — | [  INIT   ]   haos_min_weight_solver      = 0.05
10:05:01 | i — | [  INIT   ]   haos_lambda_demand_values   = [0.0, 0.2, 0.4, 0.6, 0.8, 1.0]
10:05:01 | i — | [  INIT   ]   haos_paradigm_values        = ['vertex', 'route']
10:05:01 | i — | [  INIT   ]   haos_vertex_method_values   = ['kmeans', 'agglomerative_avg', 'agglomerative_complete', 'kmedoids', 'fcm']
10:05:01 | i — | [  INIT   ]   haos_route_method_values    = ['kmeans', 'agglomerative_avg', 'agglomerative_complete']
10:05:01 | i — | [  INIT   ]   haos_solver_values          = ['pyvrp', 'filo', 'filo2', 'ails2']
10:05:01 | i — | [  INIT   ] ── haos_rewards ────────────────────────────
10:05:01 | i — | [  INIT   ]   haos_reward_new_best        = 10.0
10:05:01 | i — | [  INIT   ]   haos_reward_improvement     = 4.0
10:05:01 | i — | [  INIT   ]   haos_reward_no_improvement  = 1.0
10:05:01 | i — | [  INIT   ]   haos_reward_no_solution     = 0.0
10:05:01 | i — | [  INIT   ]   haos_deferred_new_best      = 7.0
10:05:01 | i — | [  INIT   ]   haos_deferred_improvement   = 3.0
10:05:01 | i — | [  INIT   ]   haos_deferred_no_improvement= 0.0
10:05:01 | i — | [  INIT   ] ── seed ────────────────────────────────────
10:05:01 | i — | [  INIT   ]   seed                        = 10
10:05:01 | i — | [  INIT   ] ── output ──────────────────────────────────
10:05:01 | i — | [  INIT   ]   output_dir                  = /app/artifacts/final_benchmark/runs/X-n2168-k138/seed10
10:05:01 | i — | [  INIT   ]   run_analysis                = False
10:05:01 | i — | [  INIT   ] ══════════════════════════════════════════════════════
10:05:01 | i — | [  INIT   ] BKS=127210.00
10:05:01 | i — | [  INIT   ] ════════════════════════════════════════
10:05:01 | i 1 | [HAOS ROLL] k=6  λ=0.6  vb  kmeans  filo  P≈0.000595
10:05:05 | i 1 | [Phase 1/3] decompose  4.04s / — / —  λ=0.6  vb kmeans
10:05:35 | i 1 | [Phase 2/3] route  29.35s / 29.10s / 100.8%  filo  k=6
10:05:35 | i 1 | [ IMPROVE ] 130050.00  via decompose_route  ·  Δ_BKS=+2.23%
10:05:35 | i 1 | [HAOS ROLL] k=6  λ=0.6  vb  kmeans  filo  P≈0.000595
10:05:35 | i 1 | [ Summary ] cost=130050.00  Δ_S*=+0.00%  Δ_BKS=+2.23%  Δ_S*_BKS=+2.23%  no_improve=0
10:05:35 | i 2 | [HAOS ROLL] k=3  λ=0.4  vb  ac_complete  ails2  P≈0.000595
10:05:35 | i 2 | [Phase 1/3] decompose  0.56s / — / —  λ=0.4  vb ac_complete
10:06:33 | i 2 | [Phase 2/3] route  57.70s / 56.34s / 102.4%  ails2  k=3
10:06:38 | i 1 | [ IMPROVE ] 128235.00  via bg_ails  ·  Δ_BKS=+0.81%
10:06:38 | i 1 | [ ASYNC BG] bg_ails  63.56s / 60.00s / 105.9%
10:06:38 | i 2 | [HAOS ROLL] k=3  λ=0.4  vb  ac_complete  ails2  P≈0.000595
10:06:38 | i 2 | [ Summary ] cost=128392.00  Δ_S*=+0.12%  Δ_BKS=+0.93%  Δ_S*_BKS=+0.81%  no_improve=1
10:06:38 | i 3 | [HAOS ROLL] k=2  λ=0.0  vb  ac_complete  filo  P≈0.000595
10:06:39 | i 3 | [Phase 1/3] decompose  0.44s / — / —  λ=0.0  vb ac_complete
10:07:49 | i 3 | [Phase 2/3] route  70.13s / 69.90s / 100.3%  filo  k=2
10:07:49 | i 2 | [ IMPROVE ] 128152.00  via bg_ails  ·  Δ_BKS=+0.74%
10:07:49 | i 2 | [ ASYNC BG] bg_ails  63.53s / 60.00s / 105.9%
10:07:49 | i 3 | [HAOS ROLL] k=2  λ=0.0  vb  ac_complete  filo  P≈0.000595
10:07:49 | i 3 | [ Summary ] cost=128503.00  Δ_S*=+0.27%  Δ_BKS=+1.02%  Δ_S*_BKS=+0.74%  no_improve=1
10:07:49 | i 4 | [HAOS ROLL] k=12  λ=0.6  vb  ac_avg  filo2  P≈0.000595
10:07:49 | i 4 | [Phase 1/3] decompose  0.52s / — / —  λ=0.6  vb ac_avg
10:08:13 | i 4 | [Phase 2/3] route  23.08s / 15.60s / 147.9%  filo2  k=12
10:09:00 | i 3 | [ ASYNC BG] bg_ails  71.57s / 68.22s / 104.9%
10:09:00 | i 4 | [HAOS ROLL] k=12  λ=0.6  vb  ac_avg  filo2  P≈0.000595
10:09:00 | i 4 | [ Summary ] cost=131940.00  Δ_S*=+2.96%  Δ_BKS=+3.72%  Δ_S*_BKS=+0.74%  no_improve=3
10:09:00 | i 5 | [HAOS ROLL] k=4  λ=0.6  rb  kmeans  ails2  P≈0.000992
10:09:01 | i 5 | [Phase 1/3] decompose  0.39s / — / —  λ=0.6  rb kmeans
10:09:38 | i 5 | [Phase 2/3] route  37.52s / 36.84s / 101.9%  ails2  k=4
10:10:04 | i 4 | [ ASYNC BG] bg_ails  63.58s / 60.00s / 106.0%
10:10:04 | i 5 | [ IMPROVE ] 128080.00  via decompose_route  ·  Δ_BKS=+0.68%
10:10:04 | i 5 | [HAOS ROLL] k=4  λ=0.6  rb  kmeans  ails2  P≈0.000992
10:10:04 | i 5 | [ Summary ] cost=128080.00  Δ_S*=+0.00%  Δ_BKS=+0.68%  Δ_S*_BKS=+0.68%  no_improve=0
10:10:04 | i 6 | [HAOS ROLL] k=8  λ=0.6  rb  ac_complete  ails2  P≈0.000992
10:10:05 | i 6 | [Phase 1/3] decompose  0.41s / — / —  λ=0.6  rb ac_complete
10:10:33 | i 6 | [Phase 2/3] route  28.75s / 24.30s / 118.3%  ails2  k=8
10:11:08 | i 5 | [ ASYNC BG] bg_ails  63.66s / 60.00s / 106.1%
10:11:08 | i 6 | [HAOS ROLL] k=8  λ=0.6  rb  ac_complete  ails2  P≈0.000992
10:11:08 | i 6 | [ Summary ] cost=128165.00  Δ_S*=+0.07%  Δ_BKS=+0.75%  Δ_S*_BKS=+0.68%  no_improve=2
10:11:08 | i 7 | [HAOS ROLL] k=12  λ=0.4  vb  kmeans  pyvrp  P≈0.000595
10:11:08 | i 7 | [Phase 1/3] decompose  0.38s / — / —  λ=0.4  vb kmeans
10:11:33 | i 7 | [Phase 2/3] route  25.17s / 13.80s / 182.4%  pyvrp  k=12
10:12:11 | i 6 | [ IMPROVE ] 128023.00  via bg_ails  ·  Δ_BKS=+0.64%
10:12:11 | i 6 | [ ASYNC BG] bg_ails  63.65s / 60.00s / 106.1%
10:12:11 | i 7 | [HAOS ROLL] k=12  λ=0.4  vb  kmeans  pyvrp  P≈0.000595
10:12:11 | i 7 | [ Summary ] cost=133011.00  Δ_S*=+3.90%  Δ_BKS=+4.56%  Δ_S*_BKS=+0.64%  no_improve=1
10:12:11 | i 8 | [HAOS ROLL] k=3  λ=1.0  vb  ac_avg  pyvrp  P≈0.000595
10:12:12 | i 8 | [Phase 1/3] decompose  0.52s / — / —  λ=1.0  vb ac_avg
10:13:03 | i 8 | [Phase 2/3] route  51.09s / 48.96s / 104.3%  pyvrp  k=3
10:13:15 | i 7 | [ ASYNC BG] bg_ails  63.62s / 60.00s / 106.0%
10:13:15 | i 8 | [HAOS ROLL] k=3  λ=1.0  vb  ac_avg  pyvrp  P≈0.000595
10:13:15 | i 8 | [ Summary ] cost=130471.00  Δ_S*=+1.91%  Δ_BKS=+2.56%  Δ_S*_BKS=+0.64%  no_improve=3
10:13:15 | i 9 | [HAOS ROLL] k=4  λ=1.0  vb  kmeans  filo  P≈0.000595
10:13:15 | i 9 | [Phase 1/3] decompose  0.39s / — / —  λ=1.0  vb kmeans
10:13:51 | i 9 | [Phase 2/3] route  35.08s / 34.62s / 101.3%  filo  k=4
10:14:19 | i 8 | [ ASYNC BG] bg_ails  63.64s / 60.00s / 106.1%
10:14:19 | i 9 | [HAOS ROLL] k=4  λ=1.0  vb  kmeans  filo  P≈0.000595
10:14:19 | i 9 | [ Summary ] cost=128839.00  Δ_S*=+0.64%  Δ_BKS=+1.28%  Δ_S*_BKS=+0.64%  no_improve=5
10:14:19 | i 10 | [HAOS ROLL] k=12  λ=1.0  rb  kmeans  ails2  P≈0.000992
10:14:19 | i 10 | [Phase 1/3] decompose  0.39s / — / —  λ=1.0  rb kmeans
10:14:47 | i 10 | [Phase 2/3] route  27.68s / 17.94s / 154.3%  ails2  k=12
10:15:22 | i 9 | [ ASYNC BG] bg_ails  63.70s / 60.00s / 106.2%
10:15:22 | i 10 | [ IMPROVE ] 127959.00  via decompose_route  ·  Δ_BKS=+0.59%
10:15:22 | i 10 | [HAOS ROLL] k=12  λ=1.0  rb  kmeans  ails2  P≈0.000992
10:15:22 | i 10 | [ Summary ] cost=127959.00  Δ_S*=+0.00%  Δ_BKS=+0.59%  Δ_S*_BKS=+0.59%  no_improve=0
10:15:22 | i 11 | [HAOS ROLL] k=6  λ=1.0  vb  ac_complete  filo  P≈0.000595
10:15:23 | i 11 | [Phase 1/3] decompose  0.51s / — / —  λ=1.0  vb ac_complete
10:15:57 | i 11 | [Phase 2/3] route  34.08s / 33.78s / 100.9%  filo  k=6
10:16:26 | i 10 | [ ASYNC BG] bg_ails  63.55s / 60.00s / 105.9%
10:16:26 | i 11 | [HAOS ROLL] k=6  λ=1.0  vb  ac_complete  filo  P≈0.000595
10:16:26 | i 11 | [ Summary ] cost=129745.00  Δ_S*=+1.40%  Δ_BKS=+1.99%  Δ_S*_BKS=+0.59%  no_improve=2
10:16:26 | i 12 | [HAOS ROLL] k=2  λ=0.6  rb  kmeans  pyvrp  P≈0.000946
10:16:26 | i 12 | [Phase 1/3] decompose  0.39s / — / —  λ=0.6  rb kmeans
10:17:36 | i 12 | [Phase 2/3] route  69.71s / 66.00s / 105.6%  pyvrp  k=2
10:17:36 | i 11 | [ ASYNC BG] bg_ails  63.67s / 60.00s / 106.1%
10:17:36 | i 12 | [HAOS ROLL] k=2  λ=0.6  rb  kmeans  pyvrp  P≈0.000946
10:17:36 | i 12 | [ Summary ] cost=130640.00  Δ_S*=+2.10%  Δ_BKS=+2.70%  Δ_S*_BKS=+0.59%  no_improve=4
10:17:36 | i 6 | [ASYNC 1/2] sp_sc  1.84s / 720.00s / 0.3%  SC  avg_coverage=10.28/5  pool=1410
10:17:36 | i 6 | [ASYNC 2/2] standard_ails  363.18s / 360.00s / 100.9%
10:17:40 | i 6 | [ IMPROVE ] 127862.00  via standard_ails  ·  Δ_BKS=+0.51%
10:17:40 | i 13 | [HAOS ROLL] k=6  λ=0.8  vb  ac_complete  ails2  P≈0.000947
10:17:40 | i 13 | [Phase 1/3] decompose  0.48s / — / —  λ=0.8  vb ac_complete
10:18:12 | i 13 | [Phase 2/3] route  31.73s / 30.36s / 104.5%  ails2  k=6
10:18:44 | i 12 | [ ASYNC BG] bg_ails  67.70s / 64.42s / 105.1%
10:18:44 | i 13 | [HAOS ROLL] k=6  λ=0.8  vb  ac_complete  ails2  P≈0.000947
10:18:44 | i 13 | [ Summary ] cost=129259.00  Δ_S*=+1.09%  Δ_BKS=+1.61%  Δ_S*_BKS=+0.51%  no_improve=2
10:18:44 | i 14 | [HAOS ROLL] k=6  λ=0.4  rb  ac_complete  filo2  P≈0.000762
10:18:44 | i 14 | [Phase 1/3] decompose  0.37s / — / —  λ=0.4  rb ac_complete
10:19:15 | i 14 | [Phase 2/3] route  31.08s / 30.72s / 101.2%  filo2  k=6
10:19:47 | i 13 | [ ASYNC BG] bg_ails  63.49s / 60.00s / 105.8%
10:19:47 | i 14 | [HAOS ROLL] k=6  λ=0.4  rb  ac_complete  filo2  P≈0.000762
10:19:47 | i 14 | [ Summary ] cost=128611.00  Δ_S*=+0.59%  Δ_BKS=+1.10%  Δ_S*_BKS=+0.51%  no_improve=4
10:19:47 | i 15 | [HAOS ROLL] k=3  λ=0.2  rb  ac_complete  ails2  P≈0.000701
10:19:48 | i 15 | [Phase 1/3] decompose  0.37s / — / —  λ=0.2  rb ac_complete
10:20:51 | i 15 | [Phase 2/3] route  62.86s / 61.02s / 103.0%  ails2  k=3
10:20:51 | i 14 | [ ASYNC BG] bg_ails  63.40s / 60.00s / 105.7%
10:20:51 | i 15 | [HAOS ROLL] k=3  λ=0.2  rb  ac_complete  ails2  P≈0.000701
10:20:51 | i 15 | [ Summary ] cost=127987.00  Δ_S*=+0.10%  Δ_BKS=+0.61%  Δ_S*_BKS=+0.51%  no_improve=6
10:20:51 | i 16 | [HAOS ROLL] k=6  λ=0.6  vb  kmeans  ails2  P≈0.003193
10:20:51 | i 16 | [Phase 1/3] decompose  0.37s / — / —  λ=0.6  vb kmeans
10:21:20 | i 16 | [Phase 2/3] route  28.80s / 27.54s / 104.6%  ails2  k=6
10:21:54 | i 15 | [ ASYNC BG] bg_ails  63.67s / 60.00s / 106.1%
10:21:54 | i 16 | [HAOS ROLL] k=6  λ=0.6  vb  kmeans  ails2  P≈0.003193
10:21:54 | i 16 | [ Summary ] cost=129894.00  Δ_S*=+1.59%  Δ_BKS=+2.11%  Δ_S*_BKS=+0.51%  no_improve=8
10:21:54 | i 17 | [HAOS ROLL] k=2  λ=0.4  vb  kmeans  filo  P≈0.000623
10:21:55 | i 17 | [Phase 1/3] decompose  0.37s / — / —  λ=0.4  vb kmeans
10:23:00 | i 17 | [Phase 2/3] route  65.13s / 65.04s / 100.1%  filo  k=2
10:23:00 | i 16 | [ ASYNC BG] bg_ails  63.57s / 60.00s / 105.9%
10:23:00 | i 17 | [HAOS ROLL] k=2  λ=0.4  vb  kmeans  filo  P≈0.000623
10:23:00 | i 17 | [ Summary ] cost=128429.00  Δ_S*=+0.44%  Δ_BKS=+0.96%  Δ_S*_BKS=+0.51%  no_improve=10
10:23:00 | i 18 | [HAOS ROLL] k=6  λ=0.8  rb  ac_complete  filo2  P≈0.001185
10:23:00 | i 18 | [Phase 1/3] decompose  0.37s / — / —  λ=0.8  rb ac_complete
10:23:32 | i 18 | [Phase 2/3] route  31.09s / 30.72s / 101.2%  filo2  k=6
10:24:07 | i 17 | [ ASYNC BG] bg_ails  66.56s / 63.48s / 104.9%
10:24:07 | i 18 | [HAOS ROLL] k=6  λ=0.8  rb  ac_complete  filo2  P≈0.001185
10:24:07 | i 18 | [ Summary ] cost=128489.00  Δ_S*=+0.49%  Δ_BKS=+1.01%  Δ_S*_BKS=+0.51%  no_improve=12
10:24:07 | i 19 | [HAOS ROLL] k=12  λ=0.6  rb  ac_complete  filo  P≈0.002039
10:24:07 | i 19 | [Phase 1/3] decompose  0.37s / — / —  λ=0.6  rb ac_complete
10:24:32 | i 19 | [Phase 2/3] route  25.09s / 16.20s / 154.9%  filo  k=12
10:25:10 | i 18 | [ ASYNC BG] bg_ails  63.49s / 60.00s / 105.8%
10:25:10 | i 19 | [HAOS ROLL] k=12  λ=0.6  rb  ac_complete  filo  P≈0.002039
10:25:10 | i 19 | [ Summary ] cost=129580.00  Δ_S*=+1.34%  Δ_BKS=+1.86%  Δ_S*_BKS=+0.51%  no_improve=14
10:25:10 | i 20 | [HAOS ROLL] k=12  λ=1.0  rb  ac_complete  filo  P≈0.000726
10:25:10 | i 20 | [Phase 1/3] decompose  0.37s / — / —  λ=1.0  rb ac_complete
10:25:36 | i 20 | [Phase 2/3] route  25.09s / 16.20s / 154.9%  filo  k=12
10:26:14 | i 19 | [ ASYNC BG] bg_ails  63.71s / 60.00s / 106.2%
10:26:14 | i 20 | [HAOS ROLL] k=12  λ=1.0  rb  ac_complete  filo  P≈0.000726
10:26:14 | i 20 | [ Summary ] cost=129747.00  Δ_S*=+1.47%  Δ_BKS=+1.99%  Δ_S*_BKS=+0.51%  no_improve=16
10:26:14 | i 21 | [HAOS ROLL] k=3  λ=0.6  rb  ac_avg  filo  P≈0.001442
10:26:14 | i 21 | [Phase 1/3] decompose  0.36s / — / —  λ=0.6  rb ac_avg
10:27:17 | i 21 | [Phase 2/3] route  63.12s / 63.06s / 100.1%  filo  k=3
10:27:17 | i 20 | [ ASYNC BG] bg_ails  63.51s / 60.00s / 105.9%
10:27:17 | i 21 | [HAOS ROLL] k=3  λ=0.6  rb  ac_avg  filo  P≈0.001442
10:27:17 | i 21 | [ Summary ] cost=128702.00  Δ_S*=+0.66%  Δ_BKS=+1.17%  Δ_S*_BKS=+0.51%  no_improve=18
10:27:17 | i 22 | [HAOS ROLL] k=12  λ=0.8  rb  kmeans  ails2  P≈0.000896
10:27:18 | i 22 | [Phase 1/3] decompose  0.35s / — / —  λ=0.8  rb kmeans
10:27:49 | i 22 | [Phase 2/3] route  30.90s / 19.38s / 159.5%  ails2  k=12
10:28:22 | i 21 | [ ASYNC BG] bg_ails  64.61s / 61.55s / 105.0%
10:28:22 | i 22 | [HAOS ROLL] k=12  λ=0.8  rb  kmeans  ails2  P≈0.000896
10:28:22 | i 22 | [ Summary ] cost=128023.00  Δ_S*=+0.13%  Δ_BKS=+0.64%  Δ_S*_BKS=+0.51%  no_improve=20
10:28:22 | i 23 | [HAOS ROLL] k=12  λ=0.2  rb  ac_complete  filo2  P≈0.001212
10:28:22 | i 23 | [Phase 1/3] decompose  0.37s / — / —  λ=0.2  rb ac_complete
10:28:47 | i 23 | [Phase 2/3] route  25.08s / 16.20s / 154.8%  filo2  k=12
10:29:26 | i 22 | [ ASYNC BG] bg_ails  63.55s / 60.00s / 105.9%
10:29:26 | i 23 | [HAOS ROLL] k=12  λ=0.2  rb  ac_complete  filo2  P≈0.001212
10:29:26 | i 23 | [ Summary ] cost=129337.00  Δ_S*=+1.15%  Δ_BKS=+1.67%  Δ_S*_BKS=+0.51%  no_improve=22
10:29:26 | i 24 | [HAOS ROLL] k=3  λ=0.6  rb  kmeans  filo2  P≈0.001575
10:29:26 | i 24 | [Phase 1/3] decompose  0.37s / — / —  λ=0.6  rb kmeans
10:30:17 | i 24 | [Phase 2/3] route  51.09s / 51.12s / 99.9%  filo2  k=3
10:30:29 | i 23 | [ ASYNC BG] bg_ails  63.53s / 60.00s / 105.9%
10:30:29 | i 24 | [HAOS ROLL] k=3  λ=0.6  rb  kmeans  filo2  P≈0.001575
10:30:29 | i 24 | [ Summary ] cost=128271.00  Δ_S*=+0.32%  Δ_BKS=+0.83%  Δ_S*_BKS=+0.51%  no_improve=24
10:30:29 | i 25 | [HAOS ROLL] k=12  λ=0.2  rb  ac_complete  filo2  P≈0.002606
10:30:30 | i 25 | [Phase 1/3] decompose  0.37s / — / —  λ=0.2  rb ac_complete
10:30:55 | i 25 | [Phase 2/3] route  25.09s / 16.20s / 154.9%  filo2  k=12
10:31:33 | i 24 | [ ASYNC BG] bg_ails  63.55s / 60.00s / 105.9%
10:31:33 | i 25 | [HAOS ROLL] k=12  λ=0.2  rb  ac_complete  filo2  P≈0.002606
10:31:33 | i 25 | [ Summary ] cost=129624.00  Δ_S*=+1.38%  Δ_BKS=+1.90%  Δ_S*_BKS=+0.51%  no_improve=26
10:31:33 | i 26 | [HAOS ROLL] k=12  λ=0.4  vb  ac_complete  ails2  P≈0.001092
10:31:33 | i 26 | [Phase 1/3] decompose  0.47s / — / —  λ=0.4  vb ac_complete
10:32:01 | i 26 | [Phase 2/3] route  27.81s / 19.14s / 145.3%  ails2  k=12
10:32:36 | i 25 | [ ASYNC BG] bg_ails  63.70s / 60.00s / 106.2%
10:32:36 | i 26 | [HAOS ROLL] k=12  λ=0.4  vb  ac_complete  ails2  P≈0.001092
10:32:36 | i 26 | [ Summary ] cost=131430.00  Δ_S*=+2.79%  Δ_BKS=+3.32%  Δ_S*_BKS=+0.51%  no_improve=28
10:32:36 | i 27 | [HAOS ROLL] k=6  λ=0.6  rb  ac_complete  filo  P≈0.006258
10:32:37 | i 27 | [Phase 1/3] decompose  0.38s / — / —  λ=0.6  rb ac_complete
10:33:08 | i 27 | [Phase 2/3] route  31.09s / 30.72s / 101.2%  filo  k=6
10:33:40 | i 26 | [ ASYNC BG] bg_ails  63.49s / 60.00s / 105.8%
10:33:40 | i 27 | [HAOS ROLL] k=6  λ=0.6  rb  ac_complete  filo  P≈0.006258
10:33:40 | i 27 | [ Summary ] cost=128764.00  Δ_S*=+0.71%  Δ_BKS=+1.22%  Δ_S*_BKS=+0.51%  no_improve=30
10:33:40 | i 28 | [HAOS ROLL] k=12  λ=0.6  rb  kmeans  ails2  P≈0.004892
10:33:40 | i 28 | [Phase 1/3] decompose  0.38s / — / —  λ=0.6  rb kmeans
10:34:12 | i 28 | [Phase 2/3] route  31.87s / 18.78s / 169.7%  ails2  k=12
10:34:44 | i 27 | [ ASYNC BG] bg_ails  63.67s / 60.00s / 106.1%
10:34:44 | i 28 | [HAOS ROLL] k=12  λ=0.6  rb  kmeans  ails2  P≈0.004892
10:34:44 | i 28 | [ Summary ] cost=128003.00  Δ_S*=+0.11%  Δ_BKS=+0.62%  Δ_S*_BKS=+0.51%  no_improve=32
10:34:44 | i 29 | [HAOS ROLL] k=12  λ=0.6  vb  kmedoids  filo  P≈0.001740
10:34:44 | i 29 | [Phase 1/3] decompose  0.69s / — / —  λ=0.6  vb kmedoids
10:35:12 | i 29 | [Phase 2/3] route  28.09s / 15.42s / 182.2%  filo  k=12
10:35:47 | i 28 | [ ASYNC BG] bg_ails  63.58s / 60.00s / 106.0%
10:35:47 | i 29 | [HAOS ROLL] k=12  λ=0.6  vb  kmedoids  filo  P≈0.001740
10:35:47 | i 29 | [ Summary ] cost=132095.00  Δ_S*=+3.31%  Δ_BKS=+3.84%  Δ_S*_BKS=+0.51%  no_improve=34
10:35:47 | i 30 | [HAOS ROLL] k=12  λ=0.6  rb  ac_complete  filo2  P≈0.009350
10:35:48 | i 30 | [Phase 1/3] decompose  0.37s / — / —  λ=0.6  rb ac_complete
10:36:13 | i 30 | [Phase 2/3] route  25.09s / 16.20s / 154.9%  filo2  k=12
10:36:51 | i 29 | [ ASYNC BG] bg_ails  63.60s / 60.00s / 106.0%
10:36:51 | i 30 | [HAOS ROLL] k=12  λ=0.6  rb  ac_complete  filo2  P≈0.009350
10:36:51 | i 30 | [ Summary ] cost=130038.00  Δ_S*=+1.70%  Δ_BKS=+2.22%  Δ_S*_BKS=+0.51%  no_improve=36
10:36:51 | i 31 | [HAOS ROLL] k=6  λ=0.6  rb  kmeans  filo  P≈0.004488
10:36:51 | i 31 | [Phase 1/3] decompose  0.37s / — / —  λ=0.6  rb kmeans
10:37:18 | i 31 | [Phase 2/3] route  27.12s / 27.06s / 100.2%  filo  k=6
10:37:55 | i 30 | [ ASYNC BG] bg_ails  63.79s / 60.00s / 106.3%
10:37:55 | i 31 | [HAOS ROLL] k=6  λ=0.6  rb  kmeans  filo  P≈0.004488
10:37:55 | i 31 | [ Summary ] cost=129213.00  Δ_S*=+1.06%  Δ_BKS=+1.57%  Δ_S*_BKS=+0.51%  no_improve=38
10:37:55 | i 32 | [HAOS ROLL] k=8  λ=0.0  rb  ac_complete  filo  P≈0.000903
10:37:55 | i 32 | [Phase 1/3] decompose  0.28s / — / —  λ=0.0  rb ac_complete
10:38:24 | i 32 | [Phase 2/3] route  29.10s / 25.32s / 114.9%  filo  k=8
10:38:58 | i 31 | [ ASYNC BG] bg_ails  63.84s / 60.00s / 106.4%
10:38:58 | i 32 | [HAOS ROLL] k=8  λ=0.0  rb  ac_complete  filo  P≈0.000903
10:38:58 | i 32 | [ Summary ] cost=129726.00  Δ_S*=+1.46%  Δ_BKS=+1.98%  Δ_S*_BKS=+0.51%  no_improve=40
10:38:58 | i 33 | [HAOS ROLL] k=12  λ=0.0  vb  ac_avg  filo2  P≈0.000470
10:38:59 | i 33 | [Phase 1/3] decompose  0.41s / — / —  λ=0.0  vb ac_avg
10:39:26 | i 33 | [Phase 2/3] route  27.10s / 18.00s / 150.6%  filo2  k=12
10:40:02 | i 32 | [ ASYNC BG] bg_ails  63.44s / 60.00s / 105.7%
10:40:02 | i 33 | [HAOS ROLL] k=12  λ=0.0  vb  ac_avg  filo2  P≈0.000470
10:40:02 | i 33 | [ Summary ] cost=131807.00  Δ_S*=+3.09%  Δ_BKS=+3.61%  Δ_S*_BKS=+0.51%  no_improve=42
10:40:02 | i 34 | [HAOS ROLL] k=6  λ=0.8  rb  ac_avg  filo  P≈0.000692
10:40:02 | i 34 | [Phase 1/3] decompose  0.37s / — / —  λ=0.8  rb ac_avg
10:40:36 | i 34 | [Phase 2/3] route  34.09s / 34.50s / 98.8%  filo  k=6
10:41:05 | i 33 | [ ASYNC BG] bg_ails  63.59s / 60.00s / 106.0%
10:41:05 | i 34 | [HAOS ROLL] k=6  λ=0.8  rb  ac_avg  filo  P≈0.000692
10:41:05 | i 34 | [ Summary ] cost=128826.00  Δ_S*=+0.75%  Δ_BKS=+1.27%  Δ_S*_BKS=+0.51%  no_improve=44
10:41:05 | i 35 | [HAOS ROLL] k=12  λ=0.6  rb  kmeans  filo2  P≈0.006737
10:41:06 | i 35 | [Phase 1/3] decompose  0.38s / — / —  λ=0.6  rb kmeans
10:41:32 | i 35 | [Phase 2/3] route  26.09s / 18.78s / 138.9%  filo2  k=12
10:42:09 | i 34 | [ ASYNC BG] bg_ails  63.59s / 60.00s / 106.0%
10:42:09 | i 35 | [HAOS ROLL] k=12  λ=0.6  rb  kmeans  filo2  P≈0.006737
10:42:09 | i 35 | [ Summary ] cost=130443.00  Δ_S*=+2.02%  Δ_BKS=+2.54%  Δ_S*_BKS=+0.51%  no_improve=46
10:42:09 | i 36 | [HAOS ROLL] k=12  λ=1.0  vb  kmedoids  filo  P≈0.000720
10:42:10 | i 36 | [Phase 1/3] decompose  0.49s / — / —  λ=1.0  vb kmedoids
10:42:37 | i 36 | [Phase 2/3] route  27.09s / 16.56s / 163.6%  filo  k=12
10:43:12 | i 35 | [ ASYNC BG] bg_ails  63.50s / 60.00s / 105.8%
10:43:13 | i 36 | [HAOS ROLL] k=12  λ=1.0  vb  kmedoids  filo  P≈0.000720
10:43:13 | i 36 | [ Summary ] cost=131712.00  Δ_S*=+3.01%  Δ_BKS=+3.54%  Δ_S*_BKS=+0.51%  no_improve=48
10:43:13 | i 37 | [HAOS ROLL] k=6  λ=0.6  rb  ac_avg  filo2  P≈0.003165
10:43:13 | i 37 | [Phase 1/3] decompose  0.48s / — / —  λ=0.6  rb ac_avg
10:43:47 | i 37 | [Phase 2/3] route  34.09s / 34.50s / 98.8%  filo2  k=6
10:44:16 | i 36 | [ ASYNC BG] bg_ails  63.52s / 60.00s / 105.9%
10:44:16 | i 37 | [HAOS ROLL] k=6  λ=0.6  rb  ac_avg  filo2  P≈0.003165
10:44:16 | i 37 | [ Summary ] cost=128716.00  Δ_S*=+0.67%  Δ_BKS=+1.18%  Δ_S*_BKS=+0.51%  no_improve=50
10:44:16 | i 38 | [HAOS ROLL] k=6  λ=0.6  vb  fcm  filo  P≈0.001911
10:44:17 | i 38 | [Phase 1/3] decompose  0.61s / — / —  λ=0.6  vb fcm
10:44:45 | i 38 | [Phase 2/3] route  28.08s / 28.20s / 99.6%  filo  k=6
10:45:20 | i 37 | [ ASYNC BG] bg_ails  63.54s / 60.00s / 105.9%
10:45:20 | i 38 | [HAOS ROLL] k=6  λ=0.6  vb  fcm  filo  P≈0.001911
10:45:20 | i 38 | [ Summary ] cost=129918.00  Δ_S*=+1.61%  Δ_BKS=+2.13%  Δ_S*_BKS=+0.51%  no_improve=52
10:45:20 | i 39 | [HAOS ROLL] k=12  λ=0.0  rb  ac_avg  filo2  P≈0.002376
10:45:20 | i 39 | [Phase 1/3] decompose  0.28s / — / —  λ=0.0  rb ac_avg
10:45:48 | i 39 | [Phase 2/3] route  28.10s / 16.44s / 170.9%  filo2  k=12
10:46:23 | i 38 | [ ASYNC BG] bg_ails  63.48s / 60.00s / 105.8%
10:46:23 | i 39 | [HAOS ROLL] k=12  λ=0.0  rb  ac_avg  filo2  P≈0.002376
10:46:23 | i 39 | [ Summary ] cost=130049.00  Δ_S*=+1.71%  Δ_BKS=+2.23%  Δ_S*_BKS=+0.51%  no_improve=54
10:46:23 | i 40 | [HAOS ROLL] k=12  λ=0.6  rb  ac_complete  pyvrp  P≈0.003829
10:46:24 | i 40 | [Phase 1/3] decompose  0.37s / — / —  λ=0.6  rb ac_complete
10:46:50 | i 40 | [Phase 2/3] route  26.33s / 16.20s / 162.5%  pyvrp  k=12
10:47:27 | i 39 | [ ASYNC BG] bg_ails  63.49s / 60.00s / 105.8%
10:47:27 | i 40 | [HAOS ROLL] k=12  λ=0.6  rb  ac_complete  pyvrp  P≈0.003829
10:47:27 | i 40 | [ Summary ] cost=129464.00  Δ_S*=+1.25%  Δ_BKS=+1.77%  Δ_S*_BKS=+0.51%  no_improve=56
10:47:27 | i 41 | [HAOS ROLL] k=4  λ=0.6  rb  ac_avg  filo  P≈0.002580
10:47:27 | i 41 | [Phase 1/3] decompose  0.37s / — / —  λ=0.6  rb ac_avg
10:48:08 | i 41 | [Phase 2/3] route  41.09s / 41.04s / 100.1%  filo  k=4
10:48:30 | i 40 | [ ASYNC BG] bg_ails  63.59s / 60.00s / 106.0%
10:48:30 | i 41 | [HAOS ROLL] k=4  λ=0.6  rb  ac_avg  filo  P≈0.002580
10:48:30 | i 41 | [ Summary ] cost=128937.00  Δ_S*=+0.84%  Δ_BKS=+1.36%  Δ_S*_BKS=+0.51%  no_improve=58
10:48:30 | i 42 | [HAOS ROLL] k=10  λ=0.6  rb  ac_complete  ails2  P≈0.001984
10:48:31 | i 42 | [Phase 1/3] decompose  0.37s / — / —  λ=0.6  rb ac_complete
10:49:01 | i 42 | [Phase 2/3] route  30.73s / 18.84s / 163.1%  ails2  k=10
10:49:34 | i 41 | [ ASYNC BG] bg_ails  63.59s / 60.00s / 106.0%
10:49:34 | i 42 | [HAOS ROLL] k=10  λ=0.6  rb  ac_complete  ails2  P≈0.001984
10:49:34 | i 42 | [ Summary ] cost=128004.00  Δ_S*=+0.11%  Δ_BKS=+0.62%  Δ_S*_BKS=+0.51%  no_improve=60
10:49:34 | i 43 | [HAOS ROLL] k=2  λ=0.2  rb  ac_complete  filo  P≈0.000867
10:49:34 | i 43 | [Phase 1/3] decompose  0.37s / — / —  λ=0.2  rb ac_complete
10:50:43 | i 43 | [Phase 2/3] route  69.13s / 69.00s / 100.2%  filo  k=2
10:50:43 | i 42 | [ ASYNC BG] bg_ails  63.67s / 60.00s / 106.1%
10:50:43 | i 43 | [HAOS ROLL] k=2  λ=0.2  rb  ac_complete  filo  P≈0.000867
10:50:43 | i 43 | [ Summary ] cost=128323.00  Δ_S*=+0.36%  Δ_BKS=+0.87%  Δ_S*_BKS=+0.51%  no_improve=62
10:50:43 | i 25 | [ASYNC 1/2] sp_sc  729.15s / 720.00s / 101.3%  SP  avg_coverage=41.63/5  pool=5515
10:50:43 | i 25 | [ASYNC 2/2] standard_ails  363.12s / 360.00s / 100.9%
10:51:15 | i 25 | [ IMPROVE ] 127782.00  via standard_ails  ·  Δ_BKS=+0.45%
10:51:15 | i 44 | [HAOS ROLL] k=4  λ=0.6  rb  ac_complete  filo2  P≈0.004877
10:51:15 | i 44 | [Phase 1/3] decompose  0.34s / — / —  λ=0.6  rb ac_complete
10:52:00 | i 44 | [Phase 2/3] route  45.09s / 44.70s / 100.9%  filo2  k=4
10:52:00 | i 43 | [ ASYNC BG] bg_ails  70.67s / 67.34s / 104.9%
10:52:00 | i 44 | [HAOS ROLL] k=4  λ=0.6  rb  ac_complete  filo2  P≈0.004877
10:52:00 | i 44 | [ Summary ] cost=128173.00  Δ_S*=+0.31%  Δ_BKS=+0.76%  Δ_S*_BKS=+0.45%  no_improve=2
10:52:00 | i 45 | [HAOS ROLL] k=2  λ=0.6  rb  kmeans  filo  P≈0.003250
10:52:01 | i 45 | [Phase 1/3] decompose  0.38s / — / —  λ=0.6  rb kmeans
10:53:09 | i 45 | [Phase 2/3] route  68.13s / 67.68s / 100.7%  filo  k=2
10:53:09 | i 44 | [ ASYNC BG] bg_ails  63.77s / 60.00s / 106.3%
10:53:09 | i 45 | [HAOS ROLL] k=2  λ=0.6  rb  kmeans  filo  P≈0.003250
10:53:09 | i 45 | [ Summary ] cost=128530.00  Δ_S*=+0.59%  Δ_BKS=+1.04%  Δ_S*_BKS=+0.45%  no_improve=4
10:53:09 | i 46 | [HAOS ROLL] k=4  λ=0.6  rb  ac_complete  filo  P≈0.008919
10:53:10 | i 46 | [Phase 1/3] decompose  0.38s / — / —  λ=0.6  rb ac_complete
10:53:55 | i 46 | [Phase 2/3] route  45.11s / 44.70s / 100.9%  filo  k=4
10:54:19 | i 45 | [ ASYNC BG] bg_ails  69.58s / 66.06s / 105.3%
10:54:19 | i 46 | [HAOS ROLL] k=4  λ=0.6  rb  ac_complete  filo  P≈0.008919
10:54:19 | i 46 | [ Summary ] cost=128385.00  Δ_S*=+0.47%  Δ_BKS=+0.92%  Δ_S*_BKS=+0.45%  no_improve=6
10:54:19 | i 47 | [HAOS ROLL] k=12  λ=0.0  rb  ac_complete  pyvrp  P≈0.000849
10:54:19 | i 47 | [Phase 1/3] decompose  0.29s / — / —  λ=0.0  rb ac_complete
10:54:47 | i 47 | [Phase 2/3] route  28.23s / 17.46s / 161.7%  pyvrp  k=12
10:55:22 | i 46 | [ ASYNC BG] bg_ails  63.65s / 60.00s / 106.1%
10:55:22 | i 47 | [HAOS ROLL] k=12  λ=0.0  rb  ac_complete  pyvrp  P≈0.000849
10:55:22 | i 47 | [ Summary ] cost=129174.00  Δ_S*=+1.09%  Δ_BKS=+1.54%  Δ_S*_BKS=+0.45%  no_improve=8
10:55:22 | i 48 | [HAOS ROLL] k=3  λ=0.6  vb  kmedoids  pyvrp  P≈0.000230
10:55:23 | i 48 | [Phase 1/3] decompose  0.47s / — / —  λ=0.6  vb kmedoids
10:56:19 | i 48 | [Phase 2/3] route  56.36s / 53.70s / 105.0%  pyvrp  k=3
10:56:26 | i 47 | [ ASYNC BG] bg_ails  63.62s / 60.00s / 106.0%
10:56:26 | i 48 | [HAOS ROLL] k=3  λ=0.6  vb  kmedoids  pyvrp  P≈0.000230
10:56:26 | i 48 | [ Summary ] cost=130661.00  Δ_S*=+2.25%  Δ_BKS=+2.71%  Δ_S*_BKS=+0.45%  no_improve=10
10:56:26 | i 49 | [HAOS ROLL] k=8  λ=0.8  rb  ac_avg  filo  P≈0.000301
10:56:26 | i 49 | [Phase 1/3] decompose  0.37s / — / —  λ=0.8  rb ac_avg
10:56:53 | i 49 | [Phase 2/3] route  27.10s / 23.52s / 115.2%  filo  k=8
10:57:29 | i 48 | [ ASYNC BG] bg_ails  63.61s / 60.00s / 106.0%
10:57:30 | i 49 | [HAOS ROLL] k=8  λ=0.8  rb  ac_avg  filo  P≈0.000301
10:57:30 | i 49 | [ Summary ] cost=129682.00  Δ_S*=+1.49%  Δ_BKS=+1.94%  Δ_S*_BKS=+0.45%  no_improve=12
10:57:30 | i 50 | [HAOS ROLL] k=12  λ=0.6  vb  ac_complete  filo  P≈0.005300
10:57:30 | i 50 | [Phase 1/3] decompose  0.46s / — / —  λ=0.6  vb ac_complete
10:57:54 | i 50 | [Phase 2/3] route  24.09s / 16.38s / 147.1%  filo  k=12
10:58:33 | i 49 | [ ASYNC BG] bg_ails  63.55s / 60.00s / 105.9%
10:58:33 | i 50 | [HAOS ROLL] k=12  λ=0.6  vb  ac_complete  filo  P≈0.005300
10:58:33 | i 50 | [ Summary ] cost=132008.00  Δ_S*=+3.31%  Δ_BKS=+3.77%  Δ_S*_BKS=+0.45%  no_improve=14
10:58:33 | i 51 | [HAOS ROLL] k=3  λ=0.2  rb  ac_avg  filo  P≈0.000502
10:58:34 | i 51 | [Phase 1/3] decompose  0.36s / — / —  λ=0.2  rb ac_avg
10:59:31 | i 51 | [Phase 2/3] route  57.11s / 57.12s / 100.0%  filo  k=3
10:59:37 | i 50 | [ ASYNC BG] bg_ails  63.73s / 60.00s / 106.2%
10:59:37 | i 51 | [HAOS ROLL] k=3  λ=0.2  rb  ac_avg  filo  P≈0.000502
10:59:37 | i 51 | [ Summary ] cost=128495.00  Δ_S*=+0.56%  Δ_BKS=+1.01%  Δ_S*_BKS=+0.45%  no_improve=16
10:59:37 | i 52 | [HAOS ROLL] k=12  λ=0.6  rb  ac_complete  filo2  P≈0.010145
10:59:38 | i 52 | [Phase 1/3] decompose  0.37s / — / —  λ=0.6  rb ac_complete
11:00:06 | i 52 | [Phase 2/3] route  28.12s / 17.46s / 161.1%  filo2  k=12
11:00:40 | i 51 | [ ASYNC BG] bg_ails  63.59s / 60.00s / 106.0%
11:00:41 | i 52 | [HAOS ROLL] k=12  λ=0.6  rb  ac_complete  filo2  P≈0.010145
11:00:41 | i 52 | [ Summary ] cost=129075.00  Δ_S*=+1.01%  Δ_BKS=+1.47%  Δ_S*_BKS=+0.45%  no_improve=18
11:00:41 | i 53 | [HAOS ROLL] k=2  λ=1.0  rb  ac_avg  ails2  P≈0.000333
11:00:41 | i 53 | [Phase 1/3] decompose  0.35s / — / —  λ=1.0  rb ac_avg
11:01:58 | i 53 | [Phase 2/3] route  77.04s / 75.00s / 102.7%  ails2  k=2
11:01:58 | i 52 | [ ASYNC BG] bg_ails  63.72s / 60.00s / 106.2%
11:01:58 | i 53 | [HAOS ROLL] k=2  λ=1.0  rb  ac_avg  ails2  P≈0.000333
11:01:59 | i 53 | [ Summary ] cost=127936.00  Δ_S*=+0.12%  Δ_BKS=+0.57%  Δ_S*_BKS=+0.45%  no_improve=20
11:01:59 | i 54 | [HAOS ROLL] k=4  λ=1.0  rb  ac_complete  pyvrp  P≈0.000503
11:01:59 | i 54 | [Phase 1/3] decompose  0.35s / — / —  λ=1.0  rb ac_complete
11:02:45 | i 54 | [Phase 2/3] route  46.57s / 44.70s / 104.2%  pyvrp  k=4
11:03:15 | i 53 | [ ASYNC BG] bg_ails  76.84s / 73.20s / 105.0%
11:03:15 | i 54 | [HAOS ROLL] k=4  λ=1.0  rb  ac_complete  pyvrp  P≈0.000503
11:03:15 | i 54 | [ Summary ] cost=130399.00  Δ_S*=+2.05%  Δ_BKS=+2.51%  Δ_S*_BKS=+0.45%  no_improve=22
11:03:15 | i 55 | [HAOS ROLL] k=4  λ=0.4  vb  kmedoids  ails2  P≈0.000161
11:03:16 | i 55 | [Phase 1/3] decompose  0.62s / — / —  λ=0.4  vb kmedoids
11:03:54 | i 55 | [Phase 2/3] route  37.51s / 36.30s / 103.3%  ails2  k=4
11:04:19 | i 54 | [ ASYNC BG] bg_ails  63.68s / 60.00s / 106.1%
11:04:19 | i 55 | [HAOS ROLL] k=4  λ=0.4  vb  kmedoids  ails2  P≈0.000161
11:04:19 | i 55 | [ Summary ] cost=128660.00  Δ_S*=+0.69%  Δ_BKS=+1.14%  Δ_S*_BKS=+0.45%  no_improve=24
11:04:19 | i 56 | [HAOS ROLL] k=4  λ=0.6  rb  kmeans  pyvrp  P≈0.001477
11:04:20 | i 56 | [Phase 1/3] decompose  0.35s / — / —  λ=0.6  rb kmeans
11:05:03 | i 56 | [Phase 2/3] route  43.11s / 41.46s / 104.0%  pyvrp  k=4
11:05:22 | i 55 | [ ASYNC BG] bg_ails  63.57s / 60.00s / 106.0%
11:05:23 | i 56 | [HAOS ROLL] k=4  λ=0.6  rb  kmeans  pyvrp  P≈0.001477
11:05:23 | i 56 | [ Summary ] cost=130619.00  Δ_S*=+2.22%  Δ_BKS=+2.68%  Δ_S*_BKS=+0.45%  no_improve=26
11:05:23 | i 57 | [HAOS ROLL] k=10  λ=0.0  vb  ac_complete  filo  P≈0.000273
11:05:23 | i 57 | [Phase 1/3] decompose  0.39s / — / —  λ=0.0  vb ac_complete
11:05:51 | i 57 | [Phase 2/3] route  28.10s / 20.76s / 135.4%  filo  k=10
11:06:26 | i 56 | [ ASYNC BG] bg_ails  63.49s / 60.00s / 105.8%
11:06:26 | i 57 | [HAOS ROLL] k=10  λ=0.0  vb  ac_complete  filo  P≈0.000273
11:06:26 | i 57 | [ Summary ] cost=131014.00  Δ_S*=+2.53%  Δ_BKS=+2.99%  Δ_S*_BKS=+0.45%  no_improve=28
11:06:26 | i 58 | [HAOS ROLL] k=3  λ=1.0  rb  ac_avg  filo  P≈0.001134
11:06:27 | i 58 | [Phase 1/3] decompose  0.36s / — / —  λ=1.0  rb ac_avg
11:07:24 | i 58 | [Phase 2/3] route  57.11s / 57.12s / 100.0%  filo  k=3
11:07:29 | i 57 | [ ASYNC BG] bg_ails  63.58s / 60.00s / 106.0%
11:07:30 | i 58 | [HAOS ROLL] k=3  λ=1.0  rb  ac_avg  filo  P≈0.001134
11:07:30 | i 58 | [ Summary ] cost=128533.00  Δ_S*=+0.59%  Δ_BKS=+1.04%  Δ_S*_BKS=+0.45%  no_improve=30
11:07:30 | i 59 | [HAOS ROLL] k=4  λ=1.0  rb  ac_complete  filo  P≈0.003393
11:07:30 | i 59 | [Phase 1/3] decompose  0.37s / — / —  λ=1.0  rb ac_complete
11:08:15 | i 59 | [Phase 2/3] route  45.11s / 44.70s / 100.9%  filo  k=4
11:08:33 | i 58 | [ ASYNC BG] bg_ails  63.59s / 60.00s / 106.0%
11:08:33 | i 59 | [HAOS ROLL] k=4  λ=1.0  rb  ac_complete  filo  P≈0.003393
11:08:33 | i 59 | [ Summary ] cost=128295.00  Δ_S*=+0.40%  Δ_BKS=+0.85%  Δ_S*_BKS=+0.45%  no_improve=32
11:08:33 | i 60 | [HAOS ROLL] k=3  λ=0.6  rb  ac_complete  pyvrp  P≈0.003028
11:08:34 | i 60 | [Phase 1/3] decompose  0.35s / — / —  λ=0.6  rb ac_complete
11:09:30 | i 60 | [Phase 2/3] route  56.49s / 53.88s / 104.8%  pyvrp  k=3
11:09:37 | i 59 | [ ASYNC BG] bg_ails  63.69s / 60.00s / 106.1%
11:09:37 | i 60 | [HAOS ROLL] k=3  λ=0.6  rb  ac_complete  pyvrp  P≈0.003028
11:09:37 | i 60 | [ Summary ] cost=130318.00  Δ_S*=+1.98%  Δ_BKS=+2.44%  Δ_S*_BKS=+0.45%  no_improve=34
11:09:37 | i 61 | [HAOS ROLL] k=12  λ=0.6  vb  ac_avg  filo2  P≈0.000921
11:09:38 | i 61 | [Phase 1/3] decompose  0.47s / — / —  λ=0.6  vb ac_avg
11:10:01 | i 61 | [Phase 2/3] route  23.10s / 15.60s / 148.1%  filo2  k=12
11:10:40 | i 60 | [ ASYNC BG] bg_ails  63.58s / 60.00s / 106.0%
11:10:41 | i 61 | [HAOS ROLL] k=12  λ=0.6  vb  ac_avg  filo2  P≈0.000921
11:10:41 | i 61 | [ Summary ] cost=131940.00  Δ_S*=+3.25%  Δ_BKS=+3.72%  Δ_S*_BKS=+0.45%  no_improve=36
11:10:41 | i 44 | [ASYNC 1/2] sp_sc  734.34s / 720.00s / 102.0%  SP  avg_coverage=69.15/5  pool=9050
11:10:41 | i 44 | [ASYNC 2/2] standard_ails  363.15s / 360.00s / 100.9%
11:11:22 | i 62 | [HAOS ROLL] k=12  λ=0.6  vb  ac_avg  filo  P≈0.002322
11:11:22 | i 62 | [Phase 1/3] decompose  0.45s / — / —  λ=0.6  vb ac_avg
11:11:45 | i 62 | [Phase 2/3] route  23.10s / 15.60s / 148.1%  filo  k=12
11:11:45 | i 61 | [ ASYNC BG] bg_ails  63.44s / 60.00s / 105.7%
11:11:46 | i 62 | [HAOS ROLL] k=12  λ=0.6  vb  ac_avg  filo  P≈0.002322
11:11:46 | i 62 | [ Summary ] cost=131983.00  Δ_S*=+3.29%  Δ_BKS=+3.75%  Δ_S*_BKS=+0.45%  no_improve=39
11:11:46 | i 63 | [HAOS ROLL] k=6  λ=0.6  vb  fcm  pyvrp  P≈0.000586
11:11:46 | i 63 | [Phase 1/3] decompose  0.49s / — / —  λ=0.6  vb fcm
11:12:11 | i 63 | [Phase 2/3] route  25.08s / 24.30s / 103.2%  pyvrp  k=6
11:12:49 | i 62 | [ ASYNC BG] bg_ails  63.66s / 60.00s / 106.1%
11:12:50 | i 63 | [HAOS ROLL] k=6  λ=0.6  vb  fcm  pyvrp  P≈0.000586
11:12:50 | i 63 | [ Summary ] cost=131109.00  Δ_S*=+2.60%  Δ_BKS=+3.07%  Δ_S*_BKS=+0.45%  no_improve=41
11:12:50 | i 64 | [HAOS ROLL] k=4  λ=0.6  rb  ac_avg  ails2  P≈0.003882
11:12:50 | i 64 | [Phase 1/3] decompose  0.34s / — / —  λ=0.6  rb ac_avg
11:13:49 | i 64 | [Phase 2/3] route  58.99s / 57.12s / 103.3%  ails2  k=4
11:13:52 | i 63 | [ ASYNC BG] bg_ails  63.52s / 60.00s / 105.9%
11:13:53 | i 64 | [HAOS ROLL] k=4  λ=0.6  rb  ac_avg  ails2  P≈0.003882
11:13:53 | i 64 | [ Summary ] cost=127823.00  Δ_S*=+0.03%  Δ_BKS=+0.48%  Δ_S*_BKS=+0.45%  no_improve=43
11:13:53 | i 65 | [HAOS ROLL] k=3  λ=0.6  vb  fcm  filo  P≈0.002519
11:13:54 | i 65 | [Phase 1/3] decompose  0.52s / — / —  λ=0.6  vb fcm
11:14:43 | i 65 | [Phase 2/3] route  49.10s / 48.54s / 101.2%  filo  k=3
11:14:56 | i 64 | [ ASYNC BG] bg_ails  63.65s / 60.00s / 106.1%
11:14:56 | i 65 | [HAOS ROLL] k=3  λ=0.6  vb  fcm  filo  P≈0.002519
11:14:57 | i 65 | [ Summary ] cost=128710.00  Δ_S*=+0.73%  Δ_BKS=+1.18%  Δ_S*_BKS=+0.45%  no_improve=45
11:14:57 | i 66 | [HAOS ROLL] k=6  λ=0.4  vb  kmeans  ails2  P≈0.000178
11:14:57 | i 66 | [Phase 1/3] decompose  0.34s / — / —  λ=0.4  vb kmeans
11:15:26 | i 66 | [Phase 2/3] route  28.73s / 27.66s / 103.9%  ails2  k=6
11:16:00 | i 65 | [ ASYNC BG] bg_ails  63.63s / 60.00s / 106.0%
11:16:00 | i 66 | [HAOS ROLL] k=6  λ=0.4  vb  kmeans  ails2  P≈0.000178
11:16:00 | i 66 | [ Summary ] cost=129322.00  Δ_S*=+1.21%  Δ_BKS=+1.66%  Δ_S*_BKS=+0.45%  no_improve=47
11:16:00 | i 67 | [HAOS ROLL] k=4  λ=1.0  vb  fcm  filo  P≈0.001490
11:16:01 | i 67 | [Phase 1/3] decompose  0.37s / — / —  λ=1.0  vb fcm
11:16:35 | i 67 | [Phase 2/3] route  34.09s / 33.72s / 101.1%  filo  k=4
11:17:03 | i 66 | [ ASYNC BG] bg_ails  63.61s / 60.00s / 106.0%
11:17:04 | i 67 | [HAOS ROLL] k=4  λ=1.0  vb  fcm  filo  P≈0.001490
11:17:04 | i 67 | [ Summary ] cost=128890.00  Δ_S*=+0.87%  Δ_BKS=+1.32%  Δ_S*_BKS=+0.45%  no_improve=49
11:17:04 | i 68 | [HAOS ROLL] k=12  λ=0.6  vb  kmeans  ails2  P≈0.002605
11:17:04 | i 68 | [Phase 1/3] decompose  0.35s / — / —  λ=0.6  vb kmeans
11:17:31 | i 68 | [Phase 2/3] route  26.87s / 13.20s / 203.6%  ails2  k=12
11:18:07 | i 67 | [ ASYNC BG] bg_ails  63.68s / 60.00s / 106.1%
11:18:07 | i 68 | [HAOS ROLL] k=12  λ=0.6  vb  kmeans  ails2  P≈0.002605
11:18:08 | i 68 | [ Summary ] cost=131043.00  Δ_S*=+2.55%  Δ_BKS=+3.01%  Δ_S*_BKS=+0.45%  no_improve=51
11:18:08 | i 69 | [HAOS ROLL] k=4  λ=0.6  vb  fcm  filo  P≈0.006892
11:18:08 | i 69 | [Phase 1/3] decompose  0.37s / — / —  λ=0.6  vb fcm
11:18:42 | i 69 | [Phase 2/3] route  34.09s / 33.72s / 101.1%  filo  k=4
11:19:11 | i 68 | [ ASYNC BG] bg_ails  63.68s / 60.00s / 106.1%
11:19:11 | i 69 | [HAOS ROLL] k=4  λ=0.6  vb  fcm  filo  P≈0.006892
11:19:11 | i 69 | [ Summary ] cost=128866.00  Δ_S*=+0.85%  Δ_BKS=+1.30%  Δ_S*_BKS=+0.45%  no_improve=53
11:19:11 | i 70 | [HAOS ROLL] k=8  λ=0.4  vb  kmeans  pyvrp  P≈0.000159
11:19:12 | i 70 | [Phase 1/3] decompose  0.35s / — / —  λ=0.4  vb kmeans
11:19:45 | i 70 | [Phase 2/3] route  33.50s / 19.80s / 169.2%  pyvrp  k=8
11:20:14 | i 69 | [ ASYNC BG] bg_ails  63.63s / 60.00s / 106.0%
11:20:15 | i 70 | [HAOS ROLL] k=8  λ=0.4  vb  kmeans  pyvrp  P≈0.000159
11:20:15 | i 70 | [ Summary ] cost=131540.00  Δ_S*=+2.94%  Δ_BKS=+3.40%  Δ_S*_BKS=+0.45%  no_improve=55
11:20:15 | i 71 | [HAOS ROLL] k=12  λ=0.2  vb  kmeans  ails2  P≈0.000589
11:20:15 | i 71 | [Phase 1/3] decompose  0.35s / — / —  λ=0.2  vb kmeans
11:20:42 | i 71 | [Phase 2/3] route  26.94s / 12.54s / 214.8%  ails2  k=12
11:21:18 | i 70 | [ ASYNC BG] bg_ails  63.65s / 60.00s / 106.1%
11:21:18 | i 71 | [HAOS ROLL] k=12  λ=0.2  vb  kmeans  ails2  P≈0.000589
11:21:19 | i 71 | [ Summary ] cost=131699.00  Δ_S*=+3.07%  Δ_BKS=+3.53%  Δ_S*_BKS=+0.45%  no_improve=57
11:21:19 | i 72 | [HAOS ROLL] k=10  λ=0.4  rb  ac_complete  pyvrp  P≈0.000423
11:21:19 | i 72 | [Phase 1/3] decompose  0.35s / — / —  λ=0.4  rb ac_complete
11:21:48 | i 72 | [Phase 2/3] route  29.08s / 17.46s / 166.6%  pyvrp  k=10
11:22:22 | i 71 | [ ASYNC BG] bg_ails  63.72s / 60.00s / 106.2%
11:22:22 | i 72 | [HAOS ROLL] k=10  λ=0.4  rb  ac_complete  pyvrp  P≈0.000423
11:22:22 | i 72 | [ Summary ] cost=129789.00  Δ_S*=+1.57%  Δ_BKS=+2.03%  Δ_S*_BKS=+0.45%  no_improve=59
11:22:22 | i 73 | [HAOS ROLL] k=6  λ=0.6  rb  ac_complete  pyvrp  P≈0.002384
11:22:23 | i 73 | [Phase 1/3] decompose  0.35s / — / —  λ=0.6  rb ac_complete
11:22:55 | i 73 | [Phase 2/3] route  32.59s / 31.44s / 103.6%  pyvrp  k=6
11:23:26 | i 72 | [ ASYNC BG] bg_ails  63.68s / 60.00s / 106.1%
11:23:26 | i 73 | [HAOS ROLL] k=6  λ=0.6  rb  ac_complete  pyvrp  P≈0.002384
11:23:26 | i 73 | [ Summary ] cost=130357.00  Δ_S*=+2.02%  Δ_BKS=+2.47%  Δ_S*_BKS=+0.45%  no_improve=61
11:23:26 | i 74 | [HAOS ROLL] k=3  λ=0.6  vb  fcm  pyvrp  P≈0.001740
11:23:27 | i 74 | [Phase 1/3] decompose  0.80s / — / —  λ=0.6  vb fcm
11:24:18 | i 74 | [Phase 2/3] route  51.00s / 48.60s / 104.9%  pyvrp  k=3
11:24:29 | i 73 | [ ASYNC BG] bg_ails  63.60s / 60.00s / 106.0%
11:24:29 | i 74 | [HAOS ROLL] k=3  λ=0.6  vb  fcm  pyvrp  P≈0.001740
11:24:30 | i 74 | [ Summary ] cost=130627.00  Δ_S*=+2.23%  Δ_BKS=+2.69%  Δ_S*_BKS=+0.45%  no_improve=63
11:24:30 | i 75 | [HAOS ROLL] k=10  λ=0.2  vb  ac_complete  filo  P≈0.000274
11:24:30 | i 75 | [Phase 1/3] decompose  0.47s / — / —  λ=0.2  vb ac_complete
11:24:55 | i 75 | [Phase 2/3] route  25.11s / 18.18s / 138.1%  filo  k=10
11:25:33 | i 74 | [ ASYNC BG] bg_ails  63.67s / 60.00s / 106.1%
11:25:33 | i 75 | [HAOS ROLL] k=10  λ=0.2  vb  ac_complete  filo  P≈0.000274
11:25:33 | i 75 | [ Summary ] cost=131481.00  Δ_S*=+2.89%  Δ_BKS=+3.36%  Δ_S*_BKS=+0.45%  no_improve=65
11:25:33 | i 63 | [ASYNC 1/2] sp_sc  0.00s / 720.00s / 0.0%  SC
11:25:33 | i 76 | [HAOS ROLL] k=3  λ=0.0  rb  ac_complete  pyvrp  P≈0.000874
11:25:34 | i 76 | [Phase 1/3] decompose  0.28s / — / —  λ=0.0  rb ac_complete
11:26:30 | i 76 | [Phase 2/3] route  56.74s / 53.88s / 105.3%  pyvrp  k=3
11:26:36 | i 75 | [ ASYNC BG] bg_ails  63.61s / 60.00s / 106.0%
11:26:37 | i 76 | [HAOS ROLL] k=3  λ=0.0  rb  ac_complete  pyvrp  P≈0.000874
11:26:37 | i 76 | [ Summary ] cost=130375.00  Δ_S*=+2.03%  Δ_BKS=+2.49%  Δ_S*_BKS=+0.45%  no_improve=67
11:26:37 | i 77 | [HAOS ROLL] k=4  λ=0.2  vb  ac_avg  filo  P≈0.000689
11:26:37 | i 77 | [Phase 1/3] decompose  0.47s / — / —  λ=0.2  vb ac_avg
11:27:14 | i 77 | [Phase 2/3] route  37.09s / 36.90s / 100.5%  filo  k=4
11:27:40 | i 76 | [ ASYNC BG] bg_ails  63.44s / 60.00s / 105.7%
11:27:40 | i 77 | [HAOS ROLL] k=4  λ=0.2  vb  ac_avg  filo  P≈0.000689
11:27:40 | i 77 | [ Summary ] cost=128798.00  Δ_S*=+0.80%  Δ_BKS=+1.25%  Δ_S*_BKS=+0.45%  no_improve=69
11:27:40 | i 78 | [HAOS ROLL] k=3  λ=1.0  rb  ac_complete  filo  P≈0.001879
11:27:41 | i 78 | [Phase 1/3] decompose  0.35s / — / —  λ=1.0  rb ac_complete
11:28:35 | i 78 | [Phase 2/3] route  54.11s / 53.88s / 100.4%  filo  k=3
11:28:43 | i 77 | [ ASYNC BG] bg_ails  63.57s / 60.00s / 106.0%
11:28:44 | i 78 | [HAOS ROLL] k=3  λ=1.0  rb  ac_complete  filo  P≈0.001879
11:28:44 | i 78 | [ Summary ] cost=128322.00  Δ_S*=+0.42%  Δ_BKS=+0.87%  Δ_S*_BKS=+0.45%  no_improve=71
11:28:44 | i 79 | [HAOS ROLL] k=3  λ=0.6  rb  ac_avg  pyvrp  P≈0.002566
11:28:44 | i 79 | [Phase 1/3] decompose  0.37s / — / —  λ=0.6  rb ac_avg
11:29:44 | i 79 | [Phase 2/3] route  60.19s / 57.12s / 105.4%  pyvrp  k=3
11:29:47 | i 78 | [ ASYNC BG] bg_ails  63.60s / 60.00s / 106.0%
11:29:47 | i 79 | [HAOS ROLL] k=3  λ=0.6  rb  ac_avg  pyvrp  P≈0.002566
11:29:48 | i 79 | [ Summary ] cost=130075.00  Δ_S*=+1.79%  Δ_BKS=+2.25%  Δ_S*_BKS=+0.45%  no_improve=73
11:29:48 | i 80 | [HAOS ROLL] k=3  λ=0.6  vb  kmeans  ails2  P≈0.002246
11:29:48 | i 80 | [Phase 1/3] decompose  0.34s / — / —  λ=0.6  vb kmeans
11:30:39 | i 80 | [Phase 2/3] route  50.74s / 49.98s / 101.5%  ails2  k=3
11:30:51 | i 79 | [ ASYNC BG] bg_ails  63.56s / 60.00s / 105.9%
11:30:51 | i 80 | [HAOS ROLL] k=3  λ=0.6  vb  kmeans  ails2  P≈0.002246
11:30:51 | i 80 | [ Summary ] cost=128258.00  Δ_S*=+0.37%  Δ_BKS=+0.82%  Δ_S*_BKS=+0.45%  no_improve=75
11:30:51 | i 81 | [HAOS ROLL] k=10  λ=0.0  rb  ac_avg  ails2  P≈0.000370
11:30:51 | i 81 | [Phase 1/3] decompose  0.28s / — / —  λ=0.0  rb ac_avg
11:31:18 | i 81 | [Phase 2/3] route  26.75s / 19.44s / 137.6%  ails2  k=10
11:31:54 | i 80 | [ ASYNC BG] bg_ails  63.68s / 60.00s / 106.1%
11:31:55 | i 81 | [HAOS ROLL] k=10  λ=0.0  rb  ac_avg  ails2  P≈0.000370
11:31:55 | i 81 | [ Summary ] cost=127869.00  Δ_S*=+0.07%  Δ_BKS=+0.52%  Δ_S*_BKS=+0.45%  no_improve=77
11:31:55 | i 82 | [HAOS ROLL] k=3  λ=0.0  vb  ac_complete  ails2  P≈0.000702
11:31:55 | i 82 | [Phase 1/3] decompose  0.38s / — / —  λ=0.0  vb ac_complete
11:32:57 | i 82 | [Phase 2/3] route  61.86s / 60.12s / 102.9%  ails2  k=3
11:32:58 | i 81 | [ ASYNC BG] bg_ails  63.49s / 60.00s / 105.8%
11:32:58 | i 82 | [HAOS ROLL] k=3  λ=0.0  vb  ac_complete  ails2  P≈0.000702
11:32:58 | i 82 | [ Summary ] cost=128400.00  Δ_S*=+0.48%  Δ_BKS=+0.94%  Δ_S*_BKS=+0.45%  no_improve=79
11:32:58 | i 83 | [HAOS ROLL] k=3  λ=0.2  vb  kmedoids  filo2  P≈0.000237
11:32:59 | i 83 | [Phase 1/3] decompose  0.49s / — / —  λ=0.2  vb kmedoids
11:33:48 | i 83 | [Phase 2/3] route  49.11s / 48.60s / 101.0%  filo2  k=3
11:34:01 | i 82 | [ ASYNC BG] bg_ails  63.52s / 60.00s / 105.9%
11:34:02 | i 83 | [HAOS ROLL] k=3  λ=0.2  vb  kmedoids  filo2  P≈0.000237
11:34:02 | i 83 | [ Summary ] cost=128595.00  Δ_S*=+0.64%  Δ_BKS=+1.09%  Δ_S*_BKS=+0.45%  no_improve=81
11:34:02 | i 84 | [HAOS ROLL] k=3  λ=1.0  rb  kmeans  ails2  P≈0.000936
11:34:02 | i 84 | [Phase 1/3] decompose  0.36s / — / —  λ=1.0  rb kmeans
11:34:51 | i 84 | [Phase 2/3] route  48.71s / 47.28s / 103.0%  ails2  k=3
11:35:05 | i 83 | [ ASYNC BG] bg_ails  63.70s / 60.00s / 106.2%
11:35:05 | i 84 | [HAOS ROLL] k=3  λ=1.0  rb  kmeans  ails2  P≈0.000936
11:35:06 | i 84 | [ Summary ] cost=128086.00  Δ_S*=+0.24%  Δ_BKS=+0.69%  Δ_S*_BKS=+0.45%  no_improve=83
11:35:06 | i 85 | [HAOS ROLL] k=3  λ=1.0  vb  fcm  filo  P≈0.001490
11:35:06 | i 85 | [Phase 1/3] decompose  0.54s / — / —  λ=1.0  vb fcm
11:35:55 | i 85 | [Phase 2/3] route  49.11s / 48.54s / 101.2%  filo  k=3
11:36:09 | i 84 | [ ASYNC BG] bg_ails  63.60s / 60.00s / 106.0%
11:36:09 | i 85 | [HAOS ROLL] k=3  λ=1.0  vb  fcm  filo  P≈0.001490
11:36:09 | i 85 | [ Summary ] cost=128604.00  Δ_S*=+0.64%  Δ_BKS=+1.10%  Δ_S*_BKS=+0.45%  no_improve=85
11:36:09 | i 86 | [HAOS ROLL] k=12  λ=0.4  vb  kmedoids  filo  P≈0.000292
11:36:10 | i 86 | [Phase 1/3] decompose  0.44s / — / —  λ=0.4  vb kmedoids
11:36:36 | i 86 | [Phase 2/3] route  26.12s / 16.92s / 154.4%  filo  k=12
11:37:13 | i 85 | [ ASYNC BG] bg_ails  63.74s / 60.00s / 106.2%
11:37:13 | i 86 | [HAOS ROLL] k=12  λ=0.4  vb  kmedoids  filo  P≈0.000292
11:37:13 | i 86 | [ Summary ] cost=133178.00  Δ_S*=+4.22%  Δ_BKS=+4.69%  Δ_S*_BKS=+0.45%  no_improve=87
11:37:13 | i 87 | [HAOS ROLL] k=4  λ=1.0  rb  ac_complete  pyvrp  P≈0.001169
11:37:13 | i 87 | [Phase 1/3] decompose  0.36s / — / —  λ=1.0  rb ac_complete
11:38:00 | i 87 | [Phase 2/3] route  46.72s / 44.70s / 104.5%  pyvrp  k=4
11:38:16 | i 86 | [ ASYNC BG] bg_ails  63.85s / 60.00s / 106.4%
11:38:17 | i 87 | [HAOS ROLL] k=4  λ=1.0  rb  ac_complete  pyvrp  P≈0.001169
11:38:17 | i 87 | [ Summary ] cost=130219.00  Δ_S*=+1.91%  Δ_BKS=+2.37%  Δ_S*_BKS=+0.45%  no_improve=89
11:38:17 | i 88 | [HAOS ROLL] k=3  λ=0.2  vb  kmedoids  pyvrp  P≈0.001330
11:38:17 | i 88 | [Phase 1/3] decompose  0.49s / — / —  λ=0.2  vb kmedoids
11:39:08 | i 88 | [Phase 2/3] route  50.95s / 48.60s / 104.8%  pyvrp  k=3
11:39:20 | i 87 | [ ASYNC BG] bg_ails  63.72s / 60.00s / 106.2%
11:39:20 | i 88 | [HAOS ROLL] k=3  λ=0.2  vb  kmedoids  pyvrp  P≈0.001330
11:39:20 | i 88 | [ Summary ] cost=130621.00  Δ_S*=+2.22%  Δ_BKS=+2.68%  Δ_S*_BKS=+0.45%  no_improve=91
11:39:20 | i 89 | [HAOS ROLL] k=3  λ=0.6  rb  kmeans  filo  P≈0.004651
11:39:21 | i 89 | [Phase 1/3] decompose  0.36s / — / —  λ=0.6  rb kmeans
11:40:08 | i 89 | [Phase 2/3] route  47.11s / 47.40s / 99.4%  filo  k=3
11:40:24 | i 88 | [ ASYNC BG] bg_ails  63.71s / 60.00s / 106.2%
11:40:24 | i 89 | [HAOS ROLL] k=3  λ=0.6  rb  kmeans  filo  P≈0.004651
11:40:24 | i 89 | [ Summary ] cost=128447.00  Δ_S*=+0.52%  Δ_BKS=+0.97%  Δ_S*_BKS=+0.45%  no_improve=93
11:40:24 | i 90 | [HAOS ROLL] k=2  λ=0.8  rb  ac_complete  pyvrp  P≈0.000402
11:40:25 | i 90 | [Phase 1/3] decompose  0.36s / — / —  λ=0.8  rb ac_complete
11:41:46 | i 90 | [Phase 2/3] route  81.26s / 76.14s / 106.7%  pyvrp  k=2
11:41:46 | i 89 | [ ASYNC BG] bg_ails  63.69s / 60.00s / 106.2%
11:41:46 | i 90 | [HAOS ROLL] k=2  λ=0.8  rb  ac_complete  pyvrp  P≈0.000402
11:41:46 | i 90 | [ Summary ] cost=130477.00  Δ_S*=+2.11%  Δ_BKS=+2.57%  Δ_S*_BKS=+0.45%  no_improve=95
11:41:46 | i 91 | [HAOS ROLL] k=12  λ=0.6  vb  ac_complete  pyvrp  P≈0.000891
11:41:47 | i 91 | [Phase 1/3] decompose  0.50s / — / —  λ=0.6  vb ac_complete
11:42:11 | i 91 | [Phase 2/3] route  24.35s / 16.38s / 148.7%  pyvrp  k=12
11:43:03 | i 90 | [ ASYNC BG] bg_ails  77.67s / 74.31s / 104.5%
11:43:04 | i 91 | [HAOS ROLL] k=12  λ=0.6  vb  ac_complete  pyvrp  P≈0.000891
11:43:04 | i 91 | [ Summary ] cost=133005.00  Δ_S*=+4.09%  Δ_BKS=+4.56%  Δ_S*_BKS=+0.45%  no_improve=97
11:43:04 | i 92 | [HAOS ROLL] k=4  λ=0.8  vb  kmedoids  filo  P≈0.000774
11:43:04 | i 92 | [Phase 1/3] decompose  0.57s / — / —  λ=0.8  vb kmedoids
11:43:40 | i 92 | [Phase 2/3] route  36.09s / 36.00s / 100.3%  filo  k=4
11:44:07 | i 91 | [ ASYNC BG] bg_ails  63.62s / 60.00s / 106.0%
11:44:07 | i 92 | [HAOS ROLL] k=4  λ=0.8  vb  kmedoids  filo  P≈0.000774
11:44:07 | i 92 | [ Summary ] cost=128964.00  Δ_S*=+0.93%  Δ_BKS=+1.38%  Δ_S*_BKS=+0.45%  no_improve=99
11:44:07 | i 93 | [HAOS ROLL] k=10  λ=0.2  vb  kmeans  ails2  P≈0.000305
11:44:08 | i 93 | [Phase 1/3] decompose  0.36s / — / —  λ=0.2  vb kmeans
11:44:35 | i 93 | [Phase 2/3] route  27.72s / 17.94s / 154.5%  ails2  k=10
11:45:11 | i 92 | [ ASYNC BG] bg_ails  63.64s / 60.00s / 106.1%
11:45:11 | i 93 | [HAOS ROLL] k=10  λ=0.2  vb  kmeans  ails2  P≈0.000305
11:45:11 | i 93 | [ Summary ] cost=130677.00  Δ_S*=+2.27%  Δ_BKS=+2.73%  Δ_S*_BKS=+0.45%  no_improve=101
11:45:11 | i 94 | [HAOS ROLL] k=3  λ=0.6  vb  kmedoids  filo  P≈0.006271
11:45:11 | i 94 | [Phase 1/3] decompose  0.46s / — / —  λ=0.6  vb kmedoids
11:46:06 | i 94 | [Phase 2/3] route  54.12s / 53.70s / 100.8%  filo  k=3
11:46:14 | i 93 | [ ASYNC BG] bg_ails  63.63s / 60.00s / 106.0%
11:46:15 | i 94 | [HAOS ROLL] k=3  λ=0.6  vb  kmedoids  filo  P≈0.006271
11:46:15 | i 94 | [ Summary ] cost=128621.00  Δ_S*=+0.66%  Δ_BKS=+1.11%  Δ_S*_BKS=+0.45%  no_improve=103
11:46:15 | i 82 | [ASYNC 1/2] sp_sc  0.00s / 720.00s / 0.0%  SC
11:46:15 | i 95 | [HAOS ROLL] k=3  λ=0.0  rb  ac_complete  ails2  P≈0.001721
11:46:15 | i 95 | [Phase 1/3] decompose  0.28s / — / —  λ=0.0  rb ac_complete
11:47:10 | i 95 | [Phase 2/3] route  54.97s / 53.88s / 102.0%  ails2  k=3
11:47:18 | i 94 | [ ASYNC BG] bg_ails  63.60s / 60.00s / 106.0%
11:47:18 | i 95 | [HAOS ROLL] k=3  λ=0.0  rb  ac_complete  ails2  P≈0.001721
11:47:18 | i 95 | [ Summary ] cost=128037.00  Δ_S*=+0.20%  Δ_BKS=+0.65%  Δ_S*_BKS=+0.45%  no_improve=105
11:47:18 | i 96 | [HAOS ROLL] k=4  λ=1.0  rb  kmeans  filo  P≈0.001086
11:47:19 | i 96 | [Phase 1/3] decompose  0.36s / — / —  λ=1.0  rb kmeans
11:47:55 | i 96 | [Phase 2/3] route  36.09s / 36.42s / 99.1%  filo  k=4
11:48:21 | i 95 | [ ASYNC BG] bg_ails  63.38s / 60.00s / 105.6%
11:48:22 | i 96 | [HAOS ROLL] k=4  λ=1.0  rb  kmeans  filo  P≈0.001086
11:48:22 | i 96 | [ Summary ] cost=128442.00  Δ_S*=+0.52%  Δ_BKS=+0.97%  Δ_S*_BKS=+0.45%  no_improve=107
11:48:22 | i 97 | [HAOS ROLL] k=4  λ=1.0  vb  kmedoids  ails2  P≈0.001298
11:48:22 | i 97 | [Phase 1/3] decompose  0.68s / — / —  λ=1.0  vb kmedoids
11:49:00 | i 97 | [Phase 2/3] route  37.84s / 36.00s / 105.1%  ails2  k=4
11:49:25 | i 96 | [ ASYNC BG] bg_ails  63.60s / 60.00s / 106.0%
11:49:25 | i 97 | [HAOS ROLL] k=4  λ=1.0  vb  kmedoids  ails2  P≈0.001298
11:49:25 | i 97 | [ Summary ] cost=128463.00  Δ_S*=+0.53%  Δ_BKS=+0.98%  Δ_S*_BKS=+0.45%  no_improve=109
11:49:25 | i 98 | [HAOS ROLL] k=12  λ=0.6  vb  kmedoids  ails2  P≈0.001906
11:49:26 | i 98 | [Phase 1/3] decompose  0.45s / — / —  λ=0.6  vb kmedoids
11:49:56 | i 98 | [Phase 2/3] route  29.87s / 15.42s / 193.7%  ails2  k=12
11:50:29 | i 97 | [ ASYNC BG] bg_ails  63.54s / 60.00s / 105.9%
11:50:29 | i 98 | [HAOS ROLL] k=12  λ=0.6  vb  kmedoids  ails2  P≈0.001906
11:50:29 | i 98 | [ Summary ] cost=132145.00  Δ_S*=+3.41%  Δ_BKS=+3.88%  Δ_S*_BKS=+0.45%  no_improve=111
11:50:29 | i 99 | [HAOS ROLL] k=3  λ=1.0  rb  kmeans  pyvrp  P≈0.002545
11:50:29 | i 99 | [Phase 1/3] decompose  0.37s / — / —  λ=1.0  rb kmeans
11:51:22 | i 99 | [Phase 2/3] route  53.32s / 50.76s / 105.0%  pyvrp  k=3
11:51:32 | i 98 | [ ASYNC BG] bg_ails  63.76s / 60.00s / 106.3%
11:51:32 | i 99 | [HAOS ROLL] k=3  λ=1.0  rb  kmeans  pyvrp  P≈0.002545
11:51:33 | i 99 | [ Summary ] cost=130418.00  Δ_S*=+2.06%  Δ_BKS=+2.52%  Δ_S*_BKS=+0.45%  no_improve=113
11:51:33 | i 100 | [HAOS ROLL] k=4  λ=0.2  vb  kmeans  filo  P≈0.000905
11:51:33 | i 100 | [Phase 1/3] decompose  0.35s / — / —  λ=0.2  vb kmeans
11:52:08 | i 100 | [Phase 2/3] route  35.09s / 34.68s / 101.2%  filo  k=4
11:52:36 | i 99 | [ ASYNC BG] bg_ails  63.64s / 60.00s / 106.1%
11:52:36 | i 100 | [HAOS ROLL] k=4  λ=0.2  vb  kmeans  filo  P≈0.000905
11:52:36 | i 100 | [ Summary ] cost=128984.00  Δ_S*=+0.94%  Δ_BKS=+1.39%  Δ_S*_BKS=+0.45%  no_improve=115
11:52:36 | i 101 | [HAOS ROLL] k=3  λ=0.6  rb  kmeans  filo  P≈0.005862
11:52:37 | i 101 | [Phase 1/3] decompose  0.37s / — / —  λ=0.6  rb kmeans
11:53:29 | i 101 | [Phase 2/3] route  52.12s / 51.72s / 100.8%  filo  k=3
11:53:40 | i 100 | [ ASYNC BG] bg_ails  63.56s / 60.00s / 105.9%
11:53:40 | i 101 | [HAOS ROLL] k=3  λ=0.6  rb  kmeans  filo  P≈0.005862
11:53:40 | i 101 | [ Summary ] cost=128391.00  Δ_S*=+0.48%  Δ_BKS=+0.93%  Δ_S*_BKS=+0.45%  no_improve=117
11:53:40 | i 102 | [HAOS ROLL] k=3  λ=0.0  rb  kmeans  pyvrp  P≈0.001409
11:53:40 | i 102 | [Phase 1/3] decompose  0.28s / — / —  λ=0.0  rb kmeans
11:54:31 | i 102 | [Phase 2/3] route  51.13s / 48.66s / 105.1%  pyvrp  k=3
11:54:43 | i 101 | [ ASYNC BG] bg_ails  63.66s / 60.00s / 106.1%
11:54:43 | i 102 | [HAOS ROLL] k=3  λ=0.0  rb  kmeans  pyvrp  P≈0.001409
11:54:43 | i 102 | [ Summary ] cost=130498.00  Δ_S*=+2.13%  Δ_BKS=+2.58%  Δ_S*_BKS=+0.45%  no_improve=119
11:54:43 | i 103 | [HAOS ROLL] k=6  λ=0.6  vb  fcm  filo2  P≈0.000197
11:54:44 | i 103 | [Phase 1/3] decompose  0.52s / — / —  λ=0.6  vb fcm
11:55:08 | i 103 | [Phase 2/3] route  24.10s / 23.94s / 100.7%  filo2  k=6
11:55:47 | i 102 | [ ASYNC BG] bg_ails  63.58s / 60.00s / 106.0%
11:55:47 | i 103 | [HAOS ROLL] k=6  λ=0.6  vb  fcm  filo2  P≈0.000197
11:55:47 | i 103 | [ Summary ] cost=129921.00  Δ_S*=+1.67%  Δ_BKS=+2.13%  Δ_S*_BKS=+0.45%  no_improve=121
11:55:47 | i 104 | [HAOS ROLL] k=10  λ=0.8  rb  kmeans  ails2  P≈0.000490
11:55:47 | i 104 | [Phase 1/3] decompose  0.37s / — / —  λ=0.8  rb kmeans
11:56:22 | i 104 | [Phase 2/3] route  34.81s / 21.00s / 165.7%  ails2  k=10
11:56:50 | i 103 | [ ASYNC BG] bg_ails  63.59s / 60.00s / 106.0%
11:56:51 | i 104 | [HAOS ROLL] k=10  λ=0.8  rb  kmeans  ails2  P≈0.000490
11:56:51 | i 104 | [ Summary ] cost=127873.00  Δ_S*=+0.07%  Δ_BKS=+0.52%  Δ_S*_BKS=+0.45%  no_improve=123
11:56:51 | i 105 | [HAOS ROLL] k=6  λ=0.6  rb  ac_complete  filo  P≈0.001738
11:56:51 | i 105 | [Phase 1/3] decompose  0.37s / — / —  λ=0.6  rb ac_complete
11:57:22 | i 105 | [Phase 2/3] route  31.11s / 31.44s / 99.0%  filo  k=6
11:57:54 | i 104 | [ ASYNC BG] bg_ails  63.60s / 60.00s / 106.0%
11:57:54 | i 105 | [HAOS ROLL] k=6  λ=0.6  rb  ac_complete  filo  P≈0.001738
11:57:54 | i 105 | [ Summary ] cost=129214.00  Δ_S*=+1.12%  Δ_BKS=+1.58%  Δ_S*_BKS=+0.45%  no_improve=125
11:57:54 | i 106 | [HAOS ROLL] k=10  λ=0.6  rb  ac_complete  filo  P≈0.002033
11:57:55 | i 106 | [Phase 1/3] decompose  0.37s / — / —  λ=0.6  rb ac_complete
11:58:24 | i 106 | [Phase 2/3] route  29.10s / 17.46s / 166.7%  filo  k=10
11:58:58 | i 105 | [ ASYNC BG] bg_ails  63.63s / 60.00s / 106.1%
11:58:58 | i 106 | [HAOS ROLL] k=10  λ=0.6  rb  ac_complete  filo  P≈0.002033
11:58:58 | i 106 | [ Summary ] cost=129042.00  Δ_S*=+0.99%  Δ_BKS=+1.44%  Δ_S*_BKS=+0.45%  no_improve=127
11:58:58 | i 107 | [HAOS ROLL] k=10  λ=0.8  rb  ac_avg  pyvrp  P≈0.000387
11:58:58 | i 107 | [Phase 1/3] decompose  0.37s / — / —  λ=0.8  rb ac_avg
11:59:23 | i 107 | [Phase 2/3] route  25.25s / 19.44s / 129.9%  pyvrp  k=10
12:00:01 | i 106 | [ ASYNC BG] bg_ails  63.66s / 60.00s / 106.1%
12:00:01 | i 107 | [HAOS ROLL] k=10  λ=0.8  rb  ac_avg  pyvrp  P≈0.000387
12:00:01 | i 107 | [ Summary ] cost=129961.00  Δ_S*=+1.71%  Δ_BKS=+2.16%  Δ_S*_BKS=+0.45%  no_improve=129
12:00:01 | i 108 | [HAOS ROLL] k=3  λ=0.0  rb  ac_avg  filo2  P≈0.000327
12:00:02 | i 108 | [Phase 1/3] decompose  0.40s / — / —  λ=0.0  rb ac_avg
12:00:59 | i 108 | [Phase 2/3] route  57.13s / 57.12s / 100.0%  filo2  k=3
12:01:05 | i 107 | [ ASYNC BG] bg_ails  63.71s / 60.00s / 106.2%
12:01:05 | i 108 | [HAOS ROLL] k=3  λ=0.0  rb  ac_avg  filo2  P≈0.000327
12:01:05 | i 108 | [ Summary ] cost=128396.00  Δ_S*=+0.48%  Δ_BKS=+0.93%  Δ_S*_BKS=+0.45%  no_improve=131
12:01:05 | i 109 | [HAOS ROLL] k=3  λ=0.6  vb  kmedoids  pyvrp  P≈0.003180
12:01:06 | i 109 | [Phase 1/3] decompose  0.47s / — / —  λ=0.6  vb kmedoids
12:02:02 | i 109 | [Phase 2/3] route  56.53s / 53.70s / 105.3%  pyvrp  k=3
12:02:09 | i 108 | [ ASYNC BG] bg_ails  63.57s / 60.00s / 105.9%
12:02:09 | i 109 | [HAOS ROLL] k=3  λ=0.6  vb  kmedoids  pyvrp  P≈0.003180
12:02:09 | i 109 | [ Summary ] cost=130742.00  Δ_S*=+2.32%  Δ_BKS=+2.78%  Δ_S*_BKS=+0.45%  no_improve=133
12:02:09 | i 110 | [HAOS ROLL] k=10  λ=1.0  rb  kmeans  filo2  P≈0.000926
12:02:09 | i 110 | [Phase 1/3] decompose  0.37s / — / —  λ=1.0  rb kmeans
12:02:34 | i 110 | [Phase 2/3] route  25.10s / 24.18s / 103.8%  filo2  k=10
12:03:12 | i 109 | [ ASYNC BG] bg_ails  63.67s / 60.00s / 106.1%
12:03:13 | i 110 | [HAOS ROLL] k=10  λ=1.0  rb  kmeans  filo2  P≈0.000926
12:03:13 | i 110 | [ Summary ] cost=129599.00  Δ_S*=+1.42%  Δ_BKS=+1.88%  Δ_S*_BKS=+0.45%  no_improve=135
12:03:13 | i 111 | [HAOS ROLL] k=6  λ=0.6  rb  kmeans  ails2  P≈0.002329
12:03:13 | i 111 | [Phase 1/3] decompose  0.37s / — / —  λ=0.6  rb kmeans
12:03:43 | i 111 | [Phase 2/3] route  29.67s / 28.32s / 104.8%  ails2  k=6
12:04:16 | i 110 | [ ASYNC BG] bg_ails  63.63s / 60.00s / 106.1%
12:04:16 | i 111 | [HAOS ROLL] k=6  λ=0.6  rb  kmeans  ails2  P≈0.002329
12:04:16 | i 111 | [ Summary ] cost=128018.00  Δ_S*=+0.18%  Δ_BKS=+0.64%  Δ_S*_BKS=+0.45%  no_improve=137
12:04:16 | i 112 | [HAOS ROLL] k=10  λ=0.8  rb  ac_avg  filo2  P≈0.000717
12:04:17 | i 112 | [Phase 1/3] decompose  0.36s / — / —  λ=0.8  rb ac_avg
12:04:42 | i 112 | [Phase 2/3] route  25.10s / 19.44s / 129.1%  filo2  k=10
12:04:42 | i 112 | [HAOS ROLL] k=10  λ=0.8  rb  ac_avg  filo2  P≈0.000717
12:04:42 | i 112 | [ Summary ] cost=129229.00  Δ_S*=+1.13%  Δ_BKS=+1.59%  Δ_S*_BKS=+0.45%  no_improve=138
12:04:42 | i 113 | [HAOS ROLL] k=3  λ=0.4  vb  kmedoids  filo2  P≈0.000626
12:04:42 | i 113 | [Phase 1/3] decompose  0.54s / — / —  λ=0.4  vb kmedoids
12:05:32 | i 113 | [Phase 2/3] route  50.10s / 49.74s / 100.7%  filo2  k=3
12:05:33 | i 113 | [HAOS ROLL] k=3  λ=0.4  vb  kmedoids  filo2  P≈0.000626
12:05:33 | i 113 | [ Summary ] cost=128516.00  Δ_S*=+0.57%  Δ_BKS=+1.03%  Δ_S*_BKS=+0.45%  no_improve=139
12:05:33 | i — | [  FINAL  ] async BG-AILS totals launched=110 applied=110 adopted=3 launch_skipped_cap=3 crashes=0 discarded_in_flight=False block_wait_total_s=2621.2
12:05:58 | i — | [  FINAL  ] async SP/SC totals invocations=6 adopted=2 skipped=0 discarded_in_flight=True sp_busy_frac=0.6831999830878365
12:05:58 | i — | [  FINAL  ] ════════════════════════════════════════
12:05:58 | i — | [  FINAL  ] Run complete  iterations=113  elapsed=02:00:57  best=127782.00
12:05:58 | i — | [  FINAL  ] Δ_BKS=+0.45%  no_improve_stop=False  time_stop=True  cancelled=False
12:05:58 | i — | [  FINAL  ] 
12:05:58 | i — | [  FINAL  ] [BEST SOLUTION — HAOS TAG SUMMARY]
12:05:58 | i — | [  FINAL  ] ────────────────────────────────────────
12:05:58 | i — | [  FINAL  ]   7 routes  vb  ac_complete  k=3  λ=0.4  solver=ails2
12:05:58 | i — | [  FINAL  ]   6 routes  vb  ac_complete  k=2  λ=0.0  solver=filo
12:05:58 | i — | [  FINAL  ]   4 routes  vb  ac_avg  k=12  λ=0.6  solver=filo2
12:05:58 | i — | [  FINAL  ]   4 routes  rb  ac_avg  k=3  λ=0.6  solver=filo
12:05:58 | i — | [  FINAL  ]   3 routes  vb  kmeans  k=4  λ=1.0  solver=filo
12:05:58 | i — | [  FINAL  ]   3 routes  vb  kmeans  k=6  λ=0.6  solver=filo
12:05:58 | i — | [  FINAL  ]   3 routes  vb  kmeans  k=12  λ=0.4  solver=pyvrp
12:05:58 | i — | [  FINAL  ]   3 routes  vb  ac_complete  k=12  λ=0.4  solver=ails2
12:05:58 | i — | [  FINAL  ]   2 routes  rb  kmeans  k=4  λ=0.6  solver=ails2
12:05:58 | i — | [  FINAL  ]   2 routes  vb  ac_avg  k=3  λ=1.0  solver=pyvrp
12:05:58 | i — | [  FINAL  ]   2 routes  rb  kmeans  k=12  λ=1.0  solver=ails2
12:05:58 | i — | [  FINAL  ]   2 routes  rb  kmeans  k=2  λ=0.6  solver=pyvrp
12:05:58 | i — | [  FINAL  ]   1 routes  rb  kmeans  k=12  λ=0.8  solver=ails2
12:05:58 | i — | [  FINAL  ]   1 routes  vb  kmedoids  k=12  λ=1.0  solver=filo
12:05:58 | i — | [  FINAL  ]   1 routes  rb  ac_avg  k=4  λ=0.6  solver=filo
12:05:58 | i — | [  FINAL  ]   1 routes  vb  ac_complete  k=6  λ=0.8  solver=ails2
12:05:58 | i — | [  FINAL  ]   1 routes  vb  ac_avg  k=12  λ=0.0  solver=filo2
12:05:58 | i — | [  FINAL  ]   1 routes  vb  kmeans  k=2  λ=0.4  solver=filo
12:05:58 | i — | [  FINAL  ]   1 routes  rb  ac_complete  k=8  λ=0.6  solver=ails2
12:05:58 | i — | [  FINAL  ]   1 routes  vb  fcm  k=6  λ=0.6  solver=filo
12:05:58 | i — | [  FINAL  ]   1 routes  rb  ac_complete  k=12  λ=1.0  solver=filo
12:05:58 | i — | [  FINAL  ]   1 routes  rb  ac_complete  k=6  λ=0.8  solver=filo2
12:05:58 | i — | [  FINAL  ]   1 routes  rb  ac_complete  k=10  λ=0.6  solver=ails2
12:05:58 | i — | [  FINAL  ]   1 routes  vb  kmeans  k=6  λ=0.6  solver=ails2
12:05:58 | i — | [  FINAL  ]   1 routes  rb  ac_complete  k=6  λ=0.4  solver=filo2
12:05:58 | i — | [  FINAL  ]   1 routes  rb  kmeans  k=6  λ=0.6  solver=filo
12:05:58 | i — | [  FINAL  ]   1 routes  rb  ac_complete  k=6  λ=0.6  solver=filo
12:05:58 | i — | [  FINAL  ]   1 routes  rb  ac_complete  k=12  λ=0.2  solver=filo2
12:05:58 | i — | [  FINAL  ]   82 routes  post-SP/SC improvement
12:05:58 | i — | [  FINAL  ] 
12:05:58 | i — | [  FINAL  ] [ROUTE POOL — HAOS TAG SUMMARY]
12:05:58 | i — | [  FINAL  ] ────────────────────────────────────────
12:05:58 | i — | [  FINAL  ]   379 routes  rb  kmeans  k=3  λ=0.6  solver=filo
12:05:58 | i — | [  FINAL  ]   234 routes  vb  ac_complete  k=12  λ=0.6  solver=pyvrp
12:05:58 | i — | [  FINAL  ]   232 routes  rb  kmeans  k=3  λ=1.0  solver=pyvrp
12:05:58 | i — | [  FINAL  ]   230 routes  rb  kmeans  k=3  λ=0.0  solver=pyvrp
12:05:58 | i — | [  FINAL  ]   227 routes  vb  kmeans  k=8  λ=0.4  solver=pyvrp
12:05:58 | i — | [  FINAL  ]   227 routes  rb  ac_complete  k=2  λ=0.8  solver=pyvrp
12:05:58 | i — | [  FINAL  ]   226 routes  vb  fcm  k=3  λ=0.6  solver=pyvrp
12:05:58 | i — | [  FINAL  ]   226 routes  vb  kmedoids  k=3  λ=0.6  solver=pyvrp
12:05:58 | i — | [  FINAL  ]   225 routes  vb  kmedoids  k=3  λ=0.2  solver=pyvrp
12:05:58 | i — | [  FINAL  ]   220 routes  vb  fcm  k=6  λ=0.6  solver=pyvrp
12:05:58 | i — | [  FINAL  ]   217 routes  vb  kmeans  k=10  λ=0.2  solver=ails2
12:05:58 | i — | [  FINAL  ]   217 routes  rb  ac_avg  k=3  λ=0.6  solver=pyvrp
12:05:58 | i — | [  FINAL  ]   215 routes  vb  kmedoids  k=12  λ=0.6  solver=ails2
12:05:58 | i — | [  FINAL  ]   212 routes  rb  ac_complete  k=3  λ=0.0  solver=pyvrp
12:05:58 | i — | [  FINAL  ]   211 routes  vb  kmedoids  k=12  λ=0.4  solver=filo
12:05:58 | i — | [  FINAL  ]   209 routes  vb  kmeans  k=4  λ=0.2  solver=filo
12:05:58 | i — | [  FINAL  ]   206 routes  rb  ac_complete  k=6  λ=0.6  solver=pyvrp
12:05:58 | i — | [  FINAL  ]   206 routes  vb  kmedoids  k=4  λ=1.0  solver=ails2
12:05:58 | i — | [  FINAL  ]   205 routes  rb  ac_complete  k=4  λ=1.0  solver=pyvrp
12:05:58 | i — | [  FINAL  ]   200 routes  vb  ac_complete  k=10  λ=0.2  solver=filo
12:05:58 | i — | [  FINAL  ]   200 routes  vb  kmedoids  k=3  λ=0.6  solver=filo
12:05:58 | i — | [  FINAL  ]   200 routes  vb  fcm  k=6  λ=0.6  solver=filo2
12:05:58 | i — | [  FINAL  ]   197 routes  vb  kmeans  k=6  λ=0.4  solver=ails2
12:05:58 | i — | [  FINAL  ]   197 routes  vb  kmedoids  k=3  λ=0.2  solver=filo2
12:05:58 | i — | [  FINAL  ]   193 routes  vb  kmedoids  k=4  λ=0.8  solver=filo
12:05:58 | i — | [  FINAL  ]   192 routes  rb  ac_avg  k=10  λ=0.8  solver=pyvrp
12:05:58 | i — | [  FINAL  ]   191 routes  rb  ac_complete  k=6  λ=0.6  solver=filo
12:05:58 | i — | [  FINAL  ]   191 routes  rb  kmeans  k=4  λ=1.0  solver=filo
12:05:58 | i — | [  FINAL  ]   190 routes  vb  kmeans  k=12  λ=0.6  solver=ails2
12:05:58 | i — | [  FINAL  ]   190 routes  vb  ac_avg  k=4  λ=0.2  solver=filo
12:05:58 | i — | [  FINAL  ]   184 routes  vb  kmeans  k=12  λ=0.2  solver=ails2
12:05:58 | i — | [  FINAL  ]   183 routes  rb  ac_complete  k=10  λ=0.4  solver=pyvrp
12:05:58 | i — | [  FINAL  ]   183 routes  rb  ac_complete  k=3  λ=0.0  solver=ails2
12:05:58 | i — | [  FINAL  ]   183 routes  vb  ac_complete  k=3  λ=0.0  solver=ails2
12:05:58 | i — | [  FINAL  ]   181 routes  vb  fcm  k=3  λ=0.6  solver=filo
12:05:58 | i — | [  FINAL  ]   178 routes  vb  fcm  k=3  λ=1.0  solver=filo
12:05:58 | i — | [  FINAL  ]   177 routes  vb  fcm  k=4  λ=0.6  solver=filo
12:05:58 | i — | [  FINAL  ]   173 routes  rb  ac_complete  k=3  λ=1.0  solver=filo
12:05:58 | i — | [  FINAL  ]   169 routes  vb  kmeans  k=3  λ=0.6  solver=ails2
12:05:58 | i — | [  FINAL  ]   166 routes  vb  fcm  k=4  λ=1.0  solver=filo
12:05:58 | i — | [  FINAL  ]   164 routes  rb  ac_avg  k=3  λ=0.0  solver=filo2
12:05:58 | i — | [  FINAL  ]   159 routes  vb  ac_avg  k=12  λ=0.6  solver=filo
12:05:58 | i — | [  FINAL  ]   158 routes  rb  kmeans  k=3  λ=1.0  solver=ails2
12:05:58 | i — | [  FINAL  ]   155 routes  rb  ac_complete  k=10  λ=0.6  solver=filo
12:05:58 | i — | [  FINAL  ]   153 routes  rb  ac_avg  k=4  λ=0.6  solver=ails2
12:05:58 | i — | [  FINAL  ]   135 routes  rb  ac_avg  k=10  λ=0.0  solver=ails2
12:05:58 | i — | [  FINAL  ]   135 routes  rb  kmeans  k=10  λ=0.8  solver=ails2
12:05:58 | i — | [  FINAL  ]   135 routes  rb  kmeans  k=10  λ=1.0  solver=filo2
12:05:58 | i — | [  FINAL  ]   101 routes  vb  kmedoids  k=3  λ=0.4  solver=filo2
12:05:58 | i — | [  FINAL  ]   97 routes  vb  ac_avg  k=12  λ=0.6  solver=filo2
12:05:58 | i — | [  FINAL  ]   86 routes  rb  kmeans  k=6  λ=0.6  solver=ails2
12:05:58 | i — | [  FINAL  ]   62 routes  rb  ac_avg  k=10  λ=0.8  solver=filo2
12:05:58 | i — | [  FINAL  ]   7 routes  vb  ac_complete  k=3  λ=0.4  solver=ails2
12:05:58 | i — | [  FINAL  ]   6 routes  vb  ac_complete  k=2  λ=0.0  solver=filo
12:05:58 | i — | [  FINAL  ]   4 routes  rb  ac_avg  k=3  λ=0.6  solver=filo
12:05:58 | i — | [  FINAL  ]   3 routes  vb  kmeans  k=6  λ=0.6  solver=filo
12:05:58 | i — | [  FINAL  ]   3 routes  vb  kmeans  k=12  λ=0.4  solver=pyvrp
12:05:58 | i — | [  FINAL  ]   3 routes  vb  kmeans  k=4  λ=1.0  solver=filo
12:05:58 | i — | [  FINAL  ]   3 routes  vb  ac_complete  k=12  λ=0.4  solver=ails2
12:05:58 | i — | [  FINAL  ]   2 routes  rb  kmeans  k=4  λ=0.6  solver=ails2
12:05:58 | i — | [  FINAL  ]   2 routes  vb  ac_avg  k=3  λ=1.0  solver=pyvrp
12:05:58 | i — | [  FINAL  ]   2 routes  rb  kmeans  k=12  λ=1.0  solver=ails2
12:05:58 | i — | [  FINAL  ]   2 routes  rb  kmeans  k=2  λ=0.6  solver=pyvrp
12:05:58 | i — | [  FINAL  ]   1 routes  rb  ac_complete  k=8  λ=0.6  solver=ails2
12:05:58 | i — | [  FINAL  ]   1 routes  rb  kmeans  k=12  λ=0.8  solver=ails2
12:05:58 | i — | [  FINAL  ]   1 routes  vb  ac_complete  k=6  λ=0.8  solver=ails2
12:05:58 | i — | [  FINAL  ]   1 routes  rb  ac_complete  k=6  λ=0.4  solver=filo2
12:05:58 | i — | [  FINAL  ]   1 routes  vb  kmeans  k=6  λ=0.6  solver=ails2
12:05:58 | i — | [  FINAL  ]   1 routes  vb  kmeans  k=2  λ=0.4  solver=filo
12:05:58 | i — | [  FINAL  ]   1 routes  rb  ac_complete  k=6  λ=0.8  solver=filo2
12:05:58 | i — | [  FINAL  ]   1 routes  rb  ac_complete  k=12  λ=1.0  solver=filo
12:05:58 | i — | [  FINAL  ]   1 routes  rb  ac_complete  k=12  λ=0.2  solver=filo2
12:05:58 | i — | [  FINAL  ]   1 routes  rb  kmeans  k=6  λ=0.6  solver=filo
12:05:58 | i — | [  FINAL  ]   1 routes  vb  ac_avg  k=12  λ=0.0  solver=filo2
12:05:58 | i — | [  FINAL  ]   1 routes  vb  kmedoids  k=12  λ=1.0  solver=filo
12:05:58 | i — | [  FINAL  ]   1 routes  vb  fcm  k=6  λ=0.6  solver=filo
12:05:58 | i — | [  FINAL  ]   1 routes  rb  ac_avg  k=4  λ=0.6  solver=filo
12:05:58 | i — | [  FINAL  ]   1 routes  rb  ac_complete  k=10  λ=0.6  solver=ails2
12:05:58 | i — | [  FINAL  ]   166 routes  post-SP/SC improvement
12:05:58 | i — | [  FINAL  ] ════════════════════════════════════════
