18:10:20 | i — | [  INIT   ] ════════════════════════════════════════
18:10:20 | i — | [  INIT   ] DRISPI  instance=X-n3054-k461  n=3053  capacity=497
18:10:20 | i — | [  INIT   ] k domain (computed at init): [2, 3, 4, 6, 8, 10, 12]  k_ext=12  k_min=461  k_ext_bound=n_bound  spacing_rejected=0
18:10:20 | i — | [  INIT   ] ══════════════════════════════════════════════════════
18:10:20 | i — | [  INIT   ] CONFIGURATION
18:10:20 | i — | [  INIT   ] ── stopping ────────────────────────────────
18:10:20 | i — | [  INIT   ]   time_limit                  = 7200.0
18:10:20 | i — | [  INIT   ]   max_no_improve              = 1000000000
18:10:20 | i — | [  INIT   ] ── parallelism ─────────────────────────────
18:10:20 | i — | [  INIT   ]   n_workers                   = 8
18:10:20 | i — | [  INIT   ] ── cores ───────────────────────────────────
18:10:20 | i — | [  INIT   ]   cores_total                 = 8
18:10:20 | i — | [  INIT   ]   cores_dri                   = 6
18:10:20 | i — | [  INIT   ]   cores_bg                    = 1
18:10:20 | i — | [  INIT   ]   cores_sp                    = 1
18:10:20 | i — | [  INIT   ]   cores_cpu_list              = None
18:10:20 | i — | [  INIT   ] ── sp/sc ───────────────────────────────────
18:10:20 | i — | [  INIT   ]   sp_sc_mode                  = async
18:10:20 | i — | [  INIT   ]   sp_sc_trigger               = wallclock
18:10:20 | i — | [  INIT   ]   interval_minutes            = 20.0
18:10:20 | i — | [  INIT   ]   overlap_policy              = skip
18:10:20 | i — | [  INIT   ]   warmup_iterations           = 5
18:10:20 | i — | [  INIT   ]   sp_interval                 = 3
18:10:20 | i — | [  INIT   ]   min_coverage                = 5
18:10:20 | i — | [  INIT   ]   sp_time_limit               = 720.0
18:10:20 | i — | [  INIT   ]   mip_gap                     = 0.00025
18:10:20 | i — | [  INIT   ] ── decomposition ───────────────────────────
18:10:20 | i — | [  INIT   ]   decomp_k_base_arms          = [2, 3, 4, 6, 8, 10, 12]
18:10:20 | i — | [  INIT   ]   decomp_k_max_arms           = 10
18:10:20 | i — | [  INIT   ]   decomp_k_ext_per_1000       = 4
18:10:20 | i — | [  INIT   ]   decomp_k_min_routes_per_cluster= 8
18:10:20 | i — | [  INIT   ]   decomp_k_min_arm_spacing    = 2
18:10:20 | i — | [  INIT   ]   subcluster_rate_s_per_customer= 0.06
18:10:20 | i — | [  INIT   ]   subcluster_floor_s          = 5.0
18:10:20 | i — | [  INIT   ] ── bg_ails ─────────────────────────────────
18:10:20 | i — | [  INIT   ]   bg_ails_mode                = async
18:10:20 | i — | [  INIT   ]   bg_ails_crash_threshold     = 1
18:10:20 | i — | [  INIT   ]   bg_ails_budget_mode         = predicted_dr_wall
18:10:20 | i — | [  INIT   ]   bg_ails_budget_floor_s      = 60.0
18:10:20 | i — | [  INIT   ]   bg_ails_budget_margin       = 1.0
18:10:20 | i — | [  INIT   ]   bg_ails_wall_model_scale    = 0.976
18:10:20 | i — | [  INIT   ]   bg_ails_wall_model_wave_exponent= -0.18
18:10:20 | i — | [  INIT   ]   bg_ails_initial_omega       = 10
18:10:20 | i — | [  INIT   ]   bg_ails_boundary_threshold  = 0.5
18:10:20 | i — | [  INIT   ]   bg_ails_small_cluster_cap   = 20
18:10:20 | i — | [  INIT   ]   bg_ails_small_cluster_alpha = 0.5
18:10:20 | i — | [  INIT   ]   bg_ails_pair_selection      = greedy
18:10:20 | i — | [  INIT   ]   bg_ails_n_chains_mode       = k
18:10:20 | i — | [  INIT   ] ── standard_improvement ────────────────────
18:10:20 | i — | [  INIT   ]   standard_improvement_time_limit= 360.0
18:10:20 | i — | [  INIT   ] ── pool ────────────────────────────────────
18:10:20 | i — | [  INIT   ]   max_pool_size               = 10000
18:10:20 | i — | [  INIT   ]   pool_diversity_weight       = 0.5
18:10:20 | i — | [  INIT   ] ── haos ────────────────────────────────────
18:10:20 | i — | [  INIT   ]   haos_decay                  = 0.95
18:10:20 | i — | [  INIT   ]   haos_warmup                 = 10
18:10:20 | i — | [  INIT   ]   haos_starting_weight        = 10.0
18:10:20 | i — | [  INIT   ]   haos_min_weight_k           = 0.025
18:10:20 | i — | [  INIT   ]   haos_min_weight_lambda      = 0.05
18:10:20 | i — | [  INIT   ]   haos_min_weight_paradigm    = 0.1
18:10:20 | i — | [  INIT   ]   haos_min_weight_vertex_method= 0.05
18:10:20 | i — | [  INIT   ]   haos_min_weight_route_method= 0.05
18:10:20 | i — | [  INIT   ]   haos_min_weight_solver      = 0.05
18:10:20 | i — | [  INIT   ]   haos_lambda_demand_values   = [0.0, 0.2, 0.4, 0.6, 0.8, 1.0]
18:10:20 | i — | [  INIT   ]   haos_paradigm_values        = ['vertex', 'route']
18:10:20 | i — | [  INIT   ]   haos_vertex_method_values   = ['kmeans', 'agglomerative_avg', 'agglomerative_complete', 'kmedoids', 'fcm']
18:10:20 | i — | [  INIT   ]   haos_route_method_values    = ['kmeans', 'agglomerative_avg', 'agglomerative_complete']
18:10:20 | i — | [  INIT   ]   haos_solver_values          = ['pyvrp', 'filo', 'filo2', 'ails2']
18:10:20 | i — | [  INIT   ] ── haos_rewards ────────────────────────────
18:10:20 | i — | [  INIT   ]   haos_reward_new_best        = 10.0
18:10:20 | i — | [  INIT   ]   haos_reward_improvement     = 4.0
18:10:20 | i — | [  INIT   ]   haos_reward_no_improvement  = 1.0
18:10:20 | i — | [  INIT   ]   haos_reward_no_solution     = 0.0
18:10:20 | i — | [  INIT   ]   haos_deferred_new_best      = 7.0
18:10:20 | i — | [  INIT   ]   haos_deferred_improvement   = 3.0
18:10:20 | i — | [  INIT   ]   haos_deferred_no_improvement= 0.0
18:10:20 | i — | [  INIT   ] ── seed ────────────────────────────────────
18:10:20 | i — | [  INIT   ]   seed                        = 10
18:10:20 | i — | [  INIT   ] ── output ──────────────────────────────────
18:10:20 | i — | [  INIT   ]   output_dir                  = /app/artifacts/final_benchmark/runs/X-n3054-k461/seed10
18:10:20 | i — | [  INIT   ]   run_analysis                = False
18:10:20 | i — | [  INIT   ] ══════════════════════════════════════════════════════
18:10:20 | i — | [  INIT   ] BKS=782194.00
18:10:20 | i — | [  INIT   ] ════════════════════════════════════════
18:10:20 | i 1 | [HAOS ROLL] k=6  λ=0.6  vb  kmeans  filo  P≈0.000595
18:10:24 | i 1 | [Phase 1/3] decompose  3.91s / — / —  λ=0.6  vb kmeans
18:11:05 | i 1 | [Phase 2/3] route  40.61s / 39.96s / 101.6%  filo  k=6
18:11:05 | i 1 | [ IMPROVE ] 794908.00  via decompose_route  ·  Δ_BKS=+1.63%
18:11:05 | i 1 | [HAOS ROLL] k=6  λ=0.6  vb  kmeans  filo  P≈0.000595
18:11:05 | i 1 | [ Summary ] cost=794908.00  Δ_S*=+0.00%  Δ_BKS=+1.63%  Δ_S*_BKS=+1.63%  no_improve=0
18:11:05 | i 2 | [HAOS ROLL] k=3  λ=0.4  vb  ac_complete  ails2  P≈0.000595
18:11:06 | i 2 | [Phase 1/3] decompose  0.98s / — / —  λ=0.4  vb ac_complete
18:12:25 | i 2 | [Phase 2/3] route  79.42s / 77.10s / 103.0%  ails2  k=3
18:12:25 | i 1 | [ IMPROVE ] 786144.00  via bg_ails  ·  Δ_BKS=+0.50%
18:12:25 | i 1 | [ ASYNC BG] bg_ails  64.86s / 60.00s / 108.1%
18:12:25 | i 2 | [ IMPROVE ] 784576.00  via decompose_route  ·  Δ_BKS=+0.30%
18:12:25 | i 2 | [HAOS ROLL] k=3  λ=0.4  vb  ac_complete  ails2  P≈0.000595
18:12:25 | i 2 | [ Summary ] cost=784576.00  Δ_S*=+0.00%  Δ_BKS=+0.30%  Δ_S*_BKS=+0.30%  no_improve=0
18:12:25 | i 3 | [HAOS ROLL] k=2  λ=0.0  vb  ac_complete  filo  P≈0.000595
18:12:26 | i 3 | [Phase 1/3] decompose  0.76s / — / —  λ=0.0  vb ac_complete
18:14:26 | i 3 | [Phase 2/3] route  120.30s / 119.64s / 100.6%  filo  k=2
18:14:26 | i 2 | [ ASYNC BG] bg_ails  79.84s / 75.25s / 106.1%
18:14:26 | i 3 | [HAOS ROLL] k=2  λ=0.0  vb  ac_complete  filo  P≈0.000595
18:14:26 | i 3 | [ Summary ] cost=790206.00  Δ_S*=+0.72%  Δ_BKS=+1.02%  Δ_S*_BKS=+0.30%  no_improve=2
18:14:26 | i 4 | [HAOS ROLL] k=12  λ=0.6  vb  ac_avg  filo2  P≈0.000595
18:14:27 | i 4 | [Phase 1/3] decompose  0.94s / — / —  λ=0.6  vb ac_avg
18:15:04 | i 4 | [Phase 2/3] route  37.11s / 37.02s / 100.2%  filo2  k=12
18:16:27 | i 3 | [ ASYNC BG] bg_ails  120.76s / 116.77s / 103.4%
18:16:27 | i 4 | [HAOS ROLL] k=12  λ=0.6  vb  ac_avg  filo2  P≈0.000595
18:16:27 | i 4 | [ Summary ] cost=798716.00  Δ_S*=+1.80%  Δ_BKS=+2.11%  Δ_S*_BKS=+0.30%  no_improve=4
18:16:27 | i 5 | [HAOS ROLL] k=4  λ=0.6  rb  kmeans  ails2  P≈0.000992
18:16:28 | i 5 | [Phase 1/3] decompose  0.71s / — / —  λ=0.6  rb kmeans
18:17:19 | i 5 | [Phase 2/3] route  51.70s / 50.16s / 103.1%  ails2  k=4
18:17:32 | i 4 | [ ASYNC BG] bg_ails  64.94s / 60.00s / 108.2%
18:17:32 | i 5 | [HAOS ROLL] k=4  λ=0.6  rb  kmeans  ails2  P≈0.000992
18:17:32 | i 5 | [ Summary ] cost=787126.00  Δ_S*=+0.33%  Δ_BKS=+0.63%  Δ_S*_BKS=+0.30%  no_improve=6
18:17:32 | i 6 | [HAOS ROLL] k=8  λ=0.6  rb  ac_complete  ails2  P≈0.000992
18:17:33 | i 6 | [Phase 1/3] decompose  0.71s / — / —  λ=0.6  rb ac_complete
18:18:18 | i 6 | [Phase 2/3] route  45.00s / 43.86s / 102.6%  ails2  k=8
18:18:37 | i 5 | [ ASYNC BG] bg_ails  64.91s / 60.00s / 108.2%
18:18:37 | i 6 | [HAOS ROLL] k=8  λ=0.6  rb  ac_complete  ails2  P≈0.000992
18:18:37 | i 6 | [ Summary ] cost=786933.00  Δ_S*=+0.30%  Δ_BKS=+0.61%  Δ_S*_BKS=+0.30%  no_improve=8
18:18:37 | i 7 | [HAOS ROLL] k=12  λ=0.4  vb  kmeans  pyvrp  P≈0.000595
18:18:38 | i 7 | [Phase 1/3] decompose  0.68s / — / —  λ=0.4  vb kmeans
18:19:22 | i 7 | [Phase 2/3] route  44.51s / 25.08s / 177.5%  pyvrp  k=12
18:19:44 | i 6 | [ ASYNC BG] bg_ails  66.97s / 60.00s / 111.6%
18:19:44 | i 7 | [HAOS ROLL] k=12  λ=0.4  vb  kmeans  pyvrp  P≈0.000595
18:19:44 | i 7 | [ Summary ] cost=809914.00  Δ_S*=+3.23%  Δ_BKS=+3.54%  Δ_S*_BKS=+0.30%  no_improve=10
18:19:44 | i 8 | [HAOS ROLL] k=3  λ=1.0  vb  ac_avg  pyvrp  P≈0.000595
18:19:45 | i 8 | [Phase 1/3] decompose  0.94s / — / —  λ=1.0  vb ac_avg
18:21:43 | i 8 | [Phase 2/3] route  118.61s / 109.68s / 108.1%  pyvrp  k=3
18:21:44 | i 7 | [ ASYNC BG] bg_ails  65.07s / 60.00s / 108.5%
18:21:44 | i 8 | [HAOS ROLL] k=3  λ=1.0  vb  ac_avg  pyvrp  P≈0.000595
18:21:44 | i 8 | [ Summary ] cost=797731.00  Δ_S*=+1.68%  Δ_BKS=+1.99%  Δ_S*_BKS=+0.30%  no_improve=12
18:21:44 | i 9 | [HAOS ROLL] k=4  λ=1.0  vb  kmeans  filo  P≈0.000595
18:21:44 | i 9 | [Phase 1/3] decompose  0.67s / — / —  λ=1.0  vb kmeans
18:22:42 | i 9 | [Phase 2/3] route  58.12s / 57.66s / 100.8%  filo  k=4
18:23:35 | i 8 | [ ASYNC BG] bg_ails  111.94s / 107.05s / 104.6%
18:23:35 | i 9 | [HAOS ROLL] k=4  λ=1.0  vb  kmeans  filo  P≈0.000595
18:23:35 | i 9 | [ Summary ] cost=791607.00  Δ_S*=+0.90%  Δ_BKS=+1.20%  Δ_S*_BKS=+0.30%  no_improve=14
18:23:35 | i 10 | [HAOS ROLL] k=12  λ=1.0  rb  kmeans  ails2  P≈0.000992
18:23:36 | i 10 | [Phase 1/3] decompose  0.71s / — / —  λ=1.0  rb kmeans
18:24:15 | i 10 | [Phase 2/3] route  39.01s / 25.98s / 150.2%  ails2  k=12
18:24:40 | i 9 | [ ASYNC BG] bg_ails  64.92s / 60.00s / 108.2%
18:24:40 | i 10 | [HAOS ROLL] k=12  λ=1.0  rb  kmeans  ails2  P≈0.000992
18:24:40 | i 10 | [ Summary ] cost=787097.00  Δ_S*=+0.32%  Δ_BKS=+0.63%  Δ_S*_BKS=+0.30%  no_improve=16
18:24:40 | i 11 | [HAOS ROLL] k=6  λ=1.0  vb  ac_complete  filo  P≈0.000595
18:24:41 | i 11 | [Phase 1/3] decompose  0.94s / — / —  λ=1.0  vb ac_complete
18:25:26 | i 11 | [Phase 2/3] route  45.10s / 45.36s / 99.4%  filo  k=6
18:25:46 | i 10 | [ ASYNC BG] bg_ails  65.66s / 60.00s / 109.4%
18:25:46 | i 11 | [HAOS ROLL] k=6  λ=1.0  vb  ac_complete  filo  P≈0.000595
18:25:46 | i 11 | [ Summary ] cost=796066.00  Δ_S*=+1.46%  Δ_BKS=+1.77%  Δ_S*_BKS=+0.30%  no_improve=18
18:25:46 | i 12 | [HAOS ROLL] k=2  λ=0.6  rb  kmeans  pyvrp  P≈0.000946
18:25:47 | i 12 | [Phase 1/3] decompose  0.70s / — / —  λ=0.6  rb kmeans
18:27:42 | i 12 | [Phase 2/3] route  115.12s / 106.74s / 107.9%  pyvrp  k=2
18:27:42 | i 11 | [ ASYNC BG] bg_ails  64.86s / 60.00s / 108.1%
18:27:42 | i 12 | [HAOS ROLL] k=2  λ=0.6  rb  kmeans  pyvrp  P≈0.000946
18:27:42 | i 12 | [ Summary ] cost=797453.00  Δ_S*=+1.64%  Δ_BKS=+1.95%  Δ_S*_BKS=+0.30%  no_improve=20
18:27:42 | i 13 | [HAOS ROLL] k=6  λ=0.8  vb  ac_complete  ails2  P≈0.000947
18:27:43 | i 13 | [Phase 1/3] decompose  0.90s / — / —  λ=0.8  vb ac_complete
18:28:40 | i 13 | [Phase 2/3] route  57.06s / 55.32s / 103.2%  ails2  k=6
18:29:31 | i 12 | [ ASYNC BG] bg_ails  108.88s / 104.18s / 104.5%
18:29:31 | i 13 | [HAOS ROLL] k=6  λ=0.8  vb  ac_complete  ails2  P≈0.000947
18:29:31 | i 13 | [ Summary ] cost=786150.00  Δ_S*=+0.20%  Δ_BKS=+0.51%  Δ_S*_BKS=+0.30%  no_improve=22
18:29:31 | i 14 | [HAOS ROLL] k=6  λ=0.2  rb  ac_complete  filo2  P≈0.000833
18:29:32 | i 14 | [Phase 1/3] decompose  0.71s / — / —  λ=0.2  rb ac_complete
18:30:19 | i 14 | [Phase 2/3] route  47.12s / 46.80s / 100.7%  filo2  k=6
18:30:36 | i 13 | [ ASYNC BG] bg_ails  64.91s / 60.00s / 108.2%
18:30:36 | i 14 | [HAOS ROLL] k=6  λ=0.2  rb  ac_complete  filo2  P≈0.000833
18:30:36 | i 14 | [ Summary ] cost=793515.00  Δ_S*=+1.14%  Δ_BKS=+1.45%  Δ_S*_BKS=+0.30%  no_improve=24
18:30:36 | i 6 | [ASYNC 1/2] sp_sc  297.60s / 720.00s / 41.3%  SC  avg_coverage=9.75/5  pool=4527
18:30:36 | i 6 | [ASYNC 2/2] standard_ails  365.93s / 360.00s / 101.6%
18:31:25 | i 6 | [ IMPROVE ] 784479.00  via standard_ails  ·  Δ_BKS=+0.29%
18:31:25 | i 15 | [HAOS ROLL] k=3  λ=0.2  rb  ac_avg  ails2  P≈0.000689
18:31:25 | i 15 | [Phase 1/3] decompose  0.65s / — / —  λ=0.2  rb ac_avg
18:32:57 | i 15 | [Phase 2/3] route  92.17s / 90.12s / 102.3%  ails2  k=3
18:32:57 | i 14 | [ ASYNC BG] bg_ails  66.86s / 60.00s / 111.4%
18:32:58 | i 15 | [HAOS ROLL] k=3  λ=0.2  rb  ac_avg  ails2  P≈0.000689
18:32:58 | i 15 | [ Summary ] cost=785224.00  Δ_S*=+0.09%  Δ_BKS=+0.39%  Δ_S*_BKS=+0.29%  no_improve=2
18:32:58 | i 16 | [HAOS ROLL] k=4  λ=0.6  vb  kmeans  ails2  P≈0.002125
18:32:59 | i 16 | [Phase 1/3] decompose  0.66s / — / —  λ=0.6  vb kmeans
18:33:58 | i 16 | [Phase 2/3] route  58.97s / 57.66s / 102.3%  ails2  k=4
18:34:31 | i 15 | [ ASYNC BG] bg_ails  93.93s / 87.96s / 106.8%
18:34:32 | i 16 | [HAOS ROLL] k=4  λ=0.6  vb  kmeans  ails2  P≈0.002125
18:34:32 | i 16 | [ Summary ] cost=786658.00  Δ_S*=+0.28%  Δ_BKS=+0.57%  Δ_S*_BKS=+0.29%  no_improve=4
18:34:32 | i 17 | [HAOS ROLL] k=2  λ=0.4  vb  kmeans  filo  P≈0.000610
18:34:32 | i 17 | [Phase 1/3] decompose  0.66s / — / —  λ=0.4  vb kmeans
18:36:05 | i 17 | [Phase 2/3] route  92.21s / 92.46s / 99.7%  filo  k=2
18:36:05 | i 16 | [ ASYNC BG] bg_ails  66.97s / 60.00s / 111.6%
18:36:05 | i 17 | [HAOS ROLL] k=2  λ=0.4  vb  kmeans  filo  P≈0.000610
18:36:05 | i 17 | [ Summary ] cost=791265.00  Δ_S*=+0.87%  Δ_BKS=+1.16%  Δ_S*_BKS=+0.29%  no_improve=6
18:36:05 | i 18 | [HAOS ROLL] k=4  λ=0.8  rb  ac_complete  filo2  P≈0.000403
18:36:06 | i 18 | [Phase 1/3] decompose  0.67s / — / —  λ=0.8  rb ac_complete
18:37:10 | i 18 | [Phase 2/3] route  64.14s / 63.90s / 100.4%  filo2  k=4
18:37:40 | i 17 | [ ASYNC BG] bg_ails  94.94s / 90.24s / 105.2%
18:37:40 | i 18 | [HAOS ROLL] k=4  λ=0.8  rb  ac_complete  filo2  P≈0.000403
18:37:40 | i 18 | [ Summary ] cost=791556.00  Δ_S*=+0.90%  Δ_BKS=+1.20%  Δ_S*_BKS=+0.29%  no_improve=8
18:37:40 | i 19 | [HAOS ROLL] k=12  λ=0.6  rb  ac_complete  filo  P≈0.001575
18:37:41 | i 19 | [Phase 1/3] decompose  0.68s / — / —  λ=0.6  rb ac_complete
18:38:27 | i 19 | [Phase 2/3] route  46.10s / 25.20s / 182.9%  filo  k=12
18:38:48 | i 18 | [ ASYNC BG] bg_ails  68.85s / 62.37s / 110.4%
18:38:49 | i 19 | [HAOS ROLL] k=12  λ=0.6  rb  ac_complete  filo  P≈0.001575
18:38:49 | i 19 | [ Summary ] cost=799150.00  Δ_S*=+1.87%  Δ_BKS=+2.17%  Δ_S*_BKS=+0.29%  no_improve=10
18:38:49 | i 20 | [HAOS ROLL] k=12  λ=1.0  rb  ac_complete  filo  P≈0.000544
18:38:50 | i 20 | [Phase 1/3] decompose  0.66s / — / —  λ=1.0  rb ac_complete
18:39:36 | i 20 | [Phase 2/3] route  46.11s / 25.20s / 183.0%  filo  k=12
18:39:53 | i 19 | [ ASYNC BG] bg_ails  64.82s / 60.00s / 108.0%
18:39:53 | i 20 | [HAOS ROLL] k=12  λ=1.0  rb  ac_complete  filo  P≈0.000544
18:39:54 | i 20 | [ Summary ] cost=797770.00  Δ_S*=+1.69%  Δ_BKS=+1.99%  Δ_S*_BKS=+0.29%  no_improve=12
18:39:54 | i 21 | [HAOS ROLL] k=3  λ=0.6  rb  kmeans  filo  P≈0.002412
18:39:54 | i 21 | [Phase 1/3] decompose  0.67s / — / —  λ=0.6  rb kmeans
18:41:06 | i 21 | [Phase 2/3] route  72.15s / 71.76s / 100.5%  filo  k=3
18:41:06 | i 20 | [ ASYNC BG] bg_ails  64.92s / 60.00s / 108.2%
18:41:07 | i 21 | [HAOS ROLL] k=3  λ=0.6  rb  kmeans  filo  P≈0.002412
18:41:07 | i 21 | [ Summary ] cost=791223.00  Δ_S*=+0.86%  Δ_BKS=+1.15%  Δ_S*_BKS=+0.29%  no_improve=14
18:41:07 | i 22 | [HAOS ROLL] k=12  λ=0.8  rb  kmeans  ails2  P≈0.001172
18:41:07 | i 22 | [Phase 1/3] decompose  0.67s / — / —  λ=0.8  rb kmeans
18:41:46 | i 22 | [Phase 2/3] route  38.94s / 24.42s / 159.4%  ails2  k=12
18:42:21 | i 21 | [ ASYNC BG] bg_ails  74.86s / 70.04s / 106.9%
18:42:21 | i 22 | [HAOS ROLL] k=12  λ=0.8  rb  kmeans  ails2  P≈0.001172
18:42:22 | i 22 | [ Summary ] cost=786052.00  Δ_S*=+0.20%  Δ_BKS=+0.49%  Δ_S*_BKS=+0.29%  no_improve=16
18:42:22 | i 23 | [HAOS ROLL] k=12  λ=0.2  rb  ac_complete  filo2  P≈0.000906
18:42:22 | i 23 | [Phase 1/3] decompose  0.68s / — / —  λ=0.2  rb ac_complete
18:43:08 | i 23 | [Phase 2/3] route  46.10s / 25.20s / 182.9%  filo2  k=12
18:43:26 | i 22 | [ ASYNC BG] bg_ails  64.88s / 60.00s / 108.1%
18:43:26 | i 23 | [HAOS ROLL] k=12  λ=0.2  rb  ac_complete  filo2  P≈0.000906
18:43:26 | i 23 | [ Summary ] cost=797445.00  Δ_S*=+1.65%  Δ_BKS=+1.95%  Δ_S*_BKS=+0.29%  no_improve=18
18:43:26 | i 24 | [HAOS ROLL] k=3  λ=0.6  rb  kmeans  filo2  P≈0.002293
18:43:27 | i 24 | [Phase 1/3] decompose  0.68s / — / —  λ=0.6  rb kmeans
18:44:38 | i 24 | [Phase 2/3] route  71.16s / 70.56s / 100.9%  filo2  k=3
18:44:38 | i 23 | [ ASYNC BG] bg_ails  65.05s / 60.00s / 108.4%
18:44:38 | i 24 | [HAOS ROLL] k=3  λ=0.6  rb  kmeans  filo2  P≈0.002293
18:44:39 | i 24 | [ Summary ] cost=791175.00  Δ_S*=+0.85%  Δ_BKS=+1.15%  Δ_S*_BKS=+0.29%  no_improve=20
18:44:39 | i 25 | [HAOS ROLL] k=12  λ=0.2  rb  ac_complete  filo2  P≈0.002105
18:44:39 | i 25 | [Phase 1/3] decompose  0.67s / — / —  λ=0.2  rb ac_complete
18:45:25 | i 25 | [Phase 2/3] route  46.11s / 25.20s / 183.0%  filo2  k=12
18:45:53 | i 24 | [ ASYNC BG] bg_ails  74.74s / 68.87s / 108.5%
18:45:53 | i 25 | [HAOS ROLL] k=12  λ=0.2  rb  ac_complete  filo2  P≈0.002105
18:45:53 | i 25 | [ Summary ] cost=797614.00  Δ_S*=+1.67%  Δ_BKS=+1.97%  Δ_S*_BKS=+0.29%  no_improve=22
18:45:53 | i 26 | [HAOS ROLL] k=12  λ=0.6  vb  ac_complete  ails2  P≈0.003067
18:45:54 | i 26 | [Phase 1/3] decompose  0.92s / — / —  λ=0.6  vb ac_complete
18:46:33 | i 26 | [Phase 2/3] route  38.93s / 24.96s / 156.0%  ails2  k=12
18:46:58 | i 25 | [ ASYNC BG] bg_ails  64.95s / 60.00s / 108.2%
18:46:58 | i 26 | [HAOS ROLL] k=12  λ=0.6  vb  ac_complete  ails2  P≈0.003067
18:46:58 | i 26 | [ Summary ] cost=786442.00  Δ_S*=+0.25%  Δ_BKS=+0.54%  Δ_S*_BKS=+0.29%  no_improve=24
18:46:58 | i 27 | [HAOS ROLL] k=4  λ=0.6  rb  ac_avg  filo  P≈0.001411
18:46:59 | i 27 | [Phase 1/3] decompose  0.70s / — / —  λ=0.6  rb ac_avg
18:48:15 | i 27 | [Phase 2/3] route  76.16s / 75.66s / 100.7%  filo  k=4
18:48:15 | i 26 | [ ASYNC BG] bg_ails  66.97s / 60.00s / 111.6%
18:48:15 | i 27 | [HAOS ROLL] k=4  λ=0.6  rb  ac_avg  filo  P≈0.001411
18:48:15 | i 27 | [ Summary ] cost=792264.00  Δ_S*=+0.99%  Δ_BKS=+1.29%  Δ_S*_BKS=+0.29%  no_improve=26
18:48:15 | i 28 | [HAOS ROLL] k=12  λ=0.6  rb  kmeans  ails2  P≈0.008228
18:48:16 | i 28 | [Phase 1/3] decompose  0.68s / — / —  λ=0.6  rb kmeans
18:48:57 | i 28 | [Phase 2/3] route  41.13s / 27.72s / 148.4%  ails2  k=12
18:49:33 | i 27 | [ ASYNC BG] bg_ails  77.95s / 73.84s / 105.6%
18:49:33 | i 28 | [HAOS ROLL] k=12  λ=0.6  rb  kmeans  ails2  P≈0.008228
18:49:33 | i 28 | [ Summary ] cost=788521.00  Δ_S*=+0.52%  Δ_BKS=+0.81%  Δ_S*_BKS=+0.29%  no_improve=28
18:49:33 | i 29 | [HAOS ROLL] k=12  λ=0.6  vb  kmedoids  filo  P≈0.002113
18:49:34 | i 29 | [Phase 1/3] decompose  1.06s / — / —  λ=0.6  vb kmedoids
18:50:12 | i 29 | [Phase 2/3] route  38.11s / 23.40s / 162.8%  filo  k=12
18:50:40 | i 28 | [ ASYNC BG] bg_ails  67.02s / 60.00s / 111.7%
18:50:40 | i 29 | [HAOS ROLL] k=12  λ=0.6  vb  kmedoids  filo  P≈0.002113
18:50:40 | i 29 | [ Summary ] cost=798904.00  Δ_S*=+1.84%  Δ_BKS=+2.14%  Δ_S*_BKS=+0.29%  no_improve=30
18:50:40 | i 30 | [HAOS ROLL] k=12  λ=0.6  rb  ac_complete  filo2  P≈0.007802
18:50:41 | i 30 | [Phase 1/3] decompose  0.69s / — / —  λ=0.6  rb ac_complete
18:51:27 | i 30 | [Phase 2/3] route  46.11s / 25.20s / 183.0%  filo2  k=12
18:51:47 | i 29 | [ ASYNC BG] bg_ails  67.10s / 60.00s / 111.8%
18:51:48 | i 30 | [HAOS ROLL] k=12  λ=0.6  rb  ac_complete  filo2  P≈0.007802
18:51:48 | i 30 | [ Summary ] cost=797513.00  Δ_S*=+1.66%  Δ_BKS=+1.96%  Δ_S*_BKS=+0.29%  no_improve=32
18:51:48 | i 19 | [ASYNC 1/2] sp_sc  0.00s / 720.00s / 0.0%  SC
18:51:48 | i 31 | [HAOS ROLL] k=4  λ=0.6  rb  kmeans  filo  P≈0.005078
18:51:48 | i 31 | [Phase 1/3] decompose  0.68s / — / —  λ=0.6  rb kmeans
18:52:47 | i 31 | [Phase 2/3] route  59.13s / 58.86s / 100.5%  filo  k=4
18:52:53 | i 30 | [ ASYNC BG] bg_ails  65.06s / 60.00s / 108.4%
18:52:53 | i 31 | [HAOS ROLL] k=4  λ=0.6  rb  kmeans  filo  P≈0.005078
18:52:53 | i 31 | [ Summary ] cost=792046.00  Δ_S*=+0.96%  Δ_BKS=+1.26%  Δ_S*_BKS=+0.29%  no_improve=34
18:52:53 | i 32 | [HAOS ROLL] k=8  λ=0.0  rb  ac_complete  filo  P≈0.000713
18:52:53 | i 32 | [Phase 1/3] decompose  0.54s / — / —  λ=0.0  rb ac_complete
18:53:35 | i 32 | [Phase 2/3] route  42.12s / 41.76s / 100.9%  filo  k=8
18:54:00 | i 31 | [ ASYNC BG] bg_ails  67.23s / 60.00s / 112.0%
18:54:00 | i 32 | [HAOS ROLL] k=8  λ=0.0  rb  ac_complete  filo  P≈0.000713
18:54:00 | i 32 | [ Summary ] cost=794262.00  Δ_S*=+1.25%  Δ_BKS=+1.54%  Δ_S*_BKS=+0.29%  no_improve=36
18:54:00 | i 33 | [HAOS ROLL] k=12  λ=0.0  vb  ac_avg  filo2  P≈0.000460
18:54:01 | i 33 | [Phase 1/3] decompose  0.79s / — / —  λ=0.0  vb ac_avg
18:54:38 | i 33 | [Phase 2/3] route  37.10s / 34.32s / 108.1%  filo2  k=12
18:55:07 | i 32 | [ ASYNC BG] bg_ails  66.72s / 60.00s / 111.2%
18:55:07 | i 33 | [HAOS ROLL] k=12  λ=0.0  vb  ac_avg  filo2  P≈0.000460
18:55:07 | i 33 | [ Summary ] cost=798422.00  Δ_S*=+1.78%  Δ_BKS=+2.07%  Δ_S*_BKS=+0.29%  no_improve=38
18:55:07 | i 34 | [HAOS ROLL] k=4  λ=0.8  rb  kmeans  filo  P≈0.001447
18:55:07 | i 34 | [Phase 1/3] decompose  0.70s / — / —  λ=0.8  rb kmeans
18:55:58 | i 34 | [Phase 2/3] route  50.10s / 49.62s / 101.0%  filo  k=4
18:56:13 | i 33 | [ ASYNC BG] bg_ails  66.66s / 60.00s / 111.1%
18:56:13 | i 34 | [HAOS ROLL] k=4  λ=0.8  rb  kmeans  filo  P≈0.001447
18:56:13 | i 34 | [ Summary ] cost=792306.00  Δ_S*=+1.00%  Δ_BKS=+1.29%  Δ_S*_BKS=+0.29%  no_improve=40
18:56:13 | i 35 | [HAOS ROLL] k=12  λ=0.6  rb  kmeans  filo2  P≈0.009580
18:56:14 | i 35 | [Phase 1/3] decompose  0.71s / — / —  λ=0.6  rb kmeans
18:56:54 | i 35 | [Phase 2/3] route  40.22s / 27.12s / 148.3%  filo2  k=12
18:57:18 | i 34 | [ ASYNC BG] bg_ails  64.78s / 60.00s / 108.0%
18:57:18 | i 35 | [HAOS ROLL] k=12  λ=0.6  rb  kmeans  filo2  P≈0.009580
18:57:18 | i 35 | [ Summary ] cost=797342.00  Δ_S*=+1.64%  Δ_BKS=+1.94%  Δ_S*_BKS=+0.29%  no_improve=42
18:57:18 | i 36 | [HAOS ROLL] k=12  λ=1.0  vb  kmedoids  filo  P≈0.000735
18:57:19 | i 36 | [Phase 1/3] decompose  0.95s / — / —  λ=1.0  vb kmedoids
18:58:05 | i 36 | [Phase 2/3] route  46.10s / 27.54s / 167.4%  filo  k=12
18:58:25 | i 35 | [ ASYNC BG] bg_ails  67.05s / 60.00s / 111.7%
18:58:25 | i 36 | [HAOS ROLL] k=12  λ=1.0  vb  kmedoids  filo  P≈0.000735
18:58:25 | i 36 | [ Summary ] cost=797798.00  Δ_S*=+1.70%  Δ_BKS=+1.99%  Δ_S*_BKS=+0.29%  no_improve=44
18:58:25 | i 37 | [HAOS ROLL] k=4  λ=0.6  rb  kmeans  filo2  P≈0.006723
18:58:26 | i 37 | [Phase 1/3] decompose  0.71s / — / —  λ=0.6  rb kmeans
18:59:25 | i 37 | [Phase 2/3] route  59.13s / 58.86s / 100.5%  filo2  k=4
18:59:30 | i 36 | [ ASYNC BG] bg_ails  65.01s / 60.00s / 108.3%
18:59:30 | i 37 | [HAOS ROLL] k=4  λ=0.6  rb  kmeans  filo2  P≈0.006723
18:59:30 | i 37 | [ Summary ] cost=791454.00  Δ_S*=+0.89%  Δ_BKS=+1.18%  Δ_S*_BKS=+0.29%  no_improve=46
18:59:30 | i 38 | [HAOS ROLL] k=6  λ=0.6  vb  fcm  filo  P≈0.000873
18:59:31 | i 38 | [Phase 1/3] decompose  0.81s / — / —  λ=0.6  vb fcm
19:00:11 | i 38 | [Phase 2/3] route  40.14s / 40.02s / 100.3%  filo  k=6
19:00:37 | i 37 | [ ASYNC BG] bg_ails  66.96s / 60.00s / 111.6%
19:00:37 | i 38 | [HAOS ROLL] k=6  λ=0.6  vb  fcm  filo  P≈0.000873
19:00:37 | i 38 | [ Summary ] cost=794537.00  Δ_S*=+1.28%  Δ_BKS=+1.58%  Δ_S*_BKS=+0.29%  no_improve=48
19:00:37 | i 39 | [HAOS ROLL] k=12  λ=0.0  rb  ac_avg  filo2  P≈0.001402
19:00:38 | i 39 | [Phase 1/3] decompose  0.52s / — / —  λ=0.0  rb ac_avg
19:01:22 | i 39 | [Phase 2/3] route  44.13s / 37.02s / 119.2%  filo2  k=12
19:01:42 | i 38 | [ ASYNC BG] bg_ails  65.01s / 60.00s / 108.4%
19:01:42 | i 39 | [HAOS ROLL] k=12  λ=0.0  rb  ac_avg  filo2  P≈0.001402
19:01:42 | i 39 | [ Summary ] cost=797075.00  Δ_S*=+1.61%  Δ_BKS=+1.90%  Δ_S*_BKS=+0.29%  no_improve=50
19:01:42 | i 40 | [HAOS ROLL] k=12  λ=0.6  rb  ac_complete  pyvrp  P≈0.003312
19:01:43 | i 40 | [Phase 1/3] decompose  0.68s / — / —  λ=0.6  rb ac_complete
19:02:31 | i 40 | [Phase 2/3] route  47.70s / 25.20s / 189.3%  pyvrp  k=12
19:02:49 | i 39 | [ ASYNC BG] bg_ails  66.95s / 60.00s / 111.6%
19:02:49 | i 40 | [HAOS ROLL] k=12  λ=0.6  rb  ac_complete  pyvrp  P≈0.003312
19:02:49 | i 40 | [ Summary ] cost=807919.00  Δ_S*=+2.99%  Δ_BKS=+3.29%  Δ_S*_BKS=+0.29%  no_improve=52
19:02:49 | i 41 | [HAOS ROLL] k=4  λ=0.6  rb  kmeans  filo  P≈0.008668
19:02:50 | i 41 | [Phase 1/3] decompose  0.68s / — / —  λ=0.6  rb kmeans
19:03:40 | i 41 | [Phase 2/3] route  50.11s / 49.62s / 101.0%  filo  k=4
19:03:54 | i 40 | [ ASYNC BG] bg_ails  65.00s / 60.00s / 108.3%
19:03:54 | i 41 | [HAOS ROLL] k=4  λ=0.6  rb  kmeans  filo  P≈0.008668
19:03:54 | i 41 | [ Summary ] cost=792176.00  Δ_S*=+0.98%  Δ_BKS=+1.28%  Δ_S*_BKS=+0.29%  no_improve=54
19:03:54 | i 42 | [HAOS ROLL] k=10  λ=0.6  rb  ac_complete  ails2  P≈0.001814
19:03:55 | i 42 | [Phase 1/3] decompose  0.68s / — / —  λ=0.6  rb ac_complete
19:04:39 | i 42 | [Phase 2/3] route  44.00s / 25.38s / 173.4%  ails2  k=10
19:04:59 | i 41 | [ ASYNC BG] bg_ails  64.87s / 60.00s / 108.1%
19:04:59 | i 42 | [HAOS ROLL] k=10  λ=0.6  rb  ac_complete  ails2  P≈0.001814
19:04:59 | i 42 | [ Summary ] cost=788464.00  Δ_S*=+0.51%  Δ_BKS=+0.80%  Δ_S*_BKS=+0.29%  no_improve=56
19:04:59 | i 43 | [HAOS ROLL] k=2  λ=0.2  rb  ac_complete  filo  P≈0.000733
19:05:00 | i 43 | [Phase 1/3] decompose  0.67s / — / —  λ=0.2  rb ac_complete
19:06:49 | i 43 | [Phase 2/3] route  109.27s / 108.66s / 100.6%  filo  k=2
19:06:49 | i 42 | [ ASYNC BG] bg_ails  64.78s / 60.00s / 108.0%
19:06:50 | i 43 | [HAOS ROLL] k=2  λ=0.2  rb  ac_complete  filo  P≈0.000733
19:06:50 | i 43 | [ Summary ] cost=790622.00  Δ_S*=+0.78%  Δ_BKS=+1.08%  Δ_S*_BKS=+0.29%  no_improve=58
19:06:50 | i 44 | [HAOS ROLL] k=4  λ=0.6  rb  ac_complete  filo2  P≈0.007306
19:06:50 | i 44 | [Phase 1/3] decompose  0.70s / — / —  λ=0.6  rb ac_complete
19:07:54 | i 44 | [Phase 2/3] route  64.15s / 63.90s / 100.4%  filo2  k=4
19:08:40 | i 43 | [ ASYNC BG] bg_ails  110.97s / 106.05s / 104.6%
19:08:41 | i 44 | [HAOS ROLL] k=4  λ=0.6  rb  ac_complete  filo2  P≈0.007306
19:08:41 | i 44 | [ Summary ] cost=791713.00  Δ_S*=+0.92%  Δ_BKS=+1.22%  Δ_S*_BKS=+0.29%  no_improve=60
19:08:41 | i 45 | [HAOS ROLL] k=2  λ=0.6  rb  kmeans  filo  P≈0.006235
19:08:41 | i 45 | [Phase 1/3] decompose  0.70s / — / —  λ=0.6  rb kmeans
19:10:14 | i 45 | [Phase 2/3] route  93.21s / 92.52s / 100.7%  filo  k=2
19:10:15 | i 44 | [ ASYNC BG] bg_ails  68.88s / 62.37s / 110.4%
19:10:15 | i 45 | [HAOS ROLL] k=2  λ=0.6  rb  kmeans  filo  P≈0.006235
19:10:15 | i 45 | [ Summary ] cost=790080.00  Δ_S*=+0.71%  Δ_BKS=+1.01%  Δ_S*_BKS=+0.29%  no_improve=62
19:10:15 | i 37 | [ASYNC 1/2] sp_sc  270.25s / 720.00s / 37.5%  SC  avg_coverage=21.67/5  pool=10000
19:10:15 | i 37 | [ASYNC 2/2] standard_ails  366.02s / 360.00s / 101.7%
19:11:03 | i 46 | [HAOS ROLL] k=4  λ=0.6  rb  ac_complete  filo  P≈0.013789
19:11:04 | i 46 | [Phase 1/3] decompose  0.65s / — / —  λ=0.6  rb ac_complete
19:12:08 | i 46 | [Phase 2/3] route  64.14s / 63.90s / 100.4%  filo  k=4
19:12:08 | i 45 | [ ASYNC BG] bg_ails  94.88s / 90.30s / 105.1%
19:12:08 | i 46 | [HAOS ROLL] k=4  λ=0.6  rb  ac_complete  filo  P≈0.013789
19:12:09 | i 46 | [ Summary ] cost=792064.00  Δ_S*=+0.97%  Δ_BKS=+1.26%  Δ_S*_BKS=+0.29%  no_improve=65
19:12:09 | i 47 | [HAOS ROLL] k=12  λ=0.2  rb  ac_complete  pyvrp  P≈0.001232
19:12:09 | i 47 | [Phase 1/3] decompose  0.66s / — / —  λ=0.2  rb ac_complete
19:12:57 | i 47 | [Phase 2/3] route  47.67s / 25.20s / 189.1%  pyvrp  k=12
19:13:15 | i 46 | [ ASYNC BG] bg_ails  66.97s / 62.37s / 107.4%
19:13:15 | i 47 | [HAOS ROLL] k=12  λ=0.2  rb  ac_complete  pyvrp  P≈0.001232
19:13:16 | i 47 | [ Summary ] cost=808642.00  Δ_S*=+3.08%  Δ_BKS=+3.38%  Δ_S*_BKS=+0.29%  no_improve=67
19:13:16 | i 48 | [HAOS ROLL] k=3  λ=0.6  vb  kmedoids  pyvrp  P≈0.000342
19:13:17 | i 48 | [Phase 1/3] decompose  1.14s / — / —  λ=0.6  vb kmedoids
19:14:25 | i 48 | [Phase 2/3] route  68.30s / 64.56s / 105.8%  pyvrp  k=3
19:14:25 | i 47 | [ ASYNC BG] bg_ails  67.03s / 60.00s / 111.7%
19:14:25 | i 48 | [HAOS ROLL] k=3  λ=0.6  vb  kmedoids  pyvrp  P≈0.000342
19:14:25 | i 48 | [ Summary ] cost=798119.00  Δ_S*=+1.74%  Δ_BKS=+2.04%  Δ_S*_BKS=+0.29%  no_improve=69
19:14:25 | i 49 | [HAOS ROLL] k=6  λ=1.0  rb  kmeans  filo  P≈0.001428
19:14:26 | i 49 | [Phase 1/3] decompose  0.69s / — / —  λ=1.0  rb kmeans
19:15:06 | i 49 | [Phase 2/3] route  40.10s / 39.66s / 101.1%  filo  k=6
19:15:35 | i 48 | [ ASYNC BG] bg_ails  69.82s / 63.01s / 110.8%
19:15:35 | i 49 | [HAOS ROLL] k=6  λ=1.0  rb  kmeans  filo  P≈0.001428
19:15:35 | i 49 | [ Summary ] cost=793691.00  Δ_S*=+1.17%  Δ_BKS=+1.47%  Δ_S*_BKS=+0.29%  no_improve=71
19:15:35 | i 50 | [HAOS ROLL] k=12  λ=0.6  vb  ac_avg  filo  P≈0.003149
19:15:36 | i 50 | [Phase 1/3] decompose  0.90s / — / —  λ=0.6  vb ac_avg
19:16:13 | i 50 | [Phase 2/3] route  37.09s / 37.02s / 100.2%  filo  k=12
19:16:40 | i 49 | [ ASYNC BG] bg_ails  64.86s / 60.00s / 108.1%
19:16:40 | i 50 | [HAOS ROLL] k=12  λ=0.6  vb  ac_avg  filo  P≈0.003149
19:16:40 | i 50 | [ Summary ] cost=800487.00  Δ_S*=+2.04%  Δ_BKS=+2.34%  Δ_S*_BKS=+0.29%  no_improve=73
19:16:40 | i 51 | [HAOS ROLL] k=3  λ=0.2  rb  kmeans  filo  P≈0.001751
19:16:41 | i 51 | [Phase 1/3] decompose  0.67s / — / —  λ=0.2  rb kmeans
19:17:53 | i 51 | [Phase 2/3] route  72.16s / 71.76s / 100.6%  filo  k=3
19:17:53 | i 50 | [ ASYNC BG] bg_ails  67.08s / 60.00s / 111.8%
19:17:53 | i 51 | [HAOS ROLL] k=3  λ=0.2  rb  kmeans  filo  P≈0.001751
19:17:53 | i 51 | [ Summary ] cost=791250.00  Δ_S*=+0.86%  Δ_BKS=+1.16%  Δ_S*_BKS=+0.29%  no_improve=75
19:17:53 | i 52 | [HAOS ROLL] k=12  λ=0.6  rb  ac_complete  filo2  P≈0.007728
19:17:54 | i 52 | [Phase 1/3] decompose  0.67s / — / —  λ=0.6  rb ac_complete
19:18:40 | i 52 | [Phase 2/3] route  46.13s / 25.20s / 183.0%  filo2  k=12
19:19:08 | i 51 | [ ASYNC BG] bg_ails  74.82s / 70.04s / 106.8%
19:19:08 | i 52 | [HAOS ROLL] k=12  λ=0.6  rb  ac_complete  filo2  P≈0.007728
19:19:08 | i 52 | [ Summary ] cost=797566.00  Δ_S*=+1.67%  Δ_BKS=+1.97%  Δ_S*_BKS=+0.29%  no_improve=77
19:19:08 | i 53 | [HAOS ROLL] k=2  λ=1.0  rb  kmeans  ails2  P≈0.000907
19:19:09 | i 53 | [Phase 1/3] decompose  0.67s / — / —  λ=1.0  rb kmeans
19:20:55 | i 53 | [Phase 2/3] route  106.32s / 104.88s / 101.4%  ails2  k=2
19:20:55 | i 52 | [ ASYNC BG] bg_ails  64.98s / 60.00s / 108.3%
19:20:55 | i 53 | [HAOS ROLL] k=2  λ=1.0  rb  kmeans  ails2  P≈0.000907
19:20:56 | i 53 | [ Summary ] cost=784609.00  Δ_S*=+0.02%  Δ_BKS=+0.31%  Δ_S*_BKS=+0.29%  no_improve=79
19:20:56 | i 54 | [HAOS ROLL] k=4  λ=1.0  rb  ac_complete  pyvrp  P≈0.001231
19:20:56 | i 54 | [Phase 1/3] decompose  0.67s / — / —  λ=1.0  rb ac_complete
19:22:04 | i 54 | [Phase 2/3] route  67.45s / 63.90s / 105.6%  pyvrp  k=4
19:22:43 | i 53 | [ ASYNC BG] bg_ails  107.40s / 102.36s / 104.9%
19:22:43 | i 54 | [HAOS ROLL] k=4  λ=1.0  rb  ac_complete  pyvrp  P≈0.001231
19:22:43 | i 54 | [ Summary ] cost=798590.00  Δ_S*=+1.80%  Δ_BKS=+2.10%  Δ_S*_BKS=+0.29%  no_improve=81
19:22:43 | i 55 | [HAOS ROLL] k=4  λ=0.4  vb  kmedoids  ails2  P≈0.000179
19:22:44 | i 55 | [Phase 1/3] decompose  1.20s / — / —  λ=0.4  vb kmedoids
19:23:44 | i 55 | [Phase 2/3] route  59.92s / 58.14s / 103.1%  ails2  k=4
19:23:50 | i 54 | [ ASYNC BG] bg_ails  66.99s / 62.37s / 107.4%
19:23:50 | i 55 | [HAOS ROLL] k=4  λ=0.4  vb  kmedoids  ails2  P≈0.000179
19:23:50 | i 55 | [ Summary ] cost=785485.00  Δ_S*=+0.13%  Δ_BKS=+0.42%  Δ_S*_BKS=+0.29%  no_improve=83
19:23:50 | i 56 | [HAOS ROLL] k=4  λ=0.6  rb  kmeans  pyvrp  P≈0.004595
19:23:50 | i 56 | [Phase 1/3] decompose  0.69s / — / —  λ=0.6  rb kmeans
19:24:42 | i 56 | [Phase 2/3] route  52.03s / 49.62s / 104.9%  pyvrp  k=4
19:24:55 | i 55 | [ ASYNC BG] bg_ails  65.07s / 60.00s / 108.4%
19:24:55 | i 56 | [HAOS ROLL] k=4  λ=0.6  rb  kmeans  pyvrp  P≈0.004595
19:24:55 | i 56 | [ Summary ] cost=798934.00  Δ_S*=+1.84%  Δ_BKS=+2.14%  Δ_S*_BKS=+0.29%  no_improve=85
19:24:55 | i 57 | [HAOS ROLL] k=10  λ=0.0  vb  ac_complete  filo  P≈0.000131
19:24:56 | i 57 | [Phase 1/3] decompose  0.77s / — / —  λ=0.0  vb ac_complete
19:25:37 | i 57 | [Phase 2/3] route  41.13s / 34.20s / 120.3%  filo  k=10
19:26:02 | i 56 | [ ASYNC BG] bg_ails  67.05s / 60.00s / 111.8%
19:26:02 | i 57 | [HAOS ROLL] k=10  λ=0.0  vb  ac_complete  filo  P≈0.000131
19:26:02 | i 57 | [ Summary ] cost=796442.00  Δ_S*=+1.52%  Δ_BKS=+1.82%  Δ_S*_BKS=+0.29%  no_improve=87
19:26:02 | i 58 | [HAOS ROLL] k=3  λ=1.0  rb  kmeans  filo  P≈0.002130
19:26:03 | i 58 | [Phase 1/3] decompose  0.80s / — / —  λ=1.0  rb kmeans
19:27:15 | i 58 | [Phase 2/3] route  72.16s / 72.24s / 99.9%  filo  k=3
19:27:15 | i 57 | [ ASYNC BG] bg_ails  64.85s / 60.00s / 108.1%
19:27:15 | i 58 | [HAOS ROLL] k=3  λ=1.0  rb  kmeans  filo  P≈0.002130
19:27:15 | i 58 | [ Summary ] cost=791223.00  Δ_S*=+0.86%  Δ_BKS=+1.15%  Δ_S*_BKS=+0.29%  no_improve=89
19:27:15 | i 59 | [HAOS ROLL] k=4  λ=1.0  rb  ac_complete  filo  P≈0.004128
19:27:16 | i 59 | [Phase 1/3] decompose  0.68s / — / —  λ=1.0  rb ac_complete
19:28:20 | i 59 | [Phase 2/3] route  64.14s / 63.90s / 100.4%  filo  k=4
19:28:30 | i 58 | [ ASYNC BG] bg_ails  74.83s / 70.51s / 106.1%
19:28:30 | i 59 | [HAOS ROLL] k=4  λ=1.0  rb  ac_complete  filo  P≈0.004128
19:28:30 | i 59 | [ Summary ] cost=792357.00  Δ_S*=+1.00%  Δ_BKS=+1.30%  Δ_S*_BKS=+0.29%  no_improve=91
19:28:30 | i 60 | [HAOS ROLL] k=3  λ=0.6  rb  ac_complete  pyvrp  P≈0.002856
19:28:31 | i 60 | [Phase 1/3] decompose  0.70s / — / —  λ=0.6  rb ac_complete
19:29:50 | i 60 | [Phase 2/3] route  79.24s / 74.52s / 106.3%  pyvrp  k=3
19:29:50 | i 59 | [ ASYNC BG] bg_ails  66.89s / 62.37s / 107.3%
19:29:50 | i 60 | [HAOS ROLL] k=3  λ=0.6  rb  ac_complete  pyvrp  P≈0.002856
19:29:50 | i 60 | [ Summary ] cost=798732.00  Δ_S*=+1.82%  Δ_BKS=+2.11%  Δ_S*_BKS=+0.29%  no_improve=93
19:29:50 | i 61 | [HAOS ROLL] k=12  λ=0.6  vb  ac_avg  filo2  P≈0.000878
19:29:51 | i 61 | [Phase 1/3] decompose  0.95s / — / —  λ=0.6  vb ac_avg
19:30:28 | i 61 | [Phase 2/3] route  37.13s / 37.02s / 100.3%  filo2  k=12
19:31:07 | i 60 | [ ASYNC BG] bg_ails  77.00s / 72.73s / 105.9%
19:31:07 | i 61 | [HAOS ROLL] k=12  λ=0.6  vb  ac_avg  filo2  P≈0.000878
19:31:07 | i 61 | [ Summary ] cost=797383.00  Δ_S*=+1.64%  Δ_BKS=+1.94%  Δ_S*_BKS=+0.29%  no_improve=95
19:31:07 | i 62 | [HAOS ROLL] k=12  λ=0.6  vb  ac_avg  filo  P≈0.002262
19:31:08 | i 62 | [Phase 1/3] decompose  0.95s / — / —  λ=0.6  vb ac_avg
19:31:45 | i 62 | [Phase 2/3] route  37.12s / 37.02s / 100.3%  filo  k=12
19:32:14 | i 61 | [ ASYNC BG] bg_ails  67.04s / 60.00s / 111.7%
19:32:14 | i 62 | [HAOS ROLL] k=12  λ=0.6  vb  ac_avg  filo  P≈0.002262
19:32:14 | i 62 | [ Summary ] cost=797478.00  Δ_S*=+1.66%  Δ_BKS=+1.95%  Δ_S*_BKS=+0.29%  no_improve=97
19:32:14 | i 63 | [HAOS ROLL] k=6  λ=0.6  vb  fcm  pyvrp  P≈0.000478
19:32:15 | i 63 | [Phase 1/3] decompose  0.75s / — / —  λ=0.6  vb fcm
19:32:56 | i 63 | [Phase 2/3] route  41.67s / 40.02s / 104.1%  pyvrp  k=6
19:33:19 | i 62 | [ ASYNC BG] bg_ails  64.88s / 60.00s / 108.1%
19:33:19 | i 63 | [HAOS ROLL] k=6  λ=0.6  vb  fcm  pyvrp  P≈0.000478
19:33:19 | i 63 | [ Summary ] cost=799463.00  Δ_S*=+1.91%  Δ_BKS=+2.21%  Δ_S*_BKS=+0.29%  no_improve=99
19:33:19 | i 64 | [HAOS ROLL] k=4  λ=0.6  rb  kmeans  ails2  P≈0.005379
19:33:20 | i 64 | [Phase 1/3] decompose  0.70s / — / —  λ=0.6  rb kmeans
19:34:10 | i 64 | [Phase 2/3] route  50.80s / 49.62s / 102.4%  ails2  k=4
19:34:24 | i 63 | [ ASYNC BG] bg_ails  64.94s / 60.00s / 108.2%
19:34:24 | i 64 | [HAOS ROLL] k=4  λ=0.6  rb  kmeans  ails2  P≈0.005379
19:34:24 | i 64 | [ Summary ] cost=787114.00  Δ_S*=+0.34%  Δ_BKS=+0.63%  Δ_S*_BKS=+0.29%  no_improve=101
19:34:24 | i 65 | [HAOS ROLL] k=4  λ=0.6  vb  fcm  filo  P≈0.003578
19:34:25 | i 65 | [Phase 1/3] decompose  0.78s / — / —  λ=0.6  vb fcm
19:35:18 | i 65 | [Phase 2/3] route  53.12s / 53.34s / 99.6%  filo  k=4
19:35:29 | i 64 | [ ASYNC BG] bg_ails  64.89s / 60.00s / 108.2%
19:35:29 | i 65 | [HAOS ROLL] k=4  λ=0.6  vb  fcm  filo  P≈0.003578
19:35:29 | i 65 | [ Summary ] cost=791915.00  Δ_S*=+0.95%  Δ_BKS=+1.24%  Δ_S*_BKS=+0.29%  no_improve=103
19:35:29 | i 66 | [HAOS ROLL] k=6  λ=0.4  vb  kmeans  filo2  P≈0.000105
19:35:30 | i 66 | [Phase 1/3] decompose  0.69s / — / —  λ=0.4  vb kmeans
19:36:10 | i 66 | [Phase 2/3] route  40.16s / 40.08s / 100.2%  filo2  k=6
19:36:34 | i 65 | [ ASYNC BG] bg_ails  64.93s / 60.00s / 108.2%
19:36:34 | i 66 | [HAOS ROLL] k=6  λ=0.4  vb  kmeans  filo2  P≈0.000105
19:36:34 | i 66 | [ Summary ] cost=793212.00  Δ_S*=+1.11%  Δ_BKS=+1.41%  Δ_S*_BKS=+0.29%  no_improve=105
19:36:34 | i 67 | [HAOS ROLL] k=4  λ=1.0  vb  fcm  filo  P≈0.002142
19:36:35 | i 67 | [Phase 1/3] decompose  0.78s / — / —  λ=1.0  vb fcm
19:37:28 | i 67 | [Phase 2/3] route  53.13s / 53.34s / 99.6%  filo  k=4
19:37:41 | i 66 | [ ASYNC BG] bg_ails  67.13s / 60.00s / 111.9%
19:37:41 | i 67 | [HAOS ROLL] k=4  λ=1.0  vb  fcm  filo  P≈0.002142
19:37:41 | i 67 | [ Summary ] cost=792048.00  Δ_S*=+0.96%  Δ_BKS=+1.26%  Δ_S*_BKS=+0.29%  no_improve=107
19:37:41 | i 68 | [HAOS ROLL] k=12  λ=0.6  vb  kmeans  ails2  P≈0.002125
19:37:42 | i 68 | [Phase 1/3] decompose  0.69s / — / —  λ=0.6  vb kmeans
19:38:32 | i 68 | [Phase 2/3] route  50.03s / 29.34s / 170.5%  ails2  k=12
19:38:48 | i 67 | [ ASYNC BG] bg_ails  66.79s / 60.00s / 111.3%
19:38:48 | i 68 | [HAOS ROLL] k=12  λ=0.6  vb  kmeans  ails2  P≈0.002125
19:38:48 | i 68 | [ Summary ] cost=787901.00  Δ_S*=+0.44%  Δ_BKS=+0.73%  Δ_S*_BKS=+0.29%  no_improve=109
19:38:48 | i 69 | [HAOS ROLL] k=4  λ=0.6  vb  fcm  filo  P≈0.007242
19:38:49 | i 69 | [Phase 1/3] decompose  0.85s / — / —  λ=0.6  vb fcm
19:39:42 | i 69 | [Phase 2/3] route  53.13s / 53.34s / 99.6%  filo  k=4
19:39:53 | i 68 | [ ASYNC BG] bg_ails  64.92s / 60.00s / 108.2%
19:39:53 | i 69 | [HAOS ROLL] k=4  λ=0.6  vb  fcm  filo  P≈0.007242
19:39:53 | i 69 | [ Summary ] cost=791744.00  Δ_S*=+0.93%  Δ_BKS=+1.22%  Δ_S*_BKS=+0.29%  no_improve=111
19:39:53 | i 53 | [ASYNC 1/2] sp_sc  741.94s / 720.00s / 103.0%  SP  avg_coverage=21.55/5  pool=10000
19:39:53 | i 53 | [ASYNC 2/2] standard_ails  365.90s / 360.00s / 101.6%
19:40:41 | i 53 | [ IMPROVE ] 784312.00  via standard_ails  ·  Δ_BKS=+0.27%
19:40:41 | i 70 | [HAOS ROLL] k=10  λ=0.4  vb  kmeans  pyvrp  P≈0.000184
19:40:42 | i 70 | [Phase 1/3] decompose  0.65s / — / —  λ=0.4  vb kmeans
19:41:23 | i 70 | [Phase 2/3] route  40.96s / 30.36s / 134.9%  pyvrp  k=10
19:41:23 | i 69 | [ ASYNC BG] bg_ails  64.91s / 60.00s / 108.2%
19:41:23 | i 70 | [HAOS ROLL] k=10  λ=0.4  vb  kmeans  pyvrp  P≈0.000184
19:41:23 | i 70 | [ Summary ] cost=804545.00  Δ_S*=+2.58%  Δ_BKS=+2.86%  Δ_S*_BKS=+0.27%  no_improve=2
19:41:23 | i 71 | [HAOS ROLL] k=12  λ=0.2  vb  kmeans  ails2  P≈0.000801
19:41:24 | i 71 | [Phase 1/3] decompose  0.70s / — / —  λ=0.2  vb kmeans
19:42:05 | i 71 | [Phase 2/3] route  41.05s / 29.58s / 138.8%  ails2  k=12
19:42:30 | i 70 | [ ASYNC BG] bg_ails  67.09s / 60.00s / 111.8%
19:42:30 | i 71 | [HAOS ROLL] k=12  λ=0.2  vb  kmeans  ails2  P≈0.000801
19:42:30 | i 71 | [ Summary ] cost=791223.00  Δ_S*=+0.88%  Δ_BKS=+1.15%  Δ_S*_BKS=+0.27%  no_improve=4
19:42:30 | i 72 | [HAOS ROLL] k=10  λ=0.4  rb  ac_complete  pyvrp  P≈0.000319
19:42:31 | i 72 | [Phase 1/3] decompose  0.67s / — / —  λ=0.4  rb ac_complete
19:43:08 | i 72 | [Phase 2/3] route  37.53s / 35.94s / 104.4%  pyvrp  k=10
19:43:37 | i 71 | [ ASYNC BG] bg_ails  67.10s / 60.00s / 111.8%
19:43:37 | i 72 | [HAOS ROLL] k=10  λ=0.4  rb  ac_complete  pyvrp  P≈0.000319
19:43:37 | i 72 | [ Summary ] cost=805924.00  Δ_S*=+2.76%  Δ_BKS=+3.03%  Δ_S*_BKS=+0.27%  no_improve=6
19:43:37 | i 73 | [HAOS ROLL] k=6  λ=0.6  rb  ac_avg  pyvrp  P≈0.000730
19:43:38 | i 73 | [Phase 1/3] decompose  0.68s / — / —  λ=0.6  rb ac_avg
19:44:26 | i 73 | [Phase 2/3] route  48.38s / 44.52s / 108.7%  pyvrp  k=6
19:44:42 | i 72 | [ ASYNC BG] bg_ails  64.87s / 60.00s / 108.1%
19:44:42 | i 73 | [HAOS ROLL] k=6  λ=0.6  rb  ac_avg  pyvrp  P≈0.000730
19:44:42 | i 73 | [ Summary ] cost=804036.00  Δ_S*=+2.51%  Δ_BKS=+2.79%  Δ_S*_BKS=+0.27%  no_improve=8
19:44:42 | i 74 | [HAOS ROLL] k=3  λ=0.6  vb  kmedoids  pyvrp  P≈0.000606
19:44:43 | i 74 | [Phase 1/3] decompose  1.12s / — / —  λ=0.6  vb kmedoids
19:45:52 | i 74 | [Phase 2/3] route  68.37s / 64.56s / 105.9%  pyvrp  k=3
19:45:52 | i 73 | [ ASYNC BG] bg_ails  66.68s / 60.00s / 111.1%
19:45:52 | i 74 | [HAOS ROLL] k=3  λ=0.6  vb  kmedoids  pyvrp  P≈0.000606
19:45:52 | i 74 | [ Summary ] cost=798399.00  Δ_S*=+1.80%  Δ_BKS=+2.07%  Δ_S*_BKS=+0.27%  no_improve=10
19:45:52 | i 75 | [HAOS ROLL] k=10  λ=0.4  vb  ac_avg  filo  P≈0.000295
19:45:53 | i 75 | [Phase 1/3] decompose  0.93s / — / —  λ=0.4  vb ac_avg
19:46:33 | i 75 | [Phase 2/3] route  40.12s / 40.08s / 100.1%  filo  k=10
19:47:00 | i 74 | [ ASYNC BG] bg_ails  67.96s / 63.01s / 107.9%
19:47:00 | i 75 | [HAOS ROLL] k=10  λ=0.4  vb  ac_avg  filo  P≈0.000295
19:47:00 | i 75 | [ Summary ] cost=795535.00  Δ_S*=+1.43%  Δ_BKS=+1.71%  Δ_S*_BKS=+0.27%  no_improve=12
19:47:00 | i 76 | [HAOS ROLL] k=3  λ=0.0  rb  ac_avg  pyvrp  P≈0.000168
19:47:01 | i 76 | [Phase 1/3] decompose  0.51s / — / —  λ=0.0  rb ac_avg
19:48:50 | i 76 | [Phase 2/3] route  109.78s / 101.58s / 108.1%  pyvrp  k=3
19:48:50 | i 75 | [ ASYNC BG] bg_ails  64.89s / 60.00s / 108.1%
19:48:51 | i 76 | [HAOS ROLL] k=3  λ=0.0  rb  ac_avg  pyvrp  P≈0.000168
19:48:51 | i 76 | [ Summary ] cost=798149.00  Δ_S*=+1.76%  Δ_BKS=+2.04%  Δ_S*_BKS=+0.27%  no_improve=14
19:48:51 | i 77 | [HAOS ROLL] k=4  λ=0.2  vb  ac_avg  filo2  P≈0.000233
19:48:52 | i 77 | [Phase 1/3] decompose  0.93s / — / —  λ=0.2  vb ac_avg
19:49:59 | i 77 | [Phase 2/3] route  67.15s / 67.08s / 100.1%  filo2  k=4
19:50:34 | i 76 | [ ASYNC BG] bg_ails  103.87s / 99.14s / 104.8%
19:50:34 | i 77 | [HAOS ROLL] k=4  λ=0.2  vb  ac_avg  filo2  P≈0.000233
19:50:34 | i 77 | [ Summary ] cost=791234.00  Δ_S*=+0.88%  Δ_BKS=+1.16%  Δ_S*_BKS=+0.27%  no_improve=16
19:50:34 | i 78 | [HAOS ROLL] k=3  λ=1.0  rb  ac_complete  filo  P≈0.001542
19:50:35 | i 78 | [Phase 1/3] decompose  0.68s / — / —  λ=1.0  rb ac_complete
19:52:00 | i 78 | [Phase 2/3] route  85.20s / 84.72s / 100.6%  filo  k=3
19:52:00 | i 77 | [ ASYNC BG] bg_ails  72.29s / 65.47s / 110.4%
19:52:01 | i 78 | [HAOS ROLL] k=3  λ=1.0  rb  ac_complete  filo  P≈0.001542
19:52:01 | i 78 | [ Summary ] cost=791435.00  Δ_S*=+0.91%  Δ_BKS=+1.18%  Δ_S*_BKS=+0.27%  no_improve=18
19:52:01 | i 79 | [HAOS ROLL] k=3  λ=0.8  rb  kmeans  pyvrp  P≈0.000806
19:52:01 | i 79 | [Phase 1/3] decompose  0.66s / — / —  λ=0.8  rb kmeans
19:53:17 | i 79 | [Phase 2/3] route  76.21s / 71.70s / 106.3%  pyvrp  k=3
19:53:29 | i 78 | [ ASYNC BG] bg_ails  89.03s / 82.69s / 107.7%
19:53:30 | i 79 | [HAOS ROLL] k=3  λ=0.8  rb  kmeans  pyvrp  P≈0.000806
19:53:30 | i 79 | [ Summary ] cost=798418.00  Δ_S*=+1.80%  Δ_BKS=+2.07%  Δ_S*_BKS=+0.27%  no_improve=20
19:53:30 | i 80 | [HAOS ROLL] k=3  λ=0.6  vb  kmeans  ails2  P≈0.003186
19:53:30 | i 80 | [Phase 1/3] decompose  0.67s / — / —  λ=0.6  vb kmeans
19:54:43 | i 80 | [Phase 2/3] route  73.06s / 71.40s / 102.3%  ails2  k=3
19:54:44 | i 79 | [ ASYNC BG] bg_ails  75.02s / 69.98s / 107.2%
19:54:45 | i 80 | [HAOS ROLL] k=3  λ=0.6  vb  kmeans  ails2  P≈0.003186
19:54:45 | i 80 | [ Summary ] cost=784450.00  Δ_S*=+0.02%  Δ_BKS=+0.29%  Δ_S*_BKS=+0.27%  no_improve=22
19:54:45 | i 81 | [HAOS ROLL] k=10  λ=0.2  rb  kmeans  ails2  P≈0.000516
19:54:46 | i 81 | [Phase 1/3] decompose  0.95s / — / —  λ=0.2  rb kmeans
19:55:22 | i 81 | [Phase 2/3] route  36.00s / 33.84s / 106.4%  ails2  k=10
19:55:59 | i 80 | [ ASYNC BG] bg_ails  74.18s / 69.69s / 106.4%
19:55:59 | i 81 | [HAOS ROLL] k=10  λ=0.2  rb  kmeans  ails2  P≈0.000516
19:55:59 | i 81 | [ Summary ] cost=788968.00  Δ_S*=+0.59%  Δ_BKS=+0.87%  Δ_S*_BKS=+0.27%  no_improve=24
19:55:59 | i 82 | [HAOS ROLL] k=3  λ=0.0  vb  ac_complete  ails2  P≈0.000567
19:56:00 | i 82 | [Phase 1/3] decompose  0.76s / — / —  λ=0.0  vb ac_complete
19:57:06 | i 82 | [Phase 2/3] route  65.94s / 64.32s / 102.5%  ails2  k=3
19:57:06 | i 81 | [ ASYNC BG] bg_ails  64.94s / 60.00s / 108.2%
19:57:06 | i 82 | [HAOS ROLL] k=3  λ=0.0  vb  ac_complete  ails2  P≈0.000567
19:57:06 | i 82 | [ Summary ] cost=784711.00  Δ_S*=+0.05%  Δ_BKS=+0.32%  Δ_S*_BKS=+0.27%  no_improve=26
19:57:06 | i 70 | [ASYNC 1/2] sp_sc  554.96s / 720.00s / 77.1%  SC  avg_coverage=21.62/5  pool=10000
19:57:06 | i 70 | [ASYNC 2/2] standard_ails  364.12s / 360.00s / 101.1%
19:57:53 | i 83 | [HAOS ROLL] k=3  λ=0.4  vb  ac_complete  filo2  P≈0.000520
19:57:54 | i 83 | [Phase 1/3] decompose  0.89s / — / —  λ=0.4  vb ac_complete
19:59:12 | i 83 | [Phase 2/3] route  77.18s / 77.10s / 100.1%  filo2  k=3
19:59:12 | i 82 | [ ASYNC BG] bg_ails  68.70s / 62.78s / 109.4%
19:59:12 | i 83 | [HAOS ROLL] k=3  λ=0.4  vb  ac_complete  filo2  P≈0.000520
19:59:12 | i 83 | [ Summary ] cost=791173.00  Δ_S*=+0.87%  Δ_BKS=+1.15%  Δ_S*_BKS=+0.27%  no_improve=29
19:59:12 | i 84 | [HAOS ROLL] k=3  λ=1.0  rb  kmeans  ails2  P≈0.002929
19:59:13 | i 84 | [Phase 1/3] decompose  0.67s / — / —  λ=1.0  rb kmeans
20:00:26 | i 84 | [Phase 2/3] route  73.02s / 71.70s / 101.8%  ails2  k=3
20:00:31 | i 83 | [ ASYNC BG] bg_ails  79.89s / 75.25s / 106.2%
20:00:32 | i 84 | [HAOS ROLL] k=3  λ=1.0  rb  kmeans  ails2  P≈0.002929
20:00:32 | i 84 | [ Summary ] cost=785557.00  Δ_S*=+0.16%  Δ_BKS=+0.43%  Δ_S*_BKS=+0.27%  no_improve=31
20:00:32 | i 85 | [HAOS ROLL] k=4  λ=1.0  vb  fcm  filo  P≈0.001099
20:00:33 | i 85 | [Phase 1/3] decompose  0.77s / — / —  λ=1.0  vb fcm
20:01:26 | i 85 | [Phase 2/3] route  53.12s / 53.34s / 99.6%  filo  k=4
20:01:47 | i 84 | [ ASYNC BG] bg_ails  75.34s / 69.98s / 107.7%
20:01:47 | i 85 | [HAOS ROLL] k=4  λ=1.0  vb  fcm  filo  P≈0.001099
20:01:47 | i 85 | [ Summary ] cost=792098.00  Δ_S*=+0.99%  Δ_BKS=+1.27%  Δ_S*_BKS=+0.27%  no_improve=33
20:01:47 | i 86 | [HAOS ROLL] k=12  λ=0.6  vb  ac_complete  filo  P≈0.003649
20:01:48 | i 86 | [Phase 1/3] decompose  0.95s / — / —  λ=0.6  vb ac_complete
20:02:26 | i 86 | [Phase 2/3] route  38.11s / 24.96s / 152.7%  filo  k=12
20:02:54 | i 85 | [ ASYNC BG] bg_ails  66.97s / 60.00s / 111.6%
20:02:54 | i 86 | [HAOS ROLL] k=12  λ=0.6  vb  ac_complete  filo  P≈0.003649
20:02:54 | i 86 | [ Summary ] cost=796257.00  Δ_S*=+1.52%  Δ_BKS=+1.80%  Δ_S*_BKS=+0.27%  no_improve=35
20:02:54 | i 87 | [HAOS ROLL] k=4  λ=1.0  rb  ac_complete  pyvrp  P≈0.001879
20:02:55 | i 87 | [Phase 1/3] decompose  0.68s / — / —  λ=1.0  rb ac_complete
20:04:04 | i 87 | [Phase 2/3] route  69.32s / 65.46s / 105.9%  pyvrp  k=4
20:04:04 | i 86 | [ ASYNC BG] bg_ails  64.96s / 60.00s / 108.3%
20:04:04 | i 87 | [HAOS ROLL] k=4  λ=1.0  rb  ac_complete  pyvrp  P≈0.001879
20:04:05 | i 87 | [ Summary ] cost=797895.00  Δ_S*=+1.73%  Δ_BKS=+2.01%  Δ_S*_BKS=+0.27%  no_improve=37
20:04:05 | i 88 | [HAOS ROLL] k=3  λ=0.4  vb  ac_complete  pyvrp  P≈0.001168
20:04:05 | i 88 | [Phase 1/3] decompose  0.90s / — / —  λ=0.4  vb ac_complete
20:05:28 | i 88 | [Phase 2/3] route  82.23s / 77.10s / 106.7%  pyvrp  k=3
20:05:28 | i 87 | [ ASYNC BG] bg_ails  68.00s / 63.89s / 106.4%
20:05:28 | i 88 | [HAOS ROLL] k=3  λ=0.4  vb  ac_complete  pyvrp  P≈0.001168
20:05:28 | i 88 | [ Summary ] cost=798700.00  Δ_S*=+1.83%  Δ_BKS=+2.11%  Δ_S*_BKS=+0.27%  no_improve=39
20:05:28 | i 89 | [HAOS ROLL] k=4  λ=0.6  rb  kmeans  filo  P≈0.007366
20:05:29 | i 89 | [Phase 1/3] decompose  0.67s / — / —  λ=0.6  rb kmeans
20:06:19 | i 89 | [Phase 2/3] route  50.12s / 50.10s / 100.0%  filo  k=4
20:06:48 | i 88 | [ ASYNC BG] bg_ails  79.89s / 75.25s / 106.2%
20:06:48 | i 89 | [HAOS ROLL] k=4  λ=0.6  rb  kmeans  filo  P≈0.007366
20:06:48 | i 89 | [ Summary ] cost=792464.00  Δ_S*=+1.04%  Δ_BKS=+1.31%  Δ_S*_BKS=+0.27%  no_improve=41
20:06:48 | i 90 | [HAOS ROLL] k=2  λ=0.8  rb  ac_complete  pyvrp  P≈0.000197
20:06:49 | i 90 | [Phase 1/3] decompose  0.69s / — / —  λ=0.8  rb ac_complete
20:08:35 | i 90 | [Phase 2/3] route  106.24s / 98.46s / 107.9%  pyvrp  k=2
20:08:35 | i 89 | [ ASYNC BG] bg_ails  64.86s / 60.00s / 108.1%
20:08:35 | i 90 | [HAOS ROLL] k=2  λ=0.8  rb  ac_complete  pyvrp  P≈0.000197
20:08:35 | i 90 | [ Summary ] cost=797761.00  Δ_S*=+1.71%  Δ_BKS=+1.99%  Δ_S*_BKS=+0.27%  no_improve=43
20:08:35 | i 91 | [HAOS ROLL] k=12  λ=0.6  vb  ac_avg  pyvrp  P≈0.001993
20:08:36 | i 91 | [Phase 1/3] decompose  0.93s / — / —  λ=0.6  vb ac_avg
20:09:15 | i 91 | [Phase 2/3] route  38.82s / 37.02s / 104.9%  pyvrp  k=12
20:10:16 | i 90 | [ ASYNC BG] bg_ails  101.02s / 96.10s / 105.1%
20:10:16 | i 91 | [HAOS ROLL] k=12  λ=0.6  vb  ac_avg  pyvrp  P≈0.001993
20:10:16 | i 91 | [ Summary ] cost=807303.00  Δ_S*=+2.93%  Δ_BKS=+3.21%  Δ_S*_BKS=+0.27%  no_improve=45
20:10:16 | i 92 | [HAOS ROLL] k=6  λ=0.8  vb  ac_complete  filo  P≈0.000597
20:10:17 | i 92 | [Phase 1/3] decompose  0.90s / — / —  λ=0.8  vb ac_complete
20:11:12 | i 92 | [Phase 2/3] route  55.12s / 55.32s / 99.6%  filo  k=6
20:11:12 | i 92 | [HAOS ROLL] k=6  λ=0.8  vb  ac_complete  filo  P≈0.000597
20:11:12 | i 92 | [ Summary ] cost=793919.00  Δ_S*=+1.22%  Δ_BKS=+1.50%  Δ_S*_BKS=+0.27%  no_improve=46
20:11:12 | i — | [  FINAL  ] async BG-AILS totals launched=90 applied=90 adopted=1 launch_skipped_cap=2 crashes=0 discarded_in_flight=False block_wait_total_s=1556.3
20:11:42 | i — | [  FINAL  ] async SP/SC totals invocations=6 adopted=2 skipped=0 discarded_in_flight=True sp_busy_frac=0.6614861979563661
20:11:42 | i — | [  FINAL  ] ════════════════════════════════════════
20:11:42 | i — | [  FINAL  ] Run complete  iterations=92  elapsed=02:01:22  best=784312.00
20:11:42 | i — | [  FINAL  ] Δ_BKS=+0.27%  no_improve_stop=False  time_stop=True  cancelled=False
20:11:42 | i — | [  FINAL  ] 
20:11:42 | i — | [  FINAL  ] [BEST SOLUTION — HAOS TAG SUMMARY]
20:11:42 | i — | [  FINAL  ] ────────────────────────────────────────
20:11:42 | i — | [  FINAL  ]   12 routes  rb  kmeans  k=2  λ=1.0  solver=ails2
20:11:42 | i — | [  FINAL  ]   9 routes  rb  kmeans  k=4  λ=0.6  solver=ails2
20:11:42 | i — | [  FINAL  ]   6 routes  vb  kmeans  k=6  λ=0.6  solver=filo
20:11:42 | i — | [  FINAL  ]   6 routes  vb  ac_avg  k=12  λ=0.6  solver=filo
20:11:42 | i — | [  FINAL  ]   6 routes  rb  ac_complete  k=4  λ=1.0  solver=filo
20:11:42 | i — | [  FINAL  ]   6 routes  rb  kmeans  k=3  λ=1.0  solver=filo
20:11:42 | i — | [  FINAL  ]   5 routes  vb  ac_complete  k=3  λ=0.4  solver=ails2
20:11:42 | i — | [  FINAL  ]   4 routes  vb  ac_avg  k=12  λ=0.6  solver=filo2
20:11:42 | i — | [  FINAL  ]   4 routes  rb  ac_complete  k=4  λ=0.6  solver=filo
20:11:42 | i — | [  FINAL  ]   4 routes  rb  kmeans  k=3  λ=0.2  solver=filo
20:11:42 | i — | [  FINAL  ]   3 routes  rb  ac_complete  k=12  λ=0.2  solver=pyvrp
20:11:42 | i — | [  FINAL  ]   3 routes  vb  fcm  k=4  λ=0.6  solver=filo
20:11:42 | i — | [  FINAL  ]   3 routes  vb  kmeans  k=6  λ=0.4  solver=filo2
20:11:42 | i — | [  FINAL  ]   3 routes  vb  fcm  k=6  λ=0.6  solver=pyvrp
20:11:42 | i — | [  FINAL  ]   3 routes  vb  fcm  k=4  λ=1.0  solver=filo
20:11:42 | i — | [  FINAL  ]   2 routes  rb  ac_complete  k=12  λ=0.6  solver=filo2
20:11:42 | i — | [  FINAL  ]   2 routes  vb  kmeans  k=12  λ=0.6  solver=ails2
20:11:42 | i — | [  FINAL  ]   2 routes  rb  kmeans  k=2  λ=0.6  solver=filo
20:11:42 | i — | [  FINAL  ]   2 routes  vb  kmedoids  k=4  λ=0.4  solver=ails2
20:11:42 | i — | [  FINAL  ]   2 routes  vb  ac_complete  k=2  λ=0.0  solver=filo
20:11:42 | i — | [  FINAL  ]   2 routes  vb  ac_complete  k=10  λ=0.0  solver=filo
20:11:42 | i — | [  FINAL  ]   2 routes  vb  kmedoids  k=3  λ=0.6  solver=pyvrp
20:11:42 | i — | [  FINAL  ]   1 routes  rb  kmeans  k=4  λ=0.6  solver=filo
20:11:42 | i — | [  FINAL  ]   1 routes  vb  kmeans  k=4  λ=1.0  solver=filo
20:11:42 | i — | [  FINAL  ]   1 routes  rb  ac_complete  k=8  λ=0.6  solver=ails2
20:11:42 | i — | [  FINAL  ]   1 routes  rb  kmeans  k=6  λ=1.0  solver=filo
20:11:42 | i — | [  FINAL  ]   1 routes  vb  kmeans  k=12  λ=0.4  solver=pyvrp
20:11:42 | i — | [  FINAL  ]   1 routes  rb  ac_complete  k=3  λ=0.6  solver=pyvrp
20:11:42 | i — | [  FINAL  ]   1 routes  rb  kmeans  k=3  λ=1.0  solver=ails2
20:11:42 | i — | [  FINAL  ]   1 routes  vb  ac_complete  k=6  λ=0.8  solver=ails2
20:11:42 | i — | [  FINAL  ]   1 routes  vb  ac_avg  k=3  λ=1.0  solver=pyvrp
20:11:42 | i — | [  FINAL  ]   362 routes  post-SP/SC improvement
20:11:42 | i — | [  FINAL  ] 
20:11:42 | i — | [  FINAL  ] [ROUTE POOL — HAOS TAG SUMMARY]
20:11:42 | i — | [  FINAL  ] ────────────────────────────────────────
20:11:42 | i — | [  FINAL  ]   790 routes  rb  ac_complete  k=4  λ=1.0  solver=pyvrp
20:11:42 | i — | [  FINAL  ]   790 routes  vb  ac_complete  k=3  λ=0.4  solver=pyvrp
20:11:42 | i — | [  FINAL  ]   783 routes  rb  ac_complete  k=2  λ=0.8  solver=pyvrp
20:11:42 | i — | [  FINAL  ]   699 routes  vb  fcm  k=4  λ=1.0  solver=filo
20:11:42 | i — | [  FINAL  ]   691 routes  vb  ac_complete  k=3  λ=0.4  solver=filo2
20:11:42 | i — | [  FINAL  ]   688 routes  vb  ac_complete  k=12  λ=0.6  solver=filo
20:11:42 | i — | [  FINAL  ]   667 routes  rb  kmeans  k=4  λ=0.6  solver=filo
20:11:42 | i — | [  FINAL  ]   618 routes  rb  kmeans  k=3  λ=1.0  solver=ails2
20:11:42 | i — | [  FINAL  ]   473 routes  vb  kmeans  k=10  λ=0.4  solver=pyvrp
20:11:42 | i — | [  FINAL  ]   435 routes  vb  ac_avg  k=12  λ=0.6  solver=pyvrp
20:11:42 | i — | [  FINAL  ]   375 routes  vb  fcm  k=4  λ=0.6  solver=filo
20:11:42 | i — | [  FINAL  ]   317 routes  vb  ac_complete  k=6  λ=0.8  solver=filo
20:11:42 | i — | [  FINAL  ]   183 routes  rb  kmeans  k=3  λ=0.8  solver=pyvrp
20:11:42 | i — | [  FINAL  ]   178 routes  vb  kmedoids  k=3  λ=0.6  solver=pyvrp
20:11:42 | i — | [  FINAL  ]   171 routes  rb  kmeans  k=10  λ=0.2  solver=ails2
20:11:42 | i — | [  FINAL  ]   161 routes  rb  ac_avg  k=3  λ=0.0  solver=pyvrp
20:11:42 | i — | [  FINAL  ]   143 routes  vb  ac_avg  k=4  λ=0.2  solver=filo2
20:11:42 | i — | [  FINAL  ]   140 routes  rb  ac_avg  k=6  λ=0.6  solver=pyvrp
20:11:42 | i — | [  FINAL  ]   140 routes  rb  ac_complete  k=10  λ=0.4  solver=pyvrp
20:11:42 | i — | [  FINAL  ]   138 routes  rb  ac_complete  k=3  λ=1.0  solver=filo
20:11:42 | i — | [  FINAL  ]   121 routes  vb  ac_avg  k=10  λ=0.4  solver=filo
20:11:42 | i — | [  FINAL  ]   101 routes  vb  ac_complete  k=3  λ=0.0  solver=ails2
20:11:42 | i — | [  FINAL  ]   85 routes  vb  kmeans  k=3  λ=0.6  solver=ails2
20:11:42 | i — | [  FINAL  ]   80 routes  vb  kmeans  k=12  λ=0.2  solver=ails2
20:11:42 | i — | [  FINAL  ]   36 routes  vb  ac_avg  k=12  λ=0.6  solver=filo
20:11:42 | i — | [  FINAL  ]   35 routes  rb  ac_complete  k=12  λ=0.2  solver=pyvrp
20:11:42 | i — | [  FINAL  ]   25 routes  rb  ac_complete  k=4  λ=0.6  solver=filo
20:11:42 | i — | [  FINAL  ]   25 routes  rb  kmeans  k=3  λ=0.2  solver=filo
20:11:42 | i — | [  FINAL  ]   24 routes  rb  kmeans  k=6  λ=1.0  solver=filo
20:11:42 | i — | [  FINAL  ]   21 routes  rb  ac_complete  k=12  λ=0.6  solver=filo2
20:11:42 | i — | [  FINAL  ]   19 routes  rb  kmeans  k=2  λ=1.0  solver=ails2
20:11:42 | i — | [  FINAL  ]   15 routes  rb  kmeans  k=2  λ=0.6  solver=filo
20:11:42 | i — | [  FINAL  ]   14 routes  rb  ac_complete  k=4  λ=1.0  solver=filo
20:11:42 | i — | [  FINAL  ]   13 routes  rb  kmeans  k=4  λ=0.6  solver=ails2
20:11:42 | i — | [  FINAL  ]   8 routes  rb  kmeans  k=3  λ=1.0  solver=filo
20:11:42 | i — | [  FINAL  ]   8 routes  vb  ac_avg  k=12  λ=0.6  solver=filo2
20:11:42 | i — | [  FINAL  ]   7 routes  rb  ac_complete  k=3  λ=0.6  solver=pyvrp
20:11:42 | i — | [  FINAL  ]   6 routes  vb  kmeans  k=6  λ=0.6  solver=filo
20:11:42 | i — | [  FINAL  ]   6 routes  vb  fcm  k=6  λ=0.6  solver=pyvrp
20:11:42 | i — | [  FINAL  ]   6 routes  vb  kmeans  k=6  λ=0.4  solver=filo2
20:11:42 | i — | [  FINAL  ]   5 routes  vb  ac_complete  k=3  λ=0.4  solver=ails2
20:11:42 | i — | [  FINAL  ]   4 routes  vb  kmeans  k=12  λ=0.6  solver=ails2
20:11:42 | i — | [  FINAL  ]   2 routes  vb  ac_complete  k=2  λ=0.0  solver=filo
20:11:42 | i — | [  FINAL  ]   2 routes  vb  kmedoids  k=4  λ=0.4  solver=ails2
20:11:42 | i — | [  FINAL  ]   2 routes  vb  ac_complete  k=10  λ=0.0  solver=filo
20:11:42 | i — | [  FINAL  ]   1 routes  rb  ac_complete  k=8  λ=0.6  solver=ails2
20:11:42 | i — | [  FINAL  ]   1 routes  vb  kmeans  k=12  λ=0.4  solver=pyvrp
20:11:42 | i — | [  FINAL  ]   1 routes  vb  ac_avg  k=3  λ=1.0  solver=pyvrp
20:11:42 | i — | [  FINAL  ]   1 routes  vb  kmeans  k=4  λ=1.0  solver=filo
20:11:42 | i — | [  FINAL  ]   1 routes  vb  ac_complete  k=6  λ=0.8  solver=ails2
20:11:42 | i — | [  FINAL  ]   745 routes  post-SP/SC improvement
20:11:42 | i — | [  FINAL  ] ════════════════════════════════════════
