18:50:47 | i — | [  INIT   ] ════════════════════════════════════════
18:50:47 | i — | [  INIT   ] DRISPI  instance=X-n9160-k379  n=9159  capacity=237
18:50:47 | i — | [  INIT   ] k domain (computed at init): [2, 3, 4, 6, 8, 10, 12, 17, 25, 36]  k_ext=36  k_min=379  k_ext_bound=n_bound  spacing_rejected=0
18:50:47 | i — | [  INIT   ] ══════════════════════════════════════════════════════
18:50:47 | i — | [  INIT   ] CONFIGURATION
18:50:47 | i — | [  INIT   ] ── stopping ────────────────────────────────
18:50:47 | i — | [  INIT   ]   time_limit                  = 7200.0
18:50:47 | i — | [  INIT   ]   max_no_improve              = 1000000000
18:50:47 | i — | [  INIT   ] ── parallelism ─────────────────────────────
18:50:47 | i — | [  INIT   ]   n_workers                   = 8
18:50:47 | i — | [  INIT   ] ── cores ───────────────────────────────────
18:50:47 | i — | [  INIT   ]   cores_total                 = 8
18:50:47 | i — | [  INIT   ]   cores_dri                   = 6
18:50:47 | i — | [  INIT   ]   cores_bg                    = 1
18:50:47 | i — | [  INIT   ]   cores_sp                    = 1
18:50:47 | i — | [  INIT   ]   cores_cpu_list              = None
18:50:47 | i — | [  INIT   ] ── sp/sc ───────────────────────────────────
18:50:47 | i — | [  INIT   ]   sp_sc_mode                  = async
18:50:47 | i — | [  INIT   ]   sp_sc_trigger               = wallclock
18:50:47 | i — | [  INIT   ]   interval_minutes            = 20.0
18:50:47 | i — | [  INIT   ]   overlap_policy              = skip
18:50:47 | i — | [  INIT   ]   warmup_iterations           = 5
18:50:47 | i — | [  INIT   ]   sp_interval                 = 3
18:50:47 | i — | [  INIT   ]   min_coverage                = 5
18:50:47 | i — | [  INIT   ]   sp_time_limit               = 720.0
18:50:47 | i — | [  INIT   ]   mip_gap                     = 0.00025
18:50:47 | i — | [  INIT   ] ── decomposition ───────────────────────────
18:50:47 | i — | [  INIT   ]   decomp_k_base_arms          = [2, 3, 4, 6, 8, 10, 12]
18:50:47 | i — | [  INIT   ]   decomp_k_max_arms           = 10
18:50:47 | i — | [  INIT   ]   decomp_k_ext_per_1000       = 4
18:50:47 | i — | [  INIT   ]   decomp_k_min_routes_per_cluster= 8
18:50:47 | i — | [  INIT   ]   decomp_k_min_arm_spacing    = 2
18:50:47 | i — | [  INIT   ]   subcluster_rate_s_per_customer= 0.06
18:50:47 | i — | [  INIT   ]   subcluster_floor_s          = 5.0
18:50:47 | i — | [  INIT   ] ── bg_ails ─────────────────────────────────
18:50:47 | i — | [  INIT   ]   bg_ails_mode                = async
18:50:47 | i — | [  INIT   ]   bg_ails_crash_threshold     = 1
18:50:47 | i — | [  INIT   ]   bg_ails_budget_mode         = predicted_dr_wall
18:50:47 | i — | [  INIT   ]   bg_ails_budget_floor_s      = 60.0
18:50:47 | i — | [  INIT   ]   bg_ails_budget_margin       = 1.0
18:50:47 | i — | [  INIT   ]   bg_ails_wall_model_scale    = 0.976
18:50:47 | i — | [  INIT   ]   bg_ails_wall_model_wave_exponent= -0.18
18:50:47 | i — | [  INIT   ]   bg_ails_initial_omega       = 10
18:50:47 | i — | [  INIT   ]   bg_ails_boundary_threshold  = 0.5
18:50:47 | i — | [  INIT   ]   bg_ails_small_cluster_cap   = 20
18:50:47 | i — | [  INIT   ]   bg_ails_small_cluster_alpha = 0.5
18:50:47 | i — | [  INIT   ]   bg_ails_pair_selection      = greedy
18:50:47 | i — | [  INIT   ]   bg_ails_n_chains_mode       = k
18:50:47 | i — | [  INIT   ]   bg_ails_unique_first_routes = True
18:50:47 | i — | [  INIT   ]   bg_ails_boundary_mask_first_ls= True
18:50:47 | i — | [  INIT   ] ── standard_improvement ────────────────────
18:50:47 | i — | [  INIT   ]   standard_improvement_time_limit= 360.0
18:50:47 | i — | [  INIT   ] ── pool ────────────────────────────────────
18:50:47 | i — | [  INIT   ]   max_pool_size               = 10000
18:50:47 | i — | [  INIT   ]   pool_diversity_weight       = 0.5
18:50:47 | i — | [  INIT   ] ── haos ────────────────────────────────────
18:50:47 | i — | [  INIT   ]   haos_decay                  = 0.95
18:50:47 | i — | [  INIT   ]   haos_warmup                 = 10
18:50:47 | i — | [  INIT   ]   haos_starting_weight        = 10.0
18:50:47 | i — | [  INIT   ]   haos_min_weight_k           = 0.025
18:50:47 | i — | [  INIT   ]   haos_min_weight_lambda      = 0.05
18:50:47 | i — | [  INIT   ]   haos_min_weight_paradigm    = 0.1
18:50:47 | i — | [  INIT   ]   haos_min_weight_vertex_method= 0.05
18:50:47 | i — | [  INIT   ]   haos_min_weight_route_method= 0.05
18:50:47 | i — | [  INIT   ]   haos_min_weight_solver      = 0.05
18:50:47 | i — | [  INIT   ]   haos_lambda_demand_values   = [0.0, 0.2, 0.4, 0.6, 0.8, 1.0]
18:50:47 | i — | [  INIT   ]   haos_paradigm_values        = ['vertex', 'route']
18:50:47 | i — | [  INIT   ]   haos_vertex_method_values   = ['kmeans', 'agglomerative_avg', 'agglomerative_complete', 'kmedoids', 'fcm']
18:50:47 | i — | [  INIT   ]   haos_route_method_values    = ['kmeans', 'agglomerative_avg', 'agglomerative_complete']
18:50:47 | i — | [  INIT   ]   haos_solver_values          = ['pyvrp', 'filo', 'filo2', 'ails2']
18:50:47 | i — | [  INIT   ] ── haos_rewards ────────────────────────────
18:50:47 | i — | [  INIT   ]   haos_reward_new_best        = 10.0
18:50:47 | i — | [  INIT   ]   haos_reward_improvement     = 4.0
18:50:47 | i — | [  INIT   ]   haos_reward_no_improvement  = 1.0
18:50:47 | i — | [  INIT   ]   haos_reward_no_solution     = 0.0
18:50:47 | i — | [  INIT   ]   haos_deferred_new_best      = 7.0
18:50:47 | i — | [  INIT   ]   haos_deferred_improvement   = 3.0
18:50:47 | i — | [  INIT   ]   haos_deferred_no_improvement= 0.0
18:50:47 | i — | [  INIT   ] ── seed ────────────────────────────────────
18:50:47 | i — | [  INIT   ]   seed                        = 11
18:50:47 | i — | [  INIT   ] ── output ──────────────────────────────────
18:50:47 | i — | [  INIT   ]   output_dir                  = /app/artifacts/benchmark/X-n9160-k379/seed11
18:50:47 | i — | [  INIT   ]   run_analysis                = False
18:50:47 | i — | [  INIT   ] ══════════════════════════════════════════════════════
18:50:47 | i — | [  INIT   ] BKS=323596.00
18:50:47 | i — | [  INIT   ] ════════════════════════════════════════
18:50:47 | i 1 | [HAOS ROLL] k=3  λ=0.8  vb  fcm  filo2  P≈0.000417
18:50:54 | i 1 | [Phase 1/3] decompose  6.58s / — / —  λ=0.8  vb fcm
18:54:15 | i 1 | [Phase 2/3] route  201.31s / 196.62s / 102.4%  filo2  k=3
18:54:15 | i 1 | [ IMPROVE ] 326826.00  via decompose_route  ·  Δ_BKS=+1.00%
18:54:15 | i 1 | [HAOS ROLL] k=3  λ=0.8  vb  fcm  filo2  P≈0.000417
18:54:15 | i 1 | [ Summary ] cost=326826.00  Δ_S*=+0.00%  Δ_BKS=+1.00%  Δ_S*_BKS=+1.00%  no_improve=0
18:54:15 | i 2 | [HAOS ROLL] k=36  λ=0.2  rb  ac_avg  filo  P≈0.000694
18:54:22 | i 2 | [Phase 1/3] decompose  7.05s / — / —  λ=0.2  rb ac_avg
18:56:01 | i 2 | [Phase 2/3] route  98.22s / 23.16s / 424.1%  filo  k=36
18:57:47 | i 1 | [ IMPROVE ] 326299.00  via bg_ails  ·  Δ_BKS=+0.84%
18:57:47 | i 1 | [ ASYNC BG] bg_ails  211.46s / 191.90s / 110.2%
18:57:47 | i 2 | [HAOS ROLL] k=36  λ=0.2  rb  ac_avg  filo  P≈0.000694
18:57:47 | i 2 | [ Summary ] cost=327555.00  Δ_S*=+0.38%  Δ_BKS=+1.22%  Δ_S*_BKS=+0.84%  no_improve=1
18:57:47 | i 3 | [HAOS ROLL] k=12  λ=0.6  rb  kmeans  filo  P≈0.000694
18:57:51 | i 3 | [Phase 1/3] decompose  4.54s / — / —  λ=0.6  rb kmeans
18:59:29 | i 3 | [Phase 2/3] route  97.20s / 57.42s / 169.3%  filo  k=12
18:59:29 | i 2 | [ ASYNC BG] bg_ails  102.06s / 81.95s / 124.5%
18:59:29 | i 3 | [HAOS ROLL] k=12  λ=0.6  rb  kmeans  filo  P≈0.000694
18:59:29 | i 3 | [ Summary ] cost=328271.00  Δ_S*=+0.60%  Δ_BKS=+1.44%  Δ_S*_BKS=+0.84%  no_improve=3
18:59:29 | i 4 | [HAOS ROLL] k=36  λ=0.8  vb  ac_complete  filo  P≈0.000417
18:59:36 | i 4 | [Phase 1/3] decompose  7.15s / — / —  λ=0.8  vb ac_complete
19:01:17 | i 4 | [Phase 2/3] route  101.18s / 27.84s / 363.5%  filo  k=36
19:01:22 | i 3 | [ ASYNC BG] bg_ails  113.41s / 93.46s / 121.4%
19:01:22 | i 4 | [HAOS ROLL] k=36  λ=0.8  vb  ac_complete  filo  P≈0.000417
19:01:22 | i 4 | [ Summary ] cost=342280.00  Δ_S*=+4.90%  Δ_BKS=+5.77%  Δ_S*_BKS=+0.84%  no_improve=5
19:01:22 | i 5 | [HAOS ROLL] k=17  λ=0.0  rb  ac_complete  filo2  P≈0.000694
19:01:26 | i 5 | [Phase 1/3] decompose  3.56s / — / —  λ=0.0  rb ac_complete
19:03:09 | i 5 | [Phase 2/3] route  103.20s / 55.50s / 185.9%  filo2  k=17
19:03:09 | i 4 | [ ASYNC BG] bg_ails  104.16s / 81.61s / 127.6%
19:03:09 | i 5 | [HAOS ROLL] k=17  λ=0.0  rb  ac_complete  filo2  P≈0.000694
19:03:09 | i 5 | [ Summary ] cost=327573.00  Δ_S*=+0.39%  Δ_BKS=+1.23%  Δ_S*_BKS=+0.84%  no_improve=7
19:03:09 | i 6 | [HAOS ROLL] k=17  λ=0.0  vb  ac_avg  pyvrp  P≈0.000417
19:03:15 | i 6 | [Phase 1/3] decompose  5.97s / — / —  λ=0.0  vb ac_avg
19:04:59 | i 6 | [Phase 2/3] route  103.42s / 55.26s / 187.1%  pyvrp  k=17
19:05:07 | i 5 | [ ASYNC BG] bg_ails  118.04s / 99.66s / 118.4%
19:05:07 | i 6 | [HAOS ROLL] k=17  λ=0.0  vb  ac_avg  pyvrp  P≈0.000417
19:05:07 | i 6 | [ Summary ] cost=333840.00  Δ_S*=+2.31%  Δ_BKS=+3.17%  Δ_S*_BKS=+0.84%  no_improve=9
19:05:07 | i 7 | [HAOS ROLL] k=10  λ=0.6  rb  ac_avg  filo2  P≈0.000694
19:05:12 | i 7 | [Phase 1/3] decompose  4.59s / — / —  λ=0.6  rb ac_avg
19:06:58 | i 7 | [Phase 2/3] route  106.21s / 72.06s / 147.4%  filo2  k=10
19:07:03 | i 6 | [ ASYNC BG] bg_ails  115.52s / 96.06s / 120.3%
19:07:03 | i 7 | [HAOS ROLL] k=10  λ=0.6  rb  ac_avg  filo2  P≈0.000694
19:07:03 | i 7 | [ Summary ] cost=328589.00  Δ_S*=+0.70%  Δ_BKS=+1.54%  Δ_S*_BKS=+0.84%  no_improve=11
19:07:03 | i 8 | [HAOS ROLL] k=6  λ=0.8  rb  ac_complete  pyvrp  P≈0.000694
19:07:08 | i 8 | [Phase 1/3] decompose  4.88s / — / —  λ=0.8  rb ac_complete
19:09:37 | i 8 | [Phase 2/3] route  149.71s / 136.56s / 109.6%  pyvrp  k=6
19:09:37 | i 7 | [ ASYNC BG] bg_ails  128.08s / 105.60s / 121.3%
19:09:37 | i 8 | [HAOS ROLL] k=6  λ=0.8  rb  ac_complete  pyvrp  P≈0.000694
19:09:37 | i 8 | [ Summary ] cost=331496.00  Δ_S*=+1.59%  Δ_BKS=+2.44%  Δ_S*_BKS=+0.84%  no_improve=13
19:09:37 | i 9 | [HAOS ROLL] k=4  λ=0.0  rb  ac_avg  filo  P≈0.000694
19:09:41 | i 9 | [Phase 1/3] decompose  3.65s / — / —  λ=0.0  rb ac_avg
19:12:28 | i 9 | [Phase 2/3] route  166.54s / 166.38s / 100.1%  filo  k=4
19:12:28 | i 8 | [ ASYNC BG] bg_ails  155.63s / 133.28s / 116.8%
19:12:28 | i 9 | [HAOS ROLL] k=4  λ=0.0  rb  ac_avg  filo  P≈0.000694
19:12:28 | i 9 | [ Summary ] cost=328096.00  Δ_S*=+0.55%  Δ_BKS=+1.39%  Δ_S*_BKS=+0.84%  no_improve=15
19:12:28 | i 6 | [ASYNC 1/2] sp_sc  37.33s / 720.00s / 5.2%  SC  avg_coverage=10.71/5  pool=4074
19:12:28 | i 6 | [ASYNC 2/2] standard_ails  374.75s / 360.00s / 104.1%
19:13:06 | i 6 | [ IMPROVE ] 325686.00  via standard_ails  ·  Δ_BKS=+0.65%
19:13:06 | i 10 | [HAOS ROLL] k=3  λ=0.0  vb  ac_complete  filo  P≈0.000417
19:13:12 | i 10 | [Phase 1/3] decompose  5.93s / — / —  λ=0.0  vb ac_complete
19:17:37 | i 10 | [Phase 2/3] route  265.00s / 264.12s / 100.3%  filo  k=3
19:17:37 | i 9 | [ ASYNC BG] bg_ails  181.02s / 162.39s / 111.5%
19:17:37 | i 10 | [HAOS ROLL] k=3  λ=0.0  vb  ac_complete  filo  P≈0.000417
19:17:37 | i 10 | [ Summary ] cost=327911.00  Δ_S*=+0.68%  Δ_BKS=+1.33%  Δ_S*_BKS=+0.65%  no_improve=2
19:17:37 | i 11 | [HAOS ROLL] k=12  λ=0.0  rb  ac_avg  filo2  P≈0.000694
19:17:41 | i 11 | [Phase 1/3] decompose  3.46s / — / —  λ=0.0  rb ac_avg
19:19:31 | i 11 | [Phase 2/3] route  110.21s / 72.18s / 152.7%  filo2  k=12
19:22:14 | i 10 | [ ASYNC BG] bg_ails  276.97s / 257.78s / 107.4%
19:22:14 | i 11 | [HAOS ROLL] k=12  λ=0.0  rb  ac_avg  filo2  P≈0.000694
19:22:14 | i 11 | [ Summary ] cost=327038.00  Δ_S*=+0.42%  Δ_BKS=+1.06%  Δ_S*_BKS=+0.65%  no_improve=4
19:22:14 | i 12 | [HAOS ROLL] k=8  λ=1.0  rb  ac_avg  filo2  P≈0.000746
19:22:19 | i 12 | [Phase 1/3] decompose  4.69s / — / —  λ=1.0  rb ac_avg
19:24:24 | i 12 | [Phase 2/3] route  125.25s / 87.96s / 142.4%  filo2  k=8
19:24:24 | i 11 | [ ASYNC BG] bg_ails  113.46s / 94.90s / 119.6%
19:24:24 | i 12 | [HAOS ROLL] k=8  λ=1.0  rb  ac_avg  filo2  P≈0.000746
19:24:24 | i 12 | [ Summary ] cost=326525.00  Δ_S*=+0.26%  Δ_BKS=+0.91%  Δ_S*_BKS=+0.65%  no_improve=6
19:24:24 | i 13 | [HAOS ROLL] k=8  λ=0.6  vb  kmeans  ails2  P≈0.000284
19:24:29 | i 13 | [Phase 1/3] decompose  4.62s / — / —  λ=0.6  vb kmeans
19:26:50 | i 13 | [Phase 2/3] route  141.18s / 79.68s / 177.2%  ails2  k=8
19:26:59 | i 12 | [ ASYNC BG] bg_ails  154.24s / 134.66s / 114.5%
19:26:59 | i 13 | [HAOS ROLL] k=8  λ=0.6  vb  kmeans  ails2  P≈0.000284
19:26:59 | i 13 | [ Summary ] cost=327495.00  Δ_S*=+0.56%  Δ_BKS=+1.20%  Δ_S*_BKS=+0.65%  no_improve=8
19:26:59 | i 14 | [HAOS ROLL] k=3  λ=1.0  vb  ac_avg  filo  P≈0.000289
19:27:06 | i 14 | [Phase 1/3] decompose  7.48s / — / —  λ=1.0  vb ac_avg
19:31:34 | i 14 | [Phase 2/3] route  268.04s / 266.64s / 100.5%  filo  k=3
19:31:35 | i 13 | [ ASYNC BG] bg_ails  155.26s / 134.19s / 115.7%
19:31:35 | i 14 | [HAOS ROLL] k=3  λ=1.0  vb  ac_avg  filo  P≈0.000289
19:31:35 | i 14 | [ Summary ] cost=327508.00  Δ_S*=+0.56%  Δ_BKS=+1.21%  Δ_S*_BKS=+0.65%  no_improve=10
19:31:35 | i 15 | [HAOS ROLL] k=10  λ=0.2  rb  ac_complete  ails2  P≈0.000503
19:31:39 | i 15 | [Phase 1/3] decompose  4.64s / — / —  λ=0.2  rb ac_complete
19:33:34 | i 15 | [Phase 2/3] route  114.15s / 78.66s / 145.1%  ails2  k=10
19:36:16 | i 14 | [ ASYNC BG] bg_ails  281.24s / 260.24s / 108.1%
19:36:16 | i 15 | [HAOS ROLL] k=10  λ=0.2  rb  ac_complete  ails2  P≈0.000503
19:36:16 | i 15 | [ Summary ] cost=325831.00  Δ_S*=+0.04%  Δ_BKS=+0.69%  Δ_S*_BKS=+0.65%  no_improve=12
19:36:16 | i 16 | [HAOS ROLL] k=2  λ=0.6  rb  ac_avg  filo2  P≈0.000912
19:36:21 | i 16 | [Phase 1/3] decompose  4.71s / — / —  λ=0.6  rb ac_avg
19:41:38 | i 16 | [Phase 2/3] route  317.37s / 316.32s / 100.3%  filo2  k=2
19:41:38 | i 15 | [ ASYNC BG] bg_ails  134.63s / 114.65s / 117.4%
19:41:38 | i 16 | [HAOS ROLL] k=2  λ=0.6  rb  ac_avg  filo2  P≈0.000912
19:41:38 | i 16 | [ Summary ] cost=326340.00  Δ_S*=+0.20%  Δ_BKS=+0.85%  Δ_S*_BKS=+0.65%  no_improve=14
19:41:39 | i 13 | [ASYNC 1/2] sp_sc  248.82s / 720.00s / 34.6%  SP  avg_coverage=25.48/5  pool=9646
19:41:39 | i 13 | [ASYNC 2/2] standard_ails  374.87s / 360.00s / 104.1%
19:43:14 | i 13 | [ IMPROVE ] 325529.00  via standard_ails  ·  Δ_BKS=+0.60%
19:43:14 | i 17 | [HAOS ROLL] k=17  λ=1.0  rb  kmeans  ails2  P≈0.000800
19:43:18 | i 17 | [Phase 1/3] decompose  4.36s / — / —  λ=1.0  rb kmeans
19:45:08 | i 17 | [Phase 2/3] route  109.63s / 49.26s / 222.6%  ails2  k=17
19:47:06 | i 16 | [ ASYNC BG] bg_ails  327.92s / 308.73s / 106.2%
19:47:07 | i 17 | [HAOS ROLL] k=17  λ=1.0  rb  kmeans  ails2  P≈0.000800
19:47:07 | i 17 | [ Summary ] cost=325686.00  Δ_S*=+0.05%  Δ_BKS=+0.65%  Δ_S*_BKS=+0.60%  no_improve=2
19:47:07 | i 18 | [HAOS ROLL] k=2  λ=0.8  rb  kmeans  filo  P≈0.000951
19:47:11 | i 18 | [Phase 1/3] decompose  4.67s / — / —  λ=0.8  rb kmeans
19:51:49 | i 18 | [Phase 2/3] route  277.10s / 276.18s / 100.3%  filo  k=2
19:51:49 | i 17 | [ ASYNC BG] bg_ails  127.55s / 107.25s / 118.9%
19:51:49 | i 18 | [HAOS ROLL] k=2  λ=0.8  rb  kmeans  filo  P≈0.000951
19:51:49 | i 18 | [ Summary ] cost=327349.00  Δ_S*=+0.56%  Δ_BKS=+1.16%  Δ_S*_BKS=+0.60%  no_improve=4
19:51:49 | i 19 | [HAOS ROLL] k=2  λ=0.8  vb  ac_complete  pyvrp  P≈0.000138
19:51:56 | i 19 | [Phase 1/3] decompose  7.12s / — / —  λ=0.8  vb ac_complete
19:57:36 | i 19 | [Phase 2/3] route  339.42s / 289.14s / 117.4%  pyvrp  k=2
19:57:36 | i 18 | [ ASYNC BG] bg_ails  289.05s / 269.55s / 107.2%
19:57:36 | i 19 | [HAOS ROLL] k=2  λ=0.8  vb  ac_complete  pyvrp  P≈0.000138
19:57:36 | i 19 | [ Summary ] cost=332288.00  Δ_S*=+2.08%  Δ_BKS=+2.69%  Δ_S*_BKS=+0.60%  no_improve=6
19:57:36 | i 17 | [ASYNC 1/2] sp_sc  70.86s / 720.00s / 9.8%  SP  avg_coverage=24.90/5  pool=10000
19:57:36 | i 17 | [ASYNC 2/2] standard_ails  374.59s / 360.00s / 104.1%
19:59:15 | i 17 | [ IMPROVE ] 325176.00  via standard_ails  ·  Δ_BKS=+0.49%
19:59:15 | i 20 | [HAOS ROLL] k=2  λ=0.2  vb  fcm  filo  P≈0.000803
19:59:20 | i 20 | [Phase 1/3] decompose  5.18s / — / —  λ=0.2  vb fcm
20:03:59 | i 20 | [Phase 2/3] route  279.10s / 278.28s / 100.3%  filo  k=2
20:04:00 | i 19 | [ ASYNC BG] bg_ails  302.04s / 282.20s / 107.0%
20:04:00 | i 20 | [HAOS ROLL] k=2  λ=0.2  vb  fcm  filo  P≈0.000803
20:04:00 | i 20 | [ Summary ] cost=327360.00  Δ_S*=+0.67%  Δ_BKS=+1.16%  Δ_S*_BKS=+0.49%  no_improve=2
20:04:00 | i 21 | [HAOS ROLL] k=10  λ=0.2  vb  ac_complete  filo  P≈0.000669
20:04:07 | i 21 | [Phase 1/3] decompose  7.16s / — / —  λ=0.2  vb ac_complete
20:06:04 | i 21 | [Phase 2/3] route  117.23s / 73.68s / 159.1%  filo  k=10
20:08:51 | i 20 | [ ASYNC BG] bg_ails  291.34s / 271.60s / 107.3%
20:08:51 | i 21 | [HAOS ROLL] k=10  λ=0.2  vb  ac_complete  filo  P≈0.000669
20:08:51 | i 21 | [ Summary ] cost=329735.00  Δ_S*=+1.40%  Δ_BKS=+1.90%  Δ_S*_BKS=+0.49%  no_improve=4
20:08:51 | i 22 | [HAOS ROLL] k=2  λ=0.8  rb  ac_avg  pyvrp  P≈0.000413
20:08:56 | i 22 | [Phase 1/3] decompose  4.73s / — / —  λ=0.8  rb ac_avg
20:14:28 | i 22 | [Phase 2/3] route  331.53s / 282.42s / 117.4%  pyvrp  k=2
20:14:28 | i 21 | [ ASYNC BG] bg_ails  132.42s / 112.89s / 117.3%
20:14:28 | i 22 | [HAOS ROLL] k=2  λ=0.8  rb  ac_avg  pyvrp  P≈0.000413
20:14:28 | i 22 | [ Summary ] cost=331416.00  Δ_S*=+1.92%  Δ_BKS=+2.42%  Δ_S*_BKS=+0.49%  no_improve=6
20:14:28 | i 23 | [HAOS ROLL] k=17  λ=0.0  rb  ac_complete  ails2  P≈0.000858
20:14:32 | i 23 | [Phase 1/3] decompose  3.53s / — / —  λ=0.0  rb ac_complete
20:16:14 | i 23 | [Phase 2/3] route  101.92s / 45.60s / 223.5%  ails2  k=17
20:19:23 | i 22 | [ ASYNC BG] bg_ails  295.39s / 275.64s / 107.2%
20:19:23 | i 23 | [HAOS ROLL] k=17  λ=0.0  rb  ac_complete  ails2  P≈0.000858
20:19:24 | i 23 | [ Summary ] cost=325342.00  Δ_S*=+0.05%  Δ_BKS=+0.54%  Δ_S*_BKS=+0.49%  no_improve=8
20:19:24 | i 21 | [ASYNC 1/2] sp_sc  76.06s / 720.00s / 10.6%  SP  avg_coverage=24.40/5  pool=10000
20:19:24 | i 21 | [ASYNC 2/2] standard_ails  374.75s / 360.00s / 104.1%
20:21:03 | i 24 | [HAOS ROLL] k=2  λ=1.0  rb  kmeans  filo2  P≈0.001092
20:21:08 | i 24 | [Phase 1/3] decompose  4.86s / — / —  λ=1.0  rb kmeans
20:25:45 | i 24 | [Phase 2/3] route  277.10s / 275.58s / 100.6%  filo2  k=2
20:25:46 | i 23 | [ ASYNC BG] bg_ails  108.88s / 90.53s / 120.3%
20:25:46 | i 24 | [HAOS ROLL] k=2  λ=1.0  rb  kmeans  filo2  P≈0.001092
20:25:46 | i 24 | [ Summary ] cost=326224.00  Δ_S*=+0.32%  Δ_BKS=+0.81%  Δ_S*_BKS=+0.49%  no_improve=11
20:25:46 | i 25 | [HAOS ROLL] k=6  λ=0.6  vb  ac_avg  filo2  P≈0.000297
20:25:53 | i 25 | [Phase 1/3] decompose  7.39s / — / —  λ=0.6  vb ac_avg
20:27:53 | i 25 | [Phase 2/3] route  119.32s / 118.86s / 100.4%  filo2  k=6
20:30:34 | i 24 | [ ASYNC BG] bg_ails  288.20s / 268.97s / 107.2%
20:30:34 | i 25 | [HAOS ROLL] k=6  λ=0.6  vb  ac_avg  filo2  P≈0.000297
20:30:34 | i 25 | [ Summary ] cost=328867.00  Δ_S*=+1.14%  Δ_BKS=+1.63%  Δ_S*_BKS=+0.49%  no_improve=13
20:30:34 | i 26 | [HAOS ROLL] k=12  λ=0.8  rb  ac_complete  ails2  P≈0.000611
20:30:39 | i 26 | [Phase 1/3] decompose  4.60s / — / —  λ=0.8  rb ac_complete
20:32:26 | i 26 | [Phase 2/3] route  106.88s / 70.74s / 151.1%  ails2  k=12
20:32:50 | i 25 | [ ASYNC BG] bg_ails  136.29s / 116.01s / 117.5%
20:32:50 | i 26 | [HAOS ROLL] k=12  λ=0.8  rb  ac_complete  ails2  P≈0.000611
20:32:51 | i 26 | [ Summary ] cost=325414.00  Δ_S*=+0.07%  Δ_BKS=+0.56%  Δ_S*_BKS=+0.49%  no_improve=15
20:32:51 | i 27 | [HAOS ROLL] k=3  λ=0.8  rb  ac_avg  filo2  P≈0.002420
20:32:55 | i 27 | [Phase 1/3] decompose  4.63s / — / —  λ=0.8  rb ac_avg
20:37:23 | i 27 | [Phase 2/3] route  268.05s / 267.12s / 100.3%  filo2  k=3
20:37:23 | i 26 | [ ASYNC BG] bg_ails  119.46s / 99.66s / 119.9%
20:37:24 | i 27 | [HAOS ROLL] k=3  λ=0.8  rb  ac_avg  filo2  P≈0.002420
20:37:24 | i 27 | [ Summary ] cost=326597.00  Δ_S*=+0.44%  Δ_BKS=+0.93%  Δ_S*_BKS=+0.49%  no_improve=17
20:37:24 | i 28 | [HAOS ROLL] k=36  λ=1.0  vb  ac_complete  filo2  P≈0.000312
20:37:31 | i 28 | [Phase 1/3] decompose  7.12s / — / —  λ=1.0  vb ac_complete
20:39:10 | i 28 | [Phase 2/3] route  99.23s / 23.94s / 414.5%  filo2  k=36
20:42:04 | i 27 | [ ASYNC BG] bg_ails  280.17s / 260.71s / 107.5%
20:42:04 | i 28 | [HAOS ROLL] k=36  λ=1.0  vb  ac_complete  filo2  P≈0.000312
20:42:04 | i 28 | [ Summary ] cost=341465.00  Δ_S*=+5.01%  Δ_BKS=+5.52%  Δ_S*_BKS=+0.49%  no_improve=19
20:42:04 | i 25 | [ASYNC 1/2] sp_sc  74.68s / 720.00s / 10.4%  SP  avg_coverage=24.08/5  pool=10000
20:42:04 | i 25 | [ASYNC 2/2] standard_ails  374.92s / 360.00s / 104.1%
20:43:44 | i 29 | [HAOS ROLL] k=2  λ=0.4  rb  kmeans  filo2  P≈0.000574
20:43:49 | i 29 | [Phase 1/3] decompose  4.50s / — / —  λ=0.4  rb kmeans
20:48:26 | i 29 | [Phase 2/3] route  277.07s / 275.58s / 100.5%  filo2  k=2
20:48:26 | i 28 | [ ASYNC BG] bg_ails  102.46s / 82.92s / 123.6%
20:48:26 | i 29 | [HAOS ROLL] k=2  λ=0.4  rb  kmeans  filo2  P≈0.000574
20:48:27 | i 29 | [ Summary ] cost=326448.00  Δ_S*=+0.39%  Δ_BKS=+0.88%  Δ_S*_BKS=+0.49%  no_improve=22
20:48:27 | i 30 | [HAOS ROLL] k=2  λ=1.0  vb  kmeans  filo2  P≈0.000465
20:48:31 | i 30 | [Phase 1/3] decompose  4.35s / — / —  λ=1.0  vb kmeans
20:53:07 | i 30 | [Phase 2/3] route  276.05s / 275.10s / 100.3%  filo2  k=2
20:53:08 | i 30 | [HAOS ROLL] k=2  λ=1.0  vb  kmeans  filo2  P≈0.000465
20:53:08 | i 30 | [ Summary ] cost=326367.00  Δ_S*=+0.37%  Δ_BKS=+0.86%  Δ_S*_BKS=+0.49%  no_improve=23
20:53:08 | i — | [  FINAL  ] async BG-AILS totals launched=28 applied=28 adopted=1 launch_skipped_cap=2 crashes=0 discarded_in_flight=False block_wait_total_s=1291.2
20:53:38 | i — | [  FINAL  ] async SP/SC totals invocations=6 adopted=3 skipped=0 discarded_in_flight=True sp_busy_frac=0.4479923270169892
20:53:38 | i — | [  FINAL  ] ════════════════════════════════════════
20:53:38 | i — | [  FINAL  ] Run complete  iterations=30  elapsed=02:02:50  best=325176.00
20:53:38 | i — | [  FINAL  ] Δ_BKS=+0.49%  no_improve_stop=False  time_stop=True  cancelled=False
20:53:38 | i — | [  FINAL  ] 
20:53:38 | i — | [  FINAL  ] [BEST SOLUTION — HAOS TAG SUMMARY]
20:53:38 | i — | [  FINAL  ] ────────────────────────────────────────
20:53:38 | i — | [  FINAL  ]   4 routes  rb  kmeans  k=17  λ=1.0  solver=ails2
20:53:38 | i — | [  FINAL  ]   2 routes  rb  ac_avg  k=12  λ=0.0  solver=filo2
20:53:38 | i — | [  FINAL  ]   2 routes  rb  ac_avg  k=8  λ=1.0  solver=filo2
20:53:38 | i — | [  FINAL  ]   2 routes  rb  ac_avg  k=10  λ=0.6  solver=filo2
20:53:38 | i — | [  FINAL  ]   2 routes  vb  fcm  k=3  λ=0.8  solver=filo2
20:53:38 | i — | [  FINAL  ]   1 routes  rb  ac_avg  k=36  λ=0.2  solver=filo
20:53:38 | i — | [  FINAL  ]   1 routes  rb  kmeans  k=12  λ=0.6  solver=filo
20:53:38 | i — | [  FINAL  ]   1 routes  vb  ac_avg  k=17  λ=0.0  solver=pyvrp
20:53:38 | i — | [  FINAL  ]   364 routes  post-SP/SC improvement
20:53:38 | i — | [  FINAL  ] 
20:53:38 | i — | [  FINAL  ] [ROUTE POOL — HAOS TAG SUMMARY]
20:53:38 | i — | [  FINAL  ] ────────────────────────────────────────
20:53:38 | i — | [  FINAL  ]   660 routes  vb  ac_complete  k=36  λ=1.0  solver=filo2
20:53:38 | i — | [  FINAL  ]   601 routes  rb  kmeans  k=2  λ=1.0  solver=filo2
20:53:38 | i — | [  FINAL  ]   547 routes  vb  ac_avg  k=6  λ=0.6  solver=filo2
20:53:38 | i — | [  FINAL  ]   475 routes  rb  ac_avg  k=3  λ=0.8  solver=filo2
20:53:38 | i — | [  FINAL  ]   401 routes  rb  ac_complete  k=12  λ=0.8  solver=ails2
20:53:38 | i — | [  FINAL  ]   391 routes  vb  fcm  k=3  λ=0.8  solver=filo2
20:53:38 | i — | [  FINAL  ]   374 routes  rb  kmeans  k=2  λ=0.4  solver=filo2
20:53:38 | i — | [  FINAL  ]   372 routes  vb  kmeans  k=2  λ=1.0  solver=filo2
20:53:38 | i — | [  FINAL  ]   314 routes  vb  fcm  k=2  λ=0.2  solver=filo
20:53:38 | i — | [  FINAL  ]   307 routes  rb  ac_complete  k=17  λ=0.0  solver=ails2
20:53:38 | i — | [  FINAL  ]   299 routes  rb  kmeans  k=12  λ=0.6  solver=filo
20:53:38 | i — | [  FINAL  ]   297 routes  vb  ac_complete  k=36  λ=0.8  solver=filo
20:53:38 | i — | [  FINAL  ]   292 routes  rb  ac_avg  k=8  λ=1.0  solver=filo2
20:53:38 | i — | [  FINAL  ]   282 routes  rb  ac_avg  k=4  λ=0.0  solver=filo
20:53:38 | i — | [  FINAL  ]   278 routes  rb  kmeans  k=17  λ=1.0  solver=ails2
20:53:38 | i — | [  FINAL  ]   277 routes  rb  ac_complete  k=17  λ=0.0  solver=filo2
20:53:38 | i — | [  FINAL  ]   275 routes  vb  ac_complete  k=3  λ=0.0  solver=filo
20:53:38 | i — | [  FINAL  ]   266 routes  vb  ac_avg  k=17  λ=0.0  solver=pyvrp
20:53:38 | i — | [  FINAL  ]   258 routes  rb  ac_avg  k=12  λ=0.0  solver=filo2
20:53:38 | i — | [  FINAL  ]   246 routes  vb  kmeans  k=8  λ=0.6  solver=ails2
20:53:38 | i — | [  FINAL  ]   244 routes  rb  ac_avg  k=36  λ=0.2  solver=filo
20:53:38 | i — | [  FINAL  ]   240 routes  vb  ac_complete  k=10  λ=0.2  solver=filo
20:53:38 | i — | [  FINAL  ]   215 routes  rb  ac_avg  k=2  λ=0.6  solver=filo2
20:53:38 | i — | [  FINAL  ]   213 routes  rb  ac_complete  k=6  λ=0.8  solver=pyvrp
20:53:38 | i — | [  FINAL  ]   194 routes  rb  ac_avg  k=10  λ=0.6  solver=filo2
20:53:38 | i — | [  FINAL  ]   173 routes  vb  ac_avg  k=3  λ=1.0  solver=filo
20:53:38 | i — | [  FINAL  ]   169 routes  vb  ac_complete  k=2  λ=0.8  solver=pyvrp
20:53:38 | i — | [  FINAL  ]   120 routes  rb  ac_complete  k=10  λ=0.2  solver=ails2
20:53:38 | i — | [  FINAL  ]   112 routes  rb  ac_avg  k=2  λ=0.8  solver=pyvrp
20:53:38 | i — | [  FINAL  ]   89 routes  rb  kmeans  k=2  λ=0.8  solver=filo
20:53:38 | i — | [  FINAL  ]   1019 routes  post-SP/SC improvement
20:53:38 | i — | [  FINAL  ] ════════════════════════════════════════
