17:01:09 | i — | [  INIT   ] ════════════════════════════════════════
17:01:09 | i — | [  INIT   ] DRISPI  instance=X-n4245-k203  n=4244  capacity=21
17:01:09 | i — | [  INIT   ] k domain (computed at init): [2, 3, 4, 6, 8, 10, 12, 15]  k_ext=16  k_min=203  k_ext_bound=n_bound  spacing_rejected=2
17:01:09 | i — | [  INIT   ] ══════════════════════════════════════════════════════
17:01:09 | i — | [  INIT   ] CONFIGURATION
17:01:09 | i — | [  INIT   ] ── stopping ────────────────────────────────
17:01:09 | i — | [  INIT   ]   time_limit                  = 7200.0
17:01:09 | i — | [  INIT   ]   max_no_improve              = 1000000000
17:01:09 | i — | [  INIT   ] ── parallelism ─────────────────────────────
17:01:09 | i — | [  INIT   ]   n_workers                   = 8
17:01:09 | i — | [  INIT   ] ── cores ───────────────────────────────────
17:01:09 | i — | [  INIT   ]   cores_total                 = 8
17:01:09 | i — | [  INIT   ]   cores_dri                   = 6
17:01:09 | i — | [  INIT   ]   cores_bg                    = 1
17:01:09 | i — | [  INIT   ]   cores_sp                    = 1
17:01:09 | i — | [  INIT   ]   cores_cpu_list              = None
17:01:09 | i — | [  INIT   ] ── sp/sc ───────────────────────────────────
17:01:09 | i — | [  INIT   ]   sp_sc_mode                  = async
17:01:09 | i — | [  INIT   ]   sp_sc_trigger               = wallclock
17:01:09 | i — | [  INIT   ]   interval_minutes            = 20.0
17:01:09 | i — | [  INIT   ]   overlap_policy              = skip
17:01:09 | i — | [  INIT   ]   warmup_iterations           = 5
17:01:09 | i — | [  INIT   ]   sp_interval                 = 3
17:01:09 | i — | [  INIT   ]   min_coverage                = 5
17:01:09 | i — | [  INIT   ]   sp_time_limit               = 720.0
17:01:09 | i — | [  INIT   ]   mip_gap                     = 0.00025
17:01:09 | i — | [  INIT   ] ── decomposition ───────────────────────────
17:01:09 | i — | [  INIT   ]   decomp_k_base_arms          = [2, 3, 4, 6, 8, 10, 12]
17:01:09 | i — | [  INIT   ]   decomp_k_max_arms           = 10
17:01:09 | i — | [  INIT   ]   decomp_k_ext_per_1000       = 4
17:01:09 | i — | [  INIT   ]   decomp_k_min_routes_per_cluster= 8
17:01:09 | i — | [  INIT   ]   decomp_k_min_arm_spacing    = 2
17:01:09 | i — | [  INIT   ]   subcluster_rate_s_per_customer= 0.06
17:01:09 | i — | [  INIT   ]   subcluster_floor_s          = 5.0
17:01:09 | i — | [  INIT   ] ── bg_ails ─────────────────────────────────
17:01:09 | i — | [  INIT   ]   bg_ails_mode                = async
17:01:09 | i — | [  INIT   ]   bg_ails_crash_threshold     = 1
17:01:09 | i — | [  INIT   ]   bg_ails_budget_mode         = predicted_dr_wall
17:01:09 | i — | [  INIT   ]   bg_ails_budget_floor_s      = 60.0
17:01:09 | i — | [  INIT   ]   bg_ails_budget_margin       = 1.0
17:01:09 | i — | [  INIT   ]   bg_ails_wall_model_scale    = 0.976
17:01:09 | i — | [  INIT   ]   bg_ails_wall_model_wave_exponent= -0.18
17:01:09 | i — | [  INIT   ]   bg_ails_initial_omega       = 10
17:01:09 | i — | [  INIT   ]   bg_ails_boundary_threshold  = 0.5
17:01:09 | i — | [  INIT   ]   bg_ails_small_cluster_cap   = 20
17:01:09 | i — | [  INIT   ]   bg_ails_small_cluster_alpha = 0.5
17:01:09 | i — | [  INIT   ]   bg_ails_pair_selection      = greedy
17:01:09 | i — | [  INIT   ]   bg_ails_n_chains_mode       = k
17:01:09 | i — | [  INIT   ] ── standard_improvement ────────────────────
17:01:09 | i — | [  INIT   ]   standard_improvement_time_limit= 360.0
17:01:09 | i — | [  INIT   ] ── pool ────────────────────────────────────
17:01:09 | i — | [  INIT   ]   max_pool_size               = 10000
17:01:09 | i — | [  INIT   ]   pool_diversity_weight       = 0.5
17:01:09 | i — | [  INIT   ] ── haos ────────────────────────────────────
17:01:09 | i — | [  INIT   ]   haos_decay                  = 0.95
17:01:09 | i — | [  INIT   ]   haos_warmup                 = 10
17:01:09 | i — | [  INIT   ]   haos_starting_weight        = 10.0
17:01:09 | i — | [  INIT   ]   haos_min_weight_k           = 0.025
17:01:09 | i — | [  INIT   ]   haos_min_weight_lambda      = 0.05
17:01:09 | i — | [  INIT   ]   haos_min_weight_paradigm    = 0.1
17:01:09 | i — | [  INIT   ]   haos_min_weight_vertex_method= 0.05
17:01:09 | i — | [  INIT   ]   haos_min_weight_route_method= 0.05
17:01:09 | i — | [  INIT   ]   haos_min_weight_solver      = 0.05
17:01:09 | i — | [  INIT   ]   haos_lambda_demand_values   = [0.0, 0.2, 0.4, 0.6, 0.8, 1.0]
17:01:09 | i — | [  INIT   ]   haos_paradigm_values        = ['vertex', 'route']
17:01:09 | i — | [  INIT   ]   haos_vertex_method_values   = ['kmeans', 'agglomerative_avg', 'agglomerative_complete', 'kmedoids', 'fcm']
17:01:09 | i — | [  INIT   ]   haos_route_method_values    = ['kmeans', 'agglomerative_avg', 'agglomerative_complete']
17:01:09 | i — | [  INIT   ]   haos_solver_values          = ['pyvrp', 'filo', 'filo2', 'ails2']
17:01:09 | i — | [  INIT   ] ── haos_rewards ────────────────────────────
17:01:09 | i — | [  INIT   ]   haos_reward_new_best        = 10.0
17:01:09 | i — | [  INIT   ]   haos_reward_improvement     = 4.0
17:01:09 | i — | [  INIT   ]   haos_reward_no_improvement  = 1.0
17:01:09 | i — | [  INIT   ]   haos_reward_no_solution     = 0.0
17:01:09 | i — | [  INIT   ]   haos_deferred_new_best      = 7.0
17:01:09 | i — | [  INIT   ]   haos_deferred_improvement   = 3.0
17:01:09 | i — | [  INIT   ]   haos_deferred_no_improvement= 0.0
17:01:09 | i — | [  INIT   ] ── seed ────────────────────────────────────
17:01:09 | i — | [  INIT   ]   seed                        = 30
17:01:09 | i — | [  INIT   ] ── output ──────────────────────────────────
17:01:09 | i — | [  INIT   ]   output_dir                  = /app/artifacts/final_benchmark/runs/X-n4245-k203/seed30
17:01:09 | i — | [  INIT   ]   run_analysis                = False
17:01:09 | i — | [  INIT   ] ══════════════════════════════════════════════════════
17:01:09 | i — | [  INIT   ] BKS=229521.00
17:01:09 | i — | [  INIT   ] ════════════════════════════════════════
17:01:09 | i 1 | [HAOS ROLL] k=10  λ=1.0  vb  ac_avg  filo  P≈0.000521
17:01:14 | i 1 | [Phase 1/3] decompose  5.52s / — / —  λ=1.0  vb ac_avg
17:02:03 | i 1 | [Phase 2/3] route  49.13s / 41.88s / 117.3%  filo  k=10
17:02:03 | i 1 | [ IMPROVE ] 234760.00  via decompose_route  ·  Δ_BKS=+2.28%
17:02:03 | i 1 | [HAOS ROLL] k=10  λ=1.0  vb  ac_avg  filo  P≈0.000521
17:02:03 | i 1 | [ Summary ] cost=234760.00  Δ_S*=+0.00%  Δ_BKS=+2.28%  Δ_S*_BKS=+2.28%  no_improve=0
17:02:03 | i 2 | [HAOS ROLL] k=3  λ=1.0  rb  ac_complete  ails2  P≈0.000868
17:02:05 | i 2 | [Phase 1/3] decompose  1.39s / — / —  λ=1.0  rb ac_complete
17:03:57 | i 2 | [Phase 2/3] route  112.44s / 110.28s / 102.0%  ails2  k=3
17:03:57 | i 1 | [ IMPROVE ] 230625.00  via bg_ails  ·  Δ_BKS=+0.48%
17:03:57 | i 1 | [ ASYNC BG] bg_ails  67.70s / 60.00s / 112.8%
17:03:57 | i 2 | [HAOS ROLL] k=3  λ=1.0  rb  ac_complete  ails2  P≈0.000868
17:03:57 | i 2 | [ Summary ] cost=230796.00  Δ_S*=+0.07%  Δ_BKS=+0.56%  Δ_S*_BKS=+0.48%  no_improve=1
17:03:57 | i 3 | [HAOS ROLL] k=12  λ=0.4  vb  ac_complete  filo2  P≈0.000521
17:03:59 | i 3 | [Phase 1/3] decompose  1.89s / — / —  λ=0.4  vb ac_complete
17:04:49 | i 3 | [Phase 2/3] route  50.13s / 32.52s / 154.2%  filo2  k=12
17:05:52 | i 2 | [ IMPROVE ] 230338.00  via bg_ails  ·  Δ_BKS=+0.36%
17:05:52 | i 2 | [ ASYNC BG] bg_ails  114.66s / 107.63s / 106.5%
17:05:52 | i 3 | [HAOS ROLL] k=12  λ=0.4  vb  ac_complete  filo2  P≈0.000521
17:05:52 | i 3 | [ Summary ] cost=234787.00  Δ_S*=+1.93%  Δ_BKS=+2.29%  Δ_S*_BKS=+0.36%  no_improve=1
17:05:52 | i 4 | [HAOS ROLL] k=12  λ=0.8  vb  fcm  ails2  P≈0.000521
17:05:54 | i 4 | [Phase 1/3] decompose  2.35s / — / —  λ=0.8  vb fcm
17:06:40 | i 4 | [Phase 2/3] route  45.97s / 23.16s / 198.5%  ails2  k=12
17:07:00 | i 3 | [ ASYNC BG] bg_ails  67.66s / 60.00s / 112.8%
17:07:00 | i 4 | [HAOS ROLL] k=12  λ=0.8  vb  fcm  ails2  P≈0.000521
17:07:00 | i 4 | [ Summary ] cost=235112.00  Δ_S*=+2.07%  Δ_BKS=+2.44%  Δ_S*_BKS=+0.36%  no_improve=3
17:07:00 | i 5 | [HAOS ROLL] k=4  λ=0.8  vb  ac_complete  ails2  P≈0.000521
17:07:02 | i 5 | [Phase 1/3] decompose  1.97s / — / —  λ=0.8  vb ac_complete
17:08:34 | i 5 | [Phase 2/3] route  92.71s / 90.12s / 102.9%  ails2  k=4
17:08:34 | i 4 | [ ASYNC BG] bg_ails  67.19s / 60.00s / 112.0%
17:08:34 | i 5 | [HAOS ROLL] k=4  λ=0.8  vb  ac_complete  ails2  P≈0.000521
17:08:34 | i 5 | [ Summary ] cost=231689.00  Δ_S*=+0.59%  Δ_BKS=+0.94%  Δ_S*_BKS=+0.36%  no_improve=5
17:08:34 | i 6 | [HAOS ROLL] k=2  λ=0.0  rb  kmeans  filo  P≈0.000868
17:08:35 | i 6 | [Phase 1/3] decompose  1.04s / — / —  λ=0.0  rb kmeans
17:10:55 | i 6 | [Phase 2/3] route  139.39s / 138.60s / 100.6%  filo  k=2
17:10:55 | i 5 | [ ASYNC BG] bg_ails  94.15s / 87.96s / 107.0%
17:10:55 | i 6 | [ IMPROVE ] 230319.00  via decompose_route  ·  Δ_BKS=+0.35%
17:10:55 | i 6 | [HAOS ROLL] k=2  λ=0.0  rb  kmeans  filo  P≈0.000868
17:10:55 | i 6 | [ Summary ] cost=230319.00  Δ_S*=+0.00%  Δ_BKS=+0.35%  Δ_S*_BKS=+0.35%  no_improve=0
17:10:55 | i 7 | [HAOS ROLL] k=12  λ=0.6  rb  ac_avg  filo  P≈0.000868
17:10:56 | i 7 | [Phase 1/3] decompose  1.33s / — / —  λ=0.6  rb ac_avg
17:11:43 | i 7 | [Phase 2/3] route  47.13s / 28.98s / 162.6%  filo  k=12
17:13:17 | i 6 | [ IMPROVE ] 230217.00  via bg_ails  ·  Δ_BKS=+0.30%
17:13:17 | i 6 | [ ASYNC BG] bg_ails  141.82s / 135.27s / 104.8%
17:13:17 | i 7 | [HAOS ROLL] k=12  λ=0.6  rb  ac_avg  filo  P≈0.000868
17:13:17 | i 7 | [ Summary ] cost=230315.00  Δ_S*=+0.04%  Δ_BKS=+0.35%  Δ_S*_BKS=+0.30%  no_improve=1
17:13:17 | i 8 | [HAOS ROLL] k=6  λ=0.6  rb  ac_complete  filo  P≈0.000868
17:13:18 | i 8 | [Phase 1/3] decompose  1.34s / — / —  λ=0.6  rb ac_complete
17:14:29 | i 8 | [Phase 2/3] route  71.19s / 70.56s / 100.9%  filo  k=6
17:14:29 | i 7 | [ ASYNC BG] bg_ails  67.17s / 60.00s / 111.9%
17:14:29 | i 8 | [ IMPROVE ] 230184.00  via decompose_route  ·  Δ_BKS=+0.29%
17:14:29 | i 8 | [HAOS ROLL] k=6  λ=0.6  rb  ac_complete  filo  P≈0.000868
17:14:29 | i 8 | [ Summary ] cost=230184.00  Δ_S*=+0.00%  Δ_BKS=+0.29%  Δ_S*_BKS=+0.29%  no_improve=0
17:14:29 | i 9 | [HAOS ROLL] k=12  λ=0.8  vb  ac_avg  ails2  P≈0.000521
17:14:31 | i 9 | [Phase 1/3] decompose  1.88s / — / —  λ=0.8  vb ac_avg
17:15:22 | i 9 | [Phase 2/3] route  50.53s / 41.88s / 120.7%  ails2  k=12
17:15:44 | i 8 | [ ASYNC BG] bg_ails  75.22s / 68.87s / 109.2%
17:15:45 | i 9 | [HAOS ROLL] k=12  λ=0.8  vb  ac_avg  ails2  P≈0.000521
17:15:45 | i 9 | [ Summary ] cost=235194.00  Δ_S*=+2.18%  Δ_BKS=+2.47%  Δ_S*_BKS=+0.29%  no_improve=2
17:15:45 | i 10 | [HAOS ROLL] k=10  λ=0.4  rb  ac_avg  filo  P≈0.000868
17:15:46 | i 10 | [Phase 1/3] decompose  1.39s / — / —  λ=0.4  rb ac_avg
17:16:35 | i 10 | [Phase 2/3] route  49.13s / 37.92s / 129.6%  filo  k=10
17:16:52 | i 9 | [ ASYNC BG] bg_ails  67.23s / 60.00s / 112.0%
17:16:52 | i 10 | [HAOS ROLL] k=10  λ=0.4  rb  ac_avg  filo  P≈0.000868
17:16:52 | i 10 | [ Summary ] cost=230200.00  Δ_S*=+0.01%  Δ_BKS=+0.30%  Δ_S*_BKS=+0.29%  no_improve=4
17:16:52 | i 11 | [HAOS ROLL] k=3  λ=0.8  vb  ac_avg  filo2  P≈0.000521
17:16:54 | i 11 | [Phase 1/3] decompose  1.87s / — / —  λ=0.8  vb ac_avg
17:18:53 | i 11 | [Phase 2/3] route  119.30s / 119.34s / 100.0%  filo2  k=3
17:18:53 | i 10 | [ ASYNC BG] bg_ails  67.20s / 60.00s / 112.0%
17:18:53 | i 11 | [HAOS ROLL] k=3  λ=0.8  vb  ac_avg  filo2  P≈0.000521
17:18:53 | i 11 | [ Summary ] cost=230917.00  Δ_S*=+0.32%  Δ_BKS=+0.61%  Δ_S*_BKS=+0.29%  no_improve=6
17:18:53 | i 6 | [ASYNC 1/2] sp_sc  1.07s / 720.00s / 0.1%  SP  avg_coverage=10.34/5  pool=2112
17:18:53 | i 6 | [ASYNC 2/2] standard_ails  365.59s / 360.00s / 101.6%
17:19:01 | i 6 | [ IMPROVE ] 230117.00  via standard_ails  ·  Δ_BKS=+0.26%
17:19:01 | i 12 | [HAOS ROLL] k=2  λ=1.0  vb  ac_complete  filo  P≈0.000515
17:19:03 | i 12 | [Phase 1/3] decompose  1.79s / — / —  λ=1.0  vb ac_complete
17:21:50 | i 12 | [Phase 2/3] route  167.49s / 166.56s / 100.6%  filo  k=2
17:21:50 | i 11 | [ ASYNC BG] bg_ails  123.03s / 116.48s / 105.6%
17:21:50 | i 12 | [HAOS ROLL] k=2  λ=1.0  vb  ac_complete  filo  P≈0.000515
17:21:50 | i 12 | [ Summary ] cost=230361.00  Δ_S*=+0.11%  Δ_BKS=+0.37%  Δ_S*_BKS=+0.26%  no_improve=2
17:21:50 | i 13 | [HAOS ROLL] k=3  λ=0.0  rb  ac_complete  pyvrp  P≈0.000573
17:21:51 | i 13 | [Phase 1/3] decompose  1.01s / — / —  λ=0.0  rb ac_complete
17:23:58 | i 13 | [Phase 2/3] route  126.22s / 115.92s / 108.9%  pyvrp  k=3
17:24:39 | i 12 | [ ASYNC BG] bg_ails  169.05s / 162.56s / 104.0%
17:24:39 | i 13 | [HAOS ROLL] k=3  λ=0.0  rb  ac_complete  pyvrp  P≈0.000573
17:24:39 | i 13 | [ Summary ] cost=232706.00  Δ_S*=+1.13%  Δ_BKS=+1.39%  Δ_S*_BKS=+0.26%  no_improve=4
17:24:39 | i 14 | [HAOS ROLL] k=4  λ=0.4  vb  kmeans  ails2  P≈0.000673
17:24:41 | i 14 | [Phase 1/3] decompose  1.31s / — / —  λ=0.4  vb kmeans
17:25:51 | i 14 | [Phase 2/3] route  70.20s / 68.76s / 102.1%  ails2  k=4
17:26:39 | i 13 | [ ASYNC BG] bg_ails  119.87s / 113.14s / 105.9%
17:26:39 | i 14 | [HAOS ROLL] k=4  λ=0.4  vb  kmeans  ails2  P≈0.000673
17:26:39 | i 14 | [ Summary ] cost=231531.00  Δ_S*=+0.61%  Δ_BKS=+0.88%  Δ_S*_BKS=+0.26%  no_improve=6
17:26:39 | i 15 | [HAOS ROLL] k=6  λ=0.0  vb  ac_avg  ails2  P≈0.000511
17:26:41 | i 15 | [Phase 1/3] decompose  1.62s / — / —  λ=0.0  vb ac_avg
17:27:43 | i 15 | [Phase 2/3] route  62.37s / 60.54s / 103.0%  ails2  k=6
17:27:53 | i 14 | [ ASYNC BG] bg_ails  74.01s / 67.11s / 110.3%
17:27:53 | i 15 | [HAOS ROLL] k=6  λ=0.0  vb  ac_avg  ails2  P≈0.000511
17:27:53 | i 15 | [ Summary ] cost=233845.00  Δ_S*=+1.62%  Δ_BKS=+1.88%  Δ_S*_BKS=+0.26%  no_improve=8
17:27:53 | i 16 | [HAOS ROLL] k=10  λ=1.0  vb  ac_avg  filo2  P≈0.000275
17:27:55 | i 16 | [Phase 1/3] decompose  1.82s / — / —  λ=1.0  vb ac_avg
17:28:43 | i 16 | [Phase 2/3] route  48.11s / 41.88s / 114.9%  filo2  k=10
17:29:00 | i 15 | [ ASYNC BG] bg_ails  66.78s / 60.00s / 111.3%
17:29:00 | i 16 | [HAOS ROLL] k=10  λ=1.0  vb  ac_avg  filo2  P≈0.000275
17:29:00 | i 16 | [ Summary ] cost=234760.00  Δ_S*=+2.02%  Δ_BKS=+2.28%  Δ_S*_BKS=+0.26%  no_improve=10
17:29:00 | i 17 | [HAOS ROLL] k=3  λ=0.8  vb  kmedoids  filo2  P≈0.000542
17:29:02 | i 17 | [Phase 1/3] decompose  2.01s / — / —  λ=0.8  vb kmedoids
17:30:30 | i 17 | [Phase 2/3] route  88.22s / 88.38s / 99.8%  filo2  k=3
17:30:30 | i 16 | [ ASYNC BG] bg_ails  67.04s / 60.00s / 111.7%
17:30:30 | i 17 | [HAOS ROLL] k=3  λ=0.8  vb  kmedoids  filo2  P≈0.000542
17:30:31 | i 17 | [ Summary ] cost=231253.00  Δ_S*=+0.49%  Δ_BKS=+0.75%  Δ_S*_BKS=+0.26%  no_improve=12
17:30:31 | i 18 | [HAOS ROLL] k=10  λ=1.0  rb  kmeans  ails2  P≈0.001100
17:30:32 | i 18 | [Phase 1/3] decompose  1.35s / — / —  λ=1.0  rb kmeans
17:31:30 | i 18 | [Phase 2/3] route  58.22s / 32.76s / 177.7%  ails2  k=10
17:32:04 | i 17 | [ ASYNC BG] bg_ails  93.11s / 86.26s / 107.9%
17:32:04 | i 18 | [HAOS ROLL] k=10  λ=1.0  rb  kmeans  ails2  P≈0.001100
17:32:04 | i 18 | [ Summary ] cost=230302.00  Δ_S*=+0.08%  Δ_BKS=+0.34%  Δ_S*_BKS=+0.26%  no_improve=14
17:32:04 | i 19 | [HAOS ROLL] k=10  λ=0.6  vb  kmedoids  filo2  P≈0.000438
17:32:06 | i 19 | [Phase 1/3] decompose  2.43s / — / —  λ=0.6  vb kmedoids
17:32:59 | i 19 | [Phase 2/3] route  53.12s / 32.22s / 164.9%  filo2  k=10
17:33:11 | i 18 | [ ASYNC BG] bg_ails  67.07s / 60.00s / 111.8%
17:33:11 | i 19 | [HAOS ROLL] k=10  λ=0.6  vb  kmedoids  filo2  P≈0.000438
17:33:11 | i 19 | [ Summary ] cost=234560.00  Δ_S*=+1.93%  Δ_BKS=+2.20%  Δ_S*_BKS=+0.26%  no_improve=16
17:33:11 | i 20 | [HAOS ROLL] k=8  λ=0.4  vb  kmedoids  filo  P≈0.000263
17:33:13 | i 20 | [Phase 1/3] decompose  1.96s / — / —  λ=0.4  vb kmedoids
17:34:14 | i 20 | [Phase 2/3] route  61.14s / 34.68s / 176.3%  filo  k=8
17:34:18 | i 19 | [ ASYNC BG] bg_ails  67.10s / 60.00s / 111.8%
17:34:18 | i 20 | [HAOS ROLL] k=8  λ=0.4  vb  kmedoids  filo  P≈0.000263
17:34:18 | i 20 | [ Summary ] cost=232977.00  Δ_S*=+1.24%  Δ_BKS=+1.51%  Δ_S*_BKS=+0.26%  no_improve=18
17:34:18 | i 21 | [HAOS ROLL] k=15  λ=0.4  rb  kmeans  filo2  P≈0.000571
17:34:19 | i 21 | [Phase 1/3] decompose  1.35s / — / —  λ=0.4  rb kmeans
17:35:11 | i 21 | [Phase 2/3] route  52.13s / 25.20s / 206.9%  filo2  k=15
17:35:25 | i 20 | [ ASYNC BG] bg_ails  67.19s / 60.00s / 112.0%
17:35:25 | i 21 | [ IMPROVE ] 230105.00  via decompose_route  ·  Δ_BKS=+0.25%
17:35:25 | i 21 | [HAOS ROLL] k=15  λ=0.4  rb  kmeans  filo2  P≈0.000571
17:35:25 | i 21 | [ Summary ] cost=230105.00  Δ_S*=+0.00%  Δ_BKS=+0.25%  Δ_S*_BKS=+0.25%  no_improve=0
17:35:25 | i 22 | [HAOS ROLL] k=2  λ=0.4  rb  ac_complete  ails2  P≈0.001048
17:35:26 | i 22 | [Phase 1/3] decompose  1.37s / — / —  λ=0.4  rb ac_complete
17:37:59 | i 22 | [Phase 2/3] route  152.08s / 149.94s / 101.4%  ails2  k=2
17:37:59 | i 21 | [ ASYNC BG] bg_ails  67.18s / 60.00s / 112.0%
17:37:59 | i 22 | [HAOS ROLL] k=2  λ=0.4  rb  ac_complete  ails2  P≈0.001048
17:37:59 | i 22 | [ Summary ] cost=230237.00  Δ_S*=+0.06%  Δ_BKS=+0.31%  Δ_S*_BKS=+0.25%  no_improve=2
17:37:59 | i 23 | [HAOS ROLL] k=3  λ=0.4  vb  kmeans  filo2  P≈0.001079
17:38:00 | i 23 | [Phase 1/3] decompose  1.35s / — / —  λ=0.4  vb kmeans
17:39:37 | i 23 | [Phase 2/3] route  97.25s / 96.96s / 100.3%  filo2  k=3
17:40:32 | i 22 | [ ASYNC BG] bg_ails  153.07s / 146.34s / 104.6%
17:40:32 | i 23 | [HAOS ROLL] k=3  λ=0.4  vb  kmeans  filo2  P≈0.001079
17:40:32 | i 23 | [ Summary ] cost=231114.00  Δ_S*=+0.44%  Δ_BKS=+0.69%  Δ_S*_BKS=+0.25%  no_improve=4
17:40:32 | i 24 | [HAOS ROLL] k=15  λ=0.8  vb  ac_complete  pyvrp  P≈0.000375
17:40:34 | i 24 | [Phase 1/3] decompose  1.90s / — / —  λ=0.8  vb ac_complete
17:41:21 | i 24 | [Phase 2/3] route  47.51s / 27.72s / 171.4%  pyvrp  k=15
17:42:13 | i 23 | [ ASYNC BG] bg_ails  101.04s / 94.63s / 106.8%
17:42:13 | i 24 | [HAOS ROLL] k=15  λ=0.8  vb  ac_complete  pyvrp  P≈0.000375
17:42:13 | i 24 | [ Summary ] cost=237966.00  Δ_S*=+3.42%  Δ_BKS=+3.68%  Δ_S*_BKS=+0.25%  no_improve=6
17:42:13 | i 18 | [ASYNC 1/2] sp_sc  148.07s / 720.00s / 20.6%  SP  avg_coverage=29.30/5  pool=5964
17:42:13 | i 18 | [ASYNC 2/2] standard_ails  365.62s / 360.00s / 101.6%
17:42:53 | i 18 | [ IMPROVE ] 230008.00  via standard_ails  ·  Δ_BKS=+0.21%
17:42:53 | i 25 | [HAOS ROLL] k=3  λ=0.4  rb  ac_complete  ails2  P≈0.002007
17:42:54 | i 25 | [Phase 1/3] decompose  1.33s / — / —  λ=0.4  rb ac_complete
17:44:38 | i 25 | [Phase 2/3] route  104.40s / 102.06s / 102.3%  ails2  k=3
17:44:38 | i 24 | [ ASYNC BG] bg_ails  67.16s / 60.00s / 111.9%
17:44:38 | i 25 | [HAOS ROLL] k=3  λ=0.4  rb  ac_complete  ails2  P≈0.002007
17:44:39 | i 25 | [ Summary ] cost=230213.00  Δ_S*=+0.09%  Δ_BKS=+0.30%  Δ_S*_BKS=+0.21%  no_improve=2
17:44:39 | i 26 | [HAOS ROLL] k=12  λ=1.0  vb  fcm  filo  P≈0.000931
17:44:41 | i 26 | [Phase 1/3] decompose  2.33s / — / —  λ=1.0  vb fcm
17:45:25 | i 26 | [Phase 2/3] route  44.12s / 23.28s / 189.5%  filo  k=12
17:46:25 | i 25 | [ ASYNC BG] bg_ails  106.07s / 99.61s / 106.5%
17:46:25 | i 26 | [HAOS ROLL] k=12  λ=1.0  vb  fcm  filo  P≈0.000931
17:46:25 | i 26 | [ Summary ] cost=235389.00  Δ_S*=+2.34%  Δ_BKS=+2.56%  Δ_S*_BKS=+0.21%  no_improve=4
17:46:25 | i 27 | [HAOS ROLL] k=2  λ=0.2  rb  kmeans  ails2  P≈0.000573
17:46:26 | i 27 | [Phase 1/3] decompose  1.33s / — / —  λ=0.2  rb kmeans
17:48:41 | i 27 | [Phase 2/3] route  134.68s / 132.30s / 101.8%  ails2  k=2
17:48:41 | i 26 | [ ASYNC BG] bg_ails  67.14s / 60.00s / 111.9%
17:48:41 | i 27 | [HAOS ROLL] k=2  λ=0.2  rb  kmeans  ails2  P≈0.000573
17:48:41 | i 27 | [ Summary ] cost=230343.00  Δ_S*=+0.15%  Δ_BKS=+0.36%  Δ_S*_BKS=+0.21%  no_improve=6
17:48:41 | i 28 | [HAOS ROLL] k=10  λ=0.0  vb  ac_complete  ails2  P≈0.001904
17:48:42 | i 28 | [Phase 1/3] decompose  1.53s / — / —  λ=0.0  vb ac_complete
17:49:37 | i 28 | [Phase 2/3] route  54.15s / 36.00s / 150.4%  ails2  k=10
17:50:57 | i 27 | [ ASYNC BG] bg_ails  136.05s / 129.12s / 105.4%
17:50:57 | i 28 | [HAOS ROLL] k=10  λ=0.0  vb  ac_complete  ails2  P≈0.001904
17:50:57 | i 28 | [ Summary ] cost=233533.00  Δ_S*=+1.53%  Δ_BKS=+1.75%  Δ_S*_BKS=+0.21%  no_improve=8
17:50:57 | i 29 | [HAOS ROLL] k=8  λ=0.0  rb  kmeans  ails2  P≈0.000737
17:50:58 | i 29 | [Phase 1/3] decompose  1.00s / — / —  λ=0.0  rb kmeans
17:52:02 | i 29 | [Phase 2/3] route  64.02s / 37.80s / 169.4%  ails2  k=8
17:52:04 | i 28 | [ ASYNC BG] bg_ails  66.72s / 60.00s / 111.2%
17:52:04 | i 29 | [HAOS ROLL] k=8  λ=0.0  rb  kmeans  ails2  P≈0.000737
17:52:04 | i 29 | [ Summary ] cost=230105.00  Δ_S*=+0.04%  Δ_BKS=+0.25%  Δ_S*_BKS=+0.21%  no_improve=10
17:52:04 | i 30 | [HAOS ROLL] k=4  λ=0.4  vb  fcm  ails2  P≈0.000810
17:52:05 | i 30 | [Phase 1/3] decompose  1.36s / — / —  λ=0.4  vb fcm
17:53:13 | i 30 | [Phase 2/3] route  68.11s / 66.72s / 102.1%  ails2  k=4
17:53:13 | i 29 | [ ASYNC BG] bg_ails  66.79s / 60.79s / 109.9%
17:53:13 | i 30 | [HAOS ROLL] k=4  λ=0.4  vb  fcm  ails2  P≈0.000810
17:53:14 | i 30 | [ Summary ] cost=231313.00  Δ_S*=+0.57%  Δ_BKS=+0.78%  Δ_S*_BKS=+0.21%  no_improve=12
17:53:14 | i 31 | [HAOS ROLL] k=8  λ=1.0  vb  fcm  filo  P≈0.000501
17:53:15 | i 31 | [Phase 1/3] decompose  1.56s / — / —  λ=1.0  vb fcm
17:54:15 | i 31 | [Phase 2/3] route  60.14s / 38.58s / 155.9%  filo  k=8
17:54:25 | i 30 | [ ASYNC BG] bg_ails  72.14s / 65.12s / 110.8%
17:54:25 | i 31 | [HAOS ROLL] k=8  λ=1.0  vb  fcm  filo  P≈0.000501
17:54:26 | i 31 | [ Summary ] cost=233402.00  Δ_S*=+1.48%  Δ_BKS=+1.69%  Δ_S*_BKS=+0.21%  no_improve=14
17:54:26 | i 32 | [HAOS ROLL] k=2  λ=0.6  vb  kmeans  ails2  P≈0.000331
17:54:27 | i 32 | [Phase 1/3] decompose  1.39s / — / —  λ=0.6  vb kmeans
17:56:41 | i 32 | [Phase 2/3] route  133.96s / 131.16s / 102.1%  ails2  k=2
17:56:41 | i 31 | [ ASYNC BG] bg_ails  68.11s / 61.93s / 110.0%
17:56:41 | i 32 | [HAOS ROLL] k=2  λ=0.6  vb  kmeans  ails2  P≈0.000331
17:56:41 | i 32 | [ Summary ] cost=230955.00  Δ_S*=+0.41%  Δ_BKS=+0.62%  Δ_S*_BKS=+0.21%  no_improve=16
17:56:41 | i 33 | [HAOS ROLL] k=10  λ=0.6  vb  ac_complete  ails2  P≈0.001258
17:56:43 | i 33 | [Phase 1/3] decompose  1.88s / — / —  λ=0.6  vb ac_complete
17:57:37 | i 33 | [Phase 2/3] route  54.12s / 36.00s / 150.3%  ails2  k=10
17:58:56 | i 32 | [ ASYNC BG] bg_ails  135.33s / 128.01s / 105.7%
17:58:57 | i 33 | [HAOS ROLL] k=10  λ=0.6  vb  ac_complete  ails2  P≈0.001258
17:58:57 | i 33 | [ Summary ] cost=233655.00  Δ_S*=+1.59%  Δ_BKS=+1.80%  Δ_S*_BKS=+0.21%  no_improve=18
17:58:57 | i 34 | [HAOS ROLL] k=2  λ=0.8  vb  fcm  ails2  P≈0.001870
17:58:58 | i 34 | [Phase 1/3] decompose  1.45s / — / —  λ=0.8  vb fcm
18:01:09 | i 34 | [Phase 2/3] route  130.75s / 128.82s / 101.5%  ails2  k=2
18:01:09 | i 33 | [ ASYNC BG] bg_ails  67.22s / 60.00s / 112.0%
18:01:09 | i 34 | [HAOS ROLL] k=2  λ=0.8  vb  fcm  ails2  P≈0.001870
18:01:10 | i 34 | [ Summary ] cost=230524.00  Δ_S*=+0.22%  Δ_BKS=+0.44%  Δ_S*_BKS=+0.21%  no_improve=20
18:01:10 | i 35 | [HAOS ROLL] k=12  λ=1.0  vb  ac_complete  ails2  P≈0.003344
18:01:11 | i 35 | [Phase 1/3] decompose  1.86s / — / —  λ=1.0  vb ac_complete
18:02:02 | i 35 | [Phase 2/3] route  51.06s / 32.52s / 157.0%  ails2  k=12
18:03:21 | i 34 | [ ASYNC BG] bg_ails  132.11s / 125.73s / 105.1%
18:03:22 | i 35 | [HAOS ROLL] k=12  λ=1.0  vb  ac_complete  ails2  P≈0.003344
18:03:22 | i 35 | [ Summary ] cost=234885.00  Δ_S*=+2.12%  Δ_BKS=+2.34%  Δ_S*_BKS=+0.21%  no_improve=22
18:03:22 | i 36 | [HAOS ROLL] k=4  λ=0.2  vb  kmedoids  ails2  P≈0.000236
18:03:24 | i 36 | [Phase 1/3] decompose  2.00s / — / —  λ=0.2  vb kmedoids
18:04:33 | i 36 | [Phase 2/3] route  69.59s / 67.44s / 103.2%  ails2  k=4
18:04:33 | i 35 | [ ASYNC BG] bg_ails  67.25s / 60.00s / 112.1%
18:04:34 | i 36 | [HAOS ROLL] k=4  λ=0.2  vb  kmedoids  ails2  P≈0.000236
18:04:34 | i 36 | [ Summary ] cost=231655.00  Δ_S*=+0.72%  Δ_BKS=+0.93%  Δ_S*_BKS=+0.21%  no_improve=24
18:04:34 | i 37 | [HAOS ROLL] k=10  λ=0.4  rb  ac_complete  filo  P≈0.001018
18:04:35 | i 37 | [Phase 1/3] decompose  1.34s / — / —  λ=0.4  rb ac_complete
18:05:29 | i 37 | [Phase 2/3] route  54.16s / 32.76s / 165.3%  filo  k=10
18:05:46 | i 36 | [ ASYNC BG] bg_ails  72.31s / 65.82s / 109.9%
18:05:46 | i 37 | [HAOS ROLL] k=10  λ=0.4  rb  ac_complete  filo  P≈0.001018
18:05:46 | i 37 | [ Summary ] cost=230040.00  Δ_S*=+0.01%  Δ_BKS=+0.23%  Δ_S*_BKS=+0.21%  no_improve=26
18:05:46 | i 38 | [HAOS ROLL] k=4  λ=0.6  rb  kmeans  ails2  P≈0.001204
18:05:47 | i 38 | [Phase 1/3] decompose  1.33s / — / —  λ=0.6  rb kmeans
18:06:55 | i 38 | [Phase 2/3] route  67.37s / 65.52s / 102.8%  ails2  k=4
18:06:55 | i 37 | [ ASYNC BG] bg_ails  67.14s / 60.00s / 111.9%
18:06:55 | i 38 | [HAOS ROLL] k=4  λ=0.6  rb  kmeans  ails2  P≈0.001204
18:06:55 | i 38 | [ Summary ] cost=230266.00  Δ_S*=+0.11%  Δ_BKS=+0.32%  Δ_S*_BKS=+0.21%  no_improve=28
18:06:55 | i 39 | [HAOS ROLL] k=10  λ=1.0  vb  ac_complete  filo  P≈0.002456
18:06:57 | i 39 | [Phase 1/3] decompose  1.92s / — / —  λ=1.0  vb ac_complete
18:07:50 | i 39 | [Phase 2/3] route  53.17s / 36.00s / 147.7%  filo  k=10
18:08:05 | i 38 | [ ASYNC BG] bg_ails  70.25s / 63.95s / 109.9%
18:08:05 | i 39 | [HAOS ROLL] k=10  λ=1.0  vb  ac_complete  filo  P≈0.002456
18:08:06 | i 39 | [ Summary ] cost=233581.00  Δ_S*=+1.55%  Δ_BKS=+1.77%  Δ_S*_BKS=+0.21%  no_improve=30
18:08:06 | i 40 | [HAOS ROLL] k=12  λ=0.0  rb  kmeans  ails2  P≈0.002090
18:08:07 | i 40 | [Phase 1/3] decompose  1.04s / — / —  λ=0.0  rb kmeans
18:08:57 | i 40 | [Phase 2/3] route  50.11s / 27.72s / 180.8%  ails2  k=12
18:09:12 | i 39 | [ ASYNC BG] bg_ails  67.10s / 60.00s / 111.8%
18:09:12 | i 40 | [HAOS ROLL] k=12  λ=0.0  rb  kmeans  ails2  P≈0.002090
18:09:13 | i 40 | [ Summary ] cost=230153.00  Δ_S*=+0.06%  Δ_BKS=+0.28%  Δ_S*_BKS=+0.21%  no_improve=32
18:09:13 | i 41 | [HAOS ROLL] k=12  λ=0.4  vb  fcm  ails2  P≈0.002712
18:09:15 | i 41 | [Phase 1/3] decompose  2.55s / — / —  λ=0.4  vb fcm
18:10:04 | i 41 | [Phase 2/3] route  48.98s / 24.60s / 199.1%  ails2  k=12
18:10:19 | i 40 | [ ASYNC BG] bg_ails  66.89s / 60.00s / 111.5%
18:10:19 | i 41 | [HAOS ROLL] k=12  λ=0.4  vb  fcm  ails2  P≈0.002712
18:10:20 | i 41 | [ Summary ] cost=234776.00  Δ_S*=+2.07%  Δ_BKS=+2.29%  Δ_S*_BKS=+0.21%  no_improve=34
18:10:20 | i 42 | [HAOS ROLL] k=3  λ=0.8  vb  ac_complete  ails2  P≈0.001721
18:10:21 | i 42 | [Phase 1/3] decompose  1.83s / — / —  λ=0.8  vb ac_complete
18:11:54 | i 42 | [Phase 2/3] route  92.39s / 90.12s / 102.5%  ails2  k=3
18:11:54 | i 41 | [ ASYNC BG] bg_ails  67.08s / 60.00s / 111.8%
18:11:54 | i 42 | [HAOS ROLL] k=3  λ=0.8  vb  ac_complete  ails2  P≈0.001721
18:11:54 | i 42 | [ Summary ] cost=230877.00  Δ_S*=+0.38%  Δ_BKS=+0.59%  Δ_S*_BKS=+0.21%  no_improve=36
18:11:54 | i 43 | [HAOS ROLL] k=8  λ=0.4  rb  ac_complete  filo2  P≈0.000226
18:11:55 | i 43 | [Phase 1/3] decompose  1.38s / — / —  λ=0.4  rb ac_complete
18:12:55 | i 43 | [Phase 2/3] route  59.17s / 59.22s / 99.9%  filo2  k=8
18:13:28 | i 42 | [ ASYNC BG] bg_ails  94.12s / 87.96s / 107.0%
18:13:28 | i 43 | [HAOS ROLL] k=8  λ=0.4  rb  ac_complete  filo2  P≈0.000226
18:13:28 | i 43 | [ Summary ] cost=230168.00  Δ_S*=+0.07%  Δ_BKS=+0.28%  Δ_S*_BKS=+0.21%  no_improve=38
18:13:28 | i 30 | [ASYNC 1/2] sp_sc  757.14s / 720.00s / 105.2%  SP  avg_coverage=46.47/5  pool=9464
18:13:28 | i 30 | [ASYNC 2/2] standard_ails  365.62s / 360.00s / 101.6%
18:14:36 | i 44 | [HAOS ROLL] k=8  λ=0.6  vb  kmedoids  ails2  P≈0.000451
18:14:38 | i 44 | [Phase 1/3] decompose  1.88s / — / —  λ=0.6  vb kmedoids
18:15:41 | i 44 | [Phase 2/3] route  63.40s / 34.68s / 182.8%  ails2  k=8
18:15:41 | i 43 | [ ASYNC BG] bg_ails  77.09s / 70.56s / 109.3%
18:15:42 | i 44 | [HAOS ROLL] k=8  λ=0.6  vb  kmedoids  ails2  P≈0.000451
18:15:42 | i 44 | [ Summary ] cost=233128.00  Δ_S*=+1.36%  Δ_BKS=+1.57%  Δ_S*_BKS=+0.21%  no_improve=41
18:15:42 | i 45 | [HAOS ROLL] k=4  λ=0.6  vb  ac_avg  filo  P≈0.000411
18:15:44 | i 45 | [Phase 1/3] decompose  1.83s / — / —  λ=0.6  vb ac_avg
18:16:59 | i 45 | [Phase 2/3] route  75.17s / 74.76s / 100.5%  filo  k=4
18:16:59 | i 44 | [ ASYNC BG] bg_ails  67.14s / 60.00s / 111.9%
18:16:59 | i 45 | [HAOS ROLL] k=4  λ=0.6  vb  ac_avg  filo  P≈0.000411
18:16:59 | i 45 | [ Summary ] cost=231410.00  Δ_S*=+0.61%  Δ_BKS=+0.82%  Δ_S*_BKS=+0.21%  no_improve=43
18:16:59 | i 46 | [HAOS ROLL] k=12  λ=0.8  vb  ac_avg  filo2  P≈0.001104
18:17:01 | i 46 | [Phase 1/3] decompose  1.86s / — / —  λ=0.8  vb ac_avg
18:17:49 | i 46 | [Phase 2/3] route  48.13s / 41.88s / 114.9%  filo2  k=12
18:18:18 | i 45 | [ ASYNC BG] bg_ails  79.15s / 72.97s / 108.5%
18:18:18 | i 46 | [HAOS ROLL] k=12  λ=0.8  vb  ac_avg  filo2  P≈0.001104
18:18:19 | i 46 | [ Summary ] cost=235143.00  Δ_S*=+2.23%  Δ_BKS=+2.45%  Δ_S*_BKS=+0.21%  no_improve=45
18:18:19 | i 47 | [HAOS ROLL] k=12  λ=0.6  rb  ac_avg  filo  P≈0.000415
18:18:20 | i 47 | [Phase 1/3] decompose  1.32s / — / —  λ=0.6  rb ac_avg
18:19:06 | i 47 | [Phase 2/3] route  46.13s / 28.98s / 159.2%  filo  k=12
18:19:25 | i 46 | [ ASYNC BG] bg_ails  67.09s / 60.00s / 111.8%
18:19:25 | i 47 | [HAOS ROLL] k=12  λ=0.6  rb  ac_avg  filo  P≈0.000415
18:19:26 | i 47 | [ Summary ] cost=230148.00  Δ_S*=+0.06%  Δ_BKS=+0.27%  Δ_S*_BKS=+0.21%  no_improve=47
18:19:26 | i 48 | [HAOS ROLL] k=3  λ=0.4  vb  kmedoids  filo2  P≈0.000498
18:19:27 | i 48 | [Phase 1/3] decompose  1.75s / — / —  λ=0.4  vb kmedoids
18:20:56 | i 48 | [Phase 2/3] route  88.21s / 88.38s / 99.8%  filo2  k=3
18:20:56 | i 47 | [ ASYNC BG] bg_ails  67.09s / 60.00s / 111.8%
18:20:56 | i 48 | [HAOS ROLL] k=3  λ=0.4  vb  kmedoids  filo2  P≈0.000498
18:20:56 | i 48 | [ Summary ] cost=231128.00  Δ_S*=+0.49%  Δ_BKS=+0.70%  Δ_S*_BKS=+0.21%  no_improve=49
18:20:56 | i 49 | [HAOS ROLL] k=3  λ=1.0  vb  ac_complete  ails2  P≈0.001847
18:20:58 | i 49 | [Phase 1/3] decompose  1.81s / — / —  λ=1.0  vb ac_complete
18:22:30 | i 49 | [Phase 2/3] route  92.29s / 90.12s / 102.4%  ails2  k=3
18:22:30 | i 48 | [ ASYNC BG] bg_ails  93.10s / 86.26s / 107.9%
18:22:31 | i 49 | [HAOS ROLL] k=3  λ=1.0  vb  ac_complete  ails2  P≈0.001847
18:22:31 | i 49 | [ Summary ] cost=230839.00  Δ_S*=+0.36%  Δ_BKS=+0.57%  Δ_S*_BKS=+0.21%  no_improve=51
18:22:31 | i 50 | [HAOS ROLL] k=15  λ=1.0  rb  kmeans  ails2  P≈0.000722
18:22:32 | i 50 | [Phase 1/3] decompose  1.32s / — / —  λ=1.0  rb kmeans
18:23:31 | i 50 | [Phase 2/3] route  59.22s / 22.68s / 261.1%  ails2  k=15
18:24:05 | i 49 | [ ASYNC BG] bg_ails  94.21s / 87.96s / 107.1%
18:24:05 | i 50 | [HAOS ROLL] k=15  λ=1.0  rb  kmeans  ails2  P≈0.000722
18:24:05 | i 50 | [ Summary ] cost=230052.00  Δ_S*=+0.02%  Δ_BKS=+0.23%  Δ_S*_BKS=+0.21%  no_improve=53
18:24:05 | i 51 | [HAOS ROLL] k=8  λ=0.4  rb  ac_avg  ails2  P≈0.001029
18:24:06 | i 51 | [Phase 1/3] decompose  1.30s / — / —  λ=0.4  rb ac_avg
18:25:05 | i 51 | [Phase 2/3] route  58.32s / 46.62s / 125.1%  ails2  k=8
18:25:12 | i 50 | [ ASYNC BG] bg_ails  67.12s / 60.00s / 111.9%
18:25:12 | i 51 | [HAOS ROLL] k=8  λ=0.4  rb  ac_avg  ails2  P≈0.001029
18:25:12 | i 51 | [ Summary ] cost=230250.00  Δ_S*=+0.11%  Δ_BKS=+0.32%  Δ_S*_BKS=+0.21%  no_improve=55
18:25:12 | i 52 | [HAOS ROLL] k=4  λ=0.0  rb  ac_complete  filo2  P≈0.000220
18:25:13 | i 52 | [Phase 1/3] decompose  0.98s / — / —  λ=0.0  rb ac_complete
18:26:30 | i 52 | [Phase 2/3] route  77.21s / 76.86s / 100.5%  filo2  k=4
18:26:31 | i 51 | [ ASYNC BG] bg_ails  71.03s / 64.05s / 110.9%
18:26:31 | i 52 | [HAOS ROLL] k=4  λ=0.0  rb  ac_complete  filo2  P≈0.000220
18:26:31 | i 52 | [ Summary ] cost=230117.00  Δ_S*=+0.05%  Δ_BKS=+0.26%  Δ_S*_BKS=+0.21%  no_improve=57
18:26:31 | i 53 | [HAOS ROLL] k=3  λ=0.8  vb  ac_avg  ails2  P≈0.002183
18:26:33 | i 53 | [Phase 1/3] decompose  1.80s / — / —  λ=0.8  vb ac_avg
18:28:34 | i 53 | [Phase 2/3] route  121.56s / 119.34s / 101.9%  ails2  k=3
18:28:34 | i 52 | [ ASYNC BG] bg_ails  81.74s / 75.02s / 109.0%
18:28:35 | i 53 | [HAOS ROLL] k=3  λ=0.8  vb  ac_avg  ails2  P≈0.002183
18:28:35 | i 53 | [ Summary ] cost=231051.00  Δ_S*=+0.45%  Δ_BKS=+0.67%  Δ_S*_BKS=+0.21%  no_improve=59
18:28:35 | i 54 | [HAOS ROLL] k=15  λ=0.0  rb  kmeans  filo  P≈0.000362
18:28:36 | i 54 | [Phase 1/3] decompose  0.99s / — / —  λ=0.0  rb kmeans
18:29:26 | i 54 | [Phase 2/3] route  50.14s / 22.68s / 221.1%  filo  k=15
18:30:37 | i 53 | [ ASYNC BG] bg_ails  123.06s / 116.48s / 105.7%
18:30:38 | i 54 | [HAOS ROLL] k=15  λ=0.0  rb  kmeans  filo  P≈0.000362
18:30:38 | i 54 | [ Summary ] cost=230064.00  Δ_S*=+0.02%  Δ_BKS=+0.24%  Δ_S*_BKS=+0.21%  no_improve=61
18:30:38 | i 55 | [HAOS ROLL] k=10  λ=0.0  rb  ac_complete  filo  P≈0.000644
18:30:39 | i 55 | [Phase 1/3] decompose  1.01s / — / —  λ=0.0  rb ac_complete
18:31:33 | i 55 | [Phase 2/3] route  54.32s / 32.76s / 165.8%  filo  k=10
18:31:44 | i 54 | [ ASYNC BG] bg_ails  66.87s / 60.00s / 111.5%
18:31:45 | i 55 | [HAOS ROLL] k=10  λ=0.0  rb  ac_complete  filo  P≈0.000644
18:31:45 | i 55 | [ Summary ] cost=230257.00  Δ_S*=+0.11%  Δ_BKS=+0.32%  Δ_S*_BKS=+0.21%  no_improve=63
18:31:45 | i 56 | [HAOS ROLL] k=12  λ=0.4  vb  ac_complete  filo  P≈0.001456
18:31:46 | i 56 | [Phase 1/3] decompose  1.79s / — / —  λ=0.4  vb ac_complete
18:32:37 | i 56 | [Phase 2/3] route  50.13s / 32.52s / 154.2%  filo  k=12
18:32:51 | i 55 | [ ASYNC BG] bg_ails  66.82s / 60.00s / 111.4%
18:32:51 | i 56 | [HAOS ROLL] k=12  λ=0.4  vb  ac_complete  filo  P≈0.001456
18:32:52 | i 56 | [ Summary ] cost=234941.00  Δ_S*=+2.14%  Δ_BKS=+2.36%  Δ_S*_BKS=+0.21%  no_improve=65
18:32:52 | i 57 | [HAOS ROLL] k=10  λ=0.0  vb  kmeans  filo2  P≈0.000414
18:32:53 | i 57 | [Phase 1/3] decompose  1.00s / — / —  λ=0.0  vb kmeans
18:33:45 | i 57 | [Phase 2/3] route  52.14s / 28.44s / 183.3%  filo2  k=10
18:33:58 | i 56 | [ ASYNC BG] bg_ails  67.06s / 60.00s / 111.8%
18:33:59 | i 57 | [HAOS ROLL] k=10  λ=0.0  vb  kmeans  filo2  P≈0.000414
18:33:59 | i 57 | [ Summary ] cost=234463.00  Δ_S*=+1.94%  Δ_BKS=+2.15%  Δ_S*_BKS=+0.21%  no_improve=67
18:33:59 | i 58 | [HAOS ROLL] k=12  λ=0.2  vb  kmedoids  ails2  P≈0.000618
18:34:01 | i 58 | [Phase 1/3] decompose  1.83s / — / —  λ=0.2  vb kmedoids
18:34:52 | i 58 | [Phase 2/3] route  51.09s / 25.44s / 200.8%  ails2  k=12
18:35:05 | i 57 | [ ASYNC BG] bg_ails  66.82s / 60.00s / 111.4%
18:35:05 | i 58 | [HAOS ROLL] k=12  λ=0.2  vb  kmedoids  ails2  P≈0.000618
18:35:05 | i 58 | [ Summary ] cost=235424.00  Δ_S*=+2.35%  Δ_BKS=+2.57%  Δ_S*_BKS=+0.21%  no_improve=69
18:35:05 | i 59 | [HAOS ROLL] k=3  λ=0.6  vb  kmeans  filo  P≈0.000622
18:35:07 | i 59 | [Phase 1/3] decompose  1.32s / — / —  λ=0.6  vb kmeans
18:36:46 | i 59 | [Phase 2/3] route  99.27s / 98.52s / 100.8%  filo  k=3
18:36:46 | i 58 | [ ASYNC BG] bg_ails  67.00s / 60.00s / 111.7%
18:36:46 | i 59 | [HAOS ROLL] k=3  λ=0.6  vb  kmeans  filo  P≈0.000622
18:36:47 | i 59 | [ Summary ] cost=231005.00  Δ_S*=+0.43%  Δ_BKS=+0.65%  Δ_S*_BKS=+0.21%  no_improve=71
18:36:47 | i 60 | [HAOS ROLL] k=6  λ=0.6  vb  ac_avg  filo  P≈0.000469
18:36:48 | i 60 | [Phase 1/3] decompose  1.88s / — / —  λ=0.6  vb ac_avg
18:37:50 | i 60 | [Phase 2/3] route  61.18s / 60.54s / 101.1%  filo  k=6
18:38:29 | i 59 | [ ASYNC BG] bg_ails  103.18s / 96.16s / 107.3%
18:38:30 | i 60 | [HAOS ROLL] k=6  λ=0.6  vb  ac_avg  filo  P≈0.000469
18:38:30 | i 60 | [ Summary ] cost=233640.00  Δ_S*=+1.58%  Δ_BKS=+1.79%  Δ_S*_BKS=+0.21%  no_improve=73
18:38:30 | i 61 | [HAOS ROLL] k=3  λ=0.6  vb  kmeans  ails2  P≈0.001746
18:38:31 | i 61 | [Phase 1/3] decompose  1.33s / — / —  λ=0.6  vb kmeans
18:40:11 | i 61 | [Phase 2/3] route  99.39s / 97.50s / 101.9%  ails2  k=3
18:40:11 | i 60 | [ ASYNC BG] bg_ails  66.97s / 60.00s / 111.6%
18:40:11 | i 61 | [HAOS ROLL] k=3  λ=0.6  vb  kmeans  ails2  P≈0.001746
18:40:11 | i 61 | [ Summary ] cost=230505.00  Δ_S*=+0.22%  Δ_BKS=+0.43%  Δ_S*_BKS=+0.21%  no_improve=75
18:40:11 | i 62 | [HAOS ROLL] k=8  λ=0.4  vb  fcm  filo  P≈0.000382
18:40:12 | i 62 | [Phase 1/3] decompose  1.58s / — / —  λ=0.4  vb fcm
18:41:15 | i 62 | [Phase 2/3] route  62.20s / 38.58s / 161.2%  filo  k=8
18:41:53 | i 61 | [ ASYNC BG] bg_ails  102.27s / 95.16s / 107.5%
18:41:53 | i 62 | [HAOS ROLL] k=8  λ=0.4  vb  fcm  filo  P≈0.000382
18:41:53 | i 62 | [ Summary ] cost=233443.00  Δ_S*=+1.49%  Δ_BKS=+1.71%  Δ_S*_BKS=+0.21%  no_improve=77
18:41:53 | i 63 | [HAOS ROLL] k=10  λ=0.8  vb  kmedoids  ails2  P≈0.000986
18:41:56 | i 63 | [Phase 1/3] decompose  2.40s / — / —  λ=0.8  vb kmedoids
18:42:50 | i 63 | [Phase 2/3] route  53.94s / 32.22s / 167.4%  ails2  k=10
18:43:03 | i 62 | [ ASYNC BG] bg_ails  70.14s / 63.11s / 111.1%
18:43:03 | i 63 | [HAOS ROLL] k=10  λ=0.8  vb  kmedoids  ails2  P≈0.000986
18:43:03 | i 63 | [ Summary ] cost=234620.00  Δ_S*=+2.01%  Δ_BKS=+2.22%  Δ_S*_BKS=+0.21%  no_improve=79
18:43:04 | i 57 | [ASYNC 1/2] sp_sc  111.82s / 720.00s / 15.5%  SP  avg_coverage=48.94/5  pool=10000
18:43:04 | i 57 | [ASYNC 2/2] standard_ails  365.63s / 360.00s / 101.6%
18:44:15 | i 57 | [ IMPROVE ] 229985.00  via standard_ails  ·  Δ_BKS=+0.20%
18:44:15 | i 63 | [ ASYNC BG] bg_ails  67.16s / 60.00s / 111.9%
18:44:15 | i 64 | [HAOS ROLL] k=2  λ=1.0  vb  kmedoids  filo  P≈0.000437
18:44:18 | i 64 | [Phase 1/3] decompose  3.03s / — / —  λ=1.0  vb kmedoids
18:46:28 | i 64 | [Phase 2/3] route  130.36s / 129.78s / 100.4%  filo  k=2
18:46:29 | i 64 | [HAOS ROLL] k=2  λ=1.0  vb  kmedoids  filo  P≈0.000437
18:46:29 | i 64 | [ Summary ] cost=230587.00  Δ_S*=+0.26%  Δ_BKS=+0.46%  Δ_S*_BKS=+0.20%  no_improve=2
18:46:29 | i 65 | [HAOS ROLL] k=3  λ=0.8  rb  ac_complete  ails2  P≈0.001160
18:46:30 | i 65 | [Phase 1/3] decompose  1.32s / — / —  λ=0.8  rb ac_complete
18:48:26 | i 65 | [Phase 2/3] route  115.53s / 113.40s / 101.9%  ails2  k=3
18:48:41 | i 64 | [ ASYNC BG] bg_ails  133.19s / 126.67s / 105.1%
18:48:42 | i 65 | [HAOS ROLL] k=3  λ=0.8  rb  ac_complete  ails2  P≈0.001160
18:48:42 | i 65 | [ Summary ] cost=230237.00  Δ_S*=+0.11%  Δ_BKS=+0.31%  Δ_S*_BKS=+0.20%  no_improve=4
18:48:42 | i 66 | [HAOS ROLL] k=15  λ=0.6  vb  ac_complete  ails2  P≈0.000990
18:48:44 | i 66 | [Phase 1/3] decompose  1.85s / — / —  λ=0.6  vb ac_complete
18:49:32 | i 66 | [Phase 2/3] route  48.46s / 27.72s / 174.8%  ails2  k=15
18:50:39 | i 65 | [ ASYNC BG] bg_ails  117.14s / 110.68s / 105.8%
18:50:39 | i 66 | [HAOS ROLL] k=15  λ=0.6  vb  ac_complete  ails2  P≈0.000990
18:50:39 | i 66 | [ Summary ] cost=236535.00  Δ_S*=+2.85%  Δ_BKS=+3.06%  Δ_S*_BKS=+0.20%  no_improve=6
18:50:39 | i 67 | [HAOS ROLL] k=3  λ=0.4  vb  ac_complete  filo  P≈0.002428
18:50:41 | i 67 | [Phase 1/3] decompose  1.88s / — / —  λ=0.4  vb ac_complete
18:52:11 | i 67 | [Phase 2/3] route  90.25s / 90.12s / 100.1%  filo  k=3
18:52:11 | i 66 | [ ASYNC BG] bg_ails  67.21s / 60.00s / 112.0%
18:52:12 | i 67 | [HAOS ROLL] k=3  λ=0.4  vb  ac_complete  filo  P≈0.002428
18:52:12 | i 67 | [ Summary ] cost=230845.00  Δ_S*=+0.37%  Δ_BKS=+0.58%  Δ_S*_BKS=+0.20%  no_improve=8
18:52:12 | i 68 | [HAOS ROLL] k=12  λ=0.6  rb  ac_avg  filo2  P≈0.000518
18:52:13 | i 68 | [Phase 1/3] decompose  1.32s / — / —  λ=0.6  rb ac_avg
18:53:06 | i 68 | [Phase 2/3] route  53.15s / 27.72s / 191.7%  filo2  k=12
18:53:45 | i 67 | [ ASYNC BG] bg_ails  94.06s / 87.96s / 106.9%
18:53:46 | i 68 | [HAOS ROLL] k=12  λ=0.6  rb  ac_avg  filo2  P≈0.000518
18:53:46 | i 68 | [ Summary ] cost=230096.00  Δ_S*=+0.05%  Δ_BKS=+0.25%  Δ_S*_BKS=+0.20%  no_improve=10
18:53:46 | i 69 | [HAOS ROLL] k=3  λ=0.8  vb  ac_avg  filo  P≈0.001132
18:53:48 | i 69 | [Phase 1/3] decompose  1.82s / — / —  λ=0.8  vb ac_avg
18:55:47 | i 69 | [Phase 2/3] route  119.35s / 119.34s / 100.0%  filo  k=3
18:55:47 | i 68 | [ ASYNC BG] bg_ails  67.13s / 60.00s / 111.9%
18:55:47 | i 69 | [HAOS ROLL] k=3  λ=0.8  vb  ac_avg  filo  P≈0.001132
18:55:48 | i 69 | [ Summary ] cost=230991.00  Δ_S*=+0.44%  Δ_BKS=+0.64%  Δ_S*_BKS=+0.20%  no_improve=12
18:55:48 | i 70 | [HAOS ROLL] k=2  λ=0.4  vb  ac_avg  ails2  P≈0.001296
18:55:49 | i 70 | [Phase 1/3] decompose  1.81s / — / —  λ=0.4  vb ac_avg
18:58:07 | i 70 | [Phase 2/3] route  137.85s / 135.30s / 101.9%  ails2  k=2
18:58:07 | i 69 | [ ASYNC BG] bg_ails  123.08s / 116.48s / 105.7%
18:58:08 | i 70 | [HAOS ROLL] k=2  λ=0.4  vb  ac_avg  ails2  P≈0.001296
18:58:08 | i 70 | [ Summary ] cost=230420.00  Δ_S*=+0.19%  Δ_BKS=+0.39%  Δ_S*_BKS=+0.20%  no_improve=14
18:58:08 | i 71 | [HAOS ROLL] k=10  λ=0.4  vb  kmedoids  pyvrp  P≈0.000158
18:58:10 | i 71 | [Phase 1/3] decompose  2.29s / — / —  λ=0.4  vb kmedoids
18:59:04 | i 71 | [Phase 2/3] route  54.24s / 32.22s / 168.3%  pyvrp  k=10
19:00:27 | i 70 | [ ASYNC BG] bg_ails  139.25s / 132.05s / 105.5%
19:00:27 | i 71 | [HAOS ROLL] k=10  λ=0.4  vb  kmedoids  pyvrp  P≈0.000158
19:00:27 | i 71 | [ Summary ] cost=236517.00  Δ_S*=+2.84%  Δ_BKS=+3.05%  Δ_S*_BKS=+0.20%  no_improve=16
19:00:27 | i 72 | [HAOS ROLL] k=10  λ=0.4  vb  fcm  filo  P≈0.001037
19:00:30 | i 72 | [Phase 1/3] decompose  2.67s / — / —  λ=0.4  vb fcm
19:01:23 | i 72 | [Phase 2/3] route  53.13s / 28.02s / 189.6%  filo  k=10
19:01:23 | i 72 | [HAOS ROLL] k=10  λ=0.4  vb  fcm  filo  P≈0.001037
19:01:23 | i 72 | [ Summary ] cost=233629.00  Δ_S*=+1.58%  Δ_BKS=+1.79%  Δ_S*_BKS=+0.20%  no_improve=17
19:01:23 | i — | [  FINAL  ] async BG-AILS totals launched=70 applied=70 adopted=3 launch_skipped_cap=2 crashes=0 discarded_in_flight=False block_wait_total_s=1409.6
19:01:54 | i — | [  FINAL  ] async SP/SC totals invocations=5 adopted=3 skipped=1 discarded_in_flight=True sp_busy_frac=0.4435437932640213
19:01:54 | i — | [  FINAL  ] ════════════════════════════════════════
19:01:54 | i — | [  FINAL  ] Run complete  iterations=72  elapsed=02:00:44  best=229985.00
19:01:54 | i — | [  FINAL  ] Δ_BKS=+0.20%  no_improve_stop=False  time_stop=True  cancelled=False
19:01:54 | i — | [  FINAL  ] 
19:01:54 | i — | [  FINAL  ] [BEST SOLUTION — HAOS TAG SUMMARY]
19:01:54 | i — | [  FINAL  ] ────────────────────────────────────────
19:01:54 | i — | [  FINAL  ]   26 routes  rb  ac_avg  k=12  λ=0.6  solver=filo
19:01:54 | i — | [  FINAL  ]   19 routes  rb  kmeans  k=15  λ=1.0  solver=ails2
19:01:54 | i — | [  FINAL  ]   8 routes  vb  ac_avg  k=10  λ=1.0  solver=filo
19:01:54 | i — | [  FINAL  ]   7 routes  rb  kmeans  k=2  λ=0.0  solver=filo
19:01:54 | i — | [  FINAL  ]   6 routes  rb  ac_complete  k=3  λ=1.0  solver=ails2
19:01:54 | i — | [  FINAL  ]   4 routes  vb  ac_complete  k=2  λ=1.0  solver=filo
19:01:54 | i — | [  FINAL  ]   4 routes  rb  kmeans  k=2  λ=0.2  solver=ails2
19:01:54 | i — | [  FINAL  ]   3 routes  vb  kmeans  k=4  λ=0.4  solver=ails2
19:01:54 | i — | [  FINAL  ]   3 routes  rb  kmeans  k=10  λ=1.0  solver=ails2
19:01:54 | i — | [  FINAL  ]   3 routes  rb  ac_avg  k=8  λ=0.4  solver=ails2
19:01:54 | i — | [  FINAL  ]   3 routes  rb  ac_complete  k=10  λ=0.0  solver=filo
19:01:54 | i — | [  FINAL  ]   2 routes  vb  ac_complete  k=12  λ=0.4  solver=filo2
19:01:54 | i — | [  FINAL  ]   2 routes  vb  ac_complete  k=4  λ=0.8  solver=ails2
19:01:54 | i — | [  FINAL  ]   2 routes  vb  kmedoids  k=3  λ=0.8  solver=filo2
19:01:54 | i — | [  FINAL  ]   1 routes  rb  ac_complete  k=6  λ=0.6  solver=filo
19:01:54 | i — | [  FINAL  ]   1 routes  vb  kmeans  k=3  λ=0.4  solver=filo2
19:01:54 | i — | [  FINAL  ]   1 routes  rb  ac_avg  k=12  λ=0.6  solver=filo2
19:01:54 | i — | [  FINAL  ]   1 routes  vb  fcm  k=4  λ=0.4  solver=ails2
19:01:54 | i — | [  FINAL  ]   1 routes  rb  ac_complete  k=10  λ=0.4  solver=filo
19:01:54 | i — | [  FINAL  ]   1 routes  vb  ac_avg  k=4  λ=0.6  solver=filo
19:01:54 | i — | [  FINAL  ]   1 routes  rb  kmeans  k=15  λ=0.0  solver=filo
19:01:54 | i — | [  FINAL  ]   104 routes  post-SP/SC improvement
19:01:54 | i — | [  FINAL  ] 
19:01:54 | i — | [  FINAL  ] [ROUTE POOL — HAOS TAG SUMMARY]
19:01:54 | i — | [  FINAL  ] ────────────────────────────────────────
19:01:54 | i — | [  FINAL  ]   340 routes  vb  ac_avg  k=2  λ=0.4  solver=ails2
19:01:54 | i — | [  FINAL  ]   336 routes  vb  ac_complete  k=3  λ=0.4  solver=filo
19:01:54 | i — | [  FINAL  ]   336 routes  vb  ac_avg  k=3  λ=0.8  solver=filo
19:01:54 | i — | [  FINAL  ]   333 routes  vb  kmedoids  k=2  λ=1.0  solver=filo
19:01:54 | i — | [  FINAL  ]   331 routes  vb  ac_complete  k=15  λ=0.6  solver=ails2
19:01:54 | i — | [  FINAL  ]   307 routes  vb  kmedoids  k=8  λ=0.6  solver=ails2
19:01:54 | i — | [  FINAL  ]   258 routes  vb  ac_complete  k=12  λ=0.4  solver=filo
19:01:54 | i — | [  FINAL  ]   256 routes  vb  ac_avg  k=4  λ=0.6  solver=filo
19:01:54 | i — | [  FINAL  ]   255 routes  vb  kmedoids  k=3  λ=0.4  solver=filo2
19:01:54 | i — | [  FINAL  ]   255 routes  vb  ac_complete  k=3  λ=1.0  solver=ails2
19:01:54 | i — | [  FINAL  ]   247 routes  vb  ac_avg  k=12  λ=0.8  solver=filo2
19:01:54 | i — | [  FINAL  ]   237 routes  vb  fcm  k=12  λ=1.0  solver=filo
19:01:54 | i — | [  FINAL  ]   237 routes  vb  kmedoids  k=10  λ=0.8  solver=ails2
19:01:54 | i — | [  FINAL  ]   234 routes  vb  ac_avg  k=3  λ=0.8  solver=ails2
19:01:54 | i — | [  FINAL  ]   228 routes  rb  ac_complete  k=3  λ=0.0  solver=pyvrp
19:01:54 | i — | [  FINAL  ]   204 routes  vb  ac_avg  k=10  λ=1.0  solver=filo
19:01:54 | i — | [  FINAL  ]   204 routes  rb  ac_avg  k=12  λ=0.6  solver=filo
19:01:54 | i — | [  FINAL  ]   203 routes  rb  ac_complete  k=10  λ=0.0  solver=filo
19:01:54 | i — | [  FINAL  ]   203 routes  vb  kmeans  k=10  λ=0.0  solver=filo2
19:01:54 | i — | [  FINAL  ]   201 routes  vb  kmedoids  k=10  λ=0.4  solver=pyvrp
19:01:54 | i — | [  FINAL  ]   195 routes  vb  ac_complete  k=10  λ=0.0  solver=ails2
19:01:54 | i — | [  FINAL  ]   193 routes  rb  ac_avg  k=8  λ=0.4  solver=ails2
19:01:54 | i — | [  FINAL  ]   189 routes  vb  ac_avg  k=12  λ=0.8  solver=ails2
19:01:54 | i — | [  FINAL  ]   187 routes  vb  fcm  k=10  λ=0.4  solver=filo
19:01:54 | i — | [  FINAL  ]   177 routes  vb  ac_complete  k=15  λ=0.8  solver=pyvrp
19:01:54 | i — | [  FINAL  ]   166 routes  vb  ac_avg  k=6  λ=0.0  solver=ails2
19:01:54 | i — | [  FINAL  ]   164 routes  rb  ac_complete  k=3  λ=0.8  solver=ails2
19:01:54 | i — | [  FINAL  ]   163 routes  rb  kmeans  k=2  λ=0.2  solver=ails2
19:01:54 | i — | [  FINAL  ]   158 routes  vb  ac_complete  k=12  λ=0.4  solver=filo2
19:01:54 | i — | [  FINAL  ]   157 routes  vb  ac_avg  k=10  λ=1.0  solver=filo2
19:01:54 | i — | [  FINAL  ]   155 routes  vb  fcm  k=12  λ=0.8  solver=ails2
19:01:54 | i — | [  FINAL  ]   152 routes  vb  kmeans  k=4  λ=0.4  solver=ails2
19:01:54 | i — | [  FINAL  ]   134 routes  vb  ac_avg  k=3  λ=0.8  solver=filo2
19:01:54 | i — | [  FINAL  ]   133 routes  vb  kmedoids  k=3  λ=0.8  solver=filo2
19:01:54 | i — | [  FINAL  ]   132 routes  vb  kmedoids  k=12  λ=0.2  solver=ails2
19:01:54 | i — | [  FINAL  ]   129 routes  rb  ac_complete  k=3  λ=1.0  solver=ails2
19:01:54 | i — | [  FINAL  ]   125 routes  vb  fcm  k=4  λ=0.4  solver=ails2
19:01:54 | i — | [  FINAL  ]   116 routes  vb  ac_complete  k=4  λ=0.8  solver=ails2
19:01:54 | i — | [  FINAL  ]   115 routes  rb  ac_complete  k=4  λ=0.0  solver=filo2
19:01:54 | i — | [  FINAL  ]   109 routes  vb  ac_avg  k=6  λ=0.6  solver=filo
19:01:54 | i — | [  FINAL  ]   108 routes  vb  fcm  k=8  λ=0.4  solver=filo
19:01:54 | i — | [  FINAL  ]   102 routes  vb  ac_complete  k=2  λ=1.0  solver=filo
19:01:54 | i — | [  FINAL  ]   100 routes  rb  ac_avg  k=12  λ=0.6  solver=filo2
19:01:54 | i — | [  FINAL  ]   93 routes  vb  kmeans  k=3  λ=0.6  solver=ails2
19:01:54 | i — | [  FINAL  ]   87 routes  rb  kmeans  k=15  λ=1.0  solver=ails2
19:01:54 | i — | [  FINAL  ]   84 routes  rb  ac_complete  k=3  λ=0.4  solver=ails2
19:01:54 | i — | [  FINAL  ]   84 routes  vb  kmeans  k=3  λ=0.6  solver=filo
19:01:54 | i — | [  FINAL  ]   78 routes  rb  kmeans  k=10  λ=1.0  solver=ails2
19:01:54 | i — | [  FINAL  ]   76 routes  rb  kmeans  k=2  λ=0.0  solver=filo
19:01:54 | i — | [  FINAL  ]   75 routes  rb  kmeans  k=15  λ=0.0  solver=filo
19:01:54 | i — | [  FINAL  ]   65 routes  rb  kmeans  k=8  λ=0.0  solver=ails2
19:01:54 | i — | [  FINAL  ]   58 routes  rb  ac_complete  k=6  λ=0.6  solver=filo
19:01:54 | i — | [  FINAL  ]   55 routes  rb  ac_avg  k=10  λ=0.4  solver=filo
19:01:54 | i — | [  FINAL  ]   43 routes  vb  kmedoids  k=10  λ=0.6  solver=filo2
19:01:54 | i — | [  FINAL  ]   43 routes  vb  kmeans  k=3  λ=0.4  solver=filo2
19:01:54 | i — | [  FINAL  ]   34 routes  vb  kmedoids  k=4  λ=0.2  solver=ails2
19:01:54 | i — | [  FINAL  ]   33 routes  vb  fcm  k=12  λ=0.4  solver=ails2
19:01:54 | i — | [  FINAL  ]   30 routes  vb  kmedoids  k=8  λ=0.4  solver=filo
19:01:54 | i — | [  FINAL  ]   27 routes  vb  fcm  k=8  λ=1.0  solver=filo
19:01:54 | i — | [  FINAL  ]   25 routes  vb  ac_complete  k=3  λ=0.8  solver=ails2
19:01:54 | i — | [  FINAL  ]   23 routes  vb  kmeans  k=2  λ=0.6  solver=ails2
19:01:54 | i — | [  FINAL  ]   20 routes  vb  ac_complete  k=12  λ=1.0  solver=ails2
19:01:54 | i — | [  FINAL  ]   17 routes  rb  ac_complete  k=2  λ=0.4  solver=ails2
19:01:54 | i — | [  FINAL  ]   15 routes  vb  ac_complete  k=10  λ=0.6  solver=ails2
19:01:54 | i — | [  FINAL  ]   15 routes  vb  ac_complete  k=10  λ=1.0  solver=filo
19:01:54 | i — | [  FINAL  ]   11 routes  vb  fcm  k=2  λ=0.8  solver=ails2
19:01:54 | i — | [  FINAL  ]   11 routes  rb  ac_complete  k=8  λ=0.4  solver=filo2
19:01:54 | i — | [  FINAL  ]   10 routes  rb  kmeans  k=4  λ=0.6  solver=ails2
19:01:54 | i — | [  FINAL  ]   10 routes  rb  kmeans  k=12  λ=0.0  solver=ails2
19:01:54 | i — | [  FINAL  ]   6 routes  rb  kmeans  k=15  λ=0.4  solver=filo2
19:01:54 | i — | [  FINAL  ]   3 routes  rb  ac_complete  k=10  λ=0.4  solver=filo
19:01:54 | i — | [  FINAL  ]   305 routes  post-SP/SC improvement
19:01:54 | i — | [  FINAL  ] ════════════════════════════════════════
