07:40:17 | i — | [  INIT   ] ════════════════════════════════════════
07:40:17 | i — | [  INIT   ] DRISPI  instance=X-n7353-k1471  n=7352  capacity=5
07:40:17 | i — | [  INIT   ] k domain (computed at init): [2, 3, 4, 6, 8, 10, 12, 16, 21, 28]  k_ext=28  k_min=1471  k_ext_bound=n_bound  spacing_rejected=0
07:40:17 | i — | [  INIT   ] ══════════════════════════════════════════════════════
07:40:17 | i — | [  INIT   ] CONFIGURATION
07:40:17 | i — | [  INIT   ] ── stopping ────────────────────────────────
07:40:17 | i — | [  INIT   ]   time_limit                  = 7200.0
07:40:17 | i — | [  INIT   ]   max_no_improve              = 1000000000
07:40:17 | i — | [  INIT   ] ── parallelism ─────────────────────────────
07:40:17 | i — | [  INIT   ]   n_workers                   = 8
07:40:17 | i — | [  INIT   ] ── cores ───────────────────────────────────
07:40:17 | i — | [  INIT   ]   cores_total                 = 8
07:40:17 | i — | [  INIT   ]   cores_dri                   = 6
07:40:17 | i — | [  INIT   ]   cores_bg                    = 1
07:40:17 | i — | [  INIT   ]   cores_sp                    = 1
07:40:17 | i — | [  INIT   ]   cores_cpu_list              = None
07:40:17 | i — | [  INIT   ] ── sp/sc ───────────────────────────────────
07:40:17 | i — | [  INIT   ]   sp_sc_mode                  = async
07:40:17 | i — | [  INIT   ]   sp_sc_trigger               = wallclock
07:40:17 | i — | [  INIT   ]   interval_minutes            = 20.0
07:40:17 | i — | [  INIT   ]   overlap_policy              = skip
07:40:17 | i — | [  INIT   ]   warmup_iterations           = 5
07:40:17 | i — | [  INIT   ]   sp_interval                 = 3
07:40:17 | i — | [  INIT   ]   min_coverage                = 5
07:40:17 | i — | [  INIT   ]   sp_time_limit               = 720.0
07:40:17 | i — | [  INIT   ]   mip_gap                     = 0.00025
07:40:17 | i — | [  INIT   ] ── decomposition ───────────────────────────
07:40:17 | i — | [  INIT   ]   decomp_k_base_arms          = [2, 3, 4, 6, 8, 10, 12]
07:40:17 | i — | [  INIT   ]   decomp_k_max_arms           = 10
07:40:17 | i — | [  INIT   ]   decomp_k_ext_per_1000       = 4
07:40:17 | i — | [  INIT   ]   decomp_k_min_routes_per_cluster= 8
07:40:17 | i — | [  INIT   ]   decomp_k_min_arm_spacing    = 2
07:40:17 | i — | [  INIT   ]   subcluster_rate_s_per_customer= 0.06
07:40:17 | i — | [  INIT   ]   subcluster_floor_s          = 5.0
07:40:17 | i — | [  INIT   ] ── bg_ails ─────────────────────────────────
07:40:17 | i — | [  INIT   ]   bg_ails_mode                = async
07:40:17 | i — | [  INIT   ]   bg_ails_crash_threshold     = 1
07:40:17 | i — | [  INIT   ]   bg_ails_budget_mode         = predicted_dr_wall
07:40:17 | i — | [  INIT   ]   bg_ails_budget_floor_s      = 60.0
07:40:17 | i — | [  INIT   ]   bg_ails_budget_margin       = 1.0
07:40:17 | i — | [  INIT   ]   bg_ails_wall_model_scale    = 0.976
07:40:17 | i — | [  INIT   ]   bg_ails_wall_model_wave_exponent= -0.18
07:40:17 | i — | [  INIT   ]   bg_ails_initial_omega       = 10
07:40:17 | i — | [  INIT   ]   bg_ails_boundary_threshold  = 0.5
07:40:17 | i — | [  INIT   ]   bg_ails_small_cluster_cap   = 20
07:40:17 | i — | [  INIT   ]   bg_ails_small_cluster_alpha = 0.5
07:40:17 | i — | [  INIT   ]   bg_ails_pair_selection      = greedy
07:40:17 | i — | [  INIT   ]   bg_ails_n_chains_mode       = k
07:40:17 | i — | [  INIT   ] ── standard_improvement ────────────────────
07:40:17 | i — | [  INIT   ]   standard_improvement_time_limit= 360.0
07:40:17 | i — | [  INIT   ] ── pool ────────────────────────────────────
07:40:17 | i — | [  INIT   ]   max_pool_size               = 10000
07:40:17 | i — | [  INIT   ]   pool_diversity_weight       = 0.5
07:40:17 | i — | [  INIT   ] ── haos ────────────────────────────────────
07:40:17 | i — | [  INIT   ]   haos_decay                  = 0.95
07:40:17 | i — | [  INIT   ]   haos_warmup                 = 10
07:40:17 | i — | [  INIT   ]   haos_starting_weight        = 10.0
07:40:17 | i — | [  INIT   ]   haos_min_weight_k           = 0.025
07:40:17 | i — | [  INIT   ]   haos_min_weight_lambda      = 0.05
07:40:17 | i — | [  INIT   ]   haos_min_weight_paradigm    = 0.1
07:40:17 | i — | [  INIT   ]   haos_min_weight_vertex_method= 0.05
07:40:17 | i — | [  INIT   ]   haos_min_weight_route_method= 0.05
07:40:17 | i — | [  INIT   ]   haos_min_weight_solver      = 0.05
07:40:17 | i — | [  INIT   ]   haos_lambda_demand_values   = [0.0, 0.2, 0.4, 0.6, 0.8, 1.0]
07:40:17 | i — | [  INIT   ]   haos_paradigm_values        = ['vertex', 'route']
07:40:17 | i — | [  INIT   ]   haos_vertex_method_values   = ['kmeans', 'agglomerative_avg', 'agglomerative_complete', 'kmedoids', 'fcm']
07:40:17 | i — | [  INIT   ]   haos_route_method_values    = ['kmeans', 'agglomerative_avg', 'agglomerative_complete']
07:40:17 | i — | [  INIT   ]   haos_solver_values          = ['pyvrp', 'filo', 'filo2', 'ails2']
07:40:17 | i — | [  INIT   ] ── haos_rewards ────────────────────────────
07:40:17 | i — | [  INIT   ]   haos_reward_new_best        = 10.0
07:40:17 | i — | [  INIT   ]   haos_reward_improvement     = 4.0
07:40:17 | i — | [  INIT   ]   haos_reward_no_improvement  = 1.0
07:40:17 | i — | [  INIT   ]   haos_reward_no_solution     = 0.0
07:40:17 | i — | [  INIT   ]   haos_deferred_new_best      = 7.0
07:40:17 | i — | [  INIT   ]   haos_deferred_improvement   = 3.0
07:40:17 | i — | [  INIT   ]   haos_deferred_no_improvement= 0.0
07:40:17 | i — | [  INIT   ] ── seed ────────────────────────────────────
07:40:17 | i — | [  INIT   ]   seed                        = 20
07:40:17 | i — | [  INIT   ] ── output ──────────────────────────────────
07:40:17 | i — | [  INIT   ]   output_dir                  = /app/artifacts/final_benchmark/runs/X-n7353-k1471/seed20
07:40:17 | i — | [  INIT   ]   run_analysis                = False
07:40:17 | i — | [  INIT   ] ══════════════════════════════════════════════════════
07:40:17 | i — | [  INIT   ] BKS=1537702.00
07:40:17 | i — | [  INIT   ] ════════════════════════════════════════
07:40:17 | i 1 | [HAOS ROLL] k=3  λ=0.8  vb  kmeans  pyvrp  P≈0.000417
07:40:25 | i 1 | [Phase 1/3] decompose  8.00s / — / —  λ=0.8  vb kmeans
07:43:41 | i 1 | [Phase 2/3] route  196.50s / 169.68s / 115.8%  pyvrp  k=3
07:43:41 | i 1 | [ IMPROVE ] 1542341.00  via decompose_route  ·  Δ_BKS=+0.30%
07:43:41 | i 1 | [HAOS ROLL] k=3  λ=0.8  vb  kmeans  pyvrp  P≈0.000417
07:43:41 | i 1 | [ Summary ] cost=1542341.00  Δ_S*=+0.00%  Δ_BKS=+0.30%  Δ_S*_BKS=+0.30%  no_improve=0
07:43:41 | i 2 | [HAOS ROLL] k=21  λ=1.0  vb  kmedoids  filo2  P≈0.000417
07:43:47 | i 2 | [Phase 1/3] decompose  5.60s / — / —  λ=1.0  vb kmedoids
07:45:11 | i 2 | [Phase 2/3] route  84.15s / 25.80s / 326.2%  filo2  k=21
07:46:46 | i 1 | [ IMPROVE ] 1538587.00  via bg_ails  ·  Δ_BKS=+0.06%
07:46:46 | i 1 | [ ASYNC BG] bg_ails  184.53s / 165.61s / 111.4%
07:46:46 | i 2 | [HAOS ROLL] k=21  λ=1.0  vb  kmedoids  filo2  P≈0.000417
07:46:46 | i 2 | [ Summary ] cost=1543164.00  Δ_S*=+0.30%  Δ_BKS=+0.36%  Δ_S*_BKS=+0.06%  no_improve=1
07:46:46 | i 3 | [HAOS ROLL] k=12  λ=1.0  vb  ac_avg  ails2  P≈0.000417
07:46:52 | i 3 | [Phase 1/3] decompose  5.74s / — / —  λ=1.0  vb ac_avg
07:48:22 | i 3 | [Phase 2/3] route  90.62s / 69.90s / 129.6%  ails2  k=12
07:48:22 | i 2 | [ ASYNC BG] bg_ails  92.88s / 72.18s / 128.7%
07:48:22 | i 3 | [HAOS ROLL] k=12  λ=1.0  vb  ac_avg  ails2  P≈0.000417
07:48:23 | i 3 | [ Summary ] cost=1540374.00  Δ_S*=+0.12%  Δ_BKS=+0.17%  Δ_S*_BKS=+0.06%  no_improve=3
07:48:23 | i 4 | [HAOS ROLL] k=6  λ=0.8  rb  kmeans  filo2  P≈0.000694
07:48:27 | i 4 | [Phase 1/3] decompose  4.08s / — / —  λ=0.8  rb kmeans
07:50:07 | i 4 | [Phase 2/3] route  100.32s / 99.60s / 100.7%  filo2  k=6
07:50:12 | i 3 | [ IMPROVE ] 1538463.00  via bg_ails  ·  Δ_BKS=+0.05%
07:50:12 | i 3 | [ ASYNC BG] bg_ails  109.24s / 91.49s / 119.4%
07:50:12 | i 4 | [HAOS ROLL] k=6  λ=0.8  rb  kmeans  filo2  P≈0.000694
07:50:12 | i 4 | [ Summary ] cost=1538886.00  Δ_S*=+0.03%  Δ_BKS=+0.08%  Δ_S*_BKS=+0.05%  no_improve=1
07:50:12 | i 5 | [HAOS ROLL] k=21  λ=0.4  vb  ac_complete  pyvrp  P≈0.000417
07:50:17 | i 5 | [Phase 1/3] decompose  5.49s / — / —  λ=0.4  vb ac_complete
07:51:38 | i 5 | [Phase 2/3] route  80.79s / 37.80s / 213.7%  pyvrp  k=21
07:52:07 | i 4 | [ ASYNC BG] bg_ails  114.99s / 97.21s / 118.3%
07:52:07 | i 5 | [HAOS ROLL] k=21  λ=0.4  vb  ac_complete  pyvrp  P≈0.000417
07:52:07 | i 5 | [ Summary ] cost=1545967.00  Δ_S*=+0.49%  Δ_BKS=+0.54%  Δ_S*_BKS=+0.05%  no_improve=3
07:52:07 | i 6 | [HAOS ROLL] k=4  λ=0.2  rb  ac_avg  ails2  P≈0.000694
07:52:11 | i 6 | [Phase 1/3] decompose  4.02s / — / —  λ=0.2  rb ac_avg
07:55:05 | i 6 | [Phase 2/3] route  174.45s / 170.82s / 102.1%  ails2  k=4
07:55:05 | i 5 | [ ASYNC BG] bg_ails  94.84s / 76.65s / 123.7%
07:55:05 | i 6 | [ IMPROVE ] 1538198.00  via decompose_route  ·  Δ_BKS=+0.03%
07:55:06 | i 6 | [HAOS ROLL] k=4  λ=0.2  rb  ac_avg  ails2  P≈0.000694
07:55:06 | i 6 | [ Summary ] cost=1538198.00  Δ_S*=+0.00%  Δ_BKS=+0.03%  Δ_S*_BKS=+0.03%  no_improve=0
07:55:06 | i 7 | [HAOS ROLL] k=3  λ=0.4  rb  ac_avg  filo2  P≈0.000694
07:55:10 | i 7 | [Phase 1/3] decompose  3.96s / — / —  λ=0.4  rb ac_avg
07:59:31 | i 7 | [Phase 2/3] route  261.26s / 260.40s / 100.3%  filo2  k=3
07:59:31 | i 6 | [ ASYNC BG] bg_ails  184.06s / 166.72s / 110.4%
07:59:31 | i 7 | [HAOS ROLL] k=3  λ=0.4  rb  ac_avg  filo2  P≈0.000694
07:59:31 | i 7 | [ Summary ] cost=1538814.00  Δ_S*=+0.04%  Δ_BKS=+0.07%  Δ_S*_BKS=+0.03%  no_improve=2
07:59:31 | i 8 | [HAOS ROLL] k=21  λ=1.0  vb  ac_avg  ails2  P≈0.000417
07:59:37 | i 8 | [Phase 1/3] decompose  5.73s / — / —  λ=1.0  vb ac_avg
08:01:01 | i 8 | [Phase 2/3] route  83.85s / 31.14s / 269.3%  ails2  k=21
08:04:03 | i 7 | [ ASYNC BG] bg_ails  271.96s / 254.15s / 107.0%
08:04:03 | i 8 | [HAOS ROLL] k=21  λ=1.0  vb  ac_avg  ails2  P≈0.000417
08:04:03 | i 8 | [ Summary ] cost=1546717.00  Δ_S*=+0.55%  Δ_BKS=+0.59%  Δ_S*_BKS=+0.03%  no_improve=4
08:04:03 | i 9 | [HAOS ROLL] k=12  λ=0.2  rb  ac_avg  ails2  P≈0.000694
08:04:07 | i 9 | [Phase 1/3] decompose  4.10s / — / —  λ=0.2  rb ac_avg
08:05:33 | i 9 | [Phase 2/3] route  86.08s / 58.20s / 147.9%  ails2  k=12
08:05:37 | i 8 | [ ASYNC BG] bg_ails  94.20s / 75.47s / 124.8%
08:05:37 | i 9 | [HAOS ROLL] k=12  λ=0.2  rb  ac_avg  ails2  P≈0.000694
08:05:37 | i 9 | [ Summary ] cost=1538235.00  Δ_S*=+0.00%  Δ_BKS=+0.03%  Δ_S*_BKS=+0.03%  no_improve=6
08:05:37 | i 10 | [HAOS ROLL] k=3  λ=0.0  vb  kmeans  ails2  P≈0.000417
08:05:40 | i 10 | [Phase 1/3] decompose  2.98s / — / —  λ=0.0  vb kmeans
08:08:18 | i 10 | [Phase 2/3] route  157.41s / 154.08s / 102.2%  ails2  k=3
08:08:18 | i 9 | [ ASYNC BG] bg_ails  98.39s / 80.64s / 122.0%
08:08:18 | i 10 | [HAOS ROLL] k=3  λ=0.0  vb  kmeans  ails2  P≈0.000417
08:08:18 | i 10 | [ Summary ] cost=1539294.00  Δ_S*=+0.07%  Δ_BKS=+0.10%  Δ_S*_BKS=+0.03%  no_improve=8
08:08:18 | i 11 | [HAOS ROLL] k=12  λ=0.4  vb  ac_complete  ails2  P≈0.000417
08:08:24 | i 11 | [Phase 1/3] decompose  5.64s / — / —  λ=0.4  vb ac_complete
08:09:50 | i 11 | [Phase 2/3] route  85.95s / 56.46s / 152.2%  ails2  k=12
08:11:07 | i 10 | [ ASYNC BG] bg_ails  168.67s / 150.38s / 112.2%
08:11:07 | i 11 | [HAOS ROLL] k=12  λ=0.4  vb  ac_complete  ails2  P≈0.000417
08:11:07 | i 11 | [ Summary ] cost=1541886.00  Δ_S*=+0.24%  Δ_BKS=+0.27%  Δ_S*_BKS=+0.03%  no_improve=10
08:11:07 | i 12 | [HAOS ROLL] k=21  λ=0.2  rb  ac_complete  filo2  P≈0.000664
08:11:11 | i 12 | [Phase 1/3] decompose  4.19s / — / —  λ=0.2  rb ac_complete
08:12:31 | i 12 | [Phase 2/3] route  80.21s / 33.60s / 238.7%  filo2  k=21
08:12:46 | i 11 | [ ASYNC BG] bg_ails  99.41s / 81.21s / 122.4%
08:12:46 | i 12 | [HAOS ROLL] k=21  λ=0.2  rb  ac_complete  filo2  P≈0.000664
08:12:46 | i 12 | [ Summary ] cost=1538609.00  Δ_S*=+0.03%  Δ_BKS=+0.06%  Δ_S*_BKS=+0.03%  no_improve=12
08:12:46 | i 13 | [HAOS ROLL] k=8  λ=0.2  vb  ac_avg  filo  P≈0.000374
08:12:52 | i 13 | [Phase 1/3] decompose  5.99s / — / —  λ=0.2  vb ac_avg
08:14:44 | i 13 | [Phase 2/3] route  112.24s / 69.90s / 160.6%  filo  k=8
08:14:45 | i 12 | [ ASYNC BG] bg_ails  96.68s / 78.02s / 123.9%
08:14:45 | i 13 | [HAOS ROLL] k=8  λ=0.2  vb  ac_avg  filo  P≈0.000374
08:14:45 | i 13 | [ Summary ] cost=1539967.00  Δ_S*=+0.12%  Δ_BKS=+0.15%  Δ_S*_BKS=+0.03%  no_improve=14
08:14:45 | i 6 | [ASYNC 1/2] sp_sc  722.22s / 720.00s / 100.3%  SC  avg_coverage=5.57/5  pool=8211
08:14:45 | i 6 | [ASYNC 2/2] standard_ails  374.97s / 360.00s / 104.2%
08:16:22 | i 6 | [ IMPROVE ] 1538175.00  via standard_ails  ·  Δ_BKS=+0.03%
08:16:22 | i 14 | [HAOS ROLL] k=8  λ=0.4  vb  kmeans  filo2  P≈0.000515
08:16:26 | i 14 | [Phase 1/3] decompose  3.91s / — / —  λ=0.4  vb kmeans
08:18:18 | i 14 | [Phase 2/3] route  111.21s / 62.10s / 179.1%  filo2  k=8
08:18:18 | i 13 | [ ASYNC BG] bg_ails  129.02s / 111.08s / 116.1%
08:18:18 | i 14 | [HAOS ROLL] k=8  λ=0.4  vb  kmeans  filo2  P≈0.000515
08:18:18 | i 14 | [ Summary ] cost=1540896.00  Δ_S*=+0.18%  Δ_BKS=+0.21%  Δ_S*_BKS=+0.03%  no_improve=2
08:18:18 | i 15 | [HAOS ROLL] k=4  λ=0.6  vb  kmeans  ails2  P≈0.000403
08:18:22 | i 15 | [Phase 1/3] decompose  3.96s / — / —  λ=0.6  vb kmeans
08:20:17 | i 15 | [Phase 2/3] route  115.06s / 112.86s / 101.9%  ails2  k=4
08:20:21 | i 14 | [ ASYNC BG] bg_ails  123.10s / 105.71s / 116.5%
08:20:21 | i 15 | [HAOS ROLL] k=4  λ=0.6  vb  kmeans  ails2  P≈0.000403
08:20:21 | i 15 | [ Summary ] cost=1539123.00  Δ_S*=+0.06%  Δ_BKS=+0.09%  Δ_S*_BKS=+0.03%  no_improve=4
08:20:21 | i 16 | [HAOS ROLL] k=21  λ=1.0  vb  fcm  filo2  P≈0.000940
08:20:30 | i 16 | [Phase 1/3] decompose  8.61s / — / —  λ=1.0  vb fcm
08:21:57 | i 16 | [Phase 2/3] route  87.17s / 23.88s / 365.1%  filo2  k=21
08:22:29 | i 15 | [ ASYNC BG] bg_ails  127.89s / 110.15s / 116.1%
08:22:29 | i 16 | [HAOS ROLL] k=21  λ=1.0  vb  fcm  filo2  P≈0.000940
08:22:29 | i 16 | [ Summary ] cost=1545849.00  Δ_S*=+0.50%  Δ_BKS=+0.53%  Δ_S*_BKS=+0.03%  no_improve=6
08:22:29 | i 17 | [HAOS ROLL] k=4  λ=0.8  vb  ac_avg  pyvrp  P≈0.000774
08:22:35 | i 17 | [Phase 1/3] decompose  5.74s / — / —  λ=0.8  vb ac_avg
08:24:48 | i 17 | [Phase 2/3] route  132.43s / 120.42s / 110.0%  pyvrp  k=4
08:24:48 | i 16 | [ ASYNC BG] bg_ails  88.37s / 69.54s / 127.1%
08:24:48 | i 17 | [HAOS ROLL] k=4  λ=0.8  vb  ac_avg  pyvrp  P≈0.000774
08:24:48 | i 17 | [ Summary ] cost=1542202.00  Δ_S*=+0.26%  Δ_BKS=+0.29%  Δ_S*_BKS=+0.03%  no_improve=8
08:24:48 | i 18 | [HAOS ROLL] k=4  λ=1.0  rb  ac_complete  pyvrp  P≈0.000634
08:24:52 | i 18 | [Phase 1/3] decompose  4.16s / — / —  λ=1.0  rb ac_complete
08:28:05 | i 18 | [Phase 2/3] route  192.97s / 170.10s / 113.4%  pyvrp  k=4
08:28:05 | i 17 | [ ASYNC BG] bg_ails  135.49s / 117.53s / 115.3%
08:28:05 | i 18 | [HAOS ROLL] k=4  λ=1.0  rb  ac_complete  pyvrp  P≈0.000634
08:28:05 | i 18 | [ Summary ] cost=1541401.00  Δ_S*=+0.21%  Δ_BKS=+0.24%  Δ_S*_BKS=+0.03%  no_improve=10
08:28:05 | i 19 | [HAOS ROLL] k=21  λ=1.0  vb  ac_complete  ails2  P≈0.001496
08:28:11 | i 19 | [Phase 1/3] decompose  5.61s / — / —  λ=1.0  vb ac_complete
08:29:34 | i 19 | [Phase 2/3] route  82.98s / 37.80s / 219.5%  ails2  k=21
08:31:09 | i 18 | [ ASYNC BG] bg_ails  183.96s / 166.02s / 110.8%
08:31:09 | i 19 | [HAOS ROLL] k=21  λ=1.0  vb  ac_complete  ails2  P≈0.001496
08:31:09 | i 19 | [ Summary ] cost=1543949.00  Δ_S*=+0.38%  Δ_BKS=+0.41%  Δ_S*_BKS=+0.03%  no_improve=12
08:31:09 | i 20 | [HAOS ROLL] k=4  λ=1.0  vb  ac_avg  pyvrp  P≈0.002083
08:31:15 | i 20 | [Phase 1/3] decompose  5.94s / — / —  λ=1.0  vb ac_avg
08:33:27 | i 20 | [Phase 2/3] route  131.93s / 120.42s / 109.6%  pyvrp  k=4
08:33:27 | i 19 | [ ASYNC BG] bg_ails  94.82s / 76.65s / 123.7%
08:33:28 | i 20 | [HAOS ROLL] k=4  λ=1.0  vb  ac_avg  pyvrp  P≈0.002083
08:33:28 | i 20 | [ Summary ] cost=1542125.00  Δ_S*=+0.26%  Δ_BKS=+0.29%  Δ_S*_BKS=+0.03%  no_improve=14
08:33:28 | i 21 | [HAOS ROLL] k=8  λ=0.4  vb  kmeans  pyvrp  P≈0.000649
08:33:31 | i 21 | [Phase 1/3] decompose  3.85s / — / —  λ=0.4  vb kmeans
08:35:29 | i 21 | [Phase 2/3] route  117.19s / 62.10s / 188.7%  pyvrp  k=8
08:35:43 | i 20 | [ ASYNC BG] bg_ails  135.20s / 117.53s / 115.0%
08:35:43 | i 21 | [HAOS ROLL] k=8  λ=0.4  vb  kmeans  pyvrp  P≈0.000649
08:35:43 | i 21 | [ Summary ] cost=1543748.00  Δ_S*=+0.36%  Δ_BKS=+0.39%  Δ_S*_BKS=+0.03%  no_improve=16
08:35:43 | i 22 | [HAOS ROLL] k=6  λ=0.8  rb  kmeans  ails2  P≈0.000394
08:35:47 | i 22 | [Phase 1/3] decompose  4.10s / — / —  λ=0.8  rb kmeans
08:37:27 | i 22 | [Phase 2/3] route  100.43s / 97.92s / 102.6%  ails2  k=6
08:37:46 | i 21 | [ ASYNC BG] bg_ails  123.07s / 105.66s / 116.5%
08:37:46 | i 22 | [ IMPROVE ] 1538161.00  via decompose_route  ·  Δ_BKS=+0.03%
08:37:46 | i 22 | [HAOS ROLL] k=6  λ=0.8  rb  kmeans  ails2  P≈0.000394
08:37:46 | i 22 | [ Summary ] cost=1538161.00  Δ_S*=+0.00%  Δ_BKS=+0.03%  Δ_S*_BKS=+0.03%  no_improve=0
08:37:46 | i 14 | [ASYNC 1/2] sp_sc  722.63s / 720.00s / 100.4%  SC  avg_coverage=6.79/5  pool=10000
08:37:46 | i 14 | [ASYNC 2/2] standard_ails  374.86s / 360.00s / 104.1%
08:39:28 | i 14 | [ IMPROVE ] 1538153.00  via standard_ails  ·  Δ_BKS=+0.03%
08:39:28 | i 23 | [HAOS ROLL] k=12  λ=0.6  vb  fcm  ails2  P≈0.000211
08:39:35 | i 23 | [Phase 1/3] decompose  7.11s / — / —  λ=0.6  vb fcm
08:40:59 | i 23 | [Phase 2/3] route  83.95s / 45.48s / 184.6%  ails2  k=12
08:40:59 | i 22 | [ ASYNC BG] bg_ails  112.83s / 95.57s / 118.1%
08:41:00 | i 23 | [HAOS ROLL] k=12  λ=0.6  vb  fcm  ails2  P≈0.000211
08:41:00 | i 23 | [ Summary ] cost=1541172.00  Δ_S*=+0.20%  Δ_BKS=+0.23%  Δ_S*_BKS=+0.03%  no_improve=2
08:41:00 | i 24 | [HAOS ROLL] k=8  λ=0.2  vb  fcm  pyvrp  P≈0.000359
08:41:04 | i 24 | [Phase 1/3] decompose  4.37s / — / —  λ=0.2  vb fcm
08:43:00 | i 24 | [Phase 2/3] route  116.20s / 61.26s / 189.7%  pyvrp  k=8
08:43:00 | i 23 | [ ASYNC BG] bg_ails  91.01s / 72.01s / 126.4%
08:43:01 | i 24 | [HAOS ROLL] k=8  λ=0.2  vb  fcm  pyvrp  P≈0.000359
08:43:01 | i 24 | [ Summary ] cost=1544466.00  Δ_S*=+0.41%  Δ_BKS=+0.44%  Δ_S*_BKS=+0.03%  no_improve=4
08:43:01 | i 25 | [HAOS ROLL] k=6  λ=0.0  rb  ac_avg  ails2  P≈0.000253
08:43:04 | i 25 | [Phase 1/3] decompose  3.08s / — / —  λ=0.0  rb ac_avg
08:44:52 | i 25 | [Phase 2/3] route  107.79s / 104.10s / 103.5%  ails2  k=6
08:45:04 | i 24 | [ ASYNC BG] bg_ails  123.12s / 105.35s / 116.9%
08:45:04 | i 25 | [HAOS ROLL] k=6  λ=0.0  rb  ac_avg  ails2  P≈0.000253
08:45:04 | i 25 | [ Summary ] cost=1538183.00  Δ_S*=+0.00%  Δ_BKS=+0.03%  Δ_S*_BKS=+0.03%  no_improve=6
08:45:04 | i 26 | [HAOS ROLL] k=21  λ=0.2  rb  ac_complete  filo2  P≈0.000369
08:45:08 | i 26 | [Phase 1/3] decompose  4.02s / — / —  λ=0.2  rb ac_complete
08:46:29 | i 26 | [Phase 2/3] route  81.33s / 34.32s / 237.0%  filo2  k=21
08:47:02 | i 25 | [ ASYNC BG] bg_ails  118.05s / 101.60s / 116.2%
08:47:02 | i 26 | [HAOS ROLL] k=21  λ=0.2  rb  ac_complete  filo2  P≈0.000369
08:47:02 | i 26 | [ Summary ] cost=1538563.00  Δ_S*=+0.03%  Δ_BKS=+0.06%  Δ_S*_BKS=+0.03%  no_improve=8
08:47:02 | i 27 | [HAOS ROLL] k=4  λ=0.8  vb  fcm  ails2  P≈0.001754
08:47:06 | i 27 | [Phase 1/3] decompose  4.08s / — / —  λ=0.8  vb fcm
08:49:01 | i 27 | [Phase 2/3] route  114.98s / 112.68s / 102.0%  ails2  k=4
08:49:01 | i 26 | [ ASYNC BG] bg_ails  91.57s / 73.32s / 124.9%
08:49:01 | i 27 | [HAOS ROLL] k=4  λ=0.8  vb  fcm  ails2  P≈0.001754
08:49:01 | i 27 | [ Summary ] cost=1539145.00  Δ_S*=+0.06%  Δ_BKS=+0.09%  Δ_S*_BKS=+0.03%  no_improve=10
08:49:01 | i 28 | [HAOS ROLL] k=10  λ=1.0  vb  ac_avg  ails2  P≈0.000822
08:49:07 | i 28 | [Phase 1/3] decompose  5.73s / — / —  λ=1.0  vb ac_avg
08:50:41 | i 28 | [Phase 2/3] route  94.00s / 69.90s / 134.5%  ails2  k=10
08:51:10 | i 27 | [ ASYNC BG] bg_ails  128.97s / 109.98s / 117.3%
08:51:10 | i 28 | [HAOS ROLL] k=10  λ=1.0  vb  ac_avg  ails2  P≈0.000822
08:51:10 | i 28 | [ Summary ] cost=1540307.00  Δ_S*=+0.14%  Δ_BKS=+0.17%  Δ_S*_BKS=+0.03%  no_improve=12
08:51:10 | i 29 | [HAOS ROLL] k=10  λ=0.4  vb  ac_complete  filo2  P≈0.000182
08:51:16 | i 29 | [Phase 1/3] decompose  5.69s / — / —  λ=0.4  vb ac_complete
08:52:46 | i 29 | [Phase 2/3] route  90.24s / 57.90s / 155.9%  filo2  k=10
08:53:03 | i 28 | [ ASYNC BG] bg_ails  113.07s / 95.63s / 118.2%
08:53:03 | i 29 | [HAOS ROLL] k=10  λ=0.4  vb  ac_complete  filo2  P≈0.000182
08:53:04 | i 29 | [ Summary ] cost=1540688.00  Δ_S*=+0.16%  Δ_BKS=+0.19%  Δ_S*_BKS=+0.03%  no_improve=14
08:53:04 | i 23 | [ASYNC 1/2] sp_sc  271.46s / 720.00s / 37.7%  SC  avg_coverage=6.78/5  pool=10000
08:53:04 | i 23 | [ASYNC 2/2] standard_ails  375.21s / 360.00s / 104.2%
08:54:45 | i 23 | [ IMPROVE ] 1538133.00  via standard_ails  ·  Δ_BKS=+0.03%
08:54:45 | i 30 | [HAOS ROLL] k=3  λ=0.4  vb  kmeans  ails2  P≈0.001346
08:54:49 | i 30 | [Phase 1/3] decompose  4.02s / — / —  λ=0.4  vb kmeans
08:57:42 | i 30 | [Phase 2/3] route  172.78s / 169.38s / 102.0%  ails2  k=3
08:57:42 | i 29 | [ ASYNC BG] bg_ails  115.50s / 97.39s / 118.6%
08:57:42 | i 30 | [HAOS ROLL] k=3  λ=0.4  vb  kmeans  ails2  P≈0.001346
08:57:42 | i 30 | [ Summary ] cost=1538937.00  Δ_S*=+0.05%  Δ_BKS=+0.08%  Δ_S*_BKS=+0.03%  no_improve=2
08:57:42 | i 31 | [HAOS ROLL] k=8  λ=0.0  vb  ac_avg  ails2  P≈0.000630
08:57:47 | i 31 | [Phase 1/3] decompose  4.70s / — / —  λ=0.0  vb ac_avg
08:59:42 | i 31 | [Phase 2/3] route  115.61s / 69.90s / 165.4%  ails2  k=8
09:00:45 | i 30 | [ ASYNC BG] bg_ails  182.93s / 165.31s / 110.7%
09:00:45 | i 31 | [HAOS ROLL] k=8  λ=0.0  vb  ac_avg  ails2  P≈0.000630
09:00:45 | i 31 | [ Summary ] cost=1539507.00  Δ_S*=+0.09%  Δ_BKS=+0.12%  Δ_S*_BKS=+0.03%  no_improve=4
09:00:45 | i 32 | [HAOS ROLL] k=6  λ=1.0  vb  ac_avg  pyvrp  P≈0.001933
09:00:51 | i 32 | [Phase 1/3] decompose  5.75s / — / —  λ=1.0  vb ac_avg
09:02:52 | i 32 | [Phase 2/3] route  120.97s / 111.00s / 109.0%  pyvrp  k=6
09:02:53 | i 31 | [ ASYNC BG] bg_ails  128.44s / 111.08s / 115.6%
09:02:54 | i 32 | [HAOS ROLL] k=6  λ=1.0  vb  ac_avg  pyvrp  P≈0.001933
09:02:54 | i 32 | [ Summary ] cost=1542214.00  Δ_S*=+0.27%  Δ_BKS=+0.29%  Δ_S*_BKS=+0.03%  no_improve=6
09:02:54 | i 33 | [HAOS ROLL] k=21  λ=0.6  rb  ac_avg  pyvrp  P≈0.000500
09:02:58 | i 33 | [Phase 1/3] decompose  4.03s / — / —  λ=0.6  rb ac_avg
09:04:20 | i 33 | [Phase 2/3] route  82.41s / 36.30s / 227.0%  pyvrp  k=21
09:04:59 | i 32 | [ ASYNC BG] bg_ails  125.86s / 108.34s / 116.2%
09:04:59 | i 33 | [HAOS ROLL] k=21  λ=0.6  rb  ac_avg  pyvrp  P≈0.000500
09:05:00 | i 33 | [ Summary ] cost=1540469.00  Δ_S*=+0.15%  Δ_BKS=+0.18%  Δ_S*_BKS=+0.03%  no_improve=8
09:05:00 | i 34 | [HAOS ROLL] k=4  λ=0.8  vb  kmeans  filo2  P≈0.002166
09:05:03 | i 34 | [Phase 1/3] decompose  3.94s / — / —  λ=0.8  vb kmeans
09:06:56 | i 34 | [Phase 2/3] route  112.36s / 112.50s / 99.9%  filo2  k=4
09:06:56 | i 33 | [ ASYNC BG] bg_ails  92.14s / 73.23s / 125.8%
09:06:56 | i 34 | [HAOS ROLL] k=4  λ=0.8  vb  kmeans  filo2  P≈0.002166
09:06:56 | i 34 | [ Summary ] cost=1538918.00  Δ_S*=+0.05%  Δ_BKS=+0.08%  Δ_S*_BKS=+0.03%  no_improve=10
09:06:56 | i 35 | [HAOS ROLL] k=8  λ=0.2  vb  fcm  ails2  P≈0.000824
09:07:01 | i 35 | [Phase 1/3] decompose  4.47s / — / —  λ=0.2  vb fcm
09:08:44 | i 35 | [Phase 2/3] route  103.19s / 61.32s / 168.3%  ails2  k=8
09:09:04 | i 34 | [ ASYNC BG] bg_ails  127.77s / 109.80s / 116.4%
09:09:04 | i 35 | [HAOS ROLL] k=8  λ=0.2  vb  fcm  ails2  P≈0.000824
09:09:04 | i 35 | [ Summary ] cost=1541629.00  Δ_S*=+0.23%  Δ_BKS=+0.26%  Δ_S*_BKS=+0.03%  no_improve=12
09:09:04 | i 36 | [HAOS ROLL] k=6  λ=0.8  rb  ac_complete  filo2  P≈0.000504
09:09:08 | i 36 | [Phase 1/3] decompose  4.06s / — / —  λ=0.8  rb ac_complete
09:10:42 | i 36 | [Phase 2/3] route  94.28s / 94.32s / 100.0%  filo2  k=6
09:10:56 | i 35 | [ ASYNC BG] bg_ails  112.25s / 94.85s / 118.3%
09:10:56 | i 36 | [HAOS ROLL] k=6  λ=0.8  rb  ac_complete  filo2  P≈0.000504
09:10:56 | i 36 | [ Summary ] cost=1538778.00  Δ_S*=+0.04%  Δ_BKS=+0.07%  Δ_S*_BKS=+0.03%  no_improve=14
09:10:56 | i 37 | [HAOS ROLL] k=12  λ=0.4  vb  kmedoids  ails2  P≈0.000365
09:11:02 | i 37 | [Phase 1/3] decompose  5.68s / — / —  λ=0.4  vb kmedoids
09:12:31 | i 37 | [Phase 2/3] route  88.84s / 43.26s / 205.4%  ails2  k=12
09:12:46 | i 36 | [ ASYNC BG] bg_ails  110.34s / 92.06s / 119.9%
09:12:47 | i 37 | [HAOS ROLL] k=12  λ=0.4  vb  kmedoids  ails2  P≈0.000365
09:12:47 | i 37 | [ Summary ] cost=1541934.00  Δ_S*=+0.25%  Δ_BKS=+0.28%  Δ_S*_BKS=+0.03%  no_improve=16
09:12:47 | i 38 | [HAOS ROLL] k=3  λ=0.2  vb  ac_avg  ails2  P≈0.001108
09:12:52 | i 38 | [Phase 1/3] decompose  5.73s / — / —  λ=0.2  vb ac_avg
09:16:19 | i 38 | [Phase 2/3] route  206.54s / 202.38s / 102.1%  ails2  k=3
09:16:19 | i 37 | [ ASYNC BG] bg_ails  91.78s / 73.66s / 124.6%
09:16:19 | i 38 | [HAOS ROLL] k=3  λ=0.2  vb  ac_avg  ails2  P≈0.001108
09:16:19 | i 38 | [ Summary ] cost=1538819.00  Δ_S*=+0.04%  Δ_BKS=+0.07%  Δ_S*_BKS=+0.03%  no_improve=18
09:16:19 | i 39 | [HAOS ROLL] k=21  λ=0.4  rb  kmeans  ails2  P≈0.001306
09:16:23 | i 39 | [Phase 1/3] decompose  4.07s / — / —  λ=0.4  rb kmeans
09:17:49 | i 39 | [Phase 2/3] route  85.85s / 25.80s / 332.8%  ails2  k=21
09:19:54 | i 38 | [ ASYNC BG] bg_ails  215.05s / 197.52s / 108.9%
09:19:54 | i 39 | [ IMPROVE ] 1538025.00  via decompose_route  ·  Δ_BKS=+0.02%
09:19:54 | i 39 | [HAOS ROLL] k=21  λ=0.4  rb  kmeans  ails2  P≈0.001306
09:19:55 | i 39 | [ Summary ] cost=1538025.00  Δ_S*=+0.00%  Δ_BKS=+0.02%  Δ_S*_BKS=+0.02%  no_improve=0
09:19:55 | i 40 | [HAOS ROLL] k=12  λ=0.4  vb  ac_complete  ails2  P≈0.001175
09:20:00 | i 40 | [Phase 1/3] decompose  5.73s / — / —  λ=0.4  vb ac_complete
09:21:26 | i 40 | [Phase 2/3] route  85.71s / 56.46s / 151.8%  ails2  k=12
09:21:26 | i 39 | [ IMPROVE ] 1538022.00  via bg_ails  ·  Δ_BKS=+0.02%
09:21:26 | i 39 | [ ASYNC BG] bg_ails  89.83s / 71.86s / 125.0%
09:21:26 | i 40 | [HAOS ROLL] k=12  λ=0.4  vb  ac_complete  ails2  P≈0.001175
09:21:26 | i 40 | [ Summary ] cost=1541900.00  Δ_S*=+0.25%  Δ_BKS=+0.27%  Δ_S*_BKS=+0.02%  no_improve=1
09:21:26 | i 32 | [ASYNC 1/2] sp_sc  723.37s / 720.00s / 100.5%  SC  avg_coverage=6.78/5  pool=10000
09:21:26 | i 32 | [ASYNC 2/2] standard_ails  375.31s / 360.00s / 104.3%
09:23:05 | i 41 | [HAOS ROLL] k=8  λ=1.0  rb  kmeans  filo  P≈0.000234
09:23:09 | i 41 | [Phase 1/3] decompose  3.98s / — / —  λ=1.0  rb kmeans
09:24:53 | i 41 | [Phase 2/3] route  103.24s / 64.50s / 160.1%  filo  k=8
09:24:53 | i 40 | [ ASYNC BG] bg_ails  99.06s / 81.21s / 122.0%
09:24:53 | i 41 | [HAOS ROLL] k=8  λ=1.0  rb  kmeans  filo  P≈0.000234
09:24:53 | i 41 | [ Summary ] cost=1538772.00  Δ_S*=+0.05%  Δ_BKS=+0.07%  Δ_S*_BKS=+0.02%  no_improve=4
09:24:53 | i 42 | [HAOS ROLL] k=21  λ=0.2  vb  ac_complete  filo2  P≈0.000826
09:24:59 | i 42 | [Phase 1/3] decompose  5.54s / — / —  λ=0.2  vb ac_complete
09:26:18 | i 42 | [Phase 2/3] route  79.19s / 37.80s / 209.5%  filo2  k=21
09:26:52 | i 41 | [ ASYNC BG] bg_ails  119.76s / 100.02s / 119.7%
09:26:53 | i 42 | [HAOS ROLL] k=21  λ=0.2  vb  ac_complete  filo2  P≈0.000826
09:26:53 | i 42 | [ Summary ] cost=1544279.00  Δ_S*=+0.41%  Δ_BKS=+0.43%  Δ_S*_BKS=+0.02%  no_improve=6
09:26:53 | i 43 | [HAOS ROLL] k=21  λ=0.8  vb  kmeans  filo2  P≈0.002164
09:26:57 | i 43 | [Phase 1/3] decompose  3.95s / — / —  λ=0.8  vb kmeans
09:28:24 | i 43 | [Phase 2/3] route  87.18s / 25.26s / 345.1%  filo2  k=21
09:28:27 | i 42 | [ ASYNC BG] bg_ails  94.93s / 76.65s / 123.8%
09:28:28 | i 43 | [HAOS ROLL] k=21  λ=0.8  vb  kmeans  filo2  P≈0.002164
09:28:28 | i 43 | [ Summary ] cost=1546593.00  Δ_S*=+0.56%  Δ_BKS=+0.58%  Δ_S*_BKS=+0.02%  no_improve=8
09:28:28 | i 44 | [HAOS ROLL] k=8  λ=0.4  rb  kmeans  filo2  P≈0.001193
09:28:32 | i 44 | [Phase 1/3] decompose  3.99s / — / —  λ=0.4  rb kmeans
09:30:24 | i 44 | [Phase 2/3] route  112.24s / 59.40s / 189.0%  filo2  k=8
09:30:24 | i 43 | [ ASYNC BG] bg_ails  91.12s / 72.41s / 125.8%
09:30:24 | i 44 | [HAOS ROLL] k=8  λ=0.4  rb  kmeans  filo2  P≈0.001193
09:30:25 | i 44 | [ Summary ] cost=1538579.00  Δ_S*=+0.04%  Δ_BKS=+0.06%  Δ_S*_BKS=+0.02%  no_improve=10
09:30:25 | i 45 | [HAOS ROLL] k=21  λ=0.6  vb  kmeans  filo2  P≈0.000920
09:30:28 | i 45 | [Phase 1/3] decompose  3.93s / — / —  λ=0.6  vb kmeans
09:31:52 | i 45 | [Phase 2/3] route  83.19s / 25.62s / 324.7%  filo2  k=21
09:32:24 | i 44 | [ ASYNC BG] bg_ails  120.06s / 102.35s / 117.3%
09:32:25 | i 45 | [HAOS ROLL] k=21  λ=0.6  vb  kmeans  filo2  P≈0.000920
09:32:25 | i 45 | [ Summary ] cost=1545109.00  Δ_S*=+0.46%  Δ_BKS=+0.48%  Δ_S*_BKS=+0.02%  no_improve=12
09:32:25 | i 46 | [HAOS ROLL] k=3  λ=0.2  vb  kmeans  filo2  P≈0.000900
09:32:29 | i 46 | [Phase 1/3] decompose  4.00s / — / —  λ=0.2  vb kmeans
09:35:17 | i 46 | [Phase 2/3] route  168.59s / 167.82s / 100.5%  filo2  k=3
09:35:17 | i 45 | [ ASYNC BG] bg_ails  90.97s / 72.27s / 125.9%
09:35:18 | i 46 | [HAOS ROLL] k=3  λ=0.2  vb  kmeans  filo2  P≈0.000900
09:35:18 | i 46 | [ Summary ] cost=1539201.00  Δ_S*=+0.08%  Δ_BKS=+0.10%  Δ_S*_BKS=+0.02%  no_improve=14
09:35:18 | i 47 | [HAOS ROLL] k=6  λ=1.0  vb  ac_complete  ails2  P≈0.001177
09:35:23 | i 47 | [Phase 1/3] decompose  5.47s / — / —  λ=1.0  vb ac_complete
09:37:22 | i 47 | [Phase 2/3] route  118.97s / 115.08s / 103.4%  ails2  k=6
09:38:18 | i 46 | [ ASYNC BG] bg_ails  180.93s / 163.79s / 110.5%
09:38:19 | i 47 | [HAOS ROLL] k=6  λ=1.0  vb  ac_complete  ails2  P≈0.001177
09:38:19 | i 47 | [ Summary ] cost=1538683.00  Δ_S*=+0.04%  Δ_BKS=+0.06%  Δ_S*_BKS=+0.02%  no_improve=16
09:38:19 | i 41 | [ASYNC 1/2] sp_sc  260.95s / 720.00s / 36.2%  SC  avg_coverage=6.79/5  pool=10000
09:38:19 | i 41 | [ASYNC 2/2] standard_ails  374.97s / 360.00s / 104.2%
09:39:57 | i 41 | [ IMPROVE ] 1537979.00  via standard_ails  ·  Δ_BKS=+0.02%
09:39:57 | i 48 | [HAOS ROLL] k=6  λ=0.2  vb  kmedoids  ails2  P≈0.000408
09:40:02 | i 48 | [Phase 1/3] decompose  5.23s / — / —  λ=0.2  vb kmedoids
09:41:36 | i 48 | [Phase 2/3] route  93.40s / 90.72s / 103.0%  ails2  k=6
09:41:36 | i 47 | [ ASYNC BG] bg_ails  130.00s / 112.32s / 115.7%
09:41:36 | i 48 | [HAOS ROLL] k=6  λ=0.2  vb  kmedoids  ails2  P≈0.000408
09:41:36 | i 48 | [ Summary ] cost=1539328.00  Δ_S*=+0.09%  Δ_BKS=+0.11%  Δ_S*_BKS=+0.02%  no_improve=2
09:41:36 | i — | [  FINAL  ] async BG-AILS totals launched=47 applied=47 adopted=3 launch_skipped_cap=1 crashes=0 discarded_in_flight=False block_wait_total_s=1060.8
09:41:36 | i — | [  FINAL  ] async SP/SC totals invocations=5 adopted=4 skipped=0 discarded_in_flight=False sp_busy_frac=0.6854271851836964
09:41:36 | i — | [  FINAL  ] ════════════════════════════════════════
09:41:36 | i — | [  FINAL  ] Run complete  iterations=48  elapsed=02:01:19  best=1537979.00
09:41:36 | i — | [  FINAL  ] Δ_BKS=+0.02%  no_improve_stop=False  time_stop=True  cancelled=False
09:41:36 | i — | [  FINAL  ] 
09:41:36 | i — | [  FINAL  ] [BEST SOLUTION — HAOS TAG SUMMARY]
09:41:36 | i — | [  FINAL  ] ────────────────────────────────────────
09:41:36 | i — | [  FINAL  ]   411 routes  vb  kmeans  k=3  λ=0.8  solver=pyvrp
09:41:36 | i — | [  FINAL  ]   140 routes  vb  kmeans  k=8  λ=0.4  solver=pyvrp
09:41:36 | i — | [  FINAL  ]   69 routes  rb  kmeans  k=21  λ=0.4  solver=ails2
09:41:36 | i — | [  FINAL  ]   57 routes  vb  kmedoids  k=21  λ=1.0  solver=filo2
09:41:36 | i — | [  FINAL  ]   44 routes  rb  ac_complete  k=6  λ=0.8  solver=filo2
09:41:36 | i — | [  FINAL  ]   44 routes  vb  kmedoids  k=12  λ=0.4  solver=ails2
09:41:36 | i — | [  FINAL  ]   42 routes  rb  ac_complete  k=4  λ=1.0  solver=pyvrp
09:41:36 | i — | [  FINAL  ]   41 routes  vb  ac_avg  k=4  λ=1.0  solver=pyvrp
09:41:36 | i — | [  FINAL  ]   39 routes  vb  ac_complete  k=21  λ=1.0  solver=ails2
09:41:36 | i — | [  FINAL  ]   39 routes  vb  ac_avg  k=3  λ=0.2  solver=ails2
09:41:36 | i — | [  FINAL  ]   38 routes  vb  kmeans  k=4  λ=0.8  solver=filo2
09:41:36 | i — | [  FINAL  ]   33 routes  vb  fcm  k=12  λ=0.6  solver=ails2
09:41:36 | i — | [  FINAL  ]   31 routes  vb  fcm  k=8  λ=0.2  solver=ails2
09:41:36 | i — | [  FINAL  ]   28 routes  vb  kmeans  k=3  λ=0.2  solver=filo2
09:41:36 | i — | [  FINAL  ]   26 routes  vb  ac_complete  k=12  λ=0.4  solver=ails2
09:41:36 | i — | [  FINAL  ]   20 routes  vb  ac_avg  k=4  λ=0.8  solver=pyvrp
09:41:36 | i — | [  FINAL  ]   19 routes  rb  ac_complete  k=21  λ=0.2  solver=filo2
09:41:36 | i — | [  FINAL  ]   18 routes  vb  ac_avg  k=12  λ=1.0  solver=ails2
09:41:36 | i — | [  FINAL  ]   18 routes  vb  fcm  k=8  λ=0.2  solver=pyvrp
09:41:36 | i — | [  FINAL  ]   17 routes  vb  kmeans  k=21  λ=0.6  solver=filo2
09:41:36 | i — | [  FINAL  ]   17 routes  rb  ac_avg  k=21  λ=0.6  solver=pyvrp
09:41:36 | i — | [  FINAL  ]   16 routes  vb  fcm  k=21  λ=1.0  solver=filo2
09:41:36 | i — | [  FINAL  ]   16 routes  vb  ac_avg  k=6  λ=1.0  solver=pyvrp
09:41:36 | i — | [  FINAL  ]   16 routes  rb  kmeans  k=8  λ=1.0  solver=filo
09:41:36 | i — | [  FINAL  ]   15 routes  vb  ac_complete  k=6  λ=1.0  solver=ails2
09:41:36 | i — | [  FINAL  ]   13 routes  vb  ac_avg  k=8  λ=0.0  solver=ails2
09:41:36 | i — | [  FINAL  ]   11 routes  rb  kmeans  k=6  λ=0.8  solver=ails2
09:41:36 | i — | [  FINAL  ]   11 routes  rb  ac_avg  k=6  λ=0.0  solver=ails2
09:41:36 | i — | [  FINAL  ]   11 routes  rb  kmeans  k=8  λ=0.4  solver=filo2
09:41:36 | i — | [  FINAL  ]   8 routes  vb  kmeans  k=8  λ=0.4  solver=filo2
09:41:36 | i — | [  FINAL  ]   8 routes  vb  ac_avg  k=10  λ=1.0  solver=ails2
09:41:36 | i — | [  FINAL  ]   7 routes  rb  kmeans  k=6  λ=0.8  solver=filo2
09:41:36 | i — | [  FINAL  ]   7 routes  vb  fcm  k=4  λ=0.8  solver=ails2
09:41:36 | i — | [  FINAL  ]   6 routes  vb  ac_complete  k=10  λ=0.4  solver=filo2
09:41:36 | i — | [  FINAL  ]   5 routes  vb  kmeans  k=21  λ=0.8  solver=filo2
09:41:36 | i — | [  FINAL  ]   4 routes  vb  ac_avg  k=8  λ=0.2  solver=filo
09:41:36 | i — | [  FINAL  ]   4 routes  vb  kmeans  k=3  λ=0.4  solver=ails2
09:41:36 | i — | [  FINAL  ]   3 routes  vb  ac_complete  k=21  λ=0.2  solver=filo2
09:41:36 | i — | [  FINAL  ]   2 routes  vb  ac_complete  k=21  λ=0.4  solver=pyvrp
09:41:36 | i — | [  FINAL  ]   2 routes  vb  kmeans  k=4  λ=0.6  solver=ails2
09:41:36 | i — | [  FINAL  ]   115 routes  post-SP/SC improvement
09:41:36 | i — | [  FINAL  ] 
09:41:36 | i — | [  FINAL  ] [ROUTE POOL — HAOS TAG SUMMARY]
09:41:36 | i — | [  FINAL  ] ────────────────────────────────────────
09:41:36 | i — | [  FINAL  ]   762 routes  vb  kmeans  k=21  λ=0.6  solver=filo2
09:41:36 | i — | [  FINAL  ]   754 routes  vb  kmeans  k=21  λ=0.8  solver=filo2
09:41:36 | i — | [  FINAL  ]   732 routes  vb  kmeans  k=3  λ=0.8  solver=pyvrp
09:41:36 | i — | [  FINAL  ]   701 routes  vb  kmeans  k=3  λ=0.2  solver=filo2
09:41:36 | i — | [  FINAL  ]   635 routes  rb  kmeans  k=8  λ=1.0  solver=filo
09:41:36 | i — | [  FINAL  ]   605 routes  vb  ac_complete  k=21  λ=0.2  solver=filo2
09:41:36 | i — | [  FINAL  ]   540 routes  vb  ac_complete  k=6  λ=1.0  solver=ails2
09:41:36 | i — | [  FINAL  ]   535 routes  vb  ac_avg  k=6  λ=1.0  solver=pyvrp
09:41:36 | i — | [  FINAL  ]   477 routes  rb  kmeans  k=8  λ=0.4  solver=filo2
09:41:36 | i — | [  FINAL  ]   396 routes  vb  ac_complete  k=12  λ=0.4  solver=ails2
09:41:36 | i — | [  FINAL  ]   354 routes  vb  kmedoids  k=6  λ=0.2  solver=ails2
09:41:36 | i — | [  FINAL  ]   256 routes  vb  kmeans  k=3  λ=0.4  solver=ails2
09:41:36 | i — | [  FINAL  ]   248 routes  vb  kmeans  k=8  λ=0.4  solver=pyvrp
09:41:36 | i — | [  FINAL  ]   234 routes  vb  ac_avg  k=8  λ=0.0  solver=ails2
09:41:36 | i — | [  FINAL  ]   217 routes  vb  kmedoids  k=12  λ=0.4  solver=ails2
09:41:36 | i — | [  FINAL  ]   216 routes  vb  ac_avg  k=3  λ=0.2  solver=ails2
09:41:36 | i — | [  FINAL  ]   185 routes  vb  ac_complete  k=10  λ=0.4  solver=filo2
09:41:36 | i — | [  FINAL  ]   185 routes  rb  kmeans  k=21  λ=0.4  solver=ails2
09:41:36 | i — | [  FINAL  ]   159 routes  rb  ac_complete  k=6  λ=0.8  solver=filo2
09:41:36 | i — | [  FINAL  ]   157 routes  vb  fcm  k=8  λ=0.2  solver=ails2
09:41:36 | i — | [  FINAL  ]   144 routes  vb  kmedoids  k=21  λ=1.0  solver=filo2
09:41:36 | i — | [  FINAL  ]   140 routes  vb  kmeans  k=4  λ=0.8  solver=filo2
09:41:36 | i — | [  FINAL  ]   135 routes  vb  ac_avg  k=4  λ=1.0  solver=pyvrp
09:41:36 | i — | [  FINAL  ]   120 routes  rb  ac_complete  k=4  λ=1.0  solver=pyvrp
09:41:36 | i — | [  FINAL  ]   111 routes  vb  ac_complete  k=21  λ=0.4  solver=pyvrp
09:41:36 | i — | [  FINAL  ]   100 routes  vb  ac_avg  k=4  λ=0.8  solver=pyvrp
09:41:36 | i — | [  FINAL  ]   91 routes  vb  ac_complete  k=21  λ=1.0  solver=ails2
09:41:36 | i — | [  FINAL  ]   90 routes  vb  fcm  k=12  λ=0.6  solver=ails2
09:41:36 | i — | [  FINAL  ]   74 routes  rb  ac_avg  k=21  λ=0.6  solver=pyvrp
09:41:36 | i — | [  FINAL  ]   72 routes  rb  kmeans  k=6  λ=0.8  solver=filo2
09:41:36 | i — | [  FINAL  ]   58 routes  vb  ac_avg  k=12  λ=1.0  solver=ails2
09:41:36 | i — | [  FINAL  ]   56 routes  vb  fcm  k=21  λ=1.0  solver=filo2
09:41:36 | i — | [  FINAL  ]   55 routes  vb  kmeans  k=8  λ=0.4  solver=filo2
09:41:36 | i — | [  FINAL  ]   27 routes  rb  kmeans  k=6  λ=0.8  solver=ails2
09:41:36 | i — | [  FINAL  ]   27 routes  vb  fcm  k=8  λ=0.2  solver=pyvrp
09:41:36 | i — | [  FINAL  ]   25 routes  vb  kmeans  k=4  λ=0.6  solver=ails2
09:41:36 | i — | [  FINAL  ]   21 routes  rb  ac_complete  k=21  λ=0.2  solver=filo2
09:41:36 | i — | [  FINAL  ]   17 routes  vb  fcm  k=4  λ=0.8  solver=ails2
09:41:36 | i — | [  FINAL  ]   16 routes  vb  ac_avg  k=8  λ=0.2  solver=filo
09:41:36 | i — | [  FINAL  ]   16 routes  rb  ac_avg  k=6  λ=0.0  solver=ails2
09:41:36 | i — | [  FINAL  ]   16 routes  vb  ac_avg  k=10  λ=1.0  solver=ails2
09:41:36 | i — | [  FINAL  ]   10 routes  rb  ac_avg  k=4  λ=0.2  solver=ails2
09:41:36 | i — | [  FINAL  ]   231 routes  post-SP/SC improvement
09:41:36 | i — | [  FINAL  ] ════════════════════════════════════════
