07:24:11 | i — | [  INIT   ] ════════════════════════════════════════
07:24:11 | i — | [  INIT   ] DRISPI  instance=X-n2727-k546  n=2726  capacity=5
07:24:11 | i — | [  INIT   ] k domain (computed at init): [2, 3, 4, 6, 8, 10, 12]  k_ext=12  k_min=546  k_ext_bound=n_bound  spacing_rejected=0
07:24:11 | i — | [  INIT   ] ══════════════════════════════════════════════════════
07:24:11 | i — | [  INIT   ] CONFIGURATION
07:24:11 | i — | [  INIT   ] ── stopping ────────────────────────────────
07:24:11 | i — | [  INIT   ]   time_limit                  = 7200.0
07:24:11 | i — | [  INIT   ]   max_no_improve              = 1000000000
07:24:11 | i — | [  INIT   ] ── parallelism ─────────────────────────────
07:24:11 | i — | [  INIT   ]   n_workers                   = 8
07:24:11 | i — | [  INIT   ] ── cores ───────────────────────────────────
07:24:11 | i — | [  INIT   ]   cores_total                 = 8
07:24:11 | i — | [  INIT   ]   cores_dri                   = 6
07:24:11 | i — | [  INIT   ]   cores_bg                    = 1
07:24:11 | i — | [  INIT   ]   cores_sp                    = 1
07:24:11 | i — | [  INIT   ]   cores_cpu_list              = None
07:24:11 | i — | [  INIT   ] ── sp/sc ───────────────────────────────────
07:24:11 | i — | [  INIT   ]   sp_sc_mode                  = async
07:24:11 | i — | [  INIT   ]   sp_sc_trigger               = wallclock
07:24:11 | i — | [  INIT   ]   interval_minutes            = 20.0
07:24:11 | i — | [  INIT   ]   overlap_policy              = skip
07:24:11 | i — | [  INIT   ]   warmup_iterations           = 5
07:24:11 | i — | [  INIT   ]   sp_interval                 = 3
07:24:11 | i — | [  INIT   ]   min_coverage                = 5
07:24:11 | i — | [  INIT   ]   sp_time_limit               = 720.0
07:24:11 | i — | [  INIT   ]   mip_gap                     = 0.00025
07:24:11 | i — | [  INIT   ] ── decomposition ───────────────────────────
07:24:11 | i — | [  INIT   ]   decomp_k_base_arms          = [2, 3, 4, 6, 8, 10, 12]
07:24:11 | i — | [  INIT   ]   decomp_k_max_arms           = 10
07:24:11 | i — | [  INIT   ]   decomp_k_ext_per_1000       = 4
07:24:11 | i — | [  INIT   ]   decomp_k_min_routes_per_cluster= 8
07:24:11 | i — | [  INIT   ]   decomp_k_min_arm_spacing    = 2
07:24:11 | i — | [  INIT   ]   subcluster_rate_s_per_customer= 0.06
07:24:11 | i — | [  INIT   ]   subcluster_floor_s          = 5.0
07:24:11 | i — | [  INIT   ] ── bg_ails ─────────────────────────────────
07:24:11 | i — | [  INIT   ]   bg_ails_mode                = async
07:24:11 | i — | [  INIT   ]   bg_ails_crash_threshold     = 1
07:24:11 | i — | [  INIT   ]   bg_ails_budget_mode         = predicted_dr_wall
07:24:11 | i — | [  INIT   ]   bg_ails_budget_floor_s      = 60.0
07:24:11 | i — | [  INIT   ]   bg_ails_budget_margin       = 1.0
07:24:11 | i — | [  INIT   ]   bg_ails_wall_model_scale    = 0.976
07:24:11 | i — | [  INIT   ]   bg_ails_wall_model_wave_exponent= -0.18
07:24:11 | i — | [  INIT   ]   bg_ails_initial_omega       = 10
07:24:11 | i — | [  INIT   ]   bg_ails_boundary_threshold  = 0.5
07:24:11 | i — | [  INIT   ]   bg_ails_small_cluster_cap   = 20
07:24:11 | i — | [  INIT   ]   bg_ails_small_cluster_alpha = 0.5
07:24:11 | i — | [  INIT   ]   bg_ails_pair_selection      = greedy
07:24:11 | i — | [  INIT   ]   bg_ails_n_chains_mode       = k
07:24:11 | i — | [  INIT   ] ── standard_improvement ────────────────────
07:24:11 | i — | [  INIT   ]   standard_improvement_time_limit= 360.0
07:24:11 | i — | [  INIT   ] ── pool ────────────────────────────────────
07:24:11 | i — | [  INIT   ]   max_pool_size               = 10000
07:24:11 | i — | [  INIT   ]   pool_diversity_weight       = 0.5
07:24:11 | i — | [  INIT   ] ── haos ────────────────────────────────────
07:24:11 | i — | [  INIT   ]   haos_decay                  = 0.95
07:24:11 | i — | [  INIT   ]   haos_warmup                 = 10
07:24:11 | i — | [  INIT   ]   haos_starting_weight        = 10.0
07:24:11 | i — | [  INIT   ]   haos_min_weight_k           = 0.025
07:24:11 | i — | [  INIT   ]   haos_min_weight_lambda      = 0.05
07:24:11 | i — | [  INIT   ]   haos_min_weight_paradigm    = 0.1
07:24:11 | i — | [  INIT   ]   haos_min_weight_vertex_method= 0.05
07:24:11 | i — | [  INIT   ]   haos_min_weight_route_method= 0.05
07:24:11 | i — | [  INIT   ]   haos_min_weight_solver      = 0.05
07:24:11 | i — | [  INIT   ]   haos_lambda_demand_values   = [0.0, 0.2, 0.4, 0.6, 0.8, 1.0]
07:24:11 | i — | [  INIT   ]   haos_paradigm_values        = ['vertex', 'route']
07:24:11 | i — | [  INIT   ]   haos_vertex_method_values   = ['kmeans', 'agglomerative_avg', 'agglomerative_complete', 'kmedoids', 'fcm']
07:24:11 | i — | [  INIT   ]   haos_route_method_values    = ['kmeans', 'agglomerative_avg', 'agglomerative_complete']
07:24:11 | i — | [  INIT   ]   haos_solver_values          = ['pyvrp', 'filo', 'filo2', 'ails2']
07:24:11 | i — | [  INIT   ] ── haos_rewards ────────────────────────────
07:24:11 | i — | [  INIT   ]   haos_reward_new_best        = 10.0
07:24:11 | i — | [  INIT   ]   haos_reward_improvement     = 4.0
07:24:11 | i — | [  INIT   ]   haos_reward_no_improvement  = 1.0
07:24:11 | i — | [  INIT   ]   haos_reward_no_solution     = 0.0
07:24:11 | i — | [  INIT   ]   haos_deferred_new_best      = 7.0
07:24:11 | i — | [  INIT   ]   haos_deferred_improvement   = 3.0
07:24:11 | i — | [  INIT   ]   haos_deferred_no_improvement= 0.0
07:24:11 | i — | [  INIT   ] ── seed ────────────────────────────────────
07:24:11 | i — | [  INIT   ]   seed                        = 20
07:24:11 | i — | [  INIT   ] ── output ──────────────────────────────────
07:24:11 | i — | [  INIT   ]   output_dir                  = /app/artifacts/final_benchmark/runs/X-n2727-k546/seed20
07:24:11 | i — | [  INIT   ]   run_analysis                = False
07:24:11 | i — | [  INIT   ] ══════════════════════════════════════════════════════
07:24:11 | i — | [  INIT   ] BKS=431108.00
07:24:11 | i — | [  INIT   ] ════════════════════════════════════════
07:24:11 | i 1 | [HAOS ROLL] k=3  λ=0.8  vb  kmeans  pyvrp  P≈0.000595
07:24:15 | i 1 | [Phase 1/3] decompose  4.16s / — / —  λ=0.8  vb kmeans
07:25:43 | i 1 | [Phase 2/3] route  87.54s / 81.90s / 106.9%  pyvrp  k=3
07:25:43 | i 1 | [ IMPROVE ] 432792.00  via decompose_route  ·  Δ_BKS=+0.39%
07:25:43 | i 1 | [HAOS ROLL] k=3  λ=0.8  vb  kmeans  pyvrp  P≈0.000595
07:25:43 | i 1 | [ Summary ] cost=432792.00  Δ_S*=+0.00%  Δ_BKS=+0.39%  Δ_S*_BKS=+0.39%  no_improve=0
07:25:43 | i 2 | [HAOS ROLL] k=10  λ=1.0  vb  kmedoids  filo2  P≈0.000595
07:25:44 | i 2 | [Phase 1/3] decompose  0.98s / — / —  λ=1.0  vb kmedoids
07:26:16 | i 2 | [Phase 2/3] route  32.09s / 22.32s / 143.8%  filo2  k=10
07:27:06 | i 1 | [ IMPROVE ] 431374.00  via bg_ails  ·  Δ_BKS=+0.06%
07:27:06 | i 1 | [ ASYNC BG] bg_ails  83.32s / 79.93s / 104.2%
07:27:06 | i 2 | [HAOS ROLL] k=10  λ=1.0  vb  kmedoids  filo2  P≈0.000595
07:27:06 | i 2 | [ Summary ] cost=433707.00  Δ_S*=+0.54%  Δ_BKS=+0.60%  Δ_S*_BKS=+0.06%  no_improve=1
07:27:06 | i 3 | [HAOS ROLL] k=8  λ=1.0  vb  ac_avg  ails2  P≈0.000595
07:27:07 | i 3 | [Phase 1/3] decompose  0.81s / — / —  λ=1.0  vb ac_avg
07:28:12 | i 3 | [Phase 2/3] route  65.54s / 63.12s / 103.8%  ails2  k=8
07:28:12 | i 2 | [ ASYNC BG] bg_ails  64.42s / 60.00s / 107.4%
07:28:12 | i 3 | [HAOS ROLL] k=8  λ=1.0  vb  ac_avg  ails2  P≈0.000595
07:28:12 | i 3 | [ Summary ] cost=433080.00  Δ_S*=+0.40%  Δ_BKS=+0.46%  Δ_S*_BKS=+0.06%  no_improve=3
07:28:12 | i 4 | [HAOS ROLL] k=4  λ=0.8  rb  kmeans  filo2  P≈0.000992
07:28:13 | i 4 | [Phase 1/3] decompose  0.59s / — / —  λ=0.8  rb kmeans
07:29:03 | i 4 | [Phase 2/3] route  50.12s / 49.80s / 100.6%  filo2  k=4
07:29:18 | i 3 | [ ASYNC BG] bg_ails  65.54s / 61.98s / 105.8%
07:29:18 | i 4 | [ IMPROVE ] 431312.00  via decompose_route  ·  Δ_BKS=+0.05%
07:29:18 | i 4 | [HAOS ROLL] k=4  λ=0.8  rb  kmeans  filo2  P≈0.000992
07:29:18 | i 4 | [ Summary ] cost=431312.00  Δ_S*=+0.00%  Δ_BKS=+0.05%  Δ_S*_BKS=+0.05%  no_improve=0
07:29:18 | i 5 | [HAOS ROLL] k=10  λ=0.4  vb  ac_complete  pyvrp  P≈0.000595
07:29:19 | i 5 | [Phase 1/3] decompose  0.77s / — / —  λ=0.4  vb ac_complete
07:30:01 | i 5 | [Phase 2/3] route  41.85s / 40.32s / 103.8%  pyvrp  k=10
07:30:22 | i 4 | [ ASYNC BG] bg_ails  64.41s / 60.00s / 107.3%
07:30:22 | i 5 | [HAOS ROLL] k=10  λ=0.4  vb  ac_complete  pyvrp  P≈0.000595
07:30:22 | i 5 | [ Summary ] cost=433986.00  Δ_S*=+0.62%  Δ_BKS=+0.67%  Δ_S*_BKS=+0.05%  no_improve=2
07:30:22 | i 6 | [HAOS ROLL] k=3  λ=0.2  rb  ac_avg  ails2  P≈0.000992
07:30:23 | i 6 | [Phase 1/3] decompose  0.65s / — / —  λ=0.2  rb ac_avg
07:31:55 | i 6 | [Phase 2/3] route  92.31s / 90.60s / 101.9%  ails2  k=3
07:31:55 | i 5 | [ ASYNC BG] bg_ails  64.49s / 60.00s / 107.5%
07:31:55 | i 6 | [ IMPROVE ] 431279.00  via decompose_route  ·  Δ_BKS=+0.04%
07:31:56 | i 6 | [HAOS ROLL] k=3  λ=0.2  rb  ac_avg  ails2  P≈0.000992
07:31:56 | i 6 | [ Summary ] cost=431279.00  Δ_S*=+0.00%  Δ_BKS=+0.04%  Δ_S*_BKS=+0.04%  no_improve=0
07:31:56 | i 7 | [HAOS ROLL] k=2  λ=0.4  rb  ac_avg  filo2  P≈0.000992
07:31:56 | i 7 | [Phase 1/3] decompose  0.55s / — / —  λ=0.4  rb ac_avg
07:34:06 | i 7 | [Phase 2/3] route  130.31s / 130.26s / 100.0%  filo2  k=2
07:34:06 | i 6 | [ IMPROVE ] 431278.00  via bg_ails  ·  Δ_BKS=+0.04%
07:34:06 | i 6 | [ ASYNC BG] bg_ails  92.56s / 88.43s / 104.7%
07:34:06 | i 7 | [HAOS ROLL] k=2  λ=0.4  rb  ac_avg  filo2  P≈0.000992
07:34:06 | i 7 | [ Summary ] cost=431320.00  Δ_S*=+0.01%  Δ_BKS=+0.05%  Δ_S*_BKS=+0.04%  no_improve=1
07:34:06 | i 8 | [HAOS ROLL] k=10  λ=1.0  vb  ac_avg  ails2  P≈0.000595
07:34:07 | i 8 | [Phase 1/3] decompose  0.80s / — / —  λ=1.0  vb ac_avg
07:35:13 | i 8 | [Phase 2/3] route  65.45s / 63.12s / 103.7%  ails2  k=10
07:36:18 | i 7 | [ ASYNC BG] bg_ails  131.28s / 127.13s / 103.3%
07:36:18 | i 8 | [HAOS ROLL] k=10  λ=1.0  vb  ac_avg  ails2  P≈0.000595
07:36:18 | i 8 | [ Summary ] cost=433864.00  Δ_S*=+0.60%  Δ_BKS=+0.64%  Δ_S*_BKS=+0.04%  no_improve=3
07:36:18 | i 9 | [HAOS ROLL] k=8  λ=0.2  rb  ac_avg  ails2  P≈0.000992
07:36:18 | i 9 | [Phase 1/3] decompose  0.59s / — / —  λ=0.2  rb ac_avg
07:37:26 | i 9 | [Phase 2/3] route  67.66s / 65.40s / 103.4%  ails2  k=8
07:37:26 | i 8 | [ ASYNC BG] bg_ails  65.38s / 61.98s / 105.5%
07:37:26 | i 9 | [ IMPROVE ] 431237.00  via decompose_route  ·  Δ_BKS=+0.03%
07:37:26 | i 9 | [HAOS ROLL] k=8  λ=0.2  rb  ac_avg  ails2  P≈0.000992
07:37:26 | i 9 | [ Summary ] cost=431237.00  Δ_S*=+0.00%  Δ_BKS=+0.03%  Δ_S*_BKS=+0.03%  no_improve=0
07:37:26 | i 10 | [HAOS ROLL] k=2  λ=0.0  vb  kmeans  ails2  P≈0.000595
07:37:27 | i 10 | [Phase 1/3] decompose  0.44s / — / —  λ=0.0  vb kmeans
07:39:17 | i 10 | [Phase 2/3] route  110.47s / 108.96s / 101.4%  ails2  k=2
07:39:17 | i 9 | [ ASYNC BG] bg_ails  75.43s / 71.59s / 105.4%
07:39:17 | i 10 | [HAOS ROLL] k=2  λ=0.0  vb  kmeans  ails2  P≈0.000595
07:39:17 | i 10 | [ Summary ] cost=431353.00  Δ_S*=+0.03%  Δ_BKS=+0.06%  Δ_S*_BKS=+0.03%  no_improve=2
07:39:17 | i 6 | [ASYNC 1/2] sp_sc  28.75s / 720.00s / 4.0%  SC  avg_coverage=5.08/5  pool=2780
07:39:17 | i 6 | [ASYNC 2/2] standard_ails  363.77s / 360.00s / 101.0%
07:39:23 | i 6 | [ IMPROVE ] 431231.00  via standard_ails  ·  Δ_BKS=+0.03%
07:39:23 | i 11 | [HAOS ROLL] k=8  λ=0.4  vb  ac_complete  ails2  P≈0.000595
07:39:24 | i 11 | [Phase 1/3] decompose  0.79s / — / —  λ=0.4  vb ac_complete
07:40:06 | i 11 | [Phase 2/3] route  42.05s / 40.32s / 104.3%  ails2  k=8
07:41:07 | i 10 | [ ASYNC BG] bg_ails  110.16s / 106.34s / 103.6%
07:41:07 | i 11 | [HAOS ROLL] k=8  λ=0.4  vb  ac_complete  ails2  P≈0.000595
07:41:07 | i 11 | [ Summary ] cost=432790.00  Δ_S*=+0.36%  Δ_BKS=+0.39%  Δ_S*_BKS=+0.03%  no_improve=2
07:41:07 | i 12 | [HAOS ROLL] k=10  λ=0.4  vb  kmedoids  filo2  P≈0.001378
07:41:08 | i 12 | [Phase 1/3] decompose  0.72s / — / —  λ=0.4  vb kmedoids
07:41:40 | i 12 | [Phase 2/3] route  32.10s / 22.32s / 143.8%  filo2  k=10
07:42:12 | i 11 | [ ASYNC BG] bg_ails  64.40s / 60.00s / 107.3%
07:42:12 | i 12 | [HAOS ROLL] k=10  λ=0.4  vb  kmedoids  filo2  P≈0.001378
07:42:12 | i 12 | [ Summary ] cost=433684.00  Δ_S*=+0.57%  Δ_BKS=+0.60%  Δ_S*_BKS=+0.03%  no_improve=4
07:42:12 | i 13 | [HAOS ROLL] k=4  λ=0.2  vb  ac_avg  filo  P≈0.000345
07:42:12 | i 13 | [Phase 1/3] decompose  0.76s / — / —  λ=0.2  vb ac_avg
07:43:28 | i 13 | [Phase 2/3] route  75.17s / 75.06s / 100.1%  filo  k=4
07:43:28 | i 12 | [ ASYNC BG] bg_ails  64.32s / 60.00s / 107.2%
07:43:28 | i 13 | [HAOS ROLL] k=4  λ=0.2  vb  ac_avg  filo  P≈0.000345
07:43:28 | i 13 | [ Summary ] cost=431855.00  Δ_S*=+0.14%  Δ_BKS=+0.17%  Δ_S*_BKS=+0.03%  no_improve=6
07:43:28 | i 14 | [HAOS ROLL] k=6  λ=0.4  vb  kmeans  filo2  P≈0.000835
07:43:28 | i 14 | [Phase 1/3] decompose  0.55s / — / —  λ=0.4  vb kmeans
07:44:11 | i 14 | [Phase 2/3] route  42.11s / 42.24s / 99.7%  filo2  k=6
07:44:45 | i 13 | [ ASYNC BG] bg_ails  77.40s / 73.26s / 105.7%
07:44:45 | i 14 | [HAOS ROLL] k=6  λ=0.4  vb  kmeans  filo2  P≈0.000835
07:44:45 | i 14 | [ Summary ] cost=432146.00  Δ_S*=+0.21%  Δ_BKS=+0.24%  Δ_S*_BKS=+0.03%  no_improve=8
07:44:45 | i 15 | [HAOS ROLL] k=4  λ=0.6  vb  kmeans  ails2  P≈0.000623
07:44:46 | i 15 | [Phase 1/3] decompose  0.56s / — / —  λ=0.6  vb kmeans
07:45:38 | i 15 | [Phase 2/3] route  51.81s / 50.46s / 102.7%  ails2  k=4
07:45:50 | i 14 | [ ASYNC BG] bg_ails  64.45s / 60.00s / 107.4%
07:45:50 | i 15 | [HAOS ROLL] k=4  λ=0.6  vb  kmeans  ails2  P≈0.000623
07:45:50 | i 15 | [ Summary ] cost=431752.00  Δ_S*=+0.12%  Δ_BKS=+0.15%  Δ_S*_BKS=+0.03%  no_improve=10
07:45:50 | i 16 | [HAOS ROLL] k=10  λ=1.0  vb  fcm  filo2  P≈0.001116
07:45:51 | i 16 | [Phase 1/3] decompose  0.87s / — / —  λ=1.0  vb fcm
07:46:34 | i 16 | [Phase 2/3] route  43.09s / 24.00s / 179.5%  filo2  k=10
07:46:54 | i 15 | [ ASYNC BG] bg_ails  64.25s / 60.00s / 107.1%
07:46:54 | i 16 | [HAOS ROLL] k=10  λ=1.0  vb  fcm  filo2  P≈0.001116
07:46:54 | i 16 | [ Summary ] cost=433639.00  Δ_S*=+0.56%  Δ_BKS=+0.59%  Δ_S*_BKS=+0.03%  no_improve=12
07:46:54 | i 17 | [HAOS ROLL] k=3  λ=0.6  vb  ac_avg  pyvrp  P≈0.000689
07:46:55 | i 17 | [Phase 1/3] decompose  0.76s / — / —  λ=0.6  vb ac_avg
07:48:39 | i 17 | [Phase 2/3] route  104.35s / 97.20s / 107.4%  pyvrp  k=3
07:48:39 | i 16 | [ ASYNC BG] bg_ails  64.47s / 60.00s / 107.5%
07:48:39 | i 17 | [HAOS ROLL] k=3  λ=0.6  vb  ac_avg  pyvrp  P≈0.000689
07:48:39 | i 17 | [ Summary ] cost=432723.00  Δ_S*=+0.35%  Δ_BKS=+0.37%  Δ_S*_BKS=+0.03%  no_improve=14
07:48:39 | i 18 | [HAOS ROLL] k=4  λ=1.0  rb  ac_complete  pyvrp  P≈0.000586
07:48:40 | i 18 | [Phase 1/3] decompose  0.58s / — / —  λ=1.0  rb ac_complete
07:49:44 | i 18 | [Phase 2/3] route  64.17s / 61.20s / 104.9%  pyvrp  k=4
07:50:18 | i 17 | [ ASYNC BG] bg_ails  98.36s / 94.87s / 103.7%
07:50:18 | i 18 | [HAOS ROLL] k=4  λ=1.0  rb  ac_complete  pyvrp  P≈0.000586
07:50:18 | i 18 | [ Summary ] cost=432361.00  Δ_S*=+0.26%  Δ_BKS=+0.29%  Δ_S*_BKS=+0.03%  no_improve=16
07:50:18 | i 19 | [HAOS ROLL] k=10  λ=1.0  vb  ac_complete  ails2  P≈0.001725
07:50:18 | i 19 | [Phase 1/3] decompose  0.74s / — / —  λ=1.0  vb ac_complete
07:51:01 | i 19 | [Phase 2/3] route  42.16s / 40.32s / 104.6%  ails2  k=10
07:51:22 | i 18 | [ ASYNC BG] bg_ails  64.28s / 60.00s / 107.1%
07:51:22 | i 19 | [HAOS ROLL] k=10  λ=1.0  vb  ac_complete  ails2  P≈0.001725
07:51:22 | i 19 | [ Summary ] cost=433008.00  Δ_S*=+0.41%  Δ_BKS=+0.44%  Δ_S*_BKS=+0.03%  no_improve=18
07:51:22 | i 20 | [HAOS ROLL] k=3  λ=1.0  vb  ac_avg  pyvrp  P≈0.002124
07:51:23 | i 20 | [Phase 1/3] decompose  0.75s / — / —  λ=1.0  vb ac_avg
07:53:07 | i 20 | [Phase 2/3] route  104.28s / 97.20s / 107.3%  pyvrp  k=3
07:53:07 | i 19 | [ ASYNC BG] bg_ails  64.57s / 60.00s / 107.6%
07:53:07 | i 20 | [HAOS ROLL] k=3  λ=1.0  vb  ac_avg  pyvrp  P≈0.002124
07:53:07 | i 20 | [ Summary ] cost=432747.00  Δ_S*=+0.35%  Δ_BKS=+0.38%  Δ_S*_BKS=+0.03%  no_improve=20
07:53:07 | i 21 | [HAOS ROLL] k=6  λ=0.4  vb  kmeans  pyvrp  P≈0.000868
07:53:08 | i 21 | [Phase 1/3] decompose  0.55s / — / —  λ=0.4  vb kmeans
07:53:52 | i 21 | [Phase 2/3] route  44.08s / 42.42s / 103.9%  pyvrp  k=6
07:54:45 | i 20 | [ ASYNC BG] bg_ails  98.40s / 94.87s / 103.7%
07:54:45 | i 21 | [HAOS ROLL] k=6  λ=0.4  vb  kmeans  pyvrp  P≈0.000868
07:54:45 | i 21 | [ Summary ] cost=433332.00  Δ_S*=+0.49%  Δ_BKS=+0.52%  Δ_S*_BKS=+0.03%  no_improve=22
07:54:45 | i 22 | [HAOS ROLL] k=4  λ=0.8  rb  kmeans  ails2  P≈0.000531
07:54:46 | i 22 | [Phase 1/3] decompose  0.57s / — / —  λ=0.8  rb kmeans
07:55:38 | i 22 | [Phase 2/3] route  51.81s / 50.10s / 103.4%  ails2  k=4
07:55:50 | i 21 | [ ASYNC BG] bg_ails  64.49s / 60.00s / 107.5%
07:55:50 | i 22 | [HAOS ROLL] k=4  λ=0.8  rb  kmeans  ails2  P≈0.000531
07:55:50 | i 22 | [ Summary ] cost=431254.00  Δ_S*=+0.01%  Δ_BKS=+0.03%  Δ_S*_BKS=+0.03%  no_improve=24
07:55:50 | i 23 | [HAOS ROLL] k=8  λ=0.4  vb  fcm  ails2  P≈0.000668
07:55:51 | i 23 | [Phase 1/3] decompose  0.82s / — / —  λ=0.4  vb fcm
07:56:31 | i 23 | [Phase 2/3] route  40.01s / 25.56s / 156.5%  ails2  k=8
07:56:54 | i 22 | [ ASYNC BG] bg_ails  64.58s / 60.00s / 107.6%
07:56:54 | i 23 | [HAOS ROLL] k=8  λ=0.4  vb  fcm  ails2  P≈0.000668
07:56:55 | i 23 | [ Summary ] cost=432582.00  Δ_S*=+0.31%  Δ_BKS=+0.34%  Δ_S*_BKS=+0.03%  no_improve=26
07:56:55 | i 24 | [HAOS ROLL] k=6  λ=0.0  vb  fcm  pyvrp  P≈0.000398
07:56:55 | i 24 | [Phase 1/3] decompose  0.49s / — / —  λ=0.0  vb fcm
07:57:36 | i 24 | [Phase 2/3] route  40.77s / 39.24s / 103.9%  pyvrp  k=6
07:57:59 | i 23 | [ ASYNC BG] bg_ails  64.62s / 60.00s / 107.7%
07:57:59 | i 24 | [HAOS ROLL] k=6  λ=0.0  vb  fcm  pyvrp  P≈0.000398
07:57:59 | i 24 | [ Summary ] cost=433385.00  Δ_S*=+0.50%  Δ_BKS=+0.53%  Δ_S*_BKS=+0.03%  no_improve=28
07:57:59 | i 25 | [HAOS ROLL] k=4  λ=0.0  vb  ac_complete  ails2  P≈0.000962
07:58:00 | i 25 | [Phase 1/3] decompose  0.63s / — / —  λ=0.0  vb ac_complete
07:59:00 | i 25 | [Phase 2/3] route  60.37s / 58.20s / 103.7%  ails2  k=4
07:59:04 | i 24 | [ ASYNC BG] bg_ails  64.44s / 60.00s / 107.4%
07:59:04 | i 25 | [HAOS ROLL] k=4  λ=0.0  vb  ac_complete  ails2  P≈0.000962
07:59:04 | i 25 | [ Summary ] cost=431552.00  Δ_S*=+0.07%  Δ_BKS=+0.10%  Δ_S*_BKS=+0.03%  no_improve=30
07:59:04 | i 26 | [HAOS ROLL] k=10  λ=0.2  rb  ac_complete  filo2  P≈0.000309
07:59:04 | i 26 | [Phase 1/3] decompose  0.57s / — / —  λ=0.2  rb ac_complete
07:59:44 | i 26 | [Phase 2/3] route  40.10s / 28.20s / 142.2%  filo2  k=10
08:00:08 | i 25 | [ ASYNC BG] bg_ails  64.48s / 60.00s / 107.5%
08:00:08 | i 26 | [HAOS ROLL] k=10  λ=0.2  rb  ac_complete  filo2  P≈0.000309
08:00:08 | i 26 | [ Summary ] cost=431239.00  Δ_S*=+0.00%  Δ_BKS=+0.03%  Δ_S*_BKS=+0.03%  no_improve=32
08:00:08 | i 27 | [HAOS ROLL] k=3  λ=0.6  vb  fcm  ails2  P≈0.000906
08:00:09 | i 27 | [Phase 1/3] decompose  0.59s / — / —  λ=0.6  vb fcm
08:01:30 | i 27 | [Phase 2/3] route  81.44s / 79.02s / 103.1%  ails2  k=3
08:01:30 | i 26 | [ IMPROVE ] 431213.00  via bg_ails  ·  Δ_BKS=+0.02%
08:01:30 | i 26 | [ ASYNC BG] bg_ails  64.48s / 60.00s / 107.5%
08:01:30 | i 27 | [HAOS ROLL] k=3  λ=0.6  vb  fcm  ails2  P≈0.000906
08:01:30 | i 27 | [ Summary ] cost=431746.00  Δ_S*=+0.12%  Δ_BKS=+0.15%  Δ_S*_BKS=+0.02%  no_improve=1
08:01:30 | i 28 | [HAOS ROLL] k=8  λ=1.0  vb  ac_complete  ails2  P≈0.001055
08:01:31 | i 28 | [Phase 1/3] decompose  0.76s / — / —  λ=1.0  vb ac_complete
08:02:13 | i 28 | [Phase 2/3] route  42.06s / 40.32s / 104.3%  ails2  k=8
08:02:52 | i 27 | [ ASYNC BG] bg_ails  81.52s / 77.12s / 105.7%
08:02:52 | i 28 | [HAOS ROLL] k=8  λ=1.0  vb  ac_complete  ails2  P≈0.001055
08:02:52 | i 28 | [ Summary ] cost=432780.00  Δ_S*=+0.36%  Δ_BKS=+0.39%  Δ_S*_BKS=+0.02%  no_improve=3
08:02:52 | i 29 | [HAOS ROLL] k=8  λ=0.2  vb  kmedoids  filo2  P≈0.000568
08:02:53 | i 29 | [Phase 1/3] decompose  0.81s / — / —  λ=0.2  vb kmedoids
08:03:27 | i 29 | [Phase 2/3] route  34.11s / 25.44s / 134.1%  filo2  k=8
08:03:56 | i 28 | [ ASYNC BG] bg_ails  64.49s / 60.00s / 107.5%
08:03:56 | i 29 | [HAOS ROLL] k=8  λ=0.2  vb  kmedoids  filo2  P≈0.000568
08:03:56 | i 29 | [ Summary ] cost=433252.00  Δ_S*=+0.47%  Δ_BKS=+0.50%  Δ_S*_BKS=+0.02%  no_improve=5
08:03:56 | i 30 | [HAOS ROLL] k=2  λ=0.4  vb  ac_avg  ails2  P≈0.000701
08:03:57 | i 30 | [Phase 1/3] decompose  0.75s / — / —  λ=0.4  vb ac_avg
08:06:12 | i 30 | [Phase 2/3] route  134.89s / 132.72s / 101.6%  ails2  k=2
08:06:12 | i 29 | [ ASYNC BG] bg_ails  64.47s / 60.00s / 107.4%
08:06:12 | i 30 | [HAOS ROLL] k=2  λ=0.4  vb  ac_avg  ails2  P≈0.000701
08:06:12 | i 30 | [ Summary ] cost=431477.00  Δ_S*=+0.06%  Δ_BKS=+0.09%  Δ_S*_BKS=+0.02%  no_improve=7
08:06:12 | i 31 | [HAOS ROLL] k=6  λ=0.0  vb  ac_complete  ails2  P≈0.000895
08:06:13 | i 31 | [Phase 1/3] decompose  0.61s / — / —  λ=0.0  vb ac_complete
08:07:01 | i 31 | [Phase 2/3] route  48.28s / 46.44s / 104.0%  ails2  k=6
08:08:25 | i 30 | [ ASYNC BG] bg_ails  133.40s / 129.53s / 103.0%
08:08:25 | i 31 | [HAOS ROLL] k=6  λ=0.0  vb  ac_complete  ails2  P≈0.000895
08:08:26 | i 31 | [ Summary ] cost=432238.00  Δ_S*=+0.24%  Δ_BKS=+0.26%  Δ_S*_BKS=+0.02%  no_improve=9
08:08:26 | i 32 | [HAOS ROLL] k=4  λ=1.0  vb  ac_complete  pyvrp  P≈0.001314
08:08:26 | i 32 | [Phase 1/3] decompose  0.77s / — / —  λ=1.0  vb ac_complete
08:09:27 | i 32 | [Phase 2/3] route  61.01s / 58.20s / 104.8%  pyvrp  k=4
08:09:30 | i 31 | [ ASYNC BG] bg_ails  64.29s / 60.00s / 107.1%
08:09:30 | i 32 | [HAOS ROLL] k=4  λ=1.0  vb  ac_complete  pyvrp  P≈0.001314
08:09:30 | i 32 | [ Summary ] cost=432616.00  Δ_S*=+0.33%  Δ_BKS=+0.35%  Δ_S*_BKS=+0.02%  no_improve=11
08:09:30 | i 33 | [HAOS ROLL] k=10  λ=0.4  rb  ac_complete  pyvrp  P≈0.001094
08:09:30 | i 33 | [Phase 1/3] decompose  0.66s / — / —  λ=0.4  rb ac_complete
08:10:19 | i 33 | [Phase 2/3] route  48.44s / 46.50s / 104.2%  pyvrp  k=10
08:10:34 | i 32 | [ ASYNC BG] bg_ails  64.43s / 60.00s / 107.4%
08:10:34 | i 33 | [HAOS ROLL] k=10  λ=0.4  rb  ac_complete  pyvrp  P≈0.001094
08:10:34 | i 33 | [ Summary ] cost=432168.00  Δ_S*=+0.22%  Δ_BKS=+0.25%  Δ_S*_BKS=+0.02%  no_improve=13
08:10:34 | i 34 | [HAOS ROLL] k=4  λ=0.6  vb  ac_avg  filo2  P≈0.000794
08:10:35 | i 34 | [Phase 1/3] decompose  0.76s / — / —  λ=0.6  vb ac_avg
08:11:50 | i 34 | [Phase 2/3] route  75.15s / 75.06s / 100.1%  filo2  k=4
08:11:50 | i 33 | [ ASYNC BG] bg_ails  64.43s / 60.00s / 107.4%
08:11:50 | i 34 | [HAOS ROLL] k=4  λ=0.6  vb  ac_avg  filo2  P≈0.000794
08:11:50 | i 34 | [ Summary ] cost=431837.00  Δ_S*=+0.14%  Δ_BKS=+0.17%  Δ_S*_BKS=+0.02%  no_improve=15
08:11:50 | i 20 | [ASYNC 1/2] sp_sc  720.66s / 720.00s / 100.1%  SC  avg_coverage=9.43/5  pool=5170
08:11:50 | i 20 | [ASYNC 2/2] standard_ails  363.68s / 360.00s / 101.0%
08:12:10 | i 20 | [ IMPROVE ] 431210.00  via standard_ails  ·  Δ_BKS=+0.02%
08:12:10 | i 35 | [HAOS ROLL] k=6  λ=0.0  vb  fcm  ails2  P≈0.000966
08:12:11 | i 35 | [Phase 1/3] decompose  0.47s / — / —  λ=0.0  vb fcm
08:12:52 | i 35 | [Phase 2/3] route  41.08s / 39.30s / 104.5%  ails2  k=6
08:13:08 | i 34 | [ ASYNC BG] bg_ails  77.38s / 73.26s / 105.6%
08:13:08 | i 35 | [HAOS ROLL] k=6  λ=0.0  vb  fcm  ails2  P≈0.000966
08:13:08 | i 35 | [ Summary ] cost=432576.00  Δ_S*=+0.32%  Δ_BKS=+0.34%  Δ_S*_BKS=+0.02%  no_improve=2
08:13:08 | i 36 | [HAOS ROLL] k=4  λ=0.6  vb  fcm  filo2  P≈0.000519
08:13:08 | i 36 | [Phase 1/3] decompose  0.64s / — / —  λ=0.6  vb fcm
08:13:58 | i 36 | [Phase 2/3] route  49.11s / 48.60s / 101.1%  filo2  k=4
08:14:12 | i 35 | [ ASYNC BG] bg_ails  64.31s / 60.00s / 107.2%
08:14:12 | i 36 | [HAOS ROLL] k=4  λ=0.6  vb  fcm  filo2  P≈0.000519
08:14:12 | i 36 | [ Summary ] cost=431642.00  Δ_S*=+0.10%  Δ_BKS=+0.12%  Δ_S*_BKS=+0.02%  no_improve=4
08:14:12 | i 37 | [HAOS ROLL] k=8  λ=0.4  vb  kmedoids  ails2  P≈0.001614
08:14:13 | i 37 | [Phase 1/3] decompose  0.78s / — / —  λ=0.4  vb kmedoids
08:14:49 | i 37 | [Phase 2/3] route  35.87s / 25.44s / 141.0%  ails2  k=8
08:15:16 | i 36 | [ ASYNC BG] bg_ails  64.36s / 60.00s / 107.3%
08:15:16 | i 37 | [HAOS ROLL] k=8  λ=0.4  vb  kmedoids  ails2  P≈0.001614
08:15:17 | i 37 | [ Summary ] cost=433177.00  Δ_S*=+0.46%  Δ_BKS=+0.48%  Δ_S*_BKS=+0.02%  no_improve=6
08:15:17 | i 38 | [HAOS ROLL] k=2  λ=0.2  vb  ac_avg  ails2  P≈0.001059
08:15:17 | i 38 | [Phase 1/3] decompose  0.81s / — / —  λ=0.2  vb ac_avg
08:17:32 | i 38 | [Phase 2/3] route  134.86s / 132.72s / 101.6%  ails2  k=2
08:17:32 | i 37 | [ ASYNC BG] bg_ails  64.39s / 60.00s / 107.3%
08:17:32 | i 38 | [HAOS ROLL] k=2  λ=0.2  vb  ac_avg  ails2  P≈0.001059
08:17:32 | i 38 | [ Summary ] cost=431516.00  Δ_S*=+0.07%  Δ_BKS=+0.09%  Δ_S*_BKS=+0.02%  no_improve=8
08:17:32 | i 39 | [HAOS ROLL] k=10  λ=0.4  rb  kmeans  ails2  P≈0.001677
08:17:33 | i 39 | [Phase 1/3] decompose  0.58s / — / —  λ=0.4  rb kmeans
08:18:15 | i 39 | [Phase 2/3] route  41.98s / 24.60s / 170.6%  ails2  k=10
08:19:46 | i 38 | [ ASYNC BG] bg_ails  133.39s / 129.53s / 103.0%
08:19:46 | i 39 | [ IMPROVE ] 431193.00  via decompose_route  ·  Δ_BKS=+0.02%
08:19:46 | i 39 | [HAOS ROLL] k=10  λ=0.4  rb  kmeans  ails2  P≈0.001677
08:19:46 | i 39 | [ Summary ] cost=431193.00  Δ_S*=+0.00%  Δ_BKS=+0.02%  Δ_S*_BKS=+0.02%  no_improve=0
08:19:46 | i 40 | [HAOS ROLL] k=10  λ=0.2  vb  ac_complete  ails2  P≈0.003895
08:19:47 | i 40 | [Phase 1/3] decompose  0.76s / — / —  λ=0.2  vb ac_complete
08:20:29 | i 40 | [Phase 2/3] route  42.02s / 40.32s / 104.2%  ails2  k=10
08:20:50 | i 39 | [ ASYNC BG] bg_ails  64.82s / 60.00s / 108.0%
08:20:50 | i 40 | [HAOS ROLL] k=10  λ=0.2  vb  ac_complete  ails2  P≈0.003895
08:20:51 | i 40 | [ Summary ] cost=433010.00  Δ_S*=+0.42%  Δ_BKS=+0.44%  Δ_S*_BKS=+0.02%  no_improve=2
08:20:51 | i 41 | [HAOS ROLL] k=6  λ=1.0  rb  kmeans  filo2  P≈0.000658
08:20:51 | i 41 | [Phase 1/3] decompose  0.58s / — / —  λ=1.0  rb kmeans
08:21:30 | i 41 | [Phase 2/3] route  39.10s / 39.00s / 100.3%  filo2  k=6
08:21:55 | i 40 | [ ASYNC BG] bg_ails  64.79s / 60.00s / 108.0%
08:21:55 | i 41 | [HAOS ROLL] k=6  λ=1.0  rb  kmeans  filo2  P≈0.000658
08:21:55 | i 41 | [ Summary ] cost=431308.00  Δ_S*=+0.03%  Δ_BKS=+0.05%  Δ_S*_BKS=+0.02%  no_improve=4
08:21:55 | i 42 | [HAOS ROLL] k=10  λ=0.2  vb  kmedoids  filo2  P≈0.001805
08:21:56 | i 42 | [Phase 1/3] decompose  0.71s / — / —  λ=0.2  vb kmedoids
08:22:28 | i 42 | [Phase 2/3] route  32.09s / 22.32s / 143.8%  filo2  k=10
08:23:00 | i 41 | [ ASYNC BG] bg_ails  64.32s / 60.00s / 107.2%
08:23:00 | i 42 | [HAOS ROLL] k=10  λ=0.2  vb  kmedoids  filo2  P≈0.001805
08:23:00 | i 42 | [ Summary ] cost=433655.00  Δ_S*=+0.57%  Δ_BKS=+0.59%  Δ_S*_BKS=+0.02%  no_improve=6
08:23:00 | i 43 | [HAOS ROLL] k=10  λ=0.8  vb  ac_avg  filo2  P≈0.001155
08:23:01 | i 43 | [Phase 1/3] decompose  0.80s / — / —  λ=0.8  vb ac_avg
08:24:04 | i 43 | [Phase 2/3] route  63.16s / 63.12s / 100.1%  filo2  k=10
08:24:04 | i 42 | [ ASYNC BG] bg_ails  64.42s / 60.00s / 107.4%
08:24:04 | i 43 | [HAOS ROLL] k=10  λ=0.8  vb  ac_avg  filo2  P≈0.001155
08:24:04 | i 43 | [ Summary ] cost=433868.00  Δ_S*=+0.62%  Δ_BKS=+0.64%  Δ_S*_BKS=+0.02%  no_improve=8
08:24:04 | i 44 | [HAOS ROLL] k=8  λ=0.4  rb  kmeans  filo2  P≈0.001531
08:24:05 | i 44 | [Phase 1/3] decompose  0.56s / — / —  λ=0.4  rb kmeans
08:24:46 | i 44 | [Phase 2/3] route  41.11s / 26.70s / 154.0%  filo2  k=8
08:25:09 | i 43 | [ ASYNC BG] bg_ails  65.40s / 61.98s / 105.5%
08:25:09 | i 44 | [HAOS ROLL] k=8  λ=0.4  rb  kmeans  filo2  P≈0.001531
08:25:10 | i 44 | [ Summary ] cost=431240.00  Δ_S*=+0.01%  Δ_BKS=+0.03%  Δ_S*_BKS=+0.02%  no_improve=10
08:25:10 | i 45 | [HAOS ROLL] k=10  λ=0.4  vb  ac_avg  filo2  P≈0.005186
08:25:10 | i 45 | [Phase 1/3] decompose  0.75s / — / —  λ=0.4  vb ac_avg
08:26:13 | i 45 | [Phase 2/3] route  63.14s / 63.12s / 100.0%  filo2  k=10
08:26:14 | i 44 | [ ASYNC BG] bg_ails  64.32s / 60.00s / 107.2%
08:26:14 | i 45 | [HAOS ROLL] k=10  λ=0.4  vb  ac_avg  filo2  P≈0.005186
08:26:14 | i 45 | [ Summary ] cost=433875.00  Δ_S*=+0.62%  Δ_BKS=+0.64%  Δ_S*_BKS=+0.02%  no_improve=12
08:26:14 | i 46 | [HAOS ROLL] k=3  λ=0.2  vb  ac_avg  filo2  P≈0.001030
08:26:15 | i 46 | [Phase 1/3] decompose  0.74s / — / —  λ=0.2  vb ac_avg
08:27:52 | i 46 | [Phase 2/3] route  97.22s / 97.20s / 100.0%  filo2  k=3
08:27:52 | i 45 | [ ASYNC BG] bg_ails  65.42s / 61.98s / 105.6%
08:27:52 | i 46 | [HAOS ROLL] k=3  λ=0.2  vb  ac_avg  filo2  P≈0.001030
08:27:52 | i 46 | [ Summary ] cost=431526.00  Δ_S*=+0.08%  Δ_BKS=+0.10%  Δ_S*_BKS=+0.02%  no_improve=14
08:27:52 | i 47 | [HAOS ROLL] k=6  λ=1.0  vb  kmedoids  ails2  P≈0.001236
08:27:53 | i 47 | [Phase 1/3] decompose  0.86s / — / —  λ=1.0  vb kmedoids
08:28:35 | i 47 | [Phase 2/3] route  42.09s / 40.56s / 103.8%  ails2  k=6
08:29:30 | i 46 | [ ASYNC BG] bg_ails  98.37s / 94.87s / 103.7%
08:29:30 | i 47 | [HAOS ROLL] k=6  λ=1.0  vb  kmedoids  ails2  P≈0.001236
08:29:30 | i 47 | [ Summary ] cost=432775.00  Δ_S*=+0.37%  Δ_BKS=+0.39%  Δ_S*_BKS=+0.02%  no_improve=16
08:29:30 | i 48 | [HAOS ROLL] k=4  λ=0.0  vb  kmedoids  ails2  P≈0.000630
08:29:31 | i 48 | [Phase 1/3] decompose  0.81s / — / —  λ=0.0  vb kmedoids
08:30:19 | i 48 | [Phase 2/3] route  47.65s / 46.62s / 102.2%  ails2  k=4
08:30:35 | i 47 | [ ASYNC BG] bg_ails  64.45s / 60.00s / 107.4%
08:30:35 | i 48 | [HAOS ROLL] k=4  λ=0.0  vb  kmedoids  ails2  P≈0.000630
08:30:35 | i 48 | [ Summary ] cost=432135.00  Δ_S*=+0.22%  Δ_BKS=+0.24%  Δ_S*_BKS=+0.02%  no_improve=18
08:30:35 | i 49 | [HAOS ROLL] k=2  λ=0.4  vb  kmedoids  pyvrp  P≈0.000522
08:30:36 | i 49 | [Phase 1/3] decompose  1.34s / — / —  λ=0.4  vb kmedoids
08:32:36 | i 49 | [Phase 2/3] route  119.32s / 110.04s / 108.4%  pyvrp  k=2
08:32:36 | i 48 | [ ASYNC BG] bg_ails  64.14s / 60.00s / 106.9%
08:32:36 | i 49 | [HAOS ROLL] k=2  λ=0.4  vb  kmedoids  pyvrp  P≈0.000522
08:32:36 | i 49 | [ Summary ] cost=432836.00  Δ_S*=+0.38%  Δ_BKS=+0.40%  Δ_S*_BKS=+0.02%  no_improve=20
08:32:36 | i 35 | [ASYNC 1/2] sp_sc  720.85s / 720.00s / 100.1%  SC  avg_coverage=12.29/5  pool=6741
08:32:36 | i 35 | [ASYNC 2/2] standard_ails  363.75s / 360.00s / 101.0%
08:33:01 | i 50 | [HAOS ROLL] k=10  λ=0.0  rb  ac_complete  filo  P≈0.000138
08:33:02 | i 50 | [Phase 1/3] decompose  0.41s / — / —  λ=0.0  rb ac_complete
08:33:41 | i 50 | [Phase 2/3] route  39.11s / 31.20s / 125.4%  filo  k=10
08:34:27 | i 49 | [ ASYNC BG] bg_ails  111.36s / 107.40s / 103.7%
08:34:27 | i 50 | [HAOS ROLL] k=10  λ=0.0  rb  ac_complete  filo  P≈0.000138
08:34:27 | i 50 | [ Summary ] cost=431269.00  Δ_S*=+0.02%  Δ_BKS=+0.04%  Δ_S*_BKS=+0.02%  no_improve=23
08:34:27 | i 51 | [HAOS ROLL] k=10  λ=0.0  vb  ac_complete  ails2  P≈0.002094
08:34:28 | i 51 | [Phase 1/3] decompose  0.61s / — / —  λ=0.0  vb ac_complete
08:35:10 | i 51 | [Phase 2/3] route  42.03s / 40.32s / 104.2%  ails2  k=10
08:35:31 | i 50 | [ ASYNC BG] bg_ails  64.45s / 60.00s / 107.4%
08:35:31 | i 51 | [HAOS ROLL] k=10  λ=0.0  vb  ac_complete  ails2  P≈0.002094
08:35:32 | i 51 | [ Summary ] cost=433041.00  Δ_S*=+0.43%  Δ_BKS=+0.45%  Δ_S*_BKS=+0.02%  no_improve=25
08:35:32 | i 52 | [HAOS ROLL] k=3  λ=0.4  vb  ac_avg  filo2  P≈0.001889
08:35:32 | i 52 | [Phase 1/3] decompose  0.74s / — / —  λ=0.4  vb ac_avg
08:37:10 | i 52 | [Phase 2/3] route  97.21s / 97.20s / 100.0%  filo2  k=3
08:37:10 | i 51 | [ ASYNC BG] bg_ails  64.34s / 60.00s / 107.2%
08:37:10 | i 52 | [HAOS ROLL] k=3  λ=0.4  vb  ac_avg  filo2  P≈0.001889
08:37:10 | i 52 | [ Summary ] cost=431607.00  Δ_S*=+0.10%  Δ_BKS=+0.12%  Δ_S*_BKS=+0.02%  no_improve=27
08:37:10 | i 53 | [HAOS ROLL] k=10  λ=0.2  rb  kmeans  filo  P≈0.000477
08:37:10 | i 53 | [Phase 1/3] decompose  0.57s / — / —  λ=0.2  rb kmeans
08:37:45 | i 53 | [Phase 2/3] route  34.09s / 22.20s / 153.6%  filo  k=10
08:38:48 | i 52 | [ ASYNC BG] bg_ails  98.45s / 94.87s / 103.8%
08:38:48 | i 53 | [HAOS ROLL] k=10  λ=0.2  rb  kmeans  filo  P≈0.000477
08:38:48 | i 53 | [ Summary ] cost=431379.00  Δ_S*=+0.04%  Δ_BKS=+0.06%  Δ_S*_BKS=+0.02%  no_improve=29
08:38:48 | i 54 | [HAOS ROLL] k=10  λ=0.2  vb  kmedoids  filo2  P≈0.002211
08:38:49 | i 54 | [Phase 1/3] decompose  0.71s / — / —  λ=0.2  vb kmedoids
08:39:21 | i 54 | [Phase 2/3] route  32.12s / 22.32s / 143.9%  filo2  k=10
08:39:52 | i 53 | [ ASYNC BG] bg_ails  64.37s / 60.00s / 107.3%
08:39:53 | i 54 | [HAOS ROLL] k=10  λ=0.2  vb  kmedoids  filo2  P≈0.002211
08:39:53 | i 54 | [ Summary ] cost=433637.00  Δ_S*=+0.57%  Δ_BKS=+0.59%  Δ_S*_BKS=+0.02%  no_improve=31
08:39:53 | i 55 | [HAOS ROLL] k=8  λ=1.0  vb  ac_complete  ails2  P≈0.001844
08:39:53 | i 55 | [Phase 1/3] decompose  0.74s / — / —  λ=1.0  vb ac_complete
08:40:36 | i 55 | [Phase 2/3] route  42.13s / 40.32s / 104.5%  ails2  k=8
08:40:57 | i 54 | [ ASYNC BG] bg_ails  64.55s / 60.00s / 107.6%
08:40:57 | i 55 | [HAOS ROLL] k=8  λ=1.0  vb  ac_complete  ails2  P≈0.001844
08:40:57 | i 55 | [ Summary ] cost=432806.00  Δ_S*=+0.37%  Δ_BKS=+0.39%  Δ_S*_BKS=+0.02%  no_improve=33
08:40:57 | i 56 | [HAOS ROLL] k=4  λ=0.2  rb  ac_complete  ails2  P≈0.001182
08:40:58 | i 56 | [Phase 1/3] decompose  0.56s / — / —  λ=0.2  rb ac_complete
08:42:22 | i 56 | [Phase 2/3] route  84.35s / 82.26s / 102.5%  ails2  k=4
08:42:22 | i 55 | [ ASYNC BG] bg_ails  64.38s / 60.00s / 107.3%
08:42:22 | i 56 | [HAOS ROLL] k=4  λ=0.2  rb  ac_complete  ails2  P≈0.001182
08:42:22 | i 56 | [ Summary ] cost=431207.00  Δ_S*=+0.00%  Δ_BKS=+0.02%  Δ_S*_BKS=+0.02%  no_improve=35
08:42:22 | i 57 | [HAOS ROLL] k=8  λ=0.4  rb  ac_complete  ails2  P≈0.001699
08:42:23 | i 57 | [Phase 1/3] decompose  0.57s / — / —  λ=0.4  rb ac_complete
08:43:10 | i 57 | [Phase 2/3] route  46.91s / 31.20s / 150.3%  ails2  k=8
08:43:47 | i 56 | [ ASYNC BG] bg_ails  84.53s / 80.29s / 105.3%
08:43:47 | i 57 | [HAOS ROLL] k=8  λ=0.4  rb  ac_complete  ails2  P≈0.001699
08:43:47 | i 57 | [ Summary ] cost=431195.00  Δ_S*=+0.00%  Δ_BKS=+0.02%  Δ_S*_BKS=+0.02%  no_improve=37
08:43:47 | i 58 | [HAOS ROLL] k=12  λ=0.2  vb  kmeans  filo2  P≈0.000348
08:43:48 | i 58 | [Phase 1/3] decompose  0.55s / — / —  λ=0.2  vb kmeans
08:44:17 | i 58 | [Phase 2/3] route  29.10s / 21.18s / 137.4%  filo2  k=12
08:44:51 | i 57 | [ ASYNC BG] bg_ails  64.41s / 60.00s / 107.4%
08:44:51 | i 58 | [HAOS ROLL] k=12  λ=0.2  vb  kmeans  filo2  P≈0.000348
08:44:51 | i 58 | [ Summary ] cost=432851.00  Δ_S*=+0.38%  Δ_BKS=+0.40%  Δ_S*_BKS=+0.02%  no_improve=39
08:44:51 | i 59 | [HAOS ROLL] k=10  λ=0.2  vb  kmeans  filo2  P≈0.002402
08:44:52 | i 59 | [Phase 1/3] decompose  0.55s / — / —  λ=0.2  vb kmeans
08:45:25 | i 59 | [Phase 2/3] route  33.10s / 23.58s / 140.4%  filo2  k=10
08:45:56 | i 58 | [ ASYNC BG] bg_ails  64.44s / 60.00s / 107.4%
08:45:56 | i 59 | [HAOS ROLL] k=10  λ=0.2  vb  kmeans  filo2  P≈0.002402
08:45:56 | i 59 | [ Summary ] cost=433466.00  Δ_S*=+0.53%  Δ_BKS=+0.55%  Δ_S*_BKS=+0.02%  no_improve=41
08:45:56 | i 60 | [HAOS ROLL] k=8  λ=0.2  vb  fcm  filo2  P≈0.001082
08:45:57 | i 60 | [Phase 1/3] decompose  0.75s / — / —  λ=0.2  vb fcm
08:46:34 | i 60 | [Phase 2/3] route  37.10s / 27.30s / 135.9%  filo2  k=8
08:47:00 | i 59 | [ ASYNC BG] bg_ails  64.50s / 60.00s / 107.5%
08:47:00 | i 60 | [HAOS ROLL] k=8  λ=0.2  vb  fcm  filo2  P≈0.001082
08:47:00 | i 60 | [ Summary ] cost=432315.00  Δ_S*=+0.26%  Δ_BKS=+0.28%  Δ_S*_BKS=+0.02%  no_improve=43
08:47:00 | i 61 | [HAOS ROLL] k=10  λ=1.0  rb  ac_complete  filo2  P≈0.003053
08:47:01 | i 61 | [Phase 1/3] decompose  0.56s / — / —  λ=1.0  rb ac_complete
08:47:40 | i 61 | [Phase 2/3] route  39.11s / 31.20s / 125.4%  filo2  k=10
08:48:05 | i 60 | [ ASYNC BG] bg_ails  64.38s / 60.00s / 107.3%
08:48:05 | i 61 | [HAOS ROLL] k=10  λ=1.0  rb  ac_complete  filo2  P≈0.003053
08:48:05 | i 61 | [ Summary ] cost=431220.00  Δ_S*=+0.01%  Δ_BKS=+0.03%  Δ_S*_BKS=+0.02%  no_improve=45
08:48:05 | i 62 | [HAOS ROLL] k=4  λ=0.8  rb  ac_avg  filo2  P≈0.000286
08:48:05 | i 62 | [Phase 1/3] decompose  0.56s / — / —  λ=0.8  rb ac_avg
08:49:16 | i 62 | [Phase 2/3] route  71.15s / 71.10s / 100.1%  filo2  k=4
08:49:16 | i 61 | [ ASYNC BG] bg_ails  64.41s / 60.00s / 107.3%
08:49:16 | i 62 | [HAOS ROLL] k=4  λ=0.8  rb  ac_avg  filo2  P≈0.000286
08:49:17 | i 62 | [ Summary ] cost=431293.00  Δ_S*=+0.02%  Δ_BKS=+0.04%  Δ_S*_BKS=+0.02%  no_improve=47
08:49:17 | i 63 | [HAOS ROLL] k=10  λ=0.0  vb  kmedoids  ails2  P≈0.001835
08:49:17 | i 63 | [Phase 1/3] decompose  0.56s / — / —  λ=0.0  vb kmedoids
08:49:52 | i 63 | [Phase 2/3] route  34.80s / 22.32s / 155.9%  ails2  k=10
08:50:30 | i 62 | [ ASYNC BG] bg_ails  73.82s / 69.39s / 106.4%
08:50:30 | i 63 | [HAOS ROLL] k=10  λ=0.0  vb  kmedoids  ails2  P≈0.001835
08:50:31 | i 63 | [ Summary ] cost=433641.00  Δ_S*=+0.57%  Δ_BKS=+0.59%  Δ_S*_BKS=+0.02%  no_improve=49
08:50:31 | i 64 | [HAOS ROLL] k=10  λ=0.8  vb  kmeans  filo2  P≈0.001506
08:50:31 | i 64 | [Phase 1/3] decompose  0.55s / — / —  λ=0.8  vb kmeans
08:51:12 | i 64 | [Phase 2/3] route  41.10s / 26.16s / 157.1%  filo2  k=10
08:51:35 | i 63 | [ ASYNC BG] bg_ails  64.61s / 60.00s / 107.7%
08:51:35 | i 64 | [HAOS ROLL] k=10  λ=0.8  vb  kmeans  filo2  P≈0.001506
08:51:35 | i 64 | [ Summary ] cost=434443.00  Δ_S*=+0.75%  Δ_BKS=+0.77%  Δ_S*_BKS=+0.02%  no_improve=51
08:51:35 | i 65 | [HAOS ROLL] k=3  λ=0.0  vb  ac_avg  filo2  P≈0.000812
08:51:36 | i 65 | [Phase 1/3] decompose  0.62s / — / —  λ=0.0  vb ac_avg
08:53:13 | i 65 | [Phase 2/3] route  97.22s / 97.20s / 100.0%  filo2  k=3
08:53:13 | i 64 | [ ASYNC BG] bg_ails  64.51s / 60.00s / 107.5%
08:53:13 | i 65 | [HAOS ROLL] k=3  λ=0.0  vb  ac_avg  filo2  P≈0.000812
08:53:13 | i 65 | [ Summary ] cost=431591.00  Δ_S*=+0.09%  Δ_BKS=+0.11%  Δ_S*_BKS=+0.02%  no_improve=53
08:53:13 | i 50 | [ASYNC 1/2] sp_sc  721.21s / 720.00s / 100.2%  SC  avg_coverage=13.78/5  pool=7559
08:53:13 | i 50 | [ASYNC 2/2] standard_ails  363.79s / 360.00s / 101.1%
08:53:43 | i 66 | [HAOS ROLL] k=6  λ=0.4  vb  kmedoids  ails2  P≈0.001092
08:53:44 | i 66 | [Phase 1/3] decompose  0.88s / — / —  λ=0.4  vb kmedoids
08:54:26 | i 66 | [Phase 2/3] route  41.80s / 40.56s / 103.1%  ails2  k=6
08:54:51 | i 65 | [ ASYNC BG] bg_ails  98.27s / 94.87s / 103.6%
08:54:51 | i 66 | [HAOS ROLL] k=6  λ=0.4  vb  kmedoids  ails2  P≈0.001092
08:54:52 | i 66 | [ Summary ] cost=432702.00  Δ_S*=+0.35%  Δ_BKS=+0.37%  Δ_S*_BKS=+0.02%  no_improve=56
08:54:52 | i 67 | [HAOS ROLL] k=10  λ=1.0  vb  fcm  pyvrp  P≈0.001636
08:54:52 | i 67 | [Phase 1/3] decompose  0.78s / — / —  λ=1.0  vb fcm
08:55:30 | i 67 | [Phase 2/3] route  37.81s / 26.04s / 145.2%  pyvrp  k=10
08:55:56 | i 66 | [ ASYNC BG] bg_ails  64.42s / 60.00s / 107.4%
08:55:56 | i 67 | [HAOS ROLL] k=10  λ=1.0  vb  fcm  pyvrp  P≈0.001636
08:55:56 | i 67 | [ Summary ] cost=434513.00  Δ_S*=+0.77%  Δ_BKS=+0.79%  Δ_S*_BKS=+0.02%  no_improve=58
08:55:56 | i 68 | [HAOS ROLL] k=4  λ=0.0  rb  ac_complete  pyvrp  P≈0.000607
08:55:56 | i 68 | [Phase 1/3] decompose  0.43s / — / —  λ=0.0  rb ac_complete
08:57:24 | i 68 | [Phase 2/3] route  87.67s / 82.26s / 106.6%  pyvrp  k=4
08:57:24 | i 67 | [ ASYNC BG] bg_ails  64.51s / 60.00s / 107.5%
08:57:24 | i 68 | [HAOS ROLL] k=4  λ=0.0  rb  ac_complete  pyvrp  P≈0.000607
08:57:24 | i 68 | [ Summary ] cost=432383.00  Δ_S*=+0.28%  Δ_BKS=+0.30%  Δ_S*_BKS=+0.02%  no_improve=60
08:57:24 | i 69 | [HAOS ROLL] k=10  λ=0.0  vb  fcm  ails2  P≈0.002324
08:57:25 | i 69 | [Phase 1/3] decompose  0.94s / — / —  λ=0.0  vb fcm
08:58:00 | i 69 | [Phase 2/3] route  34.89s / 22.86s / 152.6%  ails2  k=10
08:58:48 | i 68 | [ ASYNC BG] bg_ails  84.25s / 80.29s / 104.9%
08:58:48 | i 69 | [HAOS ROLL] k=10  λ=0.0  vb  fcm  ails2  P≈0.002324
08:58:49 | i 69 | [ Summary ] cost=434357.00  Δ_S*=+0.73%  Δ_BKS=+0.75%  Δ_S*_BKS=+0.02%  no_improve=62
08:58:49 | i 70 | [HAOS ROLL] k=8  λ=0.4  rb  ac_complete  ails2  P≈0.001726
08:58:49 | i 70 | [Phase 1/3] decompose  0.56s / — / —  λ=0.4  rb ac_complete
08:59:36 | i 70 | [Phase 2/3] route  46.93s / 31.20s / 150.4%  ails2  k=8
08:59:53 | i 69 | [ ASYNC BG] bg_ails  64.35s / 60.00s / 107.2%
08:59:53 | i 70 | [HAOS ROLL] k=8  λ=0.4  rb  ac_complete  ails2  P≈0.001726
08:59:53 | i 70 | [ Summary ] cost=431210.00  Δ_S*=+0.00%  Δ_BKS=+0.02%  Δ_S*_BKS=+0.02%  no_improve=64
08:59:53 | i 71 | [HAOS ROLL] k=10  λ=1.0  vb  ac_avg  filo2  P≈0.003896
08:59:54 | i 71 | [Phase 1/3] decompose  0.75s / — / —  λ=1.0  vb ac_avg
09:00:57 | i 71 | [Phase 2/3] route  63.13s / 63.12s / 100.0%  filo2  k=10
09:00:57 | i 70 | [ ASYNC BG] bg_ails  64.41s / 60.00s / 107.3%
09:00:57 | i 71 | [HAOS ROLL] k=10  λ=1.0  vb  ac_avg  filo2  P≈0.003896
09:00:57 | i 71 | [ Summary ] cost=433866.00  Δ_S*=+0.62%  Δ_BKS=+0.64%  Δ_S*_BKS=+0.02%  no_improve=66
09:00:57 | i 72 | [HAOS ROLL] k=10  λ=0.4  rb  ac_complete  ails2  P≈0.005178
09:00:58 | i 72 | [Phase 1/3] decompose  0.56s / — / —  λ=0.4  rb ac_complete
09:01:40 | i 72 | [Phase 2/3] route  42.02s / 31.20s / 134.7%  ails2  k=10
09:02:03 | i 71 | [ ASYNC BG] bg_ails  65.60s / 61.98s / 105.9%
09:02:03 | i 72 | [HAOS ROLL] k=10  λ=0.4  rb  ac_complete  ails2  P≈0.005178
09:02:03 | i 72 | [ Summary ] cost=431196.00  Δ_S*=+0.00%  Δ_BKS=+0.02%  Δ_S*_BKS=+0.02%  no_improve=68
09:02:03 | i 73 | [HAOS ROLL] k=10  λ=1.0  vb  kmeans  ails2  P≈0.004702
09:02:04 | i 73 | [Phase 1/3] decompose  0.55s / — / —  λ=1.0  vb kmeans
09:02:38 | i 73 | [Phase 2/3] route  34.86s / 23.52s / 148.2%  ails2  k=10
09:03:07 | i 72 | [ ASYNC BG] bg_ails  64.34s / 60.00s / 107.2%
09:03:07 | i 73 | [HAOS ROLL] k=10  λ=1.0  vb  kmeans  ails2  P≈0.004702
09:03:07 | i 73 | [ Summary ] cost=433473.00  Δ_S*=+0.53%  Δ_BKS=+0.55%  Δ_S*_BKS=+0.02%  no_improve=70
09:03:07 | i 74 | [HAOS ROLL] k=3  λ=1.0  vb  ac_avg  pyvrp  P≈0.000877
09:03:08 | i 74 | [Phase 1/3] decompose  0.78s / — / —  λ=1.0  vb ac_avg
09:04:53 | i 74 | [Phase 2/3] route  104.52s / 97.20s / 107.5%  pyvrp  k=3
09:04:53 | i 73 | [ ASYNC BG] bg_ails  64.47s / 60.00s / 107.4%
09:04:53 | i 74 | [HAOS ROLL] k=3  λ=1.0  vb  ac_avg  pyvrp  P≈0.000877
09:04:53 | i 74 | [ Summary ] cost=432743.00  Δ_S*=+0.36%  Δ_BKS=+0.38%  Δ_S*_BKS=+0.02%  no_improve=72
09:04:53 | i 75 | [HAOS ROLL] k=10  λ=0.8  vb  kmedoids  pyvrp  P≈0.000870
09:04:54 | i 75 | [Phase 1/3] decompose  0.70s / — / —  λ=0.8  vb kmedoids
09:05:27 | i 75 | [Phase 2/3] route  32.96s / 22.32s / 147.7%  pyvrp  k=10
09:06:31 | i 74 | [ ASYNC BG] bg_ails  98.52s / 94.87s / 103.9%
09:06:31 | i 75 | [HAOS ROLL] k=10  λ=0.8  vb  kmedoids  pyvrp  P≈0.000870
09:06:31 | i 75 | [ Summary ] cost=434601.00  Δ_S*=+0.79%  Δ_BKS=+0.81%  Δ_S*_BKS=+0.02%  no_improve=74
09:06:31 | i 76 | [HAOS ROLL] k=10  λ=0.4  vb  kmedoids  pyvrp  P≈0.002769
09:06:32 | i 76 | [Phase 1/3] decompose  0.70s / — / —  λ=0.4  vb kmedoids
09:07:05 | i 76 | [Phase 2/3] route  33.01s / 22.32s / 147.9%  pyvrp  k=10
09:07:36 | i 75 | [ ASYNC BG] bg_ails  64.53s / 60.00s / 107.5%
09:07:36 | i 76 | [HAOS ROLL] k=10  λ=0.4  vb  kmedoids  pyvrp  P≈0.002769
09:07:36 | i 76 | [ Summary ] cost=434604.00  Δ_S*=+0.79%  Δ_BKS=+0.81%  Δ_S*_BKS=+0.02%  no_improve=76
09:07:36 | i 77 | [HAOS ROLL] k=10  λ=0.0  rb  ac_complete  filo2  P≈0.002562
09:07:36 | i 77 | [Phase 1/3] decompose  0.43s / — / —  λ=0.0  rb ac_complete
09:08:16 | i 77 | [Phase 2/3] route  39.11s / 31.20s / 125.4%  filo2  k=10
09:08:40 | i 76 | [ ASYNC BG] bg_ails  64.36s / 60.00s / 107.3%
09:08:40 | i 77 | [HAOS ROLL] k=10  λ=0.0  rb  ac_complete  filo2  P≈0.002562
09:08:40 | i 77 | [ Summary ] cost=431274.00  Δ_S*=+0.02%  Δ_BKS=+0.04%  Δ_S*_BKS=+0.02%  no_improve=78
09:08:40 | i 78 | [HAOS ROLL] k=8  λ=0.2  vb  kmeans  pyvrp  P≈0.000586
09:08:41 | i 78 | [Phase 1/3] decompose  0.64s / — / —  λ=0.2  vb kmeans
09:09:28 | i 78 | [Phase 2/3] route  47.04s / 32.16s / 146.3%  pyvrp  k=8
09:09:44 | i 77 | [ ASYNC BG] bg_ails  64.30s / 60.00s / 107.2%
09:09:44 | i 78 | [HAOS ROLL] k=8  λ=0.2  vb  kmeans  pyvrp  P≈0.000586
09:09:45 | i 78 | [ Summary ] cost=433954.00  Δ_S*=+0.64%  Δ_BKS=+0.66%  Δ_S*_BKS=+0.02%  no_improve=80
09:09:45 | i 79 | [HAOS ROLL] k=10  λ=0.4  vb  kmeans  ails2  P≈0.005612
09:09:45 | i 79 | [Phase 1/3] decompose  0.54s / — / —  λ=0.4  vb kmeans
09:10:19 | i 79 | [Phase 2/3] route  33.71s / 32.88s / 102.5%  ails2  k=10
09:10:49 | i 78 | [ ASYNC BG] bg_ails  64.39s / 60.00s / 107.3%
09:10:49 | i 79 | [HAOS ROLL] k=10  λ=0.4  vb  kmeans  ails2  P≈0.005612
09:10:49 | i 79 | [ Summary ] cost=433055.00  Δ_S*=+0.43%  Δ_BKS=+0.45%  Δ_S*_BKS=+0.02%  no_improve=82
09:10:49 | i 80 | [HAOS ROLL] k=10  λ=0.4  vb  kmedoids  ails2  P≈0.006216
09:10:50 | i 80 | [Phase 1/3] decompose  0.70s / — / —  λ=0.4  vb kmedoids
09:11:25 | i 80 | [Phase 2/3] route  34.76s / 22.32s / 155.8%  ails2  k=10
09:11:53 | i 79 | [ ASYNC BG] bg_ails  64.53s / 60.00s / 107.6%
09:11:53 | i 80 | [HAOS ROLL] k=10  λ=0.4  vb  kmedoids  ails2  P≈0.006216
09:11:54 | i 80 | [ Summary ] cost=433598.00  Δ_S*=+0.56%  Δ_BKS=+0.58%  Δ_S*_BKS=+0.02%  no_improve=84
09:11:54 | i 81 | [HAOS ROLL] k=10  λ=0.0  vb  kmedoids  ails2  P≈0.004467
09:11:54 | i 81 | [Phase 1/3] decompose  0.56s / — / —  λ=0.0  vb kmedoids
09:12:29 | i 81 | [Phase 2/3] route  34.82s / 22.32s / 156.0%  ails2  k=10
09:12:58 | i 80 | [ ASYNC BG] bg_ails  64.40s / 60.00s / 107.3%
09:12:58 | i 81 | [HAOS ROLL] k=10  λ=0.0  vb  kmedoids  ails2  P≈0.004467
09:12:58 | i 81 | [ Summary ] cost=433657.00  Δ_S*=+0.57%  Δ_BKS=+0.59%  Δ_S*_BKS=+0.02%  no_improve=86
09:12:58 | i 66 | [ASYNC 1/2] sp_sc  720.88s / 720.00s / 100.1%  SC  avg_coverage=14.86/5  pool=8164
09:12:58 | i 66 | [ASYNC 2/2] standard_ails  363.70s / 360.00s / 101.0%
09:13:38 | i 82 | [HAOS ROLL] k=8  λ=1.0  rb  ac_complete  pyvrp  P≈0.001276
09:13:39 | i 82 | [Phase 1/3] decompose  0.55s / — / —  λ=1.0  rb ac_complete
09:14:25 | i 82 | [Phase 2/3] route  45.86s / 31.20s / 147.0%  pyvrp  k=8
09:14:25 | i 81 | [ ASYNC BG] bg_ails  64.30s / 60.00s / 107.2%
09:14:25 | i 82 | [HAOS ROLL] k=8  λ=1.0  rb  ac_complete  pyvrp  P≈0.001276
09:14:25 | i 82 | [ Summary ] cost=431935.00  Δ_S*=+0.17%  Δ_BKS=+0.19%  Δ_S*_BKS=+0.02%  no_improve=89
09:14:25 | i 83 | [HAOS ROLL] k=10  λ=0.2  vb  ac_complete  ails2  P≈0.003424
09:14:26 | i 83 | [Phase 1/3] decompose  0.76s / — / —  λ=0.2  vb ac_complete
09:15:08 | i 83 | [Phase 2/3] route  42.27s / 40.32s / 104.8%  ails2  k=10
09:15:29 | i 82 | [ ASYNC BG] bg_ails  64.54s / 60.00s / 107.6%
09:15:29 | i 83 | [HAOS ROLL] k=10  λ=0.2  vb  ac_complete  ails2  P≈0.003424
09:15:30 | i 83 | [ Summary ] cost=433010.00  Δ_S*=+0.42%  Δ_BKS=+0.44%  Δ_S*_BKS=+0.02%  no_improve=91
09:15:30 | i 84 | [HAOS ROLL] k=4  λ=0.2  rb  ac_complete  ails2  P≈0.001591
09:15:30 | i 84 | [Phase 1/3] decompose  0.58s / — / —  λ=0.2  rb ac_complete
09:16:55 | i 84 | [Phase 2/3] route  84.52s / 82.26s / 102.7%  ails2  k=4
09:16:55 | i 83 | [ ASYNC BG] bg_ails  64.66s / 60.00s / 107.8%
09:16:55 | i 84 | [HAOS ROLL] k=4  λ=0.2  rb  ac_complete  ails2  P≈0.001591
09:16:55 | i 84 | [ Summary ] cost=431295.00  Δ_S*=+0.02%  Δ_BKS=+0.04%  Δ_S*_BKS=+0.02%  no_improve=93
09:16:55 | i 85 | [HAOS ROLL] k=10  λ=1.0  vb  kmedoids  pyvrp  P≈0.003189
09:16:56 | i 85 | [Phase 1/3] decompose  0.75s / — / —  λ=1.0  vb kmedoids
09:17:29 | i 85 | [Phase 2/3] route  33.08s / 22.32s / 148.2%  pyvrp  k=10
09:18:19 | i 84 | [ ASYNC BG] bg_ails  84.51s / 80.29s / 105.3%
09:18:19 | i 85 | [HAOS ROLL] k=10  λ=1.0  vb  kmedoids  pyvrp  P≈0.003189
09:18:20 | i 85 | [ Summary ] cost=434581.00  Δ_S*=+0.79%  Δ_BKS=+0.81%  Δ_S*_BKS=+0.02%  no_improve=95
09:18:20 | i 86 | [HAOS ROLL] k=10  λ=0.4  vb  kmedoids  ails2  P≈0.006457
09:18:20 | i 86 | [Phase 1/3] decompose  0.71s / — / —  λ=0.4  vb kmedoids
09:18:55 | i 86 | [Phase 2/3] route  34.70s / 22.32s / 155.5%  ails2  k=10
09:19:24 | i 85 | [ ASYNC BG] bg_ails  64.53s / 60.00s / 107.5%
09:19:24 | i 86 | [HAOS ROLL] k=10  λ=0.4  vb  kmedoids  ails2  P≈0.006457
09:19:24 | i 86 | [ Summary ] cost=433606.00  Δ_S*=+0.56%  Δ_BKS=+0.58%  Δ_S*_BKS=+0.02%  no_improve=97
09:19:24 | i 87 | [HAOS ROLL] k=3  λ=1.0  rb  ac_complete  filo2  P≈0.001050
09:19:25 | i 87 | [Phase 1/3] decompose  0.57s / — / —  λ=1.0  rb ac_complete
09:21:07 | i 87 | [Phase 2/3] route  102.24s / 101.76s / 100.5%  filo2  k=3
09:21:07 | i 86 | [ ASYNC BG] bg_ails  64.50s / 60.00s / 107.5%
09:21:07 | i 87 | [HAOS ROLL] k=3  λ=1.0  rb  ac_complete  filo2  P≈0.001050
09:21:07 | i 87 | [ Summary ] cost=431242.00  Δ_S*=+0.01%  Δ_BKS=+0.03%  Δ_S*_BKS=+0.02%  no_improve=99
09:21:07 | i 88 | [HAOS ROLL] k=10  λ=0.8  vb  kmedoids  filo2  P≈0.001581
09:21:08 | i 88 | [Phase 1/3] decompose  0.70s / — / —  λ=0.8  vb kmedoids
09:21:40 | i 88 | [Phase 2/3] route  32.10s / 22.32s / 143.8%  filo2  k=10
09:22:50 | i 87 | [ ASYNC BG] bg_ails  103.46s / 99.32s / 104.2%
09:22:50 | i 88 | [HAOS ROLL] k=10  λ=0.8  vb  kmedoids  filo2  P≈0.001581
09:22:51 | i 88 | [ Summary ] cost=433671.00  Δ_S*=+0.57%  Δ_BKS=+0.59%  Δ_S*_BKS=+0.02%  no_improve=101
09:22:51 | i 89 | [HAOS ROLL] k=10  λ=0.0  vb  kmeans  filo2  P≈0.002408
09:22:51 | i 89 | [Phase 1/3] decompose  0.44s / — / —  λ=0.0  vb kmeans
09:23:25 | i 89 | [Phase 2/3] route  34.11s / 23.40s / 145.8%  filo2  k=10
09:23:55 | i 88 | [ ASYNC BG] bg_ails  64.32s / 60.00s / 107.2%
09:23:55 | i 89 | [HAOS ROLL] k=10  λ=0.0  vb  kmeans  filo2  P≈0.002408
09:23:55 | i 89 | [ Summary ] cost=433561.00  Δ_S*=+0.55%  Δ_BKS=+0.57%  Δ_S*_BKS=+0.02%  no_improve=103
09:23:55 | i 90 | [HAOS ROLL] k=12  λ=0.8  vb  kmeans  ails2  P≈0.000284
09:23:56 | i 90 | [Phase 1/3] decompose  0.54s / — / —  λ=0.8  vb kmeans
09:24:36 | i 90 | [Phase 2/3] route  40.86s / 21.12s / 193.5%  ails2  k=12
09:24:36 | i 90 | [HAOS ROLL] k=12  λ=0.8  vb  kmeans  ails2  P≈0.000284
09:24:37 | i 90 | [ Summary ] cost=433683.00  Δ_S*=+0.58%  Δ_BKS=+0.60%  Δ_S*_BKS=+0.02%  no_improve=104
09:24:37 | i — | [  FINAL  ] async BG-AILS totals launched=88 applied=88 adopted=3 launch_skipped_cap=2 crashes=0 discarded_in_flight=False block_wait_total_s=1986.8
09:25:07 | i — | [  FINAL  ] async SP/SC totals invocations=6 adopted=2 skipped=0 discarded_in_flight=True sp_busy_frac=0.7611867561865058
09:25:07 | i — | [  FINAL  ] ════════════════════════════════════════
09:25:07 | i — | [  FINAL  ] Run complete  iterations=90  elapsed=02:00:55  best=431193.00
09:25:07 | i — | [  FINAL  ] Δ_BKS=+0.02%  no_improve_stop=False  time_stop=True  cancelled=False
09:25:07 | i — | [  FINAL  ] 
09:25:07 | i — | [  FINAL  ] [BEST SOLUTION — HAOS TAG SUMMARY]
09:25:07 | i — | [  FINAL  ] ────────────────────────────────────────
09:25:07 | i — | [  FINAL  ]   216 routes  vb  kmeans  k=3  λ=0.8  solver=pyvrp
09:25:07 | i — | [  FINAL  ]   105 routes  vb  kmedoids  k=10  λ=1.0  solver=filo2
09:25:07 | i — | [  FINAL  ]   59 routes  vb  ac_avg  k=8  λ=1.0  solver=ails2
09:25:07 | i — | [  FINAL  ]   33 routes  vb  ac_complete  k=10  λ=0.4  solver=pyvrp
09:25:07 | i — | [  FINAL  ]   21 routes  vb  ac_avg  k=10  λ=1.0  solver=ails2
09:25:07 | i — | [  FINAL  ]   13 routes  rb  ac_avg  k=2  λ=0.4  solver=filo2
09:25:07 | i — | [  FINAL  ]   12 routes  vb  kmeans  k=2  λ=0.0  solver=ails2
09:25:07 | i — | [  FINAL  ]   8 routes  rb  kmeans  k=4  λ=0.8  solver=filo2
09:25:07 | i — | [  FINAL  ]   8 routes  rb  ac_avg  k=3  λ=0.2  solver=ails2
09:25:07 | i — | [  FINAL  ]   8 routes  rb  kmeans  k=10  λ=0.4  solver=ails2
09:25:07 | i — | [  FINAL  ]   7 routes  vb  ac_avg  k=4  λ=0.2  solver=filo
09:25:07 | i — | [  FINAL  ]   7 routes  vb  ac_complete  k=8  λ=0.4  solver=ails2
09:25:07 | i — | [  FINAL  ]   6 routes  vb  kmeans  k=4  λ=0.6  solver=ails2
09:25:07 | i — | [  FINAL  ]   6 routes  vb  kmeans  k=6  λ=0.4  solver=pyvrp
09:25:07 | i — | [  FINAL  ]   4 routes  vb  kmedoids  k=10  λ=0.4  solver=filo2
09:25:07 | i — | [  FINAL  ]   3 routes  vb  fcm  k=10  λ=1.0  solver=filo2
09:25:07 | i — | [  FINAL  ]   3 routes  vb  fcm  k=8  λ=0.4  solver=ails2
09:25:07 | i — | [  FINAL  ]   2 routes  rb  ac_avg  k=8  λ=0.2  solver=ails2
09:25:07 | i — | [  FINAL  ]   2 routes  vb  ac_complete  k=4  λ=0.0  solver=ails2
09:25:07 | i — | [  FINAL  ]   2 routes  rb  ac_complete  k=4  λ=1.0  solver=pyvrp
09:25:07 | i — | [  FINAL  ]   1 routes  vb  ac_avg  k=2  λ=0.2  solver=ails2
09:25:07 | i — | [  FINAL  ]   1 routes  vb  kmedoids  k=8  λ=0.2  solver=filo2
09:25:07 | i — | [  FINAL  ]   1 routes  vb  ac_complete  k=4  λ=1.0  solver=pyvrp
09:25:07 | i — | [  FINAL  ]   1 routes  vb  kmeans  k=6  λ=0.4  solver=filo2
09:25:07 | i — | [  FINAL  ]   1 routes  vb  ac_avg  k=2  λ=0.4  solver=ails2
09:25:07 | i — | [  FINAL  ]   1 routes  rb  kmeans  k=4  λ=0.8  solver=ails2
09:25:07 | i — | [  FINAL  ]   1 routes  vb  ac_complete  k=10  λ=1.0  solver=ails2
09:25:07 | i — | [  FINAL  ]   14 routes  post-SP/SC improvement
09:25:07 | i — | [  FINAL  ] 
09:25:07 | i — | [  FINAL  ] [ROUTE POOL — HAOS TAG SUMMARY]
09:25:07 | i — | [  FINAL  ] ────────────────────────────────────────
09:25:07 | i — | [  FINAL  ]   961 routes  vb  kmeans  k=3  λ=0.8  solver=pyvrp
09:25:07 | i — | [  FINAL  ]   642 routes  vb  kmedoids  k=10  λ=1.0  solver=filo2
09:25:07 | i — | [  FINAL  ]   497 routes  vb  ac_complete  k=10  λ=0.4  solver=pyvrp
09:25:07 | i — | [  FINAL  ]   430 routes  vb  ac_avg  k=8  λ=1.0  solver=ails2
09:25:07 | i — | [  FINAL  ]   357 routes  vb  ac_avg  k=3  λ=1.0  solver=pyvrp
09:25:07 | i — | [  FINAL  ]   279 routes  vb  ac_avg  k=3  λ=0.6  solver=pyvrp
09:25:07 | i — | [  FINAL  ]   259 routes  vb  kmeans  k=6  λ=0.4  solver=pyvrp
09:25:07 | i — | [  FINAL  ]   235 routes  rb  ac_complete  k=4  λ=1.0  solver=pyvrp
09:25:07 | i — | [  FINAL  ]   233 routes  vb  ac_complete  k=4  λ=1.0  solver=pyvrp
09:25:07 | i — | [  FINAL  ]   218 routes  vb  ac_avg  k=10  λ=1.0  solver=ails2
09:25:07 | i — | [  FINAL  ]   217 routes  vb  fcm  k=6  λ=0.0  solver=pyvrp
09:25:07 | i — | [  FINAL  ]   196 routes  vb  fcm  k=10  λ=1.0  solver=pyvrp
09:25:07 | i — | [  FINAL  ]   189 routes  vb  fcm  k=10  λ=1.0  solver=filo2
09:25:07 | i — | [  FINAL  ]   188 routes  vb  kmedoids  k=2  λ=0.4  solver=pyvrp
09:25:07 | i — | [  FINAL  ]   186 routes  rb  ac_avg  k=2  λ=0.4  solver=filo2
09:25:07 | i — | [  FINAL  ]   177 routes  vb  kmedoids  k=10  λ=0.4  solver=filo2
09:25:07 | i — | [  FINAL  ]   175 routes  vb  ac_complete  k=8  λ=0.4  solver=ails2
09:25:07 | i — | [  FINAL  ]   165 routes  vb  kmeans  k=8  λ=0.2  solver=pyvrp
09:25:07 | i — | [  FINAL  ]   162 routes  vb  kmeans  k=6  λ=0.4  solver=filo2
09:25:07 | i — | [  FINAL  ]   156 routes  vb  kmeans  k=2  λ=0.0  solver=ails2
09:25:07 | i — | [  FINAL  ]   154 routes  rb  ac_complete  k=10  λ=0.4  solver=pyvrp
09:25:07 | i — | [  FINAL  ]   145 routes  vb  kmedoids  k=10  λ=0.8  solver=pyvrp
09:25:07 | i — | [  FINAL  ]   138 routes  vb  ac_avg  k=4  λ=0.2  solver=filo
09:25:07 | i — | [  FINAL  ]   137 routes  vb  kmedoids  k=10  λ=0.4  solver=pyvrp
09:25:07 | i — | [  FINAL  ]   135 routes  rb  kmeans  k=4  λ=0.8  solver=filo2
09:25:07 | i — | [  FINAL  ]   133 routes  vb  kmedoids  k=8  λ=0.2  solver=filo2
09:25:07 | i — | [  FINAL  ]   133 routes  rb  ac_complete  k=4  λ=0.0  solver=pyvrp
09:25:07 | i — | [  FINAL  ]   130 routes  vb  kmedoids  k=10  λ=1.0  solver=pyvrp
09:25:07 | i — | [  FINAL  ]   120 routes  rb  ac_avg  k=3  λ=0.2  solver=ails2
09:25:07 | i — | [  FINAL  ]   116 routes  vb  kmeans  k=4  λ=0.6  solver=ails2
09:25:07 | i — | [  FINAL  ]   103 routes  vb  fcm  k=8  λ=0.4  solver=ails2
09:25:07 | i — | [  FINAL  ]   97 routes  vb  kmeans  k=10  λ=0.8  solver=filo2
09:25:07 | i — | [  FINAL  ]   96 routes  vb  kmeans  k=10  λ=0.2  solver=filo2
09:25:07 | i — | [  FINAL  ]   93 routes  vb  fcm  k=10  λ=0.0  solver=ails2
09:25:07 | i — | [  FINAL  ]   87 routes  vb  fcm  k=6  λ=0.0  solver=ails2
09:25:07 | i — | [  FINAL  ]   84 routes  vb  ac_complete  k=10  λ=1.0  solver=ails2
09:25:07 | i — | [  FINAL  ]   79 routes  rb  ac_complete  k=8  λ=1.0  solver=pyvrp
09:25:07 | i — | [  FINAL  ]   76 routes  vb  kmedoids  k=6  λ=1.0  solver=ails2
09:25:07 | i — | [  FINAL  ]   74 routes  vb  ac_complete  k=8  λ=1.0  solver=ails2
09:25:07 | i — | [  FINAL  ]   74 routes  vb  kmedoids  k=8  λ=0.4  solver=ails2
09:25:07 | i — | [  FINAL  ]   70 routes  vb  fcm  k=4  λ=0.6  solver=filo2
09:25:07 | i — | [  FINAL  ]   68 routes  vb  fcm  k=8  λ=0.2  solver=filo2
09:25:07 | i — | [  FINAL  ]   67 routes  vb  ac_complete  k=4  λ=0.0  solver=ails2
09:25:07 | i — | [  FINAL  ]   66 routes  vb  kmedoids  k=10  λ=0.2  solver=filo2
09:25:07 | i — | [  FINAL  ]   65 routes  vb  kmeans  k=10  λ=1.0  solver=ails2
09:25:07 | i — | [  FINAL  ]   61 routes  vb  ac_avg  k=4  λ=0.6  solver=filo2
09:25:07 | i — | [  FINAL  ]   58 routes  rb  kmeans  k=4  λ=0.8  solver=ails2
09:25:07 | i — | [  FINAL  ]   58 routes  vb  ac_avg  k=10  λ=0.4  solver=filo2
09:25:07 | i — | [  FINAL  ]   58 routes  vb  kmeans  k=12  λ=0.2  solver=filo2
09:25:07 | i — | [  FINAL  ]   53 routes  vb  kmedoids  k=10  λ=0.0  solver=ails2
09:25:07 | i — | [  FINAL  ]   52 routes  vb  ac_avg  k=10  λ=0.8  solver=filo2
09:25:07 | i — | [  FINAL  ]   52 routes  vb  kmedoids  k=4  λ=0.0  solver=ails2
09:25:07 | i — | [  FINAL  ]   52 routes  vb  kmeans  k=10  λ=0.4  solver=ails2
09:25:07 | i — | [  FINAL  ]   49 routes  vb  fcm  k=3  λ=0.6  solver=ails2
09:25:07 | i — | [  FINAL  ]   41 routes  rb  ac_avg  k=8  λ=0.2  solver=ails2
09:25:07 | i — | [  FINAL  ]   41 routes  rb  kmeans  k=6  λ=1.0  solver=filo2
09:25:07 | i — | [  FINAL  ]   40 routes  vb  ac_complete  k=6  λ=0.0  solver=ails2
09:25:07 | i — | [  FINAL  ]   39 routes  vb  kmedoids  k=10  λ=0.4  solver=ails2
09:25:07 | i — | [  FINAL  ]   37 routes  vb  ac_avg  k=2  λ=0.2  solver=ails2
09:25:07 | i — | [  FINAL  ]   37 routes  vb  kmeans  k=10  λ=0.0  solver=filo2
09:25:07 | i — | [  FINAL  ]   34 routes  vb  ac_complete  k=10  λ=0.2  solver=ails2
09:25:07 | i — | [  FINAL  ]   34 routes  vb  kmedoids  k=6  λ=0.4  solver=ails2
09:25:07 | i — | [  FINAL  ]   33 routes  vb  ac_avg  k=2  λ=0.4  solver=ails2
09:25:07 | i — | [  FINAL  ]   33 routes  rb  kmeans  k=10  λ=0.2  solver=filo
09:25:07 | i — | [  FINAL  ]   33 routes  vb  ac_avg  k=3  λ=0.0  solver=filo2
09:25:07 | i — | [  FINAL  ]   32 routes  vb  ac_avg  k=3  λ=0.4  solver=filo2
09:25:07 | i — | [  FINAL  ]   30 routes  vb  kmeans  k=12  λ=0.8  solver=ails2
09:25:07 | i — | [  FINAL  ]   29 routes  vb  ac_avg  k=3  λ=0.2  solver=filo2
09:25:07 | i — | [  FINAL  ]   29 routes  vb  ac_complete  k=10  λ=0.0  solver=ails2
09:25:07 | i — | [  FINAL  ]   24 routes  rb  ac_complete  k=10  λ=0.0  solver=filo
09:25:07 | i — | [  FINAL  ]   22 routes  vb  ac_avg  k=10  λ=1.0  solver=filo2
09:25:07 | i — | [  FINAL  ]   18 routes  vb  kmedoids  k=10  λ=0.8  solver=filo2
09:25:07 | i — | [  FINAL  ]   16 routes  rb  ac_complete  k=10  λ=0.0  solver=filo2
09:25:07 | i — | [  FINAL  ]   15 routes  rb  ac_complete  k=10  λ=0.2  solver=filo2
09:25:07 | i — | [  FINAL  ]   14 routes  rb  ac_complete  k=4  λ=0.2  solver=ails2
09:25:07 | i — | [  FINAL  ]   14 routes  rb  ac_complete  k=10  λ=1.0  solver=filo2
09:25:07 | i — | [  FINAL  ]   13 routes  rb  ac_complete  k=8  λ=0.4  solver=ails2
09:25:07 | i — | [  FINAL  ]   11 routes  rb  kmeans  k=8  λ=0.4  solver=filo2
09:25:07 | i — | [  FINAL  ]   10 routes  rb  ac_avg  k=4  λ=0.8  solver=filo2
09:25:07 | i — | [  FINAL  ]   8 routes  rb  kmeans  k=10  λ=0.4  solver=ails2
09:25:07 | i — | [  FINAL  ]   2 routes  rb  ac_complete  k=3  λ=1.0  solver=filo2
09:25:07 | i — | [  FINAL  ]   80 routes  post-SP/SC improvement
09:25:07 | i — | [  FINAL  ] ════════════════════════════════════════
