23:06:16 | i — | [  INIT   ] ════════════════════════════════════════
23:06:16 | i — | [  INIT   ] DRISPI  instance=X-n5649-k401  n=5648  capacity=181
23:06:16 | i — | [  INIT   ] k domain (computed at init): [2, 3, 4, 6, 8, 10, 12, 15, 19, 24]  k_ext=24  k_min=401  k_ext_bound=n_bound  spacing_rejected=0
23:06:16 | i — | [  INIT   ] ══════════════════════════════════════════════════════
23:06:16 | i — | [  INIT   ] CONFIGURATION
23:06:16 | i — | [  INIT   ] ── stopping ────────────────────────────────
23:06:16 | i — | [  INIT   ]   time_limit                  = 7200.0
23:06:16 | i — | [  INIT   ]   max_no_improve              = 1000000000
23:06:16 | i — | [  INIT   ] ── parallelism ─────────────────────────────
23:06:16 | i — | [  INIT   ]   n_workers                   = 8
23:06:16 | i — | [  INIT   ] ── cores ───────────────────────────────────
23:06:16 | i — | [  INIT   ]   cores_total                 = 8
23:06:16 | i — | [  INIT   ]   cores_dri                   = 6
23:06:16 | i — | [  INIT   ]   cores_bg                    = 1
23:06:16 | i — | [  INIT   ]   cores_sp                    = 1
23:06:16 | i — | [  INIT   ]   cores_cpu_list              = None
23:06:16 | i — | [  INIT   ] ── sp/sc ───────────────────────────────────
23:06:16 | i — | [  INIT   ]   sp_sc_mode                  = async
23:06:16 | i — | [  INIT   ]   sp_sc_trigger               = wallclock
23:06:16 | i — | [  INIT   ]   interval_minutes            = 20.0
23:06:16 | i — | [  INIT   ]   overlap_policy              = skip
23:06:16 | i — | [  INIT   ]   warmup_iterations           = 5
23:06:16 | i — | [  INIT   ]   sp_interval                 = 3
23:06:16 | i — | [  INIT   ]   min_coverage                = 5
23:06:16 | i — | [  INIT   ]   sp_time_limit               = 720.0
23:06:16 | i — | [  INIT   ]   mip_gap                     = 0.00025
23:06:16 | i — | [  INIT   ] ── decomposition ───────────────────────────
23:06:16 | i — | [  INIT   ]   decomp_k_base_arms          = [2, 3, 4, 6, 8, 10, 12]
23:06:16 | i — | [  INIT   ]   decomp_k_max_arms           = 10
23:06:16 | i — | [  INIT   ]   decomp_k_ext_per_1000       = 4
23:06:16 | i — | [  INIT   ]   decomp_k_min_routes_per_cluster= 8
23:06:16 | i — | [  INIT   ]   decomp_k_min_arm_spacing    = 2
23:06:16 | i — | [  INIT   ]   subcluster_rate_s_per_customer= 0.06
23:06:16 | i — | [  INIT   ]   subcluster_floor_s          = 5.0
23:06:16 | i — | [  INIT   ] ── bg_ails ─────────────────────────────────
23:06:16 | i — | [  INIT   ]   bg_ails_mode                = async
23:06:16 | i — | [  INIT   ]   bg_ails_crash_threshold     = 1
23:06:16 | i — | [  INIT   ]   bg_ails_budget_mode         = predicted_dr_wall
23:06:16 | i — | [  INIT   ]   bg_ails_budget_floor_s      = 60.0
23:06:16 | i — | [  INIT   ]   bg_ails_budget_margin       = 1.0
23:06:16 | i — | [  INIT   ]   bg_ails_wall_model_scale    = 0.976
23:06:16 | i — | [  INIT   ]   bg_ails_wall_model_wave_exponent= -0.18
23:06:16 | i — | [  INIT   ]   bg_ails_initial_omega       = 10
23:06:16 | i — | [  INIT   ]   bg_ails_boundary_threshold  = 0.5
23:06:16 | i — | [  INIT   ]   bg_ails_small_cluster_cap   = 20
23:06:16 | i — | [  INIT   ]   bg_ails_small_cluster_alpha = 0.5
23:06:16 | i — | [  INIT   ]   bg_ails_pair_selection      = greedy
23:06:16 | i — | [  INIT   ]   bg_ails_n_chains_mode       = k
23:06:16 | i — | [  INIT   ] ── standard_improvement ────────────────────
23:06:16 | i — | [  INIT   ]   standard_improvement_time_limit= 360.0
23:06:16 | i — | [  INIT   ] ── pool ────────────────────────────────────
23:06:16 | i — | [  INIT   ]   max_pool_size               = 10000
23:06:16 | i — | [  INIT   ]   pool_diversity_weight       = 0.5
23:06:16 | i — | [  INIT   ] ── haos ────────────────────────────────────
23:06:16 | i — | [  INIT   ]   haos_decay                  = 0.95
23:06:16 | i — | [  INIT   ]   haos_warmup                 = 10
23:06:16 | i — | [  INIT   ]   haos_starting_weight        = 10.0
23:06:16 | i — | [  INIT   ]   haos_min_weight_k           = 0.025
23:06:16 | i — | [  INIT   ]   haos_min_weight_lambda      = 0.05
23:06:16 | i — | [  INIT   ]   haos_min_weight_paradigm    = 0.1
23:06:16 | i — | [  INIT   ]   haos_min_weight_vertex_method= 0.05
23:06:16 | i — | [  INIT   ]   haos_min_weight_route_method= 0.05
23:06:16 | i — | [  INIT   ]   haos_min_weight_solver      = 0.05
23:06:16 | i — | [  INIT   ]   haos_lambda_demand_values   = [0.0, 0.2, 0.4, 0.6, 0.8, 1.0]
23:06:16 | i — | [  INIT   ]   haos_paradigm_values        = ['vertex', 'route']
23:06:16 | i — | [  INIT   ]   haos_vertex_method_values   = ['kmeans', 'agglomerative_avg', 'agglomerative_complete', 'kmedoids', 'fcm']
23:06:16 | i — | [  INIT   ]   haos_route_method_values    = ['kmeans', 'agglomerative_avg', 'agglomerative_complete']
23:06:16 | i — | [  INIT   ]   haos_solver_values          = ['pyvrp', 'filo', 'filo2', 'ails2']
23:06:16 | i — | [  INIT   ] ── haos_rewards ────────────────────────────
23:06:16 | i — | [  INIT   ]   haos_reward_new_best        = 10.0
23:06:16 | i — | [  INIT   ]   haos_reward_improvement     = 4.0
23:06:16 | i — | [  INIT   ]   haos_reward_no_improvement  = 1.0
23:06:16 | i — | [  INIT   ]   haos_reward_no_solution     = 0.0
23:06:16 | i — | [  INIT   ]   haos_deferred_new_best      = 7.0
23:06:16 | i — | [  INIT   ]   haos_deferred_improvement   = 3.0
23:06:16 | i — | [  INIT   ]   haos_deferred_no_improvement= 0.0
23:06:16 | i — | [  INIT   ] ── seed ────────────────────────────────────
23:06:16 | i — | [  INIT   ]   seed                        = 30
23:06:16 | i — | [  INIT   ] ── output ──────────────────────────────────
23:06:16 | i — | [  INIT   ]   output_dir                  = /app/artifacts/final_benchmark/runs/X-n5649-k401/seed30
23:06:16 | i — | [  INIT   ]   run_analysis                = False
23:06:16 | i — | [  INIT   ] ══════════════════════════════════════════════════════
23:06:16 | i — | [  INIT   ] BKS=644562.00
23:06:16 | i — | [  INIT   ] ════════════════════════════════════════
23:06:16 | i 1 | [HAOS ROLL] k=12  λ=1.0  vb  ac_avg  filo  P≈0.000417
23:06:23 | i 1 | [Phase 1/3] decompose  6.88s / — / —  λ=1.0  vb ac_avg
23:07:27 | i 1 | [Phase 2/3] route  63.90s / 42.24s / 151.3%  filo  k=12
23:07:27 | i 1 | [ IMPROVE ] 656696.00  via decompose_route  ·  Δ_BKS=+1.88%
23:07:27 | i 1 | [HAOS ROLL] k=12  λ=1.0  vb  ac_avg  filo  P≈0.000417
23:07:27 | i 1 | [ Summary ] cost=656696.00  Δ_S*=+0.00%  Δ_BKS=+1.88%  Δ_S*_BKS=+1.88%  no_improve=0
23:07:27 | i 2 | [HAOS ROLL] k=3  λ=1.0  rb  ac_complete  ails2  P≈0.000694
23:07:29 | i 2 | [Phase 1/3] decompose  2.34s / — / —  λ=1.0  rb ac_complete
23:10:20 | i 2 | [Phase 2/3] route  170.43s / 167.40s / 101.8%  ails2  k=3
23:10:20 | i 1 | [ IMPROVE ] 647979.00  via bg_ails  ·  Δ_BKS=+0.53%
23:10:20 | i 1 | [ ASYNC BG] bg_ails  74.10s / 62.03s / 119.5%
23:10:20 | i 2 | [HAOS ROLL] k=3  λ=1.0  rb  ac_complete  ails2  P≈0.000694
23:10:20 | i 2 | [ Summary ] cost=648096.00  Δ_S*=+0.02%  Δ_BKS=+0.55%  Δ_S*_BKS=+0.53%  no_improve=1
23:10:20 | i 3 | [HAOS ROLL] k=19  λ=0.4  vb  ac_complete  filo2  P≈0.000417
23:10:23 | i 3 | [Phase 1/3] decompose  3.38s / — / —  λ=0.4  vb ac_complete
23:11:28 | i 3 | [Phase 2/3] route  65.16s / 25.32s / 257.3%  filo2  k=19
23:13:14 | i 2 | [ IMPROVE ] 646551.00  via bg_ails  ·  Δ_BKS=+0.31%
23:13:14 | i 2 | [ ASYNC BG] bg_ails  174.15s / 163.38s / 106.6%
23:13:14 | i 3 | [HAOS ROLL] k=19  λ=0.4  vb  ac_complete  filo2  P≈0.000417
23:13:14 | i 3 | [ Summary ] cost=664948.00  Δ_S*=+2.85%  Δ_BKS=+3.16%  Δ_S*_BKS=+0.31%  no_improve=1
23:13:14 | i 4 | [HAOS ROLL] k=19  λ=0.8  vb  fcm  ails2  P≈0.000417
23:13:18 | i 4 | [Phase 1/3] decompose  4.17s / — / —  λ=0.8  vb fcm
23:14:31 | i 4 | [Phase 2/3] route  72.60s / 20.70s / 350.7%  ails2  k=19
23:14:31 | i 3 | [ ASYNC BG] bg_ails  71.61s / 60.00s / 119.4%
23:14:31 | i 4 | [HAOS ROLL] k=19  λ=0.8  vb  fcm  ails2  P≈0.000417
23:14:31 | i 4 | [ Summary ] cost=662522.00  Δ_S*=+2.47%  Δ_BKS=+2.79%  Δ_S*_BKS=+0.31%  no_improve=3
23:14:31 | i 5 | [HAOS ROLL] k=4  λ=0.8  vb  ac_complete  ails2  P≈0.000417
23:14:34 | i 5 | [Phase 1/3] decompose  3.23s / — / —  λ=0.8  vb ac_complete
23:16:38 | i 5 | [Phase 2/3] route  123.95s / 121.80s / 101.8%  ails2  k=4
23:16:38 | i 4 | [ ASYNC BG] bg_ails  71.62s / 60.00s / 119.4%
23:16:38 | i 5 | [HAOS ROLL] k=4  λ=0.8  vb  ac_complete  ails2  P≈0.000417
23:16:38 | i 5 | [ Summary ] cost=648875.00  Δ_S*=+0.36%  Δ_BKS=+0.67%  Δ_S*_BKS=+0.31%  no_improve=5
23:16:38 | i 6 | [HAOS ROLL] k=2  λ=0.0  rb  kmeans  filo  P≈0.000694
23:16:40 | i 6 | [Phase 1/3] decompose  1.87s / — / —  λ=0.0  rb kmeans
23:19:38 | i 6 | [Phase 2/3] route  177.63s / 177.12s / 100.3%  filo  k=2
23:19:38 | i 5 | [ ASYNC BG] bg_ails  129.13s / 118.88s / 108.6%
23:19:38 | i 6 | [HAOS ROLL] k=2  λ=0.0  rb  kmeans  filo  P≈0.000694
23:19:38 | i 6 | [ Summary ] cost=649468.00  Δ_S*=+0.45%  Δ_BKS=+0.76%  Δ_S*_BKS=+0.31%  no_improve=7
23:19:38 | i 7 | [HAOS ROLL] k=19  λ=0.6  rb  ac_avg  filo  P≈0.000694
23:19:40 | i 7 | [Phase 1/3] decompose  2.27s / — / —  λ=0.6  rb ac_avg
23:20:41 | i 7 | [Phase 2/3] route  61.15s / 29.10s / 210.1%  filo  k=19
23:22:40 | i 6 | [ ASYNC BG] bg_ails  182.46s / 172.87s / 105.5%
23:22:40 | i 7 | [HAOS ROLL] k=19  λ=0.6  rb  ac_avg  filo  P≈0.000694
23:22:40 | i 7 | [ Summary ] cost=648442.00  Δ_S*=+0.29%  Δ_BKS=+0.60%  Δ_S*_BKS=+0.31%  no_improve=9
23:22:40 | i 6 | [ASYNC 1/2] sp_sc  0.00s / 720.00s / 0.0%  SC
23:22:40 | i 8 | [HAOS ROLL] k=8  λ=0.6  rb  ac_complete  filo  P≈0.000694
23:22:43 | i 8 | [Phase 1/3] decompose  2.37s / — / —  λ=0.6  rb ac_complete
23:23:59 | i 8 | [Phase 2/3] route  76.17s / 66.24s / 115.0%  filo  k=8
23:23:59 | i 7 | [ ASYNC BG] bg_ails  71.38s / 60.00s / 119.0%
23:23:59 | i 8 | [HAOS ROLL] k=8  λ=0.6  rb  ac_complete  filo  P≈0.000694
23:23:59 | i 8 | [ Summary ] cost=649786.00  Δ_S*=+0.50%  Δ_BKS=+0.81%  Δ_S*_BKS=+0.31%  no_improve=11
23:23:59 | i 9 | [HAOS ROLL] k=19  λ=0.8  vb  ac_avg  ails2  P≈0.000417
23:24:02 | i 9 | [Phase 1/3] decompose  3.36s / — / —  λ=0.8  vb ac_avg
23:25:04 | i 9 | [Phase 2/3] route  62.24s / 32.70s / 190.3%  ails2  k=19
23:25:41 | i 8 | [ ASYNC BG] bg_ails  102.20s / 91.80s / 111.3%
23:25:41 | i 9 | [HAOS ROLL] k=19  λ=0.8  vb  ac_avg  ails2  P≈0.000417
23:25:41 | i 9 | [ Summary ] cost=660271.00  Δ_S*=+2.12%  Δ_BKS=+2.44%  Δ_S*_BKS=+0.31%  no_improve=13
23:25:41 | i 10 | [HAOS ROLL] k=15  λ=0.4  rb  ac_avg  filo  P≈0.000694
23:25:44 | i 10 | [Phase 1/3] decompose  2.41s / — / —  λ=0.4  rb ac_avg
23:26:49 | i 10 | [Phase 2/3] route  65.15s / 32.88s / 198.1%  filo  k=15
23:26:53 | i 9 | [ ASYNC BG] bg_ails  72.34s / 61.23s / 118.1%
23:26:53 | i 10 | [HAOS ROLL] k=15  λ=0.4  rb  ac_avg  filo  P≈0.000694
23:26:53 | i 10 | [ Summary ] cost=649468.00  Δ_S*=+0.45%  Δ_BKS=+0.76%  Δ_S*_BKS=+0.31%  no_improve=15
23:26:53 | i 11 | [HAOS ROLL] k=3  λ=0.8  vb  ac_avg  filo2  P≈0.000417
23:26:57 | i 11 | [Phase 1/3] decompose  3.44s / — / —  λ=0.8  vb ac_avg
23:29:23 | i 11 | [Phase 2/3] route  146.40s / 145.50s / 100.6%  filo2  k=3
23:29:23 | i 10 | [ ASYNC BG] bg_ails  81.20s / 70.30s / 115.5%
23:29:23 | i 11 | [HAOS ROLL] k=3  λ=0.8  vb  ac_avg  filo2  P≈0.000417
23:29:23 | i 11 | [ Summary ] cost=649892.00  Δ_S*=+0.52%  Δ_BKS=+0.83%  Δ_S*_BKS=+0.31%  no_improve=17
23:29:23 | i 12 | [HAOS ROLL] k=2  λ=1.0  vb  ac_complete  filo  P≈0.000412
23:29:27 | i 12 | [Phase 1/3] decompose  3.54s / — / —  λ=1.0  vb ac_complete
23:32:40 | i 12 | [Phase 2/3] route  192.67s / 191.58s / 100.6%  filo  k=2
23:32:40 | i 11 | [ ASYNC BG] bg_ails  153.30s / 142.01s / 107.9%
23:32:40 | i 12 | [HAOS ROLL] k=2  λ=1.0  vb  ac_complete  filo  P≈0.000412
23:32:40 | i 12 | [ Summary ] cost=649307.00  Δ_S*=+0.43%  Δ_BKS=+0.74%  Δ_S*_BKS=+0.31%  no_improve=19
23:32:40 | i 13 | [HAOS ROLL] k=4  λ=0.0  rb  ac_complete  pyvrp  P≈0.000457
23:32:42 | i 13 | [Phase 1/3] decompose  1.80s / — / —  λ=0.0  rb ac_complete
23:34:33 | i 13 | [Phase 2/3] route  111.54s / 102.00s / 109.4%  pyvrp  k=4
23:35:57 | i 12 | [ ASYNC BG] bg_ails  197.35s / 186.98s / 105.5%
23:35:57 | i 13 | [HAOS ROLL] k=4  λ=0.0  rb  ac_complete  pyvrp  P≈0.000457
23:35:57 | i 13 | [ Summary ] cost=658418.00  Δ_S*=+1.84%  Δ_BKS=+2.15%  Δ_S*_BKS=+0.31%  no_improve=21
23:35:57 | i 14 | [HAOS ROLL] k=6  λ=0.4  vb  kmeans  filo2  P≈0.000425
23:36:00 | i 14 | [Phase 1/3] decompose  2.42s / — / —  λ=0.4  vb kmeans
23:37:19 | i 14 | [Phase 2/3] route  79.27s / 79.38s / 99.9%  filo2  k=6
23:37:47 | i 13 | [ ASYNC BG] bg_ails  109.52s / 99.55s / 110.0%
23:37:47 | i 14 | [HAOS ROLL] k=6  λ=0.4  vb  kmeans  filo2  P≈0.000425
23:37:47 | i 14 | [ Summary ] cost=652104.00  Δ_S*=+0.86%  Δ_BKS=+1.17%  Δ_S*_BKS=+0.31%  no_improve=23
23:37:47 | i 15 | [HAOS ROLL] k=8  λ=0.0  vb  kmeans  ails2  P≈0.000379
23:37:49 | i 15 | [Phase 1/3] decompose  1.80s / — / —  λ=0.0  vb kmeans
23:39:17 | i 15 | [Phase 2/3] route  88.69s / 45.06s / 196.8%  ails2  k=8
23:39:17 | i 14 | [ ASYNC BG] bg_ails  88.11s / 77.47s / 113.7%
23:39:17 | i 15 | [HAOS ROLL] k=8  λ=0.0  vb  kmeans  ails2  P≈0.000379
23:39:18 | i 15 | [ Summary ] cost=652207.00  Δ_S*=+0.87%  Δ_BKS=+1.19%  Δ_S*_BKS=+0.31%  no_improve=25
23:39:18 | i 16 | [HAOS ROLL] k=12  λ=1.0  vb  kmeans  filo  P≈0.000570
23:39:20 | i 16 | [Phase 1/3] decompose  2.42s / — / —  λ=1.0  vb kmeans
23:40:19 | i 16 | [Phase 2/3] route  59.15s / 34.32s / 172.3%  filo  k=12
23:40:45 | i 15 | [ ASYNC BG] bg_ails  87.67s / 77.33s / 113.4%
23:40:45 | i 16 | [HAOS ROLL] k=12  λ=1.0  vb  kmeans  filo  P≈0.000570
23:40:45 | i 16 | [ Summary ] cost=656527.00  Δ_S*=+1.54%  Δ_BKS=+1.86%  Δ_S*_BKS=+0.31%  no_improve=27
23:40:45 | i 17 | [HAOS ROLL] k=4  λ=0.8  vb  kmedoids  filo2  P≈0.000520
23:40:49 | i 17 | [Phase 1/3] decompose  3.69s / — / —  λ=0.8  vb kmedoids
23:42:17 | i 17 | [Phase 2/3] route  88.24s / 87.78s / 100.5%  filo2  k=4
23:42:17 | i 16 | [ ASYNC BG] bg_ails  71.42s / 60.00s / 119.0%
23:42:17 | i 17 | [HAOS ROLL] k=4  λ=0.8  vb  kmedoids  filo2  P≈0.000520
23:42:17 | i 17 | [ Summary ] cost=649665.00  Δ_S*=+0.48%  Δ_BKS=+0.79%  Δ_S*_BKS=+0.31%  no_improve=29
23:42:17 | i 18 | [HAOS ROLL] k=12  λ=1.0  rb  kmeans  filo2  P≈0.000644
23:42:20 | i 18 | [Phase 1/3] decompose  2.46s / — / —  λ=1.0  rb kmeans
23:43:35 | i 18 | [Phase 2/3] route  75.20s / 38.52s / 195.2%  filo2  k=12
23:43:54 | i 17 | [ ASYNC BG] bg_ails  96.33s / 85.67s / 112.4%
23:43:54 | i 18 | [HAOS ROLL] k=12  λ=1.0  rb  kmeans  filo2  P≈0.000644
23:43:54 | i 18 | [ Summary ] cost=648470.00  Δ_S*=+0.30%  Δ_BKS=+0.61%  Δ_S*_BKS=+0.31%  no_improve=31
23:43:54 | i 19 | [HAOS ROLL] k=12  λ=0.6  vb  kmedoids  filo  P≈0.000614
23:43:57 | i 19 | [Phase 1/3] decompose  3.35s / — / —  λ=0.6  vb kmedoids
23:44:59 | i 19 | [Phase 2/3] route  62.16s / 34.32s / 181.1%  filo  k=12
23:45:09 | i 18 | [ ASYNC BG] bg_ails  75.28s / 64.20s / 117.3%
23:45:09 | i 19 | [HAOS ROLL] k=12  λ=0.6  vb  kmedoids  filo  P≈0.000614
23:45:09 | i 19 | [ Summary ] cost=657944.00  Δ_S*=+1.76%  Δ_BKS=+2.08%  Δ_S*_BKS=+0.31%  no_improve=33
23:45:09 | i 20 | [HAOS ROLL] k=10  λ=0.4  vb  kmedoids  pyvrp  P≈0.000313
23:45:13 | i 20 | [Phase 1/3] decompose  3.76s / — / —  λ=0.4  vb kmedoids
23:46:27 | i 20 | [Phase 2/3] route  73.54s / 41.64s / 176.6%  pyvrp  k=10
23:46:27 | i 19 | [ ASYNC BG] bg_ails  71.30s / 60.00s / 118.8%
23:46:27 | i 20 | [HAOS ROLL] k=10  λ=0.4  vb  kmedoids  pyvrp  P≈0.000313
23:46:27 | i 20 | [ Summary ] cost=659754.00  Δ_S*=+2.04%  Δ_BKS=+2.36%  Δ_S*_BKS=+0.31%  no_improve=35
23:46:27 | i 21 | [HAOS ROLL] k=24  λ=0.4  rb  kmeans  filo  P≈0.000428
23:46:29 | i 21 | [Phase 1/3] decompose  2.38s / — / —  λ=0.4  rb kmeans
23:47:31 | i 21 | [Phase 2/3] route  62.20s / 17.58s / 353.8%  filo  k=24
23:47:48 | i 20 | [ ASYNC BG] bg_ails  81.33s / 70.45s / 115.4%
23:47:48 | i 21 | [HAOS ROLL] k=24  λ=0.4  rb  kmeans  filo  P≈0.000428
23:47:48 | i 21 | [ Summary ] cost=648120.00  Δ_S*=+0.24%  Δ_BKS=+0.55%  Δ_S*_BKS=+0.31%  no_improve=37
23:47:48 | i 22 | [HAOS ROLL] k=2  λ=0.2  rb  ac_complete  ails2  P≈0.000151
23:47:51 | i 22 | [Phase 1/3] decompose  2.33s / — / —  λ=0.2  rb ac_complete
23:50:44 | i 22 | [Phase 2/3] route  173.74s / 170.64s / 101.8%  ails2  k=2
23:50:44 | i 21 | [ ASYNC BG] bg_ails  71.42s / 60.00s / 119.0%
23:50:44 | i 22 | [ IMPROVE ] 646301.00  via decompose_route  ·  Δ_BKS=+0.27%
23:50:45 | i 22 | [HAOS ROLL] k=2  λ=0.2  rb  ac_complete  ails2  P≈0.000151
23:50:45 | i 22 | [ Summary ] cost=646301.00  Δ_S*=+0.00%  Δ_BKS=+0.27%  Δ_S*_BKS=+0.27%  no_improve=0
23:50:45 | i 16 | [ASYNC 1/2] sp_sc  146.32s / 720.00s / 20.3%  SP  avg_coverage=26.77/5  pool=10000
23:50:45 | i 16 | [ASYNC 2/2] standard_ails  369.23s / 360.00s / 102.6%
23:52:09 | i 16 | [ IMPROVE ] 646013.00  via standard_ails  ·  Δ_BKS=+0.23%
23:52:09 | i 23 | [HAOS ROLL] k=3  λ=0.4  vb  kmeans  filo  P≈0.000646
23:52:12 | i 23 | [Phase 1/3] decompose  2.32s / — / —  λ=0.4  vb kmeans
23:54:13 | i 23 | [Phase 2/3] route  121.37s / 121.26s / 100.1%  filo  k=3
23:54:13 | i 22 | [ ASYNC BG] bg_ails  177.20s / 166.54s / 106.4%
23:54:13 | i 23 | [HAOS ROLL] k=3  λ=0.4  vb  kmeans  filo  P≈0.000646
23:54:14 | i 23 | [ Summary ] cost=650151.00  Δ_S*=+0.64%  Δ_BKS=+0.87%  Δ_S*_BKS=+0.23%  no_improve=2
23:54:14 | i 24 | [HAOS ROLL] k=24  λ=0.6  rb  ac_avg  pyvrp  P≈0.000302
23:54:16 | i 24 | [Phase 1/3] decompose  2.36s / — / —  λ=0.6  rb ac_avg
23:55:19 | i 24 | [Phase 2/3] route  63.30s / 23.52s / 269.1%  pyvrp  k=24
23:56:22 | i 23 | [ ASYNC BG] bg_ails  129.06s / 118.35s / 109.1%
23:56:23 | i 24 | [HAOS ROLL] k=24  λ=0.6  rb  ac_avg  pyvrp  P≈0.000302
23:56:23 | i 24 | [ Summary ] cost=652312.00  Δ_S*=+0.98%  Δ_BKS=+1.20%  Δ_S*_BKS=+0.23%  no_improve=4
23:56:23 | i 25 | [HAOS ROLL] k=3  λ=0.4  rb  ac_complete  filo2  P≈0.000984
23:56:25 | i 25 | [Phase 1/3] decompose  2.28s / — / —  λ=0.4  rb ac_complete
23:59:12 | i 25 | [Phase 2/3] route  167.52s / 166.74s / 100.5%  filo2  k=3
23:59:13 | i 24 | [ ASYNC BG] bg_ails  72.22s / 61.73s / 117.0%
23:59:13 | i 25 | [HAOS ROLL] k=3  λ=0.4  rb  ac_complete  filo2  P≈0.000984
23:59:13 | i 25 | [ Summary ] cost=649817.00  Δ_S*=+0.59%  Δ_BKS=+0.82%  Δ_S*_BKS=+0.23%  no_improve=6
23:59:13 | i 26 | [HAOS ROLL] k=24  λ=0.8  rb  ac_complete  pyvrp  P≈0.000395
23:59:15 | i 26 | [Phase 1/3] decompose  2.28s / — / —  λ=0.8  rb ac_complete
00:00:17 | i 26 | [Phase 2/3] route  61.76s / 21.84s / 282.8%  pyvrp  k=24
00:02:06 | i 25 | [ ASYNC BG] bg_ails  173.06s / 162.74s / 106.3%
00:02:06 | i 26 | [HAOS ROLL] k=24  λ=0.8  rb  ac_complete  pyvrp  P≈0.000395
00:02:06 | i 26 | [ Summary ] cost=652172.00  Δ_S*=+0.95%  Δ_BKS=+1.18%  Δ_S*_BKS=+0.23%  no_improve=8
00:02:06 | i 27 | [HAOS ROLL] k=2  λ=0.2  rb  kmeans  ails2  P≈0.000900
00:02:09 | i 27 | [Phase 1/3] decompose  2.39s / — / —  λ=0.2  rb kmeans
00:05:10 | i 27 | [Phase 2/3] route  181.93s / 178.14s / 102.1%  ails2  k=2
00:05:11 | i 26 | [ ASYNC BG] bg_ails  71.31s / 60.00s / 118.8%
00:05:11 | i 27 | [HAOS ROLL] k=2  λ=0.2  rb  kmeans  ails2  P≈0.000900
00:05:11 | i 27 | [ Summary ] cost=646400.00  Δ_S*=+0.06%  Δ_BKS=+0.29%  Δ_S*_BKS=+0.23%  no_improve=10
00:05:11 | i 28 | [HAOS ROLL] k=12  λ=0.0  vb  ac_complete  ails2  P≈0.000220
00:05:14 | i 28 | [Phase 1/3] decompose  2.77s / — / —  λ=0.0  vb ac_complete
00:06:21 | i 28 | [Phase 2/3] route  67.50s / 45.78s / 147.4%  ails2  k=12
00:08:15 | i 27 | [ ASYNC BG] bg_ails  184.10s / 173.86s / 105.9%
00:08:15 | i 28 | [HAOS ROLL] k=12  λ=0.0  vb  ac_complete  ails2  P≈0.000220
00:08:15 | i 28 | [ Summary ] cost=652645.00  Δ_S*=+1.03%  Δ_BKS=+1.25%  Δ_S*_BKS=+0.23%  no_improve=12
00:08:15 | i 29 | [HAOS ROLL] k=8  λ=0.0  rb  kmeans  ails2  P≈0.000579
00:08:17 | i 29 | [Phase 1/3] decompose  1.91s / — / —  λ=0.0  rb kmeans
00:09:37 | i 29 | [Phase 2/3] route  79.65s / 53.22s / 149.7%  ails2  k=8
00:09:37 | i 28 | [ ASYNC BG] bg_ails  74.68s / 64.72s / 115.4%
00:09:37 | i 29 | [HAOS ROLL] k=8  λ=0.0  rb  kmeans  ails2  P≈0.000579
00:09:37 | i 29 | [ Summary ] cost=646280.00  Δ_S*=+0.04%  Δ_BKS=+0.27%  Δ_S*_BKS=+0.23%  no_improve=14
00:09:37 | i 30 | [HAOS ROLL] k=4  λ=0.4  rb  ac_complete  ails2  P≈0.001003
00:09:39 | i 30 | [Phase 1/3] decompose  2.31s / — / —  λ=0.4  rb ac_complete
00:11:21 | i 30 | [Phase 2/3] route  101.71s / 99.54s / 102.2%  ails2  k=4
00:11:21 | i 29 | [ ASYNC BG] bg_ails  91.71s / 81.67s / 112.3%
00:11:21 | i 30 | [HAOS ROLL] k=4  λ=0.4  rb  ac_complete  ails2  P≈0.001003
00:11:21 | i 30 | [ Summary ] cost=646027.00  Δ_S*=+0.00%  Δ_BKS=+0.23%  Δ_S*_BKS=+0.23%  no_improve=16
00:11:21 | i 26 | [ASYNC 1/2] sp_sc  109.97s / 720.00s / 15.3%  SP  avg_coverage=26.23/5  pool=10000
00:11:21 | i 26 | [ASYNC 2/2] standard_ails  369.38s / 360.00s / 102.6%
00:12:46 | i 26 | [ IMPROVE ] 645748.00  via standard_ails  ·  Δ_BKS=+0.18%
00:12:46 | i 31 | [HAOS ROLL] k=10  λ=1.0  vb  fcm  filo  P≈0.000192
00:12:49 | i 31 | [Phase 1/3] decompose  3.35s / — / —  λ=1.0  vb fcm
00:14:00 | i 31 | [Phase 2/3] route  71.19s / 38.64s / 184.2%  filo  k=10
00:14:00 | i 30 | [ ASYNC BG] bg_ails  107.96s / 97.15s / 111.1%
00:14:01 | i 31 | [HAOS ROLL] k=10  λ=1.0  vb  fcm  filo  P≈0.000192
00:14:01 | i 31 | [ Summary ] cost=654961.00  Δ_S*=+1.43%  Δ_BKS=+1.61%  Δ_S*_BKS=+0.18%  no_improve=2
00:14:01 | i 32 | [HAOS ROLL] k=2  λ=0.6  vb  kmeans  filo2  P≈0.000200
00:14:03 | i 32 | [Phase 1/3] decompose  2.31s / — / —  λ=0.6  vb kmeans
00:16:54 | i 32 | [Phase 2/3] route  170.55s / 169.74s / 100.5%  filo2  k=2
00:16:54 | i 31 | [ ASYNC BG] bg_ails  73.18s / 62.96s / 116.2%
00:16:54 | i 32 | [HAOS ROLL] k=2  λ=0.6  vb  kmeans  filo2  P≈0.000200
00:16:54 | i 32 | [ Summary ] cost=648728.00  Δ_S*=+0.46%  Δ_BKS=+0.65%  Δ_S*_BKS=+0.18%  no_improve=4
00:16:54 | i 33 | [HAOS ROLL] k=12  λ=0.6  rb  ac_avg  ails2  P≈0.000897
00:16:57 | i 33 | [Phase 1/3] decompose  2.28s / — / —  λ=0.6  rb ac_avg
00:18:03 | i 33 | [Phase 2/3] route  66.43s / 53.70s / 123.7%  ails2  k=12
00:19:51 | i 32 | [ ASYNC BG] bg_ails  177.11s / 165.67s / 106.9%
00:19:51 | i 33 | [HAOS ROLL] k=12  λ=0.6  rb  ac_avg  ails2  P≈0.000897
00:19:51 | i 33 | [ Summary ] cost=645946.00  Δ_S*=+0.03%  Δ_BKS=+0.21%  Δ_S*_BKS=+0.18%  no_improve=6
00:19:51 | i 34 | [HAOS ROLL] k=2  λ=0.8  vb  fcm  ails2  P≈0.000569
00:19:54 | i 34 | [Phase 1/3] decompose  2.74s / — / —  λ=0.8  vb fcm
00:22:48 | i 34 | [Phase 2/3] route  173.75s / 170.16s / 102.1%  ails2  k=2
00:22:48 | i 33 | [ ASYNC BG] bg_ails  81.51s / 70.14s / 116.2%
00:22:48 | i 34 | [HAOS ROLL] k=2  λ=0.8  vb  fcm  ails2  P≈0.000569
00:22:49 | i 34 | [ Summary ] cost=646858.00  Δ_S*=+0.17%  Δ_BKS=+0.36%  Δ_S*_BKS=+0.18%  no_improve=8
00:22:49 | i 35 | [HAOS ROLL] k=15  λ=1.0  vb  ac_avg  ails2  P≈0.000635
00:22:52 | i 35 | [Phase 1/3] decompose  3.44s / — / —  λ=1.0  vb ac_avg
00:23:59 | i 35 | [Phase 2/3] route  67.33s / 33.84s / 199.0%  ails2  k=15
00:25:45 | i 34 | [ ASYNC BG] bg_ails  177.26s / 166.08s / 106.7%
00:25:46 | i 35 | [HAOS ROLL] k=15  λ=1.0  vb  ac_avg  ails2  P≈0.000635
00:25:46 | i 35 | [ Summary ] cost=660338.00  Δ_S*=+2.26%  Δ_BKS=+2.45%  Δ_S*_BKS=+0.18%  no_improve=10
00:25:46 | i 36 | [HAOS ROLL] k=4  λ=0.0  rb  ac_complete  ails2  P≈0.001512
00:25:48 | i 36 | [Phase 1/3] decompose  1.79s / — / —  λ=0.0  rb ac_complete
00:28:00 | i 36 | [Phase 2/3] route  132.55s / 129.66s / 102.2%  ails2  k=4
00:28:00 | i 35 | [ ASYNC BG] bg_ails  79.17s / 68.57s / 115.5%
00:28:01 | i 36 | [HAOS ROLL] k=4  λ=0.0  rb  ac_complete  ails2  P≈0.001512
00:28:01 | i 36 | [ Summary ] cost=646120.00  Δ_S*=+0.06%  Δ_BKS=+0.24%  Δ_S*_BKS=+0.18%  no_improve=12
00:28:01 | i 37 | [HAOS ROLL] k=12  λ=0.2  rb  ac_complete  filo  P≈0.001466
00:28:03 | i 37 | [Phase 1/3] decompose  2.46s / — / —  λ=0.2  rb ac_complete
00:29:06 | i 37 | [Phase 2/3] route  63.16s / 39.66s / 159.3%  filo  k=12
00:30:17 | i 36 | [ ASYNC BG] bg_ails  136.62s / 126.55s / 108.0%
00:30:17 | i 37 | [HAOS ROLL] k=12  λ=0.2  rb  ac_complete  filo  P≈0.001466
00:30:17 | i 37 | [ Summary ] cost=648432.00  Δ_S*=+0.42%  Δ_BKS=+0.60%  Δ_S*_BKS=+0.18%  no_improve=14
00:30:17 | i 38 | [HAOS ROLL] k=4  λ=0.6  rb  kmeans  filo2  P≈0.000349
00:30:20 | i 38 | [Phase 1/3] decompose  2.54s / — / —  λ=0.6  rb kmeans
00:31:51 | i 38 | [Phase 2/3] route  91.28s / 90.78s / 100.6%  filo2  k=4
00:31:51 | i 37 | [ ASYNC BG] bg_ails  73.20s / 62.29s / 117.5%
00:31:51 | i 38 | [HAOS ROLL] k=4  λ=0.6  rb  kmeans  filo2  P≈0.000349
00:31:52 | i 38 | [ Summary ] cost=650547.00  Δ_S*=+0.74%  Δ_BKS=+0.93%  Δ_S*_BKS=+0.18%  no_improve=16
00:31:52 | i 34 | [ASYNC 1/2] sp_sc  140.34s / 720.00s / 19.5%  SP  avg_coverage=24.76/5  pool=10000
00:31:52 | i 34 | [ASYNC 2/2] standard_ails  369.31s / 360.00s / 102.6%
00:33:19 | i 39 | [HAOS ROLL] k=12  λ=1.0  vb  ac_avg  filo  P≈0.002046
00:33:22 | i 39 | [Phase 1/3] decompose  3.36s / — / —  λ=1.0  vb ac_avg
00:34:24 | i 39 | [Phase 2/3] route  62.17s / 42.24s / 147.2%  filo  k=12
00:34:24 | i 38 | [ ASYNC BG] bg_ails  100.11s / 88.60s / 113.0%
00:34:25 | i 39 | [HAOS ROLL] k=12  λ=1.0  vb  ac_avg  filo  P≈0.002046
00:34:25 | i 39 | [ Summary ] cost=656549.00  Δ_S*=+1.67%  Δ_BKS=+1.86%  Δ_S*_BKS=+0.18%  no_improve=19
00:34:25 | i 40 | [HAOS ROLL] k=19  λ=0.0  rb  kmeans  ails2  P≈0.001030
00:34:27 | i 40 | [Phase 1/3] decompose  1.78s / — / —  λ=0.0  rb kmeans
00:35:30 | i 40 | [Phase 2/3] route  63.34s / 22.08s / 286.9%  ails2  k=19
00:35:39 | i 39 | [ ASYNC BG] bg_ails  74.25s / 62.03s / 119.7%
00:35:39 | i 40 | [HAOS ROLL] k=19  λ=0.0  rb  kmeans  ails2  P≈0.001030
00:35:39 | i 40 | [ Summary ] cost=645756.00  Δ_S*=+0.00%  Δ_BKS=+0.19%  Δ_S*_BKS=+0.18%  no_improve=21
00:35:39 | i 41 | [HAOS ROLL] k=15  λ=0.2  vb  kmedoids  ails2  P≈0.000132
00:35:43 | i 41 | [Phase 1/3] decompose  3.74s / — / —  λ=0.2  vb kmedoids
00:36:56 | i 41 | [Phase 2/3] route  73.55s / 27.12s / 271.2%  ails2  k=15
00:36:56 | i 40 | [ ASYNC BG] bg_ails  70.82s / 60.00s / 118.0%
00:36:57 | i 41 | [HAOS ROLL] k=15  λ=0.2  vb  kmedoids  ails2  P≈0.000132
00:36:57 | i 41 | [ Summary ] cost=661154.00  Δ_S*=+2.39%  Δ_BKS=+2.57%  Δ_S*_BKS=+0.18%  no_improve=23
00:36:57 | i 42 | [HAOS ROLL] k=3  λ=0.8  rb  ac_avg  ails2  P≈0.001062
00:36:59 | i 42 | [Phase 1/3] decompose  2.34s / — / —  λ=0.8  rb ac_avg
00:39:23 | i 42 | [Phase 2/3] route  144.00s / 141.60s / 101.7%  ails2  k=3
00:39:23 | i 41 | [ ASYNC BG] bg_ails  74.16s / 63.86s / 116.1%
00:39:24 | i 42 | [HAOS ROLL] k=3  λ=0.8  rb  ac_avg  ails2  P≈0.001062
00:39:24 | i 42 | [ Summary ] cost=646262.00  Δ_S*=+0.08%  Δ_BKS=+0.26%  Δ_S*_BKS=+0.18%  no_improve=25
00:39:24 | i 43 | [HAOS ROLL] k=6  λ=0.2  rb  ac_complete  filo2  P≈0.000184
00:39:26 | i 43 | [Phase 1/3] decompose  2.44s / — / —  λ=0.2  rb ac_complete
00:40:34 | i 43 | [Phase 2/3] route  67.25s / 67.32s / 99.9%  filo2  k=6
00:41:52 | i 42 | [ ASYNC BG] bg_ails  149.06s / 138.20s / 107.9%
00:41:53 | i 43 | [HAOS ROLL] k=6  λ=0.2  rb  ac_complete  filo2  P≈0.000184
00:41:53 | i 43 | [ Summary ] cost=648847.00  Δ_S*=+0.48%  Δ_BKS=+0.66%  Δ_S*_BKS=+0.18%  no_improve=27
00:41:53 | i 44 | [HAOS ROLL] k=10  λ=0.6  vb  ac_complete  ails2  P≈0.000243
00:41:57 | i 44 | [Phase 1/3] decompose  3.54s / — / —  λ=0.6  vb ac_complete
00:43:12 | i 44 | [Phase 2/3] route  75.55s / 48.54s / 155.6%  ails2  k=10
00:43:12 | i 43 | [ ASYNC BG] bg_ails  76.19s / 65.70s / 116.0%
00:43:13 | i 44 | [HAOS ROLL] k=10  λ=0.6  vb  ac_complete  ails2  P≈0.000243
00:43:13 | i 44 | [ Summary ] cost=654743.00  Δ_S*=+1.39%  Δ_BKS=+1.58%  Δ_S*_BKS=+0.18%  no_improve=29
00:43:13 | i 45 | [HAOS ROLL] k=3  λ=0.6  vb  ac_avg  filo  P≈0.000909
00:43:16 | i 45 | [Phase 1/3] decompose  3.37s / — / —  λ=0.6  vb ac_avg
00:46:19 | i 45 | [Phase 2/3] route  182.62s / 181.68s / 100.5%  filo  k=3
00:46:19 | i 44 | [ ASYNC BG] bg_ails  79.34s / 68.54s / 115.8%
00:46:19 | i 45 | [HAOS ROLL] k=3  λ=0.6  vb  ac_avg  filo  P≈0.000909
00:46:19 | i 45 | [ Summary ] cost=649610.00  Δ_S*=+0.60%  Δ_BKS=+0.78%  Δ_S*_BKS=+0.18%  no_improve=31
00:46:19 | i 46 | [HAOS ROLL] k=19  λ=0.8  rb  kmeans  filo  P≈0.000849
00:46:22 | i 46 | [Phase 1/3] decompose  2.47s / — / —  λ=0.8  rb kmeans
00:47:27 | i 46 | [Phase 2/3] route  65.19s / 23.46s / 277.9%  filo  k=19
00:49:27 | i 45 | [ ASYNC BG] bg_ails  188.16s / 177.32s / 106.1%
00:49:27 | i 46 | [HAOS ROLL] k=19  λ=0.8  rb  kmeans  filo  P≈0.000849
00:49:27 | i 46 | [ Summary ] cost=648022.00  Δ_S*=+0.35%  Δ_BKS=+0.54%  Δ_S*_BKS=+0.18%  no_improve=33
00:49:27 | i 47 | [HAOS ROLL] k=15  λ=0.6  rb  ac_avg  filo  P≈0.000537
00:49:30 | i 47 | [Phase 1/3] decompose  2.38s / — / —  λ=0.6  rb ac_avg
00:50:35 | i 47 | [Phase 2/3] route  65.17s / 32.22s / 202.3%  filo  k=15
00:50:39 | i 46 | [ ASYNC BG] bg_ails  72.31s / 61.64s / 117.3%
00:50:40 | i 47 | [HAOS ROLL] k=15  λ=0.6  rb  ac_avg  filo  P≈0.000537
00:50:40 | i 47 | [ Summary ] cost=648624.00  Δ_S*=+0.45%  Δ_BKS=+0.63%  Δ_S*_BKS=+0.18%  no_improve=35
00:50:40 | i 48 | [HAOS ROLL] k=2  λ=0.4  vb  ac_complete  filo2  P≈0.000218
00:50:43 | i 48 | [Phase 1/3] decompose  3.37s / — / —  λ=0.4  vb ac_complete
00:54:19 | i 48 | [Phase 2/3] route  215.88s / 214.98s / 100.4%  filo2  k=2
00:54:19 | i 47 | [ ASYNC BG] bg_ails  76.32s / 65.06s / 117.3%
00:54:19 | i 48 | [HAOS ROLL] k=2  λ=0.4  vb  ac_complete  filo2  P≈0.000218
00:54:19 | i 48 | [ Summary ] cost=648821.00  Δ_S*=+0.48%  Δ_BKS=+0.66%  Δ_S*_BKS=+0.18%  no_improve=37
00:54:20 | i 44 | [ASYNC 1/2] sp_sc  134.02s / 720.00s / 18.6%  SP  avg_coverage=24.87/5  pool=10000
00:54:20 | i 44 | [ASYNC 2/2] standard_ails  369.36s / 360.00s / 102.6%
00:55:44 | i 44 | [ IMPROVE ] 645637.00  via standard_ails  ·  Δ_BKS=+0.17%
00:55:44 | i 49 | [HAOS ROLL] k=3  λ=1.0  vb  ac_complete  ails2  P≈0.001017
00:55:47 | i 49 | [Phase 1/3] decompose  3.31s / — / —  λ=1.0  vb ac_complete
00:58:17 | i 49 | [Phase 2/3] route  150.10s / 147.30s / 101.9%  ails2  k=3
00:58:17 | i 48 | [ ASYNC BG] bg_ails  219.89s / 209.82s / 104.8%
00:58:18 | i 49 | [HAOS ROLL] k=3  λ=1.0  vb  ac_complete  ails2  P≈0.001017
00:58:18 | i 49 | [ Summary ] cost=647069.00  Δ_S*=+0.22%  Δ_BKS=+0.39%  Δ_S*_BKS=+0.17%  no_improve=2
00:58:18 | i 50 | [HAOS ROLL] k=24  λ=0.8  rb  kmeans  ails2  P≈0.001624
00:58:20 | i 50 | [Phase 1/3] decompose  2.42s / — / —  λ=0.8  rb kmeans
00:59:31 | i 50 | [Phase 2/3] route  70.50s / 18.36s / 384.0%  ails2  k=24
01:00:53 | i 49 | [ ASYNC BG] bg_ails  155.05s / 143.76s / 107.8%
01:00:53 | i 50 | [ IMPROVE ] 645503.00  via decompose_route  ·  Δ_BKS=+0.15%
01:00:53 | i 50 | [HAOS ROLL] k=24  λ=0.8  rb  kmeans  ails2  P≈0.001624
01:00:53 | i 50 | [ Summary ] cost=645503.00  Δ_S*=+0.00%  Δ_BKS=+0.15%  Δ_S*_BKS=+0.15%  no_improve=0
01:00:53 | i 51 | [HAOS ROLL] k=6  λ=0.2  rb  ac_avg  ails2  P≈0.000267
01:00:55 | i 51 | [Phase 1/3] decompose  2.39s / — / —  λ=0.2  rb ac_avg
01:02:28 | i 51 | [Phase 2/3] route  92.32s / 89.16s / 103.5%  ails2  k=6
01:02:28 | i 50 | [ ASYNC BG] bg_ails  71.32s / 60.00s / 118.9%
01:02:28 | i 51 | [HAOS ROLL] k=6  λ=0.2  rb  ac_avg  ails2  P≈0.000267
01:02:28 | i 51 | [ Summary ] cost=646225.00  Δ_S*=+0.11%  Δ_BKS=+0.26%  Δ_S*_BKS=+0.15%  no_improve=2
01:02:28 | i 52 | [HAOS ROLL] k=3  λ=0.0  rb  ac_complete  filo2  P≈0.001032
01:02:30 | i 52 | [Phase 1/3] decompose  1.81s / — / —  λ=0.0  rb ac_complete
01:05:05 | i 52 | [Phase 2/3] route  154.50s / 154.08s / 100.3%  filo2  k=3
01:05:05 | i 51 | [ ASYNC BG] bg_ails  98.21s / 87.02s / 112.9%
01:05:05 | i 52 | [HAOS ROLL] k=3  λ=0.0  rb  ac_complete  filo2  P≈0.001032
01:05:05 | i 52 | [ Summary ] cost=649891.00  Δ_S*=+0.68%  Δ_BKS=+0.83%  Δ_S*_BKS=+0.15%  no_improve=4
01:05:05 | i 53 | [HAOS ROLL] k=3  λ=0.8  vb  ac_avg  ails2  P≈0.002963
01:05:09 | i 53 | [Phase 1/3] decompose  3.36s / — / —  λ=0.8  vb ac_avg
01:07:37 | i 53 | [Phase 2/3] route  148.11s / 145.50s / 101.8%  ails2  k=3
01:07:37 | i 53 | [HAOS ROLL] k=3  λ=0.8  vb  ac_avg  ails2  P≈0.002963
01:07:37 | i 53 | [ Summary ] cost=647110.00  Δ_S*=+0.25%  Δ_BKS=+0.40%  Δ_S*_BKS=+0.15%  no_improve=5
01:07:37 | i — | [  FINAL  ] async BG-AILS totals launched=51 applied=51 adopted=2 launch_skipped_cap=2 crashes=0 discarded_in_flight=False block_wait_total_s=1311.1
01:08:08 | i — | [  FINAL  ] async SP/SC totals invocations=6 adopted=3 skipped=0 discarded_in_flight=True sp_busy_frac=0.3733145175883528
01:08:08 | i — | [  FINAL  ] ════════════════════════════════════════
01:08:08 | i — | [  FINAL  ] Run complete  iterations=53  elapsed=02:01:51  best=645503.00
01:08:08 | i — | [  FINAL  ] Δ_BKS=+0.15%  no_improve_stop=False  time_stop=True  cancelled=False
01:08:08 | i — | [  FINAL  ] 
01:08:08 | i — | [  FINAL  ] [BEST SOLUTION — HAOS TAG SUMMARY]
01:08:08 | i — | [  FINAL  ] ────────────────────────────────────────
01:08:08 | i — | [  FINAL  ]   274 routes  rb  kmeans  k=24  λ=0.8  solver=ails2
01:08:08 | i — | [  FINAL  ]   7 routes  vb  ac_avg  k=12  λ=1.0  solver=filo
01:08:08 | i — | [  FINAL  ]   4 routes  vb  kmedoids  k=15  λ=0.2  solver=ails2
01:08:08 | i — | [  FINAL  ]   4 routes  rb  kmeans  k=19  λ=0.8  solver=filo
01:08:08 | i — | [  FINAL  ]   3 routes  vb  ac_complete  k=2  λ=0.4  solver=filo2
01:08:08 | i — | [  FINAL  ]   3 routes  rb  ac_avg  k=15  λ=0.6  solver=filo
01:08:08 | i — | [  FINAL  ]   3 routes  rb  kmeans  k=19  λ=0.0  solver=ails2
01:08:08 | i — | [  FINAL  ]   2 routes  rb  ac_complete  k=6  λ=0.2  solver=filo2
01:08:08 | i — | [  FINAL  ]   2 routes  vb  ac_avg  k=3  λ=0.6  solver=filo
01:08:08 | i — | [  FINAL  ]   2 routes  rb  kmeans  k=2  λ=0.0  solver=filo
01:08:08 | i — | [  FINAL  ]   2 routes  rb  ac_complete  k=2  λ=0.2  solver=ails2
01:08:08 | i — | [  FINAL  ]   1 routes  rb  ac_avg  k=3  λ=0.8  solver=ails2
01:08:08 | i — | [  FINAL  ]   1 routes  vb  ac_avg  k=3  λ=0.8  solver=filo2
01:08:08 | i — | [  FINAL  ]   1 routes  rb  ac_complete  k=3  λ=0.4  solver=filo2
01:08:08 | i — | [  FINAL  ]   1 routes  vb  kmedoids  k=12  λ=0.6  solver=filo
01:08:08 | i — | [  FINAL  ]   1 routes  rb  ac_avg  k=12  λ=0.6  solver=ails2
01:08:08 | i — | [  FINAL  ]   1 routes  vb  ac_complete  k=3  λ=1.0  solver=ails2
01:08:08 | i — | [  FINAL  ]   1 routes  vb  ac_complete  k=4  λ=0.8  solver=ails2
01:08:08 | i — | [  FINAL  ]   1 routes  vb  kmeans  k=8  λ=0.0  solver=ails2
01:08:08 | i — | [  FINAL  ]   1 routes  vb  ac_complete  k=2  λ=1.0  solver=filo
01:08:08 | i — | [  FINAL  ]   1 routes  vb  kmeans  k=2  λ=0.6  solver=filo2
01:08:08 | i — | [  FINAL  ]   1 routes  rb  ac_complete  k=3  λ=1.0  solver=ails2
01:08:08 | i — | [  FINAL  ]   84 routes  post-SP/SC improvement
01:08:08 | i — | [  FINAL  ] 
01:08:08 | i — | [  FINAL  ] [ROUTE POOL — HAOS TAG SUMMARY]
01:08:08 | i — | [  FINAL  ] ────────────────────────────────────────
01:08:08 | i — | [  FINAL  ]   794 routes  vb  ac_avg  k=12  λ=1.0  solver=filo
01:08:08 | i — | [  FINAL  ]   746 routes  vb  ac_complete  k=3  λ=1.0  solver=ails2
01:08:08 | i — | [  FINAL  ]   701 routes  vb  kmedoids  k=15  λ=0.2  solver=ails2
01:08:08 | i — | [  FINAL  ]   652 routes  rb  ac_complete  k=6  λ=0.2  solver=filo2
01:08:08 | i — | [  FINAL  ]   497 routes  vb  ac_complete  k=2  λ=0.4  solver=filo2
01:08:08 | i — | [  FINAL  ]   450 routes  vb  ac_complete  k=10  λ=0.6  solver=ails2
01:08:08 | i — | [  FINAL  ]   371 routes  vb  ac_avg  k=3  λ=0.8  solver=ails2
01:08:08 | i — | [  FINAL  ]   367 routes  rb  ac_avg  k=6  λ=0.2  solver=ails2
01:08:08 | i — | [  FINAL  ]   366 routes  rb  ac_complete  k=3  λ=0.0  solver=filo2
01:08:08 | i — | [  FINAL  ]   325 routes  rb  kmeans  k=4  λ=0.6  solver=filo2
01:08:08 | i — | [  FINAL  ]   314 routes  rb  ac_avg  k=3  λ=0.8  solver=ails2
01:08:08 | i — | [  FINAL  ]   282 routes  rb  kmeans  k=24  λ=0.8  solver=ails2
01:08:08 | i — | [  FINAL  ]   251 routes  vb  ac_avg  k=3  λ=0.6  solver=filo
01:08:08 | i — | [  FINAL  ]   217 routes  rb  ac_avg  k=15  λ=0.6  solver=filo
01:08:08 | i — | [  FINAL  ]   200 routes  vb  fcm  k=10  λ=1.0  solver=filo
01:08:08 | i — | [  FINAL  ]   191 routes  rb  kmeans  k=19  λ=0.8  solver=filo
01:08:08 | i — | [  FINAL  ]   177 routes  rb  kmeans  k=19  λ=0.0  solver=ails2
01:08:08 | i — | [  FINAL  ]   164 routes  vb  kmeans  k=2  λ=0.6  solver=filo2
01:08:08 | i — | [  FINAL  ]   156 routes  rb  ac_avg  k=24  λ=0.6  solver=pyvrp
01:08:08 | i — | [  FINAL  ]   141 routes  vb  kmeans  k=6  λ=0.4  solver=filo2
01:08:08 | i — | [  FINAL  ]   138 routes  vb  fcm  k=19  λ=0.8  solver=ails2
01:08:08 | i — | [  FINAL  ]   138 routes  vb  ac_avg  k=19  λ=0.8  solver=ails2
01:08:08 | i — | [  FINAL  ]   138 routes  vb  kmeans  k=3  λ=0.4  solver=filo
01:08:08 | i — | [  FINAL  ]   137 routes  rb  ac_complete  k=4  λ=0.0  solver=pyvrp
01:08:08 | i — | [  FINAL  ]   132 routes  vb  ac_complete  k=19  λ=0.4  solver=filo2
01:08:08 | i — | [  FINAL  ]   124 routes  rb  ac_complete  k=3  λ=0.4  solver=filo2
01:08:08 | i — | [  FINAL  ]   116 routes  vb  ac_complete  k=2  λ=1.0  solver=filo
01:08:08 | i — | [  FINAL  ]   113 routes  vb  kmeans  k=8  λ=0.0  solver=ails2
01:08:08 | i — | [  FINAL  ]   105 routes  rb  kmeans  k=2  λ=0.0  solver=filo
01:08:08 | i — | [  FINAL  ]   105 routes  rb  ac_complete  k=24  λ=0.8  solver=pyvrp
01:08:08 | i — | [  FINAL  ]   104 routes  rb  ac_avg  k=19  λ=0.6  solver=filo
01:08:08 | i — | [  FINAL  ]   99 routes  vb  ac_complete  k=4  λ=0.8  solver=ails2
01:08:08 | i — | [  FINAL  ]   99 routes  rb  ac_complete  k=8  λ=0.6  solver=filo
01:08:08 | i — | [  FINAL  ]   92 routes  rb  ac_avg  k=15  λ=0.4  solver=filo
01:08:08 | i — | [  FINAL  ]   91 routes  vb  ac_avg  k=3  λ=0.8  solver=filo2
01:08:08 | i — | [  FINAL  ]   77 routes  vb  kmeans  k=12  λ=1.0  solver=filo
01:08:08 | i — | [  FINAL  ]   71 routes  rb  ac_avg  k=12  λ=0.6  solver=ails2
01:08:08 | i — | [  FINAL  ]   66 routes  vb  fcm  k=2  λ=0.8  solver=ails2
01:08:08 | i — | [  FINAL  ]   52 routes  rb  ac_complete  k=3  λ=1.0  solver=ails2
01:08:08 | i — | [  FINAL  ]   22 routes  vb  kmedoids  k=10  λ=0.4  solver=pyvrp
01:08:08 | i — | [  FINAL  ]   16 routes  vb  kmedoids  k=12  λ=0.6  solver=filo
01:08:08 | i — | [  FINAL  ]   12 routes  rb  kmeans  k=12  λ=1.0  solver=filo2
01:08:08 | i — | [  FINAL  ]   10 routes  rb  ac_complete  k=2  λ=0.2  solver=ails2
01:08:08 | i — | [  FINAL  ]   7 routes  vb  kmedoids  k=4  λ=0.8  solver=filo2
01:08:08 | i — | [  FINAL  ]   7 routes  rb  kmeans  k=24  λ=0.4  solver=filo
01:08:08 | i — | [  FINAL  ]   4 routes  vb  ac_complete  k=12  λ=0.0  solver=ails2
01:08:08 | i — | [  FINAL  ]   4 routes  rb  ac_complete  k=4  λ=0.4  solver=ails2
01:08:08 | i — | [  FINAL  ]   2 routes  rb  kmeans  k=2  λ=0.2  solver=ails2
01:08:08 | i — | [  FINAL  ]   2 routes  rb  kmeans  k=8  λ=0.0  solver=ails2
01:08:08 | i — | [  FINAL  ]   555 routes  post-SP/SC improvement
01:08:08 | i — | [  FINAL  ] ════════════════════════════════════════
