22:13:57 | i — | [  INIT   ] ════════════════════════════════════════
22:13:57 | i — | [  INIT   ] DRISPI  instance=X-n3484-k436  n=3483  capacity=8
22:13:57 | i — | [  INIT   ] k domain (computed at init): [2, 3, 4, 6, 8, 10, 12]  k_ext=12  k_min=436  k_ext_bound=n_bound  spacing_rejected=0
22:13:57 | i — | [  INIT   ] ══════════════════════════════════════════════════════
22:13:57 | i — | [  INIT   ] CONFIGURATION
22:13:57 | i — | [  INIT   ] ── stopping ────────────────────────────────
22:13:57 | i — | [  INIT   ]   time_limit                  = 7200.0
22:13:57 | i — | [  INIT   ]   max_no_improve              = 1000000000
22:13:57 | i — | [  INIT   ] ── parallelism ─────────────────────────────
22:13:57 | i — | [  INIT   ]   n_workers                   = 8
22:13:57 | i — | [  INIT   ] ── cores ───────────────────────────────────
22:13:57 | i — | [  INIT   ]   cores_total                 = 8
22:13:57 | i — | [  INIT   ]   cores_dri                   = 6
22:13:57 | i — | [  INIT   ]   cores_bg                    = 1
22:13:57 | i — | [  INIT   ]   cores_sp                    = 1
22:13:57 | i — | [  INIT   ]   cores_cpu_list              = None
22:13:57 | i — | [  INIT   ] ── sp/sc ───────────────────────────────────
22:13:57 | i — | [  INIT   ]   sp_sc_mode                  = async
22:13:57 | i — | [  INIT   ]   sp_sc_trigger               = wallclock
22:13:57 | i — | [  INIT   ]   interval_minutes            = 20.0
22:13:57 | i — | [  INIT   ]   overlap_policy              = skip
22:13:57 | i — | [  INIT   ]   warmup_iterations           = 5
22:13:57 | i — | [  INIT   ]   sp_interval                 = 3
22:13:57 | i — | [  INIT   ]   min_coverage                = 5
22:13:57 | i — | [  INIT   ]   sp_time_limit               = 720.0
22:13:57 | i — | [  INIT   ]   mip_gap                     = 0.00025
22:13:57 | i — | [  INIT   ] ── decomposition ───────────────────────────
22:13:57 | i — | [  INIT   ]   decomp_k_base_arms          = [2, 3, 4, 6, 8, 10, 12]
22:13:57 | i — | [  INIT   ]   decomp_k_max_arms           = 10
22:13:57 | i — | [  INIT   ]   decomp_k_ext_per_1000       = 4
22:13:57 | i — | [  INIT   ]   decomp_k_min_routes_per_cluster= 8
22:13:57 | i — | [  INIT   ]   decomp_k_min_arm_spacing    = 2
22:13:57 | i — | [  INIT   ]   subcluster_rate_s_per_customer= 0.06
22:13:57 | i — | [  INIT   ]   subcluster_floor_s          = 5.0
22:13:57 | i — | [  INIT   ] ── bg_ails ─────────────────────────────────
22:13:57 | i — | [  INIT   ]   bg_ails_mode                = async
22:13:57 | i — | [  INIT   ]   bg_ails_crash_threshold     = 1
22:13:57 | i — | [  INIT   ]   bg_ails_budget_mode         = predicted_dr_wall
22:13:57 | i — | [  INIT   ]   bg_ails_budget_floor_s      = 60.0
22:13:57 | i — | [  INIT   ]   bg_ails_budget_margin       = 1.0
22:13:57 | i — | [  INIT   ]   bg_ails_wall_model_scale    = 0.976
22:13:57 | i — | [  INIT   ]   bg_ails_wall_model_wave_exponent= -0.18
22:13:57 | i — | [  INIT   ]   bg_ails_initial_omega       = 10
22:13:57 | i — | [  INIT   ]   bg_ails_boundary_threshold  = 0.5
22:13:57 | i — | [  INIT   ]   bg_ails_small_cluster_cap   = 20
22:13:57 | i — | [  INIT   ]   bg_ails_small_cluster_alpha = 0.5
22:13:57 | i — | [  INIT   ]   bg_ails_pair_selection      = greedy
22:13:57 | i — | [  INIT   ]   bg_ails_n_chains_mode       = k
22:13:57 | i — | [  INIT   ] ── standard_improvement ────────────────────
22:13:57 | i — | [  INIT   ]   standard_improvement_time_limit= 360.0
22:13:57 | i — | [  INIT   ] ── pool ────────────────────────────────────
22:13:57 | i — | [  INIT   ]   max_pool_size               = 10000
22:13:57 | i — | [  INIT   ]   pool_diversity_weight       = 0.5
22:13:57 | i — | [  INIT   ] ── haos ────────────────────────────────────
22:13:57 | i — | [  INIT   ]   haos_decay                  = 0.95
22:13:57 | i — | [  INIT   ]   haos_warmup                 = 10
22:13:57 | i — | [  INIT   ]   haos_starting_weight        = 10.0
22:13:57 | i — | [  INIT   ]   haos_min_weight_k           = 0.025
22:13:57 | i — | [  INIT   ]   haos_min_weight_lambda      = 0.05
22:13:57 | i — | [  INIT   ]   haos_min_weight_paradigm    = 0.1
22:13:57 | i — | [  INIT   ]   haos_min_weight_vertex_method= 0.05
22:13:57 | i — | [  INIT   ]   haos_min_weight_route_method= 0.05
22:13:57 | i — | [  INIT   ]   haos_min_weight_solver      = 0.05
22:13:57 | i — | [  INIT   ]   haos_lambda_demand_values   = [0.0, 0.2, 0.4, 0.6, 0.8, 1.0]
22:13:57 | i — | [  INIT   ]   haos_paradigm_values        = ['vertex', 'route']
22:13:57 | i — | [  INIT   ]   haos_vertex_method_values   = ['kmeans', 'agglomerative_avg', 'agglomerative_complete', 'kmedoids', 'fcm']
22:13:57 | i — | [  INIT   ]   haos_route_method_values    = ['kmeans', 'agglomerative_avg', 'agglomerative_complete']
22:13:57 | i — | [  INIT   ]   haos_solver_values          = ['pyvrp', 'filo', 'filo2', 'ails2']
22:13:57 | i — | [  INIT   ] ── haos_rewards ────────────────────────────
22:13:57 | i — | [  INIT   ]   haos_reward_new_best        = 10.0
22:13:57 | i — | [  INIT   ]   haos_reward_improvement     = 4.0
22:13:57 | i — | [  INIT   ]   haos_reward_no_improvement  = 1.0
22:13:57 | i — | [  INIT   ]   haos_reward_no_solution     = 0.0
22:13:57 | i — | [  INIT   ]   haos_deferred_new_best      = 7.0
22:13:57 | i — | [  INIT   ]   haos_deferred_improvement   = 3.0
22:13:57 | i — | [  INIT   ]   haos_deferred_no_improvement= 0.0
22:13:57 | i — | [  INIT   ] ── seed ────────────────────────────────────
22:13:57 | i — | [  INIT   ]   seed                        = 10
22:13:57 | i — | [  INIT   ] ── output ──────────────────────────────────
22:13:57 | i — | [  INIT   ]   output_dir                  = /app/artifacts/final_benchmark/runs/X-n3484-k436/seed10
22:13:57 | i — | [  INIT   ]   run_analysis                = False
22:13:57 | i — | [  INIT   ] ══════════════════════════════════════════════════════
22:13:57 | i — | [  INIT   ] BKS=703319.00
22:13:57 | i — | [  INIT   ] ════════════════════════════════════════
22:13:57 | i 1 | [HAOS ROLL] k=6  λ=0.6  vb  kmeans  filo  P≈0.000595
22:14:01 | i 1 | [Phase 1/3] decompose  4.29s / — / —  λ=0.6  vb kmeans
22:14:45 | i 1 | [Phase 2/3] route  43.75s / 43.32s / 101.0%  filo  k=6
22:14:45 | i 1 | [ IMPROVE ] 705508.00  via decompose_route  ·  Δ_BKS=+0.31%
22:14:45 | i 1 | [HAOS ROLL] k=6  λ=0.6  vb  kmeans  filo  P≈0.000595
22:14:45 | i 1 | [ Summary ] cost=705508.00  Δ_S*=+0.00%  Δ_BKS=+0.31%  Δ_S*_BKS=+0.31%  no_improve=0
22:14:45 | i 2 | [HAOS ROLL] k=3  λ=0.4  vb  ac_complete  ails2  P≈0.000595
22:14:46 | i 2 | [Phase 1/3] decompose  1.24s / — / —  λ=0.4  vb ac_complete
22:16:16 | i 2 | [Phase 2/3] route  90.12s / 88.38s / 102.0%  ails2  k=3
22:16:16 | i 1 | [ IMPROVE ] 703877.00  via bg_ails  ·  Δ_BKS=+0.08%
22:16:16 | i 1 | [ ASYNC BG] bg_ails  65.51s / 60.00s / 109.2%
22:16:16 | i 2 | [HAOS ROLL] k=3  λ=0.4  vb  ac_complete  ails2  P≈0.000595
22:16:16 | i 2 | [ Summary ] cost=704735.00  Δ_S*=+0.12%  Δ_BKS=+0.20%  Δ_S*_BKS=+0.08%  no_improve=1
22:16:16 | i 3 | [HAOS ROLL] k=2  λ=0.0  vb  ac_complete  filo  P≈0.000595
22:16:17 | i 3 | [Phase 1/3] decompose  1.01s / — / —  λ=0.0  vb ac_complete
22:19:07 | i 3 | [Phase 2/3] route  169.51s / 169.20s / 100.2%  filo  k=2
22:19:07 | i 2 | [ IMPROVE ] 703753.00  via bg_ails  ·  Δ_BKS=+0.06%
22:19:07 | i 2 | [ ASYNC BG] bg_ails  91.50s / 86.26s / 106.1%
22:19:07 | i 3 | [HAOS ROLL] k=2  λ=0.0  vb  ac_complete  filo  P≈0.000595
22:19:07 | i 3 | [ Summary ] cost=704070.00  Δ_S*=+0.05%  Δ_BKS=+0.11%  Δ_S*_BKS=+0.06%  no_improve=1
22:19:07 | i 4 | [HAOS ROLL] k=12  λ=0.6  vb  ac_avg  filo2  P≈0.000595
22:19:08 | i 4 | [Phase 1/3] decompose  1.24s / — / —  λ=0.6  vb ac_avg
22:20:02 | i 4 | [Phase 2/3] route  54.16s / 48.96s / 110.6%  filo2  k=12
22:21:57 | i 3 | [ ASYNC BG] bg_ails  170.28s / 165.14s / 103.1%
22:21:57 | i 4 | [HAOS ROLL] k=12  λ=0.6  vb  ac_avg  filo2  P≈0.000595
22:21:57 | i 4 | [ Summary ] cost=710156.00  Δ_S*=+0.91%  Δ_BKS=+0.97%  Δ_S*_BKS=+0.06%  no_improve=3
22:21:57 | i 5 | [HAOS ROLL] k=4  λ=0.6  rb  kmeans  ails2  P≈0.000992
22:21:58 | i 5 | [Phase 1/3] decompose  0.90s / — / —  λ=0.6  rb kmeans
22:23:27 | i 5 | [Phase 2/3] route  88.41s / 86.40s / 102.3%  ails2  k=4
22:23:27 | i 4 | [ ASYNC BG] bg_ails  88.93s / 81.52s / 109.1%
22:23:27 | i 5 | [ IMPROVE ] 703562.00  via decompose_route  ·  Δ_BKS=+0.03%
22:23:27 | i 5 | [HAOS ROLL] k=4  λ=0.6  rb  kmeans  ails2  P≈0.000992
22:23:27 | i 5 | [ Summary ] cost=703562.00  Δ_S*=+0.00%  Δ_BKS=+0.03%  Δ_S*_BKS=+0.03%  no_improve=0
22:23:27 | i 6 | [HAOS ROLL] k=8  λ=0.6  rb  ac_complete  ails2  P≈0.000992
22:23:28 | i 6 | [Phase 1/3] decompose  0.90s / — / —  λ=0.6  rb ac_complete
22:24:24 | i 6 | [Phase 2/3] route  56.26s / 54.72s / 102.8%  ails2  k=8
22:24:58 | i 5 | [ ASYNC BG] bg_ails  91.09s / 84.33s / 108.0%
22:24:58 | i 6 | [ IMPROVE ] 703533.00  via decompose_route  ·  Δ_BKS=+0.03%
22:24:58 | i 6 | [HAOS ROLL] k=8  λ=0.6  rb  ac_complete  ails2  P≈0.000992
22:24:58 | i 6 | [ Summary ] cost=703533.00  Δ_S*=+0.00%  Δ_BKS=+0.03%  Δ_S*_BKS=+0.03%  no_improve=0
22:24:58 | i 7 | [HAOS ROLL] k=12  λ=0.4  vb  kmeans  pyvrp  P≈0.000595
22:24:59 | i 7 | [Phase 1/3] decompose  0.97s / — / —  λ=0.4  vb kmeans
22:25:43 | i 7 | [Phase 2/3] route  43.82s / 33.18s / 132.1%  pyvrp  k=12
22:26:10 | i 6 | [ ASYNC BG] bg_ails  71.74s / 66.32s / 108.2%
22:26:10 | i 7 | [HAOS ROLL] k=12  λ=0.4  vb  kmeans  pyvrp  P≈0.000595
22:26:10 | i 7 | [ Summary ] cost=712885.00  Δ_S*=+1.33%  Δ_BKS=+1.36%  Δ_S*_BKS=+0.03%  no_improve=2
22:26:10 | i 8 | [HAOS ROLL] k=3  λ=1.0  vb  ac_avg  pyvrp  P≈0.000595
22:26:11 | i 8 | [Phase 1/3] decompose  1.26s / — / —  λ=1.0  vb ac_avg
22:29:16 | i 8 | [Phase 2/3] route  184.73s / 165.30s / 111.8%  pyvrp  k=3
22:29:16 | i 7 | [ ASYNC BG] bg_ails  67.99s / 60.00s / 113.3%
22:29:16 | i 8 | [HAOS ROLL] k=3  λ=1.0  vb  ac_avg  pyvrp  P≈0.000595
22:29:16 | i 8 | [ Summary ] cost=706938.00  Δ_S*=+0.48%  Δ_BKS=+0.51%  Δ_S*_BKS=+0.03%  no_improve=4
22:29:16 | i 9 | [HAOS ROLL] k=4  λ=1.0  vb  kmeans  filo  P≈0.000595
22:29:16 | i 9 | [Phase 1/3] decompose  0.89s / — / —  λ=1.0  vb kmeans
22:30:28 | i 9 | [Phase 2/3] route  71.15s / 71.10s / 100.1%  filo  k=4
22:32:04 | i 8 | [ ASYNC BG] bg_ails  168.79s / 161.33s / 104.6%
22:32:04 | i 9 | [HAOS ROLL] k=4  λ=1.0  vb  kmeans  filo  P≈0.000595
22:32:04 | i 9 | [ Summary ] cost=706909.00  Δ_S*=+0.48%  Δ_BKS=+0.51%  Δ_S*_BKS=+0.03%  no_improve=6
22:32:04 | i 10 | [HAOS ROLL] k=12  λ=1.0  rb  kmeans  ails2  P≈0.000992
22:32:05 | i 10 | [Phase 1/3] decompose  1.01s / — / —  λ=1.0  rb kmeans
22:32:49 | i 10 | [Phase 2/3] route  43.81s / 27.84s / 157.4%  ails2  k=12
22:33:22 | i 9 | [ ASYNC BG] bg_ails  77.24s / 69.39s / 111.3%
22:33:22 | i 10 | [HAOS ROLL] k=12  λ=1.0  rb  kmeans  ails2  P≈0.000992
22:33:22 | i 10 | [ Summary ] cost=703577.00  Δ_S*=+0.01%  Δ_BKS=+0.04%  Δ_S*_BKS=+0.03%  no_improve=8
22:33:22 | i 6 | [ASYNC 1/2] sp_sc  65.56s / 720.00s / 9.1%  SC  avg_coverage=6.93/5  pool=3025
22:33:22 | i 6 | [ASYNC 2/2] standard_ails  364.53s / 360.00s / 101.3%
22:33:34 | i 6 | [ IMPROVE ] 703513.00  via standard_ails  ·  Δ_BKS=+0.03%
22:33:34 | i 11 | [HAOS ROLL] k=6  λ=1.0  vb  ac_complete  filo  P≈0.000595
22:33:36 | i 11 | [Phase 1/3] decompose  1.25s / — / —  λ=1.0  vb ac_complete
22:34:44 | i 11 | [Phase 2/3] route  68.16s / 68.22s / 99.9%  filo  k=6
22:34:44 | i 10 | [ ASYNC BG] bg_ails  65.60s / 60.00s / 109.3%
22:34:44 | i 11 | [HAOS ROLL] k=6  λ=1.0  vb  ac_complete  filo  P≈0.000595
22:34:44 | i 11 | [ Summary ] cost=706743.00  Δ_S*=+0.46%  Δ_BKS=+0.49%  Δ_S*_BKS=+0.03%  no_improve=2
22:34:44 | i 12 | [HAOS ROLL] k=2  λ=0.6  rb  kmeans  pyvrp  P≈0.001002
22:34:45 | i 12 | [Phase 1/3] decompose  0.86s / — / —  λ=0.6  rb kmeans
22:37:45 | i 12 | [Phase 2/3] route  180.09s / 161.76s / 111.3%  pyvrp  k=2
22:37:45 | i 11 | [ ASYNC BG] bg_ails  73.96s / 66.58s / 111.1%
22:37:45 | i 12 | [HAOS ROLL] k=2  λ=0.6  rb  kmeans  pyvrp  P≈0.001002
22:37:45 | i 12 | [ Summary ] cost=705502.00  Δ_S*=+0.28%  Δ_BKS=+0.31%  Δ_S*_BKS=+0.03%  no_improve=4
22:37:45 | i 13 | [HAOS ROLL] k=6  λ=0.6  vb  ac_complete  ails2  P≈0.004977
22:37:46 | i 13 | [Phase 1/3] decompose  1.45s / — / —  λ=0.6  vb ac_complete
22:38:57 | i 13 | [Phase 2/3] route  70.93s / 68.22s / 104.0%  ails2  k=6
22:40:28 | i 12 | [ ASYNC BG] bg_ails  162.82s / 157.88s / 103.1%
22:40:28 | i 13 | [HAOS ROLL] k=6  λ=0.6  vb  ac_complete  ails2  P≈0.004977
22:40:28 | i 13 | [ Summary ] cost=706592.00  Δ_S*=+0.44%  Δ_BKS=+0.47%  Δ_S*_BKS=+0.03%  no_improve=6
22:40:28 | i 14 | [HAOS ROLL] k=6  λ=0.4  rb  ac_complete  filo2  P≈0.000645
22:40:29 | i 14 | [Phase 1/3] decompose  0.89s / — / —  λ=0.4  rb ac_complete
22:41:43 | i 14 | [Phase 2/3] route  74.17s / 73.92s / 100.3%  filo2  k=6
22:41:43 | i 13 | [ ASYNC BG] bg_ails  71.58s / 66.58s / 107.5%
22:41:43 | i 14 | [HAOS ROLL] k=6  λ=0.4  rb  ac_complete  filo2  P≈0.000645
22:41:43 | i 14 | [ Summary ] cost=703759.00  Δ_S*=+0.03%  Δ_BKS=+0.06%  Δ_S*_BKS=+0.03%  no_improve=8
22:41:43 | i 15 | [HAOS ROLL] k=3  λ=0.2  rb  ac_complete  ails2  P≈0.000675
22:41:44 | i 15 | [Phase 1/3] decompose  0.87s / — / —  λ=0.2  rb ac_complete
22:43:21 | i 15 | [Phase 2/3] route  97.22s / 95.52s / 101.8%  ails2  k=3
22:43:21 | i 14 | [ ASYNC BG] bg_ails  77.61s / 72.15s / 107.6%
22:43:21 | i 15 | [HAOS ROLL] k=3  λ=0.2  rb  ac_complete  ails2  P≈0.000675
22:43:21 | i 15 | [ Summary ] cost=703580.00  Δ_S*=+0.01%  Δ_BKS=+0.04%  Δ_S*_BKS=+0.03%  no_improve=10
22:43:21 | i 16 | [HAOS ROLL] k=6  λ=0.6  vb  kmeans  ails2  P≈0.003185
22:43:22 | i 16 | [Phase 1/3] decompose  0.85s / — / —  λ=0.6  vb kmeans
22:44:07 | i 16 | [Phase 2/3] route  44.99s / 43.56s / 103.3%  ails2  k=6
22:45:02 | i 15 | [ ASYNC BG] bg_ails  100.85s / 93.23s / 108.2%
22:45:02 | i 16 | [HAOS ROLL] k=6  λ=0.6  vb  kmeans  ails2  P≈0.003185
22:45:02 | i 16 | [ Summary ] cost=705477.00  Δ_S*=+0.28%  Δ_BKS=+0.31%  Δ_S*_BKS=+0.03%  no_improve=12
22:45:02 | i 17 | [HAOS ROLL] k=2  λ=0.4  vb  kmeans  filo  P≈0.000704
22:45:03 | i 17 | [Phase 1/3] decompose  0.88s / — / —  λ=0.4  vb kmeans
22:47:45 | i 17 | [Phase 2/3] route  161.48s / 161.46s / 100.0%  filo  k=2
22:47:45 | i 16 | [ ASYNC BG] bg_ails  66.41s / 60.00s / 110.7%
22:47:45 | i 17 | [HAOS ROLL] k=2  λ=0.4  vb  kmeans  filo  P≈0.000704
22:47:45 | i 17 | [ Summary ] cost=704426.00  Δ_S*=+0.13%  Δ_BKS=+0.16%  Δ_S*_BKS=+0.03%  no_improve=14
22:47:45 | i 18 | [HAOS ROLL] k=6  λ=0.8  rb  ac_complete  filo2  P≈0.001225
22:47:46 | i 18 | [Phase 1/3] decompose  0.88s / — / —  λ=0.8  rb ac_complete
22:49:00 | i 18 | [Phase 2/3] route  74.18s / 73.92s / 100.3%  filo2  k=6
22:50:27 | i 17 | [ ASYNC BG] bg_ails  162.48s / 157.58s / 103.1%
22:50:27 | i 18 | [HAOS ROLL] k=6  λ=0.8  rb  ac_complete  filo2  P≈0.001225
22:50:27 | i 18 | [ Summary ] cost=703719.00  Δ_S*=+0.03%  Δ_BKS=+0.06%  Δ_S*_BKS=+0.03%  no_improve=16
22:50:27 | i 19 | [HAOS ROLL] k=12  λ=0.6  rb  ac_complete  filo  P≈0.002103
22:50:28 | i 19 | [Phase 1/3] decompose  0.89s / — / —  λ=0.6  rb ac_complete
22:51:25 | i 19 | [Phase 2/3] route  57.16s / 37.92s / 150.7%  filo  k=12
22:51:45 | i 18 | [ ASYNC BG] bg_ails  77.64s / 72.15s / 107.6%
22:51:45 | i 19 | [HAOS ROLL] k=12  λ=0.6  rb  ac_complete  filo  P≈0.002103
22:51:45 | i 19 | [ Summary ] cost=703765.00  Δ_S*=+0.04%  Δ_BKS=+0.06%  Δ_S*_BKS=+0.03%  no_improve=18
22:51:45 | i 20 | [HAOS ROLL] k=12  λ=1.0  rb  ac_complete  filo  P≈0.000686
22:51:46 | i 20 | [Phase 1/3] decompose  0.88s / — / —  λ=1.0  rb ac_complete
22:52:43 | i 20 | [Phase 2/3] route  57.16s / 37.92s / 150.7%  filo  k=12
22:52:53 | i 19 | [ ASYNC BG] bg_ails  67.96s / 60.00s / 113.3%
22:52:53 | i 20 | [HAOS ROLL] k=12  λ=1.0  rb  ac_complete  filo  P≈0.000686
22:52:53 | i 20 | [ Summary ] cost=703761.00  Δ_S*=+0.04%  Δ_BKS=+0.06%  Δ_S*_BKS=+0.03%  no_improve=20
22:52:53 | i 21 | [HAOS ROLL] k=3  λ=0.6  rb  ac_avg  filo  P≈0.001385
22:52:54 | i 21 | [Phase 1/3] decompose  0.88s / — / —  λ=0.6  rb ac_avg
22:54:30 | i 21 | [Phase 2/3] route  96.23s / 96.00s / 100.2%  filo  k=3
22:54:30 | i 20 | [ ASYNC BG] bg_ails  65.65s / 60.00s / 109.4%
22:54:30 | i 21 | [HAOS ROLL] k=3  λ=0.6  rb  ac_avg  filo  P≈0.001385
22:54:30 | i 21 | [ Summary ] cost=703809.00  Δ_S*=+0.04%  Δ_BKS=+0.07%  Δ_S*_BKS=+0.03%  no_improve=22
22:54:30 | i 22 | [HAOS ROLL] k=12  λ=0.8  rb  kmeans  ails2  P≈0.000811
22:54:31 | i 22 | [Phase 1/3] decompose  0.87s / — / —  λ=0.8  rb kmeans
22:55:15 | i 22 | [Phase 2/3] route  43.96s / 29.76s / 147.7%  ails2  k=12
22:56:09 | i 21 | [ ASYNC BG] bg_ails  98.60s / 93.70s / 105.2%
22:56:09 | i 22 | [HAOS ROLL] k=12  λ=0.8  rb  kmeans  ails2  P≈0.000811
22:56:09 | i 22 | [ Summary ] cost=703553.00  Δ_S*=+0.01%  Δ_BKS=+0.03%  Δ_S*_BKS=+0.03%  no_improve=24
22:56:09 | i 23 | [HAOS ROLL] k=12  λ=0.4  rb  ac_complete  filo2  P≈0.001915
22:56:10 | i 23 | [Phase 1/3] decompose  0.96s / — / —  λ=0.4  rb ac_complete
22:57:07 | i 23 | [Phase 2/3] route  57.14s / 37.92s / 150.7%  filo2  k=12
22:57:14 | i 22 | [ ASYNC BG] bg_ails  65.67s / 60.00s / 109.4%
22:57:14 | i 23 | [HAOS ROLL] k=12  λ=0.4  rb  ac_complete  filo2  P≈0.001915
22:57:14 | i 23 | [ Summary ] cost=703695.00  Δ_S*=+0.03%  Δ_BKS=+0.05%  Δ_S*_BKS=+0.03%  no_improve=26
22:57:14 | i 24 | [HAOS ROLL] k=3  λ=0.6  rb  kmeans  filo2  P≈0.001840
22:57:15 | i 24 | [Phase 1/3] decompose  0.88s / — / —  λ=0.6  rb kmeans
22:58:53 | i 24 | [Phase 2/3] route  97.21s / 97.44s / 99.8%  filo2  k=3
22:58:53 | i 23 | [ ASYNC BG] bg_ails  65.63s / 60.00s / 109.4%
22:58:53 | i 24 | [HAOS ROLL] k=3  λ=0.6  rb  kmeans  filo2  P≈0.001840
22:58:53 | i 24 | [ Summary ] cost=703709.00  Δ_S*=+0.03%  Δ_BKS=+0.06%  Δ_S*_BKS=+0.03%  no_improve=28
22:58:53 | i 25 | [HAOS ROLL] k=12  λ=0.2  rb  ac_complete  filo2  P≈0.001720
22:58:54 | i 25 | [Phase 1/3] decompose  0.91s / — / —  λ=0.2  rb ac_complete
22:59:51 | i 25 | [Phase 2/3] route  57.14s / 37.92s / 150.7%  filo2  k=12
23:00:33 | i 24 | [ ASYNC BG] bg_ails  100.67s / 95.10s / 105.9%
23:00:33 | i 25 | [HAOS ROLL] k=12  λ=0.2  rb  ac_complete  filo2  P≈0.001720
23:00:33 | i 25 | [ Summary ] cost=703772.00  Δ_S*=+0.04%  Δ_BKS=+0.06%  Δ_S*_BKS=+0.03%  no_improve=30
23:00:33 | i 26 | [HAOS ROLL] k=12  λ=0.6  vb  ac_complete  ails2  P≈0.002590
23:00:35 | i 26 | [Phase 1/3] decompose  1.22s / — / —  λ=0.6  vb ac_complete
23:01:33 | i 26 | [Phase 2/3] route  58.49s / 56.28s / 103.9%  ails2  k=12
23:01:39 | i 25 | [ ASYNC BG] bg_ails  65.67s / 60.00s / 109.5%
23:01:39 | i 26 | [HAOS ROLL] k=12  λ=0.6  vb  ac_complete  ails2  P≈0.002590
23:01:39 | i 26 | [ Summary ] cost=710853.00  Δ_S*=+1.04%  Δ_BKS=+1.07%  Δ_S*_BKS=+0.03%  no_improve=32
23:01:39 | i 27 | [HAOS ROLL] k=6  λ=0.6  rb  ac_complete  filo  P≈0.006624
23:01:40 | i 27 | [Phase 1/3] decompose  0.97s / — / —  λ=0.6  rb ac_complete
23:02:54 | i 27 | [Phase 2/3] route  74.20s / 73.92s / 100.4%  filo  k=6
23:03:04 | i 26 | [ ASYNC BG] bg_ails  84.73s / 79.86s / 106.1%
23:03:04 | i 27 | [HAOS ROLL] k=6  λ=0.6  rb  ac_complete  filo  P≈0.006624
23:03:04 | i 27 | [ Summary ] cost=703773.00  Δ_S*=+0.04%  Δ_BKS=+0.06%  Δ_S*_BKS=+0.03%  no_improve=34
23:03:04 | i 28 | [HAOS ROLL] k=12  λ=0.6  rb  kmeans  ails2  P≈0.006738
23:03:05 | i 28 | [Phase 1/3] decompose  0.88s / — / —  λ=0.6  rb kmeans
23:03:51 | i 28 | [Phase 2/3] route  45.88s / 30.72s / 149.4%  ails2  k=12
23:04:21 | i 27 | [ ASYNC BG] bg_ails  77.58s / 72.15s / 107.5%
23:04:21 | i 28 | [HAOS ROLL] k=12  λ=0.6  rb  kmeans  ails2  P≈0.006738
23:04:21 | i 28 | [ Summary ] cost=703543.00  Δ_S*=+0.00%  Δ_BKS=+0.03%  Δ_S*_BKS=+0.03%  no_improve=36
23:04:21 | i 16 | [ASYNC 1/2] sp_sc  726.89s / 720.00s / 101.0%  SC  avg_coverage=15.09/5  pool=6590
23:04:21 | i 16 | [ASYNC 2/2] standard_ails  366.50s / 360.00s / 101.8%
23:05:10 | i 29 | [HAOS ROLL] k=12  λ=0.6  vb  kmedoids  filo  P≈0.002130
23:05:11 | i 29 | [Phase 1/3] decompose  1.50s / — / —  λ=0.6  vb kmedoids
23:06:07 | i 29 | [Phase 2/3] route  56.12s / 43.32s / 129.6%  filo  k=12
23:06:07 | i 28 | [ ASYNC BG] bg_ails  65.61s / 60.00s / 109.4%
23:06:07 | i 29 | [HAOS ROLL] k=12  λ=0.6  vb  kmedoids  filo  P≈0.002130
23:06:08 | i 29 | [ Summary ] cost=708594.00  Δ_S*=+0.72%  Δ_BKS=+0.75%  Δ_S*_BKS=+0.03%  no_improve=39
23:06:08 | i 30 | [HAOS ROLL] k=12  λ=0.6  rb  ac_complete  filo2  P≈0.011665
23:06:09 | i 30 | [Phase 1/3] decompose  0.87s / — / —  λ=0.6  rb ac_complete
23:07:06 | i 30 | [Phase 2/3] route  57.15s / 37.92s / 150.7%  filo2  k=12
23:07:13 | i 29 | [ ASYNC BG] bg_ails  65.77s / 60.00s / 109.6%
23:07:13 | i 30 | [HAOS ROLL] k=12  λ=0.6  rb  ac_complete  filo2  P≈0.011665
23:07:13 | i 30 | [ Summary ] cost=703645.00  Δ_S*=+0.02%  Δ_BKS=+0.05%  Δ_S*_BKS=+0.03%  no_improve=41
23:07:13 | i 31 | [HAOS ROLL] k=6  λ=0.6  rb  kmeans  filo  P≈0.006884
23:07:14 | i 31 | [Phase 1/3] decompose  0.88s / — / —  λ=0.6  rb kmeans
23:07:57 | i 31 | [Phase 2/3] route  43.11s / 43.38s / 99.4%  filo  k=6
23:08:21 | i 30 | [ ASYNC BG] bg_ails  67.95s / 60.00s / 113.3%
23:08:21 | i 31 | [HAOS ROLL] k=6  λ=0.6  rb  kmeans  filo  P≈0.006884
23:08:22 | i 31 | [ Summary ] cost=703828.00  Δ_S*=+0.04%  Δ_BKS=+0.07%  Δ_S*_BKS=+0.03%  no_improve=43
23:08:22 | i 32 | [HAOS ROLL] k=8  λ=0.0  rb  ac_complete  filo  P≈0.000798
23:08:22 | i 32 | [Phase 1/3] decompose  0.74s / — / —  λ=0.0  rb ac_complete
23:09:36 | i 32 | [Phase 2/3] route  74.18s / 73.92s / 100.4%  filo  k=8
23:09:36 | i 31 | [ ASYNC BG] bg_ails  65.58s / 60.00s / 109.3%
23:09:37 | i 32 | [HAOS ROLL] k=8  λ=0.0  rb  ac_complete  filo  P≈0.000798
23:09:37 | i 32 | [ Summary ] cost=703714.00  Δ_S*=+0.03%  Δ_BKS=+0.06%  Δ_S*_BKS=+0.03%  no_improve=45
23:09:37 | i 33 | [HAOS ROLL] k=12  λ=0.0  vb  ac_avg  filo2  P≈0.000511
23:09:38 | i 33 | [Phase 1/3] decompose  1.02s / — / —  λ=0.0  vb ac_avg
23:10:32 | i 33 | [Phase 2/3] route  54.13s / 48.96s / 110.6%  filo2  k=12
23:11:03 | i 32 | [ ASYNC BG] bg_ails  86.70s / 79.97s / 108.4%
23:11:03 | i 33 | [HAOS ROLL] k=12  λ=0.0  vb  ac_avg  filo2  P≈0.000511
23:11:04 | i 33 | [ Summary ] cost=710107.00  Δ_S*=+0.94%  Δ_BKS=+0.97%  Δ_S*_BKS=+0.03%  no_improve=47
23:11:04 | i 34 | [HAOS ROLL] k=6  λ=0.8  rb  ac_avg  filo  P≈0.000663
23:11:05 | i 34 | [Phase 1/3] decompose  0.87s / — / —  λ=0.8  rb ac_avg
23:12:35 | i 34 | [Phase 2/3] route  90.22s / 89.76s / 100.5%  filo  k=6
23:12:35 | i 33 | [ ASYNC BG] bg_ails  86.34s / 81.52s / 105.9%
23:12:35 | i 34 | [HAOS ROLL] k=6  λ=0.8  rb  ac_avg  filo  P≈0.000663
23:12:35 | i 34 | [ Summary ] cost=703756.00  Δ_S*=+0.03%  Δ_BKS=+0.06%  Δ_S*_BKS=+0.03%  no_improve=49
23:12:35 | i 35 | [HAOS ROLL] k=12  λ=0.6  rb  kmeans  filo  P≈0.011958
23:12:36 | i 35 | [Phase 1/3] decompose  0.87s / — / —  λ=0.6  rb kmeans
23:13:20 | i 35 | [Phase 2/3] route  44.12s / 30.24s / 145.9%  filo  k=12
23:14:10 | i 34 | [ ASYNC BG] bg_ails  94.77s / 87.61s / 108.2%
23:14:10 | i 35 | [HAOS ROLL] k=12  λ=0.6  rb  kmeans  filo  P≈0.011958
23:14:10 | i 35 | [ Summary ] cost=703790.00  Δ_S*=+0.04%  Δ_BKS=+0.07%  Δ_S*_BKS=+0.03%  no_improve=51
23:14:10 | i 36 | [HAOS ROLL] k=12  λ=1.0  vb  kmedoids  filo  P≈0.000610
23:14:11 | i 36 | [Phase 1/3] decompose  1.21s / — / —  λ=1.0  vb kmedoids
23:15:07 | i 36 | [Phase 2/3] route  56.16s / 43.32s / 129.6%  filo  k=12
23:15:15 | i 35 | [ ASYNC BG] bg_ails  65.71s / 60.00s / 109.5%
23:15:16 | i 36 | [HAOS ROLL] k=12  λ=1.0  vb  kmedoids  filo  P≈0.000610
23:15:16 | i 36 | [ Summary ] cost=708483.00  Δ_S*=+0.71%  Δ_BKS=+0.73%  Δ_S*_BKS=+0.03%  no_improve=53
23:15:16 | i 37 | [HAOS ROLL] k=6  λ=0.6  rb  ac_avg  filo  P≈0.005979
23:15:17 | i 37 | [Phase 1/3] decompose  0.87s / — / —  λ=0.6  rb ac_avg
23:16:47 | i 37 | [Phase 2/3] route  90.22s / 89.76s / 100.5%  filo  k=6
23:16:47 | i 36 | [ ASYNC BG] bg_ails  68.10s / 60.00s / 113.5%
23:16:47 | i 37 | [HAOS ROLL] k=6  λ=0.6  rb  ac_avg  filo  P≈0.005979
23:16:47 | i 37 | [ Summary ] cost=703778.00  Δ_S*=+0.04%  Δ_BKS=+0.07%  Δ_S*_BKS=+0.03%  no_improve=55
23:16:47 | i 38 | [HAOS ROLL] k=6  λ=0.6  vb  fcm  filo  P≈0.002594
23:16:48 | i 38 | [Phase 1/3] decompose  1.02s / — / —  λ=0.6  vb fcm
23:17:34 | i 38 | [Phase 2/3] route  46.12s / 46.32s / 99.6%  filo  k=6
23:18:22 | i 37 | [ ASYNC BG] bg_ails  94.95s / 87.61s / 108.4%
23:18:22 | i 38 | [HAOS ROLL] k=6  λ=0.6  vb  fcm  filo  P≈0.002594
23:18:22 | i 38 | [ Summary ] cost=706926.00  Δ_S*=+0.49%  Δ_BKS=+0.51%  Δ_S*_BKS=+0.03%  no_improve=57
23:18:22 | i 39 | [HAOS ROLL] k=12  λ=0.0  rb  ac_avg  filo  P≈0.004240
23:18:23 | i 39 | [Phase 1/3] decompose  0.67s / — / —  λ=0.0  rb ac_avg
23:19:14 | i 39 | [Phase 2/3] route  51.14s / 50.88s / 100.5%  filo  k=12
23:19:30 | i 38 | [ ASYNC BG] bg_ails  67.80s / 60.00s / 113.0%
23:19:30 | i 39 | [HAOS ROLL] k=12  λ=0.0  rb  ac_avg  filo  P≈0.004240
23:19:30 | i 39 | [ Summary ] cost=703635.00  Δ_S*=+0.02%  Δ_BKS=+0.04%  Δ_S*_BKS=+0.03%  no_improve=59
23:19:30 | i 40 | [HAOS ROLL] k=12  λ=0.6  rb  ac_complete  pyvrp  P≈0.003775
23:19:31 | i 40 | [Phase 1/3] decompose  0.87s / — / —  λ=0.6  rb ac_complete
23:20:29 | i 40 | [Phase 2/3] route  58.26s / 37.92s / 153.6%  pyvrp  k=12
23:20:54 | i 39 | [ ASYNC BG] bg_ails  84.85s / 77.33s / 109.7%
23:20:55 | i 40 | [HAOS ROLL] k=12  λ=0.6  rb  ac_complete  pyvrp  P≈0.003775
23:20:55 | i 40 | [ Summary ] cost=704839.00  Δ_S*=+0.19%  Δ_BKS=+0.22%  Δ_S*_BKS=+0.03%  no_improve=61
23:20:55 | i 41 | [HAOS ROLL] k=4  λ=0.6  rb  ac_avg  filo  P≈0.003910
23:20:56 | i 41 | [Phase 1/3] decompose  0.86s / — / —  λ=0.6  rb ac_avg
23:22:29 | i 41 | [Phase 2/3] route  93.23s / 93.12s / 100.1%  filo  k=4
23:22:29 | i 40 | [ ASYNC BG] bg_ails  67.87s / 60.00s / 113.1%
23:22:29 | i 41 | [HAOS ROLL] k=4  λ=0.6  rb  ac_avg  filo  P≈0.003910
23:22:29 | i 41 | [ Summary ] cost=703899.00  Δ_S*=+0.05%  Δ_BKS=+0.08%  Δ_S*_BKS=+0.03%  no_improve=63
23:22:29 | i 42 | [HAOS ROLL] k=10  λ=0.6  rb  ac_complete  ails2  P≈0.002029
23:22:30 | i 42 | [Phase 1/3] decompose  0.88s / — / —  λ=0.6  rb ac_complete
23:23:32 | i 42 | [Phase 2/3] route  61.29s / 59.04s / 103.8%  ails2  k=10
23:24:05 | i 41 | [ ASYNC BG] bg_ails  95.67s / 90.89s / 105.3%
23:24:05 | i 42 | [HAOS ROLL] k=10  λ=0.6  rb  ac_complete  ails2  P≈0.002029
23:24:05 | i 42 | [ Summary ] cost=703525.00  Δ_S*=+0.00%  Δ_BKS=+0.03%  Δ_S*_BKS=+0.03%  no_improve=65
23:24:05 | i 43 | [HAOS ROLL] k=2  λ=0.2  rb  ac_complete  filo  P≈0.001027
23:24:06 | i 43 | [Phase 1/3] decompose  0.87s / — / —  λ=0.2  rb ac_complete
23:26:52 | i 43 | [Phase 2/3] route  165.50s / 164.64s / 100.5%  filo  k=2
23:26:52 | i 42 | [ ASYNC BG] bg_ails  72.64s / 67.15s / 108.2%
23:26:52 | i 43 | [HAOS ROLL] k=2  λ=0.2  rb  ac_complete  filo  P≈0.001027
23:26:52 | i 43 | [ Summary ] cost=703891.00  Δ_S*=+0.05%  Δ_BKS=+0.08%  Δ_S*_BKS=+0.03%  no_improve=67
23:26:52 | i 29 | [ASYNC 1/2] sp_sc  731.49s / 720.00s / 101.6%  SP  avg_coverage=22.13/5  pool=9666
23:26:52 | i 29 | [ASYNC 2/2] standard_ails  364.42s / 360.00s / 101.2%
23:27:46 | i 44 | [HAOS ROLL] k=4  λ=0.6  rb  ac_complete  filo2  P≈0.003119
23:27:47 | i 44 | [Phase 1/3] decompose  0.98s / — / —  λ=0.6  rb ac_complete
23:29:02 | i 44 | [Phase 2/3] route  74.18s / 73.92s / 100.3%  filo2  k=4
23:29:39 | i 43 | [ ASYNC BG] bg_ails  167.60s / 160.69s / 104.3%
23:29:39 | i 44 | [HAOS ROLL] k=4  λ=0.6  rb  ac_complete  filo2  P≈0.003119
23:29:40 | i 44 | [ Summary ] cost=703729.00  Δ_S*=+0.03%  Δ_BKS=+0.06%  Δ_S*_BKS=+0.03%  no_improve=70
23:29:40 | i 45 | [HAOS ROLL] k=2  λ=0.6  rb  kmeans  filo  P≈0.003350
23:29:41 | i 45 | [Phase 1/3] decompose  0.86s / — / —  λ=0.6  rb kmeans
23:32:23 | i 45 | [Phase 2/3] route  162.48s / 161.76s / 100.4%  filo  k=2
23:32:23 | i 44 | [ ASYNC BG] bg_ails  77.51s / 72.15s / 107.4%
23:32:23 | i 45 | [HAOS ROLL] k=2  λ=0.6  rb  kmeans  filo  P≈0.003350
23:32:24 | i 45 | [ Summary ] cost=703830.00  Δ_S*=+0.05%  Δ_BKS=+0.07%  Δ_S*_BKS=+0.03%  no_improve=72
23:32:24 | i 46 | [HAOS ROLL] k=4  λ=0.6  rb  ac_complete  filo  P≈0.009741
23:32:24 | i 46 | [Phase 1/3] decompose  0.86s / — / —  λ=0.6  rb ac_complete
23:33:39 | i 46 | [Phase 2/3] route  74.16s / 73.92s / 100.3%  filo  k=4
23:35:06 | i 45 | [ ASYNC BG] bg_ails  162.59s / 157.88s / 103.0%
23:35:06 | i 46 | [HAOS ROLL] k=4  λ=0.6  rb  ac_complete  filo  P≈0.009741
23:35:06 | i 46 | [ Summary ] cost=703722.00  Δ_S*=+0.03%  Δ_BKS=+0.06%  Δ_S*_BKS=+0.03%  no_improve=74
23:35:06 | i 47 | [HAOS ROLL] k=12  λ=0.2  rb  ac_complete  pyvrp  P≈0.000870
23:35:07 | i 47 | [Phase 1/3] decompose  0.87s / — / —  λ=0.2  rb ac_complete
23:36:05 | i 47 | [Phase 2/3] route  58.37s / 37.92s / 153.9%  pyvrp  k=12
23:36:25 | i 46 | [ ASYNC BG] bg_ails  79.50s / 72.15s / 110.2%
23:36:25 | i 47 | [HAOS ROLL] k=12  λ=0.2  rb  ac_complete  pyvrp  P≈0.000870
23:36:26 | i 47 | [ Summary ] cost=704867.00  Δ_S*=+0.19%  Δ_BKS=+0.22%  Δ_S*_BKS=+0.03%  no_improve=76
23:36:26 | i 48 | [HAOS ROLL] k=3  λ=0.6  vb  kmedoids  pyvrp  P≈0.000248
23:36:27 | i 48 | [Phase 1/3] decompose  1.29s / — / —  λ=0.6  vb kmedoids
23:38:12 | i 48 | [Phase 2/3] route  104.68s / 97.38s / 107.5%  pyvrp  k=3
23:38:12 | i 47 | [ ASYNC BG] bg_ails  65.62s / 60.00s / 109.4%
23:38:12 | i 48 | [HAOS ROLL] k=3  λ=0.6  vb  kmedoids  pyvrp  P≈0.000248
23:38:12 | i 48 | [ Summary ] cost=706260.00  Δ_S*=+0.39%  Δ_BKS=+0.42%  Δ_S*_BKS=+0.03%  no_improve=78
23:38:12 | i 49 | [HAOS ROLL] k=6  λ=0.8  rb  ac_avg  filo  P≈0.001142
23:38:13 | i 49 | [Phase 1/3] decompose  0.88s / — / —  λ=0.8  rb ac_avg
23:39:43 | i 49 | [Phase 2/3] route  90.23s / 89.76s / 100.5%  filo  k=6
23:39:55 | i 48 | [ ASYNC BG] bg_ails  102.93s / 95.04s / 108.3%
23:39:55 | i 49 | [HAOS ROLL] k=6  λ=0.8  rb  ac_avg  filo  P≈0.001142
23:39:55 | i 49 | [ Summary ] cost=703736.00  Δ_S*=+0.03%  Δ_BKS=+0.06%  Δ_S*_BKS=+0.03%  no_improve=80
23:39:55 | i 50 | [HAOS ROLL] k=12  λ=0.6  vb  ac_avg  filo  P≈0.003867
23:39:56 | i 50 | [Phase 1/3] decompose  1.23s / — / —  λ=0.6  vb ac_avg
23:40:51 | i 50 | [Phase 2/3] route  54.18s / 48.96s / 110.7%  filo  k=12
23:41:27 | i 49 | [ ASYNC BG] bg_ails  92.55s / 87.61s / 105.6%
23:41:27 | i 50 | [HAOS ROLL] k=12  λ=0.6  vb  ac_avg  filo  P≈0.003867
23:41:28 | i 50 | [ Summary ] cost=710178.00  Δ_S*=+0.95%  Δ_BKS=+0.98%  Δ_S*_BKS=+0.03%  no_improve=82
23:41:28 | i 51 | [HAOS ROLL] k=3  λ=0.4  rb  ac_avg  filo  P≈0.000862
23:41:29 | i 51 | [Phase 1/3] decompose  0.87s / — / —  λ=0.4  rb ac_avg
23:43:05 | i 51 | [Phase 2/3] route  96.22s / 96.00s / 100.2%  filo  k=3
23:43:05 | i 50 | [ ASYNC BG] bg_ails  86.67s / 81.52s / 106.3%
23:43:05 | i 51 | [HAOS ROLL] k=3  λ=0.4  rb  ac_avg  filo  P≈0.000862
23:43:05 | i 51 | [ Summary ] cost=703801.00  Δ_S*=+0.04%  Δ_BKS=+0.07%  Δ_S*_BKS=+0.03%  no_improve=84
23:43:05 | i 52 | [HAOS ROLL] k=12  λ=0.6  rb  ac_complete  filo  P≈0.026017
23:43:06 | i 52 | [Phase 1/3] decompose  0.87s / — / —  λ=0.6  rb ac_complete
23:44:03 | i 52 | [Phase 2/3] route  57.16s / 37.92s / 150.7%  filo  k=12
23:44:46 | i 51 | [ ASYNC BG] bg_ails  100.87s / 93.70s / 107.7%
23:44:46 | i 52 | [HAOS ROLL] k=12  λ=0.6  rb  ac_complete  filo  P≈0.026017
23:44:46 | i 52 | [ Summary ] cost=703661.00  Δ_S*=+0.02%  Δ_BKS=+0.05%  Δ_S*_BKS=+0.03%  no_improve=86
23:44:46 | i 53 | [HAOS ROLL] k=2  λ=1.0  rb  ac_avg  ails2  P≈0.000415
23:44:47 | i 53 | [Phase 1/3] decompose  0.86s / — / —  λ=1.0  rb ac_avg
23:47:36 | i 53 | [Phase 2/3] route  169.30s / 166.08s / 101.9%  ails2  k=2
23:47:36 | i 52 | [ ASYNC BG] bg_ails  67.99s / 60.00s / 113.3%
23:47:37 | i 53 | [HAOS ROLL] k=2  λ=1.0  rb  ac_avg  ails2  P≈0.000415
23:47:37 | i 53 | [ Summary ] cost=703597.00  Δ_S*=+0.01%  Δ_BKS=+0.04%  Δ_S*_BKS=+0.03%  no_improve=88
23:47:37 | i 54 | [HAOS ROLL] k=4  λ=1.0  rb  ac_complete  pyvrp  P≈0.000651
23:47:38 | i 54 | [Phase 1/3] decompose  0.99s / — / —  λ=1.0  rb ac_complete
23:48:56 | i 54 | [Phase 2/3] route  78.53s / 73.92s / 106.2%  pyvrp  k=4
23:50:24 | i 53 | [ ASYNC BG] bg_ails  168.04s / 162.09s / 103.7%
23:50:25 | i 54 | [HAOS ROLL] k=4  λ=1.0  rb  ac_complete  pyvrp  P≈0.000651
23:50:25 | i 54 | [ Summary ] cost=705130.00  Δ_S*=+0.23%  Δ_BKS=+0.26%  Δ_S*_BKS=+0.03%  no_improve=90
23:50:25 | i 55 | [HAOS ROLL] k=4  λ=0.6  vb  kmedoids  ails2  P≈0.000808
23:50:26 | i 55 | [Phase 1/3] decompose  1.22s / — / —  λ=0.6  vb kmedoids
23:51:31 | i 55 | [Phase 2/3] route  65.19s / 63.12s / 103.3%  ails2  k=4
23:51:44 | i 54 | [ ASYNC BG] bg_ails  79.74s / 72.15s / 110.5%
23:51:44 | i 55 | [HAOS ROLL] k=4  λ=0.6  vb  kmedoids  ails2  P≈0.000808
23:51:45 | i 55 | [ Summary ] cost=706515.00  Δ_S*=+0.43%  Δ_BKS=+0.45%  Δ_S*_BKS=+0.03%  no_improve=92
23:51:45 | i 56 | [HAOS ROLL] k=6  λ=0.6  rb  kmeans  pyvrp  P≈0.001885
23:51:46 | i 56 | [Phase 1/3] decompose  0.90s / — / —  λ=0.6  rb kmeans
23:52:37 | i 56 | [Phase 2/3] route  51.63s / 47.52s / 108.6%  pyvrp  k=6
23:52:51 | i 55 | [ ASYNC BG] bg_ails  66.62s / 61.61s / 108.1%
23:52:51 | i 56 | [HAOS ROLL] k=6  λ=0.6  rb  kmeans  pyvrp  P≈0.001885
23:52:51 | i 56 | [ Summary ] cost=705278.00  Δ_S*=+0.25%  Δ_BKS=+0.28%  Δ_S*_BKS=+0.03%  no_improve=94
23:52:51 | i 57 | [HAOS ROLL] k=10  λ=0.0  vb  ac_complete  filo  P≈0.000151
23:52:52 | i 57 | [Phase 1/3] decompose  1.14s / — / —  λ=0.0  vb ac_complete
23:53:49 | i 57 | [Phase 2/3] route  56.16s / 56.28s / 99.8%  filo  k=10
23:53:59 | i 56 | [ ASYNC BG] bg_ails  68.22s / 60.00s / 113.7%
23:53:59 | i 57 | [HAOS ROLL] k=10  λ=0.0  vb  ac_complete  filo  P≈0.000151
23:53:59 | i 57 | [ Summary ] cost=710389.00  Δ_S*=+0.98%  Δ_BKS=+1.01%  Δ_S*_BKS=+0.03%  no_improve=96
23:53:59 | i 58 | [HAOS ROLL] k=3  λ=1.0  rb  ac_avg  filo  P≈0.001363
23:54:00 | i 58 | [Phase 1/3] decompose  0.87s / — / —  λ=1.0  rb ac_avg
23:55:37 | i 58 | [Phase 2/3] route  96.25s / 96.00s / 100.3%  filo  k=3
23:55:37 | i 57 | [ ASYNC BG] bg_ails  86.62s / 79.86s / 108.5%
23:55:37 | i 58 | [HAOS ROLL] k=3  λ=1.0  rb  ac_avg  filo  P≈0.001363
23:55:37 | i 58 | [ Summary ] cost=703786.00  Δ_S*=+0.04%  Δ_BKS=+0.07%  Δ_S*_BKS=+0.03%  no_improve=98
23:55:37 | i 59 | [HAOS ROLL] k=4  λ=1.0  rb  ac_complete  filo  P≈0.003923
23:55:38 | i 59 | [Phase 1/3] decompose  0.87s / — / —  λ=1.0  rb ac_complete
23:56:52 | i 59 | [Phase 2/3] route  74.19s / 73.92s / 100.4%  filo  k=4
23:57:15 | i 58 | [ ASYNC BG] bg_ails  98.57s / 93.70s / 105.2%
23:57:15 | i 59 | [HAOS ROLL] k=4  λ=1.0  rb  ac_complete  filo  P≈0.003923
23:57:16 | i 59 | [ Summary ] cost=703790.00  Δ_S*=+0.04%  Δ_BKS=+0.07%  Δ_S*_BKS=+0.03%  no_improve=100
23:57:16 | i 60 | [HAOS ROLL] k=3  λ=0.6  rb  ac_complete  pyvrp  P≈0.003353
23:57:16 | i 60 | [Phase 1/3] decompose  0.88s / — / —  λ=0.6  rb ac_complete
23:58:59 | i 60 | [Phase 2/3] route  102.78s / 95.52s / 107.6%  pyvrp  k=3
23:58:59 | i 59 | [ ASYNC BG] bg_ails  78.63s / 72.15s / 109.0%
23:59:00 | i 60 | [HAOS ROLL] k=3  λ=0.6  rb  ac_complete  pyvrp  P≈0.003353
23:59:00 | i 60 | [ Summary ] cost=705416.00  Δ_S*=+0.27%  Δ_BKS=+0.30%  Δ_S*_BKS=+0.03%  no_improve=102
23:59:00 | i 61 | [HAOS ROLL] k=12  λ=0.6  vb  ac_avg  filo  P≈0.003354
23:59:01 | i 61 | [Phase 1/3] decompose  1.23s / — / —  λ=0.6  vb ac_avg
23:59:55 | i 61 | [Phase 2/3] route  54.14s / 48.96s / 110.6%  filo  k=12
00:00:40 | i 60 | [ ASYNC BG] bg_ails  100.88s / 93.23s / 108.2%
00:00:40 | i 61 | [HAOS ROLL] k=12  λ=0.6  vb  ac_avg  filo  P≈0.003354
00:00:40 | i 61 | [ Summary ] cost=710151.00  Δ_S*=+0.94%  Δ_BKS=+0.97%  Δ_S*_BKS=+0.03%  no_improve=104
00:00:40 | i 53 | [ASYNC 1/2] sp_sc  0.00s / 720.00s / 0.0%  SC
00:00:40 | i 62 | [HAOS ROLL] k=12  λ=0.6  vb  ac_avg  filo  P≈0.003550
00:00:42 | i 62 | [Phase 1/3] decompose  1.25s / — / —  λ=0.6  vb ac_avg
00:01:36 | i 62 | [Phase 2/3] route  54.14s / 48.96s / 110.6%  filo  k=12
00:02:07 | i 61 | [ ASYNC BG] bg_ails  86.67s / 81.52s / 106.3%
00:02:07 | i 62 | [HAOS ROLL] k=12  λ=0.6  vb  ac_avg  filo  P≈0.003550
00:02:07 | i 62 | [ Summary ] cost=710181.00  Δ_S*=+0.95%  Δ_BKS=+0.98%  Δ_S*_BKS=+0.03%  no_improve=106
00:02:07 | i 63 | [HAOS ROLL] k=6  λ=0.6  vb  fcm  pyvrp  P≈0.000971
00:02:08 | i 63 | [Phase 1/3] decompose  1.16s / — / —  λ=0.6  vb fcm
00:03:04 | i 63 | [Phase 2/3] route  55.31s / 52.80s / 104.7%  pyvrp  k=6
00:03:36 | i 62 | [ ASYNC BG] bg_ails  89.20s / 81.52s / 109.4%
00:03:36 | i 63 | [HAOS ROLL] k=6  λ=0.6  vb  fcm  pyvrp  P≈0.000971
00:03:36 | i 63 | [ Summary ] cost=706826.00  Δ_S*=+0.47%  Δ_BKS=+0.50%  Δ_S*_BKS=+0.03%  no_improve=108
00:03:36 | i 64 | [HAOS ROLL] k=4  λ=0.6  rb  ac_avg  ails2  P≈0.003236
00:03:37 | i 64 | [Phase 1/3] decompose  0.89s / — / —  λ=0.6  rb ac_avg
00:05:13 | i 64 | [Phase 2/3] route  95.56s / 93.12s / 102.6%  ails2  k=4
00:05:13 | i 63 | [ ASYNC BG] bg_ails  65.63s / 60.00s / 109.4%
00:05:13 | i 64 | [ IMPROVE ] 703486.00  via decompose_route  ·  Δ_BKS=+0.02%
00:05:13 | i 64 | [HAOS ROLL] k=4  λ=0.6  rb  ac_avg  ails2  P≈0.003236
00:05:13 | i 64 | [ Summary ] cost=703486.00  Δ_S*=+0.00%  Δ_BKS=+0.02%  Δ_S*_BKS=+0.02%  no_improve=0
00:05:13 | i 65 | [HAOS ROLL] k=4  λ=0.6  vb  fcm  filo  P≈0.004685
00:05:14 | i 65 | [Phase 1/3] decompose  0.95s / — / —  λ=0.6  vb fcm
00:06:25 | i 65 | [Phase 2/3] route  71.17s / 71.04s / 100.2%  filo  k=4
00:06:48 | i 64 | [ ASYNC BG] bg_ails  95.49s / 90.89s / 105.1%
00:06:48 | i 65 | [HAOS ROLL] k=4  λ=0.6  vb  fcm  filo  P≈0.004685
00:06:49 | i 65 | [ Summary ] cost=704638.00  Δ_S*=+0.16%  Δ_BKS=+0.19%  Δ_S*_BKS=+0.02%  no_improve=2
00:06:49 | i 66 | [HAOS ROLL] k=6  λ=0.6  vb  kmeans  filo2  P≈0.000442
00:06:49 | i 66 | [Phase 1/3] decompose  0.85s / — / —  λ=0.6  vb kmeans
00:07:44 | i 66 | [Phase 2/3] route  54.13s / 54.00s / 100.2%  filo2  k=6
00:08:03 | i 65 | [ ASYNC BG] bg_ails  74.55s / 69.34s / 107.5%
00:08:03 | i 66 | [HAOS ROLL] k=6  λ=0.6  vb  kmeans  filo2  P≈0.000442
00:08:03 | i 66 | [ Summary ] cost=706560.00  Δ_S*=+0.44%  Δ_BKS=+0.46%  Δ_S*_BKS=+0.02%  no_improve=4
00:08:03 | i 67 | [HAOS ROLL] k=4  λ=1.0  vb  fcm  filo  P≈0.001861
00:08:04 | i 67 | [Phase 1/3] decompose  1.02s / — / —  λ=1.0  vb fcm
00:09:15 | i 67 | [Phase 2/3] route  71.18s / 71.16s / 100.0%  filo  k=4
00:09:15 | i 66 | [ ASYNC BG] bg_ails  65.63s / 60.00s / 109.4%
00:09:15 | i 67 | [HAOS ROLL] k=4  λ=1.0  vb  fcm  filo  P≈0.001861
00:09:16 | i 67 | [ Summary ] cost=705968.00  Δ_S*=+0.35%  Δ_BKS=+0.38%  Δ_S*_BKS=+0.02%  no_improve=6
00:09:16 | i 68 | [HAOS ROLL] k=12  λ=0.6  vb  kmeans  ails2  P≈0.002379
00:09:16 | i 68 | [Phase 1/3] decompose  0.87s / — / —  λ=0.6  vb kmeans
00:09:57 | i 68 | [Phase 2/3] route  40.92s / 31.44s / 130.2%  ails2  k=12
00:10:32 | i 67 | [ ASYNC BG] bg_ails  76.94s / 69.45s / 110.8%
00:10:32 | i 68 | [HAOS ROLL] k=12  λ=0.6  vb  kmeans  ails2  P≈0.002379
00:10:33 | i 68 | [ Summary ] cost=711551.00  Δ_S*=+1.15%  Δ_BKS=+1.17%  Δ_S*_BKS=+0.02%  no_improve=8
00:10:33 | i 69 | [HAOS ROLL] k=6  λ=0.6  vb  fcm  filo  P≈0.006927
00:10:34 | i 69 | [Phase 1/3] decompose  1.29s / — / —  λ=0.6  vb fcm
00:11:20 | i 69 | [Phase 2/3] route  46.13s / 46.14s / 100.0%  filo  k=6
00:11:40 | i 68 | [ ASYNC BG] bg_ails  68.01s / 60.00s / 113.4%
00:11:40 | i 69 | [HAOS ROLL] k=6  λ=0.6  vb  fcm  filo  P≈0.006927
00:11:41 | i 69 | [ Summary ] cost=707075.00  Δ_S*=+0.51%  Δ_BKS=+0.53%  Δ_S*_BKS=+0.02%  no_improve=10
00:11:41 | i 70 | [HAOS ROLL] k=10  λ=0.4  vb  kmeans  pyvrp  P≈0.000086
00:11:41 | i 70 | [Phase 1/3] decompose  0.88s / — / —  λ=0.4  vb kmeans
00:12:38 | i 70 | [Phase 2/3] route  56.34s / 36.72s / 153.4%  pyvrp  k=10
00:12:46 | i 69 | [ ASYNC BG] bg_ails  65.56s / 60.00s / 109.3%
00:12:46 | i 70 | [HAOS ROLL] k=10  λ=0.4  vb  kmeans  pyvrp  P≈0.000086
00:12:46 | i 70 | [ Summary ] cost=711895.00  Δ_S*=+1.20%  Δ_BKS=+1.22%  Δ_S*_BKS=+0.02%  no_improve=12
00:12:46 | i 71 | [HAOS ROLL] k=12  λ=0.2  vb  kmeans  ails2  P≈0.000418
00:12:47 | i 71 | [Phase 1/3] decompose  0.89s / — / —  λ=0.2  vb kmeans
00:13:36 | i 71 | [Phase 2/3] route  48.93s / 28.68s / 170.6%  ails2  k=12
00:13:54 | i 70 | [ ASYNC BG] bg_ails  68.25s / 60.00s / 113.8%
00:13:54 | i 71 | [HAOS ROLL] k=12  λ=0.2  vb  kmeans  ails2  P≈0.000418
00:13:54 | i 71 | [ Summary ] cost=709229.00  Δ_S*=+0.82%  Δ_BKS=+0.84%  Δ_S*_BKS=+0.02%  no_improve=14
00:13:54 | i 72 | [HAOS ROLL] k=10  λ=0.4  rb  ac_complete  pyvrp  P≈0.000447
00:13:55 | i 72 | [Phase 1/3] decompose  0.87s / — / —  λ=0.4  rb ac_complete
00:14:52 | i 72 | [Phase 2/3] route  56.90s / 46.56s / 122.2%  pyvrp  k=10
00:14:52 | i 72 | [HAOS ROLL] k=10  λ=0.4  rb  ac_complete  pyvrp  P≈0.000447
00:14:52 | i 72 | [ Summary ] cost=704769.00  Δ_S*=+0.18%  Δ_BKS=+0.21%  Δ_S*_BKS=+0.02%  no_improve=15
00:14:52 | i — | [  FINAL  ] async BG-AILS totals launched=70 applied=70 adopted=2 launch_skipped_cap=2 crashes=0 discarded_in_flight=False block_wait_total_s=1572.9
00:15:22 | i — | [  FINAL  ] async SP/SC totals invocations=5 adopted=1 skipped=1 discarded_in_flight=True sp_busy_frac=0.5669479483246468
00:15:22 | i — | [  FINAL  ] ════════════════════════════════════════
00:15:22 | i — | [  FINAL  ] Run complete  iterations=72  elapsed=02:01:25  best=703486.00
00:15:22 | i — | [  FINAL  ] Δ_BKS=+0.02%  no_improve_stop=False  time_stop=True  cancelled=False
00:15:22 | i — | [  FINAL  ] 
00:15:22 | i — | [  FINAL  ] [BEST SOLUTION — HAOS TAG SUMMARY]
00:15:22 | i — | [  FINAL  ] ────────────────────────────────────────
00:15:22 | i — | [  FINAL  ]   110 routes  rb  ac_avg  k=4  λ=0.6  solver=ails2
00:15:22 | i — | [  FINAL  ]   53 routes  vb  kmeans  k=6  λ=0.6  solver=filo
00:15:22 | i — | [  FINAL  ]   26 routes  vb  ac_complete  k=3  λ=0.4  solver=ails2
00:15:22 | i — | [  FINAL  ]   24 routes  vb  ac_avg  k=12  λ=0.6  solver=filo
00:15:22 | i — | [  FINAL  ]   17 routes  rb  ac_complete  k=4  λ=1.0  solver=filo
00:15:22 | i — | [  FINAL  ]   15 routes  rb  ac_complete  k=8  λ=0.6  solver=ails2
00:15:22 | i — | [  FINAL  ]   14 routes  vb  fcm  k=6  λ=0.6  solver=pyvrp
00:15:22 | i — | [  FINAL  ]   12 routes  rb  ac_avg  k=3  λ=1.0  solver=filo
00:15:22 | i — | [  FINAL  ]   11 routes  rb  kmeans  k=4  λ=0.6  solver=ails2
00:15:22 | i — | [  FINAL  ]   10 routes  rb  kmeans  k=6  λ=0.6  solver=pyvrp
00:15:22 | i — | [  FINAL  ]   10 routes  vb  kmedoids  k=4  λ=0.6  solver=ails2
00:15:22 | i — | [  FINAL  ]   10 routes  rb  ac_complete  k=4  λ=0.6  solver=filo2
00:15:22 | i — | [  FINAL  ]   10 routes  rb  ac_complete  k=3  λ=0.6  solver=pyvrp
00:15:22 | i — | [  FINAL  ]   9 routes  vb  kmeans  k=4  λ=1.0  solver=filo
00:15:22 | i — | [  FINAL  ]   9 routes  rb  ac_avg  k=2  λ=1.0  solver=ails2
00:15:22 | i — | [  FINAL  ]   9 routes  rb  ac_complete  k=4  λ=1.0  solver=pyvrp
00:15:22 | i — | [  FINAL  ]   8 routes  vb  ac_avg  k=12  λ=0.6  solver=filo2
00:15:22 | i — | [  FINAL  ]   8 routes  rb  ac_complete  k=12  λ=0.6  solver=filo
00:15:22 | i — | [  FINAL  ]   8 routes  vb  ac_complete  k=2  λ=0.0  solver=filo
00:15:22 | i — | [  FINAL  ]   8 routes  rb  ac_avg  k=3  λ=0.4  solver=filo
00:15:22 | i — | [  FINAL  ]   7 routes  vb  ac_complete  k=10  λ=0.0  solver=filo
00:15:22 | i — | [  FINAL  ]   6 routes  rb  ac_complete  k=2  λ=0.2  solver=filo
00:15:22 | i — | [  FINAL  ]   5 routes  rb  ac_complete  k=12  λ=0.2  solver=pyvrp
00:15:22 | i — | [  FINAL  ]   4 routes  rb  ac_complete  k=4  λ=0.6  solver=filo
00:15:22 | i — | [  FINAL  ]   4 routes  vb  ac_complete  k=6  λ=0.6  solver=ails2
00:15:22 | i — | [  FINAL  ]   4 routes  vb  kmedoids  k=3  λ=0.6  solver=pyvrp
00:15:22 | i — | [  FINAL  ]   3 routes  rb  ac_avg  k=6  λ=0.8  solver=filo
00:15:22 | i — | [  FINAL  ]   2 routes  rb  kmeans  k=2  λ=0.6  solver=filo
00:15:22 | i — | [  FINAL  ]   2 routes  vb  kmeans  k=12  λ=0.4  solver=pyvrp
00:15:22 | i — | [  FINAL  ]   2 routes  vb  fcm  k=6  λ=0.6  solver=filo
00:15:22 | i — | [  FINAL  ]   2 routes  rb  ac_avg  k=4  λ=0.6  solver=filo
00:15:22 | i — | [  FINAL  ]   2 routes  vb  kmeans  k=6  λ=0.6  solver=ails2
00:15:22 | i — | [  FINAL  ]   2 routes  vb  ac_complete  k=6  λ=1.0  solver=filo
00:15:22 | i — | [  FINAL  ]   1 routes  rb  ac_complete  k=6  λ=0.4  solver=filo2
00:15:22 | i — | [  FINAL  ]   1 routes  rb  ac_avg  k=6  λ=0.6  solver=filo
00:15:22 | i — | [  FINAL  ]   1 routes  rb  ac_avg  k=12  λ=0.0  solver=filo
00:15:22 | i — | [  FINAL  ]   1 routes  vb  ac_avg  k=3  λ=1.0  solver=pyvrp
00:15:22 | i — | [  FINAL  ]   1 routes  vb  kmedoids  k=12  λ=1.0  solver=filo
00:15:22 | i — | [  FINAL  ]   5 routes  post-SP/SC improvement
00:15:22 | i — | [  FINAL  ] 
00:15:22 | i — | [  FINAL  ] [ROUTE POOL — HAOS TAG SUMMARY]
00:15:22 | i — | [  FINAL  ] ────────────────────────────────────────
00:15:22 | i — | [  FINAL  ]   1017 routes  vb  ac_avg  k=12  λ=0.6  solver=filo
00:15:22 | i — | [  FINAL  ]   523 routes  vb  fcm  k=6  λ=0.6  solver=pyvrp
00:15:22 | i — | [  FINAL  ]   490 routes  vb  kmedoids  k=3  λ=0.6  solver=pyvrp
00:15:22 | i — | [  FINAL  ]   488 routes  vb  kmeans  k=10  λ=0.4  solver=pyvrp
00:15:22 | i — | [  FINAL  ]   479 routes  rb  kmeans  k=6  λ=0.6  solver=pyvrp
00:15:22 | i — | [  FINAL  ]   474 routes  rb  ac_complete  k=3  λ=0.6  solver=pyvrp
00:15:22 | i — | [  FINAL  ]   455 routes  rb  ac_complete  k=4  λ=1.0  solver=pyvrp
00:15:22 | i — | [  FINAL  ]   390 routes  vb  kmeans  k=12  λ=0.6  solver=ails2
00:15:22 | i — | [  FINAL  ]   387 routes  rb  ac_complete  k=12  λ=0.2  solver=pyvrp
00:15:22 | i — | [  FINAL  ]   373 routes  vb  fcm  k=4  λ=0.6  solver=filo
00:15:22 | i — | [  FINAL  ]   363 routes  vb  kmeans  k=6  λ=0.6  solver=filo2
00:15:22 | i — | [  FINAL  ]   347 routes  vb  fcm  k=6  λ=0.6  solver=filo
00:15:22 | i — | [  FINAL  ]   347 routes  vb  fcm  k=4  λ=1.0  solver=filo
00:15:22 | i — | [  FINAL  ]   321 routes  vb  ac_complete  k=10  λ=0.0  solver=filo
00:15:22 | i — | [  FINAL  ]   319 routes  rb  ac_complete  k=4  λ=1.0  solver=filo
00:15:22 | i — | [  FINAL  ]   305 routes  rb  ac_avg  k=3  λ=1.0  solver=filo
00:15:22 | i — | [  FINAL  ]   292 routes  rb  ac_avg  k=4  λ=0.6  solver=ails2
00:15:22 | i — | [  FINAL  ]   283 routes  vb  kmedoids  k=4  λ=0.6  solver=ails2
00:15:22 | i — | [  FINAL  ]   281 routes  rb  ac_complete  k=4  λ=0.6  solver=filo2
00:15:22 | i — | [  FINAL  ]   280 routes  rb  ac_avg  k=3  λ=0.4  solver=filo
00:15:22 | i — | [  FINAL  ]   275 routes  rb  kmeans  k=2  λ=0.6  solver=filo
00:15:22 | i — | [  FINAL  ]   264 routes  rb  ac_complete  k=10  λ=0.4  solver=pyvrp
00:15:22 | i — | [  FINAL  ]   247 routes  rb  ac_complete  k=4  λ=0.6  solver=filo
00:15:22 | i — | [  FINAL  ]   161 routes  vb  kmeans  k=12  λ=0.2  solver=ails2
00:15:22 | i — | [  FINAL  ]   153 routes  rb  ac_avg  k=6  λ=0.8  solver=filo
00:15:22 | i — | [  FINAL  ]   143 routes  rb  ac_avg  k=2  λ=1.0  solver=ails2
00:15:22 | i — | [  FINAL  ]   139 routes  rb  ac_complete  k=2  λ=0.2  solver=filo
00:15:22 | i — | [  FINAL  ]   117 routes  rb  ac_complete  k=12  λ=0.6  solver=filo
00:15:22 | i — | [  FINAL  ]   63 routes  vb  kmeans  k=6  λ=0.6  solver=filo
00:15:22 | i — | [  FINAL  ]   26 routes  vb  ac_complete  k=3  λ=0.4  solver=ails2
00:15:22 | i — | [  FINAL  ]   15 routes  rb  ac_complete  k=8  λ=0.6  solver=ails2
00:15:22 | i — | [  FINAL  ]   11 routes  rb  kmeans  k=4  λ=0.6  solver=ails2
00:15:22 | i — | [  FINAL  ]   9 routes  vb  kmeans  k=4  λ=1.0  solver=filo
00:15:22 | i — | [  FINAL  ]   8 routes  vb  ac_complete  k=2  λ=0.0  solver=filo
00:15:22 | i — | [  FINAL  ]   8 routes  vb  ac_avg  k=12  λ=0.6  solver=filo2
00:15:22 | i — | [  FINAL  ]   4 routes  vb  ac_complete  k=6  λ=0.6  solver=ails2
00:15:22 | i — | [  FINAL  ]   2 routes  vb  kmeans  k=12  λ=0.4  solver=pyvrp
00:15:22 | i — | [  FINAL  ]   2 routes  vb  ac_complete  k=6  λ=1.0  solver=filo
00:15:22 | i — | [  FINAL  ]   2 routes  vb  kmeans  k=6  λ=0.6  solver=ails2
00:15:22 | i — | [  FINAL  ]   2 routes  rb  ac_avg  k=4  λ=0.6  solver=filo
00:15:22 | i — | [  FINAL  ]   1 routes  vb  ac_avg  k=3  λ=1.0  solver=pyvrp
00:15:22 | i — | [  FINAL  ]   1 routes  rb  ac_complete  k=6  λ=0.4  solver=filo2
00:15:22 | i — | [  FINAL  ]   1 routes  vb  kmedoids  k=12  λ=1.0  solver=filo
00:15:22 | i — | [  FINAL  ]   1 routes  rb  ac_avg  k=6  λ=0.6  solver=filo
00:15:22 | i — | [  FINAL  ]   1 routes  rb  ac_avg  k=12  λ=0.0  solver=filo
00:15:22 | i — | [  FINAL  ]   130 routes  post-SP/SC improvement
00:15:22 | i — | [  FINAL  ] ════════════════════════════════════════
