01:19:54 | i — | [  INIT   ] ════════════════════════════════════════
01:19:54 | i — | [  INIT   ] DRISPI  instance=X-n2168-k138  n=2167  capacity=800
01:19:54 | i — | [  INIT   ] k domain (computed at init): [2, 3, 4, 6, 8, 10, 12]  k_ext=8  k_min=138  k_ext_bound=n_bound  spacing_rejected=0
01:19:54 | i — | [  INIT   ] ══════════════════════════════════════════════════════
01:19:54 | i — | [  INIT   ] CONFIGURATION
01:19:54 | i — | [  INIT   ] ── stopping ────────────────────────────────
01:19:54 | i — | [  INIT   ]   time_limit                  = 7200.0
01:19:54 | i — | [  INIT   ]   max_no_improve              = 1000000000
01:19:54 | i — | [  INIT   ] ── parallelism ─────────────────────────────
01:19:54 | i — | [  INIT   ]   n_workers                   = 8
01:19:54 | i — | [  INIT   ] ── cores ───────────────────────────────────
01:19:54 | i — | [  INIT   ]   cores_total                 = 8
01:19:54 | i — | [  INIT   ]   cores_dri                   = 6
01:19:54 | i — | [  INIT   ]   cores_bg                    = 1
01:19:54 | i — | [  INIT   ]   cores_sp                    = 1
01:19:54 | i — | [  INIT   ]   cores_cpu_list              = None
01:19:54 | i — | [  INIT   ] ── sp/sc ───────────────────────────────────
01:19:54 | i — | [  INIT   ]   sp_sc_mode                  = async
01:19:54 | i — | [  INIT   ]   sp_sc_trigger               = wallclock
01:19:54 | i — | [  INIT   ]   interval_minutes            = 20.0
01:19:54 | i — | [  INIT   ]   overlap_policy              = skip
01:19:54 | i — | [  INIT   ]   warmup_iterations           = 5
01:19:54 | i — | [  INIT   ]   sp_interval                 = 3
01:19:54 | i — | [  INIT   ]   min_coverage                = 5
01:19:54 | i — | [  INIT   ]   sp_time_limit               = 720.0
01:19:54 | i — | [  INIT   ]   mip_gap                     = 0.00025
01:19:54 | i — | [  INIT   ] ── decomposition ───────────────────────────
01:19:54 | i — | [  INIT   ]   decomp_k_base_arms          = [2, 3, 4, 6, 8, 10, 12]
01:19:54 | i — | [  INIT   ]   decomp_k_max_arms           = 10
01:19:54 | i — | [  INIT   ]   decomp_k_ext_per_1000       = 4
01:19:54 | i — | [  INIT   ]   decomp_k_min_routes_per_cluster= 8
01:19:54 | i — | [  INIT   ]   decomp_k_min_arm_spacing    = 2
01:19:54 | i — | [  INIT   ]   subcluster_rate_s_per_customer= 0.06
01:19:54 | i — | [  INIT   ]   subcluster_floor_s          = 5.0
01:19:54 | i — | [  INIT   ] ── bg_ails ─────────────────────────────────
01:19:54 | i — | [  INIT   ]   bg_ails_mode                = async
01:19:54 | i — | [  INIT   ]   bg_ails_crash_threshold     = 1
01:19:54 | i — | [  INIT   ]   bg_ails_budget_mode         = predicted_dr_wall
01:19:54 | i — | [  INIT   ]   bg_ails_budget_floor_s      = 60.0
01:19:54 | i — | [  INIT   ]   bg_ails_budget_margin       = 1.0
01:19:54 | i — | [  INIT   ]   bg_ails_wall_model_scale    = 0.976
01:19:54 | i — | [  INIT   ]   bg_ails_wall_model_wave_exponent= -0.18
01:19:54 | i — | [  INIT   ]   bg_ails_initial_omega       = 10
01:19:54 | i — | [  INIT   ]   bg_ails_boundary_threshold  = 0.5
01:19:54 | i — | [  INIT   ]   bg_ails_small_cluster_cap   = 20
01:19:54 | i — | [  INIT   ]   bg_ails_small_cluster_alpha = 0.5
01:19:54 | i — | [  INIT   ]   bg_ails_pair_selection      = greedy
01:19:54 | i — | [  INIT   ]   bg_ails_n_chains_mode       = k
01:19:54 | i — | [  INIT   ] ── standard_improvement ────────────────────
01:19:54 | i — | [  INIT   ]   standard_improvement_time_limit= 360.0
01:19:54 | i — | [  INIT   ] ── pool ────────────────────────────────────
01:19:54 | i — | [  INIT   ]   max_pool_size               = 10000
01:19:54 | i — | [  INIT   ]   pool_diversity_weight       = 0.5
01:19:54 | i — | [  INIT   ] ── haos ────────────────────────────────────
01:19:54 | i — | [  INIT   ]   haos_decay                  = 0.95
01:19:54 | i — | [  INIT   ]   haos_warmup                 = 10
01:19:54 | i — | [  INIT   ]   haos_starting_weight        = 10.0
01:19:54 | i — | [  INIT   ]   haos_min_weight_k           = 0.025
01:19:54 | i — | [  INIT   ]   haos_min_weight_lambda      = 0.05
01:19:54 | i — | [  INIT   ]   haos_min_weight_paradigm    = 0.1
01:19:54 | i — | [  INIT   ]   haos_min_weight_vertex_method= 0.05
01:19:54 | i — | [  INIT   ]   haos_min_weight_route_method= 0.05
01:19:54 | i — | [  INIT   ]   haos_min_weight_solver      = 0.05
01:19:54 | i — | [  INIT   ]   haos_lambda_demand_values   = [0.0, 0.2, 0.4, 0.6, 0.8, 1.0]
01:19:54 | i — | [  INIT   ]   haos_paradigm_values        = ['vertex', 'route']
01:19:54 | i — | [  INIT   ]   haos_vertex_method_values   = ['kmeans', 'agglomerative_avg', 'agglomerative_complete', 'kmedoids', 'fcm']
01:19:54 | i — | [  INIT   ]   haos_route_method_values    = ['kmeans', 'agglomerative_avg', 'agglomerative_complete']
01:19:54 | i — | [  INIT   ]   haos_solver_values          = ['pyvrp', 'filo', 'filo2', 'ails2']
01:19:54 | i — | [  INIT   ] ── haos_rewards ────────────────────────────
01:19:54 | i — | [  INIT   ]   haos_reward_new_best        = 10.0
01:19:54 | i — | [  INIT   ]   haos_reward_improvement     = 4.0
01:19:54 | i — | [  INIT   ]   haos_reward_no_improvement  = 1.0
01:19:54 | i — | [  INIT   ]   haos_reward_no_solution     = 0.0
01:19:54 | i — | [  INIT   ]   haos_deferred_new_best      = 7.0
01:19:54 | i — | [  INIT   ]   haos_deferred_improvement   = 3.0
01:19:54 | i — | [  INIT   ]   haos_deferred_no_improvement= 0.0
01:19:54 | i — | [  INIT   ] ── seed ────────────────────────────────────
01:19:54 | i — | [  INIT   ]   seed                        = 20
01:19:54 | i — | [  INIT   ] ── output ──────────────────────────────────
01:19:54 | i — | [  INIT   ]   output_dir                  = /app/artifacts/final_benchmark/runs/X-n2168-k138/seed20
01:19:54 | i — | [  INIT   ]   run_analysis                = False
01:19:54 | i — | [  INIT   ] ══════════════════════════════════════════════════════
01:19:54 | i — | [  INIT   ] BKS=127210.00
01:19:54 | i — | [  INIT   ] ════════════════════════════════════════
01:19:54 | i 1 | [HAOS ROLL] k=3  λ=0.8  vb  kmeans  pyvrp  P≈0.000595
01:19:58 | i 1 | [Phase 1/3] decompose  4.37s / — / —  λ=0.8  vb kmeans
01:20:48 | i 1 | [Phase 2/3] route  50.44s / 48.12s / 104.8%  pyvrp  k=3
01:20:48 | i 1 | [ IMPROVE ] 131804.00  via decompose_route  ·  Δ_BKS=+3.61%
01:20:48 | i 1 | [HAOS ROLL] k=3  λ=0.8  vb  kmeans  pyvrp  P≈0.000595
01:20:48 | i 1 | [ Summary ] cost=131804.00  Δ_S*=+0.00%  Δ_BKS=+3.61%  Δ_S*_BKS=+3.61%  no_improve=0
01:20:48 | i 2 | [HAOS ROLL] k=10  λ=1.0  vb  kmedoids  filo2  P≈0.000595
01:20:50 | i 2 | [Phase 1/3] decompose  1.15s / — / —  λ=1.0  vb kmedoids
01:21:15 | i 2 | [Phase 2/3] route  25.18s / 18.42s / 136.7%  filo2  k=10
01:21:54 | i 1 | [ IMPROVE ] 128825.00  via bg_ails  ·  Δ_BKS=+1.27%
01:21:54 | i 1 | [ ASYNC BG] bg_ails  65.69s / 60.00s / 109.5%
01:21:54 | i 2 | [HAOS ROLL] k=10  λ=1.0  vb  kmedoids  filo2  P≈0.000595
01:21:54 | i 2 | [ Summary ] cost=131119.00  Δ_S*=+1.78%  Δ_BKS=+3.07%  Δ_S*_BKS=+1.27%  no_improve=1
01:21:54 | i 3 | [HAOS ROLL] k=8  λ=1.0  vb  ac_avg  ails2  P≈0.000595
01:21:55 | i 3 | [Phase 1/3] decompose  0.78s / — / —  λ=1.0  vb ac_avg
01:22:25 | i 3 | [Phase 2/3] route  29.77s / 22.44s / 132.7%  ails2  k=8
01:23:01 | i 2 | [ IMPROVE ] 128590.00  via bg_ails  ·  Δ_BKS=+1.08%
01:23:01 | i 2 | [ ASYNC BG] bg_ails  66.40s / 60.00s / 110.7%
01:23:01 | i 3 | [HAOS ROLL] k=8  λ=1.0  vb  ac_avg  ails2  P≈0.000595
01:23:01 | i 3 | [ Summary ] cost=130261.00  Δ_S*=+1.30%  Δ_BKS=+2.40%  Δ_S*_BKS=+1.08%  no_improve=1
01:23:01 | i 4 | [HAOS ROLL] k=4  λ=0.8  rb  kmeans  filo2  P≈0.000992
01:23:01 | i 4 | [Phase 1/3] decompose  0.40s / — / —  λ=0.8  rb kmeans
01:23:39 | i 4 | [Phase 2/3] route  38.09s / 37.68s / 101.1%  filo2  k=4
01:24:04 | i 3 | [ IMPROVE ] 128244.00  via bg_ails  ·  Δ_BKS=+0.81%
01:24:04 | i 3 | [ ASYNC BG] bg_ails  63.62s / 60.00s / 106.0%
01:24:04 | i 4 | [HAOS ROLL] k=4  λ=0.8  rb  kmeans  filo2  P≈0.000992
01:24:04 | i 4 | [ Summary ] cost=128647.00  Δ_S*=+0.31%  Δ_BKS=+1.13%  Δ_S*_BKS=+0.81%  no_improve=1
01:24:04 | i 5 | [HAOS ROLL] k=10  λ=0.4  vb  ac_complete  pyvrp  P≈0.000595
01:24:05 | i 5 | [Phase 1/3] decompose  0.53s / — / —  λ=0.4  vb ac_complete
01:24:33 | i 5 | [Phase 2/3] route  28.08s / 19.14s / 146.7%  pyvrp  k=10
01:25:08 | i 4 | [ IMPROVE ] 128081.00  via bg_ails  ·  Δ_BKS=+0.68%
01:25:08 | i 4 | [ ASYNC BG] bg_ails  63.63s / 60.00s / 106.0%
01:25:08 | i 5 | [HAOS ROLL] k=10  λ=0.4  vb  ac_complete  pyvrp  P≈0.000595
01:25:08 | i 5 | [ Summary ] cost=131872.00  Δ_S*=+2.96%  Δ_BKS=+3.66%  Δ_S*_BKS=+0.68%  no_improve=1
01:25:08 | i 6 | [HAOS ROLL] k=3  λ=0.2  rb  ac_avg  ails2  P≈0.000992
01:25:08 | i 6 | [Phase 1/3] decompose  0.56s / — / —  λ=0.2  rb ac_avg
01:26:13 | i 6 | [Phase 2/3] route  64.92s / 61.44s / 105.7%  ails2  k=3
01:26:13 | i 5 | [ ASYNC BG] bg_ails  65.57s / 60.00s / 109.3%
01:26:13 | i 6 | [HAOS ROLL] k=3  λ=0.2  rb  ac_avg  ails2  P≈0.000992
01:26:13 | i 6 | [ Summary ] cost=128347.00  Δ_S*=+0.21%  Δ_BKS=+0.89%  Δ_S*_BKS=+0.68%  no_improve=3
01:26:13 | i 7 | [HAOS ROLL] k=2  λ=0.4  rb  ac_avg  filo2  P≈0.000992
01:26:14 | i 7 | [Phase 1/3] decompose  0.39s / — / —  λ=0.4  rb ac_avg
01:27:23 | i 7 | [Phase 2/3] route  69.16s / 68.58s / 100.8%  filo2  k=2
01:27:23 | i 6 | [ IMPROVE ] 128024.00  via bg_ails  ·  Δ_BKS=+0.64%
01:27:23 | i 6 | [ ASYNC BG] bg_ails  63.60s / 60.00s / 106.0%
01:27:23 | i 7 | [HAOS ROLL] k=2  λ=0.4  rb  ac_avg  filo2  P≈0.000992
01:27:23 | i 7 | [ Summary ] cost=128247.00  Δ_S*=+0.17%  Δ_BKS=+0.82%  Δ_S*_BKS=+0.64%  no_improve=1
01:27:23 | i 8 | [HAOS ROLL] k=10  λ=1.0  vb  ac_avg  ails2  P≈0.000595
01:27:24 | i 8 | [Phase 1/3] decompose  0.73s / — / —  λ=1.0  vb ac_avg
01:27:52 | i 8 | [Phase 2/3] route  27.86s / 19.92s / 139.9%  ails2  k=10
01:28:35 | i 7 | [ ASYNC BG] bg_ails  72.41s / 66.93s / 108.2%
01:28:35 | i 8 | [HAOS ROLL] k=10  λ=1.0  vb  ac_avg  ails2  P≈0.000595
01:28:35 | i 8 | [ Summary ] cost=130356.00  Δ_S*=+1.82%  Δ_BKS=+2.47%  Δ_S*_BKS=+0.64%  no_improve=3
01:28:35 | i 9 | [HAOS ROLL] k=8  λ=0.2  rb  ac_avg  ails2  P≈0.000992
01:28:36 | i 9 | [Phase 1/3] decompose  0.40s / — / —  λ=0.2  rb ac_avg
01:29:03 | i 9 | [Phase 2/3] route  26.80s / 25.26s / 106.1%  ails2  k=8
01:29:39 | i 8 | [ IMPROVE ] 127993.00  via bg_ails  ·  Δ_BKS=+0.62%
01:29:39 | i 8 | [ ASYNC BG] bg_ails  63.72s / 60.00s / 106.2%
01:29:39 | i 9 | [HAOS ROLL] k=8  λ=0.2  rb  ac_avg  ails2  P≈0.000992
01:29:39 | i 9 | [ Summary ] cost=128148.00  Δ_S*=+0.12%  Δ_BKS=+0.74%  Δ_S*_BKS=+0.62%  no_improve=1
01:29:39 | i 10 | [HAOS ROLL] k=2  λ=0.0  vb  kmeans  ails2  P≈0.000595
01:29:40 | i 10 | [Phase 1/3] decompose  0.29s / — / —  λ=0.0  vb kmeans
01:30:49 | i 10 | [Phase 2/3] route  68.99s / 67.08s / 102.9%  ails2  k=2
01:30:49 | i 9 | [ ASYNC BG] bg_ails  63.70s / 60.00s / 106.2%
01:30:49 | i 10 | [HAOS ROLL] k=2  λ=0.0  vb  kmeans  ails2  P≈0.000595
01:30:49 | i 10 | [ Summary ] cost=128413.00  Δ_S*=+0.33%  Δ_BKS=+0.95%  Δ_S*_BKS=+0.62%  no_improve=3
01:30:49 | i 11 | [HAOS ROLL] k=8  λ=0.4  vb  ac_complete  ails2  P≈0.000595
01:30:49 | i 11 | [Phase 1/3] decompose  0.48s / — / —  λ=0.4  vb ac_complete
01:31:19 | i 11 | [Phase 2/3] route  30.04s / 22.20s / 135.3%  ails2  k=8
01:31:57 | i 10 | [ ASYNC BG] bg_ails  68.65s / 65.47s / 104.9%
01:31:57 | i 11 | [HAOS ROLL] k=8  λ=0.4  vb  ac_complete  ails2  P≈0.000595
01:31:57 | i 11 | [ Summary ] cost=129870.00  Δ_S*=+1.47%  Δ_BKS=+2.09%  Δ_S*_BKS=+0.62%  no_improve=5
01:31:57 | i 12 | [HAOS ROLL] k=10  λ=0.2  rb  ac_complete  filo2  P≈0.000946
01:31:58 | i 12 | [Phase 1/3] decompose  0.41s / — / —  λ=0.2  rb ac_complete
01:32:25 | i 12 | [Phase 2/3] route  27.11s / 20.88s / 129.8%  filo2  k=10
01:33:01 | i 11 | [ ASYNC BG] bg_ails  63.73s / 60.00s / 106.2%
01:33:01 | i 12 | [HAOS ROLL] k=10  λ=0.2  rb  ac_complete  filo2  P≈0.000946
01:33:01 | i 12 | [ Summary ] cost=130457.00  Δ_S*=+1.93%  Δ_BKS=+2.55%  Δ_S*_BKS=+0.62%  no_improve=7
01:33:01 | i 6 | [ASYNC 1/2] sp_sc  0.70s / 720.00s / 0.1%  SP  avg_coverage=10.56/5  pool=1462
01:33:01 | i 6 | [ASYNC 2/2] standard_ails  363.08s / 360.00s / 100.9%
01:33:07 | i 6 | [ IMPROVE ] 127925.00  via standard_ails  ·  Δ_BKS=+0.56%
01:33:07 | i 13 | [HAOS ROLL] k=6  λ=0.2  vb  ac_avg  filo  P≈0.000525
01:33:07 | i 13 | [Phase 1/3] decompose  0.55s / — / —  λ=0.2  vb ac_avg
01:33:36 | i 13 | [Phase 2/3] route  29.21s / 29.16s / 100.2%  filo  k=6
01:34:05 | i 12 | [ ASYNC BG] bg_ails  64.17s / 60.00s / 106.9%
01:34:05 | i 13 | [HAOS ROLL] k=6  λ=0.2  vb  ac_avg  filo  P≈0.000525
01:34:05 | i 13 | [ Summary ] cost=129741.00  Δ_S*=+1.42%  Δ_BKS=+1.99%  Δ_S*_BKS=+0.56%  no_improve=2
01:34:05 | i 14 | [HAOS ROLL] k=6  λ=0.6  vb  kmeans  filo2  P≈0.000583
01:34:06 | i 14 | [Phase 1/3] decompose  0.91s / — / —  λ=0.6  vb kmeans
01:34:32 | i 14 | [Phase 2/3] route  26.26s / 25.92s / 101.3%  filo2  k=6
01:35:11 | i 13 | [ ASYNC BG] bg_ails  66.21s / 60.00s / 110.3%
01:35:11 | i 14 | [HAOS ROLL] k=6  λ=0.6  vb  kmeans  filo2  P≈0.000583
01:35:11 | i 14 | [ Summary ] cost=129958.00  Δ_S*=+1.59%  Δ_BKS=+2.16%  Δ_S*_BKS=+0.56%  no_improve=4
01:35:11 | i 15 | [HAOS ROLL] k=4  λ=0.8  vb  kmeans  ails2  P≈0.001432
01:35:12 | i 15 | [Phase 1/3] decompose  0.39s / — / —  λ=0.8  vb kmeans
01:35:48 | i 15 | [Phase 2/3] route  35.95s / 34.68s / 103.7%  ails2  k=4
01:36:15 | i 14 | [ ASYNC BG] bg_ails  63.72s / 60.00s / 106.2%
01:36:15 | i 15 | [HAOS ROLL] k=4  λ=0.8  vb  kmeans  ails2  P≈0.001432
01:36:15 | i 15 | [ Summary ] cost=128774.00  Δ_S*=+0.66%  Δ_BKS=+1.23%  Δ_S*_BKS=+0.56%  no_improve=6
01:36:15 | i 16 | [HAOS ROLL] k=10  λ=1.0  vb  fcm  filo2  P≈0.001204
01:36:16 | i 16 | [Phase 1/3] decompose  0.62s / — / —  λ=1.0  vb fcm
01:36:44 | i 16 | [Phase 2/3] route  28.11s / 14.34s / 196.0%  filo2  k=10
01:37:19 | i 15 | [ ASYNC BG] bg_ails  63.66s / 60.00s / 106.1%
01:37:19 | i 16 | [HAOS ROLL] k=10  λ=1.0  vb  fcm  filo2  P≈0.001204
01:37:19 | i 16 | [ Summary ] cost=131540.00  Δ_S*=+2.83%  Δ_BKS=+3.40%  Δ_S*_BKS=+0.56%  no_improve=8
01:37:19 | i 17 | [HAOS ROLL] k=3  λ=0.8  vb  ac_avg  pyvrp  P≈0.001162
01:37:20 | i 17 | [Phase 1/3] decompose  0.71s / — / —  λ=0.8  vb ac_avg
01:38:41 | i 17 | [Phase 2/3] route  81.26s / 71.58s / 113.5%  pyvrp  k=3
01:38:41 | i 16 | [ ASYNC BG] bg_ails  65.99s / 60.00s / 110.0%
01:38:41 | i 17 | [HAOS ROLL] k=3  λ=0.8  vb  ac_avg  pyvrp  P≈0.001162
01:38:41 | i 17 | [ Summary ] cost=132058.00  Δ_S*=+3.23%  Δ_BKS=+3.81%  Δ_S*_BKS=+0.56%  no_improve=10
01:38:41 | i 18 | [HAOS ROLL] k=4  λ=1.0  rb  ac_complete  filo  P≈0.000486
01:38:41 | i 18 | [Phase 1/3] decompose  0.39s / — / —  λ=1.0  rb ac_complete
01:39:19 | i 18 | [Phase 2/3] route  38.10s / 37.68s / 101.1%  filo  k=4
01:39:54 | i 17 | [ ASYNC BG] bg_ails  72.66s / 69.86s / 104.0%
01:39:54 | i 18 | [HAOS ROLL] k=4  λ=1.0  rb  ac_complete  filo  P≈0.000486
01:39:54 | i 18 | [ Summary ] cost=128579.00  Δ_S*=+0.51%  Δ_BKS=+1.08%  Δ_S*_BKS=+0.56%  no_improve=12
01:39:54 | i 19 | [HAOS ROLL] k=10  λ=1.0  vb  ac_avg  ails2  P≈0.002279
01:39:54 | i 19 | [Phase 1/3] decompose  0.51s / — / —  λ=1.0  vb ac_avg
01:40:21 | i 19 | [Phase 2/3] route  27.26s / 19.92s / 136.8%  ails2  k=10
01:40:57 | i 18 | [ ASYNC BG] bg_ails  63.70s / 60.00s / 106.2%
01:40:57 | i 19 | [HAOS ROLL] k=10  λ=1.0  vb  ac_avg  ails2  P≈0.002279
01:40:57 | i 19 | [ Summary ] cost=130000.00  Δ_S*=+1.62%  Δ_BKS=+2.19%  Δ_S*_BKS=+0.56%  no_improve=14
01:40:57 | i 20 | [HAOS ROLL] k=3  λ=1.0  vb  ac_avg  pyvrp  P≈0.001891
01:40:58 | i 20 | [Phase 1/3] decompose  1.12s / — / —  λ=1.0  vb ac_avg
01:41:52 | i 20 | [Phase 2/3] route  53.42s / 48.96s / 109.1%  pyvrp  k=3
01:42:03 | i 19 | [ ASYNC BG] bg_ails  65.40s / 60.00s / 109.0%
01:42:03 | i 20 | [HAOS ROLL] k=3  λ=1.0  vb  ac_avg  pyvrp  P≈0.001891
01:42:03 | i 20 | [ Summary ] cost=131216.00  Δ_S*=+2.57%  Δ_BKS=+3.15%  Δ_S*_BKS=+0.56%  no_improve=16
01:42:03 | i 21 | [HAOS ROLL] k=6  λ=0.4  vb  kmeans  filo  P≈0.000467
01:42:03 | i 21 | [Phase 1/3] decompose  0.36s / — / —  λ=0.4  vb kmeans
01:42:27 | i 21 | [Phase 2/3] route  24.15s / 24.06s / 100.4%  filo  k=6
01:43:06 | i 20 | [ ASYNC BG] bg_ails  63.65s / 60.00s / 106.1%
01:43:06 | i 21 | [HAOS ROLL] k=6  λ=0.4  vb  kmeans  filo  P≈0.000467
01:43:06 | i 21 | [ Summary ] cost=129679.00  Δ_S*=+1.37%  Δ_BKS=+1.94%  Δ_S*_BKS=+0.56%  no_improve=18
01:43:06 | i 22 | [HAOS ROLL] k=4  λ=0.8  rb  kmeans  ails2  P≈0.000877
01:43:07 | i 22 | [Phase 1/3] decompose  0.52s / — / —  λ=0.8  rb kmeans
01:43:45 | i 22 | [Phase 2/3] route  38.30s / 35.34s / 108.4%  ails2  k=4
01:44:12 | i 21 | [ ASYNC BG] bg_ails  65.96s / 60.00s / 109.9%
01:44:12 | i 22 | [HAOS ROLL] k=4  λ=0.8  rb  kmeans  ails2  P≈0.000877
01:44:12 | i 22 | [ Summary ] cost=128402.00  Δ_S*=+0.37%  Δ_BKS=+0.94%  Δ_S*_BKS=+0.56%  no_improve=20
01:44:12 | i 23 | [HAOS ROLL] k=8  λ=0.6  vb  fcm  ails2  P≈0.000330
01:44:13 | i 23 | [Phase 1/3] decompose  0.54s / — / —  λ=0.6  vb fcm
01:44:49 | i 23 | [Phase 2/3] route  36.06s / 19.86s / 181.6%  ails2  k=8
01:45:16 | i 22 | [ ASYNC BG] bg_ails  63.69s / 60.00s / 106.2%
01:45:16 | i 23 | [HAOS ROLL] k=8  λ=0.6  vb  fcm  ails2  P≈0.000330
01:45:16 | i 23 | [ Summary ] cost=130019.00  Δ_S*=+1.64%  Δ_BKS=+2.21%  Δ_S*_BKS=+0.56%  no_improve=22
01:45:16 | i 24 | [HAOS ROLL] k=6  λ=0.0  vb  fcm  pyvrp  P≈0.000317
01:45:17 | i 24 | [Phase 1/3] decompose  0.44s / — / —  λ=0.0  vb fcm
01:45:41 | i 24 | [Phase 2/3] route  24.72s / 23.94s / 103.2%  pyvrp  k=6
01:46:20 | i 23 | [ ASYNC BG] bg_ails  63.73s / 60.00s / 106.2%
01:46:20 | i 24 | [HAOS ROLL] k=6  λ=0.0  vb  fcm  pyvrp  P≈0.000317
01:46:20 | i 24 | [ Summary ] cost=132617.00  Δ_S*=+3.67%  Δ_BKS=+4.25%  Δ_S*_BKS=+0.56%  no_improve=24
01:46:20 | i 25 | [HAOS ROLL] k=4  λ=0.0  rb  ac_avg  ails2  P≈0.000601
01:46:21 | i 25 | [Phase 1/3] decompose  0.42s / — / —  λ=0.0  rb ac_avg
01:47:08 | i 25 | [Phase 2/3] route  47.23s / 44.94s / 105.1%  ails2  k=4
01:47:26 | i 24 | [ ASYNC BG] bg_ails  65.82s / 60.00s / 109.7%
01:47:26 | i 25 | [HAOS ROLL] k=4  λ=0.0  rb  ac_avg  ails2  P≈0.000601
01:47:26 | i 25 | [ Summary ] cost=128473.00  Δ_S*=+0.43%  Δ_BKS=+0.99%  Δ_S*_BKS=+0.56%  no_improve=26
01:47:26 | i 26 | [HAOS ROLL] k=10  λ=0.2  rb  ac_complete  filo2  P≈0.000241
01:47:26 | i 26 | [Phase 1/3] decompose  0.41s / — / —  λ=0.2  rb ac_complete
01:47:53 | i 26 | [Phase 2/3] route  27.11s / 18.36s / 147.7%  filo2  k=10
01:48:30 | i 25 | [ ASYNC BG] bg_ails  63.97s / 60.00s / 106.6%
01:48:30 | i 26 | [HAOS ROLL] k=10  λ=0.2  rb  ac_complete  filo2  P≈0.000241
01:48:30 | i 26 | [ Summary ] cost=129783.00  Δ_S*=+1.45%  Δ_BKS=+2.02%  Δ_S*_BKS=+0.56%  no_improve=28
01:48:30 | i 27 | [HAOS ROLL] k=3  λ=0.8  vb  fcm  ails2  P≈0.001820
01:48:30 | i 27 | [Phase 1/3] decompose  0.52s / — / —  λ=0.8  vb fcm
01:49:20 | i 27 | [Phase 2/3] route  49.82s / 48.60s / 102.5%  ails2  k=3
01:49:35 | i 26 | [ ASYNC BG] bg_ails  65.14s / 60.00s / 108.6%
01:49:35 | i 27 | [HAOS ROLL] k=3  λ=0.8  vb  fcm  ails2  P≈0.001820
01:49:35 | i 27 | [ Summary ] cost=128472.00  Δ_S*=+0.43%  Δ_BKS=+0.99%  Δ_S*_BKS=+0.56%  no_improve=30
01:49:35 | i 28 | [HAOS ROLL] k=6  λ=1.0  vb  ac_complete  ails2  P≈0.001157
01:49:36 | i 28 | [Phase 1/3] decompose  0.83s / — / —  λ=1.0  vb ac_complete
01:50:12 | i 28 | [Phase 2/3] route  36.06s / 33.78s / 106.7%  ails2  k=6
01:50:43 | i 27 | [ ASYNC BG] bg_ails  67.92s / 60.00s / 113.2%
01:50:43 | i 28 | [HAOS ROLL] k=6  λ=1.0  vb  ac_complete  ails2  P≈0.001157
01:50:43 | i 28 | [ Summary ] cost=129115.00  Δ_S*=+0.93%  Δ_BKS=+1.50%  Δ_S*_BKS=+0.56%  no_improve=32
01:50:43 | i 29 | [HAOS ROLL] k=6  λ=0.4  vb  kmedoids  filo2  P≈0.000308
01:50:43 | i 29 | [Phase 1/3] decompose  0.50s / — / —  λ=0.4  vb kmedoids
01:51:09 | i 29 | [Phase 2/3] route  26.15s / 25.74s / 101.6%  filo2  k=6
01:51:46 | i 28 | [ ASYNC BG] bg_ails  63.82s / 60.00s / 106.4%
01:51:47 | i 29 | [HAOS ROLL] k=6  λ=0.4  vb  kmedoids  filo2  P≈0.000308
01:51:47 | i 29 | [ Summary ] cost=129947.00  Δ_S*=+1.58%  Δ_BKS=+2.15%  Δ_S*_BKS=+0.56%  no_improve=34
01:51:47 | i 30 | [HAOS ROLL] k=2  λ=0.4  vb  kmeans  ails2  P≈0.000525
01:51:47 | i 30 | [Phase 1/3] decompose  0.53s / — / —  λ=0.4  vb kmeans
01:52:58 | i 30 | [Phase 2/3] route  70.84s / 67.32s / 105.2%  ails2  k=2
01:52:58 | i 29 | [ ASYNC BG] bg_ails  66.07s / 60.00s / 110.1%
01:52:58 | i 30 | [HAOS ROLL] k=2  λ=0.4  vb  kmeans  ails2  P≈0.000525
01:52:58 | i 30 | [ Summary ] cost=128470.00  Δ_S*=+0.43%  Δ_BKS=+0.99%  Δ_S*_BKS=+0.56%  no_improve=36
01:52:58 | i 31 | [HAOS ROLL] k=6  λ=0.0  vb  ac_complete  ails2  P≈0.001723
01:52:59 | i 31 | [Phase 1/3] decompose  0.41s / — / —  λ=0.0  vb ac_complete
01:53:28 | i 31 | [Phase 2/3] route  29.88s / 28.98s / 103.1%  ails2  k=6
01:54:07 | i 30 | [ ASYNC BG] bg_ails  68.84s / 65.70s / 104.8%
01:54:07 | i 31 | [HAOS ROLL] k=6  λ=0.0  vb  ac_complete  ails2  P≈0.001723
01:54:07 | i 31 | [ Summary ] cost=129055.00  Δ_S*=+0.88%  Δ_BKS=+1.45%  Δ_S*_BKS=+0.56%  no_improve=38
01:54:07 | i 32 | [HAOS ROLL] k=4  λ=1.0  vb  ac_complete  filo  P≈0.000682
01:54:08 | i 32 | [Phase 1/3] decompose  0.79s / — / —  λ=1.0  vb ac_complete
01:54:44 | i 32 | [Phase 2/3] route  36.23s / 36.30s / 99.8%  filo  k=4
01:55:13 | i 31 | [ ASYNC BG] bg_ails  65.94s / 60.00s / 109.9%
01:55:13 | i 32 | [HAOS ROLL] k=4  λ=1.0  vb  ac_complete  filo  P≈0.000682
01:55:13 | i 32 | [ Summary ] cost=129201.00  Δ_S*=+1.00%  Δ_BKS=+1.57%  Δ_S*_BKS=+0.56%  no_improve=40
01:55:13 | i 33 | [HAOS ROLL] k=10  λ=0.6  rb  ac_avg  filo  P≈0.000170
01:55:14 | i 33 | [Phase 1/3] decompose  0.62s / — / —  λ=0.6  rb ac_avg
01:55:43 | i 33 | [Phase 2/3] route  29.26s / 19.02s / 153.8%  filo  k=10
01:56:20 | i 32 | [ ASYNC BG] bg_ails  66.84s / 60.00s / 111.4%
01:56:20 | i 33 | [HAOS ROLL] k=10  λ=0.6  rb  ac_avg  filo  P≈0.000170
01:56:20 | i 33 | [ Summary ] cost=129357.00  Δ_S*=+1.12%  Δ_BKS=+1.69%  Δ_S*_BKS=+0.56%  no_improve=42
01:56:20 | i 34 | [HAOS ROLL] k=4  λ=0.8  vb  ac_avg  ails2  P≈0.002656
01:56:20 | i 34 | [Phase 1/3] decompose  0.48s / — / —  λ=0.8  vb ac_avg
01:57:10 | i 34 | [Phase 2/3] route  49.81s / 48.78s / 102.1%  ails2  k=4
01:57:24 | i 33 | [ ASYNC BG] bg_ails  63.97s / 60.00s / 106.6%
01:57:24 | i 34 | [HAOS ROLL] k=4  λ=0.8  vb  ac_avg  ails2  P≈0.002656
01:57:24 | i 34 | [ Summary ] cost=129003.00  Δ_S*=+0.84%  Δ_BKS=+1.41%  Δ_S*_BKS=+0.56%  no_improve=44
01:57:24 | i 35 | [HAOS ROLL] k=6  λ=0.0  vb  fcm  ails2  P≈0.002239
01:57:25 | i 35 | [Phase 1/3] decompose  0.69s / — / —  λ=0.0  vb fcm
01:57:50 | i 35 | [Phase 2/3] route  25.56s / 23.94s / 106.7%  ails2  k=6
01:58:31 | i 34 | [ ASYNC BG] bg_ails  67.35s / 60.00s / 112.2%
01:58:31 | i 35 | [HAOS ROLL] k=6  λ=0.0  vb  fcm  ails2  P≈0.002239
01:58:31 | i 35 | [ Summary ] cost=129779.00  Δ_S*=+1.45%  Δ_BKS=+2.02%  Δ_S*_BKS=+0.56%  no_improve=46
01:58:31 | i 36 | [HAOS ROLL] k=4  λ=0.8  rb  ac_complete  filo2  P≈0.000892
01:58:32 | i 36 | [Phase 1/3] decompose  0.37s / — / —  λ=0.8  rb ac_complete
01:59:10 | i 36 | [Phase 2/3] route  38.15s / 37.68s / 101.2%  filo2  k=4
01:59:35 | i 35 | [ ASYNC BG] bg_ails  63.68s / 60.00s / 106.1%
01:59:35 | i 36 | [HAOS ROLL] k=4  λ=0.8  rb  ac_complete  filo2  P≈0.000892
01:59:35 | i 36 | [ Summary ] cost=128454.00  Δ_S*=+0.41%  Δ_BKS=+0.98%  Δ_S*_BKS=+0.56%  no_improve=48
01:59:35 | i 37 | [HAOS ROLL] k=6  λ=0.4  vb  fcm  ails2  P≈0.002605
01:59:36 | i 37 | [Phase 1/3] decompose  0.79s / — / —  λ=0.4  vb fcm
02:00:02 | i 37 | [Phase 2/3] route  26.84s / 24.30s / 110.4%  ails2  k=6
02:00:42 | i 36 | [ ASYNC BG] bg_ails  66.88s / 60.00s / 111.5%
02:00:42 | i 37 | [HAOS ROLL] k=6  λ=0.4  vb  fcm  ails2  P≈0.002605
02:00:42 | i 37 | [ Summary ] cost=129893.00  Δ_S*=+1.54%  Δ_BKS=+2.11%  Δ_S*_BKS=+0.56%  no_improve=50
02:00:42 | i 38 | [HAOS ROLL] k=2  λ=0.0  vb  ac_avg  ails2  P≈0.001221
02:00:42 | i 38 | [Phase 1/3] decompose  0.42s / — / —  λ=0.0  vb ac_avg
02:02:01 | i 38 | [Phase 2/3] route  79.14s / 77.40s / 102.2%  ails2  k=2
02:02:01 | i 37 | [ ASYNC BG] bg_ails  63.71s / 60.00s / 106.2%
02:02:01 | i 38 | [HAOS ROLL] k=2  λ=0.0  vb  ac_avg  ails2  P≈0.001221
02:02:01 | i 38 | [ Summary ] cost=128175.00  Δ_S*=+0.20%  Δ_BKS=+0.76%  Δ_S*_BKS=+0.56%  no_improve=52
02:02:01 | i 39 | [HAOS ROLL] k=10  λ=0.4  rb  kmeans  ails2  P≈0.000850
02:02:02 | i 39 | [Phase 1/3] decompose  0.48s / — / —  λ=0.4  rb kmeans
02:02:29 | i 39 | [Phase 2/3] route  26.86s / 22.86s / 117.5%  ails2  k=10
02:03:23 | i 38 | [ ASYNC BG] bg_ails  82.16s / 75.54s / 108.8%
02:03:23 | i 39 | [HAOS ROLL] k=10  λ=0.4  rb  kmeans  ails2  P≈0.000850
02:03:24 | i 39 | [ Summary ] cost=128360.00  Δ_S*=+0.34%  Δ_BKS=+0.90%  Δ_S*_BKS=+0.56%  no_improve=54
02:03:24 | i 40 | [HAOS ROLL] k=8  λ=0.2  vb  kmedoids  ails2  P≈0.000403
02:03:24 | i 40 | [Phase 1/3] decompose  0.57s / — / —  λ=0.2  vb kmedoids
02:03:58 | i 40 | [Phase 2/3] route  33.94s / 22.74s / 149.2%  ails2  k=8
02:04:27 | i 39 | [ ASYNC BG] bg_ails  63.94s / 60.00s / 106.6%
02:04:27 | i 40 | [HAOS ROLL] k=8  λ=0.2  vb  kmedoids  ails2  P≈0.000403
02:04:28 | i 40 | [ Summary ] cost=130472.00  Δ_S*=+1.99%  Δ_BKS=+2.56%  Δ_S*_BKS=+0.56%  no_improve=56
02:04:28 | i 41 | [HAOS ROLL] k=6  λ=0.8  rb  kmeans  filo2  P≈0.001020
02:04:28 | i 41 | [Phase 1/3] decompose  0.37s / — / —  λ=0.8  rb kmeans
02:04:59 | i 41 | [Phase 2/3] route  31.10s / 31.44s / 98.9%  filo2  k=6
02:05:31 | i 40 | [ ASYNC BG] bg_ails  63.92s / 60.00s / 106.5%
02:05:31 | i 41 | [HAOS ROLL] k=6  λ=0.8  rb  kmeans  filo2  P≈0.001020
02:05:31 | i 41 | [ Summary ] cost=129154.00  Δ_S*=+0.96%  Δ_BKS=+1.53%  Δ_S*_BKS=+0.56%  no_improve=58
02:05:31 | i 24 | [ASYNC 1/2] sp_sc  738.45s / 720.00s / 102.6%  SP  avg_coverage=42.49/5  pool=5712
02:05:31 | i 24 | [ASYNC 2/2] standard_ails  363.17s / 360.00s / 100.9%
02:06:06 | i 24 | [ IMPROVE ] 127899.00  via standard_ails  ·  Δ_BKS=+0.54%
02:06:06 | i 42 | [HAOS ROLL] k=10  λ=0.0  vb  kmedoids  ails2  P≈0.002322
02:06:06 | i 42 | [Phase 1/3] decompose  0.39s / — / —  λ=0.0  vb kmedoids
02:06:35 | i 42 | [Phase 2/3] route  28.95s / 15.78s / 183.5%  ails2  k=10
02:06:35 | i 41 | [ ASYNC BG] bg_ails  63.59s / 60.00s / 106.0%
02:06:35 | i 42 | [HAOS ROLL] k=10  λ=0.0  vb  kmedoids  ails2  P≈0.002322
02:06:35 | i 42 | [ Summary ] cost=130861.00  Δ_S*=+2.32%  Δ_BKS=+2.87%  Δ_S*_BKS=+0.54%  no_improve=2
02:06:35 | i 43 | [HAOS ROLL] k=10  λ=0.8  vb  ac_avg  filo2  P≈0.001912
02:06:36 | i 43 | [Phase 1/3] decompose  0.47s / — / —  λ=0.8  vb ac_avg
02:07:01 | i 43 | [Phase 2/3] route  25.10s / 19.62s / 127.9%  filo2  k=10
02:07:39 | i 42 | [ ASYNC BG] bg_ails  63.62s / 60.00s / 106.0%
02:07:39 | i 43 | [HAOS ROLL] k=10  λ=0.8  vb  ac_avg  filo2  P≈0.001912
02:07:39 | i 43 | [ Summary ] cost=131703.00  Δ_S*=+2.97%  Δ_BKS=+3.53%  Δ_S*_BKS=+0.54%  no_improve=4
02:07:39 | i 44 | [HAOS ROLL] k=6  λ=0.4  rb  kmeans  ails2  P≈0.002277
02:07:39 | i 44 | [Phase 1/3] decompose  0.38s / — / —  λ=0.4  rb kmeans
02:08:06 | i 44 | [Phase 2/3] route  26.59s / 25.92s / 102.6%  ails2  k=6
02:08:42 | i 43 | [ ASYNC BG] bg_ails  63.82s / 60.00s / 106.4%
02:08:42 | i 44 | [HAOS ROLL] k=6  λ=0.4  rb  kmeans  ails2  P≈0.002277
02:08:43 | i 44 | [ Summary ] cost=128092.00  Δ_S*=+0.15%  Δ_BKS=+0.69%  Δ_S*_BKS=+0.54%  no_improve=6
02:08:43 | i 45 | [HAOS ROLL] k=10  λ=0.6  vb  ac_avg  filo2  P≈0.000811
02:08:43 | i 45 | [Phase 1/3] decompose  0.50s / — / —  λ=0.6  vb ac_avg
02:09:10 | i 45 | [Phase 2/3] route  27.11s / 19.92s / 136.1%  filo2  k=10
02:09:46 | i 44 | [ ASYNC BG] bg_ails  63.72s / 60.00s / 106.2%
02:09:46 | i 45 | [HAOS ROLL] k=10  λ=0.6  vb  ac_avg  filo2  P≈0.000811
02:09:46 | i 45 | [ Summary ] cost=131516.00  Δ_S*=+2.83%  Δ_BKS=+3.38%  Δ_S*_BKS=+0.54%  no_improve=8
02:09:46 | i 46 | [HAOS ROLL] k=3  λ=0.0  vb  ac_avg  ails2  P≈0.001986
02:09:47 | i 46 | [Phase 1/3] decompose  0.42s / — / —  λ=0.0  vb ac_avg
02:10:41 | i 46 | [Phase 2/3] route  53.85s / 52.62s / 102.3%  ails2  k=3
02:10:50 | i 45 | [ ASYNC BG] bg_ails  63.71s / 60.00s / 106.2%
02:10:50 | i 46 | [HAOS ROLL] k=3  λ=0.0  vb  ac_avg  ails2  P≈0.001986
02:10:50 | i 46 | [ Summary ] cost=128518.00  Δ_S*=+0.48%  Δ_BKS=+1.03%  Δ_S*_BKS=+0.54%  no_improve=10
02:10:50 | i 47 | [HAOS ROLL] k=6  λ=1.0  vb  kmedoids  ails2  P≈0.001763
02:10:51 | i 47 | [Phase 1/3] decompose  0.48s / — / —  λ=1.0  vb kmedoids
02:11:21 | i 47 | [Phase 2/3] route  29.81s / 28.50s / 104.6%  ails2  k=6
02:11:54 | i 46 | [ ASYNC BG] bg_ails  63.64s / 60.00s / 106.1%
02:11:54 | i 47 | [HAOS ROLL] k=6  λ=1.0  vb  kmedoids  ails2  P≈0.001763
02:11:54 | i 47 | [ Summary ] cost=129414.00  Δ_S*=+1.18%  Δ_BKS=+1.73%  Δ_S*_BKS=+0.54%  no_improve=12
02:11:54 | i 48 | [HAOS ROLL] k=4  λ=0.0  vb  kmedoids  ails2  P≈0.002119
02:11:55 | i 48 | [Phase 1/3] decompose  0.50s / — / —  λ=0.0  vb kmedoids
02:12:31 | i 48 | [Phase 2/3] route  35.91s / 34.20s / 105.0%  ails2  k=4
02:12:57 | i 47 | [ ASYNC BG] bg_ails  63.80s / 60.00s / 106.3%
02:12:58 | i 48 | [HAOS ROLL] k=4  λ=0.0  vb  kmedoids  ails2  P≈0.002119
02:12:58 | i 48 | [ Summary ] cost=128551.00  Δ_S*=+0.51%  Δ_BKS=+1.05%  Δ_S*_BKS=+0.54%  no_improve=14
02:12:58 | i 49 | [HAOS ROLL] k=2  λ=0.4  vb  kmedoids  pyvrp  P≈0.000349
02:12:59 | i 49 | [Phase 1/3] decompose  0.69s / — / —  λ=0.4  vb kmedoids
02:14:17 | i 49 | [Phase 2/3] route  78.20s / 68.52s / 114.1%  pyvrp  k=2
02:14:17 | i 48 | [ ASYNC BG] bg_ails  65.85s / 60.00s / 109.8%
02:14:17 | i 49 | [HAOS ROLL] k=2  λ=0.4  vb  kmedoids  pyvrp  P≈0.000349
02:14:18 | i 49 | [ Summary ] cost=131877.00  Δ_S*=+3.11%  Δ_BKS=+3.67%  Δ_S*_BKS=+0.54%  no_improve=16
02:14:18 | i 50 | [HAOS ROLL] k=10  λ=0.0  rb  ac_complete  filo  P≈0.000267
02:14:18 | i 50 | [Phase 1/3] decompose  0.28s / — / —  λ=0.0  rb ac_complete
02:14:42 | i 50 | [Phase 2/3] route  24.12s / 19.02s / 126.8%  filo  k=10
02:15:27 | i 49 | [ ASYNC BG] bg_ails  69.84s / 66.88s / 104.4%
02:15:27 | i 50 | [HAOS ROLL] k=10  λ=0.0  rb  ac_complete  filo  P≈0.000267
02:15:28 | i 50 | [ Summary ] cost=129831.00  Δ_S*=+1.51%  Δ_BKS=+2.06%  Δ_S*_BKS=+0.54%  no_improve=18
02:15:28 | i 51 | [HAOS ROLL] k=10  λ=0.0  vb  kmedoids  ails2  P≈0.005106
02:15:28 | i 51 | [Phase 1/3] decompose  0.66s / — / —  λ=0.0  vb kmedoids
02:15:59 | i 51 | [Phase 2/3] route  30.29s / 15.78s / 192.0%  ails2  k=10
02:16:33 | i 50 | [ ASYNC BG] bg_ails  65.79s / 60.00s / 109.6%
02:16:33 | i 51 | [HAOS ROLL] k=10  λ=0.0  vb  kmedoids  ails2  P≈0.005106
02:16:34 | i 51 | [ Summary ] cost=131149.00  Δ_S*=+2.54%  Δ_BKS=+3.10%  Δ_S*_BKS=+0.54%  no_improve=20
02:16:34 | i 52 | [HAOS ROLL] k=3  λ=0.6  vb  ac_avg  ails2  P≈0.001108
02:16:35 | i 52 | [Phase 1/3] decompose  1.03s / — / —  λ=0.6  vb ac_avg
02:17:26 | i 52 | [Phase 2/3] route  51.24s / 48.96s / 104.7%  ails2  k=3
02:17:38 | i 51 | [ ASYNC BG] bg_ails  65.11s / 60.00s / 108.5%
02:17:38 | i 52 | [HAOS ROLL] k=3  λ=0.6  vb  ac_avg  ails2  P≈0.001108
02:17:38 | i 52 | [ Summary ] cost=128468.00  Δ_S*=+0.44%  Δ_BKS=+0.99%  Δ_S*_BKS=+0.54%  no_improve=22
02:17:38 | i 53 | [HAOS ROLL] k=12  λ=0.0  rb  kmeans  filo  P≈0.000271
02:17:39 | i 53 | [Phase 1/3] decompose  0.29s / — / —  λ=0.0  rb kmeans
02:18:07 | i 53 | [Phase 2/3] route  28.11s / 15.78s / 178.1%  filo  k=12
02:18:43 | i 52 | [ ASYNC BG] bg_ails  65.11s / 60.00s / 108.5%
02:18:43 | i 53 | [HAOS ROLL] k=12  λ=0.0  rb  kmeans  filo  P≈0.000271
02:18:44 | i 53 | [ Summary ] cost=129336.00  Δ_S*=+1.12%  Δ_BKS=+1.67%  Δ_S*_BKS=+0.54%  no_improve=24
02:18:44 | i 54 | [HAOS ROLL] k=10  λ=0.2  vb  kmedoids  filo2  P≈0.000769
02:18:44 | i 54 | [Phase 1/3] decompose  0.72s / — / —  λ=0.2  vb kmedoids
02:19:14 | i 54 | [Phase 2/3] route  29.28s / 15.48s / 189.2%  filo2  k=10
02:19:50 | i 53 | [ ASYNC BG] bg_ails  66.67s / 60.00s / 111.1%
02:19:50 | i 54 | [HAOS ROLL] k=10  λ=0.2  vb  kmedoids  filo2  P≈0.000769
02:19:50 | i 54 | [ Summary ] cost=131179.00  Δ_S*=+2.56%  Δ_BKS=+3.12%  Δ_S*_BKS=+0.54%  no_improve=26
02:19:50 | i 55 | [HAOS ROLL] k=8  λ=1.0  vb  ac_complete  ails2  P≈0.000516
02:19:51 | i 55 | [Phase 1/3] decompose  0.72s / — / —  λ=1.0  vb ac_complete
02:20:25 | i 55 | [Phase 2/3] route  34.17s / 22.38s / 152.7%  ails2  k=8
02:20:55 | i 54 | [ ASYNC BG] bg_ails  65.14s / 60.00s / 108.6%
02:20:55 | i 55 | [HAOS ROLL] k=8  λ=1.0  vb  ac_complete  ails2  P≈0.000516
02:20:56 | i 55 | [ Summary ] cost=130149.00  Δ_S*=+1.76%  Δ_BKS=+2.31%  Δ_S*_BKS=+0.54%  no_improve=28
02:20:56 | i 56 | [HAOS ROLL] k=4  λ=0.0  vb  kmedoids  ails2  P≈0.004873
02:20:57 | i 56 | [Phase 1/3] decompose  1.03s / — / —  λ=0.0  vb kmedoids
02:21:33 | i 56 | [Phase 2/3] route  36.56s / 34.20s / 106.9%  ails2  k=4
02:22:00 | i 55 | [ ASYNC BG] bg_ails  65.18s / 60.00s / 108.6%
02:22:00 | i 56 | [HAOS ROLL] k=4  λ=0.0  vb  kmedoids  ails2  P≈0.004873
02:22:00 | i 56 | [ Summary ] cost=128807.00  Δ_S*=+0.71%  Δ_BKS=+1.26%  Δ_S*_BKS=+0.54%  no_improve=30
02:22:00 | i 57 | [HAOS ROLL] k=8  λ=0.6  rb  ac_complete  ails2  P≈0.000548
02:22:01 | i 57 | [Phase 1/3] decompose  0.36s / — / —  λ=0.6  rb ac_complete
02:22:31 | i 57 | [Phase 2/3] route  29.92s / 21.36s / 140.1%  ails2  k=8
02:23:04 | i 56 | [ ASYNC BG] bg_ails  63.52s / 60.00s / 105.9%
02:23:04 | i 57 | [HAOS ROLL] k=8  λ=0.6  rb  ac_complete  ails2  P≈0.000548
02:23:04 | i 57 | [ Summary ] cost=128010.00  Δ_S*=+0.09%  Δ_BKS=+0.63%  Δ_S*_BKS=+0.54%  no_improve=32
02:23:04 | i 58 | [HAOS ROLL] k=12  λ=0.0  vb  kmeans  filo2  P≈0.000398
02:23:04 | i 58 | [Phase 1/3] decompose  0.28s / — / —  λ=0.0  vb kmeans
02:23:28 | i 58 | [Phase 2/3] route  24.23s / 13.68s / 177.1%  filo2  k=12
02:24:09 | i 57 | [ ASYNC BG] bg_ails  65.29s / 60.00s / 108.8%
02:24:09 | i 58 | [HAOS ROLL] k=12  λ=0.0  vb  kmeans  filo2  P≈0.000398
02:24:09 | i 58 | [ Summary ] cost=131238.00  Δ_S*=+2.61%  Δ_BKS=+3.17%  Δ_S*_BKS=+0.54%  no_improve=34
02:24:09 | i 59 | [HAOS ROLL] k=8  λ=0.0  vb  kmeans  ails2  P≈0.002054
02:24:10 | i 59 | [Phase 1/3] decompose  0.37s / — / —  λ=0.0  vb kmeans
02:24:47 | i 59 | [Phase 2/3] route  36.97s / 20.58s / 179.6%  ails2  k=8
02:25:15 | i 58 | [ ASYNC BG] bg_ails  65.98s / 60.00s / 110.0%
02:25:15 | i 59 | [HAOS ROLL] k=8  λ=0.0  vb  kmeans  ails2  P≈0.002054
02:25:15 | i 59 | [ Summary ] cost=130370.00  Δ_S*=+1.93%  Δ_BKS=+2.48%  Δ_S*_BKS=+0.54%  no_improve=36
02:25:15 | i 42 | [ASYNC 1/2] sp_sc  745.36s / 720.00s / 103.5%  SP  avg_coverage=71.32/5  pool=9389
02:25:15 | i 42 | [ASYNC 2/2] standard_ails  365.67s / 360.00s / 101.6%
02:26:17 | i 42 | [ IMPROVE ] 127893.00  via standard_ails  ·  Δ_BKS=+0.54%
02:26:17 | i 60 | [HAOS ROLL] k=8  λ=0.0  vb  fcm  ails2  P≈0.002143
02:26:17 | i 60 | [Phase 1/3] decompose  0.47s / — / —  λ=0.0  vb fcm
02:26:50 | i 60 | [Phase 2/3] route  32.87s / 19.86s / 165.5%  ails2  k=8
02:26:50 | i 59 | [ ASYNC BG] bg_ails  65.60s / 60.00s / 109.3%
02:26:51 | i 60 | [HAOS ROLL] k=8  λ=0.0  vb  fcm  ails2  P≈0.002143
02:26:51 | i 60 | [ Summary ] cost=130230.00  Δ_S*=+1.83%  Δ_BKS=+2.37%  Δ_S*_BKS=+0.54%  no_improve=2
02:26:51 | i 61 | [HAOS ROLL] k=8  λ=0.8  rb  ac_avg  filo2  P≈0.000484
02:26:51 | i 61 | [Phase 1/3] decompose  0.36s / — / —  λ=0.8  rb ac_avg
02:27:16 | i 61 | [Phase 2/3] route  25.13s / 25.20s / 99.7%  filo2  k=8
02:27:54 | i 60 | [ ASYNC BG] bg_ails  63.78s / 60.00s / 106.3%
02:27:55 | i 61 | [HAOS ROLL] k=8  λ=0.8  rb  ac_avg  filo2  P≈0.000484
02:27:55 | i 61 | [ Summary ] cost=129636.00  Δ_S*=+1.36%  Δ_BKS=+1.91%  Δ_S*_BKS=+0.54%  no_improve=4
02:27:55 | i 62 | [HAOS ROLL] k=4  λ=0.8  vb  ac_complete  ails2  P≈0.002240
02:27:56 | i 62 | [Phase 1/3] decompose  0.74s / — / —  λ=0.8  vb ac_complete
02:28:46 | i 62 | [Phase 2/3] route  50.82s / 47.04s / 108.0%  ails2  k=4
02:29:00 | i 61 | [ ASYNC BG] bg_ails  66.46s / 60.00s / 110.8%
02:29:01 | i 62 | [HAOS ROLL] k=4  λ=0.8  vb  ac_complete  ails2  P≈0.002240
02:29:02 | i 62 | [ Summary ] cost=129068.00  Δ_S*=+0.92%  Δ_BKS=+1.46%  Δ_S*_BKS=+0.54%  no_improve=6
02:29:02 | i 63 | [HAOS ROLL] k=8  λ=0.0  vb  kmedoids  ails2  P≈0.005160
02:29:02 | i 63 | [Phase 1/3] decompose  0.67s / — / —  λ=0.0  vb kmedoids
02:29:39 | i 63 | [Phase 2/3] route  37.06s / 20.22s / 183.3%  ails2  k=8
02:30:07 | i 62 | [ ASYNC BG] bg_ails  66.37s / 60.00s / 110.6%
02:30:07 | i 63 | [HAOS ROLL] k=8  λ=0.0  vb  kmedoids  ails2  P≈0.005160
02:30:08 | i 63 | [ Summary ] cost=131207.00  Δ_S*=+2.59%  Δ_BKS=+3.14%  Δ_S*_BKS=+0.54%  no_improve=8
02:30:08 | i 64 | [HAOS ROLL] k=8  λ=0.8  vb  kmeans  ails2  P≈0.004037
02:30:08 | i 64 | [Phase 1/3] decompose  0.50s / — / —  λ=0.8  vb kmeans
02:30:46 | i 64 | [Phase 2/3] route  37.88s / 20.82s / 182.0%  ails2  k=8
02:31:14 | i 63 | [ ASYNC BG] bg_ails  66.87s / 60.00s / 111.4%
02:31:14 | i 64 | [HAOS ROLL] k=8  λ=0.8  vb  kmeans  ails2  P≈0.004037
02:31:14 | i 64 | [ Summary ] cost=129787.00  Δ_S*=+1.48%  Δ_BKS=+2.03%  Δ_S*_BKS=+0.54%  no_improve=10
02:31:14 | i 65 | [HAOS ROLL] k=3  λ=0.0  vb  ac_avg  filo2  P≈0.001392
02:31:15 | i 65 | [Phase 1/3] decompose  0.39s / — / —  λ=0.0  vb ac_avg
02:32:08 | i 65 | [Phase 2/3] route  53.16s / 52.62s / 101.0%  filo2  k=3
02:32:18 | i 64 | [ ASYNC BG] bg_ails  63.82s / 60.00s / 106.4%
02:32:18 | i 65 | [HAOS ROLL] k=3  λ=0.0  vb  ac_avg  filo2  P≈0.001392
02:32:18 | i 65 | [ Summary ] cost=128828.00  Δ_S*=+0.73%  Δ_BKS=+1.27%  Δ_S*_BKS=+0.54%  no_improve=12
02:32:18 | i 66 | [HAOS ROLL] k=4  λ=0.6  vb  kmedoids  ails2  P≈0.001691
02:32:19 | i 66 | [Phase 1/3] decompose  0.86s / — / —  λ=0.6  vb kmedoids
02:32:58 | i 66 | [Phase 2/3] route  38.50s / 36.24s / 106.2%  ails2  k=4
02:33:24 | i 65 | [ ASYNC BG] bg_ails  66.44s / 60.00s / 110.7%
02:33:25 | i 66 | [HAOS ROLL] k=4  λ=0.6  vb  kmedoids  ails2  P≈0.001691
02:33:25 | i 66 | [ Summary ] cost=129330.00  Δ_S*=+1.12%  Δ_BKS=+1.67%  Δ_S*_BKS=+0.54%  no_improve=14
02:33:25 | i 67 | [HAOS ROLL] k=10  λ=1.0  vb  fcm  pyvrp  P≈0.000276
02:33:27 | i 67 | [Phase 1/3] decompose  1.04s / — / —  λ=1.0  vb fcm
02:33:56 | i 67 | [Phase 2/3] route  29.33s / 14.34s / 204.5%  pyvrp  k=10
02:34:30 | i 66 | [ ASYNC BG] bg_ails  65.62s / 60.00s / 109.4%
02:34:30 | i 67 | [HAOS ROLL] k=10  λ=1.0  vb  fcm  pyvrp  P≈0.000276
02:34:30 | i 67 | [ Summary ] cost=136659.00  Δ_S*=+6.85%  Δ_BKS=+7.43%  Δ_S*_BKS=+0.54%  no_improve=16
02:34:30 | i 68 | [HAOS ROLL] k=4  λ=0.0  vb  fcm  pyvrp  P≈0.000747
02:34:30 | i 68 | [Phase 1/3] decompose  0.31s / — / —  λ=0.0  vb fcm
02:35:06 | i 68 | [Phase 2/3] route  35.18s / 33.72s / 104.3%  pyvrp  k=4
02:35:33 | i 67 | [ ASYNC BG] bg_ails  63.84s / 60.00s / 106.4%
02:35:34 | i 68 | [HAOS ROLL] k=4  λ=0.0  vb  fcm  pyvrp  P≈0.000747
02:35:34 | i 68 | [ Summary ] cost=131212.00  Δ_S*=+2.60%  Δ_BKS=+3.15%  Δ_S*_BKS=+0.54%  no_improve=18
02:35:34 | i 69 | [HAOS ROLL] k=10  λ=0.0  vb  kmedoids  ails2  P≈0.005849
02:35:35 | i 69 | [Phase 1/3] decompose  0.66s / — / —  λ=0.0  vb kmedoids
02:36:05 | i 69 | [Phase 2/3] route  29.95s / 15.78s / 189.8%  ails2  k=10
02:36:40 | i 68 | [ ASYNC BG] bg_ails  66.12s / 60.00s / 110.2%
02:36:40 | i 69 | [HAOS ROLL] k=10  λ=0.0  vb  kmedoids  ails2  P≈0.005849
02:36:41 | i 69 | [ Summary ] cost=130904.00  Δ_S*=+2.35%  Δ_BKS=+2.90%  Δ_S*_BKS=+0.54%  no_improve=20
02:36:41 | i 70 | [HAOS ROLL] k=8  λ=0.6  vb  kmedoids  ails2  P≈0.002600
02:36:41 | i 70 | [Phase 1/3] decompose  0.76s / — / —  λ=0.6  vb kmedoids
02:37:12 | i 70 | [Phase 2/3] route  31.01s / 22.62s / 137.1%  ails2  k=8
02:37:45 | i 69 | [ ASYNC BG] bg_ails  65.18s / 60.00s / 108.6%
02:37:45 | i 70 | [HAOS ROLL] k=8  λ=0.6  vb  kmedoids  ails2  P≈0.002600
02:37:45 | i 70 | [ Summary ] cost=130300.00  Δ_S*=+1.88%  Δ_BKS=+2.43%  Δ_S*_BKS=+0.54%  no_improve=22
02:37:45 | i 71 | [HAOS ROLL] k=8  λ=0.8  vb  ac_avg  filo2  P≈0.001711
02:37:46 | i 71 | [Phase 1/3] decompose  0.47s / — / —  λ=0.8  vb ac_avg
02:38:11 | i 71 | [Phase 2/3] route  25.11s / 25.14s / 99.9%  filo2  k=8
02:38:48 | i 70 | [ ASYNC BG] bg_ails  63.62s / 60.00s / 106.0%
02:38:49 | i 71 | [HAOS ROLL] k=8  λ=0.8  vb  ac_avg  filo2  P≈0.001711
02:38:49 | i 71 | [ Summary ] cost=131141.00  Δ_S*=+2.54%  Δ_BKS=+3.09%  Δ_S*_BKS=+0.54%  no_improve=24
02:38:49 | i 72 | [HAOS ROLL] k=10  λ=0.6  rb  ac_complete  ails2  P≈0.000925
02:38:49 | i 72 | [Phase 1/3] decompose  0.36s / — / —  λ=0.6  rb ac_complete
02:39:17 | i 72 | [Phase 2/3] route  27.97s / 17.28s / 161.9%  ails2  k=10
02:39:52 | i 71 | [ ASYNC BG] bg_ails  63.73s / 60.00s / 106.2%
02:39:52 | i 72 | [HAOS ROLL] k=10  λ=0.6  rb  ac_complete  ails2  P≈0.000925
02:39:53 | i 72 | [ Summary ] cost=128013.00  Δ_S*=+0.09%  Δ_BKS=+0.63%  Δ_S*_BKS=+0.54%  no_improve=26
02:39:53 | i 73 | [HAOS ROLL] k=8  λ=0.8  vb  kmeans  ails2  P≈0.003878
02:39:53 | i 73 | [Phase 1/3] decompose  0.37s / — / —  λ=0.8  vb kmeans
02:40:30 | i 73 | [Phase 2/3] route  37.18s / 19.56s / 190.1%  ails2  k=8
02:40:56 | i 72 | [ ASYNC BG] bg_ails  63.72s / 60.00s / 106.2%
02:40:56 | i 73 | [HAOS ROLL] k=8  λ=0.8  vb  kmeans  ails2  P≈0.003878
02:40:56 | i 73 | [ Summary ] cost=130076.00  Δ_S*=+1.71%  Δ_BKS=+2.25%  Δ_S*_BKS=+0.54%  no_improve=28
02:40:56 | i 74 | [HAOS ROLL] k=3  λ=1.0  vb  ac_avg  pyvrp  P≈0.000401
02:40:57 | i 74 | [Phase 1/3] decompose  0.49s / — / —  λ=1.0  vb ac_avg
02:41:48 | i 74 | [Phase 2/3] route  51.55s / 48.96s / 105.3%  pyvrp  k=3
02:42:00 | i 73 | [ ASYNC BG] bg_ails  63.84s / 60.00s / 106.4%
02:42:00 | i 74 | [HAOS ROLL] k=3  λ=1.0  vb  ac_avg  pyvrp  P≈0.000401
02:42:00 | i 74 | [ Summary ] cost=130717.00  Δ_S*=+2.21%  Δ_BKS=+2.76%  Δ_S*_BKS=+0.54%  no_improve=30
02:42:00 | i 75 | [HAOS ROLL] k=8  λ=0.8  vb  kmedoids  pyvrp  P≈0.002598
02:42:01 | i 75 | [Phase 1/3] decompose  0.48s / — / —  λ=0.8  vb kmedoids
02:42:35 | i 75 | [Phase 2/3] route  34.14s / 26.46s / 129.0%  pyvrp  k=8
02:43:04 | i 74 | [ ASYNC BG] bg_ails  63.76s / 60.00s / 106.3%
02:43:04 | i 75 | [HAOS ROLL] k=8  λ=0.8  vb  kmedoids  pyvrp  P≈0.002598
02:43:04 | i 75 | [ Summary ] cost=132018.00  Δ_S*=+3.23%  Δ_BKS=+3.78%  Δ_S*_BKS=+0.54%  no_improve=32
02:43:04 | i 76 | [HAOS ROLL] k=8  λ=0.4  vb  kmedoids  pyvrp  P≈0.001023
02:43:04 | i 76 | [Phase 1/3] decompose  0.47s / — / —  λ=0.4  vb kmedoids
02:43:35 | i 76 | [Phase 2/3] route  30.84s / 22.32s / 138.2%  pyvrp  k=8
02:44:07 | i 75 | [ ASYNC BG] bg_ails  63.73s / 60.00s / 106.2%
02:44:08 | i 76 | [HAOS ROLL] k=8  λ=0.4  vb  kmedoids  pyvrp  P≈0.001023
02:44:08 | i 76 | [ Summary ] cost=132162.00  Δ_S*=+3.34%  Δ_BKS=+3.89%  Δ_S*_BKS=+0.54%  no_improve=34
02:44:08 | i 77 | [HAOS ROLL] k=8  λ=0.0  vb  kmedoids  filo2  P≈0.003297
02:44:08 | i 77 | [Phase 1/3] decompose  0.38s / — / —  λ=0.0  vb kmedoids
02:44:41 | i 77 | [Phase 2/3] route  33.11s / 20.22s / 163.8%  filo2  k=8
02:45:11 | i 76 | [ ASYNC BG] bg_ails  63.74s / 60.00s / 106.2%
02:45:11 | i 77 | [HAOS ROLL] k=8  λ=0.0  vb  kmedoids  filo2  P≈0.003297
02:45:11 | i 77 | [ Summary ] cost=130944.00  Δ_S*=+2.39%  Δ_BKS=+2.94%  Δ_S*_BKS=+0.54%  no_improve=36
02:45:11 | i 78 | [HAOS ROLL] k=8  λ=0.2  vb  ac_avg  pyvrp  P≈0.001279
02:45:12 | i 78 | [Phase 1/3] decompose  0.48s / — / —  λ=0.2  vb ac_avg
02:45:42 | i 78 | [Phase 2/3] route  30.42s / 22.14s / 137.4%  pyvrp  k=8
02:46:15 | i 77 | [ ASYNC BG] bg_ails  63.79s / 60.00s / 106.3%
02:46:15 | i 78 | [HAOS ROLL] k=8  λ=0.2  vb  ac_avg  pyvrp  P≈0.001279
02:46:16 | i 78 | [ Summary ] cost=132708.00  Δ_S*=+3.76%  Δ_BKS=+4.32%  Δ_S*_BKS=+0.54%  no_improve=38
02:46:16 | i 60 | [ASYNC 1/2] sp_sc  740.60s / 720.00s / 102.9%  SP  avg_coverage=72.04/5  pool=10000
02:46:16 | i 60 | [ASYNC 2/2] standard_ails  363.36s / 360.00s / 100.9%
02:47:21 | i 60 | [ IMPROVE ] 127763.00  via standard_ails  ·  Δ_BKS=+0.43%
02:47:21 | i 78 | [ ASYNC BG] bg_ails  65.34s / 60.00s / 108.9%
02:47:21 | i 79 | [HAOS ROLL] k=10  λ=0.6  vb  kmeans  ails2  P≈0.001587
02:47:21 | i 79 | [Phase 1/3] decompose  0.35s / — / —  λ=0.6  vb kmeans
02:47:50 | i 79 | [Phase 2/3] route  29.04s / 14.88s / 195.2%  ails2  k=10
02:47:51 | i 79 | [HAOS ROLL] k=10  λ=0.6  vb  kmeans  ails2  P≈0.001587
02:47:51 | i 79 | [ Summary ] cost=130989.00  Δ_S*=+2.52%  Δ_BKS=+2.97%  Δ_S*_BKS=+0.43%  no_improve=2
02:47:51 | i 80 | [HAOS ROLL] k=8  λ=0.8  vb  kmedoids  ails2  P≈0.007305
02:47:52 | i 80 | [Phase 1/3] decompose  0.47s / — / —  λ=0.8  vb kmedoids
02:48:27 | i 80 | [Phase 2/3] route  35.00s / 26.46s / 132.3%  ails2  k=8
02:48:54 | i 79 | [ ASYNC BG] bg_ails  63.88s / 60.00s / 106.5%
02:48:55 | i 80 | [HAOS ROLL] k=8  λ=0.8  vb  kmedoids  ails2  P≈0.007305
02:48:55 | i 80 | [ Summary ] cost=130880.00  Δ_S*=+2.44%  Δ_BKS=+2.88%  Δ_S*_BKS=+0.43%  no_improve=4
02:48:55 | i 81 | [HAOS ROLL] k=10  λ=0.0  vb  kmedoids  ails2  P≈0.003653
02:48:56 | i 81 | [Phase 1/3] decompose  0.68s / — / —  λ=0.0  vb kmedoids
02:49:26 | i 81 | [Phase 2/3] route  30.19s / 15.78s / 191.3%  ails2  k=10
02:50:02 | i 80 | [ ASYNC BG] bg_ails  67.85s / 60.00s / 113.1%
02:50:03 | i 81 | [HAOS ROLL] k=10  λ=0.0  vb  kmedoids  ails2  P≈0.003653
02:50:03 | i 81 | [ Summary ] cost=131363.00  Δ_S*=+2.82%  Δ_BKS=+3.26%  Δ_S*_BKS=+0.43%  no_improve=6
02:50:03 | i 82 | [HAOS ROLL] k=6  λ=1.0  rb  ac_avg  pyvrp  P≈0.000303
02:50:04 | i 82 | [Phase 1/3] decompose  0.59s / — / —  λ=1.0  rb ac_avg
02:50:35 | i 82 | [Phase 2/3] route  30.70s / 27.90s / 110.0%  pyvrp  k=6
02:51:09 | i 81 | [ ASYNC BG] bg_ails  66.43s / 60.00s / 110.7%
02:51:10 | i 82 | [HAOS ROLL] k=6  λ=1.0  rb  ac_avg  pyvrp  P≈0.000303
02:51:10 | i 82 | [ Summary ] cost=131993.00  Δ_S*=+3.31%  Δ_BKS=+3.76%  Δ_S*_BKS=+0.43%  no_improve=8
02:51:10 | i 83 | [HAOS ROLL] k=8  λ=0.2  vb  ac_complete  ails2  P≈0.001653
02:51:11 | i 83 | [Phase 1/3] decompose  0.59s / — / —  λ=0.2  vb ac_complete
02:51:43 | i 83 | [Phase 2/3] route  32.25s / 19.98s / 161.4%  ails2  k=8
02:52:14 | i 82 | [ ASYNC BG] bg_ails  65.16s / 60.00s / 108.6%
02:52:15 | i 83 | [HAOS ROLL] k=8  λ=0.2  vb  ac_complete  ails2  P≈0.001653
02:52:15 | i 83 | [ Summary ] cost=130223.00  Δ_S*=+1.93%  Δ_BKS=+2.37%  Δ_S*_BKS=+0.43%  no_improve=10
02:52:15 | i 84 | [HAOS ROLL] k=4  λ=0.0  rb  ac_avg  ails2  P≈0.002151
02:52:16 | i 84 | [Phase 1/3] decompose  0.58s / — / —  λ=0.0  rb ac_avg
02:52:59 | i 84 | [Phase 2/3] route  42.94s / 40.98s / 104.8%  ails2  k=4
02:53:22 | i 83 | [ ASYNC BG] bg_ails  67.99s / 60.00s / 113.3%
02:53:23 | i 84 | [HAOS ROLL] k=4  λ=0.0  rb  ac_avg  ails2  P≈0.002151
02:53:23 | i 84 | [ Summary ] cost=128683.00  Δ_S*=+0.72%  Δ_BKS=+1.16%  Δ_S*_BKS=+0.43%  no_improve=12
02:53:23 | i 85 | [HAOS ROLL] k=10  λ=1.0  vb  kmedoids  pyvrp  P≈0.001903
02:53:24 | i 85 | [Phase 1/3] decompose  0.70s / — / —  λ=1.0  vb kmedoids
02:53:52 | i 85 | [Phase 2/3] route  28.10s / 18.42s / 152.6%  pyvrp  k=10
02:54:29 | i 84 | [ ASYNC BG] bg_ails  66.63s / 60.00s / 111.0%
02:54:29 | i 85 | [HAOS ROLL] k=10  λ=1.0  vb  kmedoids  pyvrp  P≈0.001903
02:54:29 | i 85 | [ Summary ] cost=133986.00  Δ_S*=+4.87%  Δ_BKS=+5.33%  Δ_S*_BKS=+0.43%  no_improve=14
02:54:29 | i 86 | [HAOS ROLL] k=10  λ=0.6  vb  kmedoids  ails2  P≈0.002491
02:54:30 | i 86 | [Phase 1/3] decompose  0.47s / — / —  λ=0.6  vb kmedoids
02:55:00 | i 86 | [Phase 2/3] route  30.88s / 18.42s / 167.7%  ails2  k=10
02:55:32 | i 85 | [ ASYNC BG] bg_ails  63.74s / 60.00s / 106.2%
02:55:33 | i 86 | [HAOS ROLL] k=10  λ=0.6  vb  kmedoids  ails2  P≈0.002491
02:55:33 | i 86 | [ Summary ] cost=130212.00  Δ_S*=+1.92%  Δ_BKS=+2.36%  Δ_S*_BKS=+0.43%  no_improve=16
02:55:33 | i 87 | [HAOS ROLL] k=3  λ=1.0  rb  ac_avg  filo2  P≈0.000639
02:55:33 | i 87 | [Phase 1/3] decompose  0.35s / — / —  λ=1.0  rb ac_avg
02:56:34 | i 87 | [Phase 2/3] route  61.12s / 61.14s / 100.0%  filo2  k=3
02:56:36 | i 86 | [ ASYNC BG] bg_ails  63.74s / 60.00s / 106.2%
02:56:36 | i 87 | [HAOS ROLL] k=3  λ=1.0  rb  ac_avg  filo2  P≈0.000639
02:56:37 | i 87 | [ Summary ] cost=128147.00  Δ_S*=+0.30%  Δ_BKS=+0.74%  Δ_S*_BKS=+0.43%  no_improve=18
02:56:37 | i 88 | [HAOS ROLL] k=10  λ=0.8  vb  kmedoids  ails2  P≈0.006860
02:56:37 | i 88 | [Phase 1/3] decompose  0.45s / — / —  λ=0.8  vb kmedoids
02:57:08 | i 88 | [Phase 2/3] route  30.84s / 23.52s / 131.1%  ails2  k=10
02:57:40 | i 87 | [ ASYNC BG] bg_ails  63.75s / 60.00s / 106.2%
02:57:40 | i 88 | [HAOS ROLL] k=10  λ=0.8  vb  kmedoids  ails2  P≈0.006860
02:57:40 | i 88 | [ Summary ] cost=131764.00  Δ_S*=+3.13%  Δ_BKS=+3.58%  Δ_S*_BKS=+0.43%  no_improve=20
02:57:40 | i 89 | [HAOS ROLL] k=10  λ=0.0  vb  kmeans  ails2  P≈0.002401
02:57:41 | i 89 | [Phase 1/3] decompose  0.28s / — / —  λ=0.0  vb kmeans
02:58:09 | i 89 | [Phase 2/3] route  28.13s / 14.22s / 197.8%  ails2  k=10
02:58:44 | i 88 | [ ASYNC BG] bg_ails  63.76s / 60.00s / 106.3%
02:58:44 | i 89 | [HAOS ROLL] k=10  λ=0.0  vb  kmeans  ails2  P≈0.002401
02:58:44 | i 89 | [ Summary ] cost=130424.00  Δ_S*=+2.08%  Δ_BKS=+2.53%  Δ_S*_BKS=+0.43%  no_improve=22
02:58:44 | i 90 | [HAOS ROLL] k=12  λ=0.8  vb  ac_avg  ails2  P≈0.001022
02:58:45 | i 90 | [Phase 1/3] decompose  0.48s / — / —  λ=0.8  vb ac_avg
02:59:09 | i 90 | [Phase 2/3] route  24.88s / 15.78s / 157.7%  ails2  k=12
02:59:47 | i 89 | [ ASYNC BG] bg_ails  63.57s / 60.00s / 106.0%
02:59:47 | i 90 | [HAOS ROLL] k=12  λ=0.8  vb  ac_avg  ails2  P≈0.001022
02:59:48 | i 90 | [ Summary ] cost=131114.00  Δ_S*=+2.62%  Δ_BKS=+3.07%  Δ_S*_BKS=+0.43%  no_improve=24
02:59:48 | i 91 | [HAOS ROLL] k=3  λ=1.0  vb  kmedoids  ails2  P≈0.004745
02:59:48 | i 91 | [Phase 1/3] decompose  0.48s / — / —  λ=1.0  vb kmedoids
03:00:43 | i 91 | [Phase 2/3] route  54.99s / 53.76s / 102.3%  ails2  k=3
03:00:51 | i 90 | [ ASYNC BG] bg_ails  63.58s / 60.00s / 106.0%
03:00:51 | i 91 | [HAOS ROLL] k=3  λ=1.0  vb  kmedoids  ails2  P≈0.004745
03:00:51 | i 91 | [ Summary ] cost=128186.00  Δ_S*=+0.33%  Δ_BKS=+0.77%  Δ_S*_BKS=+0.43%  no_improve=26
03:00:51 | i 79 | [ASYNC 1/2] sp_sc  0.00s / 720.00s / 0.0%  SC
03:00:51 | i 92 | [HAOS ROLL] k=10  λ=0.0  vb  kmedoids  pyvrp  P≈0.002442
03:00:52 | i 92 | [Phase 1/3] decompose  0.52s / — / —  λ=0.0  vb kmedoids
03:01:20 | i 92 | [Phase 2/3] route  27.97s / 15.78s / 177.3%  pyvrp  k=10
03:01:55 | i 91 | [ ASYNC BG] bg_ails  63.81s / 60.00s / 106.4%
03:01:55 | i 92 | [HAOS ROLL] k=10  λ=0.0  vb  kmedoids  pyvrp  P≈0.002442
03:01:55 | i 92 | [ Summary ] cost=132371.00  Δ_S*=+3.61%  Δ_BKS=+4.06%  Δ_S*_BKS=+0.43%  no_improve=28
03:01:55 | i 93 | [HAOS ROLL] k=10  λ=0.8  vb  ac_complete  filo2  P≈0.000791
03:01:56 | i 93 | [Phase 1/3] decompose  0.50s / — / —  λ=0.8  vb ac_complete
03:02:24 | i 93 | [Phase 2/3] route  28.11s / 22.02s / 127.7%  filo2  k=10
03:02:58 | i 92 | [ ASYNC BG] bg_ails  63.53s / 60.00s / 105.9%
03:02:59 | i 93 | [HAOS ROLL] k=10  λ=0.8  vb  ac_complete  filo2  P≈0.000791
03:02:59 | i 93 | [ Summary ] cost=131528.00  Δ_S*=+2.95%  Δ_BKS=+3.39%  Δ_S*_BKS=+0.43%  no_improve=30
03:02:59 | i 94 | [HAOS ROLL] k=8  λ=0.8  rb  ac_avg  ails2  P≈0.004847
03:03:00 | i 94 | [Phase 1/3] decompose  0.46s / — / —  λ=0.8  rb ac_avg
03:03:30 | i 94 | [Phase 2/3] route  29.96s / 27.90s / 107.4%  ails2  k=8
03:04:05 | i 93 | [ ASYNC BG] bg_ails  67.19s / 60.00s / 112.0%
03:04:06 | i 94 | [HAOS ROLL] k=8  λ=0.8  rb  ac_avg  ails2  P≈0.004847
03:04:06 | i 94 | [ Summary ] cost=128106.00  Δ_S*=+0.27%  Δ_BKS=+0.70%  Δ_S*_BKS=+0.43%  no_improve=32
03:04:06 | i 95 | [HAOS ROLL] k=10  λ=0.8  vb  kmedoids  ails2  P≈0.011956
03:04:07 | i 95 | [Phase 1/3] decompose  0.75s / — / —  λ=0.8  vb kmedoids
03:04:39 | i 95 | [Phase 2/3] route  32.11s / 23.52s / 136.5%  ails2  k=10
03:05:12 | i 94 | [ ASYNC BG] bg_ails  67.07s / 60.00s / 111.8%
03:05:13 | i 95 | [HAOS ROLL] k=10  λ=0.8  vb  kmedoids  ails2  P≈0.011956
03:05:13 | i 95 | [ Summary ] cost=131928.00  Δ_S*=+3.26%  Δ_BKS=+3.71%  Δ_S*_BKS=+0.43%  no_improve=34
03:05:13 | i 96 | [HAOS ROLL] k=10  λ=0.6  vb  kmedoids  ails2  P≈0.004096
03:05:14 | i 96 | [Phase 1/3] decompose  0.65s / — / —  λ=0.6  vb kmedoids
03:05:46 | i 96 | [Phase 2/3] route  32.32s / 18.42s / 175.4%  ails2  k=10
03:06:19 | i 95 | [ ASYNC BG] bg_ails  66.21s / 60.00s / 110.4%
03:06:19 | i 96 | [HAOS ROLL] k=10  λ=0.6  vb  kmedoids  ails2  P≈0.004096
03:06:19 | i 96 | [ Summary ] cost=130438.00  Δ_S*=+2.09%  Δ_BKS=+2.54%  Δ_S*_BKS=+0.43%  no_improve=36
03:06:19 | i 97 | [HAOS ROLL] k=8  λ=1.0  vb  ac_avg  ails2  P≈0.004655
03:06:20 | i 97 | [Phase 1/3] decompose  0.48s / — / —  λ=1.0  vb ac_avg
03:06:48 | i 97 | [Phase 2/3] route  28.83s / 22.44s / 128.5%  ails2  k=8
03:07:22 | i 96 | [ ASYNC BG] bg_ails  63.79s / 60.00s / 106.3%
03:07:23 | i 97 | [HAOS ROLL] k=8  λ=1.0  vb  ac_avg  ails2  P≈0.004655
03:07:23 | i 97 | [ Summary ] cost=129674.00  Δ_S*=+1.50%  Δ_BKS=+1.94%  Δ_S*_BKS=+0.43%  no_improve=38
03:07:23 | i 98 | [HAOS ROLL] k=10  λ=0.8  rb  ac_avg  ails2  P≈0.009420
03:07:23 | i 98 | [Phase 1/3] decompose  0.36s / — / —  λ=0.8  rb ac_avg
03:07:51 | i 98 | [Phase 2/3] route  27.91s / 22.38s / 124.7%  ails2  k=10
03:08:26 | i 97 | [ ASYNC BG] bg_ails  63.66s / 60.00s / 106.1%
03:08:26 | i 98 | [HAOS ROLL] k=10  λ=0.8  rb  ac_avg  ails2  P≈0.009420
03:08:27 | i 98 | [ Summary ] cost=127973.00  Δ_S*=+0.16%  Δ_BKS=+0.60%  Δ_S*_BKS=+0.43%  no_improve=40
03:08:27 | i 99 | [HAOS ROLL] k=8  λ=0.2  rb  ac_avg  pyvrp  P≈0.000718
03:08:27 | i 99 | [Phase 1/3] decompose  0.45s / — / —  λ=0.2  rb ac_avg
03:08:56 | i 99 | [Phase 2/3] route  28.83s / 27.90s / 103.3%  pyvrp  k=8
03:09:30 | i 98 | [ ASYNC BG] bg_ails  63.88s / 60.00s / 106.5%
03:09:31 | i 99 | [HAOS ROLL] k=8  λ=0.2  rb  ac_avg  pyvrp  P≈0.000718
03:09:31 | i 99 | [ Summary ] cost=130144.00  Δ_S*=+1.86%  Δ_BKS=+2.31%  Δ_S*_BKS=+0.43%  no_improve=42
03:09:31 | i 100 | [HAOS ROLL] k=4  λ=0.2  vb  ac_complete  ails2  P≈0.000511
03:09:32 | i 100 | [Phase 1/3] decompose  0.76s / — / —  λ=0.2  vb ac_complete
03:10:22 | i 100 | [Phase 2/3] route  50.18s / 47.10s / 106.5%  ails2  k=4
03:10:36 | i 99 | [ ASYNC BG] bg_ails  66.30s / 60.00s / 110.5%
03:10:37 | i 100 | [HAOS ROLL] k=4  λ=0.2  vb  ac_complete  ails2  P≈0.000511
03:10:37 | i 100 | [ Summary ] cost=128791.00  Δ_S*=+0.80%  Δ_BKS=+1.24%  Δ_S*_BKS=+0.43%  no_improve=44
03:10:37 | i 101 | [HAOS ROLL] k=10  λ=0.2  vb  kmedoids  filo  P≈0.000633
03:10:38 | i 101 | [Phase 1/3] decompose  0.81s / — / —  λ=0.2  vb kmedoids
03:11:07 | i 101 | [Phase 2/3] route  29.27s / 15.48s / 189.1%  filo  k=10
03:11:43 | i 100 | [ ASYNC BG] bg_ails  66.45s / 60.00s / 110.7%
03:11:43 | i 101 | [HAOS ROLL] k=10  λ=0.2  vb  kmedoids  filo  P≈0.000633
03:11:44 | i 101 | [ Summary ] cost=131414.00  Δ_S*=+2.86%  Δ_BKS=+3.30%  Δ_S*_BKS=+0.43%  no_improve=46
03:11:44 | i 102 | [HAOS ROLL] k=8  λ=0.0  vb  ac_avg  filo  P≈0.000389
03:11:44 | i 102 | [Phase 1/3] decompose  0.64s / — / —  λ=0.0  vb ac_avg
03:12:09 | i 102 | [Phase 2/3] route  25.21s / 24.06s / 104.8%  filo  k=8
03:12:48 | i 101 | [ ASYNC BG] bg_ails  65.37s / 60.00s / 109.0%
03:12:48 | i 102 | [HAOS ROLL] k=8  λ=0.0  vb  ac_avg  filo  P≈0.000389
03:12:49 | i 102 | [ Summary ] cost=131378.00  Δ_S*=+2.83%  Δ_BKS=+3.28%  Δ_S*_BKS=+0.43%  no_improve=48
03:12:49 | i 103 | [HAOS ROLL] k=10  λ=0.8  vb  ac_avg  ails2  P≈0.008102
03:12:49 | i 103 | [Phase 1/3] decompose  0.49s / — / —  λ=0.8  vb ac_avg
03:13:16 | i 103 | [Phase 2/3] route  26.95s / 19.62s / 137.3%  ails2  k=10
03:13:52 | i 102 | [ ASYNC BG] bg_ails  63.71s / 60.00s / 106.2%
03:13:52 | i 103 | [HAOS ROLL] k=10  λ=0.8  vb  ac_avg  ails2  P≈0.008102
03:13:52 | i 103 | [ Summary ] cost=131026.00  Δ_S*=+2.55%  Δ_BKS=+3.00%  Δ_S*_BKS=+0.43%  no_improve=50
03:13:52 | i 104 | [HAOS ROLL] k=2  λ=1.0  vb  kmedoids  pyvrp  P≈0.000603
03:13:53 | i 104 | [Phase 1/3] decompose  0.49s / — / —  λ=1.0  vb kmedoids
03:15:09 | i 104 | [Phase 2/3] route  76.50s / 71.58s / 106.9%  pyvrp  k=2
03:15:09 | i 103 | [ ASYNC BG] bg_ails  65.00s / 60.00s / 108.3%
03:15:10 | i 104 | [HAOS ROLL] k=2  λ=1.0  vb  kmedoids  pyvrp  P≈0.000603
03:15:10 | i 104 | [ Summary ] cost=132542.00  Δ_S*=+3.74%  Δ_BKS=+4.19%  Δ_S*_BKS=+0.43%  no_improve=52
03:15:10 | i 105 | [HAOS ROLL] k=8  λ=1.0  vb  kmeans  pyvrp  P≈0.000687
03:15:10 | i 105 | [Phase 1/3] decompose  0.50s / — / —  λ=1.0  vb kmeans
03:15:45 | i 105 | [Phase 2/3] route  34.37s / 19.98s / 172.0%  pyvrp  k=8
03:16:24 | i 104 | [ ASYNC BG] bg_ails  75.07s / 69.86s / 107.5%
03:16:25 | i 105 | [HAOS ROLL] k=8  λ=1.0  vb  kmeans  pyvrp  P≈0.000687
03:16:25 | i 105 | [ Summary ] cost=133210.00  Δ_S*=+4.26%  Δ_BKS=+4.72%  Δ_S*_BKS=+0.43%  no_improve=54
03:16:25 | i 106 | [HAOS ROLL] k=10  λ=0.8  vb  ac_avg  filo  P≈0.001914
03:16:26 | i 106 | [Phase 1/3] decompose  1.33s / — / —  λ=0.8  vb ac_avg
03:16:52 | i 106 | [Phase 2/3] route  25.23s / 19.62s / 128.6%  filo  k=10
03:17:30 | i 105 | [ ASYNC BG] bg_ails  65.47s / 60.00s / 109.1%
03:17:30 | i 106 | [HAOS ROLL] k=10  λ=0.8  vb  ac_avg  filo  P≈0.001914
03:17:30 | i 106 | [ Summary ] cost=131899.00  Δ_S*=+3.24%  Δ_BKS=+3.69%  Δ_S*_BKS=+0.43%  no_improve=56
03:17:30 | i 107 | [HAOS ROLL] k=3  λ=0.4  rb  ac_avg  pyvrp  P≈0.000277
03:17:31 | i 107 | [Phase 1/3] decompose  0.36s / — / —  λ=0.4  rb ac_avg
03:18:36 | i 107 | [Phase 2/3] route  64.93s / 61.14s / 106.2%  pyvrp  k=3
03:18:36 | i 106 | [ ASYNC BG] bg_ails  63.67s / 60.00s / 106.1%
03:18:36 | i 107 | [HAOS ROLL] k=3  λ=0.4  rb  ac_avg  pyvrp  P≈0.000277
03:18:36 | i 107 | [ Summary ] cost=130663.00  Δ_S*=+2.27%  Δ_BKS=+2.71%  Δ_S*_BKS=+0.43%  no_improve=58
03:18:36 | i 108 | [HAOS ROLL] k=8  λ=0.2  rb  kmeans  ails2  P≈0.001071
03:18:36 | i 108 | [Phase 1/3] decompose  0.39s / — / —  λ=0.2  rb kmeans
03:19:07 | i 108 | [Phase 2/3] route  30.73s / 23.16s / 132.7%  ails2  k=8
03:19:41 | i 107 | [ ASYNC BG] bg_ails  64.99s / 60.00s / 108.3%
03:19:41 | i 108 | [HAOS ROLL] k=8  λ=0.2  rb  kmeans  ails2  P≈0.001071
03:19:41 | i 108 | [ Summary ] cost=127846.00  Δ_S*=+0.06%  Δ_BKS=+0.50%  Δ_S*_BKS=+0.43%  no_improve=60
03:19:41 | i 109 | [HAOS ROLL] k=3  λ=0.2  vb  ac_avg  ails2  P≈0.002088
03:19:41 | i 109 | [Phase 1/3] decompose  0.49s / — / —  λ=0.2  vb ac_avg
03:20:48 | i 109 | [Phase 2/3] route  66.89s / 65.28s / 102.5%  ails2  k=3
03:20:48 | i 109 | [HAOS ROLL] k=3  λ=0.2  vb  ac_avg  ails2  P≈0.002088
03:20:49 | i 109 | [ Summary ] cost=128207.00  Δ_S*=+0.35%  Δ_BKS=+0.78%  Δ_S*_BKS=+0.43%  no_improve=61
03:20:49 | i — | [  FINAL  ] async BG-AILS totals launched=107 applied=107 adopted=6 launch_skipped_cap=2 crashes=0 discarded_in_flight=False block_wait_total_s=2955.6
03:20:58 | i — | [  FINAL  ] async SP/SC totals invocations=6 adopted=4 skipped=0 discarded_in_flight=True sp_busy_frac=0.7400778261835903
03:20:58 | i — | [  FINAL  ] ════════════════════════════════════════
03:20:58 | i — | [  FINAL  ] Run complete  iterations=109  elapsed=02:01:04  best=127763.00
03:20:58 | i — | [  FINAL  ] Δ_BKS=+0.43%  no_improve_stop=False  time_stop=True  cancelled=False
03:20:58 | i — | [  FINAL  ] 
03:20:58 | i — | [  FINAL  ] [BEST SOLUTION — HAOS TAG SUMMARY]
03:20:58 | i — | [  FINAL  ] ────────────────────────────────────────
03:20:58 | i — | [  FINAL  ]   4 routes  vb  ac_complete  k=10  λ=0.4  solver=pyvrp
03:20:58 | i — | [  FINAL  ]   3 routes  vb  kmedoids  k=8  λ=0.0  solver=ails2
03:20:58 | i — | [  FINAL  ]   3 routes  vb  ac_avg  k=8  λ=1.0  solver=ails2
03:20:58 | i — | [  FINAL  ]   2 routes  vb  kmeans  k=4  λ=0.8  solver=ails2
03:20:58 | i — | [  FINAL  ]   2 routes  vb  kmedoids  k=4  λ=0.6  solver=ails2
03:20:58 | i — | [  FINAL  ]   2 routes  vb  kmeans  k=2  λ=0.0  solver=ails2
03:20:58 | i — | [  FINAL  ]   2 routes  vb  kmeans  k=6  λ=0.4  solver=filo
03:20:58 | i — | [  FINAL  ]   2 routes  vb  ac_avg  k=10  λ=1.0  solver=ails2
03:20:58 | i — | [  FINAL  ]   2 routes  rb  ac_complete  k=10  λ=0.6  solver=ails2
03:20:58 | i — | [  FINAL  ]   1 routes  vb  kmedoids  k=8  λ=0.2  solver=ails2
03:20:58 | i — | [  FINAL  ]   1 routes  rb  kmeans  k=4  λ=0.8  solver=filo2
03:20:58 | i — | [  FINAL  ]   1 routes  vb  kmedoids  k=8  λ=0.6  solver=ails2
03:20:58 | i — | [  FINAL  ]   1 routes  vb  kmedoids  k=10  λ=1.0  solver=filo2
03:20:58 | i — | [  FINAL  ]   1 routes  rb  ac_avg  k=2  λ=0.4  solver=filo2
03:20:58 | i — | [  FINAL  ]   1 routes  vb  kmeans  k=8  λ=0.8  solver=ails2
03:20:58 | i — | [  FINAL  ]   1 routes  vb  kmedoids  k=8  λ=0.8  solver=pyvrp
03:20:58 | i — | [  FINAL  ]   1 routes  rb  ac_complete  k=10  λ=0.2  solver=filo2
03:20:58 | i — | [  FINAL  ]   1 routes  vb  fcm  k=10  λ=1.0  solver=pyvrp
03:20:58 | i — | [  FINAL  ]   1 routes  rb  ac_avg  k=8  λ=0.8  solver=filo2
03:20:58 | i — | [  FINAL  ]   1 routes  vb  kmedoids  k=8  λ=0.0  solver=filo2
03:20:58 | i — | [  FINAL  ]   1 routes  vb  ac_avg  k=4  λ=0.8  solver=ails2
03:20:58 | i — | [  FINAL  ]   105 routes  post-SP/SC improvement
03:20:58 | i — | [  FINAL  ] 
03:20:58 | i — | [  FINAL  ] [ROUTE POOL — HAOS TAG SUMMARY]
03:20:58 | i — | [  FINAL  ] ────────────────────────────────────────
03:20:58 | i — | [  FINAL  ]   433 routes  vb  kmedoids  k=10  λ=0.8  solver=ails2
03:20:58 | i — | [  FINAL  ]   430 routes  vb  kmedoids  k=10  λ=0.6  solver=ails2
03:20:58 | i — | [  FINAL  ]   318 routes  vb  kmedoids  k=10  λ=0.0  solver=ails2
03:20:58 | i — | [  FINAL  ]   291 routes  vb  ac_avg  k=8  λ=1.0  solver=ails2
03:20:58 | i — | [  FINAL  ]   254 routes  vb  kmedoids  k=2  λ=1.0  solver=pyvrp
03:20:58 | i — | [  FINAL  ]   247 routes  vb  kmeans  k=8  λ=1.0  solver=pyvrp
03:20:58 | i — | [  FINAL  ]   243 routes  vb  kmedoids  k=10  λ=1.0  solver=pyvrp
03:20:58 | i — | [  FINAL  ]   243 routes  rb  ac_avg  k=3  λ=0.4  solver=pyvrp
03:20:58 | i — | [  FINAL  ]   238 routes  rb  ac_avg  k=6  λ=1.0  solver=pyvrp
03:20:58 | i — | [  FINAL  ]   235 routes  rb  ac_avg  k=4  λ=0.0  solver=ails2
03:20:58 | i — | [  FINAL  ]   234 routes  vb  kmedoids  k=10  λ=0.0  solver=pyvrp
03:20:58 | i — | [  FINAL  ]   221 routes  vb  kmeans  k=10  λ=0.0  solver=ails2
03:20:58 | i — | [  FINAL  ]   218 routes  vb  kmedoids  k=8  λ=0.8  solver=ails2
03:20:58 | i — | [  FINAL  ]   218 routes  vb  ac_complete  k=4  λ=0.2  solver=ails2
03:20:58 | i — | [  FINAL  ]   217 routes  vb  kmeans  k=10  λ=0.6  solver=ails2
03:20:58 | i — | [  FINAL  ]   216 routes  vb  ac_avg  k=12  λ=0.8  solver=ails2
03:20:58 | i — | [  FINAL  ]   215 routes  rb  ac_avg  k=8  λ=0.2  solver=pyvrp
03:20:58 | i — | [  FINAL  ]   215 routes  vb  ac_avg  k=8  λ=0.0  solver=filo
03:20:58 | i — | [  FINAL  ]   208 routes  vb  kmedoids  k=10  λ=0.2  solver=filo
03:20:58 | i — | [  FINAL  ]   204 routes  vb  ac_complete  k=10  λ=0.8  solver=filo2
03:20:58 | i — | [  FINAL  ]   202 routes  vb  ac_complete  k=8  λ=0.2  solver=ails2
03:20:58 | i — | [  FINAL  ]   201 routes  vb  ac_avg  k=10  λ=0.8  solver=ails2
03:20:58 | i — | [  FINAL  ]   195 routes  rb  ac_avg  k=3  λ=1.0  solver=filo2
03:20:58 | i — | [  FINAL  ]   191 routes  vb  kmedoids  k=3  λ=1.0  solver=ails2
03:20:58 | i — | [  FINAL  ]   188 routes  vb  ac_avg  k=10  λ=0.8  solver=filo
03:20:58 | i — | [  FINAL  ]   177 routes  rb  ac_avg  k=10  λ=0.8  solver=ails2
03:20:58 | i — | [  FINAL  ]   174 routes  rb  ac_avg  k=8  λ=0.8  solver=ails2
03:20:58 | i — | [  FINAL  ]   134 routes  vb  kmeans  k=3  λ=0.8  solver=pyvrp
03:20:58 | i — | [  FINAL  ]   123 routes  vb  ac_avg  k=10  λ=1.0  solver=ails2
03:20:58 | i — | [  FINAL  ]   118 routes  vb  ac_avg  k=8  λ=0.2  solver=pyvrp
03:20:58 | i — | [  FINAL  ]   117 routes  vb  ac_avg  k=3  λ=0.8  solver=pyvrp
03:20:58 | i — | [  FINAL  ]   117 routes  vb  ac_avg  k=3  λ=1.0  solver=pyvrp
03:20:58 | i — | [  FINAL  ]   116 routes  vb  ac_complete  k=10  λ=0.4  solver=pyvrp
03:20:58 | i — | [  FINAL  ]   112 routes  vb  kmedoids  k=10  λ=1.0  solver=filo2
03:20:58 | i — | [  FINAL  ]   106 routes  vb  fcm  k=6  λ=0.0  solver=pyvrp
03:20:58 | i — | [  FINAL  ]   101 routes  vb  ac_avg  k=3  λ=0.2  solver=ails2
03:20:58 | i — | [  FINAL  ]   100 routes  rb  ac_complete  k=10  λ=0.2  solver=filo2
03:20:58 | i — | [  FINAL  ]   93 routes  vb  ac_avg  k=6  λ=0.2  solver=filo
03:20:58 | i — | [  FINAL  ]   92 routes  vb  fcm  k=10  λ=1.0  solver=filo2
03:20:58 | i — | [  FINAL  ]   87 routes  vb  ac_complete  k=8  λ=0.4  solver=ails2
03:20:58 | i — | [  FINAL  ]   86 routes  vb  fcm  k=8  λ=0.6  solver=ails2
03:20:58 | i — | [  FINAL  ]   85 routes  vb  kmeans  k=2  λ=0.0  solver=ails2
03:20:58 | i — | [  FINAL  ]   80 routes  vb  kmeans  k=6  λ=0.4  solver=filo
03:20:58 | i — | [  FINAL  ]   79 routes  rb  kmeans  k=8  λ=0.2  solver=ails2
03:20:58 | i — | [  FINAL  ]   78 routes  vb  kmeans  k=4  λ=0.8  solver=ails2
03:20:58 | i — | [  FINAL  ]   75 routes  vb  kmeans  k=6  λ=0.6  solver=filo2
03:20:58 | i — | [  FINAL  ]   73 routes  rb  ac_complete  k=4  λ=1.0  solver=filo
03:20:58 | i — | [  FINAL  ]   71 routes  rb  ac_avg  k=8  λ=0.2  solver=ails2
03:20:58 | i — | [  FINAL  ]   71 routes  rb  kmeans  k=4  λ=0.8  solver=ails2
03:20:58 | i — | [  FINAL  ]   63 routes  rb  ac_avg  k=3  λ=0.2  solver=ails2
03:20:58 | i — | [  FINAL  ]   63 routes  vb  kmeans  k=8  λ=0.0  solver=ails2
03:20:58 | i — | [  FINAL  ]   57 routes  vb  fcm  k=8  λ=0.0  solver=ails2
03:20:58 | i — | [  FINAL  ]   56 routes  rb  ac_avg  k=2  λ=0.4  solver=filo2
03:20:58 | i — | [  FINAL  ]   52 routes  rb  kmeans  k=4  λ=0.8  solver=filo2
03:20:58 | i — | [  FINAL  ]   52 routes  vb  fcm  k=6  λ=0.0  solver=ails2
03:20:58 | i — | [  FINAL  ]   52 routes  vb  kmedoids  k=2  λ=0.4  solver=pyvrp
03:20:58 | i — | [  FINAL  ]   48 routes  rb  kmeans  k=6  λ=0.8  solver=filo2
03:20:58 | i — | [  FINAL  ]   46 routes  vb  kmedoids  k=8  λ=0.2  solver=ails2
03:20:58 | i — | [  FINAL  ]   44 routes  vb  ac_complete  k=4  λ=1.0  solver=filo
03:20:58 | i — | [  FINAL  ]   40 routes  vb  kmedoids  k=6  λ=0.4  solver=filo2
03:20:58 | i — | [  FINAL  ]   40 routes  vb  ac_complete  k=6  λ=0.0  solver=ails2
03:20:58 | i — | [  FINAL  ]   39 routes  vb  fcm  k=6  λ=0.4  solver=ails2
03:20:58 | i — | [  FINAL  ]   38 routes  vb  kmeans  k=2  λ=0.4  solver=ails2
03:20:58 | i — | [  FINAL  ]   37 routes  vb  ac_complete  k=6  λ=1.0  solver=ails2
03:20:58 | i — | [  FINAL  ]   36 routes  vb  fcm  k=3  λ=0.8  solver=ails2
03:20:58 | i — | [  FINAL  ]   36 routes  vb  kmedoids  k=4  λ=0.0  solver=ails2
03:20:58 | i — | [  FINAL  ]   34 routes  rb  ac_avg  k=10  λ=0.6  solver=filo
03:20:58 | i — | [  FINAL  ]   33 routes  vb  ac_avg  k=4  λ=0.8  solver=ails2
03:20:58 | i — | [  FINAL  ]   32 routes  rb  kmeans  k=10  λ=0.4  solver=ails2
03:20:58 | i — | [  FINAL  ]   29 routes  vb  kmedoids  k=10  λ=0.2  solver=filo2
03:20:58 | i — | [  FINAL  ]   26 routes  vb  kmedoids  k=6  λ=1.0  solver=ails2
03:20:58 | i — | [  FINAL  ]   25 routes  vb  kmeans  k=12  λ=0.0  solver=filo2
03:20:58 | i — | [  FINAL  ]   23 routes  rb  ac_complete  k=4  λ=0.8  solver=filo2
03:20:58 | i — | [  FINAL  ]   23 routes  vb  ac_complete  k=8  λ=1.0  solver=ails2
03:20:58 | i — | [  FINAL  ]   22 routes  vb  ac_avg  k=2  λ=0.0  solver=ails2
03:20:58 | i — | [  FINAL  ]   22 routes  rb  kmeans  k=12  λ=0.0  solver=filo
03:20:58 | i — | [  FINAL  ]   20 routes  vb  ac_avg  k=3  λ=0.6  solver=ails2
03:20:58 | i — | [  FINAL  ]   19 routes  rb  ac_complete  k=10  λ=0.0  solver=filo
03:20:58 | i — | [  FINAL  ]   16 routes  vb  ac_avg  k=3  λ=0.0  solver=ails2
03:20:58 | i — | [  FINAL  ]   15 routes  vb  ac_avg  k=10  λ=0.8  solver=filo2
03:20:58 | i — | [  FINAL  ]   15 routes  rb  kmeans  k=6  λ=0.4  solver=ails2
03:20:58 | i — | [  FINAL  ]   13 routes  vb  ac_avg  k=10  λ=0.6  solver=filo2
03:20:58 | i — | [  FINAL  ]   13 routes  vb  fcm  k=10  λ=1.0  solver=pyvrp
03:20:58 | i — | [  FINAL  ]   11 routes  vb  kmedoids  k=8  λ=0.0  solver=ails2
03:20:58 | i — | [  FINAL  ]   10 routes  rb  ac_complete  k=8  λ=0.6  solver=ails2
03:20:58 | i — | [  FINAL  ]   10 routes  vb  kmeans  k=8  λ=0.8  solver=ails2
03:20:58 | i — | [  FINAL  ]   9 routes  vb  ac_avg  k=8  λ=0.8  solver=filo2
03:20:58 | i — | [  FINAL  ]   9 routes  vb  kmedoids  k=8  λ=0.8  solver=pyvrp
03:20:58 | i — | [  FINAL  ]   9 routes  vb  kmedoids  k=8  λ=0.0  solver=filo2
03:20:58 | i — | [  FINAL  ]   8 routes  vb  kmedoids  k=8  λ=0.4  solver=pyvrp
03:20:58 | i — | [  FINAL  ]   7 routes  vb  kmedoids  k=4  λ=0.6  solver=ails2
03:20:58 | i — | [  FINAL  ]   7 routes  rb  ac_complete  k=10  λ=0.6  solver=ails2
03:20:58 | i — | [  FINAL  ]   4 routes  rb  ac_avg  k=8  λ=0.8  solver=filo2
03:20:58 | i — | [  FINAL  ]   4 routes  vb  kmedoids  k=8  λ=0.6  solver=ails2
03:20:58 | i — | [  FINAL  ]   3 routes  vb  fcm  k=4  λ=0.0  solver=pyvrp
03:20:58 | i — | [  FINAL  ]   1 routes  vb  ac_complete  k=4  λ=0.8  solver=ails2
03:20:58 | i — | [  FINAL  ]   1 routes  vb  ac_avg  k=3  λ=0.0  solver=filo2
03:20:58 | i — | [  FINAL  ]   188 routes  post-SP/SC improvement
03:20:58 | i — | [  FINAL  ] ════════════════════════════════════════
