12:27:32 | i — | [  INIT   ] ════════════════════════════════════════
12:27:32 | i — | [  INIT   ] DRISPI  instance=X-n6445-k628  n=6444  capacity=77
12:27:32 | i — | [  INIT   ] k domain (computed at init): [2, 3, 4, 6, 8, 10, 12, 15, 19, 24]  k_ext=24  k_min=628  k_ext_bound=n_bound  spacing_rejected=0
12:27:32 | i — | [  INIT   ] ══════════════════════════════════════════════════════
12:27:32 | i — | [  INIT   ] CONFIGURATION
12:27:32 | i — | [  INIT   ] ── stopping ────────────────────────────────
12:27:32 | i — | [  INIT   ]   time_limit                  = 7200.0
12:27:32 | i — | [  INIT   ]   max_no_improve              = 1000000000
12:27:32 | i — | [  INIT   ] ── parallelism ─────────────────────────────
12:27:32 | i — | [  INIT   ]   n_workers                   = 8
12:27:32 | i — | [  INIT   ] ── cores ───────────────────────────────────
12:27:32 | i — | [  INIT   ]   cores_total                 = 8
12:27:32 | i — | [  INIT   ]   cores_dri                   = 6
12:27:32 | i — | [  INIT   ]   cores_bg                    = 1
12:27:32 | i — | [  INIT   ]   cores_sp                    = 1
12:27:32 | i — | [  INIT   ]   cores_cpu_list              = None
12:27:32 | i — | [  INIT   ] ── sp/sc ───────────────────────────────────
12:27:32 | i — | [  INIT   ]   sp_sc_mode                  = async
12:27:32 | i — | [  INIT   ]   sp_sc_trigger               = wallclock
12:27:32 | i — | [  INIT   ]   interval_minutes            = 20.0
12:27:32 | i — | [  INIT   ]   overlap_policy              = skip
12:27:32 | i — | [  INIT   ]   warmup_iterations           = 5
12:27:32 | i — | [  INIT   ]   sp_interval                 = 3
12:27:32 | i — | [  INIT   ]   min_coverage                = 5
12:27:32 | i — | [  INIT   ]   sp_time_limit               = 720.0
12:27:32 | i — | [  INIT   ]   mip_gap                     = 0.00025
12:27:32 | i — | [  INIT   ] ── decomposition ───────────────────────────
12:27:32 | i — | [  INIT   ]   decomp_k_base_arms          = [2, 3, 4, 6, 8, 10, 12]
12:27:32 | i — | [  INIT   ]   decomp_k_max_arms           = 10
12:27:32 | i — | [  INIT   ]   decomp_k_ext_per_1000       = 4
12:27:32 | i — | [  INIT   ]   decomp_k_min_routes_per_cluster= 8
12:27:32 | i — | [  INIT   ]   decomp_k_min_arm_spacing    = 2
12:27:32 | i — | [  INIT   ]   subcluster_rate_s_per_customer= 0.06
12:27:32 | i — | [  INIT   ]   subcluster_floor_s          = 5.0
12:27:32 | i — | [  INIT   ] ── bg_ails ─────────────────────────────────
12:27:32 | i — | [  INIT   ]   bg_ails_mode                = async
12:27:32 | i — | [  INIT   ]   bg_ails_crash_threshold     = 1
12:27:32 | i — | [  INIT   ]   bg_ails_budget_mode         = predicted_dr_wall
12:27:32 | i — | [  INIT   ]   bg_ails_budget_floor_s      = 60.0
12:27:32 | i — | [  INIT   ]   bg_ails_budget_margin       = 1.0
12:27:32 | i — | [  INIT   ]   bg_ails_wall_model_scale    = 0.976
12:27:32 | i — | [  INIT   ]   bg_ails_wall_model_wave_exponent= -0.18
12:27:32 | i — | [  INIT   ]   bg_ails_initial_omega       = 10
12:27:32 | i — | [  INIT   ]   bg_ails_boundary_threshold  = 0.5
12:27:32 | i — | [  INIT   ]   bg_ails_small_cluster_cap   = 20
12:27:32 | i — | [  INIT   ]   bg_ails_small_cluster_alpha = 0.5
12:27:32 | i — | [  INIT   ]   bg_ails_pair_selection      = greedy
12:27:32 | i — | [  INIT   ]   bg_ails_n_chains_mode       = k
12:27:32 | i — | [  INIT   ] ── standard_improvement ────────────────────
12:27:32 | i — | [  INIT   ]   standard_improvement_time_limit= 360.0
12:27:32 | i — | [  INIT   ] ── pool ────────────────────────────────────
12:27:32 | i — | [  INIT   ]   max_pool_size               = 10000
12:27:32 | i — | [  INIT   ]   pool_diversity_weight       = 0.5
12:27:32 | i — | [  INIT   ] ── haos ────────────────────────────────────
12:27:32 | i — | [  INIT   ]   haos_decay                  = 0.95
12:27:32 | i — | [  INIT   ]   haos_warmup                 = 10
12:27:32 | i — | [  INIT   ]   haos_starting_weight        = 10.0
12:27:32 | i — | [  INIT   ]   haos_min_weight_k           = 0.025
12:27:32 | i — | [  INIT   ]   haos_min_weight_lambda      = 0.05
12:27:32 | i — | [  INIT   ]   haos_min_weight_paradigm    = 0.1
12:27:32 | i — | [  INIT   ]   haos_min_weight_vertex_method= 0.05
12:27:32 | i — | [  INIT   ]   haos_min_weight_route_method= 0.05
12:27:32 | i — | [  INIT   ]   haos_min_weight_solver      = 0.05
12:27:32 | i — | [  INIT   ]   haos_lambda_demand_values   = [0.0, 0.2, 0.4, 0.6, 0.8, 1.0]
12:27:32 | i — | [  INIT   ]   haos_paradigm_values        = ['vertex', 'route']
12:27:32 | i — | [  INIT   ]   haos_vertex_method_values   = ['kmeans', 'agglomerative_avg', 'agglomerative_complete', 'kmedoids', 'fcm']
12:27:32 | i — | [  INIT   ]   haos_route_method_values    = ['kmeans', 'agglomerative_avg', 'agglomerative_complete']
12:27:32 | i — | [  INIT   ]   haos_solver_values          = ['pyvrp', 'filo', 'filo2', 'ails2']
12:27:32 | i — | [  INIT   ] ── haos_rewards ────────────────────────────
12:27:32 | i — | [  INIT   ]   haos_reward_new_best        = 10.0
12:27:32 | i — | [  INIT   ]   haos_reward_improvement     = 4.0
12:27:32 | i — | [  INIT   ]   haos_reward_no_improvement  = 1.0
12:27:32 | i — | [  INIT   ]   haos_reward_no_solution     = 0.0
12:27:32 | i — | [  INIT   ]   haos_deferred_new_best      = 7.0
12:27:32 | i — | [  INIT   ]   haos_deferred_improvement   = 3.0
12:27:32 | i — | [  INIT   ]   haos_deferred_no_improvement= 0.0
12:27:32 | i — | [  INIT   ] ── seed ────────────────────────────────────
12:27:32 | i — | [  INIT   ]   seed                        = 10
12:27:32 | i — | [  INIT   ] ── output ──────────────────────────────────
12:27:32 | i — | [  INIT   ]   output_dir                  = /app/artifacts/final_benchmark/runs/X-n6445-k628/seed10
12:27:32 | i — | [  INIT   ]   run_analysis                = False
12:27:32 | i — | [  INIT   ] ══════════════════════════════════════════════════════
12:27:32 | i — | [  INIT   ] BKS=996117.00
12:27:32 | i — | [  INIT   ] ════════════════════════════════════════
12:27:32 | i 1 | [HAOS ROLL] k=10  λ=0.6  vb  kmeans  filo  P≈0.000417
12:27:40 | i 1 | [Phase 1/3] decompose  7.20s / — / —  λ=0.6  vb kmeans
12:29:03 | i 1 | [Phase 2/3] route  83.38s / 43.20s / 193.0%  filo  k=10
12:29:03 | i 1 | [ IMPROVE ] 1010300.00  via decompose_route  ·  Δ_BKS=+1.42%
12:29:03 | i 1 | [HAOS ROLL] k=10  λ=0.6  vb  kmeans  filo  P≈0.000417
12:29:03 | i 1 | [ Summary ] cost=1010300.00  Δ_S*=+0.00%  Δ_BKS=+1.42%  Δ_S*_BKS=+1.42%  no_improve=0
12:29:03 | i 2 | [HAOS ROLL] k=3  λ=0.4  vb  ac_complete  ails2  P≈0.000417
12:29:08 | i 2 | [Phase 1/3] decompose  5.32s / — / —  λ=0.4  vb ac_complete
12:32:34 | i 2 | [Phase 2/3] route  205.43s / 201.36s / 102.0%  ails2  k=3
12:32:34 | i 1 | [ IMPROVE ] 999681.00  via bg_ails  ·  Δ_BKS=+0.36%
12:32:34 | i 1 | [ ASYNC BG] bg_ails  88.98s / 74.18s / 120.0%
12:32:34 | i 2 | [ IMPROVE ] 999124.00  via decompose_route  ·  Δ_BKS=+0.30%
12:32:34 | i 2 | [HAOS ROLL] k=3  λ=0.4  vb  ac_complete  ails2  P≈0.000417
12:32:34 | i 2 | [ Summary ] cost=999124.00  Δ_S*=+0.00%  Δ_BKS=+0.30%  Δ_S*_BKS=+0.30%  no_improve=0
12:32:34 | i 3 | [HAOS ROLL] k=2  λ=0.0  vb  ac_complete  filo  P≈0.000417
12:32:38 | i 3 | [Phase 1/3] decompose  4.03s / — / —  λ=0.0  vb ac_complete
12:36:01 | i 3 | [Phase 2/3] route  202.72s / 202.08s / 100.3%  filo  k=2
12:36:04 | i 2 | [ IMPROVE ] 998376.00  via bg_ails  ·  Δ_BKS=+0.23%
12:36:04 | i 2 | [ ASYNC BG] bg_ails  210.18s / 196.53s / 106.9%
12:36:04 | i 3 | [HAOS ROLL] k=2  λ=0.0  vb  ac_complete  filo  P≈0.000417
12:36:04 | i 3 | [ Summary ] cost=1003400.00  Δ_S*=+0.50%  Δ_BKS=+0.73%  Δ_S*_BKS=+0.23%  no_improve=1
12:36:04 | i 4 | [HAOS ROLL] k=19  λ=0.6  vb  ac_avg  filo2  P≈0.000417
12:36:09 | i 4 | [Phase 1/3] decompose  4.90s / — / —  λ=0.6  vb ac_avg
12:37:20 | i 4 | [Phase 2/3] route  71.13s / 34.38s / 206.9%  filo2  k=19
12:39:35 | i 3 | [ ASYNC BG] bg_ails  210.29s / 197.23s / 106.6%
12:39:35 | i 4 | [HAOS ROLL] k=19  λ=0.6  vb  ac_avg  filo2  P≈0.000417
12:39:35 | i 4 | [ Summary ] cost=1011850.00  Δ_S*=+1.35%  Δ_BKS=+1.58%  Δ_S*_BKS=+0.23%  no_improve=3
12:39:35 | i 5 | [HAOS ROLL] k=8  λ=0.6  rb  kmeans  ails2  P≈0.000694
12:39:39 | i 5 | [Phase 1/3] decompose  4.71s / — / —  λ=0.6  rb kmeans
12:41:21 | i 5 | [Phase 2/3] route  102.00s / 57.60s / 177.1%  ails2  k=8
12:41:21 | i 4 | [ ASYNC BG] bg_ails  79.40s / 64.43s / 123.2%
12:41:21 | i 5 | [ IMPROVE ] 998183.00  via decompose_route  ·  Δ_BKS=+0.21%
12:41:21 | i 5 | [HAOS ROLL] k=8  λ=0.6  rb  kmeans  ails2  P≈0.000694
12:41:21 | i 5 | [ Summary ] cost=998183.00  Δ_S*=+0.00%  Δ_BKS=+0.21%  Δ_S*_BKS=+0.21%  no_improve=0
12:41:21 | i 6 | [HAOS ROLL] k=12  λ=0.6  rb  ac_complete  ails2  P≈0.000694
12:41:26 | i 6 | [Phase 1/3] decompose  5.00s / — / —  λ=0.6  rb ac_complete
12:42:38 | i 6 | [Phase 2/3] route  71.42s / 44.16s / 161.7%  ails2  k=12
12:43:18 | i 5 | [ IMPROVE ] 998146.00  via bg_ails  ·  Δ_BKS=+0.20%
12:43:18 | i 5 | [ ASYNC BG] bg_ails  116.35s / 94.80s / 122.7%
12:43:18 | i 6 | [HAOS ROLL] k=12  λ=0.6  rb  ac_complete  ails2  P≈0.000694
12:43:18 | i 6 | [ Summary ] cost=1000867.00  Δ_S*=+0.27%  Δ_BKS=+0.48%  Δ_S*_BKS=+0.20%  no_improve=1
12:43:18 | i 7 | [HAOS ROLL] k=24  λ=0.4  vb  kmeans  pyvrp  P≈0.000417
12:43:23 | i 7 | [Phase 1/3] decompose  4.84s / — / —  λ=0.4  vb kmeans
12:44:32 | i 7 | [Phase 2/3] route  69.36s / 19.14s / 362.4%  pyvrp  k=24
12:44:47 | i 6 | [ ASYNC BG] bg_ails  89.17s / 67.66s / 131.8%
12:44:47 | i 7 | [HAOS ROLL] k=24  λ=0.4  vb  kmeans  pyvrp  P≈0.000417
12:44:47 | i 7 | [ Summary ] cost=1022051.00  Δ_S*=+2.39%  Δ_BKS=+2.60%  Δ_S*_BKS=+0.20%  no_improve=3
12:44:47 | i 8 | [HAOS ROLL] k=4  λ=1.0  vb  ac_avg  pyvrp  P≈0.000417
12:44:53 | i 8 | [Phase 1/3] decompose  5.98s / — / —  λ=1.0  vb ac_avg
12:47:01 | i 8 | [Phase 2/3] route  128.07s / 117.78s / 108.7%  pyvrp  k=4
12:47:01 | i 7 | [ ASYNC BG] bg_ails  75.76s / 60.00s / 126.3%
12:47:01 | i 8 | [HAOS ROLL] k=4  λ=1.0  vb  ac_avg  pyvrp  P≈0.000417
12:47:01 | i 8 | [ Summary ] cost=1016046.00  Δ_S*=+1.79%  Δ_BKS=+2.00%  Δ_S*_BKS=+0.20%  no_improve=5
12:47:01 | i 9 | [HAOS ROLL] k=4  λ=1.0  vb  kmeans  filo  P≈0.000417
12:47:06 | i 9 | [Phase 1/3] decompose  4.81s / — / —  λ=1.0  vb kmeans
12:48:47 | i 9 | [Phase 2/3] route  101.26s / 100.74s / 100.5%  filo  k=4
12:49:11 | i 8 | [ ASYNC BG] bg_ails  129.55s / 114.95s / 112.7%
12:49:11 | i 9 | [HAOS ROLL] k=4  λ=1.0  vb  kmeans  filo  P≈0.000417
12:49:11 | i 9 | [ Summary ] cost=1003685.00  Δ_S*=+0.55%  Δ_BKS=+0.76%  Δ_S*_BKS=+0.20%  no_improve=7
12:49:11 | i 10 | [HAOS ROLL] k=24  λ=1.0  rb  kmeans  ails2  P≈0.000694
12:49:16 | i 10 | [Phase 1/3] decompose  4.91s / — / —  λ=1.0  rb kmeans
12:50:30 | i 10 | [Phase 2/3] route  74.61s / 20.40s / 365.7%  ails2  k=24
12:51:04 | i 9 | [ ASYNC BG] bg_ails  113.46s / 98.32s / 115.4%
12:51:04 | i 10 | [ IMPROVE ] 997753.00  via decompose_route  ·  Δ_BKS=+0.16%
12:51:04 | i 10 | [HAOS ROLL] k=24  λ=1.0  rb  kmeans  ails2  P≈0.000694
12:51:04 | i 10 | [ Summary ] cost=997753.00  Δ_S*=+0.00%  Δ_BKS=+0.16%  Δ_S*_BKS=+0.16%  no_improve=0
12:51:04 | i 6 | [ASYNC 1/2] sp_sc  69.20s / 720.00s / 9.6%  SC  avg_coverage=9.21/5  pool=5810
12:51:04 | i 6 | [ASYNC 2/2] standard_ails  375.14s / 360.00s / 104.2%
12:52:36 | i 10 | [ ASYNC BG] bg_ails  74.64s / 60.00s / 124.4%
12:52:36 | i 11 | [HAOS ROLL] k=10  λ=1.0  vb  ac_complete  filo  P≈0.000417
12:52:41 | i 11 | [Phase 1/3] decompose  4.61s / — / —  λ=1.0  vb ac_complete
12:54:01 | i 11 | [Phase 2/3] route  80.42s / 50.94s / 157.9%  filo  k=10
12:54:02 | i 11 | [HAOS ROLL] k=10  λ=1.0  vb  ac_complete  filo  P≈0.000417
12:54:02 | i 11 | [ Summary ] cost=1007060.00  Δ_S*=+0.93%  Δ_BKS=+1.10%  Δ_S*_BKS=+0.16%  no_improve=3
12:54:02 | i 12 | [HAOS ROLL] k=3  λ=0.6  rb  kmeans  pyvrp  P≈0.000664
12:54:07 | i 12 | [Phase 1/3] decompose  4.89s / — / —  λ=0.6  rb kmeans
12:56:53 | i 12 | [Phase 2/3] route  165.97s / 149.16s / 111.3%  pyvrp  k=3
12:56:53 | i 11 | [ ASYNC BG] bg_ails  102.19s / 80.95s / 126.2%
12:56:53 | i 12 | [HAOS ROLL] k=3  λ=0.6  rb  kmeans  pyvrp  P≈0.000664
12:56:53 | i 12 | [ Summary ] cost=1016492.00  Δ_S*=+1.88%  Δ_BKS=+2.05%  Δ_S*_BKS=+0.16%  no_improve=5
12:56:53 | i 13 | [HAOS ROLL] k=10  λ=0.8  vb  ac_complete  ails2  P≈0.000674
12:56:59 | i 13 | [Phase 1/3] decompose  5.72s / — / —  λ=0.8  vb ac_complete
12:58:23 | i 13 | [Phase 2/3] route  83.88s / 57.24s / 146.5%  ails2  k=10
12:59:40 | i 12 | [ ASYNC BG] bg_ails  167.23s / 145.58s / 114.9%
12:59:40 | i 13 | [HAOS ROLL] k=10  λ=0.8  vb  ac_complete  ails2  P≈0.000674
12:59:40 | i 13 | [ Summary ] cost=1002197.00  Δ_S*=+0.45%  Δ_BKS=+0.61%  Δ_S*_BKS=+0.16%  no_improve=7
12:59:40 | i 14 | [HAOS ROLL] k=8  λ=0.2  rb  ac_complete  filo2  P≈0.000429
12:59:46 | i 14 | [Phase 1/3] decompose  5.48s / — / —  λ=0.2  rb ac_complete
13:01:07 | i 14 | [Phase 2/3] route  81.20s / 80.82s / 100.5%  filo2  k=8
13:01:14 | i 13 | [ ASYNC BG] bg_ails  94.22s / 78.42s / 120.2%
13:01:15 | i 14 | [HAOS ROLL] k=8  λ=0.2  rb  ac_complete  filo2  P≈0.000429
13:01:15 | i 14 | [ Summary ] cost=1007042.00  Δ_S*=+0.93%  Δ_BKS=+1.10%  Δ_S*_BKS=+0.16%  no_improve=9
13:01:15 | i 15 | [HAOS ROLL] k=4  λ=0.2  rb  ac_avg  ails2  P≈0.000505
13:01:20 | i 15 | [Phase 1/3] decompose  5.77s / — / —  λ=0.2  rb ac_avg
13:03:21 | i 15 | [Phase 2/3] route  121.02s / 118.50s / 102.1%  ails2  k=4
13:03:22 | i 14 | [ ASYNC BG] bg_ails  112.36s / 96.71s / 116.2%
13:03:22 | i 15 | [HAOS ROLL] k=4  λ=0.2  rb  ac_avg  ails2  P≈0.000505
13:03:22 | i 15 | [ Summary ] cost=1001020.00  Δ_S*=+0.33%  Δ_BKS=+0.49%  Δ_S*_BKS=+0.16%  no_improve=11
13:03:22 | i 16 | [HAOS ROLL] k=8  λ=0.6  vb  kmeans  ails2  P≈0.000476
13:03:28 | i 16 | [Phase 1/3] decompose  5.76s / — / —  λ=0.6  vb kmeans
13:04:59 | i 16 | [Phase 2/3] route  91.81s / 56.58s / 162.3%  ails2  k=8
13:05:33 | i 15 | [ ASYNC BG] bg_ails  131.69s / 115.66s / 113.9%
13:05:33 | i 16 | [HAOS ROLL] k=8  λ=0.6  vb  kmeans  ails2  P≈0.000476
13:05:33 | i 16 | [ Summary ] cost=1002013.00  Δ_S*=+0.43%  Δ_BKS=+0.59%  Δ_S*_BKS=+0.16%  no_improve=13
13:05:33 | i 17 | [HAOS ROLL] k=2  λ=0.4  rb  kmeans  pyvrp  P≈0.000439
13:05:38 | i 17 | [Phase 1/3] decompose  4.74s / — / —  λ=0.4  rb kmeans
13:09:26 | i 17 | [Phase 2/3] route  227.80s / 198.54s / 114.7%  pyvrp  k=2
13:09:26 | i 16 | [ ASYNC BG] bg_ails  109.81s / 87.05s / 126.1%
13:09:26 | i 17 | [HAOS ROLL] k=2  λ=0.4  rb  kmeans  pyvrp  P≈0.000439
13:09:26 | i 17 | [ Summary ] cost=1016212.00  Δ_S*=+1.85%  Δ_BKS=+2.02%  Δ_S*_BKS=+0.16%  no_improve=15
13:09:26 | i 18 | [HAOS ROLL] k=8  λ=1.0  rb  ac_complete  filo2  P≈0.000779
13:09:33 | i 18 | [Phase 1/3] decompose  6.31s / — / —  λ=1.0  rb ac_complete
13:10:54 | i 18 | [Phase 2/3] route  81.26s / 80.82s / 100.5%  filo2  k=8
13:12:56 | i 17 | [ ASYNC BG] bg_ails  209.83s / 193.78s / 108.3%
13:12:56 | i 18 | [HAOS ROLL] k=8  λ=1.0  rb  ac_complete  filo2  P≈0.000779
13:12:56 | i 18 | [ Summary ] cost=1006833.00  Δ_S*=+0.91%  Δ_BKS=+1.08%  Δ_S*_BKS=+0.16%  no_improve=17
13:12:56 | i 15 | [ASYNC 1/2] sp_sc  77.17s / 720.00s / 10.7%  SP  avg_coverage=15.84/5  pool=10000
13:12:56 | i 15 | [ASYNC 2/2] standard_ails  369.82s / 360.00s / 102.7%
13:14:29 | i 19 | [HAOS ROLL] k=24  λ=0.8  rb  ac_complete  filo  P≈0.000385
13:14:32 | i 19 | [Phase 1/3] decompose  3.85s / — / —  λ=0.8  rb ac_complete
13:15:47 | i 19 | [Phase 2/3] route  74.15s / 27.00s / 274.6%  filo  k=24
13:15:47 | i 18 | [ ASYNC BG] bg_ails  115.30s / 96.71s / 119.2%
13:15:47 | i 19 | [HAOS ROLL] k=24  λ=0.8  rb  ac_complete  filo  P≈0.000385
13:15:47 | i 19 | [ Summary ] cost=1028180.00  Δ_S*=+3.05%  Δ_BKS=+3.22%  Δ_S*_BKS=+0.16%  no_improve=20
13:15:47 | i 20 | [HAOS ROLL] k=24  λ=1.0  rb  ac_complete  filo  P≈0.000793
13:15:52 | i 20 | [Phase 1/3] decompose  4.83s / — / —  λ=1.0  rb ac_complete
13:17:06 | i 20 | [Phase 2/3] route  74.15s / 27.00s / 274.6%  filo  k=24
13:17:07 | i 19 | [ ASYNC BG] bg_ails  79.82s / 64.20s / 124.3%
13:17:07 | i 20 | [HAOS ROLL] k=24  λ=1.0  rb  ac_complete  filo  P≈0.000793
13:17:07 | i 20 | [ Summary ] cost=1024191.00  Δ_S*=+2.65%  Δ_BKS=+2.82%  Δ_S*_BKS=+0.16%  no_improve=22
13:17:07 | i 21 | [HAOS ROLL] k=3  λ=0.6  rb  kmeans  filo  P≈0.001045
13:17:12 | i 21 | [Phase 1/3] decompose  4.98s / — / —  λ=0.6  rb kmeans
13:19:44 | i 21 | [Phase 2/3] route  151.44s / 151.38s / 100.0%  filo  k=3
13:19:44 | i 20 | [ ASYNC BG] bg_ails  81.19s / 64.20s / 126.5%
13:19:44 | i 21 | [HAOS ROLL] k=3  λ=0.6  rb  kmeans  filo  P≈0.001045
13:19:44 | i 21 | [ Summary ] cost=1002194.00  Δ_S*=+0.45%  Δ_BKS=+0.61%  Δ_S*_BKS=+0.16%  no_improve=24
13:19:44 | i 22 | [HAOS ROLL] k=24  λ=1.0  rb  kmeans  ails2  P≈0.002221
13:19:49 | i 22 | [Phase 1/3] decompose  4.86s / — / —  λ=1.0  rb kmeans
13:20:59 | i 22 | [Phase 2/3] route  69.86s / 20.88s / 334.6%  ails2  k=24
13:22:26 | i 21 | [ ASYNC BG] bg_ails  162.37s / 147.75s / 109.9%
13:22:26 | i 22 | [HAOS ROLL] k=24  λ=1.0  rb  kmeans  ails2  P≈0.002221
13:22:26 | i 22 | [ Summary ] cost=997801.00  Δ_S*=+0.00%  Δ_BKS=+0.17%  Δ_S*_BKS=+0.16%  no_improve=26
13:22:26 | i 23 | [HAOS ROLL] k=24  λ=0.2  rb  ac_avg  filo2  P≈0.000343
13:22:31 | i 23 | [Phase 1/3] decompose  4.51s / — / —  λ=0.2  rb ac_avg
13:23:41 | i 23 | [Phase 2/3] route  70.14s / 23.88s / 293.7%  filo2  k=24
13:23:41 | i 22 | [ ASYNC BG] bg_ails  75.37s / 60.00s / 125.6%
13:23:42 | i 23 | [HAOS ROLL] k=24  λ=0.2  rb  ac_avg  filo2  P≈0.000343
13:23:42 | i 23 | [ Summary ] cost=1026142.00  Δ_S*=+2.85%  Δ_BKS=+3.01%  Δ_S*_BKS=+0.16%  no_improve=28
13:23:42 | i 24 | [HAOS ROLL] k=4  λ=0.8  rb  kmeans  filo  P≈0.001077
13:23:46 | i 24 | [Phase 1/3] decompose  4.62s / — / —  λ=0.8  rb kmeans
13:25:27 | i 24 | [Phase 2/3] route  100.27s / 99.90s / 100.4%  filo  k=4
13:25:27 | i 23 | [ ASYNC BG] bg_ails  82.76s / 60.00s / 137.9%
13:25:27 | i 24 | [HAOS ROLL] k=4  λ=0.8  rb  kmeans  filo  P≈0.001077
13:25:27 | i 24 | [ Summary ] cost=1003055.00  Δ_S*=+0.53%  Δ_BKS=+0.70%  Δ_S*_BKS=+0.16%  no_improve=30
13:25:27 | i 25 | [HAOS ROLL] k=24  λ=0.2  rb  ac_complete  filo2  P≈0.001381
13:25:32 | i 25 | [Phase 1/3] decompose  4.93s / — / —  λ=0.2  rb ac_complete
13:26:46 | i 25 | [Phase 2/3] route  74.17s / 27.00s / 274.7%  filo2  k=24
13:27:26 | i 24 | [ ASYNC BG] bg_ails  119.09s / 97.50s / 122.1%
13:27:26 | i 25 | [HAOS ROLL] k=24  λ=0.2  rb  ac_complete  filo2  P≈0.001381
13:27:26 | i 25 | [ Summary ] cost=1026095.00  Δ_S*=+2.84%  Δ_BKS=+3.01%  Δ_S*_BKS=+0.16%  no_improve=32
13:27:26 | i 26 | [HAOS ROLL] k=24  λ=0.4  vb  ac_avg  ails2  P≈0.000545
13:27:32 | i 26 | [Phase 1/3] decompose  5.59s / — / —  λ=0.4  vb ac_avg
13:28:43 | i 26 | [Phase 2/3] route  70.95s / 23.22s / 305.6%  ails2  k=24
13:28:45 | i 25 | [ ASYNC BG] bg_ails  79.45s / 64.20s / 123.8%
13:28:45 | i 26 | [HAOS ROLL] k=24  λ=0.4  vb  ac_avg  ails2  P≈0.000545
13:28:45 | i 26 | [ Summary ] cost=1008385.00  Δ_S*=+1.07%  Δ_BKS=+1.23%  Δ_S*_BKS=+0.16%  no_improve=34
13:28:45 | i 27 | [HAOS ROLL] k=8  λ=0.6  rb  ac_avg  pyvrp  P≈0.000462
13:28:52 | i 27 | [Phase 1/3] decompose  6.51s / — / —  λ=0.6  rb ac_avg
13:30:22 | i 27 | [Phase 2/3] route  90.46s / 77.04s / 117.4%  pyvrp  k=8
13:30:23 | i 26 | [ ASYNC BG] bg_ails  85.19s / 60.00s / 142.0%
13:30:23 | i 27 | [HAOS ROLL] k=8  λ=0.6  rb  ac_avg  pyvrp  P≈0.000462
13:30:23 | i 27 | [ Summary ] cost=1016126.00  Δ_S*=+1.84%  Δ_BKS=+2.01%  Δ_S*_BKS=+0.16%  no_improve=36
13:30:23 | i 28 | [HAOS ROLL] k=24  λ=0.6  rb  kmeans  ails2  P≈0.004407
13:30:28 | i 28 | [Phase 1/3] decompose  5.03s / — / —  λ=0.6  rb kmeans
13:31:41 | i 28 | [Phase 2/3] route  72.98s / 20.82s / 350.5%  ails2  k=24
13:32:18 | i 27 | [ ASYNC BG] bg_ails  115.86s / 100.95s / 114.8%
13:32:19 | i 28 | [ IMPROVE ] 997706.00  via decompose_route  ·  Δ_BKS=+0.16%
13:32:19 | i 28 | [HAOS ROLL] k=24  λ=0.6  rb  kmeans  ails2  P≈0.004407
13:32:19 | i 28 | [ Summary ] cost=997706.00  Δ_S*=+0.00%  Δ_BKS=+0.16%  Δ_S*_BKS=+0.16%  no_improve=0
13:32:19 | i 23 | [ASYNC 1/2] sp_sc  67.91s / 720.00s / 9.4%  SP  avg_coverage=15.76/5  pool=10000
13:32:19 | i 23 | [ASYNC 2/2] standard_ails  370.21s / 360.00s / 102.8%
13:33:45 | i 23 | [ IMPROVE ] 997672.00  via standard_ails  ·  Δ_BKS=+0.16%
13:33:45 | i 28 | [ ASYNC BG] bg_ails  73.84s / 60.00s / 123.1%
13:33:45 | i 29 | [HAOS ROLL] k=24  λ=0.6  vb  kmedoids  filo  P≈0.001230
13:33:49 | i 29 | [Phase 1/3] decompose  3.92s / — / —  λ=0.6  vb kmedoids
13:35:00 | i 29 | [Phase 2/3] route  70.29s / 24.42s / 287.8%  filo  k=24
13:35:00 | i 29 | [HAOS ROLL] k=24  λ=0.6  vb  kmedoids  filo  P≈0.001230
13:35:00 | i 29 | [ Summary ] cost=1020551.00  Δ_S*=+2.29%  Δ_BKS=+2.45%  Δ_S*_BKS=+0.16%  no_improve=2
13:35:00 | i 30 | [HAOS ROLL] k=24  λ=0.6  rb  ac_complete  filo2  P≈0.006063
13:35:03 | i 30 | [Phase 1/3] decompose  2.92s / — / —  λ=0.6  rb ac_complete
13:36:11 | i 30 | [Phase 2/3] route  68.15s / 23.94s / 284.7%  filo2  k=24
13:36:16 | i 29 | [ ASYNC BG] bg_ails  75.87s / 62.65s / 121.1%
13:36:16 | i 30 | [HAOS ROLL] k=24  λ=0.6  rb  ac_complete  filo2  P≈0.006063
13:36:16 | i 30 | [ Summary ] cost=1023234.00  Δ_S*=+2.56%  Δ_BKS=+2.72%  Δ_S*_BKS=+0.16%  no_improve=4
13:36:16 | i 31 | [HAOS ROLL] k=8  λ=0.6  rb  kmeans  filo  P≈0.003519
13:36:19 | i 31 | [Phase 1/3] decompose  2.92s / — / —  λ=0.6  rb kmeans
13:37:56 | i 31 | [Phase 2/3] route  97.18s / 53.46s / 181.8%  filo  k=8
13:37:56 | i 30 | [ ASYNC BG] bg_ails  73.96s / 60.00s / 123.3%
13:37:56 | i 31 | [HAOS ROLL] k=8  λ=0.6  rb  kmeans  filo  P≈0.003519
13:37:57 | i 31 | [ Summary ] cost=1007214.00  Δ_S*=+0.96%  Δ_BKS=+1.11%  Δ_S*_BKS=+0.16%  no_improve=6
13:37:57 | i 32 | [HAOS ROLL] k=12  λ=0.0  rb  ac_complete  filo  P≈0.000353
13:37:59 | i 32 | [Phase 1/3] decompose  2.19s / — / —  λ=0.0  rb ac_complete
13:39:18 | i 32 | [Phase 2/3] route  79.17s / 53.64s / 147.6%  filo  k=12
13:39:40 | i 31 | [ ASYNC BG] bg_ails  103.66s / 90.46s / 114.6%
13:39:40 | i 32 | [HAOS ROLL] k=12  λ=0.0  rb  ac_complete  filo  P≈0.000353
13:39:40 | i 32 | [ Summary ] cost=1013272.00  Δ_S*=+1.56%  Δ_BKS=+1.72%  Δ_S*_BKS=+0.16%  no_improve=8
13:39:40 | i 33 | [HAOS ROLL] k=24  λ=0.2  vb  kmeans  filo2  P≈0.001067
13:39:43 | i 33 | [Phase 1/3] decompose  2.88s / — / —  λ=0.2  vb kmeans
13:40:51 | i 33 | [Phase 2/3] route  68.14s / 19.80s / 344.1%  filo2  k=24
13:41:06 | i 32 | [ ASYNC BG] bg_ails  85.98s / 73.81s / 116.5%
13:41:06 | i 33 | [HAOS ROLL] k=24  λ=0.2  vb  kmeans  filo2  P≈0.001067
13:41:06 | i 33 | [ Summary ] cost=1012130.00  Δ_S*=+1.45%  Δ_BKS=+1.61%  Δ_S*_BKS=+0.16%  no_improve=10
13:41:06 | i 34 | [HAOS ROLL] k=8  λ=1.0  rb  kmeans  filo  P≈0.002921
13:41:09 | i 34 | [Phase 1/3] decompose  2.89s / — / —  λ=1.0  rb kmeans
13:42:42 | i 34 | [Phase 2/3] route  93.18s / 59.16s / 157.5%  filo  k=8
13:42:42 | i 33 | [ ASYNC BG] bg_ails  73.97s / 60.00s / 123.3%
13:42:43 | i 34 | [HAOS ROLL] k=8  λ=1.0  rb  kmeans  filo  P≈0.002921
13:42:43 | i 34 | [ Summary ] cost=1007163.00  Δ_S*=+0.95%  Δ_BKS=+1.11%  Δ_S*_BKS=+0.16%  no_improve=12
13:42:43 | i 35 | [HAOS ROLL] k=24  λ=0.6  rb  kmeans  filo2  P≈0.008186
13:42:46 | i 35 | [Phase 1/3] decompose  2.96s / — / —  λ=0.6  rb kmeans
13:43:56 | i 35 | [Phase 2/3] route  70.31s / 21.72s / 323.7%  filo2  k=24
13:44:29 | i 34 | [ ASYNC BG] bg_ails  106.61s / 93.15s / 114.4%
13:44:29 | i 35 | [HAOS ROLL] k=24  λ=0.6  rb  kmeans  filo2  P≈0.008186
13:44:29 | i 35 | [ Summary ] cost=1024359.00  Δ_S*=+2.67%  Δ_BKS=+2.84%  Δ_S*_BKS=+0.16%  no_improve=14
13:44:29 | i 36 | [HAOS ROLL] k=24  λ=1.0  vb  kmedoids  filo  P≈0.001423
13:44:33 | i 36 | [Phase 1/3] decompose  3.81s / — / —  λ=1.0  vb kmedoids
13:45:45 | i 36 | [Phase 2/3] route  72.16s / 24.54s / 294.0%  filo  k=24
13:45:45 | i 35 | [ ASYNC BG] bg_ails  73.86s / 60.00s / 123.1%
13:45:46 | i 36 | [HAOS ROLL] k=24  λ=1.0  vb  kmedoids  filo  P≈0.001423
13:45:46 | i 36 | [ Summary ] cost=1021509.00  Δ_S*=+2.39%  Δ_BKS=+2.55%  Δ_S*_BKS=+0.16%  no_improve=16
13:45:46 | i 37 | [HAOS ROLL] k=8  λ=0.6  rb  kmeans  filo2  P≈0.003809
13:45:49 | i 37 | [Phase 1/3] decompose  2.92s / — / —  λ=0.6  rb kmeans
13:47:23 | i 37 | [Phase 2/3] route  94.18s / 57.60s / 163.5%  filo2  k=8
13:47:23 | i 36 | [ ASYNC BG] bg_ails  79.06s / 65.11s / 121.4%
13:47:23 | i 37 | [HAOS ROLL] k=8  λ=0.6  rb  kmeans  filo2  P≈0.003809
13:47:23 | i 37 | [ Summary ] cost=1007089.00  Δ_S*=+0.94%  Δ_BKS=+1.10%  Δ_S*_BKS=+0.16%  no_improve=18
13:47:23 | i 38 | [HAOS ROLL] k=8  λ=0.6  vb  fcm  filo  P≈0.000802
13:47:27 | i 38 | [Phase 1/3] decompose  3.63s / — / —  λ=0.6  vb fcm
13:49:07 | i 38 | [Phase 2/3] route  100.25s / 57.96s / 173.0%  filo  k=8
13:49:07 | i 37 | [ ASYNC BG] bg_ails  103.82s / 90.67s / 114.5%
13:49:07 | i 38 | [HAOS ROLL] k=8  λ=0.6  vb  fcm  filo  P≈0.000802
13:49:07 | i 38 | [ Summary ] cost=1007909.00  Δ_S*=+1.03%  Δ_BKS=+1.18%  Δ_S*_BKS=+0.16%  no_improve=20
13:49:07 | i 39 | [HAOS ROLL] k=24  λ=0.2  rb  ac_avg  filo2  P≈0.001015
13:49:10 | i 39 | [Phase 1/3] decompose  2.96s / — / —  λ=0.2  rb ac_avg
13:50:20 | i 39 | [Phase 2/3] route  70.22s / 25.68s / 273.5%  filo2  k=24
13:50:56 | i 38 | [ ASYNC BG] bg_ails  109.32s / 95.53s / 114.4%
13:50:56 | i 39 | [HAOS ROLL] k=24  λ=0.2  rb  ac_avg  filo2  P≈0.001015
13:50:56 | i 39 | [ Summary ] cost=1025055.00  Δ_S*=+2.74%  Δ_BKS=+2.91%  Δ_S*_BKS=+0.16%  no_improve=22
13:50:56 | i 40 | [HAOS ROLL] k=24  λ=0.6  rb  ac_complete  pyvrp  P≈0.002745
13:50:59 | i 40 | [Phase 1/3] decompose  2.95s / — / —  λ=0.6  rb ac_complete
13:52:09 | i 40 | [Phase 2/3] route  69.38s / 23.94s / 289.8%  pyvrp  k=24
13:52:15 | i 39 | [ ASYNC BG] bg_ails  78.47s / 64.65s / 121.4%
13:52:15 | i 40 | [HAOS ROLL] k=24  λ=0.6  rb  ac_complete  pyvrp  P≈0.002745
13:52:15 | i 40 | [ Summary ] cost=1011776.00  Δ_S*=+1.41%  Δ_BKS=+1.57%  Δ_S*_BKS=+0.16%  no_improve=24
13:52:15 | i 35 | [ASYNC 1/2] sp_sc  54.40s / 720.00s / 7.6%  SP  avg_coverage=15.74/5  pool=10000
13:52:15 | i 35 | [ASYNC 2/2] standard_ails  370.21s / 360.00s / 102.8%
13:53:56 | i 40 | [ ASYNC BG] bg_ails  74.66s / 60.00s / 124.4%
13:53:56 | i 41 | [HAOS ROLL] k=6  λ=0.6  rb  kmeans  filo  P≈0.002112
13:53:59 | i 41 | [Phase 1/3] decompose  3.15s / — / —  λ=0.6  rb kmeans
13:55:10 | i 41 | [Phase 2/3] route  71.23s / 70.98s / 100.4%  filo  k=6
13:55:10 | i 41 | [HAOS ROLL] k=6  λ=0.6  rb  kmeans  filo  P≈0.002112
13:55:11 | i 41 | [ Summary ] cost=1005295.00  Δ_S*=+0.76%  Δ_BKS=+0.92%  Δ_S*_BKS=+0.16%  no_improve=27
13:55:11 | i 42 | [HAOS ROLL] k=19  λ=0.6  rb  ac_complete  ails2  P≈0.001316
13:55:14 | i 42 | [Phase 1/3] decompose  3.05s / — / —  λ=0.6  rb ac_complete
13:56:24 | i 42 | [Phase 2/3] route  70.86s / 32.64s / 217.1%  ails2  k=19
13:56:33 | i 41 | [ ASYNC BG] bg_ails  83.23s / 69.28s / 120.1%
13:56:34 | i 42 | [HAOS ROLL] k=19  λ=0.6  rb  ac_complete  ails2  P≈0.001316
13:56:34 | i 42 | [ Summary ] cost=997733.00  Δ_S*=+0.01%  Δ_BKS=+0.16%  Δ_S*_BKS=+0.16%  no_improve=29
13:56:34 | i 43 | [HAOS ROLL] k=2  λ=0.2  rb  ac_complete  filo  P≈0.000517
13:56:37 | i 43 | [Phase 1/3] decompose  2.89s / — / —  λ=0.2  rb ac_complete
14:00:36 | i 43 | [Phase 2/3] route  239.00s / 238.14s / 100.4%  filo  k=2
14:00:36 | i 42 | [ ASYNC BG] bg_ails  81.51s / 66.89s / 121.9%
14:00:36 | i 43 | [HAOS ROLL] k=2  λ=0.2  rb  ac_complete  filo  P≈0.000517
14:00:36 | i 43 | [ Summary ] cost=1003009.00  Δ_S*=+0.53%  Δ_BKS=+0.69%  Δ_S*_BKS=+0.16%  no_improve=31
14:00:36 | i 44 | [HAOS ROLL] k=6  λ=0.6  rb  ac_complete  filo2  P≈0.001535
14:00:39 | i 44 | [Phase 1/3] decompose  2.89s / — / —  λ=0.6  rb ac_complete
14:01:57 | i 44 | [Phase 2/3] route  78.27s / 78.30s / 100.0%  filo2  k=6
14:04:42 | i 43 | [ ASYNC BG] bg_ails  246.53s / 232.42s / 106.1%
14:04:43 | i 44 | [HAOS ROLL] k=6  λ=0.6  rb  ac_complete  filo2  P≈0.001535
14:04:43 | i 44 | [ Summary ] cost=1004276.00  Δ_S*=+0.66%  Δ_BKS=+0.82%  Δ_S*_BKS=+0.16%  no_improve=33
14:04:43 | i 45 | [HAOS ROLL] k=3  λ=0.6  rb  kmeans  filo  P≈0.002281
14:04:46 | i 45 | [Phase 1/3] decompose  2.89s / — / —  λ=0.6  rb kmeans
14:07:11 | i 45 | [Phase 2/3] route  145.44s / 145.38s / 100.0%  filo  k=3
14:07:11 | i 44 | [ ASYNC BG] bg_ails  90.24s / 76.42s / 118.1%
14:07:12 | i 45 | [HAOS ROLL] k=3  λ=0.6  rb  kmeans  filo  P≈0.002281
14:07:12 | i 45 | [ Summary ] cost=1002655.00  Δ_S*=+0.50%  Δ_BKS=+0.66%  Δ_S*_BKS=+0.16%  no_improve=35
14:07:12 | i 46 | [HAOS ROLL] k=6  λ=0.6  rb  ac_complete  filo  P≈0.003550
14:07:15 | i 46 | [Phase 1/3] decompose  2.91s / — / —  λ=0.6  rb ac_complete
14:08:33 | i 46 | [Phase 2/3] route  78.22s / 78.30s / 99.9%  filo  k=6
14:09:47 | i 45 | [ ASYNC BG] bg_ails  155.41s / 141.89s / 109.5%
14:09:47 | i 46 | [HAOS ROLL] k=6  λ=0.6  rb  ac_complete  filo  P≈0.003550
14:09:47 | i 46 | [ Summary ] cost=1004775.00  Δ_S*=+0.71%  Δ_BKS=+0.87%  Δ_S*_BKS=+0.16%  no_improve=37
14:09:47 | i 47 | [HAOS ROLL] k=24  λ=0.2  rb  ac_complete  pyvrp  P≈0.001015
14:09:50 | i 47 | [Phase 1/3] decompose  2.92s / — / —  λ=0.2  rb ac_complete
14:10:59 | i 47 | [Phase 2/3] route  69.20s / 23.94s / 289.1%  pyvrp  k=24
14:11:17 | i 46 | [ ASYNC BG] bg_ails  89.75s / 76.42s / 117.4%
14:11:17 | i 47 | [HAOS ROLL] k=24  λ=0.2  rb  ac_complete  pyvrp  P≈0.001015
14:11:17 | i 47 | [ Summary ] cost=1011824.00  Δ_S*=+1.42%  Δ_BKS=+1.58%  Δ_S*_BKS=+0.16%  no_improve=39
14:11:17 | i 48 | [HAOS ROLL] k=4  λ=0.6  vb  kmedoids  pyvrp  P≈0.000127
14:11:21 | i 48 | [Phase 1/3] decompose  3.82s / — / —  λ=0.6  vb kmedoids
14:13:33 | i 48 | [Phase 2/3] route  132.30s / 120.78s / 109.5%  pyvrp  k=4
14:13:33 | i 47 | [ ASYNC BG] bg_ails  74.12s / 60.00s / 123.5%
14:13:33 | i 48 | [HAOS ROLL] k=4  λ=0.6  vb  kmedoids  pyvrp  P≈0.000127
14:13:33 | i 48 | [ Summary ] cost=1015839.00  Δ_S*=+1.82%  Δ_BKS=+1.98%  Δ_S*_BKS=+0.16%  no_improve=41
14:13:33 | i 49 | [HAOS ROLL] k=15  λ=1.0  rb  kmeans  filo  P≈0.001259
14:13:36 | i 49 | [Phase 1/3] decompose  3.02s / — / —  λ=1.0  rb kmeans
14:14:50 | i 49 | [Phase 2/3] route  74.16s / 35.04s / 211.6%  filo  k=15
14:15:44 | i 48 | [ ASYNC BG] bg_ails  130.70s / 117.88s / 110.9%
14:15:44 | i 49 | [HAOS ROLL] k=15  λ=1.0  rb  kmeans  filo  P≈0.001259
14:15:44 | i 49 | [ Summary ] cost=1014919.00  Δ_S*=+1.73%  Δ_BKS=+1.89%  Δ_S*_BKS=+0.16%  no_improve=43
14:15:44 | i 50 | [HAOS ROLL] k=24  λ=0.6  vb  ac_avg  filo  P≈0.003657
14:15:48 | i 50 | [Phase 1/3] decompose  4.12s / — / —  λ=0.6  vb ac_avg
14:17:00 | i 50 | [Phase 2/3] route  72.16s / 24.72s / 291.9%  filo  k=24
14:17:12 | i 49 | [ ASYNC BG] bg_ails  87.97s / 74.43s / 118.2%
14:17:12 | i 50 | [HAOS ROLL] k=24  λ=0.6  vb  ac_avg  filo  P≈0.003657
14:17:12 | i 50 | [ Summary ] cost=1014247.00  Δ_S*=+1.66%  Δ_BKS=+1.82%  Δ_S*_BKS=+0.16%  no_improve=45
14:17:12 | i 51 | [HAOS ROLL] k=4  λ=0.2  rb  kmeans  filo  P≈0.001536
14:17:15 | i 51 | [Phase 1/3] decompose  3.02s / — / —  λ=0.2  rb kmeans
14:18:54 | i 51 | [Phase 2/3] route  99.27s / 99.30s / 100.0%  filo  k=4
14:18:54 | i 50 | [ ASYNC BG] bg_ails  74.00s / 60.00s / 123.3%
14:18:54 | i 51 | [HAOS ROLL] k=4  λ=0.2  rb  kmeans  filo  P≈0.001536
14:18:54 | i 51 | [ Summary ] cost=1002895.00  Δ_S*=+0.52%  Δ_BKS=+0.68%  Δ_S*_BKS=+0.16%  no_improve=47
14:18:54 | i 52 | [HAOS ROLL] k=24  λ=0.8  rb  ac_complete  filo2  P≈0.001243
14:18:57 | i 52 | [Phase 1/3] decompose  2.95s / — / —  λ=0.8  rb ac_complete
14:20:06 | i 52 | [Phase 2/3] route  68.17s / 23.94s / 284.8%  filo2  k=24
14:20:44 | i 51 | [ ASYNC BG] bg_ails  109.68s / 96.92s / 113.2%
14:20:44 | i 52 | [HAOS ROLL] k=24  λ=0.8  rb  ac_complete  filo2  P≈0.001243
14:20:44 | i 52 | [ Summary ] cost=1026937.00  Δ_S*=+2.93%  Δ_BKS=+3.09%  Δ_S*_BKS=+0.16%  no_improve=49
14:20:44 | i 53 | [HAOS ROLL] k=3  λ=1.0  rb  kmeans  ails2  P≈0.000861
14:20:47 | i 53 | [Phase 1/3] decompose  2.91s / — / —  λ=1.0  rb kmeans
14:23:19 | i 53 | [Phase 2/3] route  152.14s / 149.34s / 101.9%  ails2  k=3
14:23:19 | i 52 | [ ASYNC BG] bg_ails  73.91s / 60.00s / 123.2%
14:23:19 | i 53 | [HAOS ROLL] k=3  λ=1.0  rb  kmeans  ails2  P≈0.000861
14:23:20 | i 53 | [ Summary ] cost=998852.00  Δ_S*=+0.12%  Δ_BKS=+0.27%  Δ_S*_BKS=+0.16%  no_improve=51
14:23:20 | i 54 | [HAOS ROLL] k=6  λ=1.0  rb  ac_complete  pyvrp  P≈0.000599
14:23:22 | i 54 | [Phase 1/3] decompose  2.91s / — / —  λ=1.0  rb ac_complete
14:24:46 | i 54 | [Phase 2/3] route  83.52s / 78.30s / 106.7%  pyvrp  k=6
14:25:58 | i 53 | [ ASYNC BG] bg_ails  158.65s / 145.76s / 108.8%
14:25:58 | i 54 | [HAOS ROLL] k=6  λ=1.0  rb  ac_complete  pyvrp  P≈0.000599
14:25:58 | i 54 | [ Summary ] cost=1015975.00  Δ_S*=+1.83%  Δ_BKS=+1.99%  Δ_S*_BKS=+0.16%  no_improve=53
14:25:58 | i 44 | [ASYNC 1/2] sp_sc  804.44s / 720.00s / 111.7%  SC  avg_coverage=15.81/5  pool=10000
14:25:58 | i 44 | [ASYNC 2/2] standard_ails  370.13s / 360.00s / 102.8%
14:27:29 | i 54 | [ ASYNC BG] bg_ails  89.52s / 76.42s / 117.1%
14:27:29 | i 55 | [HAOS ROLL] k=6  λ=0.6  vb  kmedoids  ails2  P≈0.000443
14:27:33 | i 55 | [Phase 1/3] decompose  3.77s / — / —  λ=0.6  vb kmedoids
14:28:53 | i 55 | [Phase 2/3] route  79.88s / 77.76s / 102.7%  ails2  k=6
14:28:53 | i 55 | [HAOS ROLL] k=6  λ=0.6  vb  kmedoids  ails2  P≈0.000443
14:28:53 | i 55 | [ Summary ] cost=1002962.00  Δ_S*=+0.53%  Δ_BKS=+0.69%  Δ_S*_BKS=+0.16%  no_improve=56
14:28:53 | i — | [  FINAL  ] async BG-AILS totals launched=54 applied=54 adopted=3 launch_skipped_cap=1 crashes=0 discarded_in_flight=False block_wait_total_s=1214.7
14:28:53 | i — | [  FINAL  ] async SP/SC totals invocations=5 adopted=1 skipped=1 discarded_in_flight=False sp_busy_frac=0.45311404309226155
14:28:53 | i — | [  FINAL  ] ════════════════════════════════════════
14:28:53 | i — | [  FINAL  ] Run complete  iterations=55  elapsed=02:01:20  best=997672.00
14:28:53 | i — | [  FINAL  ] Δ_BKS=+0.16%  no_improve_stop=False  time_stop=True  cancelled=False
14:28:53 | i — | [  FINAL  ] 
14:28:53 | i — | [  FINAL  ] [BEST SOLUTION — HAOS TAG SUMMARY]
14:28:53 | i — | [  FINAL  ] ────────────────────────────────────────
14:28:53 | i — | [  FINAL  ]   355 routes  vb  kmeans  k=10  λ=0.6  solver=filo
14:28:53 | i — | [  FINAL  ]   161 routes  rb  kmeans  k=24  λ=1.0  solver=ails2
14:28:53 | i — | [  FINAL  ]   53 routes  rb  kmeans  k=8  λ=0.6  solver=ails2
14:28:53 | i — | [  FINAL  ]   11 routes  vb  ac_complete  k=3  λ=0.4  solver=ails2
14:28:53 | i — | [  FINAL  ]   7 routes  vb  ac_complete  k=2  λ=0.0  solver=filo
14:28:53 | i — | [  FINAL  ]   7 routes  rb  ac_complete  k=24  λ=0.8  solver=filo
14:28:53 | i — | [  FINAL  ]   5 routes  vb  ac_avg  k=19  λ=0.6  solver=filo2
14:28:53 | i — | [  FINAL  ]   4 routes  rb  ac_avg  k=24  λ=0.2  solver=filo2
14:28:53 | i — | [  FINAL  ]   3 routes  rb  ac_complete  k=24  λ=1.0  solver=filo
14:28:53 | i — | [  FINAL  ]   2 routes  rb  ac_complete  k=12  λ=0.6  solver=ails2
14:28:53 | i — | [  FINAL  ]   2 routes  rb  kmeans  k=24  λ=0.6  solver=ails2
14:28:53 | i — | [  FINAL  ]   2 routes  rb  ac_complete  k=24  λ=0.2  solver=filo2
14:28:53 | i — | [  FINAL  ]   1 routes  rb  ac_avg  k=8  λ=0.6  solver=pyvrp
14:28:53 | i — | [  FINAL  ]   1 routes  vb  ac_avg  k=4  λ=1.0  solver=pyvrp
14:28:53 | i — | [  FINAL  ]   1 routes  vb  kmeans  k=4  λ=1.0  solver=filo
14:28:53 | i — | [  FINAL  ]   1 routes  rb  ac_complete  k=8  λ=1.0  solver=filo2
14:28:53 | i — | [  FINAL  ]   12 routes  post-SP/SC improvement
14:28:53 | i — | [  FINAL  ] 
14:28:53 | i — | [  FINAL  ] [ROUTE POOL — HAOS TAG SUMMARY]
14:28:53 | i — | [  FINAL  ] ────────────────────────────────────────
14:28:53 | i — | [  FINAL  ]   902 routes  rb  ac_complete  k=6  λ=1.0  solver=pyvrp
14:28:53 | i — | [  FINAL  ]   695 routes  rb  ac_complete  k=2  λ=0.2  solver=filo
14:28:53 | i — | [  FINAL  ]   663 routes  rb  kmeans  k=6  λ=0.6  solver=filo
14:28:53 | i — | [  FINAL  ]   581 routes  vb  kmedoids  k=4  λ=0.6  solver=pyvrp
14:28:53 | i — | [  FINAL  ]   573 routes  rb  ac_complete  k=24  λ=0.2  solver=pyvrp
14:28:53 | i — | [  FINAL  ]   569 routes  vb  kmedoids  k=6  λ=0.6  solver=ails2
14:28:53 | i — | [  FINAL  ]   525 routes  rb  ac_complete  k=6  λ=0.6  solver=filo2
14:28:53 | i — | [  FINAL  ]   513 routes  vb  ac_avg  k=24  λ=0.6  solver=filo
14:28:53 | i — | [  FINAL  ]   506 routes  rb  kmeans  k=3  λ=0.6  solver=filo
14:28:53 | i — | [  FINAL  ]   499 routes  rb  kmeans  k=4  λ=0.2  solver=filo
14:28:53 | i — | [  FINAL  ]   477 routes  rb  ac_complete  k=6  λ=0.6  solver=filo
14:28:53 | i — | [  FINAL  ]   461 routes  rb  kmeans  k=15  λ=1.0  solver=filo
14:28:53 | i — | [  FINAL  ]   450 routes  rb  kmeans  k=3  λ=1.0  solver=ails2
14:28:53 | i — | [  FINAL  ]   438 routes  rb  ac_complete  k=24  λ=0.8  solver=filo2
14:28:53 | i — | [  FINAL  ]   356 routes  vb  kmeans  k=10  λ=0.6  solver=filo
14:28:53 | i — | [  FINAL  ]   344 routes  rb  ac_complete  k=24  λ=0.6  solver=pyvrp
14:28:53 | i — | [  FINAL  ]   280 routes  rb  ac_complete  k=19  λ=0.6  solver=ails2
14:28:53 | i — | [  FINAL  ]   161 routes  rb  kmeans  k=24  λ=1.0  solver=ails2
14:28:53 | i — | [  FINAL  ]   53 routes  rb  kmeans  k=8  λ=0.6  solver=ails2
14:28:53 | i — | [  FINAL  ]   11 routes  vb  ac_complete  k=3  λ=0.4  solver=ails2
14:28:53 | i — | [  FINAL  ]   7 routes  vb  ac_complete  k=2  λ=0.0  solver=filo
14:28:53 | i — | [  FINAL  ]   7 routes  rb  ac_complete  k=24  λ=0.8  solver=filo
14:28:53 | i — | [  FINAL  ]   5 routes  vb  ac_avg  k=19  λ=0.6  solver=filo2
14:28:53 | i — | [  FINAL  ]   4 routes  rb  ac_avg  k=24  λ=0.2  solver=filo2
14:28:53 | i — | [  FINAL  ]   3 routes  rb  ac_complete  k=24  λ=1.0  solver=filo
14:28:53 | i — | [  FINAL  ]   2 routes  rb  ac_complete  k=12  λ=0.6  solver=ails2
14:28:53 | i — | [  FINAL  ]   2 routes  rb  ac_complete  k=24  λ=0.2  solver=filo2
14:28:53 | i — | [  FINAL  ]   2 routes  rb  kmeans  k=24  λ=0.6  solver=ails2
14:28:53 | i — | [  FINAL  ]   1 routes  vb  ac_avg  k=4  λ=1.0  solver=pyvrp
14:28:53 | i — | [  FINAL  ]   1 routes  vb  kmeans  k=4  λ=1.0  solver=filo
14:28:53 | i — | [  FINAL  ]   1 routes  rb  ac_complete  k=8  λ=1.0  solver=filo2
14:28:53 | i — | [  FINAL  ]   1 routes  rb  ac_avg  k=8  λ=0.6  solver=pyvrp
14:28:53 | i — | [  FINAL  ]   907 routes  post-SP/SC improvement
14:28:53 | i — | [  FINAL  ] ════════════════════════════════════════
