16:08:55 | i — | [  INIT   ] ════════════════════════════════════════
16:08:55 | i — | [  INIT   ] DRISPI  instance=X-n2821-k208  n=2820  capacity=179
16:08:55 | i — | [  INIT   ] k domain (computed at init): [2, 3, 4, 6, 8, 10, 12]  k_ext=12  k_min=208  k_ext_bound=n_bound  spacing_rejected=0
16:08:55 | i — | [  INIT   ] ══════════════════════════════════════════════════════
16:08:55 | i — | [  INIT   ] CONFIGURATION
16:08:55 | i — | [  INIT   ] ── stopping ────────────────────────────────
16:08:55 | i — | [  INIT   ]   time_limit                  = 7200.0
16:08:55 | i — | [  INIT   ]   max_no_improve              = 1000000000
16:08:55 | i — | [  INIT   ] ── parallelism ─────────────────────────────
16:08:55 | i — | [  INIT   ]   n_workers                   = 8
16:08:55 | i — | [  INIT   ] ── cores ───────────────────────────────────
16:08:55 | i — | [  INIT   ]   cores_total                 = 8
16:08:55 | i — | [  INIT   ]   cores_dri                   = 6
16:08:55 | i — | [  INIT   ]   cores_bg                    = 1
16:08:55 | i — | [  INIT   ]   cores_sp                    = 1
16:08:55 | i — | [  INIT   ]   cores_cpu_list              = None
16:08:55 | i — | [  INIT   ] ── sp/sc ───────────────────────────────────
16:08:55 | i — | [  INIT   ]   sp_sc_mode                  = async
16:08:55 | i — | [  INIT   ]   sp_sc_trigger               = wallclock
16:08:55 | i — | [  INIT   ]   interval_minutes            = 20.0
16:08:55 | i — | [  INIT   ]   overlap_policy              = skip
16:08:55 | i — | [  INIT   ]   warmup_iterations           = 5
16:08:55 | i — | [  INIT   ]   sp_interval                 = 3
16:08:55 | i — | [  INIT   ]   min_coverage                = 5
16:08:55 | i — | [  INIT   ]   sp_time_limit               = 720.0
16:08:55 | i — | [  INIT   ]   mip_gap                     = 0.00025
16:08:55 | i — | [  INIT   ] ── decomposition ───────────────────────────
16:08:55 | i — | [  INIT   ]   decomp_k_base_arms          = [2, 3, 4, 6, 8, 10, 12]
16:08:55 | i — | [  INIT   ]   decomp_k_max_arms           = 10
16:08:55 | i — | [  INIT   ]   decomp_k_ext_per_1000       = 4
16:08:55 | i — | [  INIT   ]   decomp_k_min_routes_per_cluster= 8
16:08:55 | i — | [  INIT   ]   decomp_k_min_arm_spacing    = 2
16:08:55 | i — | [  INIT   ]   subcluster_rate_s_per_customer= 0.06
16:08:55 | i — | [  INIT   ]   subcluster_floor_s          = 5.0
16:08:55 | i — | [  INIT   ] ── bg_ails ─────────────────────────────────
16:08:55 | i — | [  INIT   ]   bg_ails_mode                = async
16:08:55 | i — | [  INIT   ]   bg_ails_crash_threshold     = 1
16:08:55 | i — | [  INIT   ]   bg_ails_budget_mode         = predicted_dr_wall
16:08:55 | i — | [  INIT   ]   bg_ails_budget_floor_s      = 60.0
16:08:55 | i — | [  INIT   ]   bg_ails_budget_margin       = 1.0
16:08:55 | i — | [  INIT   ]   bg_ails_wall_model_scale    = 0.976
16:08:55 | i — | [  INIT   ]   bg_ails_wall_model_wave_exponent= -0.18
16:08:55 | i — | [  INIT   ]   bg_ails_initial_omega       = 10
16:08:55 | i — | [  INIT   ]   bg_ails_boundary_threshold  = 0.5
16:08:55 | i — | [  INIT   ]   bg_ails_small_cluster_cap   = 20
16:08:55 | i — | [  INIT   ]   bg_ails_small_cluster_alpha = 0.5
16:08:55 | i — | [  INIT   ]   bg_ails_pair_selection      = greedy
16:08:55 | i — | [  INIT   ]   bg_ails_n_chains_mode       = k
16:08:55 | i — | [  INIT   ] ── standard_improvement ────────────────────
16:08:55 | i — | [  INIT   ]   standard_improvement_time_limit= 360.0
16:08:55 | i — | [  INIT   ] ── pool ────────────────────────────────────
16:08:55 | i — | [  INIT   ]   max_pool_size               = 10000
16:08:55 | i — | [  INIT   ]   pool_diversity_weight       = 0.5
16:08:55 | i — | [  INIT   ] ── haos ────────────────────────────────────
16:08:55 | i — | [  INIT   ]   haos_decay                  = 0.95
16:08:55 | i — | [  INIT   ]   haos_warmup                 = 10
16:08:55 | i — | [  INIT   ]   haos_starting_weight        = 10.0
16:08:55 | i — | [  INIT   ]   haos_min_weight_k           = 0.025
16:08:55 | i — | [  INIT   ]   haos_min_weight_lambda      = 0.05
16:08:55 | i — | [  INIT   ]   haos_min_weight_paradigm    = 0.1
16:08:55 | i — | [  INIT   ]   haos_min_weight_vertex_method= 0.05
16:08:55 | i — | [  INIT   ]   haos_min_weight_route_method= 0.05
16:08:55 | i — | [  INIT   ]   haos_min_weight_solver      = 0.05
16:08:55 | i — | [  INIT   ]   haos_lambda_demand_values   = [0.0, 0.2, 0.4, 0.6, 0.8, 1.0]
16:08:55 | i — | [  INIT   ]   haos_paradigm_values        = ['vertex', 'route']
16:08:55 | i — | [  INIT   ]   haos_vertex_method_values   = ['kmeans', 'agglomerative_avg', 'agglomerative_complete', 'kmedoids', 'fcm']
16:08:55 | i — | [  INIT   ]   haos_route_method_values    = ['kmeans', 'agglomerative_avg', 'agglomerative_complete']
16:08:55 | i — | [  INIT   ]   haos_solver_values          = ['pyvrp', 'filo', 'filo2', 'ails2']
16:08:55 | i — | [  INIT   ] ── haos_rewards ────────────────────────────
16:08:55 | i — | [  INIT   ]   haos_reward_new_best        = 10.0
16:08:55 | i — | [  INIT   ]   haos_reward_improvement     = 4.0
16:08:55 | i — | [  INIT   ]   haos_reward_no_improvement  = 1.0
16:08:55 | i — | [  INIT   ]   haos_reward_no_solution     = 0.0
16:08:55 | i — | [  INIT   ]   haos_deferred_new_best      = 7.0
16:08:55 | i — | [  INIT   ]   haos_deferred_improvement   = 3.0
16:08:55 | i — | [  INIT   ]   haos_deferred_no_improvement= 0.0
16:08:55 | i — | [  INIT   ] ── seed ────────────────────────────────────
16:08:55 | i — | [  INIT   ]   seed                        = 10
16:08:55 | i — | [  INIT   ] ── output ──────────────────────────────────
16:08:55 | i — | [  INIT   ]   output_dir                  = /app/artifacts/final_benchmark/runs/X-n2821-k208/seed10
16:08:55 | i — | [  INIT   ]   run_analysis                = False
16:08:55 | i — | [  INIT   ] ══════════════════════════════════════════════════════
16:08:55 | i — | [  INIT   ] BKS=216622.00
16:08:55 | i — | [  INIT   ] ════════════════════════════════════════
16:08:56 | i 1 | [HAOS ROLL] k=6  λ=0.6  vb  kmeans  filo  P≈0.000595
16:08:59 | i 1 | [Phase 1/3] decompose  3.93s / — / —  λ=0.6  vb kmeans
16:09:35 | i 1 | [Phase 2/3] route  35.53s / 34.98s / 101.6%  filo  k=6
16:09:35 | i 1 | [ IMPROVE ] 220637.00  via decompose_route  ·  Δ_BKS=+1.85%
16:09:35 | i 1 | [HAOS ROLL] k=6  λ=0.6  vb  kmeans  filo  P≈0.000595
16:09:35 | i 1 | [ Summary ] cost=220637.00  Δ_S*=+0.00%  Δ_BKS=+1.85%  Δ_S*_BKS=+1.85%  no_improve=0
16:09:35 | i 2 | [HAOS ROLL] k=3  λ=0.4  vb  ac_complete  ails2  P≈0.000595
16:09:36 | i 2 | [Phase 1/3] decompose  0.86s / — / —  λ=0.4  vb ac_complete
16:11:04 | i 2 | [Phase 2/3] route  88.18s / 86.10s / 102.4%  ails2  k=3
16:11:04 | i 1 | [ IMPROVE ] 218196.00  via bg_ails  ·  Δ_BKS=+0.73%
16:11:04 | i 1 | [ ASYNC BG] bg_ails  64.34s / 60.00s / 107.2%
16:11:04 | i 2 | [HAOS ROLL] k=3  λ=0.4  vb  ac_complete  ails2  P≈0.000595
16:11:04 | i 2 | [ Summary ] cost=218563.00  Δ_S*=+0.17%  Δ_BKS=+0.90%  Δ_S*_BKS=+0.73%  no_improve=1
16:11:04 | i 3 | [HAOS ROLL] k=2  λ=0.0  vb  ac_complete  filo  P≈0.000595
16:11:05 | i 3 | [Phase 1/3] decompose  0.66s / — / —  λ=0.0  vb ac_complete
16:12:56 | i 3 | [Phase 2/3] route  111.26s / 111.30s / 100.0%  filo  k=2
16:12:56 | i 2 | [ IMPROVE ] 217803.00  via bg_ails  ·  Δ_BKS=+0.55%
16:12:56 | i 2 | [ ASYNC BG] bg_ails  88.36s / 84.03s / 105.1%
16:12:56 | i 3 | [HAOS ROLL] k=2  λ=0.0  vb  ac_complete  filo  P≈0.000595
16:12:56 | i 3 | [ Summary ] cost=218882.00  Δ_S*=+0.50%  Δ_BKS=+1.04%  Δ_S*_BKS=+0.55%  no_improve=1
16:12:56 | i 4 | [HAOS ROLL] k=12  λ=0.6  vb  ac_avg  filo2  P≈0.000595
16:12:57 | i 4 | [Phase 1/3] decompose  0.83s / — / —  λ=0.6  vb ac_avg
16:13:29 | i 4 | [Phase 2/3] route  32.10s / 24.06s / 133.4%  filo2  k=12
16:14:48 | i 3 | [ ASYNC BG] bg_ails  112.30s / 108.63s / 103.4%
16:14:48 | i 4 | [HAOS ROLL] k=12  λ=0.6  vb  ac_avg  filo2  P≈0.000595
16:14:48 | i 4 | [ Summary ] cost=223741.00  Δ_S*=+2.73%  Δ_BKS=+3.29%  Δ_S*_BKS=+0.55%  no_improve=3
16:14:48 | i 5 | [HAOS ROLL] k=4  λ=0.6  rb  kmeans  ails2  P≈0.000992
16:14:49 | i 5 | [Phase 1/3] decompose  0.61s / — / —  λ=0.6  rb kmeans
16:15:38 | i 5 | [Phase 2/3] route  48.97s / 47.76s / 102.5%  ails2  k=4
16:15:53 | i 4 | [ ASYNC BG] bg_ails  64.38s / 60.00s / 107.3%
16:15:53 | i 5 | [ IMPROVE ] 217712.00  via decompose_route  ·  Δ_BKS=+0.50%
16:15:53 | i 5 | [HAOS ROLL] k=4  λ=0.6  rb  kmeans  ails2  P≈0.000992
16:15:53 | i 5 | [ Summary ] cost=217712.00  Δ_S*=+0.00%  Δ_BKS=+0.50%  Δ_S*_BKS=+0.50%  no_improve=0
16:15:53 | i 6 | [HAOS ROLL] k=8  λ=0.6  rb  ac_complete  ails2  P≈0.000992
16:15:53 | i 6 | [Phase 1/3] decompose  0.62s / — / —  λ=0.6  rb ac_complete
16:16:30 | i 6 | [Phase 2/3] route  36.67s / 29.10s / 126.0%  ails2  k=8
16:16:57 | i 5 | [ IMPROVE ] 217643.00  via bg_ails  ·  Δ_BKS=+0.47%
16:16:57 | i 5 | [ ASYNC BG] bg_ails  64.38s / 60.00s / 107.3%
16:16:57 | i 6 | [HAOS ROLL] k=8  λ=0.6  rb  ac_complete  ails2  P≈0.000992
16:16:57 | i 6 | [ Summary ] cost=217649.00  Δ_S*=+0.00%  Δ_BKS=+0.47%  Δ_S*_BKS=+0.47%  no_improve=1
16:16:57 | i 7 | [HAOS ROLL] k=12  λ=0.4  vb  kmeans  pyvrp  P≈0.000595
16:16:58 | i 7 | [Phase 1/3] decompose  0.61s / — / —  λ=0.4  vb kmeans
16:17:35 | i 7 | [Phase 2/3] route  37.55s / 18.84s / 199.3%  pyvrp  k=12
16:18:01 | i 6 | [ ASYNC BG] bg_ails  64.35s / 60.00s / 107.3%
16:18:01 | i 7 | [HAOS ROLL] k=12  λ=0.4  vb  kmeans  pyvrp  P≈0.000595
16:18:01 | i 7 | [ Summary ] cost=224819.00  Δ_S*=+3.30%  Δ_BKS=+3.78%  Δ_S*_BKS=+0.47%  no_improve=3
16:18:01 | i 8 | [HAOS ROLL] k=3  λ=1.0  vb  ac_avg  pyvrp  P≈0.000595
16:18:02 | i 8 | [Phase 1/3] decompose  0.84s / — / —  λ=1.0  vb ac_avg
16:19:20 | i 8 | [Phase 2/3] route  78.07s / 73.62s / 106.0%  pyvrp  k=3
16:19:21 | i 7 | [ ASYNC BG] bg_ails  64.49s / 60.00s / 107.5%
16:19:21 | i 8 | [HAOS ROLL] k=3  λ=1.0  vb  ac_avg  pyvrp  P≈0.000595
16:19:21 | i 8 | [ Summary ] cost=221129.00  Δ_S*=+1.60%  Δ_BKS=+2.08%  Δ_S*_BKS=+0.47%  no_improve=5
16:19:21 | i 9 | [HAOS ROLL] k=4  λ=1.0  vb  kmeans  filo  P≈0.000595
16:19:21 | i 9 | [Phase 1/3] decompose  0.57s / — / —  λ=1.0  vb kmeans
16:20:04 | i 9 | [Phase 2/3] route  43.09s / 43.32s / 99.5%  filo  k=4
16:20:36 | i 8 | [ ASYNC BG] bg_ails  75.45s / 71.85s / 105.0%
16:20:36 | i 9 | [HAOS ROLL] k=4  λ=1.0  vb  kmeans  filo  P≈0.000595
16:20:36 | i 9 | [ Summary ] cost=220063.00  Δ_S*=+1.11%  Δ_BKS=+1.59%  Δ_S*_BKS=+0.47%  no_improve=7
16:20:36 | i 10 | [HAOS ROLL] k=12  λ=1.0  rb  kmeans  ails2  P≈0.000992
16:20:37 | i 10 | [Phase 1/3] decompose  0.62s / — / —  λ=1.0  rb kmeans
16:21:12 | i 10 | [Phase 2/3] route  35.76s / 19.98s / 179.0%  ails2  k=12
16:21:41 | i 9 | [ ASYNC BG] bg_ails  64.54s / 60.00s / 107.6%
16:21:41 | i 10 | [HAOS ROLL] k=12  λ=1.0  rb  kmeans  ails2  P≈0.000992
16:21:41 | i 10 | [ Summary ] cost=217780.00  Δ_S*=+0.06%  Δ_BKS=+0.53%  Δ_S*_BKS=+0.47%  no_improve=9
16:21:41 | i 11 | [HAOS ROLL] k=6  λ=1.0  vb  ac_complete  filo  P≈0.000595
16:21:41 | i 11 | [Phase 1/3] decompose  0.83s / — / —  λ=1.0  vb ac_complete
16:22:25 | i 11 | [Phase 2/3] route  44.10s / 44.34s / 99.5%  filo  k=6
16:22:45 | i 10 | [ ASYNC BG] bg_ails  64.50s / 60.00s / 107.5%
16:22:45 | i 11 | [HAOS ROLL] k=6  λ=1.0  vb  ac_complete  filo  P≈0.000595
16:22:45 | i 11 | [ Summary ] cost=220746.00  Δ_S*=+1.43%  Δ_BKS=+1.90%  Δ_S*_BKS=+0.47%  no_improve=11
16:22:45 | i 12 | [HAOS ROLL] k=2  λ=0.6  rb  kmeans  pyvrp  P≈0.000946
16:22:46 | i 12 | [Phase 1/3] decompose  0.62s / — / —  λ=0.6  rb kmeans
16:24:18 | i 12 | [Phase 2/3] route  92.73s / 87.00s / 106.6%  pyvrp  k=2
16:24:18 | i 11 | [ ASYNC BG] bg_ails  64.53s / 60.00s / 107.6%
16:24:18 | i 12 | [HAOS ROLL] k=2  λ=0.6  rb  kmeans  pyvrp  P≈0.000946
16:24:18 | i 12 | [ Summary ] cost=221262.00  Δ_S*=+1.66%  Δ_BKS=+2.14%  Δ_S*_BKS=+0.47%  no_improve=13
16:24:18 | i 6 | [ASYNC 1/2] sp_sc  4.94s / 720.00s / 0.7%  SC  avg_coverage=10.31/5  pool=2100
16:24:18 | i 6 | [ASYNC 2/2] standard_ails  363.74s / 360.00s / 101.0%
16:24:27 | i 6 | [ IMPROVE ] 217217.00  via standard_ails  ·  Δ_BKS=+0.27%
16:24:27 | i 13 | [HAOS ROLL] k=6  λ=0.8  vb  ac_complete  ails2  P≈0.000947
16:24:28 | i 13 | [Phase 1/3] decompose  0.77s / — / —  λ=0.8  vb ac_complete
16:25:06 | i 13 | [Phase 2/3] route  37.79s / 36.12s / 104.6%  ails2  k=6
16:25:47 | i 12 | [ ASYNC BG] bg_ails  88.36s / 84.91s / 104.1%
16:25:47 | i 13 | [HAOS ROLL] k=6  λ=0.8  vb  ac_complete  ails2  P≈0.000947
16:25:47 | i 13 | [ Summary ] cost=219952.00  Δ_S*=+1.26%  Δ_BKS=+1.54%  Δ_S*_BKS=+0.27%  no_improve=2
16:25:47 | i 14 | [HAOS ROLL] k=6  λ=0.4  rb  ac_complete  filo2  P≈0.000762
16:25:48 | i 14 | [Phase 1/3] decompose  0.59s / — / —  λ=0.4  rb ac_complete
16:26:26 | i 14 | [Phase 2/3] route  38.09s / 37.80s / 100.8%  filo2  k=6
16:26:51 | i 13 | [ ASYNC BG] bg_ails  64.45s / 60.00s / 107.4%
16:26:51 | i 14 | [HAOS ROLL] k=6  λ=0.4  rb  ac_complete  filo2  P≈0.000762
16:26:51 | i 14 | [ Summary ] cost=218035.00  Δ_S*=+0.38%  Δ_BKS=+0.65%  Δ_S*_BKS=+0.27%  no_improve=4
16:26:51 | i 15 | [HAOS ROLL] k=3  λ=0.2  rb  ac_complete  ails2  P≈0.000761
16:26:52 | i 15 | [Phase 1/3] decompose  0.59s / — / —  λ=0.2  rb ac_complete
16:28:01 | i 15 | [Phase 2/3] route  68.96s / 67.14s / 102.7%  ails2  k=3
16:28:01 | i 14 | [ ASYNC BG] bg_ails  64.44s / 60.00s / 107.4%
16:28:01 | i 15 | [HAOS ROLL] k=3  λ=0.2  rb  ac_complete  ails2  P≈0.000761
16:28:01 | i 15 | [ Summary ] cost=217510.00  Δ_S*=+0.13%  Δ_BKS=+0.41%  Δ_S*_BKS=+0.27%  no_improve=6
16:28:01 | i 16 | [HAOS ROLL] k=6  λ=0.6  vb  kmeans  ails2  P≈0.003247
16:28:02 | i 16 | [Phase 1/3] decompose  0.59s / — / —  λ=0.6  vb kmeans
16:28:35 | i 16 | [Phase 2/3] route  33.50s / 32.82s / 102.1%  ails2  k=6
16:29:10 | i 15 | [ ASYNC BG] bg_ails  69.46s / 65.53s / 106.0%
16:29:10 | i 16 | [HAOS ROLL] k=6  λ=0.6  vb  kmeans  ails2  P≈0.003247
16:29:11 | i 16 | [ Summary ] cost=221393.00  Δ_S*=+1.92%  Δ_BKS=+2.20%  Δ_S*_BKS=+0.27%  no_improve=8
16:29:11 | i 17 | [HAOS ROLL] k=2  λ=0.4  vb  kmeans  filo  P≈0.000810
16:29:11 | i 17 | [Phase 1/3] decompose  0.59s / — / —  λ=0.4  vb kmeans
16:30:37 | i 17 | [Phase 2/3] route  86.19s / 86.46s / 99.7%  filo  k=2
16:30:37 | i 16 | [ ASYNC BG] bg_ails  64.37s / 60.00s / 107.3%
16:30:37 | i 17 | [HAOS ROLL] k=2  λ=0.4  vb  kmeans  filo  P≈0.000810
16:30:37 | i 17 | [ Summary ] cost=219187.00  Δ_S*=+0.91%  Δ_BKS=+1.18%  Δ_S*_BKS=+0.27%  no_improve=10
16:30:37 | i 18 | [HAOS ROLL] k=6  λ=0.8  rb  ac_complete  filo2  P≈0.001415
16:30:38 | i 18 | [Phase 1/3] decompose  0.58s / — / —  λ=0.8  rb ac_complete
16:31:16 | i 18 | [Phase 2/3] route  38.11s / 37.80s / 100.8%  filo2  k=6
16:32:06 | i 17 | [ ASYNC BG] bg_ails  88.50s / 84.38s / 104.9%
16:32:06 | i 18 | [HAOS ROLL] k=6  λ=0.8  rb  ac_complete  filo2  P≈0.001415
16:32:06 | i 18 | [ Summary ] cost=219087.00  Δ_S*=+0.86%  Δ_BKS=+1.14%  Δ_S*_BKS=+0.27%  no_improve=12
16:32:06 | i 19 | [HAOS ROLL] k=12  λ=0.6  rb  ac_complete  filo  P≈0.001965
16:32:07 | i 19 | [Phase 1/3] decompose  0.60s / — / —  λ=0.6  rb ac_complete
16:32:39 | i 19 | [Phase 2/3] route  32.10s / 23.04s / 139.3%  filo  k=12
16:33:10 | i 18 | [ ASYNC BG] bg_ails  64.54s / 60.00s / 107.6%
16:33:10 | i 19 | [HAOS ROLL] k=12  λ=0.6  rb  ac_complete  filo  P≈0.001965
16:33:11 | i 19 | [ Summary ] cost=218165.00  Δ_S*=+0.44%  Δ_BKS=+0.71%  Δ_S*_BKS=+0.27%  no_improve=14
16:33:11 | i 20 | [HAOS ROLL] k=12  λ=1.0  rb  ac_complete  filo  P≈0.000712
16:33:11 | i 20 | [Phase 1/3] decompose  0.60s / — / —  λ=1.0  rb ac_complete
16:33:43 | i 20 | [Phase 2/3] route  32.10s / 23.04s / 139.3%  filo  k=12
16:34:15 | i 19 | [ ASYNC BG] bg_ails  64.45s / 60.00s / 107.4%
16:34:15 | i 20 | [HAOS ROLL] k=12  λ=1.0  rb  ac_complete  filo  P≈0.000712
16:34:15 | i 20 | [ Summary ] cost=218622.00  Δ_S*=+0.65%  Δ_BKS=+0.92%  Δ_S*_BKS=+0.27%  no_improve=16
16:34:15 | i 21 | [HAOS ROLL] k=3  λ=0.6  rb  ac_avg  filo  P≈0.001144
16:34:16 | i 21 | [Phase 1/3] decompose  0.59s / — / —  λ=0.6  rb ac_avg
16:35:26 | i 21 | [Phase 2/3] route  70.13s / 70.26s / 99.8%  filo  k=3
16:35:26 | i 20 | [ ASYNC BG] bg_ails  64.45s / 60.00s / 107.4%
16:35:26 | i 21 | [HAOS ROLL] k=3  λ=0.6  rb  ac_avg  filo  P≈0.001144
16:35:26 | i 21 | [ Summary ] cost=219335.00  Δ_S*=+0.98%  Δ_BKS=+1.25%  Δ_S*_BKS=+0.27%  no_improve=18
16:35:26 | i 22 | [HAOS ROLL] k=12  λ=0.8  rb  kmeans  ails2  P≈0.000831
16:35:26 | i 22 | [Phase 1/3] decompose  0.59s / — / —  λ=0.8  rb kmeans
16:36:00 | i 22 | [Phase 2/3] route  33.77s / 19.08s / 177.0%  ails2  k=12
16:36:38 | i 21 | [ ASYNC BG] bg_ails  72.48s / 68.57s / 105.7%
16:36:38 | i 22 | [HAOS ROLL] k=12  λ=0.8  rb  kmeans  ails2  P≈0.000831
16:36:38 | i 22 | [ Summary ] cost=217278.00  Δ_S*=+0.03%  Δ_BKS=+0.30%  Δ_S*_BKS=+0.27%  no_improve=20
16:36:38 | i 23 | [HAOS ROLL] k=12  λ=0.4  rb  ac_complete  filo2  P≈0.002106
16:36:39 | i 23 | [Phase 1/3] decompose  0.60s / — / —  λ=0.4  rb ac_complete
16:37:11 | i 23 | [Phase 2/3] route  32.10s / 23.04s / 139.3%  filo2  k=12
16:37:43 | i 22 | [ ASYNC BG] bg_ails  64.31s / 60.00s / 107.2%
16:37:43 | i 23 | [HAOS ROLL] k=12  λ=0.4  rb  ac_complete  filo2  P≈0.002106
16:37:43 | i 23 | [ Summary ] cost=218108.00  Δ_S*=+0.41%  Δ_BKS=+0.69%  Δ_S*_BKS=+0.27%  no_improve=22
16:37:43 | i 24 | [HAOS ROLL] k=3  λ=0.6  rb  kmeans  filo  P≈0.002430
16:37:43 | i 24 | [Phase 1/3] decompose  0.60s / — / —  λ=0.6  rb kmeans
16:38:47 | i 24 | [Phase 2/3] route  63.13s / 63.24s / 99.8%  filo  k=3
16:38:47 | i 23 | [ ASYNC BG] bg_ails  64.36s / 60.00s / 107.3%
16:38:47 | i 24 | [HAOS ROLL] k=3  λ=0.6  rb  kmeans  filo  P≈0.002430
16:38:47 | i 24 | [ Summary ] cost=219050.00  Δ_S*=+0.84%  Δ_BKS=+1.12%  Δ_S*_BKS=+0.27%  no_improve=24
16:38:47 | i 25 | [HAOS ROLL] k=12  λ=0.2  rb  ac_complete  filo2  P≈0.001704
16:38:48 | i 25 | [Phase 1/3] decompose  0.58s / — / —  λ=0.2  rb ac_complete
16:39:20 | i 25 | [Phase 2/3] route  32.11s / 23.04s / 139.4%  filo2  k=12
16:39:52 | i 24 | [ ASYNC BG] bg_ails  65.46s / 61.72s / 106.1%
16:39:52 | i 25 | [HAOS ROLL] k=12  λ=0.2  rb  ac_complete  filo2  P≈0.001704
16:39:53 | i 25 | [ Summary ] cost=218369.00  Δ_S*=+0.53%  Δ_BKS=+0.81%  Δ_S*_BKS=+0.27%  no_improve=26
16:39:53 | i 26 | [HAOS ROLL] k=12  λ=0.4  vb  ac_complete  ails2  P≈0.001438
16:39:53 | i 26 | [Phase 1/3] decompose  0.81s / — / —  λ=0.4  vb ac_complete
16:40:28 | i 26 | [Phase 2/3] route  34.80s / 21.24s / 163.8%  ails2  k=12
16:40:57 | i 25 | [ ASYNC BG] bg_ails  64.50s / 60.00s / 107.5%
16:40:57 | i 26 | [HAOS ROLL] k=12  λ=0.4  vb  ac_complete  ails2  P≈0.001438
16:40:57 | i 26 | [ Summary ] cost=223833.00  Δ_S*=+3.05%  Δ_BKS=+3.33%  Δ_S*_BKS=+0.27%  no_improve=28
16:40:57 | i 27 | [HAOS ROLL] k=6  λ=0.6  rb  ac_complete  filo  P≈0.007716
16:40:58 | i 27 | [Phase 1/3] decompose  0.61s / — / —  λ=0.6  rb ac_complete
16:41:36 | i 27 | [Phase 2/3] route  38.12s / 37.80s / 100.8%  filo  k=6
16:42:01 | i 26 | [ ASYNC BG] bg_ails  64.46s / 60.00s / 107.4%
16:42:01 | i 27 | [HAOS ROLL] k=6  λ=0.6  rb  ac_complete  filo  P≈0.007716
16:42:02 | i 27 | [ Summary ] cost=219035.00  Δ_S*=+0.84%  Δ_BKS=+1.11%  Δ_S*_BKS=+0.27%  no_improve=30
16:42:02 | i 28 | [HAOS ROLL] k=12  λ=0.6  rb  kmeans  ails2  P≈0.004594
16:42:02 | i 28 | [Phase 1/3] decompose  0.60s / — / —  λ=0.6  rb kmeans
16:42:39 | i 28 | [Phase 2/3] route  36.80s / 18.72s / 196.6%  ails2  k=12
16:43:06 | i 27 | [ ASYNC BG] bg_ails  64.44s / 60.00s / 107.4%
16:43:06 | i 28 | [HAOS ROLL] k=12  λ=0.6  rb  kmeans  ails2  P≈0.004594
16:43:06 | i 28 | [ Summary ] cost=217406.00  Δ_S*=+0.09%  Δ_BKS=+0.36%  Δ_S*_BKS=+0.27%  no_improve=32
16:43:06 | i 29 | [HAOS ROLL] k=12  λ=0.6  vb  kmedoids  filo  P≈0.002168
16:43:07 | i 29 | [Phase 1/3] decompose  0.99s / — / —  λ=0.6  vb kmedoids
16:43:40 | i 29 | [Phase 2/3] route  33.11s / 16.92s / 195.7%  filo  k=12
16:44:10 | i 28 | [ ASYNC BG] bg_ails  64.52s / 60.00s / 107.5%
16:44:10 | i 29 | [HAOS ROLL] k=12  λ=0.6  vb  kmedoids  filo  P≈0.002168
16:44:11 | i 29 | [ Summary ] cost=223277.00  Δ_S*=+2.79%  Δ_BKS=+3.07%  Δ_S*_BKS=+0.27%  no_improve=34
16:44:11 | i 30 | [HAOS ROLL] k=12  λ=0.6  rb  ac_complete  filo2  P≈0.008267
16:44:11 | i 30 | [Phase 1/3] decompose  0.60s / — / —  λ=0.6  rb ac_complete
16:44:43 | i 30 | [Phase 2/3] route  32.12s / 23.04s / 139.4%  filo2  k=12
16:45:15 | i 29 | [ ASYNC BG] bg_ails  64.54s / 60.00s / 107.6%
16:45:15 | i 30 | [HAOS ROLL] k=12  λ=0.6  rb  ac_complete  filo2  P≈0.008267
16:45:15 | i 30 | [ Summary ] cost=218192.00  Δ_S*=+0.45%  Δ_BKS=+0.72%  Δ_S*_BKS=+0.27%  no_improve=36
16:45:15 | i 31 | [HAOS ROLL] k=6  λ=0.6  rb  kmeans  filo  P≈0.005452
16:45:16 | i 31 | [Phase 1/3] decompose  0.61s / — / —  λ=0.6  rb kmeans
16:45:51 | i 31 | [Phase 2/3] route  35.10s / 34.74s / 101.0%  filo  k=6
16:46:19 | i 30 | [ ASYNC BG] bg_ails  64.49s / 60.00s / 107.5%
16:46:20 | i 31 | [HAOS ROLL] k=6  λ=0.6  rb  kmeans  filo  P≈0.005452
16:46:20 | i 31 | [ Summary ] cost=219404.00  Δ_S*=+1.01%  Δ_BKS=+1.28%  Δ_S*_BKS=+0.27%  no_improve=38
16:46:20 | i 32 | [HAOS ROLL] k=8  λ=0.0  rb  ac_complete  filo  P≈0.001003
16:46:20 | i 32 | [Phase 1/3] decompose  0.44s / — / —  λ=0.0  rb ac_complete
16:46:58 | i 32 | [Phase 2/3] route  38.11s / 37.80s / 100.8%  filo  k=8
16:47:24 | i 31 | [ ASYNC BG] bg_ails  64.31s / 60.00s / 107.2%
16:47:24 | i 32 | [HAOS ROLL] k=8  λ=0.0  rb  ac_complete  filo  P≈0.001003
16:47:24 | i 32 | [ Summary ] cost=219056.00  Δ_S*=+0.85%  Δ_BKS=+1.12%  Δ_S*_BKS=+0.27%  no_improve=40
16:47:24 | i 33 | [HAOS ROLL] k=12  λ=0.0  vb  ac_avg  filo2  P≈0.000446
16:47:25 | i 33 | [Phase 1/3] decompose  0.68s / — / —  λ=0.0  vb ac_avg
16:47:58 | i 33 | [Phase 2/3] route  33.11s / 22.08s / 150.0%  filo2  k=12
16:48:28 | i 32 | [ ASYNC BG] bg_ails  64.33s / 60.00s / 107.2%
16:48:28 | i 33 | [HAOS ROLL] k=12  λ=0.0  vb  ac_avg  filo2  P≈0.000446
16:48:28 | i 33 | [ Summary ] cost=223524.00  Δ_S*=+2.90%  Δ_BKS=+3.19%  Δ_S*_BKS=+0.27%  no_improve=42
16:48:28 | i 34 | [HAOS ROLL] k=6  λ=0.8  rb  ac_avg  filo  P≈0.000811
16:48:29 | i 34 | [Phase 1/3] decompose  0.59s / — / —  λ=0.8  rb ac_avg
16:49:20 | i 34 | [Phase 2/3] route  51.13s / 50.76s / 100.7%  filo  k=6
16:49:32 | i 33 | [ ASYNC BG] bg_ails  64.29s / 60.00s / 107.2%
16:49:33 | i 34 | [HAOS ROLL] k=6  λ=0.8  rb  ac_avg  filo  P≈0.000811
16:49:33 | i 34 | [ Summary ] cost=218965.00  Δ_S*=+0.80%  Δ_BKS=+1.08%  Δ_S*_BKS=+0.27%  no_improve=44
16:49:33 | i 35 | [HAOS ROLL] k=12  λ=0.6  rb  kmeans  filo  P≈0.009621
16:49:33 | i 35 | [Phase 1/3] decompose  0.61s / — / —  λ=0.6  rb kmeans
16:50:06 | i 35 | [Phase 2/3] route  33.09s / 18.96s / 174.5%  filo  k=12
16:50:37 | i 34 | [ ASYNC BG] bg_ails  64.39s / 60.00s / 107.3%
16:50:37 | i 35 | [HAOS ROLL] k=12  λ=0.6  rb  kmeans  filo  P≈0.009621
16:50:37 | i 35 | [ Summary ] cost=218825.00  Δ_S*=+0.74%  Δ_BKS=+1.02%  Δ_S*_BKS=+0.27%  no_improve=46
16:50:37 | i 36 | [HAOS ROLL] k=12  λ=1.0  vb  kmedoids  filo  P≈0.000808
16:50:38 | i 36 | [Phase 1/3] decompose  0.73s / — / —  λ=1.0  vb kmedoids
16:51:12 | i 36 | [Phase 2/3] route  34.09s / 17.58s / 193.9%  filo  k=12
16:51:41 | i 35 | [ ASYNC BG] bg_ails  64.40s / 60.00s / 107.3%
16:51:41 | i 36 | [HAOS ROLL] k=12  λ=1.0  vb  kmedoids  filo  P≈0.000808
16:51:41 | i 36 | [ Summary ] cost=223431.00  Δ_S*=+2.86%  Δ_BKS=+3.14%  Δ_S*_BKS=+0.27%  no_improve=48
16:51:41 | i 37 | [HAOS ROLL] k=6  λ=0.6  rb  ac_avg  filo  P≈0.004979
16:51:42 | i 37 | [Phase 1/3] decompose  0.59s / — / —  λ=0.6  rb ac_avg
16:52:33 | i 37 | [Phase 2/3] route  51.11s / 50.76s / 100.7%  filo  k=6
16:52:46 | i 36 | [ ASYNC BG] bg_ails  64.36s / 60.00s / 107.3%
16:52:46 | i 37 | [HAOS ROLL] k=6  λ=0.6  rb  ac_avg  filo  P≈0.004979
16:52:46 | i 37 | [ Summary ] cost=219082.00  Δ_S*=+0.86%  Δ_BKS=+1.14%  Δ_S*_BKS=+0.27%  no_improve=50
16:52:46 | i 38 | [HAOS ROLL] k=6  λ=0.6  vb  fcm  filo  P≈0.002409
16:52:47 | i 38 | [Phase 1/3] decompose  0.75s / — / —  λ=0.6  vb fcm
16:53:16 | i 38 | [Phase 2/3] route  29.36s / 29.40s / 99.9%  filo  k=6
16:53:50 | i 37 | [ ASYNC BG] bg_ails  64.49s / 60.00s / 107.5%
16:53:50 | i 38 | [HAOS ROLL] k=6  λ=0.6  vb  fcm  filo  P≈0.002409
16:53:50 | i 38 | [ Summary ] cost=221388.00  Δ_S*=+1.92%  Δ_BKS=+2.20%  Δ_S*_BKS=+0.27%  no_improve=52
16:53:50 | i 39 | [HAOS ROLL] k=12  λ=0.0  rb  ac_avg  filo  P≈0.003719
16:53:51 | i 39 | [Phase 1/3] decompose  0.46s / — / —  λ=0.0  rb ac_avg
16:54:25 | i 39 | [Phase 2/3] route  34.11s / 17.58s / 194.0%  filo  k=12
16:54:54 | i 38 | [ ASYNC BG] bg_ails  64.33s / 60.00s / 107.2%
16:54:55 | i 39 | [HAOS ROLL] k=12  λ=0.0  rb  ac_avg  filo  P≈0.003719
16:54:55 | i 39 | [ Summary ] cost=218527.00  Δ_S*=+0.60%  Δ_BKS=+0.88%  Δ_S*_BKS=+0.27%  no_improve=54
16:54:55 | i 40 | [HAOS ROLL] k=12  λ=0.4  rb  ac_complete  pyvrp  P≈0.001028
16:54:55 | i 40 | [Phase 1/3] decompose  0.61s / — / —  λ=0.4  rb ac_complete
16:55:28 | i 40 | [Phase 2/3] route  33.25s / 23.04s / 144.3%  pyvrp  k=12
16:55:59 | i 39 | [ ASYNC BG] bg_ails  64.33s / 60.00s / 107.2%
16:55:59 | i 40 | [HAOS ROLL] k=12  λ=0.4  rb  ac_complete  pyvrp  P≈0.001028
16:55:59 | i 40 | [ Summary ] cost=219518.00  Δ_S*=+1.06%  Δ_BKS=+1.34%  Δ_S*_BKS=+0.27%  no_improve=56
16:55:59 | i 41 | [HAOS ROLL] k=4  λ=0.6  rb  ac_avg  filo  P≈0.003514
16:56:00 | i 41 | [Phase 1/3] decompose  0.60s / — / —  λ=0.6  rb ac_avg
16:56:51 | i 41 | [Phase 2/3] route  51.11s / 50.76s / 100.7%  filo  k=4
16:57:03 | i 40 | [ ASYNC BG] bg_ails  64.37s / 60.00s / 107.3%
16:57:03 | i 41 | [HAOS ROLL] k=4  λ=0.6  rb  ac_avg  filo  P≈0.003514
16:57:03 | i 41 | [ Summary ] cost=219332.00  Δ_S*=+0.97%  Δ_BKS=+1.25%  Δ_S*_BKS=+0.27%  no_improve=58
16:57:03 | i 23 | [ASYNC 1/2] sp_sc  740.46s / 720.00s / 102.8%  SP  avg_coverage=39.33/5  pool=7766
16:57:03 | i 23 | [ASYNC 2/2] standard_ails  363.64s / 360.00s / 101.0%
16:57:50 | i 42 | [HAOS ROLL] k=10  λ=0.4  rb  ac_complete  ails2  P≈0.000609
16:57:50 | i 42 | [Phase 1/3] decompose  0.56s / — / —  λ=0.4  rb ac_complete
16:58:24 | i 42 | [Phase 2/3] route  33.81s / 24.96s / 135.5%  ails2  k=10
16:58:24 | i 41 | [ ASYNC BG] bg_ails  64.38s / 60.00s / 107.3%
16:58:25 | i 42 | [HAOS ROLL] k=10  λ=0.4  rb  ac_complete  ails2  P≈0.000609
16:58:25 | i 42 | [ Summary ] cost=217462.00  Δ_S*=+0.11%  Δ_BKS=+0.39%  Δ_S*_BKS=+0.27%  no_improve=61
16:58:25 | i 43 | [HAOS ROLL] k=2  λ=0.2  rb  ac_complete  filo  P≈0.001560
16:58:25 | i 43 | [Phase 1/3] decompose  0.57s / — / —  λ=0.2  rb ac_complete
17:00:08 | i 43 | [Phase 2/3] route  102.23s / 102.06s / 100.2%  filo  k=2
17:00:08 | i 42 | [ ASYNC BG] bg_ails  64.47s / 60.00s / 107.5%
17:00:08 | i 43 | [HAOS ROLL] k=2  λ=0.2  rb  ac_complete  filo  P≈0.001560
17:00:08 | i 43 | [ Summary ] cost=219382.00  Δ_S*=+1.00%  Δ_BKS=+1.27%  Δ_S*_BKS=+0.27%  no_improve=63
17:00:08 | i 44 | [HAOS ROLL] k=3  λ=0.6  rb  ac_complete  filo2  P≈0.002307
17:00:09 | i 44 | [Phase 1/3] decompose  0.58s / — / —  λ=0.6  rb ac_complete
17:01:16 | i 44 | [Phase 2/3] route  67.14s / 67.14s / 100.0%  filo2  k=3
17:01:51 | i 43 | [ ASYNC BG] bg_ails  103.41s / 99.61s / 103.8%
17:01:51 | i 44 | [HAOS ROLL] k=3  λ=0.6  rb  ac_complete  filo2  P≈0.002307
17:01:51 | i 44 | [ Summary ] cost=218856.00  Δ_S*=+0.75%  Δ_BKS=+1.03%  Δ_S*_BKS=+0.27%  no_improve=65
17:01:51 | i 45 | [HAOS ROLL] k=2  λ=0.6  rb  kmeans  filo  P≈0.003535
17:01:52 | i 45 | [Phase 1/3] decompose  0.59s / — / —  λ=0.6  rb kmeans
17:03:19 | i 45 | [Phase 2/3] route  87.19s / 86.70s / 100.6%  filo  k=2
17:03:19 | i 44 | [ ASYNC BG] bg_ails  69.37s / 65.53s / 105.9%
17:03:20 | i 45 | [HAOS ROLL] k=2  λ=0.6  rb  kmeans  filo  P≈0.003535
17:03:20 | i 45 | [ Summary ] cost=218676.00  Δ_S*=+0.67%  Δ_BKS=+0.95%  Δ_S*_BKS=+0.27%  no_improve=67
17:03:20 | i 46 | [HAOS ROLL] k=3  λ=0.6  rb  ac_complete  filo  P≈0.010216
17:03:20 | i 46 | [Phase 1/3] decompose  0.58s / — / —  λ=0.6  rb ac_complete
17:04:27 | i 46 | [Phase 2/3] route  67.14s / 67.14s / 100.0%  filo  k=3
17:04:48 | i 45 | [ ASYNC BG] bg_ails  88.42s / 84.62s / 104.5%
17:04:48 | i 46 | [HAOS ROLL] k=3  λ=0.6  rb  ac_complete  filo  P≈0.010216
17:04:48 | i 46 | [ Summary ] cost=219142.00  Δ_S*=+0.89%  Δ_BKS=+1.16%  Δ_S*_BKS=+0.27%  no_improve=69
17:04:48 | i 47 | [HAOS ROLL] k=12  λ=0.0  rb  ac_complete  pyvrp  P≈0.001383
17:04:49 | i 47 | [Phase 1/3] decompose  0.44s / — / —  λ=0.0  rb ac_complete
17:05:22 | i 47 | [Phase 2/3] route  33.30s / 23.04s / 144.5%  pyvrp  k=12
17:05:57 | i 46 | [ ASYNC BG] bg_ails  69.33s / 65.53s / 105.8%
17:05:57 | i 47 | [HAOS ROLL] k=12  λ=0.0  rb  ac_complete  pyvrp  P≈0.001383
17:05:58 | i 47 | [ Summary ] cost=219499.00  Δ_S*=+1.05%  Δ_BKS=+1.33%  Δ_S*_BKS=+0.27%  no_improve=71
17:05:58 | i 42 | [ASYNC 1/2] sp_sc  71.25s / 720.00s / 9.9%  SP  avg_coverage=50.77/5  pool=10000
17:05:58 | i 42 | [ASYNC 2/2] standard_ails  363.80s / 360.00s / 101.1%
17:06:45 | i 42 | [ IMPROVE ] 217212.00  via standard_ails  ·  Δ_BKS=+0.27%
17:06:45 | i 48 | [HAOS ROLL] k=3  λ=0.6  vb  kmedoids  pyvrp  P≈0.000471
17:06:46 | i 48 | [Phase 1/3] decompose  0.67s / — / —  λ=0.6  vb kmedoids
17:07:57 | i 48 | [Phase 2/3] route  71.36s / 67.32s / 106.0%  pyvrp  k=3
17:07:57 | i 47 | [ ASYNC BG] bg_ails  64.39s / 60.00s / 107.3%
17:07:57 | i 48 | [HAOS ROLL] k=3  λ=0.6  vb  kmedoids  pyvrp  P≈0.000471
17:07:58 | i 48 | [ Summary ] cost=221193.00  Δ_S*=+1.83%  Δ_BKS=+2.11%  Δ_S*_BKS=+0.27%  no_improve=2
17:07:58 | i 49 | [HAOS ROLL] k=6  λ=1.0  rb  ac_avg  filo  P≈0.001198
17:07:58 | i 49 | [Phase 1/3] decompose  0.57s / — / —  λ=1.0  rb ac_avg
17:08:49 | i 49 | [Phase 2/3] route  51.14s / 50.88s / 100.5%  filo  k=6
17:09:07 | i 48 | [ ASYNC BG] bg_ails  69.51s / 65.70s / 105.8%
17:09:07 | i 49 | [HAOS ROLL] k=6  λ=1.0  rb  ac_avg  filo  P≈0.001198
17:09:07 | i 49 | [ Summary ] cost=219148.00  Δ_S*=+0.89%  Δ_BKS=+1.17%  Δ_S*_BKS=+0.27%  no_improve=4
17:09:07 | i 50 | [HAOS ROLL] k=12  λ=0.6  vb  ac_avg  filo  P≈0.004179
17:09:08 | i 50 | [Phase 1/3] decompose  0.79s / — / —  λ=0.6  vb ac_avg
17:09:40 | i 50 | [Phase 2/3] route  32.12s / 24.06s / 133.5%  filo  k=12
17:10:11 | i 49 | [ ASYNC BG] bg_ails  64.39s / 60.00s / 107.3%
17:10:11 | i 50 | [HAOS ROLL] k=12  λ=0.6  vb  ac_avg  filo  P≈0.004179
17:10:12 | i 50 | [ Summary ] cost=224048.00  Δ_S*=+3.15%  Δ_BKS=+3.43%  Δ_S*_BKS=+0.27%  no_improve=6
17:10:12 | i 51 | [HAOS ROLL] k=3  λ=0.4  rb  ac_avg  filo  P≈0.001469
17:10:12 | i 51 | [Phase 1/3] decompose  0.57s / — / —  λ=0.4  rb ac_avg
17:11:18 | i 51 | [Phase 2/3] route  66.12s / 65.82s / 100.5%  filo  k=3
17:11:18 | i 50 | [ ASYNC BG] bg_ails  64.33s / 60.00s / 107.2%
17:11:19 | i 51 | [HAOS ROLL] k=3  λ=0.4  rb  ac_avg  filo  P≈0.001469
17:11:19 | i 51 | [ Summary ] cost=219364.00  Δ_S*=+0.99%  Δ_BKS=+1.27%  Δ_S*_BKS=+0.27%  no_improve=8
17:11:19 | i 52 | [HAOS ROLL] k=12  λ=0.6  rb  ac_complete  filo2  P≈0.006947
17:11:19 | i 52 | [Phase 1/3] decompose  0.57s / — / —  λ=0.6  rb ac_complete
17:11:51 | i 52 | [Phase 2/3] route  31.10s / 19.44s / 160.0%  filo2  k=12
17:12:27 | i 51 | [ ASYNC BG] bg_ails  68.45s / 64.24s / 106.6%
17:12:27 | i 52 | [HAOS ROLL] k=12  λ=0.6  rb  ac_complete  filo2  P≈0.006947
17:12:27 | i 52 | [ Summary ] cost=218308.00  Δ_S*=+0.50%  Δ_BKS=+0.78%  Δ_S*_BKS=+0.27%  no_improve=10
17:12:27 | i 53 | [HAOS ROLL] k=2  λ=1.0  rb  ac_avg  ails2  P≈0.000648
17:12:28 | i 53 | [Phase 1/3] decompose  0.57s / — / —  λ=1.0  rb ac_avg
17:14:13 | i 53 | [Phase 2/3] route  105.30s / 103.38s / 101.9%  ails2  k=2
17:14:13 | i 52 | [ ASYNC BG] bg_ails  64.38s / 60.00s / 107.3%
17:14:13 | i 53 | [HAOS ROLL] k=2  λ=1.0  rb  ac_avg  ails2  P≈0.000648
17:14:14 | i 53 | [ Summary ] cost=217706.00  Δ_S*=+0.23%  Δ_BKS=+0.50%  Δ_S*_BKS=+0.27%  no_improve=12
17:14:14 | i 54 | [HAOS ROLL] k=3  λ=1.0  rb  ac_complete  pyvrp  P≈0.001080
17:14:14 | i 54 | [Phase 1/3] decompose  0.57s / — / —  λ=1.0  rb ac_complete
17:15:33 | i 54 | [Phase 2/3] route  78.27s / 73.62s / 106.3%  pyvrp  k=3
17:15:58 | i 53 | [ ASYNC BG] bg_ails  104.48s / 100.90s / 103.6%
17:15:58 | i 54 | [HAOS ROLL] k=3  λ=1.0  rb  ac_complete  pyvrp  P≈0.001080
17:15:58 | i 54 | [ Summary ] cost=221485.00  Δ_S*=+1.97%  Δ_BKS=+2.24%  Δ_S*_BKS=+0.27%  no_improve=14
17:15:58 | i 55 | [HAOS ROLL] k=4  λ=0.4  vb  ac_complete  ails2  P≈0.000450
17:15:59 | i 55 | [Phase 1/3] decompose  0.77s / — / —  λ=0.4  vb ac_complete
17:16:51 | i 55 | [Phase 2/3] route  51.97s / 50.88s / 102.1%  ails2  k=4
17:17:13 | i 54 | [ ASYNC BG] bg_ails  75.31s / 71.85s / 104.8%
17:17:13 | i 55 | [HAOS ROLL] k=4  λ=0.4  vb  ac_complete  ails2  P≈0.000450
17:17:13 | i 55 | [ Summary ] cost=218739.00  Δ_S*=+0.70%  Δ_BKS=+0.98%  Δ_S*_BKS=+0.27%  no_improve=16
17:17:13 | i 56 | [HAOS ROLL] k=4  λ=0.6  rb  kmeans  pyvrp  P≈0.000612
17:17:14 | i 56 | [Phase 1/3] decompose  0.58s / — / —  λ=0.6  rb kmeans
17:18:04 | i 56 | [Phase 2/3] route  49.94s / 47.70s / 104.7%  pyvrp  k=4
17:18:17 | i 55 | [ ASYNC BG] bg_ails  64.46s / 60.00s / 107.4%
17:18:18 | i 56 | [HAOS ROLL] k=4  λ=0.6  rb  kmeans  pyvrp  P≈0.000612
17:18:18 | i 56 | [ Summary ] cost=221624.00  Δ_S*=+2.03%  Δ_BKS=+2.31%  Δ_S*_BKS=+0.27%  no_improve=18
17:18:18 | i 57 | [HAOS ROLL] k=10  λ=0.0  vb  ac_complete  filo  P≈0.000194
17:18:19 | i 57 | [Phase 1/3] decompose  0.65s / — / —  λ=0.0  vb ac_complete
17:18:58 | i 57 | [Phase 2/3] route  39.12s / 22.92s / 170.7%  filo  k=10
17:19:22 | i 56 | [ ASYNC BG] bg_ails  64.35s / 60.00s / 107.2%
17:19:22 | i 57 | [HAOS ROLL] k=10  λ=0.0  vb  ac_complete  filo  P≈0.000194
17:19:22 | i 57 | [ Summary ] cost=221973.00  Δ_S*=+2.19%  Δ_BKS=+2.47%  Δ_S*_BKS=+0.27%  no_improve=20
17:19:22 | i 58 | [HAOS ROLL] k=3  λ=1.0  rb  kmeans  filo  P≈0.002422
17:19:23 | i 58 | [Phase 1/3] decompose  0.57s / — / —  λ=1.0  rb kmeans
17:20:23 | i 58 | [Phase 2/3] route  60.12s / 60.36s / 99.6%  filo  k=3
17:20:26 | i 57 | [ ASYNC BG] bg_ails  64.32s / 60.00s / 107.2%
17:20:26 | i 58 | [HAOS ROLL] k=3  λ=1.0  rb  kmeans  filo  P≈0.002422
17:20:27 | i 58 | [ Summary ] cost=218769.00  Δ_S*=+0.72%  Δ_BKS=+0.99%  Δ_S*_BKS=+0.27%  no_improve=22
17:20:27 | i 59 | [HAOS ROLL] k=3  λ=1.0  rb  ac_complete  filo  P≈0.004725
17:20:27 | i 59 | [Phase 1/3] decompose  0.58s / — / —  λ=1.0  rb ac_complete
17:21:41 | i 59 | [Phase 2/3] route  74.16s / 73.62s / 100.7%  filo  k=3
17:21:41 | i 58 | [ ASYNC BG] bg_ails  64.39s / 60.00s / 107.3%
17:21:42 | i 59 | [HAOS ROLL] k=3  λ=1.0  rb  ac_complete  filo  P≈0.004725
17:21:42 | i 59 | [ Summary ] cost=219376.00  Δ_S*=+1.00%  Δ_BKS=+1.27%  Δ_S*_BKS=+0.27%  no_improve=24
17:21:42 | i 60 | [HAOS ROLL] k=3  λ=0.6  rb  ac_complete  pyvrp  P≈0.003351
17:21:42 | i 60 | [Phase 1/3] decompose  0.58s / — / —  λ=0.6  rb ac_complete
17:23:01 | i 60 | [Phase 2/3] route  78.47s / 73.62s / 106.6%  pyvrp  k=3
17:23:01 | i 59 | [ ASYNC BG] bg_ails  75.52s / 71.85s / 105.1%
17:23:01 | i 60 | [HAOS ROLL] k=3  λ=0.6  rb  ac_complete  pyvrp  P≈0.003351
17:23:01 | i 60 | [ Summary ] cost=221401.00  Δ_S*=+1.93%  Δ_BKS=+2.21%  Δ_S*_BKS=+0.27%  no_improve=26
17:23:01 | i 61 | [HAOS ROLL] k=12  λ=0.6  vb  ac_avg  filo2  P≈0.001036
17:23:02 | i 61 | [Phase 1/3] decompose  0.80s / — / —  λ=0.6  vb ac_avg
17:23:34 | i 61 | [Phase 2/3] route  32.10s / 24.06s / 133.4%  filo2  k=12
17:24:16 | i 60 | [ ASYNC BG] bg_ails  75.49s / 71.85s / 105.1%
17:24:17 | i 61 | [HAOS ROLL] k=12  λ=0.6  vb  ac_avg  filo2  P≈0.001036
17:24:17 | i 61 | [ Summary ] cost=223754.00  Δ_S*=+3.01%  Δ_BKS=+3.29%  Δ_S*_BKS=+0.27%  no_improve=28
17:24:17 | i 62 | [HAOS ROLL] k=12  λ=0.6  vb  ac_avg  filo  P≈0.003144
17:24:17 | i 62 | [Phase 1/3] decompose  0.81s / — / —  λ=0.6  vb ac_avg
17:24:50 | i 62 | [Phase 2/3] route  32.11s / 24.06s / 133.5%  filo  k=12
17:25:21 | i 61 | [ ASYNC BG] bg_ails  64.40s / 60.00s / 107.3%
17:25:21 | i 62 | [HAOS ROLL] k=12  λ=0.6  vb  ac_avg  filo  P≈0.003144
17:25:21 | i 62 | [ Summary ] cost=223989.00  Δ_S*=+3.12%  Δ_BKS=+3.40%  Δ_S*_BKS=+0.27%  no_improve=30
17:25:21 | i 63 | [HAOS ROLL] k=6  λ=0.6  vb  fcm  pyvrp  P≈0.000445
17:25:22 | i 63 | [Phase 1/3] decompose  1.24s / — / —  λ=0.6  vb fcm
17:25:54 | i 63 | [Phase 2/3] route  31.22s / 29.40s / 106.2%  pyvrp  k=6
17:26:25 | i 62 | [ ASYNC BG] bg_ails  64.53s / 60.00s / 107.5%
17:26:26 | i 63 | [HAOS ROLL] k=6  λ=0.6  vb  fcm  pyvrp  P≈0.000445
17:26:26 | i 63 | [ Summary ] cost=223321.00  Δ_S*=+2.81%  Δ_BKS=+3.09%  Δ_S*_BKS=+0.27%  no_improve=32
17:26:26 | i 64 | [HAOS ROLL] k=4  λ=0.6  rb  ac_avg  ails2  P≈0.001466
17:26:26 | i 64 | [Phase 1/3] decompose  0.58s / — / —  λ=0.6  rb ac_avg
17:27:23 | i 64 | [Phase 2/3] route  57.00s / 55.20s / 103.3%  ails2  k=4
17:27:30 | i 63 | [ ASYNC BG] bg_ails  64.37s / 60.00s / 107.3%
17:27:30 | i 64 | [HAOS ROLL] k=4  λ=0.6  rb  ac_avg  ails2  P≈0.001466
17:27:30 | i 64 | [ Summary ] cost=217510.00  Δ_S*=+0.14%  Δ_BKS=+0.41%  Δ_S*_BKS=+0.27%  no_improve=34
17:27:30 | i 57 | [ASYNC 1/2] sp_sc  62.90s / 720.00s / 8.7%  SP  avg_coverage=47.64/5  pool=10000
17:27:30 | i 57 | [ASYNC 2/2] standard_ails  363.70s / 360.00s / 101.0%
17:28:17 | i 57 | [ IMPROVE ] 217210.00  via standard_ails  ·  Δ_BKS=+0.27%
17:28:17 | i 65 | [HAOS ROLL] k=3  λ=0.6  vb  fcm  filo  P≈0.002585
17:28:18 | i 65 | [Phase 1/3] decompose  1.13s / — / —  λ=0.6  vb fcm
17:29:19 | i 65 | [Phase 2/3] route  61.12s / 61.02s / 100.2%  filo  k=3
17:29:19 | i 64 | [ ASYNC BG] bg_ails  64.28s / 60.00s / 107.1%
17:29:20 | i 65 | [HAOS ROLL] k=3  λ=0.6  vb  fcm  filo  P≈0.002585
17:29:20 | i 65 | [ Summary ] cost=219435.00  Δ_S*=+1.02%  Δ_BKS=+1.30%  Δ_S*_BKS=+0.27%  no_improve=2
17:29:20 | i 66 | [HAOS ROLL] k=6  λ=0.4  vb  kmeans  ails2  P≈0.001010
17:29:20 | i 66 | [Phase 1/3] decompose  0.57s / — / —  λ=0.4  vb kmeans
17:30:01 | i 66 | [Phase 2/3] route  40.93s / 39.48s / 103.7%  ails2  k=6
17:30:24 | i 65 | [ ASYNC BG] bg_ails  64.42s / 60.00s / 107.4%
17:30:24 | i 66 | [HAOS ROLL] k=6  λ=0.4  vb  kmeans  ails2  P≈0.001010
17:30:24 | i 66 | [ Summary ] cost=220436.00  Δ_S*=+1.49%  Δ_BKS=+1.76%  Δ_S*_BKS=+0.27%  no_improve=4
17:30:24 | i 67 | [HAOS ROLL] k=6  λ=1.0  rb  ac_complete  filo  P≈0.005868
17:30:25 | i 67 | [Phase 1/3] decompose  0.57s / — / —  λ=1.0  rb ac_complete
17:31:05 | i 67 | [Phase 2/3] route  40.11s / 40.08s / 100.1%  filo  k=6
17:31:28 | i 66 | [ ASYNC BG] bg_ails  64.43s / 60.00s / 107.4%
17:31:28 | i 67 | [HAOS ROLL] k=6  λ=1.0  rb  ac_complete  filo  P≈0.005868
17:31:29 | i 67 | [ Summary ] cost=219146.00  Δ_S*=+0.89%  Δ_BKS=+1.17%  Δ_S*_BKS=+0.27%  no_improve=6
17:31:29 | i 68 | [HAOS ROLL] k=12  λ=0.6  vb  kmeans  ails2  P≈0.004042
17:31:29 | i 68 | [Phase 1/3] decompose  0.57s / — / —  λ=0.6  vb kmeans
17:32:07 | i 68 | [Phase 2/3] route  37.82s / 19.02s / 198.8%  ails2  k=12
17:32:33 | i 67 | [ ASYNC BG] bg_ails  64.40s / 60.00s / 107.3%
17:32:33 | i 68 | [HAOS ROLL] k=12  λ=0.6  vb  kmeans  ails2  P≈0.004042
17:32:33 | i 68 | [ Summary ] cost=223405.00  Δ_S*=+2.85%  Δ_BKS=+3.13%  Δ_S*_BKS=+0.27%  no_improve=8
17:32:33 | i 69 | [HAOS ROLL] k=6  λ=0.6  vb  ac_complete  filo  P≈0.003899
17:32:34 | i 69 | [Phase 1/3] decompose  0.78s / — / —  λ=0.6  vb ac_complete
17:33:09 | i 69 | [Phase 2/3] route  35.11s / 35.22s / 99.7%  filo  k=6
17:33:37 | i 68 | [ ASYNC BG] bg_ails  64.50s / 60.00s / 107.5%
17:33:37 | i 69 | [HAOS ROLL] k=6  λ=0.6  vb  ac_complete  filo  P≈0.003899
17:33:38 | i 69 | [ Summary ] cost=220878.00  Δ_S*=+1.69%  Δ_BKS=+1.96%  Δ_S*_BKS=+0.27%  no_improve=10
17:33:38 | i 70 | [HAOS ROLL] k=10  λ=0.4  vb  kmeans  pyvrp  P≈0.000081
17:33:38 | i 70 | [Phase 1/3] decompose  0.58s / — / —  λ=0.4  vb kmeans
17:34:15 | i 70 | [Phase 2/3] route  36.65s / 19.98s / 183.5%  pyvrp  k=10
17:34:42 | i 69 | [ ASYNC BG] bg_ails  64.50s / 60.00s / 107.5%
17:34:42 | i 70 | [HAOS ROLL] k=10  λ=0.4  vb  kmeans  pyvrp  P≈0.000081
17:34:42 | i 70 | [ Summary ] cost=223576.00  Δ_S*=+2.93%  Δ_BKS=+3.21%  Δ_S*_BKS=+0.27%  no_improve=12
17:34:42 | i 71 | [HAOS ROLL] k=12  λ=0.4  rb  kmeans  ails2  P≈0.002754
17:34:43 | i 71 | [Phase 1/3] decompose  0.58s / — / —  λ=0.4  rb kmeans
17:35:15 | i 71 | [Phase 2/3] route  32.80s / 19.14s / 171.3%  ails2  k=12
17:35:46 | i 70 | [ ASYNC BG] bg_ails  64.46s / 60.00s / 107.4%
17:35:46 | i 71 | [HAOS ROLL] k=12  λ=0.4  rb  kmeans  ails2  P≈0.002754
17:35:46 | i 71 | [ Summary ] cost=217407.00  Δ_S*=+0.09%  Δ_BKS=+0.36%  Δ_S*_BKS=+0.27%  no_improve=14
17:35:46 | i 72 | [HAOS ROLL] k=12  λ=0.4  rb  ac_complete  pyvrp  P≈0.001866
17:35:47 | i 72 | [Phase 1/3] decompose  0.57s / — / —  λ=0.4  rb ac_complete
17:36:22 | i 72 | [Phase 2/3] route  35.06s / 24.42s / 143.6%  pyvrp  k=12
17:36:50 | i 71 | [ ASYNC BG] bg_ails  64.39s / 60.00s / 107.3%
17:36:51 | i 72 | [HAOS ROLL] k=12  λ=0.4  rb  ac_complete  pyvrp  P≈0.001866
17:36:51 | i 72 | [ Summary ] cost=219959.00  Δ_S*=+1.27%  Δ_BKS=+1.54%  Δ_S*_BKS=+0.27%  no_improve=16
17:36:51 | i 73 | [HAOS ROLL] k=6  λ=0.6  rb  ac_complete  pyvrp  P≈0.003620
17:36:52 | i 73 | [Phase 1/3] decompose  0.57s / — / —  λ=0.6  rb ac_complete
17:37:33 | i 73 | [Phase 2/3] route  41.79s / 40.08s / 104.3%  pyvrp  k=6
17:37:55 | i 72 | [ ASYNC BG] bg_ails  64.43s / 60.00s / 107.4%
17:37:55 | i 73 | [HAOS ROLL] k=6  λ=0.6  rb  ac_complete  pyvrp  P≈0.003620
17:37:55 | i 73 | [ Summary ] cost=221029.00  Δ_S*=+1.76%  Δ_BKS=+2.03%  Δ_S*_BKS=+0.27%  no_improve=18
17:37:55 | i 74 | [HAOS ROLL] k=3  λ=0.6  vb  kmedoids  filo  P≈0.000926
17:37:56 | i 74 | [Phase 1/3] decompose  0.68s / — / —  λ=0.6  vb kmedoids
17:39:03 | i 74 | [Phase 2/3] route  67.14s / 67.32s / 99.7%  filo  k=3
17:39:03 | i 73 | [ ASYNC BG] bg_ails  64.31s / 60.00s / 107.2%
17:39:03 | i 74 | [HAOS ROLL] k=3  λ=0.6  vb  kmedoids  filo  P≈0.000926
17:39:04 | i 74 | [ Summary ] cost=219334.00  Δ_S*=+0.98%  Δ_BKS=+1.25%  Δ_S*_BKS=+0.27%  no_improve=20
17:39:04 | i 75 | [HAOS ROLL] k=12  λ=0.4  rb  ac_complete  filo  P≈0.007268
17:39:04 | i 75 | [Phase 1/3] decompose  0.57s / — / —  λ=0.4  rb ac_complete
17:39:38 | i 75 | [Phase 2/3] route  34.12s / 24.42s / 139.7%  filo  k=12
17:40:13 | i 74 | [ ASYNC BG] bg_ails  69.49s / 65.70s / 105.8%
17:40:13 | i 75 | [HAOS ROLL] k=12  λ=0.4  rb  ac_complete  filo  P≈0.007268
17:40:13 | i 75 | [ Summary ] cost=218620.00  Δ_S*=+0.65%  Δ_BKS=+0.92%  Δ_S*_BKS=+0.27%  no_improve=22
17:40:13 | i 76 | [HAOS ROLL] k=3  λ=0.0  rb  ac_complete  filo  P≈0.001159
17:40:14 | i 76 | [Phase 1/3] decompose  0.43s / — / —  λ=0.0  rb ac_complete
17:41:48 | i 76 | [Phase 2/3] route  94.23s / 94.08s / 100.2%  filo  k=3
17:41:48 | i 75 | [ ASYNC BG] bg_ails  64.52s / 60.00s / 107.5%
17:41:48 | i 76 | [HAOS ROLL] k=3  λ=0.0  rb  ac_complete  filo  P≈0.001159
17:41:48 | i 76 | [ Summary ] cost=218888.00  Δ_S*=+0.77%  Δ_BKS=+1.05%  Δ_S*_BKS=+0.27%  no_improve=24
17:41:48 | i 77 | [HAOS ROLL] k=6  λ=0.2  vb  ac_avg  filo2  P≈0.000168
17:41:49 | i 77 | [Phase 1/3] decompose  0.78s / — / —  λ=0.2  vb ac_avg
17:42:22 | i 77 | [Phase 2/3] route  33.11s / 33.36s / 99.2%  filo2  k=6
17:43:23 | i 76 | [ ASYNC BG] bg_ails  95.27s / 91.82s / 103.8%
17:43:24 | i 77 | [HAOS ROLL] k=6  λ=0.2  vb  ac_avg  filo2  P≈0.000168
17:43:24 | i 77 | [ Summary ] cost=220378.00  Δ_S*=+1.46%  Δ_BKS=+1.73%  Δ_S*_BKS=+0.27%  no_improve=26
17:43:24 | i 78 | [HAOS ROLL] k=3  λ=1.0  rb  ac_complete  filo  P≈0.005318
17:43:24 | i 78 | [Phase 1/3] decompose  0.57s / — / —  λ=1.0  rb ac_complete
17:44:58 | i 78 | [Phase 2/3] route  94.20s / 94.08s / 100.1%  filo  k=3
17:44:58 | i 77 | [ ASYNC BG] bg_ails  64.37s / 60.00s / 107.3%
17:44:59 | i 78 | [HAOS ROLL] k=3  λ=1.0  rb  ac_complete  filo  P≈0.005318
17:44:59 | i 78 | [ Summary ] cost=218570.00  Δ_S*=+0.63%  Δ_BKS=+0.90%  Δ_S*_BKS=+0.27%  no_improve=28
17:44:59 | i 79 | [HAOS ROLL] k=3  λ=0.6  rb  ac_avg  filo  P≈0.003260
17:44:59 | i 79 | [Phase 1/3] decompose  0.58s / — / —  λ=0.6  rb ac_avg
17:46:01 | i 79 | [Phase 2/3] route  61.12s / 61.44s / 99.5%  filo  k=3
17:46:34 | i 78 | [ ASYNC BG] bg_ails  95.44s / 91.82s / 103.9%
17:46:34 | i 79 | [HAOS ROLL] k=3  λ=0.6  rb  ac_avg  filo  P≈0.003260
17:46:34 | i 79 | [ Summary ] cost=218985.00  Δ_S*=+0.82%  Δ_BKS=+1.09%  Δ_S*_BKS=+0.27%  no_improve=30
17:46:34 | i 80 | [HAOS ROLL] k=3  λ=0.6  vb  kmeans  ails2  P≈0.002661
17:46:35 | i 80 | [Phase 1/3] decompose  0.56s / — / —  λ=0.6  vb kmeans
17:47:39 | i 80 | [Phase 2/3] route  63.94s / 62.52s / 102.3%  ails2  k=3
17:47:39 | i 79 | [ ASYNC BG] bg_ails  64.49s / 60.00s / 107.5%
17:47:39 | i 80 | [HAOS ROLL] k=3  λ=0.6  vb  kmeans  ails2  P≈0.002661
17:47:39 | i 80 | [ Summary ] cost=218771.00  Δ_S*=+0.72%  Δ_BKS=+0.99%  Δ_S*_BKS=+0.27%  no_improve=32
17:47:39 | i 75 | [ASYNC 1/2] sp_sc  44.25s / 720.00s / 6.1%  SP  avg_coverage=47.64/5  pool=10000
17:47:39 | i 75 | [ASYNC 2/2] standard_ails  363.78s / 360.00s / 101.0%
17:48:26 | i 81 | [HAOS ROLL] k=12  λ=0.2  rb  ac_avg  ails2  P≈0.000761
17:48:26 | i 81 | [Phase 1/3] decompose  0.57s / — / —  λ=0.2  rb ac_avg
17:49:03 | i 81 | [Phase 2/3] route  36.99s / 26.88s / 137.6%  ails2  k=12
17:49:03 | i 80 | [ ASYNC BG] bg_ails  65.48s / 61.02s / 107.3%
17:49:04 | i 81 | [HAOS ROLL] k=12  λ=0.2  rb  ac_avg  ails2  P≈0.000761
17:49:04 | i 81 | [ Summary ] cost=217357.00  Δ_S*=+0.07%  Δ_BKS=+0.34%  Δ_S*_BKS=+0.27%  no_improve=35
17:49:04 | i 82 | [HAOS ROLL] k=3  λ=0.0  vb  ac_complete  ails2  P≈0.000619
17:49:05 | i 82 | [Phase 1/3] decompose  0.62s / — / —  λ=0.0  vb ac_complete
17:50:21 | i 82 | [Phase 2/3] route  76.41s / 74.34s / 102.8%  ails2  k=3
17:50:21 | i 81 | [ ASYNC BG] bg_ails  64.46s / 60.00s / 107.4%
17:50:21 | i 82 | [HAOS ROLL] k=3  λ=0.0  vb  ac_complete  ails2  P≈0.000619
17:50:22 | i 82 | [ Summary ] cost=218329.00  Δ_S*=+0.52%  Δ_BKS=+0.79%  Δ_S*_BKS=+0.27%  no_improve=37
17:50:22 | i 83 | [HAOS ROLL] k=3  λ=0.4  vb  ac_complete  filo2  P≈0.000609
17:50:22 | i 83 | [Phase 1/3] decompose  0.77s / — / —  λ=0.4  vb ac_complete
17:51:49 | i 83 | [Phase 2/3] route  86.17s / 86.10s / 100.1%  filo2  k=3
17:51:49 | i 82 | [ ASYNC BG] bg_ails  76.31s / 72.56s / 105.2%
17:51:49 | i 83 | [HAOS ROLL] k=3  λ=0.4  vb  ac_complete  filo2  P≈0.000609
17:51:49 | i 83 | [ Summary ] cost=218889.00  Δ_S*=+0.77%  Δ_BKS=+1.05%  Δ_S*_BKS=+0.27%  no_improve=39
17:51:49 | i 84 | [HAOS ROLL] k=3  λ=1.0  rb  kmeans  ails2  P≈0.002062
17:51:50 | i 84 | [Phase 1/3] decompose  0.57s / — / —  λ=1.0  rb kmeans
17:52:55 | i 84 | [Phase 2/3] route  64.94s / 63.00s / 103.1%  ails2  k=3
17:53:17 | i 83 | [ ASYNC BG] bg_ails  88.60s / 84.03s / 105.4%
17:53:18 | i 84 | [HAOS ROLL] k=3  λ=1.0  rb  kmeans  ails2  P≈0.002062
17:53:18 | i 84 | [ Summary ] cost=217620.00  Δ_S*=+0.19%  Δ_BKS=+0.46%  Δ_S*_BKS=+0.27%  no_improve=41
17:53:18 | i 85 | [HAOS ROLL] k=4  λ=1.0  vb  fcm  filo  P≈0.000252
17:53:18 | i 85 | [Phase 1/3] decompose  0.59s / — / —  λ=1.0  vb fcm
17:54:02 | i 85 | [Phase 2/3] route  44.09s / 43.56s / 101.2%  filo  k=4
17:54:23 | i 84 | [ ASYNC BG] bg_ails  65.36s / 61.49s / 106.3%
17:54:23 | i 85 | [HAOS ROLL] k=4  λ=1.0  vb  fcm  filo  P≈0.000252
17:54:23 | i 85 | [ Summary ] cost=220064.00  Δ_S*=+1.31%  Δ_BKS=+1.59%  Δ_S*_BKS=+0.27%  no_improve=43
17:54:23 | i 86 | [HAOS ROLL] k=12  λ=0.4  vb  ac_complete  filo  P≈0.002770
17:54:24 | i 86 | [Phase 1/3] decompose  0.77s / — / —  λ=0.4  vb ac_complete
17:54:56 | i 86 | [Phase 2/3] route  32.10s / 21.24s / 151.1%  filo  k=12
17:55:27 | i 85 | [ ASYNC BG] bg_ails  64.43s / 60.00s / 107.4%
17:55:27 | i 86 | [HAOS ROLL] k=12  λ=0.4  vb  ac_complete  filo  P≈0.002770
17:55:28 | i 86 | [ Summary ] cost=224584.00  Δ_S*=+3.39%  Δ_BKS=+3.68%  Δ_S*_BKS=+0.27%  no_improve=45
17:55:28 | i 87 | [HAOS ROLL] k=6  λ=1.0  rb  ac_complete  filo  P≈0.006051
17:55:28 | i 87 | [Phase 1/3] decompose  0.57s / — / —  λ=1.0  rb ac_complete
17:56:08 | i 87 | [Phase 2/3] route  40.12s / 40.08s / 100.1%  filo  k=6
17:56:31 | i 86 | [ ASYNC BG] bg_ails  64.33s / 60.00s / 107.2%
17:56:32 | i 87 | [HAOS ROLL] k=6  λ=1.0  rb  ac_complete  filo  P≈0.006051
17:56:32 | i 87 | [ Summary ] cost=218794.00  Δ_S*=+0.73%  Δ_BKS=+1.00%  Δ_S*_BKS=+0.27%  no_improve=47
17:56:32 | i 88 | [HAOS ROLL] k=3  λ=0.4  vb  ac_complete  pyvrp  P≈0.000958
17:56:33 | i 88 | [Phase 1/3] decompose  0.77s / — / —  λ=0.4  vb ac_complete
17:58:05 | i 88 | [Phase 2/3] route  92.19s / 86.10s / 107.1%  pyvrp  k=3
17:58:05 | i 87 | [ ASYNC BG] bg_ails  64.47s / 60.00s / 107.4%
17:58:05 | i 88 | [HAOS ROLL] k=3  λ=0.4  vb  ac_complete  pyvrp  P≈0.000958
17:58:05 | i 88 | [ Summary ] cost=221602.00  Δ_S*=+2.02%  Δ_BKS=+2.30%  Δ_S*_BKS=+0.27%  no_improve=49
17:58:05 | i 89 | [HAOS ROLL] k=4  λ=0.6  rb  kmeans  filo  P≈0.002105
17:58:06 | i 89 | [Phase 1/3] decompose  0.56s / — / —  λ=0.6  rb kmeans
17:58:52 | i 89 | [Phase 2/3] route  46.11s / 46.44s / 99.3%  filo  k=4
17:59:34 | i 88 | [ ASYNC BG] bg_ails  88.47s / 84.03s / 105.3%
17:59:34 | i 89 | [HAOS ROLL] k=4  λ=0.6  rb  kmeans  filo  P≈0.002105
17:59:34 | i 89 | [ Summary ] cost=219870.00  Δ_S*=+1.22%  Δ_BKS=+1.50%  Δ_S*_BKS=+0.27%  no_improve=51
17:59:34 | i 90 | [HAOS ROLL] k=2  λ=1.0  rb  ac_complete  filo  P≈0.001583
17:59:35 | i 90 | [Phase 1/3] decompose  0.56s / — / —  λ=1.0  rb ac_complete
18:01:09 | i 90 | [Phase 2/3] route  94.21s / 94.08s / 100.1%  filo  k=2
18:01:09 | i 89 | [ ASYNC BG] bg_ails  64.38s / 60.00s / 107.3%
18:01:09 | i 90 | [HAOS ROLL] k=2  λ=1.0  rb  ac_complete  filo  P≈0.001583
18:01:09 | i 90 | [ Summary ] cost=218834.00  Δ_S*=+0.75%  Δ_BKS=+1.02%  Δ_S*_BKS=+0.27%  no_improve=53
18:01:09 | i 91 | [HAOS ROLL] k=12  λ=0.6  rb  ac_avg  filo  P≈0.005764
18:01:10 | i 91 | [Phase 1/3] decompose  0.58s / — / —  λ=0.6  rb ac_avg
18:01:43 | i 91 | [Phase 2/3] route  33.12s / 26.88s / 123.2%  filo  k=12
18:02:44 | i 90 | [ ASYNC BG] bg_ails  95.53s / 91.82s / 104.0%
18:02:45 | i 91 | [HAOS ROLL] k=12  λ=0.6  rb  ac_avg  filo  P≈0.005764
18:02:45 | i 91 | [ Summary ] cost=218906.00  Δ_S*=+0.78%  Δ_BKS=+1.05%  Δ_S*_BKS=+0.27%  no_improve=55
18:02:45 | i 92 | [HAOS ROLL] k=6  λ=0.8  vb  ac_complete  filo  P≈0.000692
18:02:45 | i 92 | [Phase 1/3] decompose  0.79s / — / —  λ=0.8  vb ac_complete
18:03:22 | i 92 | [Phase 2/3] route  36.12s / 36.12s / 100.0%  filo  k=6
18:03:49 | i 91 | [ ASYNC BG] bg_ails  64.39s / 60.00s / 107.3%
18:03:49 | i 92 | [HAOS ROLL] k=6  λ=0.8  vb  ac_complete  filo  P≈0.000692
18:03:49 | i 92 | [ Summary ] cost=220216.00  Δ_S*=+1.38%  Δ_BKS=+1.66%  Δ_S*_BKS=+0.27%  no_improve=57
18:03:49 | i 93 | [HAOS ROLL] k=12  λ=0.4  vb  kmeans  ails2  P≈0.001146
18:03:50 | i 93 | [Phase 1/3] decompose  0.58s / — / —  λ=0.4  vb kmeans
18:04:23 | i 93 | [Phase 2/3] route  32.96s / 16.26s / 202.7%  ails2  k=12
18:04:53 | i 92 | [ ASYNC BG] bg_ails  64.42s / 60.00s / 107.4%
18:04:53 | i 93 | [HAOS ROLL] k=12  λ=0.4  vb  kmeans  ails2  P≈0.001146
18:04:54 | i 93 | [ Summary ] cost=221849.00  Δ_S*=+2.14%  Δ_BKS=+2.41%  Δ_S*_BKS=+0.27%  no_improve=59
18:04:54 | i 94 | [HAOS ROLL] k=4  λ=0.6  vb  ac_complete  filo  P≈0.002727
18:04:54 | i 94 | [Phase 1/3] decompose  0.79s / — / —  λ=0.6  vb ac_complete
18:05:49 | i 94 | [Phase 2/3] route  55.12s / 55.32s / 99.6%  filo  k=4
18:05:58 | i 93 | [ ASYNC BG] bg_ails  64.44s / 60.00s / 107.4%
18:05:58 | i 94 | [HAOS ROLL] k=4  λ=0.6  vb  ac_complete  filo  P≈0.002727
18:05:58 | i 94 | [ Summary ] cost=220645.00  Δ_S*=+1.58%  Δ_BKS=+1.86%  Δ_S*_BKS=+0.27%  no_improve=61
18:05:58 | i 95 | [HAOS ROLL] k=6  λ=0.0  rb  ac_complete  ails2  P≈0.001430
18:05:58 | i 95 | [Phase 1/3] decompose  0.44s / — / —  λ=0.0  rb ac_complete
18:06:40 | i 95 | [Phase 2/3] route  41.84s / 40.08s / 104.4%  ails2  k=6
18:07:02 | i 94 | [ ASYNC BG] bg_ails  64.39s / 60.00s / 107.3%
18:07:02 | i 95 | [HAOS ROLL] k=6  λ=0.0  rb  ac_complete  ails2  P≈0.001430
18:07:02 | i 95 | [ Summary ] cost=217682.00  Δ_S*=+0.22%  Δ_BKS=+0.49%  Δ_S*_BKS=+0.27%  no_improve=63
18:07:02 | i 96 | [HAOS ROLL] k=6  λ=1.0  rb  kmeans  filo  P≈0.003311
18:07:03 | i 96 | [Phase 1/3] decompose  0.57s / — / —  λ=1.0  rb kmeans
18:07:43 | i 96 | [Phase 2/3] route  40.10s / 39.78s / 100.8%  filo  k=6
18:08:06 | i 95 | [ ASYNC BG] bg_ails  64.26s / 60.00s / 107.1%
18:08:06 | i 96 | [HAOS ROLL] k=6  λ=1.0  rb  kmeans  filo  P≈0.003311
18:08:07 | i 96 | [ Summary ] cost=219256.00  Δ_S*=+0.94%  Δ_BKS=+1.22%  Δ_S*_BKS=+0.27%  no_improve=65
18:08:07 | i 97 | [HAOS ROLL] k=6  λ=1.0  vb  ac_complete  ails2  P≈0.002727
18:08:07 | i 97 | [Phase 1/3] decompose  0.77s / — / —  λ=1.0  vb ac_complete
18:08:53 | i 97 | [Phase 2/3] route  45.96s / 44.34s / 103.6%  ails2  k=6
18:08:54 | i 97 | [HAOS ROLL] k=6  λ=1.0  vb  ac_complete  ails2  P≈0.002727
18:08:54 | i 97 | [ Summary ] cost=220385.00  Δ_S*=+1.46%  Δ_BKS=+1.74%  Δ_S*_BKS=+0.27%  no_improve=66
18:08:54 | i 90 | [ASYNC 1/2] sp_sc  64.15s / 720.00s / 8.9%  SP  avg_coverage=48.28/5  pool=10000
18:08:54 | i 90 | [ASYNC 2/2] standard_ails  363.74s / 360.00s / 101.0%
18:09:39 | i 98 | [HAOS ROLL] k=12  λ=0.6  vb  ac_complete  ails2  P≈0.004988
18:09:39 | i 98 | [Phase 1/3] decompose  0.76s / — / —  λ=0.6  vb ac_complete
18:10:18 | i 98 | [Phase 2/3] route  38.88s / 24.42s / 159.2%  ails2  k=12
18:10:19 | i 98 | [HAOS ROLL] k=12  λ=0.6  vb  ac_complete  ails2  P≈0.004988
18:10:19 | i 98 | [ Summary ] cost=223246.00  Δ_S*=+2.78%  Δ_BKS=+3.06%  Δ_S*_BKS=+0.27%  no_improve=68
18:10:19 | i — | [  FINAL  ] async BG-AILS totals launched=95 applied=95 adopted=3 launch_skipped_cap=3 crashes=0 discarded_in_flight=False block_wait_total_s=1983.7
18:10:19 | i — | [  FINAL  ] async SP/SC totals invocations=6 adopted=3 skipped=0 discarded_in_flight=False sp_busy_frac=0.474142209015574
18:10:19 | i — | [  FINAL  ] ════════════════════════════════════════
18:10:19 | i — | [  FINAL  ] Run complete  iterations=98  elapsed=02:01:23  best=217210.00
18:10:19 | i — | [  FINAL  ] Δ_BKS=+0.27%  no_improve_stop=False  time_stop=True  cancelled=False
18:10:19 | i — | [  FINAL  ] 
18:10:19 | i — | [  FINAL  ] [BEST SOLUTION — HAOS TAG SUMMARY]
18:10:19 | i — | [  FINAL  ] ────────────────────────────────────────
18:10:19 | i — | [  FINAL  ]   4 routes  vb  kmeans  k=6  λ=0.6  solver=filo
18:10:19 | i — | [  FINAL  ]   4 routes  rb  ac_avg  k=4  λ=0.6  solver=ails2
18:10:19 | i — | [  FINAL  ]   4 routes  vb  ac_complete  k=4  λ=0.4  solver=ails2
18:10:19 | i — | [  FINAL  ]   3 routes  vb  fcm  k=6  λ=0.6  solver=pyvrp
18:10:19 | i — | [  FINAL  ]   3 routes  rb  ac_complete  k=3  λ=1.0  solver=filo
18:10:19 | i — | [  FINAL  ]   3 routes  vb  ac_avg  k=12  λ=0.6  solver=filo
18:10:19 | i — | [  FINAL  ]   2 routes  vb  ac_complete  k=6  λ=1.0  solver=filo
18:10:19 | i — | [  FINAL  ]   2 routes  vb  ac_avg  k=12  λ=0.6  solver=filo2
18:10:19 | i — | [  FINAL  ]   2 routes  rb  ac_avg  k=6  λ=1.0  solver=filo
18:10:19 | i — | [  FINAL  ]   2 routes  rb  ac_avg  k=2  λ=1.0  solver=ails2
18:10:19 | i — | [  FINAL  ]   2 routes  vb  ac_complete  k=3  λ=0.4  solver=ails2
18:10:19 | i — | [  FINAL  ]   2 routes  rb  ac_complete  k=3  λ=1.0  solver=pyvrp
18:10:19 | i — | [  FINAL  ]   1 routes  rb  ac_avg  k=3  λ=0.4  solver=filo
18:10:19 | i — | [  FINAL  ]   1 routes  rb  ac_complete  k=12  λ=0.6  solver=filo2
18:10:19 | i — | [  FINAL  ]   1 routes  vb  ac_complete  k=2  λ=0.0  solver=filo
18:10:19 | i — | [  FINAL  ]   1 routes  rb  kmeans  k=3  λ=1.0  solver=filo
18:10:19 | i — | [  FINAL  ]   1 routes  vb  kmeans  k=6  λ=0.6  solver=ails2
18:10:19 | i — | [  FINAL  ]   1 routes  vb  ac_complete  k=10  λ=0.0  solver=filo
18:10:19 | i — | [  FINAL  ]   1 routes  rb  ac_avg  k=6  λ=0.6  solver=filo
18:10:19 | i — | [  FINAL  ]   1 routes  rb  kmeans  k=4  λ=0.6  solver=pyvrp
18:10:19 | i — | [  FINAL  ]   1 routes  rb  ac_complete  k=3  λ=0.2  solver=ails2
18:10:19 | i — | [  FINAL  ]   1 routes  rb  kmeans  k=4  λ=0.6  solver=ails2
18:10:19 | i — | [  FINAL  ]   1 routes  rb  ac_avg  k=12  λ=0.0  solver=filo
18:10:19 | i — | [  FINAL  ]   1 routes  rb  ac_complete  k=12  λ=0.0  solver=pyvrp
18:10:19 | i — | [  FINAL  ]   163 routes  post-SP/SC improvement
18:10:19 | i — | [  FINAL  ] 
18:10:19 | i — | [  FINAL  ] [ROUTE POOL — HAOS TAG SUMMARY]
18:10:19 | i — | [  FINAL  ] ────────────────────────────────────────
18:10:19 | i — | [  FINAL  ]   422 routes  rb  ac_complete  k=6  λ=1.0  solver=filo
18:10:19 | i — | [  FINAL  ]   360 routes  vb  ac_complete  k=3  λ=0.4  solver=pyvrp
18:10:19 | i — | [  FINAL  ]   351 routes  vb  ac_complete  k=3  λ=0.4  solver=filo2
18:10:19 | i — | [  FINAL  ]   345 routes  vb  fcm  k=4  λ=1.0  solver=filo
18:10:19 | i — | [  FINAL  ]   344 routes  vb  ac_complete  k=12  λ=0.4  solver=filo
18:10:19 | i — | [  FINAL  ]   342 routes  rb  kmeans  k=4  λ=0.6  solver=filo
18:10:19 | i — | [  FINAL  ]   331 routes  vb  ac_complete  k=3  λ=0.0  solver=ails2
18:10:19 | i — | [  FINAL  ]   318 routes  vb  kmeans  k=12  λ=0.4  solver=ails2
18:10:19 | i — | [  FINAL  ]   313 routes  rb  ac_complete  k=2  λ=1.0  solver=filo
18:10:19 | i — | [  FINAL  ]   296 routes  vb  ac_complete  k=4  λ=0.6  solver=filo
18:10:19 | i — | [  FINAL  ]   295 routes  rb  kmeans  k=3  λ=1.0  solver=ails2
18:10:19 | i — | [  FINAL  ]   281 routes  vb  ac_complete  k=6  λ=0.8  solver=filo
18:10:19 | i — | [  FINAL  ]   248 routes  rb  ac_complete  k=6  λ=0.0  solver=ails2
18:10:19 | i — | [  FINAL  ]   245 routes  rb  ac_avg  k=12  λ=0.6  solver=filo
18:10:19 | i — | [  FINAL  ]   181 routes  vb  kmeans  k=3  λ=0.6  solver=ails2
18:10:19 | i — | [  FINAL  ]   177 routes  vb  ac_complete  k=12  λ=0.6  solver=ails2
18:10:19 | i — | [  FINAL  ]   167 routes  rb  ac_complete  k=12  λ=0.4  solver=pyvrp
18:10:19 | i — | [  FINAL  ]   160 routes  vb  ac_complete  k=6  λ=1.0  solver=ails2
18:10:19 | i — | [  FINAL  ]   137 routes  rb  kmeans  k=6  λ=1.0  solver=filo
18:10:19 | i — | [  FINAL  ]   131 routes  vb  kmeans  k=10  λ=0.4  solver=pyvrp
18:10:19 | i — | [  FINAL  ]   122 routes  rb  ac_complete  k=6  λ=0.6  solver=pyvrp
18:10:19 | i — | [  FINAL  ]   118 routes  rb  kmeans  k=4  λ=0.6  solver=pyvrp
18:10:19 | i — | [  FINAL  ]   118 routes  vb  fcm  k=3  λ=0.6  solver=filo
18:10:19 | i — | [  FINAL  ]   113 routes  vb  ac_avg  k=12  λ=0.0  solver=filo2
18:10:19 | i — | [  FINAL  ]   113 routes  rb  ac_complete  k=3  λ=1.0  solver=pyvrp
18:10:19 | i — | [  FINAL  ]   111 routes  vb  kmeans  k=12  λ=0.6  solver=ails2
18:10:19 | i — | [  FINAL  ]   109 routes  vb  kmedoids  k=3  λ=0.6  solver=pyvrp
18:10:19 | i — | [  FINAL  ]   108 routes  rb  ac_complete  k=12  λ=0.6  solver=filo2
18:10:19 | i — | [  FINAL  ]   106 routes  vb  ac_avg  k=12  λ=0.6  solver=filo
18:10:19 | i — | [  FINAL  ]   105 routes  vb  kmedoids  k=3  λ=0.6  solver=filo
18:10:19 | i — | [  FINAL  ]   103 routes  rb  ac_avg  k=12  λ=0.2  solver=ails2
18:10:19 | i — | [  FINAL  ]   102 routes  vb  kmedoids  k=12  λ=0.6  solver=filo
18:10:19 | i — | [  FINAL  ]   100 routes  vb  ac_complete  k=6  λ=0.6  solver=filo
18:10:19 | i — | [  FINAL  ]   99 routes  rb  ac_avg  k=6  λ=1.0  solver=filo
18:10:19 | i — | [  FINAL  ]   97 routes  vb  kmedoids  k=12  λ=1.0  solver=filo
18:10:19 | i — | [  FINAL  ]   97 routes  vb  kmeans  k=6  λ=0.4  solver=ails2
18:10:19 | i — | [  FINAL  ]   94 routes  vb  ac_avg  k=12  λ=0.6  solver=filo2
18:10:19 | i — | [  FINAL  ]   92 routes  vb  fcm  k=6  λ=0.6  solver=filo
18:10:19 | i — | [  FINAL  ]   91 routes  vb  ac_complete  k=12  λ=0.4  solver=ails2
18:10:19 | i — | [  FINAL  ]   90 routes  vb  kmeans  k=6  λ=0.6  solver=ails2
18:10:19 | i — | [  FINAL  ]   85 routes  rb  ac_avg  k=3  λ=0.4  solver=filo
18:10:19 | i — | [  FINAL  ]   84 routes  rb  ac_avg  k=3  λ=0.6  solver=filo
18:10:19 | i — | [  FINAL  ]   81 routes  rb  kmeans  k=6  λ=0.6  solver=filo
18:10:19 | i — | [  FINAL  ]   81 routes  rb  ac_avg  k=4  λ=0.6  solver=filo
18:10:19 | i — | [  FINAL  ]   80 routes  vb  kmeans  k=6  λ=0.6  solver=filo
18:10:19 | i — | [  FINAL  ]   76 routes  rb  ac_avg  k=6  λ=0.6  solver=filo
18:10:19 | i — | [  FINAL  ]   75 routes  rb  ac_complete  k=6  λ=0.6  solver=filo
18:10:19 | i — | [  FINAL  ]   75 routes  rb  ac_complete  k=8  λ=0.0  solver=filo
18:10:19 | i — | [  FINAL  ]   75 routes  vb  ac_complete  k=4  λ=0.4  solver=ails2
18:10:19 | i — | [  FINAL  ]   72 routes  vb  ac_complete  k=6  λ=0.8  solver=ails2
18:10:19 | i — | [  FINAL  ]   70 routes  vb  kmeans  k=2  λ=0.4  solver=filo
18:10:19 | i — | [  FINAL  ]   68 routes  vb  ac_complete  k=2  λ=0.0  solver=filo
18:10:19 | i — | [  FINAL  ]   67 routes  rb  ac_avg  k=6  λ=0.8  solver=filo
18:10:19 | i — | [  FINAL  ]   66 routes  rb  ac_avg  k=12  λ=0.0  solver=filo
18:10:19 | i — | [  FINAL  ]   64 routes  vb  ac_complete  k=3  λ=0.4  solver=ails2
18:10:19 | i — | [  FINAL  ]   63 routes  rb  kmeans  k=3  λ=0.6  solver=filo
18:10:19 | i — | [  FINAL  ]   62 routes  rb  ac_avg  k=2  λ=1.0  solver=ails2
18:10:19 | i — | [  FINAL  ]   59 routes  vb  ac_complete  k=10  λ=0.0  solver=filo
18:10:19 | i — | [  FINAL  ]   58 routes  rb  ac_complete  k=12  λ=1.0  solver=filo
18:10:19 | i — | [  FINAL  ]   55 routes  rb  ac_complete  k=12  λ=0.4  solver=filo2
18:10:19 | i — | [  FINAL  ]   55 routes  rb  kmeans  k=12  λ=0.6  solver=filo
18:10:19 | i — | [  FINAL  ]   54 routes  rb  ac_complete  k=12  λ=0.6  solver=filo
18:10:19 | i — | [  FINAL  ]   53 routes  rb  ac_complete  k=12  λ=0.2  solver=filo2
18:10:19 | i — | [  FINAL  ]   49 routes  rb  ac_complete  k=6  λ=0.8  solver=filo2
18:10:19 | i — | [  FINAL  ]   48 routes  rb  ac_complete  k=3  λ=0.2  solver=ails2
18:10:19 | i — | [  FINAL  ]   44 routes  rb  ac_complete  k=6  λ=0.4  solver=filo2
18:10:19 | i — | [  FINAL  ]   41 routes  rb  ac_complete  k=12  λ=0.4  solver=filo
18:10:19 | i — | [  FINAL  ]   35 routes  rb  kmeans  k=2  λ=0.6  solver=pyvrp
18:10:19 | i — | [  FINAL  ]   30 routes  rb  kmeans  k=4  λ=0.6  solver=ails2
18:10:19 | i — | [  FINAL  ]   25 routes  rb  ac_complete  k=12  λ=0.0  solver=pyvrp
18:10:19 | i — | [  FINAL  ]   24 routes  rb  kmeans  k=12  λ=0.6  solver=ails2
18:10:19 | i — | [  FINAL  ]   20 routes  rb  kmeans  k=12  λ=0.4  solver=ails2
18:10:19 | i — | [  FINAL  ]   14 routes  rb  ac_complete  k=8  λ=0.6  solver=ails2
18:10:19 | i — | [  FINAL  ]   11 routes  rb  kmeans  k=12  λ=0.8  solver=ails2
18:10:19 | i — | [  FINAL  ]   7 routes  rb  ac_complete  k=10  λ=0.4  solver=ails2
18:10:19 | i — | [  FINAL  ]   5 routes  rb  ac_complete  k=3  λ=1.0  solver=filo
18:10:19 | i — | [  FINAL  ]   5 routes  rb  ac_avg  k=4  λ=0.6  solver=ails2
18:10:19 | i — | [  FINAL  ]   4 routes  rb  ac_complete  k=2  λ=0.2  solver=filo
18:10:19 | i — | [  FINAL  ]   4 routes  vb  fcm  k=6  λ=0.6  solver=pyvrp
18:10:19 | i — | [  FINAL  ]   2 routes  vb  ac_complete  k=6  λ=1.0  solver=filo
18:10:19 | i — | [  FINAL  ]   2 routes  rb  kmeans  k=3  λ=1.0  solver=filo
18:10:19 | i — | [  FINAL  ]   1 routes  rb  ac_complete  k=3  λ=0.6  solver=filo2
18:10:19 | i — | [  FINAL  ]   1 routes  rb  ac_complete  k=3  λ=0.6  solver=filo
18:10:19 | i — | [  FINAL  ]   1 routes  rb  ac_complete  k=3  λ=0.6  solver=pyvrp
18:10:19 | i — | [  FINAL  ]   517 routes  post-SP/SC improvement
18:10:19 | i — | [  FINAL  ] ════════════════════════════════════════
