23:55:01 | i — | [  INIT   ] ════════════════════════════════════════
23:55:01 | i — | [  INIT   ] DRISPI  instance=X-n3334-k934  n=3333  capacity=20
23:55:01 | i — | [  INIT   ] k domain (computed at init): [2, 3, 4, 6, 8, 10, 12]  k_ext=12  k_min=934  k_ext_bound=n_bound  spacing_rejected=0
23:55:01 | i — | [  INIT   ] ══════════════════════════════════════════════════════
23:55:01 | i — | [  INIT   ] CONFIGURATION
23:55:01 | i — | [  INIT   ] ── stopping ────────────────────────────────
23:55:01 | i — | [  INIT   ]   time_limit                  = 7200.0
23:55:01 | i — | [  INIT   ]   max_no_improve              = 1000000000
23:55:01 | i — | [  INIT   ] ── parallelism ─────────────────────────────
23:55:01 | i — | [  INIT   ]   n_workers                   = 8
23:55:01 | i — | [  INIT   ] ── cores ───────────────────────────────────
23:55:01 | i — | [  INIT   ]   cores_total                 = 8
23:55:01 | i — | [  INIT   ]   cores_dri                   = 6
23:55:01 | i — | [  INIT   ]   cores_bg                    = 1
23:55:01 | i — | [  INIT   ]   cores_sp                    = 1
23:55:01 | i — | [  INIT   ]   cores_cpu_list              = None
23:55:01 | i — | [  INIT   ] ── sp/sc ───────────────────────────────────
23:55:01 | i — | [  INIT   ]   sp_sc_mode                  = async
23:55:01 | i — | [  INIT   ]   sp_sc_trigger               = wallclock
23:55:01 | i — | [  INIT   ]   interval_minutes            = 20.0
23:55:01 | i — | [  INIT   ]   overlap_policy              = skip
23:55:01 | i — | [  INIT   ]   warmup_iterations           = 5
23:55:01 | i — | [  INIT   ]   sp_interval                 = 3
23:55:01 | i — | [  INIT   ]   min_coverage                = 5
23:55:01 | i — | [  INIT   ]   sp_time_limit               = 720.0
23:55:01 | i — | [  INIT   ]   mip_gap                     = 0.00025
23:55:01 | i — | [  INIT   ] ── decomposition ───────────────────────────
23:55:01 | i — | [  INIT   ]   decomp_k_base_arms          = [2, 3, 4, 6, 8, 10, 12]
23:55:01 | i — | [  INIT   ]   decomp_k_max_arms           = 10
23:55:01 | i — | [  INIT   ]   decomp_k_ext_per_1000       = 4
23:55:01 | i — | [  INIT   ]   decomp_k_min_routes_per_cluster= 8
23:55:01 | i — | [  INIT   ]   decomp_k_min_arm_spacing    = 2
23:55:01 | i — | [  INIT   ]   subcluster_rate_s_per_customer= 0.06
23:55:01 | i — | [  INIT   ]   subcluster_floor_s          = 5.0
23:55:01 | i — | [  INIT   ] ── bg_ails ─────────────────────────────────
23:55:01 | i — | [  INIT   ]   bg_ails_mode                = async
23:55:01 | i — | [  INIT   ]   bg_ails_crash_threshold     = 1
23:55:01 | i — | [  INIT   ]   bg_ails_budget_mode         = predicted_dr_wall
23:55:01 | i — | [  INIT   ]   bg_ails_budget_floor_s      = 60.0
23:55:01 | i — | [  INIT   ]   bg_ails_budget_margin       = 1.0
23:55:01 | i — | [  INIT   ]   bg_ails_wall_model_scale    = 0.976
23:55:01 | i — | [  INIT   ]   bg_ails_wall_model_wave_exponent= -0.18
23:55:01 | i — | [  INIT   ]   bg_ails_initial_omega       = 10
23:55:01 | i — | [  INIT   ]   bg_ails_boundary_threshold  = 0.5
23:55:01 | i — | [  INIT   ]   bg_ails_small_cluster_cap   = 20
23:55:01 | i — | [  INIT   ]   bg_ails_small_cluster_alpha = 0.5
23:55:01 | i — | [  INIT   ]   bg_ails_pair_selection      = greedy
23:55:01 | i — | [  INIT   ]   bg_ails_n_chains_mode       = k
23:55:01 | i — | [  INIT   ]   bg_ails_unique_first_routes = True
23:55:01 | i — | [  INIT   ]   bg_ails_boundary_mask_first_ls= True
23:55:01 | i — | [  INIT   ] ── standard_improvement ────────────────────
23:55:01 | i — | [  INIT   ]   standard_improvement_time_limit= 360.0
23:55:01 | i — | [  INIT   ] ── pool ────────────────────────────────────
23:55:01 | i — | [  INIT   ]   max_pool_size               = 10000
23:55:01 | i — | [  INIT   ]   pool_diversity_weight       = 0.5
23:55:01 | i — | [  INIT   ] ── haos ────────────────────────────────────
23:55:01 | i — | [  INIT   ]   haos_decay                  = 0.95
23:55:01 | i — | [  INIT   ]   haos_warmup                 = 10
23:55:01 | i — | [  INIT   ]   haos_starting_weight        = 10.0
23:55:01 | i — | [  INIT   ]   haos_min_weight_k           = 0.025
23:55:01 | i — | [  INIT   ]   haos_min_weight_lambda      = 0.05
23:55:01 | i — | [  INIT   ]   haos_min_weight_paradigm    = 0.1
23:55:01 | i — | [  INIT   ]   haos_min_weight_vertex_method= 0.05
23:55:01 | i — | [  INIT   ]   haos_min_weight_route_method= 0.05
23:55:01 | i — | [  INIT   ]   haos_min_weight_solver      = 0.05
23:55:01 | i — | [  INIT   ]   haos_lambda_demand_values   = [0.0, 0.2, 0.4, 0.6, 0.8, 1.0]
23:55:01 | i — | [  INIT   ]   haos_paradigm_values        = ['vertex', 'route']
23:55:01 | i — | [  INIT   ]   haos_vertex_method_values   = ['kmeans', 'agglomerative_avg', 'agglomerative_complete', 'kmedoids', 'fcm']
23:55:01 | i — | [  INIT   ]   haos_route_method_values    = ['kmeans', 'agglomerative_avg', 'agglomerative_complete']
23:55:01 | i — | [  INIT   ]   haos_solver_values          = ['pyvrp', 'filo', 'filo2', 'ails2']
23:55:01 | i — | [  INIT   ] ── haos_rewards ────────────────────────────
23:55:01 | i — | [  INIT   ]   haos_reward_new_best        = 10.0
23:55:01 | i — | [  INIT   ]   haos_reward_improvement     = 4.0
23:55:01 | i — | [  INIT   ]   haos_reward_no_improvement  = 1.0
23:55:01 | i — | [  INIT   ]   haos_reward_no_solution     = 0.0
23:55:01 | i — | [  INIT   ]   haos_deferred_new_best      = 7.0
23:55:01 | i — | [  INIT   ]   haos_deferred_improvement   = 3.0
23:55:01 | i — | [  INIT   ]   haos_deferred_no_improvement= 0.0
23:55:01 | i — | [  INIT   ] ── seed ────────────────────────────────────
23:55:01 | i — | [  INIT   ]   seed                        = 33
23:55:01 | i — | [  INIT   ] ── output ──────────────────────────────────
23:55:01 | i — | [  INIT   ]   output_dir                  = /app/artifacts/benchmark/X-n3334-k934/seed33
23:55:01 | i — | [  INIT   ]   run_analysis                = False
23:55:01 | i — | [  INIT   ] ══════════════════════════════════════════════════════
23:55:01 | i — | [  INIT   ] BKS=1452353.00
23:55:01 | i — | [  INIT   ] ════════════════════════════════════════
23:55:02 | i 1 | [HAOS ROLL] k=10  λ=0.6  vb  kmeans  ails2  P≈0.000595
23:55:05 | i 1 | [Phase 1/3] decompose  3.56s / — / —  λ=0.6  vb kmeans
23:55:48 | i 1 | [Phase 2/3] route  43.31s / 22.74s / 190.4%  ails2  k=10
23:55:48 | i 1 | [ IMPROVE ] 1458959.00  via decompose_route  ·  Δ_BKS=+0.45%
23:55:48 | i 1 | [HAOS ROLL] k=10  λ=0.6  vb  kmeans  ails2  P≈0.000595
23:55:48 | i 1 | [ Summary ] cost=1458959.00  Δ_S*=+0.00%  Δ_BKS=+0.45%  Δ_S*_BKS=+0.45%  no_improve=0
23:55:48 | i 2 | [HAOS ROLL] k=6  λ=0.6  vb  kmeans  filo  P≈0.000595
23:55:49 | i 2 | [Phase 1/3] decompose  0.69s / — / —  λ=0.6  vb kmeans
23:56:27 | i 2 | [Phase 2/3] route  38.13s / 37.68s / 101.2%  filo  k=6
23:56:54 | i 1 | [ IMPROVE ] 1454733.00  via bg_ails  ·  Δ_BKS=+0.16%
23:56:54 | i 1 | [ ASYNC BG] bg_ails  65.11s / 60.00s / 108.5%
23:56:54 | i 2 | [HAOS ROLL] k=6  λ=0.6  vb  kmeans  filo  P≈0.000595
23:56:54 | i 2 | [ Summary ] cost=1460086.00  Δ_S*=+0.37%  Δ_BKS=+0.53%  Δ_S*_BKS=+0.16%  no_improve=1
23:56:54 | i 3 | [HAOS ROLL] k=2  λ=0.4  rb  ac_avg  pyvrp  P≈0.000992
23:56:54 | i 3 | [Phase 1/3] decompose  0.75s / — / —  λ=0.4  rb ac_avg
23:58:51 | i 3 | [Phase 2/3] route  117.00s / 109.32s / 107.0%  pyvrp  k=2
23:58:51 | i 2 | [ IMPROVE ] 1454685.00  via bg_ails  ·  Δ_BKS=+0.16%
23:58:51 | i 2 | [ ASYNC BG] bg_ails  64.78s / 60.00s / 108.0%
23:58:51 | i 3 | [HAOS ROLL] k=2  λ=0.4  rb  ac_avg  pyvrp  P≈0.000992
23:58:51 | i 3 | [ Summary ] cost=1464796.00  Δ_S*=+0.70%  Δ_BKS=+0.86%  Δ_S*_BKS=+0.16%  no_improve=1
23:58:51 | i 4 | [HAOS ROLL] k=10  λ=0.6  vb  ac_avg  filo2  P≈0.000595
23:58:52 | i 4 | [Phase 1/3] decompose  0.93s / — / —  λ=0.6  vb ac_avg
23:59:33 | i 4 | [Phase 2/3] route  41.12s / 26.04s / 157.9%  filo2  k=10
00:00:42 | i 3 | [ IMPROVE ] 1454183.00  via bg_ails  ·  Δ_BKS=+0.13%
00:00:42 | i 3 | [ ASYNC BG] bg_ails  110.65s / 106.70s / 103.7%
00:00:42 | i 4 | [HAOS ROLL] k=10  λ=0.6  vb  ac_avg  filo2  P≈0.000595
00:00:42 | i 4 | [ Summary ] cost=1463296.00  Δ_S*=+0.63%  Δ_BKS=+0.75%  Δ_S*_BKS=+0.13%  no_improve=1
00:00:42 | i 5 | [HAOS ROLL] k=3  λ=0.6  vb  ac_avg  filo  P≈0.000595
00:00:43 | i 5 | [Phase 1/3] decompose  0.93s / — / —  λ=0.6  vb ac_avg
00:02:08 | i 5 | [Phase 2/3] route  85.18s / 85.38s / 99.8%  filo  k=3
00:02:08 | i 4 | [ ASYNC BG] bg_ails  64.81s / 60.00s / 108.0%
00:02:08 | i 5 | [HAOS ROLL] k=3  λ=0.6  vb  ac_avg  filo  P≈0.000595
00:02:08 | i 5 | [ Summary ] cost=1460451.00  Δ_S*=+0.43%  Δ_BKS=+0.56%  Δ_S*_BKS=+0.13%  no_improve=3
00:02:08 | i 6 | [HAOS ROLL] k=10  λ=0.6  rb  kmeans  filo  P≈0.000992
00:02:09 | i 6 | [Phase 1/3] decompose  0.65s / — / —  λ=0.6  rb kmeans
00:02:51 | i 6 | [Phase 2/3] route  42.12s / 23.10s / 182.3%  filo  k=10
00:03:36 | i 5 | [ ASYNC BG] bg_ails  87.69s / 83.33s / 105.2%
00:03:36 | i 6 | [HAOS ROLL] k=10  λ=0.6  rb  kmeans  filo  P≈0.000992
00:03:36 | i 6 | [ Summary ] cost=1462052.00  Δ_S*=+0.54%  Δ_BKS=+0.67%  Δ_S*_BKS=+0.13%  no_improve=5
00:03:36 | i 7 | [HAOS ROLL] k=12  λ=0.8  vb  fcm  filo2  P≈0.000595
00:03:37 | i 7 | [Phase 1/3] decompose  1.03s / — / —  λ=0.8  vb fcm
00:04:13 | i 7 | [Phase 2/3] route  36.10s / 18.24s / 197.9%  filo2  k=12
00:04:41 | i 6 | [ ASYNC BG] bg_ails  64.69s / 60.00s / 107.8%
00:04:41 | i 7 | [HAOS ROLL] k=12  λ=0.8  vb  fcm  filo2  P≈0.000595
00:04:41 | i 7 | [ Summary ] cost=1462922.00  Δ_S*=+0.60%  Δ_BKS=+0.73%  Δ_S*_BKS=+0.13%  no_improve=7
00:04:41 | i 8 | [HAOS ROLL] k=10  λ=0.2  rb  kmeans  filo  P≈0.000992
00:04:41 | i 8 | [Phase 1/3] decompose  0.66s / — / —  λ=0.2  rb kmeans
00:05:23 | i 8 | [Phase 2/3] route  41.11s / 23.52s / 174.8%  filo  k=10
00:05:46 | i 7 | [ ASYNC BG] bg_ails  64.84s / 60.00s / 108.1%
00:05:46 | i 8 | [HAOS ROLL] k=10  λ=0.2  rb  kmeans  filo  P≈0.000992
00:05:46 | i 8 | [ Summary ] cost=1464038.00  Δ_S*=+0.68%  Δ_BKS=+0.80%  Δ_S*_BKS=+0.13%  no_improve=9
00:05:46 | i 9 | [HAOS ROLL] k=6  λ=0.2  vb  ac_avg  filo  P≈0.000595
00:05:47 | i 9 | [Phase 1/3] decompose  1.07s / — / —  λ=0.2  vb ac_avg
00:06:40 | i 9 | [Phase 2/3] route  53.14s / 52.74s / 100.8%  filo  k=6
00:06:51 | i 8 | [ ASYNC BG] bg_ails  65.26s / 60.00s / 108.8%
00:06:51 | i 9 | [HAOS ROLL] k=6  λ=0.2  vb  ac_avg  filo  P≈0.000595
00:06:51 | i 9 | [ Summary ] cost=1460238.00  Δ_S*=+0.42%  Δ_BKS=+0.54%  Δ_S*_BKS=+0.13%  no_improve=11
00:06:51 | i 10 | [HAOS ROLL] k=4  λ=0.8  rb  ac_complete  filo2  P≈0.000992
00:06:52 | i 10 | [Phase 1/3] decompose  0.67s / — / —  λ=0.8  rb ac_complete
00:07:49 | i 10 | [Phase 2/3] route  57.14s / 57.42s / 99.5%  filo2  k=4
00:07:56 | i 9 | [ ASYNC BG] bg_ails  64.66s / 60.00s / 107.8%
00:07:56 | i 10 | [HAOS ROLL] k=4  λ=0.8  rb  ac_complete  filo2  P≈0.000992
00:07:56 | i 10 | [ Summary ] cost=1459377.00  Δ_S*=+0.36%  Δ_BKS=+0.48%  Δ_S*_BKS=+0.13%  no_improve=13
00:07:56 | i 11 | [HAOS ROLL] k=8  λ=0.0  rb  ac_avg  pyvrp  P≈0.000992
00:07:56 | i 11 | [Phase 1/3] decompose  0.50s / — / —  λ=0.0  rb ac_avg
00:08:43 | i 11 | [Phase 2/3] route  46.83s / 37.14s / 126.1%  pyvrp  k=8
00:09:00 | i 10 | [ ASYNC BG] bg_ails  64.67s / 60.00s / 107.8%
00:09:00 | i 11 | [HAOS ROLL] k=8  λ=0.0  rb  ac_avg  pyvrp  P≈0.000992
00:09:00 | i 11 | [ Summary ] cost=1464088.00  Δ_S*=+0.68%  Δ_BKS=+0.81%  Δ_S*_BKS=+0.13%  no_improve=15
00:09:00 | i 12 | [HAOS ROLL] k=3  λ=0.6  rb  ac_avg  pyvrp  P≈0.001064
00:09:01 | i 12 | [Phase 1/3] decompose  0.66s / — / —  λ=0.6  rb ac_avg
00:10:17 | i 12 | [Phase 2/3] route  76.20s / 72.54s / 105.1%  pyvrp  k=3
00:10:17 | i 11 | [ ASYNC BG] bg_ails  64.54s / 60.00s / 107.6%
00:10:17 | i 12 | [HAOS ROLL] k=3  λ=0.6  rb  ac_avg  pyvrp  P≈0.001064
00:10:17 | i 12 | [ Summary ] cost=1464010.00  Δ_S*=+0.68%  Δ_BKS=+0.80%  Δ_S*_BKS=+0.13%  no_improve=17
00:10:17 | i 13 | [HAOS ROLL] k=6  λ=0.6  vb  kmeans  filo  P≈0.000398
00:10:18 | i 13 | [Phase 1/3] decompose  0.68s / — / —  λ=0.6  vb kmeans
00:11:04 | i 13 | [Phase 2/3] route  46.14s / 46.08s / 100.1%  filo  k=6
00:11:32 | i 12 | [ ASYNC BG] bg_ails  74.84s / 70.80s / 105.7%
00:11:32 | i 13 | [HAOS ROLL] k=6  λ=0.6  vb  kmeans  filo  P≈0.000398
00:11:32 | i 13 | [ Summary ] cost=1460631.00  Δ_S*=+0.44%  Δ_BKS=+0.57%  Δ_S*_BKS=+0.13%  no_improve=19
00:11:32 | i 14 | [HAOS ROLL] k=8  λ=0.6  vb  kmedoids  pyvrp  P≈0.000990
00:11:33 | i 14 | [Phase 1/3] decompose  1.15s / — / —  λ=0.6  vb kmedoids
00:12:24 | i 14 | [Phase 2/3] route  51.08s / 28.62s / 178.5%  pyvrp  k=8
00:12:37 | i 13 | [ ASYNC BG] bg_ails  64.60s / 60.00s / 107.7%
00:12:37 | i 14 | [HAOS ROLL] k=8  λ=0.6  vb  kmedoids  pyvrp  P≈0.000990
00:12:37 | i 14 | [ Summary ] cost=1465437.00  Δ_S*=+0.77%  Δ_BKS=+0.90%  Δ_S*_BKS=+0.13%  no_improve=21
00:12:37 | i 15 | [HAOS ROLL] k=6  λ=1.0  vb  kmeans  ails2  P≈0.000552
00:12:37 | i 15 | [Phase 1/3] decompose  0.65s / — / —  λ=1.0  vb kmeans
00:13:15 | i 15 | [Phase 2/3] route  37.87s / 36.90s / 102.6%  ails2  k=6
00:13:42 | i 14 | [ ASYNC BG] bg_ails  64.99s / 60.00s / 108.3%
00:13:42 | i 15 | [HAOS ROLL] k=6  λ=1.0  vb  kmeans  ails2  P≈0.000552
00:13:42 | i 15 | [ Summary ] cost=1457673.00  Δ_S*=+0.24%  Δ_BKS=+0.37%  Δ_S*_BKS=+0.13%  no_improve=23
00:13:42 | i 16 | [HAOS ROLL] k=12  λ=0.2  vb  ac_avg  filo  P≈0.000367
00:13:43 | i 16 | [Phase 1/3] decompose  0.94s / — / —  λ=0.2  vb ac_avg
00:14:21 | i 16 | [Phase 2/3] route  38.12s / 22.14s / 172.2%  filo  k=12
00:14:46 | i 15 | [ ASYNC BG] bg_ails  64.63s / 60.00s / 107.7%
00:14:47 | i 16 | [HAOS ROLL] k=12  λ=0.2  vb  ac_avg  filo  P≈0.000367
00:14:47 | i 16 | [ Summary ] cost=1465318.00  Δ_S*=+0.77%  Δ_BKS=+0.89%  Δ_S*_BKS=+0.13%  no_improve=25
00:14:47 | i 17 | [HAOS ROLL] k=3  λ=0.8  vb  ac_avg  filo2  P≈0.000331
00:14:47 | i 17 | [Phase 1/3] decompose  0.93s / — / —  λ=0.8  vb ac_avg
00:16:17 | i 17 | [Phase 2/3] route  89.20s / 88.80s / 100.5%  filo2  k=3
00:16:17 | i 16 | [ ASYNC BG] bg_ails  64.73s / 60.00s / 107.9%
00:16:17 | i 17 | [HAOS ROLL] k=3  λ=0.8  vb  ac_avg  filo2  P≈0.000331
00:16:17 | i 17 | [ Summary ] cost=1457706.00  Δ_S*=+0.24%  Δ_BKS=+0.37%  Δ_S*_BKS=+0.13%  no_improve=27
00:16:17 | i 18 | [HAOS ROLL] k=8  λ=0.4  vb  kmeans  filo2  P≈0.000651
00:16:17 | i 18 | [Phase 1/3] decompose  0.65s / — / —  λ=0.4  vb kmeans
00:17:08 | i 18 | [Phase 2/3] route  50.14s / 27.48s / 182.5%  filo2  k=8
00:17:47 | i 17 | [ ASYNC BG] bg_ails  90.71s / 86.67s / 104.7%
00:17:48 | i 18 | [HAOS ROLL] k=8  λ=0.4  vb  kmeans  filo2  P≈0.000651
00:17:48 | i 18 | [ Summary ] cost=1461011.00  Δ_S*=+0.47%  Δ_BKS=+0.60%  Δ_S*_BKS=+0.13%  no_improve=29
00:17:48 | i 19 | [HAOS ROLL] k=12  λ=0.0  vb  ac_avg  filo2  P≈0.000845
00:17:48 | i 19 | [Phase 1/3] decompose  0.78s / — / —  λ=0.0  vb ac_avg
00:18:27 | i 19 | [Phase 2/3] route  39.13s / 30.00s / 130.4%  filo2  k=12
00:18:52 | i 18 | [ ASYNC BG] bg_ails  64.69s / 60.00s / 107.8%
00:18:52 | i 19 | [HAOS ROLL] k=12  λ=0.0  vb  ac_avg  filo2  P≈0.000845
00:18:52 | i 19 | [ Summary ] cost=1465918.00  Δ_S*=+0.81%  Δ_BKS=+0.93%  Δ_S*_BKS=+0.13%  no_improve=31
00:18:52 | i 20 | [HAOS ROLL] k=8  λ=0.6  vb  kmeans  filo  P≈0.002151
00:18:53 | i 20 | [Phase 1/3] decompose  0.72s / — / —  λ=0.6  vb kmeans
00:19:42 | i 20 | [Phase 2/3] route  49.11s / 29.46s / 166.7%  filo  k=8
00:19:57 | i 19 | [ ASYNC BG] bg_ails  64.58s / 60.00s / 107.6%
00:19:57 | i 20 | [HAOS ROLL] k=8  λ=0.6  vb  kmeans  filo  P≈0.002151
00:19:57 | i 20 | [ Summary ] cost=1462429.00  Δ_S*=+0.57%  Δ_BKS=+0.69%  Δ_S*_BKS=+0.13%  no_improve=33
00:19:57 | i 21 | [HAOS ROLL] k=8  λ=0.6  vb  kmeans  filo  P≈0.002086
00:19:57 | i 21 | [Phase 1/3] decompose  0.63s / — / —  λ=0.6  vb kmeans
00:20:48 | i 21 | [Phase 2/3] route  50.14s / 27.36s / 183.2%  filo  k=8
00:21:01 | i 20 | [ ASYNC BG] bg_ails  64.68s / 60.00s / 107.8%
00:21:02 | i 21 | [HAOS ROLL] k=8  λ=0.6  vb  kmeans  filo  P≈0.002086
00:21:02 | i 21 | [ Summary ] cost=1460891.00  Δ_S*=+0.46%  Δ_BKS=+0.59%  Δ_S*_BKS=+0.13%  no_improve=35
00:21:02 | i 22 | [HAOS ROLL] k=6  λ=0.0  rb  kmeans  pyvrp  P≈0.000390
00:21:02 | i 22 | [Phase 1/3] decompose  0.49s / — / —  λ=0.0  rb kmeans
00:21:43 | i 22 | [Phase 2/3] route  40.52s / 39.18s / 103.4%  pyvrp  k=6
00:22:06 | i 21 | [ ASYNC BG] bg_ails  64.74s / 60.00s / 107.9%
00:22:06 | i 22 | [HAOS ROLL] k=6  λ=0.0  rb  kmeans  pyvrp  P≈0.000390
00:22:06 | i 22 | [ Summary ] cost=1464642.00  Δ_S*=+0.72%  Δ_BKS=+0.85%  Δ_S*_BKS=+0.13%  no_improve=37
00:22:06 | i 6 | [ASYNC 1/2] sp_sc  722.77s / 720.00s / 100.4%  SC  avg_coverage=6.66/5  pool=5913
00:22:06 | i 6 | [ASYNC 2/2] standard_ails  363.87s / 360.00s / 101.1%
00:22:46 | i 6 | [ IMPROVE ] 1453819.00  via standard_ails  ·  Δ_BKS=+0.10%
00:22:46 | i 23 | [HAOS ROLL] k=6  λ=0.6  vb  kmeans  filo  P≈0.003682
00:22:47 | i 23 | [Phase 1/3] decompose  0.61s / — / —  λ=0.6  vb kmeans
00:23:33 | i 23 | [Phase 2/3] route  46.14s / 45.96s / 100.4%  filo  k=6
00:23:33 | i 22 | [ ASYNC BG] bg_ails  64.54s / 60.00s / 107.6%
00:23:33 | i 23 | [HAOS ROLL] k=6  λ=0.6  vb  kmeans  filo  P≈0.003682
00:23:33 | i 23 | [ Summary ] cost=1460823.00  Δ_S*=+0.48%  Δ_BKS=+0.58%  Δ_S*_BKS=+0.10%  no_improve=2
00:23:33 | i 24 | [HAOS ROLL] k=8  λ=0.2  vb  fcm  pyvrp  P≈0.000335
00:23:34 | i 24 | [Phase 1/3] decompose  0.91s / — / —  λ=0.2  vb fcm
00:24:25 | i 24 | [Phase 2/3] route  50.63s / 29.64s / 170.8%  pyvrp  k=8
00:24:38 | i 23 | [ ASYNC BG] bg_ails  64.79s / 60.00s / 108.0%
00:24:38 | i 24 | [HAOS ROLL] k=8  λ=0.2  vb  fcm  pyvrp  P≈0.000335
00:24:38 | i 24 | [ Summary ] cost=1465221.00  Δ_S*=+0.78%  Δ_BKS=+0.89%  Δ_S*_BKS=+0.10%  no_improve=4
00:24:38 | i 25 | [HAOS ROLL] k=12  λ=0.6  vb  kmeans  filo  P≈0.006476
00:24:39 | i 25 | [Phase 1/3] decompose  0.67s / — / —  λ=0.6  vb kmeans
00:25:18 | i 25 | [Phase 2/3] route  39.13s / 22.38s / 174.9%  filo  k=12
00:25:43 | i 24 | [ ASYNC BG] bg_ails  65.27s / 60.00s / 108.8%
00:25:43 | i 25 | [HAOS ROLL] k=12  λ=0.6  vb  kmeans  filo  P≈0.006476
00:25:43 | i 25 | [ Summary ] cost=1464046.00  Δ_S*=+0.70%  Δ_BKS=+0.81%  Δ_S*_BKS=+0.10%  no_improve=6
00:25:43 | i 26 | [HAOS ROLL] k=8  λ=0.6  rb  kmeans  filo2  P≈0.002465
00:25:44 | i 26 | [Phase 1/3] decompose  0.73s / — / —  λ=0.6  rb kmeans
00:26:32 | i 26 | [Phase 2/3] route  48.14s / 28.44s / 169.3%  filo2  k=8
00:26:48 | i 25 | [ ASYNC BG] bg_ails  65.02s / 60.00s / 108.4%
00:26:48 | i 26 | [HAOS ROLL] k=8  λ=0.6  rb  kmeans  filo2  P≈0.002465
00:26:48 | i 26 | [ Summary ] cost=1459880.00  Δ_S*=+0.42%  Δ_BKS=+0.52%  Δ_S*_BKS=+0.10%  no_improve=8
00:26:48 | i 27 | [HAOS ROLL] k=10  λ=0.6  vb  fcm  pyvrp  P≈0.002391
00:26:49 | i 27 | [Phase 1/3] decompose  0.76s / — / —  λ=0.6  vb fcm
00:27:32 | i 27 | [Phase 2/3] route  43.22s / 23.76s / 181.9%  pyvrp  k=10
00:27:53 | i 26 | [ ASYNC BG] bg_ails  64.80s / 60.00s / 108.0%
00:27:53 | i 27 | [HAOS ROLL] k=10  λ=0.6  vb  fcm  pyvrp  P≈0.002391
00:27:53 | i 27 | [ Summary ] cost=1465024.00  Δ_S*=+0.77%  Δ_BKS=+0.87%  Δ_S*_BKS=+0.10%  no_improve=10
00:27:53 | i 28 | [HAOS ROLL] k=12  λ=0.0  vb  ac_avg  filo  P≈0.000723
00:27:54 | i 28 | [Phase 1/3] decompose  0.76s / — / —  λ=0.0  vb ac_avg
00:28:33 | i 28 | [Phase 2/3] route  39.13s / 30.00s / 130.4%  filo  k=12
00:28:58 | i 27 | [ ASYNC BG] bg_ails  64.98s / 60.00s / 108.3%
00:28:58 | i 28 | [HAOS ROLL] k=12  λ=0.0  vb  ac_avg  filo  P≈0.000723
00:28:58 | i 28 | [ Summary ] cost=1464957.00  Δ_S*=+0.77%  Δ_BKS=+0.87%  Δ_S*_BKS=+0.10%  no_improve=12
00:28:58 | i 29 | [HAOS ROLL] k=4  λ=0.2  vb  ac_avg  filo2  P≈0.000305
00:28:59 | i 29 | [Phase 1/3] decompose  0.99s / — / —  λ=0.2  vb ac_avg
00:30:08 | i 29 | [Phase 2/3] route  69.17s / 69.18s / 100.0%  filo2  k=4
00:30:08 | i 28 | [ ASYNC BG] bg_ails  64.97s / 60.00s / 108.3%
00:30:08 | i 29 | [HAOS ROLL] k=4  λ=0.2  vb  ac_avg  filo2  P≈0.000305
00:30:08 | i 29 | [ Summary ] cost=1458866.00  Δ_S*=+0.35%  Δ_BKS=+0.45%  Δ_S*_BKS=+0.10%  no_improve=14
00:30:08 | i 30 | [HAOS ROLL] k=10  λ=0.0  rb  kmeans  pyvrp  P≈0.000534
00:30:09 | i 30 | [Phase 1/3] decompose  0.54s / — / —  λ=0.0  rb kmeans
00:30:54 | i 30 | [Phase 2/3] route  45.27s / 22.92s / 197.5%  pyvrp  k=10
00:31:21 | i 29 | [ ASYNC BG] bg_ails  72.30s / 67.52s / 107.1%
00:31:21 | i 30 | [HAOS ROLL] k=10  λ=0.0  rb  kmeans  pyvrp  P≈0.000534
00:31:21 | i 30 | [ Summary ] cost=1462066.00  Δ_S*=+0.57%  Δ_BKS=+0.67%  Δ_S*_BKS=+0.10%  no_improve=16
00:31:21 | i 31 | [HAOS ROLL] k=2  λ=0.2  vb  ac_avg  filo  P≈0.000715
00:31:22 | i 31 | [Phase 1/3] decompose  1.00s / — / —  λ=0.2  vb ac_avg
00:33:08 | i 31 | [Phase 2/3] route  106.25s / 106.38s / 99.9%  filo  k=2
00:33:08 | i 30 | [ ASYNC BG] bg_ails  64.84s / 60.00s / 108.1%
00:33:08 | i 31 | [HAOS ROLL] k=2  λ=0.2  vb  ac_avg  filo  P≈0.000715
00:33:08 | i 31 | [ Summary ] cost=1458112.00  Δ_S*=+0.30%  Δ_BKS=+0.40%  Δ_S*_BKS=+0.10%  no_improve=18
00:33:08 | i 32 | [HAOS ROLL] k=4  λ=0.6  vb  fcm  filo2  P≈0.001557
00:33:09 | i 32 | [Phase 1/3] decompose  0.68s / — / —  λ=0.6  vb fcm
00:34:00 | i 32 | [Phase 2/3] route  51.13s / 51.18s / 99.9%  filo2  k=4
00:34:56 | i 31 | [ ASYNC BG] bg_ails  107.77s / 103.83s / 103.8%
00:34:56 | i 32 | [HAOS ROLL] k=4  λ=0.6  vb  fcm  filo2  P≈0.001557
00:34:56 | i 32 | [ Summary ] cost=1459285.00  Δ_S*=+0.38%  Δ_BKS=+0.48%  Δ_S*_BKS=+0.10%  no_improve=20
00:34:56 | i 33 | [HAOS ROLL] k=3  λ=0.6  vb  kmeans  filo2  P≈0.003558
00:34:57 | i 33 | [Phase 1/3] decompose  0.63s / — / —  λ=0.6  vb kmeans
00:36:13 | i 33 | [Phase 2/3] route  76.17s / 75.54s / 100.8%  filo2  k=3
00:36:13 | i 32 | [ ASYNC BG] bg_ails  64.79s / 60.00s / 108.0%
00:36:13 | i 33 | [HAOS ROLL] k=3  λ=0.6  vb  kmeans  filo2  P≈0.003558
00:36:13 | i 33 | [ Summary ] cost=1458422.00  Δ_S*=+0.32%  Δ_BKS=+0.42%  Δ_S*_BKS=+0.10%  no_improve=22
00:36:13 | i 34 | [HAOS ROLL] k=4  λ=0.2  vb  ac_complete  filo2  P≈0.000394
00:36:14 | i 34 | [Phase 1/3] decompose  1.00s / — / —  λ=0.2  vb ac_complete
00:37:34 | i 34 | [Phase 2/3] route  80.18s / 80.46s / 99.7%  filo2  k=4
00:37:34 | i 33 | [ ASYNC BG] bg_ails  77.67s / 73.73s / 105.4%
00:37:34 | i 34 | [HAOS ROLL] k=4  λ=0.2  vb  ac_complete  filo2  P≈0.000394
00:37:34 | i 34 | [ Summary ] cost=1458656.00  Δ_S*=+0.33%  Δ_BKS=+0.43%  Δ_S*_BKS=+0.10%  no_improve=24
00:37:34 | i 35 | [HAOS ROLL] k=10  λ=0.6  rb  ac_complete  filo  P≈0.001702
00:37:35 | i 35 | [Phase 1/3] decompose  0.68s / — / —  λ=0.6  rb ac_complete
00:38:13 | i 35 | [Phase 2/3] route  38.14s / 31.50s / 121.1%  filo  k=10
00:38:57 | i 34 | [ ASYNC BG] bg_ails  82.76s / 78.53s / 105.4%
00:38:57 | i 35 | [HAOS ROLL] k=10  λ=0.6  rb  ac_complete  filo  P≈0.001702
00:38:57 | i 35 | [ Summary ] cost=1462540.00  Δ_S*=+0.60%  Δ_BKS=+0.70%  Δ_S*_BKS=+0.10%  no_improve=26
00:38:57 | i 36 | [HAOS ROLL] k=4  λ=1.0  vb  kmeans  filo  P≈0.000971
00:38:58 | i 36 | [Phase 1/3] decompose  0.65s / — / —  λ=1.0  vb kmeans
00:39:50 | i 36 | [Phase 2/3] route  52.11s / 51.66s / 100.9%  filo  k=4
00:40:02 | i 35 | [ ASYNC BG] bg_ails  64.72s / 60.00s / 107.9%
00:40:02 | i 36 | [HAOS ROLL] k=4  λ=1.0  vb  kmeans  filo  P≈0.000971
00:40:02 | i 36 | [ Summary ] cost=1458521.00  Δ_S*=+0.32%  Δ_BKS=+0.42%  Δ_S*_BKS=+0.10%  no_improve=28
00:40:02 | i 37 | [HAOS ROLL] k=8  λ=1.0  vb  ac_avg  pyvrp  P≈0.000587
00:40:03 | i 37 | [Phase 1/3] decompose  0.92s / — / —  λ=1.0  vb ac_avg
00:40:52 | i 37 | [Phase 2/3] route  49.38s / 38.10s / 129.6%  pyvrp  k=8
00:41:06 | i 36 | [ ASYNC BG] bg_ails  64.60s / 60.00s / 107.7%
00:41:07 | i 37 | [HAOS ROLL] k=8  λ=1.0  vb  ac_avg  pyvrp  P≈0.000587
00:41:07 | i 37 | [ Summary ] cost=1464109.00  Δ_S*=+0.71%  Δ_BKS=+0.81%  Δ_S*_BKS=+0.10%  no_improve=30
00:41:07 | i 38 | [HAOS ROLL] k=4  λ=0.6  vb  ac_avg  pyvrp  P≈0.003250
00:41:07 | i 38 | [Phase 1/3] decompose  0.94s / — / —  λ=0.6  vb ac_avg
00:42:25 | i 38 | [Phase 2/3] route  77.32s / 73.44s / 105.3%  pyvrp  k=4
00:42:25 | i 37 | [ ASYNC BG] bg_ails  64.70s / 61.00s / 106.1%
00:42:25 | i 38 | [HAOS ROLL] k=4  λ=0.6  vb  ac_avg  pyvrp  P≈0.003250
00:42:25 | i 38 | [ Summary ] cost=1464455.00  Δ_S*=+0.73%  Δ_BKS=+0.83%  Δ_S*_BKS=+0.10%  no_improve=32
00:42:25 | i 39 | [HAOS ROLL] k=10  λ=0.6  rb  kmeans  ails2  P≈0.000688
00:42:26 | i 39 | [Phase 1/3] decompose  0.67s / — / —  λ=0.6  rb kmeans
00:43:11 | i 39 | [Phase 2/3] route  44.92s / 22.92s / 196.0%  ails2  k=10
00:43:41 | i 38 | [ ASYNC BG] bg_ails  75.73s / 71.68s / 105.7%
00:43:41 | i 39 | [ IMPROVE ] 1453640.00  via decompose_route  ·  Δ_BKS=+0.09%
00:43:41 | i 39 | [HAOS ROLL] k=10  λ=0.6  rb  kmeans  ails2  P≈0.000688
00:43:41 | i 39 | [ Summary ] cost=1453640.00  Δ_S*=+0.00%  Δ_BKS=+0.09%  Δ_S*_BKS=+0.09%  no_improve=0
00:43:41 | i 24 | [ASYNC 1/2] sp_sc  724.48s / 720.00s / 100.6%  SC  avg_coverage=11.18/5  pool=10000
00:43:41 | i 24 | [ASYNC 2/2] standard_ails  363.91s / 360.00s / 101.1%
00:44:20 | i 40 | [HAOS ROLL] k=4  λ=0.6  vb  fcm  ails2  P≈0.001594
00:44:21 | i 40 | [Phase 1/3] decompose  0.66s / — / —  λ=0.6  vb fcm
00:45:14 | i 40 | [Phase 2/3] route  52.68s / 51.24s / 102.8%  ails2  k=4
00:45:14 | i 39 | [ ASYNC BG] bg_ails  64.78s / 60.00s / 108.0%
00:45:14 | i 40 | [HAOS ROLL] k=4  λ=0.6  vb  fcm  ails2  P≈0.001594
00:45:14 | i 40 | [ Summary ] cost=1455494.00  Δ_S*=+0.13%  Δ_BKS=+0.22%  Δ_S*_BKS=+0.09%  no_improve=3
00:45:14 | i 41 | [HAOS ROLL] k=8  λ=0.8  vb  fcm  filo  P≈0.000466
00:45:15 | i 41 | [Phase 1/3] decompose  0.80s / — / —  λ=0.8  vb fcm
00:46:08 | i 41 | [Phase 2/3] route  53.12s / 29.88s / 177.8%  filo  k=8
00:46:19 | i 40 | [ ASYNC BG] bg_ails  64.78s / 60.00s / 108.0%
00:46:19 | i 41 | [HAOS ROLL] k=8  λ=0.8  vb  fcm  filo  P≈0.000466
00:46:19 | i 41 | [ Summary ] cost=1461553.00  Δ_S*=+0.54%  Δ_BKS=+0.63%  Δ_S*_BKS=+0.09%  no_improve=5
00:46:19 | i 42 | [HAOS ROLL] k=3  λ=0.4  rb  ac_complete  ails2  P≈0.000125
00:46:19 | i 42 | [Phase 1/3] decompose  0.66s / — / —  λ=0.4  rb ac_complete
00:47:28 | i 42 | [Phase 2/3] route  68.89s / 67.74s / 101.7%  ails2  k=3
00:47:28 | i 41 | [ ASYNC BG] bg_ails  64.98s / 60.00s / 108.3%
00:47:29 | i 42 | [HAOS ROLL] k=3  λ=0.4  rb  ac_complete  ails2  P≈0.000125
00:47:29 | i 42 | [ Summary ] cost=1453721.00  Δ_S*=+0.01%  Δ_BKS=+0.09%  Δ_S*_BKS=+0.09%  no_improve=7
00:47:29 | i 43 | [HAOS ROLL] k=4  λ=0.6  vb  ac_avg  pyvrp  P≈0.004142
00:47:30 | i 43 | [Phase 1/3] decompose  1.03s / — / —  λ=0.6  vb ac_avg
00:48:47 | i 43 | [Phase 2/3] route  77.32s / 73.44s / 105.3%  pyvrp  k=4
00:48:47 | i 42 | [ ASYNC BG] bg_ails  70.67s / 66.11s / 106.9%
00:48:47 | i 43 | [HAOS ROLL] k=4  λ=0.6  vb  ac_avg  pyvrp  P≈0.004142
00:48:47 | i 43 | [ Summary ] cost=1464552.00  Δ_S*=+0.75%  Δ_BKS=+0.84%  Δ_S*_BKS=+0.09%  no_improve=9
00:48:47 | i 44 | [HAOS ROLL] k=10  λ=0.0  vb  ac_complete  filo  P≈0.000407
00:48:48 | i 44 | [Phase 1/3] decompose  0.79s / — / —  λ=0.0  vb ac_complete
00:49:33 | i 44 | [Phase 2/3] route  45.13s / 27.48s / 164.2%  filo  k=10
00:50:03 | i 43 | [ ASYNC BG] bg_ails  75.78s / 71.68s / 105.7%
00:50:03 | i 44 | [HAOS ROLL] k=10  λ=0.0  vb  ac_complete  filo  P≈0.000407
00:50:03 | i 44 | [ Summary ] cost=1461294.00  Δ_S*=+0.53%  Δ_BKS=+0.62%  Δ_S*_BKS=+0.09%  no_improve=11
00:50:03 | i 45 | [HAOS ROLL] k=8  λ=0.6  vb  kmeans  ails2  P≈0.003363
00:50:04 | i 45 | [Phase 1/3] decompose  0.63s / — / —  λ=0.6  vb kmeans
00:50:55 | i 45 | [Phase 2/3] route  51.86s / 28.02s / 185.1%  ails2  k=8
00:51:08 | i 44 | [ ASYNC BG] bg_ails  64.76s / 60.00s / 107.9%
00:51:08 | i 45 | [HAOS ROLL] k=8  λ=0.6  vb  kmeans  ails2  P≈0.003363
00:51:08 | i 45 | [ Summary ] cost=1457394.00  Δ_S*=+0.26%  Δ_BKS=+0.35%  Δ_S*_BKS=+0.09%  no_improve=13
00:51:08 | i 46 | [HAOS ROLL] k=10  λ=1.0  vb  ac_avg  filo2  P≈0.001156
00:51:09 | i 46 | [Phase 1/3] decompose  0.94s / — / —  λ=1.0  vb ac_avg
00:51:57 | i 46 | [Phase 2/3] route  48.15s / 32.70s / 147.2%  filo2  k=10
00:52:13 | i 45 | [ ASYNC BG] bg_ails  64.97s / 60.00s / 108.3%
00:52:13 | i 46 | [HAOS ROLL] k=10  λ=1.0  vb  ac_avg  filo2  P≈0.001156
00:52:13 | i 46 | [ Summary ] cost=1462056.00  Δ_S*=+0.58%  Δ_BKS=+0.67%  Δ_S*_BKS=+0.09%  no_improve=15
00:52:13 | i 47 | [HAOS ROLL] k=8  λ=1.0  vb  ac_complete  ails2  P≈0.000510
00:52:14 | i 47 | [Phase 1/3] decompose  0.95s / — / —  λ=1.0  vb ac_complete
00:53:00 | i 47 | [Phase 2/3] route  46.22s / 44.88s / 103.0%  ails2  k=8
00:53:18 | i 46 | [ ASYNC BG] bg_ails  64.89s / 60.00s / 108.1%
00:53:18 | i 47 | [HAOS ROLL] k=8  λ=1.0  vb  ac_complete  ails2  P≈0.000510
00:53:18 | i 47 | [ Summary ] cost=1457317.00  Δ_S*=+0.25%  Δ_BKS=+0.34%  Δ_S*_BKS=+0.09%  no_improve=17
00:53:18 | i 48 | [HAOS ROLL] k=4  λ=0.0  vb  ac_avg  filo2  P≈0.001184
00:53:18 | i 48 | [Phase 1/3] decompose  0.78s / — / —  λ=0.0  vb ac_avg
00:54:38 | i 48 | [Phase 2/3] route  79.19s / 78.90s / 100.4%  filo2  k=4
00:54:38 | i 47 | [ ASYNC BG] bg_ails  64.70s / 60.00s / 107.8%
00:54:38 | i 48 | [HAOS ROLL] k=4  λ=0.0  vb  ac_avg  filo2  P≈0.001184
00:54:38 | i 48 | [ Summary ] cost=1459418.00  Δ_S*=+0.40%  Δ_BKS=+0.49%  Δ_S*_BKS=+0.09%  no_improve=19
00:54:38 | i 49 | [HAOS ROLL] k=8  λ=1.0  rb  kmeans  filo2  P≈0.000931
00:54:38 | i 49 | [Phase 1/3] decompose  0.65s / — / —  λ=1.0  rb kmeans
00:55:27 | i 49 | [Phase 2/3] route  48.12s / 28.80s / 167.1%  filo2  k=8
00:55:59 | i 48 | [ ASYNC BG] bg_ails  81.72s / 77.01s / 106.1%
00:55:59 | i 49 | [HAOS ROLL] k=8  λ=1.0  rb  kmeans  filo2  P≈0.000931
00:56:00 | i 49 | [ Summary ] cost=1460683.00  Δ_S*=+0.48%  Δ_BKS=+0.57%  Δ_S*_BKS=+0.09%  no_improve=21
00:56:00 | i 50 | [HAOS ROLL] k=4  λ=0.0  vb  kmeans  pyvrp  P≈0.001089
00:56:00 | i 50 | [Phase 1/3] decompose  0.50s / — / —  λ=0.0  vb kmeans
00:56:54 | i 50 | [Phase 2/3] route  53.56s / 51.36s / 104.3%  pyvrp  k=4
00:57:04 | i 49 | [ ASYNC BG] bg_ails  64.73s / 60.00s / 107.9%
00:57:04 | i 50 | [HAOS ROLL] k=4  λ=0.0  vb  kmeans  pyvrp  P≈0.001089
00:57:04 | i 50 | [ Summary ] cost=1465353.00  Δ_S*=+0.81%  Δ_BKS=+0.90%  Δ_S*_BKS=+0.09%  no_improve=23
00:57:04 | i 51 | [HAOS ROLL] k=4  λ=1.0  vb  kmeans  filo  P≈0.001947
00:57:05 | i 51 | [Phase 1/3] decompose  0.65s / — / —  λ=1.0  vb kmeans
00:57:56 | i 51 | [Phase 2/3] route  51.15s / 51.36s / 99.6%  filo  k=4
00:58:09 | i 50 | [ ASYNC BG] bg_ails  64.54s / 60.00s / 107.6%
00:58:09 | i 51 | [HAOS ROLL] k=4  λ=1.0  vb  kmeans  filo  P≈0.001947
00:58:09 | i 51 | [ Summary ] cost=1459418.00  Δ_S*=+0.40%  Δ_BKS=+0.49%  Δ_S*_BKS=+0.09%  no_improve=25
00:58:09 | i 52 | [HAOS ROLL] k=6  λ=0.2  rb  kmeans  filo  P≈0.000215
00:58:10 | i 52 | [Phase 1/3] decompose  0.74s / — / —  λ=0.2  rb kmeans
00:58:54 | i 52 | [Phase 2/3] route  44.13s / 44.22s / 99.8%  filo  k=6
00:59:13 | i 51 | [ ASYNC BG] bg_ails  64.69s / 60.00s / 107.8%
00:59:14 | i 52 | [HAOS ROLL] k=6  λ=0.2  rb  kmeans  filo  P≈0.000215
00:59:14 | i 52 | [ Summary ] cost=1460696.00  Δ_S*=+0.49%  Δ_BKS=+0.57%  Δ_S*_BKS=+0.09%  no_improve=27
00:59:14 | i 53 | [HAOS ROLL] k=8  λ=0.6  vb  kmeans  pyvrp  P≈0.003889
00:59:14 | i 53 | [Phase 1/3] decompose  0.65s / — / —  λ=0.6  vb kmeans
01:00:04 | i 53 | [Phase 2/3] route  49.94s / 28.86s / 173.0%  pyvrp  k=8
01:00:18 | i 52 | [ ASYNC BG] bg_ails  64.66s / 60.00s / 107.8%
01:00:18 | i 53 | [HAOS ROLL] k=8  λ=0.6  vb  kmeans  pyvrp  P≈0.003889
01:00:18 | i 53 | [ Summary ] cost=1464954.00  Δ_S*=+0.78%  Δ_BKS=+0.87%  Δ_S*_BKS=+0.09%  no_improve=29
01:00:18 | i 54 | [HAOS ROLL] k=6  λ=0.0  rb  ac_complete  pyvrp  P≈0.000250
01:00:19 | i 54 | [Phase 1/3] decompose  0.52s / — / —  λ=0.0  rb ac_complete
01:01:04 | i 54 | [Phase 2/3] route  45.30s / 43.56s / 104.0%  pyvrp  k=6
01:01:23 | i 53 | [ ASYNC BG] bg_ails  64.99s / 60.00s / 108.3%
01:01:23 | i 54 | [HAOS ROLL] k=6  λ=0.0  rb  ac_complete  pyvrp  P≈0.000250
01:01:23 | i 54 | [ Summary ] cost=1464146.00  Δ_S*=+0.72%  Δ_BKS=+0.81%  Δ_S*_BKS=+0.09%  no_improve=31
01:01:23 | i 55 | [HAOS ROLL] k=4  λ=0.0  vb  kmedoids  filo  P≈0.000845
01:01:24 | i 55 | [Phase 1/3] decompose  0.78s / — / —  λ=0.0  vb kmedoids
01:02:29 | i 55 | [Phase 2/3] route  65.16s / 65.46s / 99.5%  filo  k=4
01:02:29 | i 54 | [ ASYNC BG] bg_ails  64.80s / 60.00s / 108.0%
01:02:29 | i 55 | [HAOS ROLL] k=4  λ=0.0  vb  kmedoids  filo  P≈0.000845
01:02:30 | i 55 | [ Summary ] cost=1460734.00  Δ_S*=+0.49%  Δ_BKS=+0.58%  Δ_S*_BKS=+0.09%  no_improve=33
01:02:30 | i 56 | [HAOS ROLL] k=4  λ=0.8  vb  ac_avg  ails2  P≈0.000715
01:02:30 | i 56 | [Phase 1/3] decompose  0.92s / — / —  λ=0.8  vb ac_avg
01:04:01 | i 56 | [Phase 2/3] route  90.29s / 88.80s / 101.7%  ails2  k=4
01:04:01 | i 55 | [ ASYNC BG] bg_ails  67.54s / 63.89s / 105.7%
01:04:01 | i 56 | [HAOS ROLL] k=4  λ=0.8  vb  ac_avg  ails2  P≈0.000715
01:04:01 | i 56 | [ Summary ] cost=1455151.00  Δ_S*=+0.10%  Δ_BKS=+0.19%  Δ_S*_BKS=+0.09%  no_improve=35
01:04:01 | i 40 | [ASYNC 1/2] sp_sc  725.03s / 720.00s / 100.7%  SC  avg_coverage=11.42/5  pool=10000
01:04:01 | i 40 | [ASYNC 2/2] standard_ails  363.86s / 360.00s / 101.1%
01:04:41 | i 57 | [HAOS ROLL] k=4  λ=0.8  rb  ac_avg  filo  P≈0.000524
01:04:42 | i 57 | [Phase 1/3] decompose  0.64s / — / —  λ=0.8  rb ac_avg
01:05:45 | i 57 | [Phase 2/3] route  63.14s / 63.12s / 100.0%  filo  k=4
01:05:45 | i 56 | [ ASYNC BG] bg_ails  90.58s / 86.67s / 104.5%
01:05:45 | i 57 | [HAOS ROLL] k=4  λ=0.8  rb  ac_avg  filo  P≈0.000524
01:05:45 | i 57 | [ Summary ] cost=1459212.00  Δ_S*=+0.38%  Δ_BKS=+0.47%  Δ_S*_BKS=+0.09%  no_improve=38
01:05:45 | i 58 | [HAOS ROLL] k=8  λ=1.0  vb  kmedoids  filo  P≈0.000583
01:05:46 | i 58 | [Phase 1/3] decompose  0.85s / — / —  λ=1.0  vb kmedoids
01:06:35 | i 58 | [Phase 2/3] route  49.14s / 29.04s / 169.2%  filo  k=8
01:06:50 | i 57 | [ ASYNC BG] bg_ails  65.69s / 61.61s / 106.6%
01:06:51 | i 58 | [HAOS ROLL] k=8  λ=1.0  vb  kmedoids  filo  P≈0.000583
01:06:51 | i 58 | [ Summary ] cost=1461466.00  Δ_S*=+0.54%  Δ_BKS=+0.63%  Δ_S*_BKS=+0.09%  no_improve=40
01:06:51 | i 59 | [HAOS ROLL] k=4  λ=0.8  rb  ac_avg  filo2  P≈0.000415
01:06:51 | i 59 | [Phase 1/3] decompose  0.66s / — / —  λ=0.8  rb ac_avg
01:07:55 | i 59 | [Phase 2/3] route  63.14s / 63.12s / 100.0%  filo2  k=4
01:07:55 | i 58 | [ ASYNC BG] bg_ails  64.68s / 60.00s / 107.8%
01:07:55 | i 59 | [HAOS ROLL] k=4  λ=0.8  rb  ac_avg  filo2  P≈0.000415
01:07:55 | i 59 | [ Summary ] cost=1458869.00  Δ_S*=+0.36%  Δ_BKS=+0.45%  Δ_S*_BKS=+0.09%  no_improve=42
01:07:55 | i 60 | [HAOS ROLL] k=4  λ=0.0  vb  kmeans  ails2  P≈0.002180
01:07:56 | i 60 | [Phase 1/3] decompose  0.49s / — / —  λ=0.0  vb kmeans
01:08:49 | i 60 | [Phase 2/3] route  52.78s / 51.36s / 102.8%  ails2  k=4
01:09:01 | i 59 | [ ASYNC BG] bg_ails  65.88s / 61.61s / 106.9%
01:09:01 | i 60 | [HAOS ROLL] k=4  λ=0.0  vb  kmeans  ails2  P≈0.002180
01:09:01 | i 60 | [ Summary ] cost=1455188.00  Δ_S*=+0.11%  Δ_BKS=+0.20%  Δ_S*_BKS=+0.09%  no_improve=44
01:09:01 | i 61 | [HAOS ROLL] k=8  λ=0.6  vb  kmedoids  filo  P≈0.001917
01:09:02 | i 61 | [Phase 1/3] decompose  0.96s / — / —  λ=0.6  vb kmedoids
01:09:52 | i 61 | [Phase 2/3] route  50.12s / 28.62s / 175.1%  filo  k=8
01:10:06 | i 60 | [ ASYNC BG] bg_ails  64.56s / 60.00s / 107.6%
01:10:06 | i 61 | [HAOS ROLL] k=8  λ=0.6  vb  kmedoids  filo  P≈0.001917
01:10:06 | i 61 | [ Summary ] cost=1461411.00  Δ_S*=+0.53%  Δ_BKS=+0.62%  Δ_S*_BKS=+0.09%  no_improve=46
01:10:06 | i 62 | [HAOS ROLL] k=4  λ=0.0  vb  kmeans  pyvrp  P≈0.003255
01:10:06 | i 62 | [Phase 1/3] decompose  0.48s / — / —  λ=0.0  vb kmeans
01:11:00 | i 62 | [Phase 2/3] route  53.60s / 51.36s / 104.4%  pyvrp  k=4
01:11:10 | i 61 | [ ASYNC BG] bg_ails  64.75s / 60.00s / 107.9%
01:11:11 | i 62 | [HAOS ROLL] k=4  λ=0.0  vb  kmeans  pyvrp  P≈0.003255
01:11:11 | i 62 | [ Summary ] cost=1465661.00  Δ_S*=+0.83%  Δ_BKS=+0.92%  Δ_S*_BKS=+0.09%  no_improve=48
01:11:11 | i 63 | [HAOS ROLL] k=4  λ=1.0  rb  kmeans  ails2  P≈0.001149
01:11:11 | i 63 | [Phase 1/3] decompose  0.65s / — / —  λ=1.0  rb kmeans
01:12:04 | i 63 | [Phase 2/3] route  52.76s / 51.90s / 101.7%  ails2  k=4
01:12:15 | i 62 | [ ASYNC BG] bg_ails  64.68s / 60.00s / 107.8%
01:12:15 | i 63 | [ IMPROVE ] 1453397.00  via decompose_route  ·  Δ_BKS=+0.07%
01:12:15 | i 63 | [HAOS ROLL] k=4  λ=1.0  rb  kmeans  ails2  P≈0.001149
01:12:15 | i 63 | [ Summary ] cost=1453397.00  Δ_S*=+0.00%  Δ_BKS=+0.07%  Δ_S*_BKS=+0.07%  no_improve=0
01:12:15 | i 64 | [HAOS ROLL] k=3  λ=0.0  rb  kmeans  filo  P≈0.000767
01:12:16 | i 64 | [Phase 1/3] decompose  0.51s / — / —  λ=0.0  rb kmeans
01:13:31 | i 64 | [Phase 2/3] route  75.17s / 74.88s / 100.4%  filo  k=3
01:13:31 | i 63 | [ ASYNC BG] bg_ails  64.84s / 60.00s / 108.1%
01:13:31 | i 64 | [HAOS ROLL] k=3  λ=0.0  rb  kmeans  filo  P≈0.000767
01:13:31 | i 64 | [ Summary ] cost=1458079.00  Δ_S*=+0.32%  Δ_BKS=+0.39%  Δ_S*_BKS=+0.07%  no_improve=2
01:13:31 | i 65 | [HAOS ROLL] k=4  λ=0.6  rb  ac_complete  ails2  P≈0.001517
01:13:32 | i 65 | [Phase 1/3] decompose  0.66s / — / —  λ=0.6  rb ac_complete
01:14:45 | i 65 | [Phase 2/3] route  72.97s / 71.46s / 102.1%  ails2  k=4
01:14:49 | i 64 | [ ASYNC BG] bg_ails  77.66s / 73.08s / 106.3%
01:14:49 | i 65 | [HAOS ROLL] k=4  λ=0.6  rb  ac_complete  ails2  P≈0.001517
01:14:49 | i 65 | [ Summary ] cost=1453695.00  Δ_S*=+0.02%  Δ_BKS=+0.09%  Δ_S*_BKS=+0.07%  no_improve=4
01:14:49 | i 66 | [HAOS ROLL] k=4  λ=0.6  vb  ac_complete  pyvrp  P≈0.001562
01:14:50 | i 66 | [Phase 1/3] decompose  0.95s / — / —  λ=0.6  vb ac_complete
01:15:52 | i 66 | [Phase 2/3] route  62.14s / 59.28s / 104.8%  pyvrp  k=4
01:16:03 | i 65 | [ ASYNC BG] bg_ails  73.86s / 69.74s / 105.9%
01:16:03 | i 66 | [HAOS ROLL] k=4  λ=0.6  vb  ac_complete  pyvrp  P≈0.001562
01:16:03 | i 66 | [ Summary ] cost=1464043.00  Δ_S*=+0.73%  Δ_BKS=+0.80%  Δ_S*_BKS=+0.07%  no_improve=6
01:16:03 | i 67 | [HAOS ROLL] k=6  λ=0.6  rb  ac_complete  pyvrp  P≈0.000665
01:16:04 | i 67 | [Phase 1/3] decompose  0.68s / — / —  λ=0.6  rb ac_complete
01:16:49 | i 67 | [Phase 2/3] route  45.06s / 43.26s / 104.2%  pyvrp  k=6
01:17:08 | i 66 | [ ASYNC BG] bg_ails  64.99s / 60.00s / 108.3%
01:17:08 | i 67 | [HAOS ROLL] k=6  λ=0.6  rb  ac_complete  pyvrp  P≈0.000665
01:17:08 | i 67 | [ Summary ] cost=1464743.00  Δ_S*=+0.78%  Δ_BKS=+0.85%  Δ_S*_BKS=+0.07%  no_improve=8
01:17:08 | i 68 | [HAOS ROLL] k=10  λ=0.0  vb  kmeans  ails2  P≈0.001746
01:17:08 | i 68 | [Phase 1/3] decompose  0.50s / — / —  λ=0.0  vb kmeans
01:17:52 | i 68 | [Phase 2/3] route  43.90s / 23.22s / 189.1%  ails2  k=10
01:18:13 | i 67 | [ ASYNC BG] bg_ails  65.04s / 60.00s / 108.4%
01:18:13 | i 68 | [HAOS ROLL] k=10  λ=0.0  vb  kmeans  ails2  P≈0.001746
01:18:13 | i 68 | [ Summary ] cost=1461168.00  Δ_S*=+0.53%  Δ_BKS=+0.61%  Δ_S*_BKS=+0.07%  no_improve=10
01:18:13 | i 69 | [HAOS ROLL] k=10  λ=0.2  rb  ac_avg  filo  P≈0.000312
01:18:14 | i 69 | [Phase 1/3] decompose  0.68s / — / —  λ=0.2  rb ac_avg
01:18:55 | i 69 | [Phase 2/3] route  41.14s / 28.20s / 145.9%  filo  k=10
01:19:18 | i 68 | [ ASYNC BG] bg_ails  64.74s / 60.00s / 107.9%
01:19:18 | i 69 | [HAOS ROLL] k=10  λ=0.2  rb  ac_avg  filo  P≈0.000312
01:19:18 | i 69 | [ Summary ] cost=1462525.00  Δ_S*=+0.63%  Δ_BKS=+0.70%  Δ_S*_BKS=+0.07%  no_improve=12
01:19:18 | i 70 | [HAOS ROLL] k=10  λ=0.8  vb  ac_complete  pyvrp  P≈0.000332
01:19:19 | i 70 | [Phase 1/3] decompose  0.94s / — / —  λ=0.8  vb ac_complete
01:20:00 | i 70 | [Phase 2/3] route  41.64s / 29.34s / 141.9%  pyvrp  k=10
01:20:22 | i 69 | [ ASYNC BG] bg_ails  64.77s / 60.00s / 107.9%
01:20:23 | i 70 | [HAOS ROLL] k=10  λ=0.8  vb  ac_complete  pyvrp  P≈0.000332
01:20:23 | i 70 | [ Summary ] cost=1468166.00  Δ_S*=+1.02%  Δ_BKS=+1.09%  Δ_S*_BKS=+0.07%  no_improve=14
01:20:23 | i 71 | [HAOS ROLL] k=4  λ=1.0  rb  ac_avg  ails2  P≈0.001155
01:20:23 | i 71 | [Phase 1/3] decompose  0.67s / — / —  λ=1.0  rb ac_avg
01:21:29 | i 71 | [Phase 2/3] route  65.94s / 64.26s / 102.6%  ails2  k=4
01:21:29 | i 70 | [ ASYNC BG] bg_ails  64.94s / 60.00s / 108.2%
01:21:29 | i 71 | [HAOS ROLL] k=4  λ=1.0  rb  ac_avg  ails2  P≈0.001155
01:21:29 | i 71 | [ Summary ] cost=1453757.00  Δ_S*=+0.02%  Δ_BKS=+0.10%  Δ_S*_BKS=+0.07%  no_improve=16
01:21:29 | i 72 | [HAOS ROLL] k=8  λ=1.0  vb  kmedoids  filo  P≈0.000640
01:21:30 | i 72 | [Phase 1/3] decompose  0.87s / — / —  λ=1.0  vb kmedoids
01:22:19 | i 72 | [Phase 2/3] route  49.14s / 29.04s / 169.2%  filo  k=8
01:22:36 | i 71 | [ ASYNC BG] bg_ails  66.79s / 62.72s / 106.5%
01:22:36 | i 72 | [HAOS ROLL] k=8  λ=1.0  vb  kmedoids  filo  P≈0.000640
01:22:36 | i 72 | [ Summary ] cost=1463179.00  Δ_S*=+0.67%  Δ_BKS=+0.75%  Δ_S*_BKS=+0.07%  no_improve=18
01:22:36 | i 73 | [HAOS ROLL] k=4  λ=0.6  vb  fcm  filo2  P≈0.001371
01:22:37 | i 73 | [Phase 1/3] decompose  0.69s / — / —  λ=0.6  vb fcm
01:23:28 | i 73 | [Phase 2/3] route  51.14s / 51.18s / 99.9%  filo2  k=4
01:23:41 | i 72 | [ ASYNC BG] bg_ails  64.83s / 60.00s / 108.1%
01:23:41 | i 73 | [HAOS ROLL] k=4  λ=0.6  vb  fcm  filo2  P≈0.001371
01:23:41 | i 73 | [ Summary ] cost=1459680.00  Δ_S*=+0.43%  Δ_BKS=+0.50%  Δ_S*_BKS=+0.07%  no_improve=20
01:23:41 | i 74 | [HAOS ROLL] k=3  λ=0.0  rb  ac_complete  filo  P≈0.000368
01:23:42 | i 74 | [Phase 1/3] decompose  0.52s / — / —  λ=0.0  rb ac_complete
01:25:21 | i 74 | [Phase 2/3] route  99.23s / 98.52s / 100.7%  filo  k=3
01:25:21 | i 73 | [ ASYNC BG] bg_ails  64.74s / 60.00s / 107.9%
01:25:21 | i 74 | [HAOS ROLL] k=3  λ=0.0  rb  ac_complete  filo  P≈0.000368
01:25:21 | i 74 | [ Summary ] cost=1458520.00  Δ_S*=+0.35%  Δ_BKS=+0.42%  Δ_S*_BKS=+0.07%  no_improve=22
01:25:21 | i 57 | [ASYNC 1/2] sp_sc  724.10s / 720.00s / 100.6%  SC  avg_coverage=11.38/5  pool=10000
01:25:21 | i 57 | [ASYNC 2/2] standard_ails  364.02s / 360.00s / 101.1%
01:26:01 | i 57 | [ IMPROVE ] 1453342.00  via standard_ails  ·  Δ_BKS=+0.07%
01:26:01 | i 75 | [HAOS ROLL] k=3  λ=0.2  vb  kmeans  ails2  P≈0.000402
01:26:02 | i 75 | [Phase 1/3] decompose  0.62s / — / —  λ=0.2  vb kmeans
01:27:18 | i 75 | [Phase 2/3] route  75.88s / 74.52s / 101.8%  ails2  k=3
01:27:18 | i 74 | [ ASYNC BG] bg_ails  100.46s / 96.16s / 104.5%
01:27:18 | i 75 | [HAOS ROLL] k=3  λ=0.2  vb  kmeans  ails2  P≈0.000402
01:27:18 | i 75 | [ Summary ] cost=1455363.00  Δ_S*=+0.14%  Δ_BKS=+0.21%  Δ_S*_BKS=+0.07%  no_improve=2
01:27:18 | i 76 | [HAOS ROLL] k=12  λ=0.6  vb  ac_complete  filo  P≈0.000955
01:27:19 | i 76 | [Phase 1/3] decompose  0.93s / — / —  λ=0.6  vb ac_complete
01:27:57 | i 76 | [Phase 2/3] route  38.13s / 25.08s / 152.0%  filo  k=12
01:28:35 | i 75 | [ ASYNC BG] bg_ails  76.80s / 72.73s / 105.6%
01:28:35 | i 76 | [HAOS ROLL] k=12  λ=0.6  vb  ac_complete  filo  P≈0.000955
01:28:35 | i 76 | [ Summary ] cost=1465765.00  Δ_S*=+0.85%  Δ_BKS=+0.92%  Δ_S*_BKS=+0.07%  no_improve=4
01:28:35 | i 77 | [HAOS ROLL] k=3  λ=0.6  vb  kmeans  filo2  P≈0.001731
01:28:35 | i 77 | [Phase 1/3] decompose  0.63s / — / —  λ=0.6  vb kmeans
01:29:51 | i 77 | [Phase 2/3] route  75.18s / 74.52s / 100.9%  filo2  k=3
01:29:51 | i 76 | [ ASYNC BG] bg_ails  64.67s / 60.00s / 107.8%
01:29:51 | i 77 | [HAOS ROLL] k=3  λ=0.6  vb  kmeans  filo2  P≈0.001731
01:29:51 | i 77 | [ Summary ] cost=1458515.00  Δ_S*=+0.36%  Δ_BKS=+0.42%  Δ_S*_BKS=+0.07%  no_improve=6
01:29:51 | i 78 | [HAOS ROLL] k=4  λ=0.8  rb  ac_avg  pyvrp  P≈0.000619
01:29:52 | i 78 | [Phase 1/3] decompose  0.66s / — / —  λ=0.8  rb ac_avg
01:31:13 | i 78 | [Phase 2/3] route  81.30s / 77.04s / 105.5%  pyvrp  k=4
01:31:13 | i 77 | [ ASYNC BG] bg_ails  76.67s / 72.73s / 105.4%
01:31:13 | i 78 | [HAOS ROLL] k=4  λ=0.8  rb  ac_avg  pyvrp  P≈0.000619
01:31:13 | i 78 | [ Summary ] cost=1464006.00  Δ_S*=+0.73%  Δ_BKS=+0.80%  Δ_S*_BKS=+0.07%  no_improve=8
01:31:13 | i 79 | [HAOS ROLL] k=8  λ=0.6  vb  ac_complete  ails2  P≈0.001108
01:31:14 | i 79 | [Phase 1/3] decompose  0.93s / — / —  λ=0.6  vb ac_complete
01:31:55 | i 79 | [Phase 2/3] route  40.85s / 33.78s / 120.9%  ails2  k=8
01:32:33 | i 78 | [ ASYNC BG] bg_ails  79.76s / 75.19s / 106.1%
01:32:33 | i 79 | [HAOS ROLL] k=8  λ=0.6  vb  ac_complete  ails2  P≈0.001108
01:32:33 | i 79 | [ Summary ] cost=1459113.00  Δ_S*=+0.40%  Δ_BKS=+0.47%  Δ_S*_BKS=+0.07%  no_improve=10
01:32:33 | i 80 | [HAOS ROLL] k=2  λ=0.6  rb  kmeans  filo2  P≈0.000474
01:32:34 | i 80 | [Phase 1/3] decompose  0.65s / — / —  λ=0.6  rb kmeans
01:34:16 | i 80 | [Phase 2/3] route  102.24s / 102.30s / 99.9%  filo2  k=2
01:34:16 | i 79 | [ ASYNC BG] bg_ails  64.72s / 60.00s / 107.9%
01:34:16 | i 80 | [HAOS ROLL] k=2  λ=0.6  rb  kmeans  filo2  P≈0.000474
01:34:16 | i 80 | [ Summary ] cost=1457163.00  Δ_S*=+0.26%  Δ_BKS=+0.33%  Δ_S*_BKS=+0.07%  no_improve=12
01:34:16 | i 81 | [HAOS ROLL] k=10  λ=0.0  vb  ac_avg  pyvrp  P≈0.001547
01:34:17 | i 81 | [Phase 1/3] decompose  0.78s / — / —  λ=0.0  vb ac_avg
01:34:58 | i 81 | [Phase 2/3] route  41.32s / 32.16s / 128.5%  pyvrp  k=10
01:36:00 | i 80 | [ ASYNC BG] bg_ails  103.71s / 99.84s / 103.9%
01:36:00 | i 81 | [HAOS ROLL] k=10  λ=0.0  vb  ac_avg  pyvrp  P≈0.001547
01:36:00 | i 81 | [ Summary ] cost=1466419.00  Δ_S*=+0.90%  Δ_BKS=+0.97%  Δ_S*_BKS=+0.07%  no_improve=14
01:36:00 | i 82 | [HAOS ROLL] k=10  λ=0.6  rb  kmeans  filo  P≈0.005313
01:36:00 | i 82 | [Phase 1/3] decompose  0.66s / — / —  λ=0.6  rb kmeans
01:36:43 | i 82 | [Phase 2/3] route  42.13s / 24.54s / 171.7%  filo  k=10
01:37:04 | i 81 | [ ASYNC BG] bg_ails  64.69s / 60.00s / 107.8%
01:37:04 | i 82 | [HAOS ROLL] k=10  λ=0.6  rb  kmeans  filo  P≈0.005313
01:37:04 | i 82 | [ Summary ] cost=1465072.00  Δ_S*=+0.81%  Δ_BKS=+0.88%  Δ_S*_BKS=+0.07%  no_improve=16
01:37:04 | i 83 | [HAOS ROLL] k=8  λ=0.6  rb  kmeans  filo  P≈0.002956
01:37:05 | i 83 | [Phase 1/3] decompose  0.66s / — / —  λ=0.6  rb kmeans
01:37:50 | i 83 | [Phase 2/3] route  45.13s / 30.54s / 147.8%  filo  k=8
01:38:09 | i 82 | [ ASYNC BG] bg_ails  64.78s / 60.00s / 108.0%
01:38:09 | i 83 | [HAOS ROLL] k=8  λ=0.6  rb  kmeans  filo  P≈0.002956
01:38:09 | i 83 | [ Summary ] cost=1463281.00  Δ_S*=+0.68%  Δ_BKS=+0.75%  Δ_S*_BKS=+0.07%  no_improve=18
01:38:09 | i 84 | [HAOS ROLL] k=4  λ=0.6  vb  kmeans  filo  P≈0.009942
01:38:10 | i 84 | [Phase 1/3] decompose  0.65s / — / —  λ=0.6  vb kmeans
01:39:01 | i 84 | [Phase 2/3] route  51.14s / 51.24s / 99.8%  filo  k=4
01:39:14 | i 83 | [ ASYNC BG] bg_ails  64.77s / 60.00s / 107.9%
01:39:14 | i 84 | [HAOS ROLL] k=4  λ=0.6  vb  kmeans  filo  P≈0.009942
01:39:14 | i 84 | [ Summary ] cost=1459134.00  Δ_S*=+0.40%  Δ_BKS=+0.47%  Δ_S*_BKS=+0.07%  no_improve=20
01:39:14 | i 85 | [HAOS ROLL] k=10  λ=0.4  vb  kmedoids  filo  P≈0.000218
01:39:15 | i 85 | [Phase 1/3] decompose  0.87s / — / —  λ=0.4  vb kmedoids
01:39:56 | i 85 | [Phase 2/3] route  41.13s / 23.34s / 176.2%  filo  k=10
01:40:19 | i 84 | [ ASYNC BG] bg_ails  64.72s / 60.00s / 107.9%
01:40:19 | i 85 | [HAOS ROLL] k=10  λ=0.4  vb  kmedoids  filo  P≈0.000218
01:40:19 | i 85 | [ Summary ] cost=1464600.00  Δ_S*=+0.77%  Δ_BKS=+0.84%  Δ_S*_BKS=+0.07%  no_improve=22
01:40:19 | i 86 | [HAOS ROLL] k=4  λ=0.6  vb  kmedoids  pyvrp  P≈0.001471
01:40:20 | i 86 | [Phase 1/3] decompose  1.07s / — / —  λ=0.6  vb kmedoids
01:41:14 | i 86 | [Phase 2/3] route  54.17s / 51.84s / 104.5%  pyvrp  k=4
01:41:24 | i 85 | [ ASYNC BG] bg_ails  65.05s / 60.00s / 108.4%
01:41:24 | i 86 | [HAOS ROLL] k=4  λ=0.6  vb  kmedoids  pyvrp  P≈0.001471
01:41:24 | i 86 | [ Summary ] cost=1464590.00  Δ_S*=+0.77%  Δ_BKS=+0.84%  Δ_S*_BKS=+0.07%  no_improve=24
01:41:24 | i 87 | [HAOS ROLL] k=10  λ=0.6  vb  fcm  pyvrp  P≈0.002187
01:41:25 | i 87 | [Phase 1/3] decompose  0.86s / — / —  λ=0.6  vb fcm
01:42:07 | i 87 | [Phase 2/3] route  42.03s / 22.62s / 185.8%  pyvrp  k=10
01:42:28 | i 86 | [ ASYNC BG] bg_ails  64.75s / 60.00s / 107.9%
01:42:29 | i 87 | [HAOS ROLL] k=10  λ=0.6  vb  fcm  pyvrp  P≈0.002187
01:42:29 | i 87 | [ Summary ] cost=1464129.00  Δ_S*=+0.74%  Δ_BKS=+0.81%  Δ_S*_BKS=+0.07%  no_improve=26
01:42:29 | i 88 | [HAOS ROLL] k=10  λ=0.2  vb  fcm  pyvrp  P≈0.000503
01:42:29 | i 88 | [Phase 1/3] decompose  0.86s / — / —  λ=0.2  vb fcm
01:43:11 | i 88 | [Phase 2/3] route  41.36s / 23.04s / 179.5%  pyvrp  k=10
01:43:33 | i 87 | [ ASYNC BG] bg_ails  64.82s / 60.00s / 108.0%
01:43:33 | i 88 | [HAOS ROLL] k=10  λ=0.2  vb  fcm  pyvrp  P≈0.000503
01:43:33 | i 88 | [ Summary ] cost=1463488.00  Δ_S*=+0.70%  Δ_BKS=+0.77%  Δ_S*_BKS=+0.07%  no_improve=28
01:43:33 | i 89 | [HAOS ROLL] k=6  λ=0.6  rb  kmeans  filo2  P≈0.001124
01:43:34 | i 89 | [Phase 1/3] decompose  0.66s / — / —  λ=0.6  rb kmeans
01:44:13 | i 89 | [Phase 2/3] route  39.13s / 39.48s / 99.1%  filo2  k=6
01:44:38 | i 88 | [ ASYNC BG] bg_ails  64.77s / 60.00s / 108.0%
01:44:38 | i 89 | [HAOS ROLL] k=6  λ=0.6  rb  kmeans  filo2  P≈0.001124
01:44:38 | i 89 | [ Summary ] cost=1460295.00  Δ_S*=+0.48%  Δ_BKS=+0.55%  Δ_S*_BKS=+0.07%  no_improve=30
01:44:38 | i 90 | [HAOS ROLL] k=10  λ=0.6  vb  kmedoids  filo2  P≈0.001531
01:44:39 | i 90 | [Phase 1/3] decompose  0.86s / — / —  λ=0.6  vb kmedoids
01:45:22 | i 90 | [Phase 2/3] route  43.13s / 24.90s / 173.2%  filo2  k=10
01:45:43 | i 89 | [ ASYNC BG] bg_ails  64.74s / 60.00s / 107.9%
01:45:43 | i 90 | [HAOS ROLL] k=10  λ=0.6  vb  kmedoids  filo2  P≈0.001531
01:45:43 | i 90 | [ Summary ] cost=1464075.00  Δ_S*=+0.74%  Δ_BKS=+0.81%  Δ_S*_BKS=+0.07%  no_improve=32
01:45:43 | i 75 | [ASYNC 1/2] sp_sc  725.42s / 720.00s / 100.8%  SC  avg_coverage=11.43/5  pool=10000
01:45:43 | i 75 | [ASYNC 2/2] standard_ails  363.93s / 360.00s / 101.1%
01:46:23 | i 91 | [HAOS ROLL] k=6  λ=0.6  rb  ac_complete  filo  P≈0.001895
01:46:24 | i 91 | [Phase 1/3] decompose  0.64s / — / —  λ=0.6  rb ac_complete
01:47:12 | i 91 | [Phase 2/3] route  48.15s / 48.00s / 100.3%  filo  k=6
01:47:12 | i 90 | [ ASYNC BG] bg_ails  64.72s / 60.00s / 107.9%
01:47:12 | i 91 | [HAOS ROLL] k=6  λ=0.6  rb  ac_complete  filo  P≈0.001895
01:47:12 | i 91 | [ Summary ] cost=1460986.00  Δ_S*=+0.53%  Δ_BKS=+0.59%  Δ_S*_BKS=+0.07%  no_improve=35
01:47:12 | i 92 | [HAOS ROLL] k=10  λ=0.4  rb  kmeans  filo  P≈0.000793
01:47:13 | i 92 | [Phase 1/3] decompose  0.66s / — / —  λ=0.4  rb kmeans
01:47:57 | i 92 | [Phase 2/3] route  44.12s / 22.62s / 195.0%  filo  k=10
01:48:17 | i 91 | [ ASYNC BG] bg_ails  64.80s / 60.00s / 108.0%
01:48:17 | i 92 | [HAOS ROLL] k=10  λ=0.4  rb  kmeans  filo  P≈0.000793
01:48:17 | i 92 | [ Summary ] cost=1460086.00  Δ_S*=+0.46%  Δ_BKS=+0.53%  Δ_S*_BKS=+0.07%  no_improve=37
01:48:17 | i 93 | [HAOS ROLL] k=12  λ=0.0  rb  kmeans  ails2  P≈0.000316
01:48:18 | i 93 | [Phase 1/3] decompose  0.51s / — / —  λ=0.0  rb kmeans
01:48:55 | i 93 | [Phase 2/3] route  37.86s / 19.92s / 190.0%  ails2  k=12
01:49:22 | i 92 | [ ASYNC BG] bg_ails  64.87s / 60.00s / 108.1%
01:49:22 | i 93 | [ IMPROVE ] 1453192.00  via decompose_route  ·  Δ_BKS=+0.06%
01:49:22 | i 93 | [HAOS ROLL] k=12  λ=0.0  rb  kmeans  ails2  P≈0.000316
01:49:22 | i 93 | [ Summary ] cost=1453192.00  Δ_S*=+0.00%  Δ_BKS=+0.06%  Δ_S*_BKS=+0.06%  no_improve=0
01:49:22 | i 94 | [HAOS ROLL] k=10  λ=0.2  vb  kmeans  filo2  P≈0.000892
01:49:22 | i 94 | [Phase 1/3] decompose  0.64s / — / —  λ=0.2  vb kmeans
01:50:06 | i 94 | [Phase 2/3] route  43.13s / 23.16s / 186.2%  filo2  k=10
01:50:26 | i 93 | [ ASYNC BG] bg_ails  64.64s / 60.00s / 107.7%
01:50:26 | i 94 | [HAOS ROLL] k=10  λ=0.2  vb  kmeans  filo2  P≈0.000892
01:50:26 | i 94 | [ Summary ] cost=1462056.00  Δ_S*=+0.61%  Δ_BKS=+0.67%  Δ_S*_BKS=+0.06%  no_improve=2
01:50:26 | i 95 | [HAOS ROLL] k=8  λ=0.6  vb  kmeans  filo  P≈0.004800
01:50:27 | i 95 | [Phase 1/3] decompose  0.66s / — / —  λ=0.6  vb kmeans
01:51:14 | i 95 | [Phase 2/3] route  47.13s / 29.10s / 162.0%  filo  k=8
01:51:31 | i 94 | [ ASYNC BG] bg_ails  64.98s / 60.00s / 108.3%
01:51:32 | i 95 | [HAOS ROLL] k=8  λ=0.6  vb  kmeans  filo  P≈0.004800
01:51:32 | i 95 | [ Summary ] cost=1464457.00  Δ_S*=+0.78%  Δ_BKS=+0.83%  Δ_S*_BKS=+0.06%  no_improve=4
01:51:32 | i 96 | [HAOS ROLL] k=3  λ=1.0  vb  ac_complete  filo2  P≈0.000131
01:51:33 | i 96 | [Phase 1/3] decompose  0.98s / — / —  λ=1.0  vb ac_complete
01:52:54 | i 96 | [Phase 2/3] route  81.18s / 80.52s / 100.8%  filo2  k=3
01:52:54 | i 95 | [ ASYNC BG] bg_ails  64.83s / 60.00s / 108.1%
01:52:54 | i 96 | [HAOS ROLL] k=3  λ=1.0  vb  ac_complete  filo2  P≈0.000131
01:52:54 | i 96 | [ Summary ] cost=1459710.00  Δ_S*=+0.45%  Δ_BKS=+0.51%  Δ_S*_BKS=+0.06%  no_improve=6
01:52:54 | i 97 | [HAOS ROLL] k=8  λ=0.2  rb  kmeans  filo  P≈0.000848
01:52:55 | i 97 | [Phase 1/3] decompose  0.68s / — / —  λ=0.2  rb kmeans
01:53:42 | i 97 | [Phase 2/3] route  47.14s / 30.66s / 153.7%  filo  k=8
01:54:17 | i 96 | [ ASYNC BG] bg_ails  82.83s / 78.59s / 105.4%
01:54:17 | i 97 | [HAOS ROLL] k=8  λ=0.2  rb  kmeans  filo  P≈0.000848
01:54:17 | i 97 | [ Summary ] cost=1463075.00  Δ_S*=+0.68%  Δ_BKS=+0.74%  Δ_S*_BKS=+0.06%  no_improve=8
01:54:17 | i 98 | [HAOS ROLL] k=4  λ=0.0  vb  kmeans  ails2  P≈0.002541
01:54:17 | i 98 | [Phase 1/3] decompose  0.46s / — / —  λ=0.0  vb kmeans
01:55:10 | i 98 | [Phase 2/3] route  52.77s / 51.24s / 103.0%  ails2  k=4
01:55:10 | i 98 | [HAOS ROLL] k=4  λ=0.0  vb  kmeans  ails2  P≈0.002541
01:55:10 | i 98 | [ Summary ] cost=1455592.00  Δ_S*=+0.17%  Δ_BKS=+0.22%  Δ_S*_BKS=+0.06%  no_improve=9
01:55:10 | i — | [  FINAL  ] async BG-AILS totals launched=96 applied=96 adopted=3 launch_skipped_cap=2 crashes=0 discarded_in_flight=False block_wait_total_s=1531.8
01:55:40 | i — | [  FINAL  ] async SP/SC totals invocations=6 adopted=2 skipped=0 discarded_in_flight=True sp_busy_frac=0.8432831401327551
01:55:40 | i — | [  FINAL  ] ════════════════════════════════════════
01:55:40 | i — | [  FINAL  ] Run complete  iterations=98  elapsed=02:00:38  best=1453192.00
01:55:40 | i — | [  FINAL  ] Δ_BKS=+0.06%  no_improve_stop=False  time_stop=True  cancelled=False
01:55:40 | i — | [  FINAL  ] 
01:55:40 | i — | [  FINAL  ] [BEST SOLUTION — HAOS TAG SUMMARY]
01:55:40 | i — | [  FINAL  ] ────────────────────────────────────────
01:55:40 | i — | [  FINAL  ]   160 routes  rb  kmeans  k=12  λ=0.0  solver=ails2
01:55:40 | i — | [  FINAL  ]   120 routes  vb  kmeans  k=10  λ=0.6  solver=ails2
01:55:40 | i — | [  FINAL  ]   55 routes  vb  fcm  k=4  λ=0.6  solver=filo2
01:55:40 | i — | [  FINAL  ]   48 routes  rb  kmeans  k=6  λ=0.6  solver=filo2
01:55:40 | i — | [  FINAL  ]   35 routes  rb  ac_complete  k=3  λ=0.0  solver=filo
01:55:40 | i — | [  FINAL  ]   26 routes  vb  kmedoids  k=10  λ=0.6  solver=filo2
01:55:40 | i — | [  FINAL  ]   25 routes  rb  kmeans  k=10  λ=0.4  solver=filo
01:55:40 | i — | [  FINAL  ]   24 routes  vb  fcm  k=10  λ=0.2  solver=pyvrp
01:55:40 | i — | [  FINAL  ]   23 routes  rb  ac_complete  k=6  λ=0.6  solver=filo
01:55:40 | i — | [  FINAL  ]   18 routes  vb  kmeans  k=6  λ=0.6  solver=filo
01:55:40 | i — | [  FINAL  ]   17 routes  rb  ac_complete  k=6  λ=0.0  solver=pyvrp
01:55:40 | i — | [  FINAL  ]   15 routes  vb  kmeans  k=3  λ=0.2  solver=ails2
01:55:40 | i — | [  FINAL  ]   14 routes  vb  ac_complete  k=12  λ=0.6  solver=filo
01:55:40 | i — | [  FINAL  ]   13 routes  rb  kmeans  k=10  λ=0.6  solver=ails2
01:55:40 | i — | [  FINAL  ]   12 routes  rb  ac_avg  k=4  λ=1.0  solver=ails2
01:55:40 | i — | [  FINAL  ]   12 routes  vb  fcm  k=10  λ=0.6  solver=pyvrp
01:55:40 | i — | [  FINAL  ]   12 routes  vb  kmedoids  k=10  λ=0.4  solver=filo
01:55:40 | i — | [  FINAL  ]   12 routes  vb  kmedoids  k=8  λ=0.6  solver=filo
01:55:40 | i — | [  FINAL  ]   11 routes  vb  kmedoids  k=8  λ=1.0  solver=filo
01:55:40 | i — | [  FINAL  ]   11 routes  vb  ac_avg  k=4  λ=0.8  solver=ails2
01:55:40 | i — | [  FINAL  ]   11 routes  vb  ac_avg  k=8  λ=1.0  solver=pyvrp
01:55:40 | i — | [  FINAL  ]   9 routes  rb  ac_avg  k=4  λ=0.8  solver=filo
01:55:40 | i — | [  FINAL  ]   9 routes  vb  kmeans  k=10  λ=0.0  solver=ails2
01:55:40 | i — | [  FINAL  ]   8 routes  vb  ac_complete  k=8  λ=0.6  solver=ails2
01:55:40 | i — | [  FINAL  ]   8 routes  rb  ac_avg  k=4  λ=0.8  solver=filo2
01:55:40 | i — | [  FINAL  ]   7 routes  vb  kmeans  k=4  λ=0.0  solver=pyvrp
01:55:40 | i — | [  FINAL  ]   7 routes  rb  kmeans  k=10  λ=0.6  solver=filo
01:55:40 | i — | [  FINAL  ]   7 routes  vb  ac_complete  k=10  λ=0.8  solver=pyvrp
01:55:40 | i — | [  FINAL  ]   7 routes  vb  kmeans  k=3  λ=0.6  solver=filo2
01:55:40 | i — | [  FINAL  ]   7 routes  vb  ac_avg  k=4  λ=0.6  solver=pyvrp
01:55:40 | i — | [  FINAL  ]   6 routes  vb  kmedoids  k=4  λ=0.0  solver=filo
01:55:40 | i — | [  FINAL  ]   6 routes  vb  ac_avg  k=10  λ=0.0  solver=pyvrp
01:55:40 | i — | [  FINAL  ]   6 routes  vb  kmedoids  k=4  λ=0.6  solver=pyvrp
01:55:40 | i — | [  FINAL  ]   5 routes  rb  kmeans  k=8  λ=0.6  solver=filo
01:55:40 | i — | [  FINAL  ]   5 routes  rb  ac_avg  k=4  λ=0.8  solver=pyvrp
01:55:40 | i — | [  FINAL  ]   5 routes  vb  kmeans  k=4  λ=0.6  solver=filo
01:55:40 | i — | [  FINAL  ]   4 routes  rb  ac_avg  k=2  λ=0.4  solver=pyvrp
01:55:40 | i — | [  FINAL  ]   4 routes  vb  ac_complete  k=4  λ=0.6  solver=pyvrp
01:55:40 | i — | [  FINAL  ]   4 routes  rb  kmeans  k=2  λ=0.6  solver=filo2
01:55:40 | i — | [  FINAL  ]   4 routes  rb  ac_complete  k=4  λ=0.6  solver=ails2
01:55:40 | i — | [  FINAL  ]   4 routes  rb  kmeans  k=4  λ=1.0  solver=ails2
01:55:40 | i — | [  FINAL  ]   3 routes  vb  fcm  k=4  λ=0.6  solver=ails2
01:55:40 | i — | [  FINAL  ]   3 routes  vb  kmeans  k=4  λ=0.0  solver=ails2
01:55:40 | i — | [  FINAL  ]   2 routes  vb  fcm  k=8  λ=0.8  solver=filo
01:55:40 | i — | [  FINAL  ]   2 routes  rb  ac_avg  k=10  λ=0.2  solver=filo
01:55:40 | i — | [  FINAL  ]   2 routes  vb  ac_avg  k=10  λ=0.6  solver=filo2
01:55:40 | i — | [  FINAL  ]   2 routes  rb  kmeans  k=3  λ=0.0  solver=filo
01:55:40 | i — | [  FINAL  ]   2 routes  rb  ac_complete  k=6  λ=0.6  solver=pyvrp
01:55:40 | i — | [  FINAL  ]   2 routes  rb  kmeans  k=6  λ=0.0  solver=pyvrp
01:55:40 | i — | [  FINAL  ]   1 routes  vb  kmeans  k=4  λ=1.0  solver=filo
01:55:40 | i — | [  FINAL  ]   1 routes  vb  ac_avg  k=12  λ=0.0  solver=filo
01:55:40 | i — | [  FINAL  ]   1 routes  vb  fcm  k=12  λ=0.8  solver=filo2
01:55:40 | i — | [  FINAL  ]   1 routes  rb  kmeans  k=8  λ=1.0  solver=filo2
01:55:40 | i — | [  FINAL  ]   116 routes  post-SP/SC improvement
01:55:40 | i — | [  FINAL  ] 
01:55:40 | i — | [  FINAL  ] [ROUTE POOL — HAOS TAG SUMMARY]
01:55:40 | i — | [  FINAL  ] ────────────────────────────────────────
01:55:40 | i — | [  FINAL  ]   616 routes  rb  ac_complete  k=6  λ=0.6  solver=filo
01:55:40 | i — | [  FINAL  ]   611 routes  vb  kmeans  k=8  λ=0.6  solver=filo
01:55:40 | i — | [  FINAL  ]   600 routes  vb  kmeans  k=10  λ=0.2  solver=filo2
01:55:40 | i — | [  FINAL  ]   599 routes  rb  kmeans  k=10  λ=0.4  solver=filo
01:55:40 | i — | [  FINAL  ]   556 routes  vb  ac_complete  k=3  λ=1.0  solver=filo2
01:55:40 | i — | [  FINAL  ]   547 routes  vb  kmedoids  k=10  λ=0.6  solver=filo2
01:55:40 | i — | [  FINAL  ]   445 routes  vb  fcm  k=10  λ=0.2  solver=pyvrp
01:55:40 | i — | [  FINAL  ]   440 routes  rb  kmeans  k=6  λ=0.6  solver=filo2
01:55:40 | i — | [  FINAL  ]   399 routes  vb  fcm  k=10  λ=0.6  solver=pyvrp
01:55:40 | i — | [  FINAL  ]   365 routes  vb  kmedoids  k=4  λ=0.6  solver=pyvrp
01:55:40 | i — | [  FINAL  ]   340 routes  vb  ac_avg  k=10  λ=0.0  solver=pyvrp
01:55:40 | i — | [  FINAL  ]   325 routes  rb  ac_avg  k=4  λ=0.8  solver=pyvrp
01:55:40 | i — | [  FINAL  ]   289 routes  vb  kmedoids  k=10  λ=0.4  solver=filo
01:55:40 | i — | [  FINAL  ]   278 routes  vb  kmeans  k=3  λ=0.2  solver=ails2
01:55:40 | i — | [  FINAL  ]   259 routes  vb  kmeans  k=4  λ=0.6  solver=filo
01:55:40 | i — | [  FINAL  ]   257 routes  rb  kmeans  k=8  λ=0.2  solver=filo
01:55:40 | i — | [  FINAL  ]   252 routes  vb  ac_complete  k=12  λ=0.6  solver=filo
01:55:40 | i — | [  FINAL  ]   248 routes  rb  kmeans  k=8  λ=0.6  solver=filo
01:55:40 | i — | [  FINAL  ]   247 routes  vb  kmeans  k=3  λ=0.6  solver=filo2
01:55:40 | i — | [  FINAL  ]   240 routes  vb  kmeans  k=4  λ=0.0  solver=ails2
01:55:40 | i — | [  FINAL  ]   212 routes  rb  ac_complete  k=3  λ=0.0  solver=filo
01:55:40 | i — | [  FINAL  ]   204 routes  rb  kmeans  k=10  λ=0.6  solver=filo
01:55:40 | i — | [  FINAL  ]   193 routes  rb  kmeans  k=12  λ=0.0  solver=ails2
01:55:40 | i — | [  FINAL  ]   186 routes  rb  kmeans  k=2  λ=0.6  solver=filo2
01:55:40 | i — | [  FINAL  ]   185 routes  vb  kmeans  k=10  λ=0.6  solver=ails2
01:55:40 | i — | [  FINAL  ]   168 routes  vb  ac_complete  k=8  λ=0.6  solver=ails2
01:55:40 | i — | [  FINAL  ]   83 routes  vb  fcm  k=4  λ=0.6  solver=filo2
01:55:40 | i — | [  FINAL  ]   32 routes  vb  kmedoids  k=8  λ=1.0  solver=filo
01:55:40 | i — | [  FINAL  ]   23 routes  vb  kmeans  k=6  λ=0.6  solver=filo
01:55:40 | i — | [  FINAL  ]   21 routes  rb  kmeans  k=10  λ=0.6  solver=ails2
01:55:40 | i — | [  FINAL  ]   21 routes  rb  ac_complete  k=6  λ=0.0  solver=pyvrp
01:55:40 | i — | [  FINAL  ]   18 routes  vb  ac_avg  k=4  λ=0.8  solver=ails2
01:55:40 | i — | [  FINAL  ]   18 routes  rb  ac_avg  k=4  λ=1.0  solver=ails2
01:55:40 | i — | [  FINAL  ]   17 routes  rb  ac_avg  k=4  λ=0.8  solver=filo
01:55:40 | i — | [  FINAL  ]   17 routes  vb  kmedoids  k=8  λ=0.6  solver=filo
01:55:40 | i — | [  FINAL  ]   16 routes  vb  ac_avg  k=8  λ=1.0  solver=pyvrp
01:55:40 | i — | [  FINAL  ]   15 routes  vb  kmeans  k=10  λ=0.0  solver=ails2
01:55:40 | i — | [  FINAL  ]   14 routes  vb  kmeans  k=4  λ=0.0  solver=pyvrp
01:55:40 | i — | [  FINAL  ]   14 routes  vb  ac_complete  k=10  λ=0.8  solver=pyvrp
01:55:40 | i — | [  FINAL  ]   13 routes  vb  kmedoids  k=4  λ=0.0  solver=filo
01:55:40 | i — | [  FINAL  ]   13 routes  rb  ac_avg  k=4  λ=0.8  solver=filo2
01:55:40 | i — | [  FINAL  ]   13 routes  rb  kmeans  k=3  λ=0.0  solver=filo
01:55:40 | i — | [  FINAL  ]   13 routes  rb  ac_complete  k=4  λ=0.6  solver=ails2
01:55:40 | i — | [  FINAL  ]   11 routes  rb  ac_complete  k=6  λ=0.6  solver=pyvrp
01:55:40 | i — | [  FINAL  ]   10 routes  vb  fcm  k=4  λ=0.6  solver=ails2
01:55:40 | i — | [  FINAL  ]   10 routes  vb  ac_complete  k=4  λ=0.6  solver=pyvrp
01:55:40 | i — | [  FINAL  ]   8 routes  vb  ac_avg  k=4  λ=0.6  solver=pyvrp
01:55:40 | i — | [  FINAL  ]   7 routes  rb  ac_avg  k=10  λ=0.2  solver=filo
01:55:40 | i — | [  FINAL  ]   6 routes  rb  ac_avg  k=2  λ=0.4  solver=pyvrp
01:55:40 | i — | [  FINAL  ]   6 routes  rb  kmeans  k=4  λ=1.0  solver=ails2
01:55:40 | i — | [  FINAL  ]   4 routes  vb  fcm  k=8  λ=0.8  solver=filo
01:55:40 | i — | [  FINAL  ]   3 routes  vb  ac_avg  k=10  λ=0.6  solver=filo2
01:55:40 | i — | [  FINAL  ]   3 routes  vb  ac_avg  k=12  λ=0.0  solver=filo
01:55:40 | i — | [  FINAL  ]   2 routes  rb  kmeans  k=6  λ=0.0  solver=pyvrp
01:55:40 | i — | [  FINAL  ]   2 routes  vb  kmeans  k=12  λ=0.6  solver=filo
01:55:40 | i — | [  FINAL  ]   2 routes  rb  kmeans  k=8  λ=1.0  solver=filo2
01:55:40 | i — | [  FINAL  ]   1 routes  vb  ac_avg  k=3  λ=0.6  solver=filo
01:55:40 | i — | [  FINAL  ]   1 routes  vb  fcm  k=12  λ=0.8  solver=filo2
01:55:40 | i — | [  FINAL  ]   1 routes  vb  fcm  k=8  λ=0.2  solver=pyvrp
01:55:40 | i — | [  FINAL  ]   1 routes  vb  ac_avg  k=2  λ=0.2  solver=filo
01:55:40 | i — | [  FINAL  ]   1 routes  vb  kmeans  k=4  λ=1.0  solver=filo
01:55:40 | i — | [  FINAL  ]   1 routes  vb  ac_complete  k=10  λ=0.0  solver=filo
01:55:40 | i — | [  FINAL  ]   1 routes  vb  ac_avg  k=4  λ=0.0  solver=filo2
01:55:40 | i — | [  FINAL  ]   497 routes  post-SP/SC improvement
01:55:40 | i — | [  FINAL  ] ════════════════════════════════════════
