02:19:29 | i — | [  INIT   ] ════════════════════════════════════════
02:19:29 | i — | [  INIT   ] DRISPI  instance=X-n2821-k208  n=2820  capacity=179
02:19:29 | i — | [  INIT   ] k domain (computed at init): [2, 3, 4, 6, 8, 10, 12]  k_ext=12  k_min=208  k_ext_bound=n_bound  spacing_rejected=0
02:19:29 | i — | [  INIT   ] ══════════════════════════════════════════════════════
02:19:29 | i — | [  INIT   ] CONFIGURATION
02:19:29 | i — | [  INIT   ] ── stopping ────────────────────────────────
02:19:29 | i — | [  INIT   ]   time_limit                  = 7200.0
02:19:29 | i — | [  INIT   ]   max_no_improve              = 1000000000
02:19:29 | i — | [  INIT   ] ── parallelism ─────────────────────────────
02:19:29 | i — | [  INIT   ]   n_workers                   = 8
02:19:29 | i — | [  INIT   ] ── cores ───────────────────────────────────
02:19:29 | i — | [  INIT   ]   cores_total                 = 8
02:19:29 | i — | [  INIT   ]   cores_dri                   = 6
02:19:29 | i — | [  INIT   ]   cores_bg                    = 1
02:19:29 | i — | [  INIT   ]   cores_sp                    = 1
02:19:29 | i — | [  INIT   ]   cores_cpu_list              = None
02:19:29 | i — | [  INIT   ] ── sp/sc ───────────────────────────────────
02:19:29 | i — | [  INIT   ]   sp_sc_mode                  = async
02:19:29 | i — | [  INIT   ]   sp_sc_trigger               = wallclock
02:19:29 | i — | [  INIT   ]   interval_minutes            = 20.0
02:19:29 | i — | [  INIT   ]   overlap_policy              = skip
02:19:29 | i — | [  INIT   ]   warmup_iterations           = 5
02:19:29 | i — | [  INIT   ]   sp_interval                 = 3
02:19:29 | i — | [  INIT   ]   min_coverage                = 5
02:19:29 | i — | [  INIT   ]   sp_time_limit               = 720.0
02:19:29 | i — | [  INIT   ]   mip_gap                     = 0.00025
02:19:29 | i — | [  INIT   ] ── decomposition ───────────────────────────
02:19:29 | i — | [  INIT   ]   decomp_k_base_arms          = [2, 3, 4, 6, 8, 10, 12]
02:19:29 | i — | [  INIT   ]   decomp_k_max_arms           = 10
02:19:29 | i — | [  INIT   ]   decomp_k_ext_per_1000       = 4
02:19:29 | i — | [  INIT   ]   decomp_k_min_routes_per_cluster= 8
02:19:29 | i — | [  INIT   ]   decomp_k_min_arm_spacing    = 2
02:19:29 | i — | [  INIT   ]   subcluster_rate_s_per_customer= 0.06
02:19:29 | i — | [  INIT   ]   subcluster_floor_s          = 5.0
02:19:29 | i — | [  INIT   ] ── bg_ails ─────────────────────────────────
02:19:29 | i — | [  INIT   ]   bg_ails_mode                = async
02:19:29 | i — | [  INIT   ]   bg_ails_crash_threshold     = 1
02:19:29 | i — | [  INIT   ]   bg_ails_budget_mode         = predicted_dr_wall
02:19:29 | i — | [  INIT   ]   bg_ails_budget_floor_s      = 60.0
02:19:29 | i — | [  INIT   ]   bg_ails_budget_margin       = 1.0
02:19:29 | i — | [  INIT   ]   bg_ails_wall_model_scale    = 0.976
02:19:29 | i — | [  INIT   ]   bg_ails_wall_model_wave_exponent= -0.18
02:19:29 | i — | [  INIT   ]   bg_ails_initial_omega       = 10
02:19:29 | i — | [  INIT   ]   bg_ails_boundary_threshold  = 0.5
02:19:29 | i — | [  INIT   ]   bg_ails_small_cluster_cap   = 20
02:19:29 | i — | [  INIT   ]   bg_ails_small_cluster_alpha = 0.5
02:19:29 | i — | [  INIT   ]   bg_ails_pair_selection      = greedy
02:19:29 | i — | [  INIT   ]   bg_ails_n_chains_mode       = k
02:19:29 | i — | [  INIT   ]   bg_ails_unique_first_routes = True
02:19:29 | i — | [  INIT   ]   bg_ails_boundary_mask_first_ls= True
02:19:29 | i — | [  INIT   ] ── standard_improvement ────────────────────
02:19:29 | i — | [  INIT   ]   standard_improvement_time_limit= 360.0
02:19:29 | i — | [  INIT   ] ── pool ────────────────────────────────────
02:19:29 | i — | [  INIT   ]   max_pool_size               = 10000
02:19:29 | i — | [  INIT   ]   pool_diversity_weight       = 0.5
02:19:29 | i — | [  INIT   ] ── haos ────────────────────────────────────
02:19:29 | i — | [  INIT   ]   haos_decay                  = 0.95
02:19:29 | i — | [  INIT   ]   haos_warmup                 = 10
02:19:29 | i — | [  INIT   ]   haos_starting_weight        = 10.0
02:19:29 | i — | [  INIT   ]   haos_min_weight_k           = 0.025
02:19:29 | i — | [  INIT   ]   haos_min_weight_lambda      = 0.05
02:19:29 | i — | [  INIT   ]   haos_min_weight_paradigm    = 0.1
02:19:29 | i — | [  INIT   ]   haos_min_weight_vertex_method= 0.05
02:19:29 | i — | [  INIT   ]   haos_min_weight_route_method= 0.05
02:19:29 | i — | [  INIT   ]   haos_min_weight_solver      = 0.05
02:19:29 | i — | [  INIT   ]   haos_lambda_demand_values   = [0.0, 0.2, 0.4, 0.6, 0.8, 1.0]
02:19:29 | i — | [  INIT   ]   haos_paradigm_values        = ['vertex', 'route']
02:19:29 | i — | [  INIT   ]   haos_vertex_method_values   = ['kmeans', 'agglomerative_avg', 'agglomerative_complete', 'kmedoids', 'fcm']
02:19:29 | i — | [  INIT   ]   haos_route_method_values    = ['kmeans', 'agglomerative_avg', 'agglomerative_complete']
02:19:29 | i — | [  INIT   ]   haos_solver_values          = ['pyvrp', 'filo', 'filo2', 'ails2']
02:19:29 | i — | [  INIT   ] ── haos_rewards ────────────────────────────
02:19:29 | i — | [  INIT   ]   haos_reward_new_best        = 10.0
02:19:29 | i — | [  INIT   ]   haos_reward_improvement     = 4.0
02:19:29 | i — | [  INIT   ]   haos_reward_no_improvement  = 1.0
02:19:29 | i — | [  INIT   ]   haos_reward_no_solution     = 0.0
02:19:29 | i — | [  INIT   ]   haos_deferred_new_best      = 7.0
02:19:29 | i — | [  INIT   ]   haos_deferred_improvement   = 3.0
02:19:29 | i — | [  INIT   ]   haos_deferred_no_improvement= 0.0
02:19:29 | i — | [  INIT   ] ── seed ────────────────────────────────────
02:19:29 | i — | [  INIT   ]   seed                        = 11
02:19:29 | i — | [  INIT   ] ── output ──────────────────────────────────
02:19:29 | i — | [  INIT   ]   output_dir                  = /app/artifacts/benchmark/X-n2821-k208/seed11
02:19:29 | i — | [  INIT   ]   run_analysis                = False
02:19:29 | i — | [  INIT   ] ══════════════════════════════════════════════════════
02:19:29 | i — | [  INIT   ] BKS=216622.00
02:19:29 | i — | [  INIT   ] ════════════════════════════════════════
02:19:29 | i 1 | [HAOS ROLL] k=2  λ=0.8  vb  fcm  filo2  P≈0.000595
02:19:30 | i 1 | [Phase 1/3] decompose  1.12s / — / —  λ=0.8  vb fcm
02:20:57 | i 1 | [Phase 2/3] route  86.52s / 86.10s / 100.5%  filo2  k=2
02:20:57 | i 1 | [ IMPROVE ] 219017.00  via decompose_route  ·  Δ_BKS=+1.11%
02:20:57 | i 1 | [HAOS ROLL] k=2  λ=0.8  vb  fcm  filo2  P≈0.000595
02:20:57 | i 1 | [ Summary ] cost=219017.00  Δ_S*=+0.00%  Δ_BKS=+1.11%  Δ_S*_BKS=+1.11%  no_improve=0
02:20:57 | i 2 | [HAOS ROLL] k=12  λ=0.2  rb  ac_avg  filo  P≈0.000992
02:21:00 | i 2 | [Phase 1/3] decompose  2.88s / — / —  λ=0.2  rb ac_avg
02:21:33 | i 2 | [Phase 2/3] route  33.10s / 20.46s / 161.8%  filo  k=12
02:22:25 | i 1 | [ IMPROVE ] 217842.00  via bg_ails  ·  Δ_BKS=+0.56%
02:22:25 | i 1 | [ ASYNC BG] bg_ails  87.84s / 84.03s / 104.5%
02:22:25 | i 2 | [HAOS ROLL] k=12  λ=0.2  rb  ac_avg  filo  P≈0.000992
02:22:25 | i 2 | [ Summary ] cost=219407.00  Δ_S*=+0.72%  Δ_BKS=+1.29%  Δ_S*_BKS=+0.56%  no_improve=1
02:22:25 | i 3 | [HAOS ROLL] k=8  λ=0.6  rb  kmeans  filo  P≈0.000992
02:22:25 | i 3 | [Phase 1/3] decompose  0.47s / — / —  λ=0.6  rb kmeans
02:23:04 | i 3 | [Phase 2/3] route  39.11s / 27.90s / 140.2%  filo  k=8
02:23:28 | i 2 | [ IMPROVE ] 217781.00  via bg_ails  ·  Δ_BKS=+0.54%
02:23:28 | i 2 | [ ASYNC BG] bg_ails  63.79s / 60.00s / 106.3%
02:23:28 | i 3 | [HAOS ROLL] k=8  λ=0.6  rb  kmeans  filo  P≈0.000992
02:23:28 | i 3 | [ Summary ] cost=218740.00  Δ_S*=+0.44%  Δ_BKS=+0.98%  Δ_S*_BKS=+0.54%  no_improve=1
02:23:29 | i 4 | [HAOS ROLL] k=12  λ=0.8  vb  ac_complete  filo  P≈0.000595
02:23:29 | i 4 | [Phase 1/3] decompose  0.66s / — / —  λ=0.8  vb ac_complete
02:24:03 | i 4 | [Phase 2/3] route  34.10s / 21.66s / 157.4%  filo  k=12
02:24:32 | i 3 | [ ASYNC BG] bg_ails  63.81s / 60.00s / 106.4%
02:24:32 | i 4 | [HAOS ROLL] k=12  λ=0.8  vb  ac_complete  filo  P≈0.000595
02:24:32 | i 4 | [ Summary ] cost=224643.00  Δ_S*=+3.15%  Δ_BKS=+3.70%  Δ_S*_BKS=+0.54%  no_improve=3
02:24:32 | i 5 | [HAOS ROLL] k=8  λ=0.0  rb  ac_complete  filo2  P≈0.000992
02:24:33 | i 5 | [Phase 1/3] decompose  0.35s / — / —  λ=0.0  rb ac_complete
02:25:08 | i 5 | [Phase 2/3] route  35.12s / 27.54s / 127.5%  filo2  k=8
02:25:36 | i 4 | [ ASYNC BG] bg_ails  63.81s / 60.00s / 106.4%
02:25:36 | i 5 | [HAOS ROLL] k=8  λ=0.0  rb  ac_complete  filo2  P≈0.000992
02:25:36 | i 5 | [ Summary ] cost=218271.00  Δ_S*=+0.22%  Δ_BKS=+0.76%  Δ_S*_BKS=+0.54%  no_improve=5
02:25:36 | i 6 | [HAOS ROLL] k=10  λ=0.0  vb  ac_avg  pyvrp  P≈0.000595
02:25:37 | i 6 | [Phase 1/3] decompose  0.54s / — / —  λ=0.0  vb ac_avg
02:26:11 | i 6 | [Phase 2/3] route  34.29s / 33.30s / 103.0%  pyvrp  k=10
02:26:40 | i 5 | [ ASYNC BG] bg_ails  63.70s / 60.00s / 106.2%
02:26:40 | i 6 | [HAOS ROLL] k=10  λ=0.0  vb  ac_avg  pyvrp  P≈0.000595
02:26:40 | i 6 | [ Summary ] cost=223615.00  Δ_S*=+2.68%  Δ_BKS=+3.23%  Δ_S*_BKS=+0.54%  no_improve=7
02:26:40 | i 7 | [HAOS ROLL] k=6  λ=0.6  rb  ac_avg  filo2  P≈0.000992
02:26:40 | i 7 | [Phase 1/3] decompose  0.46s / — / —  λ=0.6  rb ac_avg
02:27:22 | i 7 | [Phase 2/3] route  42.11s / 41.70s / 101.0%  filo2  k=6
02:27:44 | i 6 | [ ASYNC BG] bg_ails  63.68s / 60.00s / 106.1%
02:27:44 | i 7 | [HAOS ROLL] k=6  λ=0.6  rb  ac_avg  filo2  P≈0.000992
02:27:44 | i 7 | [ Summary ] cost=218670.00  Δ_S*=+0.41%  Δ_BKS=+0.95%  Δ_S*_BKS=+0.54%  no_improve=9
02:27:44 | i 8 | [HAOS ROLL] k=4  λ=0.8  rb  ac_complete  pyvrp  P≈0.000992
02:27:44 | i 8 | [Phase 1/3] decompose  0.53s / — / —  λ=0.8  rb ac_complete
02:28:49 | i 8 | [Phase 2/3] route  65.07s / 62.40s / 104.3%  pyvrp  k=4
02:28:49 | i 7 | [ ASYNC BG] bg_ails  63.74s / 60.00s / 106.2%
02:28:49 | i 8 | [HAOS ROLL] k=4  λ=0.8  rb  ac_complete  pyvrp  P≈0.000992
02:28:49 | i 8 | [ Summary ] cost=220476.00  Δ_S*=+1.24%  Δ_BKS=+1.78%  Δ_S*_BKS=+0.54%  no_improve=11
02:28:49 | i 9 | [HAOS ROLL] k=3  λ=0.0  rb  ac_avg  filo  P≈0.000992
02:28:50 | i 9 | [Phase 1/3] decompose  0.35s / — / —  λ=0.0  rb ac_avg
02:30:20 | i 9 | [Phase 2/3] route  90.19s / 90.48s / 99.7%  filo  k=3
02:30:20 | i 8 | [ ASYNC BG] bg_ails  63.90s / 60.90s / 104.9%
02:30:20 | i 9 | [HAOS ROLL] k=3  λ=0.0  rb  ac_avg  filo  P≈0.000992
02:30:20 | i 9 | [ Summary ] cost=218914.00  Δ_S*=+0.52%  Δ_BKS=+1.06%  Δ_S*_BKS=+0.54%  no_improve=13
02:30:20 | i 10 | [HAOS ROLL] k=3  λ=0.0  vb  ac_complete  filo  P≈0.000595
02:30:20 | i 10 | [Phase 1/3] decompose  0.55s / — / —  λ=0.0  vb ac_complete
02:31:34 | i 10 | [Phase 2/3] route  74.15s / 74.34s / 99.7%  filo  k=3
02:31:51 | i 9 | [ ASYNC BG] bg_ails  91.61s / 88.31s / 103.7%
02:31:51 | i 10 | [HAOS ROLL] k=3  λ=0.0  vb  ac_complete  filo  P≈0.000595
02:31:51 | i 10 | [ Summary ] cost=219122.00  Δ_S*=+0.62%  Δ_BKS=+1.15%  Δ_S*_BKS=+0.54%  no_improve=15
02:31:51 | i 11 | [HAOS ROLL] k=8  λ=0.0  rb  ac_avg  filo2  P≈0.000992
02:31:52 | i 11 | [Phase 1/3] decompose  0.35s / — / —  λ=0.0  rb ac_avg
02:32:26 | i 11 | [Phase 2/3] route  34.11s / 32.34s / 105.5%  filo2  k=8
02:33:07 | i 10 | [ ASYNC BG] bg_ails  75.70s / 72.56s / 104.3%
02:33:07 | i 11 | [HAOS ROLL] k=8  λ=0.0  rb  ac_avg  filo2  P≈0.000992
02:33:07 | i 11 | [ Summary ] cost=219219.00  Δ_S*=+0.66%  Δ_BKS=+1.20%  Δ_S*_BKS=+0.54%  no_improve=17
02:33:07 | i 6 | [ASYNC 1/2] sp_sc  1.16s / 720.00s / 0.2%  SP  avg_coverage=10.31/5  pool=2104
02:33:07 | i 6 | [ASYNC 2/2] standard_ails  363.23s / 360.00s / 100.9%
02:33:13 | i 6 | [ IMPROVE ] 217315.00  via standard_ails  ·  Δ_BKS=+0.32%
02:33:13 | i 12 | [HAOS ROLL] k=4  λ=1.0  rb  ac_avg  filo2  P≈0.001064
02:33:13 | i 12 | [Phase 1/3] decompose  0.44s / — / —  λ=1.0  rb ac_avg
02:34:19 | i 12 | [Phase 2/3] route  66.12s / 66.36s / 99.6%  filo2  k=4
02:34:19 | i 11 | [ ASYNC BG] bg_ails  63.64s / 60.00s / 106.1%
02:34:19 | i 12 | [HAOS ROLL] k=4  λ=1.0  rb  ac_avg  filo2  P≈0.001064
02:34:19 | i 12 | [ Summary ] cost=219185.00  Δ_S*=+0.86%  Δ_BKS=+1.18%  Δ_S*_BKS=+0.32%  no_improve=2
02:34:19 | i 13 | [HAOS ROLL] k=6  λ=0.6  vb  kmeans  ails2  P≈0.000170
02:34:20 | i 13 | [Phase 1/3] decompose  0.45s / — / —  λ=0.6  vb kmeans
02:34:51 | i 13 | [Phase 2/3] route  31.59s / 30.90s / 102.2%  ails2  k=6
02:35:27 | i 12 | [ ASYNC BG] bg_ails  67.81s / 64.77s / 104.7%
02:35:27 | i 13 | [HAOS ROLL] k=6  λ=0.6  vb  kmeans  ails2  P≈0.000170
02:35:27 | i 13 | [ Summary ] cost=220079.00  Δ_S*=+1.27%  Δ_BKS=+1.60%  Δ_S*_BKS=+0.32%  no_improve=4
02:35:27 | i 14 | [HAOS ROLL] k=2  λ=1.0  vb  ac_avg  filo  P≈0.000444
02:35:28 | i 14 | [Phase 1/3] decompose  0.65s / — / —  λ=1.0  vb ac_avg
02:37:04 | i 14 | [Phase 2/3] route  96.19s / 95.58s / 100.6%  filo  k=2
02:37:04 | i 13 | [ ASYNC BG] bg_ails  63.81s / 60.00s / 106.4%
02:37:04 | i 14 | [HAOS ROLL] k=2  λ=1.0  vb  ac_avg  filo  P≈0.000444
02:37:04 | i 14 | [ Summary ] cost=219214.00  Δ_S*=+0.87%  Δ_BKS=+1.20%  Δ_S*_BKS=+0.32%  no_improve=6
02:37:04 | i 15 | [HAOS ROLL] k=8  λ=0.2  rb  ac_complete  ails2  P≈0.001270
02:37:05 | i 15 | [Phase 1/3] decompose  0.45s / — / —  λ=0.2  rb ac_complete
02:37:42 | i 15 | [Phase 2/3] route  37.68s / 36.90s / 102.1%  ails2  k=8
02:38:41 | i 14 | [ ASYNC BG] bg_ails  96.82s / 93.29s / 103.8%
02:38:41 | i 15 | [HAOS ROLL] k=8  λ=0.2  rb  ac_complete  ails2  P≈0.001270
02:38:41 | i 15 | [ Summary ] cost=217480.00  Δ_S*=+0.08%  Δ_BKS=+0.40%  Δ_S*_BKS=+0.32%  no_improve=8
02:38:41 | i 16 | [HAOS ROLL] k=2  λ=0.6  rb  ac_avg  filo2  P≈0.002698
02:38:41 | i 16 | [Phase 1/3] decompose  0.45s / — / —  λ=0.6  rb ac_avg
02:40:22 | i 16 | [Phase 2/3] route  100.21s / 99.96s / 100.3%  filo2  k=2
02:40:22 | i 15 | [ ASYNC BG] bg_ails  63.79s / 60.00s / 106.3%
02:40:22 | i 16 | [HAOS ROLL] k=2  λ=0.6  rb  ac_avg  filo2  P≈0.002698
02:40:22 | i 16 | [ Summary ] cost=218853.00  Δ_S*=+0.71%  Δ_BKS=+1.03%  Δ_S*_BKS=+0.32%  no_improve=10
02:40:22 | i 17 | [HAOS ROLL] k=8  λ=0.8  rb  kmeans  ails2  P≈0.001297
02:40:22 | i 17 | [Phase 1/3] decompose  0.53s / — / —  λ=0.8  rb kmeans
02:41:02 | i 17 | [Phase 2/3] route  39.77s / 26.52s / 149.9%  ails2  k=8
02:42:02 | i 16 | [ ASYNC BG] bg_ails  100.71s / 97.56s / 103.2%
02:42:02 | i 17 | [HAOS ROLL] k=8  λ=0.8  rb  kmeans  ails2  P≈0.001297
02:42:02 | i 17 | [ Summary ] cost=217556.00  Δ_S*=+0.11%  Δ_BKS=+0.43%  Δ_S*_BKS=+0.32%  no_improve=12
02:42:02 | i 18 | [HAOS ROLL] k=2  λ=0.8  rb  kmeans  filo  P≈0.001950
02:42:03 | i 18 | [Phase 1/3] decompose  0.45s / — / —  λ=0.8  rb kmeans
02:43:32 | i 18 | [Phase 2/3] route  89.16s / 88.98s / 100.2%  filo  k=2
02:43:32 | i 17 | [ ASYNC BG] bg_ails  63.81s / 60.00s / 106.4%
02:43:32 | i 18 | [HAOS ROLL] k=2  λ=0.8  rb  kmeans  filo  P≈0.001950
02:43:32 | i 18 | [ Summary ] cost=218845.00  Δ_S*=+0.70%  Δ_BKS=+1.03%  Δ_S*_BKS=+0.32%  no_improve=14
02:43:32 | i 19 | [HAOS ROLL] k=2  λ=0.8  vb  ac_complete  pyvrp  P≈0.000313
02:43:33 | i 19 | [Phase 1/3] decompose  0.64s / — / —  λ=0.8  vb ac_complete
02:45:04 | i 19 | [Phase 2/3] route  91.30s / 86.34s / 105.7%  pyvrp  k=2
02:45:04 | i 18 | [ ASYNC BG] bg_ails  89.74s / 86.84s / 103.3%
02:45:04 | i 19 | [HAOS ROLL] k=2  λ=0.8  vb  ac_complete  pyvrp  P≈0.000313
02:45:04 | i 19 | [ Summary ] cost=221066.00  Δ_S*=+1.73%  Δ_BKS=+2.05%  Δ_S*_BKS=+0.32%  no_improve=16
02:45:04 | i 20 | [HAOS ROLL] k=2  λ=0.0  rb  ac_complete  filo2  P≈0.001701
02:45:05 | i 20 | [Phase 1/3] decompose  0.34s / — / —  λ=0.0  rb ac_complete
02:46:45 | i 20 | [Phase 2/3] route  100.18s / 100.02s / 100.2%  filo2  k=2
02:46:45 | i 19 | [ ASYNC BG] bg_ails  87.68s / 84.27s / 104.1%
02:46:45 | i 20 | [HAOS ROLL] k=2  λ=0.0  rb  ac_complete  filo2  P≈0.001701
02:46:45 | i 20 | [ Summary ] cost=218639.00  Δ_S*=+0.61%  Δ_BKS=+0.93%  Δ_S*_BKS=+0.32%  no_improve=18
02:46:45 | i 21 | [HAOS ROLL] k=6  λ=0.4  vb  ac_complete  filo  P≈0.000242
02:46:46 | i 21 | [Phase 1/3] decompose  0.66s / — / —  λ=0.4  vb ac_complete
02:47:25 | i 21 | [Phase 2/3] route  39.13s / 38.52s / 101.6%  filo  k=6
02:48:25 | i 20 | [ ASYNC BG] bg_ails  100.64s / 97.62s / 103.1%
02:48:25 | i 21 | [HAOS ROLL] k=6  λ=0.4  vb  ac_complete  filo  P≈0.000242
02:48:25 | i 21 | [ Summary ] cost=220646.00  Δ_S*=+1.53%  Δ_BKS=+1.86%  Δ_S*_BKS=+0.32%  no_improve=20
02:48:25 | i 22 | [HAOS ROLL] k=2  λ=0.8  rb  ac_avg  pyvrp  P≈0.002563
02:48:26 | i 22 | [Phase 1/3] decompose  0.46s / — / —  λ=0.8  rb ac_avg
02:50:13 | i 22 | [Phase 2/3] route  106.65s / 99.96s / 106.7%  pyvrp  k=2
02:50:13 | i 21 | [ ASYNC BG] bg_ails  63.95s / 60.00s / 106.6%
02:50:13 | i 22 | [HAOS ROLL] k=2  λ=0.8  rb  ac_avg  pyvrp  P≈0.002563
02:50:13 | i 22 | [ Summary ] cost=220813.00  Δ_S*=+1.61%  Δ_BKS=+1.93%  Δ_S*_BKS=+0.32%  no_improve=22
02:50:13 | i 23 | [HAOS ROLL] k=8  λ=0.2  rb  ac_complete  ails2  P≈0.001360
02:50:13 | i 23 | [Phase 1/3] decompose  0.47s / — / —  λ=0.2  rb ac_complete
02:50:51 | i 23 | [Phase 2/3] route  37.64s / 36.90s / 102.0%  ails2  k=8
02:51:54 | i 22 | [ ASYNC BG] bg_ails  100.99s / 97.56s / 103.5%
02:51:54 | i 23 | [HAOS ROLL] k=8  λ=0.2  rb  ac_complete  ails2  P≈0.001360
02:51:54 | i 23 | [ Summary ] cost=217493.00  Δ_S*=+0.08%  Δ_BKS=+0.40%  Δ_S*_BKS=+0.32%  no_improve=24
02:51:54 | i 24 | [HAOS ROLL] k=2  λ=0.8  rb  ac_avg  filo2  P≈0.005380
02:51:54 | i 24 | [Phase 1/3] decompose  0.56s / — / —  λ=0.8  rb ac_avg
02:53:34 | i 24 | [Phase 2/3] route  100.21s / 99.96s / 100.2%  filo2  k=2
02:53:34 | i 23 | [ ASYNC BG] bg_ails  63.82s / 60.00s / 106.4%
02:53:34 | i 24 | [HAOS ROLL] k=2  λ=0.8  rb  ac_avg  filo2  P≈0.005380
02:53:35 | i 24 | [ Summary ] cost=218913.00  Δ_S*=+0.74%  Δ_BKS=+1.06%  Δ_S*_BKS=+0.32%  no_improve=26
02:53:35 | i 25 | [HAOS ROLL] k=3  λ=0.6  vb  ac_avg  filo2  P≈0.000231
02:53:35 | i 25 | [Phase 1/3] decompose  0.66s / — / —  λ=0.6  vb ac_avg
02:54:40 | i 25 | [Phase 2/3] route  65.11s / 65.16s / 99.9%  filo2  k=3
02:55:15 | i 24 | [ ASYNC BG] bg_ails  100.75s / 97.56s / 103.3%
02:55:15 | i 25 | [HAOS ROLL] k=3  λ=0.6  vb  ac_avg  filo2  P≈0.000231
02:55:15 | i 25 | [ Summary ] cost=219043.00  Δ_S*=+0.80%  Δ_BKS=+1.12%  Δ_S*_BKS=+0.32%  no_improve=28
02:55:15 | i 26 | [HAOS ROLL] k=8  λ=0.8  rb  ac_complete  ails2  P≈0.003692
02:55:16 | i 26 | [Phase 1/3] decompose  0.46s / — / —  λ=0.8  rb ac_complete
02:55:54 | i 26 | [Phase 2/3] route  37.74s / 36.90s / 102.3%  ails2  k=8
02:56:22 | i 25 | [ ASYNC BG] bg_ails  66.87s / 63.60s / 105.1%
02:56:22 | i 26 | [HAOS ROLL] k=8  λ=0.8  rb  ac_complete  ails2  P≈0.003692
02:56:22 | i 26 | [ Summary ] cost=217450.00  Δ_S*=+0.06%  Δ_BKS=+0.38%  Δ_S*_BKS=+0.32%  no_improve=30
02:56:22 | i 27 | [HAOS ROLL] k=2  λ=0.8  rb  ac_complete  ails2  P≈0.005880
02:56:23 | i 27 | [Phase 1/3] decompose  0.46s / — / —  λ=0.8  rb ac_complete
02:58:05 | i 27 | [Phase 2/3] route  101.97s / 100.02s / 101.9%  ails2  k=2
02:58:05 | i 26 | [ ASYNC BG] bg_ails  63.87s / 60.00s / 106.5%
02:58:05 | i 27 | [HAOS ROLL] k=2  λ=0.8  rb  ac_complete  ails2  P≈0.005880
02:58:05 | i 27 | [ Summary ] cost=217475.00  Δ_S*=+0.07%  Δ_BKS=+0.39%  Δ_S*_BKS=+0.32%  no_improve=32
02:58:05 | i 28 | [HAOS ROLL] k=12  λ=1.0  vb  ac_complete  filo2  P≈0.000233
02:58:05 | i 28 | [Phase 1/3] decompose  0.67s / — / —  λ=1.0  vb ac_complete
02:58:38 | i 28 | [Phase 2/3] route  33.11s / 21.78s / 152.0%  filo2  k=12
02:59:46 | i 27 | [ ASYNC BG] bg_ails  100.86s / 97.62s / 103.3%
02:59:46 | i 28 | [HAOS ROLL] k=12  λ=1.0  vb  ac_complete  filo2  P≈0.000233
02:59:46 | i 28 | [ Summary ] cost=223518.00  Δ_S*=+2.85%  Δ_BKS=+3.18%  Δ_S*_BKS=+0.32%  no_improve=34
02:59:46 | i 20 | [ASYNC 1/2] sp_sc  344.20s / 720.00s / 47.8%  SP  avg_coverage=35.67/5  pool=7104
02:59:46 | i 20 | [ASYNC 2/2] standard_ails  363.26s / 360.00s / 100.9%
03:00:21 | i 20 | [ IMPROVE ] 217304.00  via standard_ails  ·  Δ_BKS=+0.31%
03:00:21 | i 29 | [HAOS ROLL] k=2  λ=0.6  rb  kmeans  filo2  P≈0.002778
03:00:21 | i 29 | [Phase 1/3] decompose  0.44s / — / —  λ=0.6  rb kmeans
03:01:47 | i 29 | [Phase 2/3] route  86.17s / 85.56s / 100.7%  filo2  k=2
03:01:47 | i 28 | [ ASYNC BG] bg_ails  63.85s / 60.00s / 106.4%
03:01:48 | i 29 | [HAOS ROLL] k=2  λ=0.6  rb  kmeans  filo2  P≈0.002778
03:01:48 | i 29 | [ Summary ] cost=218684.00  Δ_S*=+0.64%  Δ_BKS=+0.95%  Δ_S*_BKS=+0.31%  no_improve=2
03:01:48 | i 30 | [HAOS ROLL] k=2  λ=1.0  vb  kmeans  filo2  P≈0.000198
03:01:48 | i 30 | [Phase 1/3] decompose  0.44s / — / —  λ=1.0  vb kmeans
03:03:14 | i 30 | [Phase 2/3] route  86.17s / 85.56s / 100.7%  filo2  k=2
03:03:15 | i 29 | [ ASYNC BG] bg_ails  86.73s / 83.51s / 103.9%
03:03:15 | i 30 | [HAOS ROLL] k=2  λ=1.0  vb  kmeans  filo2  P≈0.000198
03:03:15 | i 30 | [ Summary ] cost=218781.00  Δ_S*=+0.68%  Δ_BKS=+1.00%  Δ_S*_BKS=+0.31%  no_improve=4
03:03:15 | i 31 | [HAOS ROLL] k=8  λ=0.4  rb  kmeans  pyvrp  P≈0.000408
03:03:15 | i 31 | [Phase 1/3] decompose  0.45s / — / —  λ=0.4  rb kmeans
03:03:56 | i 31 | [Phase 2/3] route  40.98s / 24.72s / 165.8%  pyvrp  k=8
03:04:41 | i 30 | [ ASYNC BG] bg_ails  86.81s / 83.51s / 104.0%
03:04:42 | i 31 | [HAOS ROLL] k=8  λ=0.4  rb  kmeans  pyvrp  P≈0.000408
03:04:42 | i 31 | [ Summary ] cost=219840.00  Δ_S*=+1.17%  Δ_BKS=+1.49%  Δ_S*_BKS=+0.31%  no_improve=6
03:04:42 | i 32 | [HAOS ROLL] k=2  λ=1.0  rb  kmeans  pyvrp  P≈0.000576
03:04:42 | i 32 | [Phase 1/3] decompose  0.43s / — / —  λ=1.0  rb kmeans
03:06:14 | i 32 | [Phase 2/3] route  92.14s / 87.00s / 105.9%  pyvrp  k=2
03:06:14 | i 31 | [ ASYNC BG] bg_ails  63.78s / 60.00s / 106.3%
03:06:14 | i 32 | [HAOS ROLL] k=2  λ=1.0  rb  kmeans  pyvrp  P≈0.000576
03:06:15 | i 32 | [ Summary ] cost=220454.00  Δ_S*=+1.45%  Δ_BKS=+1.77%  Δ_S*_BKS=+0.31%  no_improve=8
03:06:15 | i 33 | [HAOS ROLL] k=8  λ=0.6  rb  ac_avg  filo  P≈0.003586
03:06:15 | i 33 | [Phase 1/3] decompose  0.44s / — / —  λ=0.6  rb ac_avg
03:06:49 | i 33 | [Phase 2/3] route  34.11s / 34.38s / 99.2%  filo  k=8
03:07:42 | i 32 | [ ASYNC BG] bg_ails  87.71s / 84.91s / 103.3%
03:07:42 | i 33 | [HAOS ROLL] k=8  λ=0.6  rb  ac_avg  filo  P≈0.003586
03:07:42 | i 33 | [ Summary ] cost=219117.00  Δ_S*=+0.83%  Δ_BKS=+1.15%  Δ_S*_BKS=+0.31%  no_improve=10
03:07:42 | i 34 | [HAOS ROLL] k=2  λ=0.2  rb  kmeans  filo  P≈0.001937
03:07:43 | i 34 | [Phase 1/3] decompose  0.46s / — / —  λ=0.2  rb kmeans
03:09:13 | i 34 | [Phase 2/3] route  90.18s / 89.82s / 100.4%  filo  k=2
03:09:13 | i 33 | [ ASYNC BG] bg_ails  63.80s / 60.00s / 106.3%
03:09:13 | i 34 | [HAOS ROLL] k=2  λ=0.2  rb  kmeans  filo  P≈0.001937
03:09:13 | i 34 | [ Summary ] cost=218816.00  Δ_S*=+0.70%  Δ_BKS=+1.01%  Δ_S*_BKS=+0.31%  no_improve=12
03:09:13 | i 35 | [HAOS ROLL] k=8  λ=0.8  vb  fcm  ails2  P≈0.000746
03:09:14 | i 35 | [Phase 1/3] decompose  0.58s / — / —  λ=0.8  vb fcm
03:09:58 | i 35 | [Phase 2/3] route  43.65s / 24.72s / 176.6%  ails2  k=8
03:10:44 | i 34 | [ ASYNC BG] bg_ails  90.68s / 87.66s / 103.4%
03:10:44 | i 35 | [HAOS ROLL] k=8  λ=0.8  vb  fcm  ails2  P≈0.000746
03:10:44 | i 35 | [ Summary ] cost=220878.00  Δ_S*=+1.64%  Δ_BKS=+1.96%  Δ_S*_BKS=+0.31%  no_improve=14
03:10:44 | i 36 | [HAOS ROLL] k=2  λ=0.8  rb  kmeans  filo  P≈0.005078
03:10:44 | i 36 | [Phase 1/3] decompose  0.45s / — / —  λ=0.8  rb kmeans
03:12:11 | i 36 | [Phase 2/3] route  86.18s / 86.10s / 100.1%  filo  k=2
03:12:11 | i 35 | [ ASYNC BG] bg_ails  63.79s / 60.00s / 106.3%
03:12:11 | i 36 | [HAOS ROLL] k=2  λ=0.8  rb  kmeans  filo  P≈0.005078
03:12:11 | i 36 | [ Summary ] cost=218677.00  Δ_S*=+0.63%  Δ_BKS=+0.95%  Δ_S*_BKS=+0.31%  no_improve=16
03:12:11 | i 37 | [HAOS ROLL] k=2  λ=0.8  rb  ac_avg  filo  P≈0.006304
03:12:11 | i 37 | [Phase 1/3] decompose  0.44s / — / —  λ=0.8  rb ac_avg
03:13:54 | i 37 | [Phase 2/3] route  102.22s / 102.48s / 99.7%  filo  k=2
03:13:54 | i 36 | [ ASYNC BG] bg_ails  87.79s / 84.03s / 104.5%
03:13:54 | i 37 | [HAOS ROLL] k=2  λ=0.8  rb  ac_avg  filo  P≈0.006304
03:13:54 | i 37 | [ Summary ] cost=219203.00  Δ_S*=+0.87%  Δ_BKS=+1.19%  Δ_S*_BKS=+0.31%  no_improve=18
03:13:54 | i 38 | [HAOS ROLL] k=8  λ=1.0  rb  kmeans  pyvrp  P≈0.001331
03:13:54 | i 38 | [Phase 1/3] decompose  0.45s / — / —  λ=1.0  rb kmeans
03:14:38 | i 38 | [Phase 2/3] route  43.13s / 24.42s / 176.6%  pyvrp  k=8
03:15:37 | i 37 | [ ASYNC BG] bg_ails  103.77s / 100.02s / 103.8%
03:15:38 | i 38 | [HAOS ROLL] k=8  λ=1.0  rb  kmeans  pyvrp  P≈0.001331
03:15:38 | i 38 | [ Summary ] cost=220002.00  Δ_S*=+1.24%  Δ_BKS=+1.56%  Δ_S*_BKS=+0.31%  no_improve=20
03:15:38 | i 33 | [ASYNC 1/2] sp_sc  48.15s / 720.00s / 6.7%  SP  avg_coverage=48.05/5  pool=10000
03:15:38 | i 33 | [ASYNC 2/2] standard_ails  363.20s / 360.00s / 100.9%
03:16:15 | i 33 | [ IMPROVE ] 217125.00  via standard_ails  ·  Δ_BKS=+0.23%
03:16:15 | i 39 | [HAOS ROLL] k=12  λ=0.0  rb  kmeans  filo2  P≈0.001240
03:16:15 | i 39 | [Phase 1/3] decompose  0.34s / — / —  λ=0.0  rb kmeans
03:16:52 | i 39 | [Phase 2/3] route  36.11s / 20.28s / 178.1%  filo2  k=12
03:16:52 | i 38 | [ ASYNC BG] bg_ails  63.80s / 60.00s / 106.3%
03:16:52 | i 39 | [HAOS ROLL] k=12  λ=0.0  rb  kmeans  filo2  P≈0.001240
03:16:52 | i 39 | [ Summary ] cost=218041.00  Δ_S*=+0.42%  Δ_BKS=+0.66%  Δ_S*_BKS=+0.23%  no_improve=2
03:16:52 | i 40 | [HAOS ROLL] k=4  λ=0.0  rb  ac_avg  filo  P≈0.000977
03:16:52 | i 40 | [Phase 1/3] decompose  0.33s / — / —  λ=0.0  rb ac_avg
03:17:47 | i 40 | [Phase 2/3] route  54.13s / 54.12s / 100.0%  filo  k=4
03:17:55 | i 39 | [ ASYNC BG] bg_ails  63.70s / 60.00s / 106.2%
03:17:56 | i 40 | [HAOS ROLL] k=4  λ=0.0  rb  ac_avg  filo  P≈0.000977
03:17:56 | i 40 | [ Summary ] cost=219212.00  Δ_S*=+0.96%  Δ_BKS=+1.20%  Δ_S*_BKS=+0.23%  no_improve=4
03:17:56 | i 41 | [HAOS ROLL] k=2  λ=0.6  rb  ac_complete  filo2  P≈0.005221
03:17:56 | i 41 | [Phase 1/3] decompose  0.44s / — / —  λ=0.6  rb ac_complete
03:19:24 | i 41 | [Phase 2/3] route  88.18s / 87.84s / 100.4%  filo2  k=2
03:19:24 | i 40 | [ ASYNC BG] bg_ails  63.69s / 60.00s / 106.1%
03:19:25 | i 41 | [HAOS ROLL] k=2  λ=0.6  rb  ac_complete  filo2  P≈0.005221
03:19:25 | i 41 | [ Summary ] cost=218636.00  Δ_S*=+0.70%  Δ_BKS=+0.93%  Δ_S*_BKS=+0.23%  no_improve=6
03:19:25 | i 42 | [HAOS ROLL] k=8  λ=0.6  rb  ac_avg  ails2  P≈0.003061
03:19:25 | i 42 | [Phase 1/3] decompose  0.44s / — / —  λ=0.6  rb ac_avg
03:20:04 | i 42 | [Phase 2/3] route  38.73s / 27.48s / 140.9%  ails2  k=8
03:20:53 | i 41 | [ ASYNC BG] bg_ails  88.93s / 85.73s / 103.7%
03:20:54 | i 42 | [HAOS ROLL] k=8  λ=0.6  rb  ac_avg  ails2  P≈0.003061
03:20:54 | i 42 | [ Summary ] cost=217387.00  Δ_S*=+0.12%  Δ_BKS=+0.35%  Δ_S*_BKS=+0.23%  no_improve=8
03:20:54 | i 43 | [HAOS ROLL] k=8  λ=0.8  rb  ac_complete  filo2  P≈0.006164
03:20:54 | i 43 | [Phase 1/3] decompose  0.45s / — / —  λ=0.8  rb ac_complete
03:21:29 | i 43 | [Phase 2/3] route  35.12s / 35.34s / 99.4%  filo2  k=8
03:21:57 | i 42 | [ ASYNC BG] bg_ails  63.83s / 60.00s / 106.4%
03:21:57 | i 43 | [HAOS ROLL] k=8  λ=0.8  rb  ac_complete  filo2  P≈0.006164
03:21:58 | i 43 | [ Summary ] cost=218782.00  Δ_S*=+0.76%  Δ_BKS=+1.00%  Δ_S*_BKS=+0.23%  no_improve=10
03:21:58 | i 44 | [HAOS ROLL] k=6  λ=1.0  rb  ac_complete  filo2  P≈0.000643
03:21:58 | i 44 | [Phase 1/3] decompose  0.45s / — / —  λ=1.0  rb ac_complete
03:22:34 | i 44 | [Phase 2/3] route  36.12s / 36.30s / 99.5%  filo2  k=6
03:23:01 | i 43 | [ ASYNC BG] bg_ails  63.78s / 60.00s / 106.3%
03:23:01 | i 44 | [HAOS ROLL] k=6  λ=1.0  rb  ac_complete  filo2  P≈0.000643
03:23:01 | i 44 | [ Summary ] cost=219644.00  Δ_S*=+1.16%  Δ_BKS=+1.40%  Δ_S*_BKS=+0.23%  no_improve=12
03:23:01 | i 45 | [HAOS ROLL] k=2  λ=0.8  rb  ac_avg  ails2  P≈0.004512
03:23:02 | i 45 | [Phase 1/3] decompose  0.44s / — / —  λ=0.8  rb ac_avg
03:24:38 | i 45 | [Phase 2/3] route  95.99s / 94.62s / 101.4%  ails2  k=2
03:24:38 | i 44 | [ ASYNC BG] bg_ails  63.83s / 60.00s / 106.4%
03:24:38 | i 45 | [HAOS ROLL] k=2  λ=0.8  rb  ac_avg  ails2  P≈0.004512
03:24:38 | i 45 | [ Summary ] cost=217568.00  Δ_S*=+0.20%  Δ_BKS=+0.44%  Δ_S*_BKS=+0.23%  no_improve=14
03:24:38 | i 46 | [HAOS ROLL] k=2  λ=0.4  rb  kmeans  filo  P≈0.000963
03:24:39 | i 46 | [Phase 1/3] decompose  0.44s / — / —  λ=0.4  rb kmeans
03:26:04 | i 46 | [Phase 2/3] route  85.18s / 84.84s / 100.4%  filo  k=2
03:26:14 | i 45 | [ ASYNC BG] bg_ails  95.84s / 92.35s / 103.8%
03:26:14 | i 46 | [HAOS ROLL] k=2  λ=0.4  rb  kmeans  filo  P≈0.000963
03:26:14 | i 46 | [ Summary ] cost=219130.00  Δ_S*=+0.92%  Δ_BKS=+1.16%  Δ_S*_BKS=+0.23%  no_improve=16
03:26:14 | i 47 | [HAOS ROLL] k=8  λ=0.8  rb  ac_avg  filo2  P≈0.008987
03:26:14 | i 47 | [Phase 1/3] decompose  0.46s / — / —  λ=0.8  rb ac_avg
03:26:52 | i 47 | [Phase 2/3] route  37.11s / 27.48s / 135.1%  filo2  k=8
03:27:40 | i 46 | [ ASYNC BG] bg_ails  85.93s / 82.80s / 103.8%
03:27:40 | i 47 | [HAOS ROLL] k=8  λ=0.8  rb  ac_avg  filo2  P≈0.008987
03:27:40 | i 47 | [ Summary ] cost=218663.00  Δ_S*=+0.71%  Δ_BKS=+0.94%  Δ_S*_BKS=+0.23%  no_improve=18
03:27:40 | i 48 | [HAOS ROLL] k=2  λ=0.6  rb  ac_avg  filo2  P≈0.007714
03:27:40 | i 48 | [Phase 1/3] decompose  0.44s / — / —  λ=0.6  rb ac_avg
03:29:16 | i 48 | [Phase 2/3] route  95.20s / 94.62s / 100.6%  filo2  k=2
03:29:16 | i 47 | [ ASYNC BG] bg_ails  63.85s / 60.00s / 106.4%
03:29:16 | i 48 | [HAOS ROLL] k=2  λ=0.6  rb  ac_avg  filo2  P≈0.007714
03:29:16 | i 48 | [ Summary ] cost=218340.00  Δ_S*=+0.56%  Δ_BKS=+0.79%  Δ_S*_BKS=+0.23%  no_improve=20
03:29:16 | i 49 | [HAOS ROLL] k=4  λ=0.6  rb  ac_complete  filo2  P≈0.001452
03:29:16 | i 49 | [Phase 1/3] decompose  0.45s / — / —  λ=0.6  rb ac_complete
03:30:09 | i 49 | [Phase 2/3] route  52.11s / 51.54s / 101.1%  filo2  k=4
03:30:51 | i 48 | [ ASYNC BG] bg_ails  95.83s / 92.35s / 103.8%
03:30:52 | i 49 | [HAOS ROLL] k=4  λ=0.6  rb  ac_complete  filo2  P≈0.001452
03:30:52 | i 49 | [ Summary ] cost=219440.00  Δ_S*=+1.07%  Δ_BKS=+1.30%  Δ_S*_BKS=+0.23%  no_improve=22
03:30:52 | i 50 | [HAOS ROLL] k=8  λ=0.8  rb  ac_avg  filo2  P≈0.010505
03:30:52 | i 50 | [Phase 1/3] decompose  0.45s / — / —  λ=0.8  rb ac_avg
03:31:29 | i 50 | [Phase 2/3] route  37.11s / 27.48s / 135.1%  filo2  k=8
03:31:55 | i 49 | [ ASYNC BG] bg_ails  63.90s / 60.00s / 106.5%
03:31:56 | i 50 | [HAOS ROLL] k=8  λ=0.8  rb  ac_avg  filo2  P≈0.010505
03:31:56 | i 50 | [ Summary ] cost=218512.00  Δ_S*=+0.64%  Δ_BKS=+0.87%  Δ_S*_BKS=+0.23%  no_improve=24
03:31:56 | i 51 | [HAOS ROLL] k=10  λ=0.8  vb  kmeans  filo2  P≈0.000178
03:31:56 | i 51 | [Phase 1/3] decompose  0.44s / — / —  λ=0.8  vb kmeans
03:32:32 | i 51 | [Phase 2/3] route  36.11s / 20.04s / 180.2%  filo2  k=10
03:32:59 | i 50 | [ ASYNC BG] bg_ails  63.74s / 60.00s / 106.2%
03:32:59 | i 51 | [HAOS ROLL] k=10  λ=0.8  vb  kmeans  filo2  P≈0.000178
03:32:59 | i 51 | [ Summary ] cost=222140.00  Δ_S*=+2.31%  Δ_BKS=+2.55%  Δ_S*_BKS=+0.23%  no_improve=26
03:32:59 | i 52 | [HAOS ROLL] k=8  λ=0.0  rb  kmeans  pyvrp  P≈0.001607
03:33:00 | i 52 | [Phase 1/3] decompose  0.34s / — / —  λ=0.0  rb kmeans
03:33:42 | i 52 | [Phase 2/3] route  42.20s / 24.30s / 173.7%  pyvrp  k=8
03:34:03 | i 51 | [ ASYNC BG] bg_ails  63.81s / 60.00s / 106.4%
03:34:03 | i 52 | [HAOS ROLL] k=8  λ=0.0  rb  kmeans  pyvrp  P≈0.001607
03:34:03 | i 52 | [ Summary ] cost=219722.00  Δ_S*=+1.20%  Δ_BKS=+1.43%  Δ_S*_BKS=+0.23%  no_improve=28
03:34:03 | i 53 | [HAOS ROLL] k=8  λ=0.6  rb  ac_avg  filo2  P≈0.009670
03:34:04 | i 53 | [Phase 1/3] decompose  0.45s / — / —  λ=0.6  rb ac_avg
03:34:41 | i 53 | [Phase 2/3] route  37.11s / 27.48s / 135.0%  filo2  k=8
03:35:07 | i 52 | [ ASYNC BG] bg_ails  63.67s / 60.00s / 106.1%
03:35:07 | i 53 | [HAOS ROLL] k=8  λ=0.6  rb  ac_avg  filo2  P≈0.009670
03:35:07 | i 53 | [ Summary ] cost=218745.00  Δ_S*=+0.75%  Δ_BKS=+0.98%  Δ_S*_BKS=+0.23%  no_improve=30
03:35:07 | i 54 | [HAOS ROLL] k=8  λ=1.0  vb  fcm  filo2  P≈0.000579
03:35:07 | i 54 | [Phase 1/3] decompose  0.51s / — / —  λ=1.0  vb fcm
03:35:49 | i 54 | [Phase 2/3] route  41.12s / 24.72s / 166.4%  filo2  k=8
03:36:11 | i 53 | [ ASYNC BG] bg_ails  63.86s / 60.00s / 106.4%
03:36:11 | i 54 | [HAOS ROLL] k=8  λ=1.0  vb  fcm  filo2  P≈0.000579
03:36:11 | i 54 | [ Summary ] cost=220417.00  Δ_S*=+1.52%  Δ_BKS=+1.75%  Δ_S*_BKS=+0.23%  no_improve=32
03:36:11 | i 48 | [ASYNC 1/2] sp_sc  45.37s / 720.00s / 6.3%  SP  avg_coverage=45.76/5  pool=10000
03:36:11 | i 48 | [ASYNC 2/2] standard_ails  363.15s / 360.00s / 100.9%
03:36:48 | i 55 | [HAOS ROLL] k=2  λ=0.2  vb  ac_complete  filo2  P≈0.000694
03:36:49 | i 55 | [Phase 1/3] decompose  0.63s / — / —  λ=0.2  vb ac_complete
03:38:21 | i 55 | [Phase 2/3] route  92.33s / 91.92s / 100.4%  filo2  k=2
03:38:22 | i 54 | [ ASYNC BG] bg_ails  63.78s / 60.00s / 106.3%
03:38:22 | i 55 | [HAOS ROLL] k=2  λ=0.2  vb  ac_complete  filo2  P≈0.000694
03:38:22 | i 55 | [ Summary ] cost=218900.00  Δ_S*=+0.82%  Δ_BKS=+1.05%  Δ_S*_BKS=+0.23%  no_improve=35
03:38:22 | i 56 | [HAOS ROLL] k=10  λ=0.8  rb  ac_complete  filo2  P≈0.001216
03:38:22 | i 56 | [Phase 1/3] decompose  0.44s / — / —  λ=0.8  rb ac_complete
03:38:58 | i 56 | [Phase 2/3] route  35.12s / 23.82s / 147.4%  filo2  k=10
03:39:54 | i 55 | [ ASYNC BG] bg_ails  92.77s / 89.71s / 103.4%
03:39:55 | i 56 | [HAOS ROLL] k=10  λ=0.8  rb  ac_complete  filo2  P≈0.001216
03:39:55 | i 56 | [ Summary ] cost=219078.00  Δ_S*=+0.90%  Δ_BKS=+1.13%  Δ_S*_BKS=+0.23%  no_improve=37
03:39:55 | i 57 | [HAOS ROLL] k=2  λ=0.2  vb  kmedoids  filo2  P≈0.000449
03:39:55 | i 57 | [Phase 1/3] decompose  0.75s / — / —  λ=0.2  vb kmedoids
03:41:21 | i 57 | [Phase 2/3] route  85.19s / 84.72s / 100.5%  filo2  k=2
03:41:21 | i 56 | [ ASYNC BG] bg_ails  63.86s / 60.00s / 106.4%
03:41:21 | i 57 | [HAOS ROLL] k=2  λ=0.2  vb  kmedoids  filo2  P≈0.000449
03:41:21 | i 57 | [ Summary ] cost=218854.00  Δ_S*=+0.80%  Δ_BKS=+1.03%  Δ_S*_BKS=+0.23%  no_improve=39
03:41:21 | i 58 | [HAOS ROLL] k=2  λ=0.8  rb  ac_avg  filo2  P≈0.012668
03:41:22 | i 58 | [Phase 1/3] decompose  0.44s / — / —  λ=0.8  rb ac_avg
03:42:57 | i 58 | [Phase 2/3] route  95.21s / 94.62s / 100.6%  filo2  k=2
03:42:57 | i 57 | [ ASYNC BG] bg_ails  85.85s / 82.69s / 103.8%
03:42:57 | i 58 | [HAOS ROLL] k=2  λ=0.8  rb  ac_avg  filo2  P≈0.012668
03:42:57 | i 58 | [ Summary ] cost=218447.00  Δ_S*=+0.61%  Δ_BKS=+0.84%  Δ_S*_BKS=+0.23%  no_improve=41
03:42:57 | i 59 | [HAOS ROLL] k=4  λ=1.0  rb  ac_complete  filo2  P≈0.000671
03:42:58 | i 59 | [Phase 1/3] decompose  0.44s / — / —  λ=1.0  rb ac_complete
03:43:50 | i 59 | [Phase 2/3] route  52.12s / 51.54s / 101.1%  filo2  k=4
03:44:33 | i 58 | [ ASYNC BG] bg_ails  95.83s / 92.35s / 103.8%
03:44:33 | i 59 | [HAOS ROLL] k=4  λ=1.0  rb  ac_complete  filo2  P≈0.000671
03:44:33 | i 59 | [ Summary ] cost=219284.00  Δ_S*=+0.99%  Δ_BKS=+1.23%  Δ_S*_BKS=+0.23%  no_improve=43
03:44:33 | i 60 | [HAOS ROLL] k=8  λ=1.0  rb  ac_complete  filo2  P≈0.003140
03:44:34 | i 60 | [Phase 1/3] decompose  0.44s / — / —  λ=1.0  rb ac_complete
03:45:09 | i 60 | [Phase 2/3] route  35.12s / 35.34s / 99.4%  filo2  k=8
03:45:36 | i 59 | [ ASYNC BG] bg_ails  63.76s / 60.00s / 106.3%
03:45:37 | i 60 | [HAOS ROLL] k=8  λ=1.0  rb  ac_complete  filo2  P≈0.003140
03:45:37 | i 60 | [ Summary ] cost=218806.00  Δ_S*=+0.77%  Δ_BKS=+1.01%  Δ_S*_BKS=+0.23%  no_improve=45
03:45:37 | i 61 | [HAOS ROLL] k=8  λ=0.4  rb  ac_complete  filo  P≈0.000824
03:45:37 | i 61 | [Phase 1/3] decompose  0.44s / — / —  λ=0.4  rb ac_complete
03:46:12 | i 61 | [Phase 2/3] route  35.12s / 35.34s / 99.4%  filo  k=8
03:46:40 | i 60 | [ ASYNC BG] bg_ails  63.70s / 60.00s / 106.2%
03:46:40 | i 61 | [HAOS ROLL] k=8  λ=0.4  rb  ac_complete  filo  P≈0.000824
03:46:40 | i 61 | [ Summary ] cost=218908.00  Δ_S*=+0.82%  Δ_BKS=+1.06%  Δ_S*_BKS=+0.23%  no_improve=47
03:46:40 | i 62 | [HAOS ROLL] k=8  λ=0.0  rb  ac_avg  filo  P≈0.003783
03:46:41 | i 62 | [Phase 1/3] decompose  0.34s / — / —  λ=0.0  rb ac_avg
03:47:18 | i 62 | [Phase 2/3] route  37.11s / 27.48s / 135.0%  filo  k=8
03:47:44 | i 61 | [ ASYNC BG] bg_ails  63.77s / 60.00s / 106.3%
03:47:44 | i 62 | [HAOS ROLL] k=8  λ=0.0  rb  ac_avg  filo  P≈0.003783
03:47:44 | i 62 | [ Summary ] cost=219055.00  Δ_S*=+0.89%  Δ_BKS=+1.12%  Δ_S*_BKS=+0.23%  no_improve=49
03:47:44 | i 63 | [HAOS ROLL] k=8  λ=0.0  vb  ac_avg  filo2  P≈0.001266
03:47:45 | i 63 | [Phase 1/3] decompose  0.52s / — / —  λ=0.0  vb ac_avg
03:48:19 | i 63 | [Phase 2/3] route  34.11s / 33.30s / 102.4%  filo2  k=8
03:48:48 | i 62 | [ ASYNC BG] bg_ails  63.71s / 60.00s / 106.2%
03:48:48 | i 63 | [HAOS ROLL] k=8  λ=0.0  vb  ac_avg  filo2  P≈0.001266
03:48:48 | i 63 | [ Summary ] cost=222183.00  Δ_S*=+2.33%  Δ_BKS=+2.57%  Δ_S*_BKS=+0.23%  no_improve=51
03:48:48 | i 64 | [HAOS ROLL] k=8  λ=0.8  rb  ac_complete  filo2  P≈0.011402
03:48:48 | i 64 | [Phase 1/3] decompose  0.44s / — / —  λ=0.8  rb ac_complete
03:49:24 | i 64 | [Phase 2/3] route  35.12s / 35.34s / 99.4%  filo2  k=8
03:49:51 | i 63 | [ ASYNC BG] bg_ails  63.65s / 60.00s / 106.1%
03:49:52 | i 64 | [HAOS ROLL] k=8  λ=0.8  rb  ac_complete  filo2  P≈0.011402
03:49:52 | i 64 | [ Summary ] cost=218706.00  Δ_S*=+0.73%  Δ_BKS=+0.96%  Δ_S*_BKS=+0.23%  no_improve=53
03:49:52 | i 65 | [HAOS ROLL] k=2  λ=0.2  rb  ac_complete  filo2  P≈0.003751
03:49:52 | i 65 | [Phase 1/3] decompose  0.46s / — / —  λ=0.2  rb ac_complete
03:51:20 | i 65 | [Phase 2/3] route  88.18s / 87.84s / 100.4%  filo2  k=2
03:51:21 | i 64 | [ ASYNC BG] bg_ails  63.79s / 60.00s / 106.3%
03:51:21 | i 65 | [HAOS ROLL] k=2  λ=0.2  rb  ac_complete  filo2  P≈0.003751
03:51:21 | i 65 | [ Summary ] cost=218384.00  Δ_S*=+0.58%  Δ_BKS=+0.81%  Δ_S*_BKS=+0.23%  no_improve=55
03:51:21 | i 66 | [HAOS ROLL] k=8  λ=0.6  vb  fcm  ails2  P≈0.000464
03:51:22 | i 66 | [Phase 1/3] decompose  0.75s / — / —  λ=0.6  vb fcm
03:52:05 | i 66 | [Phase 2/3] route  43.75s / 24.66s / 177.4%  ails2  k=8
03:52:49 | i 65 | [ ASYNC BG] bg_ails  88.81s / 85.73s / 103.6%
03:52:50 | i 66 | [HAOS ROLL] k=8  λ=0.6  vb  fcm  ails2  P≈0.000464
03:52:50 | i 66 | [ Summary ] cost=221027.00  Δ_S*=+1.80%  Δ_BKS=+2.03%  Δ_S*_BKS=+0.23%  no_improve=57
03:52:50 | i 67 | [HAOS ROLL] k=10  λ=0.8  vb  ac_avg  filo  P≈0.000246
03:52:50 | i 67 | [Phase 1/3] decompose  0.66s / — / —  λ=0.8  vb ac_avg
03:53:26 | i 67 | [Phase 2/3] route  36.13s / 27.84s / 129.8%  filo  k=10
03:53:53 | i 66 | [ ASYNC BG] bg_ails  64.05s / 60.00s / 106.7%
03:53:54 | i 67 | [HAOS ROLL] k=10  λ=0.8  vb  ac_avg  filo  P≈0.000246
03:53:54 | i 67 | [ Summary ] cost=223765.00  Δ_S*=+3.06%  Δ_BKS=+3.30%  Δ_S*_BKS=+0.23%  no_improve=59
03:53:54 | i 68 | [HAOS ROLL] k=6  λ=0.0  rb  ac_avg  filo2  P≈0.001435
03:53:54 | i 68 | [Phase 1/3] decompose  0.34s / — / —  λ=0.0  rb ac_avg
03:54:32 | i 68 | [Phase 2/3] route  38.11s / 37.68s / 101.1%  filo2  k=6
03:54:57 | i 67 | [ ASYNC BG] bg_ails  63.91s / 60.00s / 106.5%
03:54:58 | i 68 | [HAOS ROLL] k=6  λ=0.0  rb  ac_avg  filo2  P≈0.001435
03:54:58 | i 68 | [ Summary ] cost=219083.00  Δ_S*=+0.90%  Δ_BKS=+1.14%  Δ_S*_BKS=+0.23%  no_improve=61
03:54:58 | i 69 | [HAOS ROLL] k=2  λ=0.6  vb  fcm  filo2  P≈0.001609
03:54:58 | i 69 | [Phase 1/3] decompose  0.67s / — / —  λ=0.6  vb fcm
03:56:23 | i 69 | [Phase 2/3] route  85.17s / 85.14s / 100.0%  filo2  k=2
03:56:24 | i 68 | [ ASYNC BG] bg_ails  63.65s / 60.00s / 106.1%
03:56:24 | i 69 | [HAOS ROLL] k=2  λ=0.6  vb  fcm  filo2  P≈0.001609
03:56:24 | i 69 | [ Summary ] cost=218646.00  Δ_S*=+0.70%  Δ_BKS=+0.93%  Δ_S*_BKS=+0.23%  no_improve=63
03:56:24 | i 70 | [HAOS ROLL] k=2  λ=0.6  rb  ac_avg  filo  P≈0.004498
03:56:24 | i 70 | [Phase 1/3] decompose  0.46s / — / —  λ=0.6  rb ac_avg
03:57:59 | i 70 | [Phase 2/3] route  95.19s / 94.62s / 100.6%  filo  k=2
03:57:59 | i 69 | [ ASYNC BG] bg_ails  86.85s / 83.10s / 104.5%
03:58:00 | i 70 | [HAOS ROLL] k=2  λ=0.6  rb  ac_avg  filo  P≈0.004498
03:58:00 | i 70 | [ Summary ] cost=218495.00  Δ_S*=+0.63%  Δ_BKS=+0.86%  Δ_S*_BKS=+0.23%  no_improve=65
03:58:00 | i 64 | [ASYNC 1/2] sp_sc  40.68s / 720.00s / 5.7%  SP  avg_coverage=45.25/5  pool=10000
03:58:00 | i 64 | [ASYNC 2/2] standard_ails  363.21s / 360.00s / 100.9%
03:58:38 | i 71 | [HAOS ROLL] k=2  λ=0.8  rb  ac_complete  filo  P≈0.005230
03:58:38 | i 71 | [Phase 1/3] decompose  0.44s / — / —  λ=0.8  rb ac_complete
04:00:06 | i 71 | [Phase 2/3] route  88.18s / 87.84s / 100.4%  filo  k=2
04:00:06 | i 70 | [ ASYNC BG] bg_ails  95.78s / 92.35s / 103.7%
04:00:07 | i 71 | [HAOS ROLL] k=2  λ=0.8  rb  ac_complete  filo  P≈0.005230
04:00:07 | i 71 | [ Summary ] cost=218875.00  Δ_S*=+0.81%  Δ_BKS=+1.04%  Δ_S*_BKS=+0.23%  no_improve=68
04:00:07 | i 72 | [HAOS ROLL] k=2  λ=0.0  rb  ac_avg  filo  P≈0.004151
04:00:07 | i 72 | [Phase 1/3] decompose  0.33s / — / —  λ=0.0  rb ac_avg
04:01:42 | i 72 | [Phase 2/3] route  95.19s / 94.62s / 100.6%  filo  k=2
04:01:42 | i 71 | [ ASYNC BG] bg_ails  88.82s / 85.73s / 103.6%
04:01:43 | i 72 | [HAOS ROLL] k=2  λ=0.0  rb  ac_avg  filo  P≈0.004151
04:01:43 | i 72 | [ Summary ] cost=218626.00  Δ_S*=+0.69%  Δ_BKS=+0.93%  Δ_S*_BKS=+0.23%  no_improve=70
04:01:43 | i 73 | [HAOS ROLL] k=4  λ=0.0  rb  ac_complete  filo2  P≈0.001227
04:01:43 | i 73 | [Phase 1/3] decompose  0.33s / — / —  λ=0.0  rb ac_complete
04:02:35 | i 73 | [Phase 2/3] route  52.11s / 51.54s / 101.1%  filo2  k=4
04:03:18 | i 72 | [ ASYNC BG] bg_ails  95.71s / 92.35s / 103.6%
04:03:18 | i 73 | [HAOS ROLL] k=4  λ=0.0  rb  ac_complete  filo2  P≈0.001227
04:03:18 | i 73 | [ Summary ] cost=218651.00  Δ_S*=+0.70%  Δ_BKS=+0.94%  Δ_S*_BKS=+0.23%  no_improve=72
04:03:18 | i 74 | [HAOS ROLL] k=2  λ=0.2  vb  ac_avg  filo2  P≈0.001156
04:03:19 | i 74 | [Phase 1/3] decompose  0.63s / — / —  λ=0.2  vb ac_avg
04:04:47 | i 74 | [Phase 2/3] route  88.18s / 88.08s / 100.1%  filo2  k=2
04:04:47 | i 73 | [ ASYNC BG] bg_ails  63.67s / 60.00s / 106.1%
04:04:48 | i 74 | [HAOS ROLL] k=2  λ=0.2  vb  ac_avg  filo2  P≈0.001156
04:04:48 | i 74 | [ Summary ] cost=218990.00  Δ_S*=+0.86%  Δ_BKS=+1.09%  Δ_S*_BKS=+0.23%  no_improve=74
04:04:48 | i 75 | [HAOS ROLL] k=2  λ=0.6  vb  fcm  filo2  P≈0.002047
04:04:48 | i 75 | [Phase 1/3] decompose  0.49s / — / —  λ=0.6  vb fcm
04:06:14 | i 75 | [Phase 2/3] route  86.18s / 86.10s / 100.1%  filo2  k=2
04:06:16 | i 74 | [ ASYNC BG] bg_ails  88.68s / 85.97s / 103.2%
04:06:16 | i 75 | [HAOS ROLL] k=2  λ=0.6  vb  fcm  filo2  P≈0.002047
04:06:16 | i 75 | [ Summary ] cost=218887.00  Δ_S*=+0.81%  Δ_BKS=+1.05%  Δ_S*_BKS=+0.23%  no_improve=76
04:06:16 | i 76 | [HAOS ROLL] k=2  λ=0.2  vb  ac_complete  ails2  P≈0.000446
04:06:17 | i 76 | [Phase 1/3] decompose  0.63s / — / —  λ=0.2  vb ac_complete
04:07:50 | i 76 | [Phase 2/3] route  92.91s / 91.92s / 101.1%  ails2  k=2
04:07:50 | i 75 | [ ASYNC BG] bg_ails  87.84s / 84.03s / 104.5%
04:07:50 | i 76 | [HAOS ROLL] k=2  λ=0.2  vb  ac_complete  ails2  P≈0.000446
04:07:50 | i 76 | [ Summary ] cost=218298.00  Δ_S*=+0.54%  Δ_BKS=+0.77%  Δ_S*_BKS=+0.23%  no_improve=78
04:07:50 | i 77 | [HAOS ROLL] k=2  λ=0.8  rb  ac_complete  filo  P≈0.006334
04:07:51 | i 77 | [Phase 1/3] decompose  0.44s / — / —  λ=0.8  rb ac_complete
04:09:19 | i 77 | [Phase 2/3] route  88.18s / 87.84s / 100.4%  filo  k=2
04:09:23 | i 76 | [ ASYNC BG] bg_ails  92.79s / 89.71s / 103.4%
04:09:23 | i 77 | [HAOS ROLL] k=2  λ=0.8  rb  ac_complete  filo  P≈0.006334
04:09:23 | i 77 | [ Summary ] cost=218792.00  Δ_S*=+0.77%  Δ_BKS=+1.00%  Δ_S*_BKS=+0.23%  no_improve=80
04:09:23 | i 78 | [HAOS ROLL] k=4  λ=0.8  vb  ac_complete  filo  P≈0.000531
04:09:24 | i 78 | [Phase 1/3] decompose  0.65s / — / —  λ=0.8  vb ac_complete
04:10:16 | i 78 | [Phase 2/3] route  52.11s / 52.02s / 100.2%  filo  k=4
04:10:52 | i 77 | [ ASYNC BG] bg_ails  88.98s / 85.73s / 103.8%
04:10:52 | i 78 | [HAOS ROLL] k=4  λ=0.8  vb  ac_complete  filo  P≈0.000531
04:10:52 | i 78 | [ Summary ] cost=219688.00  Δ_S*=+1.18%  Δ_BKS=+1.42%  Δ_S*_BKS=+0.23%  no_improve=82
04:10:52 | i 79 | [HAOS ROLL] k=2  λ=0.0  vb  ac_avg  filo2  P≈0.002653
04:10:53 | i 79 | [Phase 1/3] decompose  0.53s / — / —  λ=0.0  vb ac_avg
04:12:18 | i 79 | [Phase 2/3] route  85.17s / 85.08s / 100.1%  filo2  k=2
04:12:18 | i 78 | [ ASYNC BG] bg_ails  63.76s / 60.00s / 106.3%
04:12:18 | i 79 | [HAOS ROLL] k=2  λ=0.0  vb  ac_avg  filo2  P≈0.002653
04:12:18 | i 79 | [ Summary ] cost=218811.00  Δ_S*=+0.78%  Δ_BKS=+1.01%  Δ_S*_BKS=+0.23%  no_improve=84
04:12:18 | i 80 | [HAOS ROLL] k=8  λ=0.8  rb  ac_avg  pyvrp  P≈0.002943
04:12:19 | i 80 | [Phase 1/3] decompose  0.44s / — / —  λ=0.8  rb ac_avg
04:12:57 | i 80 | [Phase 2/3] route  37.79s / 27.48s / 137.5%  pyvrp  k=8
04:13:45 | i 79 | [ ASYNC BG] bg_ails  86.71s / 83.04s / 104.4%
04:13:45 | i 80 | [HAOS ROLL] k=8  λ=0.8  rb  ac_avg  pyvrp  P≈0.002943
04:13:45 | i 80 | [ Summary ] cost=220086.00  Δ_S*=+1.36%  Δ_BKS=+1.60%  Δ_S*_BKS=+0.23%  no_improve=86
04:13:45 | i 81 | [HAOS ROLL] k=8  λ=1.0  vb  ac_avg  filo  P≈0.000958
04:13:46 | i 81 | [Phase 1/3] decompose  0.65s / — / —  λ=1.0  vb ac_avg
04:14:19 | i 81 | [Phase 2/3] route  33.13s / 28.62s / 115.7%  filo  k=8
04:14:49 | i 80 | [ ASYNC BG] bg_ails  63.93s / 60.00s / 106.6%
04:14:49 | i 81 | [HAOS ROLL] k=8  λ=1.0  vb  ac_avg  filo  P≈0.000958
04:14:49 | i 81 | [ Summary ] cost=221481.00  Δ_S*=+2.01%  Δ_BKS=+2.24%  Δ_S*_BKS=+0.23%  no_improve=88
04:14:49 | i 82 | [HAOS ROLL] k=2  λ=0.8  rb  ac_avg  filo2  P≈0.013285
04:14:49 | i 82 | [Phase 1/3] decompose  0.45s / — / —  λ=0.8  rb ac_avg
04:16:25 | i 82 | [Phase 2/3] route  95.18s / 94.62s / 100.6%  filo2  k=2
04:16:25 | i 81 | [ ASYNC BG] bg_ails  63.80s / 60.00s / 106.3%
04:16:25 | i 82 | [HAOS ROLL] k=2  λ=0.8  rb  ac_avg  filo2  P≈0.013285
04:16:25 | i 82 | [ Summary ] cost=218504.00  Δ_S*=+0.64%  Δ_BKS=+0.87%  Δ_S*_BKS=+0.23%  no_improve=90
04:16:25 | i 83 | [HAOS ROLL] k=2  λ=0.2  rb  ac_complete  filo  P≈0.003067
04:16:25 | i 83 | [Phase 1/3] decompose  0.44s / — / —  λ=0.2  rb ac_complete
04:17:54 | i 83 | [Phase 2/3] route  88.18s / 87.84s / 100.4%  filo  k=2
04:18:00 | i 82 | [ ASYNC BG] bg_ails  95.77s / 92.35s / 103.7%
04:18:01 | i 83 | [HAOS ROLL] k=2  λ=0.2  rb  ac_complete  filo  P≈0.003067
04:18:01 | i 83 | [ Summary ] cost=218778.00  Δ_S*=+0.76%  Δ_BKS=+1.00%  Δ_S*_BKS=+0.23%  no_improve=92
04:18:01 | i 78 | [ASYNC 1/2] sp_sc  33.79s / 720.00s / 4.7%  SP  avg_coverage=44.84/5  pool=10000
04:18:01 | i 78 | [ASYNC 2/2] standard_ails  363.31s / 360.00s / 100.9%
04:18:38 | i 84 | [HAOS ROLL] k=8  λ=0.0  rb  ac_complete  filo2  P≈0.005925
04:18:39 | i 84 | [Phase 1/3] decompose  0.33s / — / —  λ=0.0  rb ac_complete
04:19:14 | i 84 | [Phase 2/3] route  35.12s / 35.34s / 99.4%  filo2  k=8
04:19:29 | i 83 | [ ASYNC BG] bg_ails  88.77s / 85.73s / 103.5%
04:19:29 | i 84 | [HAOS ROLL] k=8  λ=0.0  rb  ac_complete  filo2  P≈0.005925
04:19:30 | i 84 | [ Summary ] cost=218528.00  Δ_S*=+0.65%  Δ_BKS=+0.88%  Δ_S*_BKS=+0.23%  no_improve=95
04:19:30 | i — | [  FINAL  ] async BG-AILS totals launched=83 applied=83 adopted=2 launch_skipped_cap=1 crashes=0 discarded_in_flight=False block_wait_total_s=1707.3
04:19:30 | i — | [  FINAL  ] async SP/SC totals invocations=6 adopted=3 skipped=0 discarded_in_flight=False sp_busy_frac=0.4132143009174835
04:19:30 | i — | [  FINAL  ] ════════════════════════════════════════
04:19:30 | i — | [  FINAL  ] Run complete  iterations=84  elapsed=02:00:00  best=217125.00
04:19:30 | i — | [  FINAL  ] Δ_BKS=+0.23%  no_improve_stop=False  time_stop=True  cancelled=False
04:19:30 | i — | [  FINAL  ] 
04:19:30 | i — | [  FINAL  ] [BEST SOLUTION — HAOS TAG SUMMARY]
04:19:30 | i — | [  FINAL  ] ────────────────────────────────────────
04:19:30 | i — | [  FINAL  ]   7 routes  vb  fcm  k=2  λ=0.8  solver=filo2
04:19:30 | i — | [  FINAL  ]   7 routes  vb  ac_complete  k=12  λ=0.8  solver=filo
04:19:30 | i — | [  FINAL  ]   4 routes  rb  ac_complete  k=8  λ=0.2  solver=ails2
04:19:30 | i — | [  FINAL  ]   4 routes  vb  fcm  k=8  λ=0.8  solver=ails2
04:19:30 | i — | [  FINAL  ]   4 routes  rb  ac_avg  k=3  λ=0.0  solver=filo
04:19:30 | i — | [  FINAL  ]   4 routes  vb  ac_complete  k=3  λ=0.0  solver=filo
04:19:30 | i — | [  FINAL  ]   3 routes  rb  ac_avg  k=8  λ=0.0  solver=filo2
04:19:30 | i — | [  FINAL  ]   3 routes  rb  kmeans  k=2  λ=0.2  solver=filo
04:19:30 | i — | [  FINAL  ]   3 routes  rb  ac_complete  k=8  λ=0.0  solver=filo2
04:19:30 | i — | [  FINAL  ]   3 routes  rb  ac_avg  k=8  λ=0.6  solver=filo
04:19:30 | i — | [  FINAL  ]   2 routes  vb  ac_avg  k=10  λ=0.0  solver=pyvrp
04:19:30 | i — | [  FINAL  ]   2 routes  rb  kmeans  k=8  λ=0.4  solver=pyvrp
04:19:30 | i — | [  FINAL  ]   2 routes  rb  ac_avg  k=6  λ=0.6  solver=filo2
04:19:30 | i — | [  FINAL  ]   1 routes  rb  ac_avg  k=2  λ=0.8  solver=pyvrp
04:19:30 | i — | [  FINAL  ]   1 routes  vb  ac_avg  k=3  λ=0.6  solver=filo2
04:19:30 | i — | [  FINAL  ]   1 routes  vb  ac_complete  k=6  λ=0.4  solver=filo
04:19:30 | i — | [  FINAL  ]   1 routes  rb  kmeans  k=8  λ=0.8  solver=ails2
04:19:30 | i — | [  FINAL  ]   1 routes  vb  ac_avg  k=2  λ=1.0  solver=filo
04:19:30 | i — | [  FINAL  ]   1 routes  vb  kmeans  k=2  λ=1.0  solver=filo2
04:19:30 | i — | [  FINAL  ]   1 routes  rb  ac_avg  k=2  λ=0.8  solver=filo
04:19:30 | i — | [  FINAL  ]   1 routes  vb  ac_complete  k=2  λ=0.8  solver=pyvrp
04:19:30 | i — | [  FINAL  ]   1 routes  rb  ac_avg  k=4  λ=1.0  solver=filo2
04:19:30 | i — | [  FINAL  ]   1 routes  rb  ac_complete  k=4  λ=0.8  solver=pyvrp
04:19:30 | i — | [  FINAL  ]   1 routes  rb  kmeans  k=8  λ=0.6  solver=filo
04:19:30 | i — | [  FINAL  ]   1 routes  rb  kmeans  k=2  λ=0.8  solver=filo
04:19:30 | i — | [  FINAL  ]   1 routes  rb  kmeans  k=2  λ=1.0  solver=pyvrp
04:19:30 | i — | [  FINAL  ]   1 routes  vb  kmeans  k=6  λ=0.6  solver=ails2
04:19:30 | i — | [  FINAL  ]   147 routes  post-SP/SC improvement
04:19:30 | i — | [  FINAL  ] 
04:19:30 | i — | [  FINAL  ] [ROUTE POOL — HAOS TAG SUMMARY]
04:19:30 | i — | [  FINAL  ] ────────────────────────────────────────
04:19:30 | i — | [  FINAL  ]   618 routes  rb  ac_complete  k=2  λ=0.8  solver=filo
04:19:30 | i — | [  FINAL  ]   414 routes  rb  ac_avg  k=2  λ=0.8  solver=filo2
04:19:30 | i — | [  FINAL  ]   360 routes  vb  fcm  k=2  λ=0.6  solver=filo2
04:19:30 | i — | [  FINAL  ]   321 routes  vb  ac_avg  k=8  λ=1.0  solver=filo
04:19:30 | i — | [  FINAL  ]   313 routes  rb  ac_complete  k=2  λ=0.2  solver=filo
04:19:30 | i — | [  FINAL  ]   309 routes  vb  ac_complete  k=4  λ=0.8  solver=filo
04:19:30 | i — | [  FINAL  ]   309 routes  rb  ac_avg  k=8  λ=0.8  solver=pyvrp
04:19:30 | i — | [  FINAL  ]   304 routes  vb  ac_avg  k=2  λ=0.0  solver=filo2
04:19:30 | i — | [  FINAL  ]   299 routes  vb  ac_avg  k=2  λ=0.2  solver=filo2
04:19:30 | i — | [  FINAL  ]   289 routes  rb  ac_avg  k=2  λ=0.0  solver=filo
04:19:30 | i — | [  FINAL  ]   284 routes  rb  ac_complete  k=4  λ=0.0  solver=filo2
04:19:30 | i — | [  FINAL  ]   279 routes  vb  ac_complete  k=2  λ=0.2  solver=ails2
04:19:30 | i — | [  FINAL  ]   259 routes  rb  ac_complete  k=8  λ=0.0  solver=filo2
04:19:30 | i — | [  FINAL  ]   176 routes  rb  ac_avg  k=2  λ=0.6  solver=filo
04:19:30 | i — | [  FINAL  ]   173 routes  rb  ac_complete  k=8  λ=0.2  solver=ails2
04:19:30 | i — | [  FINAL  ]   155 routes  rb  ac_avg  k=2  λ=0.6  solver=filo2
04:19:30 | i — | [  FINAL  ]   154 routes  vb  ac_complete  k=12  λ=0.8  solver=filo
04:19:30 | i — | [  FINAL  ]   143 routes  vb  fcm  k=2  λ=0.8  solver=filo2
04:19:30 | i — | [  FINAL  ]   139 routes  rb  kmeans  k=2  λ=0.8  solver=filo
04:19:30 | i — | [  FINAL  ]   132 routes  vb  kmeans  k=6  λ=0.6  solver=ails2
04:19:30 | i — | [  FINAL  ]   130 routes  vb  ac_avg  k=10  λ=0.0  solver=pyvrp
04:19:30 | i — | [  FINAL  ]   127 routes  vb  ac_complete  k=3  λ=0.0  solver=filo
04:19:30 | i — | [  FINAL  ]   125 routes  rb  ac_avg  k=12  λ=0.2  solver=filo
04:19:30 | i — | [  FINAL  ]   124 routes  vb  ac_complete  k=2  λ=0.2  solver=filo2
04:19:30 | i — | [  FINAL  ]   123 routes  rb  kmeans  k=8  λ=0.6  solver=filo
04:19:30 | i — | [  FINAL  ]   123 routes  rb  ac_avg  k=4  λ=1.0  solver=filo2
04:19:30 | i — | [  FINAL  ]   119 routes  rb  ac_complete  k=8  λ=0.8  solver=filo2
04:19:30 | i — | [  FINAL  ]   117 routes  rb  kmeans  k=8  λ=0.8  solver=ails2
04:19:30 | i — | [  FINAL  ]   113 routes  rb  ac_avg  k=3  λ=0.0  solver=filo
04:19:30 | i — | [  FINAL  ]   109 routes  rb  ac_avg  k=8  λ=0.0  solver=filo2
04:19:30 | i — | [  FINAL  ]   108 routes  rb  ac_avg  k=6  λ=0.6  solver=filo2
04:19:30 | i — | [  FINAL  ]   108 routes  vb  ac_avg  k=2  λ=1.0  solver=filo
04:19:30 | i — | [  FINAL  ]   106 routes  vb  kmedoids  k=2  λ=0.2  solver=filo2
04:19:30 | i — | [  FINAL  ]   102 routes  vb  ac_avg  k=8  λ=0.0  solver=filo2
04:19:30 | i — | [  FINAL  ]   101 routes  rb  ac_complete  k=4  λ=0.8  solver=pyvrp
04:19:30 | i — | [  FINAL  ]   101 routes  vb  kmeans  k=2  λ=1.0  solver=filo2
04:19:30 | i — | [  FINAL  ]   97 routes  rb  ac_complete  k=8  λ=0.4  solver=filo
04:19:30 | i — | [  FINAL  ]   96 routes  vb  ac_complete  k=2  λ=0.8  solver=pyvrp
04:19:30 | i — | [  FINAL  ]   90 routes  rb  ac_complete  k=2  λ=0.6  solver=filo2
04:19:30 | i — | [  FINAL  ]   90 routes  rb  kmeans  k=2  λ=0.4  solver=filo
04:19:30 | i — | [  FINAL  ]   86 routes  rb  ac_complete  k=10  λ=0.8  solver=filo2
04:19:30 | i — | [  FINAL  ]   85 routes  rb  kmeans  k=2  λ=1.0  solver=pyvrp
04:19:30 | i — | [  FINAL  ]   83 routes  rb  ac_complete  k=4  λ=1.0  solver=filo2
04:19:30 | i — | [  FINAL  ]   82 routes  vb  ac_complete  k=12  λ=1.0  solver=filo2
04:19:30 | i — | [  FINAL  ]   82 routes  rb  ac_avg  k=8  λ=0.0  solver=filo
04:19:30 | i — | [  FINAL  ]   80 routes  vb  fcm  k=8  λ=1.0  solver=filo2
04:19:30 | i — | [  FINAL  ]   79 routes  rb  ac_avg  k=4  λ=0.0  solver=filo
04:19:30 | i — | [  FINAL  ]   76 routes  rb  kmeans  k=2  λ=0.6  solver=filo2
04:19:30 | i — | [  FINAL  ]   76 routes  rb  ac_complete  k=8  λ=1.0  solver=filo2
04:19:30 | i — | [  FINAL  ]   73 routes  vb  ac_avg  k=10  λ=0.8  solver=filo
04:19:30 | i — | [  FINAL  ]   72 routes  rb  kmeans  k=12  λ=0.0  solver=filo2
04:19:30 | i — | [  FINAL  ]   72 routes  rb  ac_avg  k=2  λ=0.8  solver=ails2
04:19:30 | i — | [  FINAL  ]   70 routes  rb  kmeans  k=8  λ=1.0  solver=pyvrp
04:19:30 | i — | [  FINAL  ]   69 routes  rb  kmeans  k=8  λ=0.4  solver=pyvrp
04:19:30 | i — | [  FINAL  ]   68 routes  rb  ac_avg  k=8  λ=0.8  solver=filo2
04:19:30 | i — | [  FINAL  ]   65 routes  vb  fcm  k=8  λ=0.6  solver=ails2
04:19:30 | i — | [  FINAL  ]   64 routes  rb  ac_complete  k=2  λ=0.0  solver=filo2
04:19:30 | i — | [  FINAL  ]   64 routes  vb  ac_avg  k=3  λ=0.6  solver=filo2
04:19:30 | i — | [  FINAL  ]   63 routes  rb  ac_avg  k=2  λ=0.8  solver=pyvrp
04:19:30 | i — | [  FINAL  ]   62 routes  vb  ac_complete  k=6  λ=0.4  solver=filo
04:19:30 | i — | [  FINAL  ]   62 routes  rb  ac_avg  k=8  λ=0.6  solver=ails2
04:19:30 | i — | [  FINAL  ]   62 routes  rb  ac_avg  k=6  λ=0.0  solver=filo2
04:19:30 | i — | [  FINAL  ]   59 routes  rb  ac_complete  k=2  λ=0.2  solver=filo2
04:19:30 | i — | [  FINAL  ]   58 routes  rb  ac_complete  k=2  λ=0.8  solver=ails2
04:19:30 | i — | [  FINAL  ]   56 routes  rb  ac_complete  k=6  λ=1.0  solver=filo2
04:19:30 | i — | [  FINAL  ]   48 routes  vb  kmeans  k=10  λ=0.8  solver=filo2
04:19:30 | i — | [  FINAL  ]   41 routes  rb  ac_avg  k=8  λ=0.6  solver=filo
04:19:30 | i — | [  FINAL  ]   40 routes  vb  fcm  k=8  λ=0.8  solver=ails2
04:19:30 | i — | [  FINAL  ]   38 routes  rb  kmeans  k=8  λ=0.0  solver=pyvrp
04:19:30 | i — | [  FINAL  ]   36 routes  rb  ac_complete  k=8  λ=0.8  solver=ails2
04:19:30 | i — | [  FINAL  ]   32 routes  rb  ac_avg  k=2  λ=0.8  solver=filo
04:19:30 | i — | [  FINAL  ]   27 routes  rb  kmeans  k=2  λ=0.2  solver=filo
04:19:30 | i — | [  FINAL  ]   26 routes  rb  ac_complete  k=4  λ=0.6  solver=filo2
04:19:30 | i — | [  FINAL  ]   17 routes  rb  ac_avg  k=8  λ=0.6  solver=filo2
04:19:30 | i — | [  FINAL  ]   288 routes  post-SP/SC improvement
04:19:30 | i — | [  FINAL  ] ════════════════════════════════════════
