15:17:52 | i — | [  INIT   ] ════════════════════════════════════════
15:17:52 | i — | [  INIT   ] DRISPI  instance=X-n3561-k229  n=3560  capacity=779
15:17:52 | i — | [  INIT   ] k domain (computed at init): [2, 3, 4, 6, 8, 10, 12, 15]  k_ext=16  k_min=229  k_ext_bound=n_bound  spacing_rejected=2
15:17:52 | i — | [  INIT   ] ══════════════════════════════════════════════════════
15:17:52 | i — | [  INIT   ] CONFIGURATION
15:17:52 | i — | [  INIT   ] ── stopping ────────────────────────────────
15:17:52 | i — | [  INIT   ]   time_limit                  = 7200.0
15:17:52 | i — | [  INIT   ]   max_no_improve              = 1000000000
15:17:52 | i — | [  INIT   ] ── parallelism ─────────────────────────────
15:17:52 | i — | [  INIT   ]   n_workers                   = 8
15:17:52 | i — | [  INIT   ] ── cores ───────────────────────────────────
15:17:52 | i — | [  INIT   ]   cores_total                 = 8
15:17:52 | i — | [  INIT   ]   cores_dri                   = 6
15:17:52 | i — | [  INIT   ]   cores_bg                    = 1
15:17:52 | i — | [  INIT   ]   cores_sp                    = 1
15:17:52 | i — | [  INIT   ]   cores_cpu_list              = None
15:17:52 | i — | [  INIT   ] ── sp/sc ───────────────────────────────────
15:17:52 | i — | [  INIT   ]   sp_sc_mode                  = async
15:17:52 | i — | [  INIT   ]   sp_sc_trigger               = wallclock
15:17:52 | i — | [  INIT   ]   interval_minutes            = 20.0
15:17:52 | i — | [  INIT   ]   overlap_policy              = skip
15:17:52 | i — | [  INIT   ]   warmup_iterations           = 5
15:17:52 | i — | [  INIT   ]   sp_interval                 = 3
15:17:52 | i — | [  INIT   ]   min_coverage                = 5
15:17:52 | i — | [  INIT   ]   sp_time_limit               = 720.0
15:17:52 | i — | [  INIT   ]   mip_gap                     = 0.00025
15:17:52 | i — | [  INIT   ] ── decomposition ───────────────────────────
15:17:52 | i — | [  INIT   ]   decomp_k_base_arms          = [2, 3, 4, 6, 8, 10, 12]
15:17:52 | i — | [  INIT   ]   decomp_k_max_arms           = 10
15:17:52 | i — | [  INIT   ]   decomp_k_ext_per_1000       = 4
15:17:52 | i — | [  INIT   ]   decomp_k_min_routes_per_cluster= 8
15:17:52 | i — | [  INIT   ]   decomp_k_min_arm_spacing    = 2
15:17:52 | i — | [  INIT   ]   subcluster_rate_s_per_customer= 0.06
15:17:52 | i — | [  INIT   ]   subcluster_floor_s          = 5.0
15:17:52 | i — | [  INIT   ] ── bg_ails ─────────────────────────────────
15:17:52 | i — | [  INIT   ]   bg_ails_mode                = async
15:17:52 | i — | [  INIT   ]   bg_ails_crash_threshold     = 1
15:17:52 | i — | [  INIT   ]   bg_ails_budget_mode         = predicted_dr_wall
15:17:52 | i — | [  INIT   ]   bg_ails_budget_floor_s      = 60.0
15:17:52 | i — | [  INIT   ]   bg_ails_budget_margin       = 1.0
15:17:52 | i — | [  INIT   ]   bg_ails_wall_model_scale    = 0.976
15:17:52 | i — | [  INIT   ]   bg_ails_wall_model_wave_exponent= -0.18
15:17:52 | i — | [  INIT   ]   bg_ails_initial_omega       = 10
15:17:52 | i — | [  INIT   ]   bg_ails_boundary_threshold  = 0.5
15:17:52 | i — | [  INIT   ]   bg_ails_small_cluster_cap   = 20
15:17:52 | i — | [  INIT   ]   bg_ails_small_cluster_alpha = 0.5
15:17:52 | i — | [  INIT   ]   bg_ails_pair_selection      = greedy
15:17:52 | i — | [  INIT   ]   bg_ails_n_chains_mode       = k
15:17:52 | i — | [  INIT   ]   bg_ails_unique_first_routes = True
15:17:52 | i — | [  INIT   ]   bg_ails_boundary_mask_first_ls= True
15:17:52 | i — | [  INIT   ] ── standard_improvement ────────────────────
15:17:52 | i — | [  INIT   ]   standard_improvement_time_limit= 360.0
15:17:52 | i — | [  INIT   ] ── pool ────────────────────────────────────
15:17:52 | i — | [  INIT   ]   max_pool_size               = 10000
15:17:52 | i — | [  INIT   ]   pool_diversity_weight       = 0.5
15:17:52 | i — | [  INIT   ] ── haos ────────────────────────────────────
15:17:52 | i — | [  INIT   ]   haos_decay                  = 0.95
15:17:52 | i — | [  INIT   ]   haos_warmup                 = 10
15:17:52 | i — | [  INIT   ]   haos_starting_weight        = 10.0
15:17:52 | i — | [  INIT   ]   haos_min_weight_k           = 0.025
15:17:52 | i — | [  INIT   ]   haos_min_weight_lambda      = 0.05
15:17:52 | i — | [  INIT   ]   haos_min_weight_paradigm    = 0.1
15:17:52 | i — | [  INIT   ]   haos_min_weight_vertex_method= 0.05
15:17:52 | i — | [  INIT   ]   haos_min_weight_route_method= 0.05
15:17:52 | i — | [  INIT   ]   haos_min_weight_solver      = 0.05
15:17:52 | i — | [  INIT   ]   haos_lambda_demand_values   = [0.0, 0.2, 0.4, 0.6, 0.8, 1.0]
15:17:52 | i — | [  INIT   ]   haos_paradigm_values        = ['vertex', 'route']
15:17:52 | i — | [  INIT   ]   haos_vertex_method_values   = ['kmeans', 'agglomerative_avg', 'agglomerative_complete', 'kmedoids', 'fcm']
15:17:52 | i — | [  INIT   ]   haos_route_method_values    = ['kmeans', 'agglomerative_avg', 'agglomerative_complete']
15:17:52 | i — | [  INIT   ]   haos_solver_values          = ['pyvrp', 'filo', 'filo2', 'ails2']
15:17:52 | i — | [  INIT   ] ── haos_rewards ────────────────────────────
15:17:52 | i — | [  INIT   ]   haos_reward_new_best        = 10.0
15:17:52 | i — | [  INIT   ]   haos_reward_improvement     = 4.0
15:17:52 | i — | [  INIT   ]   haos_reward_no_improvement  = 1.0
15:17:52 | i — | [  INIT   ]   haos_reward_no_solution     = 0.0
15:17:52 | i — | [  INIT   ]   haos_deferred_new_best      = 7.0
15:17:52 | i — | [  INIT   ]   haos_deferred_improvement   = 3.0
15:17:52 | i — | [  INIT   ]   haos_deferred_no_improvement= 0.0
15:17:52 | i — | [  INIT   ] ── seed ────────────────────────────────────
15:17:52 | i — | [  INIT   ]   seed                        = 22
15:17:52 | i — | [  INIT   ] ── output ──────────────────────────────────
15:17:52 | i — | [  INIT   ]   output_dir                  = /app/artifacts/benchmark/X-n3561-k229/seed22
15:17:52 | i — | [  INIT   ]   run_analysis                = False
15:17:52 | i — | [  INIT   ] ══════════════════════════════════════════════════════
15:17:52 | i — | [  INIT   ] BKS=209191.00
15:17:52 | i — | [  INIT   ] ════════════════════════════════════════
15:17:52 | i 1 | [HAOS ROLL] k=8  λ=0.8  vb  fcm  filo2  P≈0.000521
15:17:53 | i 1 | [Phase 1/3] decompose  1.43s / — / —  λ=0.8  vb fcm
15:18:46 | i 1 | [Phase 2/3] route  52.68s / 36.24s / 145.4%  filo2  k=8
15:18:46 | i 1 | [ IMPROVE ] 213089.00  via decompose_route  ·  Δ_BKS=+1.86%
15:18:46 | i 1 | [HAOS ROLL] k=8  λ=0.8  vb  fcm  filo2  P≈0.000521
15:18:46 | i 1 | [ Summary ] cost=213089.00  Δ_S*=+0.00%  Δ_BKS=+1.86%  Δ_S*_BKS=+1.86%  no_improve=0
15:18:46 | i 2 | [HAOS ROLL] k=12  λ=0.4  vb  kmedoids  filo  P≈0.000521
15:18:49 | i 2 | [Phase 1/3] decompose  3.49s / — / —  λ=0.4  vb kmedoids
15:19:39 | i 2 | [Phase 2/3] route  49.12s / 35.64s / 137.8%  filo  k=12
15:19:51 | i 1 | [ IMPROVE ] 210883.00  via bg_ails  ·  Δ_BKS=+0.81%
15:19:51 | i 1 | [ ASYNC BG] bg_ails  64.83s / 60.12s / 107.8%
15:19:51 | i 2 | [HAOS ROLL] k=12  λ=0.4  vb  kmedoids  filo  P≈0.000521
15:19:51 | i 2 | [ Summary ] cost=214896.00  Δ_S*=+1.90%  Δ_BKS=+2.73%  Δ_S*_BKS=+0.81%  no_improve=1
15:19:51 | i 3 | [HAOS ROLL] k=10  λ=0.6  rb  ac_avg  filo  P≈0.000868
15:19:52 | i 3 | [Phase 1/3] decompose  0.85s / — / —  λ=0.6  rb ac_avg
15:20:32 | i 3 | [Phase 2/3] route  40.12s / 40.08s / 100.1%  filo  k=10
15:20:56 | i 2 | [ IMPROVE ] 210734.00  via bg_ails  ·  Δ_BKS=+0.74%
15:20:56 | i 2 | [ ASYNC BG] bg_ails  65.26s / 60.00s / 108.8%
15:20:56 | i 3 | [HAOS ROLL] k=10  λ=0.6  rb  ac_avg  filo  P≈0.000868
15:20:56 | i 3 | [ Summary ] cost=212746.00  Δ_S*=+0.95%  Δ_BKS=+1.70%  Δ_S*_BKS=+0.74%  no_improve=1
15:20:56 | i 4 | [HAOS ROLL] k=2  λ=0.0  vb  kmeans  filo2  P≈0.000521
15:20:57 | i 4 | [Phase 1/3] decompose  0.56s / — / —  λ=0.0  vb kmeans
15:22:51 | i 4 | [Phase 2/3] route  114.24s / 113.70s / 100.5%  filo2  k=2
15:22:51 | i 3 | [ ASYNC BG] bg_ails  64.70s / 60.00s / 107.8%
15:22:51 | i 4 | [HAOS ROLL] k=2  λ=0.0  vb  kmeans  filo2  P≈0.000521
15:22:51 | i 4 | [ Summary ] cost=210984.00  Δ_S*=+0.12%  Δ_BKS=+0.86%  Δ_S*_BKS=+0.74%  no_improve=3
15:22:51 | i 5 | [HAOS ROLL] k=10  λ=0.8  vb  kmedoids  filo2  P≈0.000521
15:22:52 | i 5 | [Phase 1/3] decompose  1.07s / — / —  λ=0.8  vb kmedoids
15:23:47 | i 5 | [Phase 2/3] route  55.12s / 38.94s / 141.5%  filo2  k=10
15:24:46 | i 4 | [ IMPROVE ] 210555.00  via bg_ails  ·  Δ_BKS=+0.65%
15:24:46 | i 4 | [ ASYNC BG] bg_ails  114.54s / 110.97s / 103.2%
15:24:46 | i 5 | [HAOS ROLL] k=10  λ=0.8  vb  kmedoids  filo2  P≈0.000521
15:24:46 | i 5 | [ Summary ] cost=213265.00  Δ_S*=+1.29%  Δ_BKS=+1.95%  Δ_S*_BKS=+0.65%  no_improve=1
15:24:46 | i 6 | [HAOS ROLL] k=10  λ=0.0  vb  kmeans  ails2  P≈0.000521
15:24:46 | i 6 | [Phase 1/3] decompose  0.56s / — / —  λ=0.0  vb kmeans
15:25:36 | i 6 | [Phase 2/3] route  50.00s / 36.06s / 138.7%  ails2  k=10
15:25:50 | i 5 | [ ASYNC BG] bg_ails  64.88s / 60.00s / 108.1%
15:25:50 | i 6 | [HAOS ROLL] k=10  λ=0.0  vb  kmeans  ails2  P≈0.000521
15:25:50 | i 6 | [ Summary ] cost=212761.00  Δ_S*=+1.05%  Δ_BKS=+1.71%  Δ_S*_BKS=+0.65%  no_improve=3
15:25:50 | i 7 | [HAOS ROLL] k=6  λ=0.0  rb  kmeans  filo  P≈0.000868
15:25:51 | i 7 | [Phase 1/3] decompose  0.57s / — / —  λ=0.0  rb kmeans
15:26:43 | i 7 | [Phase 2/3] route  52.14s / 52.50s / 99.3%  filo  k=6
15:26:55 | i 6 | [ ASYNC BG] bg_ails  64.86s / 60.00s / 108.1%
15:26:55 | i 7 | [HAOS ROLL] k=6  λ=0.0  rb  kmeans  filo  P≈0.000868
15:26:55 | i 7 | [ Summary ] cost=212265.00  Δ_S*=+0.81%  Δ_BKS=+1.47%  Δ_S*_BKS=+0.65%  no_improve=5
15:26:55 | i 8 | [HAOS ROLL] k=2  λ=1.0  rb  ac_complete  filo2  P≈0.000868
15:26:56 | i 8 | [Phase 1/3] decompose  0.72s / — / —  λ=1.0  rb ac_complete
15:29:16 | i 8 | [Phase 2/3] route  140.33s / 139.86s / 100.3%  filo2  k=2
15:29:16 | i 7 | [ ASYNC BG] bg_ails  64.56s / 60.00s / 107.6%
15:29:16 | i 8 | [HAOS ROLL] k=2  λ=1.0  rb  ac_complete  filo2  P≈0.000868
15:29:16 | i 8 | [ Summary ] cost=210830.00  Δ_S*=+0.13%  Δ_BKS=+0.78%  Δ_S*_BKS=+0.65%  no_improve=7
15:29:16 | i 9 | [HAOS ROLL] k=3  λ=0.0  rb  kmeans  filo  P≈0.000868
15:29:17 | i 9 | [Phase 1/3] decompose  0.56s / — / —  λ=0.0  rb kmeans
15:30:43 | i 9 | [Phase 2/3] route  86.19s / 85.56s / 100.7%  filo  k=3
15:31:37 | i 8 | [ ASYNC BG] bg_ails  140.75s / 136.50s / 103.1%
15:31:37 | i 9 | [HAOS ROLL] k=3  λ=0.0  rb  kmeans  filo  P≈0.000868
15:31:37 | i 9 | [ Summary ] cost=211459.00  Δ_S*=+0.43%  Δ_BKS=+1.08%  Δ_S*_BKS=+0.65%  no_improve=9
15:31:37 | i 10 | [HAOS ROLL] k=10  λ=0.0  rb  ac_avg  filo2  P≈0.000868
15:31:38 | i 10 | [Phase 1/3] decompose  0.55s / — / —  λ=0.0  rb ac_avg
15:32:27 | i 10 | [Phase 2/3] route  49.12s / 37.86s / 129.7%  filo2  k=10
15:33:05 | i 9 | [ ASYNC BG] bg_ails  87.74s / 83.51s / 105.1%
15:33:05 | i 10 | [HAOS ROLL] k=10  λ=0.0  rb  ac_avg  filo2  P≈0.000868
15:33:05 | i 10 | [ Summary ] cost=212791.00  Δ_S*=+1.06%  Δ_BKS=+1.72%  Δ_S*_BKS=+0.65%  no_improve=11
15:33:05 | i 6 | [ASYNC 1/2] sp_sc  1.55s / 720.00s / 0.2%  SP  avg_coverage=10.61/5  pool=2456
15:33:05 | i 6 | [ASYNC 2/2] standard_ails  364.04s / 360.00s / 101.1%
15:33:13 | i 6 | [ IMPROVE ] 210066.00  via standard_ails  ·  Δ_BKS=+0.42%
15:33:13 | i 11 | [HAOS ROLL] k=12  λ=1.0  vb  ac_avg  ails2  P≈0.000521
15:33:14 | i 11 | [Phase 1/3] decompose  1.03s / — / —  λ=1.0  vb ac_avg
15:34:03 | i 11 | [Phase 2/3] route  49.05s / 38.04s / 128.9%  ails2  k=12
15:34:13 | i 10 | [ ASYNC BG] bg_ails  67.69s / 63.42s / 106.7%
15:34:13 | i 11 | [HAOS ROLL] k=12  λ=1.0  vb  ac_avg  ails2  P≈0.000521
15:34:13 | i 11 | [ Summary ] cost=213705.00  Δ_S*=+1.73%  Δ_BKS=+2.16%  Δ_S*_BKS=+0.42%  no_improve=2
15:34:13 | i 12 | [HAOS ROLL] k=15  λ=0.8  vb  kmedoids  ails2  P≈0.000436
15:34:14 | i 12 | [Phase 1/3] decompose  1.05s / — / —  λ=0.8  vb kmedoids
15:34:57 | i 12 | [Phase 2/3] route  43.06s / 30.00s / 143.5%  ails2  k=15
15:35:21 | i 11 | [ ASYNC BG] bg_ails  67.97s / 63.37s / 107.3%
15:35:21 | i 12 | [HAOS ROLL] k=15  λ=0.8  vb  kmedoids  ails2  P≈0.000436
15:35:21 | i 12 | [ Summary ] cost=214587.00  Δ_S*=+2.15%  Δ_BKS=+2.58%  Δ_S*_BKS=+0.42%  no_improve=4
15:35:21 | i 13 | [HAOS ROLL] k=12  λ=0.0  vb  kmedoids  filo2  P≈0.001691
15:35:22 | i 13 | [Phase 1/3] decompose  0.90s / — / —  λ=0.0  vb kmedoids
15:36:15 | i 13 | [Phase 2/3] route  53.12s / 32.58s / 163.0%  filo2  k=12
15:36:25 | i 12 | [ ASYNC BG] bg_ails  64.74s / 60.00s / 107.9%
15:36:25 | i 13 | [HAOS ROLL] k=12  λ=0.0  vb  kmedoids  filo2  P≈0.001691
15:36:25 | i 13 | [ Summary ] cost=214333.00  Δ_S*=+2.03%  Δ_BKS=+2.46%  Δ_S*_BKS=+0.42%  no_improve=6
15:36:25 | i 14 | [HAOS ROLL] k=2  λ=0.6  vb  fcm  ails2  P≈0.000832
15:36:26 | i 14 | [Phase 1/3] decompose  0.71s / — / —  λ=0.6  vb fcm
15:38:22 | i 14 | [Phase 2/3] route  116.17s / 114.06s / 101.8%  ails2  k=2
15:38:22 | i 13 | [ ASYNC BG] bg_ails  64.55s / 60.00s / 107.6%
15:38:22 | i 14 | [HAOS ROLL] k=2  λ=0.6  vb  fcm  ails2  P≈0.000832
15:38:22 | i 14 | [ Summary ] cost=210498.00  Δ_S*=+0.21%  Δ_BKS=+0.62%  Δ_S*_BKS=+0.42%  no_improve=8
15:38:22 | i 15 | [HAOS ROLL] k=2  λ=1.0  vb  ac_avg  pyvrp  P≈0.000354
15:38:23 | i 15 | [Phase 1/3] decompose  1.04s / — / —  λ=1.0  vb ac_avg
15:40:35 | i 15 | [Phase 2/3] route  131.95s / 122.70s / 107.5%  pyvrp  k=2
15:40:35 | i 14 | [ ASYNC BG] bg_ails  115.76s / 111.32s / 104.0%
15:40:35 | i 15 | [HAOS ROLL] k=2  λ=1.0  vb  ac_avg  pyvrp  P≈0.000354
15:40:36 | i 15 | [ Summary ] cost=215192.00  Δ_S*=+2.44%  Δ_BKS=+2.87%  Δ_S*_BKS=+0.42%  no_improve=10
15:40:36 | i 16 | [HAOS ROLL] k=10  λ=0.8  vb  fcm  ails2  P≈0.001411
15:40:36 | i 16 | [Phase 1/3] decompose  0.90s / — / —  λ=0.8  vb fcm
15:41:24 | i 16 | [Phase 2/3] route  47.97s / 30.84s / 155.6%  ails2  k=10
15:42:39 | i 15 | [ ASYNC BG] bg_ails  123.81s / 119.76s / 103.4%
15:42:39 | i 16 | [HAOS ROLL] k=10  λ=0.8  vb  fcm  ails2  P≈0.001411
15:42:39 | i 16 | [ Summary ] cost=213466.00  Δ_S*=+1.62%  Δ_BKS=+2.04%  Δ_S*_BKS=+0.42%  no_improve=12
15:42:39 | i 17 | [HAOS ROLL] k=4  λ=0.2  vb  ac_complete  pyvrp  P≈0.000172
15:42:40 | i 17 | [Phase 1/3] decompose  1.03s / — / —  λ=0.2  vb ac_complete
15:43:58 | i 17 | [Phase 2/3] route  77.55s / 73.86s / 105.0%  pyvrp  k=4
15:43:58 | i 16 | [ ASYNC BG] bg_ails  64.87s / 60.00s / 108.1%
15:43:58 | i 17 | [HAOS ROLL] k=4  λ=0.2  vb  ac_complete  pyvrp  P≈0.000172
15:43:58 | i 17 | [ Summary ] cost=214649.00  Δ_S*=+2.18%  Δ_BKS=+2.61%  Δ_S*_BKS=+0.42%  no_improve=14
15:43:58 | i 18 | [HAOS ROLL] k=12  λ=0.4  vb  kmeans  filo  P≈0.000577
15:43:59 | i 18 | [Phase 1/3] decompose  0.79s / — / —  λ=0.4  vb kmeans
15:44:47 | i 18 | [Phase 2/3] route  48.12s / 35.40s / 135.9%  filo  k=12
15:45:15 | i 17 | [ ASYNC BG] bg_ails  76.84s / 72.09s / 106.6%
15:45:15 | i 18 | [HAOS ROLL] k=12  λ=0.4  vb  kmeans  filo  P≈0.000577
15:45:15 | i 18 | [ Summary ] cost=213562.00  Δ_S*=+1.66%  Δ_BKS=+2.09%  Δ_S*_BKS=+0.42%  no_improve=16
15:45:15 | i 19 | [HAOS ROLL] k=15  λ=0.8  vb  ac_avg  filo2  P≈0.000724
15:45:16 | i 19 | [Phase 1/3] decompose  1.05s / — / —  λ=0.8  vb ac_avg
15:46:02 | i 19 | [Phase 2/3] route  46.14s / 37.26s / 123.8%  filo2  k=15
15:46:20 | i 18 | [ ASYNC BG] bg_ails  64.80s / 60.00s / 108.0%
15:46:20 | i 19 | [HAOS ROLL] k=15  λ=0.8  vb  ac_avg  filo2  P≈0.000724
15:46:20 | i 19 | [ Summary ] cost=214796.00  Δ_S*=+2.25%  Δ_BKS=+2.68%  Δ_S*_BKS=+0.42%  no_improve=18
15:46:20 | i 20 | [HAOS ROLL] k=15  λ=0.4  vb  fcm  pyvrp  P≈0.000717
15:46:21 | i 20 | [Phase 1/3] decompose  1.26s / — / —  λ=0.4  vb fcm
15:47:10 | i 20 | [Phase 2/3] route  48.87s / 20.70s / 236.1%  pyvrp  k=15
15:47:24 | i 19 | [ ASYNC BG] bg_ails  64.79s / 60.00s / 108.0%
15:47:24 | i 20 | [HAOS ROLL] k=15  λ=0.4  vb  fcm  pyvrp  P≈0.000717
15:47:25 | i 20 | [ Summary ] cost=217389.00  Δ_S*=+3.49%  Δ_BKS=+3.92%  Δ_S*_BKS=+0.42%  no_improve=20
15:47:25 | i 21 | [HAOS ROLL] k=4  λ=0.0  vb  ac_avg  filo2  P≈0.000824
15:47:25 | i 21 | [Phase 1/3] decompose  0.89s / — / —  λ=0.0  vb ac_avg
15:49:05 | i 21 | [Phase 2/3] route  99.21s / 98.88s / 100.3%  filo2  k=4
15:49:05 | i 20 | [ ASYNC BG] bg_ails  64.87s / 60.00s / 108.1%
15:49:05 | i 21 | [HAOS ROLL] k=4  λ=0.0  vb  ac_avg  filo2  P≈0.000824
15:49:05 | i 21 | [ Summary ] cost=211286.00  Δ_S*=+0.58%  Δ_BKS=+1.00%  Δ_S*_BKS=+0.42%  no_improve=22
15:49:05 | i 22 | [HAOS ROLL] k=10  λ=1.0  vb  fcm  filo2  P≈0.001061
15:49:06 | i 22 | [Phase 1/3] decompose  1.06s / — / —  λ=1.0  vb fcm
15:49:55 | i 22 | [Phase 2/3] route  49.13s / 30.84s / 159.3%  filo2  k=10
15:50:45 | i 21 | [ ASYNC BG] bg_ails  100.61s / 96.51s / 104.2%
15:50:45 | i 22 | [HAOS ROLL] k=10  λ=1.0  vb  fcm  filo2  P≈0.001061
15:50:45 | i 22 | [ Summary ] cost=213543.00  Δ_S*=+1.66%  Δ_BKS=+2.08%  Δ_S*_BKS=+0.42%  no_improve=24
15:50:45 | i 23 | [HAOS ROLL] k=6  λ=0.8  vb  kmeans  pyvrp  P≈0.000579
15:50:46 | i 23 | [Phase 1/3] decompose  0.72s / — / —  λ=0.8  vb kmeans
15:51:33 | i 23 | [Phase 2/3] route  46.82s / 45.12s / 103.8%  pyvrp  k=6
15:51:50 | i 22 | [ ASYNC BG] bg_ails  65.07s / 60.00s / 108.5%
15:51:50 | i 23 | [HAOS ROLL] k=6  λ=0.8  vb  kmeans  pyvrp  P≈0.000579
15:51:50 | i 23 | [ Summary ] cost=215359.00  Δ_S*=+2.52%  Δ_BKS=+2.95%  Δ_S*_BKS=+0.42%  no_improve=26
15:51:50 | i 24 | [HAOS ROLL] k=12  λ=0.4  vb  kmeans  pyvrp  P≈0.000893
15:51:51 | i 24 | [Phase 1/3] decompose  0.81s / — / —  λ=0.4  vb kmeans
15:52:33 | i 24 | [Phase 2/3] route  41.40s / 28.74s / 144.1%  pyvrp  k=12
15:52:55 | i 23 | [ ASYNC BG] bg_ails  64.80s / 60.00s / 108.0%
15:52:55 | i 24 | [HAOS ROLL] k=12  λ=0.4  vb  kmeans  pyvrp  P≈0.000893
15:52:55 | i 24 | [ Summary ] cost=216444.00  Δ_S*=+3.04%  Δ_BKS=+3.47%  Δ_S*_BKS=+0.42%  no_improve=28
15:52:55 | i 25 | [HAOS ROLL] k=6  λ=0.8  vb  kmeans  ails2  P≈0.001151
15:52:56 | i 25 | [Phase 1/3] decompose  0.73s / — / —  λ=0.8  vb kmeans
15:53:50 | i 25 | [Phase 2/3] route  54.12s / 52.62s / 102.9%  ails2  k=6
15:54:00 | i 24 | [ ASYNC BG] bg_ails  64.97s / 60.00s / 108.3%
15:54:00 | i 25 | [HAOS ROLL] k=6  λ=0.8  vb  kmeans  ails2  P≈0.001151
15:54:00 | i 25 | [ Summary ] cost=211284.00  Δ_S*=+0.58%  Δ_BKS=+1.00%  Δ_S*_BKS=+0.42%  no_improve=30
15:54:00 | i 26 | [HAOS ROLL] k=2  λ=1.0  vb  kmedoids  filo  P≈0.000472
15:54:02 | i 26 | [Phase 1/3] decompose  1.26s / — / —  λ=1.0  vb kmedoids
15:55:58 | i 26 | [Phase 2/3] route  116.27s / 116.10s / 100.2%  filo  k=2
15:55:58 | i 25 | [ ASYNC BG] bg_ails  64.77s / 60.00s / 107.9%
15:55:58 | i 26 | [HAOS ROLL] k=2  λ=1.0  vb  kmedoids  filo  P≈0.000472
15:55:58 | i 26 | [ Summary ] cost=211481.00  Δ_S*=+0.67%  Δ_BKS=+1.09%  Δ_S*_BKS=+0.42%  no_improve=32
15:55:58 | i 27 | [HAOS ROLL] k=6  λ=0.8  vb  ac_avg  filo2  P≈0.001969
15:55:59 | i 27 | [Phase 1/3] decompose  1.04s / — / —  λ=0.8  vb ac_avg
15:57:14 | i 27 | [Phase 2/3] route  75.19s / 74.58s / 100.8%  filo2  k=6
15:57:56 | i 26 | [ ASYNC BG] bg_ails  117.84s / 113.31s / 104.0%
15:57:56 | i 27 | [HAOS ROLL] k=6  λ=0.8  vb  ac_avg  filo2  P≈0.001969
15:57:56 | i 27 | [ Summary ] cost=211744.00  Δ_S*=+0.80%  Δ_BKS=+1.22%  Δ_S*_BKS=+0.42%  no_improve=34
15:57:56 | i 28 | [HAOS ROLL] k=15  λ=0.8  vb  kmeans  pyvrp  P≈0.001887
15:57:57 | i 28 | [Phase 1/3] decompose  0.73s / — / —  λ=0.8  vb kmeans
15:58:39 | i 28 | [Phase 2/3] route  42.04s / 24.66s / 170.5%  pyvrp  k=15
15:59:13 | i 27 | [ ASYNC BG] bg_ails  76.99s / 72.79s / 105.8%
15:59:13 | i 28 | [HAOS ROLL] k=15  λ=0.8  vb  kmeans  pyvrp  P≈0.001887
15:59:13 | i 28 | [ Summary ] cost=217102.00  Δ_S*=+3.35%  Δ_BKS=+3.78%  Δ_S*_BKS=+0.42%  no_improve=36
15:59:13 | i 29 | [HAOS ROLL] k=2  λ=0.6  rb  kmeans  ails2  P≈0.000160
15:59:14 | i 29 | [Phase 1/3] decompose  0.72s / — / —  λ=0.6  rb kmeans
16:01:08 | i 29 | [Phase 2/3] route  114.22s / 112.44s / 101.6%  ails2  k=2
16:01:08 | i 28 | [ ASYNC BG] bg_ails  64.75s / 60.00s / 107.9%
16:01:08 | i 29 | [HAOS ROLL] k=2  λ=0.6  rb  kmeans  ails2  P≈0.000160
16:01:08 | i 29 | [ Summary ] cost=210153.00  Δ_S*=+0.04%  Δ_BKS=+0.46%  Δ_S*_BKS=+0.42%  no_improve=38
16:01:08 | i 19 | [ASYNC 1/2] sp_sc  412.42s / 720.00s / 57.3%  SP  avg_coverage=35.87/5  pool=8297
16:01:08 | i 19 | [ASYNC 2/2] standard_ails  364.19s / 360.00s / 101.2%
16:01:53 | i 19 | [ IMPROVE ] 209939.00  via standard_ails  ·  Δ_BKS=+0.36%
16:01:53 | i 30 | [HAOS ROLL] k=8  λ=0.8  vb  ac_avg  pyvrp  P≈0.001356
16:01:54 | i 30 | [Phase 1/3] decompose  1.02s / — / —  λ=0.8  vb ac_avg
16:02:43 | i 30 | [Phase 2/3] route  48.51s / 46.50s / 104.3%  pyvrp  k=8
16:03:02 | i 29 | [ ASYNC BG] bg_ails  113.72s / 109.74s / 103.6%
16:03:02 | i 30 | [HAOS ROLL] k=8  λ=0.8  vb  ac_avg  pyvrp  P≈0.001356
16:03:02 | i 30 | [ Summary ] cost=215423.00  Δ_S*=+2.61%  Δ_BKS=+2.98%  Δ_S*_BKS=+0.36%  no_improve=2
16:03:02 | i 31 | [HAOS ROLL] k=8  λ=0.6  rb  kmeans  pyvrp  P≈0.000242
16:03:03 | i 31 | [Phase 1/3] decompose  0.71s / — / —  λ=0.6  rb kmeans
16:03:52 | i 31 | [Phase 2/3] route  49.77s / 47.82s / 104.1%  pyvrp  k=8
16:04:16 | i 30 | [ ASYNC BG] bg_ails  74.85s / 70.56s / 106.1%
16:04:17 | i 31 | [HAOS ROLL] k=8  λ=0.6  rb  kmeans  pyvrp  P≈0.000242
16:04:17 | i 31 | [ Summary ] cost=215325.00  Δ_S*=+2.57%  Δ_BKS=+2.93%  Δ_S*_BKS=+0.36%  no_improve=4
16:04:17 | i 32 | [HAOS ROLL] k=10  λ=0.6  rb  ac_avg  pyvrp  P≈0.000674
16:04:18 | i 32 | [Phase 1/3] decompose  0.76s / — / —  λ=0.6  rb ac_avg
16:05:07 | i 32 | [Phase 2/3] route  49.47s / 47.40s / 104.4%  pyvrp  k=10
16:05:26 | i 31 | [ ASYNC BG] bg_ails  69.18s / 64.82s / 106.7%
16:05:26 | i 32 | [HAOS ROLL] k=10  λ=0.6  rb  ac_avg  pyvrp  P≈0.000674
16:05:26 | i 32 | [ Summary ] cost=215004.00  Δ_S*=+2.41%  Δ_BKS=+2.78%  Δ_S*_BKS=+0.36%  no_improve=6
16:05:26 | i 33 | [HAOS ROLL] k=6  λ=0.4  rb  ac_avg  filo2  P≈0.000521
16:05:27 | i 33 | [Phase 1/3] decompose  0.71s / — / —  λ=0.4  rb ac_avg
16:06:43 | i 33 | [Phase 2/3] route  76.19s / 75.84s / 100.5%  filo2  k=6
16:06:46 | i 32 | [ ASYNC BG] bg_ails  80.81s / 76.30s / 105.9%
16:06:47 | i 33 | [HAOS ROLL] k=6  λ=0.4  rb  ac_avg  filo2  P≈0.000521
16:06:47 | i 33 | [ Summary ] cost=210828.00  Δ_S*=+0.42%  Δ_BKS=+0.78%  Δ_S*_BKS=+0.36%  no_improve=8
16:06:47 | i 34 | [HAOS ROLL] k=10  λ=0.4  vb  ac_avg  filo2  P≈0.001427
16:06:48 | i 34 | [Phase 1/3] decompose  1.04s / — / —  λ=0.4  vb ac_avg
16:07:32 | i 34 | [Phase 2/3] route  44.14s / 43.86s / 100.6%  filo2  k=10
16:08:05 | i 33 | [ ASYNC BG] bg_ails  78.87s / 74.02s / 106.6%
16:08:06 | i 34 | [HAOS ROLL] k=10  λ=0.4  vb  ac_avg  filo2  P≈0.001427
16:08:06 | i 34 | [ Summary ] cost=212998.00  Δ_S*=+1.46%  Δ_BKS=+1.82%  Δ_S*_BKS=+0.36%  no_improve=10
16:08:06 | i 35 | [HAOS ROLL] k=6  λ=0.4  vb  kmeans  pyvrp  P≈0.001044
16:08:06 | i 35 | [Phase 1/3] decompose  0.71s / — / —  λ=0.4  vb kmeans
16:09:01 | i 35 | [Phase 2/3] route  54.85s / 52.62s / 104.2%  pyvrp  k=6
16:09:10 | i 34 | [ ASYNC BG] bg_ails  64.84s / 60.00s / 108.1%
16:09:10 | i 35 | [HAOS ROLL] k=6  λ=0.4  vb  kmeans  pyvrp  P≈0.001044
16:09:10 | i 35 | [ Summary ] cost=215039.00  Δ_S*=+2.43%  Δ_BKS=+2.80%  Δ_S*_BKS=+0.36%  no_improve=12
16:09:10 | i 36 | [HAOS ROLL] k=6  λ=0.8  vb  kmeans  filo  P≈0.001439
16:09:11 | i 36 | [Phase 1/3] decompose  0.72s / — / —  λ=0.8  vb kmeans
16:10:00 | i 36 | [Phase 2/3] route  49.15s / 48.72s / 100.9%  filo  k=6
16:10:15 | i 35 | [ ASYNC BG] bg_ails  64.77s / 60.00s / 107.9%
16:10:15 | i 36 | [HAOS ROLL] k=6  λ=0.8  vb  kmeans  filo  P≈0.001439
16:10:15 | i 36 | [ Summary ] cost=212071.00  Δ_S*=+1.02%  Δ_BKS=+1.38%  Δ_S*_BKS=+0.36%  no_improve=14
16:10:15 | i 37 | [HAOS ROLL] k=10  λ=0.8  rb  ac_avg  filo  P≈0.001870
16:10:16 | i 37 | [Phase 1/3] decompose  0.72s / — / —  λ=0.8  rb ac_avg
16:11:03 | i 37 | [Phase 2/3] route  47.15s / 47.40s / 99.5%  filo  k=10
16:11:20 | i 36 | [ ASYNC BG] bg_ails  64.81s / 60.00s / 108.0%
16:11:20 | i 37 | [HAOS ROLL] k=10  λ=0.8  rb  ac_avg  filo  P≈0.001870
16:11:20 | i 37 | [ Summary ] cost=211935.00  Δ_S*=+0.95%  Δ_BKS=+1.31%  Δ_S*_BKS=+0.36%  no_improve=16
16:11:20 | i 38 | [HAOS ROLL] k=15  λ=0.8  rb  ac_avg  pyvrp  P≈0.000761
16:11:21 | i 38 | [Phase 1/3] decompose  0.72s / — / —  λ=0.8  rb ac_avg
16:12:11 | i 38 | [Phase 2/3] route  50.53s / 41.16s / 122.8%  pyvrp  k=15
16:12:41 | i 37 | [ ASYNC BG] bg_ails  80.82s / 76.30s / 105.9%
16:12:41 | i 38 | [HAOS ROLL] k=15  λ=0.8  rb  ac_avg  pyvrp  P≈0.000761
16:12:41 | i 38 | [ Summary ] cost=214295.00  Δ_S*=+2.07%  Δ_BKS=+2.44%  Δ_S*_BKS=+0.36%  no_improve=18
16:12:41 | i 39 | [HAOS ROLL] k=15  λ=0.6  vb  kmeans  filo2  P≈0.000964
16:12:42 | i 39 | [Phase 1/3] decompose  0.75s / — / —  λ=0.6  vb kmeans
16:13:27 | i 39 | [Phase 2/3] route  45.14s / 22.68s / 199.0%  filo2  k=15
16:13:50 | i 38 | [ ASYNC BG] bg_ails  69.01s / 64.25s / 107.4%
16:13:50 | i 39 | [HAOS ROLL] k=15  λ=0.6  vb  kmeans  filo2  P≈0.000964
16:13:50 | i 39 | [ Summary ] cost=214851.00  Δ_S*=+2.34%  Δ_BKS=+2.71%  Δ_S*_BKS=+0.36%  no_improve=20
16:13:50 | i 33 | [ASYNC 1/2] sp_sc  44.58s / 720.00s / 6.2%  SP  avg_coverage=42.38/5  pool=10000
16:13:50 | i 33 | [ASYNC 2/2] standard_ails  363.85s / 360.00s / 101.1%
16:14:35 | i 40 | [HAOS ROLL] k=15  λ=0.0  vb  fcm  filo2  P≈0.000710
16:14:37 | i 40 | [Phase 1/3] decompose  1.91s / — / —  λ=0.0  vb fcm
16:15:23 | i 40 | [Phase 2/3] route  46.14s / 20.64s / 223.5%  filo2  k=15
16:15:23 | i 39 | [ ASYNC BG] bg_ails  64.74s / 60.00s / 107.9%
16:15:23 | i 40 | [HAOS ROLL] k=15  λ=0.0  vb  fcm  filo2  P≈0.000710
16:15:23 | i 40 | [ Summary ] cost=215225.00  Δ_S*=+2.52%  Δ_BKS=+2.88%  Δ_S*_BKS=+0.36%  no_improve=23
16:15:23 | i 41 | [HAOS ROLL] k=4  λ=0.4  vb  fcm  filo2  P≈0.000565
16:15:24 | i 41 | [Phase 1/3] decompose  0.71s / — / —  λ=0.4  vb fcm
16:16:37 | i 41 | [Phase 2/3] route  73.18s / 72.72s / 100.6%  filo2  k=4
16:16:37 | i 40 | [ ASYNC BG] bg_ails  64.71s / 60.00s / 107.9%
16:16:37 | i 41 | [HAOS ROLL] k=4  λ=0.4  vb  fcm  filo2  P≈0.000565
16:16:38 | i 41 | [ Summary ] cost=211358.00  Δ_S*=+0.68%  Δ_BKS=+1.04%  Δ_S*_BKS=+0.36%  no_improve=25
16:16:38 | i 42 | [HAOS ROLL] k=12  λ=1.0  vb  kmeans  filo2  P≈0.001108
16:16:38 | i 42 | [Phase 1/3] decompose  0.71s / — / —  λ=1.0  vb kmeans
16:17:26 | i 42 | [Phase 2/3] route  48.14s / 31.02s / 155.2%  filo2  k=12
16:17:52 | i 41 | [ ASYNC BG] bg_ails  74.87s / 70.97s / 105.5%
16:17:52 | i 42 | [HAOS ROLL] k=12  λ=1.0  vb  kmeans  filo2  P≈0.001108
16:17:52 | i 42 | [ Summary ] cost=214465.00  Δ_S*=+2.16%  Δ_BKS=+2.52%  Δ_S*_BKS=+0.36%  no_improve=27
16:17:52 | i 43 | [HAOS ROLL] k=8  λ=0.4  vb  kmedoids  filo2  P≈0.000878
16:17:53 | i 43 | [Phase 1/3] decompose  1.04s / — / —  λ=0.4  vb kmedoids
16:18:55 | i 43 | [Phase 2/3] route  61.14s / 46.92s / 130.3%  filo2  k=8
16:18:57 | i 42 | [ ASYNC BG] bg_ails  64.83s / 60.00s / 108.1%
16:18:57 | i 43 | [HAOS ROLL] k=8  λ=0.4  vb  kmedoids  filo2  P≈0.000878
16:18:57 | i 43 | [ Summary ] cost=212878.00  Δ_S*=+1.40%  Δ_BKS=+1.76%  Δ_S*_BKS=+0.36%  no_improve=29
16:18:57 | i 44 | [HAOS ROLL] k=15  λ=0.4  vb  ac_avg  filo2  P≈0.001145
16:18:58 | i 44 | [Phase 1/3] decompose  1.02s / — / —  λ=0.4  vb ac_avg
16:19:41 | i 44 | [Phase 2/3] route  43.13s / 42.48s / 101.5%  filo2  k=15
16:20:10 | i 43 | [ ASYNC BG] bg_ails  72.71s / 68.39s / 106.3%
16:20:10 | i 44 | [HAOS ROLL] k=15  λ=0.4  vb  ac_avg  filo2  P≈0.001145
16:20:10 | i 44 | [ Summary ] cost=215405.00  Δ_S*=+2.60%  Δ_BKS=+2.97%  Δ_S*_BKS=+0.36%  no_improve=31
16:20:10 | i 45 | [HAOS ROLL] k=10  λ=1.0  rb  ac_avg  filo  P≈0.000814
16:20:11 | i 45 | [Phase 1/3] decompose  0.72s / — / —  λ=1.0  rb ac_avg
16:20:58 | i 45 | [Phase 2/3] route  47.14s / 47.40s / 99.5%  filo  k=10
16:21:15 | i 44 | [ ASYNC BG] bg_ails  64.88s / 60.00s / 108.1%
16:21:15 | i 45 | [HAOS ROLL] k=10  λ=1.0  rb  ac_avg  filo  P≈0.000814
16:21:15 | i 45 | [ Summary ] cost=212051.00  Δ_S*=+1.01%  Δ_BKS=+1.37%  Δ_S*_BKS=+0.36%  no_improve=33
16:21:15 | i 46 | [HAOS ROLL] k=12  λ=0.6  vb  kmedoids  pyvrp  P≈0.000479
16:21:16 | i 46 | [Phase 1/3] decompose  1.01s / — / —  λ=0.6  vb kmedoids
16:22:10 | i 46 | [Phase 2/3] route  53.87s / 31.20s / 172.6%  pyvrp  k=12
16:22:35 | i 45 | [ ASYNC BG] bg_ails  80.91s / 76.30s / 106.0%
16:22:36 | i 46 | [HAOS ROLL] k=12  λ=0.6  vb  kmedoids  pyvrp  P≈0.000479
16:22:36 | i 46 | [ Summary ] cost=216695.00  Δ_S*=+3.22%  Δ_BKS=+3.59%  Δ_S*_BKS=+0.36%  no_improve=35
16:22:36 | i 47 | [HAOS ROLL] k=4  λ=1.0  vb  ac_avg  filo2  P≈0.000784
16:22:37 | i 47 | [Phase 1/3] decompose  1.06s / — / —  λ=1.0  vb ac_avg
16:23:52 | i 47 | [Phase 2/3] route  75.19s / 74.70s / 100.7%  filo2  k=4
16:23:52 | i 46 | [ ASYNC BG] bg_ails  64.99s / 60.00s / 108.3%
16:23:52 | i 47 | [HAOS ROLL] k=4  λ=1.0  vb  ac_avg  filo2  P≈0.000784
16:23:52 | i 47 | [ Summary ] cost=211429.00  Δ_S*=+0.71%  Δ_BKS=+1.07%  Δ_S*_BKS=+0.36%  no_improve=37
16:23:52 | i 48 | [HAOS ROLL] k=2  λ=0.8  vb  ac_complete  pyvrp  P≈0.000342
16:23:53 | i 48 | [Phase 1/3] decompose  1.07s / — / —  λ=0.8  vb ac_complete
16:26:29 | i 48 | [Phase 2/3] route  155.38s / 142.56s / 109.0%  pyvrp  k=2
16:26:29 | i 47 | [ ASYNC BG] bg_ails  76.85s / 72.91s / 105.4%
16:26:29 | i 48 | [HAOS ROLL] k=2  λ=0.8  vb  ac_complete  pyvrp  P≈0.000342
16:26:29 | i 48 | [ Summary ] cost=215181.00  Δ_S*=+2.50%  Δ_BKS=+2.86%  Δ_S*_BKS=+0.36%  no_improve=39
16:26:29 | i 49 | [HAOS ROLL] k=10  λ=0.8  vb  ac_avg  filo2  P≈0.004052
16:26:30 | i 49 | [Phase 1/3] decompose  1.05s / — / —  λ=0.8  vb ac_avg
16:27:16 | i 49 | [Phase 2/3] route  46.12s / 43.56s / 105.9%  filo2  k=10
16:28:53 | i 48 | [ ASYNC BG] bg_ails  143.75s / 139.14s / 103.3%
16:28:53 | i 49 | [HAOS ROLL] k=10  λ=0.8  vb  ac_avg  filo2  P≈0.004052
16:28:53 | i 49 | [ Summary ] cost=213062.00  Δ_S*=+1.49%  Δ_BKS=+1.85%  Δ_S*_BKS=+0.36%  no_improve=41
16:28:53 | i 50 | [HAOS ROLL] k=6  λ=0.8  vb  kmeans  filo2  P≈0.002607
16:28:54 | i 50 | [Phase 1/3] decompose  0.72s / — / —  λ=0.8  vb kmeans
16:29:39 | i 50 | [Phase 2/3] route  45.18s / 45.06s / 100.3%  filo2  k=6
16:30:06 | i 49 | [ ASYNC BG] bg_ails  72.93s / 68.03s / 107.2%
16:30:06 | i 50 | [HAOS ROLL] k=6  λ=0.8  vb  kmeans  filo2  P≈0.002607
16:30:06 | i 50 | [ Summary ] cost=211965.00  Δ_S*=+0.97%  Δ_BKS=+1.33%  Δ_S*_BKS=+0.36%  no_improve=43
16:30:06 | i 51 | [HAOS ROLL] k=10  λ=1.0  rb  ac_avg  filo2  P≈0.002351
16:30:07 | i 51 | [Phase 1/3] decompose  0.77s / — / —  λ=1.0  rb ac_avg
16:30:54 | i 51 | [Phase 2/3] route  47.16s / 47.40s / 99.5%  filo2  k=10
16:31:11 | i 50 | [ ASYNC BG] bg_ails  65.37s / 60.00s / 108.9%
16:31:11 | i 51 | [HAOS ROLL] k=10  λ=1.0  rb  ac_avg  filo2  P≈0.002351
16:31:11 | i 51 | [ Summary ] cost=211786.00  Δ_S*=+0.88%  Δ_BKS=+1.24%  Δ_S*_BKS=+0.36%  no_improve=45
16:31:11 | i 52 | [HAOS ROLL] k=2  λ=0.2  vb  kmedoids  filo2  P≈0.000557
16:31:12 | i 52 | [Phase 1/3] decompose  0.98s / — / —  λ=0.2  vb kmedoids
16:33:09 | i 52 | [Phase 2/3] route  116.27s / 116.04s / 100.2%  filo2  k=2
16:33:09 | i 51 | [ ASYNC BG] bg_ails  80.73s / 76.30s / 105.8%
16:33:09 | i 52 | [HAOS ROLL] k=2  λ=0.2  vb  kmedoids  filo2  P≈0.000557
16:33:09 | i 52 | [ Summary ] cost=210958.00  Δ_S*=+0.49%  Δ_BKS=+0.84%  Δ_S*_BKS=+0.36%  no_improve=47
16:33:09 | i 53 | [HAOS ROLL] k=12  λ=0.8  vb  kmeans  filo2  P≈0.004154
16:33:10 | i 53 | [Phase 1/3] decompose  0.72s / — / —  λ=0.8  vb kmeans
16:33:51 | i 53 | [Phase 2/3] route  41.14s / 28.62s / 143.8%  filo2  k=12
16:35:07 | i 52 | [ ASYNC BG] bg_ails  117.93s / 113.26s / 104.1%
16:35:07 | i 53 | [HAOS ROLL] k=12  λ=0.8  vb  kmeans  filo2  P≈0.004154
16:35:07 | i 53 | [ Summary ] cost=213594.00  Δ_S*=+1.74%  Δ_BKS=+2.10%  Δ_S*_BKS=+0.36%  no_improve=49
16:35:07 | i 54 | [HAOS ROLL] k=3  λ=0.4  vb  kmedoids  filo2  P≈0.000978
16:35:08 | i 54 | [Phase 1/3] decompose  1.12s / — / —  λ=0.4  vb kmedoids
16:36:44 | i 54 | [Phase 2/3] route  96.25s / 96.12s / 100.1%  filo2  k=3
16:36:44 | i 53 | [ ASYNC BG] bg_ails  64.96s / 60.00s / 108.3%
16:36:44 | i 54 | [HAOS ROLL] k=3  λ=0.4  vb  kmedoids  filo2  P≈0.000978
16:36:44 | i 54 | [ Summary ] cost=211020.00  Δ_S*=+0.51%  Δ_BKS=+0.87%  Δ_S*_BKS=+0.36%  no_improve=51
16:36:44 | i 49 | [ASYNC 1/2] sp_sc  90.93s / 720.00s / 12.6%  SP  avg_coverage=42.40/5  pool=10000
16:36:44 | i 49 | [ASYNC 2/2] standard_ails  364.05s / 360.00s / 101.1%
16:37:30 | i 55 | [HAOS ROLL] k=15  λ=0.8  rb  ac_avg  ails2  P≈0.000515
16:37:30 | i 55 | [Phase 1/3] decompose  0.70s / — / —  λ=0.8  rb ac_avg
16:38:24 | i 55 | [Phase 2/3] route  53.15s / 41.16s / 129.1%  ails2  k=15
16:38:24 | i 54 | [ ASYNC BG] bg_ails  97.79s / 93.81s / 104.2%
16:38:24 | i 55 | [HAOS ROLL] k=15  λ=0.8  rb  ac_avg  ails2  P≈0.000515
16:38:24 | i 55 | [ Summary ] cost=210073.00  Δ_S*=+0.06%  Δ_BKS=+0.42%  Δ_S*_BKS=+0.36%  no_improve=54
16:38:24 | i 56 | [HAOS ROLL] k=15  λ=0.4  vb  fcm  filo2  P≈0.000850
16:38:25 | i 56 | [Phase 1/3] decompose  0.88s / — / —  λ=0.4  vb fcm
16:39:10 | i 56 | [Phase 2/3] route  45.12s / 20.64s / 218.6%  filo2  k=15
16:39:32 | i 55 | [ ASYNC BG] bg_ails  68.79s / 64.25s / 107.1%
16:39:33 | i 56 | [HAOS ROLL] k=15  λ=0.4  vb  fcm  filo2  P≈0.000850
16:39:33 | i 56 | [ Summary ] cost=214476.00  Δ_S*=+2.16%  Δ_BKS=+2.53%  Δ_S*_BKS=+0.36%  no_improve=56
16:39:33 | i 57 | [HAOS ROLL] k=12  λ=0.4  vb  kmeans  filo  P≈0.000944
16:39:34 | i 57 | [Phase 1/3] decompose  0.71s / — / —  λ=0.4  vb kmeans
16:40:26 | i 57 | [Phase 2/3] route  52.14s / 30.66s / 170.0%  filo  k=12
16:40:37 | i 56 | [ ASYNC BG] bg_ails  64.98s / 60.00s / 108.3%
16:40:38 | i 57 | [HAOS ROLL] k=12  λ=0.4  vb  kmeans  filo  P≈0.000944
16:40:38 | i 57 | [ Summary ] cost=213729.00  Δ_S*=+1.81%  Δ_BKS=+2.17%  Δ_S*_BKS=+0.36%  no_improve=58
16:40:38 | i 58 | [HAOS ROLL] k=2  λ=0.0  rb  ac_avg  filo2  P≈0.001950
16:40:38 | i 58 | [Phase 1/3] decompose  0.55s / — / —  λ=0.0  rb ac_avg
16:42:33 | i 58 | [Phase 2/3] route  114.27s / 113.70s / 100.5%  filo2  k=2
16:42:33 | i 57 | [ ASYNC BG] bg_ails  64.77s / 60.00s / 107.9%
16:42:33 | i 58 | [HAOS ROLL] k=2  λ=0.0  rb  ac_avg  filo2  P≈0.001950
16:42:33 | i 58 | [ Summary ] cost=210711.00  Δ_S*=+0.37%  Δ_BKS=+0.73%  Δ_S*_BKS=+0.36%  no_improve=60
16:42:33 | i 59 | [HAOS ROLL] k=15  λ=0.8  vb  kmedoids  ails2  P≈0.000980
16:42:34 | i 59 | [Phase 1/3] decompose  1.03s / — / —  λ=0.8  vb kmedoids
16:43:17 | i 59 | [Phase 2/3] route  43.03s / 30.00s / 143.4%  ails2  k=15
16:44:28 | i 58 | [ ASYNC BG] bg_ails  114.82s / 110.97s / 103.5%
16:44:28 | i 59 | [HAOS ROLL] k=15  λ=0.8  vb  kmedoids  ails2  P≈0.000980
16:44:28 | i 59 | [ Summary ] cost=214704.00  Δ_S*=+2.27%  Δ_BKS=+2.64%  Δ_S*_BKS=+0.36%  no_improve=62
16:44:28 | i 60 | [HAOS ROLL] k=12  λ=1.0  vb  ac_complete  filo2  P≈0.000785
16:44:29 | i 60 | [Phase 1/3] decompose  1.05s / — / —  λ=1.0  vb ac_complete
16:45:20 | i 60 | [Phase 2/3] route  51.13s / 37.38s / 136.8%  filo2  k=12
16:45:32 | i 59 | [ ASYNC BG] bg_ails  64.84s / 60.00s / 108.1%
16:45:33 | i 60 | [HAOS ROLL] k=12  λ=1.0  vb  ac_complete  filo2  P≈0.000785
16:45:33 | i 60 | [ Summary ] cost=214064.00  Δ_S*=+1.96%  Δ_BKS=+2.33%  Δ_S*_BKS=+0.36%  no_improve=64
16:45:33 | i 61 | [HAOS ROLL] k=2  λ=0.6  vb  kmeans  filo2  P≈0.001761
16:45:34 | i 61 | [Phase 1/3] decompose  0.70s / — / —  λ=0.6  vb kmeans
16:47:28 | i 61 | [Phase 2/3] route  114.26s / 113.70s / 100.5%  filo2  k=2
16:47:28 | i 60 | [ ASYNC BG] bg_ails  64.80s / 60.00s / 108.0%
16:47:28 | i 61 | [HAOS ROLL] k=2  λ=0.6  vb  kmeans  filo2  P≈0.001761
16:47:28 | i 61 | [ Summary ] cost=211112.00  Δ_S*=+0.56%  Δ_BKS=+0.92%  Δ_S*_BKS=+0.36%  no_improve=66
16:47:28 | i 62 | [HAOS ROLL] k=6  λ=0.4  vb  kmeans  ails2  P≈0.000699
16:47:29 | i 62 | [Phase 1/3] decompose  0.71s / — / —  λ=0.4  vb kmeans
16:48:19 | i 62 | [Phase 2/3] route  49.94s / 48.24s / 103.5%  ails2  k=6
16:49:23 | i 61 | [ ASYNC BG] bg_ails  114.78s / 110.97s / 103.4%
16:49:23 | i 62 | [HAOS ROLL] k=6  λ=0.4  vb  kmeans  ails2  P≈0.000699
16:49:23 | i 62 | [ Summary ] cost=211832.00  Δ_S*=+0.90%  Δ_BKS=+1.26%  Δ_S*_BKS=+0.36%  no_improve=68
16:49:23 | i 63 | [HAOS ROLL] k=2  λ=0.6  vb  kmedoids  filo2  P≈0.001909
16:49:24 | i 63 | [Phase 1/3] decompose  1.23s / — / —  λ=0.6  vb kmedoids
16:51:21 | i 63 | [Phase 2/3] route  116.27s / 116.04s / 100.2%  filo2  k=2
16:51:21 | i 62 | [ ASYNC BG] bg_ails  64.84s / 60.00s / 108.1%
16:51:21 | i 63 | [HAOS ROLL] k=2  λ=0.6  vb  kmedoids  filo2  P≈0.001909
16:51:21 | i 63 | [ Summary ] cost=211039.00  Δ_S*=+0.52%  Δ_BKS=+0.88%  Δ_S*_BKS=+0.36%  no_improve=70
16:51:21 | i 64 | [HAOS ROLL] k=8  λ=0.4  vb  kmeans  ails2  P≈0.000636
16:51:22 | i 64 | [Phase 1/3] decompose  0.71s / — / —  λ=0.4  vb kmeans
16:52:06 | i 64 | [Phase 2/3] route  44.77s / 43.26s / 103.5%  ails2  k=8
16:53:18 | i 63 | [ ASYNC BG] bg_ails  117.70s / 113.26s / 103.9%
16:53:19 | i 64 | [HAOS ROLL] k=8  λ=0.4  vb  kmeans  ails2  P≈0.000636
16:53:19 | i 64 | [ Summary ] cost=211848.00  Δ_S*=+0.91%  Δ_BKS=+1.27%  Δ_S*_BKS=+0.36%  no_improve=72
16:53:19 | i 65 | [HAOS ROLL] k=8  λ=0.8  vb  ac_complete  filo2  P≈0.000723
16:53:20 | i 65 | [Phase 1/3] decompose  1.02s / — / —  λ=0.8  vb ac_complete
16:54:09 | i 65 | [Phase 2/3] route  49.14s / 42.18s / 116.5%  filo2  k=8
16:54:23 | i 64 | [ ASYNC BG] bg_ails  64.84s / 60.00s / 108.1%
16:54:23 | i 65 | [HAOS ROLL] k=8  λ=0.8  vb  ac_complete  filo2  P≈0.000723
16:54:23 | i 65 | [ Summary ] cost=212058.00  Δ_S*=+1.01%  Δ_BKS=+1.37%  Δ_S*_BKS=+0.36%  no_improve=74
16:54:23 | i 66 | [HAOS ROLL] k=12  λ=0.4  rb  ac_avg  filo2  P≈0.002710
16:54:24 | i 66 | [Phase 1/3] decompose  0.72s / — / —  λ=0.4  rb ac_avg
16:55:11 | i 66 | [Phase 2/3] route  47.15s / 41.16s / 114.5%  filo2  k=12
16:55:35 | i 65 | [ ASYNC BG] bg_ails  71.82s / 67.82s / 105.9%
16:55:35 | i 66 | [HAOS ROLL] k=12  λ=0.4  rb  ac_avg  filo2  P≈0.002710
16:55:35 | i 66 | [ Summary ] cost=211702.00  Δ_S*=+0.84%  Δ_BKS=+1.20%  Δ_S*_BKS=+0.36%  no_improve=76
16:55:35 | i 67 | [HAOS ROLL] k=2  λ=0.2  vb  kmedoids  filo  P≈0.000295
16:55:36 | i 67 | [Phase 1/3] decompose  0.99s / — / —  λ=0.2  vb kmedoids
16:57:33 | i 67 | [Phase 2/3] route  116.29s / 116.04s / 100.2%  filo  k=2
16:57:33 | i 66 | [ ASYNC BG] bg_ails  72.92s / 68.65s / 106.2%
16:57:33 | i 67 | [HAOS ROLL] k=2  λ=0.2  vb  kmedoids  filo  P≈0.000295
16:57:33 | i 67 | [ Summary ] cost=211593.00  Δ_S*=+0.79%  Δ_BKS=+1.15%  Δ_S*_BKS=+0.36%  no_improve=78
16:57:33 | i 62 | [ASYNC 1/2] sp_sc  48.79s / 720.00s / 6.8%  SP  avg_coverage=42.23/5  pool=10000
16:57:33 | i 62 | [ASYNC 2/2] standard_ails  364.04s / 360.00s / 101.1%
16:58:18 | i 68 | [HAOS ROLL] k=6  λ=0.8  vb  fcm  ails2  P≈0.000550
16:58:19 | i 68 | [Phase 1/3] decompose  0.83s / — / —  λ=0.8  vb fcm
16:59:06 | i 68 | [Phase 2/3] route  46.92s / 45.36s / 103.4%  ails2  k=6
16:59:31 | i 67 | [ ASYNC BG] bg_ails  117.95s / 113.26s / 104.1%
16:59:31 | i 68 | [HAOS ROLL] k=6  λ=0.8  vb  fcm  ails2  P≈0.000550
16:59:31 | i 68 | [ Summary ] cost=212501.00  Δ_S*=+1.22%  Δ_BKS=+1.58%  Δ_S*_BKS=+0.36%  no_improve=81
16:59:31 | i 69 | [HAOS ROLL] k=10  λ=0.8  vb  ac_complete  ails2  P≈0.001129
16:59:32 | i 69 | [Phase 1/3] decompose  1.01s / — / —  λ=0.8  vb ac_complete
17:00:14 | i 69 | [Phase 2/3] route  41.81s / 39.06s / 107.0%  ails2  k=10
17:00:35 | i 68 | [ ASYNC BG] bg_ails  64.82s / 60.00s / 108.0%
17:00:36 | i 69 | [HAOS ROLL] k=10  λ=0.8  vb  ac_complete  ails2  P≈0.001129
17:00:36 | i 69 | [ Summary ] cost=212239.00  Δ_S*=+1.10%  Δ_BKS=+1.46%  Δ_S*_BKS=+0.36%  no_improve=83
17:00:36 | i 70 | [HAOS ROLL] k=15  λ=1.0  rb  ac_avg  filo2  P≈0.001182
17:00:37 | i 70 | [Phase 1/3] decompose  0.71s / — / —  λ=1.0  rb ac_avg
17:01:27 | i 70 | [Phase 2/3] route  50.15s / 41.16s / 121.8%  filo2  k=15
17:01:40 | i 69 | [ ASYNC BG] bg_ails  64.89s / 60.00s / 108.1%
17:01:41 | i 70 | [HAOS ROLL] k=15  λ=1.0  rb  ac_avg  filo2  P≈0.001182
17:01:41 | i 70 | [ Summary ] cost=211992.00  Δ_S*=+0.98%  Δ_BKS=+1.34%  Δ_S*_BKS=+0.36%  no_improve=85
17:01:41 | i 71 | [HAOS ROLL] k=12  λ=0.0  vb  ac_avg  pyvrp  P≈0.000380
17:01:42 | i 71 | [Phase 1/3] decompose  0.90s / — / —  λ=0.0  vb ac_avg
17:02:34 | i 71 | [Phase 2/3] route  52.25s / 42.48s / 123.0%  pyvrp  k=12
17:02:49 | i 70 | [ ASYNC BG] bg_ails  68.91s / 64.25s / 107.3%
17:02:49 | i 71 | [HAOS ROLL] k=12  λ=0.0  vb  ac_avg  pyvrp  P≈0.000380
17:02:50 | i 71 | [ Summary ] cost=217083.00  Δ_S*=+3.40%  Δ_BKS=+3.77%  Δ_S*_BKS=+0.36%  no_improve=87
17:02:50 | i 72 | [HAOS ROLL] k=2  λ=0.6  vb  ac_avg  filo2  P≈0.000856
17:02:51 | i 72 | [Phase 1/3] decompose  1.02s / — / —  λ=0.6  vb ac_avg
17:04:49 | i 72 | [Phase 2/3] route  118.28s / 117.66s / 100.5%  filo2  k=2
17:04:49 | i 71 | [ ASYNC BG] bg_ails  72.62s / 68.54s / 106.0%
17:04:49 | i 72 | [HAOS ROLL] k=2  λ=0.6  vb  ac_avg  filo2  P≈0.000856
17:04:49 | i 72 | [ Summary ] cost=210884.00  Δ_S*=+0.45%  Δ_BKS=+0.81%  Δ_S*_BKS=+0.36%  no_improve=89
17:04:49 | i 73 | [HAOS ROLL] k=12  λ=0.4  vb  kmedoids  filo2  P≈0.002824
17:04:50 | i 73 | [Phase 1/3] decompose  0.94s / — / —  λ=0.4  vb kmedoids
17:05:39 | i 73 | [Phase 2/3] route  49.14s / 35.64s / 137.9%  filo2  k=12
17:06:48 | i 72 | [ ASYNC BG] bg_ails  118.88s / 114.84s / 103.5%
17:06:48 | i 73 | [HAOS ROLL] k=12  λ=0.4  vb  kmedoids  filo2  P≈0.002824
17:06:48 | i 73 | [ Summary ] cost=214778.00  Δ_S*=+2.30%  Δ_BKS=+2.67%  Δ_S*_BKS=+0.36%  no_improve=91
17:06:48 | i 74 | [HAOS ROLL] k=15  λ=0.8  vb  ac_complete  filo2  P≈0.001871
17:06:49 | i 74 | [Phase 1/3] decompose  1.03s / — / —  λ=0.8  vb ac_complete
17:07:28 | i 74 | [Phase 2/3] route  39.12s / 39.06s / 100.2%  filo2  k=15
17:07:53 | i 73 | [ ASYNC BG] bg_ails  64.87s / 60.00s / 108.1%
17:07:53 | i 74 | [HAOS ROLL] k=15  λ=0.8  vb  ac_complete  filo2  P≈0.001871
17:07:53 | i 74 | [ Summary ] cost=214899.00  Δ_S*=+2.36%  Δ_BKS=+2.73%  Δ_S*_BKS=+0.36%  no_improve=93
17:07:53 | i 75 | [HAOS ROLL] k=12  λ=0.0  vb  kmeans  filo  P≈0.001041
17:07:54 | i 75 | [Phase 1/3] decompose  0.54s / — / —  λ=0.0  vb kmeans
17:08:43 | i 75 | [Phase 2/3] route  49.11s / 32.64s / 150.5%  filo  k=12
17:08:58 | i 74 | [ ASYNC BG] bg_ails  64.75s / 60.00s / 107.9%
17:08:58 | i 75 | [HAOS ROLL] k=12  λ=0.0  vb  kmeans  filo  P≈0.001041
17:08:58 | i 75 | [ Summary ] cost=214364.00  Δ_S*=+2.11%  Δ_BKS=+2.47%  Δ_S*_BKS=+0.36%  no_improve=95
17:08:58 | i 76 | [HAOS ROLL] k=15  λ=0.4  vb  ac_avg  ails2  P≈0.001038
17:08:59 | i 76 | [Phase 1/3] decompose  1.01s / — / —  λ=0.4  vb ac_avg
17:09:45 | i 76 | [Phase 2/3] route  46.10s / 42.48s / 108.5%  ails2  k=15
17:10:02 | i 75 | [ ASYNC BG] bg_ails  64.66s / 60.00s / 107.8%
17:10:02 | i 76 | [HAOS ROLL] k=15  λ=0.4  vb  ac_avg  ails2  P≈0.001038
17:10:03 | i 76 | [ Summary ] cost=215464.00  Δ_S*=+2.63%  Δ_BKS=+3.00%  Δ_S*_BKS=+0.36%  no_improve=97
17:10:03 | i 77 | [HAOS ROLL] k=2  λ=1.0  vb  ac_avg  filo2  P≈0.002033
17:10:04 | i 77 | [Phase 1/3] decompose  1.02s / — / —  λ=1.0  vb ac_avg
17:12:07 | i 77 | [Phase 2/3] route  123.29s / 122.70s / 100.5%  filo2  k=2
17:12:07 | i 76 | [ ASYNC BG] bg_ails  64.78s / 60.00s / 108.0%
17:12:07 | i 77 | [HAOS ROLL] k=2  λ=1.0  vb  ac_avg  filo2  P≈0.002033
17:12:07 | i 77 | [ Summary ] cost=211346.00  Δ_S*=+0.67%  Δ_BKS=+1.03%  Δ_S*_BKS=+0.36%  no_improve=99
17:12:07 | i 78 | [HAOS ROLL] k=3  λ=0.0  vb  kmedoids  ails2  P≈0.000468
17:12:08 | i 78 | [Phase 1/3] decompose  0.78s / — / —  λ=0.0  vb kmedoids
17:13:36 | i 78 | [Phase 2/3] route  87.96s / 86.94s / 101.2%  ails2  k=3
17:14:11 | i 77 | [ ASYNC BG] bg_ails  123.93s / 119.76s / 103.5%
17:14:11 | i 78 | [HAOS ROLL] k=3  λ=0.0  vb  kmedoids  ails2  P≈0.000468
17:14:11 | i 78 | [ Summary ] cost=210580.00  Δ_S*=+0.31%  Δ_BKS=+0.66%  Δ_S*_BKS=+0.36%  no_improve=101
17:14:11 | i 79 | [HAOS ROLL] k=15  λ=0.4  vb  kmeans  filo  P≈0.000924
17:14:12 | i 79 | [Phase 1/3] decompose  0.72s / — / —  λ=0.4  vb kmeans
17:14:54 | i 79 | [Phase 2/3] route  42.13s / 23.10s / 182.4%  filo  k=15
17:15:40 | i 78 | [ ASYNC BG] bg_ails  88.71s / 84.85s / 104.6%
17:15:40 | i 79 | [HAOS ROLL] k=15  λ=0.4  vb  kmeans  filo  P≈0.000924
17:15:40 | i 79 | [ Summary ] cost=216154.00  Δ_S*=+2.96%  Δ_BKS=+3.33%  Δ_S*_BKS=+0.36%  no_improve=103
17:15:40 | i 80 | [HAOS ROLL] k=15  λ=0.8  vb  ac_avg  filo2  P≈0.004727
17:15:41 | i 80 | [Phase 1/3] decompose  1.05s / — / —  λ=0.8  vb ac_avg
17:16:27 | i 80 | [Phase 2/3] route  46.15s / 37.26s / 123.9%  filo2  k=15
17:16:45 | i 79 | [ ASYNC BG] bg_ails  64.85s / 60.00s / 108.1%
17:16:45 | i 80 | [HAOS ROLL] k=15  λ=0.8  vb  ac_avg  filo2  P≈0.004727
17:16:45 | i 80 | [ Summary ] cost=214655.00  Δ_S*=+2.25%  Δ_BKS=+2.61%  Δ_S*_BKS=+0.36%  no_improve=105
17:16:45 | i 81 | [HAOS ROLL] k=10  λ=0.8  rb  kmeans  filo  P≈0.000296
17:16:45 | i 81 | [Phase 1/3] decompose  0.73s / — / —  λ=0.8  rb kmeans
17:17:31 | i 81 | [Phase 2/3] route  45.13s / 36.12s / 125.0%  filo  k=10
17:17:49 | i 80 | [ ASYNC BG] bg_ails  64.86s / 60.00s / 108.1%
17:17:50 | i 81 | [HAOS ROLL] k=10  λ=0.8  rb  kmeans  filo  P≈0.000296
17:17:50 | i 81 | [ Summary ] cost=212908.00  Δ_S*=+1.41%  Δ_BKS=+1.78%  Δ_S*_BKS=+0.36%  no_improve=107
17:17:50 | i 76 | [ASYNC 1/2] sp_sc  38.98s / 720.00s / 5.4%  SP  avg_coverage=42.14/5  pool=10000
17:17:50 | i 76 | [ASYNC 2/2] standard_ails  363.85s / 360.00s / 101.1%
17:18:35 | i 82 | [HAOS ROLL] k=3  λ=0.0  vb  ac_avg  filo2  P≈0.001434
17:18:35 | i 82 | [Phase 1/3] decompose  0.83s / — / —  λ=0.0  vb ac_avg
17:20:16 | i 82 | [Phase 2/3] route  100.22s / 99.78s / 100.4%  filo2  k=3
17:20:16 | i 82 | [HAOS ROLL] k=3  λ=0.0  vb  ac_avg  filo2  P≈0.001434
17:20:16 | i 82 | [ Summary ] cost=211241.00  Δ_S*=+0.62%  Δ_BKS=+0.98%  Δ_S*_BKS=+0.36%  no_improve=109
17:20:16 | i — | [  FINAL  ] async BG-AILS totals launched=80 applied=80 adopted=3 launch_skipped_cap=2 crashes=0 discarded_in_flight=False block_wait_total_s=1679.9
17:20:16 | i — | [  FINAL  ] async SP/SC totals invocations=6 adopted=2 skipped=0 discarded_in_flight=False sp_busy_frac=0.4322830752030432
17:20:16 | i — | [  FINAL  ] ════════════════════════════════════════
17:20:16 | i — | [  FINAL  ] Run complete  iterations=82  elapsed=02:02:24  best=209939.00
17:20:16 | i — | [  FINAL  ] Δ_BKS=+0.36%  no_improve_stop=False  time_stop=True  cancelled=False
17:20:16 | i — | [  FINAL  ] 
17:20:16 | i — | [  FINAL  ] [BEST SOLUTION — HAOS TAG SUMMARY]
17:20:16 | i — | [  FINAL  ] ────────────────────────────────────────
17:20:16 | i — | [  FINAL  ]   4 routes  vb  fcm  k=8  λ=0.8  solver=filo2
17:20:16 | i — | [  FINAL  ]   4 routes  vb  kmedoids  k=12  λ=0.4  solver=filo
17:20:16 | i — | [  FINAL  ]   4 routes  vb  kmeans  k=2  λ=0.0  solver=filo2
17:20:16 | i — | [  FINAL  ]   2 routes  vb  kmedoids  k=12  λ=0.0  solver=filo2
17:20:16 | i — | [  FINAL  ]   2 routes  rb  ac_avg  k=10  λ=0.0  solver=filo2
17:20:16 | i — | [  FINAL  ]   1 routes  vb  kmedoids  k=15  λ=0.8  solver=ails2
17:20:16 | i — | [  FINAL  ]   1 routes  vb  kmeans  k=12  λ=0.4  solver=filo
17:20:16 | i — | [  FINAL  ]   1 routes  vb  ac_avg  k=12  λ=1.0  solver=ails2
17:20:16 | i — | [  FINAL  ]   1 routes  vb  kmeans  k=6  λ=0.8  solver=ails2
17:20:16 | i — | [  FINAL  ]   1 routes  vb  ac_avg  k=6  λ=0.8  solver=filo2
17:20:16 | i — | [  FINAL  ]   1 routes  vb  kmeans  k=10  λ=0.0  solver=ails2
17:20:16 | i — | [  FINAL  ]   1 routes  vb  ac_complete  k=4  λ=0.2  solver=pyvrp
17:20:16 | i — | [  FINAL  ]   1 routes  vb  fcm  k=10  λ=1.0  solver=filo2
17:20:16 | i — | [  FINAL  ]   1 routes  vb  ac_avg  k=4  λ=0.0  solver=filo2
17:20:16 | i — | [  FINAL  ]   1 routes  rb  ac_avg  k=15  λ=0.8  solver=ails2
17:20:16 | i — | [  FINAL  ]   1 routes  rb  ac_complete  k=2  λ=1.0  solver=filo2
17:20:16 | i — | [  FINAL  ]   1 routes  rb  ac_avg  k=10  λ=0.8  solver=filo
17:20:16 | i — | [  FINAL  ]   202 routes  post-SP/SC improvement
17:20:16 | i — | [  FINAL  ] 
17:20:16 | i — | [  FINAL  ] [ROUTE POOL — HAOS TAG SUMMARY]
17:20:16 | i — | [  FINAL  ] ────────────────────────────────────────
17:20:16 | i — | [  FINAL  ]   432 routes  vb  ac_avg  k=12  λ=0.0  solver=pyvrp
17:20:16 | i — | [  FINAL  ]   406 routes  vb  kmeans  k=15  λ=0.4  solver=filo
17:20:16 | i — | [  FINAL  ]   405 routes  vb  kmeans  k=12  λ=0.0  solver=filo
17:20:16 | i — | [  FINAL  ]   404 routes  vb  ac_avg  k=15  λ=0.8  solver=filo2
17:20:16 | i — | [  FINAL  ]   401 routes  vb  ac_avg  k=15  λ=0.4  solver=ails2
17:20:16 | i — | [  FINAL  ]   391 routes  vb  kmedoids  k=12  λ=0.4  solver=filo2
17:20:16 | i — | [  FINAL  ]   384 routes  vb  ac_complete  k=15  λ=0.8  solver=filo2
17:20:16 | i — | [  FINAL  ]   381 routes  vb  ac_avg  k=2  λ=0.6  solver=filo2
17:20:16 | i — | [  FINAL  ]   379 routes  vb  ac_avg  k=2  λ=1.0  solver=filo2
17:20:16 | i — | [  FINAL  ]   376 routes  vb  fcm  k=6  λ=0.8  solver=ails2
17:20:16 | i — | [  FINAL  ]   375 routes  vb  kmedoids  k=3  λ=0.0  solver=ails2
17:20:16 | i — | [  FINAL  ]   371 routes  vb  ac_complete  k=10  λ=0.8  solver=ails2
17:20:16 | i — | [  FINAL  ]   329 routes  rb  ac_avg  k=15  λ=1.0  solver=filo2
17:20:16 | i — | [  FINAL  ]   216 routes  vb  ac_avg  k=3  λ=0.0  solver=filo2
17:20:16 | i — | [  FINAL  ]   210 routes  vb  kmedoids  k=2  λ=0.2  solver=filo
17:20:16 | i — | [  FINAL  ]   181 routes  rb  kmeans  k=10  λ=0.8  solver=filo
17:20:16 | i — | [  FINAL  ]   165 routes  vb  kmedoids  k=15  λ=0.8  solver=ails2
17:20:16 | i — | [  FINAL  ]   155 routes  vb  kmeans  k=12  λ=0.4  solver=filo
17:20:16 | i — | [  FINAL  ]   124 routes  vb  fcm  k=2  λ=0.6  solver=ails2
17:20:16 | i — | [  FINAL  ]   119 routes  vb  kmedoids  k=8  λ=0.4  solver=filo2
17:20:16 | i — | [  FINAL  ]   112 routes  vb  kmeans  k=2  λ=0.0  solver=filo2
17:20:16 | i — | [  FINAL  ]   108 routes  vb  ac_avg  k=12  λ=1.0  solver=ails2
17:20:16 | i — | [  FINAL  ]   101 routes  vb  fcm  k=10  λ=0.8  solver=ails2
17:20:16 | i — | [  FINAL  ]   97 routes  rb  kmeans  k=2  λ=0.6  solver=ails2
17:20:16 | i — | [  FINAL  ]   97 routes  vb  fcm  k=4  λ=0.4  solver=filo2
17:20:16 | i — | [  FINAL  ]   97 routes  rb  ac_avg  k=2  λ=0.0  solver=filo2
17:20:16 | i — | [  FINAL  ]   97 routes  vb  kmeans  k=2  λ=0.6  solver=filo2
17:20:16 | i — | [  FINAL  ]   96 routes  vb  ac_avg  k=4  λ=1.0  solver=filo2
17:20:16 | i — | [  FINAL  ]   94 routes  vb  kmedoids  k=12  λ=0.0  solver=filo2
17:20:16 | i — | [  FINAL  ]   94 routes  vb  fcm  k=15  λ=0.0  solver=filo2
17:20:16 | i — | [  FINAL  ]   93 routes  vb  ac_complete  k=12  λ=1.0  solver=filo2
17:20:16 | i — | [  FINAL  ]   88 routes  vb  fcm  k=8  λ=0.8  solver=filo2
17:20:16 | i — | [  FINAL  ]   83 routes  rb  ac_avg  k=10  λ=0.6  solver=pyvrp
17:20:16 | i — | [  FINAL  ]   81 routes  vb  ac_avg  k=15  λ=0.4  solver=filo2
17:20:16 | i — | [  FINAL  ]   80 routes  vb  ac_avg  k=8  λ=0.8  solver=pyvrp
17:20:16 | i — | [  FINAL  ]   80 routes  vb  kmeans  k=12  λ=1.0  solver=filo2
17:20:16 | i — | [  FINAL  ]   76 routes  rb  ac_avg  k=15  λ=0.8  solver=ails2
17:20:16 | i — | [  FINAL  ]   76 routes  vb  ac_complete  k=2  λ=0.8  solver=pyvrp
17:20:16 | i — | [  FINAL  ]   74 routes  vb  fcm  k=15  λ=0.4  solver=filo2
17:20:16 | i — | [  FINAL  ]   71 routes  vb  kmedoids  k=12  λ=0.6  solver=pyvrp
17:20:16 | i — | [  FINAL  ]   69 routes  vb  ac_avg  k=2  λ=1.0  solver=pyvrp
17:20:16 | i — | [  FINAL  ]   69 routes  vb  ac_complete  k=4  λ=0.2  solver=pyvrp
17:20:16 | i — | [  FINAL  ]   69 routes  rb  kmeans  k=8  λ=0.6  solver=pyvrp
17:20:16 | i — | [  FINAL  ]   60 routes  rb  ac_avg  k=10  λ=0.0  solver=filo2
17:20:16 | i — | [  FINAL  ]   60 routes  rb  ac_avg  k=10  λ=1.0  solver=filo
17:20:16 | i — | [  FINAL  ]   56 routes  vb  kmeans  k=10  λ=0.0  solver=ails2
17:20:16 | i — | [  FINAL  ]   56 routes  vb  kmeans  k=15  λ=0.6  solver=filo2
17:20:16 | i — | [  FINAL  ]   56 routes  vb  kmeans  k=6  λ=0.4  solver=ails2
17:20:16 | i — | [  FINAL  ]   53 routes  vb  kmedoids  k=10  λ=0.8  solver=filo2
17:20:16 | i — | [  FINAL  ]   51 routes  rb  ac_avg  k=6  λ=0.4  solver=filo2
17:20:16 | i — | [  FINAL  ]   49 routes  vb  ac_avg  k=10  λ=0.8  solver=filo2
17:20:16 | i — | [  FINAL  ]   46 routes  vb  kmedoids  k=12  λ=0.4  solver=filo
17:20:16 | i — | [  FINAL  ]   46 routes  vb  kmedoids  k=3  λ=0.4  solver=filo2
17:20:16 | i — | [  FINAL  ]   44 routes  rb  ac_avg  k=10  λ=0.6  solver=filo
17:20:16 | i — | [  FINAL  ]   31 routes  vb  kmeans  k=12  λ=0.4  solver=pyvrp
17:20:16 | i — | [  FINAL  ]   30 routes  vb  kmeans  k=6  λ=0.8  solver=pyvrp
17:20:16 | i — | [  FINAL  ]   29 routes  vb  kmeans  k=6  λ=0.8  solver=ails2
17:20:16 | i — | [  FINAL  ]   29 routes  vb  kmeans  k=15  λ=0.8  solver=pyvrp
17:20:16 | i — | [  FINAL  ]   28 routes  vb  kmedoids  k=2  λ=1.0  solver=filo
17:20:16 | i — | [  FINAL  ]   27 routes  vb  fcm  k=10  λ=1.0  solver=filo2
17:20:16 | i — | [  FINAL  ]   27 routes  vb  ac_avg  k=6  λ=0.8  solver=filo2
17:20:16 | i — | [  FINAL  ]   24 routes  rb  kmeans  k=6  λ=0.0  solver=filo
17:20:16 | i — | [  FINAL  ]   24 routes  vb  fcm  k=15  λ=0.4  solver=pyvrp
17:20:16 | i — | [  FINAL  ]   23 routes  rb  kmeans  k=3  λ=0.0  solver=filo
17:20:16 | i — | [  FINAL  ]   21 routes  vb  ac_avg  k=4  λ=0.0  solver=filo2
17:20:16 | i — | [  FINAL  ]   17 routes  rb  ac_complete  k=2  λ=1.0  solver=filo2
17:20:16 | i — | [  FINAL  ]   15 routes  vb  kmeans  k=8  λ=0.4  solver=ails2
17:20:16 | i — | [  FINAL  ]   14 routes  vb  kmeans  k=6  λ=0.8  solver=filo2
17:20:16 | i — | [  FINAL  ]   14 routes  rb  ac_avg  k=12  λ=0.4  solver=filo2
17:20:16 | i — | [  FINAL  ]   13 routes  vb  kmeans  k=12  λ=0.8  solver=filo2
17:20:16 | i — | [  FINAL  ]   12 routes  vb  kmeans  k=6  λ=0.4  solver=pyvrp
17:20:16 | i — | [  FINAL  ]   11 routes  rb  ac_avg  k=10  λ=0.8  solver=filo
17:20:16 | i — | [  FINAL  ]   11 routes  vb  kmeans  k=6  λ=0.8  solver=filo
17:20:16 | i — | [  FINAL  ]   11 routes  vb  kmedoids  k=2  λ=0.6  solver=filo2
17:20:16 | i — | [  FINAL  ]   11 routes  vb  ac_complete  k=8  λ=0.8  solver=filo2
17:20:16 | i — | [  FINAL  ]   10 routes  rb  ac_avg  k=15  λ=0.8  solver=pyvrp
17:20:16 | i — | [  FINAL  ]   7 routes  vb  ac_avg  k=10  λ=0.4  solver=filo2
17:20:16 | i — | [  FINAL  ]   7 routes  vb  kmedoids  k=2  λ=0.2  solver=filo2
17:20:16 | i — | [  FINAL  ]   6 routes  rb  ac_avg  k=10  λ=1.0  solver=filo2
17:20:16 | i — | [  FINAL  ]   765 routes  post-SP/SC improvement
17:20:16 | i — | [  FINAL  ] ════════════════════════════════════════
