20:15:31 | i — | [  INIT   ] ════════════════════════════════════════
20:15:31 | i — | [  INIT   ] DRISPI  instance=X-n4436-k48  n=4435  capacity=706
20:15:31 | i — | [  INIT   ] k domain (computed at init): [2, 3, 4, 6, 8, 10, 12]  k_ext=6  k_min=48  k_ext_bound=route_bound  spacing_rejected=0
20:15:31 | i — | [  INIT   ] ══════════════════════════════════════════════════════
20:15:31 | i — | [  INIT   ] CONFIGURATION
20:15:31 | i — | [  INIT   ] ── stopping ────────────────────────────────
20:15:31 | i — | [  INIT   ]   time_limit                  = 7200.0
20:15:31 | i — | [  INIT   ]   max_no_improve              = 1000000000
20:15:31 | i — | [  INIT   ] ── parallelism ─────────────────────────────
20:15:31 | i — | [  INIT   ]   n_workers                   = 8
20:15:31 | i — | [  INIT   ] ── cores ───────────────────────────────────
20:15:31 | i — | [  INIT   ]   cores_total                 = 8
20:15:31 | i — | [  INIT   ]   cores_dri                   = 6
20:15:31 | i — | [  INIT   ]   cores_bg                    = 1
20:15:31 | i — | [  INIT   ]   cores_sp                    = 1
20:15:31 | i — | [  INIT   ]   cores_cpu_list              = None
20:15:31 | i — | [  INIT   ] ── sp/sc ───────────────────────────────────
20:15:31 | i — | [  INIT   ]   sp_sc_mode                  = async
20:15:31 | i — | [  INIT   ]   sp_sc_trigger               = wallclock
20:15:31 | i — | [  INIT   ]   interval_minutes            = 20.0
20:15:31 | i — | [  INIT   ]   overlap_policy              = skip
20:15:31 | i — | [  INIT   ]   warmup_iterations           = 5
20:15:31 | i — | [  INIT   ]   sp_interval                 = 3
20:15:31 | i — | [  INIT   ]   min_coverage                = 5
20:15:31 | i — | [  INIT   ]   sp_time_limit               = 720.0
20:15:31 | i — | [  INIT   ]   mip_gap                     = 0.00025
20:15:31 | i — | [  INIT   ] ── decomposition ───────────────────────────
20:15:31 | i — | [  INIT   ]   decomp_k_base_arms          = [2, 3, 4, 6, 8, 10, 12]
20:15:31 | i — | [  INIT   ]   decomp_k_max_arms           = 10
20:15:31 | i — | [  INIT   ]   decomp_k_ext_per_1000       = 4
20:15:31 | i — | [  INIT   ]   decomp_k_min_routes_per_cluster= 8
20:15:31 | i — | [  INIT   ]   decomp_k_min_arm_spacing    = 2
20:15:31 | i — | [  INIT   ]   subcluster_rate_s_per_customer= 0.06
20:15:31 | i — | [  INIT   ]   subcluster_floor_s          = 5.0
20:15:31 | i — | [  INIT   ] ── bg_ails ─────────────────────────────────
20:15:31 | i — | [  INIT   ]   bg_ails_mode                = async
20:15:31 | i — | [  INIT   ]   bg_ails_crash_threshold     = 1
20:15:31 | i — | [  INIT   ]   bg_ails_budget_mode         = predicted_dr_wall
20:15:31 | i — | [  INIT   ]   bg_ails_budget_floor_s      = 60.0
20:15:31 | i — | [  INIT   ]   bg_ails_budget_margin       = 1.0
20:15:31 | i — | [  INIT   ]   bg_ails_wall_model_scale    = 0.976
20:15:31 | i — | [  INIT   ]   bg_ails_wall_model_wave_exponent= -0.18
20:15:31 | i — | [  INIT   ]   bg_ails_initial_omega       = 10
20:15:31 | i — | [  INIT   ]   bg_ails_boundary_threshold  = 0.5
20:15:31 | i — | [  INIT   ]   bg_ails_small_cluster_cap   = 20
20:15:31 | i — | [  INIT   ]   bg_ails_small_cluster_alpha = 0.5
20:15:31 | i — | [  INIT   ]   bg_ails_pair_selection      = greedy
20:15:31 | i — | [  INIT   ]   bg_ails_n_chains_mode       = k
20:15:31 | i — | [  INIT   ] ── standard_improvement ────────────────────
20:15:31 | i — | [  INIT   ]   standard_improvement_time_limit= 360.0
20:15:31 | i — | [  INIT   ] ── pool ────────────────────────────────────
20:15:31 | i — | [  INIT   ]   max_pool_size               = 10000
20:15:31 | i — | [  INIT   ]   pool_diversity_weight       = 0.5
20:15:31 | i — | [  INIT   ] ── haos ────────────────────────────────────
20:15:31 | i — | [  INIT   ]   haos_decay                  = 0.95
20:15:31 | i — | [  INIT   ]   haos_warmup                 = 10
20:15:31 | i — | [  INIT   ]   haos_starting_weight        = 10.0
20:15:31 | i — | [  INIT   ]   haos_min_weight_k           = 0.025
20:15:31 | i — | [  INIT   ]   haos_min_weight_lambda      = 0.05
20:15:31 | i — | [  INIT   ]   haos_min_weight_paradigm    = 0.1
20:15:31 | i — | [  INIT   ]   haos_min_weight_vertex_method= 0.05
20:15:31 | i — | [  INIT   ]   haos_min_weight_route_method= 0.05
20:15:31 | i — | [  INIT   ]   haos_min_weight_solver      = 0.05
20:15:31 | i — | [  INIT   ]   haos_lambda_demand_values   = [0.0, 0.2, 0.4, 0.6, 0.8, 1.0]
20:15:31 | i — | [  INIT   ]   haos_paradigm_values        = ['vertex', 'route']
20:15:31 | i — | [  INIT   ]   haos_vertex_method_values   = ['kmeans', 'agglomerative_avg', 'agglomerative_complete', 'kmedoids', 'fcm']
20:15:31 | i — | [  INIT   ]   haos_route_method_values    = ['kmeans', 'agglomerative_avg', 'agglomerative_complete']
20:15:31 | i — | [  INIT   ]   haos_solver_values          = ['pyvrp', 'filo', 'filo2', 'ails2']
20:15:31 | i — | [  INIT   ] ── haos_rewards ────────────────────────────
20:15:31 | i — | [  INIT   ]   haos_reward_new_best        = 10.0
20:15:31 | i — | [  INIT   ]   haos_reward_improvement     = 4.0
20:15:31 | i — | [  INIT   ]   haos_reward_no_improvement  = 1.0
20:15:31 | i — | [  INIT   ]   haos_reward_no_solution     = 0.0
20:15:31 | i — | [  INIT   ]   haos_deferred_new_best      = 7.0
20:15:31 | i — | [  INIT   ]   haos_deferred_improvement   = 3.0
20:15:31 | i — | [  INIT   ]   haos_deferred_no_improvement= 0.0
20:15:31 | i — | [  INIT   ] ── seed ────────────────────────────────────
20:15:31 | i — | [  INIT   ]   seed                        = 20
20:15:31 | i — | [  INIT   ] ── output ──────────────────────────────────
20:15:31 | i — | [  INIT   ]   output_dir                  = /app/artifacts/final_benchmark/runs/X-n4436-k48/seed20
20:15:31 | i — | [  INIT   ]   run_analysis                = False
20:15:31 | i — | [  INIT   ] ══════════════════════════════════════════════════════
20:15:31 | i — | [  INIT   ] BKS=61431.00
20:15:31 | i — | [  INIT   ] ════════════════════════════════════════
20:15:31 | i 1 | [HAOS ROLL] k=3  λ=0.8  vb  kmeans  pyvrp  P≈0.000595
20:15:36 | i 1 | [Phase 1/3] decompose  4.65s / — / —  λ=0.8  vb kmeans
20:18:00 | i 1 | [Phase 2/3] route  144.27s / 130.86s / 110.2%  pyvrp  k=3
20:18:00 | i 1 | [ IMPROVE ] 62659.00  via decompose_route  ·  Δ_BKS=+2.00%
20:18:00 | i 1 | [HAOS ROLL] k=3  λ=0.8  vb  kmeans  pyvrp  P≈0.000595
20:18:00 | i 1 | [ Summary ] cost=62659.00  Δ_S*=+0.00%  Δ_BKS=+2.00%  Δ_S*_BKS=+2.00%  no_improve=0
20:18:00 | i 2 | [HAOS ROLL] k=10  λ=1.0  vb  kmedoids  filo2  P≈0.000595
20:18:02 | i 2 | [Phase 1/3] decompose  2.25s / — / —  λ=1.0  vb kmedoids
20:18:59 | i 2 | [Phase 2/3] route  56.12s / 35.94s / 156.2%  filo2  k=10
20:20:15 | i 1 | [ IMPROVE ] 61956.00  via bg_ails  ·  Δ_BKS=+0.85%
20:20:15 | i 1 | [ ASYNC BG] bg_ails  134.36s / 127.72s / 105.2%
20:20:15 | i 2 | [HAOS ROLL] k=10  λ=1.0  vb  kmedoids  filo2  P≈0.000595
20:20:15 | i 2 | [ Summary ] cost=67583.00  Δ_S*=+9.08%  Δ_BKS=+10.01%  Δ_S*_BKS=+0.85%  no_improve=1
20:20:15 | i 3 | [HAOS ROLL] k=8  λ=1.0  vb  ac_avg  ails2  P≈0.000595
20:20:17 | i 3 | [Phase 1/3] decompose  2.10s / — / —  λ=1.0  vb ac_avg
20:22:30 | i 3 | [Phase 2/3] route  133.30s / 130.26s / 102.3%  ails2  k=8
20:22:30 | i 2 | [ ASYNC BG] bg_ails  68.36s / 61.87s / 110.5%
20:22:30 | i 3 | [HAOS ROLL] k=8  λ=1.0  vb  ac_avg  ails2  P≈0.000595
20:22:30 | i 3 | [ Summary ] cost=66570.00  Δ_S*=+7.45%  Δ_BKS=+8.37%  Δ_S*_BKS=+0.85%  no_improve=3
20:22:30 | i 4 | [HAOS ROLL] k=4  λ=0.8  rb  kmeans  filo2  P≈0.000992
20:22:31 | i 4 | [Phase 1/3] decompose  1.45s / — / —  λ=0.8  rb kmeans
20:23:52 | i 4 | [Phase 2/3] route  80.31s / 79.50s / 101.0%  filo2  k=4
20:24:33 | i 3 | [ ASYNC BG] bg_ails  123.48s / 116.53s / 106.0%
20:24:33 | i 4 | [HAOS ROLL] k=4  λ=0.8  rb  kmeans  filo2  P≈0.000992
20:24:33 | i 4 | [ Summary ] cost=61977.00  Δ_S*=+0.03%  Δ_BKS=+0.89%  Δ_S*_BKS=+0.85%  no_improve=5
20:24:33 | i 5 | [HAOS ROLL] k=10  λ=0.4  vb  ac_complete  pyvrp  P≈0.000595
20:24:35 | i 5 | [Phase 1/3] decompose  2.00s / — / —  λ=0.4  vb ac_complete
20:26:23 | i 5 | [Phase 2/3] route  107.44s / 100.26s / 107.2%  pyvrp  k=10
20:26:23 | i 4 | [ IMPROVE ] 61939.00  via bg_ails  ·  Δ_BKS=+0.83%
20:26:23 | i 4 | [ ASYNC BG] bg_ails  84.40s / 77.59s / 108.8%
20:26:23 | i 5 | [HAOS ROLL] k=10  λ=0.4  vb  ac_complete  pyvrp  P≈0.000595
20:26:23 | i 5 | [ Summary ] cost=68215.00  Δ_S*=+10.13%  Δ_BKS=+11.04%  Δ_S*_BKS=+0.83%  no_improve=1
20:26:23 | i 6 | [HAOS ROLL] k=3  λ=0.2  rb  ac_avg  ails2  P≈0.000992
20:26:24 | i 6 | [Phase 1/3] decompose  1.44s / — / —  λ=0.2  rb ac_avg
20:28:36 | i 6 | [Phase 2/3] route  131.71s / 129.84s / 101.4%  ails2  k=3
20:28:38 | i 5 | [ ASYNC BG] bg_ails  135.38s / 128.45s / 105.4%
20:28:38 | i 6 | [HAOS ROLL] k=3  λ=0.2  rb  ac_avg  ails2  P≈0.000992
20:28:38 | i 6 | [ Summary ] cost=62016.00  Δ_S*=+0.12%  Δ_BKS=+0.95%  Δ_S*_BKS=+0.83%  no_improve=3
20:28:38 | i 7 | [HAOS ROLL] k=2  λ=0.4  rb  ac_avg  filo2  P≈0.000992
20:28:40 | i 7 | [Phase 1/3] decompose  1.45s / — / —  λ=0.4  rb ac_avg
20:31:57 | i 7 | [Phase 2/3] route  196.68s / 196.44s / 100.1%  filo2  k=2
20:31:57 | i 6 | [ ASYNC BG] bg_ails  133.41s / 126.72s / 105.3%
20:31:57 | i 7 | [ IMPROVE ] 61786.00  via decompose_route  ·  Δ_BKS=+0.58%
20:31:57 | i 7 | [HAOS ROLL] k=2  λ=0.4  rb  ac_avg  filo2  P≈0.000992
20:31:57 | i 7 | [ Summary ] cost=61786.00  Δ_S*=+0.00%  Δ_BKS=+0.58%  Δ_S*_BKS=+0.58%  no_improve=0
20:31:57 | i 8 | [HAOS ROLL] k=10  λ=1.0  vb  ac_avg  ails2  P≈0.000595
20:31:59 | i 8 | [Phase 1/3] decompose  2.12s / — / —  λ=1.0  vb ac_avg
20:34:12 | i 8 | [Phase 2/3] route  133.16s / 130.26s / 102.2%  ails2  k=10
20:35:15 | i 7 | [ ASYNC BG] bg_ails  198.60s / 191.73s / 103.6%
20:35:15 | i 8 | [HAOS ROLL] k=10  λ=1.0  vb  ac_avg  ails2  P≈0.000595
20:35:15 | i 8 | [ Summary ] cost=67565.00  Δ_S*=+9.35%  Δ_BKS=+9.99%  Δ_S*_BKS=+0.58%  no_improve=2
20:35:15 | i 6 | [ASYNC 1/2] sp_sc  0.14s / 720.00s / 0.0%  SP  avg_coverage=10.96/5  pool=540
20:35:15 | i 6 | [ASYNC 2/2] standard_ails  365.76s / 360.00s / 101.6%
20:35:16 | i 9 | [HAOS ROLL] k=8  λ=0.2  rb  ac_avg  ails2  P≈0.000992
20:35:17 | i 9 | [Phase 1/3] decompose  1.38s / — / —  λ=0.2  rb ac_avg
20:36:38 | i 9 | [Phase 2/3] route  80.96s / 78.66s / 102.9%  ails2  k=8
20:38:09 | i 8 | [ ASYNC BG] bg_ails  173.40s / 166.14s / 104.4%
20:38:09 | i 9 | [HAOS ROLL] k=8  λ=0.2  rb  ac_avg  ails2  P≈0.000992
20:38:09 | i 9 | [ Summary ] cost=61827.00  Δ_S*=+0.07%  Δ_BKS=+0.64%  Δ_S*_BKS=+0.58%  no_improve=5
20:38:09 | i 10 | [HAOS ROLL] k=2  λ=0.0  vb  kmeans  ails2  P≈0.000595
20:38:10 | i 10 | [Phase 1/3] decompose  1.09s / — / —  λ=0.0  vb kmeans
20:41:30 | i 10 | [Phase 2/3] route  200.04s / 196.44s / 101.8%  ails2  k=2
20:41:30 | i 9 | [ ASYNC BG] bg_ails  88.38s / 81.57s / 108.4%
20:41:30 | i 10 | [HAOS ROLL] k=2  λ=0.0  vb  kmeans  ails2  P≈0.000595
20:41:30 | i 10 | [ Summary ] cost=62008.00  Δ_S*=+0.36%  Δ_BKS=+0.94%  Δ_S*_BKS=+0.58%  no_improve=7
20:41:30 | i 11 | [HAOS ROLL] k=8  λ=0.4  vb  ac_complete  ails2  P≈0.000595
20:41:32 | i 11 | [Phase 1/3] decompose  1.96s / — / —  λ=0.4  vb ac_complete
20:43:28 | i 11 | [Phase 2/3] route  115.77s / 100.26s / 115.5%  ails2  k=8
20:44:48 | i 10 | [ ASYNC BG] bg_ails  198.13s / 191.73s / 103.3%
20:44:48 | i 11 | [HAOS ROLL] k=8  λ=0.4  vb  ac_complete  ails2  P≈0.000595
20:44:48 | i 11 | [ Summary ] cost=65799.00  Δ_S*=+6.49%  Δ_BKS=+7.11%  Δ_S*_BKS=+0.58%  no_improve=9
20:44:48 | i 12 | [HAOS ROLL] k=10  λ=0.2  rb  ac_complete  filo2  P≈0.000946
20:44:49 | i 12 | [Phase 1/3] decompose  1.44s / — / —  λ=0.2  rb ac_complete
20:45:41 | i 12 | [Phase 2/3] route  51.13s / 50.34s / 101.6%  filo2  k=10
20:47:07 | i 11 | [ ASYNC BG] bg_ails  139.32s / 132.64s / 105.0%
20:47:07 | i 12 | [HAOS ROLL] k=10  λ=0.2  rb  ac_complete  filo2  P≈0.000946
20:47:07 | i 12 | [ Summary ] cost=61934.00  Δ_S*=+0.24%  Δ_BKS=+0.82%  Δ_S*_BKS=+0.58%  no_improve=11
20:47:07 | i 13 | [HAOS ROLL] k=6  λ=0.2  vb  ac_avg  filo  P≈0.000518
20:47:09 | i 13 | [Phase 1/3] decompose  2.06s / — / —  λ=0.2  vb ac_avg
20:49:20 | i 13 | [Phase 2/3] route  130.34s / 130.14s / 100.2%  filo  k=6
20:49:20 | i 12 | [ ASYNC BG] bg_ails  69.34s / 62.55s / 110.9%
20:49:20 | i 13 | [HAOS ROLL] k=6  λ=0.2  vb  ac_avg  filo  P≈0.000518
20:49:20 | i 13 | [ Summary ] cost=64691.00  Δ_S*=+4.70%  Δ_BKS=+5.31%  Δ_S*_BKS=+0.58%  no_improve=13
20:49:20 | i 14 | [HAOS ROLL] k=6  λ=0.4  vb  kmeans  filo2  P≈0.000716
20:49:21 | i 14 | [Phase 1/3] decompose  1.43s / — / —  λ=0.4  vb kmeans
20:50:30 | i 14 | [Phase 2/3] route  69.17s / 69.48s / 99.6%  filo2  k=6
20:51:34 | i 13 | [ ASYNC BG] bg_ails  134.44s / 127.02s / 105.8%
20:51:34 | i 14 | [HAOS ROLL] k=6  λ=0.4  vb  kmeans  filo2  P≈0.000716
20:51:34 | i 14 | [ Summary ] cost=65066.00  Δ_S*=+5.31%  Δ_BKS=+5.92%  Δ_S*_BKS=+0.58%  no_improve=15
20:51:34 | i 15 | [HAOS ROLL] k=4  λ=0.4  vb  kmeans  ails2  P≈0.000628
20:51:36 | i 15 | [Phase 1/3] decompose  1.43s / — / —  λ=0.4  vb kmeans
20:52:47 | i 15 | [Phase 2/3] route  71.36s / 69.66s / 102.4%  ails2  k=4
20:52:49 | i 14 | [ ASYNC BG] bg_ails  74.50s / 67.81s / 109.9%
20:52:49 | i 15 | [HAOS ROLL] k=4  λ=0.4  vb  kmeans  ails2  P≈0.000628
20:52:49 | i 15 | [ Summary ] cost=62801.00  Δ_S*=+1.64%  Δ_BKS=+2.23%  Δ_S*_BKS=+0.58%  no_improve=17
20:52:49 | i 16 | [HAOS ROLL] k=10  λ=1.0  vb  fcm  filo2  P≈0.000613
20:52:50 | i 16 | [Phase 1/3] decompose  1.76s / — / —  λ=1.0  vb fcm
20:53:50 | i 16 | [Phase 2/3] route  59.22s / 39.06s / 151.6%  filo2  k=10
20:54:03 | i 15 | [ ASYNC BG] bg_ails  74.42s / 67.99s / 109.5%
20:54:03 | i 16 | [HAOS ROLL] k=10  λ=1.0  vb  fcm  filo2  P≈0.000613
20:54:03 | i 16 | [ Summary ] cost=66772.00  Δ_S*=+8.07%  Δ_BKS=+8.69%  Δ_S*_BKS=+0.58%  no_improve=19
20:54:03 | i 17 | [HAOS ROLL] k=3  λ=0.6  vb  kmeans  pyvrp  P≈0.000560
20:54:05 | i 17 | [Phase 1/3] decompose  1.43s / — / —  λ=0.6  vb kmeans
20:56:28 | i 17 | [Phase 2/3] route  143.19s / 130.86s / 109.4%  pyvrp  k=3
20:56:28 | i 16 | [ ASYNC BG] bg_ails  73.46s / 66.84s / 109.9%
20:56:28 | i 17 | [HAOS ROLL] k=3  λ=0.6  vb  kmeans  pyvrp  P≈0.000560
20:56:28 | i 17 | [ Summary ] cost=62844.00  Δ_S*=+1.71%  Δ_BKS=+2.30%  Δ_S*_BKS=+0.58%  no_improve=21
20:56:28 | i 13 | [ASYNC 1/2] sp_sc  1.36s / 720.00s / 0.2%  SP  avg_coverage=25.61/5  pool=1249
20:56:28 | i 13 | [ASYNC 2/2] standard_ails  365.89s / 360.00s / 101.6%
20:56:30 | i 13 | [ IMPROVE ] 61746.00  via standard_ails  ·  Δ_BKS=+0.51%
20:56:30 | i 18 | [HAOS ROLL] k=4  λ=1.0  rb  ac_complete  filo  P≈0.000542
20:56:31 | i 18 | [Phase 1/3] decompose  1.39s / — / —  λ=1.0  rb ac_complete
20:57:44 | i 18 | [Phase 2/3] route  73.15s / 72.96s / 100.3%  filo  k=4
20:58:42 | i 17 | [ ASYNC BG] bg_ails  134.26s / 127.72s / 105.1%
20:58:42 | i 18 | [HAOS ROLL] k=4  λ=1.0  rb  ac_complete  filo  P≈0.000542
20:58:42 | i 18 | [ Summary ] cost=62036.00  Δ_S*=+0.47%  Δ_BKS=+0.98%  Δ_S*_BKS=+0.51%  no_improve=2
20:58:42 | i 19 | [HAOS ROLL] k=10  λ=1.0  rb  ac_avg  ails2  P≈0.001525
20:58:44 | i 19 | [Phase 1/3] decompose  1.43s / — / —  λ=1.0  rb ac_avg
20:59:36 | i 19 | [Phase 2/3] route  52.14s / 50.52s / 103.2%  ails2  k=10
21:00:01 | i 18 | [ ASYNC BG] bg_ails  78.44s / 71.21s / 110.2%
21:00:01 | i 19 | [HAOS ROLL] k=10  λ=1.0  rb  ac_avg  ails2  P≈0.001525
21:00:01 | i 19 | [ Summary ] cost=61861.00  Δ_S*=+0.19%  Δ_BKS=+0.70%  Δ_S*_BKS=+0.51%  no_improve=4
21:00:01 | i 20 | [HAOS ROLL] k=4  λ=1.0  vb  kmeans  pyvrp  P≈0.000605
21:00:02 | i 20 | [Phase 1/3] decompose  1.43s / — / —  λ=1.0  vb kmeans
21:01:16 | i 20 | [Phase 2/3] route  73.73s / 69.66s / 105.8%  pyvrp  k=4
21:01:16 | i 19 | [ ASYNC BG] bg_ails  67.49s / 60.00s / 112.5%
21:01:16 | i 20 | [HAOS ROLL] k=4  λ=1.0  vb  kmeans  pyvrp  P≈0.000605
21:01:16 | i 20 | [ Summary ] cost=63013.00  Δ_S*=+2.05%  Δ_BKS=+2.58%  Δ_S*_BKS=+0.51%  no_improve=6
21:01:16 | i 21 | [HAOS ROLL] k=6  λ=0.2  vb  kmeans  filo  P≈0.000620
21:01:17 | i 21 | [Phase 1/3] decompose  1.43s / — / —  λ=0.2  vb kmeans
21:02:27 | i 21 | [Phase 2/3] route  70.16s / 69.66s / 100.7%  filo  k=6
21:02:30 | i 20 | [ ASYNC BG] bg_ails  74.39s / 67.99s / 109.4%
21:02:30 | i 21 | [HAOS ROLL] k=6  λ=0.2  vb  kmeans  filo  P≈0.000620
21:02:30 | i 21 | [ Summary ] cost=64936.00  Δ_S*=+5.17%  Δ_BKS=+5.71%  Δ_S*_BKS=+0.51%  no_improve=8
21:02:30 | i 22 | [HAOS ROLL] k=4  λ=0.6  rb  kmeans  ails2  P≈0.000876
21:02:32 | i 22 | [Phase 1/3] decompose  1.42s / — / —  λ=0.6  rb kmeans
21:03:52 | i 22 | [Phase 2/3] route  80.43s / 78.24s / 102.8%  ails2  k=4
21:03:52 | i 21 | [ ASYNC BG] bg_ails  74.40s / 67.99s / 109.4%
21:03:52 | i 22 | [HAOS ROLL] k=4  λ=0.6  rb  kmeans  ails2  P≈0.000876
21:03:52 | i 22 | [ Summary ] cost=61887.00  Δ_S*=+0.23%  Δ_BKS=+0.74%  Δ_S*_BKS=+0.51%  no_improve=10
21:03:52 | i 23 | [HAOS ROLL] k=8  λ=0.4  vb  fcm  ails2  P≈0.000522
21:03:54 | i 23 | [Phase 1/3] decompose  1.62s / — / —  λ=0.4  vb fcm
21:05:05 | i 23 | [Phase 2/3] route  71.43s / 69.48s / 102.8%  ails2  k=8
21:05:16 | i 22 | [ ASYNC BG] bg_ails  83.48s / 76.36s / 109.3%
21:05:16 | i 23 | [HAOS ROLL] k=8  λ=0.4  vb  fcm  ails2  P≈0.000522
21:05:16 | i 23 | [ Summary ] cost=66324.00  Δ_S*=+7.41%  Δ_BKS=+7.97%  Δ_S*_BKS=+0.51%  no_improve=12
21:05:16 | i 24 | [HAOS ROLL] k=6  λ=0.0  vb  fcm  pyvrp  P≈0.000150
21:05:17 | i 24 | [Phase 1/3] decompose  1.23s / — / —  λ=0.0  vb fcm
21:06:31 | i 24 | [Phase 2/3] route  73.79s / 69.66s / 105.9%  pyvrp  k=6
21:06:57 | i 23 | [ ASYNC BG] bg_ails  101.46s / 94.90s / 106.9%
21:06:57 | i 24 | [HAOS ROLL] k=6  λ=0.0  vb  fcm  pyvrp  P≈0.000150
21:06:57 | i 24 | [ Summary ] cost=64528.00  Δ_S*=+4.51%  Δ_BKS=+5.04%  Δ_S*_BKS=+0.51%  no_improve=14
21:06:57 | i 25 | [HAOS ROLL] k=4  λ=0.0  rb  ac_avg  ails2  P≈0.001662
21:06:58 | i 25 | [Phase 1/3] decompose  1.09s / — / —  λ=0.0  rb ac_avg
21:09:11 | i 25 | [Phase 2/3] route  132.18s / 129.54s / 102.0%  ails2  k=4
21:09:11 | i 24 | [ ASYNC BG] bg_ails  74.08s / 67.99s / 109.0%
21:09:11 | i 25 | [HAOS ROLL] k=4  λ=0.0  rb  ac_avg  ails2  P≈0.001662
21:09:11 | i 25 | [ Summary ] cost=61970.00  Δ_S*=+0.36%  Δ_BKS=+0.88%  Δ_S*_BKS=+0.51%  no_improve=16
21:09:11 | i 26 | [HAOS ROLL] k=10  λ=0.2  rb  ac_complete  filo2  P≈0.001529
21:09:12 | i 26 | [Phase 1/3] decompose  1.40s / — / —  λ=0.2  rb ac_complete
21:10:10 | i 26 | [Phase 2/3] route  58.11s / 50.52s / 115.0%  filo2  k=10
21:11:24 | i 25 | [ ASYNC BG] bg_ails  132.98s / 126.43s / 105.2%
21:11:24 | i 26 | [HAOS ROLL] k=10  λ=0.2  rb  ac_complete  filo2  P≈0.001529
21:11:24 | i 26 | [ Summary ] cost=61855.00  Δ_S*=+0.18%  Δ_BKS=+0.69%  Δ_S*_BKS=+0.51%  no_improve=18
21:11:24 | i 27 | [HAOS ROLL] k=4  λ=0.4  vb  fcm  ails2  P≈0.002304
21:11:25 | i 27 | [Phase 1/3] decompose  1.45s / — / —  λ=0.4  vb fcm
21:12:36 | i 27 | [Phase 2/3] route  71.08s / 69.66s / 102.0%  ails2  k=4
21:12:38 | i 26 | [ ASYNC BG] bg_ails  74.45s / 67.72s / 109.9%
21:12:38 | i 27 | [HAOS ROLL] k=4  λ=0.4  vb  fcm  ails2  P≈0.002304
21:12:38 | i 27 | [ Summary ] cost=62876.00  Δ_S*=+1.83%  Δ_BKS=+2.35%  Δ_S*_BKS=+0.51%  no_improve=20
21:12:38 | i 28 | [HAOS ROLL] k=8  λ=0.8  rb  ac_avg  ails2  P≈0.000966
21:12:40 | i 28 | [Phase 1/3] decompose  1.56s / — / —  λ=0.8  rb ac_avg
21:13:49 | i 28 | [Phase 2/3] route  69.63s / 67.80s / 102.7%  ails2  k=8
21:13:53 | i 27 | [ ASYNC BG] bg_ails  74.48s / 67.99s / 109.5%
21:13:53 | i 28 | [HAOS ROLL] k=8  λ=0.8  rb  ac_avg  ails2  P≈0.000966
21:13:53 | i 28 | [ Summary ] cost=61849.00  Δ_S*=+0.17%  Δ_BKS=+0.68%  Δ_S*_BKS=+0.51%  no_improve=22
21:13:53 | i 29 | [HAOS ROLL] k=8  λ=0.2  vb  kmedoids  filo2  P≈0.000694
21:13:55 | i 29 | [Phase 1/3] decompose  2.85s / — / —  λ=0.2  vb kmedoids
21:15:21 | i 29 | [Phase 2/3] route  85.19s / 69.48s / 122.6%  filo2  k=8
21:15:21 | i 28 | [ ASYNC BG] bg_ails  77.55s / 70.56s / 109.9%
21:15:21 | i 29 | [HAOS ROLL] k=8  λ=0.2  vb  kmedoids  filo2  P≈0.000694
21:15:21 | i 29 | [ Summary ] cost=65308.00  Δ_S*=+5.77%  Δ_BKS=+6.31%  Δ_S*_BKS=+0.51%  no_improve=24
21:15:21 | i 30 | [HAOS ROLL] k=2  λ=0.2  rb  kmeans  ails2  P≈0.001032
21:15:22 | i 30 | [Phase 1/3] decompose  1.44s / — / —  λ=0.2  rb kmeans
21:18:42 | i 30 | [Phase 2/3] route  200.01s / 196.62s / 101.7%  ails2  k=2
21:18:42 | i 29 | [ ASYNC BG] bg_ails  119.45s / 112.89s / 105.8%
21:18:42 | i 30 | [HAOS ROLL] k=2  λ=0.2  rb  kmeans  ails2  P≈0.001032
21:18:42 | i 30 | [ Summary ] cost=61863.00  Δ_S*=+0.19%  Δ_BKS=+0.70%  Δ_S*_BKS=+0.51%  no_improve=26
21:18:42 | i 26 | [ASYNC 1/2] sp_sc  11.26s / 720.00s / 1.6%  SP  avg_coverage=51.21/5  pool=2493
21:18:42 | i 26 | [ASYNC 2/2] standard_ails  365.84s / 360.00s / 101.6%
21:18:48 | i 26 | [ IMPROVE ] 61717.00  via standard_ails  ·  Δ_BKS=+0.47%
21:18:48 | i 31 | [HAOS ROLL] k=6  λ=0.0  vb  kmedoids  ails2  P≈0.000680
21:18:49 | i 31 | [Phase 1/3] decompose  1.52s / — / —  λ=0.0  vb kmedoids
21:20:01 | i 31 | [Phase 2/3] route  71.71s / 69.48s / 103.2%  ails2  k=6
21:22:00 | i 30 | [ ASYNC BG] bg_ails  198.23s / 191.90s / 103.3%
21:22:01 | i 31 | [HAOS ROLL] k=6  λ=0.0  vb  kmedoids  ails2  P≈0.000680
21:22:01 | i 31 | [ Summary ] cost=64660.00  Δ_S*=+4.77%  Δ_BKS=+5.26%  Δ_S*_BKS=+0.47%  no_improve=2
21:22:01 | i 32 | [HAOS ROLL] k=4  λ=0.8  vb  kmedoids  filo  P≈0.000298
21:22:03 | i 32 | [Phase 1/3] decompose  2.20s / — / —  λ=0.8  vb kmedoids
21:23:13 | i 32 | [Phase 2/3] route  70.16s / 69.66s / 100.7%  filo  k=4
21:23:15 | i 31 | [ ASYNC BG] bg_ails  74.07s / 67.81s / 109.2%
21:23:15 | i 32 | [HAOS ROLL] k=4  λ=0.8  vb  kmedoids  filo  P≈0.000298
21:23:15 | i 32 | [ Summary ] cost=62820.00  Δ_S*=+1.79%  Δ_BKS=+2.26%  Δ_S*_BKS=+0.47%  no_improve=4
21:23:15 | i 33 | [HAOS ROLL] k=10  λ=0.4  rb  ac_avg  filo  P≈0.000665
21:23:16 | i 33 | [Phase 1/3] decompose  1.42s / — / —  λ=0.4  rb ac_avg
21:24:17 | i 33 | [Phase 2/3] route  61.14s / 50.34s / 121.4%  filo  k=10
21:24:29 | i 32 | [ ASYNC BG] bg_ails  74.47s / 67.99s / 109.5%
21:24:29 | i 33 | [HAOS ROLL] k=10  λ=0.4  rb  ac_avg  filo  P≈0.000665
21:24:29 | i 33 | [ Summary ] cost=61814.00  Δ_S*=+0.16%  Δ_BKS=+0.62%  Δ_S*_BKS=+0.47%  no_improve=6
21:24:29 | i 34 | [HAOS ROLL] k=4  λ=0.4  vb  ac_avg  ails2  P≈0.001648
21:24:31 | i 34 | [Phase 1/3] decompose  2.17s / — / —  λ=0.4  vb ac_avg
21:26:45 | i 34 | [Phase 2/3] route  134.03s / 131.70s / 101.8%  ails2  k=4
21:26:45 | i 33 | [ ASYNC BG] bg_ails  78.49s / 71.95s / 109.1%
21:26:45 | i 34 | [HAOS ROLL] k=4  λ=0.4  vb  ac_avg  ails2  P≈0.001648
21:26:45 | i 34 | [ Summary ] cost=63423.00  Δ_S*=+2.76%  Δ_BKS=+3.24%  Δ_S*_BKS=+0.47%  no_improve=8
21:26:45 | i 35 | [HAOS ROLL] k=6  λ=0.0  vb  fcm  ails2  P≈0.000835
21:26:47 | i 35 | [Phase 1/3] decompose  1.24s / — / —  λ=0.0  vb fcm
21:27:58 | i 35 | [Phase 2/3] route  71.76s / 69.72s / 102.9%  ails2  k=6
21:29:01 | i 34 | [ ASYNC BG] bg_ails  135.47s / 128.54s / 105.4%
21:29:01 | i 35 | [HAOS ROLL] k=6  λ=0.0  vb  fcm  ails2  P≈0.000835
21:29:01 | i 35 | [ Summary ] cost=64370.00  Δ_S*=+4.30%  Δ_BKS=+4.78%  Δ_S*_BKS=+0.47%  no_improve=10
21:29:01 | i 36 | [HAOS ROLL] k=4  λ=0.4  rb  ac_complete  filo2  P≈0.002454
21:29:02 | i 36 | [Phase 1/3] decompose  1.40s / — / —  λ=0.4  rb ac_complete
21:30:44 | i 36 | [Phase 2/3] route  101.27s / 101.04s / 100.2%  filo2  k=4
21:30:44 | i 35 | [ ASYNC BG] bg_ails  75.03s / 68.05s / 110.3%
21:30:44 | i 36 | [HAOS ROLL] k=4  λ=0.4  rb  ac_complete  filo2  P≈0.002454
21:30:44 | i 36 | [ Summary ] cost=61816.00  Δ_S*=+0.16%  Δ_BKS=+0.63%  Δ_S*_BKS=+0.47%  no_improve=12
21:30:44 | i 37 | [HAOS ROLL] k=8  λ=0.2  vb  fcm  ails2  P≈0.001464
21:30:45 | i 37 | [Phase 1/3] decompose  1.67s / — / —  λ=0.2  vb fcm
21:31:41 | i 37 | [Phase 2/3] route  55.88s / 51.30s / 108.9%  ails2  k=8
21:32:29 | i 36 | [ ASYNC BG] bg_ails  105.46s / 98.62s / 106.9%
21:32:29 | i 37 | [HAOS ROLL] k=8  λ=0.2  vb  fcm  ails2  P≈0.001464
21:32:29 | i 37 | [ Summary ] cost=66181.00  Δ_S*=+7.23%  Δ_BKS=+7.73%  Δ_S*_BKS=+0.47%  no_improve=14
21:32:29 | i 38 | [HAOS ROLL] k=2  λ=0.2  rb  ac_avg  ails2  P≈0.001823
21:32:31 | i 38 | [Phase 1/3] decompose  1.42s / — / —  λ=0.2  rb ac_avg
21:35:51 | i 38 | [Phase 2/3] route  200.05s / 196.62s / 101.7%  ails2  k=2
21:35:51 | i 37 | [ ASYNC BG] bg_ails  81.30s / 74.02s / 109.8%
21:35:51 | i 38 | [HAOS ROLL] k=2  λ=0.2  rb  ac_avg  ails2  P≈0.001823
21:35:51 | i 38 | [ Summary ] cost=61973.00  Δ_S*=+0.41%  Δ_BKS=+0.88%  Δ_S*_BKS=+0.47%  no_improve=16
21:35:51 | i 39 | [HAOS ROLL] k=10  λ=0.2  rb  kmeans  ails2  P≈0.003025
21:35:52 | i 39 | [Phase 1/3] decompose  1.42s / — / —  λ=0.2  rb kmeans
21:36:55 | i 39 | [Phase 2/3] route  62.39s / 44.22s / 141.1%  ails2  k=10
21:39:09 | i 38 | [ ASYNC BG] bg_ails  198.53s / 191.90s / 103.5%
21:39:09 | i 39 | [HAOS ROLL] k=10  λ=0.2  rb  kmeans  ails2  P≈0.003025
21:39:09 | i 39 | [ Summary ] cost=61758.00  Δ_S*=+0.07%  Δ_BKS=+0.53%  Δ_S*_BKS=+0.47%  no_improve=18
21:39:09 | i 40 | [HAOS ROLL] k=8  λ=0.2  rb  ac_avg  ails2  P≈0.006198
21:39:11 | i 40 | [Phase 1/3] decompose  1.44s / — / —  λ=0.2  rb ac_avg
21:40:26 | i 40 | [Phase 2/3] route  74.65s / 72.60s / 102.8%  ails2  k=8
21:40:26 | i 39 | [ ASYNC BG] bg_ails  67.55s / 60.00s / 112.6%
21:40:26 | i 40 | [HAOS ROLL] k=8  λ=0.2  rb  ac_avg  ails2  P≈0.006198
21:40:26 | i 40 | [ Summary ] cost=61776.00  Δ_S*=+0.10%  Δ_BKS=+0.56%  Δ_S*_BKS=+0.47%  no_improve=20
21:40:26 | i 37 | [ASYNC 1/2] sp_sc  55.80s / 720.00s / 7.7%  SP  avg_coverage=72.54/5  pool=3528
21:40:26 | i 37 | [ASYNC 2/2] standard_ails  365.87s / 360.00s / 101.6%
21:40:35 | i 37 | [ IMPROVE ] 61659.00  via standard_ails  ·  Δ_BKS=+0.37%
21:40:35 | i 41 | [HAOS ROLL] k=6  λ=0.6  rb  kmeans  filo2  P≈0.000440
21:40:37 | i 41 | [Phase 1/3] decompose  1.39s / — / —  λ=0.6  rb kmeans
21:41:39 | i 41 | [Phase 2/3] route  62.15s / 61.68s / 100.8%  filo2  k=6
21:41:45 | i 40 | [ ASYNC BG] bg_ails  79.12s / 72.37s / 109.3%
21:41:45 | i 41 | [HAOS ROLL] k=6  λ=0.6  rb  kmeans  filo2  P≈0.000440
21:41:45 | i 41 | [ Summary ] cost=61867.00  Δ_S*=+0.34%  Δ_BKS=+0.71%  Δ_S*_BKS=+0.37%  no_improve=2
21:41:45 | i 42 | [HAOS ROLL] k=10  λ=0.2  rb  ac_avg  ails2  P≈0.007698
21:41:46 | i 42 | [Phase 1/3] decompose  1.44s / — / —  λ=0.2  rb ac_avg
21:42:40 | i 42 | [Phase 2/3] route  53.21s / 50.22s / 106.0%  ails2  k=10
21:42:52 | i 41 | [ ASYNC BG] bg_ails  67.38s / 60.20s / 111.9%
21:42:52 | i 42 | [HAOS ROLL] k=10  λ=0.2  rb  ac_avg  ails2  P≈0.007698
21:42:52 | i 42 | [ Summary ] cost=61751.00  Δ_S*=+0.15%  Δ_BKS=+0.52%  Δ_S*_BKS=+0.37%  no_improve=4
21:42:52 | i 43 | [HAOS ROLL] k=10  λ=0.4  rb  kmeans  filo2  P≈0.001458
21:42:54 | i 43 | [Phase 1/3] decompose  1.43s / — / —  λ=0.4  rb kmeans
21:43:52 | i 43 | [Phase 2/3] route  58.16s / 45.66s / 127.4%  filo2  k=10
21:44:02 | i 42 | [ ASYNC BG] bg_ails  69.51s / 62.44s / 111.3%
21:44:02 | i 43 | [HAOS ROLL] k=10  λ=0.4  rb  kmeans  filo2  P≈0.001458
21:44:02 | i 43 | [ Summary ] cost=61780.00  Δ_S*=+0.20%  Δ_BKS=+0.57%  Δ_S*_BKS=+0.37%  no_improve=6
21:44:02 | i 44 | [HAOS ROLL] k=6  λ=0.2  rb  kmeans  ails2  P≈0.003785
21:44:03 | i 44 | [Phase 1/3] decompose  1.42s / — / —  λ=0.2  rb kmeans
21:45:07 | i 44 | [Phase 2/3] route  63.58s / 61.68s / 103.1%  ails2  k=6
21:45:11 | i 43 | [ ASYNC BG] bg_ails  69.41s / 62.80s / 110.5%
21:45:11 | i 44 | [HAOS ROLL] k=6  λ=0.2  rb  kmeans  ails2  P≈0.003785
21:45:11 | i 44 | [ Summary ] cost=61768.00  Δ_S*=+0.18%  Δ_BKS=+0.55%  Δ_S*_BKS=+0.37%  no_improve=8
21:45:11 | i 45 | [HAOS ROLL] k=10  λ=0.4  vb  ac_avg  filo2  P≈0.000607
21:45:13 | i 45 | [Phase 1/3] decompose  2.10s / — / —  λ=0.4  vb ac_avg
21:47:24 | i 45 | [Phase 2/3] route  130.39s / 130.26s / 100.1%  filo2  k=10
21:47:24 | i 44 | [ ASYNC BG] bg_ails  67.39s / 60.20s / 111.9%
21:47:24 | i 45 | [HAOS ROLL] k=10  λ=0.4  vb  ac_avg  filo2  P≈0.000607
21:47:24 | i 45 | [ Summary ] cost=67875.00  Δ_S*=+10.08%  Δ_BKS=+10.49%  Δ_S*_BKS=+0.37%  no_improve=10
21:47:24 | i 46 | [HAOS ROLL] k=3  λ=0.0  vb  ac_complete  ails2  P≈0.000374
21:47:26 | i 46 | [Phase 1/3] decompose  1.67s / — / —  λ=0.0  vb ac_complete
21:49:24 | i 46 | [Phase 2/3] route  118.47s / 116.88s / 101.4%  ails2  k=3
21:50:17 | i 45 | [ ASYNC BG] bg_ails  173.45s / 166.14s / 104.4%
21:50:17 | i 46 | [HAOS ROLL] k=3  λ=0.0  vb  ac_complete  ails2  P≈0.000374
21:50:17 | i 46 | [ Summary ] cost=62689.00  Δ_S*=+1.67%  Δ_BKS=+2.05%  Δ_S*_BKS=+0.37%  no_improve=12
21:50:17 | i 47 | [HAOS ROLL] k=4  λ=0.8  vb  kmedoids  ails2  P≈0.001706
21:50:20 | i 47 | [Phase 1/3] decompose  2.17s / — / —  λ=0.8  vb kmedoids
21:51:31 | i 47 | [Phase 2/3] route  71.01s / 69.66s / 101.9%  ails2  k=4
21:52:18 | i 46 | [ ASYNC BG] bg_ails  121.18s / 114.07s / 106.2%
21:52:18 | i 47 | [HAOS ROLL] k=4  λ=0.8  vb  kmedoids  ails2  P≈0.001706
21:52:19 | i 47 | [ Summary ] cost=62843.00  Δ_S*=+1.92%  Δ_BKS=+2.30%  Δ_S*_BKS=+0.37%  no_improve=14
21:52:19 | i 48 | [HAOS ROLL] k=4  λ=0.0  rb  ac_complete  ails2  P≈0.001945
21:52:20 | i 48 | [Phase 1/3] decompose  1.09s / — / —  λ=0.0  rb ac_complete
21:54:02 | i 48 | [Phase 2/3] route  102.69s / 100.92s / 101.8%  ails2  k=4
21:54:02 | i 47 | [ ASYNC BG] bg_ails  74.41s / 67.99s / 109.4%
21:54:02 | i 48 | [HAOS ROLL] k=4  λ=0.0  rb  ac_complete  ails2  P≈0.001945
21:54:03 | i 48 | [ Summary ] cost=61831.00  Δ_S*=+0.28%  Δ_BKS=+0.65%  Δ_S*_BKS=+0.37%  no_improve=16
21:54:03 | i 49 | [HAOS ROLL] k=2  λ=0.2  vb  fcm  pyvrp  P≈0.000153
21:54:04 | i 49 | [Phase 1/3] decompose  1.43s / — / —  λ=0.2  vb fcm
21:57:50 | i 49 | [Phase 2/3] route  225.48s / 196.44s / 114.8%  pyvrp  k=2
21:57:50 | i 48 | [ ASYNC BG] bg_ails  105.14s / 98.50s / 106.7%
21:57:50 | i 49 | [HAOS ROLL] k=2  λ=0.2  vb  fcm  pyvrp  P≈0.000153
21:57:50 | i 49 | [ Summary ] cost=62207.00  Δ_S*=+0.89%  Δ_BKS=+1.26%  Δ_S*_BKS=+0.37%  no_improve=18
21:57:50 | i 50 | [HAOS ROLL] k=10  λ=0.0  rb  ac_complete  filo  P≈0.000926
21:57:51 | i 50 | [Phase 1/3] decompose  1.06s / — / —  λ=0.0  rb ac_complete
21:58:50 | i 50 | [Phase 2/3] route  59.29s / 44.64s / 132.8%  filo  k=10
22:01:08 | i 49 | [ ASYNC BG] bg_ails  198.32s / 191.73s / 103.4%
22:01:08 | i 50 | [HAOS ROLL] k=10  λ=0.0  rb  ac_complete  filo  P≈0.000926
22:01:08 | i 50 | [ Summary ] cost=61971.00  Δ_S*=+0.51%  Δ_BKS=+0.88%  Δ_S*_BKS=+0.37%  no_improve=20
22:01:08 | i 51 | [HAOS ROLL] k=10  λ=0.0  vb  kmedoids  ails2  P≈0.003309
22:01:10 | i 51 | [Phase 1/3] decompose  2.06s / — / —  λ=0.0  vb kmedoids
22:02:45 | i 51 | [Phase 2/3] route  94.65s / 69.48s / 136.2%  ails2  k=10
22:02:45 | i 50 | [ ASYNC BG] bg_ails  74.14s / 67.92s / 109.2%
22:02:45 | i 51 | [HAOS ROLL] k=10  λ=0.0  vb  kmedoids  ails2  P≈0.003309
22:02:45 | i 51 | [ Summary ] cost=66533.00  Δ_S*=+7.90%  Δ_BKS=+8.31%  Δ_S*_BKS=+0.37%  no_improve=22
22:02:45 | i 48 | [ASYNC 1/2] sp_sc  134.96s / 720.00s / 18.7%  SP  avg_coverage=90.48/5  pool=4391
22:02:45 | i 48 | [ASYNC 2/2] standard_ails  365.79s / 360.00s / 101.6%
22:03:00 | i 48 | [ IMPROVE ] 61636.00  via standard_ails  ·  Δ_BKS=+0.33%
22:03:00 | i 52 | [HAOS ROLL] k=3  λ=0.4  vb  ac_avg  ails2  P≈0.000681
22:03:02 | i 52 | [Phase 1/3] decompose  2.02s / — / —  λ=0.4  vb ac_avg
22:05:17 | i 52 | [Phase 2/3] route  134.77s / 132.12s / 102.0%  ails2  k=3
22:05:17 | i 51 | [ ASYNC BG] bg_ails  95.10s / 88.81s / 107.1%
22:05:17 | i 52 | [HAOS ROLL] k=3  λ=0.4  vb  ac_avg  ails2  P≈0.000681
22:05:17 | i 52 | [ Summary ] cost=62678.00  Δ_S*=+1.69%  Δ_BKS=+2.03%  Δ_S*_BKS=+0.33%  no_improve=2
22:05:17 | i 53 | [HAOS ROLL] k=12  λ=0.2  rb  kmeans  filo  P≈0.001125
22:05:19 | i 53 | [Phase 1/3] decompose  1.41s / — / —  λ=0.2  rb kmeans
22:06:14 | i 53 | [Phase 2/3] route  55.15s / 33.96s / 162.4%  filo  k=12
22:07:33 | i 52 | [ ASYNC BG] bg_ails  135.39s / 128.95s / 105.0%
22:07:33 | i 53 | [HAOS ROLL] k=12  λ=0.2  rb  kmeans  filo  P≈0.001125
22:07:33 | i 53 | [ Summary ] cost=61790.00  Δ_S*=+0.25%  Δ_BKS=+0.58%  Δ_S*_BKS=+0.33%  no_improve=4
22:07:33 | i 54 | [HAOS ROLL] k=10  λ=0.2  vb  kmedoids  filo2  P≈0.001852
22:07:35 | i 54 | [Phase 1/3] decompose  2.43s / — / —  λ=0.2  vb kmedoids
22:08:57 | i 54 | [Phase 2/3] route  82.20s / 69.48s / 118.3%  filo2  k=10
22:08:57 | i 53 | [ ASYNC BG] bg_ails  67.51s / 60.00s / 112.5%
22:08:57 | i 54 | [HAOS ROLL] k=10  λ=0.2  vb  kmedoids  filo2  P≈0.001852
22:08:58 | i 54 | [ Summary ] cost=66545.00  Δ_S*=+7.96%  Δ_BKS=+8.32%  Δ_S*_BKS=+0.33%  no_improve=6
22:08:58 | i 55 | [HAOS ROLL] k=8  λ=1.0  rb  kmeans  ails2  P≈0.000764
22:08:59 | i 55 | [Phase 1/3] decompose  1.41s / — / —  λ=1.0  rb kmeans
22:10:03 | i 55 | [Phase 2/3] route  63.50s / 61.80s / 102.8%  ails2  k=8
22:10:30 | i 54 | [ ASYNC BG] bg_ails  92.49s / 85.91s / 107.7%
22:10:30 | i 55 | [HAOS ROLL] k=8  λ=1.0  rb  kmeans  ails2  P≈0.000764
22:10:30 | i 55 | [ Summary ] cost=61754.00  Δ_S*=+0.19%  Δ_BKS=+0.53%  Δ_S*_BKS=+0.33%  no_improve=8
22:10:30 | i 56 | [HAOS ROLL] k=4  λ=0.2  rb  ac_avg  ails2  P≈0.005715
22:10:32 | i 56 | [Phase 1/3] decompose  1.54s / — / —  λ=0.2  rb ac_avg
22:12:44 | i 56 | [Phase 2/3] route  131.99s / 129.06s / 102.3%  ails2  k=4
22:12:44 | i 55 | [ ASYNC BG] bg_ails  79.31s / 72.63s / 109.2%
22:12:44 | i 56 | [HAOS ROLL] k=4  λ=0.2  rb  ac_avg  ails2  P≈0.005715
22:12:44 | i 56 | [ Summary ] cost=61773.00  Δ_S*=+0.22%  Δ_BKS=+0.56%  Δ_S*_BKS=+0.33%  no_improve=10
22:12:44 | i 57 | [HAOS ROLL] k=8  λ=0.4  rb  ac_complete  ails2  P≈0.001033
22:12:45 | i 57 | [Phase 1/3] decompose  1.40s / — / —  λ=0.4  rb ac_complete
22:13:44 | i 57 | [Phase 2/3] route  58.35s / 56.10s / 104.0%  ails2  k=8
22:14:56 | i 56 | [ ASYNC BG] bg_ails  132.43s / 125.96s / 105.1%
22:14:56 | i 57 | [HAOS ROLL] k=8  λ=0.4  rb  ac_complete  ails2  P≈0.001033
22:14:56 | i 57 | [ Summary ] cost=61832.00  Δ_S*=+0.32%  Δ_BKS=+0.65%  Δ_S*_BKS=+0.33%  no_improve=12
22:14:56 | i 58 | [HAOS ROLL] k=12  λ=0.2  vb  kmeans  filo2  P≈0.000299
22:14:58 | i 58 | [Phase 1/3] decompose  1.38s / — / —  λ=0.2  vb kmeans
22:15:49 | i 58 | [Phase 2/3] route  51.15s / 42.54s / 120.2%  filo2  k=12
22:15:49 | i 58 | [HAOS ROLL] k=12  λ=0.2  vb  kmeans  filo2  P≈0.000299
22:15:49 | i 58 | [ Summary ] cost=68170.00  Δ_S*=+10.60%  Δ_BKS=+10.97%  Δ_S*_BKS=+0.33%  no_improve=13
22:15:49 | i — | [  FINAL  ] async BG-AILS totals launched=56 applied=56 adopted=2 launch_skipped_cap=2 crashes=0 discarded_in_flight=False block_wait_total_s=1547.0
22:16:19 | i — | [  FINAL  ] async SP/SC totals invocations=6 adopted=4 skipped=0 discarded_in_flight=True sp_busy_frac=0.3236071832505075
22:16:19 | i — | [  FINAL  ] ════════════════════════════════════════
22:16:19 | i — | [  FINAL  ] Run complete  iterations=58  elapsed=02:00:48  best=61636.00
22:16:19 | i — | [  FINAL  ] Δ_BKS=+0.33%  no_improve_stop=False  time_stop=True  cancelled=False
22:16:19 | i — | [  FINAL  ] 
22:16:19 | i — | [  FINAL  ] [BEST SOLUTION — HAOS TAG SUMMARY]
22:16:19 | i — | [  FINAL  ] ────────────────────────────────────────
22:16:19 | i — | [  FINAL  ]   1 routes  rb  kmeans  k=6  λ=0.6  solver=filo2
22:16:19 | i — | [  FINAL  ]   1 routes  vb  fcm  k=6  λ=0.0  solver=ails2
22:16:19 | i — | [  FINAL  ]   46 routes  post-SP/SC improvement
22:16:19 | i — | [  FINAL  ] 
22:16:19 | i — | [  FINAL  ] [ROUTE POOL — HAOS TAG SUMMARY]
22:16:19 | i — | [  FINAL  ] ────────────────────────────────────────
22:16:19 | i — | [  FINAL  ]   177 routes  rb  ac_complete  k=10  λ=0.2  solver=filo2
22:16:19 | i — | [  FINAL  ]   144 routes  rb  ac_avg  k=8  λ=0.2  solver=ails2
22:16:19 | i — | [  FINAL  ]   101 routes  vb  ac_avg  k=8  λ=1.0  solver=ails2
22:16:19 | i — | [  FINAL  ]   100 routes  vb  kmedoids  k=10  λ=1.0  solver=filo2
22:16:19 | i — | [  FINAL  ]   100 routes  vb  ac_complete  k=10  λ=0.4  solver=pyvrp
22:16:19 | i — | [  FINAL  ]   99 routes  vb  ac_avg  k=10  λ=1.0  solver=ails2
22:16:19 | i — | [  FINAL  ]   99 routes  vb  kmeans  k=6  λ=0.4  solver=filo2
22:16:19 | i — | [  FINAL  ]   99 routes  vb  fcm  k=10  λ=1.0  solver=filo2
22:16:19 | i — | [  FINAL  ]   99 routes  vb  fcm  k=8  λ=0.4  solver=ails2
22:16:19 | i — | [  FINAL  ]   99 routes  vb  fcm  k=6  λ=0.0  solver=pyvrp
22:16:19 | i — | [  FINAL  ]   99 routes  vb  fcm  k=8  λ=0.2  solver=ails2
22:16:19 | i — | [  FINAL  ]   98 routes  vb  ac_avg  k=6  λ=0.2  solver=filo
22:16:19 | i — | [  FINAL  ]   98 routes  vb  kmedoids  k=8  λ=0.2  solver=filo2
22:16:19 | i — | [  FINAL  ]   97 routes  vb  ac_complete  k=8  λ=0.4  solver=ails2
22:16:19 | i — | [  FINAL  ]   97 routes  vb  kmeans  k=4  λ=1.0  solver=pyvrp
22:16:19 | i — | [  FINAL  ]   97 routes  vb  kmeans  k=6  λ=0.2  solver=filo
22:16:19 | i — | [  FINAL  ]   97 routes  vb  kmedoids  k=10  λ=0.0  solver=ails2
22:16:19 | i — | [  FINAL  ]   96 routes  vb  kmeans  k=3  λ=0.8  solver=pyvrp
22:16:19 | i — | [  FINAL  ]   96 routes  vb  fcm  k=4  λ=0.4  solver=ails2
22:16:19 | i — | [  FINAL  ]   96 routes  vb  kmedoids  k=6  λ=0.0  solver=ails2
22:16:19 | i — | [  FINAL  ]   96 routes  vb  ac_avg  k=10  λ=0.4  solver=filo2
22:16:19 | i — | [  FINAL  ]   96 routes  vb  kmedoids  k=4  λ=0.8  solver=ails2
22:16:19 | i — | [  FINAL  ]   96 routes  vb  ac_avg  k=3  λ=0.4  solver=ails2
22:16:19 | i — | [  FINAL  ]   95 routes  rb  kmeans  k=4  λ=0.8  solver=filo2
22:16:19 | i — | [  FINAL  ]   95 routes  rb  ac_avg  k=2  λ=0.4  solver=filo2
22:16:19 | i — | [  FINAL  ]   95 routes  vb  kmeans  k=2  λ=0.0  solver=ails2
22:16:19 | i — | [  FINAL  ]   95 routes  vb  kmeans  k=4  λ=0.4  solver=ails2
22:16:19 | i — | [  FINAL  ]   95 routes  vb  kmeans  k=3  λ=0.6  solver=pyvrp
22:16:19 | i — | [  FINAL  ]   95 routes  rb  ac_complete  k=4  λ=1.0  solver=filo
22:16:19 | i — | [  FINAL  ]   95 routes  rb  ac_avg  k=4  λ=0.0  solver=ails2
22:16:19 | i — | [  FINAL  ]   95 routes  vb  ac_avg  k=4  λ=0.4  solver=ails2
22:16:19 | i — | [  FINAL  ]   95 routes  vb  fcm  k=2  λ=0.2  solver=pyvrp
22:16:19 | i — | [  FINAL  ]   94 routes  rb  ac_avg  k=3  λ=0.2  solver=ails2
22:16:19 | i — | [  FINAL  ]   94 routes  vb  kmedoids  k=4  λ=0.8  solver=filo
22:16:19 | i — | [  FINAL  ]   94 routes  vb  fcm  k=6  λ=0.0  solver=ails2
22:16:19 | i — | [  FINAL  ]   93 routes  rb  kmeans  k=2  λ=0.2  solver=ails2
22:16:19 | i — | [  FINAL  ]   93 routes  vb  kmedoids  k=10  λ=0.2  solver=filo2
22:16:19 | i — | [  FINAL  ]   90 routes  vb  ac_complete  k=3  λ=0.0  solver=ails2
22:16:19 | i — | [  FINAL  ]   90 routes  rb  ac_avg  k=4  λ=0.2  solver=ails2
22:16:19 | i — | [  FINAL  ]   89 routes  rb  ac_avg  k=2  λ=0.2  solver=ails2
22:16:19 | i — | [  FINAL  ]   89 routes  rb  ac_complete  k=4  λ=0.0  solver=ails2
22:16:19 | i — | [  FINAL  ]   88 routes  rb  ac_complete  k=10  λ=0.0  solver=filo
22:16:19 | i — | [  FINAL  ]   88 routes  rb  kmeans  k=12  λ=0.2  solver=filo
22:16:19 | i — | [  FINAL  ]   86 routes  rb  ac_avg  k=8  λ=0.8  solver=ails2
22:16:19 | i — | [  FINAL  ]   85 routes  rb  ac_avg  k=10  λ=1.0  solver=ails2
22:16:19 | i — | [  FINAL  ]   85 routes  rb  ac_avg  k=10  λ=0.4  solver=filo
22:16:19 | i — | [  FINAL  ]   83 routes  rb  kmeans  k=10  λ=0.4  solver=filo2
22:16:19 | i — | [  FINAL  ]   78 routes  rb  ac_avg  k=10  λ=0.2  solver=ails2
22:16:19 | i — | [  FINAL  ]   56 routes  rb  ac_complete  k=4  λ=0.4  solver=filo2
22:16:19 | i — | [  FINAL  ]   52 routes  rb  kmeans  k=4  λ=0.6  solver=ails2
22:16:19 | i — | [  FINAL  ]   52 routes  rb  kmeans  k=6  λ=0.6  solver=filo2
22:16:19 | i — | [  FINAL  ]   52 routes  vb  kmeans  k=12  λ=0.2  solver=filo2
22:16:19 | i — | [  FINAL  ]   47 routes  rb  kmeans  k=8  λ=1.0  solver=ails2
22:16:19 | i — | [  FINAL  ]   46 routes  rb  kmeans  k=6  λ=0.2  solver=ails2
22:16:19 | i — | [  FINAL  ]   44 routes  rb  kmeans  k=10  λ=0.2  solver=ails2
22:16:19 | i — | [  FINAL  ]   42 routes  rb  ac_complete  k=8  λ=0.4  solver=ails2
22:16:19 | i — | [  FINAL  ]   225 routes  post-SP/SC improvement
22:16:19 | i — | [  FINAL  ] ════════════════════════════════════════
