01:19:54 | i — | [  INIT   ] ════════════════════════════════════════
01:19:54 | i — | [  INIT   ] DRISPI  instance=X-n2214-k131  n=2213  capacity=17
01:19:54 | i — | [  INIT   ] k domain (computed at init): [2, 3, 4, 6, 8, 10, 12]  k_ext=8  k_min=131  k_ext_bound=n_bound  spacing_rejected=0
01:19:54 | i — | [  INIT   ] ══════════════════════════════════════════════════════
01:19:54 | i — | [  INIT   ] CONFIGURATION
01:19:54 | i — | [  INIT   ] ── stopping ────────────────────────────────
01:19:54 | i — | [  INIT   ]   time_limit                  = 7200.0
01:19:54 | i — | [  INIT   ]   max_no_improve              = 1000000000
01:19:54 | i — | [  INIT   ] ── parallelism ─────────────────────────────
01:19:54 | i — | [  INIT   ]   n_workers                   = 8
01:19:54 | i — | [  INIT   ] ── cores ───────────────────────────────────
01:19:54 | i — | [  INIT   ]   cores_total                 = 8
01:19:54 | i — | [  INIT   ]   cores_dri                   = 6
01:19:54 | i — | [  INIT   ]   cores_bg                    = 1
01:19:54 | i — | [  INIT   ]   cores_sp                    = 1
01:19:54 | i — | [  INIT   ]   cores_cpu_list              = None
01:19:54 | i — | [  INIT   ] ── sp/sc ───────────────────────────────────
01:19:54 | i — | [  INIT   ]   sp_sc_mode                  = async
01:19:54 | i — | [  INIT   ]   sp_sc_trigger               = wallclock
01:19:54 | i — | [  INIT   ]   interval_minutes            = 20.0
01:19:54 | i — | [  INIT   ]   overlap_policy              = skip
01:19:54 | i — | [  INIT   ]   warmup_iterations           = 5
01:19:54 | i — | [  INIT   ]   sp_interval                 = 3
01:19:54 | i — | [  INIT   ]   min_coverage                = 5
01:19:54 | i — | [  INIT   ]   sp_time_limit               = 720.0
01:19:54 | i — | [  INIT   ]   mip_gap                     = 0.00025
01:19:54 | i — | [  INIT   ] ── decomposition ───────────────────────────
01:19:54 | i — | [  INIT   ]   decomp_k_base_arms          = [2, 3, 4, 6, 8, 10, 12]
01:19:54 | i — | [  INIT   ]   decomp_k_max_arms           = 10
01:19:54 | i — | [  INIT   ]   decomp_k_ext_per_1000       = 4
01:19:54 | i — | [  INIT   ]   decomp_k_min_routes_per_cluster= 8
01:19:54 | i — | [  INIT   ]   decomp_k_min_arm_spacing    = 2
01:19:54 | i — | [  INIT   ]   subcluster_rate_s_per_customer= 0.06
01:19:54 | i — | [  INIT   ]   subcluster_floor_s          = 5.0
01:19:54 | i — | [  INIT   ] ── bg_ails ─────────────────────────────────
01:19:54 | i — | [  INIT   ]   bg_ails_mode                = async
01:19:54 | i — | [  INIT   ]   bg_ails_crash_threshold     = 1
01:19:54 | i — | [  INIT   ]   bg_ails_budget_mode         = predicted_dr_wall
01:19:54 | i — | [  INIT   ]   bg_ails_budget_floor_s      = 60.0
01:19:54 | i — | [  INIT   ]   bg_ails_budget_margin       = 1.0
01:19:54 | i — | [  INIT   ]   bg_ails_wall_model_scale    = 0.976
01:19:54 | i — | [  INIT   ]   bg_ails_wall_model_wave_exponent= -0.18
01:19:54 | i — | [  INIT   ]   bg_ails_initial_omega       = 10
01:19:54 | i — | [  INIT   ]   bg_ails_boundary_threshold  = 0.5
01:19:54 | i — | [  INIT   ]   bg_ails_small_cluster_cap   = 20
01:19:54 | i — | [  INIT   ]   bg_ails_small_cluster_alpha = 0.5
01:19:54 | i — | [  INIT   ]   bg_ails_pair_selection      = greedy
01:19:54 | i — | [  INIT   ]   bg_ails_n_chains_mode       = k
01:19:54 | i — | [  INIT   ] ── standard_improvement ────────────────────
01:19:54 | i — | [  INIT   ]   standard_improvement_time_limit= 360.0
01:19:54 | i — | [  INIT   ] ── pool ────────────────────────────────────
01:19:54 | i — | [  INIT   ]   max_pool_size               = 10000
01:19:54 | i — | [  INIT   ]   pool_diversity_weight       = 0.5
01:19:54 | i — | [  INIT   ] ── haos ────────────────────────────────────
01:19:54 | i — | [  INIT   ]   haos_decay                  = 0.95
01:19:54 | i — | [  INIT   ]   haos_warmup                 = 10
01:19:54 | i — | [  INIT   ]   haos_starting_weight        = 10.0
01:19:54 | i — | [  INIT   ]   haos_min_weight_k           = 0.025
01:19:54 | i — | [  INIT   ]   haos_min_weight_lambda      = 0.05
01:19:54 | i — | [  INIT   ]   haos_min_weight_paradigm    = 0.1
01:19:54 | i — | [  INIT   ]   haos_min_weight_vertex_method= 0.05
01:19:54 | i — | [  INIT   ]   haos_min_weight_route_method= 0.05
01:19:54 | i — | [  INIT   ]   haos_min_weight_solver      = 0.05
01:19:54 | i — | [  INIT   ]   haos_lambda_demand_values   = [0.0, 0.2, 0.4, 0.6, 0.8, 1.0]
01:19:54 | i — | [  INIT   ]   haos_paradigm_values        = ['vertex', 'route']
01:19:54 | i — | [  INIT   ]   haos_vertex_method_values   = ['kmeans', 'agglomerative_avg', 'agglomerative_complete', 'kmedoids', 'fcm']
01:19:54 | i — | [  INIT   ]   haos_route_method_values    = ['kmeans', 'agglomerative_avg', 'agglomerative_complete']
01:19:54 | i — | [  INIT   ]   haos_solver_values          = ['pyvrp', 'filo', 'filo2', 'ails2']
01:19:54 | i — | [  INIT   ] ── haos_rewards ────────────────────────────
01:19:54 | i — | [  INIT   ]   haos_reward_new_best        = 10.0
01:19:54 | i — | [  INIT   ]   haos_reward_improvement     = 4.0
01:19:54 | i — | [  INIT   ]   haos_reward_no_improvement  = 1.0
01:19:54 | i — | [  INIT   ]   haos_reward_no_solution     = 0.0
01:19:54 | i — | [  INIT   ]   haos_deferred_new_best      = 7.0
01:19:54 | i — | [  INIT   ]   haos_deferred_improvement   = 3.0
01:19:54 | i — | [  INIT   ]   haos_deferred_no_improvement= 0.0
01:19:54 | i — | [  INIT   ] ── seed ────────────────────────────────────
01:19:54 | i — | [  INIT   ]   seed                        = 20
01:19:54 | i — | [  INIT   ] ── output ──────────────────────────────────
01:19:54 | i — | [  INIT   ]   output_dir                  = /app/artifacts/final_benchmark/runs/X-n2214-k131/seed20
01:19:54 | i — | [  INIT   ]   run_analysis                = False
01:19:54 | i — | [  INIT   ] ══════════════════════════════════════════════════════
01:19:54 | i — | [  INIT   ] BKS=154652.00
01:19:54 | i — | [  INIT   ] ════════════════════════════════════════
01:19:54 | i 1 | [HAOS ROLL] k=3  λ=0.8  vb  kmeans  pyvrp  P≈0.000595
01:19:58 | i 1 | [Phase 1/3] decompose  4.66s / — / —  λ=0.8  vb kmeans
01:21:00 | i 1 | [Phase 2/3] route  61.56s / 58.02s / 106.1%  pyvrp  k=3
01:21:00 | i 1 | [ IMPROVE ] 156768.00  via decompose_route  ·  Δ_BKS=+1.37%
01:21:00 | i 1 | [HAOS ROLL] k=3  λ=0.8  vb  kmeans  pyvrp  P≈0.000595
01:21:00 | i 1 | [ Summary ] cost=156768.00  Δ_S*=+0.00%  Δ_BKS=+1.37%  Δ_S*_BKS=+1.37%  no_improve=0
01:21:00 | i 2 | [HAOS ROLL] k=10  λ=1.0  vb  kmedoids  filo2  P≈0.000595
01:21:01 | i 2 | [Phase 1/3] decompose  0.95s / — / —  λ=1.0  vb kmedoids
01:21:35 | i 2 | [Phase 2/3] route  34.12s / 26.28s / 129.8%  filo2  k=10
01:22:04 | i 1 | [ IMPROVE ] 155198.00  via bg_ails  ·  Δ_BKS=+0.35%
01:22:04 | i 1 | [ ASYNC BG] bg_ails  63.75s / 60.00s / 106.3%
01:22:04 | i 2 | [HAOS ROLL] k=10  λ=1.0  vb  kmedoids  filo2  P≈0.000595
01:22:04 | i 2 | [ Summary ] cost=158673.00  Δ_S*=+2.24%  Δ_BKS=+2.60%  Δ_S*_BKS=+0.35%  no_improve=1
01:22:04 | i 3 | [HAOS ROLL] k=8  λ=1.0  vb  ac_avg  ails2  P≈0.000595
01:22:04 | i 3 | [Phase 1/3] decompose  0.67s / — / —  λ=1.0  vb ac_avg
01:22:41 | i 3 | [Phase 2/3] route  36.76s / 35.58s / 103.3%  ails2  k=8
01:23:07 | i 2 | [ IMPROVE ] 155000.00  via bg_ails  ·  Δ_BKS=+0.23%
01:23:07 | i 2 | [ ASYNC BG] bg_ails  63.87s / 60.00s / 106.4%
01:23:07 | i 3 | [HAOS ROLL] k=8  λ=1.0  vb  ac_avg  ails2  P≈0.000595
01:23:07 | i 3 | [ Summary ] cost=158798.00  Δ_S*=+2.45%  Δ_BKS=+2.68%  Δ_S*_BKS=+0.23%  no_improve=1
01:23:07 | i 4 | [HAOS ROLL] k=4  λ=0.8  rb  kmeans  filo2  P≈0.000992
01:23:08 | i 4 | [Phase 1/3] decompose  0.41s / — / —  λ=0.8  rb kmeans
01:24:01 | i 4 | [Phase 2/3] route  53.12s / 53.04s / 100.2%  filo2  k=4
01:24:11 | i 3 | [ ASYNC BG] bg_ails  63.70s / 60.00s / 106.2%
01:24:11 | i 4 | [ IMPROVE ] 154999.00  via decompose_route  ·  Δ_BKS=+0.22%
01:24:11 | i 4 | [HAOS ROLL] k=4  λ=0.8  rb  kmeans  filo2  P≈0.000992
01:24:11 | i 4 | [ Summary ] cost=154999.00  Δ_S*=+0.00%  Δ_BKS=+0.22%  Δ_S*_BKS=+0.22%  no_improve=0
01:24:11 | i 5 | [HAOS ROLL] k=10  λ=0.4  vb  ac_complete  pyvrp  P≈0.000595
01:24:12 | i 5 | [Phase 1/3] decompose  0.59s / — / —  λ=0.4  vb ac_complete
01:24:43 | i 5 | [Phase 2/3] route  30.80s / 26.22s / 117.5%  pyvrp  k=10
01:25:15 | i 4 | [ ASYNC BG] bg_ails  63.71s / 60.00s / 106.2%
01:25:15 | i 5 | [HAOS ROLL] k=10  λ=0.4  vb  ac_complete  pyvrp  P≈0.000595
01:25:15 | i 5 | [ Summary ] cost=161561.00  Δ_S*=+4.23%  Δ_BKS=+4.47%  Δ_S*_BKS=+0.22%  no_improve=2
01:25:15 | i 6 | [HAOS ROLL] k=3  λ=0.2  rb  ac_avg  ails2  P≈0.000992
01:25:15 | i 6 | [Phase 1/3] decompose  0.41s / — / —  λ=0.2  rb ac_avg
01:26:38 | i 6 | [Phase 2/3] route  82.22s / 80.58s / 102.0%  ails2  k=3
01:26:38 | i 5 | [ ASYNC BG] bg_ails  63.75s / 60.00s / 106.2%
01:26:38 | i 6 | [ IMPROVE ] 154902.00  via decompose_route  ·  Δ_BKS=+0.16%
01:26:38 | i 6 | [HAOS ROLL] k=3  λ=0.2  rb  ac_avg  ails2  P≈0.000992
01:26:38 | i 6 | [ Summary ] cost=154902.00  Δ_S*=+0.00%  Δ_BKS=+0.16%  Δ_S*_BKS=+0.16%  no_improve=0
01:26:38 | i 7 | [HAOS ROLL] k=2  λ=0.4  rb  ac_avg  filo2  P≈0.000992
01:26:38 | i 7 | [Phase 1/3] decompose  0.43s / — / —  λ=0.4  rb ac_avg
01:27:59 | i 7 | [Phase 2/3] route  81.16s / 80.58s / 100.7%  filo2  k=2
01:27:59 | i 6 | [ IMPROVE ] 154898.00  via bg_ails  ·  Δ_BKS=+0.16%
01:27:59 | i 6 | [ ASYNC BG] bg_ails  81.78s / 78.65s / 104.0%
01:27:59 | i 7 | [HAOS ROLL] k=2  λ=0.4  rb  ac_avg  filo2  P≈0.000992
01:27:59 | i 7 | [ Summary ] cost=154939.00  Δ_S*=+0.03%  Δ_BKS=+0.19%  Δ_S*_BKS=+0.16%  no_improve=1
01:27:59 | i 8 | [HAOS ROLL] k=10  λ=1.0  vb  ac_avg  ails2  P≈0.000595
01:28:00 | i 8 | [Phase 1/3] decompose  0.55s / — / —  λ=1.0  vb ac_avg
01:28:44 | i 8 | [Phase 2/3] route  44.15s / 29.58s / 149.2%  ails2  k=10
01:29:21 | i 7 | [ ASYNC BG] bg_ails  81.76s / 78.65s / 104.0%
01:29:21 | i 8 | [HAOS ROLL] k=10  λ=1.0  vb  ac_avg  ails2  P≈0.000595
01:29:21 | i 8 | [ Summary ] cost=159856.00  Δ_S*=+3.20%  Δ_BKS=+3.36%  Δ_S*_BKS=+0.16%  no_improve=3
01:29:21 | i 9 | [HAOS ROLL] k=8  λ=0.2  rb  ac_avg  ails2  P≈0.000992
01:29:22 | i 9 | [Phase 1/3] decompose  0.42s / — / —  λ=0.2  rb ac_avg
01:29:57 | i 9 | [Phase 2/3] route  35.91s / 34.68s / 103.5%  ails2  k=8
01:30:25 | i 8 | [ ASYNC BG] bg_ails  63.79s / 60.00s / 106.3%
01:30:25 | i 9 | [HAOS ROLL] k=8  λ=0.2  rb  ac_avg  ails2  P≈0.000992
01:30:25 | i 9 | [ Summary ] cost=154934.00  Δ_S*=+0.02%  Δ_BKS=+0.18%  Δ_S*_BKS=+0.16%  no_improve=5
01:30:25 | i 10 | [HAOS ROLL] k=2  λ=0.0  vb  kmeans  ails2  P≈0.000595
01:30:25 | i 10 | [Phase 1/3] decompose  0.43s / — / —  λ=0.0  vb kmeans
01:31:45 | i 10 | [Phase 2/3] route  80.12s / 78.60s / 101.9%  ails2  k=2
01:31:45 | i 9 | [ ASYNC BG] bg_ails  63.64s / 60.00s / 106.1%
01:31:46 | i 10 | [HAOS ROLL] k=2  λ=0.0  vb  kmeans  ails2  P≈0.000595
01:31:46 | i 10 | [ Summary ] cost=155598.00  Δ_S*=+0.45%  Δ_BKS=+0.61%  Δ_S*_BKS=+0.16%  no_improve=7
01:31:46 | i 11 | [HAOS ROLL] k=8  λ=0.4  vb  ac_complete  ails2  P≈0.000595
01:31:46 | i 11 | [Phase 1/3] decompose  0.60s / — / —  λ=0.4  vb ac_complete
01:32:18 | i 11 | [Phase 2/3] route  31.75s / 28.08s / 113.1%  ails2  k=8
01:33:05 | i 10 | [ ASYNC BG] bg_ails  79.74s / 76.71s / 103.9%
01:33:05 | i 11 | [HAOS ROLL] k=8  λ=0.4  vb  ac_complete  ails2  P≈0.000595
01:33:05 | i 11 | [ Summary ] cost=159396.00  Δ_S*=+2.90%  Δ_BKS=+3.07%  Δ_S*_BKS=+0.16%  no_improve=9
01:33:05 | i 6 | [ASYNC 1/2] sp_sc  0.46s / 720.00s / 0.1%  SP  avg_coverage=9.40/5  pool=1243
01:33:05 | i 6 | [ASYNC 2/2] standard_ails  363.68s / 360.00s / 101.0%
01:33:08 | i 6 | [ IMPROVE ] 154851.00  via standard_ails  ·  Δ_BKS=+0.13%
01:33:08 | i 12 | [HAOS ROLL] k=10  λ=0.2  rb  ac_complete  filo2  P≈0.000946
01:33:08 | i 12 | [Phase 1/3] decompose  0.39s / — / —  λ=0.2  rb ac_complete
01:33:37 | i 12 | [Phase 2/3] route  29.13s / 24.48s / 119.0%  filo2  k=10
01:34:09 | i 11 | [ ASYNC BG] bg_ails  63.97s / 60.00s / 106.6%
01:34:09 | i 12 | [HAOS ROLL] k=10  λ=0.2  rb  ac_complete  filo2  P≈0.000946
01:34:09 | i 12 | [ Summary ] cost=154859.00  Δ_S*=+0.01%  Δ_BKS=+0.13%  Δ_S*_BKS=+0.13%  no_improve=2
01:34:09 | i 13 | [HAOS ROLL] k=4  λ=0.2  vb  ac_avg  filo  P≈0.000411
01:34:10 | i 13 | [Phase 1/3] decompose  0.65s / — / —  λ=0.2  vb ac_avg
01:35:05 | i 13 | [Phase 2/3] route  55.13s / 55.44s / 99.4%  filo  k=4
01:35:13 | i 12 | [ ASYNC BG] bg_ails  63.96s / 60.00s / 106.6%
01:35:13 | i 13 | [HAOS ROLL] k=4  λ=0.2  vb  ac_avg  filo  P≈0.000411
01:35:13 | i 13 | [ Summary ] cost=156710.00  Δ_S*=+1.20%  Δ_BKS=+1.33%  Δ_S*_BKS=+0.13%  no_improve=4
01:35:13 | i 14 | [HAOS ROLL] k=6  λ=0.4  vb  kmeans  filo2  P≈0.000583
01:35:14 | i 14 | [Phase 1/3] decompose  0.41s / — / —  λ=0.4  vb kmeans
01:35:49 | i 14 | [Phase 2/3] route  35.13s / 34.62s / 101.5%  filo2  k=6
01:36:17 | i 13 | [ ASYNC BG] bg_ails  63.84s / 60.00s / 106.4%
01:36:17 | i 14 | [HAOS ROLL] k=6  λ=0.4  vb  kmeans  filo2  P≈0.000583
01:36:17 | i 14 | [ Summary ] cost=157624.00  Δ_S*=+1.79%  Δ_BKS=+1.92%  Δ_S*_BKS=+0.13%  no_improve=6
01:36:17 | i 15 | [HAOS ROLL] k=3  λ=0.6  vb  kmeans  ails2  P≈0.000615
01:36:18 | i 15 | [Phase 1/3] decompose  0.40s / — / —  λ=0.6  vb kmeans
01:37:17 | i 15 | [Phase 2/3] route  59.88s / 58.02s / 103.2%  ails2  k=3
01:37:21 | i 14 | [ ASYNC BG] bg_ails  63.64s / 60.00s / 106.1%
01:37:21 | i 15 | [HAOS ROLL] k=3  λ=0.6  vb  kmeans  ails2  P≈0.000615
01:37:21 | i 15 | [ Summary ] cost=155629.00  Δ_S*=+0.50%  Δ_BKS=+0.63%  Δ_S*_BKS=+0.13%  no_improve=8
01:37:21 | i 16 | [HAOS ROLL] k=10  λ=1.0  vb  fcm  filo2  P≈0.001173
01:37:21 | i 16 | [Phase 1/3] decompose  0.64s / — / —  λ=1.0  vb fcm
01:37:53 | i 16 | [Phase 2/3] route  31.11s / 16.92s / 183.9%  filo2  k=10
01:38:24 | i 15 | [ ASYNC BG] bg_ails  63.77s / 60.00s / 106.3%
01:38:24 | i 16 | [HAOS ROLL] k=10  λ=1.0  vb  fcm  filo2  P≈0.001173
01:38:25 | i 16 | [ Summary ] cost=159495.00  Δ_S*=+3.00%  Δ_BKS=+3.13%  Δ_S*_BKS=+0.13%  no_improve=10
01:38:25 | i 17 | [HAOS ROLL] k=3  λ=0.8  vb  ac_avg  pyvrp  P≈0.001269
01:38:25 | i 17 | [Phase 1/3] decompose  0.60s / — / —  λ=0.8  vb ac_avg
01:39:53 | i 17 | [Phase 2/3] route  88.25s / 82.14s / 107.4%  pyvrp  k=3
01:39:53 | i 16 | [ ASYNC BG] bg_ails  63.75s / 60.00s / 106.3%
01:39:53 | i 17 | [HAOS ROLL] k=3  λ=0.8  vb  ac_avg  pyvrp  P≈0.001269
01:39:54 | i 17 | [ Summary ] cost=156751.00  Δ_S*=+1.23%  Δ_BKS=+1.36%  Δ_S*_BKS=+0.13%  no_improve=12
01:39:54 | i 18 | [HAOS ROLL] k=3  λ=1.0  rb  ac_complete  pyvrp  P≈0.000957
01:39:54 | i 18 | [Phase 1/3] decompose  0.38s / — / —  λ=1.0  rb ac_complete
01:41:20 | i 18 | [Phase 2/3] route  85.89s / 80.58s / 106.6%  pyvrp  k=3
01:41:20 | i 17 | [ ASYNC BG] bg_ails  83.72s / 80.17s / 104.4%
01:41:20 | i 18 | [HAOS ROLL] k=3  λ=1.0  rb  ac_complete  pyvrp  P≈0.000957
01:41:20 | i 18 | [ Summary ] cost=156027.00  Δ_S*=+0.76%  Δ_BKS=+0.89%  Δ_S*_BKS=+0.13%  no_improve=14
01:41:20 | i 19 | [HAOS ROLL] k=10  λ=1.0  vb  ac_complete  ails2  P≈0.001437
01:41:20 | i 19 | [Phase 1/3] decompose  0.56s / — / —  λ=1.0  vb ac_complete
01:41:52 | i 19 | [Phase 2/3] route  31.81s / 26.22s / 121.3%  ails2  k=10
01:42:42 | i 18 | [ ASYNC BG] bg_ails  81.86s / 78.65s / 104.1%
01:42:42 | i 19 | [HAOS ROLL] k=10  λ=1.0  vb  ac_complete  ails2  P≈0.001437
01:42:42 | i 19 | [ Summary ] cost=160827.00  Δ_S*=+3.86%  Δ_BKS=+3.99%  Δ_S*_BKS=+0.13%  no_improve=16
01:42:42 | i 20 | [HAOS ROLL] k=3  λ=1.0  vb  ac_avg  pyvrp  P≈0.003311
01:42:42 | i 20 | [Phase 1/3] decompose  0.55s / — / —  λ=1.0  vb ac_avg
01:44:11 | i 20 | [Phase 2/3] route  88.46s / 82.14s / 107.7%  pyvrp  k=3
01:44:11 | i 19 | [ ASYNC BG] bg_ails  63.77s / 60.00s / 106.3%
01:44:11 | i 20 | [HAOS ROLL] k=3  λ=1.0  vb  ac_avg  pyvrp  P≈0.003311
01:44:11 | i 20 | [ Summary ] cost=156727.00  Δ_S*=+1.21%  Δ_BKS=+1.34%  Δ_S*_BKS=+0.13%  no_improve=18
01:44:11 | i 21 | [HAOS ROLL] k=6  λ=0.4  vb  kmeans  pyvrp  P≈0.000669
01:44:11 | i 21 | [Phase 1/3] decompose  0.42s / — / —  λ=0.4  vb kmeans
01:44:39 | i 21 | [Phase 2/3] route  27.41s / 26.52s / 103.3%  pyvrp  k=6
01:45:35 | i 20 | [ ASYNC BG] bg_ails  83.93s / 80.17s / 104.7%
01:45:35 | i 21 | [HAOS ROLL] k=6  λ=0.4  vb  kmeans  pyvrp  P≈0.000669
01:45:35 | i 21 | [ Summary ] cost=158432.00  Δ_S*=+2.31%  Δ_BKS=+2.44%  Δ_S*_BKS=+0.13%  no_improve=20
01:45:35 | i 22 | [HAOS ROLL] k=4  λ=0.8  rb  kmeans  ails2  P≈0.000518
01:45:35 | i 22 | [Phase 1/3] decompose  0.42s / — / —  λ=0.8  rb kmeans
01:46:31 | i 22 | [Phase 2/3] route  55.85s / 54.06s / 103.3%  ails2  k=4
01:46:38 | i 21 | [ ASYNC BG] bg_ails  63.70s / 60.00s / 106.2%
01:46:39 | i 22 | [HAOS ROLL] k=4  λ=0.8  rb  kmeans  ails2  P≈0.000518
01:46:39 | i 22 | [ Summary ] cost=154971.00  Δ_S*=+0.08%  Δ_BKS=+0.21%  Δ_S*_BKS=+0.13%  no_improve=22
01:46:39 | i 23 | [HAOS ROLL] k=8  λ=0.4  vb  fcm  ails2  P≈0.000432
01:46:39 | i 23 | [Phase 1/3] decompose  0.56s / — / —  λ=0.4  vb fcm
01:47:14 | i 23 | [Phase 2/3] route  34.93s / 24.72s / 141.3%  ails2  k=8
01:47:42 | i 22 | [ ASYNC BG] bg_ails  63.80s / 60.00s / 106.3%
01:47:42 | i 23 | [HAOS ROLL] k=8  λ=0.4  vb  fcm  ails2  P≈0.000432
01:47:42 | i 23 | [ Summary ] cost=159374.00  Δ_S*=+2.92%  Δ_BKS=+3.05%  Δ_S*_BKS=+0.13%  no_improve=24
01:47:42 | i 24 | [HAOS ROLL] k=6  λ=0.0  vb  fcm  pyvrp  P≈0.000389
01:47:43 | i 24 | [Phase 1/3] decompose  0.48s / — / —  λ=0.0  vb fcm
01:48:19 | i 24 | [Phase 2/3] route  36.36s / 35.04s / 103.8%  pyvrp  k=6
01:48:46 | i 23 | [ ASYNC BG] bg_ails  64.00s / 60.00s / 106.7%
01:48:46 | i 24 | [HAOS ROLL] k=6  λ=0.0  vb  fcm  pyvrp  P≈0.000389
01:48:46 | i 24 | [ Summary ] cost=158154.00  Δ_S*=+2.13%  Δ_BKS=+2.26%  Δ_S*_BKS=+0.13%  no_improve=26
01:48:46 | i 25 | [HAOS ROLL] k=4  λ=0.0  rb  ac_avg  ails2  P≈0.000406
01:48:47 | i 25 | [Phase 1/3] decompose  0.32s / — / —  λ=0.0  rb ac_avg
01:49:44 | i 25 | [Phase 2/3] route  57.05s / 55.08s / 103.6%  ails2  k=4
01:49:50 | i 24 | [ ASYNC BG] bg_ails  63.83s / 60.00s / 106.4%
01:49:50 | i 25 | [HAOS ROLL] k=4  λ=0.0  rb  ac_avg  ails2  P≈0.000406
01:49:50 | i 25 | [ Summary ] cost=154989.00  Δ_S*=+0.09%  Δ_BKS=+0.22%  Δ_S*_BKS=+0.13%  no_improve=28
01:49:50 | i 26 | [HAOS ROLL] k=10  λ=0.2  rb  ac_complete  filo2  P≈0.000469
01:49:51 | i 26 | [Phase 1/3] decompose  0.40s / — / —  λ=0.2  rb ac_complete
01:50:20 | i 26 | [Phase 2/3] route  29.12s / 24.48s / 118.9%  filo2  k=10
01:50:54 | i 25 | [ ASYNC BG] bg_ails  64.08s / 60.00s / 106.8%
01:50:54 | i 26 | [HAOS ROLL] k=10  λ=0.2  rb  ac_complete  filo2  P≈0.000469
01:50:54 | i 26 | [ Summary ] cost=154934.00  Δ_S*=+0.05%  Δ_BKS=+0.18%  Δ_S*_BKS=+0.13%  no_improve=30
01:50:54 | i 27 | [HAOS ROLL] k=3  λ=0.6  vb  fcm  ails2  P≈0.000952
01:50:55 | i 27 | [Phase 1/3] decompose  0.48s / — / —  λ=0.6  vb fcm
01:51:59 | i 27 | [Phase 2/3] route  64.01s / 62.52s / 102.4%  ails2  k=3
01:51:59 | i 26 | [ ASYNC BG] bg_ails  63.89s / 60.00s / 106.5%
01:51:59 | i 27 | [HAOS ROLL] k=3  λ=0.6  vb  fcm  ails2  P≈0.000952
01:51:59 | i 27 | [ Summary ] cost=156042.00  Δ_S*=+0.77%  Δ_BKS=+0.90%  Δ_S*_BKS=+0.13%  no_improve=32
01:51:59 | i 28 | [HAOS ROLL] k=6  λ=1.0  rb  ac_avg  ails2  P≈0.001495
01:51:59 | i 28 | [Phase 1/3] decompose  0.42s / — / —  λ=1.0  rb ac_avg
01:52:37 | i 28 | [Phase 2/3] route  38.10s / 36.72s / 103.8%  ails2  k=6
01:53:04 | i 27 | [ ASYNC BG] bg_ails  65.20s / 61.02s / 106.8%
01:53:04 | i 28 | [HAOS ROLL] k=6  λ=1.0  rb  ac_avg  ails2  P≈0.001495
01:53:04 | i 28 | [ Summary ] cost=154965.00  Δ_S*=+0.07%  Δ_BKS=+0.20%  Δ_S*_BKS=+0.13%  no_improve=34
01:53:04 | i 29 | [HAOS ROLL] k=6  λ=0.4  vb  kmedoids  filo2  P≈0.000469
01:53:05 | i 29 | [Phase 1/3] decompose  0.54s / — / —  λ=0.4  vb kmedoids
01:53:31 | i 29 | [Phase 2/3] route  26.12s / 26.46s / 98.7%  filo2  k=6
01:54:08 | i 28 | [ ASYNC BG] bg_ails  63.77s / 60.00s / 106.3%
01:54:08 | i 29 | [HAOS ROLL] k=6  λ=0.4  vb  kmedoids  filo2  P≈0.000469
01:54:08 | i 29 | [ Summary ] cost=156995.00  Δ_S*=+1.38%  Δ_BKS=+1.52%  Δ_S*_BKS=+0.13%  no_improve=36
01:54:08 | i 30 | [HAOS ROLL] k=2  λ=0.4  rb  kmeans  ails2  P≈0.000546
01:54:08 | i 30 | [Phase 1/3] decompose  0.40s / — / —  λ=0.4  rb kmeans
01:55:28 | i 30 | [Phase 2/3] route  80.15s / 78.54s / 102.1%  ails2  k=2
01:55:28 | i 29 | [ ASYNC BG] bg_ails  64.02s / 60.00s / 106.7%
01:55:28 | i 30 | [HAOS ROLL] k=2  λ=0.4  rb  kmeans  ails2  P≈0.000546
01:55:28 | i 30 | [ Summary ] cost=154888.00  Δ_S*=+0.02%  Δ_BKS=+0.15%  Δ_S*_BKS=+0.13%  no_improve=38
01:55:28 | i 31 | [HAOS ROLL] k=6  λ=0.0  vb  kmedoids  ails2  P≈0.001504
01:55:29 | i 31 | [Phase 1/3] decompose  0.49s / — / —  λ=0.0  vb kmedoids
01:55:57 | i 31 | [Phase 2/3] route  27.79s / 26.46s / 105.0%  ails2  k=6
01:56:48 | i 30 | [ ASYNC BG] bg_ails  80.04s / 76.66s / 104.4%
01:56:48 | i 31 | [HAOS ROLL] k=6  λ=0.0  vb  kmedoids  ails2  P≈0.001504
01:56:49 | i 31 | [ Summary ] cost=156997.00  Δ_S*=+1.39%  Δ_BKS=+1.52%  Δ_S*_BKS=+0.13%  no_improve=40
01:56:49 | i 32 | [HAOS ROLL] k=4  λ=1.0  vb  kmedoids  pyvrp  P≈0.000961
01:56:49 | i 32 | [Phase 1/3] decompose  0.78s / — / —  λ=1.0  vb kmedoids
01:57:46 | i 32 | [Phase 2/3] route  56.83s / 54.00s / 105.2%  pyvrp  k=4
01:57:52 | i 31 | [ ASYNC BG] bg_ails  63.62s / 60.00s / 106.0%
01:57:52 | i 32 | [HAOS ROLL] k=4  λ=1.0  vb  kmedoids  pyvrp  P≈0.000961
01:57:52 | i 32 | [ Summary ] cost=157120.00  Δ_S*=+1.47%  Δ_BKS=+1.60%  Δ_S*_BKS=+0.13%  no_improve=42
01:57:52 | i 33 | [HAOS ROLL] k=10  λ=0.4  rb  ac_avg  pyvrp  P≈0.001347
01:57:53 | i 33 | [Phase 1/3] decompose  0.42s / — / —  λ=0.4  rb ac_avg
01:58:30 | i 33 | [Phase 2/3] route  37.87s / 31.62s / 119.8%  pyvrp  k=10
01:58:56 | i 32 | [ ASYNC BG] bg_ails  64.00s / 60.00s / 106.7%
01:58:56 | i 33 | [HAOS ROLL] k=10  λ=0.4  rb  ac_avg  pyvrp  P≈0.001347
01:58:56 | i 33 | [ Summary ] cost=155714.00  Δ_S*=+0.56%  Δ_BKS=+0.69%  Δ_S*_BKS=+0.13%  no_improve=44
01:58:56 | i 34 | [HAOS ROLL] k=3  λ=0.6  vb  ac_avg  filo2  P≈0.000385
01:58:57 | i 34 | [Phase 1/3] decompose  0.59s / — / —  λ=0.6  vb ac_avg
02:00:19 | i 34 | [Phase 2/3] route  82.19s / 82.14s / 100.1%  filo2  k=3
02:00:19 | i 33 | [ ASYNC BG] bg_ails  64.00s / 60.00s / 106.7%
02:00:19 | i 34 | [HAOS ROLL] k=3  λ=0.6  vb  ac_avg  filo2  P≈0.000385
02:00:19 | i 34 | [ Summary ] cost=155658.00  Δ_S*=+0.52%  Δ_BKS=+0.65%  Δ_S*_BKS=+0.13%  no_improve=46
02:00:19 | i 35 | [HAOS ROLL] k=6  λ=0.0  vb  fcm  ails2  P≈0.001846
02:00:19 | i 35 | [Phase 1/3] decompose  0.38s / — / —  λ=0.0  vb fcm
02:00:47 | i 35 | [Phase 2/3] route  27.57s / 26.46s / 104.2%  ails2  k=6
02:01:43 | i 34 | [ ASYNC BG] bg_ails  83.77s / 80.17s / 104.5%
02:01:43 | i 35 | [HAOS ROLL] k=6  λ=0.0  vb  fcm  ails2  P≈0.001846
02:01:43 | i 35 | [ Summary ] cost=156880.00  Δ_S*=+1.31%  Δ_BKS=+1.44%  Δ_S*_BKS=+0.13%  no_improve=48
02:01:43 | i 36 | [HAOS ROLL] k=4  λ=0.6  rb  ac_complete  filo2  P≈0.000472
02:01:43 | i 36 | [Phase 1/3] decompose  0.39s / — / —  λ=0.6  rb ac_complete
02:02:36 | i 36 | [Phase 2/3] route  53.12s / 53.04s / 100.1%  filo2  k=4
02:02:47 | i 35 | [ ASYNC BG] bg_ails  63.80s / 60.00s / 106.3%
02:02:47 | i 36 | [HAOS ROLL] k=4  λ=0.6  rb  ac_complete  filo2  P≈0.000472
02:02:47 | i 36 | [ Summary ] cost=154889.00  Δ_S*=+0.02%  Δ_BKS=+0.15%  Δ_S*_BKS=+0.13%  no_improve=50
02:02:47 | i 37 | [HAOS ROLL] k=6  λ=0.4  vb  fcm  ails2  P≈0.002932
02:02:47 | i 37 | [Phase 1/3] decompose  0.48s / — / —  λ=0.4  vb fcm
02:03:15 | i 37 | [Phase 2/3] route  27.63s / 26.46s / 104.4%  ails2  k=6
02:03:50 | i 36 | [ ASYNC BG] bg_ails  63.85s / 60.00s / 106.4%
02:03:50 | i 37 | [HAOS ROLL] k=6  λ=0.4  vb  fcm  ails2  P≈0.002932
02:03:50 | i 37 | [ Summary ] cost=156938.00  Δ_S*=+1.35%  Δ_BKS=+1.48%  Δ_S*_BKS=+0.13%  no_improve=52
02:03:50 | i 38 | [HAOS ROLL] k=2  λ=0.0  rb  ac_avg  ails2  P≈0.001146
02:03:51 | i 38 | [Phase 1/3] decompose  0.29s / — / —  λ=0.0  rb ac_avg
02:05:13 | i 38 | [Phase 2/3] route  82.04s / 80.58s / 101.8%  ails2  k=2
02:05:13 | i 37 | [ ASYNC BG] bg_ails  63.61s / 60.00s / 106.0%
02:05:13 | i 38 | [HAOS ROLL] k=2  λ=0.0  rb  ac_avg  ails2  P≈0.001146
02:05:13 | i 38 | [ Summary ] cost=154924.00  Δ_S*=+0.05%  Δ_BKS=+0.18%  Δ_S*_BKS=+0.13%  no_improve=54
02:05:13 | i 22 | [ASYNC 1/2] sp_sc  726.21s / 720.00s / 100.9%  SP  avg_coverage=33.76/5  pool=4438
02:05:13 | i 22 | [ASYNC 2/2] standard_ails  363.39s / 360.00s / 100.9%
02:05:35 | i 39 | [HAOS ROLL] k=10  λ=0.4  rb  kmeans  ails2  P≈0.001402
02:05:35 | i 39 | [Phase 1/3] decompose  0.37s / — / —  λ=0.4  rb kmeans
02:06:03 | i 39 | [Phase 2/3] route  27.77s / 24.48s / 113.4%  ails2  k=10
02:06:34 | i 38 | [ ASYNC BG] bg_ails  81.60s / 78.65s / 103.8%
02:06:34 | i 39 | [HAOS ROLL] k=10  λ=0.4  rb  kmeans  ails2  P≈0.001402
02:06:35 | i 39 | [ Summary ] cost=154890.00  Δ_S*=+0.03%  Δ_BKS=+0.15%  Δ_S*_BKS=+0.13%  no_improve=57
02:06:35 | i 40 | [HAOS ROLL] k=8  λ=0.2  rb  ac_avg  ails2  P≈0.001295
02:06:35 | i 40 | [Phase 1/3] decompose  0.38s / — / —  λ=0.2  rb ac_avg
02:07:10 | i 40 | [Phase 2/3] route  34.77s / 33.66s / 103.3%  ails2  k=8
02:07:38 | i 39 | [ ASYNC BG] bg_ails  63.73s / 60.00s / 106.2%
02:07:38 | i 40 | [HAOS ROLL] k=8  λ=0.2  rb  ac_avg  ails2  P≈0.001295
02:07:38 | i 40 | [ Summary ] cost=154894.00  Δ_S*=+0.03%  Δ_BKS=+0.16%  Δ_S*_BKS=+0.13%  no_improve=59
02:07:38 | i 41 | [HAOS ROLL] k=6  λ=0.8  rb  ac_avg  filo  P≈0.000432
02:07:39 | i 41 | [Phase 1/3] decompose  0.39s / — / —  λ=0.8  rb ac_avg
02:08:16 | i 41 | [Phase 2/3] route  37.13s / 36.72s / 101.1%  filo  k=6
02:08:42 | i 40 | [ ASYNC BG] bg_ails  63.68s / 60.00s / 106.1%
02:08:42 | i 41 | [HAOS ROLL] k=6  λ=0.8  rb  ac_avg  filo  P≈0.000432
02:08:42 | i 41 | [ Summary ] cost=154956.00  Δ_S*=+0.07%  Δ_BKS=+0.20%  Δ_S*_BKS=+0.13%  no_improve=61
02:08:42 | i 42 | [HAOS ROLL] k=10  λ=0.2  vb  kmedoids  ails2  P≈0.001637
02:08:43 | i 42 | [Phase 1/3] decompose  0.56s / — / —  λ=0.2  vb kmedoids
02:09:19 | i 42 | [Phase 2/3] route  36.82s / 26.28s / 140.1%  ails2  k=10
02:09:46 | i 41 | [ ASYNC BG] bg_ails  63.76s / 60.00s / 106.3%
02:09:46 | i 42 | [HAOS ROLL] k=10  λ=0.2  vb  kmedoids  ails2  P≈0.001637
02:09:46 | i 42 | [ Summary ] cost=158694.00  Δ_S*=+2.48%  Δ_BKS=+2.61%  Δ_S*_BKS=+0.13%  no_improve=63
02:09:46 | i 43 | [HAOS ROLL] k=12  λ=0.8  vb  ac_avg  filo2  P≈0.000243
02:09:46 | i 43 | [Phase 1/3] decompose  0.55s / — / —  λ=0.8  vb ac_avg
02:10:27 | i 43 | [Phase 2/3] route  40.13s / 29.58s / 135.7%  filo2  k=12
02:10:49 | i 42 | [ ASYNC BG] bg_ails  63.78s / 60.00s / 106.3%
02:10:49 | i 43 | [HAOS ROLL] k=12  λ=0.8  vb  ac_avg  filo2  P≈0.000243
02:10:50 | i 43 | [ Summary ] cost=159971.00  Δ_S*=+3.31%  Δ_BKS=+3.44%  Δ_S*_BKS=+0.13%  no_improve=65
02:10:50 | i 44 | [HAOS ROLL] k=6  λ=0.4  rb  kmeans  ails2  P≈0.002617
02:10:50 | i 44 | [Phase 1/3] decompose  0.40s / — / —  λ=0.4  rb kmeans
02:11:24 | i 44 | [Phase 2/3] route  33.77s / 32.64s / 103.5%  ails2  k=6
02:11:53 | i 43 | [ ASYNC BG] bg_ails  63.65s / 60.00s / 106.1%
02:11:53 | i 44 | [HAOS ROLL] k=6  λ=0.4  rb  kmeans  ails2  P≈0.002617
02:11:53 | i 44 | [ Summary ] cost=154953.00  Δ_S*=+0.07%  Δ_BKS=+0.19%  Δ_S*_BKS=+0.13%  no_improve=67
02:11:53 | i 45 | [HAOS ROLL] k=10  λ=0.4  vb  ac_avg  filo2  P≈0.001335
02:11:54 | i 45 | [Phase 1/3] decompose  0.58s / — / —  λ=0.4  vb ac_avg
02:12:35 | i 45 | [Phase 2/3] route  41.14s / 29.58s / 139.1%  filo2  k=10
02:12:57 | i 44 | [ ASYNC BG] bg_ails  63.80s / 60.00s / 106.3%
02:12:57 | i 45 | [HAOS ROLL] k=10  λ=0.4  vb  ac_avg  filo2  P≈0.001335
02:12:57 | i 45 | [ Summary ] cost=159887.00  Δ_S*=+3.25%  Δ_BKS=+3.39%  Δ_S*_BKS=+0.13%  no_improve=69
02:12:57 | i 46 | [HAOS ROLL] k=3  λ=0.0  vb  ac_avg  filo2  P≈0.000624
02:12:58 | i 46 | [Phase 1/3] decompose  0.48s / — / —  λ=0.0  vb ac_avg
02:14:20 | i 46 | [Phase 2/3] route  82.19s / 82.14s / 100.1%  filo2  k=3
02:14:20 | i 45 | [ ASYNC BG] bg_ails  63.80s / 60.00s / 106.3%
02:14:20 | i 46 | [HAOS ROLL] k=3  λ=0.0  vb  ac_avg  filo2  P≈0.000624
02:14:20 | i 46 | [ Summary ] cost=155703.00  Δ_S*=+0.55%  Δ_BKS=+0.68%  Δ_S*_BKS=+0.13%  no_improve=71
02:14:20 | i 47 | [HAOS ROLL] k=6  λ=1.0  vb  kmedoids  ails2  P≈0.002104
02:14:20 | i 47 | [Phase 1/3] decompose  0.50s / — / —  λ=1.0  vb kmedoids
02:14:48 | i 47 | [Phase 2/3] route  27.72s / 26.46s / 104.8%  ails2  k=6
02:15:44 | i 46 | [ ASYNC BG] bg_ails  83.98s / 80.17s / 104.8%
02:15:44 | i 47 | [HAOS ROLL] k=6  λ=1.0  vb  kmedoids  ails2  P≈0.002104
02:15:44 | i 47 | [ Summary ] cost=156963.00  Δ_S*=+1.36%  Δ_BKS=+1.49%  Δ_S*_BKS=+0.13%  no_improve=73
02:15:44 | i 48 | [HAOS ROLL] k=4  λ=0.0  vb  fcm  ails2  P≈0.000936
02:15:44 | i 48 | [Phase 1/3] decompose  0.32s / — / —  λ=0.0  vb fcm
02:16:40 | i 48 | [Phase 2/3] route  55.26s / 53.04s / 104.2%  ails2  k=4
02:16:48 | i 47 | [ ASYNC BG] bg_ails  63.94s / 60.00s / 106.6%
02:16:48 | i 48 | [HAOS ROLL] k=4  λ=0.0  vb  fcm  ails2  P≈0.000936
02:16:48 | i 48 | [ Summary ] cost=155912.00  Δ_S*=+0.69%  Δ_BKS=+0.81%  Δ_S*_BKS=+0.13%  no_improve=75
02:16:48 | i 49 | [HAOS ROLL] k=2  λ=0.4  vb  fcm  pyvrp  P≈0.000346
02:16:48 | i 49 | [Phase 1/3] decompose  0.39s / — / —  λ=0.4  vb fcm
02:18:13 | i 49 | [Phase 2/3] route  85.03s / 79.50s / 106.9%  pyvrp  k=2
02:18:13 | i 48 | [ ASYNC BG] bg_ails  63.94s / 60.00s / 106.6%
02:18:13 | i 49 | [HAOS ROLL] k=2  λ=0.4  vb  fcm  pyvrp  P≈0.000346
02:18:13 | i 49 | [ Summary ] cost=156267.00  Δ_S*=+0.91%  Δ_BKS=+1.04%  Δ_S*_BKS=+0.13%  no_improve=77
02:18:13 | i 50 | [HAOS ROLL] k=8  λ=0.0  rb  ac_complete  pyvrp  P≈0.000268
02:18:14 | i 50 | [Phase 1/3] decompose  0.27s / — / —  λ=0.0  rb ac_complete
02:18:49 | i 50 | [Phase 2/3] route  34.90s / 33.66s / 103.7%  pyvrp  k=8
02:19:34 | i 49 | [ ASYNC BG] bg_ails  81.02s / 77.59s / 104.4%
02:19:34 | i 50 | [HAOS ROLL] k=8  λ=0.0  rb  ac_complete  pyvrp  P≈0.000268
02:19:35 | i 50 | [ Summary ] cost=155824.00  Δ_S*=+0.63%  Δ_BKS=+0.76%  Δ_S*_BKS=+0.13%  no_improve=79
02:19:35 | i 51 | [HAOS ROLL] k=10  λ=0.0  vb  kmedoids  ails2  P≈0.002425
02:19:35 | i 51 | [Phase 1/3] decompose  0.47s / — / —  λ=0.0  vb kmedoids
02:20:12 | i 51 | [Phase 2/3] route  37.13s / 26.28s / 141.3%  ails2  k=10
02:20:38 | i 50 | [ ASYNC BG] bg_ails  64.05s / 60.00s / 106.8%
02:20:38 | i 51 | [HAOS ROLL] k=10  λ=0.0  vb  kmedoids  ails2  P≈0.002425
02:20:39 | i 51 | [ Summary ] cost=158622.00  Δ_S*=+2.44%  Δ_BKS=+2.57%  Δ_S*_BKS=+0.13%  no_improve=81
02:20:39 | i 52 | [HAOS ROLL] k=3  λ=0.4  vb  ac_avg  filo2  P≈0.001328
02:20:39 | i 52 | [Phase 1/3] decompose  0.55s / — / —  λ=0.4  vb ac_avg
02:22:01 | i 52 | [Phase 2/3] route  82.19s / 82.14s / 100.1%  filo2  k=3
02:22:01 | i 51 | [ ASYNC BG] bg_ails  64.07s / 60.00s / 106.8%
02:22:01 | i 52 | [HAOS ROLL] k=3  λ=0.4  vb  ac_avg  filo2  P≈0.001328
02:22:02 | i 52 | [ Summary ] cost=155616.00  Δ_S*=+0.49%  Δ_BKS=+0.62%  Δ_S*_BKS=+0.13%  no_improve=83
02:22:02 | i 53 | [HAOS ROLL] k=12  λ=0.0  rb  kmeans  filo  P≈0.000203
02:22:02 | i 53 | [Phase 1/3] decompose  0.32s / — / —  λ=0.0  rb kmeans
02:22:29 | i 53 | [Phase 2/3] route  27.10s / 18.36s / 147.6%  filo  k=12
02:23:25 | i 52 | [ ASYNC BG] bg_ails  83.63s / 80.17s / 104.3%
02:23:25 | i 53 | [HAOS ROLL] k=12  λ=0.0  rb  kmeans  filo  P≈0.000203
02:23:25 | i 53 | [ Summary ] cost=154894.00  Δ_S*=+0.03%  Δ_BKS=+0.16%  Δ_S*_BKS=+0.13%  no_improve=85
02:23:25 | i 54 | [HAOS ROLL] k=10  λ=0.2  vb  kmedoids  filo2  P≈0.000858
02:23:26 | i 54 | [Phase 1/3] decompose  0.73s / — / —  λ=0.2  vb kmedoids
02:24:00 | i 54 | [Phase 2/3] route  34.14s / 26.28s / 129.9%  filo2  k=10
02:24:29 | i 53 | [ ASYNC BG] bg_ails  63.82s / 60.00s / 106.4%
02:24:29 | i 54 | [HAOS ROLL] k=10  λ=0.2  vb  kmedoids  filo2  P≈0.000858
02:24:29 | i 54 | [ Summary ] cost=158738.00  Δ_S*=+2.51%  Δ_BKS=+2.64%  Δ_S*_BKS=+0.13%  no_improve=87
02:24:29 | i 55 | [HAOS ROLL] k=8  λ=1.0  vb  ac_complete  ails2  P≈0.000545
02:24:30 | i 55 | [Phase 1/3] decompose  0.54s / — / —  λ=1.0  vb ac_complete
02:25:01 | i 55 | [Phase 2/3] route  31.76s / 28.08s / 113.1%  ails2  k=8
02:25:33 | i 54 | [ ASYNC BG] bg_ails  63.89s / 60.00s / 106.5%
02:25:33 | i 55 | [HAOS ROLL] k=8  λ=1.0  vb  ac_complete  ails2  P≈0.000545
02:25:33 | i 55 | [ Summary ] cost=159464.00  Δ_S*=+2.98%  Δ_BKS=+3.11%  Δ_S*_BKS=+0.13%  no_improve=89
02:25:33 | i 56 | [HAOS ROLL] k=4  λ=0.0  rb  ac_complete  ails2  P≈0.001197
02:25:33 | i 56 | [Phase 1/3] decompose  0.32s / — / —  λ=0.0  rb ac_complete
02:26:29 | i 56 | [Phase 2/3] route  55.37s / 53.04s / 104.4%  ails2  k=4
02:26:37 | i 55 | [ ASYNC BG] bg_ails  64.14s / 60.00s / 106.9%
02:26:37 | i 56 | [HAOS ROLL] k=4  λ=0.0  rb  ac_complete  ails2  P≈0.001197
02:26:37 | i 56 | [ Summary ] cost=154998.00  Δ_S*=+0.09%  Δ_BKS=+0.22%  Δ_S*_BKS=+0.13%  no_improve=91
02:26:37 | i 40 | [ASYNC 1/2] sp_sc  729.12s / 720.00s / 101.3%  SP  avg_coverage=54.78/5  pool=7193
02:26:37 | i 40 | [ASYNC 2/2] standard_ails  363.77s / 360.00s / 101.0%
02:27:14 | i 40 | [ IMPROVE ] 154811.00  via standard_ails  ·  Δ_BKS=+0.10%
02:27:14 | i 57 | [HAOS ROLL] k=8  λ=0.4  rb  ac_complete  ails2  P≈0.001904
02:27:14 | i 57 | [Phase 1/3] decompose  0.36s / — / —  λ=0.4  rb ac_complete
02:27:44 | i 57 | [Phase 2/3] route  29.75s / 26.52s / 112.2%  ails2  k=8
02:27:44 | i 56 | [ ASYNC BG] bg_ails  63.48s / 60.00s / 105.8%
02:27:44 | i 57 | [HAOS ROLL] k=8  λ=0.4  rb  ac_complete  ails2  P≈0.001904
02:27:44 | i 57 | [ Summary ] cost=154869.00  Δ_S*=+0.04%  Δ_BKS=+0.14%  Δ_S*_BKS=+0.10%  no_improve=2
02:27:44 | i 58 | [HAOS ROLL] k=12  λ=0.0  vb  kmeans  filo2  P≈0.000583
02:27:45 | i 58 | [Phase 1/3] decompose  0.31s / — / —  λ=0.0  vb kmeans
02:28:12 | i 58 | [Phase 2/3] route  27.13s / 22.68s / 119.6%  filo2  k=12
02:28:48 | i 57 | [ ASYNC BG] bg_ails  63.88s / 60.00s / 106.5%
02:28:48 | i 58 | [HAOS ROLL] k=12  λ=0.0  vb  kmeans  filo2  P≈0.000583
02:28:48 | i 58 | [ Summary ] cost=162097.00  Δ_S*=+4.71%  Δ_BKS=+4.81%  Δ_S*_BKS=+0.10%  no_improve=4
02:28:48 | i 59 | [HAOS ROLL] k=8  λ=0.0  vb  kmeans  filo2  P≈0.001758
02:28:48 | i 59 | [Phase 1/3] decompose  0.31s / — / —  λ=0.0  vb kmeans
02:29:19 | i 59 | [Phase 2/3] route  31.13s / 26.04s / 119.5%  filo2  k=8
02:29:52 | i 58 | [ ASYNC BG] bg_ails  64.10s / 60.00s / 106.8%
02:29:52 | i 59 | [HAOS ROLL] k=8  λ=0.0  vb  kmeans  filo2  P≈0.001758
02:29:52 | i 59 | [ Summary ] cost=158403.00  Δ_S*=+2.32%  Δ_BKS=+2.43%  Δ_S*_BKS=+0.10%  no_improve=6
02:29:52 | i 60 | [HAOS ROLL] k=8  λ=0.2  vb  fcm  filo2  P≈0.000630
02:29:53 | i 60 | [Phase 1/3] decompose  0.60s / — / —  λ=0.2  vb fcm
02:30:28 | i 60 | [Phase 2/3] route  35.13s / 26.40s / 133.1%  filo2  k=8
02:30:56 | i 59 | [ ASYNC BG] bg_ails  63.95s / 60.00s / 106.6%
02:30:56 | i 60 | [HAOS ROLL] k=8  λ=0.2  vb  fcm  filo2  P≈0.000630
02:30:56 | i 60 | [ Summary ] cost=157806.00  Δ_S*=+1.93%  Δ_BKS=+2.04%  Δ_S*_BKS=+0.10%  no_improve=8
02:30:56 | i 61 | [HAOS ROLL] k=8  λ=0.8  rb  ac_avg  filo2  P≈0.000728
02:30:56 | i 61 | [Phase 1/3] decompose  0.41s / — / —  λ=0.8  rb ac_avg
02:31:36 | i 61 | [Phase 2/3] route  39.13s / 33.66s / 116.2%  filo2  k=8
02:32:00 | i 60 | [ ASYNC BG] bg_ails  63.79s / 60.00s / 106.3%
02:32:00 | i 61 | [HAOS ROLL] k=8  λ=0.8  rb  ac_avg  filo2  P≈0.000728
02:32:00 | i 61 | [ Summary ] cost=154902.00  Δ_S*=+0.06%  Δ_BKS=+0.16%  Δ_S*_BKS=+0.10%  no_improve=10
02:32:00 | i 62 | [HAOS ROLL] k=3  λ=0.6  rb  ac_avg  filo2  P≈0.000554
02:32:01 | i 62 | [Phase 1/3] decompose  0.41s / — / —  λ=0.6  rb ac_avg
02:33:23 | i 62 | [Phase 2/3] route  82.20s / 81.60s / 100.7%  filo2  k=3
02:33:23 | i 61 | [ ASYNC BG] bg_ails  63.86s / 60.00s / 106.4%
02:33:23 | i 62 | [HAOS ROLL] k=3  λ=0.6  rb  ac_avg  filo2  P≈0.000554
02:33:23 | i 62 | [ Summary ] cost=154938.00  Δ_S*=+0.08%  Δ_BKS=+0.18%  Δ_S*_BKS=+0.10%  no_improve=12
02:33:23 | i 63 | [HAOS ROLL] k=8  λ=0.0  vb  kmedoids  ails2  P≈0.002453
02:33:24 | i 63 | [Phase 1/3] decompose  0.49s / — / —  λ=0.0  vb kmedoids
02:34:00 | i 63 | [Phase 2/3] route  35.91s / 26.28s / 136.6%  ails2  k=8
02:34:46 | i 62 | [ ASYNC BG] bg_ails  83.10s / 79.64s / 104.3%
02:34:46 | i 63 | [HAOS ROLL] k=8  λ=0.0  vb  kmedoids  ails2  P≈0.002453
02:34:47 | i 63 | [ Summary ] cost=158640.00  Δ_S*=+2.47%  Δ_BKS=+2.58%  Δ_S*_BKS=+0.10%  no_improve=14
02:34:47 | i 64 | [HAOS ROLL] k=8  λ=0.6  vb  kmeans  filo2  P≈0.001487
02:34:47 | i 64 | [Phase 1/3] decompose  0.39s / — / —  λ=0.6  vb kmeans
02:35:11 | i 64 | [Phase 2/3] route  24.12s / 24.42s / 98.8%  filo2  k=8
02:35:50 | i 63 | [ ASYNC BG] bg_ails  63.60s / 60.00s / 106.0%
02:35:50 | i 64 | [HAOS ROLL] k=8  λ=0.6  vb  kmeans  filo2  P≈0.001487
02:35:50 | i 64 | [ Summary ] cost=158644.00  Δ_S*=+2.48%  Δ_BKS=+2.58%  Δ_S*_BKS=+0.10%  no_improve=16
02:35:50 | i 65 | [HAOS ROLL] k=2  λ=0.0  vb  ac_avg  filo2  P≈0.001380
02:35:51 | i 65 | [Phase 1/3] decompose  0.48s / — / —  λ=0.0  vb ac_avg
02:37:13 | i 65 | [Phase 2/3] route  82.19s / 82.14s / 100.1%  filo2  k=2
02:37:13 | i 64 | [ ASYNC BG] bg_ails  64.19s / 60.00s / 107.0%
02:37:13 | i 65 | [HAOS ROLL] k=2  λ=0.0  vb  ac_avg  filo2  P≈0.001380
02:37:13 | i 65 | [ Summary ] cost=155135.00  Δ_S*=+0.21%  Δ_BKS=+0.31%  Δ_S*_BKS=+0.10%  no_improve=18
02:37:13 | i 66 | [HAOS ROLL] k=4  λ=0.4  vb  kmedoids  ails2  P≈0.001150
02:37:14 | i 66 | [Phase 1/3] decompose  0.79s / — / —  λ=0.4  vb kmedoids
02:38:10 | i 66 | [Phase 2/3] route  56.16s / 54.00s / 104.0%  ails2  k=4
02:38:37 | i 65 | [ ASYNC BG] bg_ails  83.81s / 80.17s / 104.5%
02:38:37 | i 66 | [HAOS ROLL] k=4  λ=0.4  vb  kmedoids  ails2  P≈0.001150
02:38:37 | i 66 | [ Summary ] cost=156155.00  Δ_S*=+0.87%  Δ_BKS=+0.97%  Δ_S*_BKS=+0.10%  no_improve=20
02:38:37 | i 67 | [HAOS ROLL] k=10  λ=1.0  vb  fcm  pyvrp  P≈0.000338
02:38:38 | i 67 | [Phase 1/3] decompose  0.53s / — / —  λ=1.0  vb fcm
02:39:04 | i 67 | [Phase 2/3] route  26.63s / 16.92s / 157.4%  pyvrp  k=10
02:39:40 | i 66 | [ ASYNC BG] bg_ails  63.67s / 60.00s / 106.1%
02:39:41 | i 67 | [HAOS ROLL] k=10  λ=1.0  vb  fcm  pyvrp  P≈0.000338
02:39:41 | i 67 | [ Summary ] cost=160260.00  Δ_S*=+3.52%  Δ_BKS=+3.63%  Δ_S*_BKS=+0.10%  no_improve=22
02:39:41 | i 68 | [HAOS ROLL] k=4  λ=0.0  rb  ac_complete  filo  P≈0.000224
02:39:41 | i 68 | [Phase 1/3] decompose  0.29s / — / —  λ=0.0  rb ac_complete
02:40:30 | i 68 | [Phase 2/3] route  49.12s / 48.96s / 100.3%  filo  k=4
02:40:44 | i 67 | [ ASYNC BG] bg_ails  63.80s / 60.00s / 106.3%
02:40:44 | i 68 | [HAOS ROLL] k=4  λ=0.0  rb  ac_complete  filo  P≈0.000224
02:40:45 | i 68 | [ Summary ] cost=154965.00  Δ_S*=+0.10%  Δ_BKS=+0.20%  Δ_S*_BKS=+0.10%  no_improve=24
02:40:45 | i 69 | [HAOS ROLL] k=10  λ=0.0  vb  kmedoids  ails2  P≈0.003413
02:40:45 | i 69 | [Phase 1/3] decompose  0.43s / — / —  λ=0.0  vb kmedoids
02:41:22 | i 69 | [Phase 2/3] route  36.93s / 26.28s / 140.5%  ails2  k=10
02:41:48 | i 68 | [ ASYNC BG] bg_ails  63.63s / 60.00s / 106.1%
02:41:48 | i 69 | [HAOS ROLL] k=10  λ=0.0  vb  kmedoids  ails2  P≈0.003413
02:41:48 | i 69 | [ Summary ] cost=158610.00  Δ_S*=+2.45%  Δ_BKS=+2.56%  Δ_S*_BKS=+0.10%  no_improve=26
02:41:48 | i 70 | [HAOS ROLL] k=8  λ=0.4  rb  ac_complete  ails2  P≈0.002633
02:41:49 | i 70 | [Phase 1/3] decompose  0.38s / — / —  λ=0.4  rb ac_complete
02:42:19 | i 70 | [Phase 2/3] route  29.84s / 26.52s / 112.5%  ails2  k=8
02:42:52 | i 69 | [ ASYNC BG] bg_ails  63.69s / 60.00s / 106.2%
02:42:52 | i 70 | [HAOS ROLL] k=8  λ=0.4  rb  ac_complete  ails2  P≈0.002633
02:42:52 | i 70 | [ Summary ] cost=154870.00  Δ_S*=+0.04%  Δ_BKS=+0.14%  Δ_S*_BKS=+0.10%  no_improve=28
02:42:52 | i 71 | [HAOS ROLL] k=8  λ=0.8  vb  kmeans  filo2  P≈0.001209
02:42:52 | i 71 | [Phase 1/3] decompose  0.39s / — / —  λ=0.8  vb kmeans
02:43:23 | i 71 | [Phase 2/3] route  30.13s / 26.04s / 115.7%  filo2  k=8
02:43:55 | i 70 | [ ASYNC BG] bg_ails  63.63s / 60.00s / 106.0%
02:43:56 | i 71 | [HAOS ROLL] k=8  λ=0.8  vb  kmeans  filo2  P≈0.001209
02:43:56 | i 71 | [ Summary ] cost=157986.00  Δ_S*=+2.05%  Δ_BKS=+2.16%  Δ_S*_BKS=+0.10%  no_improve=30
02:43:56 | i 72 | [HAOS ROLL] k=10  λ=0.4  rb  ac_complete  ails2  P≈0.003434
02:43:56 | i 72 | [Phase 1/3] decompose  0.39s / — / —  λ=0.4  rb ac_complete
02:44:26 | i 72 | [Phase 2/3] route  29.79s / 24.48s / 121.7%  ails2  k=10
02:44:59 | i 71 | [ ASYNC BG] bg_ails  63.81s / 60.00s / 106.4%
02:44:59 | i 72 | [HAOS ROLL] k=10  λ=0.4  rb  ac_complete  ails2  P≈0.003434
02:44:59 | i 72 | [ Summary ] cost=154853.00  Δ_S*=+0.03%  Δ_BKS=+0.13%  Δ_S*_BKS=+0.10%  no_improve=32
02:44:59 | i 73 | [HAOS ROLL] k=8  λ=0.8  vb  kmeans  ails2  P≈0.002466
02:45:00 | i 73 | [Phase 1/3] decompose  0.39s / — / —  λ=0.8  vb kmeans
02:45:28 | i 73 | [Phase 2/3] route  27.86s / 26.04s / 107.0%  ails2  k=8
02:46:03 | i 72 | [ ASYNC BG] bg_ails  63.78s / 60.00s / 106.3%
02:46:03 | i 73 | [HAOS ROLL] k=8  λ=0.8  vb  kmeans  ails2  P≈0.002466
02:46:03 | i 73 | [ Summary ] cost=158787.00  Δ_S*=+2.57%  Δ_BKS=+2.67%  Δ_S*_BKS=+0.10%  no_improve=34
02:46:03 | i 74 | [HAOS ROLL] k=3  λ=1.0  vb  kmeans  filo  P≈0.000316
02:46:04 | i 74 | [Phase 1/3] decompose  0.39s / — / —  λ=1.0  vb kmeans
02:47:16 | i 74 | [Phase 2/3] route  72.18s / 72.30s / 99.8%  filo  k=3
02:47:16 | i 73 | [ ASYNC BG] bg_ails  64.16s / 60.00s / 106.9%
02:47:16 | i 74 | [HAOS ROLL] k=3  λ=1.0  vb  kmeans  filo  P≈0.000316
02:47:16 | i 74 | [ Summary ] cost=155622.00  Δ_S*=+0.52%  Δ_BKS=+0.63%  Δ_S*_BKS=+0.10%  no_improve=36
02:47:16 | i 57 | [ASYNC 1/2] sp_sc  733.29s / 720.00s / 101.8%  SP  avg_coverage=72.55/5  pool=9516
02:47:16 | i 57 | [ASYNC 2/2] standard_ails  363.55s / 360.00s / 101.0%
02:48:06 | i 75 | [HAOS ROLL] k=8  λ=0.6  vb  kmedoids  filo  P≈0.000372
02:48:06 | i 75 | [Phase 1/3] decompose  0.55s / — / —  λ=0.6  vb kmedoids
02:48:41 | i 75 | [Phase 2/3] route  35.12s / 26.28s / 133.6%  filo  k=8
02:48:41 | i 74 | [ ASYNC BG] bg_ails  73.68s / 70.56s / 104.4%
02:48:42 | i 75 | [HAOS ROLL] k=8  λ=0.6  vb  kmedoids  filo  P≈0.000372
02:48:42 | i 75 | [ Summary ] cost=158662.00  Δ_S*=+2.49%  Δ_BKS=+2.59%  Δ_S*_BKS=+0.10%  no_improve=39
02:48:42 | i 76 | [HAOS ROLL] k=10  λ=0.4  vb  ac_complete  filo  P≈0.000530
02:48:43 | i 76 | [Phase 1/3] decompose  0.54s / — / —  λ=0.4  vb ac_complete
02:49:13 | i 76 | [Phase 2/3] route  30.14s / 26.22s / 114.9%  filo  k=10
02:49:45 | i 75 | [ ASYNC BG] bg_ails  64.06s / 60.00s / 106.8%
02:49:46 | i 76 | [HAOS ROLL] k=10  λ=0.4  vb  ac_complete  filo  P≈0.000530
02:49:46 | i 76 | [ Summary ] cost=160821.00  Δ_S*=+3.88%  Δ_BKS=+3.99%  Δ_S*_BKS=+0.10%  no_improve=41
02:49:46 | i 77 | [HAOS ROLL] k=8  λ=0.0  rb  ac_complete  filo2  P≈0.002831
02:49:46 | i 77 | [Phase 1/3] decompose  0.31s / — / —  λ=0.0  rb ac_complete
02:50:14 | i 77 | [Phase 2/3] route  27.13s / 26.52s / 102.3%  filo2  k=8
02:50:49 | i 76 | [ ASYNC BG] bg_ails  64.07s / 60.00s / 106.8%
02:50:50 | i 77 | [HAOS ROLL] k=8  λ=0.0  rb  ac_complete  filo2  P≈0.002831
02:50:50 | i 77 | [ Summary ] cost=154878.00  Δ_S*=+0.04%  Δ_BKS=+0.15%  Δ_S*_BKS=+0.10%  no_improve=43
02:50:50 | i 78 | [HAOS ROLL] k=8  λ=0.2  vb  kmeans  pyvrp  P≈0.000954
02:50:51 | i 78 | [Phase 1/3] decompose  0.38s / — / —  λ=0.2  vb kmeans
02:51:17 | i 78 | [Phase 2/3] route  26.30s / 24.66s / 106.7%  pyvrp  k=8
02:51:53 | i 77 | [ ASYNC BG] bg_ails  63.68s / 60.00s / 106.1%
02:51:54 | i 78 | [HAOS ROLL] k=8  λ=0.2  vb  kmeans  pyvrp  P≈0.000954
02:51:54 | i 78 | [ Summary ] cost=159212.00  Δ_S*=+2.84%  Δ_BKS=+2.95%  Δ_S*_BKS=+0.10%  no_improve=45
02:51:54 | i 79 | [HAOS ROLL] k=10  λ=0.4  vb  kmeans  ails2  P≈0.005545
02:51:54 | i 79 | [Phase 1/3] decompose  0.38s / — / —  λ=0.4  vb kmeans
02:52:26 | i 79 | [Phase 2/3] route  31.92s / 24.60s / 129.8%  ails2  k=10
02:52:57 | i 78 | [ ASYNC BG] bg_ails  64.05s / 60.00s / 106.8%
02:52:58 | i 79 | [HAOS ROLL] k=10  λ=0.4  vb  kmeans  ails2  P≈0.005545
02:52:58 | i 79 | [ Summary ] cost=158586.00  Δ_S*=+2.44%  Δ_BKS=+2.54%  Δ_S*_BKS=+0.10%  no_improve=47
02:52:58 | i 80 | [HAOS ROLL] k=10  λ=0.4  vb  kmedoids  ails2  P≈0.003623
02:52:58 | i 80 | [Phase 1/3] decompose  0.57s / — / —  λ=0.4  vb kmedoids
02:53:36 | i 80 | [Phase 2/3] route  37.11s / 26.28s / 141.2%  ails2  k=10
02:54:01 | i 79 | [ ASYNC BG] bg_ails  63.91s / 60.00s / 106.5%
02:54:02 | i 80 | [HAOS ROLL] k=10  λ=0.4  vb  kmedoids  ails2  P≈0.003623
02:54:02 | i 80 | [ Summary ] cost=158613.00  Δ_S*=+2.46%  Δ_BKS=+2.56%  Δ_S*_BKS=+0.10%  no_improve=49
02:54:02 | i 81 | [HAOS ROLL] k=10  λ=0.0  vb  ac_complete  ails2  P≈0.002295
02:54:02 | i 81 | [Phase 1/3] decompose  0.46s / — / —  λ=0.0  vb ac_complete
02:54:34 | i 81 | [Phase 2/3] route  32.01s / 26.22s / 122.1%  ails2  k=10
02:55:05 | i 80 | [ ASYNC BG] bg_ails  64.03s / 60.00s / 106.7%
02:55:06 | i 81 | [HAOS ROLL] k=10  λ=0.0  vb  ac_complete  ails2  P≈0.002295
02:55:06 | i 81 | [ Summary ] cost=160809.00  Δ_S*=+3.87%  Δ_BKS=+3.98%  Δ_S*_BKS=+0.10%  no_improve=51
02:55:06 | i 82 | [HAOS ROLL] k=8  λ=1.0  rb  ac_complete  pyvrp  P≈0.000904
02:55:06 | i 82 | [Phase 1/3] decompose  0.38s / — / —  λ=1.0  rb ac_complete
02:55:34 | i 82 | [Phase 2/3] route  28.25s / 26.52s / 106.5%  pyvrp  k=8
02:56:09 | i 81 | [ ASYNC BG] bg_ails  63.68s / 60.00s / 106.1%
02:56:09 | i 82 | [HAOS ROLL] k=8  λ=1.0  rb  ac_complete  pyvrp  P≈0.000904
02:56:10 | i 82 | [ Summary ] cost=155635.00  Δ_S*=+0.53%  Δ_BKS=+0.64%  Δ_S*_BKS=+0.10%  no_improve=53
02:56:10 | i 83 | [HAOS ROLL] k=10  λ=0.0  vb  ac_avg  ails2  P≈0.004629
02:56:10 | i 83 | [Phase 1/3] decompose  0.45s / — / —  λ=0.0  vb ac_avg
02:56:54 | i 83 | [Phase 2/3] route  44.21s / 29.58s / 149.5%  ails2  k=10
02:57:13 | i 82 | [ ASYNC BG] bg_ails  63.79s / 60.00s / 106.3%
02:57:13 | i 83 | [HAOS ROLL] k=10  λ=0.0  vb  ac_avg  ails2  P≈0.004629
02:57:13 | i 83 | [ Summary ] cost=159842.00  Δ_S*=+3.25%  Δ_BKS=+3.36%  Δ_S*_BKS=+0.10%  no_improve=55
02:57:13 | i 84 | [HAOS ROLL] k=6  λ=0.0  rb  ac_complete  ails2  P≈0.001167
02:57:14 | i 84 | [Phase 1/3] decompose  0.29s / — / —  λ=0.0  rb ac_complete
02:57:46 | i 84 | [Phase 2/3] route  31.95s / 30.60s / 104.4%  ails2  k=6
02:58:16 | i 83 | [ ASYNC BG] bg_ails  63.65s / 60.00s / 106.1%
02:58:17 | i 84 | [HAOS ROLL] k=6  λ=0.0  rb  ac_complete  ails2  P≈0.001167
02:58:17 | i 84 | [ Summary ] cost=154874.00  Δ_S*=+0.04%  Δ_BKS=+0.14%  Δ_S*_BKS=+0.10%  no_improve=57
02:58:17 | i 85 | [HAOS ROLL] k=10  λ=1.0  vb  kmedoids  pyvrp  P≈0.001330
02:58:18 | i 85 | [Phase 1/3] decompose  0.56s / — / —  λ=1.0  vb kmedoids
02:58:53 | i 85 | [Phase 2/3] route  35.41s / 26.28s / 134.7%  pyvrp  k=10
02:59:20 | i 84 | [ ASYNC BG] bg_ails  63.72s / 60.00s / 106.2%
02:59:20 | i 85 | [HAOS ROLL] k=10  λ=1.0  vb  kmedoids  pyvrp  P≈0.001330
02:59:21 | i 85 | [ Summary ] cost=159271.00  Δ_S*=+2.88%  Δ_BKS=+2.99%  Δ_S*_BKS=+0.10%  no_improve=59
02:59:21 | i 86 | [HAOS ROLL] k=10  λ=0.4  vb  kmedoids  ails2  P≈0.005525
02:59:21 | i 86 | [Phase 1/3] decompose  0.56s / — / —  λ=0.4  vb kmedoids
02:59:58 | i 86 | [Phase 2/3] route  37.05s / 26.28s / 141.0%  ails2  k=10
03:00:24 | i 85 | [ ASYNC BG] bg_ails  63.83s / 60.00s / 106.4%
03:00:24 | i 86 | [HAOS ROLL] k=10  λ=0.4  vb  kmedoids  ails2  P≈0.005525
03:00:25 | i 86 | [ Summary ] cost=158633.00  Δ_S*=+2.47%  Δ_BKS=+2.57%  Δ_S*_BKS=+0.10%  no_improve=61
03:00:25 | i 87 | [HAOS ROLL] k=3  λ=1.0  rb  ac_complete  filo2  P≈0.000737
03:00:25 | i 87 | [Phase 1/3] decompose  0.38s / — / —  λ=1.0  rb ac_complete
03:01:40 | i 87 | [Phase 2/3] route  75.17s / 75.48s / 99.6%  filo2  k=3
03:01:40 | i 86 | [ ASYNC BG] bg_ails  63.73s / 60.00s / 106.2%
03:01:41 | i 87 | [HAOS ROLL] k=3  λ=1.0  rb  ac_complete  filo2  P≈0.000737
03:01:41 | i 87 | [ Summary ] cost=154960.00  Δ_S*=+0.10%  Δ_BKS=+0.20%  Δ_S*_BKS=+0.10%  no_improve=63
03:01:41 | i 88 | [HAOS ROLL] k=12  λ=0.6  vb  kmedoids  filo2  P≈0.000251
03:01:41 | i 88 | [Phase 1/3] decompose  0.50s / — / —  λ=0.6  vb kmedoids
03:02:19 | i 88 | [Phase 2/3] route  38.11s / 25.92s / 147.0%  filo2  k=12
03:02:57 | i 87 | [ ASYNC BG] bg_ails  76.72s / 73.67s / 104.1%
03:02:57 | i 88 | [HAOS ROLL] k=12  λ=0.6  vb  kmedoids  filo2  P≈0.000251
03:02:58 | i 88 | [ Summary ] cost=159825.00  Δ_S*=+3.24%  Δ_BKS=+3.34%  Δ_S*_BKS=+0.10%  no_improve=65
03:02:58 | i 89 | [HAOS ROLL] k=10  λ=0.0  vb  kmeans  filo2  P≈0.004816
03:02:58 | i 89 | [Phase 1/3] decompose  0.29s / — / —  λ=0.0  vb kmeans
03:03:27 | i 89 | [Phase 2/3] route  29.13s / 25.98s / 112.1%  filo2  k=10
03:04:01 | i 88 | [ ASYNC BG] bg_ails  63.97s / 60.00s / 106.6%
03:04:01 | i 89 | [HAOS ROLL] k=10  λ=0.0  vb  kmeans  filo2  P≈0.004816
03:04:02 | i 89 | [ Summary ] cost=159910.00  Δ_S*=+3.29%  Δ_BKS=+3.40%  Δ_S*_BKS=+0.10%  no_improve=67
03:04:02 | i 90 | [HAOS ROLL] k=12  λ=0.6  vb  kmeans  ails2  P≈0.000929
03:04:02 | i 90 | [Phase 1/3] decompose  0.41s / — / —  λ=0.6  vb kmeans
03:04:34 | i 90 | [Phase 2/3] route  31.98s / 16.56s / 193.1%  ails2  k=12
03:05:05 | i 89 | [ ASYNC BG] bg_ails  63.82s / 60.00s / 106.4%
03:05:05 | i 90 | [HAOS ROLL] k=12  λ=0.6  vb  kmeans  ails2  P≈0.000929
03:05:05 | i 90 | [ Summary ] cost=161616.00  Δ_S*=+4.40%  Δ_BKS=+4.50%  Δ_S*_BKS=+0.10%  no_improve=69
03:05:05 | i 91 | [HAOS ROLL] k=3  λ=0.8  vb  kmedoids  ails2  P≈0.000660
03:05:06 | i 91 | [Phase 1/3] decompose  0.71s / — / —  λ=0.8  vb kmedoids
03:06:23 | i 91 | [Phase 2/3] route  77.26s / 75.96s / 101.7%  ails2  k=3
03:06:23 | i 90 | [ ASYNC BG] bg_ails  64.30s / 60.00s / 107.2%
03:06:24 | i 91 | [HAOS ROLL] k=3  λ=0.8  vb  kmedoids  ails2  P≈0.000660
03:06:24 | i 91 | [ Summary ] cost=155746.00  Δ_S*=+0.60%  Δ_BKS=+0.71%  Δ_S*_BKS=+0.10%  no_improve=71
03:06:24 | i 92 | [HAOS ROLL] k=10  λ=0.0  vb  ac_complete  pyvrp  P≈0.001208
03:06:24 | i 92 | [Phase 1/3] decompose  0.46s / — / —  λ=0.0  vb ac_complete
03:06:55 | i 92 | [Phase 2/3] route  30.91s / 26.22s / 117.9%  pyvrp  k=10
03:07:41 | i 91 | [ ASYNC BG] bg_ails  77.84s / 74.14s / 105.0%
03:07:42 | i 92 | [HAOS ROLL] k=10  λ=0.0  vb  ac_complete  pyvrp  P≈0.001208
03:07:42 | i 92 | [ Summary ] cost=161574.00  Δ_S*=+4.37%  Δ_BKS=+4.48%  Δ_S*_BKS=+0.10%  no_improve=73
03:07:42 | i 75 | [ASYNC 1/2] sp_sc  736.10s / 720.00s / 102.2%  SP  avg_coverage=76.01/5  pool=10000
03:07:42 | i 75 | [ASYNC 2/2] standard_ails  363.57s / 360.00s / 101.0%
03:08:25 | i 93 | [HAOS ROLL] k=12  λ=0.6  vb  ac_complete  filo2  P≈0.000366
03:08:26 | i 93 | [Phase 1/3] decompose  0.50s / — / —  λ=0.6  vb ac_complete
03:08:59 | i 93 | [Phase 2/3] route  33.12s / 25.80s / 128.4%  filo2  k=12
03:08:59 | i 92 | [ ASYNC BG] bg_ails  63.60s / 60.00s / 106.0%
03:08:59 | i 93 | [HAOS ROLL] k=12  λ=0.6  vb  ac_complete  filo2  P≈0.000366
03:09:00 | i 93 | [ Summary ] cost=161781.00  Δ_S*=+4.50%  Δ_BKS=+4.61%  Δ_S*_BKS=+0.10%  no_improve=76
03:09:00 | i 94 | [HAOS ROLL] k=10  λ=0.6  rb  ac_complete  ails2  P≈0.002321
03:09:00 | i 94 | [Phase 1/3] decompose  0.39s / — / —  λ=0.6  rb ac_complete
03:09:30 | i 94 | [Phase 2/3] route  29.95s / 24.48s / 122.4%  ails2  k=10
03:10:03 | i 93 | [ ASYNC BG] bg_ails  64.26s / 60.00s / 107.1%
03:10:03 | i 94 | [HAOS ROLL] k=10  λ=0.6  rb  ac_complete  ails2  P≈0.002321
03:10:04 | i 94 | [ Summary ] cost=154850.00  Δ_S*=+0.03%  Δ_BKS=+0.13%  Δ_S*_BKS=+0.10%  no_improve=78
03:10:04 | i 95 | [HAOS ROLL] k=10  λ=0.8  vb  kmedoids  ails2  P≈0.003701
03:10:04 | i 95 | [Phase 1/3] decompose  0.57s / — / —  λ=0.8  vb kmedoids
03:10:42 | i 95 | [Phase 2/3] route  37.27s / 26.28s / 141.8%  ails2  k=10
03:11:07 | i 94 | [ ASYNC BG] bg_ails  64.10s / 60.00s / 106.8%
03:11:08 | i 95 | [HAOS ROLL] k=10  λ=0.8  vb  kmedoids  ails2  P≈0.003701
03:11:08 | i 95 | [ Summary ] cost=158682.00  Δ_S*=+2.50%  Δ_BKS=+2.61%  Δ_S*_BKS=+0.10%  no_improve=80
03:11:08 | i 96 | [HAOS ROLL] k=12  λ=0.4  vb  kmedoids  filo2  P≈0.001692
03:11:08 | i 96 | [Phase 1/3] decompose  0.54s / — / —  λ=0.4  vb kmedoids
03:11:47 | i 96 | [Phase 2/3] route  38.14s / 25.92s / 147.2%  filo2  k=12
03:12:11 | i 95 | [ ASYNC BG] bg_ails  64.00s / 60.00s / 106.7%
03:12:12 | i 96 | [HAOS ROLL] k=12  λ=0.4  vb  kmedoids  filo2  P≈0.001692
03:12:12 | i 96 | [ Summary ] cost=159778.00  Δ_S*=+3.21%  Δ_BKS=+3.31%  Δ_S*_BKS=+0.10%  no_improve=82
03:12:12 | i 97 | [HAOS ROLL] k=10  λ=0.8  vb  kmeans  ails2  P≈0.005388
03:12:12 | i 97 | [Phase 1/3] decompose  0.41s / — / —  λ=0.8  vb kmeans
03:12:45 | i 97 | [Phase 2/3] route  32.89s / 22.98s / 143.1%  ails2  k=10
03:13:15 | i 96 | [ ASYNC BG] bg_ails  64.05s / 60.00s / 106.8%
03:13:16 | i 97 | [HAOS ROLL] k=10  λ=0.8  vb  kmeans  ails2  P≈0.005388
03:13:16 | i 97 | [ Summary ] cost=159988.00  Δ_S*=+3.34%  Δ_BKS=+3.45%  Δ_S*_BKS=+0.10%  no_improve=84
03:13:16 | i 98 | [HAOS ROLL] k=10  λ=0.6  rb  ac_complete  filo2  P≈0.002167
03:13:16 | i 98 | [Phase 1/3] decompose  0.38s / — / —  λ=0.6  rb ac_complete
03:13:43 | i 98 | [Phase 2/3] route  27.12s / 24.48s / 110.8%  filo2  k=10
03:14:19 | i 97 | [ ASYNC BG] bg_ails  63.84s / 60.00s / 106.4%
03:14:20 | i 98 | [HAOS ROLL] k=10  λ=0.6  rb  ac_complete  filo2  P≈0.002167
03:14:20 | i 98 | [ Summary ] cost=154891.00  Δ_S*=+0.05%  Δ_BKS=+0.15%  Δ_S*_BKS=+0.10%  no_improve=86
03:14:20 | i 99 | [HAOS ROLL] k=10  λ=0.2  rb  ac_avg  pyvrp  P≈0.000294
03:14:20 | i 99 | [Phase 1/3] decompose  0.41s / — / —  λ=0.2  rb ac_avg
03:14:55 | i 99 | [Phase 2/3] route  35.22s / 33.66s / 104.6%  pyvrp  k=10
03:15:23 | i 98 | [ ASYNC BG] bg_ails  63.94s / 60.00s / 106.6%
03:15:24 | i 99 | [HAOS ROLL] k=10  λ=0.2  rb  ac_avg  pyvrp  P≈0.000294
03:15:24 | i 99 | [ Summary ] cost=155622.00  Δ_S*=+0.52%  Δ_BKS=+0.63%  Δ_S*_BKS=+0.10%  no_improve=88
03:15:24 | i 100 | [HAOS ROLL] k=6  λ=0.2  vb  ac_complete  filo2  P≈0.000223
03:15:24 | i 100 | [Phase 1/3] decompose  0.55s / — / —  λ=0.2  vb ac_complete
03:16:11 | i 100 | [Phase 2/3] route  47.14s / 47.28s / 99.7%  filo2  k=6
03:16:27 | i 99 | [ ASYNC BG] bg_ails  63.82s / 60.00s / 106.4%
03:16:27 | i 100 | [HAOS ROLL] k=6  λ=0.2  vb  ac_complete  filo2  P≈0.000223
03:16:28 | i 100 | [ Summary ] cost=157099.00  Δ_S*=+1.48%  Δ_BKS=+1.58%  Δ_S*_BKS=+0.10%  no_improve=90
03:16:28 | i 101 | [HAOS ROLL] k=10  λ=0.2  vb  kmedoids  filo  P≈0.000927
03:16:28 | i 101 | [Phase 1/3] decompose  0.54s / — / —  λ=0.2  vb kmedoids
03:17:02 | i 101 | [Phase 2/3] route  34.13s / 26.28s / 129.9%  filo  k=10
03:17:31 | i 100 | [ ASYNC BG] bg_ails  63.92s / 60.00s / 106.5%
03:17:31 | i 101 | [HAOS ROLL] k=10  λ=0.2  vb  kmedoids  filo  P≈0.000927
03:17:31 | i 101 | [ Summary ] cost=158691.00  Δ_S*=+2.51%  Δ_BKS=+2.61%  Δ_S*_BKS=+0.10%  no_improve=92
03:17:31 | i 102 | [HAOS ROLL] k=8  λ=0.0  vb  kmeans  filo  P≈0.000416
03:17:32 | i 102 | [Phase 1/3] decompose  0.29s / — / —  λ=0.0  vb kmeans
03:17:56 | i 102 | [Phase 2/3] route  24.12s / 24.42s / 98.8%  filo  k=8
03:18:35 | i 101 | [ ASYNC BG] bg_ails  63.73s / 60.00s / 106.2%
03:18:35 | i 102 | [HAOS ROLL] k=8  λ=0.0  vb  kmeans  filo  P≈0.000416
03:18:35 | i 102 | [ Summary ] cost=158931.00  Δ_S*=+2.66%  Δ_BKS=+2.77%  Δ_S*_BKS=+0.10%  no_improve=94
03:18:35 | i 103 | [HAOS ROLL] k=10  λ=0.6  vb  kmeans  filo2  P≈0.005038
03:18:36 | i 103 | [Phase 1/3] decompose  0.38s / — / —  λ=0.6  vb kmeans
03:19:00 | i 103 | [Phase 2/3] route  24.12s / 24.36s / 99.0%  filo2  k=10
03:19:38 | i 102 | [ ASYNC BG] bg_ails  63.70s / 60.00s / 106.2%
03:19:39 | i 103 | [HAOS ROLL] k=10  λ=0.6  vb  kmeans  filo2  P≈0.005038
03:19:39 | i 103 | [ Summary ] cost=158796.00  Δ_S*=+2.57%  Δ_BKS=+2.68%  Δ_S*_BKS=+0.10%  no_improve=96
03:19:39 | i 104 | [HAOS ROLL] k=2  λ=0.8  vb  kmedoids  pyvrp  P≈0.000403
03:19:40 | i 104 | [Phase 1/3] decompose  0.83s / — / —  λ=0.8  vb kmedoids
03:21:07 | i 104 | [Phase 2/3] route  87.04s / 80.76s / 107.8%  pyvrp  k=2
03:21:07 | i 104 | [HAOS ROLL] k=2  λ=0.8  vb  kmedoids  pyvrp  P≈0.000403
03:21:07 | i 104 | [ Summary ] cost=156803.00  Δ_S*=+1.29%  Δ_BKS=+1.39%  Δ_S*_BKS=+0.10%  no_improve=97
03:21:07 | i — | [  FINAL  ] async BG-AILS totals launched=102 applied=102 adopted=3 launch_skipped_cap=2 crashes=0 discarded_in_flight=False block_wait_total_s=2431.4
03:21:20 | i — | [  FINAL  ] async SP/SC totals invocations=6 adopted=2 skipped=0 discarded_in_flight=True sp_busy_frac=0.781456807202938
03:21:20 | i — | [  FINAL  ] ════════════════════════════════════════
03:21:20 | i — | [  FINAL  ] Run complete  iterations=104  elapsed=02:01:26  best=154811.00
03:21:20 | i — | [  FINAL  ] Δ_BKS=+0.10%  no_improve_stop=False  time_stop=True  cancelled=False
03:21:20 | i — | [  FINAL  ] 
03:21:20 | i — | [  FINAL  ] [BEST SOLUTION — HAOS TAG SUMMARY]
03:21:20 | i — | [  FINAL  ] ────────────────────────────────────────
03:21:20 | i — | [  FINAL  ]   12 routes  vb  kmedoids  k=10  λ=1.0  solver=filo2
03:21:20 | i — | [  FINAL  ]   8 routes  vb  kmeans  k=2  λ=0.0  solver=ails2
03:21:20 | i — | [  FINAL  ]   6 routes  rb  ac_avg  k=8  λ=0.2  solver=ails2
03:21:20 | i — | [  FINAL  ]   4 routes  vb  fcm  k=8  λ=0.4  solver=ails2
03:21:20 | i — | [  FINAL  ]   4 routes  rb  kmeans  k=2  λ=0.4  solver=ails2
03:21:20 | i — | [  FINAL  ]   3 routes  vb  kmeans  k=6  λ=0.4  solver=filo2
03:21:20 | i — | [  FINAL  ]   3 routes  vb  kmedoids  k=6  λ=1.0  solver=ails2
03:21:20 | i — | [  FINAL  ]   3 routes  vb  kmeans  k=3  λ=0.8  solver=pyvrp
03:21:20 | i — | [  FINAL  ]   3 routes  rb  ac_complete  k=10  λ=0.2  solver=filo2
03:21:20 | i — | [  FINAL  ]   3 routes  vb  ac_avg  k=3  λ=0.6  solver=filo2
03:21:20 | i — | [  FINAL  ]   3 routes  vb  ac_avg  k=4  λ=0.2  solver=filo
03:21:20 | i — | [  FINAL  ]   2 routes  vb  ac_complete  k=8  λ=0.4  solver=ails2
03:21:20 | i — | [  FINAL  ]   2 routes  vb  ac_avg  k=10  λ=0.4  solver=filo2
03:21:20 | i — | [  FINAL  ]   2 routes  vb  ac_avg  k=12  λ=0.8  solver=filo2
03:21:20 | i — | [  FINAL  ]   2 routes  vb  ac_avg  k=8  λ=1.0  solver=ails2
03:21:20 | i — | [  FINAL  ]   2 routes  vb  fcm  k=10  λ=1.0  solver=filo2
03:21:20 | i — | [  FINAL  ]   2 routes  vb  ac_complete  k=10  λ=0.4  solver=pyvrp
03:21:20 | i — | [  FINAL  ]   1 routes  rb  ac_avg  k=3  λ=0.2  solver=ails2
03:21:20 | i — | [  FINAL  ]   1 routes  vb  ac_avg  k=10  λ=1.0  solver=ails2
03:21:20 | i — | [  FINAL  ]   1 routes  vb  fcm  k=6  λ=0.0  solver=ails2
03:21:20 | i — | [  FINAL  ]   1 routes  vb  ac_avg  k=3  λ=1.0  solver=pyvrp
03:21:20 | i — | [  FINAL  ]   1 routes  vb  kmeans  k=3  λ=0.6  solver=ails2
03:21:20 | i — | [  FINAL  ]   1 routes  rb  ac_avg  k=2  λ=0.4  solver=filo2
03:21:20 | i — | [  FINAL  ]   1 routes  vb  kmedoids  k=10  λ=0.2  solver=ails2
03:21:20 | i — | [  FINAL  ]   60 routes  post-SP/SC improvement
03:21:20 | i — | [  FINAL  ] 
03:21:20 | i — | [  FINAL  ] [ROUTE POOL — HAOS TAG SUMMARY]
03:21:20 | i — | [  FINAL  ] ────────────────────────────────────────
03:21:20 | i — | [  FINAL  ]   213 routes  vb  kmeans  k=3  λ=0.8  solver=pyvrp
03:21:20 | i — | [  FINAL  ]   198 routes  vb  ac_complete  k=10  λ=0.4  solver=pyvrp
03:21:20 | i — | [  FINAL  ]   197 routes  vb  kmeans  k=6  λ=0.4  solver=pyvrp
03:21:20 | i — | [  FINAL  ]   187 routes  rb  ac_avg  k=10  λ=0.2  solver=pyvrp
03:21:20 | i — | [  FINAL  ]   186 routes  vb  kmedoids  k=10  λ=1.0  solver=filo2
03:21:20 | i — | [  FINAL  ]   184 routes  vb  kmedoids  k=4  λ=1.0  solver=pyvrp
03:21:20 | i — | [  FINAL  ]   181 routes  vb  kmeans  k=10  λ=0.8  solver=ails2
03:21:20 | i — | [  FINAL  ]   181 routes  vb  kmeans  k=8  λ=0.0  solver=filo
03:21:20 | i — | [  FINAL  ]   176 routes  rb  ac_complete  k=3  λ=1.0  solver=pyvrp
03:21:20 | i — | [  FINAL  ]   175 routes  vb  fcm  k=10  λ=1.0  solver=filo2
03:21:20 | i — | [  FINAL  ]   174 routes  vb  fcm  k=6  λ=0.0  solver=pyvrp
03:21:20 | i — | [  FINAL  ]   173 routes  vb  fcm  k=8  λ=0.4  solver=ails2
03:21:20 | i — | [  FINAL  ]   172 routes  vb  ac_avg  k=3  λ=0.8  solver=pyvrp
03:21:20 | i — | [  FINAL  ]   171 routes  rb  ac_avg  k=8  λ=0.2  solver=ails2
03:21:20 | i — | [  FINAL  ]   167 routes  vb  ac_avg  k=3  λ=1.0  solver=pyvrp
03:21:20 | i — | [  FINAL  ]   164 routes  vb  ac_avg  k=8  λ=1.0  solver=ails2
03:21:20 | i — | [  FINAL  ]   160 routes  vb  ac_avg  k=10  λ=1.0  solver=ails2
03:21:20 | i — | [  FINAL  ]   159 routes  vb  ac_complete  k=6  λ=0.2  solver=filo2
03:21:20 | i — | [  FINAL  ]   158 routes  rb  ac_avg  k=10  λ=0.4  solver=pyvrp
03:21:20 | i — | [  FINAL  ]   157 routes  vb  kmedoids  k=10  λ=0.8  solver=ails2
03:21:20 | i — | [  FINAL  ]   154 routes  vb  fcm  k=3  λ=0.6  solver=ails2
03:21:20 | i — | [  FINAL  ]   151 routes  vb  ac_complete  k=8  λ=0.4  solver=ails2
03:21:20 | i — | [  FINAL  ]   150 routes  rb  ac_complete  k=10  λ=0.2  solver=filo2
03:21:20 | i — | [  FINAL  ]   150 routes  vb  kmedoids  k=6  λ=0.4  solver=filo2
03:21:20 | i — | [  FINAL  ]   149 routes  vb  ac_complete  k=12  λ=0.6  solver=filo2
03:21:20 | i — | [  FINAL  ]   147 routes  vb  ac_avg  k=4  λ=0.2  solver=filo
03:21:20 | i — | [  FINAL  ]   147 routes  vb  kmeans  k=6  λ=0.4  solver=filo2
03:21:20 | i — | [  FINAL  ]   147 routes  vb  kmedoids  k=10  λ=0.2  solver=filo
03:21:20 | i — | [  FINAL  ]   146 routes  vb  kmeans  k=2  λ=0.0  solver=ails2
03:21:20 | i — | [  FINAL  ]   146 routes  vb  fcm  k=6  λ=0.0  solver=ails2
03:21:20 | i — | [  FINAL  ]   146 routes  vb  kmedoids  k=12  λ=0.4  solver=filo2
03:21:20 | i — | [  FINAL  ]   144 routes  vb  ac_complete  k=10  λ=0.0  solver=pyvrp
03:21:20 | i — | [  FINAL  ]   143 routes  rb  ac_avg  k=2  λ=0.4  solver=filo2
03:21:20 | i — | [  FINAL  ]   137 routes  vb  ac_complete  k=10  λ=1.0  solver=ails2
03:21:20 | i — | [  FINAL  ]   136 routes  vb  fcm  k=6  λ=0.4  solver=ails2
03:21:20 | i — | [  FINAL  ]   134 routes  vb  kmedoids  k=6  λ=0.0  solver=ails2
03:21:20 | i — | [  FINAL  ]   127 routes  rb  kmeans  k=4  λ=0.8  solver=ails2
03:21:20 | i — | [  FINAL  ]   126 routes  vb  kmeans  k=3  λ=0.6  solver=ails2
03:21:20 | i — | [  FINAL  ]   125 routes  vb  kmedoids  k=2  λ=0.8  solver=pyvrp
03:21:20 | i — | [  FINAL  ]   117 routes  vb  kmedoids  k=10  λ=0.4  solver=ails2
03:21:20 | i — | [  FINAL  ]   116 routes  vb  kmedoids  k=8  λ=0.6  solver=filo
03:21:20 | i — | [  FINAL  ]   108 routes  vb  kmeans  k=8  λ=0.2  solver=pyvrp
03:21:20 | i — | [  FINAL  ]   108 routes  vb  kmeans  k=10  λ=0.6  solver=filo2
03:21:20 | i — | [  FINAL  ]   104 routes  rb  kmeans  k=2  λ=0.4  solver=ails2
03:21:20 | i — | [  FINAL  ]   102 routes  rb  ac_avg  k=6  λ=1.0  solver=ails2
03:21:20 | i — | [  FINAL  ]   100 routes  vb  ac_avg  k=3  λ=0.6  solver=filo2
03:21:20 | i — | [  FINAL  ]   100 routes  vb  fcm  k=2  λ=0.4  solver=pyvrp
03:21:20 | i — | [  FINAL  ]   98 routes  vb  kmedoids  k=10  λ=1.0  solver=pyvrp
03:21:20 | i — | [  FINAL  ]   91 routes  vb  kmeans  k=10  λ=0.4  solver=ails2
03:21:20 | i — | [  FINAL  ]   91 routes  vb  kmedoids  k=12  λ=0.6  solver=filo2
03:21:20 | i — | [  FINAL  ]   87 routes  vb  kmeans  k=12  λ=0.6  solver=ails2
03:21:20 | i — | [  FINAL  ]   85 routes  vb  kmedoids  k=10  λ=0.0  solver=ails2
03:21:20 | i — | [  FINAL  ]   81 routes  rb  ac_complete  k=8  λ=1.0  solver=pyvrp
03:21:20 | i — | [  FINAL  ]   80 routes  rb  kmeans  k=4  λ=0.8  solver=filo2
03:21:20 | i — | [  FINAL  ]   79 routes  rb  ac_complete  k=4  λ=0.0  solver=ails2
03:21:20 | i — | [  FINAL  ]   79 routes  vb  kmeans  k=3  λ=1.0  solver=filo
03:21:20 | i — | [  FINAL  ]   77 routes  vb  kmeans  k=10  λ=0.0  solver=filo2
03:21:20 | i — | [  FINAL  ]   72 routes  vb  ac_avg  k=3  λ=0.4  solver=filo2
03:21:20 | i — | [  FINAL  ]   67 routes  vb  ac_avg  k=12  λ=0.8  solver=filo2
03:21:20 | i — | [  FINAL  ]   67 routes  rb  ac_complete  k=8  λ=0.0  solver=pyvrp
03:21:20 | i — | [  FINAL  ]   67 routes  vb  fcm  k=10  λ=1.0  solver=pyvrp
03:21:20 | i — | [  FINAL  ]   66 routes  vb  ac_avg  k=10  λ=0.4  solver=filo2
03:21:20 | i — | [  FINAL  ]   64 routes  vb  kmedoids  k=6  λ=1.0  solver=ails2
03:21:20 | i — | [  FINAL  ]   64 routes  vb  kmedoids  k=10  λ=0.2  solver=filo2
03:21:20 | i — | [  FINAL  ]   63 routes  vb  ac_complete  k=8  λ=1.0  solver=ails2
03:21:20 | i — | [  FINAL  ]   59 routes  vb  kmedoids  k=10  λ=0.2  solver=ails2
03:21:20 | i — | [  FINAL  ]   58 routes  rb  ac_complete  k=4  λ=0.6  solver=filo2
03:21:20 | i — | [  FINAL  ]   58 routes  vb  ac_avg  k=10  λ=0.0  solver=ails2
03:21:20 | i — | [  FINAL  ]   58 routes  vb  kmedoids  k=3  λ=0.8  solver=ails2
03:21:20 | i — | [  FINAL  ]   57 routes  vb  ac_avg  k=3  λ=0.0  solver=filo2
03:21:20 | i — | [  FINAL  ]   57 routes  vb  kmeans  k=12  λ=0.0  solver=filo2
03:21:20 | i — | [  FINAL  ]   55 routes  rb  ac_avg  k=4  λ=0.0  solver=ails2
03:21:20 | i — | [  FINAL  ]   53 routes  vb  fcm  k=4  λ=0.0  solver=ails2
03:21:20 | i — | [  FINAL  ]   53 routes  vb  ac_complete  k=10  λ=0.4  solver=filo
03:21:20 | i — | [  FINAL  ]   52 routes  vb  fcm  k=8  λ=0.2  solver=filo2
03:21:20 | i — | [  FINAL  ]   51 routes  rb  ac_avg  k=2  λ=0.0  solver=ails2
03:21:20 | i — | [  FINAL  ]   50 routes  rb  ac_avg  k=3  λ=0.2  solver=ails2
03:21:20 | i — | [  FINAL  ]   50 routes  rb  ac_complete  k=10  λ=0.6  solver=filo2
03:21:20 | i — | [  FINAL  ]   49 routes  rb  ac_complete  k=8  λ=0.4  solver=ails2
03:21:20 | i — | [  FINAL  ]   49 routes  vb  ac_complete  k=10  λ=0.0  solver=ails2
03:21:20 | i — | [  FINAL  ]   47 routes  vb  kmeans  k=8  λ=0.0  solver=filo2
03:21:20 | i — | [  FINAL  ]   46 routes  rb  ac_complete  k=10  λ=0.6  solver=ails2
03:21:20 | i — | [  FINAL  ]   44 routes  vb  kmedoids  k=8  λ=0.0  solver=ails2
03:21:20 | i — | [  FINAL  ]   43 routes  vb  kmeans  k=8  λ=0.8  solver=ails2
03:21:20 | i — | [  FINAL  ]   37 routes  vb  kmeans  k=8  λ=0.6  solver=filo2
03:21:20 | i — | [  FINAL  ]   37 routes  vb  kmeans  k=8  λ=0.8  solver=filo2
03:21:20 | i — | [  FINAL  ]   36 routes  vb  kmedoids  k=4  λ=0.4  solver=ails2
03:21:20 | i — | [  FINAL  ]   33 routes  rb  kmeans  k=10  λ=0.4  solver=ails2
03:21:20 | i — | [  FINAL  ]   23 routes  rb  ac_complete  k=4  λ=0.0  solver=filo
03:21:20 | i — | [  FINAL  ]   23 routes  rb  ac_complete  k=3  λ=1.0  solver=filo2
03:21:20 | i — | [  FINAL  ]   22 routes  rb  ac_complete  k=8  λ=0.0  solver=filo2
03:21:20 | i — | [  FINAL  ]   21 routes  vb  ac_avg  k=2  λ=0.0  solver=filo2
03:21:20 | i — | [  FINAL  ]   17 routes  rb  ac_complete  k=6  λ=0.0  solver=ails2
03:21:20 | i — | [  FINAL  ]   16 routes  rb  kmeans  k=6  λ=0.4  solver=ails2
03:21:20 | i — | [  FINAL  ]   15 routes  rb  ac_avg  k=6  λ=0.8  solver=filo
03:21:20 | i — | [  FINAL  ]   11 routes  rb  kmeans  k=12  λ=0.0  solver=filo
03:21:20 | i — | [  FINAL  ]   11 routes  rb  ac_avg  k=8  λ=0.8  solver=filo2
03:21:20 | i — | [  FINAL  ]   7 routes  rb  ac_complete  k=10  λ=0.4  solver=ails2
03:21:20 | i — | [  FINAL  ]   4 routes  rb  ac_avg  k=3  λ=0.6  solver=filo2
03:21:20 | i — | [  FINAL  ]   227 routes  post-SP/SC improvement
03:21:20 | i — | [  FINAL  ] ════════════════════════════════════════
