06:23:23 | i — | [  INIT   ] ════════════════════════════════════════
06:23:23 | i — | [  INIT   ] DRISPI  instance=X-n3640-k211  n=3639  capacity=130
06:23:23 | i — | [  INIT   ] k domain (computed at init): [2, 3, 4, 6, 8, 10, 12, 15]  k_ext=16  k_min=211  k_ext_bound=n_bound  spacing_rejected=2
06:23:23 | i — | [  INIT   ] ══════════════════════════════════════════════════════
06:23:23 | i — | [  INIT   ] CONFIGURATION
06:23:23 | i — | [  INIT   ] ── stopping ────────────────────────────────
06:23:23 | i — | [  INIT   ]   time_limit                  = 7200.0
06:23:23 | i — | [  INIT   ]   max_no_improve              = 1000000000
06:23:23 | i — | [  INIT   ] ── parallelism ─────────────────────────────
06:23:23 | i — | [  INIT   ]   n_workers                   = 8
06:23:23 | i — | [  INIT   ] ── cores ───────────────────────────────────
06:23:23 | i — | [  INIT   ]   cores_total                 = 8
06:23:23 | i — | [  INIT   ]   cores_dri                   = 6
06:23:23 | i — | [  INIT   ]   cores_bg                    = 1
06:23:23 | i — | [  INIT   ]   cores_sp                    = 1
06:23:23 | i — | [  INIT   ]   cores_cpu_list              = None
06:23:23 | i — | [  INIT   ] ── sp/sc ───────────────────────────────────
06:23:23 | i — | [  INIT   ]   sp_sc_mode                  = async
06:23:23 | i — | [  INIT   ]   sp_sc_trigger               = wallclock
06:23:23 | i — | [  INIT   ]   interval_minutes            = 20.0
06:23:23 | i — | [  INIT   ]   overlap_policy              = skip
06:23:23 | i — | [  INIT   ]   warmup_iterations           = 5
06:23:23 | i — | [  INIT   ]   sp_interval                 = 3
06:23:23 | i — | [  INIT   ]   min_coverage                = 5
06:23:23 | i — | [  INIT   ]   sp_time_limit               = 720.0
06:23:23 | i — | [  INIT   ]   mip_gap                     = 0.00025
06:23:23 | i — | [  INIT   ] ── decomposition ───────────────────────────
06:23:23 | i — | [  INIT   ]   decomp_k_base_arms          = [2, 3, 4, 6, 8, 10, 12]
06:23:23 | i — | [  INIT   ]   decomp_k_max_arms           = 10
06:23:23 | i — | [  INIT   ]   decomp_k_ext_per_1000       = 4
06:23:23 | i — | [  INIT   ]   decomp_k_min_routes_per_cluster= 8
06:23:23 | i — | [  INIT   ]   decomp_k_min_arm_spacing    = 2
06:23:23 | i — | [  INIT   ]   subcluster_rate_s_per_customer= 0.06
06:23:23 | i — | [  INIT   ]   subcluster_floor_s          = 5.0
06:23:23 | i — | [  INIT   ] ── bg_ails ─────────────────────────────────
06:23:23 | i — | [  INIT   ]   bg_ails_mode                = async
06:23:23 | i — | [  INIT   ]   bg_ails_crash_threshold     = 1
06:23:23 | i — | [  INIT   ]   bg_ails_budget_mode         = predicted_dr_wall
06:23:23 | i — | [  INIT   ]   bg_ails_budget_floor_s      = 60.0
06:23:23 | i — | [  INIT   ]   bg_ails_budget_margin       = 1.0
06:23:23 | i — | [  INIT   ]   bg_ails_wall_model_scale    = 0.976
06:23:23 | i — | [  INIT   ]   bg_ails_wall_model_wave_exponent= -0.18
06:23:23 | i — | [  INIT   ]   bg_ails_initial_omega       = 10
06:23:23 | i — | [  INIT   ]   bg_ails_boundary_threshold  = 0.5
06:23:23 | i — | [  INIT   ]   bg_ails_small_cluster_cap   = 20
06:23:23 | i — | [  INIT   ]   bg_ails_small_cluster_alpha = 0.5
06:23:23 | i — | [  INIT   ]   bg_ails_pair_selection      = greedy
06:23:23 | i — | [  INIT   ]   bg_ails_n_chains_mode       = k
06:23:23 | i — | [  INIT   ]   bg_ails_unique_first_routes = True
06:23:23 | i — | [  INIT   ]   bg_ails_boundary_mask_first_ls= True
06:23:23 | i — | [  INIT   ] ── standard_improvement ────────────────────
06:23:23 | i — | [  INIT   ]   standard_improvement_time_limit= 360.0
06:23:23 | i — | [  INIT   ] ── pool ────────────────────────────────────
06:23:23 | i — | [  INIT   ]   max_pool_size               = 10000
06:23:23 | i — | [  INIT   ]   pool_diversity_weight       = 0.5
06:23:23 | i — | [  INIT   ] ── haos ────────────────────────────────────
06:23:23 | i — | [  INIT   ]   haos_decay                  = 0.95
06:23:23 | i — | [  INIT   ]   haos_warmup                 = 10
06:23:23 | i — | [  INIT   ]   haos_starting_weight        = 10.0
06:23:23 | i — | [  INIT   ]   haos_min_weight_k           = 0.025
06:23:23 | i — | [  INIT   ]   haos_min_weight_lambda      = 0.05
06:23:23 | i — | [  INIT   ]   haos_min_weight_paradigm    = 0.1
06:23:23 | i — | [  INIT   ]   haos_min_weight_vertex_method= 0.05
06:23:23 | i — | [  INIT   ]   haos_min_weight_route_method= 0.05
06:23:23 | i — | [  INIT   ]   haos_min_weight_solver      = 0.05
06:23:23 | i — | [  INIT   ]   haos_lambda_demand_values   = [0.0, 0.2, 0.4, 0.6, 0.8, 1.0]
06:23:23 | i — | [  INIT   ]   haos_paradigm_values        = ['vertex', 'route']
06:23:23 | i — | [  INIT   ]   haos_vertex_method_values   = ['kmeans', 'agglomerative_avg', 'agglomerative_complete', 'kmedoids', 'fcm']
06:23:23 | i — | [  INIT   ]   haos_route_method_values    = ['kmeans', 'agglomerative_avg', 'agglomerative_complete']
06:23:23 | i — | [  INIT   ]   haos_solver_values          = ['pyvrp', 'filo', 'filo2', 'ails2']
06:23:23 | i — | [  INIT   ] ── haos_rewards ────────────────────────────
06:23:23 | i — | [  INIT   ]   haos_reward_new_best        = 10.0
06:23:23 | i — | [  INIT   ]   haos_reward_improvement     = 4.0
06:23:23 | i — | [  INIT   ]   haos_reward_no_improvement  = 1.0
06:23:23 | i — | [  INIT   ]   haos_reward_no_solution     = 0.0
06:23:23 | i — | [  INIT   ]   haos_deferred_new_best      = 7.0
06:23:23 | i — | [  INIT   ]   haos_deferred_improvement   = 3.0
06:23:23 | i — | [  INIT   ]   haos_deferred_no_improvement= 0.0
06:23:23 | i — | [  INIT   ] ── seed ────────────────────────────────────
06:23:23 | i — | [  INIT   ]   seed                        = 11
06:23:23 | i — | [  INIT   ] ── output ──────────────────────────────────
06:23:23 | i — | [  INIT   ]   output_dir                  = /app/artifacts/benchmark/X-n3640-k211/seed11
06:23:23 | i — | [  INIT   ]   run_analysis                = False
06:23:23 | i — | [  INIT   ] ══════════════════════════════════════════════════════
06:23:23 | i — | [  INIT   ] BKS=189531.00
06:23:23 | i — | [  INIT   ] ════════════════════════════════════════
06:23:23 | i 1 | [HAOS ROLL] k=2  λ=0.8  vb  fcm  filo2  P≈0.000521
06:23:25 | i 1 | [Phase 1/3] decompose  1.33s / — / —  λ=0.8  vb fcm
06:25:14 | i 1 | [Phase 2/3] route  109.82s / 109.38s / 100.4%  filo2  k=2
06:25:14 | i 1 | [ IMPROVE ] 190860.00  via decompose_route  ·  Δ_BKS=+0.70%
06:25:14 | i 1 | [HAOS ROLL] k=2  λ=0.8  vb  fcm  filo2  P≈0.000521
06:25:14 | i 1 | [ Summary ] cost=190860.00  Δ_S*=+0.00%  Δ_BKS=+0.70%  Δ_S*_BKS=+0.70%  no_improve=0
06:25:14 | i 2 | [HAOS ROLL] k=15  λ=0.2  rb  ac_avg  filo  P≈0.000868
06:25:18 | i 2 | [Phase 1/3] decompose  3.19s / — / —  λ=0.2  rb ac_avg
06:26:01 | i 2 | [Phase 2/3] route  43.11s / 21.84s / 197.4%  filo  k=15
06:27:05 | i 1 | [ IMPROVE ] 190493.00  via bg_ails  ·  Δ_BKS=+0.51%
06:27:05 | i 1 | [ ASYNC BG] bg_ails  110.82s / 106.75s / 103.8%
06:27:05 | i 2 | [HAOS ROLL] k=15  λ=0.2  rb  ac_avg  filo  P≈0.000868
06:27:05 | i 2 | [ Summary ] cost=191126.00  Δ_S*=+0.33%  Δ_BKS=+0.84%  Δ_S*_BKS=+0.51%  no_improve=1
06:27:05 | i 3 | [HAOS ROLL] k=10  λ=0.6  rb  kmeans  filo  P≈0.000868
06:27:06 | i 3 | [Phase 1/3] decompose  0.78s / — / —  λ=0.6  rb kmeans
06:27:51 | i 3 | [Phase 2/3] route  45.11s / 27.12s / 166.3%  filo  k=10
06:28:10 | i 2 | [ ASYNC BG] bg_ails  64.91s / 60.00s / 108.2%
06:28:10 | i 3 | [HAOS ROLL] k=10  λ=0.6  rb  kmeans  filo  P≈0.000868
06:28:10 | i 3 | [ Summary ] cost=192122.00  Δ_S*=+0.86%  Δ_BKS=+1.37%  Δ_S*_BKS=+0.51%  no_improve=3
06:28:10 | i 4 | [HAOS ROLL] k=15  λ=0.8  vb  ac_complete  filo  P≈0.000521
06:28:11 | i 4 | [Phase 1/3] decompose  1.10s / — / —  λ=0.8  vb ac_complete
06:28:52 | i 4 | [Phase 2/3] route  41.11s / 23.22s / 177.1%  filo  k=15
06:29:15 | i 3 | [ ASYNC BG] bg_ails  64.84s / 60.00s / 108.1%
06:29:15 | i 4 | [HAOS ROLL] k=15  λ=0.8  vb  ac_complete  filo  P≈0.000521
06:29:15 | i 4 | [ Summary ] cost=195817.00  Δ_S*=+2.79%  Δ_BKS=+3.32%  Δ_S*_BKS=+0.51%  no_improve=5
06:29:15 | i 5 | [HAOS ROLL] k=10  λ=0.0  rb  ac_complete  filo2  P≈0.000868
06:29:16 | i 5 | [Phase 1/3] decompose  0.57s / — / —  λ=0.0  rb ac_complete
06:29:57 | i 5 | [Phase 2/3] route  41.12s / 29.88s / 137.6%  filo2  k=10
06:30:20 | i 4 | [ ASYNC BG] bg_ails  64.87s / 60.00s / 108.1%
06:30:20 | i 5 | [HAOS ROLL] k=10  λ=0.0  rb  ac_complete  filo2  P≈0.000868
06:30:20 | i 5 | [ Summary ] cost=191704.00  Δ_S*=+0.64%  Δ_BKS=+1.15%  Δ_S*_BKS=+0.51%  no_improve=7
06:30:20 | i 6 | [HAOS ROLL] k=12  λ=0.0  vb  ac_avg  pyvrp  P≈0.000521
06:30:21 | i 6 | [Phase 1/3] decompose  0.91s / — / —  λ=0.0  vb ac_avg
06:31:06 | i 6 | [Phase 2/3] route  44.92s / 25.38s / 177.0%  pyvrp  k=12
06:31:25 | i 5 | [ ASYNC BG] bg_ails  64.70s / 60.00s / 107.8%
06:31:25 | i 6 | [HAOS ROLL] k=12  λ=0.0  vb  ac_avg  pyvrp  P≈0.000521
06:31:25 | i 6 | [ Summary ] cost=195235.00  Δ_S*=+2.49%  Δ_BKS=+3.01%  Δ_S*_BKS=+0.51%  no_improve=9
06:31:25 | i 7 | [HAOS ROLL] k=8  λ=0.6  rb  ac_avg  filo2  P≈0.000868
06:31:25 | i 7 | [Phase 1/3] decompose  0.77s / — / —  λ=0.6  rb ac_avg
06:32:16 | i 7 | [Phase 2/3] route  50.13s / 40.80s / 122.9%  filo2  k=8
06:32:29 | i 6 | [ ASYNC BG] bg_ails  64.78s / 60.00s / 108.0%
06:32:29 | i 7 | [HAOS ROLL] k=8  λ=0.6  rb  ac_avg  filo2  P≈0.000868
06:32:29 | i 7 | [ Summary ] cost=191244.00  Δ_S*=+0.39%  Δ_BKS=+0.90%  Δ_S*_BKS=+0.51%  no_improve=11
06:32:29 | i 8 | [HAOS ROLL] k=4  λ=0.8  rb  ac_complete  pyvrp  P≈0.000868
06:32:30 | i 8 | [Phase 1/3] decompose  0.76s / — / —  λ=0.8  rb ac_complete
06:33:53 | i 8 | [Phase 2/3] route  82.73s / 78.66s / 105.2%  pyvrp  k=4
06:33:53 | i 7 | [ ASYNC BG] bg_ails  65.87s / 61.82s / 106.5%
06:33:53 | i 8 | [HAOS ROLL] k=4  λ=0.8  rb  ac_complete  pyvrp  P≈0.000868
06:33:53 | i 8 | [ Summary ] cost=194186.00  Δ_S*=+1.94%  Δ_BKS=+2.46%  Δ_S*_BKS=+0.51%  no_improve=13
06:33:53 | i 9 | [HAOS ROLL] k=3  λ=0.0  rb  ac_avg  filo  P≈0.000868
06:33:54 | i 9 | [Phase 1/3] decompose  0.58s / — / —  λ=0.0  rb ac_avg
06:35:57 | i 9 | [Phase 2/3] route  123.29s / 122.52s / 100.6%  filo  k=3
06:35:57 | i 8 | [ ASYNC BG] bg_ails  80.95s / 76.77s / 105.4%
06:35:57 | i 9 | [HAOS ROLL] k=3  λ=0.0  rb  ac_avg  filo  P≈0.000868
06:35:57 | i 9 | [ Summary ] cost=191154.00  Δ_S*=+0.35%  Δ_BKS=+0.86%  Δ_S*_BKS=+0.51%  no_improve=15
06:35:57 | i 10 | [HAOS ROLL] k=3  λ=0.0  vb  ac_complete  filo  P≈0.000521
06:35:58 | i 10 | [Phase 1/3] decompose  0.97s / — / —  λ=0.0  vb ac_complete
06:37:31 | i 10 | [Phase 2/3] route  93.20s / 93.18s / 100.0%  filo  k=3
06:38:01 | i 9 | [ IMPROVE ] 190442.00  via bg_ails  ·  Δ_BKS=+0.48%
06:38:01 | i 9 | [ ASYNC BG] bg_ails  123.80s / 119.58s / 103.5%
06:38:01 | i 10 | [HAOS ROLL] k=3  λ=0.0  vb  ac_complete  filo  P≈0.000521
06:38:01 | i 10 | [ Summary ] cost=191589.00  Δ_S*=+0.60%  Δ_BKS=+1.09%  Δ_S*_BKS=+0.48%  no_improve=1
06:38:01 | i 6 | [ASYNC 1/2] sp_sc  1.00s / 720.00s / 0.1%  SP  avg_coverage=10.03/5  pool=2151
06:38:01 | i 6 | [ASYNC 2/2] standard_ails  363.94s / 360.00s / 101.1%
06:38:07 | i 6 | [ IMPROVE ] 190371.00  via standard_ails  ·  Δ_BKS=+0.44%
06:38:07 | i 11 | [HAOS ROLL] k=10  λ=0.0  rb  ac_avg  filo2  P≈0.000868
06:38:08 | i 11 | [Phase 1/3] decompose  0.56s / — / —  λ=0.0  rb ac_avg
06:38:53 | i 11 | [Phase 2/3] route  45.13s / 30.90s / 146.1%  filo2  k=10
06:39:35 | i 10 | [ ASYNC BG] bg_ails  94.62s / 90.94s / 104.0%
06:39:35 | i 11 | [HAOS ROLL] k=10  λ=0.0  rb  ac_avg  filo2  P≈0.000868
06:39:35 | i 11 | [ Summary ] cost=190798.00  Δ_S*=+0.22%  Δ_BKS=+0.67%  Δ_S*_BKS=+0.44%  no_improve=2
06:39:35 | i 12 | [HAOS ROLL] k=6  λ=0.8  rb  ac_avg  filo2  P≈0.001383
06:39:36 | i 12 | [Phase 1/3] decompose  0.75s / — / —  λ=0.8  rb ac_avg
06:40:31 | i 12 | [Phase 2/3] route  55.14s / 55.14s / 100.0%  filo2  k=6
06:40:40 | i 11 | [ ASYNC BG] bg_ails  64.66s / 60.00s / 107.8%
06:40:40 | i 12 | [HAOS ROLL] k=6  λ=0.8  rb  ac_avg  filo2  P≈0.001383
06:40:40 | i 12 | [ Summary ] cost=191726.00  Δ_S*=+0.71%  Δ_BKS=+1.16%  Δ_S*_BKS=+0.44%  no_improve=4
06:40:40 | i 13 | [HAOS ROLL] k=6  λ=0.6  vb  kmeans  ails2  P≈0.000204
06:40:41 | i 13 | [Phase 1/3] decompose  0.76s / — / —  λ=0.6  vb kmeans
06:41:27 | i 13 | [Phase 2/3] route  45.82s / 44.70s / 102.5%  ails2  k=6
06:41:45 | i 12 | [ ASYNC BG] bg_ails  65.09s / 60.00s / 108.5%
06:41:45 | i 13 | [HAOS ROLL] k=6  λ=0.6  vb  kmeans  ails2  P≈0.000204
06:41:45 | i 13 | [ Summary ] cost=192175.00  Δ_S*=+0.95%  Δ_BKS=+1.40%  Δ_S*_BKS=+0.44%  no_improve=6
06:41:45 | i 14 | [HAOS ROLL] k=2  λ=1.0  vb  ac_avg  filo  P≈0.000340
06:41:46 | i 14 | [Phase 1/3] decompose  1.10s / — / —  λ=1.0  vb ac_avg
06:44:08 | i 14 | [Phase 2/3] route  141.33s / 141.48s / 99.9%  filo  k=2
06:44:08 | i 13 | [ ASYNC BG] bg_ails  64.90s / 60.00s / 108.2%
06:44:08 | i 14 | [HAOS ROLL] k=2  λ=1.0  vb  ac_avg  filo  P≈0.000340
06:44:08 | i 14 | [ Summary ] cost=191395.00  Δ_S*=+0.54%  Δ_BKS=+0.98%  Δ_S*_BKS=+0.44%  no_improve=8
06:44:08 | i 15 | [HAOS ROLL] k=8  λ=0.2  rb  ac_complete  ails2  P≈0.000416
06:44:08 | i 15 | [Phase 1/3] decompose  0.76s / — / —  λ=0.2  rb ac_complete
06:44:57 | i 15 | [Phase 2/3] route  48.81s / 34.68s / 140.7%  ails2  k=8
06:46:31 | i 14 | [ ASYNC BG] bg_ails  143.15s / 138.08s / 103.7%
06:46:31 | i 15 | [ IMPROVE ] 190365.00  via decompose_route  ·  Δ_BKS=+0.44%
06:46:31 | i 15 | [HAOS ROLL] k=8  λ=0.2  rb  ac_complete  ails2  P≈0.000416
06:46:31 | i 15 | [ Summary ] cost=190365.00  Δ_S*=+0.00%  Δ_BKS=+0.44%  Δ_S*_BKS=+0.44%  no_improve=0
06:46:31 | i 16 | [HAOS ROLL] k=2  λ=0.6  rb  ac_avg  filo2  P≈0.002035
06:46:32 | i 16 | [Phase 1/3] decompose  0.78s / — / —  λ=0.6  rb ac_avg
06:48:44 | i 16 | [Phase 2/3] route  132.30s / 131.58s / 100.5%  filo2  k=2
06:48:44 | i 15 | [ ASYNC BG] bg_ails  64.85s / 60.00s / 108.1%
06:48:44 | i 16 | [HAOS ROLL] k=2  λ=0.6  rb  ac_avg  filo2  P≈0.002035
06:48:44 | i 16 | [ Summary ] cost=190739.00  Δ_S*=+0.20%  Δ_BKS=+0.64%  Δ_S*_BKS=+0.44%  no_improve=2
06:48:44 | i 17 | [HAOS ROLL] k=10  λ=0.8  rb  kmeans  ails2  P≈0.001172
06:48:45 | i 17 | [Phase 1/3] decompose  0.75s / — / —  λ=0.8  rb kmeans
06:49:32 | i 17 | [Phase 2/3] route  46.87s / 27.18s / 172.5%  ails2  k=10
06:50:57 | i 16 | [ ASYNC BG] bg_ails  132.80s / 128.42s / 103.4%
06:50:57 | i 17 | [HAOS ROLL] k=10  λ=0.8  rb  kmeans  ails2  P≈0.001172
06:50:57 | i 17 | [ Summary ] cost=190495.00  Δ_S*=+0.07%  Δ_BKS=+0.51%  Δ_S*_BKS=+0.44%  no_improve=4
06:50:57 | i 18 | [HAOS ROLL] k=2  λ=0.8  rb  kmeans  filo  P≈0.001413
06:50:58 | i 18 | [Phase 1/3] decompose  0.82s / — / —  λ=0.8  rb kmeans
06:52:48 | i 18 | [Phase 2/3] route  110.24s / 110.46s / 99.8%  filo  k=2
06:52:48 | i 17 | [ ASYNC BG] bg_ails  64.89s / 60.00s / 108.2%
06:52:48 | i 18 | [HAOS ROLL] k=2  λ=0.8  rb  kmeans  filo  P≈0.001413
06:52:48 | i 18 | [ Summary ] cost=191078.00  Δ_S*=+0.37%  Δ_BKS=+0.82%  Δ_S*_BKS=+0.44%  no_improve=6
06:52:48 | i 19 | [HAOS ROLL] k=2  λ=0.8  vb  ac_complete  pyvrp  P≈0.000299
06:52:49 | i 19 | [Phase 1/3] decompose  1.14s / — / —  λ=0.8  vb ac_complete
06:54:48 | i 19 | [Phase 2/3] route  118.52s / 110.46s / 107.3%  pyvrp  k=2
06:54:48 | i 18 | [ ASYNC BG] bg_ails  112.02s / 107.81s / 103.9%
06:54:48 | i 19 | [HAOS ROLL] k=2  λ=0.8  vb  ac_complete  pyvrp  P≈0.000299
06:54:48 | i 19 | [ Summary ] cost=194809.00  Δ_S*=+2.33%  Δ_BKS=+2.78%  Δ_S*_BKS=+0.44%  no_improve=8
06:54:48 | i 20 | [HAOS ROLL] k=2  λ=0.2  rb  ac_complete  filo2  P≈0.002376
06:54:49 | i 20 | [Phase 1/3] decompose  0.78s / — / —  λ=0.2  rb ac_complete
06:57:00 | i 20 | [Phase 2/3] route  131.31s / 131.10s / 100.2%  filo2  k=2
06:57:00 | i 19 | [ ASYNC BG] bg_ails  111.92s / 107.81s / 103.8%
06:57:00 | i 20 | [HAOS ROLL] k=2  λ=0.2  rb  ac_complete  filo2  P≈0.002376
06:57:00 | i 20 | [ Summary ] cost=191002.00  Δ_S*=+0.33%  Δ_BKS=+0.78%  Δ_S*_BKS=+0.44%  no_improve=10
06:57:00 | i 21 | [HAOS ROLL] k=6  λ=0.4  vb  ac_complete  filo  P≈0.000290
06:57:01 | i 21 | [Phase 1/3] decompose  1.13s / — / —  λ=0.4  vb ac_complete
06:57:51 | i 21 | [Phase 2/3] route  50.14s / 50.10s / 100.1%  filo  k=6
06:59:12 | i 20 | [ ASYNC BG] bg_ails  131.81s / 127.95s / 103.0%
06:59:12 | i 21 | [HAOS ROLL] k=6  λ=0.4  vb  ac_complete  filo  P≈0.000290
06:59:12 | i 21 | [ Summary ] cost=191996.00  Δ_S*=+0.86%  Δ_BKS=+1.30%  Δ_S*_BKS=+0.44%  no_improve=12
06:59:12 | i 22 | [HAOS ROLL] k=2  λ=0.8  rb  ac_avg  pyvrp  P≈0.002633
06:59:13 | i 22 | [Phase 1/3] decompose  0.78s / — / —  λ=0.8  rb ac_avg
07:01:35 | i 22 | [Phase 2/3] route  142.51s / 131.58s / 108.3%  pyvrp  k=2
07:01:35 | i 21 | [ ASYNC BG] bg_ails  64.82s / 60.00s / 108.0%
07:01:35 | i 22 | [HAOS ROLL] k=2  λ=0.8  rb  ac_avg  pyvrp  P≈0.002633
07:01:35 | i 22 | [ Summary ] cost=194861.00  Δ_S*=+2.36%  Δ_BKS=+2.81%  Δ_S*_BKS=+0.44%  no_improve=14
07:01:35 | i 23 | [HAOS ROLL] k=10  λ=0.2  rb  ac_complete  ails2  P≈0.001580
07:01:36 | i 23 | [Phase 1/3] decompose  0.87s / — / —  λ=0.2  rb ac_complete
07:02:25 | i 23 | [Phase 2/3] route  48.81s / 29.04s / 168.1%  ails2  k=10
07:03:48 | i 22 | [ ASYNC BG] bg_ails  133.12s / 128.42s / 103.7%
07:03:48 | i 23 | [HAOS ROLL] k=10  λ=0.2  rb  ac_complete  ails2  P≈0.001580
07:03:48 | i 23 | [ Summary ] cost=190456.00  Δ_S*=+0.05%  Δ_BKS=+0.49%  Δ_S*_BKS=+0.44%  no_improve=16
07:03:48 | i 18 | [ASYNC 1/2] sp_sc  278.34s / 720.00s / 38.7%  SP  avg_coverage=31.70/5  pool=6754
07:03:48 | i 18 | [ASYNC 2/2] standard_ails  364.13s / 360.00s / 101.1%
07:04:22 | i 18 | [ IMPROVE ] 190209.00  via standard_ails  ·  Δ_BKS=+0.36%
07:04:22 | i 24 | [HAOS ROLL] k=2  λ=0.8  rb  ac_avg  filo2  P≈0.004841
07:04:23 | i 24 | [Phase 1/3] decompose  0.75s / — / —  λ=0.8  rb ac_avg
07:06:15 | i 24 | [Phase 2/3] route  112.25s / 111.84s / 100.4%  filo2  k=2
07:06:15 | i 23 | [ ASYNC BG] bg_ails  64.80s / 60.00s / 108.0%
07:06:15 | i 24 | [HAOS ROLL] k=2  λ=0.8  rb  ac_avg  filo2  P≈0.004841
07:06:15 | i 24 | [ Summary ] cost=190892.00  Δ_S*=+0.36%  Δ_BKS=+0.72%  Δ_S*_BKS=+0.36%  no_improve=2
07:06:15 | i 25 | [HAOS ROLL] k=4  λ=0.6  vb  ac_avg  filo2  P≈0.000214
07:06:16 | i 25 | [Phase 1/3] decompose  1.15s / — / —  λ=0.6  vb ac_avg
07:07:43 | i 25 | [Phase 2/3] route  87.18s / 87.18s / 100.0%  filo2  k=4
07:08:09 | i 24 | [ ASYNC BG] bg_ails  114.00s / 109.16s / 104.4%
07:08:09 | i 25 | [HAOS ROLL] k=4  λ=0.6  vb  ac_avg  filo2  P≈0.000214
07:08:09 | i 25 | [ Summary ] cost=191208.00  Δ_S*=+0.53%  Δ_BKS=+0.88%  Δ_S*_BKS=+0.36%  no_improve=4
07:08:09 | i 26 | [HAOS ROLL] k=10  λ=0.8  rb  ac_complete  ails2  P≈0.003237
07:08:10 | i 26 | [Phase 1/3] decompose  0.77s / — / —  λ=0.8  rb ac_complete
07:08:57 | i 26 | [Phase 2/3] route  46.82s / 27.90s / 167.8%  ails2  k=10
07:09:39 | i 25 | [ ASYNC BG] bg_ails  89.87s / 85.09s / 105.6%
07:09:39 | i 26 | [HAOS ROLL] k=10  λ=0.8  rb  ac_complete  ails2  P≈0.003237
07:09:39 | i 26 | [ Summary ] cost=190337.00  Δ_S*=+0.07%  Δ_BKS=+0.43%  Δ_S*_BKS=+0.36%  no_improve=6
07:09:39 | i 27 | [HAOS ROLL] k=3  λ=0.8  rb  ac_avg  filo2  P≈0.002972
07:09:40 | i 27 | [Phase 1/3] decompose  0.76s / — / —  λ=0.8  rb ac_avg
07:11:32 | i 27 | [Phase 2/3] route  112.26s / 111.84s / 100.4%  filo2  k=3
07:11:32 | i 26 | [ ASYNC BG] bg_ails  64.88s / 60.00s / 108.1%
07:11:32 | i 27 | [HAOS ROLL] k=3  λ=0.8  rb  ac_avg  filo2  P≈0.002972
07:11:32 | i 27 | [ Summary ] cost=191044.00  Δ_S*=+0.44%  Δ_BKS=+0.80%  Δ_S*_BKS=+0.36%  no_improve=8
07:11:32 | i 28 | [HAOS ROLL] k=15  λ=0.8  vb  ac_complete  filo2  P≈0.001071
07:11:33 | i 28 | [Phase 1/3] decompose  1.10s / — / —  λ=0.8  vb ac_complete
07:12:15 | i 28 | [Phase 2/3] route  41.12s / 23.22s / 177.1%  filo2  k=15
07:13:26 | i 27 | [ ASYNC BG] bg_ails  113.89s / 109.16s / 104.3%
07:13:26 | i 28 | [HAOS ROLL] k=15  λ=0.8  vb  ac_complete  filo2  P≈0.001071
07:13:26 | i 28 | [ Summary ] cost=195802.00  Δ_S*=+2.94%  Δ_BKS=+3.31%  Δ_S*_BKS=+0.36%  no_improve=10
07:13:26 | i 29 | [HAOS ROLL] k=2  λ=0.4  rb  kmeans  filo2  P≈0.000653
07:13:27 | i 29 | [Phase 1/3] decompose  0.77s / — / —  λ=0.4  rb kmeans
07:15:18 | i 29 | [Phase 2/3] route  111.25s / 110.94s / 100.3%  filo2  k=2
07:15:18 | i 28 | [ ASYNC BG] bg_ails  64.88s / 60.00s / 108.1%
07:15:19 | i 29 | [HAOS ROLL] k=2  λ=0.4  rb  kmeans  filo2  P≈0.000653
07:15:19 | i 29 | [ Summary ] cost=190875.00  Δ_S*=+0.35%  Δ_BKS=+0.71%  Δ_S*_BKS=+0.36%  no_improve=12
07:15:19 | i 30 | [HAOS ROLL] k=2  λ=1.0  vb  kmeans  filo2  P≈0.000253
07:15:19 | i 30 | [Phase 1/3] decompose  0.75s / — / —  λ=1.0  vb kmeans
07:17:11 | i 30 | [Phase 2/3] route  111.25s / 110.82s / 100.4%  filo2  k=2
07:17:11 | i 29 | [ ASYNC BG] bg_ails  112.83s / 108.28s / 104.2%
07:17:11 | i 30 | [HAOS ROLL] k=2  λ=1.0  vb  kmeans  filo2  P≈0.000253
07:17:11 | i 30 | [ Summary ] cost=190896.00  Δ_S*=+0.36%  Δ_BKS=+0.72%  Δ_S*_BKS=+0.36%  no_improve=14
07:17:11 | i 31 | [HAOS ROLL] k=8  λ=0.4  rb  kmeans  pyvrp  P≈0.000174
07:17:12 | i 31 | [Phase 1/3] decompose  0.75s / — / —  λ=0.4  rb kmeans
07:18:04 | i 31 | [Phase 2/3] route  51.60s / 33.42s / 154.4%  pyvrp  k=8
07:19:04 | i 30 | [ ASYNC BG] bg_ails  112.79s / 108.16s / 104.3%
07:19:04 | i 31 | [HAOS ROLL] k=8  λ=0.4  rb  kmeans  pyvrp  P≈0.000174
07:19:04 | i 31 | [ Summary ] cost=193555.00  Δ_S*=+1.76%  Δ_BKS=+2.12%  Δ_S*_BKS=+0.36%  no_improve=16
07:19:04 | i 32 | [HAOS ROLL] k=3  λ=1.0  rb  kmeans  pyvrp  P≈0.000226
07:19:05 | i 32 | [Phase 1/3] decompose  0.78s / — / —  λ=1.0  rb kmeans
07:20:28 | i 32 | [Phase 2/3] route  82.88s / 78.48s / 105.6%  pyvrp  k=3
07:20:28 | i 31 | [ ASYNC BG] bg_ails  64.97s / 60.00s / 108.3%
07:20:28 | i 32 | [HAOS ROLL] k=3  λ=1.0  rb  kmeans  pyvrp  P≈0.000226
07:20:28 | i 32 | [ Summary ] cost=194472.00  Δ_S*=+2.24%  Δ_BKS=+2.61%  Δ_S*_BKS=+0.36%  no_improve=18
07:20:28 | i 33 | [HAOS ROLL] k=8  λ=0.6  rb  ac_avg  filo  P≈0.001400
07:20:29 | i 33 | [Phase 1/3] decompose  0.76s / — / —  λ=0.6  rb ac_avg
07:21:10 | i 33 | [Phase 2/3] route  41.13s / 38.52s / 106.8%  filo  k=8
07:21:49 | i 32 | [ ASYNC BG] bg_ails  80.84s / 76.60s / 105.5%
07:21:49 | i 33 | [HAOS ROLL] k=8  λ=0.6  rb  ac_avg  filo  P≈0.001400
07:21:49 | i 33 | [ Summary ] cost=192248.00  Δ_S*=+1.07%  Δ_BKS=+1.43%  Δ_S*_BKS=+0.36%  no_improve=20
07:21:49 | i 28 | [ASYNC 1/2] sp_sc  114.11s / 720.00s / 15.8%  SP  avg_coverage=46.95/5  pool=10000
07:21:49 | i 28 | [ASYNC 2/2] standard_ails  363.93s / 360.00s / 101.1%
07:22:34 | i 28 | [ IMPROVE ] 190198.00  via standard_ails  ·  Δ_BKS=+0.35%
07:22:34 | i 34 | [HAOS ROLL] k=2  λ=0.2  rb  kmeans  filo  P≈0.002230
07:22:35 | i 34 | [Phase 1/3] decompose  0.73s / — / —  λ=0.2  rb kmeans
07:24:25 | i 34 | [Phase 2/3] route  110.24s / 109.74s / 100.5%  filo  k=2
07:24:26 | i 33 | [ ASYNC BG] bg_ails  64.88s / 60.00s / 108.1%
07:24:26 | i 34 | [HAOS ROLL] k=2  λ=0.2  rb  kmeans  filo  P≈0.002230
07:24:26 | i 34 | [ Summary ] cost=191041.00  Δ_S*=+0.44%  Δ_BKS=+0.80%  Δ_S*_BKS=+0.35%  no_improve=2
07:24:26 | i 35 | [HAOS ROLL] k=10  λ=0.8  vb  fcm  ails2  P≈0.000724
07:24:27 | i 35 | [Phase 1/3] decompose  0.90s / — / —  λ=0.8  vb fcm
07:25:14 | i 35 | [Phase 2/3] route  46.84s / 24.30s / 192.7%  ails2  k=10
07:26:17 | i 34 | [ ASYNC BG] bg_ails  111.86s / 107.11s / 104.4%
07:26:18 | i 35 | [HAOS ROLL] k=10  λ=0.8  vb  fcm  ails2  P≈0.000724
07:26:18 | i 35 | [ Summary ] cost=193706.00  Δ_S*=+1.84%  Δ_BKS=+2.20%  Δ_S*_BKS=+0.35%  no_improve=4
07:26:18 | i 36 | [HAOS ROLL] k=2  λ=0.8  rb  kmeans  filo  P≈0.005717
07:26:19 | i 36 | [Phase 1/3] decompose  0.74s / — / —  λ=0.8  rb kmeans
07:28:10 | i 36 | [Phase 2/3] route  111.25s / 111.00s / 100.2%  filo  k=2
07:28:10 | i 35 | [ ASYNC BG] bg_ails  64.83s / 60.00s / 108.0%
07:28:10 | i 36 | [HAOS ROLL] k=2  λ=0.8  rb  kmeans  filo  P≈0.005717
07:28:10 | i 36 | [ Summary ] cost=191100.00  Δ_S*=+0.47%  Δ_BKS=+0.83%  Δ_S*_BKS=+0.35%  no_improve=6
07:28:10 | i 37 | [HAOS ROLL] k=2  λ=0.8  rb  ac_avg  filo  P≈0.009440
07:28:11 | i 37 | [Phase 1/3] decompose  0.74s / — / —  λ=0.8  rb ac_avg
07:30:15 | i 37 | [Phase 2/3] route  124.28s / 124.32s / 100.0%  filo  k=2
07:30:15 | i 36 | [ ASYNC BG] bg_ails  112.88s / 108.34s / 104.2%
07:30:16 | i 37 | [HAOS ROLL] k=2  λ=0.8  rb  ac_avg  filo  P≈0.009440
07:30:16 | i 37 | [ Summary ] cost=190895.00  Δ_S*=+0.37%  Δ_BKS=+0.72%  Δ_S*_BKS=+0.35%  no_improve=8
07:30:16 | i 38 | [HAOS ROLL] k=8  λ=1.0  rb  ac_avg  pyvrp  P≈0.000327
07:30:16 | i 38 | [Phase 1/3] decompose  0.75s / — / —  λ=1.0  rb ac_avg
07:31:05 | i 38 | [Phase 2/3] route  48.62s / 46.56s / 104.4%  pyvrp  k=8
07:32:21 | i 37 | [ ASYNC BG] bg_ails  125.96s / 121.34s / 103.8%
07:32:21 | i 38 | [HAOS ROLL] k=8  λ=1.0  rb  ac_avg  pyvrp  P≈0.000327
07:32:22 | i 38 | [ Summary ] cost=193168.00  Δ_S*=+1.56%  Δ_BKS=+1.92%  Δ_S*_BKS=+0.35%  no_improve=10
07:32:22 | i 39 | [HAOS ROLL] k=15  λ=0.0  rb  kmeans  filo2  P≈0.001204
07:32:22 | i 39 | [Phase 1/3] decompose  0.57s / — / —  λ=0.0  rb kmeans
07:33:05 | i 39 | [Phase 2/3] route  43.27s / 19.62s / 220.5%  filo2  k=15
07:33:28 | i 38 | [ ASYNC BG] bg_ails  66.85s / 62.03s / 107.8%
07:33:28 | i 39 | [HAOS ROLL] k=15  λ=0.0  rb  kmeans  filo2  P≈0.001204
07:33:29 | i 39 | [ Summary ] cost=191344.00  Δ_S*=+0.60%  Δ_BKS=+0.96%  Δ_S*_BKS=+0.35%  no_improve=12
07:33:29 | i 40 | [HAOS ROLL] k=6  λ=0.0  rb  ac_avg  filo  P≈0.001426
07:33:29 | i 40 | [Phase 1/3] decompose  0.59s / — / —  λ=0.0  rb ac_avg
07:34:23 | i 40 | [Phase 2/3] route  54.14s / 54.18s / 99.9%  filo  k=6
07:34:33 | i 39 | [ ASYNC BG] bg_ails  65.09s / 60.00s / 108.5%
07:34:33 | i 40 | [HAOS ROLL] k=6  λ=0.0  rb  ac_avg  filo  P≈0.001426
07:34:34 | i 40 | [ Summary ] cost=191740.00  Δ_S*=+0.81%  Δ_BKS=+1.17%  Δ_S*_BKS=+0.35%  no_improve=14
07:34:34 | i 41 | [HAOS ROLL] k=2  λ=0.6  rb  ac_complete  filo2  P≈0.002448
07:34:34 | i 41 | [Phase 1/3] decompose  0.75s / — / —  λ=0.6  rb ac_complete
07:36:26 | i 41 | [Phase 2/3] route  111.25s / 111.42s / 99.8%  filo2  k=2
07:36:26 | i 40 | [ ASYNC BG] bg_ails  64.63s / 60.00s / 107.7%
07:36:26 | i 41 | [HAOS ROLL] k=2  λ=0.6  rb  ac_complete  filo2  P≈0.002448
07:36:26 | i 41 | [ Summary ] cost=190816.00  Δ_S*=+0.32%  Δ_BKS=+0.68%  Δ_S*_BKS=+0.35%  no_improve=16
07:36:26 | i 42 | [HAOS ROLL] k=10  λ=0.6  rb  ac_avg  ails2  P≈0.002030
07:36:27 | i 42 | [Phase 1/3] decompose  0.75s / — / —  λ=0.6  rb ac_avg
07:37:16 | i 42 | [Phase 2/3] route  49.81s / 30.00s / 166.0%  ails2  k=10
07:38:19 | i 41 | [ ASYNC BG] bg_ails  112.88s / 108.75s / 103.8%
07:38:19 | i 42 | [HAOS ROLL] k=10  λ=0.6  rb  ac_avg  ails2  P≈0.002030
07:38:19 | i 42 | [ Summary ] cost=190295.00  Δ_S*=+0.05%  Δ_BKS=+0.40%  Δ_S*_BKS=+0.35%  no_improve=18
07:38:19 | i 43 | [HAOS ROLL] k=10  λ=0.8  rb  ac_complete  filo2  P≈0.005105
07:38:20 | i 43 | [Phase 1/3] decompose  0.85s / — / —  λ=0.8  rb ac_complete
07:39:08 | i 43 | [Phase 2/3] route  48.14s / 34.50s / 139.5%  filo2  k=10
07:39:23 | i 42 | [ ASYNC BG] bg_ails  64.92s / 60.00s / 108.2%
07:39:24 | i 43 | [HAOS ROLL] k=10  λ=0.8  rb  ac_complete  filo2  P≈0.005105
07:39:24 | i 43 | [ Summary ] cost=191658.00  Δ_S*=+0.77%  Δ_BKS=+1.12%  Δ_S*_BKS=+0.35%  no_improve=20
07:39:24 | i 44 | [HAOS ROLL] k=8  λ=0.8  rb  ac_complete  filo2  P≈0.002844
07:39:25 | i 44 | [Phase 1/3] decompose  0.75s / — / —  λ=0.8  rb ac_complete
07:40:13 | i 44 | [Phase 2/3] route  48.14s / 47.64s / 101.0%  filo2  k=8
07:40:28 | i 43 | [ ASYNC BG] bg_ails  64.96s / 60.00s / 108.3%
07:40:29 | i 44 | [HAOS ROLL] k=8  λ=0.8  rb  ac_complete  filo2  P≈0.002844
07:40:29 | i 44 | [ Summary ] cost=192196.00  Δ_S*=+1.05%  Δ_BKS=+1.41%  Δ_S*_BKS=+0.35%  no_improve=22
07:40:29 | i 39 | [ASYNC 1/2] sp_sc  51.66s / 720.00s / 7.2%  SP  avg_coverage=46.79/5  pool=10000
07:40:29 | i 39 | [ASYNC 2/2] standard_ails  363.88s / 360.00s / 101.1%
07:41:16 | i 45 | [HAOS ROLL] k=2  λ=0.8  rb  ac_avg  ails2  P≈0.006647
07:41:16 | i 45 | [Phase 1/3] decompose  0.77s / — / —  λ=0.8  rb ac_avg
07:43:23 | i 45 | [Phase 2/3] route  126.42s / 124.32s / 101.7%  ails2  k=2
07:43:23 | i 44 | [ ASYNC BG] bg_ails  64.87s / 60.00s / 108.1%
07:43:23 | i 45 | [HAOS ROLL] k=2  λ=0.8  rb  ac_avg  ails2  P≈0.006647
07:43:23 | i 45 | [ Summary ] cost=190517.00  Δ_S*=+0.17%  Δ_BKS=+0.52%  Δ_S*_BKS=+0.35%  no_improve=25
07:43:23 | i 46 | [HAOS ROLL] k=2  λ=0.2  rb  kmeans  filo  P≈0.001620
07:43:24 | i 46 | [Phase 1/3] decompose  0.74s / — / —  λ=0.2  rb kmeans
07:45:14 | i 46 | [Phase 2/3] route  110.24s / 109.74s / 100.5%  filo  k=2
07:45:29 | i 45 | [ ASYNC BG] bg_ails  125.96s / 121.34s / 103.8%
07:45:29 | i 46 | [HAOS ROLL] k=2  λ=0.2  rb  kmeans  filo  P≈0.001620
07:45:29 | i 46 | [ Summary ] cost=191086.00  Δ_S*=+0.47%  Δ_BKS=+0.82%  Δ_S*_BKS=+0.35%  no_improve=27
07:45:29 | i 47 | [HAOS ROLL] k=10  λ=0.8  rb  ac_avg  filo2  P≈0.011539
07:45:30 | i 47 | [Phase 1/3] decompose  0.75s / — / —  λ=0.8  rb ac_avg
07:46:18 | i 47 | [Phase 2/3] route  48.13s / 30.00s / 160.4%  filo2  k=10
07:47:21 | i 46 | [ ASYNC BG] bg_ails  111.80s / 107.11s / 104.4%
07:47:21 | i 47 | [HAOS ROLL] k=10  λ=0.8  rb  ac_avg  filo2  P≈0.011539
07:47:21 | i 47 | [ Summary ] cost=191885.00  Δ_S*=+0.89%  Δ_BKS=+1.24%  Δ_S*_BKS=+0.35%  no_improve=29
07:47:21 | i 48 | [HAOS ROLL] k=2  λ=0.8  rb  ac_avg  filo2  P≈0.015508
07:47:22 | i 48 | [Phase 1/3] decompose  0.75s / — / —  λ=0.8  rb ac_avg
07:49:26 | i 48 | [Phase 2/3] route  124.28s / 124.32s / 100.0%  filo2  k=2
07:49:26 | i 47 | [ ASYNC BG] bg_ails  64.89s / 60.00s / 108.1%
07:49:26 | i 48 | [HAOS ROLL] k=2  λ=0.8  rb  ac_avg  filo2  P≈0.015508
07:49:26 | i 48 | [ Summary ] cost=190751.00  Δ_S*=+0.29%  Δ_BKS=+0.64%  Δ_S*_BKS=+0.35%  no_improve=31
07:49:26 | i 49 | [HAOS ROLL] k=6  λ=0.8  rb  ac_avg  filo2  P≈0.004531
07:49:27 | i 49 | [Phase 1/3] decompose  0.75s / — / —  λ=0.8  rb ac_avg
07:50:21 | i 49 | [Phase 2/3] route  54.15s / 54.18s / 99.9%  filo2  k=6
07:51:32 | i 48 | [ ASYNC BG] bg_ails  125.99s / 121.34s / 103.8%
07:51:32 | i 49 | [HAOS ROLL] k=6  λ=0.8  rb  ac_avg  filo2  P≈0.004531
07:51:33 | i 49 | [ Summary ] cost=191688.00  Δ_S*=+0.78%  Δ_BKS=+1.14%  Δ_S*_BKS=+0.35%  no_improve=33
07:51:33 | i 50 | [HAOS ROLL] k=8  λ=0.8  rb  ac_avg  filo2  P≈0.007329
07:51:33 | i 50 | [Phase 1/3] decompose  0.74s / — / —  λ=0.8  rb ac_avg
07:52:20 | i 50 | [Phase 2/3] route  47.13s / 46.56s / 101.2%  filo2  k=8
07:52:37 | i 49 | [ ASYNC BG] bg_ails  64.95s / 60.00s / 108.2%
07:52:37 | i 50 | [HAOS ROLL] k=8  λ=0.8  rb  ac_avg  filo2  P≈0.007329
07:52:37 | i 50 | [ Summary ] cost=192323.00  Δ_S*=+1.12%  Δ_BKS=+1.47%  Δ_S*_BKS=+0.35%  no_improve=35
07:52:37 | i 51 | [HAOS ROLL] k=12  λ=0.8  vb  kmeans  filo2  P≈0.000316
07:52:38 | i 51 | [Phase 1/3] decompose  0.75s / — / —  λ=0.8  vb kmeans
07:53:21 | i 51 | [Phase 2/3] route  43.12s / 22.20s / 194.2%  filo2  k=12
07:53:44 | i 50 | [ ASYNC BG] bg_ails  66.88s / 62.03s / 107.8%
07:53:44 | i 51 | [HAOS ROLL] k=12  λ=0.8  vb  kmeans  filo2  P≈0.000316
07:53:44 | i 51 | [ Summary ] cost=193789.00  Δ_S*=+1.89%  Δ_BKS=+2.25%  Δ_S*_BKS=+0.35%  no_improve=37
07:53:44 | i 52 | [HAOS ROLL] k=10  λ=0.0  rb  ac_avg  pyvrp  P≈0.001950
07:53:45 | i 52 | [Phase 1/3] decompose  0.59s / — / —  λ=0.0  rb ac_avg
07:54:34 | i 52 | [Phase 2/3] route  48.84s / 30.00s / 162.8%  pyvrp  k=10
07:54:49 | i 51 | [ ASYNC BG] bg_ails  65.25s / 60.00s / 108.8%
07:54:49 | i 52 | [HAOS ROLL] k=10  λ=0.0  rb  ac_avg  pyvrp  P≈0.001950
07:54:50 | i 52 | [ Summary ] cost=192655.00  Δ_S*=+1.29%  Δ_BKS=+1.65%  Δ_S*_BKS=+0.35%  no_improve=39
07:54:50 | i 53 | [HAOS ROLL] k=10  λ=0.6  rb  ac_avg  filo2  P≈0.005304
07:54:50 | i 53 | [Phase 1/3] decompose  0.78s / — / —  λ=0.6  rb ac_avg
07:55:39 | i 53 | [Phase 2/3] route  48.14s / 30.00s / 160.5%  filo2  k=10
07:55:54 | i 52 | [ ASYNC BG] bg_ails  64.85s / 60.00s / 108.1%
07:55:54 | i 53 | [HAOS ROLL] k=10  λ=0.6  rb  ac_avg  filo2  P≈0.005304
07:55:54 | i 53 | [ Summary ] cost=192812.00  Δ_S*=+1.37%  Δ_BKS=+1.73%  Δ_S*_BKS=+0.35%  no_improve=41
07:55:54 | i 54 | [HAOS ROLL] k=10  λ=0.8  vb  fcm  filo2  P≈0.001545
07:55:55 | i 54 | [Phase 1/3] decompose  0.99s / — / —  λ=0.8  vb fcm
07:56:42 | i 54 | [Phase 2/3] route  46.12s / 24.30s / 189.8%  filo2  k=10
07:56:59 | i 53 | [ ASYNC BG] bg_ails  65.03s / 60.00s / 108.4%
07:56:59 | i 54 | [HAOS ROLL] k=10  λ=0.8  vb  fcm  filo2  P≈0.001545
07:56:59 | i 54 | [ Summary ] cost=193700.00  Δ_S*=+1.84%  Δ_BKS=+2.20%  Δ_S*_BKS=+0.35%  no_improve=43
07:56:59 | i 55 | [HAOS ROLL] k=2  λ=0.2  vb  ac_complete  filo2  P≈0.000805
07:57:01 | i 55 | [Phase 1/3] decompose  1.10s / — / —  λ=0.2  vb ac_complete
07:59:12 | i 55 | [Phase 2/3] route  131.30s / 130.56s / 100.6%  filo2  k=2
07:59:12 | i 54 | [ ASYNC BG] bg_ails  64.90s / 60.00s / 108.2%
07:59:12 | i 55 | [HAOS ROLL] k=2  λ=0.2  vb  ac_complete  filo2  P≈0.000805
07:59:12 | i 55 | [ Summary ] cost=190884.00  Δ_S*=+0.36%  Δ_BKS=+0.71%  Δ_S*_BKS=+0.35%  no_improve=45
07:59:12 | i 56 | [HAOS ROLL] k=12  λ=0.8  rb  ac_complete  filo2  P≈0.001842
07:59:13 | i 56 | [Phase 1/3] decompose  0.77s / — / —  λ=0.8  rb ac_complete
08:00:00 | i 56 | [Phase 2/3] route  47.14s / 26.82s / 175.8%  filo2  k=12
08:01:24 | i 55 | [ ASYNC BG] bg_ails  132.18s / 127.43s / 103.7%
08:01:24 | i 56 | [HAOS ROLL] k=12  λ=0.8  rb  ac_complete  filo2  P≈0.001842
08:01:24 | i 56 | [ Summary ] cost=191885.00  Δ_S*=+0.89%  Δ_BKS=+1.24%  Δ_S*_BKS=+0.35%  no_improve=47
08:01:24 | i 51 | [ASYNC 1/2] sp_sc  32.27s / 720.00s / 4.5%  SP  avg_coverage=46.73/5  pool=10000
08:01:24 | i 51 | [ASYNC 2/2] standard_ails  363.95s / 360.00s / 101.1%
08:02:10 | i 57 | [HAOS ROLL] k=2  λ=0.2  vb  kmedoids  filo2  P≈0.000701
08:02:11 | i 57 | [Phase 1/3] decompose  1.12s / — / —  λ=0.2  vb kmedoids
08:04:03 | i 57 | [Phase 2/3] route  111.26s / 110.58s / 100.6%  filo2  k=2
08:04:03 | i 56 | [ ASYNC BG] bg_ails  64.75s / 60.00s / 107.9%
08:04:03 | i 57 | [HAOS ROLL] k=2  λ=0.2  vb  kmedoids  filo2  P≈0.000701
08:04:03 | i 57 | [ Summary ] cost=190785.00  Δ_S*=+0.31%  Δ_BKS=+0.66%  Δ_S*_BKS=+0.35%  no_improve=50
08:04:03 | i 58 | [HAOS ROLL] k=2  λ=0.8  rb  ac_avg  filo2  P≈0.022058
08:04:04 | i 58 | [Phase 1/3] decompose  0.74s / — / —  λ=0.8  rb ac_avg
08:06:08 | i 58 | [Phase 2/3] route  124.28s / 124.32s / 100.0%  filo2  k=2
08:06:08 | i 57 | [ ASYNC BG] bg_ails  111.87s / 107.93s / 103.7%
08:06:08 | i 58 | [HAOS ROLL] k=2  λ=0.8  rb  ac_avg  filo2  P≈0.022058
08:06:09 | i 58 | [ Summary ] cost=190743.00  Δ_S*=+0.29%  Δ_BKS=+0.64%  Δ_S*_BKS=+0.35%  no_improve=52
08:06:09 | i 59 | [HAOS ROLL] k=4  λ=1.0  rb  ac_avg  filo2  P≈0.000662
08:06:09 | i 59 | [Phase 1/3] decompose  0.74s / — / —  λ=1.0  rb ac_avg
08:07:17 | i 59 | [Phase 2/3] route  67.17s / 67.44s / 99.6%  filo2  k=4
08:08:14 | i 58 | [ ASYNC BG] bg_ails  125.91s / 121.34s / 103.8%
08:08:14 | i 59 | [HAOS ROLL] k=4  λ=1.0  rb  ac_avg  filo2  P≈0.000662
08:08:15 | i 59 | [ Summary ] cost=191030.00  Δ_S*=+0.44%  Δ_BKS=+0.79%  Δ_S*_BKS=+0.35%  no_improve=54
08:08:15 | i 60 | [HAOS ROLL] k=10  λ=1.0  rb  ac_complete  filo2  P≈0.001297
08:08:15 | i 60 | [Phase 1/3] decompose  0.75s / — / —  λ=1.0  rb ac_complete
08:09:03 | i 60 | [Phase 2/3] route  48.14s / 34.50s / 139.5%  filo2  k=10
08:09:24 | i 59 | [ ASYNC BG] bg_ails  69.98s / 65.82s / 106.3%
08:09:24 | i 60 | [HAOS ROLL] k=10  λ=1.0  rb  ac_complete  filo2  P≈0.001297
08:09:25 | i 60 | [ Summary ] cost=191777.00  Δ_S*=+0.83%  Δ_BKS=+1.19%  Δ_S*_BKS=+0.35%  no_improve=56
08:09:25 | i 61 | [HAOS ROLL] k=10  λ=0.4  rb  ac_avg  filo  P≈0.001181
08:09:25 | i 61 | [Phase 1/3] decompose  0.75s / — / —  λ=0.4  rb ac_avg
08:10:13 | i 61 | [Phase 2/3] route  48.13s / 30.00s / 160.4%  filo  k=10
08:10:29 | i 60 | [ ASYNC BG] bg_ails  65.03s / 60.00s / 108.4%
08:10:29 | i 61 | [HAOS ROLL] k=10  λ=0.4  rb  ac_avg  filo  P≈0.001181
08:10:30 | i 61 | [ Summary ] cost=193699.00  Δ_S*=+1.84%  Δ_BKS=+2.20%  Δ_S*_BKS=+0.35%  no_improve=58
08:10:30 | i 62 | [HAOS ROLL] k=10  λ=0.0  rb  ac_avg  filo  P≈0.004140
08:10:30 | i 62 | [Phase 1/3] decompose  0.56s / — / —  λ=0.0  rb ac_avg
08:11:18 | i 62 | [Phase 2/3] route  48.13s / 30.00s / 160.4%  filo  k=10
08:11:34 | i 61 | [ ASYNC BG] bg_ails  64.92s / 60.00s / 108.2%
08:11:34 | i 62 | [HAOS ROLL] k=10  λ=0.0  rb  ac_avg  filo  P≈0.004140
08:11:35 | i 62 | [ Summary ] cost=193702.00  Δ_S*=+1.84%  Δ_BKS=+2.20%  Δ_S*_BKS=+0.35%  no_improve=60
08:11:35 | i 63 | [HAOS ROLL] k=10  λ=0.0  vb  ac_avg  filo2  P≈0.000959
08:11:35 | i 63 | [Phase 1/3] decompose  0.89s / — / —  λ=0.0  vb ac_avg
08:12:20 | i 63 | [Phase 2/3] route  44.13s / 33.90s / 130.2%  filo2  k=10
08:12:39 | i 62 | [ ASYNC BG] bg_ails  64.71s / 60.00s / 107.9%
08:12:39 | i 63 | [HAOS ROLL] k=10  λ=0.0  vb  ac_avg  filo2  P≈0.000959
08:12:39 | i 63 | [ Summary ] cost=193509.00  Δ_S*=+1.74%  Δ_BKS=+2.10%  Δ_S*_BKS=+0.35%  no_improve=62
08:12:39 | i 64 | [HAOS ROLL] k=10  λ=0.8  rb  ac_complete  filo2  P≈0.008454
08:12:40 | i 64 | [Phase 1/3] decompose  0.74s / — / —  λ=0.8  rb ac_complete
08:13:28 | i 64 | [Phase 2/3] route  48.14s / 34.50s / 139.5%  filo2  k=10
08:13:44 | i 63 | [ ASYNC BG] bg_ails  64.78s / 60.00s / 108.0%
08:13:44 | i 64 | [HAOS ROLL] k=10  λ=0.8  rb  ac_complete  filo2  P≈0.008454
08:13:44 | i 64 | [ Summary ] cost=191691.00  Δ_S*=+0.78%  Δ_BKS=+1.14%  Δ_S*_BKS=+0.35%  no_improve=64
08:13:44 | i 65 | [HAOS ROLL] k=2  λ=0.2  rb  ac_complete  filo2  P≈0.002646
08:13:45 | i 65 | [Phase 1/3] decompose  0.74s / — / —  λ=0.2  rb ac_complete
08:15:36 | i 65 | [Phase 2/3] route  111.25s / 111.42s / 99.8%  filo2  k=2
08:15:36 | i 64 | [ ASYNC BG] bg_ails  64.85s / 60.00s / 108.1%
08:15:36 | i 65 | [HAOS ROLL] k=2  λ=0.2  rb  ac_complete  filo2  P≈0.002646
08:15:37 | i 65 | [ Summary ] cost=191007.00  Δ_S*=+0.43%  Δ_BKS=+0.78%  Δ_S*_BKS=+0.35%  no_improve=66
08:15:37 | i 66 | [HAOS ROLL] k=10  λ=0.8  vb  fcm  ails2  P≈0.000757
08:15:38 | i 66 | [Phase 1/3] decompose  1.09s / — / —  λ=0.8  vb fcm
08:16:26 | i 66 | [Phase 2/3] route  47.81s / 24.42s / 195.8%  ails2  k=10
08:17:29 | i 65 | [ ASYNC BG] bg_ails  112.98s / 108.75s / 103.9%
08:17:29 | i 66 | [HAOS ROLL] k=10  λ=0.8  vb  fcm  ails2  P≈0.000757
08:17:29 | i 66 | [ Summary ] cost=194295.00  Δ_S*=+2.15%  Δ_BKS=+2.51%  Δ_S*_BKS=+0.35%  no_improve=68
08:17:29 | i 67 | [HAOS ROLL] k=12  λ=0.8  vb  ac_avg  filo  P≈0.000270
08:17:30 | i 67 | [Phase 1/3] decompose  1.10s / — / —  λ=0.8  vb ac_avg
08:18:10 | i 67 | [Phase 2/3] route  39.13s / 23.10s / 169.4%  filo  k=12
08:18:34 | i 66 | [ ASYNC BG] bg_ails  64.97s / 60.00s / 108.3%
08:18:34 | i 67 | [HAOS ROLL] k=12  λ=0.8  vb  ac_avg  filo  P≈0.000270
08:18:34 | i 67 | [ Summary ] cost=194507.00  Δ_S*=+2.27%  Δ_BKS=+2.63%  Δ_S*_BKS=+0.35%  no_improve=70
08:18:34 | i 68 | [HAOS ROLL] k=8  λ=0.0  rb  ac_avg  filo2  P≈0.004225
08:18:35 | i 68 | [Phase 1/3] decompose  0.57s / — / —  λ=0.0  rb ac_avg
08:19:22 | i 68 | [Phase 2/3] route  47.14s / 46.56s / 101.3%  filo2  k=8
08:19:39 | i 67 | [ ASYNC BG] bg_ails  64.83s / 60.00s / 108.1%
08:19:39 | i 68 | [HAOS ROLL] k=8  λ=0.0  rb  ac_avg  filo2  P≈0.004225
08:19:39 | i 68 | [ Summary ] cost=192355.00  Δ_S*=+1.13%  Δ_BKS=+1.49%  Δ_S*_BKS=+0.35%  no_improve=72
08:19:39 | i 69 | [HAOS ROLL] k=2  λ=0.6  vb  fcm  filo2  P≈0.000897
08:19:40 | i 69 | [Phase 1/3] decompose  0.83s / — / —  λ=0.6  vb fcm
08:21:29 | i 69 | [Phase 2/3] route  109.25s / 109.38s / 99.9%  filo2  k=2
08:21:29 | i 68 | [ ASYNC BG] bg_ails  66.63s / 62.03s / 107.4%
08:21:30 | i 69 | [HAOS ROLL] k=2  λ=0.6  vb  fcm  filo2  P≈0.000897
08:21:30 | i 69 | [ Summary ] cost=190964.00  Δ_S*=+0.40%  Δ_BKS=+0.76%  Δ_S*_BKS=+0.35%  no_improve=74
08:21:30 | i 70 | [HAOS ROLL] k=2  λ=0.6  rb  ac_avg  filo  P≈0.003230
08:21:30 | i 70 | [Phase 1/3] decompose  0.75s / — / —  λ=0.6  rb ac_avg
08:23:35 | i 70 | [Phase 2/3] route  124.29s / 124.32s / 100.0%  filo  k=2
08:23:35 | i 69 | [ ASYNC BG] bg_ails  110.88s / 106.75s / 103.9%
08:23:35 | i 70 | [HAOS ROLL] k=2  λ=0.6  rb  ac_avg  filo  P≈0.003230
08:23:35 | i 70 | [ Summary ] cost=190967.00  Δ_S*=+0.40%  Δ_BKS=+0.76%  Δ_S*_BKS=+0.35%  no_improve=76
08:23:35 | i — | [  FINAL  ] async BG-AILS totals launched=69 applied=69 adopted=2 launch_skipped_cap=1 crashes=0 discarded_in_flight=False block_wait_total_s=1676.7
08:24:05 | i — | [  FINAL  ] async SP/SC totals invocations=6 adopted=3 skipped=0 discarded_in_flight=True sp_busy_frac=0.407162187942804
08:24:05 | i — | [  FINAL  ] ════════════════════════════════════════
08:24:05 | i — | [  FINAL  ] Run complete  iterations=70  elapsed=02:00:41  best=190198.00
08:24:05 | i — | [  FINAL  ] Δ_BKS=+0.35%  no_improve_stop=False  time_stop=True  cancelled=False
08:24:05 | i — | [  FINAL  ] 
08:24:05 | i — | [  FINAL  ] [BEST SOLUTION — HAOS TAG SUMMARY]
08:24:05 | i — | [  FINAL  ] ────────────────────────────────────────
08:24:05 | i — | [  FINAL  ]   5 routes  vb  fcm  k=2  λ=0.8  solver=filo2
08:24:05 | i — | [  FINAL  ]   5 routes  vb  ac_complete  k=15  λ=0.8  solver=filo
08:24:05 | i — | [  FINAL  ]   5 routes  rb  kmeans  k=10  λ=0.8  solver=ails2
08:24:05 | i — | [  FINAL  ]   3 routes  rb  ac_complete  k=10  λ=0.0  solver=filo2
08:24:05 | i — | [  FINAL  ]   3 routes  rb  ac_avg  k=10  λ=0.0  solver=filo2
08:24:05 | i — | [  FINAL  ]   3 routes  rb  ac_avg  k=2  λ=0.8  solver=filo2
08:24:05 | i — | [  FINAL  ]   3 routes  rb  ac_avg  k=3  λ=0.0  solver=filo
08:24:05 | i — | [  FINAL  ]   3 routes  rb  ac_complete  k=4  λ=0.8  solver=pyvrp
08:24:05 | i — | [  FINAL  ]   3 routes  vb  ac_avg  k=12  λ=0.0  solver=pyvrp
08:24:05 | i — | [  FINAL  ]   3 routes  vb  kmeans  k=2  λ=1.0  solver=filo2
08:24:05 | i — | [  FINAL  ]   2 routes  rb  ac_avg  k=6  λ=0.8  solver=filo2
08:24:05 | i — | [  FINAL  ]   2 routes  rb  ac_avg  k=15  λ=0.2  solver=filo
08:24:05 | i — | [  FINAL  ]   2 routes  rb  ac_avg  k=2  λ=0.8  solver=pyvrp
08:24:05 | i — | [  FINAL  ]   2 routes  vb  ac_avg  k=2  λ=1.0  solver=filo
08:24:05 | i — | [  FINAL  ]   2 routes  rb  ac_avg  k=8  λ=0.6  solver=filo
08:24:05 | i — | [  FINAL  ]   1 routes  rb  ac_complete  k=8  λ=0.2  solver=ails2
08:24:05 | i — | [  FINAL  ]   1 routes  rb  ac_complete  k=10  λ=0.2  solver=ails2
08:24:05 | i — | [  FINAL  ]   1 routes  vb  kmeans  k=6  λ=0.6  solver=ails2
08:24:05 | i — | [  FINAL  ]   1 routes  rb  ac_avg  k=8  λ=0.6  solver=filo2
08:24:05 | i — | [  FINAL  ]   1 routes  rb  kmeans  k=2  λ=0.4  solver=filo2
08:24:05 | i — | [  FINAL  ]   1 routes  rb  ac_avg  k=3  λ=0.8  solver=filo2
08:24:05 | i — | [  FINAL  ]   1 routes  vb  ac_complete  k=3  λ=0.0  solver=filo
08:24:05 | i — | [  FINAL  ]   158 routes  post-SP/SC improvement
08:24:05 | i — | [  FINAL  ] 
08:24:05 | i — | [  FINAL  ] [ROUTE POOL — HAOS TAG SUMMARY]
08:24:05 | i — | [  FINAL  ] ────────────────────────────────────────
08:24:05 | i — | [  FINAL  ]   541 routes  rb  ac_avg  k=2  λ=0.8  solver=filo2
08:24:05 | i — | [  FINAL  ]   455 routes  vb  fcm  k=10  λ=0.8  solver=ails2
08:24:05 | i — | [  FINAL  ]   393 routes  rb  ac_complete  k=2  λ=0.2  solver=filo2
08:24:05 | i — | [  FINAL  ]   370 routes  vb  ac_avg  k=10  λ=0.0  solver=filo2
08:24:05 | i — | [  FINAL  ]   366 routes  vb  kmedoids  k=2  λ=0.2  solver=filo2
08:24:05 | i — | [  FINAL  ]   362 routes  vb  fcm  k=2  λ=0.6  solver=filo2
08:24:05 | i — | [  FINAL  ]   361 routes  vb  ac_avg  k=12  λ=0.8  solver=filo
08:24:05 | i — | [  FINAL  ]   335 routes  rb  ac_avg  k=4  λ=1.0  solver=filo2
08:24:05 | i — | [  FINAL  ]   302 routes  rb  ac_avg  k=10  λ=0.4  solver=filo
08:24:05 | i — | [  FINAL  ]   297 routes  rb  ac_complete  k=10  λ=1.0  solver=filo2
08:24:05 | i — | [  FINAL  ]   296 routes  rb  ac_complete  k=10  λ=0.8  solver=filo2
08:24:05 | i — | [  FINAL  ]   284 routes  rb  ac_avg  k=10  λ=0.0  solver=filo
08:24:05 | i — | [  FINAL  ]   279 routes  rb  ac_avg  k=8  λ=0.0  solver=filo2
08:24:05 | i — | [  FINAL  ]   229 routes  rb  kmeans  k=2  λ=0.2  solver=filo
08:24:05 | i — | [  FINAL  ]   213 routes  rb  kmeans  k=2  λ=0.8  solver=filo
08:24:05 | i — | [  FINAL  ]   196 routes  rb  ac_avg  k=6  λ=0.8  solver=filo2
08:24:05 | i — | [  FINAL  ]   177 routes  vb  fcm  k=2  λ=0.8  solver=filo2
08:24:05 | i — | [  FINAL  ]   174 routes  rb  ac_complete  k=12  λ=0.8  solver=filo2
08:24:05 | i — | [  FINAL  ]   159 routes  rb  ac_avg  k=2  λ=0.6  solver=filo
08:24:05 | i — | [  FINAL  ]   150 routes  rb  ac_avg  k=3  λ=0.0  solver=filo
08:24:05 | i — | [  FINAL  ]   148 routes  vb  ac_complete  k=15  λ=0.8  solver=filo
08:24:05 | i — | [  FINAL  ]   138 routes  rb  ac_complete  k=10  λ=0.0  solver=filo2
08:24:05 | i — | [  FINAL  ]   132 routes  rb  ac_avg  k=15  λ=0.2  solver=filo
08:24:05 | i — | [  FINAL  ]   130 routes  rb  ac_avg  k=2  λ=0.6  solver=filo2
08:24:05 | i — | [  FINAL  ]   129 routes  vb  kmeans  k=6  λ=0.6  solver=ails2
08:24:05 | i — | [  FINAL  ]   122 routes  rb  kmeans  k=10  λ=0.6  solver=filo
08:24:05 | i — | [  FINAL  ]   122 routes  vb  ac_avg  k=2  λ=1.0  solver=filo
08:24:05 | i — | [  FINAL  ]   122 routes  rb  ac_avg  k=2  λ=0.8  solver=ails2
08:24:05 | i — | [  FINAL  ]   121 routes  rb  ac_complete  k=4  λ=0.8  solver=pyvrp
08:24:05 | i — | [  FINAL  ]   120 routes  vb  ac_complete  k=3  λ=0.0  solver=filo
08:24:05 | i — | [  FINAL  ]   119 routes  rb  ac_avg  k=8  λ=0.6  solver=filo2
08:24:05 | i — | [  FINAL  ]   117 routes  rb  ac_avg  k=10  λ=0.0  solver=filo2
08:24:05 | i — | [  FINAL  ]   114 routes  rb  ac_avg  k=3  λ=0.8  solver=filo2
08:24:05 | i — | [  FINAL  ]   106 routes  rb  kmeans  k=10  λ=0.8  solver=ails2
08:24:05 | i — | [  FINAL  ]   105 routes  rb  ac_avg  k=2  λ=0.8  solver=filo
08:24:05 | i — | [  FINAL  ]   101 routes  vb  ac_avg  k=12  λ=0.0  solver=pyvrp
08:24:05 | i — | [  FINAL  ]   101 routes  vb  ac_avg  k=4  λ=0.6  solver=filo2
08:24:05 | i — | [  FINAL  ]   101 routes  rb  ac_avg  k=8  λ=1.0  solver=pyvrp
08:24:05 | i — | [  FINAL  ]   99 routes  rb  ac_complete  k=8  λ=0.2  solver=ails2
08:24:05 | i — | [  FINAL  ]   96 routes  rb  ac_complete  k=10  λ=0.8  solver=ails2
08:24:05 | i — | [  FINAL  ]   94 routes  rb  ac_avg  k=8  λ=0.8  solver=filo2
08:24:05 | i — | [  FINAL  ]   92 routes  vb  kmeans  k=12  λ=0.8  solver=filo2
08:24:05 | i — | [  FINAL  ]   89 routes  rb  ac_avg  k=10  λ=0.8  solver=filo2
08:24:05 | i — | [  FINAL  ]   79 routes  rb  ac_avg  k=10  λ=0.0  solver=pyvrp
08:24:05 | i — | [  FINAL  ]   78 routes  vb  fcm  k=10  λ=0.8  solver=filo2
08:24:05 | i — | [  FINAL  ]   72 routes  rb  ac_avg  k=2  λ=0.8  solver=pyvrp
08:24:05 | i — | [  FINAL  ]   71 routes  rb  ac_complete  k=10  λ=0.2  solver=ails2
08:24:05 | i — | [  FINAL  ]   67 routes  vb  ac_complete  k=2  λ=0.8  solver=pyvrp
08:24:05 | i — | [  FINAL  ]   66 routes  rb  ac_avg  k=8  λ=0.6  solver=filo
08:24:05 | i — | [  FINAL  ]   64 routes  vb  ac_complete  k=2  λ=0.2  solver=filo2
08:24:05 | i — | [  FINAL  ]   61 routes  rb  kmeans  k=15  λ=0.0  solver=filo2
08:24:05 | i — | [  FINAL  ]   60 routes  rb  ac_complete  k=8  λ=0.8  solver=filo2
08:24:05 | i — | [  FINAL  ]   51 routes  rb  kmeans  k=3  λ=1.0  solver=pyvrp
08:24:05 | i — | [  FINAL  ]   48 routes  vb  ac_complete  k=15  λ=0.8  solver=filo2
08:24:05 | i — | [  FINAL  ]   43 routes  rb  kmeans  k=8  λ=0.4  solver=pyvrp
08:24:05 | i — | [  FINAL  ]   38 routes  rb  kmeans  k=2  λ=0.4  solver=filo2
08:24:05 | i — | [  FINAL  ]   38 routes  vb  kmeans  k=2  λ=1.0  solver=filo2
08:24:05 | i — | [  FINAL  ]   37 routes  vb  ac_complete  k=6  λ=0.4  solver=filo
08:24:05 | i — | [  FINAL  ]   36 routes  rb  ac_avg  k=10  λ=0.6  solver=filo2
08:24:05 | i — | [  FINAL  ]   29 routes  rb  ac_avg  k=6  λ=0.0  solver=filo
08:24:05 | i — | [  FINAL  ]   26 routes  rb  ac_complete  k=2  λ=0.6  solver=filo2
08:24:05 | i — | [  FINAL  ]   18 routes  rb  ac_avg  k=10  λ=0.6  solver=ails2
08:24:05 | i — | [  FINAL  ]   461 routes  post-SP/SC improvement
08:24:05 | i — | [  FINAL  ] ════════════════════════════════════════
