05:10:16 | i — | [  INIT   ] ════════════════════════════════════════
05:10:16 | i — | [  INIT   ] DRISPI  instance=X-n1981-k13  n=1980  capacity=832
05:10:16 | i — | [  INIT   ] k domain (computed at init): [2, 3, 4, 6, 8, 10, 12]  k_ext=1  k_min=13  k_ext_bound=route_bound  spacing_rejected=0
05:10:16 | i — | [  INIT   ] ══════════════════════════════════════════════════════
05:10:16 | i — | [  INIT   ] CONFIGURATION
05:10:16 | i — | [  INIT   ] ── stopping ────────────────────────────────
05:10:16 | i — | [  INIT   ]   time_limit                  = 7200.0
05:10:16 | i — | [  INIT   ]   max_no_improve              = 1000000000
05:10:16 | i — | [  INIT   ] ── parallelism ─────────────────────────────
05:10:16 | i — | [  INIT   ]   n_workers                   = 8
05:10:16 | i — | [  INIT   ] ── cores ───────────────────────────────────
05:10:16 | i — | [  INIT   ]   cores_total                 = 8
05:10:16 | i — | [  INIT   ]   cores_dri                   = 6
05:10:16 | i — | [  INIT   ]   cores_bg                    = 1
05:10:16 | i — | [  INIT   ]   cores_sp                    = 1
05:10:16 | i — | [  INIT   ]   cores_cpu_list              = None
05:10:16 | i — | [  INIT   ] ── sp/sc ───────────────────────────────────
05:10:16 | i — | [  INIT   ]   sp_sc_mode                  = async
05:10:16 | i — | [  INIT   ]   sp_sc_trigger               = wallclock
05:10:16 | i — | [  INIT   ]   interval_minutes            = 20.0
05:10:16 | i — | [  INIT   ]   overlap_policy              = skip
05:10:16 | i — | [  INIT   ]   warmup_iterations           = 5
05:10:16 | i — | [  INIT   ]   sp_interval                 = 3
05:10:16 | i — | [  INIT   ]   min_coverage                = 5
05:10:16 | i — | [  INIT   ]   sp_time_limit               = 720.0
05:10:16 | i — | [  INIT   ]   mip_gap                     = 0.00025
05:10:16 | i — | [  INIT   ] ── decomposition ───────────────────────────
05:10:16 | i — | [  INIT   ]   decomp_k_base_arms          = [2, 3, 4, 6, 8, 10, 12]
05:10:16 | i — | [  INIT   ]   decomp_k_max_arms           = 10
05:10:16 | i — | [  INIT   ]   decomp_k_ext_per_1000       = 4
05:10:16 | i — | [  INIT   ]   decomp_k_min_routes_per_cluster= 8
05:10:16 | i — | [  INIT   ]   decomp_k_min_arm_spacing    = 2
05:10:16 | i — | [  INIT   ]   subcluster_rate_s_per_customer= 0.06
05:10:16 | i — | [  INIT   ]   subcluster_floor_s          = 5.0
05:10:16 | i — | [  INIT   ] ── bg_ails ─────────────────────────────────
05:10:16 | i — | [  INIT   ]   bg_ails_mode                = async
05:10:16 | i — | [  INIT   ]   bg_ails_crash_threshold     = 1
05:10:16 | i — | [  INIT   ]   bg_ails_budget_mode         = predicted_dr_wall
05:10:16 | i — | [  INIT   ]   bg_ails_budget_floor_s      = 60.0
05:10:16 | i — | [  INIT   ]   bg_ails_budget_margin       = 1.0
05:10:16 | i — | [  INIT   ]   bg_ails_wall_model_scale    = 0.976
05:10:16 | i — | [  INIT   ]   bg_ails_wall_model_wave_exponent= -0.18
05:10:16 | i — | [  INIT   ]   bg_ails_initial_omega       = 10
05:10:16 | i — | [  INIT   ]   bg_ails_boundary_threshold  = 0.5
05:10:16 | i — | [  INIT   ]   bg_ails_small_cluster_cap   = 20
05:10:16 | i — | [  INIT   ]   bg_ails_small_cluster_alpha = 0.5
05:10:16 | i — | [  INIT   ]   bg_ails_pair_selection      = greedy
05:10:16 | i — | [  INIT   ]   bg_ails_n_chains_mode       = k
05:10:16 | i — | [  INIT   ]   bg_ails_unique_first_routes = True
05:10:16 | i — | [  INIT   ]   bg_ails_boundary_mask_first_ls= True
05:10:16 | i — | [  INIT   ] ── standard_improvement ────────────────────
05:10:16 | i — | [  INIT   ]   standard_improvement_time_limit= 360.0
05:10:16 | i — | [  INIT   ] ── pool ────────────────────────────────────
05:10:16 | i — | [  INIT   ]   max_pool_size               = 10000
05:10:16 | i — | [  INIT   ]   pool_diversity_weight       = 0.5
05:10:16 | i — | [  INIT   ] ── haos ────────────────────────────────────
05:10:16 | i — | [  INIT   ]   haos_decay                  = 0.95
05:10:16 | i — | [  INIT   ]   haos_warmup                 = 10
05:10:16 | i — | [  INIT   ]   haos_starting_weight        = 10.0
05:10:16 | i — | [  INIT   ]   haos_min_weight_k           = 0.025
05:10:16 | i — | [  INIT   ]   haos_min_weight_lambda      = 0.05
05:10:16 | i — | [  INIT   ]   haos_min_weight_paradigm    = 0.1
05:10:16 | i — | [  INIT   ]   haos_min_weight_vertex_method= 0.05
05:10:16 | i — | [  INIT   ]   haos_min_weight_route_method= 0.05
05:10:16 | i — | [  INIT   ]   haos_min_weight_solver      = 0.05
05:10:16 | i — | [  INIT   ]   haos_lambda_demand_values   = [0.0, 0.2, 0.4, 0.6, 0.8, 1.0]
05:10:16 | i — | [  INIT   ]   haos_paradigm_values        = ['vertex', 'route']
05:10:16 | i — | [  INIT   ]   haos_vertex_method_values   = ['kmeans', 'agglomerative_avg', 'agglomerative_complete', 'kmedoids', 'fcm']
05:10:16 | i — | [  INIT   ]   haos_route_method_values    = ['kmeans', 'agglomerative_avg', 'agglomerative_complete']
05:10:16 | i — | [  INIT   ]   haos_solver_values          = ['pyvrp', 'filo', 'filo2', 'ails2']
05:10:16 | i — | [  INIT   ] ── haos_rewards ────────────────────────────
05:10:16 | i — | [  INIT   ]   haos_reward_new_best        = 10.0
05:10:16 | i — | [  INIT   ]   haos_reward_improvement     = 4.0
05:10:16 | i — | [  INIT   ]   haos_reward_no_improvement  = 1.0
05:10:16 | i — | [  INIT   ]   haos_reward_no_solution     = 0.0
05:10:16 | i — | [  INIT   ]   haos_deferred_new_best      = 7.0
05:10:16 | i — | [  INIT   ]   haos_deferred_improvement   = 3.0
05:10:16 | i — | [  INIT   ]   haos_deferred_no_improvement= 0.0
05:10:16 | i — | [  INIT   ] ── seed ────────────────────────────────────
05:10:16 | i — | [  INIT   ]   seed                        = 22
05:10:16 | i — | [  INIT   ] ── output ──────────────────────────────────
05:10:16 | i — | [  INIT   ]   output_dir                  = /app/artifacts/benchmark/X-n1981-k13/seed22
05:10:16 | i — | [  INIT   ]   run_analysis                = False
05:10:16 | i — | [  INIT   ] ══════════════════════════════════════════════════════
05:10:16 | i — | [  INIT   ] BKS=32546.00
05:10:16 | i — | [  INIT   ] ════════════════════════════════════════
05:10:16 | i 1 | [HAOS ROLL] k=6  λ=0.8  vb  fcm  filo2  P≈0.000595
05:10:17 | i 1 | [Phase 1/3] decompose  0.78s / — / —  λ=0.8  vb fcm
05:10:48 | i 1 | [Phase 2/3] route  31.24s / 31.02s / 100.7%  filo2  k=6
05:10:48 | i 1 | [ IMPROVE ] 36762.00  via decompose_route  ·  Δ_BKS=+12.95%
05:10:48 | i 1 | [HAOS ROLL] k=6  λ=0.8  vb  fcm  filo2  P≈0.000595
05:10:48 | i 1 | [ Summary ] cost=36762.00  Δ_S*=+0.00%  Δ_BKS=+12.95%  Δ_S*_BKS=+12.95%  no_improve=0
05:10:48 | i 2 | [HAOS ROLL] k=12  λ=0.4  vb  kmedoids  filo  P≈0.000595
05:10:51 | i 2 | [Phase 1/3] decompose  2.80s / — / —  λ=0.4  vb kmedoids
05:11:15 | i 2 | [Phase 2/3] route  24.07s / 15.72s / 153.1%  filo  k=12
05:11:51 | i 1 | [ IMPROVE ] 32871.00  via bg_ails  ·  Δ_BKS=+1.00%
05:11:51 | i 1 | [ ASYNC BG] bg_ails  62.81s / 60.00s / 104.7%
05:11:51 | i 2 | [HAOS ROLL] k=12  λ=0.4  vb  kmedoids  filo  P≈0.000595
05:11:51 | i 2 | [ Summary ] cost=39621.00  Δ_S*=+20.53%  Δ_BKS=+21.74%  Δ_S*_BKS=+1.00%  no_improve=1
05:11:51 | i 3 | [HAOS ROLL] k=10  λ=0.6  rb  ac_avg  filo  P≈0.000992
05:11:51 | i 3 | [Phase 1/3] decompose  0.29s / — / —  λ=0.6  rb ac_avg
05:12:19 | i 3 | [Phase 2/3] route  28.09s / 27.60s / 101.8%  filo  k=10
05:12:54 | i 2 | [ ASYNC BG] bg_ails  62.87s / 60.00s / 104.8%
05:12:54 | i 3 | [HAOS ROLL] k=10  λ=0.6  rb  ac_avg  filo  P≈0.000992
05:12:54 | i 3 | [ Summary ] cost=32888.00  Δ_S*=+0.05%  Δ_BKS=+1.05%  Δ_S*_BKS=+1.00%  no_improve=3
05:12:54 | i 4 | [HAOS ROLL] k=2  λ=0.0  vb  kmeans  filo2  P≈0.000595
05:12:54 | i 4 | [Phase 1/3] decompose  0.16s / — / —  λ=0.0  vb kmeans
05:13:55 | i 4 | [Phase 2/3] route  61.10s / 60.78s / 100.5%  filo2  k=2
05:13:56 | i 3 | [ IMPROVE ] 32783.00  via bg_ails  ·  Δ_BKS=+0.73%
05:13:56 | i 3 | [ ASYNC BG] bg_ails  62.83s / 60.00s / 104.7%
05:13:56 | i 4 | [HAOS ROLL] k=2  λ=0.0  vb  kmeans  filo2  P≈0.000595
05:13:56 | i 4 | [ Summary ] cost=33245.00  Δ_S*=+1.41%  Δ_BKS=+2.15%  Δ_S*_BKS=+0.73%  no_improve=1
05:13:56 | i 5 | [HAOS ROLL] k=10  λ=0.8  vb  kmedoids  filo2  P≈0.000595
05:13:57 | i 5 | [Phase 1/3] decompose  0.27s / — / —  λ=0.8  vb kmedoids
05:14:22 | i 5 | [Phase 2/3] route  25.09s / 21.00s / 119.5%  filo2  k=10
05:14:59 | i 4 | [ ASYNC BG] bg_ails  62.65s / 60.00s / 104.4%
05:14:59 | i 5 | [HAOS ROLL] k=10  λ=0.8  vb  kmedoids  filo2  P≈0.000595
05:14:59 | i 5 | [ Summary ] cost=38891.00  Δ_S*=+18.63%  Δ_BKS=+19.50%  Δ_S*_BKS=+0.73%  no_improve=3
05:14:59 | i 6 | [HAOS ROLL] k=8  λ=0.0  vb  kmeans  ails2  P≈0.000595
05:14:59 | i 6 | [Phase 1/3] decompose  0.15s / — / —  λ=0.0  vb kmeans
05:15:40 | i 6 | [Phase 2/3] route  40.77s / 33.96s / 120.1%  ails2  k=8
05:16:02 | i 5 | [ ASYNC BG] bg_ails  62.65s / 60.00s / 104.4%
05:16:02 | i 6 | [HAOS ROLL] k=8  λ=0.0  vb  kmeans  ails2  P≈0.000595
05:16:02 | i 6 | [ Summary ] cost=36836.00  Δ_S*=+12.36%  Δ_BKS=+13.18%  Δ_S*_BKS=+0.73%  no_improve=5
05:16:02 | i 7 | [HAOS ROLL] k=6  λ=0.0  rb  kmeans  filo  P≈0.000992
05:16:02 | i 7 | [Phase 1/3] decompose  0.15s / — / —  λ=0.0  rb kmeans
05:16:47 | i 7 | [Phase 2/3] route  45.11s / 45.24s / 99.7%  filo  k=6
05:17:05 | i 6 | [ ASYNC BG] bg_ails  62.81s / 60.00s / 104.7%
05:17:05 | i 7 | [HAOS ROLL] k=6  λ=0.0  rb  kmeans  filo  P≈0.000992
05:17:05 | i 7 | [ Summary ] cost=32849.00  Δ_S*=+0.20%  Δ_BKS=+0.93%  Δ_S*_BKS=+0.73%  no_improve=7
05:17:05 | i 8 | [HAOS ROLL] k=2  λ=1.0  rb  ac_complete  filo2  P≈0.000992
05:17:05 | i 8 | [Phase 1/3] decompose  0.19s / — / —  λ=1.0  rb ac_complete
05:18:28 | i 8 | [Phase 2/3] route  83.14s / 83.04s / 100.1%  filo2  k=2
05:18:28 | i 7 | [ ASYNC BG] bg_ails  62.68s / 60.00s / 104.5%
05:18:28 | i 8 | [HAOS ROLL] k=2  λ=1.0  rb  ac_complete  filo2  P≈0.000992
05:18:28 | i 8 | [ Summary ] cost=32915.00  Δ_S*=+0.40%  Δ_BKS=+1.13%  Δ_S*_BKS=+0.73%  no_improve=9
05:18:28 | i 9 | [HAOS ROLL] k=2  λ=0.0  rb  kmeans  filo  P≈0.000992
05:18:28 | i 9 | [Phase 1/3] decompose  0.15s / — / —  λ=0.0  rb kmeans
05:19:32 | i 9 | [Phase 2/3] route  64.12s / 64.50s / 99.4%  filo  k=2
05:19:52 | i 8 | [ ASYNC BG] bg_ails  83.75s / 81.05s / 103.3%
05:19:52 | i 9 | [HAOS ROLL] k=2  λ=0.0  rb  kmeans  filo  P≈0.000992
05:19:52 | i 9 | [ Summary ] cost=32952.00  Δ_S*=+0.52%  Δ_BKS=+1.25%  Δ_S*_BKS=+0.73%  no_improve=11
05:19:52 | i 10 | [HAOS ROLL] k=8  λ=0.0  rb  ac_avg  filo2  P≈0.000992
05:19:52 | i 10 | [Phase 1/3] decompose  0.15s / — / —  λ=0.0  rb ac_avg
05:20:29 | i 10 | [Phase 2/3] route  37.10s / 36.66s / 101.2%  filo2  k=8
05:20:56 | i 9 | [ ASYNC BG] bg_ails  64.77s / 62.95s / 102.9%
05:20:56 | i 10 | [HAOS ROLL] k=8  λ=0.0  rb  ac_avg  filo2  P≈0.000992
05:20:56 | i 10 | [ Summary ] cost=32865.00  Δ_S*=+0.25%  Δ_BKS=+0.98%  Δ_S*_BKS=+0.73%  no_improve=13
05:20:56 | i 11 | [HAOS ROLL] k=10  λ=1.0  vb  ac_avg  ails2  P≈0.000595
05:20:57 | i 11 | [Phase 1/3] decompose  0.27s / — / —  λ=1.0  vb ac_avg
05:21:36 | i 11 | [Phase 2/3] route  39.64s / 38.70s / 102.4%  ails2  k=10
05:21:59 | i 10 | [ IMPROVE ] 32755.00  via bg_ails  ·  Δ_BKS=+0.64%
05:21:59 | i 10 | [ ASYNC BG] bg_ails  62.82s / 60.00s / 104.7%
05:21:59 | i 11 | [HAOS ROLL] k=10  λ=1.0  vb  ac_avg  ails2  P≈0.000595
05:21:59 | i 11 | [ Summary ] cost=38174.00  Δ_S*=+16.54%  Δ_BKS=+17.29%  Δ_S*_BKS=+0.64%  no_improve=1
05:21:59 | i 12 | [HAOS ROLL] k=12  λ=0.8  vb  kmedoids  ails2  P≈0.000614
05:22:00 | i 12 | [Phase 1/3] decompose  0.32s / — / —  λ=0.8  vb kmedoids
05:22:28 | i 12 | [Phase 2/3] route  28.60s / 15.66s / 182.6%  ails2  k=12
05:23:02 | i 11 | [ ASYNC BG] bg_ails  62.79s / 60.00s / 104.6%
05:23:02 | i 12 | [HAOS ROLL] k=12  λ=0.8  vb  kmedoids  ails2  P≈0.000614
05:23:02 | i 12 | [ Summary ] cost=39635.00  Δ_S*=+21.00%  Δ_BKS=+21.78%  Δ_S*_BKS=+0.64%  no_improve=3
05:23:02 | i 6 | [ASYNC 1/2] sp_sc  0.02s / 720.00s / 0.0%  SP  avg_coverage=10.39/5  pool=156
05:23:02 | i 6 | [ASYNC 2/2] standard_ails  362.67s / 360.00s / 100.7%
05:23:02 | i 6 | [ IMPROVE ] 32722.00  via standard_ails  ·  Δ_BKS=+0.54%
05:23:02 | i 13 | [HAOS ROLL] k=10  λ=0.2  vb  kmedoids  filo2  P≈0.000740
05:23:02 | i 13 | [Phase 1/3] decompose  0.29s / — / —  λ=0.2  vb kmedoids
05:23:27 | i 13 | [Phase 2/3] route  24.09s / 20.94s / 115.1%  filo2  k=10
05:24:05 | i 12 | [ ASYNC BG] bg_ails  62.83s / 60.00s / 104.7%
05:24:05 | i 13 | [HAOS ROLL] k=10  λ=0.2  vb  kmedoids  filo2  P≈0.000740
05:24:05 | i 13 | [ Summary ] cost=38934.00  Δ_S*=+18.98%  Δ_BKS=+19.63%  Δ_S*_BKS=+0.54%  no_improve=2
05:24:05 | i 14 | [HAOS ROLL] k=2  λ=0.6  vb  fcm  ails2  P≈0.000303
05:24:05 | i 14 | [Phase 1/3] decompose  0.19s / — / —  λ=0.6  vb fcm
05:25:08 | i 14 | [Phase 2/3] route  62.61s / 61.08s / 102.5%  ails2  k=2
05:25:08 | i 13 | [ ASYNC BG] bg_ails  62.77s / 60.00s / 104.6%
05:25:08 | i 14 | [HAOS ROLL] k=2  λ=0.6  vb  fcm  ails2  P≈0.000303
05:25:08 | i 14 | [ Summary ] cost=33254.00  Δ_S*=+1.63%  Δ_BKS=+2.18%  Δ_S*_BKS=+0.54%  no_improve=4
05:25:08 | i 15 | [HAOS ROLL] k=2  λ=1.0  rb  kmeans  pyvrp  P≈0.000463
05:25:08 | i 15 | [Phase 1/3] decompose  0.19s / — / —  λ=1.0  rb kmeans
05:26:15 | i 15 | [Phase 2/3] route  66.66s / 63.90s / 104.3%  pyvrp  k=2
05:26:15 | i 14 | [ ASYNC BG] bg_ails  62.70s / 60.00s / 104.5%
05:26:15 | i 15 | [HAOS ROLL] k=2  λ=1.0  rb  kmeans  pyvrp  P≈0.000463
05:26:15 | i 15 | [ Summary ] cost=33089.00  Δ_S*=+1.12%  Δ_BKS=+1.67%  Δ_S*_BKS=+0.54%  no_improve=6
05:26:15 | i 16 | [HAOS ROLL] k=10  λ=0.8  rb  ac_complete  ails2  P≈0.000856
05:26:15 | i 16 | [Phase 1/3] decompose  0.20s / — / —  λ=0.8  rb ac_complete
05:26:44 | i 16 | [Phase 2/3] route  28.78s / 18.60s / 154.7%  ails2  k=10
05:27:20 | i 15 | [ ASYNC BG] bg_ails  64.84s / 62.37s / 104.0%
05:27:20 | i 16 | [HAOS ROLL] k=10  λ=0.8  rb  ac_complete  ails2  P≈0.000856
05:27:20 | i 16 | [ Summary ] cost=32735.00  Δ_S*=+0.04%  Δ_BKS=+0.58%  Δ_S*_BKS=+0.54%  no_improve=8
05:27:20 | i 17 | [HAOS ROLL] k=4  λ=0.0  vb  ac_complete  pyvrp  P≈0.000278
05:27:20 | i 17 | [Phase 1/3] decompose  0.23s / — / —  λ=0.0  vb ac_complete
05:28:07 | i 17 | [Phase 2/3] route  46.96s / 45.36s / 103.5%  pyvrp  k=4
05:28:22 | i 16 | [ ASYNC BG] bg_ails  62.73s / 60.00s / 104.5%
05:28:22 | i 17 | [HAOS ROLL] k=4  λ=0.0  vb  ac_complete  pyvrp  P≈0.000278
05:28:22 | i 17 | [ Summary ] cost=35568.00  Δ_S*=+8.70%  Δ_BKS=+9.29%  Δ_S*_BKS=+0.54%  no_improve=10
05:28:22 | i 18 | [HAOS ROLL] k=10  λ=0.2  rb  kmeans  filo  P≈0.001907
05:28:22 | i 18 | [Phase 1/3] decompose  0.19s / — / —  λ=0.2  rb kmeans
05:28:50 | i 18 | [Phase 2/3] route  27.09s / 18.60s / 145.7%  filo  k=10
05:29:25 | i 17 | [ ASYNC BG] bg_ails  62.61s / 60.00s / 104.3%
05:29:25 | i 18 | [HAOS ROLL] k=10  λ=0.2  rb  kmeans  filo  P≈0.001907
05:29:25 | i 18 | [ Summary ] cost=32787.00  Δ_S*=+0.20%  Δ_BKS=+0.74%  Δ_S*_BKS=+0.54%  no_improve=12
05:29:25 | i 19 | [HAOS ROLL] k=12  λ=0.8  vb  ac_avg  filo2  P≈0.000215
05:29:25 | i 19 | [Phase 1/3] decompose  0.26s / — / —  λ=0.8  vb ac_avg
05:30:02 | i 19 | [Phase 2/3] route  37.10s / 37.38s / 99.3%  filo2  k=12
05:30:28 | i 18 | [ ASYNC BG] bg_ails  62.64s / 60.00s / 104.4%
05:30:28 | i 19 | [HAOS ROLL] k=12  λ=0.8  vb  ac_avg  filo2  P≈0.000215
05:30:28 | i 19 | [ Summary ] cost=39497.00  Δ_S*=+20.70%  Δ_BKS=+21.36%  Δ_S*_BKS=+0.54%  no_improve=14
05:30:28 | i 20 | [HAOS ROLL] k=12  λ=0.2  vb  fcm  pyvrp  P≈0.000325
05:30:28 | i 20 | [Phase 1/3] decompose  0.33s / — / —  λ=0.2  vb fcm
05:30:50 | i 20 | [Phase 2/3] route  21.89s / 14.64s / 149.5%  pyvrp  k=12
05:31:30 | i 19 | [ ASYNC BG] bg_ails  62.88s / 60.00s / 104.8%
05:31:30 | i 20 | [HAOS ROLL] k=12  λ=0.2  vb  fcm  pyvrp  P≈0.000325
05:31:30 | i 20 | [ Summary ] cost=39296.00  Δ_S*=+20.09%  Δ_BKS=+20.74%  Δ_S*_BKS=+0.54%  no_improve=16
05:31:30 | i 21 | [HAOS ROLL] k=4  λ=0.0  vb  ac_avg  filo2  P≈0.000787
05:31:31 | i 21 | [Phase 1/3] decompose  0.23s / — / —  λ=0.0  vb ac_avg
05:32:25 | i 21 | [Phase 2/3] route  54.11s / 53.64s / 100.9%  filo2  k=4
05:32:33 | i 20 | [ ASYNC BG] bg_ails  62.85s / 60.00s / 104.8%
05:32:33 | i 21 | [HAOS ROLL] k=4  λ=0.0  vb  ac_avg  filo2  P≈0.000787
05:32:33 | i 21 | [ Summary ] cost=34581.00  Δ_S*=+5.68%  Δ_BKS=+6.25%  Δ_S*_BKS=+0.54%  no_improve=18
05:32:33 | i 22 | [HAOS ROLL] k=10  λ=1.0  vb  fcm  filo2  P≈0.001026
05:32:34 | i 22 | [Phase 1/3] decompose  0.34s / — / —  λ=1.0  vb fcm
05:32:57 | i 22 | [Phase 2/3] route  23.09s / 21.36s / 108.1%  filo2  k=10
05:33:36 | i 21 | [ ASYNC BG] bg_ails  62.90s / 60.00s / 104.8%
05:33:36 | i 22 | [HAOS ROLL] k=10  λ=1.0  vb  fcm  filo2  P≈0.001026
05:33:36 | i 22 | [ Summary ] cost=38106.00  Δ_S*=+16.45%  Δ_BKS=+17.08%  Δ_S*_BKS=+0.54%  no_improve=20
05:33:36 | i 23 | [HAOS ROLL] k=6  λ=0.8  vb  kmeans  pyvrp  P≈0.000336
05:33:36 | i 23 | [Phase 1/3] decompose  0.20s / — / —  λ=0.8  vb kmeans
05:34:13 | i 23 | [Phase 2/3] route  36.62s / 35.52s / 103.1%  pyvrp  k=6
05:34:39 | i 22 | [ ASYNC BG] bg_ails  62.86s / 60.00s / 104.8%
05:34:39 | i 23 | [HAOS ROLL] k=6  λ=0.8  vb  kmeans  pyvrp  P≈0.000336
05:34:39 | i 23 | [ Summary ] cost=36461.00  Δ_S*=+11.43%  Δ_BKS=+12.03%  Δ_S*_BKS=+0.54%  no_improve=22
05:34:39 | i 24 | [HAOS ROLL] k=10  λ=0.2  rb  kmeans  pyvrp  P≈0.002027
05:34:39 | i 24 | [Phase 1/3] decompose  0.19s / — / —  λ=0.2  rb kmeans
05:35:07 | i 24 | [Phase 2/3] route  27.96s / 18.60s / 150.3%  pyvrp  k=10
05:35:42 | i 23 | [ ASYNC BG] bg_ails  62.89s / 60.00s / 104.8%
05:35:42 | i 24 | [HAOS ROLL] k=10  λ=0.2  rb  kmeans  pyvrp  P≈0.002027
05:35:42 | i 24 | [ Summary ] cost=32903.00  Δ_S*=+0.55%  Δ_BKS=+1.10%  Δ_S*_BKS=+0.54%  no_improve=24
05:35:42 | i 25 | [HAOS ROLL] k=6  λ=0.8  rb  kmeans  ails2  P≈0.000875
05:35:42 | i 25 | [Phase 1/3] decompose  0.19s / — / —  λ=0.8  rb kmeans
05:36:21 | i 25 | [Phase 2/3] route  38.69s / 37.02s / 104.5%  ails2  k=6
05:36:45 | i 24 | [ ASYNC BG] bg_ails  62.73s / 60.00s / 104.5%
05:36:45 | i 25 | [HAOS ROLL] k=6  λ=0.8  rb  kmeans  ails2  P≈0.000875
05:36:45 | i 25 | [ Summary ] cost=32797.00  Δ_S*=+0.23%  Δ_BKS=+0.77%  Δ_S*_BKS=+0.54%  no_improve=26
05:36:45 | i 26 | [HAOS ROLL] k=2  λ=1.0  vb  kmedoids  filo  P≈0.000284
05:36:45 | i 26 | [Phase 1/3] decompose  0.31s / — / —  λ=1.0  vb kmedoids
05:37:46 | i 26 | [Phase 2/3] route  61.11s / 61.14s / 100.0%  filo  k=2
05:37:47 | i 25 | [ ASYNC BG] bg_ails  62.75s / 60.00s / 104.6%
05:37:47 | i 26 | [HAOS ROLL] k=2  λ=1.0  vb  kmedoids  filo  P≈0.000284
05:37:47 | i 26 | [ Summary ] cost=33408.00  Δ_S*=+2.10%  Δ_BKS=+2.65%  Δ_S*_BKS=+0.54%  no_improve=28
05:37:47 | i 27 | [HAOS ROLL] k=6  λ=0.8  rb  kmeans  filo2  P≈0.001842
05:37:48 | i 27 | [Phase 1/3] decompose  0.20s / — / —  λ=0.8  rb kmeans
05:38:26 | i 27 | [Phase 2/3] route  38.11s / 37.68s / 101.2%  filo2  k=6
05:38:50 | i 26 | [ ASYNC BG] bg_ails  62.74s / 60.00s / 104.6%
05:38:50 | i 27 | [HAOS ROLL] k=6  λ=0.8  rb  kmeans  filo2  P≈0.001842
05:38:50 | i 27 | [ Summary ] cost=32729.00  Δ_S*=+0.02%  Δ_BKS=+0.56%  Δ_S*_BKS=+0.54%  no_improve=30
05:38:50 | i 28 | [HAOS ROLL] k=12  λ=0.8  rb  kmeans  pyvrp  P≈0.001898
05:38:50 | i 28 | [Phase 1/3] decompose  0.20s / — / —  λ=0.8  rb kmeans
05:39:18 | i 28 | [Phase 2/3] route  28.02s / 18.60s / 150.6%  pyvrp  k=12
05:39:53 | i 27 | [ ASYNC BG] bg_ails  62.85s / 60.00s / 104.7%
05:39:53 | i 28 | [HAOS ROLL] k=12  λ=0.8  rb  kmeans  pyvrp  P≈0.001898
05:39:53 | i 28 | [ Summary ] cost=32964.00  Δ_S*=+0.74%  Δ_BKS=+1.28%  Δ_S*_BKS=+0.54%  no_improve=32
05:39:53 | i 29 | [HAOS ROLL] k=2  λ=0.6  rb  kmeans  filo2  P≈0.001211
05:39:53 | i 29 | [Phase 1/3] decompose  0.20s / — / —  λ=0.6  rb kmeans
05:40:58 | i 29 | [Phase 2/3] route  65.12s / 64.56s / 100.9%  filo2  k=2
05:40:58 | i 28 | [ ASYNC BG] bg_ails  62.77s / 60.00s / 104.6%
05:40:58 | i 29 | [HAOS ROLL] k=2  λ=0.6  rb  kmeans  filo2  P≈0.001211
05:40:58 | i 29 | [ Summary ] cost=33176.00  Δ_S*=+1.39%  Δ_BKS=+1.94%  Δ_S*_BKS=+0.54%  no_improve=34
05:40:58 | i 30 | [HAOS ROLL] k=8  λ=0.8  vb  ac_avg  pyvrp  P≈0.000825
05:40:59 | i 30 | [Phase 1/3] decompose  0.27s / — / —  λ=0.8  vb ac_avg
05:41:44 | i 30 | [Phase 2/3] route  45.67s / 37.38s / 122.2%  pyvrp  k=8
05:42:04 | i 29 | [ ASYNC BG] bg_ails  65.77s / 63.01s / 104.4%
05:42:04 | i 30 | [HAOS ROLL] k=8  λ=0.8  vb  ac_avg  pyvrp  P≈0.000825
05:42:04 | i 30 | [ Summary ] cost=37786.00  Δ_S*=+15.48%  Δ_BKS=+16.10%  Δ_S*_BKS=+0.54%  no_improve=36
05:42:04 | i 31 | [HAOS ROLL] k=6  λ=0.6  rb  kmeans  pyvrp  P≈0.002242
05:42:04 | i 31 | [Phase 1/3] decompose  0.19s / — / —  λ=0.6  rb kmeans
05:42:43 | i 31 | [Phase 2/3] route  38.22s / 37.02s / 103.2%  pyvrp  k=6
05:43:10 | i 30 | [ ASYNC BG] bg_ails  65.95s / 63.79s / 103.4%
05:43:10 | i 31 | [HAOS ROLL] k=6  λ=0.6  rb  kmeans  pyvrp  P≈0.002242
05:43:10 | i 31 | [ Summary ] cost=32948.00  Δ_S*=+0.69%  Δ_BKS=+1.24%  Δ_S*_BKS=+0.54%  no_improve=38
05:43:10 | i 25 | [ASYNC 1/2] sp_sc  0.30s / 720.00s / 0.0%  SP  avg_coverage=45.80/5  pool=658
05:43:10 | i 25 | [ASYNC 2/2] standard_ails  362.57s / 360.00s / 100.7%
05:43:10 | i 25 | [ IMPROVE ] 32703.00  via standard_ails  ·  Δ_BKS=+0.48%
05:43:10 | i 32 | [HAOS ROLL] k=8  λ=0.8  rb  kmeans  pyvrp  P≈0.004391
05:43:11 | i 32 | [Phase 1/3] decompose  0.19s / — / —  λ=0.8  rb kmeans
05:43:49 | i 32 | [Phase 2/3] route  37.94s / 36.66s / 103.5%  pyvrp  k=8
05:44:13 | i 31 | [ ASYNC BG] bg_ails  62.93s / 60.00s / 104.9%
05:44:13 | i 32 | [HAOS ROLL] k=8  λ=0.8  rb  kmeans  pyvrp  P≈0.004391
05:44:13 | i 32 | [ Summary ] cost=32963.00  Δ_S*=+0.80%  Δ_BKS=+1.28%  Δ_S*_BKS=+0.48%  no_improve=2
05:44:13 | i 33 | [HAOS ROLL] k=6  λ=0.4  rb  ac_complete  filo  P≈0.000509
05:44:13 | i 33 | [Phase 1/3] decompose  0.19s / — / —  λ=0.4  rb ac_complete
05:44:50 | i 33 | [Phase 2/3] route  37.11s / 37.32s / 99.4%  filo  k=6
05:45:16 | i 32 | [ ASYNC BG] bg_ails  62.81s / 60.00s / 104.7%
05:45:16 | i 33 | [HAOS ROLL] k=6  λ=0.4  rb  ac_complete  filo  P≈0.000509
05:45:16 | i 33 | [ Summary ] cost=32769.00  Δ_S*=+0.20%  Δ_BKS=+0.69%  Δ_S*_BKS=+0.48%  no_improve=4
05:45:16 | i 34 | [HAOS ROLL] k=10  λ=0.4  vb  ac_avg  filo2  P≈0.000694
05:45:16 | i 34 | [Phase 1/3] decompose  0.26s / — / —  λ=0.4  vb ac_avg
05:45:58 | i 34 | [Phase 2/3] route  42.11s / 37.38s / 112.6%  filo2  k=10
05:46:19 | i 33 | [ ASYNC BG] bg_ails  62.73s / 60.00s / 104.5%
05:46:19 | i 34 | [HAOS ROLL] k=10  λ=0.4  vb  ac_avg  filo2  P≈0.000694
05:46:19 | i 34 | [ Summary ] cost=38907.00  Δ_S*=+18.97%  Δ_BKS=+19.54%  Δ_S*_BKS=+0.48%  no_improve=6
05:46:19 | i 35 | [HAOS ROLL] k=6  λ=0.4  rb  kmeans  pyvrp  P≈0.003156
05:46:19 | i 35 | [Phase 1/3] decompose  0.19s / — / —  λ=0.4  rb kmeans
05:46:57 | i 35 | [Phase 2/3] route  38.48s / 37.32s / 103.1%  pyvrp  k=6
05:47:24 | i 34 | [ ASYNC BG] bg_ails  65.77s / 63.79s / 103.1%
05:47:24 | i 35 | [HAOS ROLL] k=6  λ=0.4  rb  kmeans  pyvrp  P≈0.003156
05:47:24 | i 35 | [ Summary ] cost=33102.00  Δ_S*=+1.22%  Δ_BKS=+1.71%  Δ_S*_BKS=+0.48%  no_improve=8
05:47:24 | i 36 | [HAOS ROLL] k=6  λ=0.8  vb  kmeans  pyvrp  P≈0.001367
05:47:25 | i 36 | [Phase 1/3] decompose  0.21s / — / —  λ=0.8  vb kmeans
05:48:01 | i 36 | [Phase 2/3] route  36.74s / 35.52s / 103.4%  pyvrp  k=6
05:48:27 | i 35 | [ ASYNC BG] bg_ails  63.03s / 60.00s / 105.1%
05:48:27 | i 36 | [HAOS ROLL] k=6  λ=0.8  vb  kmeans  pyvrp  P≈0.001367
05:48:28 | i 36 | [ Summary ] cost=36462.00  Δ_S*=+11.49%  Δ_BKS=+12.03%  Δ_S*_BKS=+0.48%  no_improve=10
05:48:28 | i 37 | [HAOS ROLL] k=10  λ=0.8  rb  ac_avg  pyvrp  P≈0.002685
05:48:28 | i 37 | [Phase 1/3] decompose  0.20s / — / —  λ=0.8  rb ac_avg
05:48:56 | i 37 | [Phase 2/3] route  28.63s / 27.78s / 103.1%  pyvrp  k=10
05:49:31 | i 36 | [ ASYNC BG] bg_ails  63.07s / 60.00s / 105.1%
05:49:31 | i 37 | [HAOS ROLL] k=10  λ=0.8  rb  ac_avg  pyvrp  P≈0.002685
05:49:31 | i 37 | [ Summary ] cost=32805.00  Δ_S*=+0.31%  Δ_BKS=+0.80%  Δ_S*_BKS=+0.48%  no_improve=12
05:49:31 | i 38 | [HAOS ROLL] k=12  λ=0.8  rb  ac_complete  pyvrp  P≈0.001915
05:49:31 | i 38 | [Phase 1/3] decompose  0.19s / — / —  λ=0.8  rb ac_complete
05:49:58 | i 38 | [Phase 2/3] route  27.28s / 18.36s / 148.6%  pyvrp  k=12
05:50:34 | i 37 | [ ASYNC BG] bg_ails  62.99s / 60.00s / 105.0%
05:50:34 | i 38 | [HAOS ROLL] k=12  λ=0.8  rb  ac_complete  pyvrp  P≈0.001915
05:50:34 | i 38 | [ Summary ] cost=32748.00  Δ_S*=+0.14%  Δ_BKS=+0.62%  Δ_S*_BKS=+0.48%  no_improve=14
05:50:34 | i 39 | [HAOS ROLL] k=12  λ=0.8  rb  kmeans  filo2  P≈0.003175
05:50:34 | i 39 | [Phase 1/3] decompose  0.19s / — / —  λ=0.8  rb kmeans
05:51:01 | i 39 | [Phase 2/3] route  27.09s / 18.36s / 147.5%  filo2  k=12
05:51:36 | i 38 | [ ASYNC BG] bg_ails  62.93s / 60.00s / 104.9%
05:51:36 | i 39 | [HAOS ROLL] k=12  λ=0.8  rb  kmeans  filo2  P≈0.003175
05:51:37 | i 39 | [ Summary ] cost=32731.00  Δ_S*=+0.09%  Δ_BKS=+0.57%  Δ_S*_BKS=+0.48%  no_improve=16
05:51:37 | i 40 | [HAOS ROLL] k=12  λ=0.0  vb  fcm  filo  P≈0.000137
05:51:37 | i 40 | [Phase 1/3] decompose  0.25s / — / —  λ=0.0  vb fcm
05:52:05 | i 40 | [Phase 2/3] route  28.09s / 15.06s / 186.5%  filo  k=12
05:52:39 | i 39 | [ ASYNC BG] bg_ails  62.95s / 60.00s / 104.9%
05:52:39 | i 40 | [HAOS ROLL] k=12  λ=0.0  vb  fcm  filo  P≈0.000137
05:52:39 | i 40 | [ Summary ] cost=39344.00  Δ_S*=+20.31%  Δ_BKS=+20.89%  Δ_S*_BKS=+0.48%  no_improve=18
05:52:39 | i 41 | [HAOS ROLL] k=4  λ=0.4  rb  ac_complete  filo2  P≈0.000625
05:52:40 | i 41 | [Phase 1/3] decompose  0.25s / — / —  λ=0.4  rb ac_complete
05:53:27 | i 41 | [Phase 2/3] route  47.09s / 46.68s / 100.9%  filo2  k=4
05:53:42 | i 40 | [ ASYNC BG] bg_ails  62.67s / 60.00s / 104.4%
05:53:42 | i 41 | [HAOS ROLL] k=4  λ=0.4  rb  ac_complete  filo2  P≈0.000625
05:53:42 | i 41 | [ Summary ] cost=32835.00  Δ_S*=+0.40%  Δ_BKS=+0.89%  Δ_S*_BKS=+0.48%  no_improve=20
05:53:42 | i 42 | [HAOS ROLL] k=10  λ=1.0  vb  kmeans  filo2  P≈0.000399
05:53:42 | i 42 | [Phase 1/3] decompose  0.19s / — / —  λ=1.0  vb kmeans
05:54:07 | i 42 | [Phase 2/3] route  25.08s / 24.96s / 100.5%  filo2  k=10
05:54:45 | i 41 | [ ASYNC BG] bg_ails  62.83s / 60.00s / 104.7%
05:54:45 | i 42 | [HAOS ROLL] k=10  λ=1.0  vb  kmeans  filo2  P≈0.000399
05:54:45 | i 42 | [ Summary ] cost=37422.00  Δ_S*=+14.43%  Δ_BKS=+14.98%  Δ_S*_BKS=+0.48%  no_improve=22
05:54:45 | i 43 | [HAOS ROLL] k=6  λ=0.4  rb  ac_avg  filo2  P≈0.001584
05:54:45 | i 43 | [Phase 1/3] decompose  0.19s / — / —  λ=0.4  rb ac_avg
05:55:22 | i 43 | [Phase 2/3] route  37.10s / 37.32s / 99.4%  filo2  k=6
05:55:48 | i 42 | [ ASYNC BG] bg_ails  62.91s / 60.00s / 104.9%
05:55:48 | i 43 | [HAOS ROLL] k=6  λ=0.4  rb  ac_avg  filo2  P≈0.001584
05:55:48 | i 43 | [ Summary ] cost=32777.00  Δ_S*=+0.23%  Δ_BKS=+0.71%  Δ_S*_BKS=+0.48%  no_improve=24
05:55:48 | i 44 | [HAOS ROLL] k=12  λ=0.4  vb  ac_avg  filo2  P≈0.000940
05:55:48 | i 44 | [Phase 1/3] decompose  0.25s / — / —  λ=0.4  vb ac_avg
05:56:25 | i 44 | [Phase 2/3] route  37.10s / 37.38s / 99.3%  filo2  k=12
05:56:51 | i 43 | [ ASYNC BG] bg_ails  62.67s / 60.00s / 104.5%
05:56:51 | i 44 | [HAOS ROLL] k=12  λ=0.4  vb  ac_avg  filo2  P≈0.000940
05:56:51 | i 44 | [ Summary ] cost=39387.00  Δ_S*=+20.44%  Δ_BKS=+21.02%  Δ_S*_BKS=+0.48%  no_improve=26
05:56:51 | i 45 | [HAOS ROLL] k=10  λ=1.0  rb  ac_avg  pyvrp  P≈0.001661
05:56:51 | i 45 | [Phase 1/3] decompose  0.19s / — / —  λ=1.0  rb ac_avg
05:57:19 | i 45 | [Phase 2/3] route  28.47s / 27.78s / 102.5%  pyvrp  k=10
05:57:53 | i 44 | [ ASYNC BG] bg_ails  62.74s / 60.00s / 104.6%
05:57:53 | i 45 | [HAOS ROLL] k=10  λ=1.0  rb  ac_avg  pyvrp  P≈0.001661
05:57:53 | i 45 | [ Summary ] cost=32753.00  Δ_S*=+0.15%  Δ_BKS=+0.64%  Δ_S*_BKS=+0.48%  no_improve=28
05:57:53 | i 46 | [HAOS ROLL] k=12  λ=0.6  rb  ac_avg  pyvrp  P≈0.001052
05:57:54 | i 46 | [Phase 1/3] decompose  0.19s / — / —  λ=0.6  rb ac_avg
05:58:21 | i 46 | [Phase 2/3] route  27.02s / 18.36s / 147.1%  pyvrp  k=12
05:58:56 | i 45 | [ ASYNC BG] bg_ails  62.76s / 60.00s / 104.6%
05:58:56 | i 46 | [HAOS ROLL] k=12  λ=0.6  rb  ac_avg  pyvrp  P≈0.001052
05:58:56 | i 46 | [ Summary ] cost=32777.00  Δ_S*=+0.23%  Δ_BKS=+0.71%  Δ_S*_BKS=+0.48%  no_improve=30
05:58:56 | i 47 | [HAOS ROLL] k=4  λ=1.0  vb  ac_avg  filo2  P≈0.000475
05:58:56 | i 47 | [Phase 1/3] decompose  0.26s / — / —  λ=1.0  vb ac_avg
05:59:46 | i 47 | [Phase 2/3] route  50.11s / 50.46s / 99.3%  filo2  k=4
05:59:59 | i 46 | [ ASYNC BG] bg_ails  62.81s / 60.00s / 104.7%
05:59:59 | i 47 | [HAOS ROLL] k=4  λ=1.0  vb  ac_avg  filo2  P≈0.000475
05:59:59 | i 47 | [ Summary ] cost=34697.00  Δ_S*=+6.10%  Δ_BKS=+6.61%  Δ_S*_BKS=+0.48%  no_improve=32
05:59:59 | i 48 | [HAOS ROLL] k=3  λ=0.8  vb  ac_complete  pyvrp  P≈0.000571
05:59:59 | i 48 | [Phase 1/3] decompose  0.26s / — / —  λ=0.8  vb ac_complete
06:00:59 | i 48 | [Phase 2/3] route  59.57s / 57.18s / 104.2%  pyvrp  k=3
06:01:02 | i 47 | [ ASYNC BG] bg_ails  62.68s / 60.00s / 104.5%
06:01:02 | i 48 | [HAOS ROLL] k=3  λ=0.8  vb  ac_complete  pyvrp  P≈0.000571
06:01:02 | i 48 | [ Summary ] cost=35382.00  Δ_S*=+8.19%  Δ_BKS=+8.71%  Δ_S*_BKS=+0.48%  no_improve=34
06:01:02 | i 49 | [HAOS ROLL] k=10  λ=0.8  rb  ac_avg  filo2  P≈0.005157
06:01:02 | i 49 | [Phase 1/3] decompose  0.19s / — / —  λ=0.8  rb ac_avg
06:01:30 | i 49 | [Phase 2/3] route  28.11s / 27.78s / 101.2%  filo2  k=10
06:02:04 | i 48 | [ ASYNC BG] bg_ails  62.74s / 60.00s / 104.6%
06:02:04 | i 49 | [HAOS ROLL] k=10  λ=0.8  rb  ac_avg  filo2  P≈0.005157
06:02:04 | i 49 | [ Summary ] cost=32753.00  Δ_S*=+0.15%  Δ_BKS=+0.64%  Δ_S*_BKS=+0.48%  no_improve=36
06:02:04 | i 50 | [HAOS ROLL] k=4  λ=0.8  vb  ac_avg  filo  P≈0.000604
06:02:05 | i 50 | [Phase 1/3] decompose  0.26s / — / —  λ=0.8  vb ac_avg
06:02:59 | i 50 | [Phase 2/3] route  54.11s / 53.64s / 100.9%  filo  k=4
06:03:07 | i 49 | [ ASYNC BG] bg_ails  62.73s / 60.00s / 104.6%
06:03:07 | i 50 | [HAOS ROLL] k=4  λ=0.8  vb  ac_avg  filo  P≈0.000604
06:03:07 | i 50 | [ Summary ] cost=34593.00  Δ_S*=+5.78%  Δ_BKS=+6.29%  Δ_S*_BKS=+0.48%  no_improve=38
06:03:07 | i 44 | [ASYNC 1/2] sp_sc  1.18s / 720.00s / 0.2%  SP  avg_coverage=77.48/5  pool=1093
06:03:07 | i 44 | [ASYNC 2/2] standard_ails  362.69s / 360.00s / 100.7%
06:03:08 | i 44 | [ IMPROVE ] 32691.00  via standard_ails  ·  Δ_BKS=+0.45%
06:03:08 | i 51 | [HAOS ROLL] k=10  λ=1.0  rb  kmeans  filo2  P≈0.003497
06:03:08 | i 51 | [Phase 1/3] decompose  0.18s / — / —  λ=1.0  rb kmeans
06:03:45 | i 51 | [Phase 2/3] route  37.09s / 27.78s / 133.5%  filo2  k=10
06:04:10 | i 50 | [ ASYNC BG] bg_ails  62.69s / 60.00s / 104.5%
06:04:10 | i 51 | [HAOS ROLL] k=10  λ=1.0  rb  kmeans  filo2  P≈0.003497
06:04:10 | i 51 | [ Summary ] cost=32720.00  Δ_S*=+0.09%  Δ_BKS=+0.53%  Δ_S*_BKS=+0.45%  no_improve=2
06:04:10 | i 52 | [HAOS ROLL] k=2  λ=0.2  vb  kmedoids  filo2  P≈0.000224
06:04:10 | i 52 | [Phase 1/3] decompose  0.28s / — / —  λ=0.2  vb kmedoids
06:05:11 | i 52 | [Phase 2/3] route  61.11s / 61.44s / 99.5%  filo2  k=2
06:05:12 | i 51 | [ ASYNC BG] bg_ails  62.68s / 60.00s / 104.5%
06:05:12 | i 52 | [HAOS ROLL] k=2  λ=0.2  vb  kmedoids  filo2  P≈0.000224
06:05:13 | i 52 | [ Summary ] cost=33426.00  Δ_S*=+2.25%  Δ_BKS=+2.70%  Δ_S*_BKS=+0.45%  no_improve=4
06:05:13 | i 53 | [HAOS ROLL] k=10  λ=0.8  vb  kmeans  filo2  P≈0.001708
06:05:13 | i 53 | [Phase 1/3] decompose  0.19s / — / —  λ=0.8  vb kmeans
06:05:41 | i 53 | [Phase 2/3] route  28.09s / 21.66s / 129.7%  filo2  k=10
06:06:15 | i 52 | [ ASYNC BG] bg_ails  62.68s / 60.00s / 104.5%
06:06:15 | i 53 | [HAOS ROLL] k=10  λ=0.8  vb  kmeans  filo2  P≈0.001708
06:06:15 | i 53 | [ Summary ] cost=37485.00  Δ_S*=+14.66%  Δ_BKS=+15.18%  Δ_S*_BKS=+0.45%  no_improve=6
06:06:15 | i 54 | [HAOS ROLL] k=3  λ=0.4  rb  ac_complete  filo2  P≈0.000960
06:06:15 | i 54 | [Phase 1/3] decompose  0.19s / — / —  λ=0.4  rb ac_complete
06:07:11 | i 54 | [Phase 2/3] route  55.11s / 55.32s / 99.6%  filo2  k=3
06:07:18 | i 53 | [ ASYNC BG] bg_ails  62.75s / 60.00s / 104.6%
06:07:18 | i 54 | [HAOS ROLL] k=3  λ=0.4  rb  ac_complete  filo2  P≈0.000960
06:07:18 | i 54 | [ Summary ] cost=32792.00  Δ_S*=+0.31%  Δ_BKS=+0.76%  Δ_S*_BKS=+0.45%  no_improve=8
06:07:18 | i 55 | [HAOS ROLL] k=12  λ=0.8  rb  ac_avg  filo2  P≈0.003859
06:07:18 | i 55 | [Phase 1/3] decompose  0.19s / — / —  λ=0.8  rb ac_avg
06:07:45 | i 55 | [Phase 2/3] route  27.09s / 18.60s / 145.6%  filo2  k=12
06:08:21 | i 54 | [ ASYNC BG] bg_ails  62.72s / 60.00s / 104.5%
06:08:21 | i 55 | [HAOS ROLL] k=12  λ=0.8  rb  ac_avg  filo2  P≈0.003859
06:08:21 | i 55 | [ Summary ] cost=32691.00  Δ_S*=+0.00%  Δ_BKS=+0.45%  Δ_S*_BKS=+0.45%  no_improve=10
06:08:21 | i 56 | [HAOS ROLL] k=12  λ=0.4  vb  fcm  filo2  P≈0.001096
06:08:21 | i 56 | [Phase 1/3] decompose  0.41s / — / —  λ=0.4  vb fcm
06:08:44 | i 56 | [Phase 2/3] route  23.09s / 14.76s / 156.5%  filo2  k=12
06:09:23 | i 55 | [ ASYNC BG] bg_ails  62.80s / 60.00s / 104.7%
06:09:23 | i 56 | [HAOS ROLL] k=12  λ=0.4  vb  fcm  filo2  P≈0.001096
06:09:24 | i 56 | [ Summary ] cost=39325.00  Δ_S*=+20.29%  Δ_BKS=+20.83%  Δ_S*_BKS=+0.45%  no_improve=12
06:09:24 | i 57 | [HAOS ROLL] k=10  λ=0.4  rb  kmeans  pyvrp  P≈0.003641
06:09:24 | i 57 | [Phase 1/3] decompose  0.18s / — / —  λ=0.4  rb kmeans
06:09:52 | i 57 | [Phase 2/3] route  28.11s / 27.36s / 102.7%  pyvrp  k=10
06:10:26 | i 56 | [ ASYNC BG] bg_ails  62.80s / 60.00s / 104.7%
06:10:26 | i 57 | [HAOS ROLL] k=10  λ=0.4  rb  kmeans  pyvrp  P≈0.003641
06:10:26 | i 57 | [ Summary ] cost=32914.00  Δ_S*=+0.68%  Δ_BKS=+1.13%  Δ_S*_BKS=+0.45%  no_improve=14
06:10:26 | i 58 | [HAOS ROLL] k=2  λ=0.0  rb  kmeans  filo2  P≈0.001480
06:10:26 | i 58 | [Phase 1/3] decompose  0.14s / — / —  λ=0.0  rb kmeans
06:11:32 | i 58 | [Phase 2/3] route  65.12s / 64.68s / 100.7%  filo2  k=2
06:11:32 | i 57 | [ ASYNC BG] bg_ails  62.70s / 60.00s / 104.5%
06:11:32 | i 58 | [HAOS ROLL] k=2  λ=0.0  rb  kmeans  filo2  P≈0.001480
06:11:32 | i 58 | [ Summary ] cost=32895.00  Δ_S*=+0.62%  Δ_BKS=+1.07%  Δ_S*_BKS=+0.45%  no_improve=16
06:11:32 | i 59 | [HAOS ROLL] k=12  λ=0.8  vb  fcm  filo2  P≈0.001964
06:11:32 | i 59 | [Phase 1/3] decompose  0.29s / — / —  λ=0.8  vb fcm
06:12:00 | i 59 | [Phase 2/3] route  28.10s / 14.94s / 188.1%  filo2  k=12
06:12:37 | i 58 | [ ASYNC BG] bg_ails  65.63s / 63.13s / 104.0%
06:12:37 | i 59 | [HAOS ROLL] k=12  λ=0.8  vb  fcm  filo2  P≈0.001964
06:12:37 | i 59 | [ Summary ] cost=39364.00  Δ_S*=+20.41%  Δ_BKS=+20.95%  Δ_S*_BKS=+0.45%  no_improve=18
06:12:37 | i 60 | [HAOS ROLL] k=10  λ=1.0  vb  ac_complete  filo2  P≈0.001323
06:12:38 | i 60 | [Phase 1/3] decompose  0.25s / — / —  λ=1.0  vb ac_complete
06:13:15 | i 60 | [Phase 2/3] route  37.09s / 36.60s / 101.3%  filo2  k=10
06:13:40 | i 59 | [ ASYNC BG] bg_ails  62.71s / 60.00s / 104.5%
06:13:40 | i 60 | [HAOS ROLL] k=10  λ=1.0  vb  ac_complete  filo2  P≈0.001323
06:13:40 | i 60 | [ Summary ] cost=37737.00  Δ_S*=+15.44%  Δ_BKS=+15.95%  Δ_S*_BKS=+0.45%  no_improve=20
06:13:40 | i 61 | [HAOS ROLL] k=2  λ=0.6  vb  ac_avg  filo  P≈0.000098
06:13:40 | i 61 | [Phase 1/3] decompose  0.25s / — / —  λ=0.6  vb ac_avg
06:15:11 | i 61 | [Phase 2/3] route  91.17s / 91.02s / 100.2%  filo  k=2
06:15:11 | i 60 | [ ASYNC BG] bg_ails  62.71s / 60.00s / 104.5%
06:15:11 | i 61 | [HAOS ROLL] k=2  λ=0.6  vb  ac_avg  filo  P≈0.000098
06:15:12 | i 61 | [ Summary ] cost=33287.00  Δ_S*=+1.82%  Δ_BKS=+2.28%  Δ_S*_BKS=+0.45%  no_improve=22
06:15:12 | i 62 | [HAOS ROLL] k=6  λ=0.4  vb  kmeans  ails2  P≈0.000174
06:15:12 | i 62 | [Phase 1/3] decompose  0.19s / — / —  λ=0.4  vb kmeans
06:15:50 | i 62 | [Phase 2/3] route  38.71s / 37.38s / 103.6%  ails2  k=6
06:16:42 | i 61 | [ ASYNC BG] bg_ails  90.72s / 88.84s / 102.1%
06:16:42 | i 62 | [HAOS ROLL] k=6  λ=0.4  vb  kmeans  ails2  P≈0.000174
06:16:42 | i 62 | [ Summary ] cost=36195.00  Δ_S*=+10.72%  Δ_BKS=+11.21%  Δ_S*_BKS=+0.45%  no_improve=24
06:16:42 | i 63 | [HAOS ROLL] k=2  λ=0.6  vb  kmedoids  filo2  P≈0.000691
06:16:42 | i 63 | [Phase 1/3] decompose  0.25s / — / —  λ=0.6  vb kmedoids
06:17:45 | i 63 | [Phase 2/3] route  62.12s / 61.92s / 100.3%  filo2  k=2
06:17:45 | i 62 | [ ASYNC BG] bg_ails  62.73s / 60.00s / 104.6%
06:17:45 | i 63 | [HAOS ROLL] k=2  λ=0.6  vb  kmedoids  filo2  P≈0.000691
06:17:45 | i 63 | [ Summary ] cost=33309.00  Δ_S*=+1.89%  Δ_BKS=+2.34%  Δ_S*_BKS=+0.45%  no_improve=26
06:17:45 | i 64 | [HAOS ROLL] k=6  λ=0.4  vb  ac_avg  ails2  P≈0.000587
06:17:45 | i 64 | [Phase 1/3] decompose  0.28s / — / —  λ=0.4  vb ac_avg
06:18:32 | i 64 | [Phase 2/3] route  46.87s / 45.54s / 102.9%  ails2  k=6
06:18:48 | i 63 | [ ASYNC BG] bg_ails  62.86s / 60.43s / 104.0%
06:18:48 | i 64 | [HAOS ROLL] k=6  λ=0.4  vb  ac_avg  ails2  P≈0.000587
06:18:48 | i 64 | [ Summary ] cost=36417.00  Δ_S*=+11.40%  Δ_BKS=+11.89%  Δ_S*_BKS=+0.45%  no_improve=28
06:18:48 | i 65 | [HAOS ROLL] k=6  λ=0.8  vb  ac_complete  filo2  P≈0.001545
06:18:48 | i 65 | [Phase 1/3] decompose  0.26s / — / —  λ=0.8  vb ac_complete
06:19:21 | i 65 | [Phase 2/3] route  33.11s / 32.58s / 101.6%  filo2  k=6
06:19:50 | i 64 | [ ASYNC BG] bg_ails  62.67s / 60.00s / 104.4%
06:19:50 | i 65 | [HAOS ROLL] k=6  λ=0.8  vb  ac_complete  filo2  P≈0.001545
06:19:51 | i 65 | [ Summary ] cost=36717.00  Δ_S*=+12.32%  Δ_BKS=+12.82%  Δ_S*_BKS=+0.45%  no_improve=30
06:19:51 | i 66 | [HAOS ROLL] k=10  λ=0.4  rb  ac_avg  filo2  P≈0.005365
06:19:51 | i 66 | [Phase 1/3] decompose  0.20s / — / —  λ=0.4  rb ac_avg
06:20:19 | i 66 | [Phase 2/3] route  28.11s / 27.78s / 101.2%  filo2  k=10
06:20:53 | i 65 | [ ASYNC BG] bg_ails  62.86s / 60.00s / 104.8%
06:20:53 | i 66 | [ IMPROVE ] 32683.00  via decompose_route  ·  Δ_BKS=+0.42%
06:20:53 | i 66 | [HAOS ROLL] k=10  λ=0.4  rb  ac_avg  filo2  P≈0.005365
06:20:53 | i 66 | [ Summary ] cost=32683.00  Δ_S*=+0.00%  Δ_BKS=+0.42%  Δ_S*_BKS=+0.42%  no_improve=0
06:20:53 | i 67 | [HAOS ROLL] k=2  λ=0.4  vb  kmedoids  pyvrp  P≈0.000989
06:20:54 | i 67 | [Phase 1/3] decompose  0.27s / — / —  λ=0.4  vb kmedoids
06:21:58 | i 67 | [Phase 2/3] route  64.60s / 61.92s / 104.3%  pyvrp  k=2
06:21:58 | i 66 | [ ASYNC BG] bg_ails  62.81s / 60.00s / 104.7%
06:21:58 | i 67 | [HAOS ROLL] k=2  λ=0.4  vb  kmedoids  pyvrp  P≈0.000989
06:21:58 | i 67 | [ Summary ] cost=33428.00  Δ_S*=+2.28%  Δ_BKS=+2.71%  Δ_S*_BKS=+0.42%  no_improve=2
06:21:58 | i 68 | [HAOS ROLL] k=6  λ=0.8  vb  fcm  ails2  P≈0.000480
06:21:59 | i 68 | [Phase 1/3] decompose  0.27s / — / —  λ=0.8  vb fcm
06:22:31 | i 68 | [Phase 2/3] route  32.61s / 31.02s / 105.1%  ails2  k=6
06:23:01 | i 67 | [ ASYNC BG] bg_ails  62.73s / 60.43s / 103.8%
06:23:01 | i 68 | [HAOS ROLL] k=6  λ=0.8  vb  fcm  ails2  P≈0.000480
06:23:01 | i 68 | [ Summary ] cost=36731.00  Δ_S*=+12.39%  Δ_BKS=+12.86%  Δ_S*_BKS=+0.42%  no_improve=4
06:23:01 | i 69 | [HAOS ROLL] k=8  λ=0.8  rb  ac_avg  ails2  P≈0.000519
06:23:01 | i 69 | [Phase 1/3] decompose  0.19s / — / —  λ=0.8  rb ac_avg
06:23:40 | i 69 | [Phase 2/3] route  38.68s / 37.32s / 103.6%  ails2  k=8
06:24:04 | i 68 | [ ASYNC BG] bg_ails  62.71s / 60.00s / 104.5%
06:24:04 | i 69 | [HAOS ROLL] k=8  λ=0.8  rb  ac_avg  ails2  P≈0.000519
06:24:04 | i 69 | [ Summary ] cost=32729.00  Δ_S*=+0.14%  Δ_BKS=+0.56%  Δ_S*_BKS=+0.42%  no_improve=6
06:24:04 | i 63 | [ASYNC 1/2] sp_sc  2.88s / 720.00s / 0.4%  SP  avg_coverage=109.37/5  pool=1537
06:24:04 | i 63 | [ASYNC 2/2] standard_ails  362.63s / 360.00s / 100.7%
06:24:05 | i 70 | [HAOS ROLL] k=12  λ=1.0  rb  ac_avg  filo2  P≈0.001619
06:24:05 | i 70 | [Phase 1/3] decompose  0.18s / — / —  λ=1.0  rb ac_avg
06:24:32 | i 70 | [Phase 2/3] route  27.10s / 17.70s / 153.1%  filo2  k=12
06:25:07 | i 69 | [ ASYNC BG] bg_ails  62.76s / 60.00s / 104.6%
06:25:07 | i 70 | [HAOS ROLL] k=12  λ=1.0  rb  ac_avg  filo2  P≈0.001619
06:25:07 | i 70 | [ Summary ] cost=32683.00  Δ_S*=+0.00%  Δ_BKS=+0.42%  Δ_S*_BKS=+0.42%  no_improve=9
06:25:07 | i 71 | [HAOS ROLL] k=10  λ=0.0  rb  ac_avg  pyvrp  P≈0.001216
06:25:07 | i 71 | [Phase 1/3] decompose  0.14s / — / —  λ=0.0  rb ac_avg
06:25:35 | i 71 | [Phase 2/3] route  28.50s / 27.78s / 102.6%  pyvrp  k=10
06:26:09 | i 70 | [ ASYNC BG] bg_ails  62.71s / 60.00s / 104.5%
06:26:09 | i 71 | [HAOS ROLL] k=10  λ=0.0  rb  ac_avg  pyvrp  P≈0.001216
06:26:09 | i 71 | [ Summary ] cost=32730.00  Δ_S*=+0.14%  Δ_BKS=+0.57%  Δ_S*_BKS=+0.42%  no_improve=11
06:26:09 | i 72 | [HAOS ROLL] k=2  λ=0.4  rb  ac_avg  filo2  P≈0.007433
06:26:09 | i 72 | [Phase 1/3] decompose  0.18s / — / —  λ=0.4  rb ac_avg
06:27:33 | i 72 | [Phase 2/3] route  83.16s / 83.34s / 99.8%  filo2  k=2
06:27:33 | i 71 | [ ASYNC BG] bg_ails  62.71s / 60.00s / 104.5%
06:27:33 | i 72 | [HAOS ROLL] k=2  λ=0.4  rb  ac_avg  filo2  P≈0.007433
06:27:33 | i 72 | [ Summary ] cost=32899.00  Δ_S*=+0.66%  Δ_BKS=+1.08%  Δ_S*_BKS=+0.42%  no_improve=13
06:27:33 | i 73 | [HAOS ROLL] k=10  λ=0.4  vb  kmedoids  filo2  P≈0.003683
06:27:33 | i 73 | [Phase 1/3] decompose  0.30s / — / —  λ=0.4  vb kmedoids
06:27:57 | i 73 | [Phase 2/3] route  24.10s / 20.94s / 115.1%  filo2  k=10
06:28:56 | i 72 | [ ASYNC BG] bg_ails  83.67s / 81.34s / 102.9%
06:28:56 | i 73 | [HAOS ROLL] k=10  λ=0.4  vb  kmedoids  filo2  P≈0.003683
06:28:56 | i 73 | [ Summary ] cost=38908.00  Δ_S*=+19.05%  Δ_BKS=+19.55%  Δ_S*_BKS=+0.42%  no_improve=15
06:28:56 | i 74 | [HAOS ROLL] k=12  λ=0.6  vb  kmedoids  filo2  P≈0.000544
06:28:57 | i 74 | [Phase 1/3] decompose  0.32s / — / —  λ=0.6  vb kmedoids
06:29:20 | i 74 | [Phase 2/3] route  23.09s / 15.54s / 148.6%  filo2  k=12
06:29:59 | i 73 | [ ASYNC BG] bg_ails  62.83s / 60.00s / 104.7%
06:29:59 | i 74 | [HAOS ROLL] k=12  λ=0.6  vb  kmedoids  filo2  P≈0.000544
06:29:59 | i 74 | [ Summary ] cost=39628.00  Δ_S*=+21.25%  Δ_BKS=+21.76%  Δ_S*_BKS=+0.42%  no_improve=17
06:29:59 | i 75 | [HAOS ROLL] k=10  λ=0.0  vb  kmeans  filo  P≈0.000183
06:29:59 | i 75 | [Phase 1/3] decompose  0.14s / — / —  λ=0.0  vb kmeans
06:30:23 | i 75 | [Phase 2/3] route  24.10s / 24.48s / 98.4%  filo  k=10
06:31:02 | i 74 | [ ASYNC BG] bg_ails  62.77s / 60.00s / 104.6%
06:31:02 | i 75 | [HAOS ROLL] k=10  λ=0.0  vb  kmeans  filo  P≈0.000183
06:31:02 | i 75 | [ Summary ] cost=37514.00  Δ_S*=+14.78%  Δ_BKS=+15.26%  Δ_S*_BKS=+0.42%  no_improve=19
06:31:02 | i 76 | [HAOS ROLL] k=12  λ=0.4  rb  ac_avg  filo2  P≈0.008012
06:31:02 | i 76 | [Phase 1/3] decompose  0.18s / — / —  λ=0.4  rb ac_avg
06:31:29 | i 76 | [Phase 2/3] route  27.09s / 17.70s / 153.0%  filo2  k=12
06:32:05 | i 75 | [ ASYNC BG] bg_ails  62.71s / 60.00s / 104.5%
06:32:05 | i 76 | [HAOS ROLL] k=12  λ=0.4  rb  ac_avg  filo2  P≈0.008012
06:32:05 | i 76 | [ Summary ] cost=32699.00  Δ_S*=+0.05%  Δ_BKS=+0.47%  Δ_S*_BKS=+0.42%  no_improve=21
06:32:05 | i 77 | [HAOS ROLL] k=2  λ=1.0  rb  ac_avg  filo2  P≈0.003753
06:32:05 | i 77 | [Phase 1/3] decompose  0.19s / — / —  λ=1.0  rb ac_avg
06:33:28 | i 77 | [Phase 2/3] route  83.15s / 83.34s / 99.8%  filo2  k=2
06:33:28 | i 76 | [ ASYNC BG] bg_ails  62.67s / 60.00s / 104.4%
06:33:28 | i 77 | [HAOS ROLL] k=2  λ=1.0  rb  ac_avg  filo2  P≈0.003753
06:33:28 | i 77 | [ Summary ] cost=33074.00  Δ_S*=+1.20%  Δ_BKS=+1.62%  Δ_S*_BKS=+0.42%  no_improve=23
06:33:28 | i 78 | [HAOS ROLL] k=3  λ=0.0  rb  ac_avg  ails2  P≈0.000418
06:33:28 | i 78 | [Phase 1/3] decompose  0.15s / — / —  λ=0.0  rb ac_avg
06:34:16 | i 78 | [Phase 2/3] route  47.53s / 46.68s / 101.8%  ails2  k=3
06:34:52 | i 77 | [ ASYNC BG] bg_ails  83.95s / 81.34s / 103.2%
06:34:52 | i 78 | [HAOS ROLL] k=3  λ=0.0  rb  ac_avg  ails2  P≈0.000418
06:34:52 | i 78 | [ Summary ] cost=32799.00  Δ_S*=+0.35%  Δ_BKS=+0.78%  Δ_S*_BKS=+0.42%  no_improve=25
06:34:52 | i 79 | [HAOS ROLL] k=12  λ=0.4  rb  kmeans  pyvrp  P≈0.001280
06:34:52 | i 79 | [Phase 1/3] decompose  0.18s / — / —  λ=0.4  rb kmeans
06:35:20 | i 79 | [Phase 2/3] route  27.54s / 17.70s / 155.6%  pyvrp  k=12
06:35:55 | i 78 | [ ASYNC BG] bg_ails  62.68s / 60.00s / 104.5%
06:35:55 | i 79 | [HAOS ROLL] k=12  λ=0.4  rb  kmeans  pyvrp  P≈0.001280
06:35:55 | i 79 | [ Summary ] cost=32774.00  Δ_S*=+0.28%  Δ_BKS=+0.70%  Δ_S*_BKS=+0.42%  no_improve=27
06:35:55 | i 80 | [HAOS ROLL] k=12  λ=0.8  vb  ac_avg  filo2  P≈0.001243
06:35:55 | i 80 | [Phase 1/3] decompose  0.25s / — / —  λ=0.8  vb ac_avg
06:36:32 | i 80 | [Phase 2/3] route  37.11s / 37.38s / 99.3%  filo2  k=12
06:36:58 | i 79 | [ ASYNC BG] bg_ails  62.81s / 60.00s / 104.7%
06:36:58 | i 80 | [HAOS ROLL] k=12  λ=0.8  vb  ac_avg  filo2  P≈0.001243
06:36:58 | i 80 | [ Summary ] cost=39408.00  Δ_S*=+20.58%  Δ_BKS=+21.08%  Δ_S*_BKS=+0.42%  no_improve=29
06:36:58 | i 81 | [HAOS ROLL] k=8  λ=0.8  rb  kmeans  filo  P≈0.000191
06:36:58 | i 81 | [Phase 1/3] decompose  0.19s / — / —  λ=0.8  rb kmeans
06:37:35 | i 81 | [Phase 2/3] route  37.11s / 37.32s / 99.4%  filo  k=8
06:38:00 | i 80 | [ ASYNC BG] bg_ails  62.75s / 60.00s / 104.6%
06:38:00 | i 81 | [HAOS ROLL] k=8  λ=0.8  rb  kmeans  filo  P≈0.000191
06:38:00 | i 81 | [ Summary ] cost=32770.00  Δ_S*=+0.27%  Δ_BKS=+0.69%  Δ_S*_BKS=+0.42%  no_improve=31
06:38:00 | i 82 | [HAOS ROLL] k=3  λ=0.0  vb  ac_complete  filo2  P≈0.000724
06:38:01 | i 82 | [Phase 1/3] decompose  0.22s / — / —  λ=0.0  vb ac_complete
06:39:01 | i 82 | [Phase 2/3] route  60.12s / 60.48s / 99.4%  filo2  k=3
06:39:03 | i 81 | [ ASYNC BG] bg_ails  62.75s / 60.00s / 104.6%
06:39:03 | i 82 | [HAOS ROLL] k=3  λ=0.0  vb  ac_complete  filo2  P≈0.000724
06:39:03 | i 82 | [ Summary ] cost=34159.00  Δ_S*=+4.52%  Δ_BKS=+4.96%  Δ_S*_BKS=+0.42%  no_improve=33
06:39:03 | i 83 | [HAOS ROLL] k=8  λ=0.4  vb  kmeans  filo2  P≈0.001233
06:39:03 | i 83 | [Phase 1/3] decompose  0.18s / — / —  λ=0.4  vb kmeans
06:39:36 | i 83 | [Phase 2/3] route  33.09s / 32.52s / 101.8%  filo2  k=8
06:40:06 | i 82 | [ ASYNC BG] bg_ails  62.75s / 60.00s / 104.6%
06:40:06 | i 83 | [HAOS ROLL] k=8  λ=0.4  vb  kmeans  filo2  P≈0.001233
06:40:06 | i 83 | [ Summary ] cost=36913.00  Δ_S*=+12.94%  Δ_BKS=+13.42%  Δ_S*_BKS=+0.42%  no_improve=35
06:40:06 | i 84 | [HAOS ROLL] k=8  λ=0.2  rb  kmeans  filo2  P≈0.000827
06:40:06 | i 84 | [Phase 1/3] decompose  0.19s / — / —  λ=0.2  rb kmeans
06:40:43 | i 84 | [Phase 2/3] route  37.11s / 37.32s / 99.4%  filo2  k=8
06:41:09 | i 83 | [ ASYNC BG] bg_ails  62.78s / 60.00s / 104.6%
06:41:09 | i 84 | [HAOS ROLL] k=8  λ=0.2  rb  kmeans  filo2  P≈0.000827
06:41:09 | i 84 | [ Summary ] cost=32755.00  Δ_S*=+0.22%  Δ_BKS=+0.64%  Δ_S*_BKS=+0.42%  no_improve=37
06:41:09 | i 85 | [HAOS ROLL] k=10  λ=0.0  vb  ac_complete  pyvrp  P≈0.000527
06:41:09 | i 85 | [Phase 1/3] decompose  0.21s / — / —  λ=0.0  vb ac_complete
06:41:39 | i 85 | [Phase 2/3] route  29.94s / 29.10s / 102.9%  pyvrp  k=10
06:42:11 | i 84 | [ ASYNC BG] bg_ails  62.86s / 60.00s / 104.8%
06:42:12 | i 85 | [HAOS ROLL] k=10  λ=0.0  vb  ac_complete  pyvrp  P≈0.000527
06:42:12 | i 85 | [ Summary ] cost=39377.00  Δ_S*=+20.48%  Δ_BKS=+20.99%  Δ_S*_BKS=+0.42%  no_improve=39
06:42:12 | i 86 | [HAOS ROLL] k=12  λ=0.0  rb  ac_complete  filo  P≈0.000301
06:42:12 | i 86 | [Phase 1/3] decompose  0.14s / — / —  λ=0.0  rb ac_complete
06:42:39 | i 86 | [Phase 2/3] route  27.08s / 17.70s / 153.0%  filo  k=12
06:43:14 | i 85 | [ ASYNC BG] bg_ails  62.76s / 60.00s / 104.6%
06:43:14 | i 86 | [HAOS ROLL] k=12  λ=0.0  rb  ac_complete  filo  P≈0.000301
06:43:14 | i 86 | [ Summary ] cost=32683.00  Δ_S*=+0.00%  Δ_BKS=+0.42%  Δ_S*_BKS=+0.42%  no_improve=41
06:43:14 | i 87 | [HAOS ROLL] k=3  λ=0.4  vb  ac_avg  filo2  P≈0.001606
06:43:15 | i 87 | [Phase 1/3] decompose  0.26s / — / —  λ=0.4  vb ac_avg
06:44:09 | i 87 | [Phase 2/3] route  54.11s / 53.64s / 100.9%  filo2  k=3
06:44:17 | i 86 | [ ASYNC BG] bg_ails  62.76s / 60.00s / 104.6%
06:44:17 | i 87 | [HAOS ROLL] k=3  λ=0.4  vb  ac_avg  filo2  P≈0.001606
06:44:17 | i 87 | [ Summary ] cost=34114.00  Δ_S*=+4.38%  Δ_BKS=+4.82%  Δ_S*_BKS=+0.42%  no_improve=43
06:44:17 | i 81 | [ASYNC 1/2] sp_sc  4.18s / 720.00s / 0.6%  SP  avg_coverage=138.65/5  pool=1942
06:44:17 | i 81 | [ASYNC 2/2] standard_ails  362.62s / 360.00s / 100.7%
06:44:19 | i 88 | [HAOS ROLL] k=12  λ=0.0  rb  kmeans  filo  P≈0.001134
06:44:19 | i 88 | [Phase 1/3] decompose  0.23s / — / —  λ=0.0  rb kmeans
06:44:46 | i 88 | [Phase 2/3] route  27.10s / 17.70s / 153.1%  filo  k=12
06:45:20 | i 87 | [ ASYNC BG] bg_ails  62.72s / 60.00s / 104.5%
06:45:20 | i 88 | [HAOS ROLL] k=12  λ=0.0  rb  kmeans  filo  P≈0.001134
06:45:20 | i 88 | [ Summary ] cost=32723.00  Δ_S*=+0.12%  Δ_BKS=+0.54%  Δ_S*_BKS=+0.42%  no_improve=46
06:45:20 | i 89 | [HAOS ROLL] k=3  λ=0.0  vb  ac_avg  filo  P≈0.000498
06:45:20 | i 89 | [Phase 1/3] decompose  0.20s / — / —  λ=0.0  vb ac_avg
06:46:14 | i 89 | [Phase 2/3] route  54.11s / 53.64s / 100.9%  filo  k=3
06:46:22 | i 88 | [ ASYNC BG] bg_ails  62.68s / 60.00s / 104.5%
06:46:22 | i 89 | [HAOS ROLL] k=3  λ=0.0  vb  ac_avg  filo  P≈0.000498
06:46:23 | i 89 | [ Summary ] cost=34026.00  Δ_S*=+4.11%  Δ_BKS=+4.55%  Δ_S*_BKS=+0.42%  no_improve=48
06:46:23 | i 90 | [HAOS ROLL] k=4  λ=0.4  rb  ac_complete  filo2  P≈0.001314
06:46:23 | i 90 | [Phase 1/3] decompose  0.18s / — / —  λ=0.4  rb ac_complete
06:47:09 | i 90 | [Phase 2/3] route  46.09s / 46.02s / 100.2%  filo2  k=4
06:47:25 | i 89 | [ ASYNC BG] bg_ails  62.74s / 60.00s / 104.6%
06:47:25 | i 90 | [HAOS ROLL] k=4  λ=0.4  rb  ac_complete  filo2  P≈0.001314
06:47:25 | i 90 | [ Summary ] cost=32813.00  Δ_S*=+0.40%  Δ_BKS=+0.82%  Δ_S*_BKS=+0.42%  no_improve=50
06:47:25 | i 91 | [HAOS ROLL] k=8  λ=1.0  vb  kmedoids  filo2  P≈0.000563
06:47:26 | i 91 | [Phase 1/3] decompose  0.28s / — / —  λ=1.0  vb kmedoids
06:48:01 | i 91 | [Phase 2/3] route  35.11s / 23.82s / 147.4%  filo2  k=8
06:48:28 | i 90 | [ ASYNC BG] bg_ails  62.69s / 60.00s / 104.5%
06:48:28 | i 91 | [HAOS ROLL] k=8  λ=1.0  vb  kmedoids  filo2  P≈0.000563
06:48:28 | i 91 | [ Summary ] cost=37205.00  Δ_S*=+13.84%  Δ_BKS=+14.32%  Δ_S*_BKS=+0.42%  no_improve=52
06:48:28 | i 92 | [HAOS ROLL] k=4  λ=0.2  vb  fcm  filo2  P≈0.000420
06:48:28 | i 92 | [Phase 1/3] decompose  0.19s / — / —  λ=0.2  vb fcm
06:49:13 | i 92 | [Phase 2/3] route  45.12s / 44.82s / 100.7%  filo2  k=4
06:49:31 | i 91 | [ ASYNC BG] bg_ails  62.67s / 60.00s / 104.4%
06:49:31 | i 92 | [HAOS ROLL] k=4  λ=0.2  vb  fcm  filo2  P≈0.000420
06:49:31 | i 92 | [ Summary ] cost=33618.00  Δ_S*=+2.86%  Δ_BKS=+3.29%  Δ_S*_BKS=+0.42%  no_improve=54
06:49:31 | i 93 | [HAOS ROLL] k=10  λ=0.8  vb  kmedoids  filo  P≈0.000443
06:49:31 | i 93 | [Phase 1/3] decompose  0.28s / — / —  λ=0.8  vb kmedoids
06:49:56 | i 93 | [Phase 2/3] route  25.10s / 21.00s / 119.5%  filo  k=10
06:50:33 | i 92 | [ ASYNC BG] bg_ails  62.76s / 60.00s / 104.6%
06:50:33 | i 93 | [HAOS ROLL] k=10  λ=0.8  vb  kmedoids  filo  P≈0.000443
06:50:33 | i 93 | [ Summary ] cost=38905.00  Δ_S*=+19.04%  Δ_BKS=+19.54%  Δ_S*_BKS=+0.42%  no_improve=56
06:50:33 | i 94 | [HAOS ROLL] k=8  λ=0.0  rb  ac_avg  filo2  P≈0.005306
06:50:34 | i 94 | [Phase 1/3] decompose  0.14s / — / —  λ=0.0  rb ac_avg
06:51:11 | i 94 | [Phase 2/3] route  37.13s / 37.32s / 99.5%  filo2  k=8
06:51:36 | i 93 | [ ASYNC BG] bg_ails  62.71s / 60.00s / 104.5%
06:51:36 | i 94 | [HAOS ROLL] k=8  λ=0.0  rb  ac_avg  filo2  P≈0.005306
06:51:36 | i 94 | [ Summary ] cost=32792.00  Δ_S*=+0.33%  Δ_BKS=+0.76%  Δ_S*_BKS=+0.42%  no_improve=58
06:51:36 | i 95 | [HAOS ROLL] k=3  λ=0.4  rb  ac_complete  pyvrp  P≈0.000554
06:51:36 | i 95 | [Phase 1/3] decompose  0.17s / — / —  λ=0.4  rb ac_complete
06:52:34 | i 95 | [Phase 2/3] route  57.68s / 55.32s / 104.3%  pyvrp  k=3
06:52:39 | i 94 | [ ASYNC BG] bg_ails  62.72s / 60.00s / 104.5%
06:52:39 | i 95 | [HAOS ROLL] k=3  λ=0.4  rb  ac_complete  pyvrp  P≈0.000554
06:52:39 | i 95 | [ Summary ] cost=33510.00  Δ_S*=+2.53%  Δ_BKS=+2.96%  Δ_S*_BKS=+0.42%  no_improve=60
06:52:39 | i 96 | [HAOS ROLL] k=4  λ=0.0  vb  kmedoids  filo2  P≈0.002720
06:52:39 | i 96 | [Phase 1/3] decompose  0.23s / — / —  λ=0.0  vb kmedoids
06:53:21 | i 96 | [Phase 2/3] route  42.10s / 42.42s / 99.3%  filo2  k=4
06:53:42 | i 95 | [ ASYNC BG] bg_ails  62.80s / 60.00s / 104.7%
06:53:42 | i 96 | [HAOS ROLL] k=4  λ=0.0  vb  kmedoids  filo2  P≈0.002720
06:53:42 | i 96 | [ Summary ] cost=35276.00  Δ_S*=+7.93%  Δ_BKS=+8.39%  Δ_S*_BKS=+0.42%  no_improve=62
06:53:42 | i 97 | [HAOS ROLL] k=3  λ=0.4  rb  ac_avg  ails2  P≈0.001031
06:53:42 | i 97 | [Phase 1/3] decompose  0.17s / — / —  λ=0.4  rb ac_avg
06:54:29 | i 97 | [Phase 2/3] route  47.52s / 46.68s / 101.8%  ails2  k=3
06:54:44 | i 96 | [ ASYNC BG] bg_ails  62.66s / 60.00s / 104.4%
06:54:44 | i 97 | [HAOS ROLL] k=3  λ=0.4  rb  ac_avg  ails2  P≈0.001031
06:54:44 | i 97 | [ Summary ] cost=32731.00  Δ_S*=+0.15%  Δ_BKS=+0.57%  Δ_S*_BKS=+0.42%  no_improve=64
06:54:44 | i 98 | [HAOS ROLL] k=6  λ=0.4  rb  ac_avg  filo2  P≈0.003423
06:54:45 | i 98 | [Phase 1/3] decompose  0.18s / — / —  λ=0.4  rb ac_avg
06:55:22 | i 98 | [Phase 2/3] route  37.12s / 37.32s / 99.5%  filo2  k=6
06:55:47 | i 97 | [ ASYNC BG] bg_ails  62.75s / 60.00s / 104.6%
06:55:47 | i 98 | [HAOS ROLL] k=6  λ=0.4  rb  ac_avg  filo2  P≈0.003423
06:55:47 | i 98 | [ Summary ] cost=32803.00  Δ_S*=+0.37%  Δ_BKS=+0.79%  Δ_S*_BKS=+0.42%  no_improve=66
06:55:47 | i 99 | [HAOS ROLL] k=3  λ=0.4  vb  ac_complete  pyvrp  P≈0.000619
06:55:47 | i 99 | [Phase 1/3] decompose  0.24s / — / —  λ=0.4  vb ac_complete
06:56:50 | i 99 | [Phase 2/3] route  63.06s / 60.48s / 104.3%  pyvrp  k=3
06:56:50 | i 98 | [ ASYNC BG] bg_ails  62.82s / 60.00s / 104.7%
06:56:50 | i 99 | [HAOS ROLL] k=3  λ=0.4  vb  ac_complete  pyvrp  P≈0.000619
06:56:50 | i 99 | [ Summary ] cost=34305.00  Δ_S*=+4.96%  Δ_BKS=+5.40%  Δ_S*_BKS=+0.42%  no_improve=68
06:56:50 | i 100 | [HAOS ROLL] k=8  λ=0.0  rb  ac_complete  filo2  P≈0.003397
06:56:51 | i 100 | [Phase 1/3] decompose  0.14s / — / —  λ=0.0  rb ac_complete
06:57:28 | i 100 | [Phase 2/3] route  37.11s / 37.32s / 99.5%  filo2  k=8
06:57:53 | i 99 | [ ASYNC BG] bg_ails  62.80s / 60.00s / 104.7%
06:57:53 | i 100 | [HAOS ROLL] k=8  λ=0.0  rb  ac_complete  filo2  P≈0.003397
06:57:53 | i 100 | [ Summary ] cost=32760.00  Δ_S*=+0.24%  Δ_BKS=+0.66%  Δ_S*_BKS=+0.42%  no_improve=70
06:57:53 | i 101 | [HAOS ROLL] k=3  λ=0.8  vb  kmedoids  filo  P≈0.000517
06:57:54 | i 101 | [Phase 1/3] decompose  0.26s / — / —  λ=0.8  vb kmedoids
06:58:43 | i 101 | [Phase 2/3] route  49.10s / 48.90s / 100.4%  filo  k=3
06:58:56 | i 100 | [ ASYNC BG] bg_ails  62.73s / 60.00s / 104.5%
06:58:56 | i 101 | [HAOS ROLL] k=3  λ=0.8  vb  kmedoids  filo  P≈0.000517
06:58:56 | i 101 | [ Summary ] cost=33308.00  Δ_S*=+1.91%  Δ_BKS=+2.34%  Δ_S*_BKS=+0.42%  no_improve=72
06:58:56 | i 102 | [HAOS ROLL] k=4  λ=0.6  vb  kmeans  filo2  P≈0.000546
06:58:56 | i 102 | [Phase 1/3] decompose  0.18s / — / —  λ=0.6  vb kmeans
06:59:41 | i 102 | [Phase 2/3] route  45.11s / 45.06s / 100.1%  filo2  k=4
06:59:59 | i 101 | [ ASYNC BG] bg_ails  62.73s / 60.00s / 104.6%
06:59:59 | i 102 | [HAOS ROLL] k=4  λ=0.6  vb  kmeans  filo2  P≈0.000546
06:59:59 | i 102 | [ Summary ] cost=33601.00  Δ_S*=+2.81%  Δ_BKS=+3.24%  Δ_S*_BKS=+0.42%  no_improve=74
06:59:59 | i 103 | [HAOS ROLL] k=3  λ=0.0  rb  ac_avg  filo2  P≈0.007712
06:59:59 | i 103 | [Phase 1/3] decompose  0.14s / — / —  λ=0.0  rb ac_avg
07:00:46 | i 103 | [Phase 2/3] route  47.11s / 46.68s / 100.9%  filo2  k=3
07:01:02 | i 102 | [ ASYNC BG] bg_ails  62.77s / 60.00s / 104.6%
07:01:02 | i 103 | [HAOS ROLL] k=3  λ=0.0  rb  ac_avg  filo2  P≈0.007712
07:01:02 | i 103 | [ Summary ] cost=32882.00  Δ_S*=+0.61%  Δ_BKS=+1.03%  Δ_S*_BKS=+0.42%  no_improve=76
07:01:02 | i 104 | [HAOS ROLL] k=4  λ=1.0  rb  ac_avg  filo2  P≈0.002176
07:01:02 | i 104 | [Phase 1/3] decompose  0.18s / — / —  λ=1.0  rb ac_avg
07:01:49 | i 104 | [Phase 2/3] route  47.10s / 46.68s / 100.9%  filo2  k=4
07:02:04 | i 103 | [ ASYNC BG] bg_ails  62.68s / 60.00s / 104.5%
07:02:04 | i 104 | [HAOS ROLL] k=4  λ=1.0  rb  ac_avg  filo2  P≈0.002176
07:02:04 | i 104 | [ Summary ] cost=32704.00  Δ_S*=+0.06%  Δ_BKS=+0.49%  Δ_S*_BKS=+0.42%  no_improve=78
07:02:04 | i 105 | [HAOS ROLL] k=4  λ=1.0  rb  ac_avg  pyvrp  P≈0.001014
07:02:04 | i 105 | [Phase 1/3] decompose  0.18s / — / —  λ=1.0  rb ac_avg
07:02:53 | i 105 | [Phase 2/3] route  48.49s / 46.68s / 103.9%  pyvrp  k=4
07:03:07 | i 104 | [ ASYNC BG] bg_ails  62.64s / 60.00s / 104.4%
07:03:07 | i 105 | [HAOS ROLL] k=4  λ=1.0  rb  ac_avg  pyvrp  P≈0.001014
07:03:07 | i 105 | [ Summary ] cost=33310.00  Δ_S*=+1.92%  Δ_BKS=+2.35%  Δ_S*_BKS=+0.42%  no_improve=80
07:03:07 | i 106 | [HAOS ROLL] k=2  λ=0.0  rb  ac_complete  filo2  P≈0.001993
07:03:07 | i 106 | [Phase 1/3] decompose  0.14s / — / —  λ=0.0  rb ac_complete
07:04:10 | i 106 | [Phase 2/3] route  63.12s / 63.48s / 99.4%  filo2  k=2
07:04:10 | i 105 | [ ASYNC BG] bg_ails  62.70s / 60.00s / 104.5%
07:04:10 | i 106 | [HAOS ROLL] k=2  λ=0.0  rb  ac_complete  filo2  P≈0.001993
07:04:10 | i 106 | [ Summary ] cost=32876.00  Δ_S*=+0.59%  Δ_BKS=+1.01%  Δ_S*_BKS=+0.42%  no_improve=82
07:04:10 | i 107 | [HAOS ROLL] k=6  λ=1.0  vb  ac_complete  filo  P≈0.000162
07:04:10 | i 107 | [Phase 1/3] decompose  0.25s / — / —  λ=1.0  vb ac_complete
07:04:55 | i 107 | [Phase 2/3] route  44.12s / 44.16s / 99.9%  filo  k=6
07:05:14 | i 106 | [ ASYNC BG] bg_ails  63.71s / 61.96s / 102.8%
07:05:14 | i 107 | [HAOS ROLL] k=6  λ=1.0  vb  ac_complete  filo  P≈0.000162
07:05:14 | i 107 | [ Summary ] cost=34698.00  Δ_S*=+6.17%  Δ_BKS=+6.61%  Δ_S*_BKS=+0.42%  no_improve=84
07:05:14 | i 101 | [ASYNC 1/2] sp_sc  5.94s / 720.00s / 0.8%  SP  avg_coverage=172.32/5  pool=2407
07:05:14 | i 101 | [ASYNC 2/2] standard_ails  362.53s / 360.00s / 100.7%
07:05:16 | i 101 | [ IMPROVE ] 32680.00  via standard_ails  ·  Δ_BKS=+0.41%
07:05:16 | i 108 | [HAOS ROLL] k=3  λ=0.2  vb  ac_avg  pyvrp  P≈0.000250
07:05:16 | i 108 | [Phase 1/3] decompose  0.27s / — / —  λ=0.2  vb ac_avg
07:06:12 | i 108 | [Phase 2/3] route  56.03s / 53.64s / 104.5%  pyvrp  k=3
07:06:17 | i 107 | [ ASYNC BG] bg_ails  62.80s / 60.00s / 104.7%
07:06:17 | i 108 | [HAOS ROLL] k=3  λ=0.2  vb  ac_avg  pyvrp  P≈0.000250
07:06:17 | i 108 | [ Summary ] cost=34502.00  Δ_S*=+5.58%  Δ_BKS=+6.01%  Δ_S*_BKS=+0.41%  no_improve=2
07:06:17 | i 109 | [HAOS ROLL] k=3  λ=0.4  rb  ac_avg  pyvrp  P≈0.002745
07:06:17 | i 109 | [Phase 1/3] decompose  0.18s / — / —  λ=0.4  rb ac_avg
07:07:05 | i 109 | [Phase 2/3] route  48.48s / 46.68s / 103.8%  pyvrp  k=3
07:07:20 | i 108 | [ ASYNC BG] bg_ails  62.81s / 60.00s / 104.7%
07:07:20 | i 109 | [HAOS ROLL] k=3  λ=0.4  rb  ac_avg  pyvrp  P≈0.002745
07:07:20 | i 109 | [ Summary ] cost=33403.00  Δ_S*=+2.21%  Δ_BKS=+2.63%  Δ_S*_BKS=+0.41%  no_improve=4
07:07:20 | i 110 | [HAOS ROLL] k=3  λ=0.6  rb  ac_avg  pyvrp  P≈0.000963
07:07:20 | i 110 | [Phase 1/3] decompose  0.26s / — / —  λ=0.6  rb ac_avg
07:08:08 | i 110 | [Phase 2/3] route  48.40s / 46.68s / 103.7%  pyvrp  k=3
07:08:22 | i 109 | [ ASYNC BG] bg_ails  62.68s / 60.00s / 104.5%
07:08:22 | i 110 | [HAOS ROLL] k=3  λ=0.6  rb  ac_avg  pyvrp  P≈0.000963
07:08:22 | i 110 | [ Summary ] cost=33207.00  Δ_S*=+1.61%  Δ_BKS=+2.03%  Δ_S*_BKS=+0.41%  no_improve=6
07:08:22 | i 111 | [HAOS ROLL] k=4  λ=0.8  rb  ac_complete  filo2  P≈0.002140
07:08:22 | i 111 | [Phase 1/3] decompose  0.18s / — / —  λ=0.8  rb ac_complete
07:09:09 | i 111 | [Phase 2/3] route  46.10s / 46.02s / 100.2%  filo2  k=4
07:09:25 | i 110 | [ ASYNC BG] bg_ails  62.65s / 60.00s / 104.4%
07:09:25 | i 111 | [HAOS ROLL] k=4  λ=0.8  rb  ac_complete  filo2  P≈0.002140
07:09:25 | i 111 | [ Summary ] cost=32776.00  Δ_S*=+0.29%  Δ_BKS=+0.71%  Δ_S*_BKS=+0.41%  no_improve=8
07:09:25 | i 112 | [HAOS ROLL] k=3  λ=1.0  rb  ac_avg  ails2  P≈0.001309
07:09:25 | i 112 | [Phase 1/3] decompose  0.18s / — / —  λ=1.0  rb ac_avg
07:10:13 | i 112 | [Phase 2/3] route  47.50s / 46.68s / 101.8%  ails2  k=3
07:10:13 | i 112 | [HAOS ROLL] k=3  λ=1.0  rb  ac_avg  ails2  P≈0.001309
07:10:13 | i 112 | [ Summary ] cost=32725.00  Δ_S*=+0.14%  Δ_BKS=+0.55%  Δ_S*_BKS=+0.41%  no_improve=9
07:10:13 | i 113 | [HAOS ROLL] k=8  λ=0.4  rb  kmeans  filo2  P≈0.002343
07:10:13 | i 113 | [Phase 1/3] decompose  0.18s / — / —  λ=0.4  rb kmeans
07:10:50 | i 113 | [Phase 2/3] route  37.11s / 36.66s / 101.2%  filo2  k=8
07:10:50 | i 113 | [HAOS ROLL] k=8  λ=0.4  rb  kmeans  filo2  P≈0.002343
07:10:50 | i 113 | [ Summary ] cost=32686.00  Δ_S*=+0.02%  Δ_BKS=+0.43%  Δ_S*_BKS=+0.41%  no_improve=10
07:10:50 | i — | [  FINAL  ] async BG-AILS totals launched=110 applied=110 adopted=3 launch_skipped_cap=3 crashes=0 discarded_in_flight=False block_wait_total_s=2499.2
07:10:50 | i — | [  FINAL  ] async SP/SC totals invocations=6 adopted=4 skipped=0 discarded_in_flight=False sp_busy_frac=0.32012233848053745
07:10:50 | i — | [  FINAL  ] ════════════════════════════════════════
07:10:50 | i — | [  FINAL  ] Run complete  iterations=113  elapsed=02:00:34  best=32680.00
07:10:50 | i — | [  FINAL  ] Δ_BKS=+0.41%  no_improve_stop=False  time_stop=True  cancelled=False
07:10:50 | i — | [  FINAL  ] 
07:10:50 | i — | [  FINAL  ] [BEST SOLUTION — HAOS TAG SUMMARY]
07:10:50 | i — | [  FINAL  ] ────────────────────────────────────────
07:10:50 | i — | [  FINAL  ]   3 routes  rb  ac_avg  k=10  λ=0.4  solver=filo2
07:10:50 | i — | [  FINAL  ]   1 routes  rb  kmeans  k=2  λ=1.0  solver=pyvrp
07:10:50 | i — | [  FINAL  ]   1 routes  vb  ac_avg  k=4  λ=0.0  solver=filo2
07:10:50 | i — | [  FINAL  ]   1 routes  rb  kmeans  k=12  λ=0.8  solver=filo2
07:10:50 | i — | [  FINAL  ]   7 routes  post-SP/SC improvement
07:10:50 | i — | [  FINAL  ] 
07:10:50 | i — | [  FINAL  ] [ROUTE POOL — HAOS TAG SUMMARY]
07:10:50 | i — | [  FINAL  ] ────────────────────────────────────────
07:10:50 | i — | [  FINAL  ]   59 routes  vb  kmeans  k=6  λ=0.8  solver=pyvrp
07:10:50 | i — | [  FINAL  ]   52 routes  vb  ac_avg  k=12  λ=0.8  solver=filo2
07:10:50 | i — | [  FINAL  ]   44 routes  rb  ac_avg  k=6  λ=0.4  solver=filo2
07:10:50 | i — | [  FINAL  ]   40 routes  rb  ac_avg  k=8  λ=0.0  solver=filo2
07:10:50 | i — | [  FINAL  ]   39 routes  rb  ac_complete  k=4  λ=0.4  solver=filo2
07:10:50 | i — | [  FINAL  ]   33 routes  vb  fcm  k=12  λ=0.0  solver=filo
07:10:50 | i — | [  FINAL  ]   32 routes  vb  kmedoids  k=12  λ=0.4  solver=filo
07:10:50 | i — | [  FINAL  ]   32 routes  vb  kmedoids  k=10  λ=0.8  solver=filo2
07:10:50 | i — | [  FINAL  ]   32 routes  vb  ac_avg  k=10  λ=1.0  solver=ails2
07:10:50 | i — | [  FINAL  ]   32 routes  vb  fcm  k=12  λ=0.2  solver=pyvrp
07:10:50 | i — | [  FINAL  ]   32 routes  vb  fcm  k=10  λ=1.0  solver=filo2
07:10:50 | i — | [  FINAL  ]   32 routes  vb  kmedoids  k=12  λ=0.6  solver=filo2
07:10:50 | i — | [  FINAL  ]   31 routes  vb  kmeans  k=8  λ=0.0  solver=ails2
07:10:50 | i — | [  FINAL  ]   31 routes  vb  kmedoids  k=8  λ=1.0  solver=filo2
07:10:50 | i — | [  FINAL  ]   30 routes  vb  kmeans  k=10  λ=1.0  solver=filo2
07:10:50 | i — | [  FINAL  ]   30 routes  vb  kmeans  k=10  λ=0.8  solver=filo2
07:10:50 | i — | [  FINAL  ]   30 routes  vb  fcm  k=12  λ=0.4  solver=filo2
07:10:50 | i — | [  FINAL  ]   30 routes  vb  ac_complete  k=10  λ=1.0  solver=filo2
07:10:50 | i — | [  FINAL  ]   30 routes  vb  kmeans  k=6  λ=0.4  solver=ails2
07:10:50 | i — | [  FINAL  ]   30 routes  vb  kmeans  k=10  λ=0.0  solver=filo
07:10:50 | i — | [  FINAL  ]   30 routes  vb  kmeans  k=8  λ=0.4  solver=filo2
07:10:50 | i — | [  FINAL  ]   29 routes  vb  kmedoids  k=10  λ=0.2  solver=filo2
07:10:50 | i — | [  FINAL  ]   29 routes  vb  ac_complete  k=6  λ=0.8  solver=filo2
07:10:50 | i — | [  FINAL  ]   29 routes  vb  kmedoids  k=4  λ=0.0  solver=filo2
07:10:50 | i — | [  FINAL  ]   28 routes  vb  kmeans  k=2  λ=0.0  solver=filo2
07:10:50 | i — | [  FINAL  ]   28 routes  vb  fcm  k=2  λ=0.6  solver=ails2
07:10:50 | i — | [  FINAL  ]   28 routes  vb  ac_complete  k=4  λ=0.0  solver=pyvrp
07:10:50 | i — | [  FINAL  ]   28 routes  vb  ac_avg  k=4  λ=1.0  solver=filo2
07:10:50 | i — | [  FINAL  ]   28 routes  vb  ac_complete  k=3  λ=0.8  solver=pyvrp
07:10:50 | i — | [  FINAL  ]   28 routes  vb  kmedoids  k=2  λ=0.2  solver=filo2
07:10:50 | i — | [  FINAL  ]   28 routes  vb  kmedoids  k=2  λ=0.6  solver=filo2
07:10:50 | i — | [  FINAL  ]   28 routes  vb  kmeans  k=4  λ=0.6  solver=filo2
07:10:50 | i — | [  FINAL  ]   28 routes  vb  fcm  k=6  λ=0.8  solver=ails2
07:10:50 | i — | [  FINAL  ]   28 routes  vb  ac_complete  k=3  λ=0.0  solver=filo2
07:10:50 | i — | [  FINAL  ]   28 routes  vb  ac_complete  k=10  λ=0.0  solver=pyvrp
07:10:50 | i — | [  FINAL  ]   28 routes  vb  kmedoids  k=3  λ=0.8  solver=filo
07:10:50 | i — | [  FINAL  ]   27 routes  vb  fcm  k=6  λ=0.8  solver=filo2
07:10:50 | i — | [  FINAL  ]   27 routes  vb  ac_avg  k=6  λ=0.4  solver=ails2
07:10:50 | i — | [  FINAL  ]   27 routes  vb  kmedoids  k=2  λ=1.0  solver=filo
07:10:50 | i — | [  FINAL  ]   27 routes  vb  ac_avg  k=8  λ=0.8  solver=pyvrp
07:10:50 | i — | [  FINAL  ]   27 routes  vb  kmedoids  k=2  λ=0.4  solver=pyvrp
07:10:50 | i — | [  FINAL  ]   27 routes  vb  ac_avg  k=3  λ=0.4  solver=filo2
07:10:50 | i — | [  FINAL  ]   27 routes  vb  fcm  k=4  λ=0.2  solver=filo2
07:10:50 | i — | [  FINAL  ]   27 routes  vb  ac_complete  k=3  λ=0.4  solver=pyvrp
07:10:50 | i — | [  FINAL  ]   27 routes  vb  ac_avg  k=3  λ=0.2  solver=pyvrp
07:10:50 | i — | [  FINAL  ]   26 routes  rb  ac_complete  k=2  λ=1.0  solver=filo2
07:10:50 | i — | [  FINAL  ]   26 routes  rb  kmeans  k=2  λ=1.0  solver=pyvrp
07:10:50 | i — | [  FINAL  ]   26 routes  vb  ac_avg  k=3  λ=0.0  solver=filo
07:10:50 | i — | [  FINAL  ]   26 routes  rb  kmeans  k=2  λ=0.6  solver=filo2
07:10:50 | i — | [  FINAL  ]   26 routes  vb  ac_avg  k=4  λ=0.8  solver=filo
07:10:50 | i — | [  FINAL  ]   26 routes  rb  ac_avg  k=3  λ=0.4  solver=pyvrp
07:10:50 | i — | [  FINAL  ]   25 routes  rb  kmeans  k=2  λ=0.0  solver=filo
07:10:50 | i — | [  FINAL  ]   25 routes  vb  ac_avg  k=4  λ=0.0  solver=filo2
07:10:50 | i — | [  FINAL  ]   25 routes  rb  ac_avg  k=2  λ=1.0  solver=filo2
07:10:50 | i — | [  FINAL  ]   25 routes  rb  ac_avg  k=2  λ=0.4  solver=filo2
07:10:50 | i — | [  FINAL  ]   25 routes  rb  ac_avg  k=3  λ=0.0  solver=ails2
07:10:50 | i — | [  FINAL  ]   25 routes  rb  ac_complete  k=3  λ=0.4  solver=pyvrp
07:10:50 | i — | [  FINAL  ]   25 routes  rb  ac_avg  k=4  λ=1.0  solver=pyvrp
07:10:50 | i — | [  FINAL  ]   25 routes  vb  ac_complete  k=6  λ=1.0  solver=filo
07:10:50 | i — | [  FINAL  ]   25 routes  rb  ac_avg  k=3  λ=0.6  solver=pyvrp
07:10:50 | i — | [  FINAL  ]   24 routes  vb  kmedoids  k=12  λ=0.8  solver=ails2
07:10:50 | i — | [  FINAL  ]   24 routes  vb  ac_avg  k=10  λ=0.4  solver=filo2
07:10:50 | i — | [  FINAL  ]   24 routes  rb  ac_avg  k=3  λ=0.0  solver=filo2
07:10:50 | i — | [  FINAL  ]   24 routes  rb  kmeans  k=2  λ=0.0  solver=filo2
07:10:50 | i — | [  FINAL  ]   24 routes  vb  fcm  k=12  λ=0.8  solver=filo2
07:10:50 | i — | [  FINAL  ]   24 routes  rb  ac_complete  k=2  λ=0.0  solver=filo2
07:10:50 | i — | [  FINAL  ]   23 routes  rb  kmeans  k=6  λ=0.0  solver=filo
07:10:50 | i — | [  FINAL  ]   23 routes  rb  kmeans  k=6  λ=0.8  solver=ails2
07:10:50 | i — | [  FINAL  ]   23 routes  vb  ac_avg  k=12  λ=0.4  solver=filo2
07:10:50 | i — | [  FINAL  ]   23 routes  rb  ac_complete  k=3  λ=0.4  solver=filo2
07:10:50 | i — | [  FINAL  ]   23 routes  vb  ac_avg  k=2  λ=0.6  solver=filo
07:10:50 | i — | [  FINAL  ]   21 routes  rb  kmeans  k=6  λ=0.6  solver=pyvrp
07:10:50 | i — | [  FINAL  ]   21 routes  rb  ac_complete  k=6  λ=0.4  solver=filo
07:10:50 | i — | [  FINAL  ]   21 routes  rb  ac_avg  k=4  λ=1.0  solver=filo2
07:10:50 | i — | [  FINAL  ]   20 routes  rb  kmeans  k=6  λ=0.8  solver=filo2
07:10:50 | i — | [  FINAL  ]   20 routes  vb  kmedoids  k=10  λ=0.4  solver=filo2
07:10:50 | i — | [  FINAL  ]   20 routes  rb  kmeans  k=6  λ=0.4  solver=pyvrp
07:10:50 | i — | [  FINAL  ]   19 routes  rb  kmeans  k=8  λ=0.8  solver=filo
07:10:50 | i — | [  FINAL  ]   19 routes  vb  kmedoids  k=10  λ=0.8  solver=filo
07:10:50 | i — | [  FINAL  ]   19 routes  rb  ac_avg  k=3  λ=0.4  solver=ails2
07:10:50 | i — | [  FINAL  ]   18 routes  rb  ac_avg  k=10  λ=0.6  solver=filo
07:10:50 | i — | [  FINAL  ]   18 routes  rb  kmeans  k=8  λ=0.8  solver=pyvrp
07:10:50 | i — | [  FINAL  ]   18 routes  rb  ac_avg  k=10  λ=0.8  solver=pyvrp
07:10:50 | i — | [  FINAL  ]   18 routes  rb  ac_avg  k=10  λ=0.8  solver=filo2
07:10:50 | i — | [  FINAL  ]   18 routes  rb  kmeans  k=8  λ=0.2  solver=filo2
07:10:50 | i — | [  FINAL  ]   18 routes  rb  ac_complete  k=8  λ=0.0  solver=filo2
07:10:50 | i — | [  FINAL  ]   17 routes  rb  kmeans  k=10  λ=0.2  solver=filo
07:10:50 | i — | [  FINAL  ]   17 routes  rb  kmeans  k=10  λ=0.2  solver=pyvrp
07:10:50 | i — | [  FINAL  ]   17 routes  rb  ac_avg  k=8  λ=0.8  solver=ails2
07:10:50 | i — | [  FINAL  ]   17 routes  rb  kmeans  k=10  λ=0.4  solver=pyvrp
07:10:50 | i — | [  FINAL  ]   16 routes  rb  ac_complete  k=10  λ=0.8  solver=ails2
07:10:50 | i — | [  FINAL  ]   16 routes  rb  kmeans  k=12  λ=0.8  solver=filo2
07:10:50 | i — | [  FINAL  ]   16 routes  rb  ac_avg  k=10  λ=1.0  solver=pyvrp
07:10:50 | i — | [  FINAL  ]   16 routes  rb  kmeans  k=10  λ=1.0  solver=filo2
07:10:50 | i — | [  FINAL  ]   16 routes  rb  ac_avg  k=10  λ=0.4  solver=filo2
07:10:50 | i — | [  FINAL  ]   16 routes  rb  ac_avg  k=10  λ=0.0  solver=pyvrp
07:10:50 | i — | [  FINAL  ]   15 routes  rb  kmeans  k=12  λ=0.4  solver=pyvrp
07:10:50 | i — | [  FINAL  ]   15 routes  rb  kmeans  k=12  λ=0.0  solver=filo
07:10:50 | i — | [  FINAL  ]   15 routes  rb  ac_avg  k=12  λ=0.6  solver=pyvrp
07:10:50 | i — | [  FINAL  ]   15 routes  rb  ac_complete  k=12  λ=0.0  solver=filo
07:10:50 | i — | [  FINAL  ]   14 routes  rb  kmeans  k=12  λ=0.8  solver=pyvrp
07:10:50 | i — | [  FINAL  ]   13 routes  rb  ac_complete  k=12  λ=0.8  solver=pyvrp
07:10:50 | i — | [  FINAL  ]   12 routes  rb  ac_avg  k=12  λ=1.0  solver=filo2
07:10:50 | i — | [  FINAL  ]   11 routes  rb  ac_avg  k=12  λ=0.8  solver=filo2
07:10:50 | i — | [  FINAL  ]   11 routes  rb  ac_avg  k=12  λ=0.4  solver=filo2
07:10:50 | i — | [  FINAL  ]   8 routes  rb  ac_complete  k=4  λ=0.8  solver=filo2
07:10:50 | i — | [  FINAL  ]   7 routes  rb  ac_avg  k=3  λ=1.0  solver=ails2
07:10:50 | i — | [  FINAL  ]   7 routes  rb  kmeans  k=8  λ=0.4  solver=filo2
07:10:50 | i — | [  FINAL  ]   37 routes  post-SP/SC improvement
07:10:50 | i — | [  FINAL  ] ════════════════════════════════════════
