10:27:04 | i — | [  INIT   ] ════════════════════════════════════════
10:27:04 | i — | [  INIT   ] DRISPI  instance=X-n4245-k203  n=4244  capacity=21
10:27:04 | i — | [  INIT   ] k domain (computed at init): [2, 3, 4, 6, 8, 10, 12, 15]  k_ext=16  k_min=203  k_ext_bound=n_bound  spacing_rejected=2
10:27:04 | i — | [  INIT   ] ══════════════════════════════════════════════════════
10:27:04 | i — | [  INIT   ] CONFIGURATION
10:27:04 | i — | [  INIT   ] ── stopping ────────────────────────────────
10:27:04 | i — | [  INIT   ]   time_limit                  = 7200.0
10:27:04 | i — | [  INIT   ]   max_no_improve              = 1000000000
10:27:04 | i — | [  INIT   ] ── parallelism ─────────────────────────────
10:27:04 | i — | [  INIT   ]   n_workers                   = 8
10:27:04 | i — | [  INIT   ] ── cores ───────────────────────────────────
10:27:04 | i — | [  INIT   ]   cores_total                 = 8
10:27:04 | i — | [  INIT   ]   cores_dri                   = 6
10:27:04 | i — | [  INIT   ]   cores_bg                    = 1
10:27:04 | i — | [  INIT   ]   cores_sp                    = 1
10:27:04 | i — | [  INIT   ]   cores_cpu_list              = None
10:27:04 | i — | [  INIT   ] ── sp/sc ───────────────────────────────────
10:27:04 | i — | [  INIT   ]   sp_sc_mode                  = async
10:27:04 | i — | [  INIT   ]   sp_sc_trigger               = wallclock
10:27:04 | i — | [  INIT   ]   interval_minutes            = 20.0
10:27:04 | i — | [  INIT   ]   overlap_policy              = skip
10:27:04 | i — | [  INIT   ]   warmup_iterations           = 5
10:27:04 | i — | [  INIT   ]   sp_interval                 = 3
10:27:04 | i — | [  INIT   ]   min_coverage                = 5
10:27:04 | i — | [  INIT   ]   sp_time_limit               = 720.0
10:27:04 | i — | [  INIT   ]   mip_gap                     = 0.00025
10:27:04 | i — | [  INIT   ] ── decomposition ───────────────────────────
10:27:04 | i — | [  INIT   ]   decomp_k_base_arms          = [2, 3, 4, 6, 8, 10, 12]
10:27:04 | i — | [  INIT   ]   decomp_k_max_arms           = 10
10:27:04 | i — | [  INIT   ]   decomp_k_ext_per_1000       = 4
10:27:04 | i — | [  INIT   ]   decomp_k_min_routes_per_cluster= 8
10:27:04 | i — | [  INIT   ]   decomp_k_min_arm_spacing    = 2
10:27:04 | i — | [  INIT   ]   subcluster_rate_s_per_customer= 0.06
10:27:04 | i — | [  INIT   ]   subcluster_floor_s          = 5.0
10:27:04 | i — | [  INIT   ] ── bg_ails ─────────────────────────────────
10:27:04 | i — | [  INIT   ]   bg_ails_mode                = async
10:27:04 | i — | [  INIT   ]   bg_ails_crash_threshold     = 1
10:27:04 | i — | [  INIT   ]   bg_ails_budget_mode         = predicted_dr_wall
10:27:04 | i — | [  INIT   ]   bg_ails_budget_floor_s      = 60.0
10:27:04 | i — | [  INIT   ]   bg_ails_budget_margin       = 1.0
10:27:04 | i — | [  INIT   ]   bg_ails_wall_model_scale    = 0.976
10:27:04 | i — | [  INIT   ]   bg_ails_wall_model_wave_exponent= -0.18
10:27:04 | i — | [  INIT   ]   bg_ails_initial_omega       = 10
10:27:04 | i — | [  INIT   ]   bg_ails_boundary_threshold  = 0.5
10:27:04 | i — | [  INIT   ]   bg_ails_small_cluster_cap   = 20
10:27:04 | i — | [  INIT   ]   bg_ails_small_cluster_alpha = 0.5
10:27:04 | i — | [  INIT   ]   bg_ails_pair_selection      = greedy
10:27:04 | i — | [  INIT   ]   bg_ails_n_chains_mode       = k
10:27:04 | i — | [  INIT   ]   bg_ails_unique_first_routes = True
10:27:04 | i — | [  INIT   ]   bg_ails_boundary_mask_first_ls= True
10:27:04 | i — | [  INIT   ] ── standard_improvement ────────────────────
10:27:04 | i — | [  INIT   ]   standard_improvement_time_limit= 360.0
10:27:04 | i — | [  INIT   ] ── pool ────────────────────────────────────
10:27:04 | i — | [  INIT   ]   max_pool_size               = 10000
10:27:04 | i — | [  INIT   ]   pool_diversity_weight       = 0.5
10:27:04 | i — | [  INIT   ] ── haos ────────────────────────────────────
10:27:04 | i — | [  INIT   ]   haos_decay                  = 0.95
10:27:04 | i — | [  INIT   ]   haos_warmup                 = 10
10:27:04 | i — | [  INIT   ]   haos_starting_weight        = 10.0
10:27:04 | i — | [  INIT   ]   haos_min_weight_k           = 0.025
10:27:04 | i — | [  INIT   ]   haos_min_weight_lambda      = 0.05
10:27:04 | i — | [  INIT   ]   haos_min_weight_paradigm    = 0.1
10:27:04 | i — | [  INIT   ]   haos_min_weight_vertex_method= 0.05
10:27:04 | i — | [  INIT   ]   haos_min_weight_route_method= 0.05
10:27:04 | i — | [  INIT   ]   haos_min_weight_solver      = 0.05
10:27:04 | i — | [  INIT   ]   haos_lambda_demand_values   = [0.0, 0.2, 0.4, 0.6, 0.8, 1.0]
10:27:04 | i — | [  INIT   ]   haos_paradigm_values        = ['vertex', 'route']
10:27:04 | i — | [  INIT   ]   haos_vertex_method_values   = ['kmeans', 'agglomerative_avg', 'agglomerative_complete', 'kmedoids', 'fcm']
10:27:04 | i — | [  INIT   ]   haos_route_method_values    = ['kmeans', 'agglomerative_avg', 'agglomerative_complete']
10:27:04 | i — | [  INIT   ]   haos_solver_values          = ['pyvrp', 'filo', 'filo2', 'ails2']
10:27:04 | i — | [  INIT   ] ── haos_rewards ────────────────────────────
10:27:04 | i — | [  INIT   ]   haos_reward_new_best        = 10.0
10:27:04 | i — | [  INIT   ]   haos_reward_improvement     = 4.0
10:27:04 | i — | [  INIT   ]   haos_reward_no_improvement  = 1.0
10:27:04 | i — | [  INIT   ]   haos_reward_no_solution     = 0.0
10:27:04 | i — | [  INIT   ]   haos_deferred_new_best      = 7.0
10:27:04 | i — | [  INIT   ]   haos_deferred_improvement   = 3.0
10:27:04 | i — | [  INIT   ]   haos_deferred_no_improvement= 0.0
10:27:04 | i — | [  INIT   ] ── seed ────────────────────────────────────
10:27:04 | i — | [  INIT   ]   seed                        = 11
10:27:04 | i — | [  INIT   ] ── output ──────────────────────────────────
10:27:04 | i — | [  INIT   ]   output_dir                  = /app/artifacts/benchmark/X-n4245-k203/seed11
10:27:04 | i — | [  INIT   ]   run_analysis                = False
10:27:04 | i — | [  INIT   ] ══════════════════════════════════════════════════════
10:27:04 | i — | [  INIT   ] BKS=229521.00
10:27:04 | i — | [  INIT   ] ════════════════════════════════════════
10:27:04 | i 1 | [HAOS ROLL] k=2  λ=0.8  vb  fcm  filo2  P≈0.000521
10:27:06 | i 1 | [Phase 1/3] decompose  1.72s / — / —  λ=0.8  vb fcm
10:29:16 | i 1 | [Phase 2/3] route  130.10s / 128.82s / 101.0%  filo2  k=2
10:29:16 | i 1 | [ IMPROVE ] 230395.00  via decompose_route  ·  Δ_BKS=+0.38%
10:29:16 | i 1 | [HAOS ROLL] k=2  λ=0.8  vb  fcm  filo2  P≈0.000521
10:29:16 | i 1 | [ Summary ] cost=230395.00  Δ_S*=+0.00%  Δ_BKS=+0.38%  Δ_S*_BKS=+0.38%  no_improve=0
10:29:16 | i 2 | [HAOS ROLL] k=15  λ=0.2  rb  ac_avg  filo  P≈0.000868
10:29:20 | i 2 | [Phase 1/3] decompose  3.46s / — / —  λ=0.2  rb ac_avg
10:30:09 | i 2 | [Phase 2/3] route  49.13s / 23.94s / 205.2%  filo  k=15
10:31:27 | i 1 | [ IMPROVE ] 230252.00  via bg_ails  ·  Δ_BKS=+0.32%
10:31:27 | i 1 | [ ASYNC BG] bg_ails  130.92s / 125.73s / 104.1%
10:31:27 | i 2 | [HAOS ROLL] k=15  λ=0.2  rb  ac_avg  filo  P≈0.000868
10:31:27 | i 2 | [ Summary ] cost=230264.00  Δ_S*=+0.01%  Δ_BKS=+0.32%  Δ_S*_BKS=+0.32%  no_improve=1
10:31:27 | i 3 | [HAOS ROLL] k=10  λ=0.6  rb  kmeans  filo  P≈0.000868
10:31:28 | i 3 | [Phase 1/3] decompose  1.05s / — / —  λ=0.6  rb kmeans
10:32:21 | i 3 | [Phase 2/3] route  53.14s / 31.50s / 168.7%  filo  k=10
10:32:33 | i 2 | [ ASYNC BG] bg_ails  65.86s / 60.00s / 109.8%
10:32:33 | i 3 | [HAOS ROLL] k=10  λ=0.6  rb  kmeans  filo  P≈0.000868
10:32:33 | i 3 | [ Summary ] cost=230272.00  Δ_S*=+0.01%  Δ_BKS=+0.33%  Δ_S*_BKS=+0.32%  no_improve=3
10:32:33 | i 4 | [HAOS ROLL] k=15  λ=0.8  vb  ac_complete  filo  P≈0.000521
10:32:35 | i 4 | [Phase 1/3] decompose  1.54s / — / —  λ=0.8  vb ac_complete
10:33:22 | i 4 | [Phase 2/3] route  47.12s / 27.72s / 170.0%  filo  k=15
10:33:39 | i 3 | [ IMPROVE ] 230244.00  via bg_ails  ·  Δ_BKS=+0.32%
10:33:39 | i 3 | [ ASYNC BG] bg_ails  66.08s / 60.00s / 110.1%
10:33:39 | i 4 | [HAOS ROLL] k=15  λ=0.8  vb  ac_complete  filo  P≈0.000521
10:33:39 | i 4 | [ Summary ] cost=236662.00  Δ_S*=+2.79%  Δ_BKS=+3.11%  Δ_S*_BKS=+0.32%  no_improve=1
10:33:39 | i 5 | [HAOS ROLL] k=10  λ=0.0  rb  ac_complete  filo2  P≈0.000868
10:33:40 | i 5 | [Phase 1/3] decompose  0.78s / — / —  λ=0.0  rb ac_complete
10:34:29 | i 5 | [Phase 2/3] route  49.14s / 35.40s / 138.8%  filo2  k=10
10:34:45 | i 4 | [ ASYNC BG] bg_ails  66.05s / 60.00s / 110.1%
10:34:45 | i 5 | [ IMPROVE ] 230172.00  via decompose_route  ·  Δ_BKS=+0.28%
10:34:45 | i 5 | [HAOS ROLL] k=10  λ=0.0  rb  ac_complete  filo2  P≈0.000868
10:34:45 | i 5 | [ Summary ] cost=230172.00  Δ_S*=+0.00%  Δ_BKS=+0.28%  Δ_S*_BKS=+0.28%  no_improve=0
10:34:45 | i 6 | [HAOS ROLL] k=12  λ=0.0  vb  ac_avg  pyvrp  P≈0.000521
10:34:47 | i 6 | [Phase 1/3] decompose  1.27s / — / —  λ=0.0  vb ac_avg
10:35:36 | i 6 | [Phase 2/3] route  48.92s / 41.88s / 116.8%  pyvrp  k=12
10:35:51 | i 5 | [ ASYNC BG] bg_ails  65.75s / 60.00s / 109.6%
10:35:51 | i 6 | [HAOS ROLL] k=12  λ=0.0  vb  ac_avg  pyvrp  P≈0.000521
10:35:51 | i 6 | [ Summary ] cost=236424.00  Δ_S*=+2.72%  Δ_BKS=+3.01%  Δ_S*_BKS=+0.28%  no_improve=2
10:35:51 | i 7 | [HAOS ROLL] k=8  λ=0.6  rb  ac_avg  filo2  P≈0.000868
10:35:52 | i 7 | [Phase 1/3] decompose  1.05s / — / —  λ=0.6  rb ac_avg
10:36:47 | i 7 | [Phase 2/3] route  55.14s / 55.44s / 99.5%  filo2  k=8
10:36:57 | i 6 | [ ASYNC BG] bg_ails  65.79s / 60.00s / 109.6%
10:36:57 | i 7 | [ IMPROVE ] 230158.00  via decompose_route  ·  Δ_BKS=+0.28%
10:36:57 | i 7 | [HAOS ROLL] k=8  λ=0.6  rb  ac_avg  filo2  P≈0.000868
10:36:57 | i 7 | [ Summary ] cost=230158.00  Δ_S*=+0.00%  Δ_BKS=+0.28%  Δ_S*_BKS=+0.28%  no_improve=0
10:36:57 | i 8 | [HAOS ROLL] k=4  λ=0.8  rb  ac_complete  pyvrp  P≈0.000868
10:36:58 | i 8 | [Phase 1/3] decompose  1.04s / — / —  λ=0.8  rb ac_complete
10:38:44 | i 8 | [Phase 2/3] route  105.93s / 99.54s / 106.4%  pyvrp  k=4
10:38:44 | i 7 | [ ASYNC BG] bg_ails  71.95s / 66.22s / 108.7%
10:38:44 | i 8 | [HAOS ROLL] k=4  λ=0.8  rb  ac_complete  pyvrp  P≈0.000868
10:38:44 | i 8 | [ Summary ] cost=232139.00  Δ_S*=+0.86%  Δ_BKS=+1.14%  Δ_S*_BKS=+0.28%  no_improve=2
10:38:44 | i 9 | [HAOS ROLL] k=3  λ=0.0  rb  ac_avg  filo  P≈0.000868
10:38:45 | i 9 | [Phase 1/3] decompose  0.79s / — / —  λ=0.0  rb ac_avg
10:40:39 | i 9 | [Phase 2/3] route  114.37s / 113.52s / 100.7%  filo  k=3
10:40:39 | i 8 | [ ASYNC BG] bg_ails  103.14s / 97.15s / 106.2%
10:40:39 | i 9 | [HAOS ROLL] k=3  λ=0.0  rb  ac_avg  filo  P≈0.000868
10:40:39 | i 9 | [ Summary ] cost=230286.00  Δ_S*=+0.06%  Δ_BKS=+0.33%  Δ_S*_BKS=+0.28%  no_improve=4
10:40:39 | i 10 | [HAOS ROLL] k=3  λ=0.0  vb  ac_complete  filo  P≈0.000521
10:40:41 | i 10 | [Phase 1/3] decompose  1.30s / — / —  λ=0.0  vb ac_complete
10:42:11 | i 10 | [Phase 2/3] route  90.20s / 90.12s / 100.1%  filo  k=3
10:42:35 | i 9 | [ ASYNC BG] bg_ails  115.97s / 110.80s / 104.7%
10:42:35 | i 10 | [HAOS ROLL] k=3  λ=0.0  vb  ac_complete  filo  P≈0.000521
10:42:35 | i 10 | [ Summary ] cost=230822.00  Δ_S*=+0.29%  Δ_BKS=+0.57%  Δ_S*_BKS=+0.28%  no_improve=6
10:42:35 | i 6 | [ASYNC 1/2] sp_sc  2.65s / 720.00s / 0.4%  SC  avg_coverage=9.27/5  pool=1892
10:42:35 | i 6 | [ASYNC 2/2] standard_ails  364.75s / 360.00s / 101.3%
10:42:41 | i 6 | [ IMPROVE ] 230086.00  via standard_ails  ·  Δ_BKS=+0.25%
10:42:41 | i 11 | [HAOS ROLL] k=10  λ=0.0  rb  ac_avg  filo2  P≈0.000868
10:42:42 | i 11 | [Phase 1/3] decompose  0.75s / — / —  λ=0.0  rb ac_avg
10:43:35 | i 11 | [Phase 2/3] route  53.14s / 39.06s / 136.0%  filo2  k=10
10:44:08 | i 10 | [ ASYNC BG] bg_ails  92.69s / 87.96s / 105.4%
10:44:08 | i 11 | [ IMPROVE ] 230027.00  via decompose_route  ·  Δ_BKS=+0.22%
10:44:08 | i 11 | [HAOS ROLL] k=10  λ=0.0  rb  ac_avg  filo2  P≈0.000868
10:44:08 | i 11 | [ Summary ] cost=230027.00  Δ_S*=+0.00%  Δ_BKS=+0.22%  Δ_S*_BKS=+0.22%  no_improve=0
10:44:08 | i 12 | [HAOS ROLL] k=8  λ=0.8  rb  ac_avg  filo2  P≈0.002059
10:44:09 | i 12 | [Phase 1/3] decompose  1.00s / — / —  λ=0.8  rb ac_avg
10:45:01 | i 12 | [Phase 2/3] route  52.11s / 51.78s / 100.6%  filo2  k=8
10:45:14 | i 11 | [ ASYNC BG] bg_ails  65.57s / 60.00s / 109.3%
10:45:14 | i 12 | [ IMPROVE ] 230004.00  via decompose_route  ·  Δ_BKS=+0.21%
10:45:14 | i 12 | [HAOS ROLL] k=8  λ=0.8  rb  ac_avg  filo2  P≈0.002059
10:45:14 | i 12 | [ Summary ] cost=230004.00  Δ_S*=+0.00%  Δ_BKS=+0.21%  Δ_S*_BKS=+0.21%  no_improve=0
10:45:14 | i 13 | [HAOS ROLL] k=8  λ=0.8  vb  kmeans  filo2  P≈0.001032
10:45:15 | i 13 | [Phase 1/3] decompose  1.04s / — / —  λ=0.8  vb kmeans
10:46:23 | i 13 | [Phase 2/3] route  68.15s / 38.52s / 176.9%  filo2  k=8
10:46:23 | i 12 | [ ASYNC BG] bg_ails  68.95s / 63.06s / 109.3%
10:46:23 | i 13 | [HAOS ROLL] k=8  λ=0.8  vb  kmeans  filo2  P≈0.001032
10:46:23 | i 13 | [ Summary ] cost=233926.00  Δ_S*=+1.71%  Δ_BKS=+1.92%  Δ_S*_BKS=+0.21%  no_improve=2
10:46:23 | i 14 | [HAOS ROLL] k=3  λ=0.8  vb  ac_avg  filo  P≈0.000390
10:46:24 | i 14 | [Phase 1/3] decompose  1.52s / — / —  λ=0.8  vb ac_avg
10:48:24 | i 14 | [Phase 2/3] route  119.28s / 119.34s / 99.9%  filo  k=3
10:48:24 | i 13 | [ ASYNC BG] bg_ails  67.88s / 62.60s / 108.4%
10:48:24 | i 14 | [HAOS ROLL] k=3  λ=0.8  vb  ac_avg  filo  P≈0.000390
10:48:24 | i 14 | [ Summary ] cost=230918.00  Δ_S*=+0.40%  Δ_BKS=+0.61%  Δ_S*_BKS=+0.21%  no_improve=4
10:48:24 | i 15 | [HAOS ROLL] k=10  λ=0.0  rb  ac_complete  filo2  P≈0.003484
10:48:25 | i 15 | [Phase 1/3] decompose  0.79s / — / —  λ=0.0  rb ac_complete
10:49:14 | i 15 | [Phase 2/3] route  49.15s / 44.10s / 111.4%  filo2  k=10
10:50:26 | i 14 | [ ASYNC BG] bg_ails  121.88s / 116.48s / 104.6%
10:50:26 | i 15 | [ IMPROVE ] 229977.00  via decompose_route  ·  Δ_BKS=+0.20%
10:50:26 | i 15 | [HAOS ROLL] k=10  λ=0.0  rb  ac_complete  filo2  P≈0.003484
10:50:26 | i 15 | [ Summary ] cost=229977.00  Δ_S*=+0.00%  Δ_BKS=+0.20%  Δ_S*_BKS=+0.20%  no_improve=0
10:50:26 | i 16 | [HAOS ROLL] k=2  λ=0.6  rb  ac_avg  filo2  P≈0.001718
10:50:27 | i 16 | [Phase 1/3] decompose  1.02s / — / —  λ=0.6  rb ac_avg
10:52:49 | i 16 | [Phase 2/3] route  142.34s / 142.38s / 100.0%  filo2  k=2
10:52:49 | i 15 | [ ASYNC BG] bg_ails  66.68s / 61.87s / 107.8%
10:52:49 | i 16 | [HAOS ROLL] k=2  λ=0.6  rb  ac_avg  filo2  P≈0.001718
10:52:49 | i 16 | [ Summary ] cost=230272.00  Δ_S*=+0.13%  Δ_BKS=+0.33%  Δ_S*_BKS=+0.20%  no_improve=2
10:52:49 | i 17 | [HAOS ROLL] k=10  λ=0.8  rb  ac_avg  filo2  P≈0.013344
10:52:50 | i 17 | [Phase 1/3] decompose  1.02s / — / —  λ=0.8  rb ac_avg
10:53:41 | i 17 | [Phase 2/3] route  51.14s / 35.28s / 144.9%  filo2  k=10
10:55:13 | i 16 | [ ASYNC BG] bg_ails  143.92s / 138.96s / 103.6%
10:55:13 | i 17 | [HAOS ROLL] k=10  λ=0.8  rb  ac_avg  filo2  P≈0.013344
10:55:13 | i 17 | [ Summary ] cost=229997.00  Δ_S*=+0.01%  Δ_BKS=+0.21%  Δ_S*_BKS=+0.20%  no_improve=4
10:55:13 | i 18 | [HAOS ROLL] k=2  λ=0.8  rb  kmeans  filo  P≈0.001221
10:55:14 | i 18 | [Phase 1/3] decompose  1.05s / — / —  λ=0.8  rb kmeans
10:57:27 | i 18 | [Phase 2/3] route  132.31s / 132.30s / 100.0%  filo  k=2
10:57:27 | i 17 | [ ASYNC BG] bg_ails  66.03s / 60.00s / 110.0%
10:57:27 | i 18 | [HAOS ROLL] k=2  λ=0.8  rb  kmeans  filo  P≈0.001221
10:57:27 | i 18 | [ Summary ] cost=230217.00  Δ_S*=+0.10%  Δ_BKS=+0.30%  Δ_S*_BKS=+0.20%  no_improve=6
10:57:27 | i 19 | [HAOS ROLL] k=2  λ=0.8  vb  ac_complete  filo  P≈0.000683
10:57:28 | i 19 | [Phase 1/3] decompose  1.55s / — / —  λ=0.8  vb ac_complete
11:00:16 | i 19 | [Phase 2/3] route  167.44s / 166.56s / 100.5%  filo  k=2
11:00:16 | i 18 | [ ASYNC BG] bg_ails  135.07s / 129.12s / 104.6%
11:00:16 | i 19 | [HAOS ROLL] k=2  λ=0.8  vb  ac_complete  filo  P≈0.000683
11:00:16 | i 19 | [ Summary ] cost=230483.00  Δ_S*=+0.22%  Δ_BKS=+0.42%  Δ_S*_BKS=+0.20%  no_improve=8
11:00:16 | i 20 | [HAOS ROLL] k=2  λ=0.0  rb  ac_complete  filo2  P≈0.003582
11:00:17 | i 20 | [Phase 1/3] decompose  0.77s / — / —  λ=0.0  rb ac_complete
11:02:42 | i 20 | [Phase 2/3] route  145.35s / 145.02s / 100.2%  filo2  k=2
11:03:04 | i 19 | [ ASYNC BG] bg_ails  167.90s / 162.56s / 103.3%
11:03:04 | i 20 | [HAOS ROLL] k=2  λ=0.0  rb  ac_complete  filo2  P≈0.003582
11:03:04 | i 20 | [ Summary ] cost=230048.00  Δ_S*=+0.03%  Δ_BKS=+0.23%  Δ_S*_BKS=+0.20%  no_improve=10
11:03:04 | i 21 | [HAOS ROLL] k=8  λ=0.2  vb  ac_complete  filo  P≈0.000293
11:03:05 | i 21 | [Phase 1/3] decompose  1.53s / — / —  λ=0.2  vb ac_complete
11:03:57 | i 21 | [Phase 2/3] route  52.14s / 46.02s / 113.3%  filo  k=8
11:05:31 | i 20 | [ ASYNC BG] bg_ails  147.04s / 141.54s / 103.9%
11:05:31 | i 21 | [HAOS ROLL] k=8  λ=0.2  vb  ac_complete  filo  P≈0.000293
11:05:31 | i 21 | [ Summary ] cost=232126.00  Δ_S*=+0.93%  Δ_BKS=+1.13%  Δ_S*_BKS=+0.20%  no_improve=12
11:05:31 | i 18 | [ASYNC 1/2] sp_sc  51.99s / 720.00s / 7.2%  SP  avg_coverage=28.16/5  pool=5720
11:05:31 | i 18 | [ASYNC 2/2] standard_ails  364.74s / 360.00s / 101.3%
11:05:53 | i 18 | [ IMPROVE ] 229846.00  via standard_ails  ·  Δ_BKS=+0.14%
11:05:53 | i 22 | [HAOS ROLL] k=2  λ=0.8  rb  ac_avg  pyvrp  P≈0.002111
11:05:54 | i 22 | [Phase 1/3] decompose  1.00s / — / —  λ=0.8  rb ac_avg
11:08:22 | i 22 | [Phase 2/3] route  147.93s / 136.20s / 108.6%  pyvrp  k=2
11:08:22 | i 21 | [ ASYNC BG] bg_ails  68.89s / 63.53s / 108.4%
11:08:22 | i 22 | [HAOS ROLL] k=2  λ=0.8  rb  ac_avg  pyvrp  P≈0.002111
11:08:22 | i 22 | [ Summary ] cost=233147.00  Δ_S*=+1.44%  Δ_BKS=+1.58%  Δ_S*_BKS=+0.14%  no_improve=2
11:08:22 | i 23 | [HAOS ROLL] k=10  λ=0.0  rb  ac_complete  filo2  P≈0.010073
11:08:23 | i 23 | [Phase 1/3] decompose  0.78s / — / —  λ=0.0  rb ac_complete
11:09:14 | i 23 | [Phase 2/3] route  51.15s / 37.80s / 135.3%  filo2  k=10
11:10:40 | i 22 | [ ASYNC BG] bg_ails  137.84s / 132.93s / 103.7%
11:10:40 | i 23 | [HAOS ROLL] k=10  λ=0.0  rb  ac_complete  filo2  P≈0.010073
11:10:40 | i 23 | [ Summary ] cost=230041.00  Δ_S*=+0.08%  Δ_BKS=+0.23%  Δ_S*_BKS=+0.14%  no_improve=4
11:10:40 | i 24 | [HAOS ROLL] k=2  λ=0.8  rb  ac_avg  filo2  P≈0.012575
11:10:41 | i 24 | [Phase 1/3] decompose  1.02s / — / —  λ=0.8  rb ac_avg
11:12:57 | i 24 | [Phase 2/3] route  136.32s / 136.20s / 100.1%  filo2  k=2
11:12:57 | i 23 | [ ASYNC BG] bg_ails  65.74s / 60.00s / 109.6%
11:12:57 | i 24 | [HAOS ROLL] k=2  λ=0.8  rb  ac_avg  filo2  P≈0.012575
11:12:57 | i 24 | [ Summary ] cost=230037.00  Δ_S*=+0.08%  Δ_BKS=+0.22%  Δ_S*_BKS=+0.14%  no_improve=6
11:12:57 | i 25 | [HAOS ROLL] k=6  λ=0.6  vb  ac_avg  filo2  P≈0.000195
11:12:59 | i 25 | [Phase 1/3] decompose  1.49s / — / —  λ=0.6  vb ac_avg
11:14:00 | i 25 | [Phase 2/3] route  61.15s / 60.54s / 101.0%  filo2  k=6
11:15:15 | i 24 | [ ASYNC BG] bg_ails  137.84s / 132.93s / 103.7%
11:15:15 | i 25 | [HAOS ROLL] k=6  λ=0.6  vb  ac_avg  filo2  P≈0.000195
11:15:15 | i 25 | [ Summary ] cost=233661.00  Δ_S*=+1.66%  Δ_BKS=+1.80%  Δ_S*_BKS=+0.14%  no_improve=8
11:15:15 | i 26 | [HAOS ROLL] k=10  λ=0.8  rb  ac_complete  filo2  P≈0.011716
11:15:16 | i 26 | [Phase 1/3] decompose  1.02s / — / —  λ=0.8  rb ac_complete
11:16:07 | i 26 | [Phase 2/3] route  51.14s / 37.80s / 135.3%  filo2  k=10
11:16:21 | i 25 | [ ASYNC BG] bg_ails  65.88s / 60.00s / 109.8%
11:16:21 | i 26 | [HAOS ROLL] k=10  λ=0.8  rb  ac_complete  filo2  P≈0.011716
11:16:21 | i 26 | [ Summary ] cost=229975.00  Δ_S*=+0.06%  Δ_BKS=+0.20%  Δ_S*_BKS=+0.14%  no_improve=10
11:16:21 | i 27 | [HAOS ROLL] k=3  λ=0.8  rb  ac_avg  filo2  P≈0.007061
11:16:22 | i 27 | [Phase 1/3] decompose  1.03s / — / —  λ=0.8  rb ac_avg
11:18:20 | i 27 | [Phase 2/3] route  118.29s / 118.44s / 99.9%  filo2  k=3
11:18:20 | i 26 | [ ASYNC BG] bg_ails  65.96s / 60.00s / 109.9%
11:18:21 | i 27 | [HAOS ROLL] k=3  λ=0.8  rb  ac_avg  filo2  P≈0.007061
11:18:21 | i 27 | [ Summary ] cost=229955.00  Δ_S*=+0.05%  Δ_BKS=+0.19%  Δ_S*_BKS=+0.14%  no_improve=12
11:18:21 | i 28 | [HAOS ROLL] k=15  λ=0.8  vb  ac_complete  filo2  P≈0.001827
11:18:22 | i 28 | [Phase 1/3] decompose  1.56s / — / —  λ=0.8  vb ac_complete
11:19:09 | i 28 | [Phase 2/3] route  47.27s / 27.72s / 170.5%  filo2  k=15
11:20:22 | i 27 | [ ASYNC BG] bg_ails  121.25s / 115.60s / 104.9%
11:20:22 | i 28 | [HAOS ROLL] k=15  λ=0.8  vb  ac_complete  filo2  P≈0.001827
11:20:22 | i 28 | [ Summary ] cost=236496.00  Δ_S*=+2.89%  Δ_BKS=+3.04%  Δ_S*_BKS=+0.14%  no_improve=14
11:20:22 | i 29 | [HAOS ROLL] k=2  λ=0.4  rb  ac_avg  filo2  P≈0.002284
11:20:23 | i 29 | [Phase 1/3] decompose  1.07s / — / —  λ=0.4  rb ac_avg
11:22:39 | i 29 | [Phase 2/3] route  136.33s / 136.20s / 100.1%  filo2  k=2
11:22:39 | i 28 | [ ASYNC BG] bg_ails  66.04s / 60.00s / 110.1%
11:22:39 | i 29 | [HAOS ROLL] k=2  λ=0.4  rb  ac_avg  filo2  P≈0.002284
11:22:39 | i 29 | [ Summary ] cost=230117.00  Δ_S*=+0.12%  Δ_BKS=+0.26%  Δ_S*_BKS=+0.14%  no_improve=16
11:22:39 | i 30 | [HAOS ROLL] k=2  λ=1.0  vb  kmeans  filo2  P≈0.000255
11:22:40 | i 30 | [Phase 1/3] decompose  1.06s / — / —  λ=1.0  vb kmeans
11:24:54 | i 30 | [Phase 2/3] route  133.31s / 132.72s / 100.4%  filo2  k=2
11:24:57 | i 29 | [ ASYNC BG] bg_ails  138.05s / 132.93s / 103.8%
11:24:57 | i 30 | [HAOS ROLL] k=2  λ=1.0  vb  kmeans  filo2  P≈0.000255
11:24:57 | i 30 | [ Summary ] cost=230469.00  Δ_S*=+0.27%  Δ_BKS=+0.41%  Δ_S*_BKS=+0.14%  no_improve=18
11:24:57 | i 31 | [HAOS ROLL] k=8  λ=0.4  rb  kmeans  pyvrp  P≈0.000072
11:24:58 | i 31 | [Phase 1/3] decompose  1.04s / — / —  λ=0.4  rb kmeans
11:25:58 | i 31 | [Phase 2/3] route  59.52s / 41.58s / 143.1%  pyvrp  k=8
11:27:12 | i 30 | [ ASYNC BG] bg_ails  134.95s / 129.53s / 104.2%
11:27:12 | i 31 | [HAOS ROLL] k=8  λ=0.4  rb  kmeans  pyvrp  P≈0.000072
11:27:12 | i 31 | [ Summary ] cost=231429.00  Δ_S*=+0.69%  Δ_BKS=+0.83%  Δ_S*_BKS=+0.14%  no_improve=20
11:27:12 | i 32 | [HAOS ROLL] k=3  λ=1.0  rb  ac_avg  pyvrp  P≈0.000387
11:27:13 | i 32 | [Phase 1/3] decompose  1.05s / — / —  λ=1.0  rb ac_avg
11:29:21 | i 32 | [Phase 2/3] route  127.71s / 118.44s / 107.8%  pyvrp  k=3
11:29:21 | i 31 | [ ASYNC BG] bg_ails  66.09s / 60.79s / 108.7%
11:29:21 | i 32 | [HAOS ROLL] k=3  λ=1.0  rb  ac_avg  pyvrp  P≈0.000387
11:29:21 | i 32 | [ Summary ] cost=232242.00  Δ_S*=+1.04%  Δ_BKS=+1.19%  Δ_S*_BKS=+0.14%  no_improve=22
11:29:21 | i 33 | [HAOS ROLL] k=10  λ=0.6  rb  ac_avg  filo  P≈0.003266
11:29:22 | i 33 | [Phase 1/3] decompose  1.02s / — / —  λ=0.6  rb ac_avg
11:30:09 | i 33 | [Phase 2/3] route  47.14s / 44.10s / 106.9%  filo  k=10
11:31:22 | i 32 | [ ASYNC BG] bg_ails  120.92s / 115.60s / 104.6%
11:31:22 | i 33 | [HAOS ROLL] k=10  λ=0.6  rb  ac_avg  filo  P≈0.003266
11:31:22 | i 33 | [ Summary ] cost=229917.00  Δ_S*=+0.03%  Δ_BKS=+0.17%  Δ_S*_BKS=+0.14%  no_improve=24
11:31:23 | i 27 | [ASYNC 1/2] sp_sc  385.56s / 720.00s / 53.6%  SP  avg_coverage=41.13/5  pool=8349
11:31:23 | i 27 | [ASYNC 2/2] standard_ails  364.80s / 360.00s / 101.3%
11:32:14 | i 34 | [HAOS ROLL] k=2  λ=0.0  rb  ac_avg  filo2  P≈0.011349
11:32:15 | i 34 | [Phase 1/3] decompose  0.75s / — / —  λ=0.0  rb ac_avg
11:34:31 | i 34 | [Phase 2/3] route  136.32s / 136.20s / 100.1%  filo2  k=2
11:34:31 | i 33 | [ ASYNC BG] bg_ails  65.96s / 60.79s / 108.5%
11:34:31 | i 34 | [HAOS ROLL] k=2  λ=0.0  rb  ac_avg  filo2  P≈0.011349
11:34:31 | i 34 | [ Summary ] cost=230058.00  Δ_S*=+0.09%  Δ_BKS=+0.23%  Δ_S*_BKS=+0.14%  no_improve=27
11:34:31 | i 35 | [HAOS ROLL] k=10  λ=0.8  vb  fcm  ails2  P≈0.000241
11:34:33 | i 35 | [Phase 1/3] decompose  1.53s / — / —  λ=0.8  vb fcm
11:35:29 | i 35 | [Phase 2/3] route  55.86s / 27.96s / 199.8%  ails2  k=10
11:36:49 | i 34 | [ ASYNC BG] bg_ails  137.83s / 132.93s / 103.7%
11:36:49 | i 35 | [HAOS ROLL] k=10  λ=0.8  vb  fcm  ails2  P≈0.000241
11:36:49 | i 35 | [ Summary ] cost=234811.00  Δ_S*=+2.16%  Δ_BKS=+2.30%  Δ_S*_BKS=+0.14%  no_improve=29
11:36:49 | i 36 | [HAOS ROLL] k=2  λ=0.8  rb  kmeans  filo  P≈0.001526
11:36:50 | i 36 | [Phase 1/3] decompose  1.01s / — / —  λ=0.8  rb kmeans
11:39:00 | i 36 | [Phase 2/3] route  129.30s / 128.52s / 100.6%  filo  k=2
11:39:00 | i 35 | [ ASYNC BG] bg_ails  65.90s / 60.00s / 109.8%
11:39:00 | i 36 | [HAOS ROLL] k=2  λ=0.8  rb  kmeans  filo  P≈0.001526
11:39:00 | i 36 | [ Summary ] cost=230146.00  Δ_S*=+0.13%  Δ_BKS=+0.27%  Δ_S*_BKS=+0.14%  no_improve=31
11:39:00 | i 37 | [HAOS ROLL] k=2  λ=0.8  rb  ac_avg  filo  P≈0.008997
11:39:01 | i 37 | [Phase 1/3] decompose  1.01s / — / —  λ=0.8  rb ac_avg
11:41:18 | i 37 | [Phase 2/3] route  136.33s / 136.20s / 100.1%  filo  k=2
11:41:18 | i 36 | [ ASYNC BG] bg_ails  131.05s / 125.44s / 104.5%
11:41:18 | i 37 | [HAOS ROLL] k=2  λ=0.8  rb  ac_avg  filo  P≈0.008997
11:41:18 | i 37 | [ Summary ] cost=230188.00  Δ_S*=+0.15%  Δ_BKS=+0.29%  Δ_S*_BKS=+0.14%  no_improve=33
11:41:18 | i 38 | [HAOS ROLL] k=8  λ=1.0  rb  ac_avg  filo  P≈0.001081
11:41:19 | i 38 | [Phase 1/3] decompose  1.03s / — / —  λ=1.0  rb ac_avg
11:42:10 | i 38 | [Phase 2/3] route  51.16s / 44.10s / 116.0%  filo  k=8
11:43:36 | i 37 | [ ASYNC BG] bg_ails  138.08s / 132.93s / 103.9%
11:43:36 | i 38 | [HAOS ROLL] k=8  λ=1.0  rb  ac_avg  filo  P≈0.001081
11:43:36 | i 38 | [ Summary ] cost=230155.00  Δ_S*=+0.13%  Δ_BKS=+0.28%  Δ_S*_BKS=+0.14%  no_improve=35
11:43:36 | i 39 | [HAOS ROLL] k=15  λ=0.0  rb  ac_avg  filo2  P≈0.004748
11:43:37 | i 39 | [Phase 1/3] decompose  0.79s / — / —  λ=0.0  rb ac_avg
11:44:24 | i 39 | [Phase 2/3] route  47.16s / 23.94s / 197.0%  filo2  k=15
11:44:42 | i 38 | [ ASYNC BG] bg_ails  66.02s / 60.79s / 108.6%
11:44:42 | i 39 | [HAOS ROLL] k=15  λ=0.0  rb  ac_avg  filo2  P≈0.004748
11:44:42 | i 39 | [ Summary ] cost=229964.00  Δ_S*=+0.05%  Δ_BKS=+0.19%  Δ_S*_BKS=+0.14%  no_improve=37
11:44:42 | i 40 | [HAOS ROLL] k=6  λ=0.0  rb  ac_avg  filo  P≈0.002179
11:44:43 | i 40 | [Phase 1/3] decompose  0.77s / — / —  λ=0.0  rb ac_avg
11:46:01 | i 40 | [Phase 2/3] route  78.22s / 78.12s / 100.1%  filo  k=6
11:46:01 | i 39 | [ ASYNC BG] bg_ails  65.81s / 60.00s / 109.7%
11:46:01 | i 40 | [HAOS ROLL] k=6  λ=0.0  rb  ac_avg  filo  P≈0.002179
11:46:02 | i 40 | [ Summary ] cost=230008.00  Δ_S*=+0.07%  Δ_BKS=+0.21%  Δ_S*_BKS=+0.14%  no_improve=39
11:46:02 | i 41 | [HAOS ROLL] k=2  λ=0.6  rb  ac_complete  filo2  P≈0.002189
11:46:03 | i 41 | [Phase 1/3] decompose  1.03s / — / —  λ=0.6  rb ac_complete
11:48:33 | i 41 | [Phase 2/3] route  150.38s / 150.06s / 100.2%  filo2  k=2
11:48:33 | i 40 | [ ASYNC BG] bg_ails  81.81s / 76.25s / 107.3%
11:48:33 | i 41 | [HAOS ROLL] k=2  λ=0.6  rb  ac_complete  filo2  P≈0.002189
11:48:33 | i 41 | [ Summary ] cost=229997.00  Δ_S*=+0.07%  Δ_BKS=+0.21%  Δ_S*_BKS=+0.14%  no_improve=41
11:48:33 | i 36 | [ASYNC 1/2] sp_sc  64.71s / 720.00s / 9.0%  SP  avg_coverage=49.24/5  pool=10000
11:48:33 | i 36 | [ASYNC 2/2] standard_ails  364.82s / 360.00s / 101.3%
11:49:27 | i 42 | [HAOS ROLL] k=10  λ=0.6  rb  ac_avg  filo2  P≈0.007659
11:49:28 | i 42 | [Phase 1/3] decompose  1.02s / — / —  λ=0.6  rb ac_avg
11:50:15 | i 42 | [Phase 2/3] route  47.15s / 44.10s / 106.9%  filo2  k=10
11:51:05 | i 41 | [ ASYNC BG] bg_ails  152.06s / 146.46s / 103.8%
11:51:06 | i 42 | [HAOS ROLL] k=10  λ=0.6  rb  ac_avg  filo2  P≈0.007659
11:51:06 | i 42 | [ Summary ] cost=229924.00  Δ_S*=+0.03%  Δ_BKS=+0.18%  Δ_S*_BKS=+0.14%  no_improve=44
11:51:06 | i 43 | [HAOS ROLL] k=10  λ=0.8  rb  ac_complete  filo2  P≈0.008167
11:51:07 | i 43 | [Phase 1/3] decompose  1.02s / — / —  λ=0.8  rb ac_complete
11:51:58 | i 43 | [Phase 2/3] route  51.16s / 37.80s / 135.3%  filo2  k=10
11:52:11 | i 42 | [ ASYNC BG] bg_ails  66.23s / 60.79s / 108.9%
11:52:12 | i 43 | [HAOS ROLL] k=10  λ=0.8  rb  ac_complete  filo2  P≈0.008167
11:52:12 | i 43 | [ Summary ] cost=229975.00  Δ_S*=+0.06%  Δ_BKS=+0.20%  Δ_S*_BKS=+0.14%  no_improve=46
11:52:12 | i 44 | [HAOS ROLL] k=8  λ=0.8  rb  ac_complete  filo2  P≈0.004204
11:52:13 | i 44 | [Phase 1/3] decompose  1.04s / — / —  λ=0.8  rb ac_complete
11:53:11 | i 44 | [Phase 2/3] route  58.17s / 37.80s / 153.9%  filo2  k=8
11:53:18 | i 43 | [ ASYNC BG] bg_ails  66.18s / 60.00s / 110.3%
11:53:18 | i 44 | [HAOS ROLL] k=8  λ=0.8  rb  ac_complete  filo2  P≈0.004204
11:53:18 | i 44 | [ Summary ] cost=229916.00  Δ_S*=+0.03%  Δ_BKS=+0.17%  Δ_S*_BKS=+0.14%  no_improve=48
11:53:18 | i 45 | [HAOS ROLL] k=2  λ=0.8  rb  ac_avg  filo2  P≈0.020540
11:53:19 | i 45 | [Phase 1/3] decompose  1.05s / — / —  λ=0.8  rb ac_avg
11:55:35 | i 45 | [Phase 2/3] route  136.33s / 136.20s / 100.1%  filo2  k=2
11:55:35 | i 44 | [ ASYNC BG] bg_ails  66.01s / 60.00s / 110.0%
11:55:36 | i 45 | [HAOS ROLL] k=2  λ=0.8  rb  ac_avg  filo2  P≈0.020540
11:55:36 | i 45 | [ Summary ] cost=230051.00  Δ_S*=+0.09%  Δ_BKS=+0.23%  Δ_S*_BKS=+0.14%  no_improve=50
11:55:36 | i 46 | [HAOS ROLL] k=2  λ=0.4  rb  ac_avg  filo  P≈0.001815
11:55:37 | i 46 | [Phase 1/3] decompose  1.04s / — / —  λ=0.4  rb ac_avg
11:57:53 | i 46 | [Phase 2/3] route  136.34s / 136.20s / 100.1%  filo  k=2
11:57:54 | i 45 | [ ASYNC BG] bg_ails  138.09s / 132.93s / 103.9%
11:57:54 | i 46 | [HAOS ROLL] k=2  λ=0.4  rb  ac_avg  filo  P≈0.001815
11:57:54 | i 46 | [ Summary ] cost=230129.00  Δ_S*=+0.12%  Δ_BKS=+0.26%  Δ_S*_BKS=+0.14%  no_improve=52
11:57:54 | i 47 | [HAOS ROLL] k=10  λ=0.8  rb  ac_avg  filo2  P≈0.027215
11:57:55 | i 47 | [Phase 1/3] decompose  1.13s / — / —  λ=0.8  rb ac_avg
11:58:42 | i 47 | [Phase 2/3] route  47.15s / 44.10s / 106.9%  filo2  k=10
12:00:12 | i 46 | [ ASYNC BG] bg_ails  138.07s / 132.93s / 103.9%
12:00:12 | i 47 | [HAOS ROLL] k=10  λ=0.8  rb  ac_avg  filo2  P≈0.027215
12:00:12 | i 47 | [ Summary ] cost=229946.00  Δ_S*=+0.04%  Δ_BKS=+0.19%  Δ_S*_BKS=+0.14%  no_improve=54
12:00:12 | i 48 | [HAOS ROLL] k=2  λ=0.8  rb  ac_avg  filo2  P≈0.026067
12:00:13 | i 48 | [Phase 1/3] decompose  1.04s / — / —  λ=0.8  rb ac_avg
12:02:30 | i 48 | [Phase 2/3] route  136.33s / 136.20s / 100.1%  filo2  k=2
12:02:30 | i 47 | [ ASYNC BG] bg_ails  66.00s / 60.79s / 108.6%
12:02:30 | i 48 | [HAOS ROLL] k=2  λ=0.8  rb  ac_avg  filo2  P≈0.026067
12:02:30 | i 48 | [ Summary ] cost=230088.00  Δ_S*=+0.11%  Δ_BKS=+0.25%  Δ_S*_BKS=+0.14%  no_improve=56
12:02:30 | i 49 | [HAOS ROLL] k=8  λ=0.8  rb  ac_avg  filo2  P≈0.014818
12:02:31 | i 49 | [Phase 1/3] decompose  1.04s / — / —  λ=0.8  rb ac_avg
12:03:22 | i 49 | [Phase 2/3] route  51.15s / 44.10s / 116.0%  filo2  k=8
12:04:48 | i 48 | [ ASYNC BG] bg_ails  138.06s / 132.93s / 103.9%
12:04:48 | i 49 | [HAOS ROLL] k=8  λ=0.8  rb  ac_avg  filo2  P≈0.014818
12:04:48 | i 49 | [ Summary ] cost=230057.00  Δ_S*=+0.09%  Δ_BKS=+0.23%  Δ_S*_BKS=+0.14%  no_improve=58
12:04:48 | i 50 | [HAOS ROLL] k=10  λ=0.8  rb  ac_avg  filo2  P≈0.034137
12:04:49 | i 50 | [Phase 1/3] decompose  1.04s / — / —  λ=0.8  rb ac_avg
12:05:36 | i 50 | [Phase 2/3] route  47.27s / 44.10s / 107.2%  filo2  k=10
12:05:54 | i 49 | [ ASYNC BG] bg_ails  65.89s / 60.79s / 108.4%
12:05:54 | i 50 | [HAOS ROLL] k=10  λ=0.8  rb  ac_avg  filo2  P≈0.034137
12:05:54 | i 50 | [ Summary ] cost=229936.00  Δ_S*=+0.04%  Δ_BKS=+0.18%  Δ_S*_BKS=+0.14%  no_improve=60
12:05:54 | i 51 | [HAOS ROLL] k=12  λ=0.8  vb  kmeans  filo2  P≈0.000476
12:05:55 | i 51 | [Phase 1/3] decompose  1.04s / — / —  λ=0.8  vb kmeans
12:06:43 | i 51 | [Phase 2/3] route  48.15s / 26.10s / 184.5%  filo2  k=12
12:07:00 | i 50 | [ ASYNC BG] bg_ails  65.97s / 60.79s / 108.5%
12:07:00 | i 51 | [HAOS ROLL] k=12  λ=0.8  vb  kmeans  filo2  P≈0.000476
12:07:00 | i 51 | [ Summary ] cost=235282.00  Δ_S*=+2.37%  Δ_BKS=+2.51%  Δ_S*_BKS=+0.14%  no_improve=62
12:07:00 | i 47 | [ASYNC 1/2] sp_sc  32.38s / 720.00s / 4.5%  SP  avg_coverage=49.24/5  pool=10000
12:07:00 | i 47 | [ASYNC 2/2] standard_ails  364.69s / 360.00s / 101.3%
12:07:52 | i 52 | [HAOS ROLL] k=10  λ=0.0  rb  ac_avg  pyvrp  P≈0.003514
12:07:53 | i 52 | [Phase 1/3] decompose  0.74s / — / —  λ=0.0  rb ac_avg
12:08:42 | i 52 | [Phase 2/3] route  49.14s / 44.10s / 111.4%  pyvrp  k=10
12:08:42 | i 51 | [ ASYNC BG] bg_ails  65.92s / 60.00s / 109.9%
12:08:42 | i 52 | [HAOS ROLL] k=10  λ=0.0  rb  ac_avg  pyvrp  P≈0.003514
12:08:42 | i 52 | [ Summary ] cost=231072.00  Δ_S*=+0.53%  Δ_BKS=+0.68%  Δ_S*_BKS=+0.14%  no_improve=65
12:08:42 | i 53 | [HAOS ROLL] k=10  λ=0.6  rb  ac_avg  filo2  P≈0.015628
12:08:43 | i 53 | [Phase 1/3] decompose  1.01s / — / —  λ=0.6  rb ac_avg
12:09:30 | i 53 | [Phase 2/3] route  47.14s / 44.10s / 106.9%  filo2  k=10
12:09:47 | i 52 | [ ASYNC BG] bg_ails  65.74s / 60.79s / 108.1%
12:09:48 | i 53 | [HAOS ROLL] k=10  λ=0.6  rb  ac_avg  filo2  P≈0.015628
12:09:48 | i 53 | [ Summary ] cost=229922.00  Δ_S*=+0.03%  Δ_BKS=+0.17%  Δ_S*_BKS=+0.14%  no_improve=67
12:09:48 | i 54 | [HAOS ROLL] k=10  λ=0.8  vb  fcm  filo2  P≈0.003647
12:09:49 | i 54 | [Phase 1/3] decompose  1.44s / — / —  λ=0.8  vb fcm
12:10:42 | i 54 | [Phase 2/3] route  53.15s / 28.02s / 189.7%  filo2  k=10
12:10:53 | i 53 | [ ASYNC BG] bg_ails  66.03s / 60.79s / 108.6%
12:10:54 | i 54 | [HAOS ROLL] k=10  λ=0.8  vb  fcm  filo2  P≈0.003647
12:10:54 | i 54 | [ Summary ] cost=233530.00  Δ_S*=+1.60%  Δ_BKS=+1.75%  Δ_S*_BKS=+0.14%  no_improve=69
12:10:54 | i 55 | [HAOS ROLL] k=2  λ=0.0  vb  ac_complete  filo2  P≈0.001381
12:10:55 | i 55 | [Phase 1/3] decompose  1.24s / — / —  λ=0.0  vb ac_complete
12:13:43 | i 55 | [Phase 2/3] route  167.45s / 166.56s / 100.5%  filo2  k=2
12:13:43 | i 54 | [ ASYNC BG] bg_ails  65.90s / 60.00s / 109.8%
12:13:43 | i 55 | [HAOS ROLL] k=2  λ=0.0  vb  ac_complete  filo2  P≈0.001381
12:13:43 | i 55 | [ Summary ] cost=230388.00  Δ_S*=+0.24%  Δ_BKS=+0.38%  Δ_S*_BKS=+0.14%  no_improve=71
12:13:43 | i 56 | [HAOS ROLL] k=12  λ=0.8  rb  ac_complete  filo2  P≈0.002685
12:13:44 | i 56 | [Phase 1/3] decompose  1.05s / — / —  λ=0.8  rb ac_complete
12:14:31 | i 56 | [Phase 2/3] route  47.14s / 35.28s / 133.6%  filo2  k=12
12:16:30 | i 55 | [ ASYNC BG] bg_ails  167.69s / 162.56s / 103.2%
12:16:31 | i 56 | [HAOS ROLL] k=12  λ=0.8  rb  ac_complete  filo2  P≈0.002685
12:16:31 | i 56 | [ Summary ] cost=229931.00  Δ_S*=+0.04%  Δ_BKS=+0.18%  Δ_S*_BKS=+0.14%  no_improve=73
12:16:31 | i 57 | [HAOS ROLL] k=2  λ=0.2  rb  ac_avg  filo2  P≈0.003506
12:16:32 | i 57 | [Phase 1/3] decompose  1.10s / — / —  λ=0.2  rb ac_avg
12:18:48 | i 57 | [Phase 2/3] route  136.33s / 136.20s / 100.1%  filo2  k=2
12:18:48 | i 56 | [ ASYNC BG] bg_ails  66.00s / 60.00s / 110.0%
12:18:49 | i 57 | [HAOS ROLL] k=2  λ=0.2  rb  ac_avg  filo2  P≈0.003506
12:18:49 | i 57 | [ Summary ] cost=230104.00  Δ_S*=+0.11%  Δ_BKS=+0.25%  Δ_S*_BKS=+0.14%  no_improve=75
12:18:49 | i 58 | [HAOS ROLL] k=3  λ=0.8  rb  ac_avg  filo2  P≈0.011568
12:18:50 | i 58 | [Phase 1/3] decompose  1.04s / — / —  λ=0.8  rb ac_avg
12:20:48 | i 58 | [Phase 2/3] route  118.29s / 118.44s / 99.9%  filo2  k=3
12:21:06 | i 57 | [ ASYNC BG] bg_ails  137.94s / 132.93s / 103.8%
12:21:07 | i 58 | [HAOS ROLL] k=3  λ=0.8  rb  ac_avg  filo2  P≈0.011568
12:21:07 | i 58 | [ Summary ] cost=230050.00  Δ_S*=+0.09%  Δ_BKS=+0.23%  Δ_S*_BKS=+0.14%  no_improve=77
12:21:07 | i 59 | [HAOS ROLL] k=6  λ=1.0  rb  ac_complete  filo2  P≈0.000307
12:21:08 | i 59 | [Phase 1/3] decompose  1.02s / — / —  λ=1.0  rb ac_complete
12:22:15 | i 59 | [Phase 2/3] route  67.17s / 66.78s / 100.6%  filo2  k=6
12:23:07 | i 58 | [ ASYNC BG] bg_ails  121.01s / 115.60s / 104.7%
12:23:08 | i 59 | [HAOS ROLL] k=6  λ=1.0  rb  ac_complete  filo2  P≈0.000307
12:23:08 | i 59 | [ Summary ] cost=229994.00  Δ_S*=+0.06%  Δ_BKS=+0.21%  Δ_S*_BKS=+0.14%  no_improve=79
12:23:08 | i 60 | [HAOS ROLL] k=10  λ=1.0  rb  ac_complete  filo2  P≈0.002951
12:23:09 | i 60 | [Phase 1/3] decompose  1.01s / — / —  λ=1.0  rb ac_complete
12:24:00 | i 60 | [Phase 2/3] route  51.15s / 37.80s / 135.3%  filo2  k=10
12:24:18 | i 59 | [ ASYNC BG] bg_ails  70.96s / 65.18s / 108.9%
12:24:19 | i 60 | [HAOS ROLL] k=10  λ=1.0  rb  ac_complete  filo2  P≈0.002951
12:24:19 | i 60 | [ Summary ] cost=229978.00  Δ_S*=+0.06%  Δ_BKS=+0.20%  Δ_S*_BKS=+0.14%  no_improve=81
12:24:19 | i 61 | [HAOS ROLL] k=10  λ=0.4  rb  ac_complete  filo  P≈0.000794
12:24:20 | i 61 | [Phase 1/3] decompose  1.04s / — / —  λ=0.4  rb ac_complete
12:25:11 | i 61 | [Phase 2/3] route  51.17s / 37.80s / 135.4%  filo  k=10
12:25:24 | i 60 | [ ASYNC BG] bg_ails  66.08s / 60.00s / 110.1%
12:25:25 | i 61 | [HAOS ROLL] k=10  λ=0.4  rb  ac_complete  filo  P≈0.000794
12:25:25 | i 61 | [ Summary ] cost=230008.00  Δ_S*=+0.07%  Δ_BKS=+0.21%  Δ_S*_BKS=+0.14%  no_improve=83
12:25:25 | i 62 | [HAOS ROLL] k=10  λ=0.0  rb  ac_avg  filo  P≈0.008176
12:25:26 | i 62 | [Phase 1/3] decompose  0.78s / — / —  λ=0.0  rb ac_avg
12:26:13 | i 62 | [Phase 2/3] route  47.15s / 44.10s / 106.9%  filo  k=10
12:26:31 | i 61 | [ ASYNC BG] bg_ails  66.05s / 60.00s / 110.1%
12:26:31 | i 62 | [HAOS ROLL] k=10  λ=0.0  rb  ac_avg  filo  P≈0.008176
12:26:31 | i 62 | [ Summary ] cost=229953.00  Δ_S*=+0.05%  Δ_BKS=+0.19%  Δ_S*_BKS=+0.14%  no_improve=85
12:26:31 | i 63 | [HAOS ROLL] k=10  λ=0.0  vb  ac_complete  filo2  P≈0.002811
12:26:32 | i 63 | [Phase 1/3] decompose  1.25s / — / —  λ=0.0  vb ac_complete
12:27:25 | i 63 | [Phase 2/3] route  53.17s / 36.00s / 147.7%  filo2  k=10
12:27:26 | i 63 | [HAOS ROLL] k=10  λ=0.0  vb  ac_complete  filo2  P≈0.002811
12:27:26 | i 63 | [ Summary ] cost=233437.00  Δ_S*=+1.56%  Δ_BKS=+1.71%  Δ_S*_BKS=+0.14%  no_improve=86
12:27:26 | i — | [  FINAL  ] async BG-AILS totals launched=61 applied=61 adopted=2 launch_skipped_cap=2 crashes=0 discarded_in_flight=False block_wait_total_s=1623.6
12:27:56 | i — | [  FINAL  ] async SP/SC totals invocations=6 adopted=2 skipped=0 discarded_in_flight=True sp_busy_frac=0.4221090035544932
12:27:56 | i — | [  FINAL  ] ════════════════════════════════════════
12:27:56 | i — | [  FINAL  ] Run complete  iterations=63  elapsed=02:00:51  best=229846.00
12:27:56 | i — | [  FINAL  ] Δ_BKS=+0.14%  no_improve_stop=False  time_stop=True  cancelled=False
12:27:56 | i — | [  FINAL  ] 
12:27:56 | i — | [  FINAL  ] [BEST SOLUTION — HAOS TAG SUMMARY]
12:27:56 | i — | [  FINAL  ] ────────────────────────────────────────
12:27:56 | i — | [  FINAL  ]   53 routes  rb  ac_avg  k=8  λ=0.8  solver=filo2
12:27:56 | i — | [  FINAL  ]   28 routes  rb  ac_avg  k=10  λ=0.0  solver=filo2
12:27:56 | i — | [  FINAL  ]   23 routes  rb  ac_complete  k=10  λ=0.0  solver=filo2
12:27:56 | i — | [  FINAL  ]   20 routes  rb  ac_avg  k=10  λ=0.8  solver=filo2
12:27:56 | i — | [  FINAL  ]   14 routes  vb  fcm  k=2  λ=0.8  solver=filo2
12:27:56 | i — | [  FINAL  ]   13 routes  rb  ac_avg  k=8  λ=0.6  solver=filo2
12:27:56 | i — | [  FINAL  ]   8 routes  rb  kmeans  k=10  λ=0.6  solver=filo
12:27:56 | i — | [  FINAL  ]   7 routes  rb  ac_avg  k=3  λ=0.0  solver=filo
12:27:56 | i — | [  FINAL  ]   5 routes  vb  ac_complete  k=3  λ=0.0  solver=filo
12:27:56 | i — | [  FINAL  ]   4 routes  rb  ac_avg  k=15  λ=0.2  solver=filo
12:27:56 | i — | [  FINAL  ]   4 routes  rb  ac_avg  k=2  λ=0.6  solver=filo2
12:27:56 | i — | [  FINAL  ]   2 routes  vb  ac_complete  k=15  λ=0.8  solver=filo
12:27:56 | i — | [  FINAL  ]   2 routes  rb  ac_complete  k=4  λ=0.8  solver=pyvrp
12:27:56 | i — | [  FINAL  ]   1 routes  vb  ac_avg  k=12  λ=0.0  solver=pyvrp
12:27:56 | i — | [  FINAL  ]   19 routes  post-SP/SC improvement
12:27:56 | i — | [  FINAL  ] 
12:27:56 | i — | [  FINAL  ] [ROUTE POOL — HAOS TAG SUMMARY]
12:27:56 | i — | [  FINAL  ] ────────────────────────────────────────
12:27:56 | i — | [  FINAL  ]   427 routes  rb  ac_complete  k=10  λ=0.0  solver=filo2
12:27:56 | i — | [  FINAL  ]   347 routes  rb  ac_avg  k=3  λ=0.8  solver=filo2
12:27:56 | i — | [  FINAL  ]   347 routes  vb  fcm  k=10  λ=0.8  solver=filo2
12:27:56 | i — | [  FINAL  ]   319 routes  rb  ac_avg  k=10  λ=0.0  solver=pyvrp
12:27:56 | i — | [  FINAL  ]   304 routes  vb  ac_complete  k=2  λ=0.0  solver=filo2
12:27:56 | i — | [  FINAL  ]   279 routes  rb  ac_avg  k=2  λ=0.8  solver=filo2
12:27:56 | i — | [  FINAL  ]   264 routes  vb  kmeans  k=12  λ=0.8  solver=filo2
12:27:56 | i — | [  FINAL  ]   259 routes  rb  ac_avg  k=10  λ=0.6  solver=filo2
12:27:56 | i — | [  FINAL  ]   256 routes  vb  fcm  k=2  λ=0.8  solver=filo2
12:27:56 | i — | [  FINAL  ]   255 routes  rb  ac_avg  k=10  λ=0.8  solver=filo2
12:27:56 | i — | [  FINAL  ]   251 routes  rb  ac_complete  k=6  λ=1.0  solver=filo2
12:27:56 | i — | [  FINAL  ]   242 routes  vb  ac_avg  k=12  λ=0.0  solver=pyvrp
12:27:56 | i — | [  FINAL  ]   235 routes  vb  ac_complete  k=15  λ=0.8  solver=filo
12:27:56 | i — | [  FINAL  ]   223 routes  rb  ac_complete  k=10  λ=0.4  solver=filo
12:27:56 | i — | [  FINAL  ]   222 routes  rb  ac_avg  k=3  λ=0.0  solver=filo
12:27:56 | i — | [  FINAL  ]   213 routes  rb  ac_complete  k=4  λ=0.8  solver=pyvrp
12:27:56 | i — | [  FINAL  ]   205 routes  vb  ac_complete  k=2  λ=0.8  solver=filo
12:27:56 | i — | [  FINAL  ]   204 routes  rb  ac_complete  k=10  λ=0.8  solver=filo2
12:27:56 | i — | [  FINAL  ]   204 routes  vb  ac_avg  k=3  λ=0.8  solver=filo
12:27:56 | i — | [  FINAL  ]   203 routes  vb  kmeans  k=8  λ=0.8  solver=filo2
12:27:56 | i — | [  FINAL  ]   202 routes  vb  ac_complete  k=3  λ=0.0  solver=filo
12:27:56 | i — | [  FINAL  ]   198 routes  rb  ac_avg  k=8  λ=0.6  solver=filo2
12:27:56 | i — | [  FINAL  ]   196 routes  rb  ac_complete  k=10  λ=1.0  solver=filo2
12:27:56 | i — | [  FINAL  ]   193 routes  vb  ac_complete  k=8  λ=0.2  solver=filo
12:27:56 | i — | [  FINAL  ]   192 routes  rb  ac_avg  k=2  λ=0.8  solver=pyvrp
12:27:56 | i — | [  FINAL  ]   190 routes  rb  ac_complete  k=12  λ=0.8  solver=filo2
12:27:56 | i — | [  FINAL  ]   189 routes  rb  ac_complete  k=2  λ=0.0  solver=filo2
12:27:56 | i — | [  FINAL  ]   188 routes  rb  ac_avg  k=8  λ=0.8  solver=filo2
12:27:56 | i — | [  FINAL  ]   185 routes  vb  ac_avg  k=6  λ=0.6  solver=filo2
12:27:56 | i — | [  FINAL  ]   183 routes  rb  ac_avg  k=2  λ=0.6  solver=filo2
12:27:56 | i — | [  FINAL  ]   180 routes  vb  fcm  k=10  λ=0.8  solver=ails2
12:27:56 | i — | [  FINAL  ]   177 routes  rb  kmeans  k=10  λ=0.6  solver=filo
12:27:56 | i — | [  FINAL  ]   177 routes  rb  kmeans  k=2  λ=0.8  solver=filo
12:27:56 | i — | [  FINAL  ]   177 routes  rb  ac_avg  k=2  λ=0.4  solver=filo
12:27:56 | i — | [  FINAL  ]   170 routes  rb  ac_avg  k=10  λ=0.0  solver=filo2
12:27:56 | i — | [  FINAL  ]   163 routes  rb  ac_avg  k=15  λ=0.2  solver=filo
12:27:56 | i — | [  FINAL  ]   151 routes  vb  ac_complete  k=10  λ=0.0  solver=filo2
12:27:56 | i — | [  FINAL  ]   147 routes  rb  ac_avg  k=3  λ=1.0  solver=pyvrp
12:27:56 | i — | [  FINAL  ]   146 routes  rb  ac_avg  k=2  λ=0.0  solver=filo2
12:27:56 | i — | [  FINAL  ]   144 routes  rb  ac_avg  k=2  λ=0.2  solver=filo2
12:27:56 | i — | [  FINAL  ]   134 routes  rb  kmeans  k=8  λ=0.4  solver=pyvrp
12:27:56 | i — | [  FINAL  ]   133 routes  vb  ac_complete  k=15  λ=0.8  solver=filo2
12:27:56 | i — | [  FINAL  ]   132 routes  rb  ac_complete  k=2  λ=0.6  solver=filo2
12:27:56 | i — | [  FINAL  ]   122 routes  vb  kmeans  k=2  λ=1.0  solver=filo2
12:27:56 | i — | [  FINAL  ]   117 routes  rb  ac_avg  k=2  λ=0.4  solver=filo2
12:27:56 | i — | [  FINAL  ]   88 routes  rb  ac_complete  k=8  λ=0.8  solver=filo2
12:27:56 | i — | [  FINAL  ]   82 routes  rb  ac_avg  k=8  λ=1.0  solver=filo
12:27:56 | i — | [  FINAL  ]   69 routes  rb  ac_avg  k=10  λ=0.6  solver=filo
12:27:56 | i — | [  FINAL  ]   66 routes  rb  ac_avg  k=10  λ=0.0  solver=filo
12:27:56 | i — | [  FINAL  ]   48 routes  rb  ac_avg  k=15  λ=0.0  solver=filo2
12:27:56 | i — | [  FINAL  ]   43 routes  rb  ac_avg  k=2  λ=0.8  solver=filo
12:27:56 | i — | [  FINAL  ]   32 routes  rb  ac_avg  k=6  λ=0.0  solver=filo
12:27:56 | i — | [  FINAL  ]   127 routes  post-SP/SC improvement
12:27:56 | i — | [  FINAL  ] ════════════════════════════════════════
