03:21:21 | i — | [  INIT   ] ════════════════════════════════════════
03:21:21 | i — | [  INIT   ] DRISPI  instance=X-n2494-k194  n=2493  capacity=661
03:21:21 | i — | [  INIT   ] k domain (computed at init): [2, 3, 4, 6, 8, 10, 12]  k_ext=8  k_min=194  k_ext_bound=n_bound  spacing_rejected=0
03:21:21 | i — | [  INIT   ] ══════════════════════════════════════════════════════
03:21:21 | i — | [  INIT   ] CONFIGURATION
03:21:21 | i — | [  INIT   ] ── stopping ────────────────────────────────
03:21:21 | i — | [  INIT   ]   time_limit                  = 7200.0
03:21:21 | i — | [  INIT   ]   max_no_improve              = 1000000000
03:21:21 | i — | [  INIT   ] ── parallelism ─────────────────────────────
03:21:21 | i — | [  INIT   ]   n_workers                   = 8
03:21:21 | i — | [  INIT   ] ── cores ───────────────────────────────────
03:21:21 | i — | [  INIT   ]   cores_total                 = 8
03:21:21 | i — | [  INIT   ]   cores_dri                   = 6
03:21:21 | i — | [  INIT   ]   cores_bg                    = 1
03:21:21 | i — | [  INIT   ]   cores_sp                    = 1
03:21:21 | i — | [  INIT   ]   cores_cpu_list              = None
03:21:21 | i — | [  INIT   ] ── sp/sc ───────────────────────────────────
03:21:21 | i — | [  INIT   ]   sp_sc_mode                  = async
03:21:21 | i — | [  INIT   ]   sp_sc_trigger               = wallclock
03:21:21 | i — | [  INIT   ]   interval_minutes            = 20.0
03:21:21 | i — | [  INIT   ]   overlap_policy              = skip
03:21:21 | i — | [  INIT   ]   warmup_iterations           = 5
03:21:21 | i — | [  INIT   ]   sp_interval                 = 3
03:21:21 | i — | [  INIT   ]   min_coverage                = 5
03:21:21 | i — | [  INIT   ]   sp_time_limit               = 720.0
03:21:21 | i — | [  INIT   ]   mip_gap                     = 0.00025
03:21:21 | i — | [  INIT   ] ── decomposition ───────────────────────────
03:21:21 | i — | [  INIT   ]   decomp_k_base_arms          = [2, 3, 4, 6, 8, 10, 12]
03:21:21 | i — | [  INIT   ]   decomp_k_max_arms           = 10
03:21:21 | i — | [  INIT   ]   decomp_k_ext_per_1000       = 4
03:21:21 | i — | [  INIT   ]   decomp_k_min_routes_per_cluster= 8
03:21:21 | i — | [  INIT   ]   decomp_k_min_arm_spacing    = 2
03:21:21 | i — | [  INIT   ]   subcluster_rate_s_per_customer= 0.06
03:21:21 | i — | [  INIT   ]   subcluster_floor_s          = 5.0
03:21:21 | i — | [  INIT   ] ── bg_ails ─────────────────────────────────
03:21:21 | i — | [  INIT   ]   bg_ails_mode                = async
03:21:21 | i — | [  INIT   ]   bg_ails_crash_threshold     = 1
03:21:21 | i — | [  INIT   ]   bg_ails_budget_mode         = predicted_dr_wall
03:21:21 | i — | [  INIT   ]   bg_ails_budget_floor_s      = 60.0
03:21:21 | i — | [  INIT   ]   bg_ails_budget_margin       = 1.0
03:21:21 | i — | [  INIT   ]   bg_ails_wall_model_scale    = 0.976
03:21:21 | i — | [  INIT   ]   bg_ails_wall_model_wave_exponent= -0.18
03:21:21 | i — | [  INIT   ]   bg_ails_initial_omega       = 10
03:21:21 | i — | [  INIT   ]   bg_ails_boundary_threshold  = 0.5
03:21:21 | i — | [  INIT   ]   bg_ails_small_cluster_cap   = 20
03:21:21 | i — | [  INIT   ]   bg_ails_small_cluster_alpha = 0.5
03:21:21 | i — | [  INIT   ]   bg_ails_pair_selection      = greedy
03:21:21 | i — | [  INIT   ]   bg_ails_n_chains_mode       = k
03:21:21 | i — | [  INIT   ] ── standard_improvement ────────────────────
03:21:21 | i — | [  INIT   ]   standard_improvement_time_limit= 360.0
03:21:21 | i — | [  INIT   ] ── pool ────────────────────────────────────
03:21:21 | i — | [  INIT   ]   max_pool_size               = 10000
03:21:21 | i — | [  INIT   ]   pool_diversity_weight       = 0.5
03:21:21 | i — | [  INIT   ] ── haos ────────────────────────────────────
03:21:21 | i — | [  INIT   ]   haos_decay                  = 0.95
03:21:21 | i — | [  INIT   ]   haos_warmup                 = 10
03:21:21 | i — | [  INIT   ]   haos_starting_weight        = 10.0
03:21:21 | i — | [  INIT   ]   haos_min_weight_k           = 0.025
03:21:21 | i — | [  INIT   ]   haos_min_weight_lambda      = 0.05
03:21:21 | i — | [  INIT   ]   haos_min_weight_paradigm    = 0.1
03:21:21 | i — | [  INIT   ]   haos_min_weight_vertex_method= 0.05
03:21:21 | i — | [  INIT   ]   haos_min_weight_route_method= 0.05
03:21:21 | i — | [  INIT   ]   haos_min_weight_solver      = 0.05
03:21:21 | i — | [  INIT   ]   haos_lambda_demand_values   = [0.0, 0.2, 0.4, 0.6, 0.8, 1.0]
03:21:21 | i — | [  INIT   ]   haos_paradigm_values        = ['vertex', 'route']
03:21:21 | i — | [  INIT   ]   haos_vertex_method_values   = ['kmeans', 'agglomerative_avg', 'agglomerative_complete', 'kmedoids', 'fcm']
03:21:21 | i — | [  INIT   ]   haos_route_method_values    = ['kmeans', 'agglomerative_avg', 'agglomerative_complete']
03:21:21 | i — | [  INIT   ]   haos_solver_values          = ['pyvrp', 'filo', 'filo2', 'ails2']
03:21:21 | i — | [  INIT   ] ── haos_rewards ────────────────────────────
03:21:21 | i — | [  INIT   ]   haos_reward_new_best        = 10.0
03:21:21 | i — | [  INIT   ]   haos_reward_improvement     = 4.0
03:21:21 | i — | [  INIT   ]   haos_reward_no_improvement  = 1.0
03:21:21 | i — | [  INIT   ]   haos_reward_no_solution     = 0.0
03:21:21 | i — | [  INIT   ]   haos_deferred_new_best      = 7.0
03:21:21 | i — | [  INIT   ]   haos_deferred_improvement   = 3.0
03:21:21 | i — | [  INIT   ]   haos_deferred_no_improvement= 0.0
03:21:21 | i — | [  INIT   ] ── seed ────────────────────────────────────
03:21:21 | i — | [  INIT   ]   seed                        = 20
03:21:21 | i — | [  INIT   ] ── output ──────────────────────────────────
03:21:21 | i — | [  INIT   ]   output_dir                  = /app/artifacts/final_benchmark/runs/X-n2494-k194/seed20
03:21:21 | i — | [  INIT   ]   run_analysis                = False
03:21:21 | i — | [  INIT   ] ══════════════════════════════════════════════════════
03:21:21 | i — | [  INIT   ] BKS=361057.00
03:21:21 | i — | [  INIT   ] ════════════════════════════════════════
03:21:21 | i 1 | [HAOS ROLL] k=3  λ=0.8  vb  kmeans  pyvrp  P≈0.000595
03:21:25 | i 1 | [Phase 1/3] decompose  3.57s / — / —  λ=0.8  vb kmeans
03:22:38 | i 1 | [Phase 2/3] route  73.01s / 69.06s / 105.7%  pyvrp  k=3
03:22:38 | i 1 | [ IMPROVE ] 368920.00  via decompose_route  ·  Δ_BKS=+2.18%
03:22:38 | i 1 | [HAOS ROLL] k=3  λ=0.8  vb  kmeans  pyvrp  P≈0.000595
03:22:38 | i 1 | [ Summary ] cost=368920.00  Δ_S*=+0.00%  Δ_BKS=+2.18%  Δ_S*_BKS=+2.18%  no_improve=0
03:22:38 | i 2 | [HAOS ROLL] k=10  λ=1.0  vb  kmedoids  filo2  P≈0.000595
03:22:39 | i 2 | [Phase 1/3] decompose  0.91s / — / —  λ=1.0  vb kmedoids
03:23:12 | i 2 | [Phase 2/3] route  33.08s / 23.70s / 139.6%  filo2  k=10
03:23:49 | i 1 | [ IMPROVE ] 362248.00  via bg_ails  ·  Δ_BKS=+0.33%
03:23:49 | i 1 | [ ASYNC BG] bg_ails  71.07s / 67.40s / 105.4%
03:23:49 | i 2 | [HAOS ROLL] k=10  λ=1.0  vb  kmedoids  filo2  P≈0.000595
03:23:49 | i 2 | [ Summary ] cost=370152.00  Δ_S*=+2.18%  Δ_BKS=+2.52%  Δ_S*_BKS=+0.33%  no_improve=1
03:23:49 | i 3 | [HAOS ROLL] k=8  λ=1.0  vb  ac_avg  ails2  P≈0.000595
03:23:50 | i 3 | [Phase 1/3] decompose  0.72s / — / —  λ=1.0  vb ac_avg
03:25:03 | i 3 | [Phase 2/3] route  73.55s / 71.04s / 103.5%  ails2  k=8
03:25:03 | i 2 | [ IMPROVE ] 362049.00  via bg_ails  ·  Δ_BKS=+0.27%
03:25:03 | i 2 | [ ASYNC BG] bg_ails  64.07s / 60.00s / 106.8%
03:25:03 | i 3 | [HAOS ROLL] k=8  λ=1.0  vb  ac_avg  ails2  P≈0.000595
03:25:03 | i 3 | [ Summary ] cost=368381.00  Δ_S*=+1.75%  Δ_BKS=+2.03%  Δ_S*_BKS=+0.27%  no_improve=1
03:25:03 | i 4 | [HAOS ROLL] k=4  λ=0.8  rb  kmeans  filo2  P≈0.000992
03:25:04 | i 4 | [Phase 1/3] decompose  0.49s / — / —  λ=0.8  rb kmeans
03:26:04 | i 4 | [Phase 2/3] route  60.11s / 59.82s / 100.5%  filo2  k=4
03:26:13 | i 3 | [ IMPROVE ] 362033.00  via bg_ails  ·  Δ_BKS=+0.27%
03:26:13 | i 3 | [ ASYNC BG] bg_ails  69.11s / 65.51s / 105.5%
03:26:13 | i 4 | [HAOS ROLL] k=4  λ=0.8  rb  kmeans  filo2  P≈0.000992
03:26:13 | i 4 | [ Summary ] cost=366754.00  Δ_S*=+1.30%  Δ_BKS=+1.58%  Δ_S*_BKS=+0.27%  no_improve=1
03:26:13 | i 5 | [HAOS ROLL] k=10  λ=0.4  vb  ac_complete  pyvrp  P≈0.000595
03:26:13 | i 5 | [Phase 1/3] decompose  0.64s / — / —  λ=0.4  vb ac_complete
03:27:10 | i 5 | [Phase 2/3] route  56.36s / 53.94s / 104.5%  pyvrp  k=10
03:27:17 | i 4 | [ ASYNC BG] bg_ails  64.03s / 60.00s / 106.7%
03:27:17 | i 5 | [HAOS ROLL] k=10  λ=0.4  vb  ac_complete  pyvrp  P≈0.000595
03:27:17 | i 5 | [ Summary ] cost=375635.00  Δ_S*=+3.76%  Δ_BKS=+4.04%  Δ_S*_BKS=+0.27%  no_improve=3
03:27:17 | i 6 | [HAOS ROLL] k=3  λ=0.2  rb  ac_avg  ails2  P≈0.000992
03:27:17 | i 6 | [Phase 1/3] decompose  0.49s / — / —  λ=0.2  rb ac_avg
03:28:31 | i 6 | [Phase 2/3] route  73.99s / 72.84s / 101.6%  ails2  k=3
03:28:31 | i 5 | [ ASYNC BG] bg_ails  64.01s / 60.00s / 106.7%
03:28:31 | i 6 | [ IMPROVE ] 361824.00  via decompose_route  ·  Δ_BKS=+0.21%
03:28:31 | i 6 | [HAOS ROLL] k=3  λ=0.2  rb  ac_avg  ails2  P≈0.000992
03:28:31 | i 6 | [ Summary ] cost=361824.00  Δ_S*=+0.00%  Δ_BKS=+0.21%  Δ_S*_BKS=+0.21%  no_improve=0
03:28:31 | i 7 | [HAOS ROLL] k=2  λ=0.4  rb  ac_avg  filo2  P≈0.000992
03:28:32 | i 7 | [Phase 1/3] decompose  0.50s / — / —  λ=0.4  rb ac_avg
03:29:51 | i 7 | [Phase 2/3] route  79.15s / 78.78s / 100.5%  filo2  k=2
03:29:51 | i 6 | [ ASYNC BG] bg_ails  75.04s / 71.09s / 105.6%
03:29:51 | i 7 | [HAOS ROLL] k=2  λ=0.4  rb  ac_avg  filo2  P≈0.000992
03:29:51 | i 7 | [ Summary ] cost=364279.00  Δ_S*=+0.68%  Δ_BKS=+0.89%  Δ_S*_BKS=+0.21%  no_improve=2
03:29:51 | i 8 | [HAOS ROLL] k=10  λ=1.0  vb  ac_avg  ails2  P≈0.000595
03:29:52 | i 8 | [Phase 1/3] decompose  0.63s / — / —  λ=1.0  vb ac_avg
03:31:05 | i 8 | [Phase 2/3] route  73.68s / 71.04s / 103.7%  ails2  k=10
03:31:11 | i 7 | [ ASYNC BG] bg_ails  80.07s / 76.89s / 104.1%
03:31:11 | i 8 | [HAOS ROLL] k=10  λ=1.0  vb  ac_avg  ails2  P≈0.000595
03:31:11 | i 8 | [ Summary ] cost=370205.00  Δ_S*=+2.32%  Δ_BKS=+2.53%  Δ_S*_BKS=+0.21%  no_improve=4
03:31:11 | i 9 | [HAOS ROLL] k=8  λ=0.2  rb  ac_avg  ails2  P≈0.000992
03:31:12 | i 9 | [Phase 1/3] decompose  0.49s / — / —  λ=0.2  rb ac_avg
03:32:20 | i 9 | [Phase 2/3] route  68.17s / 60.24s / 113.2%  ails2  k=8
03:33:00 | i 8 | [ ASYNC BG] bg_ails  109.13s / 105.24s / 103.7%
03:33:00 | i 9 | [HAOS ROLL] k=8  λ=0.2  rb  ac_avg  ails2  P≈0.000992
03:33:00 | i 9 | [ Summary ] cost=361861.00  Δ_S*=+0.01%  Δ_BKS=+0.22%  Δ_S*_BKS=+0.21%  no_improve=6
03:33:00 | i 10 | [HAOS ROLL] k=2  λ=0.0  vb  kmeans  ails2  P≈0.000595
03:33:01 | i 10 | [Phase 1/3] decompose  0.38s / — / —  λ=0.0  vb kmeans
03:34:19 | i 10 | [Phase 2/3] route  77.93s / 76.80s / 101.5%  ails2  k=2
03:34:19 | i 9 | [ ASYNC BG] bg_ails  64.06s / 61.00s / 105.0%
03:34:19 | i 10 | [HAOS ROLL] k=2  λ=0.0  vb  kmeans  ails2  P≈0.000595
03:34:19 | i 10 | [ Summary ] cost=362947.00  Δ_S*=+0.31%  Δ_BKS=+0.52%  Δ_S*_BKS=+0.21%  no_improve=8
03:34:19 | i 11 | [HAOS ROLL] k=8  λ=0.4  vb  ac_complete  ails2  P≈0.000595
03:34:19 | i 11 | [Phase 1/3] decompose  0.65s / — / —  λ=0.4  vb ac_complete
03:35:14 | i 11 | [Phase 2/3] route  55.24s / 53.94s / 102.4%  ails2  k=8
03:35:37 | i 10 | [ ASYNC BG] bg_ails  77.97s / 74.96s / 104.0%
03:35:37 | i 11 | [HAOS ROLL] k=8  λ=0.4  vb  ac_complete  ails2  P≈0.000595
03:35:37 | i 11 | [ Summary ] cost=367894.00  Δ_S*=+1.68%  Δ_BKS=+1.89%  Δ_S*_BKS=+0.21%  no_improve=10
03:35:37 | i 6 | [ASYNC 1/2] sp_sc  1.77s / 720.00s / 0.2%  SP  avg_coverage=10.75/5  pool=2102
03:35:37 | i 6 | [ASYNC 2/2] standard_ails  363.39s / 360.00s / 100.9%
03:35:43 | i 6 | [ IMPROVE ] 361648.00  via standard_ails  ·  Δ_BKS=+0.16%
03:35:43 | i 12 | [HAOS ROLL] k=10  λ=0.2  rb  ac_complete  filo2  P≈0.000946
03:35:43 | i 12 | [Phase 1/3] decompose  0.45s / — / —  λ=0.2  rb ac_complete
03:36:18 | i 12 | [Phase 2/3] route  34.09s / 30.72s / 111.0%  filo2  k=10
03:36:41 | i 11 | [ ASYNC BG] bg_ails  63.96s / 60.00s / 106.6%
03:36:41 | i 12 | [HAOS ROLL] k=10  λ=0.2  rb  ac_complete  filo2  P≈0.000946
03:36:41 | i 12 | [ Summary ] cost=369846.00  Δ_S*=+2.27%  Δ_BKS=+2.43%  Δ_S*_BKS=+0.16%  no_improve=2
03:36:41 | i 13 | [HAOS ROLL] k=4  λ=0.2  vb  ac_avg  filo  P≈0.000506
03:36:41 | i 13 | [Phase 1/3] decompose  0.67s / — / —  λ=0.2  vb ac_avg
03:37:55 | i 13 | [Phase 2/3] route  74.15s / 74.04s / 100.1%  filo  k=4
03:37:55 | i 12 | [ ASYNC BG] bg_ails  63.99s / 60.00s / 106.7%
03:37:55 | i 13 | [HAOS ROLL] k=4  λ=0.2  vb  ac_avg  filo  P≈0.000506
03:37:56 | i 13 | [ Summary ] cost=366328.00  Δ_S*=+1.29%  Δ_BKS=+1.46%  Δ_S*_BKS=+0.16%  no_improve=4
03:37:56 | i 14 | [HAOS ROLL] k=4  λ=0.4  vb  kmeans  filo2  P≈0.000726
03:37:56 | i 14 | [Phase 1/3] decompose  0.46s / — / —  λ=0.4  vb kmeans
03:38:54 | i 14 | [Phase 2/3] route  58.11s / 57.66s / 100.8%  filo2  k=4
03:39:12 | i 13 | [ ASYNC BG] bg_ails  76.24s / 72.26s / 105.5%
03:39:12 | i 14 | [HAOS ROLL] k=4  λ=0.4  vb  kmeans  filo2  P≈0.000726
03:39:12 | i 14 | [ Summary ] cost=366590.00  Δ_S*=+1.37%  Δ_BKS=+1.53%  Δ_S*_BKS=+0.16%  no_improve=6
03:39:12 | i 15 | [HAOS ROLL] k=3  λ=0.6  vb  kmeans  ails2  P≈0.000747
03:39:12 | i 15 | [Phase 1/3] decompose  0.48s / — / —  λ=0.6  vb kmeans
03:40:23 | i 15 | [Phase 2/3] route  70.90s / 69.06s / 102.7%  ails2  k=3
03:40:23 | i 14 | [ ASYNC BG] bg_ails  63.98s / 60.00s / 106.6%
03:40:23 | i 15 | [HAOS ROLL] k=3  λ=0.6  vb  kmeans  ails2  P≈0.000747
03:40:23 | i 15 | [ Summary ] cost=364392.00  Δ_S*=+0.76%  Δ_BKS=+0.92%  Δ_S*_BKS=+0.16%  no_improve=8
03:40:23 | i 16 | [HAOS ROLL] k=10  λ=1.0  vb  fcm  filo2  P≈0.001078
03:40:24 | i 16 | [Phase 1/3] decompose  0.88s / — / —  λ=1.0  vb fcm
03:40:55 | i 16 | [Phase 2/3] route  31.08s / 21.24s / 146.3%  filo2  k=10
03:41:34 | i 15 | [ ASYNC BG] bg_ails  70.96s / 67.40s / 105.3%
03:41:34 | i 16 | [HAOS ROLL] k=10  λ=1.0  vb  fcm  filo2  P≈0.001078
03:41:34 | i 16 | [ Summary ] cost=370058.00  Δ_S*=+2.33%  Δ_BKS=+2.49%  Δ_S*_BKS=+0.16%  no_improve=10
03:41:34 | i 17 | [HAOS ROLL] k=3  λ=0.8  vb  ac_avg  pyvrp  P≈0.001059
03:41:35 | i 17 | [Phase 1/3] decompose  0.66s / — / —  λ=0.8  vb ac_avg
03:44:18 | i 17 | [Phase 2/3] route  162.66s / 147.66s / 110.2%  pyvrp  k=3
03:44:18 | i 16 | [ ASYNC BG] bg_ails  63.93s / 60.00s / 106.6%
03:44:18 | i 17 | [HAOS ROLL] k=3  λ=0.8  vb  ac_avg  pyvrp  P≈0.001059
03:44:18 | i 17 | [ Summary ] cost=371158.00  Δ_S*=+2.63%  Δ_BKS=+2.80%  Δ_S*_BKS=+0.16%  no_improve=12
03:44:18 | i 18 | [HAOS ROLL] k=3  λ=1.0  rb  ac_complete  filo  P≈0.000762
03:44:18 | i 18 | [Phase 1/3] decompose  0.47s / — / —  λ=1.0  rb ac_complete
03:45:48 | i 18 | [Phase 2/3] route  90.20s / 90.12s / 100.1%  filo  k=3
03:46:46 | i 17 | [ ASYNC BG] bg_ails  147.98s / 144.12s / 102.7%
03:46:46 | i 18 | [HAOS ROLL] k=3  λ=1.0  rb  ac_complete  filo  P≈0.000762
03:46:46 | i 18 | [ Summary ] cost=365267.00  Δ_S*=+1.00%  Δ_BKS=+1.17%  Δ_S*_BKS=+0.16%  no_improve=14
03:46:46 | i 19 | [HAOS ROLL] k=10  λ=1.0  vb  ac_complete  ails2  P≈0.001027
03:46:46 | i 19 | [Phase 1/3] decompose  0.63s / — / —  λ=1.0  vb ac_complete
03:47:37 | i 19 | [Phase 2/3] route  50.78s / 49.56s / 102.5%  ails2  k=10
03:48:17 | i 18 | [ ASYNC BG] bg_ails  91.01s / 87.96s / 103.5%
03:48:17 | i 19 | [HAOS ROLL] k=10  λ=1.0  vb  ac_complete  ails2  P≈0.001027
03:48:17 | i 19 | [ Summary ] cost=368284.00  Δ_S*=+1.83%  Δ_BKS=+2.00%  Δ_S*_BKS=+0.16%  no_improve=16
03:48:17 | i 20 | [HAOS ROLL] k=3  λ=1.0  vb  ac_avg  pyvrp  P≈0.002335
03:48:17 | i 20 | [Phase 1/3] decompose  0.63s / — / —  λ=1.0  vb ac_avg
03:51:01 | i 20 | [Phase 2/3] route  163.79s / 148.50s / 110.3%  pyvrp  k=3
03:51:01 | i 19 | [ ASYNC BG] bg_ails  63.99s / 60.00s / 106.7%
03:51:01 | i 20 | [HAOS ROLL] k=3  λ=1.0  vb  ac_avg  pyvrp  P≈0.002335
03:51:01 | i 20 | [ Summary ] cost=371868.00  Δ_S*=+2.83%  Δ_BKS=+2.99%  Δ_S*_BKS=+0.16%  no_improve=18
03:51:01 | i 21 | [HAOS ROLL] k=4  λ=0.4  vb  kmeans  filo  P≈0.000523
03:51:02 | i 21 | [Phase 1/3] decompose  0.46s / — / —  λ=0.4  vb kmeans
03:51:49 | i 21 | [Phase 2/3] route  47.10s / 47.28s / 99.6%  filo  k=4
03:53:29 | i 20 | [ ASYNC BG] bg_ails  148.04s / 144.94s / 102.1%
03:53:29 | i 21 | [HAOS ROLL] k=4  λ=0.4  vb  kmeans  filo  P≈0.000523
03:53:29 | i 21 | [ Summary ] cost=366710.00  Δ_S*=+1.40%  Δ_BKS=+1.57%  Δ_S*_BKS=+0.16%  no_improve=20
03:53:29 | i 22 | [HAOS ROLL] k=4  λ=0.8  rb  kmeans  ails2  P≈0.000807
03:53:30 | i 22 | [Phase 1/3] decompose  0.47s / — / —  λ=0.8  rb kmeans
03:54:19 | i 22 | [Phase 2/3] route  49.72s / 48.60s / 102.3%  ails2  k=4
03:54:33 | i 21 | [ ASYNC BG] bg_ails  64.11s / 60.00s / 106.8%
03:54:33 | i 22 | [HAOS ROLL] k=4  λ=0.8  rb  kmeans  ails2  P≈0.000807
03:54:33 | i 22 | [ Summary ] cost=361797.00  Δ_S*=+0.04%  Δ_BKS=+0.20%  Δ_S*_BKS=+0.16%  no_improve=22
03:54:33 | i 23 | [HAOS ROLL] k=6  λ=0.6  vb  fcm  ails2  P≈0.000248
03:54:34 | i 23 | [Phase 1/3] decompose  0.56s / — / —  λ=0.6  vb fcm
03:55:07 | i 23 | [Phase 2/3] route  32.76s / 31.50s / 104.0%  ails2  k=6
03:55:38 | i 22 | [ ASYNC BG] bg_ails  64.19s / 60.00s / 107.0%
03:55:38 | i 23 | [HAOS ROLL] k=6  λ=0.6  vb  fcm  ails2  P≈0.000248
03:55:38 | i 23 | [ Summary ] cost=365075.00  Δ_S*=+0.95%  Δ_BKS=+1.11%  Δ_S*_BKS=+0.16%  no_improve=24
03:55:38 | i 24 | [HAOS ROLL] k=4  λ=0.0  vb  fcm  pyvrp  P≈0.000452
03:55:38 | i 24 | [Phase 1/3] decompose  0.46s / — / —  λ=0.0  vb fcm
03:56:24 | i 24 | [Phase 2/3] route  45.45s / 43.68s / 104.1%  pyvrp  k=4
03:56:42 | i 23 | [ ASYNC BG] bg_ails  64.12s / 60.00s / 106.9%
03:56:42 | i 24 | [HAOS ROLL] k=4  λ=0.0  vb  fcm  pyvrp  P≈0.000452
03:56:42 | i 24 | [ Summary ] cost=370320.00  Δ_S*=+2.40%  Δ_BKS=+2.57%  Δ_S*_BKS=+0.16%  no_improve=26
03:56:42 | i 25 | [HAOS ROLL] k=4  λ=0.0  rb  ac_avg  ails2  P≈0.000714
03:56:42 | i 25 | [Phase 1/3] decompose  0.36s / — / —  λ=0.0  rb ac_avg
03:58:00 | i 25 | [Phase 2/3] route  78.32s / 76.68s / 102.1%  ails2  k=4
03:58:00 | i 24 | [ ASYNC BG] bg_ails  63.92s / 60.00s / 106.5%
03:58:00 | i 25 | [HAOS ROLL] k=4  λ=0.0  rb  ac_avg  ails2  P≈0.000714
03:58:01 | i 25 | [ Summary ] cost=361692.00  Δ_S*=+0.01%  Δ_BKS=+0.18%  Δ_S*_BKS=+0.16%  no_improve=28
03:58:01 | i 26 | [HAOS ROLL] k=10  λ=0.2  rb  ac_complete  filo2  P≈0.000462
03:58:01 | i 26 | [Phase 1/3] decompose  0.45s / — / —  λ=0.2  rb ac_complete
03:58:35 | i 26 | [Phase 2/3] route  34.10s / 30.72s / 111.0%  filo2  k=10
03:59:18 | i 25 | [ ASYNC BG] bg_ails  78.03s / 74.84s / 104.3%
03:59:19 | i 26 | [HAOS ROLL] k=10  λ=0.2  rb  ac_complete  filo2  P≈0.000462
03:59:19 | i 26 | [ Summary ] cost=369781.00  Δ_S*=+2.25%  Δ_BKS=+2.42%  Δ_S*_BKS=+0.16%  no_improve=30
03:59:19 | i 27 | [HAOS ROLL] k=3  λ=0.8  vb  fcm  ails2  P≈0.002225
03:59:19 | i 27 | [Phase 1/3] decompose  0.53s / — / —  λ=0.8  vb fcm
04:00:21 | i 27 | [Phase 2/3] route  61.90s / 60.36s / 102.5%  ails2  k=3
04:00:23 | i 26 | [ ASYNC BG] bg_ails  64.11s / 60.00s / 106.9%
04:00:23 | i 27 | [HAOS ROLL] k=3  λ=0.8  vb  fcm  ails2  P≈0.002225
04:00:23 | i 27 | [ Summary ] cost=363004.00  Δ_S*=+0.37%  Δ_BKS=+0.54%  Δ_S*_BKS=+0.16%  no_improve=32
04:00:23 | i 28 | [HAOS ROLL] k=6  λ=1.0  vb  ac_complete  ails2  P≈0.000767
04:00:23 | i 28 | [Phase 1/3] decompose  0.66s / — / —  λ=1.0  vb ac_complete
04:01:54 | i 28 | [Phase 2/3] route  90.68s / 88.20s / 102.8%  ails2  k=6
04:01:54 | i 27 | [ ASYNC BG] bg_ails  64.15s / 60.00s / 106.9%
04:01:54 | i 28 | [HAOS ROLL] k=6  λ=1.0  vb  ac_complete  ails2  P≈0.000767
04:01:54 | i 28 | [ Summary ] cost=366215.00  Δ_S*=+1.26%  Δ_BKS=+1.43%  Δ_S*_BKS=+0.16%  no_improve=34
04:01:54 | i 29 | [HAOS ROLL] k=6  λ=0.2  vb  kmedoids  filo2  P≈0.000395
04:01:55 | i 29 | [Phase 1/3] decompose  0.75s / — / —  λ=0.2  vb kmedoids
04:02:29 | i 29 | [Phase 2/3] route  34.11s / 34.26s / 99.6%  filo2  k=6
04:03:24 | i 28 | [ ASYNC BG] bg_ails  90.10s / 86.08s / 104.7%
04:03:24 | i 29 | [HAOS ROLL] k=6  λ=0.2  vb  kmedoids  filo2  P≈0.000395
04:03:24 | i 29 | [ Summary ] cost=366864.00  Δ_S*=+1.44%  Δ_BKS=+1.61%  Δ_S*_BKS=+0.16%  no_improve=36
04:03:24 | i 30 | [HAOS ROLL] k=2  λ=0.4  vb  kmeans  ails2  P≈0.000499
04:03:25 | i 30 | [Phase 1/3] decompose  0.46s / — / —  λ=0.4  vb kmeans
04:04:43 | i 30 | [Phase 2/3] route  77.99s / 76.86s / 101.5%  ails2  k=2
04:04:43 | i 29 | [ ASYNC BG] bg_ails  64.15s / 60.00s / 106.9%
04:04:43 | i 30 | [HAOS ROLL] k=2  λ=0.4  vb  kmeans  ails2  P≈0.000499
04:04:43 | i 30 | [ Summary ] cost=363052.00  Δ_S*=+0.39%  Δ_BKS=+0.55%  Δ_S*_BKS=+0.16%  no_improve=38
04:04:43 | i 31 | [HAOS ROLL] k=6  λ=0.0  vb  kmedoids  ails2  P≈0.001252
04:04:44 | i 31 | [Phase 1/3] decompose  0.53s / — / —  λ=0.0  vb kmedoids
04:05:22 | i 31 | [Phase 2/3] route  38.90s / 37.14s / 104.7%  ails2  k=6
04:06:02 | i 30 | [ ASYNC BG] bg_ails  79.14s / 75.02s / 105.5%
04:06:02 | i 31 | [HAOS ROLL] k=6  λ=0.0  vb  kmedoids  ails2  P≈0.001252
04:06:02 | i 31 | [ Summary ] cost=366583.00  Δ_S*=+1.36%  Δ_BKS=+1.53%  Δ_S*_BKS=+0.16%  no_improve=40
04:06:02 | i 32 | [HAOS ROLL] k=4  λ=1.0  vb  ac_complete  filo  P≈0.000714
04:06:03 | i 32 | [Phase 1/3] decompose  0.63s / — / —  λ=1.0  vb ac_complete
04:07:44 | i 32 | [Phase 2/3] route  101.22s / 101.04s / 100.2%  filo  k=4
04:07:44 | i 31 | [ ASYNC BG] bg_ails  63.85s / 60.00s / 106.4%
04:07:44 | i 32 | [HAOS ROLL] k=4  λ=1.0  vb  ac_complete  filo  P≈0.000714
04:07:44 | i 32 | [ Summary ] cost=366496.00  Δ_S*=+1.34%  Δ_BKS=+1.51%  Δ_S*_BKS=+0.16%  no_improve=42
04:07:44 | i 33 | [HAOS ROLL] k=10  λ=0.4  rb  ac_complete  filo  P≈0.000245
04:07:45 | i 33 | [Phase 1/3] decompose  0.46s / — / —  λ=0.4  rb ac_complete
04:08:19 | i 33 | [Phase 2/3] route  34.09s / 30.72s / 111.0%  filo  k=10
04:09:26 | i 32 | [ ASYNC BG] bg_ails  102.05s / 98.62s / 103.5%
04:09:26 | i 33 | [HAOS ROLL] k=10  λ=0.4  rb  ac_complete  filo  P≈0.000245
04:09:26 | i 33 | [ Summary ] cost=370383.00  Δ_S*=+2.42%  Δ_BKS=+2.58%  Δ_S*_BKS=+0.16%  no_improve=44
04:09:26 | i 34 | [HAOS ROLL] k=3  λ=0.6  vb  ac_avg  filo2  P≈0.000489
04:09:27 | i 34 | [Phase 1/3] decompose  0.66s / — / —  λ=0.6  vb ac_avg
04:11:50 | i 34 | [Phase 2/3] route  143.41s / 143.34s / 100.0%  filo2  k=3
04:11:50 | i 33 | [ ASYNC BG] bg_ails  64.02s / 60.00s / 106.7%
04:11:51 | i 34 | [HAOS ROLL] k=3  λ=0.6  vb  ac_avg  filo2  P≈0.000489
04:11:51 | i 34 | [ Summary ] cost=365898.00  Δ_S*=+1.18%  Δ_BKS=+1.34%  Δ_S*_BKS=+0.16%  no_improve=46
04:11:51 | i 20 | [ASYNC 1/2] sp_sc  752.08s / 720.00s / 104.5%  SP  avg_coverage=37.93/5  pool=7385
04:11:51 | i 20 | [ASYNC 2/2] standard_ails  363.52s / 360.00s / 101.0%
04:12:32 | i 20 | [ IMPROVE ] 361585.00  via standard_ails  ·  Δ_BKS=+0.15%
04:12:32 | i 35 | [HAOS ROLL] k=6  λ=0.0  vb  fcm  ails2  P≈0.001619
04:12:33 | i 35 | [Phase 1/3] decompose  0.43s / — / —  λ=0.0  vb fcm
04:13:06 | i 35 | [Phase 2/3] route  32.91s / 31.50s / 104.5%  ails2  k=6
04:14:13 | i 34 | [ ASYNC BG] bg_ails  142.96s / 139.90s / 102.2%
04:14:14 | i 35 | [HAOS ROLL] k=6  λ=0.0  vb  fcm  ails2  P≈0.001619
04:14:14 | i 35 | [ Summary ] cost=366341.00  Δ_S*=+1.32%  Δ_BKS=+1.46%  Δ_S*_BKS=+0.15%  no_improve=2
04:14:14 | i 36 | [HAOS ROLL] k=4  λ=0.6  rb  ac_complete  filo2  P≈0.000981
04:14:14 | i 36 | [Phase 1/3] decompose  0.45s / — / —  λ=0.6  rb ac_complete
04:15:33 | i 36 | [Phase 2/3] route  79.17s / 78.96s / 100.3%  filo2  k=4
04:15:33 | i 35 | [ ASYNC BG] bg_ails  64.00s / 60.00s / 106.7%
04:15:34 | i 36 | [HAOS ROLL] k=4  λ=0.6  rb  ac_complete  filo2  P≈0.000981
04:15:34 | i 36 | [ Summary ] cost=365885.00  Δ_S*=+1.19%  Δ_BKS=+1.34%  Δ_S*_BKS=+0.15%  no_improve=4
04:15:34 | i 37 | [HAOS ROLL] k=6  λ=0.4  vb  fcm  ails2  P≈0.001609
04:15:34 | i 37 | [Phase 1/3] decompose  0.52s / — / —  λ=0.4  vb fcm
04:16:07 | i 37 | [Phase 2/3] route  32.74s / 31.50s / 103.9%  ails2  k=6
04:16:54 | i 36 | [ ASYNC BG] bg_ails  81.07s / 77.06s / 105.2%
04:16:55 | i 37 | [HAOS ROLL] k=6  λ=0.4  vb  fcm  ails2  P≈0.001609
04:16:55 | i 37 | [ Summary ] cost=366269.00  Δ_S*=+1.30%  Δ_BKS=+1.44%  Δ_S*_BKS=+0.15%  no_improve=6
04:16:55 | i 38 | [HAOS ROLL] k=2  λ=0.2  rb  ac_avg  ails2  P≈0.000569
04:16:55 | i 38 | [Phase 1/3] decompose  0.45s / — / —  λ=0.2  rb ac_avg
04:19:25 | i 38 | [Phase 2/3] route  150.00s / 147.60s / 101.6%  ails2  k=2
04:19:25 | i 37 | [ ASYNC BG] bg_ails  64.06s / 60.00s / 106.8%
04:19:26 | i 38 | [HAOS ROLL] k=2  λ=0.2  rb  ac_avg  ails2  P≈0.000569
04:19:26 | i 38 | [ Summary ] cost=361681.00  Δ_S*=+0.03%  Δ_BKS=+0.17%  Δ_S*_BKS=+0.15%  no_improve=8
04:19:26 | i 39 | [HAOS ROLL] k=8  λ=0.4  rb  kmeans  ails2  P≈0.000645
04:19:26 | i 39 | [Phase 1/3] decompose  0.45s / — / —  λ=0.4  rb kmeans
04:20:02 | i 39 | [Phase 2/3] route  35.71s / 29.04s / 123.0%  ails2  k=8
04:21:53 | i 38 | [ ASYNC BG] bg_ails  148.03s / 144.06s / 102.8%
04:21:54 | i 39 | [HAOS ROLL] k=8  λ=0.4  rb  kmeans  ails2  P≈0.000645
04:21:54 | i 39 | [ Summary ] cost=361659.00  Δ_S*=+0.02%  Δ_BKS=+0.17%  Δ_S*_BKS=+0.15%  no_improve=10
04:21:54 | i 40 | [HAOS ROLL] k=6  λ=0.2  rb  ac_avg  ails2  P≈0.002012
04:21:54 | i 40 | [Phase 1/3] decompose  0.45s / — / —  λ=0.2  rb ac_avg
04:23:09 | i 40 | [Phase 2/3] route  74.79s / 72.24s / 103.5%  ails2  k=6
04:23:09 | i 39 | [ ASYNC BG] bg_ails  64.03s / 60.00s / 106.7%
04:23:09 | i 40 | [HAOS ROLL] k=6  λ=0.2  rb  ac_avg  ails2  P≈0.002012
04:23:09 | i 40 | [ Summary ] cost=361601.00  Δ_S*=+0.00%  Δ_BKS=+0.15%  Δ_S*_BKS=+0.15%  no_improve=12
04:23:09 | i 41 | [HAOS ROLL] k=4  λ=0.8  rb  kmeans  filo2  P≈0.001270
04:23:10 | i 41 | [Phase 1/3] decompose  0.46s / — / —  λ=0.8  rb kmeans
04:24:05 | i 41 | [Phase 2/3] route  55.11s / 55.44s / 99.4%  filo2  k=4
04:24:23 | i 40 | [ ASYNC BG] bg_ails  74.11s / 70.51s / 105.1%
04:24:24 | i 41 | [HAOS ROLL] k=4  λ=0.8  rb  kmeans  filo2  P≈0.001270
04:24:24 | i 41 | [ Summary ] cost=367005.00  Δ_S*=+1.50%  Δ_BKS=+1.65%  Δ_S*_BKS=+0.15%  no_improve=14
04:24:24 | i 42 | [HAOS ROLL] k=10  λ=0.2  vb  kmedoids  ails2  P≈0.000774
04:24:24 | i 42 | [Phase 1/3] decompose  0.63s / — / —  λ=0.2  vb kmedoids
04:24:57 | i 42 | [Phase 2/3] route  32.77s / 22.80s / 143.7%  ails2  k=10
04:25:27 | i 41 | [ ASYNC BG] bg_ails  64.02s / 60.00s / 106.7%
04:25:27 | i 42 | [HAOS ROLL] k=10  λ=0.2  vb  kmedoids  ails2  P≈0.000774
04:25:28 | i 42 | [ Summary ] cost=369623.00  Δ_S*=+2.22%  Δ_BKS=+2.37%  Δ_S*_BKS=+0.15%  no_improve=16
04:25:28 | i 43 | [HAOS ROLL] k=12  λ=0.8  vb  kmeans  filo2  P≈0.000716
04:25:28 | i 43 | [Phase 1/3] decompose  0.46s / — / —  λ=0.8  vb kmeans
04:25:57 | i 43 | [Phase 2/3] route  29.09s / 26.88s / 108.2%  filo2  k=12
04:26:31 | i 42 | [ ASYNC BG] bg_ails  64.10s / 60.00s / 106.8%
04:26:32 | i 43 | [HAOS ROLL] k=12  λ=0.8  vb  kmeans  filo2  P≈0.000716
04:26:32 | i 43 | [ Summary ] cost=372252.00  Δ_S*=+2.95%  Δ_BKS=+3.10%  Δ_S*_BKS=+0.15%  no_improve=18
04:26:32 | i 44 | [HAOS ROLL] k=6  λ=0.4  rb  kmeans  ails2  P≈0.002766
04:26:32 | i 44 | [Phase 1/3] decompose  0.46s / — / —  λ=0.4  rb kmeans
04:27:13 | i 44 | [Phase 2/3] route  40.86s / 39.24s / 104.1%  ails2  k=6
04:27:35 | i 43 | [ ASYNC BG] bg_ails  64.05s / 60.00s / 106.8%
04:27:36 | i 44 | [HAOS ROLL] k=6  λ=0.4  rb  kmeans  ails2  P≈0.002766
04:27:36 | i 44 | [ Summary ] cost=361705.00  Δ_S*=+0.03%  Δ_BKS=+0.18%  Δ_S*_BKS=+0.15%  no_improve=20
04:27:36 | i 45 | [HAOS ROLL] k=8  λ=0.4  vb  kmeans  filo2  P≈0.000949
04:27:36 | i 45 | [Phase 1/3] decompose  0.46s / — / —  λ=0.4  vb kmeans
04:28:13 | i 45 | [Phase 2/3] route  37.10s / 36.72s / 101.0%  filo2  k=8
04:28:40 | i 44 | [ ASYNC BG] bg_ails  64.15s / 60.00s / 106.9%
04:28:40 | i 45 | [HAOS ROLL] k=8  λ=0.4  vb  kmeans  filo2  P≈0.000949
04:28:40 | i 45 | [ Summary ] cost=366952.00  Δ_S*=+1.48%  Δ_BKS=+1.63%  Δ_S*_BKS=+0.15%  no_improve=22
04:28:40 | i 46 | [HAOS ROLL] k=2  λ=0.2  vb  ac_avg  filo2  P≈0.000610
04:28:41 | i 46 | [Phase 1/3] decompose  0.64s / — / —  λ=0.2  vb ac_avg
04:29:59 | i 46 | [Phase 2/3] route  78.16s / 78.42s / 99.7%  filo2  k=2
04:29:59 | i 45 | [ ASYNC BG] bg_ails  64.11s / 60.00s / 106.9%
04:29:59 | i 46 | [HAOS ROLL] k=2  λ=0.2  vb  ac_avg  filo2  P≈0.000610
04:29:59 | i 46 | [ Summary ] cost=364310.00  Δ_S*=+0.75%  Δ_BKS=+0.90%  Δ_S*_BKS=+0.15%  no_improve=24
04:29:59 | i 47 | [HAOS ROLL] k=4  λ=1.0  vb  kmedoids  ails2  P≈0.001021
04:30:00 | i 47 | [Phase 1/3] decompose  0.64s / — / —  λ=1.0  vb kmedoids
04:30:57 | i 47 | [Phase 2/3] route  57.27s / 55.38s / 103.4%  ails2  k=4
04:31:19 | i 46 | [ ASYNC BG] bg_ails  80.17s / 76.54s / 104.7%
04:31:19 | i 47 | [HAOS ROLL] k=4  λ=1.0  vb  kmedoids  ails2  P≈0.001021
04:31:19 | i 47 | [ Summary ] cost=363319.00  Δ_S*=+0.48%  Δ_BKS=+0.63%  Δ_S*_BKS=+0.15%  no_improve=26
04:31:19 | i 48 | [HAOS ROLL] k=4  λ=0.0  vb  fcm  ails2  P≈0.000900
04:31:20 | i 48 | [Phase 1/3] decompose  0.41s / — / —  λ=0.0  vb fcm
04:32:05 | i 48 | [Phase 2/3] route  44.80s / 43.68s / 102.6%  ails2  k=4
04:32:23 | i 47 | [ ASYNC BG] bg_ails  64.04s / 60.00s / 106.7%
04:32:23 | i 48 | [HAOS ROLL] k=4  λ=0.0  vb  fcm  ails2  P≈0.000900
04:32:23 | i 48 | [ Summary ] cost=364285.00  Δ_S*=+0.75%  Δ_BKS=+0.89%  Δ_S*_BKS=+0.15%  no_improve=28
04:32:23 | i 49 | [HAOS ROLL] k=2  λ=0.4  vb  fcm  pyvrp  P≈0.000361
04:32:24 | i 49 | [Phase 1/3] decompose  0.45s / — / —  λ=0.4  vb fcm
04:33:46 | i 49 | [Phase 2/3] route  81.77s / 76.92s / 106.3%  pyvrp  k=2
04:33:46 | i 48 | [ ASYNC BG] bg_ails  63.92s / 60.00s / 106.5%
04:33:46 | i 49 | [HAOS ROLL] k=2  λ=0.4  vb  fcm  pyvrp  P≈0.000361
04:33:46 | i 49 | [ Summary ] cost=369946.00  Δ_S*=+2.31%  Δ_BKS=+2.46%  Δ_S*_BKS=+0.15%  no_improve=30
04:33:46 | i 50 | [HAOS ROLL] k=8  λ=0.0  rb  ac_complete  filo  P≈0.000112
04:33:46 | i 50 | [Phase 1/3] decompose  0.35s / — / —  λ=0.0  rb ac_complete
04:34:46 | i 50 | [Phase 2/3] route  60.15s / 60.30s / 99.7%  filo  k=8
04:35:05 | i 49 | [ ASYNC BG] bg_ails  79.04s / 75.07s / 105.3%
04:35:05 | i 50 | [HAOS ROLL] k=8  λ=0.0  rb  ac_complete  filo  P≈0.000112
04:35:05 | i 50 | [ Summary ] cost=367911.00  Δ_S*=+1.75%  Δ_BKS=+1.90%  Δ_S*_BKS=+0.15%  no_improve=32
04:35:05 | i 51 | [HAOS ROLL] k=10  λ=0.0  vb  kmedoids  ails2  P≈0.000726
04:35:05 | i 51 | [Phase 1/3] decompose  0.51s / — / —  λ=0.0  vb kmedoids
04:35:44 | i 51 | [Phase 2/3] route  38.76s / 22.92s / 169.1%  ails2  k=10
04:36:09 | i 50 | [ ASYNC BG] bg_ails  63.86s / 60.00s / 106.4%
04:36:09 | i 51 | [HAOS ROLL] k=10  λ=0.0  vb  kmedoids  ails2  P≈0.000726
04:36:09 | i 51 | [ Summary ] cost=367046.00  Δ_S*=+1.51%  Δ_BKS=+1.66%  Δ_S*_BKS=+0.15%  no_improve=34
04:36:09 | i 52 | [HAOS ROLL] k=3  λ=0.4  vb  kmeans  filo2  P≈0.001417
04:36:09 | i 52 | [Phase 1/3] decompose  0.46s / — / —  λ=0.4  vb kmeans
04:37:18 | i 52 | [Phase 2/3] route  69.13s / 68.88s / 100.4%  filo2  k=3
04:37:18 | i 51 | [ ASYNC BG] bg_ails  63.97s / 60.00s / 106.6%
04:37:19 | i 52 | [HAOS ROLL] k=3  λ=0.4  vb  kmeans  filo2  P≈0.001417
04:37:19 | i 52 | [ Summary ] cost=364841.00  Δ_S*=+0.90%  Δ_BKS=+1.05%  Δ_S*_BKS=+0.15%  no_improve=36
04:37:19 | i 53 | [HAOS ROLL] k=12  λ=0.2  rb  kmeans  filo  P≈0.000253
04:37:19 | i 53 | [Phase 1/3] decompose  0.46s / — / —  λ=0.2  rb kmeans
04:37:54 | i 53 | [Phase 2/3] route  35.11s / 26.70s / 131.5%  filo  k=12
04:38:30 | i 52 | [ ASYNC BG] bg_ails  71.07s / 67.23s / 105.7%
04:38:30 | i 53 | [HAOS ROLL] k=12  λ=0.2  rb  kmeans  filo  P≈0.000253
04:38:30 | i 53 | [ Summary ] cost=369107.00  Δ_S*=+2.08%  Δ_BKS=+2.23%  Δ_S*_BKS=+0.15%  no_improve=38
04:38:30 | i 54 | [HAOS ROLL] k=10  λ=0.2  vb  kmedoids  filo2  P≈0.000971
04:38:30 | i 54 | [Phase 1/3] decompose  0.63s / — / —  λ=0.2  vb kmedoids
04:39:02 | i 54 | [Phase 2/3] route  31.10s / 22.80s / 136.4%  filo2  k=10
04:39:34 | i 53 | [ ASYNC BG] bg_ails  64.04s / 60.00s / 106.7%
04:39:34 | i 54 | [HAOS ROLL] k=10  λ=0.2  vb  kmedoids  filo2  P≈0.000971
04:39:34 | i 54 | [ Summary ] cost=369749.00  Δ_S*=+2.26%  Δ_BKS=+2.41%  Δ_S*_BKS=+0.15%  no_improve=40
04:39:34 | i 55 | [HAOS ROLL] k=6  λ=1.0  vb  ac_complete  ails2  P≈0.000564
04:39:34 | i 55 | [Phase 1/3] decompose  0.64s / — / —  λ=1.0  vb ac_complete
04:41:06 | i 55 | [Phase 2/3] route  91.22s / 88.20s / 103.4%  ails2  k=6
04:41:06 | i 54 | [ ASYNC BG] bg_ails  63.94s / 60.00s / 106.6%
04:41:06 | i 55 | [HAOS ROLL] k=6  λ=1.0  vb  ac_complete  ails2  P≈0.000564
04:41:06 | i 55 | [ Summary ] cost=366327.00  Δ_S*=+1.31%  Δ_BKS=+1.46%  Δ_S*_BKS=+0.15%  no_improve=42
04:41:06 | i 56 | [HAOS ROLL] k=4  λ=0.0  rb  ac_complete  ails2  P≈0.001365
04:41:06 | i 56 | [Phase 1/3] decompose  0.35s / — / —  λ=0.0  rb ac_complete
04:42:26 | i 56 | [Phase 2/3] route  80.12s / 78.96s / 101.5%  ails2  k=4
04:42:36 | i 55 | [ ASYNC BG] bg_ails  90.12s / 86.08s / 104.7%
04:42:36 | i 56 | [HAOS ROLL] k=4  λ=0.0  rb  ac_complete  ails2  P≈0.001365
04:42:36 | i 56 | [ Summary ] cost=361754.00  Δ_S*=+0.05%  Δ_BKS=+0.19%  Δ_S*_BKS=+0.15%  no_improve=44
04:42:36 | i 57 | [HAOS ROLL] k=6  λ=0.4  rb  ac_complete  ails2  P≈0.002162
04:42:36 | i 57 | [Phase 1/3] decompose  0.47s / — / —  λ=0.4  rb ac_complete
04:43:39 | i 57 | [Phase 2/3] route  62.52s / 60.30s / 103.7%  ails2  k=6
04:43:57 | i 56 | [ ASYNC BG] bg_ails  80.98s / 77.06s / 105.1%
04:43:57 | i 57 | [HAOS ROLL] k=6  λ=0.4  rb  ac_complete  ails2  P≈0.002162
04:43:57 | i 57 | [ Summary ] cost=361699.00  Δ_S*=+0.03%  Δ_BKS=+0.18%  Δ_S*_BKS=+0.15%  no_improve=46
04:43:57 | i 58 | [HAOS ROLL] k=12  λ=0.0  vb  kmeans  filo2  P≈0.000846
04:43:57 | i 58 | [Phase 1/3] decompose  0.36s / — / —  λ=0.0  vb kmeans
04:44:35 | i 58 | [Phase 2/3] route  38.13s / 21.42s / 178.0%  filo2  k=12
04:45:01 | i 57 | [ ASYNC BG] bg_ails  64.09s / 60.00s / 106.8%
04:45:01 | i 58 | [HAOS ROLL] k=12  λ=0.0  vb  kmeans  filo2  P≈0.000846
04:45:01 | i 58 | [ Summary ] cost=373100.00  Δ_S*=+3.18%  Δ_BKS=+3.34%  Δ_S*_BKS=+0.15%  no_improve=48
04:45:01 | i 59 | [HAOS ROLL] k=8  λ=0.0  vb  kmeans  filo2  P≈0.000888
04:45:01 | i 59 | [Phase 1/3] decompose  0.36s / — / —  λ=0.0  vb kmeans
04:45:38 | i 59 | [Phase 2/3] route  36.11s / 35.52s / 101.7%  filo2  k=8
04:46:05 | i 58 | [ ASYNC BG] bg_ails  64.01s / 60.00s / 106.7%
04:46:05 | i 59 | [HAOS ROLL] k=8  λ=0.0  vb  kmeans  filo2  P≈0.000888
04:46:05 | i 59 | [ Summary ] cost=368125.00  Δ_S*=+1.81%  Δ_BKS=+1.96%  Δ_S*_BKS=+0.15%  no_improve=50
04:46:05 | i 48 | [ASYNC 1/2] sp_sc  0.00s / 720.00s / 0.0%  SC
04:46:05 | i 60 | [HAOS ROLL] k=6  λ=0.2  vb  fcm  filo2  P≈0.001326
04:46:06 | i 60 | [Phase 1/3] decompose  0.55s / — / —  λ=0.2  vb fcm
04:46:38 | i 60 | [Phase 2/3] route  32.11s / 31.50s / 101.9%  filo2  k=6
04:47:09 | i 59 | [ ASYNC BG] bg_ails  63.97s / 60.00s / 106.6%
04:47:09 | i 60 | [HAOS ROLL] k=6  λ=0.2  vb  fcm  filo2  P≈0.001326
04:47:09 | i 60 | [ Summary ] cost=368017.00  Δ_S*=+1.78%  Δ_BKS=+1.93%  Δ_S*_BKS=+0.15%  no_improve=52
04:47:09 | i 61 | [HAOS ROLL] k=8  λ=0.8  rb  ac_complete  filo2  P≈0.000795
04:47:10 | i 61 | [Phase 1/3] decompose  0.48s / — / —  λ=0.8  rb ac_complete
04:48:10 | i 61 | [Phase 2/3] route  60.15s / 60.30s / 99.7%  filo2  k=8
04:48:13 | i 60 | [ ASYNC BG] bg_ails  64.06s / 60.00s / 106.8%
04:48:13 | i 61 | [HAOS ROLL] k=8  λ=0.8  rb  ac_complete  filo2  P≈0.000795
04:48:13 | i 61 | [ Summary ] cost=367400.00  Δ_S*=+1.61%  Δ_BKS=+1.76%  Δ_S*_BKS=+0.15%  no_improve=54
04:48:13 | i 62 | [HAOS ROLL] k=4  λ=0.6  rb  ac_avg  filo2  P≈0.000581
04:48:14 | i 62 | [Phase 1/3] decompose  0.47s / — / —  λ=0.6  rb ac_avg
04:49:28 | i 62 | [Phase 2/3] route  74.15s / 74.10s / 100.1%  filo2  k=4
04:49:28 | i 61 | [ ASYNC BG] bg_ails  64.05s / 60.00s / 106.8%
04:49:28 | i 62 | [HAOS ROLL] k=4  λ=0.6  rb  ac_avg  filo2  P≈0.000581
04:49:28 | i 62 | [ Summary ] cost=364644.00  Δ_S*=+0.85%  Δ_BKS=+0.99%  Δ_S*_BKS=+0.15%  no_improve=56
04:49:28 | i 63 | [HAOS ROLL] k=8  λ=0.0  vb  fcm  ails2  P≈0.002007
04:49:29 | i 63 | [Phase 1/3] decompose  0.73s / — / —  λ=0.0  vb fcm
04:50:04 | i 63 | [Phase 2/3] route  35.72s / 25.50s / 140.1%  ails2  k=8
04:50:44 | i 62 | [ ASYNC BG] bg_ails  76.08s / 72.32s / 105.2%
04:50:44 | i 63 | [HAOS ROLL] k=8  λ=0.0  vb  fcm  ails2  P≈0.002007
04:50:44 | i 63 | [ Summary ] cost=367995.00  Δ_S*=+1.77%  Δ_BKS=+1.92%  Δ_S*_BKS=+0.15%  no_improve=58
04:50:44 | i 64 | [HAOS ROLL] k=8  λ=0.6  vb  kmeans  filo2  P≈0.001660
04:50:44 | i 64 | [Phase 1/3] decompose  0.47s / — / —  λ=0.6  vb kmeans
04:51:23 | i 64 | [Phase 2/3] route  38.10s / 38.04s / 100.2%  filo2  k=8
04:51:48 | i 63 | [ ASYNC BG] bg_ails  63.94s / 60.00s / 106.6%
04:51:48 | i 64 | [HAOS ROLL] k=8  λ=0.6  vb  kmeans  filo2  P≈0.001660
04:51:48 | i 64 | [ Summary ] cost=366859.00  Δ_S*=+1.46%  Δ_BKS=+1.61%  Δ_S*_BKS=+0.15%  no_improve=60
04:51:48 | i 65 | [HAOS ROLL] k=2  λ=0.0  vb  ac_avg  filo2  P≈0.000868
04:51:49 | i 65 | [Phase 1/3] decompose  0.53s / — / —  λ=0.0  vb ac_avg
04:53:09 | i 65 | [Phase 2/3] route  80.17s / 80.10s / 100.1%  filo2  k=2
04:53:09 | i 64 | [ ASYNC BG] bg_ails  64.02s / 60.00s / 106.7%
04:53:09 | i 65 | [HAOS ROLL] k=2  λ=0.0  vb  ac_avg  filo2  P≈0.000868
04:53:09 | i 65 | [ Summary ] cost=363667.00  Δ_S*=+0.58%  Δ_BKS=+0.72%  Δ_S*_BKS=+0.15%  no_improve=62
04:53:09 | i 66 | [HAOS ROLL] k=4  λ=0.4  vb  kmedoids  ails2  P≈0.001269
04:53:10 | i 66 | [Phase 1/3] decompose  0.81s / — / —  λ=0.4  vb kmedoids
04:54:07 | i 66 | [Phase 2/3] route  56.89s / 55.32s / 102.8%  ails2  k=4
04:54:31 | i 65 | [ ASYNC BG] bg_ails  82.05s / 78.18s / 104.9%
04:54:31 | i 66 | [HAOS ROLL] k=4  λ=0.4  vb  kmedoids  ails2  P≈0.001269
04:54:31 | i 66 | [ Summary ] cost=363356.00  Δ_S*=+0.49%  Δ_BKS=+0.64%  Δ_S*_BKS=+0.15%  no_improve=64
04:54:31 | i 67 | [HAOS ROLL] k=8  λ=1.0  vb  fcm  pyvrp  P≈0.000293
04:54:32 | i 67 | [Phase 1/3] decompose  0.68s / — / —  λ=1.0  vb fcm
04:55:04 | i 67 | [Phase 2/3] route  31.92s / 25.32s / 126.1%  pyvrp  k=8
04:55:35 | i 66 | [ ASYNC BG] bg_ails  64.18s / 60.00s / 107.0%
04:55:35 | i 67 | [HAOS ROLL] k=8  λ=1.0  vb  fcm  pyvrp  P≈0.000293
04:55:35 | i 67 | [ Summary ] cost=371703.00  Δ_S*=+2.80%  Δ_BKS=+2.95%  Δ_S*_BKS=+0.15%  no_improve=66
04:55:35 | i 68 | [HAOS ROLL] k=4  λ=0.0  rb  ac_complete  filo  P≈0.000763
04:55:36 | i 68 | [Phase 1/3] decompose  0.36s / — / —  λ=0.0  rb ac_complete
04:56:55 | i 68 | [Phase 2/3] route  79.18s / 78.96s / 100.3%  filo  k=4
04:56:55 | i 67 | [ ASYNC BG] bg_ails  64.09s / 60.00s / 106.8%
04:56:55 | i 68 | [HAOS ROLL] k=4  λ=0.0  rb  ac_complete  filo  P≈0.000763
04:56:55 | i 68 | [ Summary ] cost=366253.00  Δ_S*=+1.29%  Δ_BKS=+1.44%  Δ_S*_BKS=+0.15%  no_improve=68
04:56:55 | i 69 | [HAOS ROLL] k=10  λ=0.0  vb  fcm  ails2  P≈0.001532
04:56:56 | i 69 | [Phase 1/3] decompose  1.05s / — / —  λ=0.0  vb fcm
04:57:29 | i 69 | [Phase 2/3] route  32.76s / 21.24s / 154.2%  ails2  k=10
04:58:16 | i 68 | [ ASYNC BG] bg_ails  81.01s / 77.06s / 105.1%
04:58:16 | i 69 | [HAOS ROLL] k=10  λ=0.0  vb  fcm  ails2  P≈0.001532
04:58:16 | i 69 | [ Summary ] cost=368146.00  Δ_S*=+1.81%  Δ_BKS=+1.96%  Δ_S*_BKS=+0.15%  no_improve=70
04:58:16 | i 70 | [HAOS ROLL] k=8  λ=0.4  rb  ac_complete  ails2  P≈0.002539
04:58:16 | i 70 | [Phase 1/3] decompose  0.46s / — / —  λ=0.4  rb ac_complete
04:59:19 | i 70 | [Phase 2/3] route  62.60s / 60.30s / 103.8%  ails2  k=8
04:59:20 | i 69 | [ ASYNC BG] bg_ails  63.97s / 60.00s / 106.6%
04:59:20 | i 70 | [HAOS ROLL] k=8  λ=0.4  rb  ac_complete  ails2  P≈0.002539
04:59:20 | i 70 | [ Summary ] cost=361652.00  Δ_S*=+0.02%  Δ_BKS=+0.16%  Δ_S*_BKS=+0.15%  no_improve=72
04:59:20 | i 71 | [HAOS ROLL] k=8  λ=0.6  vb  kmeans  filo2  P≈0.001701
04:59:20 | i 71 | [Phase 1/3] decompose  0.46s / — / —  λ=0.6  vb kmeans
05:00:10 | i 71 | [Phase 2/3] route  49.12s / 36.72s / 133.8%  filo2  k=8
05:00:24 | i 70 | [ ASYNC BG] bg_ails  64.14s / 60.00s / 106.9%
05:00:24 | i 71 | [HAOS ROLL] k=8  λ=0.6  vb  kmeans  filo2  P≈0.001701
05:00:24 | i 71 | [ Summary ] cost=368159.00  Δ_S*=+1.82%  Δ_BKS=+1.97%  Δ_S*_BKS=+0.15%  no_improve=74
05:00:24 | i 72 | [HAOS ROLL] k=8  λ=0.4  rb  ac_complete  ails2  P≈0.004136
05:00:25 | i 72 | [Phase 1/3] decompose  0.46s / — / —  λ=0.4  rb ac_complete
05:01:27 | i 72 | [Phase 2/3] route  62.24s / 60.30s / 103.2%  ails2  k=8
05:01:28 | i 71 | [ ASYNC BG] bg_ails  64.07s / 60.00s / 106.8%
05:01:28 | i 72 | [ IMPROVE ] 361553.00  via decompose_route  ·  Δ_BKS=+0.14%
05:01:28 | i 72 | [HAOS ROLL] k=8  λ=0.4  rb  ac_complete  ails2  P≈0.004136
05:01:28 | i 72 | [ Summary ] cost=361553.00  Δ_S*=+0.00%  Δ_BKS=+0.14%  Δ_S*_BKS=+0.14%  no_improve=0
05:01:28 | i 73 | [HAOS ROLL] k=8  λ=0.6  vb  kmeans  ails2  P≈0.003773
05:01:29 | i 73 | [Phase 1/3] decompose  0.47s / — / —  λ=0.6  vb kmeans
05:02:11 | i 73 | [Phase 2/3] route  41.90s / 37.38s / 112.1%  ails2  k=8
05:02:32 | i 72 | [ ASYNC BG] bg_ails  64.13s / 60.00s / 106.9%
05:02:32 | i 73 | [HAOS ROLL] k=8  λ=0.6  vb  kmeans  ails2  P≈0.003773
05:02:32 | i 73 | [ Summary ] cost=369632.00  Δ_S*=+2.23%  Δ_BKS=+2.37%  Δ_S*_BKS=+0.14%  no_improve=2
05:02:32 | i 74 | [HAOS ROLL] k=3  λ=1.0  vb  ac_avg  filo  P≈0.000073
05:02:33 | i 74 | [Phase 1/3] decompose  0.66s / — / —  λ=1.0  vb ac_avg
05:05:02 | i 74 | [Phase 2/3] route  148.44s / 148.50s / 100.0%  filo  k=3
05:05:02 | i 73 | [ ASYNC BG] bg_ails  64.18s / 60.00s / 107.0%
05:05:02 | i 74 | [HAOS ROLL] k=3  λ=1.0  vb  ac_avg  filo  P≈0.000073
05:05:02 | i 74 | [ Summary ] cost=365936.00  Δ_S*=+1.21%  Δ_BKS=+1.35%  Δ_S*_BKS=+0.14%  no_improve=4
05:05:02 | i 75 | [HAOS ROLL] k=8  λ=0.6  vb  kmedoids  filo  P≈0.000635
05:05:02 | i 75 | [Phase 1/3] decompose  0.70s / — / —  λ=0.6  vb kmedoids
05:05:35 | i 75 | [Phase 2/3] route  32.12s / 26.28s / 122.2%  filo  k=8
05:07:30 | i 74 | [ ASYNC BG] bg_ails  148.01s / 144.94s / 102.1%
05:07:30 | i 75 | [HAOS ROLL] k=8  λ=0.6  vb  kmedoids  filo  P≈0.000635
05:07:30 | i 75 | [ Summary ] cost=370067.00  Δ_S*=+2.35%  Δ_BKS=+2.50%  Δ_S*_BKS=+0.14%  no_improve=6
05:07:30 | i 76 | [HAOS ROLL] k=8  λ=0.4  rb  ac_complete  filo  P≈0.002745
05:07:30 | i 76 | [Phase 1/3] decompose  0.47s / — / —  λ=0.4  rb ac_complete
05:08:18 | i 76 | [Phase 2/3] route  48.12s / 47.58s / 101.1%  filo  k=8
05:08:34 | i 75 | [ ASYNC BG] bg_ails  64.12s / 60.00s / 106.9%
05:08:34 | i 76 | [HAOS ROLL] k=8  λ=0.4  rb  ac_complete  filo  P≈0.002745
05:08:34 | i 76 | [ Summary ] cost=367872.00  Δ_S*=+1.75%  Δ_BKS=+1.89%  Δ_S*_BKS=+0.14%  no_improve=8
05:08:34 | i 77 | [HAOS ROLL] k=8  λ=0.0  rb  ac_complete  filo2  P≈0.005184
05:08:34 | i 77 | [Phase 1/3] decompose  0.35s / — / —  λ=0.0  rb ac_complete
05:09:22 | i 77 | [Phase 2/3] route  48.11s / 47.58s / 101.1%  filo2  k=8
05:09:43 | i 76 | [ ASYNC BG] bg_ails  69.12s / 65.54s / 105.5%
05:09:43 | i 77 | [HAOS ROLL] k=8  λ=0.0  rb  ac_complete  filo2  P≈0.005184
05:09:43 | i 77 | [ Summary ] cost=368014.00  Δ_S*=+1.79%  Δ_BKS=+1.93%  Δ_S*_BKS=+0.14%  no_improve=10
05:09:43 | i 78 | [HAOS ROLL] k=8  λ=0.2  vb  kmeans  pyvrp  P≈0.000613
05:09:43 | i 78 | [Phase 1/3] decompose  0.46s / — / —  λ=0.2  vb kmeans
05:10:20 | i 78 | [Phase 2/3] route  36.37s / 32.58s / 111.6%  pyvrp  k=8
05:10:52 | i 77 | [ ASYNC BG] bg_ails  68.94s / 65.54s / 105.2%
05:10:52 | i 78 | [HAOS ROLL] k=8  λ=0.2  vb  kmeans  pyvrp  P≈0.000613
05:10:52 | i 78 | [ Summary ] cost=371259.00  Δ_S*=+2.68%  Δ_BKS=+2.83%  Δ_S*_BKS=+0.14%  no_improve=12
05:10:52 | i 79 | [HAOS ROLL] k=8  λ=0.4  vb  kmeans  ails2  P≈0.006925
05:10:52 | i 79 | [Phase 1/3] decompose  0.46s / — / —  λ=0.4  vb kmeans
05:11:29 | i 79 | [Phase 2/3] route  36.88s / 35.88s / 102.8%  ails2  k=8
05:11:56 | i 78 | [ ASYNC BG] bg_ails  64.05s / 60.00s / 106.8%
05:11:56 | i 79 | [HAOS ROLL] k=8  λ=0.4  vb  kmeans  ails2  P≈0.006925
05:11:56 | i 79 | [ Summary ] cost=366508.00  Δ_S*=+1.37%  Δ_BKS=+1.51%  Δ_S*_BKS=+0.14%  no_improve=14
05:11:56 | i 65 | [ASYNC 1/2] sp_sc  757.05s / 720.00s / 105.1%  SP  avg_coverage=51.88/5  pool=10000
05:11:56 | i 65 | [ASYNC 2/2] standard_ails  363.46s / 360.00s / 101.0%
05:12:38 | i 80 | [HAOS ROLL] k=8  λ=0.4  vb  kmedoids  ails2  P≈0.004242
05:12:39 | i 80 | [Phase 1/3] decompose  0.80s / — / —  λ=0.4  vb kmedoids
05:13:19 | i 80 | [Phase 2/3] route  39.94s / 27.06s / 147.6%  ails2  k=8
05:13:19 | i 79 | [ ASYNC BG] bg_ails  64.00s / 60.00s / 106.7%
05:13:20 | i 80 | [HAOS ROLL] k=8  λ=0.4  vb  kmedoids  ails2  P≈0.004242
05:13:20 | i 80 | [ Summary ] cost=367084.00  Δ_S*=+1.53%  Δ_BKS=+1.67%  Δ_S*_BKS=+0.14%  no_improve=17
05:13:20 | i 81 | [HAOS ROLL] k=10  λ=0.0  vb  ac_complete  ails2  P≈0.000954
05:13:20 | i 81 | [Phase 1/3] decompose  0.50s / — / —  λ=0.0  vb ac_complete
05:14:13 | i 81 | [Phase 2/3] route  53.01s / 45.60s / 116.3%  ails2  k=10
05:14:23 | i 80 | [ ASYNC BG] bg_ails  64.15s / 60.00s / 106.9%
05:14:24 | i 81 | [HAOS ROLL] k=10  λ=0.0  vb  ac_complete  ails2  P≈0.000954
05:14:24 | i 81 | [ Summary ] cost=368825.00  Δ_S*=+2.01%  Δ_BKS=+2.15%  Δ_S*_BKS=+0.14%  no_improve=19
05:14:24 | i 82 | [HAOS ROLL] k=8  λ=1.0  rb  ac_complete  pyvrp  P≈0.001490
05:14:24 | i 82 | [Phase 1/3] decompose  0.45s / — / —  λ=1.0  rb ac_complete
05:15:14 | i 82 | [Phase 2/3] route  49.66s / 47.58s / 104.4%  pyvrp  k=8
05:15:27 | i 81 | [ ASYNC BG] bg_ails  64.03s / 60.84s / 105.2%
05:15:28 | i 82 | [HAOS ROLL] k=8  λ=1.0  rb  ac_complete  pyvrp  P≈0.001490
05:15:28 | i 82 | [ Summary ] cost=368843.00  Δ_S*=+2.02%  Δ_BKS=+2.16%  Δ_S*_BKS=+0.14%  no_improve=21
05:15:28 | i 83 | [HAOS ROLL] k=8  λ=0.0  vb  ac_complete  ails2  P≈0.003791
05:15:28 | i 83 | [Phase 1/3] decompose  0.50s / — / —  λ=0.0  vb ac_complete
05:16:21 | i 83 | [Phase 2/3] route  53.03s / 45.60s / 116.3%  ails2  k=8
05:16:37 | i 82 | [ ASYNC BG] bg_ails  69.08s / 65.54s / 105.4%
05:16:37 | i 83 | [HAOS ROLL] k=8  λ=0.0  vb  ac_complete  ails2  P≈0.003791
05:16:37 | i 83 | [ Summary ] cost=368337.00  Δ_S*=+1.88%  Δ_BKS=+2.02%  Δ_S*_BKS=+0.14%  no_improve=23
05:16:37 | i 84 | [HAOS ROLL] k=6  λ=0.0  rb  ac_complete  ails2  P≈0.002239
05:16:37 | i 84 | [Phase 1/3] decompose  0.35s / — / —  λ=0.0  rb ac_complete
05:17:38 | i 84 | [Phase 2/3] route  60.27s / 58.08s / 103.8%  ails2  k=6
05:17:41 | i 83 | [ ASYNC BG] bg_ails  64.01s / 60.84s / 105.2%
05:17:41 | i 84 | [HAOS ROLL] k=6  λ=0.0  rb  ac_complete  ails2  P≈0.002239
05:17:41 | i 84 | [ Summary ] cost=361726.00  Δ_S*=+0.05%  Δ_BKS=+0.19%  Δ_S*_BKS=+0.14%  no_improve=25
05:17:41 | i 85 | [HAOS ROLL] k=10  λ=1.0  vb  kmedoids  pyvrp  P≈0.000333
05:17:42 | i 85 | [Phase 1/3] decompose  0.63s / — / —  λ=1.0  vb kmedoids
05:18:16 | i 85 | [Phase 2/3] route  34.39s / 23.70s / 145.1%  pyvrp  k=10
05:18:45 | i 84 | [ ASYNC BG] bg_ails  63.91s / 60.00s / 106.5%
05:18:45 | i 85 | [HAOS ROLL] k=10  λ=1.0  vb  kmedoids  pyvrp  P≈0.000333
05:18:45 | i 85 | [ Summary ] cost=375741.00  Δ_S*=+3.92%  Δ_BKS=+4.07%  Δ_S*_BKS=+0.14%  no_improve=27
05:18:45 | i 86 | [HAOS ROLL] k=10  λ=0.4  vb  kmedoids  ails2  P≈0.001905
05:18:46 | i 86 | [Phase 1/3] decompose  0.66s / — / —  λ=0.4  vb kmedoids
05:19:20 | i 86 | [Phase 2/3] route  34.76s / 23.10s / 150.5%  ails2  k=10
05:19:49 | i 85 | [ ASYNC BG] bg_ails  64.11s / 60.00s / 106.9%
05:19:49 | i 86 | [HAOS ROLL] k=10  λ=0.4  vb  kmedoids  ails2  P≈0.001905
05:19:49 | i 86 | [ Summary ] cost=371645.00  Δ_S*=+2.79%  Δ_BKS=+2.93%  Δ_S*_BKS=+0.14%  no_improve=29
05:19:49 | i 87 | [HAOS ROLL] k=3  λ=1.0  rb  ac_complete  filo2  P≈0.001046
05:19:49 | i 87 | [Phase 1/3] decompose  0.46s / — / —  λ=1.0  rb ac_complete
05:21:17 | i 87 | [Phase 2/3] route  87.18s / 87.48s / 99.7%  filo2  k=3
05:21:17 | i 86 | [ ASYNC BG] bg_ails  64.03s / 60.00s / 106.7%
05:21:17 | i 87 | [HAOS ROLL] k=3  λ=1.0  rb  ac_complete  filo2  P≈0.001046
05:21:17 | i 87 | [ Summary ] cost=365737.00  Δ_S*=+1.16%  Δ_BKS=+1.30%  Δ_S*_BKS=+0.14%  no_improve=31
05:21:17 | i 88 | [HAOS ROLL] k=12  λ=0.6  vb  kmedoids  filo2  P≈0.000251
05:21:18 | i 88 | [Phase 1/3] decompose  0.62s / — / —  λ=0.6  vb kmedoids
05:21:51 | i 88 | [Phase 2/3] route  33.11s / 19.98s / 165.7%  filo2  k=12
05:21:51 | i 88 | [HAOS ROLL] k=12  λ=0.6  vb  kmedoids  filo2  P≈0.000251
05:21:51 | i 88 | [ Summary ] cost=369654.00  Δ_S*=+2.24%  Δ_BKS=+2.38%  Δ_S*_BKS=+0.14%  no_improve=32
05:21:51 | i — | [  FINAL  ] async BG-AILS totals launched=86 applied=86 adopted=3 launch_skipped_cap=2 crashes=0 discarded_in_flight=False block_wait_total_s=1801.5
05:22:21 | i — | [  FINAL  ] async SP/SC totals invocations=5 adopted=2 skipped=1 discarded_in_flight=True sp_busy_frac=0.5737065665553674
05:22:21 | i — | [  FINAL  ] ════════════════════════════════════════
05:22:21 | i — | [  FINAL  ] Run complete  iterations=88  elapsed=02:00:59  best=361553.00
05:22:21 | i — | [  FINAL  ] Δ_BKS=+0.14%  no_improve_stop=False  time_stop=True  cancelled=False
05:22:21 | i — | [  FINAL  ] 
05:22:21 | i — | [  FINAL  ] [BEST SOLUTION — HAOS TAG SUMMARY]
05:22:21 | i — | [  FINAL  ] ────────────────────────────────────────
05:22:21 | i — | [  FINAL  ]   136 routes  rb  ac_complete  k=8  λ=0.4  solver=ails2
05:22:21 | i — | [  FINAL  ]   4 routes  rb  ac_complete  k=4  λ=0.0  solver=ails2
05:22:21 | i — | [  FINAL  ]   3 routes  rb  ac_complete  k=8  λ=0.8  solver=filo2
05:22:21 | i — | [  FINAL  ]   2 routes  vb  kmeans  k=8  λ=0.0  solver=filo2
05:22:21 | i — | [  FINAL  ]   2 routes  rb  kmeans  k=12  λ=0.2  solver=filo
05:22:21 | i — | [  FINAL  ]   2 routes  rb  ac_complete  k=10  λ=0.4  solver=filo
05:22:21 | i — | [  FINAL  ]   2 routes  rb  ac_complete  k=6  λ=0.4  solver=ails2
05:22:21 | i — | [  FINAL  ]   1 routes  rb  ac_complete  k=10  λ=0.2  solver=filo2
05:22:21 | i — | [  FINAL  ]   1 routes  vb  kmedoids  k=4  λ=0.4  solver=ails2
05:22:21 | i — | [  FINAL  ]   1 routes  vb  fcm  k=6  λ=0.4  solver=ails2
05:22:21 | i — | [  FINAL  ]   1 routes  vb  fcm  k=6  λ=0.2  solver=filo2
05:22:21 | i — | [  FINAL  ]   1 routes  vb  kmeans  k=3  λ=0.8  solver=pyvrp
05:22:21 | i — | [  FINAL  ]   1 routes  rb  ac_avg  k=2  λ=0.2  solver=ails2
05:22:21 | i — | [  FINAL  ]   1 routes  vb  ac_avg  k=3  λ=0.8  solver=pyvrp
05:22:21 | i — | [  FINAL  ]   1 routes  rb  ac_avg  k=4  λ=0.6  solver=filo2
05:22:21 | i — | [  FINAL  ]   1 routes  vb  kmeans  k=12  λ=0.8  solver=filo2
05:22:21 | i — | [  FINAL  ]   1 routes  rb  ac_avg  k=3  λ=0.2  solver=ails2
05:22:21 | i — | [  FINAL  ]   1 routes  vb  fcm  k=10  λ=1.0  solver=filo2
05:22:21 | i — | [  FINAL  ]   1 routes  vb  ac_avg  k=10  λ=1.0  solver=ails2
05:22:21 | i — | [  FINAL  ]   1 routes  rb  ac_avg  k=6  λ=0.2  solver=ails2
05:22:21 | i — | [  FINAL  ]   1 routes  vb  fcm  k=2  λ=0.4  solver=pyvrp
05:22:21 | i — | [  FINAL  ]   1 routes  rb  kmeans  k=4  λ=0.8  solver=filo2
05:22:21 | i — | [  FINAL  ]   1 routes  rb  ac_complete  k=8  λ=0.0  solver=filo
05:22:21 | i — | [  FINAL  ]   1 routes  vb  kmedoids  k=6  λ=0.2  solver=filo2
05:22:21 | i — | [  FINAL  ]   1 routes  vb  ac_complete  k=10  λ=1.0  solver=ails2
05:22:21 | i — | [  FINAL  ]   1 routes  vb  kmeans  k=2  λ=0.0  solver=ails2
05:22:21 | i — | [  FINAL  ]   24 routes  post-SP/SC improvement
05:22:21 | i — | [  FINAL  ] 
05:22:21 | i — | [  FINAL  ] [ROUTE POOL — HAOS TAG SUMMARY]
05:22:21 | i — | [  FINAL  ] ────────────────────────────────────────
05:22:21 | i — | [  FINAL  ]   383 routes  vb  kmedoids  k=10  λ=1.0  solver=pyvrp
05:22:21 | i — | [  FINAL  ]   364 routes  vb  kmedoids  k=10  λ=0.4  solver=ails2
05:22:21 | i — | [  FINAL  ]   361 routes  rb  ac_complete  k=8  λ=1.0  solver=pyvrp
05:22:21 | i — | [  FINAL  ]   360 routes  vb  kmedoids  k=8  λ=0.4  solver=ails2
05:22:21 | i — | [  FINAL  ]   352 routes  vb  ac_complete  k=10  λ=0.0  solver=ails2
05:22:21 | i — | [  FINAL  ]   351 routes  vb  ac_complete  k=8  λ=0.0  solver=ails2
05:22:21 | i — | [  FINAL  ]   340 routes  rb  ac_complete  k=6  λ=0.0  solver=ails2
05:22:21 | i — | [  FINAL  ]   263 routes  vb  kmeans  k=8  λ=0.6  solver=filo2
05:22:21 | i — | [  FINAL  ]   231 routes  vb  fcm  k=2  λ=0.4  solver=pyvrp
05:22:21 | i — | [  FINAL  ]   223 routes  vb  kmeans  k=12  λ=0.8  solver=filo2
05:22:21 | i — | [  FINAL  ]   219 routes  vb  kmeans  k=8  λ=0.0  solver=filo2
05:22:21 | i — | [  FINAL  ]   209 routes  vb  kmeans  k=8  λ=0.4  solver=ails2
05:22:21 | i — | [  FINAL  ]   208 routes  vb  kmeans  k=3  λ=0.4  solver=filo2
05:22:21 | i — | [  FINAL  ]   206 routes  vb  fcm  k=6  λ=0.2  solver=filo2
05:22:21 | i — | [  FINAL  ]   205 routes  vb  kmeans  k=12  λ=0.0  solver=filo2
05:22:21 | i — | [  FINAL  ]   204 routes  vb  fcm  k=6  λ=0.0  solver=ails2
05:22:21 | i — | [  FINAL  ]   204 routes  rb  ac_avg  k=4  λ=0.6  solver=filo2
05:22:21 | i — | [  FINAL  ]   203 routes  vb  kmeans  k=8  λ=0.4  solver=filo2
05:22:21 | i — | [  FINAL  ]   201 routes  vb  fcm  k=6  λ=0.4  solver=ails2
05:22:21 | i — | [  FINAL  ]   201 routes  vb  kmedoids  k=10  λ=0.2  solver=filo2
05:22:21 | i — | [  FINAL  ]   199 routes  rb  ac_complete  k=8  λ=0.0  solver=filo
05:22:21 | i — | [  FINAL  ]   199 routes  rb  kmeans  k=12  λ=0.2  solver=filo
05:22:21 | i — | [  FINAL  ]   199 routes  rb  ac_complete  k=8  λ=0.4  solver=ails2
05:22:21 | i — | [  FINAL  ]   198 routes  vb  ac_complete  k=6  λ=1.0  solver=ails2
05:22:21 | i — | [  FINAL  ]   198 routes  rb  ac_complete  k=8  λ=0.8  solver=filo2
05:22:21 | i — | [  FINAL  ]   196 routes  vb  ac_avg  k=2  λ=0.2  solver=filo2
05:22:21 | i — | [  FINAL  ]   195 routes  vb  kmedoids  k=10  λ=0.2  solver=ails2
05:22:21 | i — | [  FINAL  ]   194 routes  vb  kmedoids  k=10  λ=0.0  solver=ails2
05:22:21 | i — | [  FINAL  ]   194 routes  vb  fcm  k=8  λ=0.0  solver=ails2
05:22:21 | i — | [  FINAL  ]   191 routes  vb  kmedoids  k=4  λ=1.0  solver=ails2
05:22:21 | i — | [  FINAL  ]   189 routes  rb  ac_complete  k=4  λ=0.6  solver=filo2
05:22:21 | i — | [  FINAL  ]   189 routes  vb  fcm  k=4  λ=0.0  solver=ails2
05:22:21 | i — | [  FINAL  ]   189 routes  vb  kmedoids  k=12  λ=0.6  solver=filo2
05:22:21 | i — | [  FINAL  ]   187 routes  rb  kmeans  k=4  λ=0.8  solver=filo2
05:22:21 | i — | [  FINAL  ]   180 routes  rb  ac_complete  k=3  λ=1.0  solver=filo2
05:22:21 | i — | [  FINAL  ]   172 routes  rb  ac_avg  k=2  λ=0.2  solver=ails2
05:22:21 | i — | [  FINAL  ]   169 routes  rb  ac_complete  k=4  λ=0.0  solver=ails2
05:22:21 | i — | [  FINAL  ]   135 routes  vb  ac_avg  k=2  λ=0.0  solver=filo2
05:22:21 | i — | [  FINAL  ]   102 routes  vb  fcm  k=8  λ=1.0  solver=pyvrp
05:22:21 | i — | [  FINAL  ]   93 routes  rb  kmeans  k=6  λ=0.4  solver=ails2
05:22:21 | i — | [  FINAL  ]   91 routes  vb  ac_avg  k=3  λ=0.6  solver=filo2
05:22:21 | i — | [  FINAL  ]   80 routes  vb  kmeans  k=8  λ=0.2  solver=pyvrp
05:22:21 | i — | [  FINAL  ]   79 routes  rb  kmeans  k=8  λ=0.4  solver=ails2
05:22:21 | i — | [  FINAL  ]   77 routes  rb  ac_complete  k=6  λ=0.4  solver=ails2
05:22:21 | i — | [  FINAL  ]   76 routes  rb  ac_avg  k=6  λ=0.2  solver=ails2
05:22:21 | i — | [  FINAL  ]   66 routes  vb  kmedoids  k=4  λ=0.4  solver=ails2
05:22:21 | i — | [  FINAL  ]   63 routes  vb  ac_avg  k=3  λ=1.0  solver=filo
05:22:21 | i — | [  FINAL  ]   61 routes  rb  ac_complete  k=4  λ=0.0  solver=filo
05:22:21 | i — | [  FINAL  ]   60 routes  vb  kmedoids  k=8  λ=0.6  solver=filo
05:22:21 | i — | [  FINAL  ]   59 routes  rb  ac_complete  k=8  λ=0.4  solver=filo
05:22:21 | i — | [  FINAL  ]   55 routes  vb  kmeans  k=8  λ=0.6  solver=ails2
05:22:21 | i — | [  FINAL  ]   50 routes  rb  ac_complete  k=8  λ=0.0  solver=filo2
05:22:21 | i — | [  FINAL  ]   48 routes  vb  fcm  k=10  λ=0.0  solver=ails2
05:22:21 | i — | [  FINAL  ]   2 routes  rb  ac_complete  k=10  λ=0.4  solver=filo
05:22:21 | i — | [  FINAL  ]   1 routes  vb  kmeans  k=3  λ=0.8  solver=pyvrp
05:22:21 | i — | [  FINAL  ]   1 routes  rb  ac_avg  k=3  λ=0.2  solver=ails2
05:22:21 | i — | [  FINAL  ]   1 routes  vb  ac_avg  k=10  λ=1.0  solver=ails2
05:22:21 | i — | [  FINAL  ]   1 routes  vb  kmeans  k=2  λ=0.0  solver=ails2
05:22:21 | i — | [  FINAL  ]   1 routes  rb  ac_complete  k=10  λ=0.2  solver=filo2
05:22:21 | i — | [  FINAL  ]   1 routes  vb  fcm  k=10  λ=1.0  solver=filo2
05:22:21 | i — | [  FINAL  ]   1 routes  vb  ac_avg  k=3  λ=0.8  solver=pyvrp
05:22:21 | i — | [  FINAL  ]   1 routes  vb  ac_complete  k=10  λ=1.0  solver=ails2
05:22:21 | i — | [  FINAL  ]   1 routes  vb  kmedoids  k=6  λ=0.2  solver=filo2
05:22:21 | i — | [  FINAL  ]   268 routes  post-SP/SC improvement
05:22:21 | i — | [  FINAL  ] ════════════════════════════════════════
