23:07:29 | i — | [  INIT   ] ════════════════════════════════════════
23:07:29 | i — | [  INIT   ] DRISPI  instance=X-n1234-k55  n=1233  capacity=126
23:07:29 | i — | [  INIT   ] k domain (computed at init): [2, 3, 4, 6, 8, 10, 12]  k_ext=4  k_min=55  k_ext_bound=n_bound  spacing_rejected=0
23:07:29 | i — | [  INIT   ] ══════════════════════════════════════════════════════
23:07:29 | i — | [  INIT   ] CONFIGURATION
23:07:29 | i — | [  INIT   ] ── stopping ────────────────────────────────
23:07:29 | i — | [  INIT   ]   time_limit                  = 7200.0
23:07:29 | i — | [  INIT   ]   max_no_improve              = 1000000000
23:07:29 | i — | [  INIT   ] ── parallelism ─────────────────────────────
23:07:29 | i — | [  INIT   ]   n_workers                   = 8
23:07:29 | i — | [  INIT   ] ── cores ───────────────────────────────────
23:07:29 | i — | [  INIT   ]   cores_total                 = 8
23:07:29 | i — | [  INIT   ]   cores_dri                   = 6
23:07:29 | i — | [  INIT   ]   cores_bg                    = 1
23:07:29 | i — | [  INIT   ]   cores_sp                    = 1
23:07:29 | i — | [  INIT   ]   cores_cpu_list              = None
23:07:29 | i — | [  INIT   ] ── sp/sc ───────────────────────────────────
23:07:29 | i — | [  INIT   ]   sp_sc_mode                  = async
23:07:29 | i — | [  INIT   ]   sp_sc_trigger               = wallclock
23:07:29 | i — | [  INIT   ]   interval_minutes            = 20.0
23:07:29 | i — | [  INIT   ]   overlap_policy              = skip
23:07:29 | i — | [  INIT   ]   warmup_iterations           = 5
23:07:29 | i — | [  INIT   ]   sp_interval                 = 3
23:07:29 | i — | [  INIT   ]   min_coverage                = 5
23:07:29 | i — | [  INIT   ]   sp_time_limit               = 720.0
23:07:29 | i — | [  INIT   ]   mip_gap                     = 0.00025
23:07:29 | i — | [  INIT   ] ── decomposition ───────────────────────────
23:07:29 | i — | [  INIT   ]   decomp_k_base_arms          = [2, 3, 4, 6, 8, 10, 12]
23:07:29 | i — | [  INIT   ]   decomp_k_max_arms           = 10
23:07:29 | i — | [  INIT   ]   decomp_k_ext_per_1000       = 4
23:07:29 | i — | [  INIT   ]   decomp_k_min_routes_per_cluster= 8
23:07:29 | i — | [  INIT   ]   decomp_k_min_arm_spacing    = 2
23:07:29 | i — | [  INIT   ]   subcluster_rate_s_per_customer= 0.06
23:07:29 | i — | [  INIT   ]   subcluster_floor_s          = 5.0
23:07:29 | i — | [  INIT   ] ── bg_ails ─────────────────────────────────
23:07:29 | i — | [  INIT   ]   bg_ails_mode                = async
23:07:29 | i — | [  INIT   ]   bg_ails_crash_threshold     = 1
23:07:29 | i — | [  INIT   ]   bg_ails_budget_mode         = predicted_dr_wall
23:07:29 | i — | [  INIT   ]   bg_ails_budget_floor_s      = 60.0
23:07:29 | i — | [  INIT   ]   bg_ails_budget_margin       = 1.0
23:07:29 | i — | [  INIT   ]   bg_ails_wall_model_scale    = 0.976
23:07:29 | i — | [  INIT   ]   bg_ails_wall_model_wave_exponent= -0.18
23:07:29 | i — | [  INIT   ]   bg_ails_initial_omega       = 10
23:07:29 | i — | [  INIT   ]   bg_ails_boundary_threshold  = 0.5
23:07:29 | i — | [  INIT   ]   bg_ails_small_cluster_cap   = 20
23:07:29 | i — | [  INIT   ]   bg_ails_small_cluster_alpha = 0.5
23:07:29 | i — | [  INIT   ]   bg_ails_pair_selection      = greedy
23:07:29 | i — | [  INIT   ]   bg_ails_n_chains_mode       = k
23:07:29 | i — | [  INIT   ]   bg_ails_unique_first_routes = True
23:07:29 | i — | [  INIT   ]   bg_ails_boundary_mask_first_ls= True
23:07:29 | i — | [  INIT   ] ── standard_improvement ────────────────────
23:07:29 | i — | [  INIT   ]   standard_improvement_time_limit= 360.0
23:07:29 | i — | [  INIT   ] ── pool ────────────────────────────────────
23:07:29 | i — | [  INIT   ]   max_pool_size               = 10000
23:07:29 | i — | [  INIT   ]   pool_diversity_weight       = 0.5
23:07:29 | i — | [  INIT   ] ── haos ────────────────────────────────────
23:07:29 | i — | [  INIT   ]   haos_decay                  = 0.95
23:07:29 | i — | [  INIT   ]   haos_warmup                 = 10
23:07:29 | i — | [  INIT   ]   haos_starting_weight        = 10.0
23:07:29 | i — | [  INIT   ]   haos_min_weight_k           = 0.025
23:07:29 | i — | [  INIT   ]   haos_min_weight_lambda      = 0.05
23:07:29 | i — | [  INIT   ]   haos_min_weight_paradigm    = 0.1
23:07:29 | i — | [  INIT   ]   haos_min_weight_vertex_method= 0.05
23:07:29 | i — | [  INIT   ]   haos_min_weight_route_method= 0.05
23:07:29 | i — | [  INIT   ]   haos_min_weight_solver      = 0.05
23:07:29 | i — | [  INIT   ]   haos_lambda_demand_values   = [0.0, 0.2, 0.4, 0.6, 0.8, 1.0]
23:07:29 | i — | [  INIT   ]   haos_paradigm_values        = ['vertex', 'route']
23:07:29 | i — | [  INIT   ]   haos_vertex_method_values   = ['kmeans', 'agglomerative_avg', 'agglomerative_complete', 'kmedoids', 'fcm']
23:07:29 | i — | [  INIT   ]   haos_route_method_values    = ['kmeans', 'agglomerative_avg', 'agglomerative_complete']
23:07:29 | i — | [  INIT   ]   haos_solver_values          = ['pyvrp', 'filo', 'filo2', 'ails2']
23:07:29 | i — | [  INIT   ] ── haos_rewards ────────────────────────────
23:07:29 | i — | [  INIT   ]   haos_reward_new_best        = 10.0
23:07:29 | i — | [  INIT   ]   haos_reward_improvement     = 4.0
23:07:29 | i — | [  INIT   ]   haos_reward_no_improvement  = 1.0
23:07:29 | i — | [  INIT   ]   haos_reward_no_solution     = 0.0
23:07:29 | i — | [  INIT   ]   haos_deferred_new_best      = 7.0
23:07:29 | i — | [  INIT   ]   haos_deferred_improvement   = 3.0
23:07:29 | i — | [  INIT   ]   haos_deferred_no_improvement= 0.0
23:07:29 | i — | [  INIT   ] ── seed ────────────────────────────────────
23:07:29 | i — | [  INIT   ]   seed                        = 22
23:07:29 | i — | [  INIT   ] ── output ──────────────────────────────────
23:07:29 | i — | [  INIT   ]   output_dir                  = /app/artifacts/benchmark/X-n1234-k55/seed22
23:07:29 | i — | [  INIT   ]   run_analysis                = False
23:07:29 | i — | [  INIT   ] ══════════════════════════════════════════════════════
23:07:29 | i — | [  INIT   ] BKS=96603.00
23:07:29 | i — | [  INIT   ] ════════════════════════════════════════
23:07:29 | i 1 | [HAOS ROLL] k=6  λ=0.8  vb  fcm  filo2  P≈0.000595
23:07:30 | i 1 | [Phase 1/3] decompose  0.74s / — / —  λ=0.8  vb fcm
23:07:43 | i 1 | [Phase 2/3] route  13.12s / 13.44s / 97.6%  filo2  k=6
23:07:43 | i 1 | [ IMPROVE ] 100362.00  via decompose_route  ·  Δ_BKS=+3.89%
23:07:43 | i 1 | [HAOS ROLL] k=6  λ=0.8  vb  fcm  filo2  P≈0.000595
23:07:43 | i 1 | [ Summary ] cost=100362.00  Δ_S*=+0.00%  Δ_BKS=+3.89%  Δ_S*_BKS=+3.89%  no_improve=0
23:07:43 | i 2 | [HAOS ROLL] k=12  λ=0.4  vb  kmedoids  filo  P≈0.000595
23:07:45 | i 2 | [Phase 1/3] decompose  2.53s / — / —  λ=0.4  vb kmedoids
23:08:00 | i 2 | [Phase 2/3] route  15.07s / 7.74s / 194.7%  filo  k=12
23:08:45 | i 1 | [ IMPROVE ] 97381.00  via bg_ails  ·  Δ_BKS=+0.81%
23:08:45 | i 1 | [ ASYNC BG] bg_ails  62.28s / 60.00s / 103.8%
23:08:45 | i 2 | [HAOS ROLL] k=12  λ=0.4  vb  kmedoids  filo  P≈0.000595
23:08:45 | i 2 | [ Summary ] cost=103587.00  Δ_S*=+6.37%  Δ_BKS=+7.23%  Δ_S*_BKS=+0.81%  no_improve=1
23:08:45 | i 3 | [HAOS ROLL] k=10  λ=0.6  rb  ac_avg  filo  P≈0.000992
23:08:45 | i 3 | [Phase 1/3] decompose  0.17s / — / —  λ=0.6  rb ac_avg
23:09:00 | i 3 | [Phase 2/3] route  15.08s / 12.72s / 118.6%  filo  k=10
23:09:47 | i 2 | [ IMPROVE ] 97085.00  via bg_ails  ·  Δ_BKS=+0.50%
23:09:47 | i 2 | [ ASYNC BG] bg_ails  62.35s / 60.00s / 103.9%
23:09:47 | i 3 | [HAOS ROLL] k=10  λ=0.6  rb  ac_avg  filo  P≈0.000992
23:09:47 | i 3 | [ Summary ] cost=97462.00  Δ_S*=+0.39%  Δ_BKS=+0.89%  Δ_S*_BKS=+0.50%  no_improve=1
23:09:47 | i 4 | [HAOS ROLL] k=2  λ=0.0  vb  kmeans  filo2  P≈0.000595
23:09:48 | i 4 | [Phase 1/3] decompose  0.08s / — / —  λ=0.0  vb kmeans
23:10:25 | i 4 | [Phase 2/3] route  37.08s / 37.32s / 99.4%  filo2  k=2
23:10:50 | i 3 | [ ASYNC BG] bg_ails  62.25s / 60.00s / 103.7%
23:10:50 | i 4 | [HAOS ROLL] k=2  λ=0.0  vb  kmeans  filo2  P≈0.000595
23:10:50 | i 4 | [ Summary ] cost=98317.00  Δ_S*=+1.27%  Δ_BKS=+1.77%  Δ_S*_BKS=+0.50%  no_improve=3
23:10:50 | i 5 | [HAOS ROLL] k=10  λ=0.8  vb  kmedoids  filo2  P≈0.000595
23:10:50 | i 5 | [Phase 1/3] decompose  0.10s / — / —  λ=0.8  vb kmedoids
23:11:05 | i 5 | [Phase 2/3] route  15.08s / 9.06s / 166.4%  filo2  k=10
23:11:52 | i 4 | [ IMPROVE ] 97056.00  via bg_ails  ·  Δ_BKS=+0.47%
23:11:52 | i 4 | [ ASYNC BG] bg_ails  62.28s / 60.00s / 103.8%
23:11:52 | i 5 | [HAOS ROLL] k=10  λ=0.8  vb  kmedoids  filo2  P≈0.000595
23:11:52 | i 5 | [ Summary ] cost=103247.00  Δ_S*=+6.38%  Δ_BKS=+6.88%  Δ_S*_BKS=+0.47%  no_improve=1
23:11:52 | i 6 | [HAOS ROLL] k=8  λ=0.0  vb  kmeans  ails2  P≈0.000595
23:11:52 | i 6 | [Phase 1/3] decompose  0.06s / — / —  λ=0.0  vb kmeans
23:12:13 | i 6 | [Phase 2/3] route  20.63s / 10.38s / 198.7%  ails2  k=8
23:12:54 | i 5 | [ ASYNC BG] bg_ails  62.30s / 60.00s / 103.8%
23:12:54 | i 6 | [HAOS ROLL] k=8  λ=0.0  vb  kmeans  ails2  P≈0.000595
23:12:54 | i 6 | [ Summary ] cost=102618.00  Δ_S*=+5.73%  Δ_BKS=+6.23%  Δ_S*_BKS=+0.47%  no_improve=3
23:12:54 | i 7 | [HAOS ROLL] k=6  λ=0.0  rb  kmeans  filo  P≈0.000992
23:12:54 | i 7 | [Phase 1/3] decompose  0.06s / — / —  λ=0.0  rb kmeans
23:13:13 | i 7 | [Phase 2/3] route  19.08s / 18.60s / 102.6%  filo  k=6
23:13:57 | i 6 | [ ASYNC BG] bg_ails  62.28s / 60.00s / 103.8%
23:13:57 | i 7 | [HAOS ROLL] k=6  λ=0.0  rb  kmeans  filo  P≈0.000992
23:13:57 | i 7 | [ Summary ] cost=97372.00  Δ_S*=+0.33%  Δ_BKS=+0.80%  Δ_S*_BKS=+0.47%  no_improve=5
23:13:57 | i 8 | [HAOS ROLL] k=2  λ=1.0  rb  ac_complete  filo2  P≈0.000992
23:13:57 | i 8 | [Phase 1/3] decompose  0.08s / — / —  λ=1.0  rb ac_complete
23:14:41 | i 8 | [Phase 2/3] route  44.09s / 43.98s / 100.2%  filo2  k=2
23:14:59 | i 7 | [ IMPROVE ] 96878.00  via bg_ails  ·  Δ_BKS=+0.28%
23:14:59 | i 7 | [ ASYNC BG] bg_ails  62.32s / 60.00s / 103.9%
23:14:59 | i 8 | [HAOS ROLL] k=2  λ=1.0  rb  ac_complete  filo2  P≈0.000992
23:14:59 | i 8 | [ Summary ] cost=97385.00  Δ_S*=+0.52%  Δ_BKS=+0.81%  Δ_S*_BKS=+0.28%  no_improve=1
23:14:59 | i 9 | [HAOS ROLL] k=2  λ=0.0  rb  kmeans  filo  P≈0.000992
23:14:59 | i 9 | [Phase 1/3] decompose  0.06s / — / —  λ=0.0  rb kmeans
23:15:36 | i 9 | [Phase 2/3] route  37.08s / 37.08s / 100.0%  filo  k=2
23:16:01 | i 8 | [ ASYNC BG] bg_ails  62.23s / 60.00s / 103.7%
23:16:01 | i 9 | [HAOS ROLL] k=2  λ=0.0  rb  kmeans  filo  P≈0.000992
23:16:01 | i 9 | [ Summary ] cost=97510.00  Δ_S*=+0.65%  Δ_BKS=+0.94%  Δ_S*_BKS=+0.28%  no_improve=3
23:16:01 | i 10 | [HAOS ROLL] k=8  λ=0.0  rb  ac_avg  filo2  P≈0.000992
23:16:01 | i 10 | [Phase 1/3] decompose  0.06s / — / —  λ=0.0  rb ac_avg
23:16:18 | i 10 | [Phase 2/3] route  17.07s / 15.60s / 109.4%  filo2  k=8
23:17:03 | i 9 | [ ASYNC BG] bg_ails  62.27s / 60.00s / 103.8%
23:17:03 | i 10 | [HAOS ROLL] k=8  λ=0.0  rb  ac_avg  filo2  P≈0.000992
23:17:03 | i 10 | [ Summary ] cost=97022.00  Δ_S*=+0.15%  Δ_BKS=+0.43%  Δ_S*_BKS=+0.28%  no_improve=5
23:17:03 | i 11 | [HAOS ROLL] k=10  λ=1.0  vb  ac_avg  ails2  P≈0.000595
23:17:04 | i 11 | [Phase 1/3] decompose  0.10s / — / —  λ=1.0  vb ac_avg
23:17:20 | i 11 | [Phase 2/3] route  16.56s / 12.84s / 129.0%  ails2  k=10
23:18:06 | i 10 | [ ASYNC BG] bg_ails  62.28s / 60.00s / 103.8%
23:18:06 | i 11 | [HAOS ROLL] k=10  λ=1.0  vb  ac_avg  ails2  P≈0.000595
23:18:06 | i 11 | [ Summary ] cost=106088.00  Δ_S*=+9.51%  Δ_BKS=+9.82%  Δ_S*_BKS=+0.28%  no_improve=7
23:18:06 | i 12 | [HAOS ROLL] k=12  λ=0.8  vb  kmedoids  ails2  P≈0.000614
23:18:06 | i 12 | [Phase 1/3] decompose  0.09s / — / —  λ=0.8  vb kmedoids
23:18:20 | i 12 | [Phase 2/3] route  14.65s / 7.38s / 198.5%  ails2  k=12
23:19:08 | i 11 | [ ASYNC BG] bg_ails  62.35s / 60.00s / 103.9%
23:19:08 | i 12 | [HAOS ROLL] k=12  λ=0.8  vb  kmedoids  ails2  P≈0.000614
23:19:08 | i 12 | [ Summary ] cost=106003.00  Δ_S*=+9.42%  Δ_BKS=+9.73%  Δ_S*_BKS=+0.28%  no_improve=9
23:19:08 | i 6 | [ASYNC 1/2] sp_sc  0.09s / 720.00s / 0.0%  SP  avg_coverage=10.37/5  pool=576
23:19:08 | i 6 | [ASYNC 2/2] standard_ails  362.14s / 360.00s / 100.6%
23:19:08 | i 6 | [ IMPROVE ] 96844.00  via standard_ails  ·  Δ_BKS=+0.25%
23:19:08 | i 13 | [HAOS ROLL] k=10  λ=0.2  vb  kmedoids  filo2  P≈0.000740
23:19:09 | i 13 | [Phase 1/3] decompose  0.08s / — / —  λ=0.2  vb kmedoids
23:19:24 | i 13 | [Phase 2/3] route  15.08s / 9.54s / 158.1%  filo2  k=10
23:20:10 | i 12 | [ ASYNC BG] bg_ails  62.30s / 60.00s / 103.8%
23:20:10 | i 13 | [HAOS ROLL] k=10  λ=0.2  vb  kmedoids  filo2  P≈0.000740
23:20:10 | i 13 | [ Summary ] cost=104846.00  Δ_S*=+8.26%  Δ_BKS=+8.53%  Δ_S*_BKS=+0.25%  no_improve=2
23:20:10 | i 14 | [HAOS ROLL] k=2  λ=0.6  vb  fcm  ails2  P≈0.000812
23:20:11 | i 14 | [Phase 1/3] decompose  0.08s / — / —  λ=0.6  vb fcm
23:20:49 | i 14 | [Phase 2/3] route  38.36s / 37.44s / 102.5%  ails2  k=2
23:21:13 | i 13 | [ ASYNC BG] bg_ails  62.33s / 60.00s / 103.9%
23:21:13 | i 14 | [HAOS ROLL] k=2  λ=0.6  vb  fcm  ails2  P≈0.000812
23:21:13 | i 14 | [ Summary ] cost=97787.00  Δ_S*=+0.97%  Δ_BKS=+1.23%  Δ_S*_BKS=+0.25%  no_improve=4
23:21:13 | i 15 | [HAOS ROLL] k=2  λ=1.0  vb  kmeans  pyvrp  P≈0.000611
23:21:13 | i 15 | [Phase 1/3] decompose  0.07s / — / —  λ=1.0  vb kmeans
23:21:51 | i 15 | [Phase 2/3] route  38.26s / 37.20s / 102.9%  pyvrp  k=2
23:22:15 | i 14 | [ ASYNC BG] bg_ails  62.29s / 60.00s / 103.8%
23:22:15 | i 15 | [HAOS ROLL] k=2  λ=1.0  vb  kmeans  pyvrp  P≈0.000611
23:22:15 | i 15 | [ Summary ] cost=98683.00  Δ_S*=+1.90%  Δ_BKS=+2.15%  Δ_S*_BKS=+0.25%  no_improve=6
23:22:15 | i 16 | [HAOS ROLL] k=10  λ=0.8  vb  fcm  ails2  P≈0.001688
23:22:15 | i 16 | [Phase 1/3] decompose  0.11s / — / —  λ=0.8  vb fcm
23:22:31 | i 16 | [Phase 2/3] route  15.63s / 9.12s / 171.3%  ails2  k=10
23:23:17 | i 15 | [ ASYNC BG] bg_ails  62.27s / 60.00s / 103.8%
23:23:17 | i 16 | [HAOS ROLL] k=10  λ=0.8  vb  fcm  ails2  P≈0.001688
23:23:17 | i 16 | [ Summary ] cost=102848.00  Δ_S*=+6.20%  Δ_BKS=+6.46%  Δ_S*_BKS=+0.25%  no_improve=8
23:23:17 | i 17 | [HAOS ROLL] k=3  λ=0.2  vb  ac_avg  pyvrp  P≈0.000341
23:23:17 | i 17 | [Phase 1/3] decompose  0.10s / — / —  λ=0.2  vb ac_avg
23:23:54 | i 17 | [Phase 2/3] route  36.21s / 35.22s / 102.8%  pyvrp  k=3
23:24:20 | i 16 | [ ASYNC BG] bg_ails  62.33s / 60.00s / 103.9%
23:24:20 | i 17 | [HAOS ROLL] k=3  λ=0.2  vb  ac_avg  pyvrp  P≈0.000341
23:24:20 | i 17 | [ Summary ] cost=99517.00  Δ_S*=+2.76%  Δ_BKS=+3.02%  Δ_S*_BKS=+0.25%  no_improve=10
23:24:20 | i 18 | [HAOS ROLL] k=10  λ=0.4  vb  kmeans  filo  P≈0.001018
23:24:20 | i 18 | [Phase 1/3] decompose  0.07s / — / —  λ=0.4  vb kmeans
23:24:35 | i 18 | [Phase 2/3] route  15.08s / 10.50s / 143.6%  filo  k=10
23:25:22 | i 17 | [ ASYNC BG] bg_ails  62.33s / 60.00s / 103.9%
23:25:22 | i 18 | [HAOS ROLL] k=10  λ=0.4  vb  kmeans  filo  P≈0.001018
23:25:22 | i 18 | [ Summary ] cost=105236.00  Δ_S*=+8.67%  Δ_BKS=+8.94%  Δ_S*_BKS=+0.25%  no_improve=12
23:25:22 | i 19 | [HAOS ROLL] k=12  λ=0.8  vb  ac_avg  filo2  P≈0.001290
23:25:22 | i 19 | [Phase 1/3] decompose  0.09s / — / —  λ=0.8  vb ac_avg
23:25:37 | i 19 | [Phase 2/3] route  15.08s / 10.74s / 140.4%  filo2  k=12
23:26:24 | i 18 | [ ASYNC BG] bg_ails  62.34s / 60.00s / 103.9%
23:26:24 | i 19 | [HAOS ROLL] k=12  λ=0.8  vb  ac_avg  filo2  P≈0.001290
23:26:24 | i 19 | [ Summary ] cost=107828.00  Δ_S*=+11.34%  Δ_BKS=+11.62%  Δ_S*_BKS=+0.25%  no_improve=14
23:26:24 | i 20 | [HAOS ROLL] k=12  λ=0.4  vb  fcm  pyvrp  P≈0.001190
23:26:24 | i 20 | [Phase 1/3] decompose  0.11s / — / —  λ=0.4  vb fcm
23:26:38 | i 20 | [Phase 2/3] route  13.78s / 7.26s / 189.8%  pyvrp  k=12
23:27:27 | i 19 | [ ASYNC BG] bg_ails  62.31s / 60.00s / 103.9%
23:27:27 | i 20 | [HAOS ROLL] k=12  λ=0.4  vb  fcm  pyvrp  P≈0.001190
23:27:27 | i 20 | [ Summary ] cost=106489.00  Δ_S*=+9.96%  Δ_BKS=+10.23%  Δ_S*_BKS=+0.25%  no_improve=16
23:27:27 | i 21 | [HAOS ROLL] k=4  λ=0.0  vb  kmeans  filo2  P≈0.000824
23:27:27 | i 21 | [Phase 1/3] decompose  0.05s / — / —  λ=0.0  vb kmeans
23:27:48 | i 21 | [Phase 2/3] route  21.06s / 21.00s / 100.3%  filo2  k=4
23:28:29 | i 20 | [ ASYNC BG] bg_ails  62.28s / 60.00s / 103.8%
23:28:29 | i 21 | [HAOS ROLL] k=4  λ=0.0  vb  kmeans  filo2  P≈0.000824
23:28:29 | i 21 | [ Summary ] cost=99047.00  Δ_S*=+2.27%  Δ_BKS=+2.53%  Δ_S*_BKS=+0.25%  no_improve=18
23:28:29 | i 22 | [HAOS ROLL] k=10  λ=1.0  vb  fcm  filo2  P≈0.002005
23:28:29 | i 22 | [Phase 1/3] decompose  0.11s / — / —  λ=1.0  vb fcm
23:28:45 | i 22 | [Phase 2/3] route  16.08s / 9.12s / 176.3%  filo2  k=10
23:29:31 | i 21 | [ ASYNC BG] bg_ails  62.28s / 60.00s / 103.8%
23:29:31 | i 22 | [HAOS ROLL] k=10  λ=1.0  vb  fcm  filo2  P≈0.002005
23:29:31 | i 22 | [ Summary ] cost=102969.00  Δ_S*=+6.32%  Δ_BKS=+6.59%  Δ_S*_BKS=+0.25%  no_improve=20
23:29:31 | i 23 | [HAOS ROLL] k=4  λ=0.8  vb  kmeans  pyvrp  P≈0.001562
23:29:31 | i 23 | [Phase 1/3] decompose  0.07s / — / —  λ=0.8  vb kmeans
23:29:53 | i 23 | [Phase 2/3] route  21.56s / 21.06s / 102.4%  pyvrp  k=4
23:30:34 | i 22 | [ ASYNC BG] bg_ails  62.34s / 60.00s / 103.9%
23:30:34 | i 23 | [HAOS ROLL] k=4  λ=0.8  vb  kmeans  pyvrp  P≈0.001562
23:30:34 | i 23 | [ Summary ] cost=99719.00  Δ_S*=+2.97%  Δ_BKS=+3.23%  Δ_S*_BKS=+0.25%  no_improve=22
23:30:34 | i 24 | [HAOS ROLL] k=10  λ=0.4  vb  kmeans  pyvrp  P≈0.002334
23:30:34 | i 24 | [Phase 1/3] decompose  0.07s / — / —  λ=0.4  vb kmeans
23:30:50 | i 24 | [Phase 2/3] route  15.96s / 9.30s / 171.6%  pyvrp  k=10
23:31:36 | i 23 | [ ASYNC BG] bg_ails  62.22s / 60.00s / 103.7%
23:31:36 | i 24 | [HAOS ROLL] k=10  λ=0.4  vb  kmeans  pyvrp  P≈0.002334
23:31:36 | i 24 | [ Summary ] cost=104668.00  Δ_S*=+8.08%  Δ_BKS=+8.35%  Δ_S*_BKS=+0.25%  no_improve=24
23:31:36 | i 25 | [HAOS ROLL] k=4  λ=0.8  vb  kmeans  ails2  P≈0.001936
23:31:36 | i 25 | [Phase 1/3] decompose  0.07s / — / —  λ=0.8  vb kmeans
23:31:58 | i 25 | [Phase 2/3] route  22.34s / 21.06s / 106.1%  ails2  k=4
23:32:38 | i 24 | [ ASYNC BG] bg_ails  62.27s / 60.00s / 103.8%
23:32:38 | i 25 | [HAOS ROLL] k=4  λ=0.8  vb  kmeans  ails2  P≈0.001936
23:32:38 | i 25 | [ Summary ] cost=98955.00  Δ_S*=+2.18%  Δ_BKS=+2.43%  Δ_S*_BKS=+0.25%  no_improve=26
23:32:38 | i 26 | [HAOS ROLL] k=2  λ=1.0  vb  kmedoids  filo  P≈0.000404
23:32:38 | i 26 | [Phase 1/3] decompose  0.08s / — / —  λ=1.0  vb kmedoids
23:33:17 | i 26 | [Phase 2/3] route  39.08s / 38.70s / 101.0%  filo  k=2
23:33:40 | i 25 | [ ASYNC BG] bg_ails  62.37s / 60.00s / 103.9%
23:33:41 | i 26 | [HAOS ROLL] k=2  λ=1.0  vb  kmedoids  filo  P≈0.000404
23:33:41 | i 26 | [ Summary ] cost=99212.00  Δ_S*=+2.45%  Δ_BKS=+2.70%  Δ_S*_BKS=+0.25%  no_improve=28
23:33:41 | i 27 | [HAOS ROLL] k=6  λ=0.8  vb  ac_avg  filo2  P≈0.001054
23:33:41 | i 27 | [Phase 1/3] decompose  0.10s / — / —  λ=0.8  vb ac_avg
23:34:00 | i 27 | [Phase 2/3] route  19.09s / 18.54s / 102.9%  filo2  k=6
23:34:43 | i 26 | [ ASYNC BG] bg_ails  62.28s / 60.00s / 103.8%
23:34:43 | i 27 | [HAOS ROLL] k=6  λ=0.8  vb  ac_avg  filo2  P≈0.001054
23:34:43 | i 27 | [ Summary ] cost=102566.00  Δ_S*=+5.91%  Δ_BKS=+6.17%  Δ_S*_BKS=+0.25%  no_improve=30
23:34:43 | i 28 | [HAOS ROLL] k=12  λ=0.8  vb  kmeans  pyvrp  P≈0.003089
23:34:43 | i 28 | [Phase 1/3] decompose  0.15s / — / —  λ=0.8  vb kmeans
23:34:57 | i 28 | [Phase 2/3] route  13.94s / 8.46s / 164.8%  pyvrp  k=12
23:35:45 | i 27 | [ ASYNC BG] bg_ails  62.40s / 60.00s / 104.0%
23:35:45 | i 28 | [HAOS ROLL] k=12  λ=0.8  vb  kmeans  pyvrp  P≈0.003089
23:35:45 | i 28 | [ Summary ] cost=106577.00  Δ_S*=+10.05%  Δ_BKS=+10.32%  Δ_S*_BKS=+0.25%  no_improve=32
23:35:45 | i 29 | [HAOS ROLL] k=2  λ=0.6  rb  kmeans  ails2  P≈0.000147
23:35:45 | i 29 | [Phase 1/3] decompose  0.07s / — / —  λ=0.6  rb kmeans
23:36:28 | i 29 | [Phase 2/3] route  42.44s / 41.34s / 102.7%  ails2  k=2
23:36:47 | i 28 | [ ASYNC BG] bg_ails  62.31s / 60.00s / 103.9%
23:36:47 | i 29 | [HAOS ROLL] k=2  λ=0.6  rb  kmeans  ails2  P≈0.000147
23:36:48 | i 29 | [ Summary ] cost=97132.00  Δ_S*=+0.30%  Δ_BKS=+0.55%  Δ_S*_BKS=+0.25%  no_improve=34
23:36:48 | i 30 | [HAOS ROLL] k=8  λ=0.8  vb  kmeans  pyvrp  P≈0.002480
23:36:48 | i 30 | [Phase 1/3] decompose  0.08s / — / —  λ=0.8  vb kmeans
23:37:06 | i 30 | [Phase 2/3] route  18.30s / 11.28s / 162.2%  pyvrp  k=8
23:37:50 | i 29 | [ ASYNC BG] bg_ails  62.30s / 60.00s / 103.8%
23:37:50 | i 30 | [HAOS ROLL] k=8  λ=0.8  vb  kmeans  pyvrp  P≈0.002480
23:37:50 | i 30 | [ Summary ] cost=103800.00  Δ_S*=+7.18%  Δ_BKS=+7.45%  Δ_S*_BKS=+0.25%  no_improve=36
23:37:50 | i 31 | [HAOS ROLL] k=4  λ=0.8  rb  kmeans  pyvrp  P≈0.001198
23:37:50 | i 31 | [Phase 1/3] decompose  0.07s / — / —  λ=0.8  rb kmeans
23:38:12 | i 31 | [Phase 2/3] route  22.40s / 21.96s / 102.0%  pyvrp  k=4
23:38:52 | i 30 | [ ASYNC BG] bg_ails  62.31s / 60.00s / 103.8%
23:38:52 | i 31 | [HAOS ROLL] k=4  λ=0.8  rb  kmeans  pyvrp  P≈0.001198
23:38:52 | i 31 | [ Summary ] cost=97536.00  Δ_S*=+0.71%  Δ_BKS=+0.97%  Δ_S*_BKS=+0.25%  no_improve=38
23:38:52 | i 32 | [HAOS ROLL] k=8  λ=0.8  rb  ac_avg  pyvrp  P≈0.000762
23:38:52 | i 32 | [Phase 1/3] decompose  0.07s / — / —  λ=0.8  rb ac_avg
23:39:07 | i 32 | [Phase 2/3] route  15.15s / 13.32s / 113.7%  pyvrp  k=8
23:39:54 | i 31 | [ ASYNC BG] bg_ails  62.25s / 60.00s / 103.7%
23:39:54 | i 32 | [HAOS ROLL] k=8  λ=0.8  rb  ac_avg  pyvrp  P≈0.000762
23:39:54 | i 32 | [ Summary ] cost=97270.00  Δ_S*=+0.44%  Δ_BKS=+0.69%  Δ_S*_BKS=+0.25%  no_improve=40
23:39:54 | i 33 | [HAOS ROLL] k=4  λ=0.6  rb  ac_complete  filo  P≈0.000234
23:39:54 | i 33 | [Phase 1/3] decompose  0.07s / — / —  λ=0.6  rb ac_complete
23:40:21 | i 33 | [Phase 2/3] route  26.06s / 25.80s / 101.0%  filo  k=4
23:40:57 | i 32 | [ ASYNC BG] bg_ails  62.29s / 60.00s / 103.8%
23:40:57 | i 33 | [HAOS ROLL] k=4  λ=0.6  rb  ac_complete  filo  P≈0.000234
23:40:57 | i 33 | [ Summary ] cost=97055.00  Δ_S*=+0.22%  Δ_BKS=+0.47%  Δ_S*_BKS=+0.25%  no_improve=42
23:40:57 | i 26 | [ASYNC 1/2] sp_sc  12.24s / 720.00s / 1.7%  SP  avg_coverage=47.55/5  pool=2636
23:40:57 | i 26 | [ASYNC 2/2] standard_ails  362.26s / 360.00s / 100.6%
23:40:59 | i 34 | [HAOS ROLL] k=10  λ=0.4  vb  ac_avg  filo2  P≈0.000540
23:40:59 | i 34 | [Phase 1/3] decompose  0.09s / — / —  λ=0.4  vb ac_avg
23:41:15 | i 34 | [Phase 2/3] route  16.08s / 10.74s / 149.7%  filo2  k=10
23:41:59 | i 33 | [ ASYNC BG] bg_ails  62.29s / 60.00s / 103.8%
23:41:59 | i 34 | [HAOS ROLL] k=10  λ=0.4  vb  ac_avg  filo2  P≈0.000540
23:41:59 | i 34 | [ Summary ] cost=105476.00  Δ_S*=+8.91%  Δ_BKS=+9.19%  Δ_S*_BKS=+0.25%  no_improve=45
23:41:59 | i 35 | [HAOS ROLL] k=4  λ=0.6  vb  kmeans  pyvrp  P≈0.002587
23:41:59 | i 35 | [Phase 1/3] decompose  0.07s / — / —  λ=0.6  vb kmeans
23:42:21 | i 35 | [Phase 2/3] route  21.62s / 21.18s / 102.1%  pyvrp  k=4
23:43:01 | i 34 | [ ASYNC BG] bg_ails  62.34s / 60.00s / 103.9%
23:43:01 | i 35 | [HAOS ROLL] k=4  λ=0.6  vb  kmeans  pyvrp  P≈0.002587
23:43:01 | i 35 | [ Summary ] cost=99708.00  Δ_S*=+2.96%  Δ_BKS=+3.21%  Δ_S*_BKS=+0.25%  no_improve=47
23:43:01 | i 36 | [HAOS ROLL] k=4  λ=0.8  vb  kmeans  pyvrp  P≈0.004494
23:43:01 | i 36 | [Phase 1/3] decompose  0.07s / — / —  λ=0.8  vb kmeans
23:43:23 | i 36 | [Phase 2/3] route  21.50s / 21.06s / 102.1%  pyvrp  k=4
23:44:04 | i 35 | [ ASYNC BG] bg_ails  62.34s / 60.00s / 103.9%
23:44:04 | i 36 | [HAOS ROLL] k=4  λ=0.8  vb  kmeans  pyvrp  P≈0.004494
23:44:04 | i 36 | [ Summary ] cost=99494.00  Δ_S*=+2.74%  Δ_BKS=+2.99%  Δ_S*_BKS=+0.25%  no_improve=49
23:44:04 | i 37 | [HAOS ROLL] k=8  λ=1.0  rb  ac_complete  pyvrp  P≈0.000586
23:44:04 | i 37 | [Phase 1/3] decompose  0.07s / — / —  λ=1.0  rb ac_complete
23:44:19 | i 37 | [Phase 2/3] route  15.13s / 13.98s / 108.2%  pyvrp  k=8
23:45:06 | i 36 | [ ASYNC BG] bg_ails  62.32s / 60.00s / 103.9%
23:45:06 | i 37 | [HAOS ROLL] k=8  λ=1.0  rb  ac_complete  pyvrp  P≈0.000586
23:45:06 | i 37 | [ Summary ] cost=97153.00  Δ_S*=+0.32%  Δ_BKS=+0.57%  Δ_S*_BKS=+0.25%  no_improve=51
23:45:06 | i 38 | [HAOS ROLL] k=12  λ=1.0  rb  ac_complete  pyvrp  P≈0.000783
23:45:06 | i 38 | [Phase 1/3] decompose  0.07s / — / —  λ=1.0  rb ac_complete
23:45:21 | i 38 | [Phase 2/3] route  14.79s / 9.60s / 154.1%  pyvrp  k=12
23:46:08 | i 37 | [ ASYNC BG] bg_ails  62.38s / 60.00s / 104.0%
23:46:08 | i 38 | [HAOS ROLL] k=12  λ=1.0  rb  ac_complete  pyvrp  P≈0.000783
23:46:08 | i 38 | [ Summary ] cost=97016.00  Δ_S*=+0.18%  Δ_BKS=+0.43%  Δ_S*_BKS=+0.25%  no_improve=53
23:46:08 | i 39 | [HAOS ROLL] k=12  λ=0.8  vb  kmeans  filo2  P≈0.002567
23:46:09 | i 39 | [Phase 1/3] decompose  0.07s / — / —  λ=0.8  vb kmeans
23:46:24 | i 39 | [Phase 2/3] route  15.08s / 9.24s / 163.2%  filo2  k=12
23:47:11 | i 38 | [ ASYNC BG] bg_ails  62.38s / 60.00s / 104.0%
23:47:11 | i 39 | [HAOS ROLL] k=12  λ=0.8  vb  kmeans  filo2  P≈0.002567
23:47:11 | i 39 | [ Summary ] cost=106844.00  Δ_S*=+10.33%  Δ_BKS=+10.60%  Δ_S*_BKS=+0.25%  no_improve=55
23:47:11 | i 40 | [HAOS ROLL] k=12  λ=0.0  vb  fcm  filo  P≈0.000170
23:47:11 | i 40 | [Phase 1/3] decompose  0.13s / — / —  λ=0.0  vb fcm
23:47:24 | i 40 | [Phase 2/3] route  13.08s / 7.26s / 180.2%  filo  k=12
23:48:13 | i 39 | [ ASYNC BG] bg_ails  62.29s / 60.00s / 103.8%
23:48:13 | i 40 | [HAOS ROLL] k=12  λ=0.0  vb  fcm  filo  P≈0.000170
23:48:13 | i 40 | [ Summary ] cost=106345.00  Δ_S*=+9.81%  Δ_BKS=+10.08%  Δ_S*_BKS=+0.25%  no_improve=57
23:48:13 | i 41 | [HAOS ROLL] k=4  λ=0.6  vb  fcm  filo2  P≈0.001026
23:48:13 | i 41 | [Phase 1/3] decompose  0.08s / — / —  λ=0.6  vb fcm
23:48:33 | i 41 | [Phase 2/3] route  20.07s / 19.98s / 100.5%  filo2  k=4
23:49:15 | i 40 | [ ASYNC BG] bg_ails  62.29s / 60.00s / 103.8%
23:49:15 | i 41 | [HAOS ROLL] k=4  λ=0.6  vb  fcm  filo2  P≈0.001026
23:49:15 | i 41 | [ Summary ] cost=99260.00  Δ_S*=+2.49%  Δ_BKS=+2.75%  Δ_S*_BKS=+0.25%  no_improve=59
23:49:15 | i 42 | [HAOS ROLL] k=12  λ=1.0  vb  kmeans  filo2  P≈0.002971
23:49:16 | i 42 | [Phase 1/3] decompose  0.07s / — / —  λ=1.0  vb kmeans
23:49:30 | i 42 | [Phase 2/3] route  14.09s / 7.80s / 180.6%  filo2  k=12
23:50:18 | i 41 | [ ASYNC BG] bg_ails  62.36s / 60.00s / 103.9%
23:50:18 | i 42 | [HAOS ROLL] k=12  λ=1.0  vb  kmeans  filo2  P≈0.002971
23:50:18 | i 42 | [ Summary ] cost=103756.00  Δ_S*=+7.14%  Δ_BKS=+7.40%  Δ_S*_BKS=+0.25%  no_improve=61
23:50:18 | i 43 | [HAOS ROLL] k=6  λ=0.4  vb  ac_complete  filo2  P≈0.000221
23:50:18 | i 43 | [Phase 1/3] decompose  0.09s / — / —  λ=0.4  vb ac_complete
23:50:33 | i 43 | [Phase 2/3] route  15.07s / 15.06s / 100.1%  filo2  k=6
23:51:20 | i 42 | [ ASYNC BG] bg_ails  62.35s / 60.00s / 103.9%
23:51:20 | i 43 | [HAOS ROLL] k=6  λ=0.4  vb  ac_complete  filo2  P≈0.000221
23:51:20 | i 43 | [ Summary ] cost=99497.00  Δ_S*=+2.74%  Δ_BKS=+3.00%  Δ_S*_BKS=+0.25%  no_improve=63
23:51:20 | i 44 | [HAOS ROLL] k=12  λ=0.6  vb  ac_avg  filo2  P≈0.001408
23:51:20 | i 44 | [Phase 1/3] decompose  0.09s / — / —  λ=0.6  vb ac_avg
23:51:35 | i 44 | [Phase 2/3] route  15.09s / 10.74s / 140.5%  filo2  k=12
23:52:22 | i 43 | [ ASYNC BG] bg_ails  62.27s / 60.00s / 103.8%
23:52:22 | i 44 | [HAOS ROLL] k=12  λ=0.6  vb  ac_avg  filo2  P≈0.001408
23:52:22 | i 44 | [ Summary ] cost=107814.00  Δ_S*=+11.33%  Δ_BKS=+11.61%  Δ_S*_BKS=+0.25%  no_improve=65
23:52:22 | i 45 | [HAOS ROLL] k=10  λ=1.0  rb  ac_avg  pyvrp  P≈0.000721
23:52:23 | i 45 | [Phase 1/3] decompose  0.07s / — / —  λ=1.0  rb ac_avg
23:52:38 | i 45 | [Phase 2/3] route  15.55s / 13.32s / 116.8%  pyvrp  k=10
23:53:25 | i 44 | [ ASYNC BG] bg_ails  62.31s / 60.00s / 103.8%
23:53:25 | i 45 | [HAOS ROLL] k=10  λ=1.0  rb  ac_avg  pyvrp  P≈0.000721
23:53:25 | i 45 | [ Summary ] cost=97153.00  Δ_S*=+0.32%  Δ_BKS=+0.57%  Δ_S*_BKS=+0.25%  no_improve=67
23:53:25 | i 46 | [HAOS ROLL] k=12  λ=0.8  vb  ac_complete  pyvrp  P≈0.002114
23:53:25 | i 46 | [Phase 1/3] decompose  0.09s / — / —  λ=0.8  vb ac_complete
23:53:39 | i 46 | [Phase 2/3] route  14.05s / 8.76s / 160.4%  pyvrp  k=12
23:54:27 | i 45 | [ ASYNC BG] bg_ails  62.23s / 60.00s / 103.7%
23:54:27 | i 46 | [HAOS ROLL] k=12  λ=0.8  vb  ac_complete  pyvrp  P≈0.002114
23:54:27 | i 46 | [ Summary ] cost=104884.00  Δ_S*=+8.30%  Δ_BKS=+8.57%  Δ_S*_BKS=+0.25%  no_improve=69
23:54:27 | i 47 | [HAOS ROLL] k=3  λ=1.0  vb  ac_avg  filo2  P≈0.000957
23:54:27 | i 47 | [Phase 1/3] decompose  0.09s / — / —  λ=1.0  vb ac_avg
23:55:05 | i 47 | [Phase 2/3] route  38.07s / 37.62s / 101.2%  filo2  k=3
23:55:29 | i 46 | [ ASYNC BG] bg_ails  62.34s / 60.00s / 103.9%
23:55:29 | i 47 | [HAOS ROLL] k=3  λ=1.0  vb  ac_avg  filo2  P≈0.000957
23:55:29 | i 47 | [ Summary ] cost=98667.00  Δ_S*=+1.88%  Δ_BKS=+2.14%  Δ_S*_BKS=+0.25%  no_improve=71
23:55:29 | i 48 | [HAOS ROLL] k=2  λ=0.8  vb  ac_avg  pyvrp  P≈0.001404
23:55:29 | i 48 | [Phase 1/3] decompose  0.09s / — / —  λ=0.8  vb ac_avg
23:56:09 | i 48 | [Phase 2/3] route  39.97s / 38.76s / 103.1%  pyvrp  k=2
23:56:32 | i 47 | [ ASYNC BG] bg_ails  62.40s / 60.00s / 104.0%
23:56:32 | i 48 | [HAOS ROLL] k=2  λ=0.8  vb  ac_avg  pyvrp  P≈0.001404
23:56:32 | i 48 | [ Summary ] cost=98544.00  Δ_S*=+1.76%  Δ_BKS=+2.01%  Δ_S*_BKS=+0.25%  no_improve=73
23:56:32 | i 49 | [HAOS ROLL] k=10  λ=0.8  vb  ac_avg  filo2  P≈0.002667
23:56:32 | i 49 | [Phase 1/3] decompose  0.10s / — / —  λ=0.8  vb ac_avg
23:56:48 | i 49 | [Phase 2/3] route  16.09s / 10.74s / 149.8%  filo2  k=10
23:57:34 | i 48 | [ ASYNC BG] bg_ails  62.31s / 60.00s / 103.9%
23:57:34 | i 49 | [HAOS ROLL] k=10  λ=0.8  vb  ac_avg  filo2  P≈0.002667
23:57:34 | i 49 | [ Summary ] cost=105711.00  Δ_S*=+9.16%  Δ_BKS=+9.43%  Δ_S*_BKS=+0.25%  no_improve=75
23:57:34 | i 50 | [HAOS ROLL] k=4  λ=0.8  vb  kmeans  filo  P≈0.001119
23:57:34 | i 50 | [Phase 1/3] decompose  0.07s / — / —  λ=0.8  vb kmeans
23:57:55 | i 50 | [Phase 2/3] route  21.08s / 21.18s / 99.5%  filo  k=4
23:58:36 | i 49 | [ ASYNC BG] bg_ails  62.32s / 60.00s / 103.9%
23:58:36 | i 50 | [HAOS ROLL] k=4  λ=0.8  vb  kmeans  filo  P≈0.001119
23:58:36 | i 50 | [ Summary ] cost=99532.00  Δ_S*=+2.78%  Δ_BKS=+3.03%  Δ_S*_BKS=+0.25%  no_improve=77
23:58:36 | i 51 | [HAOS ROLL] k=10  λ=1.0  rb  ac_avg  filo2  P≈0.001817
23:58:36 | i 51 | [Phase 1/3] decompose  0.07s / — / —  λ=1.0  rb ac_avg
23:58:52 | i 51 | [Phase 2/3] route  15.10s / 13.32s / 113.3%  filo2  k=10
23:59:39 | i 50 | [ ASYNC BG] bg_ails  62.30s / 60.00s / 103.8%
23:59:39 | i 51 | [HAOS ROLL] k=10  λ=1.0  rb  ac_avg  filo2  P≈0.001817
23:59:39 | i 51 | [ Summary ] cost=96926.00  Δ_S*=+0.08%  Δ_BKS=+0.33%  Δ_S*_BKS=+0.25%  no_improve=79
23:59:39 | i 52 | [HAOS ROLL] k=2  λ=0.4  vb  kmedoids  filo2  P≈0.000361
23:59:39 | i 52 | [Phase 1/3] decompose  0.11s / — / —  λ=0.4  vb kmedoids
00:00:16 | i 52 | [Phase 2/3] route  37.08s / 37.32s / 99.4%  filo2  k=2
00:00:41 | i 51 | [ ASYNC BG] bg_ails  62.29s / 60.00s / 103.8%
00:00:41 | i 52 | [HAOS ROLL] k=2  λ=0.4  vb  kmedoids  filo2  P≈0.000361
00:00:41 | i 52 | [ Summary ] cost=98076.00  Δ_S*=+1.27%  Δ_BKS=+1.52%  Δ_S*_BKS=+0.25%  no_improve=81
00:00:41 | i 53 | [HAOS ROLL] k=12  λ=1.0  vb  kmeans  filo2  P≈0.004814
00:00:41 | i 53 | [Phase 1/3] decompose  0.07s / — / —  λ=1.0  vb kmeans
00:00:55 | i 53 | [Phase 2/3] route  14.09s / 7.14s / 197.3%  filo2  k=12
00:01:43 | i 52 | [ ASYNC BG] bg_ails  62.32s / 60.00s / 103.9%
00:01:43 | i 53 | [HAOS ROLL] k=12  λ=1.0  vb  kmeans  filo2  P≈0.004814
00:01:43 | i 53 | [ Summary ] cost=105505.00  Δ_S*=+8.94%  Δ_BKS=+9.22%  Δ_S*_BKS=+0.25%  no_improve=83
00:01:43 | i 54 | [HAOS ROLL] k=3  λ=0.6  vb  kmedoids  filo2  P≈0.000638
00:01:43 | i 54 | [Phase 1/3] decompose  0.09s / — / —  λ=0.6  vb kmedoids
00:02:11 | i 54 | [Phase 2/3] route  27.08s / 27.30s / 99.2%  filo2  k=3
00:02:46 | i 53 | [ ASYNC BG] bg_ails  62.34s / 60.00s / 103.9%
00:02:46 | i 54 | [HAOS ROLL] k=3  λ=0.6  vb  kmedoids  filo2  P≈0.000638
00:02:46 | i 54 | [ Summary ] cost=99334.00  Δ_S*=+2.57%  Δ_BKS=+2.83%  Δ_S*_BKS=+0.25%  no_improve=85
00:02:46 | i 55 | [HAOS ROLL] k=12  λ=1.0  rb  ac_avg  filo2  P≈0.003095
00:02:46 | i 55 | [Phase 1/3] decompose  0.07s / — / —  λ=1.0  rb ac_avg
00:03:02 | i 55 | [Phase 2/3] route  16.08s / 10.74s / 149.8%  filo2  k=12
00:03:48 | i 54 | [ ASYNC BG] bg_ails  62.31s / 60.00s / 103.9%
00:03:48 | i 55 | [HAOS ROLL] k=12  λ=1.0  rb  ac_avg  filo2  P≈0.003095
00:03:48 | i 55 | [ Summary ] cost=96870.00  Δ_S*=+0.03%  Δ_BKS=+0.28%  Δ_S*_BKS=+0.25%  no_improve=87
00:03:48 | i 56 | [HAOS ROLL] k=12  λ=0.6  vb  kmedoids  filo2  P≈0.002728
00:03:48 | i 56 | [Phase 1/3] decompose  0.09s / — / —  λ=0.6  vb kmedoids
00:04:03 | i 56 | [Phase 2/3] route  15.08s / 8.34s / 180.9%  filo2  k=12
00:04:50 | i 55 | [ ASYNC BG] bg_ails  62.31s / 60.00s / 103.9%
00:04:50 | i 56 | [HAOS ROLL] k=12  λ=0.6  vb  kmedoids  filo2  P≈0.002728
00:04:50 | i 56 | [ Summary ] cost=105314.00  Δ_S*=+8.75%  Δ_BKS=+9.02%  Δ_S*_BKS=+0.25%  no_improve=89
00:04:50 | i 46 | [ASYNC 1/2] sp_sc  253.03s / 720.00s / 35.1%  SP  avg_coverage=81.57/5  pool=4512
00:04:50 | i 46 | [ASYNC 2/2] standard_ails  362.33s / 360.00s / 100.6%
00:04:57 | i 57 | [HAOS ROLL] k=12  λ=0.4  vb  kmeans  pyvrp  P≈0.001756
00:04:57 | i 57 | [Phase 1/3] decompose  0.07s / — / —  λ=0.4  vb kmeans
00:05:11 | i 57 | [Phase 2/3] route  13.68s / 7.44s / 183.9%  pyvrp  k=12
00:05:53 | i 56 | [ ASYNC BG] bg_ails  62.34s / 60.00s / 103.9%
00:05:53 | i 57 | [HAOS ROLL] k=12  λ=0.4  vb  kmeans  pyvrp  P≈0.001756
00:05:53 | i 57 | [ Summary ] cost=105931.00  Δ_S*=+9.38%  Δ_BKS=+9.66%  Δ_S*_BKS=+0.25%  no_improve=92
00:05:53 | i 58 | [HAOS ROLL] k=2  λ=0.0  rb  kmeans  filo2  P≈0.000564
00:05:53 | i 58 | [Phase 1/3] decompose  0.05s / — / —  λ=0.0  rb kmeans
00:06:40 | i 58 | [Phase 2/3] route  47.09s / 46.62s / 101.0%  filo2  k=2
00:06:55 | i 57 | [ ASYNC BG] bg_ails  62.31s / 60.00s / 103.9%
00:06:55 | i 58 | [HAOS ROLL] k=2  λ=0.0  rb  kmeans  filo2  P≈0.000564
00:06:55 | i 58 | [ Summary ] cost=97347.00  Δ_S*=+0.52%  Δ_BKS=+0.77%  Δ_S*_BKS=+0.25%  no_improve=94
00:06:55 | i 59 | [HAOS ROLL] k=12  λ=1.0  vb  kmedoids  ails2  P≈0.000983
00:06:55 | i 59 | [Phase 1/3] decompose  0.09s / — / —  λ=1.0  vb kmedoids
00:07:13 | i 59 | [Phase 2/3] route  17.54s / 8.28s / 211.9%  ails2  k=12
00:07:57 | i 58 | [ ASYNC BG] bg_ails  62.29s / 60.00s / 103.8%
00:07:57 | i 59 | [HAOS ROLL] k=12  λ=1.0  vb  kmedoids  ails2  P≈0.000983
00:07:57 | i 59 | [ Summary ] cost=108079.00  Δ_S*=+11.60%  Δ_BKS=+11.88%  Δ_S*_BKS=+0.25%  no_improve=96
00:07:57 | i 60 | [HAOS ROLL] k=10  λ=1.0  vb  ac_avg  filo2  P≈0.003969
00:07:57 | i 60 | [Phase 1/3] decompose  0.09s / — / —  λ=1.0  vb ac_avg
00:08:14 | i 60 | [Phase 2/3] route  16.09s / 12.84s / 125.3%  filo2  k=10
00:09:00 | i 59 | [ ASYNC BG] bg_ails  62.27s / 60.00s / 103.8%
00:09:00 | i 60 | [HAOS ROLL] k=10  λ=1.0  vb  ac_avg  filo2  P≈0.003969
00:09:00 | i 60 | [ Summary ] cost=106076.00  Δ_S*=+9.53%  Δ_BKS=+9.81%  Δ_S*_BKS=+0.25%  no_improve=98
00:09:00 | i 61 | [HAOS ROLL] k=2  λ=0.8  vb  kmeans  filo  P≈0.000944
00:09:00 | i 61 | [Phase 1/3] decompose  0.07s / — / —  λ=0.8  vb kmeans
00:09:38 | i 61 | [Phase 2/3] route  38.08s / 37.68s / 101.1%  filo  k=2
00:10:02 | i 60 | [ ASYNC BG] bg_ails  62.36s / 60.00s / 103.9%
00:10:02 | i 61 | [HAOS ROLL] k=2  λ=0.8  vb  kmeans  filo  P≈0.000944
00:10:02 | i 61 | [ Summary ] cost=98335.00  Δ_S*=+1.54%  Δ_BKS=+1.79%  Δ_S*_BKS=+0.25%  no_improve=100
00:10:02 | i 62 | [HAOS ROLL] k=6  λ=0.6  vb  kmeans  ails2  P≈0.000355
00:10:02 | i 62 | [Phase 1/3] decompose  0.14s / — / —  λ=0.6  vb kmeans
00:10:19 | i 62 | [Phase 2/3] route  16.41s / 15.06s / 108.9%  ails2  k=6
00:11:04 | i 61 | [ ASYNC BG] bg_ails  62.34s / 60.00s / 103.9%
00:11:04 | i 62 | [HAOS ROLL] k=6  λ=0.6  vb  kmeans  ails2  P≈0.000355
00:11:04 | i 62 | [ Summary ] cost=101990.00  Δ_S*=+5.31%  Δ_BKS=+5.58%  Δ_S*_BKS=+0.25%  no_improve=102
00:11:04 | i 63 | [HAOS ROLL] k=2  λ=0.8  vb  kmedoids  filo2  P≈0.003393
00:11:04 | i 63 | [Phase 1/3] decompose  0.09s / — / —  λ=0.8  vb kmedoids
00:11:44 | i 63 | [Phase 2/3] route  39.09s / 38.76s / 100.8%  filo2  k=2
00:12:07 | i 62 | [ ASYNC BG] bg_ails  62.30s / 60.00s / 103.8%
00:12:07 | i 63 | [HAOS ROLL] k=2  λ=0.8  vb  kmedoids  filo2  P≈0.003393
00:12:07 | i 63 | [ Summary ] cost=98836.00  Δ_S*=+2.06%  Δ_BKS=+2.31%  Δ_S*_BKS=+0.25%  no_improve=104
00:12:07 | i 64 | [HAOS ROLL] k=6  λ=0.6  vb  kmeans  ails2  P≈0.000875
00:12:07 | i 64 | [Phase 1/3] decompose  0.07s / — / —  λ=0.6  vb kmeans
00:12:23 | i 64 | [Phase 2/3] route  16.38s / 15.24s / 107.5%  ails2  k=6
00:13:09 | i 63 | [ ASYNC BG] bg_ails  62.32s / 60.00s / 103.9%
00:13:09 | i 64 | [HAOS ROLL] k=6  λ=0.6  vb  kmeans  ails2  P≈0.000875
00:13:09 | i 64 | [ Summary ] cost=100244.00  Δ_S*=+3.51%  Δ_BKS=+3.77%  Δ_S*_BKS=+0.25%  no_improve=106
00:13:09 | i 65 | [HAOS ROLL] k=6  λ=1.0  vb  ac_complete  filo2  P≈0.001343
00:13:09 | i 65 | [Phase 1/3] decompose  0.09s / — / —  λ=1.0  vb ac_complete
00:13:28 | i 65 | [Phase 2/3] route  19.07s / 19.38s / 98.4%  filo2  k=6
00:14:11 | i 64 | [ ASYNC BG] bg_ails  62.25s / 60.00s / 103.7%
00:14:11 | i 65 | [HAOS ROLL] k=6  λ=1.0  vb  ac_complete  filo2  P≈0.001343
00:14:11 | i 65 | [ Summary ] cost=99109.00  Δ_S*=+2.34%  Δ_BKS=+2.59%  Δ_S*_BKS=+0.25%  no_improve=108
00:14:11 | i 66 | [HAOS ROLL] k=10  λ=0.6  rb  ac_avg  filo2  P≈0.001520
00:14:11 | i 66 | [Phase 1/3] decompose  0.07s / — / —  λ=0.6  rb ac_avg
00:14:26 | i 66 | [Phase 2/3] route  15.08s / 13.32s / 113.2%  filo2  k=10
00:15:13 | i 65 | [ ASYNC BG] bg_ails  62.33s / 60.00s / 103.9%
00:15:14 | i 66 | [HAOS ROLL] k=10  λ=0.6  rb  ac_avg  filo2  P≈0.001520
00:15:14 | i 66 | [ Summary ] cost=96918.00  Δ_S*=+0.08%  Δ_BKS=+0.33%  Δ_S*_BKS=+0.25%  no_improve=110
00:15:14 | i 67 | [HAOS ROLL] k=2  λ=0.2  vb  kmedoids  filo  P≈0.000283
00:15:14 | i 67 | [Phase 1/3] decompose  0.08s / — / —  λ=0.2  vb kmedoids
00:15:51 | i 67 | [Phase 2/3] route  37.08s / 37.26s / 99.5%  filo  k=2
00:16:16 | i 66 | [ ASYNC BG] bg_ails  62.37s / 60.00s / 103.9%
00:16:16 | i 67 | [HAOS ROLL] k=2  λ=0.2  vb  kmedoids  filo  P≈0.000283
00:16:16 | i 67 | [ Summary ] cost=98354.00  Δ_S*=+1.56%  Δ_BKS=+1.81%  Δ_S*_BKS=+0.25%  no_improve=112
00:16:16 | i 68 | [HAOS ROLL] k=4  λ=0.8  vb  fcm  ails2  P≈0.000278
00:16:16 | i 68 | [Phase 1/3] decompose  0.08s / — / —  λ=0.8  vb fcm
00:16:36 | i 68 | [Phase 2/3] route  20.30s / 19.98s / 101.6%  ails2  k=4
00:17:18 | i 67 | [ ASYNC BG] bg_ails  62.33s / 60.00s / 103.9%
00:17:18 | i 68 | [HAOS ROLL] k=4  λ=0.8  vb  fcm  ails2  P≈0.000278
00:17:18 | i 68 | [ Summary ] cost=99069.00  Δ_S*=+2.30%  Δ_BKS=+2.55%  Δ_S*_BKS=+0.25%  no_improve=114
00:17:18 | i 69 | [HAOS ROLL] k=8  λ=0.8  vb  ac_complete  ails2  P≈0.000348
00:17:18 | i 69 | [Phase 1/3] decompose  0.10s / — / —  λ=0.8  vb ac_complete
00:17:36 | i 69 | [Phase 2/3] route  17.50s / 14.22s / 123.0%  ails2  k=8
00:18:21 | i 68 | [ ASYNC BG] bg_ails  62.31s / 60.00s / 103.9%
00:18:21 | i 69 | [HAOS ROLL] k=8  λ=0.8  vb  ac_complete  ails2  P≈0.000348
00:18:21 | i 69 | [ Summary ] cost=103697.00  Δ_S*=+7.08%  Δ_BKS=+7.34%  Δ_S*_BKS=+0.25%  no_improve=116
00:18:21 | i 70 | [HAOS ROLL] k=12  λ=1.0  rb  ac_avg  filo2  P≈0.002183
00:18:21 | i 70 | [Phase 1/3] decompose  0.07s / — / —  λ=1.0  rb ac_avg
00:18:37 | i 70 | [Phase 2/3] route  16.09s / 10.74s / 149.8%  filo2  k=12
00:19:23 | i 69 | [ ASYNC BG] bg_ails  62.36s / 60.00s / 103.9%
00:19:23 | i 70 | [HAOS ROLL] k=12  λ=1.0  rb  ac_avg  filo2  P≈0.002183
00:19:23 | i 70 | [ Summary ] cost=96909.00  Δ_S*=+0.07%  Δ_BKS=+0.32%  Δ_S*_BKS=+0.25%  no_improve=118
00:19:23 | i 71 | [HAOS ROLL] k=10  λ=0.0  rb  ac_avg  pyvrp  P≈0.000262
00:19:23 | i 71 | [Phase 1/3] decompose  0.05s / — / —  λ=0.0  rb ac_avg
00:19:39 | i 71 | [Phase 2/3] route  15.58s / 13.32s / 117.0%  pyvrp  k=10
00:20:25 | i 70 | [ ASYNC BG] bg_ails  62.38s / 60.00s / 104.0%
00:20:25 | i 71 | [HAOS ROLL] k=10  λ=0.0  rb  ac_avg  pyvrp  P≈0.000262
00:20:25 | i 71 | [ Summary ] cost=97047.00  Δ_S*=+0.21%  Δ_BKS=+0.46%  Δ_S*_BKS=+0.25%  no_improve=120
00:20:25 | i 72 | [HAOS ROLL] k=2  λ=0.8  vb  ac_avg  filo2  P≈0.002426
00:20:25 | i 72 | [Phase 1/3] decompose  0.10s / — / —  λ=0.8  vb ac_avg
00:21:05 | i 72 | [Phase 2/3] route  39.09s / 38.76s / 100.8%  filo2  k=2
00:21:28 | i 71 | [ ASYNC BG] bg_ails  62.35s / 60.00s / 103.9%
00:21:28 | i 72 | [HAOS ROLL] k=2  λ=0.8  vb  ac_avg  filo2  P≈0.002426
00:21:28 | i 72 | [ Summary ] cost=97901.00  Δ_S*=+1.09%  Δ_BKS=+1.34%  Δ_S*_BKS=+0.25%  no_improve=122
00:21:28 | i 73 | [HAOS ROLL] k=12  λ=0.4  vb  kmedoids  filo2  P≈0.001169
00:21:28 | i 73 | [Phase 1/3] decompose  0.09s / — / —  λ=0.4  vb kmedoids
00:21:43 | i 73 | [Phase 2/3] route  15.08s / 7.74s / 194.8%  filo2  k=12
00:22:30 | i 72 | [ ASYNC BG] bg_ails  62.31s / 60.00s / 103.8%
00:22:30 | i 73 | [HAOS ROLL] k=12  λ=0.4  vb  kmedoids  filo2  P≈0.001169
00:22:30 | i 73 | [ Summary ] cost=103496.00  Δ_S*=+6.87%  Δ_BKS=+7.14%  Δ_S*_BKS=+0.25%  no_improve=124
00:22:30 | i 74 | [HAOS ROLL] k=12  λ=0.8  vb  ac_complete  filo2  P≈0.003111
00:22:30 | i 74 | [Phase 1/3] decompose  0.09s / — / —  λ=0.8  vb ac_complete
00:22:44 | i 74 | [Phase 2/3] route  14.09s / 8.76s / 160.9%  filo2  k=12
00:23:32 | i 73 | [ ASYNC BG] bg_ails  62.36s / 60.00s / 103.9%
00:23:32 | i 74 | [HAOS ROLL] k=12  λ=0.8  vb  ac_complete  filo2  P≈0.003111
00:23:32 | i 74 | [ Summary ] cost=104643.00  Δ_S*=+8.05%  Δ_BKS=+8.32%  Δ_S*_BKS=+0.25%  no_improve=126
00:23:32 | i 75 | [HAOS ROLL] k=12  λ=0.0  vb  kmeans  filo  P≈0.000544
00:23:32 | i 75 | [Phase 1/3] decompose  0.05s / — / —  λ=0.0  vb kmeans
00:23:46 | i 75 | [Phase 2/3] route  13.08s / 7.26s / 180.2%  filo  k=12
00:24:35 | i 74 | [ ASYNC BG] bg_ails  62.28s / 60.00s / 103.8%
00:24:35 | i 75 | [HAOS ROLL] k=12  λ=0.0  vb  kmeans  filo  P≈0.000544
00:24:35 | i 75 | [ Summary ] cost=107189.00  Δ_S*=+10.68%  Δ_BKS=+10.96%  Δ_S*_BKS=+0.25%  no_improve=128
00:24:35 | i 76 | [HAOS ROLL] k=12  λ=0.4  vb  ac_avg  ails2  P≈0.000754
00:24:35 | i 76 | [Phase 1/3] decompose  0.09s / — / —  λ=0.4  vb ac_avg
00:24:52 | i 76 | [Phase 2/3] route  17.61s / 10.74s / 164.0%  ails2  k=12
00:25:37 | i 75 | [ ASYNC BG] bg_ails  62.31s / 60.00s / 103.8%
00:25:37 | i 76 | [HAOS ROLL] k=12  λ=0.4  vb  ac_avg  ails2  P≈0.000754
00:25:37 | i 76 | [ Summary ] cost=107715.00  Δ_S*=+11.23%  Δ_BKS=+11.50%  Δ_S*_BKS=+0.25%  no_improve=130
00:25:37 | i 77 | [HAOS ROLL] k=2  λ=1.0  vb  ac_avg  filo2  P≈0.002798
00:25:37 | i 77 | [Phase 1/3] decompose  0.10s / — / —  λ=1.0  vb ac_avg
00:26:15 | i 77 | [Phase 2/3] route  38.09s / 37.62s / 101.2%  filo2  k=2
00:26:39 | i 76 | [ ASYNC BG] bg_ails  62.33s / 60.00s / 103.9%
00:26:39 | i 77 | [HAOS ROLL] k=2  λ=1.0  vb  ac_avg  filo2  P≈0.002798
00:26:39 | i 77 | [ Summary ] cost=98645.00  Δ_S*=+1.86%  Δ_BKS=+2.11%  Δ_S*_BKS=+0.25%  no_improve=132
00:26:39 | i 78 | [HAOS ROLL] k=3  λ=0.0  rb  ac_complete  ails2  P≈0.000161
00:26:39 | i 78 | [Phase 1/3] decompose  0.05s / — / —  λ=0.0  rb ac_complete
00:27:14 | i 78 | [Phase 2/3] route  34.38s / 33.18s / 103.6%  ails2  k=3
00:27:42 | i 77 | [ ASYNC BG] bg_ails  62.29s / 60.00s / 103.8%
00:27:42 | i 78 | [HAOS ROLL] k=3  λ=0.0  rb  ac_complete  ails2  P≈0.000161
00:27:42 | i 78 | [ Summary ] cost=96968.00  Δ_S*=+0.13%  Δ_BKS=+0.38%  Δ_S*_BKS=+0.25%  no_improve=134
00:27:42 | i 79 | [HAOS ROLL] k=12  λ=0.6  rb  kmeans  filo  P≈0.000304
00:27:42 | i 79 | [Phase 1/3] decompose  0.07s / — / —  λ=0.6  rb kmeans
00:27:58 | i 79 | [Phase 2/3] route  16.09s / 9.00s / 178.7%  filo  k=12
00:28:44 | i 78 | [ ASYNC BG] bg_ails  62.33s / 60.00s / 103.9%
00:28:44 | i 79 | [HAOS ROLL] k=12  λ=0.6  rb  kmeans  filo  P≈0.000304
00:28:44 | i 79 | [ Summary ] cost=97013.00  Δ_S*=+0.17%  Δ_BKS=+0.42%  Δ_S*_BKS=+0.25%  no_improve=136
00:28:44 | i 80 | [HAOS ROLL] k=12  λ=1.0  vb  ac_avg  filo2  P≈0.005794
00:28:44 | i 80 | [Phase 1/3] decompose  0.09s / — / —  λ=1.0  vb ac_avg
00:28:59 | i 80 | [Phase 2/3] route  15.10s / 11.58s / 130.4%  filo2  k=12
00:29:46 | i 79 | [ ASYNC BG] bg_ails  62.31s / 60.00s / 103.8%
00:29:46 | i 80 | [HAOS ROLL] k=12  λ=1.0  vb  ac_avg  filo2  P≈0.005794
00:29:46 | i 80 | [ Summary ] cost=107575.00  Δ_S*=+11.08%  Δ_BKS=+11.36%  Δ_S*_BKS=+0.25%  no_improve=138
00:29:46 | i 81 | [HAOS ROLL] k=8  λ=0.8  rb  kmeans  filo  P≈0.000341
00:29:46 | i 81 | [Phase 1/3] decompose  0.07s / — / —  λ=0.8  rb kmeans
00:30:03 | i 81 | [Phase 2/3] route  17.09s / 12.06s / 141.7%  filo  k=8
00:30:49 | i 80 | [ ASYNC BG] bg_ails  62.29s / 60.00s / 103.8%
00:30:49 | i 81 | [HAOS ROLL] k=8  λ=0.8  rb  kmeans  filo  P≈0.000341
00:30:49 | i 81 | [ Summary ] cost=96941.00  Δ_S*=+0.10%  Δ_BKS=+0.35%  Δ_S*_BKS=+0.25%  no_improve=140
00:30:49 | i 82 | [HAOS ROLL] k=3  λ=0.0  vb  ac_avg  filo2  P≈0.001445
00:30:49 | i 82 | [Phase 1/3] decompose  0.07s / — / —  λ=0.0  vb ac_avg
00:31:24 | i 82 | [Phase 2/3] route  35.10s / 35.22s / 99.6%  filo2  k=3
00:31:51 | i 81 | [ ASYNC BG] bg_ails  62.25s / 60.00s / 103.7%
00:31:51 | i 82 | [HAOS ROLL] k=3  λ=0.0  vb  ac_avg  filo2  P≈0.001445
00:31:51 | i 82 | [ Summary ] cost=98977.00  Δ_S*=+2.20%  Δ_BKS=+2.46%  Δ_S*_BKS=+0.25%  no_improve=142
00:31:51 | i 83 | [HAOS ROLL] k=8  λ=0.4  vb  kmeans  filo2  P≈0.001036
00:31:51 | i 83 | [Phase 1/3] decompose  0.06s / — / —  λ=0.4  vb kmeans
00:32:08 | i 83 | [Phase 2/3] route  17.09s / 10.62s / 160.9%  filo2  k=8
00:32:53 | i 82 | [ ASYNC BG] bg_ails  62.22s / 60.00s / 103.7%
00:32:53 | i 83 | [HAOS ROLL] k=8  λ=0.4  vb  kmeans  filo2  P≈0.001036
00:32:53 | i 83 | [ Summary ] cost=102514.00  Δ_S*=+5.85%  Δ_BKS=+6.12%  Δ_S*_BKS=+0.25%  no_improve=144
00:32:53 | i 84 | [HAOS ROLL] k=8  λ=0.2  rb  kmeans  filo2  P≈0.000653
00:32:53 | i 84 | [Phase 1/3] decompose  0.07s / — / —  λ=0.2  rb kmeans
00:33:10 | i 84 | [Phase 2/3] route  17.09s / 12.00s / 142.4%  filo2  k=8
00:33:55 | i 83 | [ ASYNC BG] bg_ails  62.37s / 60.00s / 104.0%
00:33:55 | i 84 | [HAOS ROLL] k=8  λ=0.2  rb  kmeans  filo2  P≈0.000653
00:33:55 | i 84 | [ Summary ] cost=96899.00  Δ_S*=+0.06%  Δ_BKS=+0.31%  Δ_S*_BKS=+0.25%  no_improve=146
00:33:56 | i 66 | [ASYNC 1/2] sp_sc  727.40s / 720.00s / 101.0%  SP  avg_coverage=114.27/5  pool=6316
00:33:56 | i 66 | [ASYNC 2/2] standard_ails  362.18s / 360.00s / 100.6%
00:34:09 | i 85 | [HAOS ROLL] k=10  λ=0.0  vb  ac_avg  pyvrp  P≈0.000384
00:34:09 | i 85 | [Phase 1/3] decompose  0.07s / — / —  λ=0.0  vb ac_avg
00:34:26 | i 85 | [Phase 2/3] route  16.53s / 10.74s / 153.9%  pyvrp  k=10
00:34:58 | i 84 | [ ASYNC BG] bg_ails  62.30s / 60.00s / 103.8%
00:34:58 | i 85 | [HAOS ROLL] k=10  λ=0.0  vb  ac_avg  pyvrp  P≈0.000384
00:34:58 | i 85 | [ Summary ] cost=105708.00  Δ_S*=+9.15%  Δ_BKS=+9.43%  Δ_S*_BKS=+0.25%  no_improve=149
00:34:58 | i 86 | [HAOS ROLL] k=12  λ=0.0  vb  fcm  filo  P≈0.000717
00:34:58 | i 86 | [Phase 1/3] decompose  0.13s / — / —  λ=0.0  vb fcm
00:35:12 | i 86 | [Phase 2/3] route  14.09s / 7.26s / 194.0%  filo  k=12
00:36:00 | i 85 | [ ASYNC BG] bg_ails  62.19s / 60.00s / 103.7%
00:36:00 | i 86 | [HAOS ROLL] k=12  λ=0.0  vb  fcm  filo  P≈0.000717
00:36:00 | i 86 | [ Summary ] cost=106359.00  Δ_S*=+9.83%  Δ_BKS=+10.10%  Δ_S*_BKS=+0.25%  no_improve=151
00:36:00 | i 87 | [HAOS ROLL] k=3  λ=0.6  vb  ac_avg  filo2  P≈0.001775
00:36:00 | i 87 | [Phase 1/3] decompose  0.09s / — / —  λ=0.6  vb ac_avg
00:36:35 | i 87 | [Phase 2/3] route  35.10s / 35.22s / 99.7%  filo2  k=3
00:37:02 | i 86 | [ ASYNC BG] bg_ails  62.25s / 60.00s / 103.7%
00:37:02 | i 87 | [HAOS ROLL] k=3  λ=0.6  vb  ac_avg  filo2  P≈0.001775
00:37:02 | i 87 | [ Summary ] cost=99023.00  Δ_S*=+2.25%  Δ_BKS=+2.51%  Δ_S*_BKS=+0.25%  no_improve=153
00:37:02 | i 88 | [HAOS ROLL] k=12  λ=0.0  vb  ac_avg  filo  P≈0.003268
00:37:02 | i 88 | [Phase 1/3] decompose  0.08s / — / —  λ=0.0  vb ac_avg
00:37:17 | i 88 | [Phase 2/3] route  15.10s / 10.74s / 140.6%  filo  k=12
00:38:04 | i 87 | [ ASYNC BG] bg_ails  62.30s / 60.00s / 103.8%
00:38:04 | i 88 | [HAOS ROLL] k=12  λ=0.0  vb  ac_avg  filo  P≈0.003268
00:38:05 | i 88 | [ Summary ] cost=107760.00  Δ_S*=+11.27%  Δ_BKS=+11.55%  Δ_S*_BKS=+0.25%  no_improve=155
00:38:05 | i 89 | [HAOS ROLL] k=3  λ=0.0  vb  ac_avg  filo  P≈0.001928
00:38:05 | i 89 | [Phase 1/3] decompose  0.08s / — / —  λ=0.0  vb ac_avg
00:38:40 | i 89 | [Phase 2/3] route  35.10s / 35.22s / 99.7%  filo  k=3
00:39:07 | i 88 | [ ASYNC BG] bg_ails  62.32s / 60.00s / 103.9%
00:39:07 | i 89 | [HAOS ROLL] k=3  λ=0.0  vb  ac_avg  filo  P≈0.001928
00:39:07 | i 89 | [ Summary ] cost=99136.00  Δ_S*=+2.37%  Δ_BKS=+2.62%  Δ_S*_BKS=+0.25%  no_improve=157
00:39:07 | i 90 | [HAOS ROLL] k=4  λ=0.6  vb  fcm  filo2  P≈0.000702
00:39:07 | i 90 | [Phase 1/3] decompose  0.08s / — / —  λ=0.6  vb fcm
00:39:27 | i 90 | [Phase 2/3] route  20.09s / 19.98s / 100.5%  filo2  k=4
00:40:09 | i 89 | [ ASYNC BG] bg_ails  62.28s / 60.00s / 103.8%
00:40:09 | i 90 | [HAOS ROLL] k=4  λ=0.6  vb  fcm  filo2  P≈0.000702
00:40:09 | i 90 | [ Summary ] cost=99260.00  Δ_S*=+2.49%  Δ_BKS=+2.75%  Δ_S*_BKS=+0.25%  no_improve=159
00:40:09 | i 91 | [HAOS ROLL] k=8  λ=1.0  vb  ac_complete  filo2  P≈0.000988
00:40:09 | i 91 | [Phase 1/3] decompose  0.09s / — / —  λ=1.0  vb ac_complete
00:40:26 | i 91 | [Phase 2/3] route  17.09s / 13.14s / 130.0%  filo2  k=8
00:41:11 | i 90 | [ ASYNC BG] bg_ails  62.33s / 60.00s / 103.9%
00:41:11 | i 91 | [HAOS ROLL] k=8  λ=1.0  vb  ac_complete  filo2  P≈0.000988
00:41:12 | i 91 | [ Summary ] cost=101280.00  Δ_S*=+4.58%  Δ_BKS=+4.84%  Δ_S*_BKS=+0.25%  no_improve=161
00:41:12 | i 92 | [HAOS ROLL] k=4  λ=0.2  vb  fcm  filo2  P≈0.000821
00:41:12 | i 92 | [Phase 1/3] decompose  0.09s / — / —  λ=0.2  vb fcm
00:41:32 | i 92 | [Phase 2/3] route  20.09s / 19.98s / 100.5%  filo2  k=4
00:42:14 | i 91 | [ ASYNC BG] bg_ails  62.36s / 60.00s / 103.9%
00:42:14 | i 92 | [HAOS ROLL] k=4  λ=0.2  vb  fcm  filo2  P≈0.000821
00:42:14 | i 92 | [ Summary ] cost=100689.00  Δ_S*=+3.97%  Δ_BKS=+4.23%  Δ_S*_BKS=+0.25%  no_improve=163
00:42:14 | i 93 | [HAOS ROLL] k=12  λ=1.0  vb  kmedoids  filo  P≈0.001125
00:42:14 | i 93 | [Phase 1/3] decompose  0.09s / — / —  λ=1.0  vb kmedoids
00:42:29 | i 93 | [Phase 2/3] route  15.09s / 8.28s / 182.2%  filo  k=12
00:43:16 | i 92 | [ ASYNC BG] bg_ails  62.35s / 60.00s / 103.9%
00:43:16 | i 93 | [HAOS ROLL] k=12  λ=1.0  vb  kmedoids  filo  P≈0.001125
00:43:16 | i 93 | [ Summary ] cost=108105.00  Δ_S*=+11.63%  Δ_BKS=+11.91%  Δ_S*_BKS=+0.25%  no_improve=165
00:43:16 | i 94 | [HAOS ROLL] k=8  λ=0.0  rb  ac_avg  filo2  P≈0.001396
00:43:16 | i 94 | [Phase 1/3] decompose  0.05s / — / —  λ=0.0  rb ac_avg
00:43:31 | i 94 | [Phase 2/3] route  15.09s / 13.32s / 113.3%  filo2  k=8
00:44:18 | i 93 | [ ASYNC BG] bg_ails  62.25s / 60.00s / 103.7%
00:44:18 | i 94 | [HAOS ROLL] k=8  λ=0.0  rb  ac_avg  filo2  P≈0.001396
00:44:19 | i 94 | [ Summary ] cost=97044.00  Δ_S*=+0.21%  Δ_BKS=+0.46%  Δ_S*_BKS=+0.25%  no_improve=167
00:44:19 | i 95 | [HAOS ROLL] k=3  λ=0.4  vb  kmedoids  pyvrp  P≈0.000162
00:44:19 | i 95 | [Phase 1/3] decompose  0.11s / — / —  λ=0.4  vb kmedoids
00:44:50 | i 95 | [Phase 2/3] route  31.05s / 30.18s / 102.9%  pyvrp  k=3
00:45:21 | i 94 | [ ASYNC BG] bg_ails  62.38s / 60.00s / 104.0%
00:45:21 | i 95 | [HAOS ROLL] k=3  λ=0.4  vb  kmedoids  pyvrp  P≈0.000162
00:45:21 | i 95 | [ Summary ] cost=98499.00  Δ_S*=+1.71%  Δ_BKS=+1.96%  Δ_S*_BKS=+0.25%  no_improve=169
00:45:21 | i 96 | [HAOS ROLL] k=4  λ=0.0  vb  fcm  filo2  P≈0.003162
00:45:21 | i 96 | [Phase 1/3] decompose  0.06s / — / —  λ=0.0  vb fcm
00:45:41 | i 96 | [Phase 2/3] route  20.07s / 19.98s / 100.5%  filo2  k=4
00:46:23 | i 95 | [ ASYNC BG] bg_ails  62.30s / 60.00s / 103.8%
00:46:23 | i 96 | [HAOS ROLL] k=4  λ=0.0  vb  fcm  filo2  P≈0.003162
00:46:23 | i 96 | [ Summary ] cost=99301.00  Δ_S*=+2.54%  Δ_BKS=+2.79%  Δ_S*_BKS=+0.25%  no_improve=171
00:46:23 | i 97 | [HAOS ROLL] k=3  λ=0.4  vb  ac_complete  ails2  P≈0.000255
00:46:23 | i 97 | [Phase 1/3] decompose  0.09s / — / —  λ=0.4  vb ac_complete
00:46:55 | i 97 | [Phase 2/3] route  31.36s / 30.54s / 102.7%  ails2  k=3
00:47:25 | i 96 | [ ASYNC BG] bg_ails  62.24s / 60.00s / 103.7%
00:47:25 | i 97 | [HAOS ROLL] k=3  λ=0.4  vb  ac_complete  ails2  P≈0.000255
00:47:26 | i 97 | [ Summary ] cost=99034.00  Δ_S*=+2.26%  Δ_BKS=+2.52%  Δ_S*_BKS=+0.25%  no_improve=173
00:47:26 | i 98 | [HAOS ROLL] k=6  λ=0.6  vb  kmedoids  filo2  P≈0.000960
00:47:26 | i 98 | [Phase 1/3] decompose  0.10s / — / —  λ=0.6  vb kmedoids
00:47:41 | i 98 | [Phase 2/3] route  15.10s / 14.76s / 102.3%  filo2  k=6
00:48:28 | i 97 | [ ASYNC BG] bg_ails  62.24s / 60.00s / 103.7%
00:48:28 | i 98 | [HAOS ROLL] k=6  λ=0.6  vb  kmedoids  filo2  P≈0.000960
00:48:28 | i 98 | [ Summary ] cost=98784.00  Δ_S*=+2.00%  Δ_BKS=+2.26%  Δ_S*_BKS=+0.25%  no_improve=175
00:48:28 | i 99 | [HAOS ROLL] k=3  λ=0.4  vb  ac_complete  pyvrp  P≈0.000587
00:48:28 | i 99 | [Phase 1/3] decompose  0.09s / — / —  λ=0.4  vb ac_complete
00:48:59 | i 99 | [Phase 2/3] route  31.42s / 30.54s / 102.9%  pyvrp  k=3
00:49:30 | i 98 | [ ASYNC BG] bg_ails  62.33s / 60.00s / 103.9%
00:49:30 | i 99 | [HAOS ROLL] k=3  λ=0.4  vb  ac_complete  pyvrp  P≈0.000587
00:49:30 | i 99 | [ Summary ] cost=100209.00  Δ_S*=+3.47%  Δ_BKS=+3.73%  Δ_S*_BKS=+0.25%  no_improve=177
00:49:30 | i 100 | [HAOS ROLL] k=8  λ=0.0  vb  fcm  filo2  P≈0.003656
00:49:30 | i 100 | [Phase 1/3] decompose  0.08s / — / —  λ=0.0  vb fcm
00:49:47 | i 100 | [Phase 2/3] route  17.09s / 11.64s / 146.8%  filo2  k=8
00:50:32 | i 99 | [ ASYNC BG] bg_ails  62.29s / 60.00s / 103.8%
00:50:32 | i 100 | [HAOS ROLL] k=8  λ=0.0  vb  fcm  filo2  P≈0.003656
00:50:32 | i 100 | [ Summary ] cost=101469.00  Δ_S*=+4.78%  Δ_BKS=+5.04%  Δ_S*_BKS=+0.25%  no_improve=179
00:50:32 | i 101 | [HAOS ROLL] k=3  λ=1.0  vb  fcm  filo  P≈0.001267
00:50:33 | i 101 | [Phase 1/3] decompose  0.24s / — / —  λ=1.0  vb fcm
00:50:59 | i 101 | [Phase 2/3] route  26.09s / 25.56s / 102.1%  filo  k=3
00:51:35 | i 100 | [ ASYNC BG] bg_ails  62.25s / 60.00s / 103.8%
00:51:35 | i 101 | [HAOS ROLL] k=3  λ=1.0  vb  fcm  filo  P≈0.001267
00:51:35 | i 101 | [ Summary ] cost=99573.00  Δ_S*=+2.82%  Δ_BKS=+3.07%  Δ_S*_BKS=+0.25%  no_improve=181
00:51:35 | i 102 | [HAOS ROLL] k=4  λ=0.6  vb  kmeans  filo2  P≈0.001010
00:51:35 | i 102 | [Phase 1/3] decompose  0.06s / — / —  λ=0.6  vb kmeans
00:51:56 | i 102 | [Phase 2/3] route  21.08s / 21.06s / 100.1%  filo2  k=4
00:52:37 | i 101 | [ ASYNC BG] bg_ails  62.30s / 60.00s / 103.8%
00:52:37 | i 102 | [HAOS ROLL] k=4  λ=0.6  vb  kmeans  filo2  P≈0.001010
00:52:37 | i 102 | [ Summary ] cost=99040.00  Δ_S*=+2.27%  Δ_BKS=+2.52%  Δ_S*_BKS=+0.25%  no_improve=183
00:52:37 | i 103 | [HAOS ROLL] k=3  λ=0.0  vb  kmedoids  filo2  P≈0.005197
00:52:37 | i 103 | [Phase 1/3] decompose  0.08s / — / —  λ=0.0  vb kmedoids
00:53:06 | i 103 | [Phase 2/3] route  29.08s / 28.74s / 101.2%  filo2  k=3
00:53:39 | i 102 | [ ASYNC BG] bg_ails  62.30s / 60.00s / 103.8%
00:53:39 | i 103 | [HAOS ROLL] k=3  λ=0.0  vb  kmedoids  filo2  P≈0.005197
00:53:39 | i 103 | [ Summary ] cost=99208.00  Δ_S*=+2.44%  Δ_BKS=+2.70%  Δ_S*_BKS=+0.25%  no_improve=185
00:53:39 | i 104 | [HAOS ROLL] k=4  λ=1.0  vb  ac_avg  filo2  P≈0.002777
00:53:39 | i 104 | [Phase 1/3] decompose  0.09s / — / —  λ=1.0  vb ac_avg
00:54:03 | i 104 | [Phase 2/3] route  24.07s / 24.06s / 100.1%  filo2  k=4
00:54:41 | i 103 | [ ASYNC BG] bg_ails  62.22s / 60.00s / 103.7%
00:54:41 | i 104 | [HAOS ROLL] k=4  λ=1.0  vb  ac_avg  filo2  P≈0.002777
00:54:42 | i 104 | [ Summary ] cost=99119.00  Δ_S*=+2.35%  Δ_BKS=+2.60%  Δ_S*_BKS=+0.25%  no_improve=187
00:54:42 | i 86 | [ASYNC 1/2] sp_sc  728.48s / 720.00s / 101.2%  SP  avg_coverage=143.33/5  pool=7910
00:54:42 | i 86 | [ASYNC 2/2] standard_ails  362.22s / 360.00s / 100.6%
00:55:02 | i 105 | [HAOS ROLL] k=4  λ=1.0  vb  ac_avg  pyvrp  P≈0.000704
00:55:03 | i 105 | [Phase 1/3] decompose  0.09s / — / —  λ=1.0  vb ac_avg
00:55:27 | i 105 | [Phase 2/3] route  24.60s / 24.06s / 102.2%  pyvrp  k=4
00:55:44 | i 104 | [ ASYNC BG] bg_ails  62.35s / 60.00s / 103.9%
00:55:44 | i 105 | [HAOS ROLL] k=4  λ=1.0  vb  ac_avg  pyvrp  P≈0.000704
00:55:44 | i 105 | [ Summary ] cost=99420.00  Δ_S*=+2.66%  Δ_BKS=+2.92%  Δ_S*_BKS=+0.25%  no_improve=190
00:55:44 | i 106 | [HAOS ROLL] k=2  λ=0.0  rb  ac_complete  filo2  P≈0.000649
00:55:44 | i 106 | [Phase 1/3] decompose  0.05s / — / —  λ=0.0  rb ac_complete
00:56:25 | i 106 | [Phase 2/3] route  41.08s / 40.80s / 100.7%  filo2  k=2
00:56:46 | i 105 | [ ASYNC BG] bg_ails  62.27s / 60.00s / 103.8%
00:56:46 | i 106 | [HAOS ROLL] k=2  λ=0.0  rb  ac_complete  filo2  P≈0.000649
00:56:46 | i 106 | [ Summary ] cost=97301.00  Δ_S*=+0.47%  Δ_BKS=+0.72%  Δ_S*_BKS=+0.25%  no_improve=192
00:56:46 | i 107 | [HAOS ROLL] k=6  λ=1.0  vb  ac_complete  filo  P≈0.000575
00:56:46 | i 107 | [Phase 1/3] decompose  0.09s / — / —  λ=1.0  vb ac_complete
00:57:05 | i 107 | [Phase 2/3] route  19.09s / 19.38s / 98.5%  filo  k=6
00:57:48 | i 106 | [ ASYNC BG] bg_ails  62.29s / 60.00s / 103.8%
00:57:48 | i 107 | [HAOS ROLL] k=6  λ=1.0  vb  ac_complete  filo  P≈0.000575
00:57:48 | i 107 | [ Summary ] cost=99192.00  Δ_S*=+2.42%  Δ_BKS=+2.68%  Δ_S*_BKS=+0.25%  no_improve=194
00:57:48 | i 108 | [HAOS ROLL] k=3  λ=0.2  vb  ac_avg  pyvrp  P≈0.000694
00:57:49 | i 108 | [Phase 1/3] decompose  0.10s / — / —  λ=0.2  vb ac_avg
00:58:25 | i 108 | [Phase 2/3] route  36.42s / 35.22s / 103.4%  pyvrp  k=3
00:58:51 | i 107 | [ ASYNC BG] bg_ails  62.26s / 60.00s / 103.8%
00:58:51 | i 108 | [HAOS ROLL] k=3  λ=0.2  vb  ac_avg  pyvrp  P≈0.000694
00:58:51 | i 108 | [ Summary ] cost=99793.00  Δ_S*=+3.05%  Δ_BKS=+3.30%  Δ_S*_BKS=+0.25%  no_improve=196
00:58:51 | i 109 | [HAOS ROLL] k=3  λ=0.6  vb  kmedoids  filo  P≈0.001037
00:58:51 | i 109 | [Phase 1/3] decompose  0.10s / — / —  λ=0.6  vb kmedoids
00:59:18 | i 109 | [Phase 2/3] route  27.07s / 27.30s / 99.2%  filo  k=3
00:59:53 | i 108 | [ ASYNC BG] bg_ails  62.39s / 60.00s / 104.0%
00:59:53 | i 109 | [HAOS ROLL] k=3  λ=0.6  vb  kmedoids  filo  P≈0.001037
00:59:53 | i 109 | [ Summary ] cost=99179.00  Δ_S*=+2.41%  Δ_BKS=+2.67%  Δ_S*_BKS=+0.25%  no_improve=198
00:59:53 | i 110 | [HAOS ROLL] k=3  λ=0.6  rb  kmeans  pyvrp  P≈0.000342
00:59:53 | i 110 | [Phase 1/3] decompose  0.07s / — / —  λ=0.6  rb kmeans
01:00:20 | i 110 | [Phase 2/3] route  27.12s / 26.40s / 102.7%  pyvrp  k=3
01:00:55 | i 109 | [ ASYNC BG] bg_ails  62.35s / 60.00s / 103.9%
01:00:56 | i 110 | [HAOS ROLL] k=3  λ=0.6  rb  kmeans  pyvrp  P≈0.000342
01:00:56 | i 110 | [ Summary ] cost=98078.00  Δ_S*=+1.27%  Δ_BKS=+1.53%  Δ_S*_BKS=+0.25%  no_improve=200
01:00:56 | i 111 | [HAOS ROLL] k=4  λ=0.8  vb  fcm  filo2  P≈0.001354
01:00:56 | i 111 | [Phase 1/3] decompose  0.08s / — / —  λ=0.8  vb fcm
01:01:16 | i 111 | [Phase 2/3] route  20.09s / 19.98s / 100.5%  filo2  k=4
01:01:58 | i 110 | [ ASYNC BG] bg_ails  62.29s / 60.00s / 103.8%
01:01:58 | i 111 | [HAOS ROLL] k=4  λ=0.8  vb  fcm  filo2  P≈0.001354
01:01:58 | i 111 | [ Summary ] cost=99193.00  Δ_S*=+2.43%  Δ_BKS=+2.68%  Δ_S*_BKS=+0.25%  no_improve=202
01:01:58 | i 112 | [HAOS ROLL] k=3  λ=1.0  vb  ac_avg  ails2  P≈0.001347
01:01:58 | i 112 | [Phase 1/3] decompose  0.10s / — / —  λ=1.0  vb ac_avg
01:02:37 | i 112 | [Phase 2/3] route  38.44s / 37.62s / 102.2%  ails2  k=3
01:03:00 | i 111 | [ ASYNC BG] bg_ails  62.40s / 60.00s / 104.0%
01:03:00 | i 112 | [HAOS ROLL] k=3  λ=1.0  vb  ac_avg  ails2  P≈0.001347
01:03:00 | i 112 | [ Summary ] cost=98638.00  Δ_S*=+1.85%  Δ_BKS=+2.11%  Δ_S*_BKS=+0.25%  no_improve=204
01:03:00 | i 113 | [HAOS ROLL] k=8  λ=0.4  rb  kmeans  filo2  P≈0.000370
01:03:01 | i 113 | [Phase 1/3] decompose  0.07s / — / —  λ=0.4  rb kmeans
01:03:18 | i 113 | [Phase 2/3] route  17.11s / 11.16s / 153.3%  filo2  k=8
01:04:02 | i 112 | [ ASYNC BG] bg_ails  62.39s / 60.00s / 104.0%
01:04:03 | i 113 | [HAOS ROLL] k=8  λ=0.4  rb  kmeans  filo2  P≈0.000370
01:04:03 | i 113 | [ Summary ] cost=96995.00  Δ_S*=+0.16%  Δ_BKS=+0.41%  Δ_S*_BKS=+0.25%  no_improve=206
01:04:03 | i 114 | [HAOS ROLL] k=4  λ=0.6  vb  fcm  ails2  P≈0.000859
01:04:03 | i 114 | [Phase 1/3] decompose  0.08s / — / —  λ=0.6  vb fcm
01:04:23 | i 114 | [Phase 2/3] route  20.33s / 19.98s / 101.7%  ails2  k=4
01:05:05 | i 113 | [ ASYNC BG] bg_ails  62.38s / 60.00s / 104.0%
01:05:05 | i 114 | [HAOS ROLL] k=4  λ=0.6  vb  fcm  ails2  P≈0.000859
01:05:05 | i 114 | [ Summary ] cost=99122.00  Δ_S*=+2.35%  Δ_BKS=+2.61%  Δ_S*_BKS=+0.25%  no_improve=208
01:05:05 | i 115 | [HAOS ROLL] k=3  λ=0.4  vb  ac_complete  pyvrp  P≈0.000960
01:05:05 | i 115 | [Phase 1/3] decompose  0.09s / — / —  λ=0.4  vb ac_complete
01:05:37 | i 115 | [Phase 2/3] route  31.49s / 30.54s / 103.1%  pyvrp  k=3
01:06:07 | i 114 | [ ASYNC BG] bg_ails  62.23s / 60.00s / 103.7%
01:06:07 | i 115 | [HAOS ROLL] k=3  λ=0.4  vb  ac_complete  pyvrp  P≈0.000960
01:06:07 | i 115 | [ Summary ] cost=100042.00  Δ_S*=+3.30%  Δ_BKS=+3.56%  Δ_S*_BKS=+0.25%  no_improve=210
01:06:07 | i 116 | [HAOS ROLL] k=12  λ=1.0  vb  ac_complete  filo2  P≈0.001127
01:06:08 | i 116 | [Phase 1/3] decompose  0.09s / — / —  λ=1.0  vb ac_complete
01:06:24 | i 116 | [Phase 2/3] route  16.10s / 8.58s / 187.7%  filo2  k=12
01:07:09 | i 115 | [ ASYNC BG] bg_ails  62.32s / 60.00s / 103.9%
01:07:10 | i 116 | [HAOS ROLL] k=12  λ=1.0  vb  ac_complete  filo2  P≈0.001127
01:07:10 | i 116 | [ Summary ] cost=104557.00  Δ_S*=+7.96%  Δ_BKS=+8.23%  Δ_S*_BKS=+0.25%  no_improve=212
01:07:10 | i 117 | [HAOS ROLL] k=6  λ=0.4  vb  kmedoids  pyvrp  P≈0.000492
01:07:10 | i 117 | [Phase 1/3] decompose  0.08s / — / —  λ=0.4  vb kmedoids
01:07:26 | i 117 | [Phase 2/3] route  15.77s / 15.36s / 102.7%  pyvrp  k=6
01:07:26 | i 117 | [HAOS ROLL] k=6  λ=0.4  vb  kmedoids  pyvrp  P≈0.000492
01:07:26 | i 117 | [ Summary ] cost=101984.00  Δ_S*=+5.31%  Δ_BKS=+5.57%  Δ_S*_BKS=+0.25%  no_improve=213
01:07:26 | i 118 | [HAOS ROLL] k=3  λ=1.0  vb  ac_avg  pyvrp  P≈0.002929
01:07:26 | i 118 | [Phase 1/3] decompose  0.10s / — / —  λ=1.0  vb ac_avg
01:08:05 | i 118 | [Phase 2/3] route  38.92s / 37.62s / 103.5%  pyvrp  k=3
01:08:05 | i 118 | [HAOS ROLL] k=3  λ=1.0  vb  ac_avg  pyvrp  P≈0.002929
01:08:06 | i 118 | [ Summary ] cost=99477.00  Δ_S*=+2.72%  Δ_BKS=+2.98%  Δ_S*_BKS=+0.25%  no_improve=214
01:08:06 | i — | [  FINAL  ] async BG-AILS totals launched=115 applied=115 adopted=4 launch_skipped_cap=3 crashes=0 discarded_in_flight=False block_wait_total_s=4511.4
01:08:36 | i — | [  FINAL  ] async SP/SC totals invocations=6 adopted=1 skipped=0 discarded_in_flight=True sp_busy_frac=0.6036176997131942
01:08:36 | i — | [  FINAL  ] ════════════════════════════════════════
01:08:36 | i — | [  FINAL  ] Run complete  iterations=118  elapsed=02:01:06  best=96844.00
01:08:36 | i — | [  FINAL  ] Δ_BKS=+0.25%  no_improve_stop=False  time_stop=True  cancelled=False
01:08:36 | i — | [  FINAL  ] 
01:08:36 | i — | [  FINAL  ] [BEST SOLUTION — HAOS TAG SUMMARY]
01:08:36 | i — | [  FINAL  ] ────────────────────────────────────────
01:08:36 | i — | [  FINAL  ]   1 routes  vb  kmeans  k=2  λ=0.0  solver=filo2
01:08:36 | i — | [  FINAL  ]   1 routes  rb  ac_avg  k=10  λ=0.6  solver=filo
01:08:36 | i — | [  FINAL  ]   1 routes  vb  ac_avg  k=10  λ=1.0  solver=ails2
01:08:36 | i — | [  FINAL  ]   1 routes  rb  ac_complete  k=2  λ=1.0  solver=filo2
01:08:36 | i — | [  FINAL  ]   1 routes  vb  fcm  k=6  λ=0.8  solver=filo2
01:08:36 | i — | [  FINAL  ]   50 routes  post-SP/SC improvement
01:08:36 | i — | [  FINAL  ] 
01:08:36 | i — | [  FINAL  ] [ROUTE POOL — HAOS TAG SUMMARY]
01:08:36 | i — | [  FINAL  ] ────────────────────────────────────────
01:08:36 | i — | [  FINAL  ]   195 routes  vb  kmeans  k=12  λ=1.0  solver=filo2
01:08:36 | i — | [  FINAL  ]   194 routes  vb  ac_complete  k=3  λ=0.4  solver=pyvrp
01:08:36 | i — | [  FINAL  ]   192 routes  vb  ac_avg  k=3  λ=0.2  solver=pyvrp
01:08:36 | i — | [  FINAL  ]   191 routes  vb  kmeans  k=4  λ=0.8  solver=pyvrp
01:08:36 | i — | [  FINAL  ]   177 routes  vb  kmeans  k=6  λ=0.6  solver=ails2
01:08:36 | i — | [  FINAL  ]   175 routes  vb  fcm  k=4  λ=0.6  solver=filo2
01:08:36 | i — | [  FINAL  ]   139 routes  vb  fcm  k=12  λ=0.0  solver=filo
01:08:36 | i — | [  FINAL  ]   113 routes  rb  ac_avg  k=8  λ=0.0  solver=filo2
01:08:36 | i — | [  FINAL  ]   112 routes  vb  kmedoids  k=10  λ=0.8  solver=filo2
01:08:36 | i — | [  FINAL  ]   108 routes  vb  ac_avg  k=10  λ=1.0  solver=ails2
01:08:36 | i — | [  FINAL  ]   107 routes  vb  kmeans  k=8  λ=0.0  solver=ails2
01:08:36 | i — | [  FINAL  ]   105 routes  vb  kmedoids  k=12  λ=0.4  solver=filo
01:08:36 | i — | [  FINAL  ]   105 routes  vb  kmedoids  k=10  λ=0.2  solver=filo2
01:08:36 | i — | [  FINAL  ]   104 routes  vb  kmeans  k=10  λ=0.4  solver=filo
01:08:36 | i — | [  FINAL  ]   104 routes  vb  kmeans  k=12  λ=0.8  solver=pyvrp
01:08:36 | i — | [  FINAL  ]   102 routes  vb  fcm  k=6  λ=0.8  solver=filo2
01:08:36 | i — | [  FINAL  ]   102 routes  vb  kmedoids  k=12  λ=0.8  solver=ails2
01:08:36 | i — | [  FINAL  ]   102 routes  vb  fcm  k=12  λ=0.4  solver=pyvrp
01:08:36 | i — | [  FINAL  ]   102 routes  vb  kmedoids  k=12  λ=1.0  solver=ails2
01:08:36 | i — | [  FINAL  ]   100 routes  vb  fcm  k=2  λ=0.6  solver=ails2
01:08:36 | i — | [  FINAL  ]   100 routes  vb  kmedoids  k=2  λ=1.0  solver=filo
01:08:36 | i — | [  FINAL  ]   99 routes  vb  kmeans  k=2  λ=0.0  solver=filo2
01:08:36 | i — | [  FINAL  ]   99 routes  vb  kmeans  k=10  λ=0.4  solver=pyvrp
01:08:36 | i — | [  FINAL  ]   99 routes  vb  kmeans  k=4  λ=0.8  solver=filo
01:08:36 | i — | [  FINAL  ]   97 routes  rb  ac_complete  k=2  λ=1.0  solver=filo2
01:08:36 | i — | [  FINAL  ]   97 routes  vb  kmeans  k=4  λ=0.0  solver=filo2
01:08:36 | i — | [  FINAL  ]   97 routes  vb  ac_complete  k=6  λ=0.4  solver=filo2
01:08:36 | i — | [  FINAL  ]   96 routes  vb  kmeans  k=2  λ=1.0  solver=pyvrp
01:08:36 | i — | [  FINAL  ]   96 routes  vb  kmeans  k=8  λ=0.8  solver=pyvrp
01:08:36 | i — | [  FINAL  ]   96 routes  vb  ac_avg  k=2  λ=0.8  solver=pyvrp
01:08:36 | i — | [  FINAL  ]   96 routes  vb  kmedoids  k=12  λ=0.6  solver=filo2
01:08:36 | i — | [  FINAL  ]   96 routes  vb  ac_complete  k=6  λ=1.0  solver=filo2
01:08:36 | i — | [  FINAL  ]   95 routes  vb  fcm  k=10  λ=0.8  solver=ails2
01:08:36 | i — | [  FINAL  ]   95 routes  vb  kmeans  k=4  λ=0.6  solver=pyvrp
01:08:36 | i — | [  FINAL  ]   95 routes  vb  kmeans  k=12  λ=0.8  solver=filo2
01:08:36 | i — | [  FINAL  ]   95 routes  rb  ac_avg  k=12  λ=1.0  solver=filo2
01:08:36 | i — | [  FINAL  ]   94 routes  rb  kmeans  k=2  λ=0.0  solver=filo
01:08:36 | i — | [  FINAL  ]   93 routes  vb  ac_avg  k=12  λ=0.8  solver=filo2
01:08:36 | i — | [  FINAL  ]   93 routes  vb  kmeans  k=4  λ=0.8  solver=ails2
01:08:36 | i — | [  FINAL  ]   93 routes  vb  kmedoids  k=2  λ=0.2  solver=filo
01:08:36 | i — | [  FINAL  ]   93 routes  vb  fcm  k=3  λ=1.0  solver=filo
01:08:36 | i — | [  FINAL  ]   93 routes  vb  ac_avg  k=4  λ=1.0  solver=filo2
01:08:36 | i — | [  FINAL  ]   93 routes  vb  ac_avg  k=4  λ=1.0  solver=pyvrp
01:08:36 | i — | [  FINAL  ]   93 routes  vb  fcm  k=4  λ=0.6  solver=ails2
01:08:36 | i — | [  FINAL  ]   92 routes  vb  fcm  k=8  λ=0.0  solver=filo2
01:08:36 | i — | [  FINAL  ]   92 routes  vb  kmedoids  k=2  λ=0.4  solver=filo2
01:08:36 | i — | [  FINAL  ]   92 routes  vb  kmedoids  k=3  λ=0.6  solver=filo2
01:08:36 | i — | [  FINAL  ]   92 routes  vb  kmedoids  k=3  λ=0.0  solver=filo2
01:08:36 | i — | [  FINAL  ]   92 routes  vb  kmedoids  k=3  λ=0.6  solver=filo
01:08:36 | i — | [  FINAL  ]   91 routes  vb  ac_complete  k=12  λ=0.8  solver=pyvrp
01:08:36 | i — | [  FINAL  ]   91 routes  vb  kmeans  k=2  λ=0.8  solver=filo
01:08:36 | i — | [  FINAL  ]   91 routes  vb  kmedoids  k=6  λ=0.6  solver=filo2
01:08:36 | i — | [  FINAL  ]   90 routes  vb  ac_complete  k=3  λ=0.4  solver=ails2
01:08:36 | i — | [  FINAL  ]   90 routes  rb  kmeans  k=3  λ=0.6  solver=pyvrp
01:08:36 | i — | [  FINAL  ]   89 routes  vb  kmeans  k=12  λ=0.4  solver=pyvrp
01:08:36 | i — | [  FINAL  ]   89 routes  vb  ac_complete  k=8  λ=0.8  solver=ails2
01:08:36 | i — | [  FINAL  ]   89 routes  vb  ac_avg  k=3  λ=1.0  solver=ails2
01:08:36 | i — | [  FINAL  ]   87 routes  rb  kmeans  k=4  λ=0.8  solver=pyvrp
01:08:36 | i — | [  FINAL  ]   87 routes  vb  ac_avg  k=2  λ=0.8  solver=filo2
01:08:36 | i — | [  FINAL  ]   87 routes  vb  kmeans  k=8  λ=0.4  solver=filo2
01:08:36 | i — | [  FINAL  ]   86 routes  vb  ac_avg  k=3  λ=1.0  solver=filo2
01:08:36 | i — | [  FINAL  ]   86 routes  vb  kmeans  k=12  λ=0.0  solver=filo
01:08:36 | i — | [  FINAL  ]   86 routes  vb  fcm  k=4  λ=0.0  solver=filo2
01:08:36 | i — | [  FINAL  ]   86 routes  rb  ac_complete  k=2  λ=0.0  solver=filo2
01:08:36 | i — | [  FINAL  ]   85 routes  vb  ac_avg  k=6  λ=0.8  solver=filo2
01:08:36 | i — | [  FINAL  ]   85 routes  vb  kmedoids  k=2  λ=0.8  solver=filo2
01:08:36 | i — | [  FINAL  ]   85 routes  vb  ac_avg  k=3  λ=0.0  solver=filo2
01:08:36 | i — | [  FINAL  ]   84 routes  rb  kmeans  k=2  λ=0.6  solver=ails2
01:08:36 | i — | [  FINAL  ]   83 routes  rb  kmeans  k=6  λ=0.0  solver=filo
01:08:36 | i — | [  FINAL  ]   83 routes  vb  fcm  k=4  λ=0.8  solver=ails2
01:08:36 | i — | [  FINAL  ]   83 routes  vb  kmedoids  k=3  λ=0.4  solver=pyvrp
01:08:36 | i — | [  FINAL  ]   83 routes  vb  ac_complete  k=6  λ=1.0  solver=filo
01:08:36 | i — | [  FINAL  ]   81 routes  vb  ac_avg  k=10  λ=0.4  solver=filo2
01:08:36 | i — | [  FINAL  ]   81 routes  vb  ac_avg  k=2  λ=1.0  solver=filo2
01:08:36 | i — | [  FINAL  ]   81 routes  vb  fcm  k=4  λ=0.2  solver=filo2
01:08:36 | i — | [  FINAL  ]   81 routes  vb  fcm  k=4  λ=0.8  solver=filo2
01:08:36 | i — | [  FINAL  ]   80 routes  vb  ac_avg  k=3  λ=0.6  solver=filo2
01:08:36 | i — | [  FINAL  ]   78 routes  rb  kmeans  k=2  λ=0.0  solver=filo2
01:08:36 | i — | [  FINAL  ]   78 routes  rb  ac_complete  k=3  λ=0.0  solver=ails2
01:08:36 | i — | [  FINAL  ]   76 routes  rb  ac_avg  k=10  λ=0.6  solver=filo
01:08:36 | i — | [  FINAL  ]   75 routes  rb  ac_complete  k=8  λ=1.0  solver=pyvrp
01:08:36 | i — | [  FINAL  ]   75 routes  vb  ac_avg  k=10  λ=0.8  solver=filo2
01:08:36 | i — | [  FINAL  ]   75 routes  vb  ac_complete  k=12  λ=0.8  solver=filo2
01:08:36 | i — | [  FINAL  ]   74 routes  rb  ac_avg  k=10  λ=1.0  solver=pyvrp
01:08:36 | i — | [  FINAL  ]   73 routes  vb  kmeans  k=4  λ=0.6  solver=filo2
01:08:36 | i — | [  FINAL  ]   72 routes  vb  ac_avg  k=10  λ=1.0  solver=filo2
01:08:36 | i — | [  FINAL  ]   71 routes  rb  ac_complete  k=4  λ=0.6  solver=filo
01:08:36 | i — | [  FINAL  ]   71 routes  vb  ac_avg  k=12  λ=0.6  solver=filo2
01:08:36 | i — | [  FINAL  ]   71 routes  vb  ac_avg  k=10  λ=0.0  solver=pyvrp
01:08:36 | i — | [  FINAL  ]   71 routes  vb  ac_avg  k=3  λ=0.0  solver=filo
01:08:36 | i — | [  FINAL  ]   71 routes  vb  ac_complete  k=8  λ=1.0  solver=filo2
01:08:36 | i — | [  FINAL  ]   70 routes  vb  fcm  k=10  λ=1.0  solver=filo2
01:08:36 | i — | [  FINAL  ]   66 routes  rb  ac_avg  k=10  λ=0.0  solver=pyvrp
01:08:36 | i — | [  FINAL  ]   65 routes  rb  ac_avg  k=8  λ=0.8  solver=pyvrp
01:08:36 | i — | [  FINAL  ]   65 routes  vb  kmedoids  k=12  λ=1.0  solver=filo
01:08:36 | i — | [  FINAL  ]   62 routes  vb  kmedoids  k=12  λ=0.4  solver=filo2
01:08:36 | i — | [  FINAL  ]   60 routes  vb  ac_avg  k=12  λ=1.0  solver=filo2
01:08:36 | i — | [  FINAL  ]   59 routes  rb  ac_avg  k=10  λ=1.0  solver=filo2
01:08:36 | i — | [  FINAL  ]   56 routes  vb  ac_avg  k=12  λ=0.4  solver=ails2
01:08:36 | i — | [  FINAL  ]   55 routes  rb  ac_complete  k=12  λ=1.0  solver=pyvrp
01:08:36 | i — | [  FINAL  ]   55 routes  vb  kmedoids  k=6  λ=0.4  solver=pyvrp
01:08:36 | i — | [  FINAL  ]   54 routes  rb  kmeans  k=8  λ=0.8  solver=filo
01:08:36 | i — | [  FINAL  ]   51 routes  rb  ac_avg  k=10  λ=0.6  solver=filo2
01:08:36 | i — | [  FINAL  ]   51 routes  rb  kmeans  k=12  λ=0.6  solver=filo
01:08:36 | i — | [  FINAL  ]   51 routes  vb  ac_avg  k=12  λ=0.0  solver=filo
01:08:36 | i — | [  FINAL  ]   51 routes  rb  kmeans  k=8  λ=0.4  solver=filo2
01:08:36 | i — | [  FINAL  ]   50 routes  rb  kmeans  k=8  λ=0.2  solver=filo2
01:08:36 | i — | [  FINAL  ]   50 routes  vb  ac_avg  k=3  λ=1.0  solver=pyvrp
01:08:36 | i — | [  FINAL  ]   35 routes  vb  ac_complete  k=12  λ=1.0  solver=filo2
01:08:36 | i — | [  FINAL  ]   181 routes  post-SP/SC improvement
01:08:36 | i — | [  FINAL  ] ════════════════════════════════════════
