02:20:12 | i — | [  INIT   ] ════════════════════════════════════════
02:20:12 | i — | [  INIT   ] DRISPI  instance=X-n5649-k401  n=5648  capacity=181
02:20:12 | i — | [  INIT   ] k domain (computed at init): [2, 3, 4, 6, 8, 10, 12, 15, 19, 24]  k_ext=24  k_min=401  k_ext_bound=n_bound  spacing_rejected=0
02:20:12 | i — | [  INIT   ] ══════════════════════════════════════════════════════
02:20:12 | i — | [  INIT   ] CONFIGURATION
02:20:12 | i — | [  INIT   ] ── stopping ────────────────────────────────
02:20:12 | i — | [  INIT   ]   time_limit                  = 7200.0
02:20:12 | i — | [  INIT   ]   max_no_improve              = 1000000000
02:20:12 | i — | [  INIT   ] ── parallelism ─────────────────────────────
02:20:12 | i — | [  INIT   ]   n_workers                   = 8
02:20:12 | i — | [  INIT   ] ── cores ───────────────────────────────────
02:20:12 | i — | [  INIT   ]   cores_total                 = 8
02:20:12 | i — | [  INIT   ]   cores_dri                   = 6
02:20:12 | i — | [  INIT   ]   cores_bg                    = 1
02:20:12 | i — | [  INIT   ]   cores_sp                    = 1
02:20:12 | i — | [  INIT   ]   cores_cpu_list              = None
02:20:12 | i — | [  INIT   ] ── sp/sc ───────────────────────────────────
02:20:12 | i — | [  INIT   ]   sp_sc_mode                  = async
02:20:12 | i — | [  INIT   ]   sp_sc_trigger               = wallclock
02:20:12 | i — | [  INIT   ]   interval_minutes            = 20.0
02:20:12 | i — | [  INIT   ]   overlap_policy              = skip
02:20:12 | i — | [  INIT   ]   warmup_iterations           = 5
02:20:12 | i — | [  INIT   ]   sp_interval                 = 3
02:20:12 | i — | [  INIT   ]   min_coverage                = 5
02:20:12 | i — | [  INIT   ]   sp_time_limit               = 720.0
02:20:12 | i — | [  INIT   ]   mip_gap                     = 0.00025
02:20:12 | i — | [  INIT   ] ── decomposition ───────────────────────────
02:20:12 | i — | [  INIT   ]   decomp_k_base_arms          = [2, 3, 4, 6, 8, 10, 12]
02:20:12 | i — | [  INIT   ]   decomp_k_max_arms           = 10
02:20:12 | i — | [  INIT   ]   decomp_k_ext_per_1000       = 4
02:20:12 | i — | [  INIT   ]   decomp_k_min_routes_per_cluster= 8
02:20:12 | i — | [  INIT   ]   decomp_k_min_arm_spacing    = 2
02:20:12 | i — | [  INIT   ]   subcluster_rate_s_per_customer= 0.06
02:20:12 | i — | [  INIT   ]   subcluster_floor_s          = 5.0
02:20:12 | i — | [  INIT   ] ── bg_ails ─────────────────────────────────
02:20:12 | i — | [  INIT   ]   bg_ails_mode                = async
02:20:12 | i — | [  INIT   ]   bg_ails_crash_threshold     = 1
02:20:12 | i — | [  INIT   ]   bg_ails_budget_mode         = predicted_dr_wall
02:20:12 | i — | [  INIT   ]   bg_ails_budget_floor_s      = 60.0
02:20:12 | i — | [  INIT   ]   bg_ails_budget_margin       = 1.0
02:20:12 | i — | [  INIT   ]   bg_ails_wall_model_scale    = 0.976
02:20:12 | i — | [  INIT   ]   bg_ails_wall_model_wave_exponent= -0.18
02:20:12 | i — | [  INIT   ]   bg_ails_initial_omega       = 10
02:20:12 | i — | [  INIT   ]   bg_ails_boundary_threshold  = 0.5
02:20:12 | i — | [  INIT   ]   bg_ails_small_cluster_cap   = 20
02:20:12 | i — | [  INIT   ]   bg_ails_small_cluster_alpha = 0.5
02:20:12 | i — | [  INIT   ]   bg_ails_pair_selection      = greedy
02:20:12 | i — | [  INIT   ]   bg_ails_n_chains_mode       = k
02:20:12 | i — | [  INIT   ] ── standard_improvement ────────────────────
02:20:12 | i — | [  INIT   ]   standard_improvement_time_limit= 360.0
02:20:12 | i — | [  INIT   ] ── pool ────────────────────────────────────
02:20:12 | i — | [  INIT   ]   max_pool_size               = 10000
02:20:12 | i — | [  INIT   ]   pool_diversity_weight       = 0.5
02:20:12 | i — | [  INIT   ] ── haos ────────────────────────────────────
02:20:12 | i — | [  INIT   ]   haos_decay                  = 0.95
02:20:12 | i — | [  INIT   ]   haos_warmup                 = 10
02:20:12 | i — | [  INIT   ]   haos_starting_weight        = 10.0
02:20:12 | i — | [  INIT   ]   haos_min_weight_k           = 0.025
02:20:12 | i — | [  INIT   ]   haos_min_weight_lambda      = 0.05
02:20:12 | i — | [  INIT   ]   haos_min_weight_paradigm    = 0.1
02:20:12 | i — | [  INIT   ]   haos_min_weight_vertex_method= 0.05
02:20:12 | i — | [  INIT   ]   haos_min_weight_route_method= 0.05
02:20:12 | i — | [  INIT   ]   haos_min_weight_solver      = 0.05
02:20:12 | i — | [  INIT   ]   haos_lambda_demand_values   = [0.0, 0.2, 0.4, 0.6, 0.8, 1.0]
02:20:12 | i — | [  INIT   ]   haos_paradigm_values        = ['vertex', 'route']
02:20:12 | i — | [  INIT   ]   haos_vertex_method_values   = ['kmeans', 'agglomerative_avg', 'agglomerative_complete', 'kmedoids', 'fcm']
02:20:12 | i — | [  INIT   ]   haos_route_method_values    = ['kmeans', 'agglomerative_avg', 'agglomerative_complete']
02:20:12 | i — | [  INIT   ]   haos_solver_values          = ['pyvrp', 'filo', 'filo2', 'ails2']
02:20:12 | i — | [  INIT   ] ── haos_rewards ────────────────────────────
02:20:12 | i — | [  INIT   ]   haos_reward_new_best        = 10.0
02:20:12 | i — | [  INIT   ]   haos_reward_improvement     = 4.0
02:20:12 | i — | [  INIT   ]   haos_reward_no_improvement  = 1.0
02:20:12 | i — | [  INIT   ]   haos_reward_no_solution     = 0.0
02:20:12 | i — | [  INIT   ]   haos_deferred_new_best      = 7.0
02:20:12 | i — | [  INIT   ]   haos_deferred_improvement   = 3.0
02:20:12 | i — | [  INIT   ]   haos_deferred_no_improvement= 0.0
02:20:12 | i — | [  INIT   ] ── seed ────────────────────────────────────
02:20:12 | i — | [  INIT   ]   seed                        = 20
02:20:12 | i — | [  INIT   ] ── output ──────────────────────────────────
02:20:12 | i — | [  INIT   ]   output_dir                  = /app/artifacts/final_benchmark/runs/X-n5649-k401/seed20
02:20:12 | i — | [  INIT   ]   run_analysis                = False
02:20:12 | i — | [  INIT   ] ══════════════════════════════════════════════════════
02:20:12 | i — | [  INIT   ] BKS=644562.00
02:20:12 | i — | [  INIT   ] ════════════════════════════════════════
02:20:12 | i 1 | [HAOS ROLL] k=3  λ=0.8  vb  kmeans  pyvrp  P≈0.000417
02:20:18 | i 1 | [Phase 1/3] decompose  5.93s / — / —  λ=0.8  vb kmeans
02:22:34 | i 1 | [Phase 2/3] route  136.18s / 122.04s / 111.6%  pyvrp  k=3
02:22:34 | i 1 | [ IMPROVE ] 655347.00  via decompose_route  ·  Δ_BKS=+1.67%
02:22:34 | i 1 | [HAOS ROLL] k=3  λ=0.8  vb  kmeans  pyvrp  P≈0.000417
02:22:34 | i 1 | [ Summary ] cost=655347.00  Δ_S*=+0.00%  Δ_BKS=+1.67%  Δ_S*_BKS=+1.67%  no_improve=0
02:22:34 | i 2 | [HAOS ROLL] k=19  λ=1.0  vb  kmedoids  filo2  P≈0.000417
02:22:38 | i 2 | [Phase 1/3] decompose  3.52s / — / —  λ=1.0  vb kmedoids
02:23:43 | i 2 | [Phase 2/3] route  65.14s / 21.00s / 310.2%  filo2  k=19
02:24:46 | i 1 | [ IMPROVE ] 647275.00  via bg_ails  ·  Δ_BKS=+0.42%
02:24:46 | i 1 | [ ASYNC BG] bg_ails  131.15s / 119.11s / 110.1%
02:24:46 | i 2 | [HAOS ROLL] k=19  λ=1.0  vb  kmedoids  filo2  P≈0.000417
02:24:46 | i 2 | [ Summary ] cost=662116.00  Δ_S*=+2.29%  Δ_BKS=+2.72%  Δ_S*_BKS=+0.42%  no_improve=1
02:24:46 | i 3 | [HAOS ROLL] k=12  λ=1.0  vb  ac_avg  ails2  P≈0.000417
02:24:49 | i 3 | [Phase 1/3] decompose  3.53s / — / —  λ=1.0  vb ac_avg
02:25:54 | i 3 | [Phase 2/3] route  64.43s / 42.24s / 152.5%  ails2  k=12
02:25:57 | i 2 | [ ASYNC BG] bg_ails  71.42s / 60.00s / 119.0%
02:25:57 | i 3 | [HAOS ROLL] k=12  λ=1.0  vb  ac_avg  ails2  P≈0.000417
02:25:57 | i 3 | [ Summary ] cost=655891.00  Δ_S*=+1.33%  Δ_BKS=+1.76%  Δ_S*_BKS=+0.42%  no_improve=3
02:25:57 | i 4 | [HAOS ROLL] k=6  λ=0.8  rb  kmeans  filo2  P≈0.000694
02:26:00 | i 4 | [Phase 1/3] decompose  2.40s / — / —  λ=0.8  rb kmeans
02:27:07 | i 4 | [Phase 2/3] route  67.21s / 67.32s / 99.8%  filo2  k=6
02:27:10 | i 3 | [ ASYNC BG] bg_ails  73.13s / 62.03s / 117.9%
02:27:10 | i 4 | [HAOS ROLL] k=6  λ=0.8  rb  kmeans  filo2  P≈0.000694
02:27:10 | i 4 | [ Summary ] cost=650311.00  Δ_S*=+0.47%  Δ_BKS=+0.89%  Δ_S*_BKS=+0.42%  no_improve=5
02:27:10 | i 5 | [HAOS ROLL] k=19  λ=0.4  vb  ac_complete  pyvrp  P≈0.000417
02:27:14 | i 5 | [Phase 1/3] decompose  3.32s / — / —  λ=0.4  vb ac_complete
02:28:20 | i 5 | [Phase 2/3] route  66.72s / 25.32s / 263.5%  pyvrp  k=19
02:28:26 | i 4 | [ IMPROVE ] 647206.00  via bg_ails  ·  Δ_BKS=+0.41%
02:28:26 | i 4 | [ ASYNC BG] bg_ails  76.02s / 65.70s / 115.7%
02:28:26 | i 5 | [HAOS ROLL] k=19  λ=0.4  vb  ac_complete  pyvrp  P≈0.000417
02:28:26 | i 5 | [ Summary ] cost=668366.00  Δ_S*=+3.27%  Δ_BKS=+3.69%  Δ_S*_BKS=+0.41%  no_improve=1
02:28:26 | i 6 | [HAOS ROLL] k=4  λ=0.2  rb  ac_avg  ails2  P≈0.000694
02:28:29 | i 6 | [Phase 1/3] decompose  2.45s / — / —  λ=0.2  rb ac_avg
02:30:31 | i 6 | [Phase 2/3] route  121.78s / 119.46s / 101.9%  ails2  k=4
02:30:31 | i 5 | [ ASYNC BG] bg_ails  71.18s / 60.00s / 118.6%
02:30:31 | i 6 | [ IMPROVE ] 646520.00  via decompose_route  ·  Δ_BKS=+0.30%
02:30:31 | i 6 | [HAOS ROLL] k=4  λ=0.2  rb  ac_avg  ails2  P≈0.000694
02:30:31 | i 6 | [ Summary ] cost=646520.00  Δ_S*=+0.00%  Δ_BKS=+0.30%  Δ_S*_BKS=+0.30%  no_improve=0
02:30:31 | i 7 | [HAOS ROLL] k=3  λ=0.4  rb  ac_avg  filo2  P≈0.000694
02:30:33 | i 7 | [Phase 1/3] decompose  2.38s / — / —  λ=0.4  rb ac_avg
02:33:22 | i 7 | [Phase 2/3] route  168.58s / 168.18s / 100.2%  filo2  k=3
02:33:22 | i 6 | [ ASYNC BG] bg_ails  128.16s / 116.59s / 109.9%
02:33:22 | i 7 | [HAOS ROLL] k=3  λ=0.4  rb  ac_avg  filo2  P≈0.000694
02:33:22 | i 7 | [ Summary ] cost=649187.00  Δ_S*=+0.41%  Δ_BKS=+0.72%  Δ_S*_BKS=+0.30%  no_improve=2
02:33:22 | i 8 | [HAOS ROLL] k=19  λ=1.0  vb  ac_avg  ails2  P≈0.000417
02:33:25 | i 8 | [Phase 1/3] decompose  3.52s / — / —  λ=1.0  vb ac_avg
02:34:29 | i 8 | [Phase 2/3] route  63.50s / 29.76s / 213.4%  ails2  k=19
02:36:17 | i 7 | [ ASYNC BG] bg_ails  175.39s / 164.14s / 106.9%
02:36:17 | i 8 | [HAOS ROLL] k=19  λ=1.0  vb  ac_avg  ails2  P≈0.000417
02:36:17 | i 8 | [ Summary ] cost=664735.00  Δ_S*=+2.82%  Δ_BKS=+3.13%  Δ_S*_BKS=+0.30%  no_improve=4
02:36:17 | i 9 | [HAOS ROLL] k=12  λ=0.2  rb  ac_avg  ails2  P≈0.000694
02:36:20 | i 9 | [Phase 1/3] decompose  2.56s / — / —  λ=0.2  rb ac_avg
02:37:26 | i 9 | [Phase 2/3] route  66.37s / 39.60s / 167.6%  ails2  k=12
02:37:31 | i 8 | [ ASYNC BG] bg_ails  73.45s / 62.37s / 117.8%
02:37:31 | i 9 | [HAOS ROLL] k=12  λ=0.2  rb  ac_avg  ails2  P≈0.000694
02:37:31 | i 9 | [ Summary ] cost=646634.00  Δ_S*=+0.02%  Δ_BKS=+0.32%  Δ_S*_BKS=+0.30%  no_improve=6
02:37:31 | i 6 | [ASYNC 1/2] sp_sc  8.00s / 720.00s / 1.1%  SP  avg_coverage=10.81/5  pool=4321
02:37:31 | i 6 | [ASYNC 2/2] standard_ails  369.26s / 360.00s / 102.6%
02:38:07 | i 6 | [ IMPROVE ] 645894.00  via standard_ails  ·  Δ_BKS=+0.21%
02:38:07 | i 10 | [HAOS ROLL] k=3  λ=0.0  vb  kmeans  ails2  P≈0.000417
02:38:09 | i 10 | [Phase 1/3] decompose  1.71s / — / —  λ=0.0  vb kmeans
02:40:20 | i 10 | [Phase 2/3] route  131.02s / 128.34s / 102.1%  ails2  k=3
02:40:20 | i 9 | [ ASYNC BG] bg_ails  76.14s / 65.91s / 115.5%
02:40:20 | i 10 | [HAOS ROLL] k=3  λ=0.0  vb  kmeans  ails2  P≈0.000417
02:40:20 | i 10 | [ Summary ] cost=648094.00  Δ_S*=+0.34%  Δ_BKS=+0.55%  Δ_S*_BKS=+0.21%  no_improve=2
02:40:20 | i 11 | [HAOS ROLL] k=12  λ=0.4  vb  ac_complete  ails2  P≈0.000417
02:40:23 | i 11 | [Phase 1/3] decompose  3.31s / — / —  λ=0.4  vb ac_complete
02:41:29 | i 11 | [Phase 2/3] route  65.49s / 40.56s / 161.5%  ails2  k=12
02:42:35 | i 10 | [ ASYNC BG] bg_ails  135.63s / 125.26s / 108.3%
02:42:35 | i 11 | [HAOS ROLL] k=12  λ=0.4  vb  ac_complete  ails2  P≈0.000417
02:42:36 | i 11 | [ Summary ] cost=657903.00  Δ_S*=+1.86%  Δ_BKS=+2.07%  Δ_S*_BKS=+0.21%  no_improve=4
02:42:36 | i 12 | [HAOS ROLL] k=19  λ=0.2  rb  ac_complete  filo2  P≈0.000664
02:42:38 | i 12 | [Phase 1/3] decompose  2.40s / — / —  λ=0.2  rb ac_complete
02:43:41 | i 12 | [Phase 2/3] route  63.16s / 30.90s / 204.4%  filo2  k=19
02:43:47 | i 11 | [ ASYNC BG] bg_ails  71.11s / 60.00s / 118.5%
02:43:47 | i 12 | [HAOS ROLL] k=19  λ=0.2  rb  ac_complete  filo2  P≈0.000664
02:43:47 | i 12 | [ Summary ] cost=647909.00  Δ_S*=+0.31%  Δ_BKS=+0.52%  Δ_S*_BKS=+0.21%  no_improve=6
02:43:47 | i 13 | [HAOS ROLL] k=8  λ=0.2  vb  ac_avg  filo  P≈0.000374
02:43:50 | i 13 | [Phase 1/3] decompose  3.41s / — / —  λ=0.2  vb ac_avg
02:45:07 | i 13 | [Phase 2/3] route  77.19s / 57.06s / 135.3%  filo  k=8
02:45:07 | i 12 | [ ASYNC BG] bg_ails  78.17s / 67.26s / 116.2%
02:45:07 | i 13 | [HAOS ROLL] k=8  λ=0.2  vb  ac_avg  filo  P≈0.000374
02:45:08 | i 13 | [ Summary ] cost=653818.00  Δ_S*=+1.23%  Δ_BKS=+1.44%  Δ_S*_BKS=+0.21%  no_improve=8
02:45:08 | i 14 | [HAOS ROLL] k=8  λ=0.4  vb  kmeans  filo2  P≈0.000515
02:45:10 | i 14 | [Phase 1/3] decompose  2.40s / — / —  λ=0.4  vb kmeans
02:46:31 | i 14 | [Phase 2/3] route  81.18s / 50.82s / 159.7%  filo2  k=8
02:46:40 | i 13 | [ ASYNC BG] bg_ails  93.06s / 82.09s / 113.4%
02:46:41 | i 14 | [HAOS ROLL] k=8  λ=0.4  vb  kmeans  filo2  P≈0.000515
02:46:41 | i 14 | [ Summary ] cost=652611.00  Δ_S*=+1.04%  Δ_BKS=+1.25%  Δ_S*_BKS=+0.21%  no_improve=10
02:46:41 | i 15 | [HAOS ROLL] k=6  λ=0.4  vb  kmeans  ails2  P≈0.000452
02:46:43 | i 15 | [Phase 1/3] decompose  2.36s / — / —  λ=0.4  vb kmeans
02:47:51 | i 15 | [Phase 2/3] route  67.90s / 65.94s / 103.0%  ails2  k=6
02:48:10 | i 14 | [ ASYNC BG] bg_ails  89.96s / 79.09s / 113.7%
02:48:11 | i 15 | [HAOS ROLL] k=6  λ=0.4  vb  kmeans  ails2  P≈0.000452
02:48:11 | i 15 | [ Summary ] cost=650656.00  Δ_S*=+0.74%  Δ_BKS=+0.95%  Δ_S*_BKS=+0.21%  no_improve=12
02:48:11 | i 16 | [HAOS ROLL] k=15  λ=1.0  vb  fcm  filo2  P≈0.000416
02:48:14 | i 16 | [Phase 1/3] decompose  3.50s / — / —  λ=1.0  vb fcm
02:49:25 | i 16 | [Phase 2/3] route  71.16s / 28.56s / 249.1%  filo2  k=15
02:49:26 | i 15 | [ ASYNC BG] bg_ails  74.98s / 64.36s / 116.5%
02:49:26 | i 16 | [HAOS ROLL] k=15  λ=1.0  vb  fcm  filo2  P≈0.000416
02:49:26 | i 16 | [ Summary ] cost=658906.00  Δ_S*=+2.01%  Δ_BKS=+2.23%  Δ_S*_BKS=+0.21%  no_improve=14
02:49:26 | i 17 | [HAOS ROLL] k=3  λ=0.6  vb  ac_avg  pyvrp  P≈0.000283
02:49:29 | i 17 | [Phase 1/3] decompose  3.49s / — / —  λ=0.6  vb ac_avg
02:52:56 | i 17 | [Phase 2/3] route  206.94s / 181.68s / 113.9%  pyvrp  k=3
02:52:56 | i 16 | [ ASYNC BG] bg_ails  72.19s / 61.75s / 116.9%
02:52:57 | i 17 | [HAOS ROLL] k=3  λ=0.6  vb  ac_avg  pyvrp  P≈0.000283
02:52:57 | i 17 | [ Summary ] cost=655948.00  Δ_S*=+1.56%  Δ_BKS=+1.77%  Δ_S*_BKS=+0.21%  no_improve=16
02:52:57 | i 18 | [HAOS ROLL] k=6  λ=1.0  rb  ac_complete  filo  P≈0.000404
02:52:59 | i 18 | [Phase 1/3] decompose  2.33s / — / —  λ=1.0  rb ac_complete
02:54:21 | i 18 | [Phase 2/3] route  82.24s / 82.32s / 99.9%  filo  k=6
02:56:05 | i 17 | [ ASYNC BG] bg_ails  188.20s / 177.32s / 106.1%
02:56:05 | i 18 | [HAOS ROLL] k=6  λ=1.0  rb  ac_complete  filo  P≈0.000404
02:56:05 | i 18 | [ Summary ] cost=651208.00  Δ_S*=+0.82%  Δ_BKS=+1.03%  Δ_S*_BKS=+0.21%  no_improve=18
02:56:05 | i 19 | [HAOS ROLL] k=19  λ=1.0  vb  ac_complete  ails2  P≈0.000436
02:56:08 | i 19 | [Phase 1/3] decompose  3.52s / — / —  λ=1.0  vb ac_complete
02:57:15 | i 19 | [Phase 2/3] route  66.44s / 27.78s / 239.2%  ails2  k=19
02:57:36 | i 18 | [ ASYNC BG] bg_ails  91.20s / 80.34s / 113.5%
02:57:36 | i 19 | [HAOS ROLL] k=19  λ=1.0  vb  ac_complete  ails2  P≈0.000436
02:57:36 | i 19 | [ Summary ] cost=664699.00  Δ_S*=+2.91%  Δ_BKS=+3.12%  Δ_S*_BKS=+0.21%  no_improve=20
02:57:36 | i 20 | [HAOS ROLL] k=4  λ=1.0  vb  ac_avg  pyvrp  P≈0.000643
02:57:39 | i 20 | [Phase 1/3] decompose  3.41s / — / —  λ=1.0  vb ac_avg
02:59:25 | i 20 | [Phase 2/3] route  105.42s / 97.32s / 108.3%  pyvrp  k=4
02:59:25 | i 19 | [ ASYNC BG] bg_ails  77.45s / 66.62s / 116.3%
02:59:25 | i 20 | [HAOS ROLL] k=4  λ=1.0  vb  ac_avg  pyvrp  P≈0.000643
02:59:25 | i 20 | [ Summary ] cost=656608.00  Δ_S*=+1.66%  Δ_BKS=+1.87%  Δ_S*_BKS=+0.21%  no_improve=22
02:59:25 | i 21 | [HAOS ROLL] k=8  λ=0.4  vb  kmeans  filo  P≈0.000832
02:59:28 | i 21 | [Phase 1/3] decompose  2.37s / — / —  λ=0.4  vb kmeans
03:00:53 | i 21 | [Phase 2/3] route  85.19s / 45.42s / 187.6%  filo  k=8
03:01:11 | i 20 | [ ASYNC BG] bg_ails  106.06s / 94.98s / 111.7%
03:01:11 | i 21 | [HAOS ROLL] k=8  λ=0.4  vb  kmeans  filo  P≈0.000832
03:01:11 | i 21 | [ Summary ] cost=654451.00  Δ_S*=+1.32%  Δ_BKS=+1.53%  Δ_S*_BKS=+0.21%  no_improve=24
03:01:11 | i 22 | [HAOS ROLL] k=6  λ=0.6  rb  kmeans  ails2  P≈0.000356
03:01:14 | i 22 | [Phase 1/3] decompose  2.34s / — / —  λ=0.6  rb kmeans
03:02:23 | i 22 | [Phase 2/3] route  68.92s / 66.84s / 103.1%  ails2  k=6
03:02:37 | i 21 | [ ASYNC BG] bg_ails  86.22s / 75.11s / 114.8%
03:02:37 | i 22 | [HAOS ROLL] k=6  λ=0.6  rb  kmeans  ails2  P≈0.000356
03:02:37 | i 22 | [ Summary ] cost=646291.00  Δ_S*=+0.06%  Δ_BKS=+0.27%  Δ_S*_BKS=+0.21%  no_improve=26
03:02:37 | i 23 | [HAOS ROLL] k=10  λ=0.4  vb  fcm  ails2  P≈0.000560
03:02:40 | i 23 | [Phase 1/3] decompose  2.92s / — / —  λ=0.4  vb fcm
03:03:53 | i 23 | [Phase 2/3] route  72.47s / 38.58s / 187.8%  ails2  k=10
03:03:54 | i 22 | [ ASYNC BG] bg_ails  76.69s / 65.24s / 117.6%
03:03:54 | i 23 | [HAOS ROLL] k=10  λ=0.4  vb  fcm  ails2  P≈0.000560
03:03:54 | i 23 | [ Summary ] cost=654001.00  Δ_S*=+1.26%  Δ_BKS=+1.46%  Δ_S*_BKS=+0.21%  no_improve=28
03:03:54 | i 24 | [HAOS ROLL] k=8  λ=0.0  vb  fcm  pyvrp  P≈0.000393
03:03:57 | i 24 | [Phase 1/3] decompose  2.21s / — / —  λ=0.0  vb fcm
03:05:23 | i 24 | [Phase 2/3] route  86.25s / 47.76s / 180.6%  pyvrp  k=8
03:05:23 | i 23 | [ ASYNC BG] bg_ails  73.25s / 62.13s / 117.9%
03:05:23 | i 24 | [HAOS ROLL] k=8  λ=0.0  vb  fcm  pyvrp  P≈0.000393
03:05:23 | i 24 | [ Summary ] cost=657365.00  Δ_S*=+1.78%  Δ_BKS=+1.99%  Δ_S*_BKS=+0.21%  no_improve=30
03:05:23 | i 17 | [ASYNC 1/2] sp_sc  368.73s / 720.00s / 51.2%  SP  avg_coverage=24.57/5  pool=10000
03:05:23 | i 17 | [ASYNC 2/2] standard_ails  368.59s / 360.00s / 102.4%
03:06:48 | i 25 | [HAOS ROLL] k=6  λ=0.0  vb  kmedoids  ails2  P≈0.000599
03:06:51 | i 25 | [Phase 1/3] decompose  2.84s / — / —  λ=0.0  vb kmedoids
03:08:05 | i 25 | [Phase 2/3] route  73.93s / 71.52s / 103.4%  ails2  k=6
03:08:05 | i 24 | [ ASYNC BG] bg_ails  90.60s / 81.00s / 111.9%
03:08:05 | i 25 | [HAOS ROLL] k=6  λ=0.0  vb  kmedoids  ails2  P≈0.000599
03:08:05 | i 25 | [ Summary ] cost=648261.00  Δ_S*=+0.37%  Δ_BKS=+0.57%  Δ_S*_BKS=+0.21%  no_improve=33
03:08:05 | i 26 | [HAOS ROLL] k=19  λ=0.2  rb  ac_complete  filo2  P≈0.000637
03:08:07 | i 26 | [Phase 1/3] decompose  2.30s / — / —  λ=0.2  rb ac_complete
03:09:11 | i 26 | [Phase 2/3] route  63.17s / 30.90s / 204.4%  filo2  k=19
03:09:25 | i 25 | [ ASYNC BG] bg_ails  80.63s / 69.80s / 115.5%
03:09:26 | i 26 | [HAOS ROLL] k=19  λ=0.2  rb  ac_complete  filo2  P≈0.000637
03:09:26 | i 26 | [ Summary ] cost=647779.00  Δ_S*=+0.29%  Δ_BKS=+0.50%  Δ_S*_BKS=+0.21%  no_improve=35
03:09:26 | i 27 | [HAOS ROLL] k=4  λ=0.6  vb  fcm  ails2  P≈0.000526
03:09:28 | i 27 | [Phase 1/3] decompose  2.41s / — / —  λ=0.6  vb fcm
03:10:56 | i 27 | [Phase 2/3] route  87.88s / 85.68s / 102.6%  ails2  k=4
03:10:56 | i 26 | [ ASYNC BG] bg_ails  78.23s / 67.26s / 116.3%
03:10:57 | i 27 | [HAOS ROLL] k=4  λ=0.6  vb  fcm  ails2  P≈0.000526
03:10:57 | i 27 | [ Summary ] cost=648334.00  Δ_S*=+0.38%  Δ_BKS=+0.59%  Δ_S*_BKS=+0.21%  no_improve=37
03:10:57 | i 28 | [HAOS ROLL] k=10  λ=1.0  vb  ac_complete  ails2  P≈0.000617
03:11:00 | i 28 | [Phase 1/3] decompose  3.22s / — / —  λ=1.0  vb ac_complete
03:12:06 | i 28 | [Phase 2/3] route  66.34s / 49.62s / 133.7%  ails2  k=10
03:12:30 | i 27 | [ ASYNC BG] bg_ails  94.02s / 83.62s / 112.4%
03:12:31 | i 28 | [HAOS ROLL] k=10  λ=1.0  vb  ac_complete  ails2  P≈0.000617
03:12:31 | i 28 | [ Summary ] cost=655969.00  Δ_S*=+1.56%  Δ_BKS=+1.77%  Δ_S*_BKS=+0.21%  no_improve=39
03:12:31 | i 29 | [HAOS ROLL] k=10  λ=0.4  vb  kmedoids  filo2  P≈0.000562
03:12:34 | i 29 | [Phase 1/3] decompose  3.58s / — / —  λ=0.4  vb kmedoids
03:13:45 | i 29 | [Phase 2/3] route  71.16s / 41.64s / 170.9%  filo2  k=10
03:13:56 | i 28 | [ ASYNC BG] bg_ails  86.12s / 75.11s / 114.7%
03:13:57 | i 29 | [HAOS ROLL] k=10  λ=0.4  vb  kmedoids  filo2  P≈0.000562
03:13:57 | i 29 | [ Summary ] cost=655869.00  Δ_S*=+1.54%  Δ_BKS=+1.75%  Δ_S*_BKS=+0.21%  no_improve=41
03:13:57 | i 30 | [HAOS ROLL] k=3  λ=0.4  vb  kmeans  ails2  P≈0.000928
03:13:59 | i 30 | [Phase 1/3] decompose  2.42s / — / —  λ=0.4  vb kmeans
03:16:10 | i 30 | [Phase 2/3] route  130.86s / 128.22s / 102.1%  ails2  k=3
03:16:10 | i 29 | [ ASYNC BG] bg_ails  80.99s / 70.45s / 114.9%
03:16:10 | i 30 | [HAOS ROLL] k=3  λ=0.4  vb  kmeans  ails2  P≈0.000928
03:16:11 | i 30 | [ Summary ] cost=647928.00  Δ_S*=+0.31%  Δ_BKS=+0.52%  Δ_S*_BKS=+0.21%  no_improve=43
03:16:11 | i 31 | [HAOS ROLL] k=10  λ=0.0  vb  kmedoids  ails2  P≈0.001048
03:16:13 | i 31 | [Phase 1/3] decompose  2.80s / — / —  λ=0.0  vb kmedoids
03:17:27 | i 31 | [Phase 2/3] route  73.74s / 39.36s / 187.3%  ails2  k=10
03:18:28 | i 30 | [ ASYNC BG] bg_ails  137.23s / 125.14s / 109.7%
03:18:28 | i 31 | [HAOS ROLL] k=10  λ=0.0  vb  kmedoids  ails2  P≈0.001048
03:18:28 | i 31 | [ Summary ] cost=654178.00  Δ_S*=+1.28%  Δ_BKS=+1.49%  Δ_S*_BKS=+0.21%  no_improve=45
03:18:28 | i 32 | [HAOS ROLL] k=8  λ=1.0  vb  ac_complete  filo  P≈0.000272
03:18:31 | i 32 | [Phase 1/3] decompose  3.33s / — / —  λ=1.0  vb ac_complete
03:19:43 | i 32 | [Phase 2/3] route  72.18s / 63.36s / 113.9%  filo  k=8
03:19:43 | i 31 | [ ASYNC BG] bg_ails  74.69s / 64.05s / 116.6%
03:19:44 | i 32 | [HAOS ROLL] k=8  λ=1.0  vb  ac_complete  filo  P≈0.000272
03:19:44 | i 32 | [ Summary ] cost=654707.00  Δ_S*=+1.36%  Δ_BKS=+1.57%  Δ_S*_BKS=+0.21%  no_improve=47
03:19:44 | i 33 | [HAOS ROLL] k=19  λ=0.4  rb  ac_complete  filo  P≈0.000383
03:19:46 | i 33 | [Phase 1/3] decompose  2.37s / — / —  λ=0.4  rb ac_complete
03:20:49 | i 33 | [Phase 2/3] route  63.22s / 30.90s / 204.6%  filo  k=19
03:21:22 | i 32 | [ ASYNC BG] bg_ails  98.06s / 86.94s / 112.8%
03:21:22 | i 33 | [HAOS ROLL] k=19  λ=0.4  rb  ac_complete  filo  P≈0.000383
03:21:22 | i 33 | [ Summary ] cost=648512.00  Δ_S*=+0.41%  Δ_BKS=+0.61%  Δ_S*_BKS=+0.21%  no_improve=49
03:21:22 | i 34 | [HAOS ROLL] k=6  λ=0.6  vb  ac_avg  ails2  P≈0.000770
03:21:25 | i 34 | [Phase 1/3] decompose  3.40s / — / —  λ=0.6  vb ac_avg
03:22:49 | i 34 | [Phase 2/3] route  84.06s / 81.66s / 102.9%  ails2  k=6
03:22:49 | i 33 | [ ASYNC BG] bg_ails  78.22s / 67.26s / 116.3%
03:22:49 | i 34 | [HAOS ROLL] k=6  λ=0.6  vb  ac_avg  ails2  P≈0.000770
03:22:49 | i 34 | [ Summary ] cost=651234.00  Δ_S*=+0.83%  Δ_BKS=+1.04%  Δ_S*_BKS=+0.21%  no_improve=51
03:22:49 | i 35 | [HAOS ROLL] k=10  λ=0.0  vb  fcm  ails2  P≈0.001009
03:22:53 | i 35 | [Phase 1/3] decompose  3.52s / — / —  λ=0.0  vb fcm
03:24:04 | i 35 | [Phase 2/3] route  70.70s / 38.88s / 181.8%  ails2  k=10
03:24:20 | i 34 | [ ASYNC BG] bg_ails  90.28s / 79.70s / 113.3%
03:24:20 | i 35 | [HAOS ROLL] k=10  λ=0.0  vb  fcm  ails2  P≈0.001009
03:24:20 | i 35 | [ Summary ] cost=654048.00  Δ_S*=+1.26%  Δ_BKS=+1.47%  Δ_S*_BKS=+0.21%  no_improve=53
03:24:20 | i 29 | [ASYNC 1/2] sp_sc  185.59s / 720.00s / 25.8%  SP  avg_coverage=24.53/5  pool=10000
03:24:20 | i 29 | [ASYNC 2/2] standard_ails  369.28s / 360.00s / 102.6%
03:25:43 | i 35 | [ ASYNC BG] bg_ails  76.56s / 66.58s / 115.0%
03:25:43 | i 36 | [HAOS ROLL] k=8  λ=0.6  rb  ac_complete  filo2  P≈0.000435
03:25:46 | i 36 | [Phase 1/3] decompose  2.32s / — / —  λ=0.6  rb ac_complete
03:26:50 | i 36 | [Phase 2/3] route  64.19s / 63.72s / 100.7%  filo2  k=8
03:26:50 | i 36 | [HAOS ROLL] k=8  λ=0.6  rb  ac_complete  filo2  P≈0.000435
03:26:50 | i 36 | [ Summary ] cost=649419.00  Δ_S*=+0.55%  Δ_BKS=+0.75%  Δ_S*_BKS=+0.21%  no_improve=56
03:26:50 | i 37 | [HAOS ROLL] k=12  λ=0.4  vb  kmedoids  ails2  P≈0.001430
03:26:54 | i 37 | [Phase 1/3] decompose  3.32s / — / —  λ=0.4  vb kmedoids
03:27:59 | i 37 | [Phase 2/3] route  65.33s / 36.66s / 178.2%  ails2  k=12
03:28:28 | i 36 | [ ASYNC BG] bg_ails  98.30s / 86.94s / 113.1%
03:28:28 | i 37 | [HAOS ROLL] k=12  λ=0.4  vb  kmedoids  ails2  P≈0.001430
03:28:29 | i 37 | [ Summary ] cost=653590.00  Δ_S*=+1.19%  Δ_BKS=+1.40%  Δ_S*_BKS=+0.21%  no_improve=58
03:28:29 | i 38 | [HAOS ROLL] k=2  λ=0.2  rb  ac_avg  ails2  P≈0.000616
03:28:31 | i 38 | [Phase 1/3] decompose  2.27s / — / —  λ=0.2  rb ac_avg
03:31:31 | i 38 | [Phase 2/3] route  180.19s / 176.40s / 102.1%  ails2  k=2
03:31:31 | i 37 | [ ASYNC BG] bg_ails  72.15s / 61.46s / 117.4%
03:31:32 | i 38 | [HAOS ROLL] k=2  λ=0.2  rb  ac_avg  ails2  P≈0.000616
03:31:32 | i 38 | [ Summary ] cost=647497.00  Δ_S*=+0.25%  Δ_BKS=+0.46%  Δ_S*_BKS=+0.21%  no_improve=60
03:31:32 | i 39 | [HAOS ROLL] k=19  λ=0.4  rb  kmeans  ails2  P≈0.001449
03:31:34 | i 39 | [Phase 1/3] decompose  2.39s / — / —  λ=0.4  rb kmeans
03:32:41 | i 39 | [Phase 2/3] route  66.53s / 23.40s / 284.3%  ails2  k=19
03:34:35 | i 38 | [ ASYNC BG] bg_ails  183.46s / 172.17s / 106.6%
03:34:35 | i 39 | [HAOS ROLL] k=19  λ=0.4  rb  kmeans  ails2  P≈0.001449
03:34:35 | i 39 | [ Summary ] cost=646122.00  Δ_S*=+0.04%  Δ_BKS=+0.24%  Δ_S*_BKS=+0.21%  no_improve=62
03:34:35 | i 40 | [HAOS ROLL] k=15  λ=0.2  rb  ac_complete  ails2  P≈0.000887
03:34:38 | i 40 | [Phase 1/3] decompose  2.38s / — / —  λ=0.2  rb ac_complete
03:35:42 | i 40 | [Phase 2/3] route  64.32s / 38.52s / 167.0%  ails2  k=15
03:35:51 | i 39 | [ ASYNC BG] bg_ails  76.33s / 65.16s / 117.1%
03:35:51 | i 40 | [HAOS ROLL] k=15  λ=0.2  rb  ac_complete  ails2  P≈0.000887
03:35:51 | i 40 | [ Summary ] cost=646066.00  Δ_S*=+0.03%  Δ_BKS=+0.23%  Δ_S*_BKS=+0.21%  no_improve=64
03:35:51 | i 41 | [HAOS ROLL] k=10  λ=0.8  rb  ac_avg  filo2  P≈0.000380
03:35:54 | i 41 | [Phase 1/3] decompose  2.36s / — / —  λ=0.8  rb ac_avg
03:37:05 | i 41 | [Phase 2/3] route  71.20s / 51.18s / 139.1%  filo2  k=10
03:37:10 | i 40 | [ ASYNC BG] bg_ails  79.26s / 68.67s / 115.4%
03:37:11 | i 41 | [HAOS ROLL] k=10  λ=0.8  rb  ac_avg  filo2  P≈0.000380
03:37:11 | i 41 | [ Summary ] cost=648209.00  Δ_S*=+0.36%  Δ_BKS=+0.57%  Δ_S*_BKS=+0.21%  no_improve=66
03:37:11 | i 42 | [HAOS ROLL] k=19  λ=0.2  vb  kmedoids  ails2  P≈0.003109
03:37:14 | i 42 | [Phase 1/3] decompose  3.42s / — / —  λ=0.2  vb kmedoids
03:38:28 | i 42 | [Phase 2/3] route  73.62s / 21.48s / 342.8%  ails2  k=19
03:38:36 | i 41 | [ ASYNC BG] bg_ails  85.29s / 74.54s / 114.4%
03:38:36 | i 42 | [HAOS ROLL] k=19  λ=0.2  vb  kmedoids  ails2  P≈0.003109
03:38:36 | i 42 | [ Summary ] cost=661606.00  Δ_S*=+2.43%  Δ_BKS=+2.64%  Δ_S*_BKS=+0.21%  no_improve=68
03:38:36 | i 43 | [HAOS ROLL] k=19  λ=0.6  vb  ac_avg  filo2  P≈0.000788
03:38:40 | i 43 | [Phase 1/3] decompose  3.36s / — / —  λ=0.6  vb ac_avg
03:39:43 | i 43 | [Phase 2/3] route  63.18s / 28.32s / 223.1%  filo2  k=19
03:39:47 | i 42 | [ ASYNC BG] bg_ails  71.41s / 60.59s / 117.9%
03:39:47 | i 43 | [HAOS ROLL] k=19  λ=0.6  vb  ac_avg  filo2  P≈0.000788
03:39:47 | i 43 | [ Summary ] cost=662801.00  Δ_S*=+2.62%  Δ_BKS=+2.83%  Δ_S*_BKS=+0.21%  no_improve=70
03:39:47 | i 44 | [HAOS ROLL] k=12  λ=0.4  rb  kmeans  ails2  P≈0.001517
03:39:50 | i 44 | [Phase 1/3] decompose  2.33s / — / —  λ=0.4  rb kmeans
03:40:53 | i 44 | [Phase 2/3] route  63.33s / 35.16s / 180.1%  ails2  k=12
03:41:03 | i 43 | [ ASYNC BG] bg_ails  76.27s / 65.20s / 117.0%
03:41:04 | i 44 | [HAOS ROLL] k=12  λ=0.4  rb  kmeans  ails2  P≈0.001517
03:41:04 | i 44 | [ Summary ] cost=646098.00  Δ_S*=+0.03%  Δ_BKS=+0.24%  Δ_S*_BKS=+0.21%  no_improve=72
03:41:04 | i 45 | [HAOS ROLL] k=19  λ=0.4  vb  ac_avg  filo2  P≈0.002452
03:41:07 | i 45 | [Phase 1/3] decompose  3.27s / — / —  λ=0.4  vb ac_avg
03:42:09 | i 45 | [Phase 2/3] route  62.19s / 31.14s / 199.7%  filo2  k=19
03:42:15 | i 44 | [ ASYNC BG] bg_ails  71.16s / 60.00s / 118.6%
03:42:15 | i 45 | [HAOS ROLL] k=19  λ=0.4  vb  ac_avg  filo2  P≈0.002452
03:42:15 | i 45 | [ Summary ] cost=663950.00  Δ_S*=+2.80%  Δ_BKS=+3.01%  Δ_S*_BKS=+0.21%  no_improve=74
03:42:15 | i 46 | [HAOS ROLL] k=3  λ=0.2  vb  ac_avg  ails2  P≈0.001322
03:42:18 | i 46 | [Phase 1/3] decompose  3.46s / — / —  λ=0.2  vb ac_avg
03:45:45 | i 46 | [Phase 2/3] route  206.75s / 202.14s / 102.3%  ails2  k=3
03:45:45 | i 45 | [ ASYNC BG] bg_ails  77.25s / 66.57s / 116.0%
03:45:45 | i 46 | [HAOS ROLL] k=3  λ=0.2  vb  ac_avg  ails2  P≈0.001322
03:45:45 | i 46 | [ Summary ] cost=648121.00  Δ_S*=+0.34%  Δ_BKS=+0.55%  Δ_S*_BKS=+0.21%  no_improve=76
03:45:45 | i 39 | [ASYNC 1/2] sp_sc  171.45s / 720.00s / 23.8%  SP  avg_coverage=24.08/5  pool=10000
03:45:45 | i 39 | [ASYNC 2/2] standard_ails  369.38s / 360.00s / 102.6%
03:47:10 | i 47 | [HAOS ROLL] k=8  λ=1.0  vb  kmedoids  ails2  P≈0.000953
03:47:13 | i 47 | [Phase 1/3] decompose  3.63s / — / —  λ=1.0  vb kmedoids
03:48:38 | i 47 | [Phase 2/3] route  84.79s / 47.52s / 178.4%  ails2  k=8
03:49:13 | i 46 | [ ASYNC BG] bg_ails  207.96s / 197.29s / 105.4%
03:49:13 | i 47 | [HAOS ROLL] k=8  λ=1.0  vb  kmedoids  ails2  P≈0.000953
03:49:14 | i 47 | [ Summary ] cost=650990.00  Δ_S*=+0.79%  Δ_BKS=+1.00%  Δ_S*_BKS=+0.21%  no_improve=79
03:49:14 | i 48 | [HAOS ROLL] k=6  λ=0.2  vb  kmedoids  ails2  P≈0.001697
03:49:17 | i 48 | [Phase 1/3] decompose  3.19s / — / —  λ=0.2  vb kmedoids
03:50:30 | i 48 | [Phase 2/3] route  72.85s / 70.44s / 103.4%  ails2  k=6
03:50:40 | i 47 | [ ASYNC BG] bg_ails  87.10s / 76.71s / 113.5%
03:50:41 | i 48 | [HAOS ROLL] k=6  λ=0.2  vb  kmedoids  ails2  P≈0.001697
03:50:41 | i 48 | [ Summary ] cost=650150.00  Δ_S*=+0.66%  Δ_BKS=+0.87%  Δ_S*_BKS=+0.21%  no_improve=81
03:50:41 | i 49 | [HAOS ROLL] k=2  λ=0.4  vb  kmedoids  pyvrp  P≈0.000252
03:50:44 | i 49 | [Phase 1/3] decompose  3.06s / — / —  λ=0.4  vb kmedoids
03:53:58 | i 49 | [Phase 2/3] route  194.68s / 171.12s / 113.8%  pyvrp  k=2
03:53:58 | i 48 | [ ASYNC BG] bg_ails  79.05s / 68.75s / 115.0%
03:53:59 | i 49 | [HAOS ROLL] k=2  λ=0.4  vb  kmedoids  pyvrp  P≈0.000252
03:53:59 | i 49 | [ Summary ] cost=656013.00  Δ_S*=+1.57%  Δ_BKS=+1.78%  Δ_S*_BKS=+0.21%  no_improve=83
03:53:59 | i 50 | [HAOS ROLL] k=19  λ=0.0  rb  ac_complete  filo  P≈0.000142
03:54:01 | i 50 | [Phase 1/3] decompose  1.77s / — / —  λ=0.0  rb ac_complete
03:55:04 | i 50 | [Phase 2/3] route  63.20s / 30.90s / 204.5%  filo  k=19
03:56:57 | i 49 | [ ASYNC BG] bg_ails  178.03s / 167.01s / 106.6%
03:56:57 | i 50 | [HAOS ROLL] k=19  λ=0.0  rb  ac_complete  filo  P≈0.000142
03:56:57 | i 50 | [ Summary ] cost=648330.00  Δ_S*=+0.38%  Δ_BKS=+0.58%  Δ_S*_BKS=+0.21%  no_improve=85
03:56:57 | i 51 | [HAOS ROLL] k=19  λ=0.0  vb  kmedoids  ails2  P≈0.002047
03:57:00 | i 51 | [Phase 1/3] decompose  2.68s / — / —  λ=0.0  vb kmedoids
03:58:11 | i 51 | [Phase 2/3] route  70.60s / 24.72s / 285.6%  ails2  k=19
03:58:14 | i 50 | [ ASYNC BG] bg_ails  77.70s / 67.26s / 115.5%
03:58:15 | i 51 | [HAOS ROLL] k=19  λ=0.0  vb  kmedoids  ails2  P≈0.002047
03:58:15 | i 51 | [ Summary ] cost=662245.00  Δ_S*=+2.53%  Δ_BKS=+2.74%  Δ_S*_BKS=+0.21%  no_improve=87
03:58:15 | i 52 | [HAOS ROLL] k=4  λ=0.4  vb  ac_avg  ails2  P≈0.001430
03:58:18 | i 52 | [Phase 1/3] decompose  3.25s / — / —  λ=0.4  vb ac_avg
03:59:59 | i 52 | [Phase 2/3] route  100.90s / 98.82s / 102.1%  ails2  k=4
03:59:59 | i 51 | [ ASYNC BG] bg_ails  71.00s / 60.00s / 118.3%
03:59:59 | i 52 | [HAOS ROLL] k=4  λ=0.4  vb  ac_avg  ails2  P≈0.001430
03:59:59 | i 52 | [ Summary ] cost=648431.00  Δ_S*=+0.39%  Δ_BKS=+0.60%  Δ_S*_BKS=+0.21%  no_improve=89
03:59:59 | i 53 | [HAOS ROLL] k=24  λ=0.2  rb  kmeans  filo2  P≈0.000436
04:00:02 | i 53 | [Phase 1/3] decompose  2.35s / — / —  λ=0.2  rb kmeans
04:01:04 | i 53 | [Phase 2/3] route  62.21s / 19.92s / 312.3%  filo2  k=24
04:01:46 | i 52 | [ ASYNC BG] bg_ails  107.38s / 96.45s / 111.3%
04:01:47 | i 53 | [HAOS ROLL] k=24  λ=0.2  rb  kmeans  filo2  P≈0.000436
04:01:47 | i 53 | [ Summary ] cost=646814.00  Δ_S*=+0.14%  Δ_BKS=+0.35%  Δ_S*_BKS=+0.21%  no_improve=91
04:01:47 | i 54 | [HAOS ROLL] k=19  λ=0.2  vb  kmedoids  filo2  P≈0.003385
04:01:50 | i 54 | [Phase 1/3] decompose  3.22s / — / —  λ=0.2  vb kmedoids
04:02:59 | i 54 | [Phase 2/3] route  69.17s / 21.48s / 322.0%  filo2  k=19
04:02:59 | i 53 | [ ASYNC BG] bg_ails  71.54s / 60.00s / 119.2%
04:02:59 | i 54 | [HAOS ROLL] k=19  λ=0.2  vb  kmedoids  filo2  P≈0.003385
04:02:59 | i 54 | [ Summary ] cost=661945.00  Δ_S*=+2.49%  Δ_BKS=+2.70%  Δ_S*_BKS=+0.21%  no_improve=93
04:02:59 | i 55 | [HAOS ROLL] k=12  λ=1.0  vb  kmedoids  ails2  P≈0.002048
04:03:03 | i 55 | [Phase 1/3] decompose  3.16s / — / —  λ=1.0  vb kmedoids
04:04:09 | i 55 | [Phase 2/3] route  66.42s / 33.18s / 200.2%  ails2  k=12
04:04:10 | i 54 | [ ASYNC BG] bg_ails  71.36s / 60.59s / 117.8%
04:04:11 | i 55 | [HAOS ROLL] k=12  λ=1.0  vb  kmedoids  ails2  P≈0.002048
04:04:11 | i 55 | [ Summary ] cost=655400.00  Δ_S*=+1.47%  Δ_BKS=+1.68%  Δ_S*_BKS=+0.21%  no_improve=95
04:04:11 | i 56 | [HAOS ROLL] k=8  λ=0.2  rb  ac_complete  ails2  P≈0.001217
04:04:13 | i 56 | [Phase 1/3] decompose  2.42s / — / —  λ=0.2  rb ac_complete
04:05:19 | i 56 | [Phase 2/3] route  65.90s / 63.72s / 103.4%  ails2  k=8
04:05:22 | i 55 | [ ASYNC BG] bg_ails  71.22s / 60.00s / 118.7%
04:05:22 | i 56 | [HAOS ROLL] k=8  λ=0.2  rb  ac_complete  ails2  P≈0.001217
04:05:22 | i 56 | [ Summary ] cost=646228.00  Δ_S*=+0.05%  Δ_BKS=+0.26%  Δ_S*_BKS=+0.21%  no_improve=97
04:05:22 | i 57 | [HAOS ROLL] k=12  λ=0.4  rb  ac_complete  ails2  P≈0.002604
04:05:24 | i 57 | [Phase 1/3] decompose  2.36s / — / —  λ=0.4  rb ac_complete
04:06:31 | i 57 | [Phase 2/3] route  66.44s / 45.12s / 147.3%  ails2  k=12
04:06:59 | i 56 | [ ASYNC BG] bg_ails  97.14s / 86.94s / 111.7%
04:06:59 | i 57 | [HAOS ROLL] k=12  λ=0.4  rb  ac_complete  ails2  P≈0.002604
04:06:59 | i 57 | [ Summary ] cost=645977.00  Δ_S*=+0.01%  Δ_BKS=+0.22%  Δ_S*_BKS=+0.21%  no_improve=99
04:06:59 | i 50 | [ASYNC 1/2] sp_sc  147.58s / 720.00s / 20.5%  SP  avg_coverage=23.79/5  pool=10000
04:06:59 | i 50 | [ASYNC 2/2] standard_ails  369.47s / 360.00s / 102.6%
04:08:24 | i 57 | [ ASYNC BG] bg_ails  76.21s / 65.49s / 116.4%
04:08:24 | i 58 | [HAOS ROLL] k=24  λ=0.2  vb  kmeans  filo2  P≈0.000470
04:08:26 | i 58 | [Phase 1/3] decompose  2.26s / — / —  λ=0.2  vb kmeans
04:09:26 | i 58 | [Phase 2/3] route  60.15s / 17.16s / 350.5%  filo2  k=24
04:09:27 | i 58 | [HAOS ROLL] k=24  λ=0.2  vb  kmeans  filo2  P≈0.000470
04:09:27 | i 58 | [ Summary ] cost=668144.00  Δ_S*=+3.44%  Δ_BKS=+3.66%  Δ_S*_BKS=+0.21%  no_improve=102
04:09:27 | i 59 | [HAOS ROLL] k=15  λ=0.2  vb  kmeans  ails2  P≈0.000757
04:09:29 | i 59 | [Phase 1/3] decompose  2.37s / — / —  λ=0.2  vb kmeans
04:10:41 | i 59 | [Phase 2/3] route  71.48s / 26.34s / 271.4%  ails2  k=15
04:10:41 | i 58 | [ ASYNC BG] bg_ails  72.02s / 60.00s / 120.0%
04:10:41 | i 59 | [HAOS ROLL] k=15  λ=0.2  vb  kmeans  ails2  P≈0.000757
04:10:41 | i 59 | [ Summary ] cost=659649.00  Δ_S*=+2.13%  Δ_BKS=+2.34%  Δ_S*_BKS=+0.21%  no_improve=104
04:10:41 | i 60 | [HAOS ROLL] k=12  λ=0.2  rb  ac_complete  ails2  P≈0.004728
04:10:44 | i 60 | [Phase 1/3] decompose  2.28s / — / —  λ=0.2  rb ac_complete
04:11:50 | i 60 | [Phase 2/3] route  66.32s / 45.12s / 147.0%  ails2  k=12
04:11:52 | i 59 | [ ASYNC BG] bg_ails  71.29s / 60.45s / 117.9%
04:11:52 | i 60 | [HAOS ROLL] k=12  λ=0.2  rb  ac_complete  ails2  P≈0.004728
04:11:53 | i 60 | [ Summary ] cost=645966.00  Δ_S*=+0.01%  Δ_BKS=+0.22%  Δ_S*_BKS=+0.21%  no_improve=106
04:11:53 | i 61 | [HAOS ROLL] k=15  λ=0.8  rb  ac_complete  ails2  P≈0.000841
04:11:55 | i 61 | [Phase 1/3] decompose  2.37s / — / —  λ=0.8  rb ac_complete
04:12:59 | i 61 | [Phase 2/3] route  64.44s / 38.52s / 167.3%  ails2  k=15
04:13:08 | i 60 | [ ASYNC BG] bg_ails  76.08s / 65.49s / 116.2%
04:13:09 | i 61 | [HAOS ROLL] k=15  λ=0.8  rb  ac_complete  ails2  P≈0.000841
04:13:09 | i 61 | [ Summary ] cost=645984.00  Δ_S*=+0.01%  Δ_BKS=+0.22%  Δ_S*_BKS=+0.21%  no_improve=108
04:13:09 | i 62 | [HAOS ROLL] k=6  λ=0.6  rb  ac_avg  ails2  P≈0.000302
04:13:11 | i 62 | [Phase 1/3] decompose  2.27s / — / —  λ=0.6  rb ac_avg
04:14:35 | i 62 | [Phase 2/3] route  84.06s / 81.36s / 103.3%  ails2  k=6
04:14:35 | i 61 | [ ASYNC BG] bg_ails  79.10s / 68.67s / 115.2%
04:14:35 | i 62 | [HAOS ROLL] k=6  λ=0.6  rb  ac_avg  ails2  P≈0.000302
04:14:36 | i 62 | [ Summary ] cost=646042.00  Δ_S*=+0.02%  Δ_BKS=+0.23%  Δ_S*_BKS=+0.21%  no_improve=110
04:14:36 | i 63 | [HAOS ROLL] k=15  λ=0.0  vb  kmedoids  ails2  P≈0.000893
04:14:38 | i 63 | [Phase 1/3] decompose  2.79s / — / —  λ=0.0  vb kmedoids
04:15:47 | i 63 | [Phase 2/3] route  68.50s / 30.12s / 227.4%  ails2  k=15
04:16:05 | i 62 | [ ASYNC BG] bg_ails  90.08s / 79.41s / 113.4%
04:16:06 | i 63 | [HAOS ROLL] k=15  λ=0.0  vb  kmedoids  ails2  P≈0.000893
04:16:06 | i 63 | [ Summary ] cost=659062.00  Δ_S*=+2.04%  Δ_BKS=+2.25%  Δ_S*_BKS=+0.21%  no_improve=112
04:16:06 | i 64 | [HAOS ROLL] k=15  λ=0.6  rb  kmeans  ails2  P≈0.000795
04:16:08 | i 64 | [Phase 1/3] decompose  2.36s / — / —  λ=0.6  rb kmeans
04:17:22 | i 64 | [Phase 2/3] route  73.46s / 28.32s / 259.4%  ails2  k=15
04:17:22 | i 63 | [ ASYNC BG] bg_ails  74.68s / 64.15s / 116.4%
04:17:22 | i 64 | [HAOS ROLL] k=15  λ=0.6  rb  kmeans  ails2  P≈0.000795
04:17:22 | i 64 | [ Summary ] cost=645964.00  Δ_S*=+0.01%  Δ_BKS=+0.22%  Δ_S*_BKS=+0.21%  no_improve=114
04:17:22 | i 65 | [HAOS ROLL] k=3  λ=0.2  rb  ac_avg  ails2  P≈0.001916
04:17:24 | i 65 | [Phase 1/3] decompose  2.28s / — / —  λ=0.2  rb ac_avg
04:20:24 | i 65 | [Phase 2/3] route  179.95s / 176.40s / 102.0%  ails2  k=3
04:20:24 | i 64 | [ ASYNC BG] bg_ails  74.12s / 63.19s / 117.3%
04:20:25 | i 65 | [HAOS ROLL] k=3  λ=0.2  rb  ac_avg  ails2  P≈0.001916
04:20:25 | i 65 | [ Summary ] cost=647912.00  Δ_S*=+0.31%  Δ_BKS=+0.52%  Δ_S*_BKS=+0.21%  no_improve=116
04:20:25 | i — | [  FINAL  ] async BG-AILS totals launched=64 applied=64 adopted=2 launch_skipped_cap=1 crashes=0 discarded_in_flight=False block_wait_total_s=1056.3
04:20:55 | i — | [  FINAL  ] async SP/SC totals invocations=6 adopted=1 skipped=0 discarded_in_flight=True sp_busy_frac=0.4521347382592271
04:20:55 | i — | [  FINAL  ] ════════════════════════════════════════
04:20:55 | i — | [  FINAL  ] Run complete  iterations=65  elapsed=02:00:42  best=645894.00
04:20:55 | i — | [  FINAL  ] Δ_BKS=+0.21%  no_improve_stop=False  time_stop=True  cancelled=False
04:20:55 | i — | [  FINAL  ] 
04:20:55 | i — | [  FINAL  ] [BEST SOLUTION — HAOS TAG SUMMARY]
04:20:55 | i — | [  FINAL  ] ────────────────────────────────────────
04:20:55 | i — | [  FINAL  ]   15 routes  rb  ac_avg  k=4  λ=0.2  solver=ails2
04:20:55 | i — | [  FINAL  ]   5 routes  vb  kmedoids  k=19  λ=1.0  solver=filo2
04:20:55 | i — | [  FINAL  ]   4 routes  vb  kmeans  k=3  λ=0.8  solver=pyvrp
04:20:55 | i — | [  FINAL  ]   4 routes  rb  ac_avg  k=3  λ=0.4  solver=filo2
04:20:55 | i — | [  FINAL  ]   3 routes  rb  kmeans  k=6  λ=0.8  solver=filo2
04:20:55 | i — | [  FINAL  ]   2 routes  rb  kmeans  k=19  λ=0.4  solver=ails2
04:20:55 | i — | [  FINAL  ]   2 routes  vb  ac_avg  k=19  λ=1.0  solver=ails2
04:20:55 | i — | [  FINAL  ]   2 routes  vb  ac_avg  k=12  λ=1.0  solver=ails2
04:20:55 | i — | [  FINAL  ]   1 routes  rb  kmeans  k=24  λ=0.2  solver=filo2
04:20:55 | i — | [  FINAL  ]   1 routes  rb  ac_avg  k=12  λ=0.2  solver=ails2
04:20:55 | i — | [  FINAL  ]   1 routes  rb  ac_complete  k=15  λ=0.2  solver=ails2
04:20:55 | i — | [  FINAL  ]   361 routes  post-SP/SC improvement
04:20:55 | i — | [  FINAL  ] 
04:20:55 | i — | [  FINAL  ] [ROUTE POOL — HAOS TAG SUMMARY]
04:20:55 | i — | [  FINAL  ] ────────────────────────────────────────
04:20:55 | i — | [  FINAL  ]   775 routes  vb  kmeans  k=24  λ=0.2  solver=filo2
04:20:55 | i — | [  FINAL  ]   754 routes  vb  kmeans  k=15  λ=0.2  solver=ails2
04:20:55 | i — | [  FINAL  ]   734 routes  vb  kmedoids  k=15  λ=0.0  solver=ails2
04:20:55 | i — | [  FINAL  ]   671 routes  vb  kmedoids  k=2  λ=0.4  solver=pyvrp
04:20:55 | i — | [  FINAL  ]   610 routes  vb  kmedoids  k=6  λ=0.2  solver=ails2
04:20:55 | i — | [  FINAL  ]   597 routes  vb  kmedoids  k=8  λ=1.0  solver=ails2
04:20:55 | i — | [  FINAL  ]   393 routes  rb  ac_complete  k=12  λ=0.4  solver=ails2
04:20:55 | i — | [  FINAL  ]   366 routes  rb  ac_avg  k=6  λ=0.6  solver=ails2
04:20:55 | i — | [  FINAL  ]   360 routes  rb  ac_avg  k=3  λ=0.2  solver=ails2
04:20:55 | i — | [  FINAL  ]   326 routes  rb  ac_complete  k=12  λ=0.2  solver=ails2
04:20:55 | i — | [  FINAL  ]   317 routes  rb  kmeans  k=15  λ=0.6  solver=ails2
04:20:55 | i — | [  FINAL  ]   311 routes  rb  ac_complete  k=19  λ=0.0  solver=filo
04:20:55 | i — | [  FINAL  ]   296 routes  vb  ac_avg  k=3  λ=0.2  solver=ails2
04:20:55 | i — | [  FINAL  ]   290 routes  rb  ac_complete  k=15  λ=0.8  solver=ails2
04:20:55 | i — | [  FINAL  ]   184 routes  vb  kmedoids  k=12  λ=0.4  solver=ails2
04:20:55 | i — | [  FINAL  ]   161 routes  rb  ac_complete  k=8  λ=0.6  solver=filo2
04:20:55 | i — | [  FINAL  ]   151 routes  vb  ac_avg  k=3  λ=0.6  solver=pyvrp
04:20:55 | i — | [  FINAL  ]   148 routes  rb  ac_complete  k=19  λ=0.2  solver=filo2
04:20:55 | i — | [  FINAL  ]   139 routes  vb  kmedoids  k=19  λ=0.2  solver=filo2
04:20:55 | i — | [  FINAL  ]   138 routes  vb  kmedoids  k=19  λ=0.0  solver=ails2
04:20:55 | i — | [  FINAL  ]   131 routes  vb  kmedoids  k=12  λ=1.0  solver=ails2
04:20:55 | i — | [  FINAL  ]   115 routes  vb  ac_avg  k=8  λ=0.2  solver=filo
04:20:55 | i — | [  FINAL  ]   109 routes  vb  ac_complete  k=10  λ=1.0  solver=ails2
04:20:55 | i — | [  FINAL  ]   106 routes  vb  fcm  k=15  λ=1.0  solver=filo2
04:20:55 | i — | [  FINAL  ]   104 routes  vb  ac_complete  k=12  λ=0.4  solver=ails2
04:20:55 | i — | [  FINAL  ]   96 routes  vb  ac_avg  k=4  λ=0.4  solver=ails2
04:20:55 | i — | [  FINAL  ]   90 routes  vb  kmeans  k=8  λ=0.4  solver=filo2
04:20:55 | i — | [  FINAL  ]   88 routes  vb  kmedoids  k=10  λ=0.4  solver=filo2
04:20:55 | i — | [  FINAL  ]   83 routes  rb  ac_avg  k=2  λ=0.2  solver=ails2
04:20:55 | i — | [  FINAL  ]   80 routes  vb  kmeans  k=6  λ=0.4  solver=ails2
04:20:55 | i — | [  FINAL  ]   77 routes  vb  kmedoids  k=6  λ=0.0  solver=ails2
04:20:55 | i — | [  FINAL  ]   75 routes  rb  kmeans  k=24  λ=0.2  solver=filo2
04:20:55 | i — | [  FINAL  ]   64 routes  vb  fcm  k=8  λ=0.0  solver=pyvrp
04:20:55 | i — | [  FINAL  ]   64 routes  vb  fcm  k=10  λ=0.0  solver=ails2
04:20:55 | i — | [  FINAL  ]   62 routes  vb  fcm  k=4  λ=0.6  solver=ails2
04:20:55 | i — | [  FINAL  ]   52 routes  rb  ac_complete  k=8  λ=0.2  solver=ails2
04:20:55 | i — | [  FINAL  ]   42 routes  vb  kmeans  k=3  λ=0.0  solver=ails2
04:20:55 | i — | [  FINAL  ]   27 routes  rb  kmeans  k=19  λ=0.4  solver=ails2
04:20:55 | i — | [  FINAL  ]   15 routes  rb  ac_avg  k=4  λ=0.2  solver=ails2
04:20:55 | i — | [  FINAL  ]   9 routes  vb  kmeans  k=3  λ=0.8  solver=pyvrp
04:20:55 | i — | [  FINAL  ]   5 routes  vb  kmedoids  k=19  λ=1.0  solver=filo2
04:20:55 | i — | [  FINAL  ]   4 routes  rb  ac_avg  k=3  λ=0.4  solver=filo2
04:20:55 | i — | [  FINAL  ]   3 routes  rb  kmeans  k=6  λ=0.8  solver=filo2
04:20:55 | i — | [  FINAL  ]   3 routes  rb  ac_avg  k=12  λ=0.2  solver=ails2
04:20:55 | i — | [  FINAL  ]   3 routes  vb  ac_avg  k=6  λ=0.6  solver=ails2
04:20:55 | i — | [  FINAL  ]   3 routes  vb  kmedoids  k=19  λ=0.2  solver=ails2
04:20:55 | i — | [  FINAL  ]   3 routes  rb  kmeans  k=12  λ=0.4  solver=ails2
04:20:55 | i — | [  FINAL  ]   2 routes  vb  ac_avg  k=12  λ=1.0  solver=ails2
04:20:55 | i — | [  FINAL  ]   2 routes  vb  ac_avg  k=19  λ=1.0  solver=ails2
04:20:55 | i — | [  FINAL  ]   2 routes  rb  ac_complete  k=15  λ=0.2  solver=ails2
04:20:55 | i — | [  FINAL  ]   2 routes  vb  fcm  k=10  λ=0.4  solver=ails2
04:20:55 | i — | [  FINAL  ]   2 routes  vb  ac_avg  k=19  λ=0.4  solver=filo2
04:20:55 | i — | [  FINAL  ]   1 routes  vb  ac_complete  k=8  λ=1.0  solver=filo
04:20:55 | i — | [  FINAL  ]   1 routes  vb  ac_avg  k=19  λ=0.6  solver=filo2
04:20:55 | i — | [  FINAL  ]   754 routes  post-SP/SC improvement
04:20:55 | i — | [  FINAL  ] ════════════════════════════════════════
