11:48:10 | i — | [  INIT   ] ════════════════════════════════════════
11:48:10 | i — | [  INIT   ] DRISPI  instance=X-n1654-k11  n=1653  capacity=845
11:48:10 | i — | [  INIT   ] k domain (computed at init): [2, 3, 4, 6, 8, 10, 11]  k_ext=1  k_min=11  k_ext_bound=route_bound  spacing_rejected=0
11:48:10 | i — | [  INIT   ] ══════════════════════════════════════════════════════
11:48:10 | i — | [  INIT   ] CONFIGURATION
11:48:10 | i — | [  INIT   ] ── stopping ────────────────────────────────
11:48:10 | i — | [  INIT   ]   time_limit                  = 7200.0
11:48:10 | i — | [  INIT   ]   max_no_improve              = 1000000000
11:48:10 | i — | [  INIT   ] ── parallelism ─────────────────────────────
11:48:10 | i — | [  INIT   ]   n_workers                   = 8
11:48:10 | i — | [  INIT   ] ── cores ───────────────────────────────────
11:48:10 | i — | [  INIT   ]   cores_total                 = 8
11:48:10 | i — | [  INIT   ]   cores_dri                   = 6
11:48:10 | i — | [  INIT   ]   cores_bg                    = 1
11:48:10 | i — | [  INIT   ]   cores_sp                    = 1
11:48:10 | i — | [  INIT   ]   cores_cpu_list              = None
11:48:10 | i — | [  INIT   ] ── sp/sc ───────────────────────────────────
11:48:10 | i — | [  INIT   ]   sp_sc_mode                  = async
11:48:10 | i — | [  INIT   ]   sp_sc_trigger               = wallclock
11:48:10 | i — | [  INIT   ]   interval_minutes            = 20.0
11:48:10 | i — | [  INIT   ]   overlap_policy              = skip
11:48:10 | i — | [  INIT   ]   warmup_iterations           = 5
11:48:10 | i — | [  INIT   ]   sp_interval                 = 3
11:48:10 | i — | [  INIT   ]   min_coverage                = 5
11:48:10 | i — | [  INIT   ]   sp_time_limit               = 720.0
11:48:10 | i — | [  INIT   ]   mip_gap                     = 0.00025
11:48:10 | i — | [  INIT   ] ── decomposition ───────────────────────────
11:48:10 | i — | [  INIT   ]   decomp_k_base_arms          = [2, 3, 4, 6, 8, 10, 12]
11:48:10 | i — | [  INIT   ]   decomp_k_max_arms           = 10
11:48:10 | i — | [  INIT   ]   decomp_k_ext_per_1000       = 4
11:48:10 | i — | [  INIT   ]   decomp_k_min_routes_per_cluster= 8
11:48:10 | i — | [  INIT   ]   decomp_k_min_arm_spacing    = 2
11:48:10 | i — | [  INIT   ]   subcluster_rate_s_per_customer= 0.06
11:48:10 | i — | [  INIT   ]   subcluster_floor_s          = 5.0
11:48:10 | i — | [  INIT   ] ── bg_ails ─────────────────────────────────
11:48:10 | i — | [  INIT   ]   bg_ails_mode                = async
11:48:10 | i — | [  INIT   ]   bg_ails_crash_threshold     = 1
11:48:10 | i — | [  INIT   ]   bg_ails_budget_mode         = predicted_dr_wall
11:48:10 | i — | [  INIT   ]   bg_ails_budget_floor_s      = 60.0
11:48:10 | i — | [  INIT   ]   bg_ails_budget_margin       = 1.0
11:48:10 | i — | [  INIT   ]   bg_ails_wall_model_scale    = 0.976
11:48:10 | i — | [  INIT   ]   bg_ails_wall_model_wave_exponent= -0.18
11:48:10 | i — | [  INIT   ]   bg_ails_initial_omega       = 10
11:48:10 | i — | [  INIT   ]   bg_ails_boundary_threshold  = 0.5
11:48:10 | i — | [  INIT   ]   bg_ails_small_cluster_cap   = 20
11:48:10 | i — | [  INIT   ]   bg_ails_small_cluster_alpha = 0.5
11:48:10 | i — | [  INIT   ]   bg_ails_pair_selection      = greedy
11:48:10 | i — | [  INIT   ]   bg_ails_n_chains_mode       = k
11:48:10 | i — | [  INIT   ]   bg_ails_unique_first_routes = True
11:48:10 | i — | [  INIT   ]   bg_ails_boundary_mask_first_ls= True
11:48:10 | i — | [  INIT   ] ── standard_improvement ────────────────────
11:48:10 | i — | [  INIT   ]   standard_improvement_time_limit= 360.0
11:48:10 | i — | [  INIT   ] ── pool ────────────────────────────────────
11:48:10 | i — | [  INIT   ]   max_pool_size               = 10000
11:48:10 | i — | [  INIT   ]   pool_diversity_weight       = 0.5
11:48:10 | i — | [  INIT   ] ── haos ────────────────────────────────────
11:48:10 | i — | [  INIT   ]   haos_decay                  = 0.95
11:48:10 | i — | [  INIT   ]   haos_warmup                 = 10
11:48:10 | i — | [  INIT   ]   haos_starting_weight        = 10.0
11:48:10 | i — | [  INIT   ]   haos_min_weight_k           = 0.025
11:48:10 | i — | [  INIT   ]   haos_min_weight_lambda      = 0.05
11:48:10 | i — | [  INIT   ]   haos_min_weight_paradigm    = 0.1
11:48:10 | i — | [  INIT   ]   haos_min_weight_vertex_method= 0.05
11:48:10 | i — | [  INIT   ]   haos_min_weight_route_method= 0.05
11:48:10 | i — | [  INIT   ]   haos_min_weight_solver      = 0.05
11:48:10 | i — | [  INIT   ]   haos_lambda_demand_values   = [0.0, 0.2, 0.4, 0.6, 0.8, 1.0]
11:48:10 | i — | [  INIT   ]   haos_paradigm_values        = ['vertex', 'route']
11:48:10 | i — | [  INIT   ]   haos_vertex_method_values   = ['kmeans', 'agglomerative_avg', 'agglomerative_complete', 'kmedoids', 'fcm']
11:48:10 | i — | [  INIT   ]   haos_route_method_values    = ['kmeans', 'agglomerative_avg', 'agglomerative_complete']
11:48:10 | i — | [  INIT   ]   haos_solver_values          = ['pyvrp', 'filo', 'filo2', 'ails2']
11:48:10 | i — | [  INIT   ] ── haos_rewards ────────────────────────────
11:48:10 | i — | [  INIT   ]   haos_reward_new_best        = 10.0
11:48:10 | i — | [  INIT   ]   haos_reward_improvement     = 4.0
11:48:10 | i — | [  INIT   ]   haos_reward_no_improvement  = 1.0
11:48:10 | i — | [  INIT   ]   haos_reward_no_solution     = 0.0
11:48:10 | i — | [  INIT   ]   haos_deferred_new_best      = 7.0
11:48:10 | i — | [  INIT   ]   haos_deferred_improvement   = 3.0
11:48:10 | i — | [  INIT   ]   haos_deferred_no_improvement= 0.0
11:48:10 | i — | [  INIT   ] ── seed ────────────────────────────────────
11:48:10 | i — | [  INIT   ]   seed                        = 33
11:48:10 | i — | [  INIT   ] ── output ──────────────────────────────────
11:48:10 | i — | [  INIT   ]   output_dir                  = /app/artifacts/benchmark/X-n1654-k11/seed33
11:48:10 | i — | [  INIT   ]   run_analysis                = False
11:48:10 | i — | [  INIT   ] ══════════════════════════════════════════════════════
11:48:10 | i — | [  INIT   ] BKS=36370.00
11:48:10 | i — | [  INIT   ] ════════════════════════════════════════
11:48:10 | i 1 | [HAOS ROLL] k=10  λ=0.6  vb  kmeans  ails2  P≈0.000595
11:48:13 | i 1 | [Phase 1/3] decompose  2.98s / — / —  λ=0.6  vb kmeans
11:48:35 | i 1 | [Phase 2/3] route  21.74s / 12.00s / 181.1%  ails2  k=10
11:48:35 | i 1 | [ IMPROVE ] 49117.00  via decompose_route  ·  Δ_BKS=+35.05%
11:48:35 | i 1 | [HAOS ROLL] k=10  λ=0.6  vb  kmeans  ails2  P≈0.000595
11:48:35 | i 1 | [ Summary ] cost=49117.00  Δ_S*=+0.00%  Δ_BKS=+35.05%  Δ_S*_BKS=+35.05%  no_improve=0
11:48:35 | i 2 | [HAOS ROLL] k=6  λ=0.6  vb  kmeans  filo  P≈0.000595
11:48:35 | i 2 | [Phase 1/3] decompose  0.13s / — / —  λ=0.6  vb kmeans
11:48:55 | i 2 | [Phase 2/3] route  20.09s / 20.34s / 98.7%  filo  k=6
11:49:37 | i 1 | [ IMPROVE ] 37010.00  via bg_ails  ·  Δ_BKS=+1.76%
11:49:37 | i 1 | [ ASYNC BG] bg_ails  62.48s / 60.00s / 104.1%
11:49:37 | i 2 | [HAOS ROLL] k=6  λ=0.6  vb  kmeans  filo  P≈0.000595
11:49:37 | i 2 | [ Summary ] cost=43916.00  Δ_S*=+18.66%  Δ_BKS=+20.75%  Δ_S*_BKS=+1.76%  no_improve=1
11:49:37 | i 3 | [HAOS ROLL] k=2  λ=0.4  rb  ac_avg  pyvrp  P≈0.000992
11:49:37 | i 3 | [Phase 1/3] decompose  0.17s / — / —  λ=0.4  rb ac_avg
11:50:29 | i 3 | [Phase 2/3] route  52.05s / 50.16s / 103.8%  pyvrp  k=2
11:50:40 | i 2 | [ IMPROVE ] 36742.00  via bg_ails  ·  Δ_BKS=+1.02%
11:50:40 | i 2 | [ ASYNC BG] bg_ails  62.58s / 60.00s / 104.3%
11:50:40 | i 3 | [HAOS ROLL] k=2  λ=0.4  rb  ac_avg  pyvrp  P≈0.000992
11:50:40 | i 3 | [ Summary ] cost=37323.00  Δ_S*=+1.58%  Δ_BKS=+2.62%  Δ_S*_BKS=+1.02%  no_improve=1
11:50:40 | i 4 | [HAOS ROLL] k=10  λ=0.6  vb  ac_avg  filo2  P≈0.000595
11:50:40 | i 4 | [Phase 1/3] decompose  0.19s / — / —  λ=0.6  vb ac_avg
11:51:00 | i 4 | [Phase 2/3] route  20.08s / 14.34s / 140.1%  filo2  k=10
11:51:42 | i 3 | [ IMPROVE ] 36617.00  via bg_ails  ·  Δ_BKS=+0.68%
11:51:42 | i 3 | [ ASYNC BG] bg_ails  62.45s / 60.00s / 104.1%
11:51:42 | i 4 | [HAOS ROLL] k=10  λ=0.6  vb  ac_avg  filo2  P≈0.000595
11:51:42 | i 4 | [ Summary ] cost=47905.00  Δ_S*=+30.83%  Δ_BKS=+31.72%  Δ_S*_BKS=+0.68%  no_improve=1
11:51:42 | i 5 | [HAOS ROLL] k=3  λ=0.6  vb  ac_avg  filo  P≈0.000595
11:51:42 | i 5 | [Phase 1/3] decompose  0.18s / — / —  λ=0.6  vb ac_avg
11:52:41 | i 5 | [Phase 2/3] route  58.11s / 58.08s / 100.1%  filo  k=3
11:52:45 | i 4 | [ ASYNC BG] bg_ails  62.62s / 60.00s / 104.4%
11:52:45 | i 5 | [HAOS ROLL] k=3  λ=0.6  vb  ac_avg  filo  P≈0.000595
11:52:45 | i 5 | [ Summary ] cost=40262.00  Δ_S*=+9.95%  Δ_BKS=+10.70%  Δ_S*_BKS=+0.68%  no_improve=3
11:52:45 | i 6 | [HAOS ROLL] k=10  λ=0.6  rb  kmeans  filo  P≈0.000992
11:52:45 | i 6 | [Phase 1/3] decompose  0.14s / — / —  λ=0.6  rb kmeans
11:53:05 | i 6 | [Phase 2/3] route  20.08s / 17.76s / 113.1%  filo  k=10
11:53:47 | i 5 | [ ASYNC BG] bg_ails  62.56s / 60.00s / 104.3%
11:53:47 | i 6 | [ IMPROVE ] 36604.00  via decompose_route  ·  Δ_BKS=+0.64%
11:53:47 | i 6 | [HAOS ROLL] k=10  λ=0.6  rb  kmeans  filo  P≈0.000992
11:53:47 | i 6 | [ Summary ] cost=36604.00  Δ_S*=+0.00%  Δ_BKS=+0.64%  Δ_S*_BKS=+0.64%  no_improve=0
11:53:47 | i 7 | [HAOS ROLL] k=11  λ=0.8  vb  fcm  filo2  P≈0.000595
11:53:48 | i 7 | [Phase 1/3] decompose  0.22s / — / —  λ=0.8  vb fcm
11:54:07 | i 7 | [Phase 2/3] route  19.09s / 11.82s / 161.5%  filo2  k=11
11:54:50 | i 6 | [ ASYNC BG] bg_ails  62.59s / 60.00s / 104.3%
11:54:50 | i 7 | [HAOS ROLL] k=11  λ=0.8  vb  fcm  filo2  P≈0.000595
11:54:50 | i 7 | [ Summary ] cost=46906.00  Δ_S*=+28.14%  Δ_BKS=+28.97%  Δ_S*_BKS=+0.64%  no_improve=2
11:54:50 | i 8 | [HAOS ROLL] k=10  λ=0.2  rb  kmeans  filo  P≈0.000992
11:54:50 | i 8 | [Phase 1/3] decompose  0.15s / — / —  λ=0.2  rb kmeans
11:55:09 | i 8 | [Phase 2/3] route  19.09s / 17.76s / 107.5%  filo  k=10
11:55:53 | i 7 | [ ASYNC BG] bg_ails  62.56s / 60.00s / 104.3%
11:55:53 | i 8 | [HAOS ROLL] k=10  λ=0.2  rb  kmeans  filo  P≈0.000992
11:55:53 | i 8 | [ Summary ] cost=36604.00  Δ_S*=+0.00%  Δ_BKS=+0.64%  Δ_S*_BKS=+0.64%  no_improve=4
11:55:53 | i 9 | [HAOS ROLL] k=6  λ=0.2  vb  ac_avg  filo  P≈0.000595
11:55:53 | i 9 | [Phase 1/3] decompose  0.19s / — / —  λ=0.2  vb ac_avg
11:56:17 | i 9 | [Phase 2/3] route  24.08s / 23.70s / 101.6%  filo  k=6
11:56:55 | i 8 | [ ASYNC BG] bg_ails  62.60s / 60.00s / 104.3%
11:56:55 | i 9 | [HAOS ROLL] k=6  λ=0.2  vb  ac_avg  filo  P≈0.000595
11:56:55 | i 9 | [ Summary ] cost=43597.00  Δ_S*=+19.10%  Δ_BKS=+19.87%  Δ_S*_BKS=+0.64%  no_improve=6
11:56:55 | i 10 | [HAOS ROLL] k=4  λ=0.8  rb  ac_complete  filo2  P≈0.000992
11:56:55 | i 10 | [Phase 1/3] decompose  0.14s / — / —  λ=0.8  rb ac_complete
11:57:43 | i 10 | [Phase 2/3] route  48.11s / 47.94s / 100.4%  filo2  k=4
11:57:58 | i 9 | [ ASYNC BG] bg_ails  62.56s / 60.00s / 104.3%
11:57:58 | i 10 | [HAOS ROLL] k=4  λ=0.8  rb  ac_complete  filo2  P≈0.000992
11:57:58 | i 10 | [ Summary ] cost=36650.00  Δ_S*=+0.13%  Δ_BKS=+0.77%  Δ_S*_BKS=+0.64%  no_improve=8
11:57:58 | i 11 | [HAOS ROLL] k=8  λ=0.0  rb  ac_avg  pyvrp  P≈0.000992
11:57:58 | i 11 | [Phase 1/3] decompose  0.11s / — / —  λ=0.0  rb ac_avg
11:58:18 | i 11 | [Phase 2/3] route  19.74s / 19.32s / 102.2%  pyvrp  k=8
11:59:00 | i 10 | [ ASYNC BG] bg_ails  62.61s / 60.00s / 104.3%
11:59:00 | i 11 | [HAOS ROLL] k=8  λ=0.0  rb  ac_avg  pyvrp  P≈0.000992
11:59:00 | i 11 | [ Summary ] cost=36717.00  Δ_S*=+0.31%  Δ_BKS=+0.95%  Δ_S*_BKS=+0.64%  no_improve=10
11:59:00 | i 12 | [HAOS ROLL] k=3  λ=0.6  rb  ac_avg  pyvrp  P≈0.001064
11:59:01 | i 12 | [Phase 1/3] decompose  0.15s / — / —  λ=0.6  rb ac_avg
11:59:50 | i 12 | [Phase 2/3] route  49.71s / 47.94s / 103.7%  pyvrp  k=3
12:00:03 | i 11 | [ ASYNC BG] bg_ails  62.68s / 60.00s / 104.5%
12:00:03 | i 12 | [HAOS ROLL] k=3  λ=0.6  rb  ac_avg  pyvrp  P≈0.001064
12:00:03 | i 12 | [ Summary ] cost=37095.00  Δ_S*=+1.34%  Δ_BKS=+1.99%  Δ_S*_BKS=+0.64%  no_improve=12
12:00:03 | i 6 | [ASYNC 1/2] sp_sc  0.02s / 720.00s / 0.0%  SP  avg_coverage=9.94/5  pool=123
12:00:03 | i 6 | [ASYNC 2/2] standard_ails  362.38s / 360.00s / 100.7%
12:00:03 | i 6 | [ IMPROVE ] 36471.00  via standard_ails  ·  Δ_BKS=+0.28%
12:00:03 | i 13 | [HAOS ROLL] k=6  λ=0.6  vb  kmeans  filo2  P≈0.000523
12:00:03 | i 13 | [Phase 1/3] decompose  0.14s / — / —  λ=0.6  vb kmeans
12:00:22 | i 13 | [Phase 2/3] route  19.08s / 18.96s / 100.6%  filo2  k=6
12:01:06 | i 12 | [ ASYNC BG] bg_ails  62.60s / 60.00s / 104.3%
12:01:06 | i 13 | [HAOS ROLL] k=6  λ=0.6  vb  kmeans  filo2  P≈0.000523
12:01:06 | i 13 | [ Summary ] cost=42678.00  Δ_S*=+17.02%  Δ_BKS=+17.34%  Δ_S*_BKS=+0.28%  no_improve=2
12:01:06 | i 14 | [HAOS ROLL] k=8  λ=0.6  rb  ac_complete  filo  P≈0.001393
12:01:06 | i 14 | [Phase 1/3] decompose  0.14s / — / —  λ=0.6  rb ac_complete
12:01:26 | i 14 | [Phase 2/3] route  20.07s / 19.68s / 102.0%  filo  k=8
12:02:08 | i 13 | [ ASYNC BG] bg_ails  62.65s / 60.00s / 104.4%
12:02:08 | i 14 | [HAOS ROLL] k=8  λ=0.6  rb  ac_complete  filo  P≈0.001393
12:02:08 | i 14 | [ Summary ] cost=36491.00  Δ_S*=+0.05%  Δ_BKS=+0.33%  Δ_S*_BKS=+0.28%  no_improve=4
12:02:08 | i 15 | [HAOS ROLL] k=6  λ=1.0  vb  kmeans  ails2  P≈0.000267
12:02:09 | i 15 | [Phase 1/3] decompose  0.14s / — / —  λ=1.0  vb kmeans
12:02:28 | i 15 | [Phase 2/3] route  19.40s / 18.66s / 104.0%  ails2  k=6
12:03:11 | i 14 | [ ASYNC BG] bg_ails  62.56s / 60.00s / 104.3%
12:03:11 | i 15 | [HAOS ROLL] k=6  λ=1.0  vb  kmeans  ails2  P≈0.000267
12:03:11 | i 15 | [ Summary ] cost=43851.00  Δ_S*=+20.24%  Δ_BKS=+20.57%  Δ_S*_BKS=+0.28%  no_improve=6
12:03:11 | i 16 | [HAOS ROLL] k=11  λ=0.2  rb  kmeans  filo  P≈0.000988
12:03:11 | i 16 | [Phase 1/3] decompose  0.14s / — / —  λ=0.2  rb kmeans
12:03:31 | i 16 | [Phase 2/3] route  20.08s / 9.84s / 204.0%  filo  k=11
12:04:13 | i 15 | [ ASYNC BG] bg_ails  62.52s / 60.00s / 104.2%
12:04:13 | i 16 | [HAOS ROLL] k=11  λ=0.2  rb  kmeans  filo  P≈0.000988
12:04:13 | i 16 | [ Summary ] cost=36471.00  Δ_S*=+0.00%  Δ_BKS=+0.28%  Δ_S*_BKS=+0.28%  no_improve=8
12:04:13 | i 17 | [HAOS ROLL] k=3  λ=0.6  vb  ac_avg  filo2  P≈0.000375
12:04:14 | i 17 | [Phase 1/3] decompose  0.19s / — / —  λ=0.6  vb ac_avg
12:05:12 | i 17 | [Phase 2/3] route  58.11s / 58.08s / 100.1%  filo2  k=3
12:05:16 | i 16 | [ ASYNC BG] bg_ails  62.55s / 60.00s / 104.2%
12:05:16 | i 17 | [HAOS ROLL] k=3  λ=0.6  vb  ac_avg  filo2  P≈0.000375
12:05:16 | i 17 | [ Summary ] cost=40228.00  Δ_S*=+10.30%  Δ_BKS=+10.61%  Δ_S*_BKS=+0.28%  no_improve=10
12:05:16 | i 18 | [HAOS ROLL] k=10  λ=0.4  vb  kmeans  filo2  P≈0.000498
12:05:16 | i 18 | [Phase 1/3] decompose  0.14s / — / —  λ=0.4  vb kmeans
12:05:37 | i 18 | [Phase 2/3] route  21.08s / 11.82s / 178.4%  filo2  k=10
12:06:19 | i 17 | [ ASYNC BG] bg_ails  62.52s / 60.00s / 104.2%
12:06:19 | i 18 | [HAOS ROLL] k=10  λ=0.4  vb  kmeans  filo2  P≈0.000498
12:06:19 | i 18 | [ Summary ] cost=49169.00  Δ_S*=+34.82%  Δ_BKS=+35.19%  Δ_S*_BKS=+0.28%  no_improve=12
12:06:19 | i 19 | [HAOS ROLL] k=11  λ=0.0  vb  ac_avg  filo2  P≈0.000434
12:06:19 | i 19 | [Phase 1/3] decompose  0.15s / — / —  λ=0.0  vb ac_avg
12:06:38 | i 19 | [Phase 2/3] route  19.09s / 14.34s / 133.1%  filo2  k=11
12:07:21 | i 18 | [ ASYNC BG] bg_ails  62.57s / 60.00s / 104.3%
12:07:21 | i 19 | [HAOS ROLL] k=11  λ=0.0  vb  ac_avg  filo2  P≈0.000434
12:07:21 | i 19 | [ Summary ] cost=49538.00  Δ_S*=+35.83%  Δ_BKS=+36.21%  Δ_S*_BKS=+0.28%  no_improve=14
12:07:21 | i 20 | [HAOS ROLL] k=8  λ=0.6  rb  kmeans  filo  P≈0.002168
12:07:21 | i 20 | [Phase 1/3] decompose  0.14s / — / —  λ=0.6  rb kmeans
12:07:41 | i 20 | [Phase 2/3] route  20.08s / 19.68s / 102.0%  filo  k=8
12:08:24 | i 19 | [ ASYNC BG] bg_ails  62.54s / 60.00s / 104.2%
12:08:24 | i 20 | [HAOS ROLL] k=8  λ=0.6  rb  kmeans  filo  P≈0.002168
12:08:24 | i 20 | [ Summary ] cost=36474.00  Δ_S*=+0.01%  Δ_BKS=+0.29%  Δ_S*_BKS=+0.28%  no_improve=16
12:08:24 | i 21 | [HAOS ROLL] k=10  λ=0.6  rb  kmeans  filo  P≈0.003733
12:08:24 | i 21 | [Phase 1/3] decompose  0.14s / — / —  λ=0.6  rb kmeans
12:08:44 | i 21 | [Phase 2/3] route  20.08s / 19.68s / 102.0%  filo  k=10
12:09:26 | i 20 | [ ASYNC BG] bg_ails  62.54s / 60.00s / 104.2%
12:09:26 | i 21 | [HAOS ROLL] k=10  λ=0.6  rb  kmeans  filo  P≈0.003733
12:09:26 | i 21 | [ Summary ] cost=36471.00  Δ_S*=+0.00%  Δ_BKS=+0.28%  Δ_S*_BKS=+0.28%  no_improve=18
12:09:26 | i 22 | [HAOS ROLL] k=6  λ=0.0  rb  kmeans  pyvrp  P≈0.000981
12:09:26 | i 22 | [Phase 1/3] decompose  0.11s / — / —  λ=0.0  rb kmeans
12:09:57 | i 22 | [Phase 2/3] route  30.35s / 29.52s / 102.8%  pyvrp  k=6
12:10:29 | i 21 | [ ASYNC BG] bg_ails  62.56s / 60.00s / 104.3%
12:10:29 | i 22 | [HAOS ROLL] k=6  λ=0.0  rb  kmeans  pyvrp  P≈0.000981
12:10:29 | i 22 | [ Summary ] cost=36747.00  Δ_S*=+0.76%  Δ_BKS=+1.04%  Δ_S*_BKS=+0.28%  no_improve=20
12:10:29 | i 23 | [HAOS ROLL] k=6  λ=0.6  rb  kmeans  filo  P≈0.006482
12:10:29 | i 23 | [Phase 1/3] decompose  0.13s / — / —  λ=0.6  rb kmeans
12:10:57 | i 23 | [Phase 2/3] route  28.08s / 28.26s / 99.3%  filo  k=6
12:11:31 | i 22 | [ ASYNC BG] bg_ails  62.63s / 60.00s / 104.4%
12:11:31 | i 23 | [HAOS ROLL] k=6  λ=0.6  rb  kmeans  filo  P≈0.006482
12:11:31 | i 23 | [ Summary ] cost=36513.00  Δ_S*=+0.12%  Δ_BKS=+0.39%  Δ_S*_BKS=+0.28%  no_improve=22
12:11:31 | i 24 | [HAOS ROLL] k=8  λ=0.0  vb  fcm  pyvrp  P≈0.000395
12:11:32 | i 24 | [Phase 1/3] decompose  0.23s / — / —  λ=0.0  vb fcm
12:11:57 | i 24 | [Phase 2/3] route  24.97s / 13.80s / 181.0%  pyvrp  k=8
12:12:34 | i 23 | [ ASYNC BG] bg_ails  62.52s / 60.00s / 104.2%
12:12:34 | i 24 | [HAOS ROLL] k=8  λ=0.0  vb  fcm  pyvrp  P≈0.000395
12:12:34 | i 24 | [ Summary ] cost=48730.00  Δ_S*=+33.61%  Δ_BKS=+33.98%  Δ_S*_BKS=+0.28%  no_improve=24
12:12:34 | i 25 | [HAOS ROLL] k=11  λ=0.8  vb  kmeans  filo  P≈0.000498
12:12:34 | i 25 | [Phase 1/3] decompose  0.14s / — / —  λ=0.8  vb kmeans
12:12:53 | i 25 | [Phase 2/3] route  19.07s / 12.12s / 157.4%  filo  k=11
12:13:37 | i 24 | [ ASYNC BG] bg_ails  62.60s / 60.00s / 104.3%
12:13:37 | i 25 | [HAOS ROLL] k=11  λ=0.8  vb  kmeans  filo  P≈0.000498
12:13:37 | i 25 | [ Summary ] cost=47847.00  Δ_S*=+31.19%  Δ_BKS=+31.56%  Δ_S*_BKS=+0.28%  no_improve=26
12:13:37 | i 26 | [HAOS ROLL] k=8  λ=0.4  rb  kmeans  filo2  P≈0.001823
12:13:37 | i 26 | [Phase 1/3] decompose  0.14s / — / —  λ=0.4  rb kmeans
12:13:57 | i 26 | [Phase 2/3] route  20.09s / 19.68s / 102.1%  filo2  k=8
12:14:39 | i 25 | [ ASYNC BG] bg_ails  62.56s / 60.00s / 104.3%
12:14:39 | i 26 | [HAOS ROLL] k=8  λ=0.4  rb  kmeans  filo2  P≈0.001823
12:14:39 | i 26 | [ Summary ] cost=36542.00  Δ_S*=+0.19%  Δ_BKS=+0.47%  Δ_S*_BKS=+0.28%  no_improve=28
12:14:39 | i 27 | [HAOS ROLL] k=10  λ=0.6  vb  fcm  pyvrp  P≈0.000940
12:14:39 | i 27 | [Phase 1/3] decompose  0.19s / — / —  λ=0.6  vb fcm
12:15:01 | i 27 | [Phase 2/3] route  21.39s / 12.00s / 178.3%  pyvrp  k=10
12:15:42 | i 26 | [ ASYNC BG] bg_ails  62.58s / 60.00s / 104.3%
12:15:42 | i 27 | [HAOS ROLL] k=10  λ=0.6  vb  fcm  pyvrp  P≈0.000940
12:15:42 | i 27 | [ Summary ] cost=48567.00  Δ_S*=+33.17%  Δ_BKS=+33.54%  Δ_S*_BKS=+0.28%  no_improve=30
12:15:42 | i 28 | [HAOS ROLL] k=11  λ=0.0  rb  kmeans  filo  P≈0.003961
12:15:42 | i 28 | [Phase 1/3] decompose  0.11s / — / —  λ=0.0  rb kmeans
12:16:02 | i 28 | [Phase 2/3] route  20.07s / 9.84s / 204.0%  filo  k=11
12:16:44 | i 27 | [ ASYNC BG] bg_ails  62.54s / 60.00s / 104.2%
12:16:44 | i 28 | [HAOS ROLL] k=11  λ=0.0  rb  kmeans  filo  P≈0.003961
12:16:44 | i 28 | [ Summary ] cost=36471.00  Δ_S*=+0.00%  Δ_BKS=+0.28%  Δ_S*_BKS=+0.28%  no_improve=32
12:16:44 | i 29 | [HAOS ROLL] k=4  λ=0.0  rb  kmeans  filo  P≈0.002748
12:16:44 | i 29 | [Phase 1/3] decompose  0.11s / — / —  λ=0.0  rb kmeans
12:17:24 | i 29 | [Phase 2/3] route  39.09s / 39.30s / 99.5%  filo  k=4
12:17:47 | i 28 | [ ASYNC BG] bg_ails  62.61s / 60.00s / 104.4%
12:17:47 | i 29 | [HAOS ROLL] k=4  λ=0.0  rb  kmeans  filo  P≈0.002748
12:17:47 | i 29 | [ Summary ] cost=36558.00  Δ_S*=+0.24%  Δ_BKS=+0.52%  Δ_S*_BKS=+0.28%  no_improve=34
12:17:47 | i 30 | [HAOS ROLL] k=10  λ=0.0  rb  kmeans  pyvrp  P≈0.004224
12:17:47 | i 30 | [Phase 1/3] decompose  0.11s / — / —  λ=0.0  rb kmeans
12:18:07 | i 30 | [Phase 2/3] route  20.12s / 19.68s / 102.2%  pyvrp  k=10
12:18:50 | i 29 | [ ASYNC BG] bg_ails  62.63s / 60.00s / 104.4%
12:18:50 | i 30 | [HAOS ROLL] k=10  λ=0.0  rb  kmeans  pyvrp  P≈0.004224
12:18:50 | i 30 | [ Summary ] cost=36595.00  Δ_S*=+0.34%  Δ_BKS=+0.62%  Δ_S*_BKS=+0.28%  no_improve=36
12:18:50 | i 31 | [HAOS ROLL] k=2  λ=0.0  vb  ac_complete  filo  P≈0.000620
12:18:50 | i 31 | [Phase 1/3] decompose  0.16s / — / —  λ=0.0  vb ac_complete
12:19:40 | i 31 | [Phase 2/3] route  50.10s / 49.92s / 100.4%  filo  k=2
12:19:52 | i 30 | [ ASYNC BG] bg_ails  62.61s / 60.00s / 104.3%
12:19:52 | i 31 | [HAOS ROLL] k=2  λ=0.0  vb  ac_complete  filo  P≈0.000620
12:19:52 | i 31 | [ Summary ] cost=38727.00  Δ_S*=+6.19%  Δ_BKS=+6.48%  Δ_S*_BKS=+0.28%  no_improve=38
12:19:52 | i 32 | [HAOS ROLL] k=4  λ=0.4  vb  fcm  filo  P≈0.000682
12:19:52 | i 32 | [Phase 1/3] decompose  0.15s / — / —  λ=0.4  vb fcm
12:20:18 | i 32 | [Phase 2/3] route  26.09s / 26.04s / 100.2%  filo  k=4
12:20:55 | i 31 | [ ASYNC BG] bg_ails  62.49s / 60.00s / 104.1%
12:20:55 | i 32 | [HAOS ROLL] k=4  λ=0.4  vb  fcm  filo  P≈0.000682
12:20:55 | i 32 | [ Summary ] cost=41743.00  Δ_S*=+14.46%  Δ_BKS=+14.77%  Δ_S*_BKS=+0.28%  no_improve=40
12:20:55 | i 26 | [ASYNC 1/2] sp_sc  0.23s / 720.00s / 0.0%  SP  avg_coverage=43.84/5  pool=521
12:20:55 | i 26 | [ASYNC 2/2] standard_ails  362.57s / 360.00s / 100.7%
12:20:55 | i 33 | [HAOS ROLL] k=3  λ=0.4  vb  ac_avg  filo2  P≈0.000222
12:20:55 | i 33 | [Phase 1/3] decompose  0.18s / — / —  λ=0.4  vb ac_avg
12:21:53 | i 33 | [Phase 2/3] route  58.10s / 58.08s / 100.0%  filo2  k=3
12:21:57 | i 32 | [ ASYNC BG] bg_ails  62.51s / 60.00s / 104.2%
12:21:57 | i 33 | [HAOS ROLL] k=3  λ=0.4  vb  ac_avg  filo2  P≈0.000222
12:21:57 | i 33 | [ Summary ] cost=40280.00  Δ_S*=+10.44%  Δ_BKS=+10.75%  Δ_S*_BKS=+0.28%  no_improve=43
12:21:57 | i 34 | [HAOS ROLL] k=4  λ=0.0  rb  ac_avg  filo2  P≈0.000893
12:21:57 | i 34 | [Phase 1/3] decompose  0.10s / — / —  λ=0.0  rb ac_avg
12:22:33 | i 34 | [Phase 2/3] route  36.08s / 35.64s / 101.2%  filo2  k=4
12:23:00 | i 33 | [ ASYNC BG] bg_ails  62.54s / 60.00s / 104.2%
12:23:00 | i 34 | [HAOS ROLL] k=4  λ=0.0  rb  ac_avg  filo2  P≈0.000893
12:23:00 | i 34 | [ Summary ] cost=36525.00  Δ_S*=+0.15%  Δ_BKS=+0.43%  Δ_S*_BKS=+0.28%  no_improve=45
12:23:00 | i 35 | [HAOS ROLL] k=10  λ=0.4  rb  ac_complete  filo  P≈0.001049
12:23:00 | i 35 | [Phase 1/3] decompose  0.13s / — / —  λ=0.4  rb ac_complete
12:23:20 | i 35 | [Phase 2/3] route  20.08s / 19.68s / 102.0%  filo  k=10
12:24:02 | i 34 | [ ASYNC BG] bg_ails  62.53s / 60.00s / 104.2%
12:24:02 | i 35 | [HAOS ROLL] k=10  λ=0.4  rb  ac_complete  filo  P≈0.001049
12:24:02 | i 35 | [ Summary ] cost=36493.00  Δ_S*=+0.06%  Δ_BKS=+0.34%  Δ_S*_BKS=+0.28%  no_improve=47
12:24:02 | i 36 | [HAOS ROLL] k=4  λ=1.0  rb  kmeans  filo  P≈0.002004
12:24:02 | i 36 | [Phase 1/3] decompose  0.14s / — / —  λ=1.0  rb kmeans
12:24:36 | i 36 | [Phase 2/3] route  33.08s / 32.76s / 101.0%  filo  k=4
12:25:05 | i 35 | [ ASYNC BG] bg_ails  62.55s / 60.00s / 104.3%
12:25:05 | i 36 | [HAOS ROLL] k=4  λ=1.0  rb  kmeans  filo  P≈0.002004
12:25:05 | i 36 | [ Summary ] cost=36558.00  Δ_S*=+0.24%  Δ_BKS=+0.52%  Δ_S*_BKS=+0.28%  no_improve=49
12:25:05 | i 37 | [HAOS ROLL] k=8  λ=1.0  vb  ac_avg  pyvrp  P≈0.000289
12:25:05 | i 37 | [Phase 1/3] decompose  0.18s / — / —  λ=1.0  vb ac_avg
12:25:28 | i 37 | [Phase 2/3] route  22.51s / 17.40s / 129.4%  pyvrp  k=8
12:26:08 | i 36 | [ ASYNC BG] bg_ails  62.70s / 60.00s / 104.5%
12:26:08 | i 37 | [HAOS ROLL] k=8  λ=1.0  vb  ac_avg  pyvrp  P≈0.000289
12:26:08 | i 37 | [ Summary ] cost=45100.00  Δ_S*=+23.66%  Δ_BKS=+24.00%  Δ_S*_BKS=+0.28%  no_improve=51
12:26:08 | i 38 | [HAOS ROLL] k=4  λ=0.4  vb  ac_complete  pyvrp  P≈0.000606
12:26:08 | i 38 | [Phase 1/3] decompose  0.18s / — / —  λ=0.4  vb ac_complete
12:26:42 | i 38 | [Phase 2/3] route  33.86s / 32.94s / 102.8%  pyvrp  k=4
12:27:10 | i 37 | [ ASYNC BG] bg_ails  62.61s / 60.00s / 104.3%
12:27:10 | i 38 | [HAOS ROLL] k=4  λ=0.4  vb  ac_complete  pyvrp  P≈0.000606
12:27:10 | i 38 | [ Summary ] cost=41885.00  Δ_S*=+14.84%  Δ_BKS=+15.16%  Δ_S*_BKS=+0.28%  no_improve=53
12:27:10 | i 39 | [HAOS ROLL] k=10  λ=0.6  rb  kmeans  ails2  P≈0.001104
12:27:10 | i 39 | [Phase 1/3] decompose  0.14s / — / —  λ=0.6  rb kmeans
12:27:31 | i 39 | [Phase 2/3] route  20.56s / 19.68s / 104.5%  ails2  k=10
12:28:13 | i 38 | [ ASYNC BG] bg_ails  62.62s / 60.00s / 104.4%
12:28:13 | i 39 | [HAOS ROLL] k=10  λ=0.6  rb  kmeans  ails2  P≈0.001104
12:28:13 | i 39 | [ Summary ] cost=36494.00  Δ_S*=+0.06%  Δ_BKS=+0.34%  Δ_S*_BKS=+0.28%  no_improve=55
12:28:13 | i 40 | [HAOS ROLL] k=4  λ=0.8  rb  ac_complete  ails2  P≈0.000357
12:28:13 | i 40 | [Phase 1/3] decompose  0.14s / — / —  λ=0.8  rb ac_complete
12:28:49 | i 40 | [Phase 2/3] route  36.50s / 35.64s / 102.4%  ails2  k=4
12:29:15 | i 39 | [ ASYNC BG] bg_ails  62.51s / 60.00s / 104.2%
12:29:15 | i 40 | [HAOS ROLL] k=4  λ=0.8  rb  ac_complete  ails2  P≈0.000357
12:29:15 | i 40 | [ Summary ] cost=36514.00  Δ_S*=+0.12%  Δ_BKS=+0.40%  Δ_S*_BKS=+0.28%  no_improve=57
12:29:15 | i 41 | [HAOS ROLL] k=8  λ=0.8  rb  ac_complete  filo  P≈0.001030
12:29:15 | i 41 | [Phase 1/3] decompose  0.14s / — / —  λ=0.8  rb ac_complete
12:29:36 | i 41 | [Phase 2/3] route  20.09s / 19.68s / 102.1%  filo  k=8
12:30:18 | i 40 | [ ASYNC BG] bg_ails  62.73s / 60.00s / 104.6%
12:30:18 | i 41 | [HAOS ROLL] k=8  λ=0.8  rb  ac_complete  filo  P≈0.001030
12:30:18 | i 41 | [ Summary ] cost=36492.00  Δ_S*=+0.06%  Δ_BKS=+0.34%  Δ_S*_BKS=+0.28%  no_improve=59
12:30:18 | i 42 | [HAOS ROLL] k=3  λ=0.2  rb  ac_complete  ails2  P≈0.000340
12:30:18 | i 42 | [Phase 1/3] decompose  0.13s / — / —  λ=0.2  rb ac_complete
12:30:55 | i 42 | [Phase 2/3] route  36.45s / 35.64s / 102.3%  ails2  k=3
12:31:21 | i 41 | [ ASYNC BG] bg_ails  62.57s / 60.00s / 104.3%
12:31:21 | i 42 | [HAOS ROLL] k=3  λ=0.2  rb  ac_complete  ails2  P≈0.000340
12:31:21 | i 42 | [ Summary ] cost=36498.00  Δ_S*=+0.07%  Δ_BKS=+0.35%  Δ_S*_BKS=+0.28%  no_improve=61
12:31:21 | i 43 | [HAOS ROLL] k=4  λ=0.2  rb  ac_avg  pyvrp  P≈0.000649
12:31:21 | i 43 | [Phase 1/3] decompose  0.13s / — / —  λ=0.2  rb ac_avg
12:31:58 | i 43 | [Phase 2/3] route  36.78s / 35.64s / 103.2%  pyvrp  k=4
12:32:23 | i 42 | [ ASYNC BG] bg_ails  62.62s / 60.00s / 104.4%
12:32:23 | i 43 | [HAOS ROLL] k=4  λ=0.2  rb  ac_avg  pyvrp  P≈0.000649
12:32:23 | i 43 | [ Summary ] cost=36867.00  Δ_S*=+1.09%  Δ_BKS=+1.37%  Δ_S*_BKS=+0.28%  no_improve=63
12:32:23 | i 44 | [HAOS ROLL] k=10  λ=0.0  vb  ac_complete  filo  P≈0.000889
12:32:23 | i 44 | [Phase 1/3] decompose  0.14s / — / —  λ=0.0  vb ac_complete
12:32:44 | i 44 | [Phase 2/3] route  20.08s / 13.20s / 152.1%  filo  k=10
12:33:26 | i 43 | [ ASYNC BG] bg_ails  62.47s / 60.00s / 104.1%
12:33:26 | i 44 | [HAOS ROLL] k=10  λ=0.0  vb  ac_complete  filo  P≈0.000889
12:33:26 | i 44 | [ Summary ] cost=49150.00  Δ_S*=+34.76%  Δ_BKS=+35.14%  Δ_S*_BKS=+0.28%  no_improve=65
12:33:26 | i 45 | [HAOS ROLL] k=6  λ=0.4  vb  kmeans  ails2  P≈0.000246
12:33:26 | i 45 | [Phase 1/3] decompose  0.13s / — / —  λ=0.4  vb kmeans
12:33:47 | i 45 | [Phase 2/3] route  21.41s / 20.34s / 105.3%  ails2  k=6
12:34:28 | i 44 | [ ASYNC BG] bg_ails  62.51s / 60.00s / 104.2%
12:34:28 | i 45 | [HAOS ROLL] k=6  λ=0.4  vb  kmeans  ails2  P≈0.000246
12:34:28 | i 45 | [ Summary ] cost=43936.00  Δ_S*=+20.47%  Δ_BKS=+20.80%  Δ_S*_BKS=+0.28%  no_improve=67
12:34:28 | i 46 | [HAOS ROLL] k=10  λ=1.0  vb  ac_avg  filo2  P≈0.000292
12:34:28 | i 46 | [Phase 1/3] decompose  0.18s / — / —  λ=1.0  vb ac_avg
12:34:49 | i 46 | [Phase 2/3] route  20.09s / 14.34s / 140.1%  filo2  k=10
12:35:31 | i 45 | [ ASYNC BG] bg_ails  62.53s / 60.00s / 104.2%
12:35:31 | i 46 | [HAOS ROLL] k=10  λ=1.0  vb  ac_avg  filo2  P≈0.000292
12:35:31 | i 46 | [ Summary ] cost=47880.00  Δ_S*=+31.28%  Δ_BKS=+31.65%  Δ_S*_BKS=+0.28%  no_improve=69
12:35:31 | i 47 | [HAOS ROLL] k=8  λ=1.0  rb  ac_avg  ails2  P≈0.000585
12:35:31 | i 47 | [Phase 1/3] decompose  0.13s / — / —  λ=1.0  rb ac_avg
12:35:51 | i 47 | [Phase 2/3] route  20.42s / 19.68s / 103.8%  ails2  k=8
12:36:33 | i 46 | [ ASYNC BG] bg_ails  62.61s / 60.00s / 104.3%
12:36:33 | i 47 | [HAOS ROLL] k=8  λ=1.0  rb  ac_avg  ails2  P≈0.000585
12:36:33 | i 47 | [ Summary ] cost=36534.00  Δ_S*=+0.17%  Δ_BKS=+0.45%  Δ_S*_BKS=+0.28%  no_improve=71
12:36:33 | i 48 | [HAOS ROLL] k=4  λ=0.0  vb  ac_avg  ails2  P≈0.001132
12:36:34 | i 48 | [Phase 1/3] decompose  0.16s / — / —  λ=0.0  vb ac_avg
12:37:11 | i 48 | [Phase 2/3] route  37.47s / 36.66s / 102.2%  ails2  k=4
12:37:36 | i 47 | [ ASYNC BG] bg_ails  62.71s / 60.00s / 104.5%
12:37:36 | i 48 | [HAOS ROLL] k=4  λ=0.0  vb  ac_avg  ails2  P≈0.001132
12:37:36 | i 48 | [ Summary ] cost=41560.00  Δ_S*=+13.95%  Δ_BKS=+14.27%  Δ_S*_BKS=+0.28%  no_improve=73
12:37:36 | i 49 | [HAOS ROLL] k=6  λ=1.0  rb  kmeans  filo2  P≈0.000998
12:37:36 | i 49 | [Phase 1/3] decompose  0.21s / — / —  λ=1.0  rb kmeans
12:38:06 | i 49 | [Phase 2/3] route  30.09s / 29.52s / 101.9%  filo2  k=6
12:38:39 | i 48 | [ ASYNC BG] bg_ails  62.66s / 60.00s / 104.4%
12:38:39 | i 49 | [HAOS ROLL] k=6  λ=1.0  rb  kmeans  filo2  P≈0.000998
12:38:39 | i 49 | [ Summary ] cost=36478.00  Δ_S*=+0.02%  Δ_BKS=+0.30%  Δ_S*_BKS=+0.28%  no_improve=75
12:38:39 | i 50 | [HAOS ROLL] k=4  λ=0.0  vb  kmeans  pyvrp  P≈0.000818
12:38:39 | i 50 | [Phase 1/3] decompose  0.10s / — / —  λ=0.0  vb kmeans
12:39:07 | i 50 | [Phase 2/3] route  27.68s / 27.00s / 102.5%  pyvrp  k=4
12:39:41 | i 49 | [ ASYNC BG] bg_ails  62.58s / 60.00s / 104.3%
12:39:41 | i 50 | [HAOS ROLL] k=4  λ=0.0  vb  kmeans  pyvrp  P≈0.000818
12:39:41 | i 50 | [ Summary ] cost=42123.00  Δ_S*=+15.50%  Δ_BKS=+15.82%  Δ_S*_BKS=+0.28%  no_improve=77
12:39:41 | i 51 | [HAOS ROLL] k=4  λ=1.0  vb  kmeans  filo  P≈0.001281
12:39:42 | i 51 | [Phase 1/3] decompose  0.13s / — / —  λ=1.0  vb kmeans
12:40:09 | i 51 | [Phase 2/3] route  27.11s / 27.00s / 100.4%  filo  k=4
12:40:44 | i 50 | [ ASYNC BG] bg_ails  62.54s / 60.00s / 104.2%
12:40:44 | i 51 | [HAOS ROLL] k=4  λ=1.0  vb  kmeans  filo  P≈0.001281
12:40:44 | i 51 | [ Summary ] cost=41925.00  Δ_S*=+14.95%  Δ_BKS=+15.27%  Δ_S*_BKS=+0.28%  no_improve=79
12:40:44 | i 52 | [HAOS ROLL] k=4  λ=0.0  rb  kmeans  filo  P≈0.004511
12:40:44 | i 52 | [Phase 1/3] decompose  0.10s / — / —  λ=0.0  rb kmeans
12:41:20 | i 52 | [Phase 2/3] route  36.08s / 35.64s / 101.2%  filo  k=4
12:41:47 | i 51 | [ ASYNC BG] bg_ails  62.56s / 60.00s / 104.3%
12:41:47 | i 52 | [HAOS ROLL] k=4  λ=0.0  rb  kmeans  filo  P≈0.004511
12:41:47 | i 52 | [ Summary ] cost=36485.00  Δ_S*=+0.04%  Δ_BKS=+0.32%  Δ_S*_BKS=+0.28%  no_improve=81
12:41:47 | i 46 | [ASYNC 1/2] sp_sc  1.01s / 720.00s / 0.1%  SP  avg_coverage=76.24/5  pool=893
12:41:47 | i 46 | [ASYNC 2/2] standard_ails  362.56s / 360.00s / 100.7%
12:41:47 | i 46 | [ IMPROVE ] 36466.00  via standard_ails  ·  Δ_BKS=+0.26%
12:41:47 | i 53 | [HAOS ROLL] k=6  λ=0.2  vb  kmeans  pyvrp  P≈0.000430
12:41:47 | i 53 | [Phase 1/3] decompose  0.13s / — / —  λ=0.2  vb kmeans
12:42:11 | i 53 | [Phase 2/3] route  23.79s / 23.28s / 102.2%  pyvrp  k=6
12:42:49 | i 52 | [ ASYNC BG] bg_ails  62.53s / 60.00s / 104.2%
12:42:49 | i 53 | [HAOS ROLL] k=6  λ=0.2  vb  kmeans  pyvrp  P≈0.000430
12:42:49 | i 53 | [ Summary ] cost=44223.00  Δ_S*=+21.27%  Δ_BKS=+21.59%  Δ_S*_BKS=+0.26%  no_improve=2
12:42:49 | i 54 | [HAOS ROLL] k=4  λ=0.0  rb  ac_complete  pyvrp  P≈0.002842
12:42:49 | i 54 | [Phase 1/3] decompose  0.10s / — / —  λ=0.0  rb ac_complete
12:43:26 | i 54 | [Phase 2/3] route  36.95s / 35.82s / 103.1%  pyvrp  k=4
12:43:52 | i 53 | [ ASYNC BG] bg_ails  62.62s / 60.00s / 104.4%
12:43:52 | i 54 | [HAOS ROLL] k=4  λ=0.0  rb  ac_complete  pyvrp  P≈0.002842
12:43:52 | i 54 | [ Summary ] cost=37097.00  Δ_S*=+1.73%  Δ_BKS=+2.00%  Δ_S*_BKS=+0.26%  no_improve=4
12:43:52 | i 55 | [HAOS ROLL] k=4  λ=0.0  vb  kmedoids  filo  P≈0.001396
12:43:52 | i 55 | [Phase 1/3] decompose  0.32s / — / —  λ=0.0  vb kmedoids
12:44:19 | i 55 | [Phase 2/3] route  27.09s / 27.42s / 98.8%  filo  k=4
12:44:54 | i 54 | [ ASYNC BG] bg_ails  62.59s / 60.00s / 104.3%
12:44:54 | i 55 | [HAOS ROLL] k=4  λ=0.0  vb  kmedoids  filo  P≈0.001396
12:44:54 | i 55 | [ Summary ] cost=42050.00  Δ_S*=+15.31%  Δ_BKS=+15.62%  Δ_S*_BKS=+0.26%  no_improve=6
12:44:54 | i 56 | [HAOS ROLL] k=4  λ=0.8  rb  ac_avg  ails2  P≈0.001463
12:44:54 | i 56 | [Phase 1/3] decompose  0.13s / — / —  λ=0.8  rb ac_avg
12:45:31 | i 56 | [Phase 2/3] route  36.52s / 35.82s / 102.0%  ails2  k=4
12:45:57 | i 55 | [ ASYNC BG] bg_ails  62.64s / 60.00s / 104.4%
12:45:57 | i 56 | [HAOS ROLL] k=4  λ=0.8  rb  ac_avg  ails2  P≈0.001463
12:45:57 | i 56 | [ Summary ] cost=36472.00  Δ_S*=+0.02%  Δ_BKS=+0.28%  Δ_S*_BKS=+0.26%  no_improve=8
12:45:57 | i 57 | [HAOS ROLL] k=4  λ=0.8  rb  ac_avg  filo2  P≈0.001761
12:45:57 | i 57 | [Phase 1/3] decompose  0.14s / — / —  λ=0.8  rb ac_avg
12:46:33 | i 57 | [Phase 2/3] route  36.10s / 35.82s / 100.8%  filo2  k=4
12:47:00 | i 56 | [ ASYNC BG] bg_ails  62.60s / 60.00s / 104.3%
12:47:00 | i 57 | [HAOS ROLL] k=4  λ=0.8  rb  ac_avg  filo2  P≈0.001761
12:47:00 | i 57 | [ Summary ] cost=36467.00  Δ_S*=+0.00%  Δ_BKS=+0.27%  Δ_S*_BKS=+0.26%  no_improve=10
12:47:00 | i 58 | [HAOS ROLL] k=4  λ=1.0  vb  kmedoids  filo  P≈0.001275
12:47:00 | i 58 | [Phase 1/3] decompose  0.19s / — / —  λ=1.0  vb kmedoids
12:47:28 | i 58 | [Phase 2/3] route  28.09s / 27.78s / 101.1%  filo  k=4
12:48:02 | i 57 | [ ASYNC BG] bg_ails  62.55s / 60.00s / 104.2%
12:48:02 | i 58 | [HAOS ROLL] k=4  λ=1.0  vb  kmedoids  filo  P≈0.001275
12:48:02 | i 58 | [ Summary ] cost=42192.00  Δ_S*=+15.70%  Δ_BKS=+16.01%  Δ_S*_BKS=+0.26%  no_improve=12
12:48:02 | i 59 | [HAOS ROLL] k=3  λ=0.8  rb  ac_avg  filo2  P≈0.001074
12:48:02 | i 59 | [Phase 1/3] decompose  0.13s / — / —  λ=0.8  rb ac_avg
12:48:38 | i 59 | [Phase 2/3] route  36.09s / 35.82s / 100.8%  filo2  k=3
12:49:05 | i 58 | [ ASYNC BG] bg_ails  62.62s / 60.00s / 104.4%
12:49:05 | i 59 | [HAOS ROLL] k=3  λ=0.8  rb  ac_avg  filo2  P≈0.001074
12:49:05 | i 59 | [ Summary ] cost=36478.00  Δ_S*=+0.03%  Δ_BKS=+0.30%  Δ_S*_BKS=+0.26%  no_improve=14
12:49:05 | i 60 | [HAOS ROLL] k=4  λ=0.0  vb  kmeans  ails2  P≈0.002747
12:49:05 | i 60 | [Phase 1/3] decompose  0.10s / — / —  λ=0.0  vb kmeans
12:49:33 | i 60 | [Phase 2/3] route  28.39s / 27.00s / 105.1%  ails2  k=4
12:50:07 | i 59 | [ ASYNC BG] bg_ails  62.64s / 60.00s / 104.4%
12:50:07 | i 60 | [HAOS ROLL] k=4  λ=0.0  vb  kmeans  ails2  P≈0.002747
12:50:07 | i 60 | [ Summary ] cost=41871.00  Δ_S*=+14.82%  Δ_BKS=+15.13%  Δ_S*_BKS=+0.26%  no_improve=16
12:50:07 | i 61 | [HAOS ROLL] k=6  λ=0.8  rb  ac_complete  filo  P≈0.001536
12:50:08 | i 61 | [Phase 1/3] decompose  0.13s / — / —  λ=0.8  rb ac_complete
12:50:37 | i 61 | [Phase 2/3] route  29.11s / 29.10s / 100.0%  filo  k=6
12:51:10 | i 60 | [ ASYNC BG] bg_ails  62.53s / 60.00s / 104.2%
12:51:10 | i 61 | [HAOS ROLL] k=6  λ=0.8  rb  ac_complete  filo  P≈0.001536
12:51:10 | i 61 | [ Summary ] cost=36469.00  Δ_S*=+0.01%  Δ_BKS=+0.27%  Δ_S*_BKS=+0.26%  no_improve=18
12:51:10 | i 62 | [HAOS ROLL] k=4  λ=0.0  vb  kmeans  filo  P≈0.003931
12:51:10 | i 62 | [Phase 1/3] decompose  0.10s / — / —  λ=0.0  vb kmeans
12:51:37 | i 62 | [Phase 2/3] route  27.09s / 26.70s / 101.5%  filo  k=4
12:52:12 | i 61 | [ ASYNC BG] bg_ails  62.53s / 60.00s / 104.2%
12:52:12 | i 62 | [HAOS ROLL] k=4  λ=0.0  vb  kmeans  filo  P≈0.003931
12:52:12 | i 62 | [ Summary ] cost=41832.00  Δ_S*=+14.72%  Δ_BKS=+15.02%  Δ_S*_BKS=+0.26%  no_improve=20
12:52:12 | i 63 | [HAOS ROLL] k=4  λ=1.0  rb  ac_avg  ails2  P≈0.003553
12:52:13 | i 63 | [Phase 1/3] decompose  0.13s / — / —  λ=1.0  rb ac_avg
12:52:49 | i 63 | [Phase 2/3] route  36.55s / 35.82s / 102.0%  ails2  k=4
12:53:15 | i 62 | [ ASYNC BG] bg_ails  62.60s / 60.00s / 104.3%
12:53:15 | i 63 | [HAOS ROLL] k=4  λ=1.0  rb  ac_avg  ails2  P≈0.003553
12:53:15 | i 63 | [ Summary ] cost=36508.00  Δ_S*=+0.12%  Δ_BKS=+0.38%  Δ_S*_BKS=+0.26%  no_improve=22
12:53:15 | i 64 | [HAOS ROLL] k=3  λ=0.0  rb  ac_avg  filo  P≈0.003317
12:53:15 | i 64 | [Phase 1/3] decompose  0.10s / — / —  λ=0.0  rb ac_avg
12:53:51 | i 64 | [Phase 2/3] route  36.08s / 35.82s / 100.7%  filo  k=3
12:54:18 | i 63 | [ ASYNC BG] bg_ails  62.54s / 60.00s / 104.2%
12:54:18 | i 64 | [HAOS ROLL] k=3  λ=0.0  rb  ac_avg  filo  P≈0.003317
12:54:18 | i 64 | [ Summary ] cost=36508.00  Δ_S*=+0.12%  Δ_BKS=+0.38%  Δ_S*_BKS=+0.26%  no_improve=24
12:54:18 | i 65 | [HAOS ROLL] k=4  λ=0.8  rb  ac_complete  ails2  P≈0.004560
12:54:18 | i 65 | [Phase 1/3] decompose  0.13s / — / —  λ=0.8  rb ac_complete
12:54:54 | i 65 | [Phase 2/3] route  36.53s / 35.82s / 102.0%  ails2  k=4
12:55:20 | i 64 | [ ASYNC BG] bg_ails  62.45s / 60.00s / 104.1%
12:55:20 | i 65 | [HAOS ROLL] k=4  λ=0.8  rb  ac_complete  ails2  P≈0.004560
12:55:20 | i 65 | [ Summary ] cost=36466.00  Δ_S*=+0.00%  Δ_BKS=+0.26%  Δ_S*_BKS=+0.26%  no_improve=26
12:55:20 | i 66 | [HAOS ROLL] k=4  λ=0.4  rb  ac_complete  pyvrp  P≈0.000989
12:55:20 | i 66 | [Phase 1/3] decompose  0.13s / — / —  λ=0.4  rb ac_complete
12:55:57 | i 66 | [Phase 2/3] route  36.93s / 35.82s / 103.1%  pyvrp  k=4
12:56:23 | i 65 | [ ASYNC BG] bg_ails  62.63s / 60.00s / 104.4%
12:56:23 | i 66 | [HAOS ROLL] k=4  λ=0.4  rb  ac_complete  pyvrp  P≈0.000989
12:56:23 | i 66 | [ Summary ] cost=36703.00  Δ_S*=+0.65%  Δ_BKS=+0.92%  Δ_S*_BKS=+0.26%  no_improve=28
12:56:23 | i 67 | [HAOS ROLL] k=4  λ=0.2  rb  ac_complete  filo  P≈0.003173
12:56:23 | i 67 | [Phase 1/3] decompose  0.13s / — / —  λ=0.2  rb ac_complete
12:56:59 | i 67 | [Phase 2/3] route  36.09s / 35.82s / 100.8%  filo  k=4
12:57:25 | i 66 | [ ASYNC BG] bg_ails  62.53s / 60.00s / 104.2%
12:57:25 | i 67 | [HAOS ROLL] k=4  λ=0.2  rb  ac_complete  filo  P≈0.003173
12:57:25 | i 67 | [ Summary ] cost=36479.00  Δ_S*=+0.04%  Δ_BKS=+0.30%  Δ_S*_BKS=+0.26%  no_improve=30
12:57:25 | i 68 | [HAOS ROLL] k=8  λ=0.0  rb  kmeans  ails2  P≈0.000786
12:57:25 | i 68 | [Phase 1/3] decompose  0.17s / — / —  λ=0.0  rb kmeans
12:57:47 | i 68 | [Phase 2/3] route  21.55s / 19.32s / 111.5%  ails2  k=8
12:58:28 | i 67 | [ ASYNC BG] bg_ails  62.48s / 60.00s / 104.1%
12:58:28 | i 68 | [HAOS ROLL] k=8  λ=0.0  rb  kmeans  ails2  P≈0.000786
12:58:28 | i 68 | [ Summary ] cost=36478.00  Δ_S*=+0.03%  Δ_BKS=+0.30%  Δ_S*_BKS=+0.26%  no_improve=32
12:58:28 | i 69 | [HAOS ROLL] k=8  λ=0.0  rb  ac_complete  filo  P≈0.002767
12:58:28 | i 69 | [Phase 1/3] decompose  0.10s / — / —  λ=0.0  rb ac_complete
12:58:47 | i 69 | [Phase 2/3] route  19.08s / 19.32s / 98.8%  filo  k=8
12:59:30 | i 68 | [ ASYNC BG] bg_ails  62.55s / 60.00s / 104.2%
12:59:30 | i 69 | [ IMPROVE ] 36465.00  via decompose_route  ·  Δ_BKS=+0.26%
12:59:30 | i 69 | [HAOS ROLL] k=8  λ=0.0  rb  ac_complete  filo  P≈0.002767
12:59:30 | i 69 | [ Summary ] cost=36465.00  Δ_S*=+0.00%  Δ_BKS=+0.26%  Δ_S*_BKS=+0.26%  no_improve=0
12:59:30 | i 70 | [HAOS ROLL] k=10  λ=0.8  rb  ac_complete  pyvrp  P≈0.000667
12:59:30 | i 70 | [Phase 1/3] decompose  0.13s / — / —  λ=0.8  rb ac_complete
12:59:50 | i 70 | [Phase 2/3] route  19.76s / 19.32s / 102.3%  pyvrp  k=10
13:00:33 | i 69 | [ ASYNC BG] bg_ails  62.61s / 60.00s / 104.3%
13:00:33 | i 70 | [HAOS ROLL] k=10  λ=0.8  rb  ac_complete  pyvrp  P≈0.000667
13:00:33 | i 70 | [ Summary ] cost=36548.00  Δ_S*=+0.23%  Δ_BKS=+0.49%  Δ_S*_BKS=+0.26%  no_improve=2
13:00:33 | i 71 | [HAOS ROLL] k=4  λ=1.0  rb  ac_complete  ails2  P≈0.004865
13:00:33 | i 71 | [Phase 1/3] decompose  0.14s / — / —  λ=1.0  rb ac_complete
13:01:10 | i 71 | [Phase 2/3] route  36.53s / 35.82s / 102.0%  ails2  k=4
13:01:35 | i 70 | [ ASYNC BG] bg_ails  62.60s / 60.00s / 104.3%
13:01:35 | i 71 | [HAOS ROLL] k=4  λ=1.0  rb  ac_complete  ails2  P≈0.004865
13:01:36 | i 71 | [ Summary ] cost=36484.00  Δ_S*=+0.05%  Δ_BKS=+0.31%  Δ_S*_BKS=+0.26%  no_improve=4
13:01:36 | i 72 | [HAOS ROLL] k=8  λ=1.0  vb  kmedoids  filo  P≈0.000451
13:01:36 | i 72 | [Phase 1/3] decompose  0.21s / — / —  λ=1.0  vb kmedoids
13:02:02 | i 72 | [Phase 2/3] route  26.09s / 14.58s / 178.9%  filo  k=8
13:02:38 | i 71 | [ ASYNC BG] bg_ails  62.63s / 60.00s / 104.4%
13:02:38 | i 72 | [HAOS ROLL] k=8  λ=1.0  vb  kmedoids  filo  P≈0.000451
13:02:38 | i 72 | [ Summary ] cost=47872.00  Δ_S*=+31.28%  Δ_BKS=+31.62%  Δ_S*_BKS=+0.26%  no_improve=6
13:02:38 | i 66 | [ASYNC 1/2] sp_sc  2.17s / 720.00s / 0.3%  SP  avg_coverage=113.04/5  pool=1308
13:02:38 | i 66 | [ASYNC 2/2] standard_ails  362.43s / 360.00s / 100.7%
13:02:39 | i 73 | [HAOS ROLL] k=4  λ=0.8  rb  ac_complete  filo2  P≈0.005147
13:02:39 | i 73 | [Phase 1/3] decompose  0.13s / — / —  λ=0.8  rb ac_complete
13:03:15 | i 73 | [Phase 2/3] route  36.10s / 35.82s / 100.8%  filo2  k=4
13:03:41 | i 72 | [ ASYNC BG] bg_ails  62.58s / 60.00s / 104.3%
13:03:41 | i 73 | [HAOS ROLL] k=4  λ=0.8  rb  ac_complete  filo2  P≈0.005147
13:03:41 | i 73 | [ Summary ] cost=36607.00  Δ_S*=+0.39%  Δ_BKS=+0.65%  Δ_S*_BKS=+0.26%  no_improve=9
13:03:41 | i 74 | [HAOS ROLL] k=2  λ=0.0  rb  ac_complete  filo2  P≈0.001691
13:03:41 | i 74 | [Phase 1/3] decompose  0.10s / — / —  λ=0.0  rb ac_complete
13:04:44 | i 74 | [Phase 2/3] route  63.12s / 63.36s / 99.6%  filo2  k=2
13:04:44 | i 73 | [ ASYNC BG] bg_ails  62.60s / 60.00s / 104.3%
13:04:44 | i 74 | [HAOS ROLL] k=2  λ=0.0  rb  ac_complete  filo2  P≈0.001691
13:04:44 | i 74 | [ Summary ] cost=36753.00  Δ_S*=+0.79%  Δ_BKS=+1.05%  Δ_S*_BKS=+0.26%  no_improve=11
13:04:44 | i 75 | [HAOS ROLL] k=2  λ=0.0  rb  ac_avg  ails2  P≈0.001377
13:04:44 | i 75 | [Phase 1/3] decompose  0.10s / — / —  λ=0.0  rb ac_avg
13:05:50 | i 75 | [Phase 2/3] route  65.71s / 64.92s / 101.2%  ails2  k=2
13:05:50 | i 74 | [ ASYNC BG] bg_ails  63.49s / 61.84s / 102.7%
13:05:50 | i 75 | [HAOS ROLL] k=2  λ=0.0  rb  ac_avg  ails2  P≈0.001377
13:05:50 | i 75 | [ Summary ] cost=36604.00  Δ_S*=+0.38%  Δ_BKS=+0.64%  Δ_S*_BKS=+0.26%  no_improve=13
13:05:50 | i 76 | [HAOS ROLL] k=11  λ=0.4  rb  ac_complete  filo2  P≈0.000571
13:05:50 | i 76 | [Phase 1/3] decompose  0.13s / — / —  λ=0.4  rb ac_complete
13:06:10 | i 76 | [Phase 2/3] route  20.09s / 10.20s / 197.0%  filo2  k=11
13:06:55 | i 75 | [ ASYNC BG] bg_ails  65.55s / 63.36s / 103.5%
13:06:55 | i 76 | [HAOS ROLL] k=11  λ=0.4  rb  ac_complete  filo2  P≈0.000571
13:06:55 | i 76 | [ Summary ] cost=36465.00  Δ_S*=+0.00%  Δ_BKS=+0.26%  Δ_S*_BKS=+0.26%  no_improve=15
13:06:55 | i 77 | [HAOS ROLL] k=2  λ=0.8  vb  kmeans  ails2  P≈0.000544
13:06:56 | i 77 | [Phase 1/3] decompose  0.14s / — / —  λ=0.8  vb kmeans
13:07:49 | i 77 | [Phase 2/3] route  53.58s / 52.26s / 102.5%  ails2  k=2
13:07:58 | i 76 | [ ASYNC BG] bg_ails  62.54s / 60.00s / 104.2%
13:07:58 | i 77 | [HAOS ROLL] k=2  λ=0.8  vb  kmeans  ails2  P≈0.000544
13:07:58 | i 77 | [ Summary ] cost=38406.00  Δ_S*=+5.32%  Δ_BKS=+5.60%  Δ_S*_BKS=+0.26%  no_improve=17
13:07:58 | i 78 | [HAOS ROLL] k=4  λ=0.8  rb  ac_complete  pyvrp  P≈0.005424
13:07:58 | i 78 | [Phase 1/3] decompose  0.13s / — / —  λ=0.8  rb ac_complete
13:08:35 | i 78 | [Phase 2/3] route  37.01s / 35.82s / 103.3%  pyvrp  k=4
13:09:01 | i 77 | [ ASYNC BG] bg_ails  62.58s / 60.00s / 104.3%
13:09:01 | i 78 | [HAOS ROLL] k=4  λ=0.8  rb  ac_complete  pyvrp  P≈0.005424
13:09:01 | i 78 | [ Summary ] cost=36771.00  Δ_S*=+0.84%  Δ_BKS=+1.10%  Δ_S*_BKS=+0.26%  no_improve=19
13:09:01 | i 79 | [HAOS ROLL] k=6  λ=0.8  vb  kmedoids  ails2  P≈0.000338
13:09:01 | i 79 | [Phase 1/3] decompose  0.18s / — / —  λ=0.8  vb kmedoids
13:09:24 | i 79 | [Phase 2/3] route  23.42s / 22.02s / 106.4%  ails2  k=6
13:10:03 | i 78 | [ ASYNC BG] bg_ails  62.62s / 60.00s / 104.4%
13:10:03 | i 79 | [HAOS ROLL] k=6  λ=0.8  vb  kmedoids  ails2  P≈0.000338
13:10:03 | i 79 | [ Summary ] cost=44019.00  Δ_S*=+20.72%  Δ_BKS=+21.03%  Δ_S*_BKS=+0.26%  no_improve=21
13:10:03 | i 80 | [HAOS ROLL] k=2  λ=0.8  rb  ac_avg  ails2  P≈0.003611
13:10:03 | i 80 | [Phase 1/3] decompose  0.13s / — / —  λ=0.8  rb ac_avg
13:11:09 | i 80 | [Phase 2/3] route  65.72s / 64.92s / 101.2%  ails2  k=2
13:11:09 | i 79 | [ ASYNC BG] bg_ails  62.56s / 60.00s / 104.3%
13:11:09 | i 80 | [HAOS ROLL] k=2  λ=0.8  rb  ac_avg  ails2  P≈0.003611
13:11:09 | i 80 | [ Summary ] cost=36514.00  Δ_S*=+0.13%  Δ_BKS=+0.40%  Δ_S*_BKS=+0.26%  no_improve=23
13:11:09 | i 81 | [HAOS ROLL] k=8  λ=0.0  rb  ac_complete  filo  P≈0.002920
13:11:09 | i 81 | [Phase 1/3] decompose  0.10s / — / —  λ=0.0  rb ac_complete
13:11:28 | i 81 | [Phase 2/3] route  19.10s / 19.32s / 98.9%  filo  k=8
13:12:15 | i 80 | [ ASYNC BG] bg_ails  65.59s / 63.36s / 103.5%
13:12:15 | i 81 | [ IMPROVE ] 36456.00  via decompose_route  ·  Δ_BKS=+0.24%
13:12:15 | i 81 | [HAOS ROLL] k=8  λ=0.0  rb  ac_complete  filo  P≈0.002920
13:12:15 | i 81 | [ Summary ] cost=36456.00  Δ_S*=+0.00%  Δ_BKS=+0.24%  Δ_S*_BKS=+0.24%  no_improve=0
13:12:15 | i 82 | [HAOS ROLL] k=8  λ=0.2  rb  ac_avg  filo  P≈0.000918
13:12:15 | i 82 | [Phase 1/3] decompose  0.13s / — / —  λ=0.2  rb ac_avg
13:12:34 | i 82 | [Phase 2/3] route  19.08s / 19.32s / 98.7%  filo  k=8
13:13:17 | i 81 | [ ASYNC BG] bg_ails  62.54s / 60.00s / 104.2%
13:13:17 | i 82 | [HAOS ROLL] k=8  λ=0.2  rb  ac_avg  filo  P≈0.000918
13:13:17 | i 82 | [ Summary ] cost=36456.00  Δ_S*=+0.00%  Δ_BKS=+0.24%  Δ_S*_BKS=+0.24%  no_improve=2
13:13:17 | i 83 | [HAOS ROLL] k=6  λ=0.6  rb  ac_avg  filo2  P≈0.000330
13:13:17 | i 83 | [Phase 1/3] decompose  0.13s / — / —  λ=0.6  rb ac_avg
13:13:47 | i 83 | [Phase 2/3] route  29.09s / 29.10s / 100.0%  filo2  k=6
13:14:20 | i 82 | [ ASYNC BG] bg_ails  62.61s / 60.00s / 104.4%
13:14:20 | i 83 | [HAOS ROLL] k=6  λ=0.6  rb  ac_avg  filo2  P≈0.000330
13:14:20 | i 83 | [ Summary ] cost=36502.00  Δ_S*=+0.13%  Δ_BKS=+0.36%  Δ_S*_BKS=+0.24%  no_improve=4
13:14:20 | i 84 | [HAOS ROLL] k=4  λ=0.4  vb  kmeans  filo2  P≈0.000261
13:14:20 | i 84 | [Phase 1/3] decompose  0.13s / — / —  λ=0.4  vb kmeans
13:14:47 | i 84 | [Phase 2/3] route  27.08s / 26.58s / 101.9%  filo2  k=4
13:15:22 | i 83 | [ ASYNC BG] bg_ails  62.59s / 60.00s / 104.3%
13:15:22 | i 84 | [HAOS ROLL] k=4  λ=0.4  vb  kmeans  filo2  P≈0.000261
13:15:22 | i 84 | [ Summary ] cost=41868.00  Δ_S*=+14.85%  Δ_BKS=+15.12%  Δ_S*_BKS=+0.24%  no_improve=6
13:15:22 | i 85 | [HAOS ROLL] k=8  λ=0.2  vb  fcm  filo2  P≈0.000192
13:15:23 | i 85 | [Phase 1/3] decompose  0.19s / — / —  λ=0.2  vb fcm
13:15:48 | i 85 | [Phase 2/3] route  25.09s / 13.80s / 181.8%  filo2  k=8
13:16:25 | i 84 | [ ASYNC BG] bg_ails  62.49s / 60.00s / 104.1%
13:16:25 | i 85 | [HAOS ROLL] k=8  λ=0.2  vb  fcm  filo2  P≈0.000192
13:16:25 | i 85 | [ Summary ] cost=48610.00  Δ_S*=+33.34%  Δ_BKS=+33.65%  Δ_S*_BKS=+0.24%  no_improve=8
13:16:25 | i 86 | [HAOS ROLL] k=3  λ=0.4  vb  kmedoids  filo  P≈0.000127
13:16:25 | i 86 | [Phase 1/3] decompose  0.17s / — / —  λ=0.4  vb kmedoids
13:17:05 | i 86 | [Phase 2/3] route  40.10s / 39.72s / 100.9%  filo  k=3
13:17:28 | i 85 | [ ASYNC BG] bg_ails  62.63s / 60.00s / 104.4%
13:17:28 | i 86 | [HAOS ROLL] k=3  λ=0.4  vb  kmedoids  filo  P≈0.000127
13:17:28 | i 86 | [ Summary ] cost=41320.00  Δ_S*=+13.34%  Δ_BKS=+13.61%  Δ_S*_BKS=+0.24%  no_improve=10
13:17:28 | i 87 | [HAOS ROLL] k=10  λ=0.6  rb  ac_complete  filo  P≈0.000862
13:17:28 | i 87 | [Phase 1/3] decompose  0.13s / — / —  λ=0.6  rb ac_complete
13:17:47 | i 87 | [Phase 2/3] route  19.09s / 19.32s / 98.8%  filo  k=10
13:18:30 | i 86 | [ ASYNC BG] bg_ails  62.59s / 60.00s / 104.3%
13:18:30 | i 87 | [HAOS ROLL] k=10  λ=0.6  rb  ac_complete  filo  P≈0.000862
13:18:30 | i 87 | [ Summary ] cost=36466.00  Δ_S*=+0.03%  Δ_BKS=+0.26%  Δ_S*_BKS=+0.24%  no_improve=12
13:18:30 | i 88 | [HAOS ROLL] k=8  λ=0.0  vb  fcm  pyvrp  P≈0.000391
13:18:30 | i 88 | [Phase 1/3] decompose  0.21s / — / —  λ=0.0  vb fcm
13:18:55 | i 88 | [Phase 2/3] route  24.91s / 13.80s / 180.5%  pyvrp  k=8
13:19:33 | i 87 | [ ASYNC BG] bg_ails  62.63s / 60.00s / 104.4%
13:19:33 | i 88 | [HAOS ROLL] k=8  λ=0.0  vb  fcm  pyvrp  P≈0.000391
13:19:33 | i 88 | [ Summary ] cost=48733.00  Δ_S*=+33.68%  Δ_BKS=+33.99%  Δ_S*_BKS=+0.24%  no_improve=14
13:19:33 | i 89 | [HAOS ROLL] k=4  λ=0.8  rb  ac_avg  filo2  P≈0.004636
13:19:33 | i 89 | [Phase 1/3] decompose  0.13s / — / —  λ=0.8  rb ac_avg
13:20:09 | i 89 | [Phase 2/3] route  36.09s / 35.82s / 100.8%  filo2  k=4
13:20:35 | i 88 | [ ASYNC BG] bg_ails  62.54s / 60.00s / 104.2%
13:20:35 | i 89 | [HAOS ROLL] k=4  λ=0.8  rb  ac_avg  filo2  P≈0.004636
13:20:35 | i 89 | [ Summary ] cost=36523.00  Δ_S*=+0.18%  Δ_BKS=+0.42%  Δ_S*_BKS=+0.24%  no_improve=16
13:20:35 | i 90 | [HAOS ROLL] k=8  λ=0.4  vb  fcm  filo2  P≈0.000654
13:20:36 | i 90 | [Phase 1/3] decompose  0.19s / — / —  λ=0.4  vb fcm
13:21:00 | i 90 | [Phase 2/3] route  24.10s / 13.80s / 174.6%  filo2  k=8
13:21:38 | i 89 | [ ASYNC BG] bg_ails  62.56s / 60.00s / 104.3%
13:21:38 | i 90 | [HAOS ROLL] k=8  λ=0.4  vb  fcm  filo2  P≈0.000654
13:21:38 | i 90 | [ Summary ] cost=48616.00  Δ_S*=+33.36%  Δ_BKS=+33.67%  Δ_S*_BKS=+0.24%  no_improve=18
13:21:38 | i 91 | [HAOS ROLL] k=4  λ=0.2  rb  ac_complete  filo  P≈0.003815
13:21:38 | i 91 | [Phase 1/3] decompose  0.14s / — / —  λ=0.2  rb ac_complete
13:22:14 | i 91 | [Phase 2/3] route  36.09s / 35.82s / 100.8%  filo  k=4
13:22:40 | i 90 | [ ASYNC BG] bg_ails  62.51s / 60.00s / 104.2%
13:22:40 | i 91 | [HAOS ROLL] k=4  λ=0.2  rb  ac_complete  filo  P≈0.003815
13:22:41 | i 91 | [ Summary ] cost=36653.00  Δ_S*=+0.54%  Δ_BKS=+0.78%  Δ_S*_BKS=+0.24%  no_improve=20
13:22:41 | i 85 | [ASYNC 1/2] sp_sc  3.62s / 720.00s / 0.5%  SP  avg_coverage=141.75/5  pool=1634
13:22:41 | i 85 | [ASYNC 2/2] standard_ails  362.41s / 360.00s / 100.7%
13:22:41 | i 85 | [ IMPROVE ] 36436.00  via standard_ails  ·  Δ_BKS=+0.18%
13:22:41 | i 92 | [HAOS ROLL] k=10  λ=0.2  rb  kmeans  filo2  P≈0.000324
13:22:42 | i 92 | [Phase 1/3] decompose  0.14s / — / —  λ=0.2  rb kmeans
13:23:01 | i 92 | [Phase 2/3] route  19.10s / 19.32s / 98.9%  filo2  k=10
13:23:43 | i 91 | [ ASYNC BG] bg_ails  62.50s / 60.00s / 104.2%
13:23:43 | i 92 | [HAOS ROLL] k=10  λ=0.2  rb  kmeans  filo2  P≈0.000324
13:23:43 | i 92 | [ Summary ] cost=36442.00  Δ_S*=+0.02%  Δ_BKS=+0.20%  Δ_S*_BKS=+0.18%  no_improve=2
13:23:43 | i 93 | [HAOS ROLL] k=11  λ=0.0  rb  kmeans  ails2  P≈0.000271
13:23:43 | i 93 | [Phase 1/3] decompose  0.10s / — / —  λ=0.0  rb kmeans
13:24:04 | i 93 | [Phase 2/3] route  20.61s / 10.20s / 202.1%  ails2  k=11
13:24:46 | i 92 | [ ASYNC BG] bg_ails  62.53s / 60.00s / 104.2%
13:24:46 | i 93 | [HAOS ROLL] k=11  λ=0.0  rb  kmeans  ails2  P≈0.000271
13:24:46 | i 93 | [ Summary ] cost=36436.00  Δ_S*=+0.00%  Δ_BKS=+0.18%  Δ_S*_BKS=+0.18%  no_improve=4
13:24:46 | i 94 | [HAOS ROLL] k=10  λ=0.2  vb  ac_avg  filo2  P≈0.000203
13:24:46 | i 94 | [Phase 1/3] decompose  0.18s / — / —  λ=0.2  vb ac_avg
13:25:06 | i 94 | [Phase 2/3] route  20.10s / 14.34s / 140.2%  filo2  k=10
13:25:48 | i 93 | [ ASYNC BG] bg_ails  62.58s / 60.00s / 104.3%
13:25:48 | i 94 | [HAOS ROLL] k=10  λ=0.2  vb  ac_avg  filo2  P≈0.000203
13:25:48 | i 94 | [ Summary ] cost=47886.00  Δ_S*=+31.42%  Δ_BKS=+31.66%  Δ_S*_BKS=+0.18%  no_improve=6
13:25:48 | i 95 | [HAOS ROLL] k=4  λ=0.4  rb  ac_avg  filo2  P≈0.004618
13:25:48 | i 95 | [Phase 1/3] decompose  0.13s / — / —  λ=0.4  rb ac_avg
13:26:24 | i 95 | [Phase 2/3] route  36.10s / 35.82s / 100.8%  filo2  k=4
13:26:51 | i 94 | [ ASYNC BG] bg_ails  62.56s / 60.00s / 104.3%
13:26:51 | i 95 | [HAOS ROLL] k=4  λ=0.4  rb  ac_avg  filo2  P≈0.004618
13:26:51 | i 95 | [ Summary ] cost=36561.00  Δ_S*=+0.34%  Δ_BKS=+0.53%  Δ_S*_BKS=+0.18%  no_improve=8
13:26:51 | i 96 | [HAOS ROLL] k=3  λ=1.0  rb  ac_complete  filo2  P≈0.000680
13:26:51 | i 96 | [Phase 1/3] decompose  0.13s / — / —  λ=1.0  rb ac_complete
13:27:27 | i 96 | [Phase 2/3] route  36.08s / 35.82s / 100.7%  filo2  k=3
13:27:53 | i 95 | [ ASYNC BG] bg_ails  62.63s / 60.00s / 104.4%
13:27:53 | i 96 | [HAOS ROLL] k=3  λ=1.0  rb  ac_complete  filo2  P≈0.000680
13:27:53 | i 96 | [ Summary ] cost=36492.00  Δ_S*=+0.15%  Δ_BKS=+0.34%  Δ_S*_BKS=+0.18%  no_improve=10
13:27:53 | i 97 | [HAOS ROLL] k=4  λ=0.2  rb  ac_avg  filo  P≈0.003734
13:27:53 | i 97 | [Phase 1/3] decompose  0.13s / — / —  λ=0.2  rb ac_avg
13:28:30 | i 97 | [Phase 2/3] route  36.09s / 35.82s / 100.7%  filo  k=4
13:28:56 | i 96 | [ ASYNC BG] bg_ails  62.67s / 60.00s / 104.5%
13:28:56 | i 97 | [HAOS ROLL] k=4  λ=0.2  rb  ac_avg  filo  P≈0.003734
13:28:56 | i 97 | [ Summary ] cost=36653.00  Δ_S*=+0.60%  Δ_BKS=+0.78%  Δ_S*_BKS=+0.18%  no_improve=12
13:28:56 | i 98 | [HAOS ROLL] k=4  λ=0.0  rb  ac_avg  ails2  P≈0.005325
13:28:56 | i 98 | [Phase 1/3] decompose  0.10s / — / —  λ=0.0  rb ac_avg
13:29:33 | i 98 | [Phase 2/3] route  36.44s / 35.82s / 101.7%  ails2  k=4
13:29:59 | i 97 | [ ASYNC BG] bg_ails  62.65s / 60.00s / 104.4%
13:29:59 | i 98 | [HAOS ROLL] k=4  λ=0.0  rb  ac_avg  ails2  P≈0.005325
13:29:59 | i 98 | [ Summary ] cost=36460.00  Δ_S*=+0.07%  Δ_BKS=+0.25%  Δ_S*_BKS=+0.18%  no_improve=14
13:29:59 | i 99 | [HAOS ROLL] k=8  λ=1.0  rb  kmeans  filo2  P≈0.000589
13:29:59 | i 99 | [Phase 1/3] decompose  0.13s / — / —  λ=1.0  rb kmeans
13:30:28 | i 99 | [Phase 2/3] route  29.09s / 29.10s / 100.0%  filo2  k=8
13:31:01 | i 98 | [ ASYNC BG] bg_ails  62.51s / 60.00s / 104.2%
13:31:01 | i 99 | [HAOS ROLL] k=8  λ=1.0  rb  kmeans  filo2  P≈0.000589
13:31:01 | i 99 | [ Summary ] cost=36465.00  Δ_S*=+0.08%  Δ_BKS=+0.26%  Δ_S*_BKS=+0.18%  no_improve=16
13:31:01 | i 100 | [HAOS ROLL] k=4  λ=0.0  vb  kmeans  filo  P≈0.000965
13:31:01 | i 100 | [Phase 1/3] decompose  0.09s / — / —  λ=0.0  vb kmeans
13:31:28 | i 100 | [Phase 2/3] route  27.09s / 26.94s / 100.6%  filo  k=4
13:32:04 | i 99 | [ ASYNC BG] bg_ails  62.54s / 60.00s / 104.2%
13:32:04 | i 100 | [HAOS ROLL] k=4  λ=0.0  vb  kmeans  filo  P≈0.000965
13:32:04 | i 100 | [ Summary ] cost=41951.00  Δ_S*=+15.14%  Δ_BKS=+15.35%  Δ_S*_BKS=+0.18%  no_improve=18
13:32:04 | i 101 | [HAOS ROLL] k=3  λ=0.4  rb  kmeans  filo  P≈0.000307
13:32:04 | i 101 | [Phase 1/3] decompose  0.13s / — / —  λ=0.4  rb kmeans
13:32:40 | i 101 | [Phase 2/3] route  36.09s / 35.82s / 100.8%  filo  k=3
13:33:06 | i 100 | [ ASYNC BG] bg_ails  62.55s / 60.00s / 104.3%
13:33:06 | i 101 | [HAOS ROLL] k=3  λ=0.4  rb  kmeans  filo  P≈0.000307
13:33:06 | i 101 | [ Summary ] cost=36562.00  Δ_S*=+0.35%  Δ_BKS=+0.53%  Δ_S*_BKS=+0.18%  no_improve=20
13:33:06 | i 102 | [HAOS ROLL] k=4  λ=0.0  rb  ac_avg  filo2  P≈0.012458
13:33:06 | i 102 | [Phase 1/3] decompose  0.10s / — / —  λ=0.0  rb ac_avg
13:33:43 | i 102 | [Phase 2/3] route  36.10s / 35.82s / 100.8%  filo2  k=4
13:34:09 | i 101 | [ ASYNC BG] bg_ails  62.58s / 60.00s / 104.3%
13:34:09 | i 102 | [HAOS ROLL] k=4  λ=0.0  rb  ac_avg  filo2  P≈0.012458
13:34:09 | i 102 | [ Summary ] cost=36522.00  Δ_S*=+0.24%  Δ_BKS=+0.42%  Δ_S*_BKS=+0.18%  no_improve=22
13:34:09 | i 103 | [HAOS ROLL] k=4  λ=0.2  rb  ac_complete  filo  P≈0.005861
13:34:09 | i 103 | [Phase 1/3] decompose  0.13s / — / —  λ=0.2  rb ac_complete
13:34:45 | i 103 | [Phase 2/3] route  36.08s / 35.82s / 100.7%  filo  k=4
13:35:11 | i 102 | [ ASYNC BG] bg_ails  62.47s / 60.00s / 104.1%
13:35:11 | i 103 | [HAOS ROLL] k=4  λ=0.2  rb  ac_complete  filo  P≈0.005861
13:35:11 | i 103 | [ Summary ] cost=36516.00  Δ_S*=+0.22%  Δ_BKS=+0.40%  Δ_S*_BKS=+0.18%  no_improve=24
13:35:11 | i 104 | [HAOS ROLL] k=3  λ=0.2  rb  kmeans  filo  P≈0.001166
13:35:12 | i 104 | [Phase 1/3] decompose  0.13s / — / —  λ=0.2  rb kmeans
13:35:48 | i 104 | [Phase 2/3] route  36.09s / 35.82s / 100.8%  filo  k=3
13:36:14 | i 103 | [ ASYNC BG] bg_ails  62.53s / 60.00s / 104.2%
13:36:14 | i 104 | [HAOS ROLL] k=3  λ=0.2  rb  kmeans  filo  P≈0.001166
13:36:14 | i 104 | [ Summary ] cost=36525.00  Δ_S*=+0.24%  Δ_BKS=+0.43%  Δ_S*_BKS=+0.18%  no_improve=26
13:36:14 | i 105 | [HAOS ROLL] k=4  λ=0.4  rb  ac_complete  ails2  P≈0.004256
13:36:14 | i 105 | [Phase 1/3] decompose  0.13s / — / —  λ=0.4  rb ac_complete
13:36:51 | i 105 | [Phase 2/3] route  36.54s / 35.82s / 102.0%  ails2  k=4
13:37:17 | i 104 | [ ASYNC BG] bg_ails  62.65s / 60.00s / 104.4%
13:37:17 | i 105 | [ IMPROVE ] 36433.00  via decompose_route  ·  Δ_BKS=+0.17%
13:37:17 | i 105 | [HAOS ROLL] k=4  λ=0.4  rb  ac_complete  ails2  P≈0.004256
13:37:17 | i 105 | [ Summary ] cost=36433.00  Δ_S*=+0.00%  Δ_BKS=+0.17%  Δ_S*_BKS=+0.17%  no_improve=0
13:37:17 | i 106 | [HAOS ROLL] k=4  λ=0.0  rb  ac_complete  filo2  P≈0.013739
13:37:17 | i 106 | [Phase 1/3] decompose  0.10s / — / —  λ=0.0  rb ac_complete
13:37:51 | i 106 | [Phase 2/3] route  34.09s / 34.26s / 99.5%  filo2  k=4
13:38:19 | i 105 | [ ASYNC BG] bg_ails  62.61s / 60.00s / 104.4%
13:38:19 | i 106 | [HAOS ROLL] k=4  λ=0.0  rb  ac_complete  filo2  P≈0.013739
13:38:19 | i 106 | [ Summary ] cost=36507.00  Δ_S*=+0.20%  Δ_BKS=+0.38%  Δ_S*_BKS=+0.17%  no_improve=2
13:38:19 | i 107 | [HAOS ROLL] k=3  λ=0.6  rb  ac_complete  filo2  P≈0.001265
13:38:19 | i 107 | [Phase 1/3] decompose  0.13s / — / —  λ=0.6  rb ac_complete
13:38:57 | i 107 | [Phase 2/3] route  38.10s / 38.10s / 100.0%  filo2  k=3
13:39:22 | i 106 | [ ASYNC BG] bg_ails  62.56s / 60.00s / 104.3%
13:39:22 | i 107 | [HAOS ROLL] k=3  λ=0.6  rb  ac_complete  filo2  P≈0.001265
13:39:22 | i 107 | [ Summary ] cost=36461.00  Δ_S*=+0.08%  Δ_BKS=+0.25%  Δ_S*_BKS=+0.17%  no_improve=4
13:39:22 | i 108 | [HAOS ROLL] k=2  λ=0.2  rb  ac_avg  ails2  P≈0.000663
13:39:22 | i 108 | [Phase 1/3] decompose  0.13s / — / —  λ=0.2  rb ac_avg
13:40:28 | i 108 | [Phase 2/3] route  65.64s / 64.92s / 101.1%  ails2  k=2
13:40:28 | i 107 | [ ASYNC BG] bg_ails  62.61s / 60.00s / 104.4%
13:40:28 | i 108 | [HAOS ROLL] k=2  λ=0.2  rb  ac_avg  ails2  P≈0.000663
13:40:28 | i 108 | [ Summary ] cost=36734.00  Δ_S*=+0.83%  Δ_BKS=+1.00%  Δ_S*_BKS=+0.17%  no_improve=6
13:40:28 | i 109 | [HAOS ROLL] k=4  λ=0.8  rb  kmeans  ails2  P≈0.003304
13:40:28 | i 109 | [Phase 1/3] decompose  0.13s / — / —  λ=0.8  rb kmeans
13:41:07 | i 109 | [Phase 2/3] route  39.51s / 38.52s / 102.6%  ails2  k=4
13:41:33 | i 108 | [ ASYNC BG] bg_ails  65.61s / 63.36s / 103.5%
13:41:33 | i 109 | [HAOS ROLL] k=4  λ=0.8  rb  kmeans  ails2  P≈0.003304
13:41:33 | i 109 | [ Summary ] cost=36699.00  Δ_S*=+0.73%  Δ_BKS=+0.90%  Δ_S*_BKS=+0.17%  no_improve=8
13:41:33 | i 110 | [HAOS ROLL] k=4  λ=0.6  rb  ac_avg  filo  P≈0.003106
13:41:33 | i 110 | [Phase 1/3] decompose  0.13s / — / —  λ=0.6  rb ac_avg
13:42:09 | i 110 | [Phase 2/3] route  36.10s / 35.82s / 100.8%  filo  k=4
13:42:36 | i 109 | [ ASYNC BG] bg_ails  62.58s / 60.00s / 104.3%
13:42:36 | i 110 | [HAOS ROLL] k=4  λ=0.6  rb  ac_avg  filo  P≈0.003106
13:42:36 | i 110 | [ Summary ] cost=36581.00  Δ_S*=+0.41%  Δ_BKS=+0.58%  Δ_S*_BKS=+0.17%  no_improve=10
13:42:36 | i 111 | [HAOS ROLL] k=4  λ=0.0  rb  ac_complete  ails2  P≈0.010964
13:42:36 | i 111 | [Phase 1/3] decompose  0.10s / — / —  λ=0.0  rb ac_complete
13:43:11 | i 111 | [Phase 2/3] route  35.40s / 34.26s / 103.3%  ails2  k=4
13:43:38 | i 110 | [ ASYNC BG] bg_ails  62.50s / 60.00s / 104.2%
13:43:38 | i 111 | [HAOS ROLL] k=4  λ=0.0  rb  ac_complete  ails2  P≈0.010964
13:43:38 | i 111 | [ Summary ] cost=36513.00  Δ_S*=+0.22%  Δ_BKS=+0.39%  Δ_S*_BKS=+0.17%  no_improve=12
13:43:38 | i 105 | [ASYNC 1/2] sp_sc  6.16s / 720.00s / 0.9%  SP  avg_coverage=171.94/5  pool=1972
13:43:38 | i 105 | [ASYNC 2/2] standard_ails  362.40s / 360.00s / 100.7%
13:43:40 | i 112 | [HAOS ROLL] k=4  λ=0.6  rb  ac_avg  filo2  P≈0.007015
13:43:40 | i 112 | [Phase 1/3] decompose  0.13s / — / —  λ=0.6  rb ac_avg
13:44:16 | i 112 | [Phase 2/3] route  36.10s / 35.82s / 100.8%  filo2  k=4
13:44:41 | i 111 | [ ASYNC BG] bg_ails  62.49s / 60.00s / 104.2%
13:44:41 | i 112 | [HAOS ROLL] k=4  λ=0.6  rb  ac_avg  filo2  P≈0.007015
13:44:41 | i 112 | [ Summary ] cost=36650.00  Δ_S*=+0.60%  Δ_BKS=+0.77%  Δ_S*_BKS=+0.17%  no_improve=15
13:44:41 | i 113 | [HAOS ROLL] k=11  λ=0.2  rb  ac_complete  pyvrp  P≈0.000497
13:44:41 | i 113 | [Phase 1/3] decompose  0.13s / — / —  λ=0.2  rb ac_complete
13:45:01 | i 113 | [Phase 2/3] route  19.68s / 10.20s / 193.0%  pyvrp  k=11
13:45:43 | i 112 | [ ASYNC BG] bg_ails  62.54s / 60.00s / 104.2%
13:45:43 | i 113 | [HAOS ROLL] k=11  λ=0.2  rb  ac_complete  pyvrp  P≈0.000497
13:45:43 | i 113 | [ Summary ] cost=36452.00  Δ_S*=+0.05%  Δ_BKS=+0.23%  Δ_S*_BKS=+0.17%  no_improve=17
13:45:43 | i 114 | [HAOS ROLL] k=4  λ=0.0  rb  ac_complete  ails2  P≈0.012632
13:45:43 | i 114 | [Phase 1/3] decompose  0.10s / — / —  λ=0.0  rb ac_complete
13:46:19 | i 114 | [Phase 2/3] route  35.41s / 34.26s / 103.3%  ails2  k=4
13:46:46 | i 113 | [ ASYNC BG] bg_ails  62.63s / 60.00s / 104.4%
13:46:46 | i 114 | [HAOS ROLL] k=4  λ=0.0  rb  ac_complete  ails2  P≈0.012632
13:46:46 | i 114 | [ Summary ] cost=36528.00  Δ_S*=+0.26%  Δ_BKS=+0.43%  Δ_S*_BKS=+0.17%  no_improve=19
13:46:46 | i 115 | [HAOS ROLL] k=6  λ=1.0  rb  ac_complete  filo2  P≈0.000753
13:46:46 | i 115 | [Phase 1/3] decompose  0.13s / — / —  λ=1.0  rb ac_complete
13:47:13 | i 115 | [Phase 2/3] route  27.10s / 26.82s / 101.0%  filo2  k=6
13:47:48 | i 114 | [ ASYNC BG] bg_ails  62.49s / 60.00s / 104.1%
13:47:48 | i 115 | [HAOS ROLL] k=6  λ=1.0  rb  ac_complete  filo2  P≈0.000753
13:47:49 | i 115 | [ Summary ] cost=36456.00  Δ_S*=+0.06%  Δ_BKS=+0.24%  Δ_S*_BKS=+0.17%  no_improve=21
13:47:49 | i 116 | [HAOS ROLL] k=4  λ=0.6  rb  ac_complete  ails2  P≈0.008636
13:47:49 | i 116 | [Phase 1/3] decompose  0.13s / — / —  λ=0.6  rb ac_complete
13:48:24 | i 116 | [Phase 2/3] route  35.50s / 34.26s / 103.6%  ails2  k=4
13:48:24 | i 116 | [HAOS ROLL] k=4  λ=0.6  rb  ac_complete  ails2  P≈0.008636
13:48:24 | i 116 | [ Summary ] cost=36489.00  Δ_S*=+0.15%  Δ_BKS=+0.33%  Δ_S*_BKS=+0.17%  no_improve=22
13:48:24 | i — | [  FINAL  ] async BG-AILS totals launched=114 applied=114 adopted=3 launch_skipped_cap=2 crashes=0 discarded_in_flight=False block_wait_total_s=3580.2
13:48:24 | i — | [  FINAL  ] async SP/SC totals invocations=6 adopted=3 skipped=0 discarded_in_flight=False sp_busy_frac=0.3132122043198349
13:48:24 | i — | [  FINAL  ] ════════════════════════════════════════
13:48:24 | i — | [  FINAL  ] Run complete  iterations=116  elapsed=02:00:14  best=36433.00
13:48:24 | i — | [  FINAL  ] Δ_BKS=+0.17%  no_improve_stop=False  time_stop=True  cancelled=False
13:48:24 | i — | [  FINAL  ] 
13:48:24 | i — | [  FINAL  ] [BEST SOLUTION — HAOS TAG SUMMARY]
13:48:24 | i — | [  FINAL  ] ────────────────────────────────────────
13:48:24 | i — | [  FINAL  ]   4 routes  rb  ac_complete  k=4  λ=0.4  solver=ails2
13:48:24 | i — | [  FINAL  ]   1 routes  rb  ac_complete  k=4  λ=0.4  solver=pyvrp
13:48:24 | i — | [  FINAL  ]   1 routes  rb  ac_complete  k=4  λ=0.0  solver=pyvrp
13:48:24 | i — | [  FINAL  ]   1 routes  rb  ac_avg  k=4  λ=0.0  solver=ails2
13:48:24 | i — | [  FINAL  ]   1 routes  rb  ac_avg  k=4  λ=0.8  solver=filo2
13:48:24 | i — | [  FINAL  ]   3 routes  post-SP/SC improvement
13:48:24 | i — | [  FINAL  ] 
13:48:24 | i — | [  FINAL  ] [ROUTE POOL — HAOS TAG SUMMARY]
13:48:24 | i — | [  FINAL  ] ────────────────────────────────────────
13:48:24 | i — | [  FINAL  ]   51 routes  rb  ac_complete  k=4  λ=0.2  solver=filo
13:48:24 | i — | [  FINAL  ]   48 routes  vb  fcm  k=8  λ=0.0  solver=pyvrp
13:48:24 | i — | [  FINAL  ]   46 routes  vb  kmeans  k=4  λ=0.0  solver=filo
13:48:24 | i — | [  FINAL  ]   38 routes  rb  kmeans  k=4  λ=0.0  solver=filo
13:48:24 | i — | [  FINAL  ]   37 routes  rb  ac_avg  k=4  λ=0.8  solver=filo2
13:48:24 | i — | [  FINAL  ]   36 routes  rb  ac_complete  k=4  λ=0.8  solver=filo2
13:48:24 | i — | [  FINAL  ]   36 routes  rb  ac_avg  k=4  λ=0.0  solver=filo2
13:48:24 | i — | [  FINAL  ]   36 routes  rb  ac_complete  k=4  λ=0.8  solver=ails2
13:48:24 | i — | [  FINAL  ]   32 routes  rb  ac_complete  k=4  λ=0.0  solver=ails2
13:48:24 | i — | [  FINAL  ]   28 routes  vb  kmeans  k=10  λ=0.6  solver=ails2
13:48:24 | i — | [  FINAL  ]   28 routes  vb  kmeans  k=10  λ=0.4  solver=filo2
13:48:24 | i — | [  FINAL  ]   28 routes  vb  ac_complete  k=10  λ=0.0  solver=filo
13:48:24 | i — | [  FINAL  ]   27 routes  vb  fcm  k=10  λ=0.6  solver=pyvrp
13:48:24 | i — | [  FINAL  ]   26 routes  vb  fcm  k=11  λ=0.8  solver=filo2
13:48:24 | i — | [  FINAL  ]   26 routes  vb  kmeans  k=11  λ=0.8  solver=filo
13:48:24 | i — | [  FINAL  ]   26 routes  vb  kmedoids  k=8  λ=1.0  solver=filo
13:48:24 | i — | [  FINAL  ]   25 routes  vb  ac_avg  k=10  λ=0.6  solver=filo2
13:48:24 | i — | [  FINAL  ]   25 routes  rb  ac_complete  k=8  λ=0.0  solver=filo
13:48:24 | i — | [  FINAL  ]   25 routes  vb  fcm  k=8  λ=0.2  solver=filo2
13:48:24 | i — | [  FINAL  ]   24 routes  vb  kmeans  k=6  λ=1.0  solver=ails2
13:48:24 | i — | [  FINAL  ]   24 routes  vb  ac_avg  k=4  λ=0.0  solver=ails2
13:48:24 | i — | [  FINAL  ]   24 routes  vb  kmeans  k=4  λ=0.0  solver=pyvrp
13:48:24 | i — | [  FINAL  ]   24 routes  vb  kmedoids  k=4  λ=0.0  solver=filo
13:48:24 | i — | [  FINAL  ]   24 routes  vb  kmedoids  k=4  λ=1.0  solver=filo
13:48:24 | i — | [  FINAL  ]   24 routes  vb  kmedoids  k=6  λ=0.8  solver=ails2
13:48:24 | i — | [  FINAL  ]   24 routes  vb  kmedoids  k=3  λ=0.4  solver=filo
13:48:24 | i — | [  FINAL  ]   23 routes  vb  kmeans  k=6  λ=0.6  solver=filo
13:48:24 | i — | [  FINAL  ]   23 routes  rb  kmeans  k=10  λ=0.6  solver=filo
13:48:24 | i — | [  FINAL  ]   23 routes  vb  ac_avg  k=3  λ=0.6  solver=filo
13:48:24 | i — | [  FINAL  ]   23 routes  vb  ac_avg  k=6  λ=0.2  solver=filo
13:48:24 | i — | [  FINAL  ]   23 routes  vb  kmeans  k=6  λ=0.6  solver=filo2
13:48:24 | i — | [  FINAL  ]   23 routes  vb  ac_complete  k=2  λ=0.0  solver=filo
13:48:24 | i — | [  FINAL  ]   23 routes  vb  fcm  k=4  λ=0.4  solver=filo
13:48:24 | i — | [  FINAL  ]   23 routes  vb  ac_complete  k=4  λ=0.4  solver=pyvrp
13:48:24 | i — | [  FINAL  ]   23 routes  vb  kmeans  k=4  λ=1.0  solver=filo
13:48:24 | i — | [  FINAL  ]   23 routes  vb  kmeans  k=6  λ=0.2  solver=pyvrp
13:48:24 | i — | [  FINAL  ]   23 routes  vb  kmeans  k=4  λ=0.0  solver=ails2
13:48:24 | i — | [  FINAL  ]   23 routes  vb  kmeans  k=4  λ=0.4  solver=filo2
13:48:24 | i — | [  FINAL  ]   22 routes  rb  ac_complete  k=4  λ=0.0  solver=pyvrp
13:48:24 | i — | [  FINAL  ]   22 routes  rb  kmeans  k=3  λ=0.2  solver=filo
13:48:24 | i — | [  FINAL  ]   21 routes  rb  ac_avg  k=3  λ=0.6  solver=pyvrp
13:48:24 | i — | [  FINAL  ]   21 routes  vb  ac_avg  k=3  λ=0.6  solver=filo2
13:48:24 | i — | [  FINAL  ]   21 routes  vb  ac_avg  k=3  λ=0.4  solver=filo2
13:48:24 | i — | [  FINAL  ]   21 routes  rb  ac_avg  k=4  λ=0.2  solver=pyvrp
13:48:24 | i — | [  FINAL  ]   21 routes  rb  ac_avg  k=3  λ=0.8  solver=filo2
13:48:24 | i — | [  FINAL  ]   21 routes  rb  ac_avg  k=2  λ=0.0  solver=ails2
13:48:24 | i — | [  FINAL  ]   21 routes  vb  kmeans  k=2  λ=0.8  solver=ails2
13:48:24 | i — | [  FINAL  ]   21 routes  rb  ac_avg  k=2  λ=0.8  solver=ails2
13:48:24 | i — | [  FINAL  ]   21 routes  rb  kmeans  k=3  λ=0.4  solver=filo
13:48:24 | i — | [  FINAL  ]   21 routes  rb  ac_avg  k=2  λ=0.2  solver=ails2
13:48:24 | i — | [  FINAL  ]   20 routes  rb  ac_avg  k=2  λ=0.4  solver=pyvrp
13:48:24 | i — | [  FINAL  ]   20 routes  vb  ac_avg  k=8  λ=1.0  solver=pyvrp
13:48:24 | i — | [  FINAL  ]   20 routes  rb  ac_complete  k=3  λ=0.2  solver=ails2
13:48:24 | i — | [  FINAL  ]   20 routes  rb  ac_complete  k=4  λ=0.4  solver=pyvrp
13:48:24 | i — | [  FINAL  ]   19 routes  rb  kmeans  k=6  λ=0.0  solver=pyvrp
13:48:24 | i — | [  FINAL  ]   19 routes  rb  ac_avg  k=4  λ=0.8  solver=ails2
13:48:24 | i — | [  FINAL  ]   19 routes  rb  ac_avg  k=3  λ=0.0  solver=filo
13:48:24 | i — | [  FINAL  ]   19 routes  rb  ac_complete  k=4  λ=0.8  solver=pyvrp
13:48:24 | i — | [  FINAL  ]   18 routes  vb  ac_avg  k=10  λ=1.0  solver=filo2
13:48:24 | i — | [  FINAL  ]   18 routes  rb  ac_avg  k=4  λ=0.2  solver=filo
13:48:24 | i — | [  FINAL  ]   18 routes  rb  ac_complete  k=3  λ=0.6  solver=filo2
13:48:24 | i — | [  FINAL  ]   18 routes  rb  kmeans  k=4  λ=0.8  solver=ails2
13:48:24 | i — | [  FINAL  ]   17 routes  rb  ac_avg  k=8  λ=1.0  solver=ails2
13:48:24 | i — | [  FINAL  ]   17 routes  rb  ac_avg  k=8  λ=0.0  solver=pyvrp
13:48:24 | i — | [  FINAL  ]   17 routes  rb  kmeans  k=6  λ=0.6  solver=filo
13:48:24 | i — | [  FINAL  ]   17 routes  rb  kmeans  k=8  λ=0.4  solver=filo2
13:48:24 | i — | [  FINAL  ]   17 routes  rb  ac_avg  k=4  λ=1.0  solver=ails2
13:48:24 | i — | [  FINAL  ]   16 routes  vb  ac_avg  k=11  λ=0.0  solver=filo2
13:48:24 | i — | [  FINAL  ]   16 routes  rb  kmeans  k=4  λ=1.0  solver=filo
13:48:24 | i — | [  FINAL  ]   16 routes  rb  ac_complete  k=6  λ=0.8  solver=filo
13:48:24 | i — | [  FINAL  ]   16 routes  rb  ac_complete  k=4  λ=1.0  solver=ails2
13:48:24 | i — | [  FINAL  ]   16 routes  rb  ac_avg  k=4  λ=0.4  solver=filo2
13:48:24 | i — | [  FINAL  ]   16 routes  rb  ac_complete  k=3  λ=1.0  solver=filo2
13:48:24 | i — | [  FINAL  ]   16 routes  rb  ac_avg  k=4  λ=0.0  solver=ails2
13:48:24 | i — | [  FINAL  ]   16 routes  rb  ac_avg  k=4  λ=0.6  solver=filo2
13:48:24 | i — | [  FINAL  ]   15 routes  rb  ac_complete  k=8  λ=0.6  solver=filo
13:48:24 | i — | [  FINAL  ]   15 routes  vb  kmeans  k=6  λ=0.4  solver=ails2
13:48:24 | i — | [  FINAL  ]   15 routes  vb  ac_avg  k=10  λ=0.2  solver=filo2
13:48:24 | i — | [  FINAL  ]   15 routes  rb  ac_complete  k=4  λ=0.4  solver=ails2
13:48:24 | i — | [  FINAL  ]   15 routes  rb  ac_avg  k=4  λ=0.6  solver=filo
13:48:24 | i — | [  FINAL  ]   13 routes  rb  kmeans  k=8  λ=0.6  solver=filo
13:48:24 | i — | [  FINAL  ]   13 routes  rb  ac_complete  k=10  λ=0.4  solver=filo
13:48:24 | i — | [  FINAL  ]   13 routes  rb  kmeans  k=10  λ=0.6  solver=ails2
13:48:24 | i — | [  FINAL  ]   13 routes  rb  ac_complete  k=8  λ=0.8  solver=filo
13:48:24 | i — | [  FINAL  ]   13 routes  rb  kmeans  k=6  λ=1.0  solver=filo2
13:48:24 | i — | [  FINAL  ]   13 routes  rb  kmeans  k=8  λ=0.0  solver=ails2
13:48:24 | i — | [  FINAL  ]   13 routes  rb  ac_complete  k=10  λ=0.8  solver=pyvrp
13:48:24 | i — | [  FINAL  ]   13 routes  rb  ac_avg  k=6  λ=0.6  solver=filo2
13:48:24 | i — | [  FINAL  ]   13 routes  vb  fcm  k=8  λ=0.4  solver=filo2
13:48:24 | i — | [  FINAL  ]   13 routes  rb  kmeans  k=8  λ=1.0  solver=filo2
13:48:24 | i — | [  FINAL  ]   13 routes  rb  ac_complete  k=4  λ=0.0  solver=filo2
13:48:24 | i — | [  FINAL  ]   12 routes  rb  kmeans  k=10  λ=0.0  solver=pyvrp
13:48:24 | i — | [  FINAL  ]   12 routes  rb  kmeans  k=10  λ=0.2  solver=filo2
13:48:24 | i — | [  FINAL  ]   11 routes  rb  kmeans  k=10  λ=0.2  solver=filo
13:48:24 | i — | [  FINAL  ]   11 routes  rb  kmeans  k=11  λ=0.2  solver=filo
13:48:24 | i — | [  FINAL  ]   11 routes  rb  kmeans  k=11  λ=0.0  solver=filo
13:48:24 | i — | [  FINAL  ]   11 routes  rb  ac_complete  k=11  λ=0.4  solver=filo2
13:48:24 | i — | [  FINAL  ]   11 routes  rb  ac_avg  k=8  λ=0.2  solver=filo
13:48:24 | i — | [  FINAL  ]   11 routes  rb  ac_complete  k=10  λ=0.6  solver=filo
13:48:24 | i — | [  FINAL  ]   11 routes  rb  kmeans  k=11  λ=0.0  solver=ails2
13:48:24 | i — | [  FINAL  ]   10 routes  rb  ac_complete  k=11  λ=0.2  solver=pyvrp
13:48:24 | i — | [  FINAL  ]   9 routes  rb  ac_complete  k=2  λ=0.0  solver=filo2
13:48:24 | i — | [  FINAL  ]   7 routes  rb  ac_complete  k=4  λ=0.6  solver=ails2
13:48:24 | i — | [  FINAL  ]   30 routes  post-SP/SC improvement
13:48:24 | i — | [  FINAL  ] ════════════════════════════════════════
