07:15:27 | i — | [  INIT   ] ════════════════════════════════════════
07:15:27 | i — | [  INIT   ] DRISPI  instance=X-n8207-k108  n=8206  capacity=415
07:15:27 | i — | [  INIT   ] k domain (computed at init): [2, 3, 4, 6, 8, 10, 12]  k_ext=13  k_min=108  k_ext_bound=route_bound  spacing_rejected=3
07:15:27 | i — | [  INIT   ] ══════════════════════════════════════════════════════
07:15:27 | i — | [  INIT   ] CONFIGURATION
07:15:27 | i — | [  INIT   ] ── stopping ────────────────────────────────
07:15:27 | i — | [  INIT   ]   time_limit                  = 7200.0
07:15:27 | i — | [  INIT   ]   max_no_improve              = 1000000000
07:15:27 | i — | [  INIT   ] ── parallelism ─────────────────────────────
07:15:27 | i — | [  INIT   ]   n_workers                   = 8
07:15:27 | i — | [  INIT   ] ── cores ───────────────────────────────────
07:15:27 | i — | [  INIT   ]   cores_total                 = 8
07:15:27 | i — | [  INIT   ]   cores_dri                   = 6
07:15:27 | i — | [  INIT   ]   cores_bg                    = 1
07:15:27 | i — | [  INIT   ]   cores_sp                    = 1
07:15:27 | i — | [  INIT   ]   cores_cpu_list              = None
07:15:27 | i — | [  INIT   ] ── sp/sc ───────────────────────────────────
07:15:27 | i — | [  INIT   ]   sp_sc_mode                  = async
07:15:27 | i — | [  INIT   ]   sp_sc_trigger               = wallclock
07:15:27 | i — | [  INIT   ]   interval_minutes            = 20.0
07:15:27 | i — | [  INIT   ]   overlap_policy              = skip
07:15:27 | i — | [  INIT   ]   warmup_iterations           = 5
07:15:27 | i — | [  INIT   ]   sp_interval                 = 3
07:15:27 | i — | [  INIT   ]   min_coverage                = 5
07:15:27 | i — | [  INIT   ]   sp_time_limit               = 720.0
07:15:27 | i — | [  INIT   ]   mip_gap                     = 0.00025
07:15:27 | i — | [  INIT   ] ── decomposition ───────────────────────────
07:15:27 | i — | [  INIT   ]   decomp_k_base_arms          = [2, 3, 4, 6, 8, 10, 12]
07:15:27 | i — | [  INIT   ]   decomp_k_max_arms           = 10
07:15:27 | i — | [  INIT   ]   decomp_k_ext_per_1000       = 4
07:15:27 | i — | [  INIT   ]   decomp_k_min_routes_per_cluster= 8
07:15:27 | i — | [  INIT   ]   decomp_k_min_arm_spacing    = 2
07:15:27 | i — | [  INIT   ]   subcluster_rate_s_per_customer= 0.06
07:15:27 | i — | [  INIT   ]   subcluster_floor_s          = 5.0
07:15:27 | i — | [  INIT   ] ── bg_ails ─────────────────────────────────
07:15:27 | i — | [  INIT   ]   bg_ails_mode                = async
07:15:27 | i — | [  INIT   ]   bg_ails_crash_threshold     = 1
07:15:27 | i — | [  INIT   ]   bg_ails_budget_mode         = predicted_dr_wall
07:15:27 | i — | [  INIT   ]   bg_ails_budget_floor_s      = 60.0
07:15:27 | i — | [  INIT   ]   bg_ails_budget_margin       = 1.0
07:15:27 | i — | [  INIT   ]   bg_ails_wall_model_scale    = 0.976
07:15:27 | i — | [  INIT   ]   bg_ails_wall_model_wave_exponent= -0.18
07:15:27 | i — | [  INIT   ]   bg_ails_initial_omega       = 10
07:15:27 | i — | [  INIT   ]   bg_ails_boundary_threshold  = 0.5
07:15:27 | i — | [  INIT   ]   bg_ails_small_cluster_cap   = 20
07:15:27 | i — | [  INIT   ]   bg_ails_small_cluster_alpha = 0.5
07:15:27 | i — | [  INIT   ]   bg_ails_pair_selection      = greedy
07:15:27 | i — | [  INIT   ]   bg_ails_n_chains_mode       = k
07:15:27 | i — | [  INIT   ] ── standard_improvement ────────────────────
07:15:27 | i — | [  INIT   ]   standard_improvement_time_limit= 360.0
07:15:27 | i — | [  INIT   ] ── pool ────────────────────────────────────
07:15:27 | i — | [  INIT   ]   max_pool_size               = 10000
07:15:27 | i — | [  INIT   ]   pool_diversity_weight       = 0.5
07:15:27 | i — | [  INIT   ] ── haos ────────────────────────────────────
07:15:27 | i — | [  INIT   ]   haos_decay                  = 0.95
07:15:27 | i — | [  INIT   ]   haos_warmup                 = 10
07:15:27 | i — | [  INIT   ]   haos_starting_weight        = 10.0
07:15:27 | i — | [  INIT   ]   haos_min_weight_k           = 0.025
07:15:27 | i — | [  INIT   ]   haos_min_weight_lambda      = 0.05
07:15:27 | i — | [  INIT   ]   haos_min_weight_paradigm    = 0.1
07:15:27 | i — | [  INIT   ]   haos_min_weight_vertex_method= 0.05
07:15:27 | i — | [  INIT   ]   haos_min_weight_route_method= 0.05
07:15:27 | i — | [  INIT   ]   haos_min_weight_solver      = 0.05
07:15:27 | i — | [  INIT   ]   haos_lambda_demand_values   = [0.0, 0.2, 0.4, 0.6, 0.8, 1.0]
07:15:27 | i — | [  INIT   ]   haos_paradigm_values        = ['vertex', 'route']
07:15:27 | i — | [  INIT   ]   haos_vertex_method_values   = ['kmeans', 'agglomerative_avg', 'agglomerative_complete', 'kmedoids', 'fcm']
07:15:27 | i — | [  INIT   ]   haos_route_method_values    = ['kmeans', 'agglomerative_avg', 'agglomerative_complete']
07:15:27 | i — | [  INIT   ]   haos_solver_values          = ['pyvrp', 'filo', 'filo2', 'ails2']
07:15:27 | i — | [  INIT   ] ── haos_rewards ────────────────────────────
07:15:27 | i — | [  INIT   ]   haos_reward_new_best        = 10.0
07:15:27 | i — | [  INIT   ]   haos_reward_improvement     = 4.0
07:15:27 | i — | [  INIT   ]   haos_reward_no_improvement  = 1.0
07:15:27 | i — | [  INIT   ]   haos_reward_no_solution     = 0.0
07:15:27 | i — | [  INIT   ]   haos_deferred_new_best      = 7.0
07:15:27 | i — | [  INIT   ]   haos_deferred_improvement   = 3.0
07:15:27 | i — | [  INIT   ]   haos_deferred_no_improvement= 0.0
07:15:27 | i — | [  INIT   ] ── seed ────────────────────────────────────
07:15:27 | i — | [  INIT   ]   seed                        = 30
07:15:27 | i — | [  INIT   ] ── output ──────────────────────────────────
07:15:27 | i — | [  INIT   ]   output_dir                  = /app/artifacts/final_benchmark/runs/X-n8207-k108/seed30
07:15:27 | i — | [  INIT   ]   run_analysis                = False
07:15:27 | i — | [  INIT   ] ══════════════════════════════════════════════════════
07:15:27 | i — | [  INIT   ] BKS=118050.00
07:15:27 | i — | [  INIT   ] ════════════════════════════════════════
07:15:27 | i 1 | [HAOS ROLL] k=8  λ=1.0  vb  ac_avg  filo  P≈0.000595
07:15:37 | i 1 | [Phase 1/3] decompose  9.50s / — / —  λ=1.0  vb ac_avg
07:20:15 | i 1 | [Phase 2/3] route  277.79s / 273.36s / 101.6%  filo  k=8
07:20:15 | i 1 | [ IMPROVE ] 123314.00  via decompose_route  ·  Δ_BKS=+4.46%
07:20:15 | i 1 | [HAOS ROLL] k=8  λ=1.0  vb  ac_avg  filo  P≈0.000595
07:20:15 | i 1 | [ Summary ] cost=123314.00  Δ_S*=+0.00%  Δ_BKS=+4.46%  Δ_S*_BKS=+4.46%  no_improve=0
07:20:15 | i 2 | [HAOS ROLL] k=3  λ=1.0  rb  ac_complete  ails2  P≈0.000992
07:20:19 | i 2 | [Phase 1/3] decompose  4.34s / — / —  λ=1.0  rb ac_complete
07:24:59 | i 2 | [Phase 2/3] route  279.45s / 273.36s / 102.2%  ails2  k=3
07:24:59 | i 1 | [ IMPROVE ] 119754.00  via bg_ails  ·  Δ_BKS=+1.44%
07:24:59 | i 1 | [ ASYNC BG] bg_ails  258.42s / 239.81s / 107.8%
07:24:59 | i 2 | [HAOS ROLL] k=3  λ=1.0  rb  ac_complete  ails2  P≈0.000992
07:24:59 | i 2 | [ Summary ] cost=120862.00  Δ_S*=+0.93%  Δ_BKS=+2.38%  Δ_S*_BKS=+1.44%  no_improve=1
07:24:59 | i 3 | [HAOS ROLL] k=10  λ=0.4  vb  ac_complete  filo2  P≈0.000595
07:25:05 | i 3 | [Phase 1/3] decompose  6.28s / — / —  λ=0.4  vb ac_complete
07:28:16 | i 3 | [Phase 2/3] route  190.63s / 189.84s / 100.4%  filo2  k=10
07:29:44 | i 2 | [ IMPROVE ] 119753.00  via bg_ails  ·  Δ_BKS=+1.44%
07:29:44 | i 2 | [ ASYNC BG] bg_ails  285.44s / 266.80s / 107.0%
07:29:44 | i 3 | [HAOS ROLL] k=10  λ=0.4  vb  ac_complete  filo2  P≈0.000595
07:29:44 | i 3 | [ Summary ] cost=124331.00  Δ_S*=+3.82%  Δ_BKS=+5.32%  Δ_S*_BKS=+1.44%  no_improve=1
07:29:44 | i 4 | [HAOS ROLL] k=10  λ=0.8  vb  fcm  ails2  P≈0.000595
07:29:50 | i 4 | [Phase 1/3] decompose  5.35s / — / —  λ=0.8  vb fcm
07:31:41 | i 4 | [Phase 2/3] route  110.95s / 77.46s / 143.2%  ails2  k=10
07:34:12 | i 3 | [ ASYNC BG] bg_ails  267.80s / 248.79s / 107.6%
07:34:12 | i 4 | [HAOS ROLL] k=10  λ=0.8  vb  fcm  ails2  P≈0.000595
07:34:12 | i 4 | [ Summary ] cost=126163.00  Δ_S*=+5.35%  Δ_BKS=+6.87%  Δ_S*_BKS=+1.44%  no_improve=3
07:34:12 | i 5 | [HAOS ROLL] k=3  λ=0.8  vb  ac_complete  ails2  P≈0.000595
07:34:19 | i 5 | [Phase 1/3] decompose  6.52s / — / —  λ=0.8  vb ac_complete
07:39:01 | i 5 | [Phase 2/3] route  282.30s / 276.36s / 102.1%  ails2  k=3
07:39:01 | i 4 | [ ASYNC BG] bg_ails  136.43s / 117.39s / 116.2%
07:39:01 | i 5 | [HAOS ROLL] k=3  λ=0.8  vb  ac_complete  ails2  P≈0.000595
07:39:01 | i 5 | [ Summary ] cost=120309.00  Δ_S*=+0.46%  Δ_BKS=+1.91%  Δ_S*_BKS=+1.44%  no_improve=5
07:39:01 | i 6 | [HAOS ROLL] k=2  λ=0.0  rb  kmeans  filo  P≈0.000992
07:39:04 | i 6 | [Phase 1/3] decompose  3.34s / — / —  λ=0.0  rb kmeans
07:43:49 | i 6 | [Phase 2/3] route  284.32s / 283.02s / 100.5%  filo  k=2
07:43:49 | i 5 | [ IMPROVE ] 119634.00  via bg_ails  ·  Δ_BKS=+1.34%
07:43:49 | i 5 | [ ASYNC BG] bg_ails  288.48s / 269.73s / 107.0%
07:43:50 | i 6 | [HAOS ROLL] k=2  λ=0.0  rb  kmeans  filo  P≈0.000992
07:43:50 | i 6 | [ Summary ] cost=119949.00  Δ_S*=+0.26%  Δ_BKS=+1.61%  Δ_S*_BKS=+1.34%  no_improve=1
07:43:50 | i 7 | [HAOS ROLL] k=10  λ=0.6  rb  ac_avg  filo  P≈0.000992
07:43:54 | i 7 | [Phase 1/3] decompose  4.39s / — / —  λ=0.6  rb ac_avg
07:46:28 | i 7 | [Phase 2/3] route  153.54s / 153.18s / 100.2%  filo  k=10
07:48:44 | i 6 | [ ASYNC BG] bg_ails  294.58s / 276.23s / 106.6%
07:48:44 | i 7 | [HAOS ROLL] k=10  λ=0.6  rb  ac_avg  filo  P≈0.000992
07:48:44 | i 7 | [ Summary ] cost=120096.00  Δ_S*=+0.39%  Δ_BKS=+1.73%  Δ_S*_BKS=+1.34%  no_improve=3
07:48:44 | i 8 | [HAOS ROLL] k=6  λ=0.6  rb  ac_complete  filo  P≈0.000992
07:48:49 | i 8 | [Phase 1/3] decompose  4.56s / — / —  λ=0.6  rb ac_complete
07:51:00 | i 8 | [Phase 2/3] route  131.40s / 131.40s / 100.0%  filo  k=6
07:51:42 | i 7 | [ ASYNC BG] bg_ails  178.02s / 158.33s / 112.4%
07:51:42 | i 8 | [HAOS ROLL] k=6  λ=0.6  rb  ac_complete  filo  P≈0.000992
07:51:42 | i 8 | [ Summary ] cost=119933.00  Δ_S*=+0.25%  Δ_BKS=+1.60%  Δ_S*_BKS=+1.34%  no_improve=5
07:51:42 | i 6 | [ASYNC 1/2] sp_sc  0.57s / 720.00s / 0.1%  SP  avg_coverage=11.00/5  pool=1214
07:51:42 | i 6 | [ASYNC 2/2] standard_ails  374.66s / 360.00s / 104.1%
07:51:45 | i 6 | [ IMPROVE ] 119527.00  via standard_ails  ·  Δ_BKS=+1.25%
07:51:45 | i 9 | [HAOS ROLL] k=10  λ=0.8  vb  ac_avg  ails2  P≈0.000595
07:51:52 | i 9 | [Phase 1/3] decompose  6.41s / — / —  λ=0.8  vb ac_avg
07:56:22 | i 9 | [Phase 2/3] route  269.72s / 257.10s / 104.9%  ails2  k=10
07:56:22 | i 8 | [ ASYNC BG] bg_ails  147.48s / 128.25s / 115.0%
07:56:22 | i 9 | [HAOS ROLL] k=10  λ=0.8  vb  ac_avg  ails2  P≈0.000595
07:56:22 | i 9 | [ Summary ] cost=123725.00  Δ_S*=+3.51%  Δ_BKS=+4.81%  Δ_S*_BKS=+1.25%  no_improve=2
07:56:22 | i 10 | [HAOS ROLL] k=10  λ=0.4  rb  ac_avg  filo  P≈0.000992
07:56:26 | i 10 | [Phase 1/3] decompose  4.41s / — / —  λ=0.4  rb ac_avg
07:58:53 | i 10 | [Phase 2/3] route  146.47s / 145.74s / 100.5%  filo  k=10
08:00:40 | i 9 | [ ASYNC BG] bg_ails  258.73s / 239.64s / 108.0%
08:00:40 | i 10 | [HAOS ROLL] k=10  λ=0.4  rb  ac_avg  filo  P≈0.000992
08:00:40 | i 10 | [ Summary ] cost=119945.00  Δ_S*=+0.35%  Δ_BKS=+1.61%  Δ_S*_BKS=+1.25%  no_improve=4
08:00:40 | i 11 | [HAOS ROLL] k=2  λ=0.8  vb  ac_avg  filo2  P≈0.000595
08:00:47 | i 11 | [Phase 1/3] decompose  6.51s / — / —  λ=0.8  vb ac_avg
08:05:33 | i 11 | [Phase 2/3] route  286.35s / 285.06s / 100.5%  filo2  k=2
08:05:33 | i 10 | [ ASYNC BG] bg_ails  191.71s / 172.34s / 111.2%
08:05:33 | i 11 | [HAOS ROLL] k=2  λ=0.8  vb  ac_avg  filo2  P≈0.000595
08:05:34 | i 11 | [ Summary ] cost=120053.00  Δ_S*=+0.44%  Δ_BKS=+1.70%  Δ_S*_BKS=+1.25%  no_improve=6
08:05:34 | i 12 | [HAOS ROLL] k=2  λ=1.0  vb  ac_complete  filo  P≈0.000614
08:05:41 | i 12 | [Phase 1/3] decompose  7.17s / — / —  λ=1.0  vb ac_complete
08:10:28 | i 12 | [Phase 2/3] route  287.35s / 285.60s / 100.6%  filo  k=2
08:10:32 | i 11 | [ ASYNC BG] bg_ails  298.20s / 278.22s / 107.2%
08:10:32 | i 12 | [HAOS ROLL] k=2  λ=1.0  vb  ac_complete  filo  P≈0.000614
08:10:32 | i 12 | [ Summary ] cost=120215.00  Δ_S*=+0.58%  Δ_BKS=+1.83%  Δ_S*_BKS=+1.25%  no_improve=8
08:10:32 | i 13 | [HAOS ROLL] k=3  λ=0.0  rb  ac_complete  pyvrp  P≈0.000638
08:10:35 | i 13 | [Phase 1/3] decompose  3.38s / — / —  λ=0.0  rb ac_complete
08:16:13 | i 13 | [Phase 2/3] route  337.80s / 281.94s / 119.8%  pyvrp  k=3
08:16:13 | i 12 | [ IMPROVE ] 119352.00  via bg_ails  ·  Δ_BKS=+1.10%
08:16:13 | i 12 | [ ASYNC BG] bg_ails  297.72s / 278.75s / 106.8%
08:16:13 | i 13 | [HAOS ROLL] k=3  λ=0.0  rb  ac_complete  pyvrp  P≈0.000638
08:16:13 | i 13 | [ Summary ] cost=120752.00  Δ_S*=+1.17%  Δ_BKS=+2.29%  Δ_S*_BKS=+1.10%  no_improve=1
08:16:13 | i 11 | [ASYNC 1/2] sp_sc  6.01s / 720.00s / 0.8%  SP  avg_coverage=21.76/5  pool=2387
08:16:13 | i 11 | [ASYNC 2/2] standard_ails  374.66s / 360.00s / 104.1%
08:16:23 | i 14 | [HAOS ROLL] k=4  λ=0.4  vb  kmeans  filo2  P≈0.000446
08:16:27 | i 14 | [Phase 1/3] decompose  4.35s / — / —  λ=0.4  vb kmeans
08:19:08 | i 14 | [Phase 2/3] route  161.52s / 161.04s / 100.3%  filo2  k=4
08:21:06 | i 13 | [ IMPROVE ] 119131.00  via bg_ails  ·  Δ_BKS=+0.92%
08:21:06 | i 13 | [ ASYNC BG] bg_ails  293.32s / 275.17s / 106.6%
08:21:06 | i 14 | [HAOS ROLL] k=4  λ=0.4  vb  kmeans  filo2  P≈0.000446
08:21:06 | i 14 | [ Summary ] cost=122092.00  Δ_S*=+2.49%  Δ_BKS=+3.42%  Δ_S*_BKS=+0.92%  no_improve=1
08:21:06 | i 15 | [HAOS ROLL] k=4  λ=0.0  vb  ac_avg  filo2  P≈0.000552
08:21:12 | i 15 | [Phase 1/3] decompose  5.32s / — / —  λ=0.0  vb ac_avg
08:25:58 | i 15 | [Phase 2/3] route  286.39s / 284.82s / 100.6%  filo2  k=4
08:25:58 | i 14 | [ ASYNC BG] bg_ails  176.19s / 157.18s / 112.1%
08:25:58 | i 15 | [HAOS ROLL] k=4  λ=0.0  vb  ac_avg  filo2  P≈0.000552
08:25:59 | i 15 | [ Summary ] cost=120738.00  Δ_S*=+1.35%  Δ_BKS=+2.28%  Δ_S*_BKS=+0.92%  no_improve=3
08:25:59 | i 16 | [HAOS ROLL] k=8  λ=1.0  vb  ac_avg  filo  P≈0.000729
08:26:06 | i 16 | [Phase 1/3] decompose  7.03s / — / —  λ=1.0  vb ac_avg
08:30:40 | i 16 | [Phase 2/3] route  274.27s / 273.36s / 100.3%  filo  k=8
08:30:55 | i 15 | [ ASYNC BG] bg_ails  296.38s / 277.98s / 106.6%
08:30:55 | i 16 | [HAOS ROLL] k=8  λ=1.0  vb  ac_avg  filo  P≈0.000729
08:30:55 | i 16 | [ Summary ] cost=123262.00  Δ_S*=+3.47%  Δ_BKS=+4.42%  Δ_S*_BKS=+0.92%  no_improve=5
08:30:55 | i 17 | [HAOS ROLL] k=3  λ=0.8  vb  kmedoids  filo2  P≈0.000630
08:31:05 | i 17 | [Phase 1/3] decompose  10.22s / — / —  λ=0.8  vb kmedoids
08:34:33 | i 17 | [Phase 2/3] route  207.76s / 206.76s / 100.5%  filo2  k=3
08:35:13 | i 16 | [ ASYNC BG] bg_ails  258.56s / 239.81s / 107.8%
08:35:13 | i 17 | [HAOS ROLL] k=3  λ=0.8  vb  kmedoids  filo2  P≈0.000630
08:35:13 | i 17 | [ Summary ] cost=121106.00  Δ_S*=+1.66%  Δ_BKS=+2.59%  Δ_S*_BKS=+0.92%  no_improve=7
08:35:13 | i 15 | [ASYNC 1/2] sp_sc  16.87s / 720.00s / 2.3%  SP  avg_coverage=30.72/5  pool=3363
08:35:13 | i 15 | [ASYNC 2/2] standard_ails  374.87s / 360.00s / 104.1%
08:35:30 | i 15 | [ IMPROVE ] 119058.00  via standard_ails  ·  Δ_BKS=+0.85%
08:35:30 | i 18 | [HAOS ROLL] k=8  λ=1.0  rb  kmeans  filo2  P≈0.000926
08:35:34 | i 18 | [Phase 1/3] decompose  4.15s / — / —  λ=1.0  rb kmeans
08:37:36 | i 18 | [Phase 2/3] route  121.27s / 101.04s / 120.0%  filo2  k=8
08:38:54 | i 17 | [ ASYNC BG] bg_ails  220.20s / 201.80s / 109.1%
08:38:54 | i 18 | [HAOS ROLL] k=8  λ=1.0  rb  kmeans  filo2  P≈0.000926
08:38:54 | i 18 | [ Summary ] cost=119681.00  Δ_S*=+0.52%  Δ_BKS=+1.38%  Δ_S*_BKS=+0.85%  no_improve=2
08:38:54 | i 19 | [HAOS ROLL] k=8  λ=0.6  vb  kmedoids  filo  P≈0.000328
08:39:04 | i 19 | [Phase 1/3] decompose  10.07s / — / —  λ=0.6  vb kmedoids
08:41:14 | i 19 | [Phase 2/3] route  130.37s / 129.78s / 100.5%  filo  k=8
08:41:46 | i 18 | [ ASYNC BG] bg_ails  172.69s / 153.52s / 112.5%
08:41:46 | i 19 | [HAOS ROLL] k=8  λ=0.6  vb  kmedoids  filo  P≈0.000328
08:41:46 | i 19 | [ Summary ] cost=123678.00  Δ_S*=+3.88%  Δ_BKS=+4.77%  Δ_S*_BKS=+0.85%  no_improve=4
08:41:46 | i 20 | [HAOS ROLL] k=6  λ=0.4  vb  fcm  pyvrp  P≈0.000354
08:41:53 | i 20 | [Phase 1/3] decompose  6.96s / — / —  λ=0.4  vb fcm
08:43:50 | i 20 | [Phase 2/3] route  116.85s / 107.82s / 108.4%  pyvrp  k=6
08:44:34 | i 19 | [ ASYNC BG] bg_ails  167.82s / 148.92s / 112.7%
08:44:34 | i 20 | [HAOS ROLL] k=6  λ=0.4  vb  fcm  pyvrp  P≈0.000354
08:44:34 | i 20 | [ Summary ] cost=123243.00  Δ_S*=+3.52%  Δ_BKS=+4.40%  Δ_S*_BKS=+0.85%  no_improve=6
08:44:34 | i 21 | [HAOS ROLL] k=12  λ=0.2  rb  ac_avg  filo  P≈0.000225
08:44:38 | i 21 | [Phase 1/3] decompose  4.24s / — / —  λ=0.2  rb ac_avg
08:47:06 | i 21 | [Phase 2/3] route  147.35s / 120.06s / 122.7%  filo  k=12
08:47:06 | i 20 | [ ASYNC BG] bg_ails  124.58s / 105.23s / 118.4%
08:47:06 | i 21 | [HAOS ROLL] k=12  λ=0.2  rb  ac_avg  filo  P≈0.000225
08:47:06 | i 21 | [ Summary ] cost=119562.00  Δ_S*=+0.42%  Δ_BKS=+1.28%  Δ_S*_BKS=+0.85%  no_improve=8
08:47:06 | i 22 | [HAOS ROLL] k=2  λ=0.2  rb  ac_complete  ails2  P≈0.000465
08:47:10 | i 22 | [Phase 1/3] decompose  4.35s / — / —  λ=0.2  rb ac_complete
08:52:02 | i 22 | [Phase 2/3] route  291.80s / 285.72s / 102.1%  ails2  k=2
08:52:02 | i 21 | [ ASYNC BG] bg_ails  220.08s / 200.30s / 109.9%
08:52:02 | i 22 | [ IMPROVE ] 118939.00  via decompose_route  ·  Δ_BKS=+0.75%
08:52:02 | i 22 | [HAOS ROLL] k=2  λ=0.2  rb  ac_complete  ails2  P≈0.000465
08:52:03 | i 22 | [ Summary ] cost=118939.00  Δ_S*=+0.00%  Δ_BKS=+0.75%  Δ_S*_BKS=+0.75%  no_improve=0
08:52:03 | i 23 | [HAOS ROLL] k=2  λ=0.4  vb  kmeans  filo  P≈0.000600
08:52:07 | i 23 | [Phase 1/3] decompose  4.32s / — / —  λ=0.4  vb kmeans
08:56:53 | i 23 | [Phase 2/3] route  286.37s / 285.48s / 100.3%  filo  k=2
08:57:00 | i 22 | [ ASYNC BG] bg_ails  297.96s / 278.86s / 106.8%
08:57:00 | i 23 | [HAOS ROLL] k=2  λ=0.4  vb  kmeans  filo  P≈0.000600
08:57:01 | i 23 | [ Summary ] cost=120021.00  Δ_S*=+0.91%  Δ_BKS=+1.67%  Δ_S*_BKS=+0.75%  no_improve=2
08:57:01 | i 21 | [ASYNC 1/2] sp_sc  44.82s / 720.00s / 6.2%  SP  avg_coverage=43.58/5  pool=4766
08:57:01 | i 21 | [ASYNC 2/2] standard_ails  374.47s / 360.00s / 104.0%
08:57:33 | i 24 | [HAOS ROLL] k=12  λ=0.6  vb  ac_complete  pyvrp  P≈0.000280
08:57:39 | i 24 | [Phase 1/3] decompose  6.28s / — / —  λ=0.6  vb ac_complete
09:00:20 | i 24 | [Phase 2/3] route  160.94s / 144.66s / 111.3%  pyvrp  k=12
09:01:57 | i 23 | [ ASYNC BG] bg_ails  296.98s / 278.63s / 106.6%
09:01:57 | i 24 | [HAOS ROLL] k=12  λ=0.6  vb  ac_complete  pyvrp  P≈0.000280
09:01:58 | i 24 | [ Summary ] cost=127469.00  Δ_S*=+7.17%  Δ_BKS=+7.98%  Δ_S*_BKS=+0.75%  no_improve=5
09:01:58 | i 25 | [HAOS ROLL] k=3  λ=0.2  rb  ac_complete  filo2  P≈0.002040
09:02:02 | i 25 | [Phase 1/3] decompose  4.36s / — / —  λ=0.2  rb ac_complete
09:06:03 | i 25 | [Phase 2/3] route  241.02s / 240.12s / 100.4%  filo2  k=3
09:06:03 | i 24 | [ ASYNC BG] bg_ails  183.57s / 164.43s / 111.6%
09:06:03 | i 25 | [HAOS ROLL] k=3  λ=0.2  rb  ac_complete  filo2  P≈0.002040
09:06:03 | i 25 | [ Summary ] cost=119675.00  Δ_S*=+0.62%  Δ_BKS=+1.38%  Δ_S*_BKS=+0.75%  no_improve=7
09:06:03 | i 26 | [HAOS ROLL] k=12  λ=0.8  rb  ac_complete  pyvrp  P≈0.001191
09:06:08 | i 26 | [Phase 1/3] decompose  4.35s / — / —  λ=0.8  rb ac_complete
09:08:24 | i 26 | [Phase 2/3] route  136.52s / 124.62s / 109.5%  pyvrp  k=12
09:10:17 | i 25 | [ ASYNC BG] bg_ails  253.63s / 234.36s / 108.2%
09:10:17 | i 26 | [HAOS ROLL] k=12  λ=0.8  rb  ac_complete  pyvrp  P≈0.001191
09:10:17 | i 26 | [ Summary ] cost=120626.00  Δ_S*=+1.42%  Δ_BKS=+2.18%  Δ_S*_BKS=+0.75%  no_improve=9
09:10:17 | i 27 | [HAOS ROLL] k=2  λ=0.0  rb  kmeans  ails2  P≈0.000783
09:10:20 | i 27 | [Phase 1/3] decompose  3.29s / — / —  λ=0.0  rb kmeans
09:15:12 | i 27 | [Phase 2/3] route  291.79s / 285.72s / 102.1%  ails2  k=2
09:15:12 | i 26 | [ ASYNC BG] bg_ails  190.83s / 171.77s / 111.1%
09:15:12 | i 27 | [HAOS ROLL] k=2  λ=0.0  rb  kmeans  ails2  P≈0.000783
09:15:13 | i 27 | [ Summary ] cost=118970.00  Δ_S*=+0.03%  Δ_BKS=+0.78%  Δ_S*_BKS=+0.75%  no_improve=11
09:15:13 | i 28 | [HAOS ROLL] k=8  λ=0.0  vb  ac_complete  ails2  P≈0.000621
09:15:18 | i 28 | [Phase 1/3] decompose  5.28s / — / —  λ=0.0  vb ac_complete
09:18:01 | i 28 | [Phase 2/3] route  163.25s / 159.60s / 102.3%  ails2  k=8
09:18:01 | i 28 | [HAOS ROLL] k=8  λ=0.0  vb  ac_complete  ails2  P≈0.000621
09:18:01 | i 28 | [ Summary ] cost=123560.00  Δ_S*=+3.89%  Δ_BKS=+4.67%  Δ_S*_BKS=+0.75%  no_improve=12
09:18:01 | i — | [  FINAL  ] async BG-AILS totals launched=26 applied=26 adopted=5 launch_skipped_cap=2 crashes=0 discarded_in_flight=False block_wait_total_s=1074.9
09:18:31 | i — | [  FINAL  ] async SP/SC totals invocations=5 adopted=2 skipped=0 discarded_in_flight=True sp_busy_frac=0.37327668235603484
09:18:31 | i — | [  FINAL  ] ════════════════════════════════════════
09:18:31 | i — | [  FINAL  ] Run complete  iterations=28  elapsed=02:03:04  best=118939.00
09:18:31 | i — | [  FINAL  ] Δ_BKS=+0.75%  no_improve_stop=False  time_stop=True  cancelled=False
09:18:31 | i — | [  FINAL  ] 
09:18:31 | i — | [  FINAL  ] [BEST SOLUTION — HAOS TAG SUMMARY]
09:18:31 | i — | [  FINAL  ] ────────────────────────────────────────
09:18:31 | i — | [  FINAL  ]   107 routes  rb  ac_complete  k=2  λ=0.2  solver=ails2
09:18:31 | i — | [  FINAL  ]   1 routes  rb  kmeans  k=8  λ=1.0  solver=filo2
09:18:31 | i — | [  FINAL  ] 
09:18:31 | i — | [  FINAL  ] [ROUTE POOL — HAOS TAG SUMMARY]
09:18:31 | i — | [  FINAL  ] ────────────────────────────────────────
09:18:31 | i — | [  FINAL  ]   437 routes  vb  ac_avg  k=8  λ=1.0  solver=filo
09:18:31 | i — | [  FINAL  ]   224 routes  vb  ac_complete  k=12  λ=0.6  solver=pyvrp
09:18:31 | i — | [  FINAL  ]   223 routes  vb  fcm  k=10  λ=0.8  solver=ails2
09:18:31 | i — | [  FINAL  ]   222 routes  vb  ac_complete  k=10  λ=0.4  solver=filo2
09:18:31 | i — | [  FINAL  ]   221 routes  vb  kmedoids  k=8  λ=0.6  solver=filo
09:18:31 | i — | [  FINAL  ]   219 routes  rb  ac_complete  k=3  λ=1.0  solver=ails2
09:18:31 | i — | [  FINAL  ]   219 routes  vb  ac_complete  k=3  λ=0.8  solver=ails2
09:18:31 | i — | [  FINAL  ]   219 routes  vb  ac_avg  k=10  λ=0.8  solver=ails2
09:18:31 | i — | [  FINAL  ]   219 routes  vb  kmeans  k=4  λ=0.4  solver=filo2
09:18:31 | i — | [  FINAL  ]   219 routes  vb  kmedoids  k=3  λ=0.8  solver=filo2
09:18:31 | i — | [  FINAL  ]   219 routes  vb  fcm  k=6  λ=0.4  solver=pyvrp
09:18:31 | i — | [  FINAL  ]   218 routes  vb  ac_avg  k=4  λ=0.0  solver=filo2
09:18:31 | i — | [  FINAL  ]   217 routes  rb  kmeans  k=2  λ=0.0  solver=filo
09:18:31 | i — | [  FINAL  ]   217 routes  vb  ac_avg  k=2  λ=0.8  solver=filo2
09:18:31 | i — | [  FINAL  ]   217 routes  vb  ac_complete  k=2  λ=1.0  solver=filo
09:18:31 | i — | [  FINAL  ]   217 routes  vb  kmeans  k=2  λ=0.4  solver=filo
09:18:31 | i — | [  FINAL  ]   216 routes  rb  ac_complete  k=6  λ=0.6  solver=filo
09:18:31 | i — | [  FINAL  ]   216 routes  rb  ac_complete  k=3  λ=0.2  solver=filo2
09:18:31 | i — | [  FINAL  ]   215 routes  rb  kmeans  k=8  λ=1.0  solver=filo2
09:18:31 | i — | [  FINAL  ]   214 routes  rb  ac_complete  k=3  λ=0.0  solver=pyvrp
09:18:31 | i — | [  FINAL  ]   214 routes  rb  ac_complete  k=2  λ=0.2  solver=ails2
09:18:31 | i — | [  FINAL  ]   212 routes  rb  ac_complete  k=12  λ=0.8  solver=pyvrp
09:18:31 | i — | [  FINAL  ]   207 routes  rb  ac_avg  k=10  λ=0.6  solver=filo
09:18:31 | i — | [  FINAL  ]   206 routes  rb  ac_avg  k=12  λ=0.2  solver=filo
09:18:31 | i — | [  FINAL  ]   205 routes  rb  ac_avg  k=10  λ=0.4  solver=filo
09:18:31 | i — | [  FINAL  ]   112 routes  vb  ac_complete  k=8  λ=0.0  solver=ails2
09:18:31 | i — | [  FINAL  ]   108 routes  rb  kmeans  k=2  λ=0.0  solver=ails2
09:18:31 | i — | [  FINAL  ]   430 routes  post-SP/SC improvement
09:18:31 | i — | [  FINAL  ] ════════════════════════════════════════
