06:23:23 | i — | [  INIT   ] ════════════════════════════════════════
06:23:23 | i — | [  INIT   ] DRISPI  instance=X-n3287-k30  n=3286  capacity=111
06:23:23 | i — | [  INIT   ] k domain (computed at init): [2, 3, 4, 6, 8, 10, 12]  k_ext=3  k_min=30  k_ext_bound=route_bound  spacing_rejected=0
06:23:23 | i — | [  INIT   ] ══════════════════════════════════════════════════════
06:23:23 | i — | [  INIT   ] CONFIGURATION
06:23:23 | i — | [  INIT   ] ── stopping ────────────────────────────────
06:23:23 | i — | [  INIT   ]   time_limit                  = 7200.0
06:23:23 | i — | [  INIT   ]   max_no_improve              = 1000000000
06:23:23 | i — | [  INIT   ] ── parallelism ─────────────────────────────
06:23:23 | i — | [  INIT   ]   n_workers                   = 8
06:23:23 | i — | [  INIT   ] ── cores ───────────────────────────────────
06:23:23 | i — | [  INIT   ]   cores_total                 = 8
06:23:23 | i — | [  INIT   ]   cores_dri                   = 6
06:23:23 | i — | [  INIT   ]   cores_bg                    = 1
06:23:23 | i — | [  INIT   ]   cores_sp                    = 1
06:23:23 | i — | [  INIT   ]   cores_cpu_list              = None
06:23:23 | i — | [  INIT   ] ── sp/sc ───────────────────────────────────
06:23:23 | i — | [  INIT   ]   sp_sc_mode                  = async
06:23:23 | i — | [  INIT   ]   sp_sc_trigger               = wallclock
06:23:23 | i — | [  INIT   ]   interval_minutes            = 20.0
06:23:23 | i — | [  INIT   ]   overlap_policy              = skip
06:23:23 | i — | [  INIT   ]   warmup_iterations           = 5
06:23:23 | i — | [  INIT   ]   sp_interval                 = 3
06:23:23 | i — | [  INIT   ]   min_coverage                = 5
06:23:23 | i — | [  INIT   ]   sp_time_limit               = 720.0
06:23:23 | i — | [  INIT   ]   mip_gap                     = 0.00025
06:23:23 | i — | [  INIT   ] ── decomposition ───────────────────────────
06:23:23 | i — | [  INIT   ]   decomp_k_base_arms          = [2, 3, 4, 6, 8, 10, 12]
06:23:23 | i — | [  INIT   ]   decomp_k_max_arms           = 10
06:23:23 | i — | [  INIT   ]   decomp_k_ext_per_1000       = 4
06:23:23 | i — | [  INIT   ]   decomp_k_min_routes_per_cluster= 8
06:23:23 | i — | [  INIT   ]   decomp_k_min_arm_spacing    = 2
06:23:23 | i — | [  INIT   ]   subcluster_rate_s_per_customer= 0.06
06:23:23 | i — | [  INIT   ]   subcluster_floor_s          = 5.0
06:23:23 | i — | [  INIT   ] ── bg_ails ─────────────────────────────────
06:23:23 | i — | [  INIT   ]   bg_ails_mode                = async
06:23:23 | i — | [  INIT   ]   bg_ails_crash_threshold     = 1
06:23:23 | i — | [  INIT   ]   bg_ails_budget_mode         = predicted_dr_wall
06:23:23 | i — | [  INIT   ]   bg_ails_budget_floor_s      = 60.0
06:23:23 | i — | [  INIT   ]   bg_ails_budget_margin       = 1.0
06:23:23 | i — | [  INIT   ]   bg_ails_wall_model_scale    = 0.976
06:23:23 | i — | [  INIT   ]   bg_ails_wall_model_wave_exponent= -0.18
06:23:23 | i — | [  INIT   ]   bg_ails_initial_omega       = 10
06:23:23 | i — | [  INIT   ]   bg_ails_boundary_threshold  = 0.5
06:23:23 | i — | [  INIT   ]   bg_ails_small_cluster_cap   = 20
06:23:23 | i — | [  INIT   ]   bg_ails_small_cluster_alpha = 0.5
06:23:23 | i — | [  INIT   ]   bg_ails_pair_selection      = greedy
06:23:23 | i — | [  INIT   ]   bg_ails_n_chains_mode       = k
06:23:23 | i — | [  INIT   ]   bg_ails_unique_first_routes = True
06:23:23 | i — | [  INIT   ]   bg_ails_boundary_mask_first_ls= True
06:23:23 | i — | [  INIT   ] ── standard_improvement ────────────────────
06:23:23 | i — | [  INIT   ]   standard_improvement_time_limit= 360.0
06:23:23 | i — | [  INIT   ] ── pool ────────────────────────────────────
06:23:23 | i — | [  INIT   ]   max_pool_size               = 10000
06:23:23 | i — | [  INIT   ]   pool_diversity_weight       = 0.5
06:23:23 | i — | [  INIT   ] ── haos ────────────────────────────────────
06:23:23 | i — | [  INIT   ]   haos_decay                  = 0.95
06:23:23 | i — | [  INIT   ]   haos_warmup                 = 10
06:23:23 | i — | [  INIT   ]   haos_starting_weight        = 10.0
06:23:23 | i — | [  INIT   ]   haos_min_weight_k           = 0.025
06:23:23 | i — | [  INIT   ]   haos_min_weight_lambda      = 0.05
06:23:23 | i — | [  INIT   ]   haos_min_weight_paradigm    = 0.1
06:23:23 | i — | [  INIT   ]   haos_min_weight_vertex_method= 0.05
06:23:23 | i — | [  INIT   ]   haos_min_weight_route_method= 0.05
06:23:23 | i — | [  INIT   ]   haos_min_weight_solver      = 0.05
06:23:23 | i — | [  INIT   ]   haos_lambda_demand_values   = [0.0, 0.2, 0.4, 0.6, 0.8, 1.0]
06:23:23 | i — | [  INIT   ]   haos_paradigm_values        = ['vertex', 'route']
06:23:23 | i — | [  INIT   ]   haos_vertex_method_values   = ['kmeans', 'agglomerative_avg', 'agglomerative_complete', 'kmedoids', 'fcm']
06:23:23 | i — | [  INIT   ]   haos_route_method_values    = ['kmeans', 'agglomerative_avg', 'agglomerative_complete']
06:23:23 | i — | [  INIT   ]   haos_solver_values          = ['pyvrp', 'filo', 'filo2', 'ails2']
06:23:23 | i — | [  INIT   ] ── haos_rewards ────────────────────────────
06:23:23 | i — | [  INIT   ]   haos_reward_new_best        = 10.0
06:23:23 | i — | [  INIT   ]   haos_reward_improvement     = 4.0
06:23:23 | i — | [  INIT   ]   haos_reward_no_improvement  = 1.0
06:23:23 | i — | [  INIT   ]   haos_reward_no_solution     = 0.0
06:23:23 | i — | [  INIT   ]   haos_deferred_new_best      = 7.0
06:23:23 | i — | [  INIT   ]   haos_deferred_improvement   = 3.0
06:23:23 | i — | [  INIT   ]   haos_deferred_no_improvement= 0.0
06:23:23 | i — | [  INIT   ] ── seed ────────────────────────────────────
06:23:23 | i — | [  INIT   ]   seed                        = 11
06:23:23 | i — | [  INIT   ] ── output ──────────────────────────────────
06:23:23 | i — | [  INIT   ]   output_dir                  = /app/artifacts/benchmark/X-n3287-k30/seed11
06:23:23 | i — | [  INIT   ]   run_analysis                = False
06:23:23 | i — | [  INIT   ] ══════════════════════════════════════════════════════
06:23:23 | i — | [  INIT   ] BKS=40190.00
06:23:23 | i — | [  INIT   ] ════════════════════════════════════════
06:23:23 | i 1 | [HAOS ROLL] k=2  λ=0.8  vb  fcm  filo2  P≈0.000595
06:23:24 | i 1 | [Phase 1/3] decompose  1.15s / — / —  λ=0.8  vb fcm
06:25:13 | i 1 | [Phase 2/3] route  108.70s / 108.24s / 100.4%  filo2  k=2
06:25:13 | i 1 | [ IMPROVE ] 41091.00  via decompose_route  ·  Δ_BKS=+2.24%
06:25:13 | i 1 | [HAOS ROLL] k=2  λ=0.8  vb  fcm  filo2  P≈0.000595
06:25:13 | i 1 | [ Summary ] cost=41091.00  Δ_S*=+0.00%  Δ_BKS=+2.24%  Δ_S*_BKS=+2.24%  no_improve=0
06:25:13 | i 2 | [HAOS ROLL] k=12  λ=0.2  rb  ac_avg  filo  P≈0.000992
06:25:16 | i 2 | [Phase 1/3] decompose  3.06s / — / —  λ=0.2  rb ac_avg
06:25:56 | i 2 | [Phase 2/3] route  40.12s / 39.96s / 100.4%  filo  k=12
06:27:02 | i 1 | [ IMPROVE ] 40597.00  via bg_ails  ·  Δ_BKS=+1.01%
06:27:02 | i 1 | [ ASYNC BG] bg_ails  109.27s / 105.64s / 103.4%
06:27:02 | i 2 | [HAOS ROLL] k=12  λ=0.2  rb  ac_avg  filo  P≈0.000992
06:27:02 | i 2 | [ Summary ] cost=41073.00  Δ_S*=+1.17%  Δ_BKS=+2.20%  Δ_S*_BKS=+1.01%  no_improve=1
06:27:02 | i 3 | [HAOS ROLL] k=8  λ=0.6  rb  kmeans  filo  P≈0.000992
06:27:03 | i 3 | [Phase 1/3] decompose  0.63s / — / —  λ=0.6  rb kmeans
06:28:03 | i 3 | [Phase 2/3] route  60.14s / 59.94s / 100.3%  filo  k=8
06:28:07 | i 2 | [ ASYNC BG] bg_ails  64.28s / 60.00s / 107.1%
06:28:07 | i 3 | [ IMPROVE ] 40591.00  via decompose_route  ·  Δ_BKS=+1.00%
06:28:07 | i 3 | [HAOS ROLL] k=8  λ=0.6  rb  kmeans  filo  P≈0.000992
06:28:07 | i 3 | [ Summary ] cost=40591.00  Δ_S*=+0.00%  Δ_BKS=+1.00%  Δ_S*_BKS=+1.00%  no_improve=0
06:28:07 | i 4 | [HAOS ROLL] k=12  λ=0.8  vb  ac_complete  filo  P≈0.000595
06:28:08 | i 4 | [Phase 1/3] decompose  0.91s / — / —  λ=0.8  vb ac_complete
06:29:22 | i 4 | [Phase 2/3] route  74.17s / 73.74s / 100.6%  filo  k=12
06:29:25 | i 3 | [ ASYNC BG] bg_ails  78.35s / 74.38s / 105.3%
06:29:25 | i 4 | [HAOS ROLL] k=12  λ=0.8  vb  ac_complete  filo  P≈0.000595
06:29:25 | i 4 | [ Summary ] cost=48605.00  Δ_S*=+19.74%  Δ_BKS=+20.94%  Δ_S*_BKS=+1.00%  no_improve=2
06:29:25 | i 5 | [HAOS ROLL] k=8  λ=0.0  rb  ac_complete  filo2  P≈0.000992
06:29:25 | i 5 | [Phase 1/3] decompose  0.47s / — / —  λ=0.0  rb ac_complete
06:30:12 | i 5 | [Phase 2/3] route  46.13s / 46.20s / 99.8%  filo2  k=8
06:31:24 | i 4 | [ ASYNC BG] bg_ails  119.33s / 115.17s / 103.6%
06:31:24 | i 5 | [ IMPROVE ] 40543.00  via decompose_route  ·  Δ_BKS=+0.88%
06:31:24 | i 5 | [HAOS ROLL] k=8  λ=0.0  rb  ac_complete  filo2  P≈0.000992
06:31:24 | i 5 | [ Summary ] cost=40543.00  Δ_S*=+0.00%  Δ_BKS=+0.88%  Δ_S*_BKS=+0.88%  no_improve=0
06:31:24 | i 6 | [HAOS ROLL] k=10  λ=0.0  vb  ac_avg  pyvrp  P≈0.000595
06:31:25 | i 6 | [Phase 1/3] decompose  0.79s / — / —  λ=0.0  vb ac_avg
06:33:11 | i 6 | [Phase 2/3] route  105.49s / 98.94s / 106.6%  pyvrp  k=10
06:33:11 | i 5 | [ ASYNC BG] bg_ails  64.25s / 60.00s / 107.1%
06:33:11 | i 6 | [HAOS ROLL] k=10  λ=0.0  vb  ac_avg  pyvrp  P≈0.000595
06:33:11 | i 6 | [ Summary ] cost=46494.00  Δ_S*=+14.68%  Δ_BKS=+15.69%  Δ_S*_BKS=+0.88%  no_improve=2
06:33:11 | i 7 | [HAOS ROLL] k=6  λ=0.6  rb  ac_avg  filo2  P≈0.000992
06:33:11 | i 7 | [Phase 1/3] decompose  0.62s / — / —  λ=0.6  rb ac_avg
06:34:25 | i 7 | [Phase 2/3] route  73.16s / 73.26s / 99.9%  filo2  k=6
06:34:44 | i 6 | [ ASYNC BG] bg_ails  93.17s / 89.55s / 104.0%
06:34:44 | i 7 | [HAOS ROLL] k=6  λ=0.6  rb  ac_avg  filo2  P≈0.000992
06:34:44 | i 7 | [ Summary ] cost=40608.00  Δ_S*=+0.16%  Δ_BKS=+1.04%  Δ_S*_BKS=+0.88%  no_improve=4
06:34:44 | i 8 | [HAOS ROLL] k=4  λ=0.8  rb  ac_complete  pyvrp  P≈0.000992
06:34:45 | i 8 | [Phase 1/3] decompose  0.73s / — / —  λ=0.8  rb ac_complete
06:36:14 | i 8 | [Phase 2/3] route  89.18s / 84.54s / 105.5%  pyvrp  k=4
06:36:14 | i 7 | [ ASYNC BG] bg_ails  75.45s / 71.50s / 105.5%
06:36:14 | i 8 | [HAOS ROLL] k=4  λ=0.8  rb  ac_complete  pyvrp  P≈0.000992
06:36:14 | i 8 | [ Summary ] cost=40845.00  Δ_S*=+0.74%  Δ_BKS=+1.63%  Δ_S*_BKS=+0.88%  no_improve=6
06:36:14 | i 9 | [HAOS ROLL] k=3  λ=0.0  rb  ac_avg  filo  P≈0.000992
06:36:14 | i 9 | [Phase 1/3] decompose  0.48s / — / —  λ=0.0  rb ac_avg
06:38:01 | i 9 | [Phase 2/3] route  106.24s / 106.32s / 99.9%  filo  k=3
06:38:01 | i 8 | [ IMPROVE ] 40539.00  via bg_ails  ·  Δ_BKS=+0.87%
06:38:01 | i 8 | [ ASYNC BG] bg_ails  86.44s / 82.51s / 104.8%
06:38:01 | i 9 | [HAOS ROLL] k=3  λ=0.0  rb  ac_avg  filo  P≈0.000992
06:38:01 | i 9 | [ Summary ] cost=40612.00  Δ_S*=+0.18%  Δ_BKS=+1.05%  Δ_S*_BKS=+0.87%  no_improve=1
06:38:01 | i 10 | [HAOS ROLL] k=3  λ=0.0  vb  ac_complete  filo  P≈0.000595
06:38:01 | i 10 | [Phase 1/3] decompose  0.78s / — / —  λ=0.0  vb ac_complete
06:39:50 | i 10 | [Phase 2/3] route  108.24s / 108.18s / 100.1%  filo  k=3
06:39:50 | i 9 | [ IMPROVE ] 40520.00  via bg_ails  ·  Δ_BKS=+0.82%
06:39:50 | i 9 | [ ASYNC BG] bg_ails  107.14s / 103.77s / 103.2%
06:39:50 | i 10 | [HAOS ROLL] k=3  λ=0.0  vb  ac_complete  filo  P≈0.000595
06:39:50 | i 10 | [ Summary ] cost=41422.00  Δ_S*=+2.23%  Δ_BKS=+3.07%  Δ_S*_BKS=+0.82%  no_improve=1
06:39:50 | i 6 | [ASYNC 1/2] sp_sc  0.06s / 720.00s / 0.0%  SP  avg_coverage=10.38/5  pool=326
06:39:50 | i 6 | [ASYNC 2/2] standard_ails  363.64s / 360.00s / 101.0%
06:39:50 | i 6 | [ IMPROVE ] 40362.00  via standard_ails  ·  Δ_BKS=+0.43%
06:39:50 | i 11 | [HAOS ROLL] k=8  λ=0.0  rb  ac_avg  filo2  P≈0.000992
06:39:50 | i 11 | [Phase 1/3] decompose  0.47s / — / —  λ=0.0  rb ac_avg
06:40:43 | i 11 | [Phase 2/3] route  53.14s / 52.86s / 100.5%  filo2  k=8
06:41:39 | i 10 | [ ASYNC BG] bg_ails  109.08s / 105.58s / 103.3%
06:41:39 | i 11 | [ IMPROVE ] 40345.00  via decompose_route  ·  Δ_BKS=+0.39%
06:41:39 | i 11 | [HAOS ROLL] k=8  λ=0.0  rb  ac_avg  filo2  P≈0.000992
06:41:39 | i 11 | [ Summary ] cost=40345.00  Δ_S*=+0.00%  Δ_BKS=+0.39%  Δ_S*_BKS=+0.39%  no_improve=0
06:41:39 | i 12 | [HAOS ROLL] k=6  λ=0.8  rb  ac_avg  filo2  P≈0.002173
06:41:39 | i 12 | [Phase 1/3] decompose  0.62s / — / —  λ=0.8  rb ac_avg
06:43:06 | i 12 | [Phase 2/3] route  86.20s / 85.98s / 100.3%  filo2  k=6
06:43:06 | i 11 | [ ASYNC BG] bg_ails  64.21s / 60.00s / 107.0%
06:43:06 | i 12 | [HAOS ROLL] k=6  λ=0.8  rb  ac_avg  filo2  P≈0.002173
06:43:06 | i 12 | [ Summary ] cost=40379.00  Δ_S*=+0.08%  Δ_BKS=+0.47%  Δ_S*_BKS=+0.39%  no_improve=2
06:43:06 | i 13 | [HAOS ROLL] k=6  λ=0.6  vb  kmeans  ails2  P≈0.000175
06:43:06 | i 13 | [Phase 1/3] decompose  0.62s / — / —  λ=0.6  vb kmeans
06:44:02 | i 13 | [Phase 2/3] route  56.08s / 54.96s / 102.0%  ails2  k=6
06:44:33 | i 12 | [ ASYNC BG] bg_ails  87.34s / 83.92s / 104.1%
06:44:33 | i 13 | [HAOS ROLL] k=6  λ=0.6  vb  kmeans  ails2  P≈0.000175
06:44:33 | i 13 | [ Summary ] cost=45213.00  Δ_S*=+12.07%  Δ_BKS=+12.50%  Δ_S*_BKS=+0.39%  no_improve=4
06:44:33 | i 14 | [HAOS ROLL] k=2  λ=0.8  vb  ac_avg  filo  P≈0.000373
06:44:34 | i 14 | [Phase 1/3] decompose  0.97s / — / —  λ=0.8  vb ac_avg
06:46:22 | i 14 | [Phase 2/3] route  108.24s / 108.30s / 99.9%  filo  k=2
06:46:22 | i 13 | [ ASYNC BG] bg_ails  64.37s / 60.00s / 107.3%
06:46:22 | i 14 | [HAOS ROLL] k=2  λ=0.8  vb  ac_avg  filo  P≈0.000373
06:46:22 | i 14 | [ Summary ] cost=41092.00  Δ_S*=+1.85%  Δ_BKS=+2.24%  Δ_S*_BKS=+0.39%  no_improve=6
06:46:22 | i 15 | [HAOS ROLL] k=8  λ=0.0  rb  ac_complete  filo2  P≈0.004996
06:46:23 | i 15 | [Phase 1/3] decompose  0.47s / — / —  λ=0.0  rb ac_complete
06:47:09 | i 15 | [Phase 2/3] route  46.13s / 46.26s / 99.7%  filo2  k=8
06:48:11 | i 14 | [ ASYNC BG] bg_ails  109.17s / 105.70s / 103.3%
06:48:11 | i 15 | [HAOS ROLL] k=8  λ=0.0  rb  ac_complete  filo2  P≈0.004996
06:48:11 | i 15 | [ Summary ] cost=40372.00  Δ_S*=+0.07%  Δ_BKS=+0.45%  Δ_S*_BKS=+0.39%  no_improve=8
06:48:11 | i 16 | [HAOS ROLL] k=2  λ=0.6  rb  ac_avg  filo2  P≈0.003594
06:48:12 | i 16 | [Phase 1/3] decompose  0.62s / — / —  λ=0.6  rb ac_avg
06:49:58 | i 16 | [Phase 2/3] route  106.21s / 105.90s / 100.3%  filo2  k=2
06:49:58 | i 15 | [ ASYNC BG] bg_ails  66.08s / 62.65s / 105.5%
06:49:58 | i 16 | [HAOS ROLL] k=2  λ=0.6  rb  ac_avg  filo2  P≈0.003594
06:49:58 | i 16 | [ Summary ] cost=40538.00  Δ_S*=+0.48%  Δ_BKS=+0.87%  Δ_S*_BKS=+0.39%  no_improve=10
06:49:58 | i 17 | [HAOS ROLL] k=8  λ=0.8  rb  kmeans  filo2  P≈0.004719
06:49:59 | i 17 | [Phase 1/3] decompose  0.63s / — / —  λ=0.8  rb kmeans
06:50:45 | i 17 | [Phase 2/3] route  46.14s / 46.44s / 99.4%  filo2  k=8
06:51:46 | i 16 | [ ASYNC BG] bg_ails  107.36s / 103.36s / 103.9%
06:51:46 | i 17 | [HAOS ROLL] k=8  λ=0.8  rb  kmeans  filo2  P≈0.004719
06:51:46 | i 17 | [ Summary ] cost=40365.00  Δ_S*=+0.05%  Δ_BKS=+0.44%  Δ_S*_BKS=+0.39%  no_improve=12
06:51:46 | i 18 | [HAOS ROLL] k=2  λ=0.8  rb  kmeans  filo  P≈0.002248
06:51:46 | i 18 | [Phase 1/3] decompose  0.63s / — / —  λ=0.8  rb kmeans
06:53:33 | i 18 | [Phase 2/3] route  106.23s / 105.90s / 100.3%  filo  k=2
06:53:33 | i 17 | [ ASYNC BG] bg_ails  64.34s / 60.00s / 107.2%
06:53:33 | i 18 | [HAOS ROLL] k=2  λ=0.8  rb  kmeans  filo  P≈0.002248
06:53:33 | i 18 | [ Summary ] cost=40407.00  Δ_S*=+0.15%  Δ_BKS=+0.54%  Δ_S*_BKS=+0.39%  no_improve=14
06:53:33 | i 19 | [HAOS ROLL] k=2  λ=0.8  vb  ac_complete  pyvrp  P≈0.000437
06:53:34 | i 19 | [Phase 1/3] decompose  0.92s / — / —  λ=0.8  vb ac_complete
06:55:29 | i 19 | [Phase 2/3] route  115.43s / 108.18s / 106.7%  pyvrp  k=2
06:55:29 | i 18 | [ ASYNC BG] bg_ails  107.24s / 103.36s / 103.8%
06:55:29 | i 19 | [HAOS ROLL] k=2  λ=0.8  vb  ac_complete  pyvrp  P≈0.000437
06:55:29 | i 19 | [ Summary ] cost=41313.00  Δ_S*=+2.40%  Δ_BKS=+2.79%  Δ_S*_BKS=+0.39%  no_improve=16
06:55:29 | i 20 | [HAOS ROLL] k=2  λ=0.0  vb  fcm  filo2  P≈0.001532
06:55:30 | i 20 | [Phase 1/3] decompose  0.48s / — / —  λ=0.0  vb fcm
06:57:18 | i 20 | [Phase 2/3] route  108.23s / 108.24s / 100.0%  filo2  k=2
06:57:18 | i 19 | [ ASYNC BG] bg_ails  109.34s / 105.58s / 103.6%
06:57:18 | i 20 | [HAOS ROLL] k=2  λ=0.0  vb  fcm  filo2  P≈0.001532
06:57:18 | i 20 | [ Summary ] cost=41078.00  Δ_S*=+1.82%  Δ_BKS=+2.21%  Δ_S*_BKS=+0.39%  no_improve=18
06:57:18 | i 21 | [HAOS ROLL] k=6  λ=0.2  vb  ac_complete  filo  P≈0.000289
06:57:19 | i 21 | [Phase 1/3] decompose  0.93s / — / —  λ=0.2  vb ac_complete
06:58:38 | i 21 | [Phase 2/3] route  78.19s / 77.64s / 100.7%  filo  k=6
06:59:08 | i 20 | [ ASYNC BG] bg_ails  109.16s / 105.64s / 103.3%
06:59:08 | i 21 | [HAOS ROLL] k=6  λ=0.2  vb  ac_complete  filo  P≈0.000289
06:59:08 | i 21 | [ Summary ] cost=43260.00  Δ_S*=+7.23%  Δ_BKS=+7.64%  Δ_S*_BKS=+0.39%  no_improve=20
06:59:08 | i 22 | [HAOS ROLL] k=2  λ=0.8  rb  ac_avg  pyvrp  P≈0.002464
06:59:08 | i 22 | [Phase 1/3] decompose  0.62s / — / —  λ=0.8  rb ac_avg
07:01:01 | i 22 | [Phase 2/3] route  112.91s / 105.90s / 106.6%  pyvrp  k=2
07:01:01 | i 21 | [ ASYNC BG] bg_ails  79.37s / 75.78s / 104.7%
07:01:01 | i 22 | [HAOS ROLL] k=2  λ=0.8  rb  ac_avg  pyvrp  P≈0.002464
07:01:01 | i 22 | [ Summary ] cost=40818.00  Δ_S*=+1.17%  Δ_BKS=+1.56%  Δ_S*_BKS=+0.39%  no_improve=22
07:01:01 | i 18 | [ASYNC 1/2] sp_sc  0.90s / 720.00s / 0.1%  SP  avg_coverage=33.59/5  pool=1028
07:01:01 | i 18 | [ASYNC 2/2] standard_ails  363.56s / 360.00s / 101.0%
07:01:02 | i 18 | [ IMPROVE ] 40335.00  via standard_ails  ·  Δ_BKS=+0.36%
07:01:02 | i 23 | [HAOS ROLL] k=8  λ=0.0  rb  ac_avg  filo2  P≈0.005041
07:01:02 | i 23 | [Phase 1/3] decompose  0.45s / — / —  λ=0.0  rb ac_avg
07:02:02 | i 23 | [Phase 2/3] route  59.14s / 59.34s / 99.7%  filo2  k=8
07:02:48 | i 22 | [ ASYNC BG] bg_ails  107.29s / 103.36s / 103.8%
07:02:48 | i 23 | [HAOS ROLL] k=8  λ=0.0  rb  ac_avg  filo2  P≈0.005041
07:02:49 | i 23 | [ Summary ] cost=40389.00  Δ_S*=+0.13%  Δ_BKS=+0.50%  Δ_S*_BKS=+0.36%  no_improve=2
07:02:49 | i 24 | [HAOS ROLL] k=2  λ=0.8  rb  ac_avg  filo2  P≈0.008398
07:02:49 | i 24 | [Phase 1/3] decompose  0.62s / — / —  λ=0.8  rb ac_avg
07:04:35 | i 24 | [Phase 2/3] route  106.23s / 105.96s / 100.3%  filo2  k=2
07:04:35 | i 23 | [ ASYNC BG] bg_ails  71.19s / 67.61s / 105.3%
07:04:35 | i 24 | [HAOS ROLL] k=2  λ=0.8  rb  ac_avg  filo2  P≈0.008398
07:04:35 | i 24 | [ Summary ] cost=40449.00  Δ_S*=+0.28%  Δ_BKS=+0.64%  Δ_S*_BKS=+0.36%  no_improve=4
07:04:35 | i 25 | [HAOS ROLL] k=4  λ=0.6  vb  ac_avg  filo2  P≈0.000389
07:04:36 | i 25 | [Phase 1/3] decompose  0.95s / — / —  λ=0.6  vb ac_avg
07:06:25 | i 25 | [Phase 2/3] route  108.26s / 108.30s / 100.0%  filo2  k=4
07:06:25 | i 24 | [ ASYNC BG] bg_ails  107.42s / 103.42s / 103.9%
07:06:25 | i 25 | [HAOS ROLL] k=4  λ=0.6  vb  ac_avg  filo2  P≈0.000389
07:06:25 | i 25 | [ Summary ] cost=42715.00  Δ_S*=+5.90%  Δ_BKS=+6.28%  Δ_S*_BKS=+0.36%  no_improve=6
07:06:25 | i 26 | [HAOS ROLL] k=8  λ=0.8  rb  ac_avg  ails2  P≈0.003233
07:06:25 | i 26 | [Phase 1/3] decompose  0.63s / — / —  λ=0.8  rb ac_avg
07:07:27 | i 26 | [Phase 2/3] route  61.22s / 59.34s / 103.2%  ails2  k=8
07:08:14 | i 25 | [ ASYNC BG] bg_ails  109.42s / 105.70s / 103.5%
07:08:14 | i 26 | [HAOS ROLL] k=8  λ=0.8  rb  ac_avg  ails2  P≈0.003233
07:08:14 | i 26 | [ Summary ] cost=40430.00  Δ_S*=+0.24%  Δ_BKS=+0.60%  Δ_S*_BKS=+0.36%  no_improve=8
07:08:14 | i 27 | [HAOS ROLL] k=3  λ=0.8  rb  ac_avg  filo2  P≈0.004036
07:08:15 | i 27 | [Phase 1/3] decompose  0.63s / — / —  λ=0.8  rb ac_avg
07:10:01 | i 27 | [Phase 2/3] route  106.24s / 105.96s / 100.3%  filo2  k=3
07:10:01 | i 26 | [ ASYNC BG] bg_ails  71.31s / 67.61s / 105.5%
07:10:01 | i 27 | [HAOS ROLL] k=3  λ=0.8  rb  ac_avg  filo2  P≈0.004036
07:10:01 | i 27 | [ Summary ] cost=40489.00  Δ_S*=+0.38%  Δ_BKS=+0.74%  Δ_S*_BKS=+0.36%  no_improve=10
07:10:01 | i 28 | [HAOS ROLL] k=12  λ=0.8  vb  ac_complete  filo2  P≈0.000968
07:10:02 | i 28 | [Phase 1/3] decompose  0.94s / — / —  λ=0.8  vb ac_complete
07:11:16 | i 28 | [Phase 2/3] route  74.18s / 73.74s / 100.6%  filo2  k=12
07:11:49 | i 27 | [ ASYNC BG] bg_ails  107.48s / 103.42s / 103.9%
07:11:49 | i 28 | [HAOS ROLL] k=12  λ=0.8  vb  ac_complete  filo2  P≈0.000968
07:11:49 | i 28 | [ Summary ] cost=48595.00  Δ_S*=+20.48%  Δ_BKS=+20.91%  Δ_S*_BKS=+0.36%  no_improve=12
07:11:49 | i 29 | [HAOS ROLL] k=2  λ=0.4  rb  kmeans  filo2  P≈0.001726
07:11:49 | i 29 | [Phase 1/3] decompose  0.62s / — / —  λ=0.4  rb kmeans
07:13:35 | i 29 | [Phase 2/3] route  106.23s / 105.96s / 100.3%  filo2  k=2
07:13:48 | i 28 | [ ASYNC BG] bg_ails  119.28s / 115.17s / 103.6%
07:13:48 | i 29 | [HAOS ROLL] k=2  λ=0.4  rb  kmeans  filo2  P≈0.001726
07:13:48 | i 29 | [ Summary ] cost=40452.00  Δ_S*=+0.29%  Δ_BKS=+0.65%  Δ_S*_BKS=+0.36%  no_improve=14
07:13:48 | i 30 | [HAOS ROLL] k=2  λ=1.0  vb  kmeans  filo2  P≈0.000713
07:13:49 | i 30 | [Phase 1/3] decompose  0.63s / — / —  λ=1.0  vb kmeans
07:15:37 | i 30 | [Phase 2/3] route  108.24s / 108.24s / 100.0%  filo2  k=2
07:15:37 | i 29 | [ ASYNC BG] bg_ails  107.39s / 103.42s / 103.8%
07:15:37 | i 30 | [HAOS ROLL] k=2  λ=1.0  vb  kmeans  filo2  P≈0.000713
07:15:37 | i 30 | [ Summary ] cost=41198.00  Δ_S*=+2.14%  Δ_BKS=+2.51%  Δ_S*_BKS=+0.36%  no_improve=16
07:15:37 | i 31 | [HAOS ROLL] k=8  λ=0.4  rb  kmeans  pyvrp  P≈0.000877
07:15:37 | i 31 | [Phase 1/3] decompose  0.63s / — / —  λ=0.4  rb kmeans
07:16:26 | i 31 | [Phase 2/3] route  48.39s / 46.56s / 103.9%  pyvrp  k=8
07:17:26 | i 30 | [ ASYNC BG] bg_ails  109.37s / 105.64s / 103.5%
07:17:26 | i 31 | [HAOS ROLL] k=8  λ=0.4  rb  kmeans  pyvrp  P≈0.000877
07:17:26 | i 31 | [ Summary ] cost=40778.00  Δ_S*=+1.10%  Δ_BKS=+1.46%  Δ_S*_BKS=+0.36%  no_improve=18
07:17:26 | i 32 | [HAOS ROLL] k=2  λ=1.0  rb  kmeans  pyvrp  P≈0.000855
07:17:27 | i 32 | [Phase 1/3] decompose  0.67s / — / —  λ=1.0  rb kmeans
07:19:20 | i 32 | [Phase 2/3] route  113.52s / 105.96s / 107.1%  pyvrp  k=2
07:19:20 | i 31 | [ ASYNC BG] bg_ails  64.57s / 60.00s / 107.6%
07:19:20 | i 32 | [HAOS ROLL] k=2  λ=1.0  rb  kmeans  pyvrp  P≈0.000855
07:19:21 | i 32 | [ Summary ] cost=40726.00  Δ_S*=+0.97%  Δ_BKS=+1.33%  Δ_S*_BKS=+0.36%  no_improve=20
07:19:21 | i 33 | [HAOS ROLL] k=8  λ=0.6  rb  kmeans  filo  P≈0.001835
07:19:21 | i 33 | [Phase 1/3] decompose  0.63s / — / —  λ=0.6  rb kmeans
07:20:14 | i 33 | [Phase 2/3] route  53.15s / 52.92s / 100.4%  filo  k=8
07:21:08 | i 32 | [ ASYNC BG] bg_ails  107.42s / 103.42s / 103.9%
07:21:08 | i 33 | [HAOS ROLL] k=8  λ=0.6  rb  kmeans  filo  P≈0.001835
07:21:08 | i 33 | [ Summary ] cost=40381.00  Δ_S*=+0.11%  Δ_BKS=+0.48%  Δ_S*_BKS=+0.36%  no_improve=22
07:21:08 | i 29 | [ASYNC 1/2] sp_sc  3.84s / 720.00s / 0.5%  SP  avg_coverage=55.30/5  pool=1689
07:21:08 | i 29 | [ASYNC 2/2] standard_ails  363.61s / 360.00s / 101.0%
07:21:10 | i 29 | [ IMPROVE ] 40313.00  via standard_ails  ·  Δ_BKS=+0.31%
07:21:10 | i 34 | [HAOS ROLL] k=2  λ=0.2  rb  kmeans  filo2  P≈0.003540
07:21:10 | i 34 | [Phase 1/3] decompose  0.60s / — / —  λ=0.2  rb kmeans
07:22:56 | i 34 | [Phase 2/3] route  106.23s / 106.14s / 100.1%  filo2  k=2
07:22:56 | i 33 | [ ASYNC BG] bg_ails  66.25s / 62.80s / 105.5%
07:22:56 | i 34 | [HAOS ROLL] k=2  λ=0.2  rb  kmeans  filo2  P≈0.003540
07:22:56 | i 34 | [ Summary ] cost=40531.00  Δ_S*=+0.54%  Δ_BKS=+0.85%  Δ_S*_BKS=+0.31%  no_improve=2
07:22:56 | i 35 | [HAOS ROLL] k=8  λ=0.8  vb  fcm  ails2  P≈0.000473
07:22:57 | i 35 | [Phase 1/3] decompose  0.93s / — / —  λ=0.8  vb fcm
07:23:50 | i 35 | [Phase 2/3] route  52.79s / 39.06s / 135.2%  ails2  k=8
07:24:44 | i 34 | [ ASYNC BG] bg_ails  107.54s / 103.59s / 103.8%
07:24:44 | i 35 | [HAOS ROLL] k=8  λ=0.8  vb  fcm  ails2  P≈0.000473
07:24:44 | i 35 | [ Summary ] cost=44020.00  Δ_S*=+9.20%  Δ_BKS=+9.53%  Δ_S*_BKS=+0.31%  no_improve=4
07:24:44 | i 36 | [HAOS ROLL] k=2  λ=0.8  rb  kmeans  filo  P≈0.003614
07:24:45 | i 36 | [Phase 1/3] decompose  0.64s / — / —  λ=0.8  rb kmeans
07:26:31 | i 36 | [Phase 2/3] route  106.23s / 106.14s / 100.1%  filo  k=2
07:26:31 | i 35 | [ ASYNC BG] bg_ails  66.32s / 62.34s / 106.4%
07:26:31 | i 36 | [HAOS ROLL] k=2  λ=0.8  rb  kmeans  filo  P≈0.003614
07:26:31 | i 36 | [ Summary ] cost=40534.00  Δ_S*=+0.55%  Δ_BKS=+0.86%  Δ_S*_BKS=+0.31%  no_improve=6
07:26:31 | i 37 | [HAOS ROLL] k=2  λ=0.8  rb  ac_avg  filo  P≈0.004813
07:26:32 | i 37 | [Phase 1/3] decompose  0.62s / — / —  λ=0.8  rb ac_avg
07:28:18 | i 37 | [Phase 2/3] route  106.23s / 106.14s / 100.1%  filo  k=2
07:28:18 | i 36 | [ ASYNC BG] bg_ails  107.30s / 103.59s / 103.6%
07:28:18 | i 37 | [HAOS ROLL] k=2  λ=0.8  rb  ac_avg  filo  P≈0.004813
07:28:18 | i 37 | [ Summary ] cost=40536.00  Δ_S*=+0.55%  Δ_BKS=+0.86%  Δ_S*_BKS=+0.31%  no_improve=8
07:28:18 | i 38 | [HAOS ROLL] k=8  λ=1.0  rb  kmeans  pyvrp  P≈0.002013
07:28:19 | i 38 | [Phase 1/3] decompose  0.63s / — / —  λ=1.0  rb kmeans
07:29:00 | i 38 | [Phase 2/3] route  41.21s / 39.90s / 103.3%  pyvrp  k=8
07:30:05 | i 37 | [ ASYNC BG] bg_ails  107.23s / 103.59s / 103.5%
07:30:06 | i 38 | [HAOS ROLL] k=8  λ=1.0  rb  kmeans  pyvrp  P≈0.002013
07:30:06 | i 38 | [ Summary ] cost=40445.00  Δ_S*=+0.33%  Δ_BKS=+0.63%  Δ_S*_BKS=+0.31%  no_improve=10
07:30:06 | i 39 | [HAOS ROLL] k=12  λ=0.0  rb  kmeans  filo2  P≈0.001948
07:30:06 | i 39 | [Phase 1/3] decompose  0.46s / — / —  λ=0.0  rb kmeans
07:30:51 | i 39 | [Phase 2/3] route  45.14s / 26.58s / 169.8%  filo2  k=12
07:31:10 | i 38 | [ ASYNC BG] bg_ails  64.25s / 60.00s / 107.1%
07:31:10 | i 39 | [HAOS ROLL] k=12  λ=0.0  rb  kmeans  filo2  P≈0.001948
07:31:10 | i 39 | [ Summary ] cost=40316.00  Δ_S*=+0.01%  Δ_BKS=+0.31%  Δ_S*_BKS=+0.31%  no_improve=12
07:31:10 | i 40 | [HAOS ROLL] k=6  λ=0.0  rb  ac_avg  filo  P≈0.001104
07:31:10 | i 40 | [Phase 1/3] decompose  0.45s / — / —  λ=0.0  rb ac_avg
07:32:10 | i 40 | [Phase 2/3] route  60.15s / 59.58s / 101.0%  filo  k=6
07:32:14 | i 39 | [ ASYNC BG] bg_ails  64.09s / 60.00s / 106.8%
07:32:14 | i 40 | [HAOS ROLL] k=6  λ=0.0  rb  ac_avg  filo  P≈0.001104
07:32:14 | i 40 | [ Summary ] cost=40530.00  Δ_S*=+0.54%  Δ_BKS=+0.85%  Δ_S*_BKS=+0.31%  no_improve=14
07:32:14 | i 41 | [HAOS ROLL] k=2  λ=0.6  rb  ac_complete  filo2  P≈0.001466
07:32:15 | i 41 | [Phase 1/3] decompose  0.60s / — / —  λ=0.6  rb ac_complete
07:34:01 | i 41 | [Phase 2/3] route  106.23s / 106.14s / 100.1%  filo2  k=2
07:34:01 | i 40 | [ ASYNC BG] bg_ails  64.14s / 60.00s / 106.9%
07:34:01 | i 41 | [HAOS ROLL] k=2  λ=0.6  rb  ac_complete  filo2  P≈0.001466
07:34:01 | i 41 | [ Summary ] cost=40524.00  Δ_S*=+0.52%  Δ_BKS=+0.83%  Δ_S*_BKS=+0.31%  no_improve=16
07:34:01 | i 42 | [HAOS ROLL] k=8  λ=0.6  rb  ac_avg  filo2  P≈0.005632
07:34:02 | i 42 | [Phase 1/3] decompose  0.64s / — / —  λ=0.6  rb ac_avg
07:34:54 | i 42 | [Phase 2/3] route  52.15s / 52.44s / 99.4%  filo2  k=8
07:35:48 | i 41 | [ ASYNC BG] bg_ails  107.37s / 103.59s / 103.6%
07:35:48 | i 42 | [HAOS ROLL] k=8  λ=0.6  rb  ac_avg  filo2  P≈0.005632
07:35:48 | i 42 | [ Summary ] cost=40352.00  Δ_S*=+0.10%  Δ_BKS=+0.40%  Δ_S*_BKS=+0.31%  no_improve=18
07:35:48 | i 43 | [HAOS ROLL] k=8  λ=0.8  rb  ac_complete  filo2  P≈0.006615
07:35:49 | i 43 | [Phase 1/3] decompose  0.62s / — / —  λ=0.8  rb ac_complete
07:36:36 | i 43 | [Phase 2/3] route  47.13s / 46.56s / 101.2%  filo2  k=8
07:36:53 | i 42 | [ ASYNC BG] bg_ails  65.30s / 61.93s / 105.4%
07:36:53 | i 43 | [HAOS ROLL] k=8  λ=0.8  rb  ac_complete  filo2  P≈0.006615
07:36:54 | i 43 | [ Summary ] cost=40411.00  Δ_S*=+0.24%  Δ_BKS=+0.55%  Δ_S*_BKS=+0.31%  no_improve=20
07:36:54 | i 44 | [HAOS ROLL] k=8  λ=1.0  rb  ac_complete  filo2  P≈0.003222
07:36:54 | i 44 | [Phase 1/3] decompose  0.70s / — / —  λ=1.0  rb ac_complete
07:37:41 | i 44 | [Phase 2/3] route  47.13s / 46.56s / 101.2%  filo2  k=8
07:38:06 | i 43 | [ ASYNC BG] bg_ails  72.30s / 68.59s / 105.4%
07:38:06 | i 44 | [HAOS ROLL] k=8  λ=1.0  rb  ac_complete  filo2  P≈0.003222
07:38:06 | i 44 | [ Summary ] cost=40335.00  Δ_S*=+0.05%  Δ_BKS=+0.36%  Δ_S*_BKS=+0.31%  no_improve=22
07:38:06 | i 45 | [HAOS ROLL] k=2  λ=0.8  rb  ac_avg  filo2  P≈0.011296
07:38:06 | i 45 | [Phase 1/3] decompose  0.64s / — / —  λ=0.8  rb ac_avg
07:39:53 | i 45 | [Phase 2/3] route  106.23s / 106.14s / 100.1%  filo2  k=2
07:39:53 | i 44 | [ ASYNC BG] bg_ails  72.37s / 68.59s / 105.5%
07:39:53 | i 45 | [HAOS ROLL] k=2  λ=0.8  rb  ac_avg  filo2  P≈0.011296
07:39:53 | i 45 | [ Summary ] cost=40423.00  Δ_S*=+0.27%  Δ_BKS=+0.58%  Δ_S*_BKS=+0.31%  no_improve=24
07:39:53 | i 46 | [HAOS ROLL] k=2  λ=0.4  rb  kmeans  filo  P≈0.001605
07:39:53 | i 46 | [Phase 1/3] decompose  0.63s / — / —  λ=0.4  rb kmeans
07:41:40 | i 46 | [Phase 2/3] route  106.23s / 106.14s / 100.1%  filo  k=2
07:41:40 | i 45 | [ ASYNC BG] bg_ails  107.25s / 103.59s / 103.5%
07:41:40 | i 46 | [HAOS ROLL] k=2  λ=0.4  rb  kmeans  filo  P≈0.001605
07:41:40 | i 46 | [ Summary ] cost=40496.00  Δ_S*=+0.45%  Δ_BKS=+0.76%  Δ_S*_BKS=+0.31%  no_improve=26
07:41:40 | i 41 | [ASYNC 1/2] sp_sc  9.42s / 720.00s / 1.3%  SP  avg_coverage=78.09/5  pool=2373
07:41:40 | i 41 | [ASYNC 2/2] standard_ails  363.63s / 360.00s / 101.0%
07:41:43 | i 47 | [HAOS ROLL] k=8  λ=0.8  rb  ac_avg  filo2  P≈0.015533
07:41:44 | i 47 | [Phase 1/3] decompose  0.62s / — / —  λ=0.8  rb ac_avg
07:42:36 | i 47 | [Phase 2/3] route  52.15s / 52.44s / 99.4%  filo2  k=8
07:43:27 | i 46 | [ ASYNC BG] bg_ails  107.26s / 103.59s / 103.5%
07:43:27 | i 47 | [HAOS ROLL] k=8  λ=0.8  rb  ac_avg  filo2  P≈0.015533
07:43:27 | i 47 | [ Summary ] cost=40363.00  Δ_S*=+0.12%  Δ_BKS=+0.43%  Δ_S*_BKS=+0.31%  no_improve=29
07:43:27 | i 48 | [HAOS ROLL] k=2  λ=0.8  rb  ac_avg  filo2  P≈0.016440
07:43:28 | i 48 | [Phase 1/3] decompose  0.63s / — / —  λ=0.8  rb ac_avg
07:45:14 | i 48 | [Phase 2/3] route  106.23s / 106.14s / 100.1%  filo2  k=2
07:45:14 | i 47 | [ ASYNC BG] bg_ails  65.27s / 61.93s / 105.4%
07:45:14 | i 48 | [HAOS ROLL] k=2  λ=0.8  rb  ac_avg  filo2  P≈0.016440
07:45:14 | i 48 | [ Summary ] cost=40488.00  Δ_S*=+0.43%  Δ_BKS=+0.74%  Δ_S*_BKS=+0.31%  no_improve=31
07:45:14 | i 49 | [HAOS ROLL] k=6  λ=0.6  rb  ac_avg  filo2  P≈0.002438
07:45:15 | i 49 | [Phase 1/3] decompose  0.62s / — / —  λ=0.6  rb ac_avg
07:46:15 | i 49 | [Phase 2/3] route  60.16s / 59.58s / 101.0%  filo2  k=6
07:47:02 | i 48 | [ ASYNC BG] bg_ails  107.32s / 103.59s / 103.6%
07:47:02 | i 49 | [HAOS ROLL] k=6  λ=0.6  rb  ac_avg  filo2  P≈0.002438
07:47:02 | i 49 | [ Summary ] cost=40420.00  Δ_S*=+0.27%  Δ_BKS=+0.57%  Δ_S*_BKS=+0.31%  no_improve=33
07:47:02 | i 50 | [HAOS ROLL] k=8  λ=0.8  rb  ac_avg  filo2  P≈0.021455
07:47:02 | i 50 | [Phase 1/3] decompose  0.63s / — / —  λ=0.8  rb ac_avg
07:47:54 | i 50 | [Phase 2/3] route  52.16s / 52.44s / 99.5%  filo2  k=8
07:48:06 | i 49 | [ ASYNC BG] bg_ails  64.21s / 60.00s / 107.0%
07:48:06 | i 50 | [HAOS ROLL] k=8  λ=0.8  rb  ac_avg  filo2  P≈0.021455
07:48:06 | i 50 | [ Summary ] cost=40375.00  Δ_S*=+0.15%  Δ_BKS=+0.46%  Δ_S*_BKS=+0.31%  no_improve=35
07:48:06 | i 51 | [HAOS ROLL] k=10  λ=0.8  vb  kmeans  filo2  P≈0.000566
07:48:06 | i 51 | [Phase 1/3] decompose  0.62s / — / —  λ=0.8  vb kmeans
07:48:47 | i 51 | [Phase 2/3] route  40.12s / 40.14s / 99.9%  filo2  k=10
07:49:11 | i 50 | [ ASYNC BG] bg_ails  65.25s / 61.93s / 105.4%
07:49:11 | i 51 | [HAOS ROLL] k=10  λ=0.8  vb  kmeans  filo2  P≈0.000566
07:49:11 | i 51 | [ Summary ] cost=46977.00  Δ_S*=+16.53%  Δ_BKS=+16.89%  Δ_S*_BKS=+0.31%  no_improve=37
07:49:11 | i 52 | [HAOS ROLL] k=8  λ=0.0  rb  kmeans  pyvrp  P≈0.001334
07:49:12 | i 52 | [Phase 1/3] decompose  0.47s / — / —  λ=0.0  rb kmeans
07:49:59 | i 52 | [Phase 2/3] route  47.59s / 45.78s / 104.0%  pyvrp  k=8
07:50:16 | i 51 | [ ASYNC BG] bg_ails  64.42s / 60.00s / 107.4%
07:50:16 | i 52 | [HAOS ROLL] k=8  λ=0.0  rb  kmeans  pyvrp  P≈0.001334
07:50:16 | i 52 | [ Summary ] cost=40501.00  Δ_S*=+0.47%  Δ_BKS=+0.77%  Δ_S*_BKS=+0.31%  no_improve=39
07:50:16 | i 53 | [HAOS ROLL] k=8  λ=0.6  rb  ac_avg  filo2  P≈0.012099
07:50:16 | i 53 | [Phase 1/3] decompose  0.69s / — / —  λ=0.6  rb ac_avg
07:51:08 | i 53 | [Phase 2/3] route  52.13s / 52.44s / 99.4%  filo2  k=8
07:51:28 | i 52 | [ ASYNC BG] bg_ails  72.16s / 68.08s / 106.0%
07:51:28 | i 53 | [HAOS ROLL] k=8  λ=0.6  rb  ac_avg  filo2  P≈0.012099
07:51:28 | i 53 | [ Summary ] cost=40354.00  Δ_S*=+0.10%  Δ_BKS=+0.41%  Δ_S*_BKS=+0.31%  no_improve=41
07:51:28 | i 54 | [HAOS ROLL] k=8  λ=1.0  vb  fcm  filo2  P≈0.000746
07:51:29 | i 54 | [Phase 1/3] decompose  0.77s / — / —  λ=1.0  vb fcm
07:52:07 | i 54 | [Phase 2/3] route  38.11s / 36.90s / 103.3%  filo2  k=8
07:52:33 | i 53 | [ ASYNC BG] bg_ails  65.33s / 61.93s / 105.5%
07:52:33 | i 54 | [HAOS ROLL] k=8  λ=1.0  vb  fcm  filo2  P≈0.000746
07:52:33 | i 54 | [ Summary ] cost=45335.00  Δ_S*=+12.46%  Δ_BKS=+12.80%  Δ_S*_BKS=+0.31%  no_improve=43
07:52:33 | i 55 | [HAOS ROLL] k=2  λ=0.0  vb  ac_complete  filo2  P≈0.001137
07:52:34 | i 55 | [Phase 1/3] decompose  0.76s / — / —  λ=0.0  vb ac_complete
07:54:22 | i 55 | [Phase 2/3] route  108.24s / 108.18s / 100.1%  filo2  k=2
07:54:22 | i 54 | [ ASYNC BG] bg_ails  64.17s / 60.00s / 106.9%
07:54:22 | i 55 | [HAOS ROLL] k=2  λ=0.0  vb  ac_complete  filo2  P≈0.001137
07:54:22 | i 55 | [ Summary ] cost=41158.00  Δ_S*=+2.10%  Δ_BKS=+2.41%  Δ_S*_BKS=+0.31%  no_improve=45
07:54:22 | i 56 | [HAOS ROLL] k=10  λ=0.8  rb  ac_complete  filo2  P≈0.001976
07:54:23 | i 56 | [Phase 1/3] decompose  0.63s / — / —  λ=0.8  rb ac_complete
07:55:02 | i 56 | [Phase 2/3] route  39.13s / 33.24s / 117.7%  filo2  k=10
07:56:11 | i 55 | [ ASYNC BG] bg_ails  109.20s / 105.58s / 103.4%
07:56:11 | i 56 | [HAOS ROLL] k=10  λ=0.8  rb  ac_complete  filo2  P≈0.001976
07:56:11 | i 56 | [ Summary ] cost=40318.00  Δ_S*=+0.01%  Δ_BKS=+0.32%  Δ_S*_BKS=+0.31%  no_improve=47
07:56:11 | i 57 | [HAOS ROLL] k=2  λ=0.2  vb  kmedoids  filo2  P≈0.000670
07:56:12 | i 57 | [Phase 1/3] decompose  1.08s / — / —  λ=0.2  vb kmedoids
07:58:01 | i 57 | [Phase 2/3] route  108.24s / 108.24s / 100.0%  filo2  k=2
07:58:01 | i 56 | [ ASYNC BG] bg_ails  64.32s / 60.00s / 107.2%
07:58:01 | i 57 | [HAOS ROLL] k=2  λ=0.2  vb  kmedoids  filo2  P≈0.000670
07:58:01 | i 57 | [ Summary ] cost=41101.00  Δ_S*=+1.95%  Δ_BKS=+2.27%  Δ_S*_BKS=+0.31%  no_improve=49
07:58:01 | i 58 | [HAOS ROLL] k=2  λ=0.8  rb  ac_avg  filo2  P≈0.017578
07:58:01 | i 58 | [Phase 1/3] decompose  0.62s / — / —  λ=0.8  rb ac_avg
07:59:48 | i 58 | [Phase 2/3] route  106.25s / 106.14s / 100.1%  filo2  k=2
07:59:50 | i 57 | [ ASYNC BG] bg_ails  109.29s / 105.64s / 103.5%
07:59:50 | i 58 | [HAOS ROLL] k=2  λ=0.8  rb  ac_avg  filo2  P≈0.017578
07:59:50 | i 58 | [ Summary ] cost=40482.00  Δ_S*=+0.42%  Δ_BKS=+0.73%  Δ_S*_BKS=+0.31%  no_improve=51
07:59:50 | i 59 | [HAOS ROLL] k=4  λ=1.0  rb  ac_avg  filo2  P≈0.001858
07:59:51 | i 59 | [Phase 1/3] decompose  0.67s / — / —  λ=1.0  rb ac_avg
08:01:37 | i 59 | [Phase 2/3] route  106.25s / 106.14s / 100.1%  filo2  k=4
08:01:38 | i 58 | [ ASYNC BG] bg_ails  107.67s / 103.59s / 103.9%
08:01:38 | i 59 | [HAOS ROLL] k=4  λ=1.0  rb  ac_avg  filo2  P≈0.001858
08:01:38 | i 59 | [ Summary ] cost=40495.00  Δ_S*=+0.45%  Δ_BKS=+0.76%  Δ_S*_BKS=+0.31%  no_improve=53
08:01:38 | i 60 | [HAOS ROLL] k=8  λ=1.0  rb  ac_complete  filo2  P≈0.002977
08:01:38 | i 60 | [Phase 1/3] decompose  0.62s / — / —  λ=1.0  rb ac_complete
08:02:26 | i 60 | [Phase 2/3] route  47.15s / 46.56s / 101.3%  filo2  k=8
08:03:25 | i 59 | [ ASYNC BG] bg_ails  107.22s / 103.59s / 103.5%
08:03:25 | i 60 | [HAOS ROLL] k=8  λ=1.0  rb  ac_complete  filo2  P≈0.002977
08:03:25 | i 60 | [ Summary ] cost=40391.00  Δ_S*=+0.19%  Δ_BKS=+0.50%  Δ_S*_BKS=+0.31%  no_improve=55
08:03:25 | i 55 | [ASYNC 1/2] sp_sc  81.96s / 720.00s / 11.4%  SP  avg_coverage=101.37/5  pool=3079
08:03:25 | i 55 | [ASYNC 2/2] standard_ails  363.63s / 360.00s / 101.0%
08:03:30 | i 61 | [HAOS ROLL] k=8  λ=0.4  rb  ac_avg  filo2  P≈0.006554
08:03:30 | i 61 | [Phase 1/3] decompose  0.61s / — / —  λ=0.4  rb ac_avg
08:04:23 | i 61 | [Phase 2/3] route  52.15s / 52.44s / 99.5%  filo2  k=8
08:04:37 | i 60 | [ ASYNC BG] bg_ails  72.20s / 68.59s / 105.3%
08:04:37 | i 61 | [HAOS ROLL] k=8  λ=0.4  rb  ac_avg  filo2  P≈0.006554
08:04:37 | i 61 | [ Summary ] cost=40354.00  Δ_S*=+0.10%  Δ_BKS=+0.41%  Δ_S*_BKS=+0.31%  no_improve=58
08:04:37 | i 62 | [HAOS ROLL] k=8  λ=0.0  rb  ac_avg  filo  P≈0.002210
08:04:38 | i 62 | [Phase 1/3] decompose  0.47s / — / —  λ=0.0  rb ac_avg
08:05:30 | i 62 | [Phase 2/3] route  52.16s / 52.44s / 99.5%  filo  k=8
08:05:42 | i 61 | [ ASYNC BG] bg_ails  65.29s / 61.93s / 105.4%
08:05:42 | i 62 | [HAOS ROLL] k=8  λ=0.0  rb  ac_avg  filo  P≈0.002210
08:05:43 | i 62 | [ Summary ] cost=40358.00  Δ_S*=+0.11%  Δ_BKS=+0.42%  Δ_S*_BKS=+0.31%  no_improve=60
08:05:43 | i 63 | [HAOS ROLL] k=8  λ=0.0  vb  ac_avg  filo2  P≈0.002218
08:05:43 | i 63 | [Phase 1/3] decompose  0.79s / — / —  λ=0.0  vb ac_avg
08:07:23 | i 63 | [Phase 2/3] route  99.24s / 98.94s / 100.3%  filo2  k=8
08:07:23 | i 62 | [ ASYNC BG] bg_ails  65.23s / 61.93s / 105.3%
08:07:23 | i 63 | [HAOS ROLL] k=8  λ=0.0  vb  ac_avg  filo2  P≈0.002218
08:07:23 | i 63 | [ Summary ] cost=45099.00  Δ_S*=+11.87%  Δ_BKS=+12.21%  Δ_S*_BKS=+0.31%  no_improve=62
08:07:23 | i 64 | [HAOS ROLL] k=10  λ=0.8  rb  ac_complete  filo2  P≈0.002631
08:07:23 | i 64 | [Phase 1/3] decompose  0.61s / — / —  λ=0.8  rb ac_complete
08:08:02 | i 64 | [Phase 2/3] route  39.13s / 33.24s / 117.7%  filo2  k=10
08:08:56 | i 63 | [ ASYNC BG] bg_ails  93.10s / 89.55s / 104.0%
08:08:56 | i 64 | [HAOS ROLL] k=10  λ=0.8  rb  ac_complete  filo2  P≈0.002631
08:08:56 | i 64 | [ Summary ] cost=40372.00  Δ_S*=+0.15%  Δ_BKS=+0.45%  Δ_S*_BKS=+0.31%  no_improve=64
08:08:56 | i 65 | [HAOS ROLL] k=2  λ=0.2  rb  ac_complete  filo2  P≈0.002360
08:08:56 | i 65 | [Phase 1/3] decompose  0.62s / — / —  λ=0.2  rb ac_complete
08:10:43 | i 65 | [Phase 2/3] route  106.24s / 106.14s / 100.1%  filo2  k=2
08:10:43 | i 64 | [ ASYNC BG] bg_ails  64.33s / 60.00s / 107.2%
08:10:43 | i 65 | [HAOS ROLL] k=2  λ=0.2  rb  ac_complete  filo2  P≈0.002360
08:10:43 | i 65 | [ Summary ] cost=40539.00  Δ_S*=+0.56%  Δ_BKS=+0.87%  Δ_S*_BKS=+0.31%  no_improve=66
08:10:43 | i 66 | [HAOS ROLL] k=8  λ=0.6  vb  fcm  ails2  P≈0.000210
08:10:44 | i 66 | [Phase 1/3] decompose  0.80s / — / —  λ=0.6  vb fcm
08:11:28 | i 66 | [Phase 2/3] route  44.74s / 39.06s / 114.5%  ails2  k=8
08:12:30 | i 65 | [ ASYNC BG] bg_ails  107.33s / 103.59s / 103.6%
08:12:30 | i 66 | [HAOS ROLL] k=8  λ=0.6  vb  fcm  ails2  P≈0.000210
08:12:30 | i 66 | [ Summary ] cost=44048.00  Δ_S*=+9.27%  Δ_BKS=+9.60%  Δ_S*_BKS=+0.31%  no_improve=68
08:12:30 | i 67 | [HAOS ROLL] k=10  λ=0.8  vb  ac_avg  filo2  P≈0.001251
08:12:31 | i 67 | [Phase 1/3] decompose  0.93s / — / —  λ=0.8  vb ac_avg
08:14:10 | i 67 | [Phase 2/3] route  99.24s / 98.94s / 100.3%  filo2  k=10
08:14:10 | i 66 | [ ASYNC BG] bg_ails  64.29s / 60.00s / 107.1%
08:14:10 | i 67 | [HAOS ROLL] k=10  λ=0.8  vb  ac_avg  filo2  P≈0.001251
08:14:10 | i 67 | [ Summary ] cost=46353.00  Δ_S*=+14.98%  Δ_BKS=+15.33%  Δ_S*_BKS=+0.31%  no_improve=70
08:14:10 | i 68 | [HAOS ROLL] k=8  λ=0.0  rb  ac_avg  filo2  P≈0.021136
08:14:11 | i 68 | [Phase 1/3] decompose  0.47s / — / —  λ=0.0  rb ac_avg
08:15:03 | i 68 | [Phase 2/3] route  52.16s / 52.44s / 99.5%  filo2  k=8
08:15:44 | i 67 | [ ASYNC BG] bg_ails  93.24s / 89.55s / 104.1%
08:15:44 | i 68 | [HAOS ROLL] k=8  λ=0.0  rb  ac_avg  filo2  P≈0.021136
08:15:44 | i 68 | [ Summary ] cost=40355.00  Δ_S*=+0.10%  Δ_BKS=+0.41%  Δ_S*_BKS=+0.31%  no_improve=72
08:15:44 | i 69 | [HAOS ROLL] k=2  λ=0.6  vb  fcm  filo2  P≈0.001478
08:15:44 | i 69 | [Phase 1/3] decompose  0.61s / — / —  λ=0.6  vb fcm
08:17:33 | i 69 | [Phase 2/3] route  108.24s / 108.24s / 100.0%  filo2  k=2
08:17:33 | i 68 | [ ASYNC BG] bg_ails  65.28s / 61.93s / 105.4%
08:17:33 | i 69 | [HAOS ROLL] k=2  λ=0.6  vb  fcm  filo2  P≈0.001478
08:17:33 | i 69 | [ Summary ] cost=41169.00  Δ_S*=+2.12%  Δ_BKS=+2.44%  Δ_S*_BKS=+0.31%  no_improve=74
08:17:33 | i 70 | [HAOS ROLL] k=2  λ=0.6  rb  ac_avg  filo  P≈0.001162
08:17:33 | i 70 | [Phase 1/3] decompose  0.72s / — / —  λ=0.6  rb ac_avg
08:19:20 | i 70 | [Phase 2/3] route  106.23s / 106.14s / 100.1%  filo  k=2
08:19:22 | i 69 | [ ASYNC BG] bg_ails  109.34s / 105.64s / 103.5%
08:19:22 | i 70 | [HAOS ROLL] k=2  λ=0.6  rb  ac_avg  filo  P≈0.001162
08:19:22 | i 70 | [ Summary ] cost=40531.00  Δ_S*=+0.54%  Δ_BKS=+0.85%  Δ_S*_BKS=+0.31%  no_improve=76
08:19:22 | i 71 | [HAOS ROLL] k=2  λ=0.8  rb  ac_complete  filo2  P≈0.007910
08:19:23 | i 71 | [Phase 1/3] decompose  0.61s / — / —  λ=0.8  rb ac_complete
08:21:09 | i 71 | [Phase 2/3] route  106.24s / 106.14s / 100.1%  filo2  k=2
08:21:09 | i 70 | [ ASYNC BG] bg_ails  107.29s / 103.59s / 103.6%
08:21:09 | i 71 | [HAOS ROLL] k=2  λ=0.8  rb  ac_complete  filo2  P≈0.007910
08:21:09 | i 71 | [ Summary ] cost=40518.00  Δ_S*=+0.51%  Δ_BKS=+0.82%  Δ_S*_BKS=+0.31%  no_improve=78
08:21:09 | i 72 | [HAOS ROLL] k=2  λ=0.0  rb  ac_avg  filo2  P≈0.014520
08:21:10 | i 72 | [Phase 1/3] decompose  0.47s / — / —  λ=0.0  rb ac_avg
08:22:56 | i 72 | [Phase 2/3] route  106.24s / 106.14s / 100.1%  filo2  k=2
08:22:57 | i 71 | [ ASYNC BG] bg_ails  107.28s / 103.59s / 103.6%
08:22:57 | i 72 | [HAOS ROLL] k=2  λ=0.0  rb  ac_avg  filo2  P≈0.014520
08:22:57 | i 72 | [ Summary ] cost=40513.00  Δ_S*=+0.50%  Δ_BKS=+0.80%  Δ_S*_BKS=+0.31%  no_improve=80
08:22:57 | i 73 | [HAOS ROLL] k=6  λ=0.0  rb  ac_complete  filo2  P≈0.001805
08:22:57 | i 73 | [Phase 1/3] decompose  0.45s / — / —  λ=0.0  rb ac_complete
08:23:56 | i 73 | [Phase 2/3] route  59.16s / 59.16s / 100.0%  filo2  k=6
08:23:56 | i 73 | [HAOS ROLL] k=6  λ=0.0  rb  ac_complete  filo2  P≈0.001805
08:23:56 | i 73 | [ Summary ] cost=40390.00  Δ_S*=+0.19%  Δ_BKS=+0.50%  Δ_S*_BKS=+0.31%  no_improve=81
08:23:56 | i — | [  FINAL  ] async BG-AILS totals launched=71 applied=71 adopted=3 launch_skipped_cap=2 crashes=0 discarded_in_flight=False block_wait_total_s=1408.9
08:24:26 | i — | [  FINAL  ] async SP/SC totals invocations=6 adopted=3 skipped=0 discarded_in_flight=True sp_busy_frac=0.3872169995799731
08:24:26 | i — | [  FINAL  ] ════════════════════════════════════════
08:24:26 | i — | [  FINAL  ] Run complete  iterations=73  elapsed=02:01:03  best=40313.00
08:24:26 | i — | [  FINAL  ] Δ_BKS=+0.31%  no_improve_stop=False  time_stop=True  cancelled=False
08:24:26 | i — | [  FINAL  ] 
08:24:26 | i — | [  FINAL  ] [BEST SOLUTION — HAOS TAG SUMMARY]
08:24:26 | i — | [  FINAL  ] ────────────────────────────────────────
08:24:26 | i — | [  FINAL  ]   1 routes  vb  fcm  k=2  λ=0.0  solver=filo2
08:24:26 | i — | [  FINAL  ]   29 routes  post-SP/SC improvement
08:24:26 | i — | [  FINAL  ] 
08:24:26 | i — | [  FINAL  ] [ROUTE POOL — HAOS TAG SUMMARY]
08:24:26 | i — | [  FINAL  ] ────────────────────────────────────────
08:24:26 | i — | [  FINAL  ]   203 routes  rb  ac_avg  k=2  λ=0.8  solver=filo2
08:24:26 | i — | [  FINAL  ]   139 routes  rb  ac_avg  k=8  λ=0.0  solver=filo2
08:24:26 | i — | [  FINAL  ]   115 routes  rb  kmeans  k=2  λ=0.8  solver=filo
08:24:26 | i — | [  FINAL  ]   111 routes  rb  ac_avg  k=6  λ=0.6  solver=filo2
08:24:26 | i — | [  FINAL  ]   103 routes  rb  kmeans  k=8  λ=0.6  solver=filo
08:24:26 | i — | [  FINAL  ]   100 routes  rb  ac_complete  k=8  λ=0.0  solver=filo2
08:24:26 | i — | [  FINAL  ]   90 routes  rb  ac_complete  k=8  λ=1.0  solver=filo2
08:24:26 | i — | [  FINAL  ]   89 routes  rb  ac_avg  k=8  λ=0.6  solver=filo2
08:24:26 | i — | [  FINAL  ]   87 routes  rb  ac_avg  k=8  λ=0.8  solver=filo2
08:24:26 | i — | [  FINAL  ]   82 routes  rb  ac_complete  k=10  λ=0.8  solver=filo2
08:24:26 | i — | [  FINAL  ]   67 routes  vb  ac_complete  k=12  λ=0.8  solver=filo
08:24:26 | i — | [  FINAL  ]   66 routes  vb  ac_avg  k=10  λ=0.0  solver=pyvrp
08:24:26 | i — | [  FINAL  ]   64 routes  vb  kmeans  k=10  λ=0.8  solver=filo2
08:24:26 | i — | [  FINAL  ]   63 routes  vb  kmeans  k=6  λ=0.6  solver=ails2
08:24:26 | i — | [  FINAL  ]   62 routes  vb  fcm  k=8  λ=1.0  solver=filo2
08:24:26 | i — | [  FINAL  ]   61 routes  vb  fcm  k=2  λ=0.8  solver=filo2
08:24:26 | i — | [  FINAL  ]   61 routes  vb  ac_complete  k=3  λ=0.0  solver=filo
08:24:26 | i — | [  FINAL  ]   61 routes  vb  ac_complete  k=2  λ=0.8  solver=pyvrp
08:24:26 | i — | [  FINAL  ]   61 routes  vb  ac_avg  k=4  λ=0.6  solver=filo2
08:24:26 | i — | [  FINAL  ]   61 routes  vb  fcm  k=8  λ=0.8  solver=ails2
08:24:26 | i — | [  FINAL  ]   61 routes  vb  fcm  k=8  λ=0.6  solver=ails2
08:24:26 | i — | [  FINAL  ]   61 routes  vb  fcm  k=2  λ=0.6  solver=filo2
08:24:26 | i — | [  FINAL  ]   60 routes  vb  ac_avg  k=2  λ=0.8  solver=filo
08:24:26 | i — | [  FINAL  ]   60 routes  rb  ac_avg  k=2  λ=0.6  solver=filo2
08:24:26 | i — | [  FINAL  ]   60 routes  rb  ac_avg  k=2  λ=0.8  solver=pyvrp
08:24:26 | i — | [  FINAL  ]   59 routes  rb  ac_avg  k=3  λ=0.0  solver=filo
08:24:26 | i — | [  FINAL  ]   59 routes  vb  fcm  k=2  λ=0.0  solver=filo2
08:24:26 | i — | [  FINAL  ]   59 routes  rb  ac_complete  k=2  λ=0.2  solver=filo2
08:24:26 | i — | [  FINAL  ]   58 routes  rb  kmeans  k=8  λ=1.0  solver=pyvrp
08:24:26 | i — | [  FINAL  ]   58 routes  vb  ac_complete  k=6  λ=0.2  solver=filo
08:24:26 | i — | [  FINAL  ]   58 routes  rb  ac_avg  k=3  λ=0.8  solver=filo2
08:24:26 | i — | [  FINAL  ]   58 routes  vb  kmeans  k=2  λ=1.0  solver=filo2
08:24:26 | i — | [  FINAL  ]   58 routes  rb  ac_avg  k=2  λ=0.8  solver=filo
08:24:26 | i — | [  FINAL  ]   58 routes  rb  kmeans  k=2  λ=0.4  solver=filo
08:24:26 | i — | [  FINAL  ]   58 routes  vb  ac_complete  k=2  λ=0.0  solver=filo2
08:24:26 | i — | [  FINAL  ]   58 routes  vb  ac_avg  k=8  λ=0.0  solver=filo2
08:24:26 | i — | [  FINAL  ]   58 routes  rb  ac_complete  k=2  λ=0.8  solver=filo2
08:24:26 | i — | [  FINAL  ]   57 routes  rb  ac_complete  k=4  λ=0.8  solver=pyvrp
08:24:26 | i — | [  FINAL  ]   57 routes  vb  ac_complete  k=12  λ=0.8  solver=filo2
08:24:26 | i — | [  FINAL  ]   57 routes  rb  kmeans  k=2  λ=0.4  solver=filo2
08:24:26 | i — | [  FINAL  ]   57 routes  rb  kmeans  k=8  λ=0.4  solver=pyvrp
08:24:26 | i — | [  FINAL  ]   57 routes  rb  kmeans  k=2  λ=1.0  solver=pyvrp
08:24:26 | i — | [  FINAL  ]   57 routes  rb  kmeans  k=2  λ=0.2  solver=filo2
08:24:26 | i — | [  FINAL  ]   57 routes  rb  ac_complete  k=2  λ=0.6  solver=filo2
08:24:26 | i — | [  FINAL  ]   57 routes  rb  kmeans  k=8  λ=0.0  solver=pyvrp
08:24:26 | i — | [  FINAL  ]   57 routes  vb  kmedoids  k=2  λ=0.2  solver=filo2
08:24:26 | i — | [  FINAL  ]   57 routes  vb  ac_avg  k=10  λ=0.8  solver=filo2
08:24:26 | i — | [  FINAL  ]   57 routes  rb  ac_avg  k=2  λ=0.6  solver=filo
08:24:26 | i — | [  FINAL  ]   53 routes  rb  ac_avg  k=6  λ=0.0  solver=filo
08:24:26 | i — | [  FINAL  ]   52 routes  rb  ac_avg  k=12  λ=0.2  solver=filo
08:24:26 | i — | [  FINAL  ]   52 routes  rb  kmeans  k=8  λ=0.8  solver=filo2
08:24:26 | i — | [  FINAL  ]   52 routes  rb  ac_avg  k=8  λ=0.8  solver=ails2
08:24:26 | i — | [  FINAL  ]   48 routes  rb  ac_avg  k=6  λ=0.8  solver=filo2
08:24:26 | i — | [  FINAL  ]   48 routes  rb  ac_complete  k=8  λ=0.8  solver=filo2
08:24:26 | i — | [  FINAL  ]   44 routes  rb  ac_avg  k=8  λ=0.0  solver=filo
08:24:26 | i — | [  FINAL  ]   39 routes  rb  ac_avg  k=8  λ=0.4  solver=filo2
08:24:26 | i — | [  FINAL  ]   37 routes  rb  kmeans  k=12  λ=0.0  solver=filo2
08:24:26 | i — | [  FINAL  ]   28 routes  rb  ac_avg  k=4  λ=1.0  solver=filo2
08:24:26 | i — | [  FINAL  ]   26 routes  rb  ac_avg  k=2  λ=0.0  solver=filo2
08:24:26 | i — | [  FINAL  ]   23 routes  rb  ac_complete  k=6  λ=0.0  solver=filo2
08:24:26 | i — | [  FINAL  ]   94 routes  post-SP/SC improvement
08:24:26 | i — | [  FINAL  ] ════════════════════════════════════════
