01:28:52 | i — | [  INIT   ] ════════════════════════════════════════
01:28:52 | i — | [  INIT   ] DRISPI  instance=X-n6734-k330  n=6733  capacity=1534
01:28:52 | i — | [  INIT   ] k domain (computed at init): [2, 3, 4, 6, 8, 10, 12, 16, 21, 28]  k_ext=28  k_min=330  k_ext_bound=n_bound  spacing_rejected=0
01:28:52 | i — | [  INIT   ] ══════════════════════════════════════════════════════
01:28:52 | i — | [  INIT   ] CONFIGURATION
01:28:52 | i — | [  INIT   ] ── stopping ────────────────────────────────
01:28:52 | i — | [  INIT   ]   time_limit                  = 7200.0
01:28:52 | i — | [  INIT   ]   max_no_improve              = 1000000000
01:28:52 | i — | [  INIT   ] ── parallelism ─────────────────────────────
01:28:52 | i — | [  INIT   ]   n_workers                   = 8
01:28:52 | i — | [  INIT   ] ── cores ───────────────────────────────────
01:28:52 | i — | [  INIT   ]   cores_total                 = 8
01:28:52 | i — | [  INIT   ]   cores_dri                   = 6
01:28:52 | i — | [  INIT   ]   cores_bg                    = 1
01:28:52 | i — | [  INIT   ]   cores_sp                    = 1
01:28:52 | i — | [  INIT   ]   cores_cpu_list              = None
01:28:52 | i — | [  INIT   ] ── sp/sc ───────────────────────────────────
01:28:52 | i — | [  INIT   ]   sp_sc_mode                  = async
01:28:52 | i — | [  INIT   ]   sp_sc_trigger               = wallclock
01:28:52 | i — | [  INIT   ]   interval_minutes            = 20.0
01:28:52 | i — | [  INIT   ]   overlap_policy              = skip
01:28:52 | i — | [  INIT   ]   warmup_iterations           = 5
01:28:52 | i — | [  INIT   ]   sp_interval                 = 3
01:28:52 | i — | [  INIT   ]   min_coverage                = 5
01:28:52 | i — | [  INIT   ]   sp_time_limit               = 720.0
01:28:52 | i — | [  INIT   ]   mip_gap                     = 0.00025
01:28:52 | i — | [  INIT   ] ── decomposition ───────────────────────────
01:28:52 | i — | [  INIT   ]   decomp_k_base_arms          = [2, 3, 4, 6, 8, 10, 12]
01:28:52 | i — | [  INIT   ]   decomp_k_max_arms           = 10
01:28:52 | i — | [  INIT   ]   decomp_k_ext_per_1000       = 4
01:28:52 | i — | [  INIT   ]   decomp_k_min_routes_per_cluster= 8
01:28:52 | i — | [  INIT   ]   decomp_k_min_arm_spacing    = 2
01:28:52 | i — | [  INIT   ]   subcluster_rate_s_per_customer= 0.06
01:28:52 | i — | [  INIT   ]   subcluster_floor_s          = 5.0
01:28:52 | i — | [  INIT   ] ── bg_ails ─────────────────────────────────
01:28:52 | i — | [  INIT   ]   bg_ails_mode                = async
01:28:52 | i — | [  INIT   ]   bg_ails_crash_threshold     = 1
01:28:52 | i — | [  INIT   ]   bg_ails_budget_mode         = predicted_dr_wall
01:28:52 | i — | [  INIT   ]   bg_ails_budget_floor_s      = 60.0
01:28:52 | i — | [  INIT   ]   bg_ails_budget_margin       = 1.0
01:28:52 | i — | [  INIT   ]   bg_ails_wall_model_scale    = 0.976
01:28:52 | i — | [  INIT   ]   bg_ails_wall_model_wave_exponent= -0.18
01:28:52 | i — | [  INIT   ]   bg_ails_initial_omega       = 10
01:28:52 | i — | [  INIT   ]   bg_ails_boundary_threshold  = 0.5
01:28:52 | i — | [  INIT   ]   bg_ails_small_cluster_cap   = 20
01:28:52 | i — | [  INIT   ]   bg_ails_small_cluster_alpha = 0.5
01:28:52 | i — | [  INIT   ]   bg_ails_pair_selection      = greedy
01:28:52 | i — | [  INIT   ]   bg_ails_n_chains_mode       = k
01:28:52 | i — | [  INIT   ]   bg_ails_unique_first_routes = True
01:28:52 | i — | [  INIT   ]   bg_ails_boundary_mask_first_ls= True
01:28:52 | i — | [  INIT   ] ── standard_improvement ────────────────────
01:28:52 | i — | [  INIT   ]   standard_improvement_time_limit= 360.0
01:28:52 | i — | [  INIT   ] ── pool ────────────────────────────────────
01:28:52 | i — | [  INIT   ]   max_pool_size               = 10000
01:28:52 | i — | [  INIT   ]   pool_diversity_weight       = 0.5
01:28:52 | i — | [  INIT   ] ── haos ────────────────────────────────────
01:28:52 | i — | [  INIT   ]   haos_decay                  = 0.95
01:28:52 | i — | [  INIT   ]   haos_warmup                 = 10
01:28:52 | i — | [  INIT   ]   haos_starting_weight        = 10.0
01:28:52 | i — | [  INIT   ]   haos_min_weight_k           = 0.025
01:28:52 | i — | [  INIT   ]   haos_min_weight_lambda      = 0.05
01:28:52 | i — | [  INIT   ]   haos_min_weight_paradigm    = 0.1
01:28:52 | i — | [  INIT   ]   haos_min_weight_vertex_method= 0.05
01:28:52 | i — | [  INIT   ]   haos_min_weight_route_method= 0.05
01:28:52 | i — | [  INIT   ]   haos_min_weight_solver      = 0.05
01:28:52 | i — | [  INIT   ]   haos_lambda_demand_values   = [0.0, 0.2, 0.4, 0.6, 0.8, 1.0]
01:28:52 | i — | [  INIT   ]   haos_paradigm_values        = ['vertex', 'route']
01:28:52 | i — | [  INIT   ]   haos_vertex_method_values   = ['kmeans', 'agglomerative_avg', 'agglomerative_complete', 'kmedoids', 'fcm']
01:28:52 | i — | [  INIT   ]   haos_route_method_values    = ['kmeans', 'agglomerative_avg', 'agglomerative_complete']
01:28:52 | i — | [  INIT   ]   haos_solver_values          = ['pyvrp', 'filo', 'filo2', 'ails2']
01:28:52 | i — | [  INIT   ] ── haos_rewards ────────────────────────────
01:28:52 | i — | [  INIT   ]   haos_reward_new_best        = 10.0
01:28:52 | i — | [  INIT   ]   haos_reward_improvement     = 4.0
01:28:52 | i — | [  INIT   ]   haos_reward_no_improvement  = 1.0
01:28:52 | i — | [  INIT   ]   haos_reward_no_solution     = 0.0
01:28:52 | i — | [  INIT   ]   haos_deferred_new_best      = 7.0
01:28:52 | i — | [  INIT   ]   haos_deferred_improvement   = 3.0
01:28:52 | i — | [  INIT   ]   haos_deferred_no_improvement= 0.0
01:28:52 | i — | [  INIT   ] ── seed ────────────────────────────────────
01:28:52 | i — | [  INIT   ]   seed                        = 22
01:28:52 | i — | [  INIT   ] ── output ──────────────────────────────────
01:28:52 | i — | [  INIT   ]   output_dir                  = /app/artifacts/benchmark/X-n6734-k330/seed22
01:28:52 | i — | [  INIT   ]   run_analysis                = False
01:28:52 | i — | [  INIT   ] ══════════════════════════════════════════════════════
01:28:52 | i — | [  INIT   ] BKS=447486.00
01:28:52 | i — | [  INIT   ] ════════════════════════════════════════
01:28:52 | i 1 | [HAOS ROLL] k=10  λ=0.8  vb  fcm  filo2  P≈0.000417
01:28:56 | i 1 | [Phase 1/3] decompose  3.67s / — / —  λ=0.8  vb fcm
01:30:44 | i 1 | [Phase 2/3] route  108.18s / 68.28s / 158.4%  filo2  k=10
01:30:44 | i 1 | [ IMPROVE ] 455670.00  via decompose_route  ·  Δ_BKS=+1.83%
01:30:44 | i 1 | [HAOS ROLL] k=10  λ=0.8  vb  fcm  filo2  P≈0.000417
01:30:44 | i 1 | [ Summary ] cost=455670.00  Δ_S*=+0.00%  Δ_BKS=+1.83%  Δ_S*_BKS=+1.83%  no_improve=0
01:30:44 | i 2 | [HAOS ROLL] k=21  λ=0.4  vb  kmedoids  filo  P≈0.000417
01:30:51 | i 2 | [Phase 1/3] decompose  6.83s / — / —  λ=0.4  vb kmedoids
01:32:20 | i 2 | [Phase 2/3] route  88.26s / 36.30s / 243.2%  filo  k=21
01:32:51 | i 1 | [ IMPROVE ] 450450.00  via bg_ails  ·  Δ_BKS=+0.66%
01:32:51 | i 1 | [ ASYNC BG] bg_ails  126.21s / 113.62s / 111.1%
01:32:51 | i 2 | [HAOS ROLL] k=21  λ=0.4  vb  kmedoids  filo  P≈0.000417
01:32:51 | i 2 | [ Summary ] cost=462000.00  Δ_S*=+2.56%  Δ_BKS=+3.24%  Δ_S*_BKS=+0.66%  no_improve=1
01:32:51 | i 3 | [HAOS ROLL] k=16  λ=0.6  rb  ac_avg  filo  P≈0.000694
01:32:53 | i 3 | [Phase 1/3] decompose  2.72s / — / —  λ=0.6  rb ac_avg
01:34:59 | i 3 | [Phase 2/3] route  125.33s / 124.62s / 100.6%  filo  k=16
01:34:59 | i 2 | [ ASYNC BG] bg_ails  104.30s / 91.94s / 113.4%
01:34:59 | i 3 | [HAOS ROLL] k=16  λ=0.6  rb  ac_avg  filo  P≈0.000694
01:34:59 | i 3 | [ Summary ] cost=455492.00  Δ_S*=+1.12%  Δ_BKS=+1.79%  Δ_S*_BKS=+0.66%  no_improve=3
01:34:59 | i 4 | [HAOS ROLL] k=2  λ=0.0  vb  kmeans  filo2  P≈0.000417
01:35:01 | i 4 | [Phase 1/3] decompose  1.94s / — / —  λ=0.0  vb kmeans
01:39:21 | i 4 | [Phase 2/3] route  259.93s / 259.26s / 100.3%  filo2  k=2
01:39:21 | i 3 | [ IMPROVE ] 450295.00  via bg_ails  ·  Δ_BKS=+0.63%
01:39:21 | i 3 | [ ASYNC BG] bg_ails  139.21s / 127.29s / 109.4%
01:39:21 | i 4 | [HAOS ROLL] k=2  λ=0.0  vb  kmeans  filo2  P≈0.000417
01:39:21 | i 4 | [ Summary ] cost=450694.00  Δ_S*=+0.09%  Δ_BKS=+0.72%  Δ_S*_BKS=+0.63%  no_improve=1
01:39:21 | i 5 | [HAOS ROLL] k=16  λ=0.8  vb  kmedoids  filo2  P≈0.000417
01:39:25 | i 5 | [Phase 1/3] decompose  4.13s / — / —  λ=0.8  vb kmedoids
01:40:48 | i 5 | [Phase 2/3] route  83.15s / 56.64s / 146.8%  filo2  k=16
01:43:45 | i 4 | [ IMPROVE ] 449784.00  via bg_ails  ·  Δ_BKS=+0.51%
01:43:45 | i 4 | [ ASYNC BG] bg_ails  264.43s / 253.04s / 104.5%
01:43:45 | i 5 | [HAOS ROLL] k=16  λ=0.8  vb  kmedoids  filo2  P≈0.000417
01:43:45 | i 5 | [ Summary ] cost=456993.00  Δ_S*=+1.60%  Δ_BKS=+2.12%  Δ_S*_BKS=+0.51%  no_improve=1
01:43:45 | i 6 | [HAOS ROLL] k=12  λ=0.0  vb  kmeans  ails2  P≈0.000417
01:43:47 | i 6 | [Phase 1/3] decompose  1.93s / — / —  λ=0.0  vb kmeans
01:45:46 | i 6 | [Phase 2/3] route  118.74s / 75.84s / 156.6%  ails2  k=12
01:45:46 | i 5 | [ ASYNC BG] bg_ails  108.30s / 96.39s / 112.4%
01:45:46 | i 6 | [HAOS ROLL] k=12  λ=0.0  vb  kmeans  ails2  P≈0.000417
01:45:46 | i 6 | [ Summary ] cost=453402.00  Δ_S*=+0.80%  Δ_BKS=+1.32%  Δ_S*_BKS=+0.51%  no_improve=3
01:45:46 | i 7 | [HAOS ROLL] k=8  λ=0.0  rb  kmeans  filo  P≈0.000694
01:45:48 | i 7 | [Phase 1/3] decompose  1.97s / — / —  λ=0.0  rb kmeans
01:48:27 | i 7 | [Phase 2/3] route  159.37s / 127.08s / 125.4%  filo  k=8
01:48:27 | i 6 | [ ASYNC BG] bg_ails  137.66s / 126.64s / 108.7%
01:48:27 | i 7 | [HAOS ROLL] k=8  λ=0.0  rb  kmeans  filo  P≈0.000694
01:48:27 | i 7 | [ Summary ] cost=455279.00  Δ_S*=+1.22%  Δ_BKS=+1.74%  Δ_S*_BKS=+0.51%  no_improve=5
01:48:27 | i 8 | [HAOS ROLL] k=2  λ=1.0  rb  ac_complete  filo2  P≈0.000694
01:48:30 | i 8 | [Phase 1/3] decompose  2.70s / — / —  λ=1.0  rb ac_complete
01:54:07 | i 8 | [Phase 2/3] route  336.54s / 334.92s / 100.5%  filo2  k=2
01:54:07 | i 7 | [ ASYNC BG] bg_ails  197.12s / 185.62s / 106.2%
01:54:07 | i 8 | [HAOS ROLL] k=2  λ=1.0  rb  ac_complete  filo2  P≈0.000694
01:54:07 | i 8 | [ Summary ] cost=450184.00  Δ_S*=+0.09%  Δ_BKS=+0.60%  Δ_S*_BKS=+0.51%  no_improve=7
01:54:07 | i 6 | [ASYNC 1/2] sp_sc  3.83s / 720.00s / 0.5%  SP  avg_coverage=10.82/5  pool=3617
01:54:07 | i 6 | [ASYNC 2/2] standard_ails  369.55s / 360.00s / 102.7%
01:54:24 | i 6 | [ IMPROVE ] 449769.00  via standard_ails  ·  Δ_BKS=+0.51%
01:54:24 | i 9 | [HAOS ROLL] k=3  λ=0.0  rb  kmeans  filo  P≈0.000694
01:54:26 | i 9 | [Phase 1/3] decompose  1.89s / — / —  λ=0.0  rb kmeans
01:57:31 | i 9 | [Phase 2/3] route  184.54s / 183.90s / 100.3%  filo  k=3
01:59:45 | i 8 | [ ASYNC BG] bg_ails  337.81s / 326.88s / 103.3%
01:59:45 | i 9 | [HAOS ROLL] k=3  λ=0.0  rb  kmeans  filo  P≈0.000694
01:59:45 | i 9 | [ Summary ] cost=451479.00  Δ_S*=+0.38%  Δ_BKS=+0.89%  Δ_S*_BKS=+0.51%  no_improve=2
01:59:45 | i 10 | [HAOS ROLL] k=12  λ=0.0  rb  ac_avg  filo2  P≈0.000694
01:59:47 | i 10 | [Phase 1/3] decompose  1.94s / — / —  λ=0.0  rb ac_avg
02:02:00 | i 10 | [Phase 2/3] route  133.35s / 132.90s / 100.3%  filo2  k=12
02:02:55 | i 9 | [ ASYNC BG] bg_ails  190.67s / 179.49s / 106.2%
02:02:55 | i 10 | [HAOS ROLL] k=12  λ=0.0  rb  ac_avg  filo2  P≈0.000694
02:02:55 | i 10 | [ Summary ] cost=456358.00  Δ_S*=+1.46%  Δ_BKS=+1.98%  Δ_S*_BKS=+0.51%  no_improve=4
02:02:55 | i 11 | [HAOS ROLL] k=21  λ=1.0  vb  ac_avg  ails2  P≈0.000417
02:02:59 | i 11 | [Phase 1/3] decompose  3.86s / — / —  λ=1.0  vb ac_avg
02:04:54 | i 11 | [Phase 2/3] route  114.73s / 112.56s / 101.9%  ails2  k=21
02:06:17 | i 10 | [ ASYNC BG] bg_ails  201.53s / 190.64s / 105.7%
02:06:17 | i 11 | [HAOS ROLL] k=21  λ=1.0  vb  ac_avg  ails2  P≈0.000417
02:06:17 | i 11 | [ Summary ] cost=459602.00  Δ_S*=+2.19%  Δ_BKS=+2.71%  Δ_S*_BKS=+0.51%  no_improve=6
02:06:17 | i 12 | [HAOS ROLL] k=28  λ=0.8  vb  kmedoids  ails2  P≈0.000431
02:06:22 | i 12 | [Phase 1/3] decompose  4.65s / — / —  λ=0.8  vb kmedoids
02:07:45 | i 12 | [Phase 2/3] route  82.95s / 30.36s / 273.2%  ails2  k=28
02:09:13 | i 11 | [ ASYNC BG] bg_ails  176.48s / 164.35s / 107.4%
02:09:13 | i 12 | [HAOS ROLL] k=28  λ=0.8  vb  kmedoids  ails2  P≈0.000431
02:09:13 | i 12 | [ Summary ] cost=462407.00  Δ_S*=+2.81%  Δ_BKS=+3.33%  Δ_S*_BKS=+0.51%  no_improve=8
02:09:13 | i 13 | [HAOS ROLL] k=21  λ=0.2  vb  kmedoids  filo2  P≈0.000527
02:09:18 | i 13 | [Phase 1/3] decompose  4.16s / — / —  λ=0.2  vb kmedoids
02:10:30 | i 13 | [Phase 2/3] route  72.18s / 41.16s / 175.4%  filo2  k=21
02:10:50 | i 12 | [ ASYNC BG] bg_ails  96.80s / 84.64s / 114.4%
02:10:50 | i 13 | [HAOS ROLL] k=21  λ=0.2  vb  kmedoids  filo2  P≈0.000527
02:10:50 | i 13 | [ Summary ] cost=460332.00  Δ_S*=+2.35%  Δ_BKS=+2.87%  Δ_S*_BKS=+0.51%  no_improve=10
02:10:50 | i 14 | [HAOS ROLL] k=2  λ=0.6  vb  fcm  ails2  P≈0.000574
02:10:53 | i 14 | [Phase 1/3] decompose  2.63s / — / —  λ=0.6  vb fcm
02:15:10 | i 14 | [Phase 2/3] route  256.90s / 252.78s / 101.6%  ails2  k=2
02:15:10 | i 13 | [ ASYNC BG] bg_ails  106.29s / 95.00s / 111.9%
02:15:10 | i 14 | [HAOS ROLL] k=2  λ=0.6  vb  fcm  ails2  P≈0.000574
02:15:10 | i 14 | [ Summary ] cost=449825.00  Δ_S*=+0.01%  Δ_BKS=+0.52%  Δ_S*_BKS=+0.51%  no_improve=12
02:15:10 | i 15 | [HAOS ROLL] k=2  λ=1.0  rb  kmeans  pyvrp  P≈0.000348
02:15:12 | i 15 | [Phase 1/3] decompose  2.58s / — / —  λ=1.0  rb kmeans
02:20:14 | i 15 | [Phase 2/3] route  301.20s / 260.34s / 115.7%  pyvrp  k=2
02:20:14 | i 14 | [ ASYNC BG] bg_ails  258.07s / 246.71s / 104.6%
02:20:14 | i 15 | [HAOS ROLL] k=2  λ=1.0  rb  kmeans  pyvrp  P≈0.000348
02:20:14 | i 15 | [ Summary ] cost=457060.00  Δ_S*=+1.62%  Δ_BKS=+2.14%  Δ_S*_BKS=+0.51%  no_improve=14
02:20:14 | i 11 | [ASYNC 1/2] sp_sc  346.36s / 720.00s / 48.1%  SP  avg_coverage=21.57/5  pool=7201
02:20:14 | i 11 | [ASYNC 2/2] standard_ails  369.26s / 360.00s / 102.6%
02:21:24 | i 11 | [ IMPROVE ] 449639.00  via standard_ails  ·  Δ_BKS=+0.48%
02:21:24 | i 16 | [HAOS ROLL] k=16  λ=0.8  vb  fcm  ails2  P≈0.001083
02:21:27 | i 16 | [Phase 1/3] decompose  3.25s / — / —  λ=0.8  vb fcm
02:22:52 | i 16 | [Phase 2/3] route  84.30s / 44.64s / 188.8%  ails2  k=16
02:24:40 | i 15 | [ ASYNC BG] bg_ails  265.96s / 254.09s / 104.7%
02:24:40 | i 16 | [HAOS ROLL] k=16  λ=0.8  vb  fcm  ails2  P≈0.001083
02:24:40 | i 16 | [ Summary ] cost=455962.00  Δ_S*=+1.41%  Δ_BKS=+1.89%  Δ_S*_BKS=+0.48%  no_improve=2
02:24:40 | i 17 | [HAOS ROLL] k=6  λ=0.0  vb  ac_complete  filo  P≈0.000358
02:24:43 | i 17 | [Phase 1/3] decompose  3.37s / — / —  λ=0.0  vb ac_complete
02:26:58 | i 17 | [Phase 2/3] route  134.37s / 134.46s / 99.9%  filo  k=6
02:26:58 | i 16 | [ ASYNC BG] bg_ails  114.52s / 101.78s / 112.5%
02:26:58 | i 17 | [HAOS ROLL] k=6  λ=0.0  vb  ac_complete  filo  P≈0.000358
02:26:58 | i 17 | [ Summary ] cost=453018.00  Δ_S*=+0.75%  Δ_BKS=+1.24%  Δ_S*_BKS=+0.48%  no_improve=4
02:26:58 | i 18 | [HAOS ROLL] k=16  λ=0.2  vb  kmeans  filo  P≈0.000456
02:27:01 | i 18 | [Phase 1/3] decompose  2.57s / — / —  λ=0.2  vb kmeans
02:28:19 | i 18 | [Phase 2/3] route  78.21s / 61.02s / 128.2%  filo  k=16
02:29:21 | i 17 | [ ASYNC BG] bg_ails  142.95s / 131.23s / 108.9%
02:29:21 | i 18 | [HAOS ROLL] k=16  λ=0.2  vb  kmeans  filo  P≈0.000456
02:29:21 | i 18 | [ Summary ] cost=458692.00  Δ_S*=+2.01%  Δ_BKS=+2.50%  Δ_S*_BKS=+0.48%  no_improve=6
02:29:21 | i 19 | [HAOS ROLL] k=28  λ=0.8  vb  ac_avg  filo2  P≈0.000382
02:29:25 | i 19 | [Phase 1/3] decompose  4.06s / — / —  λ=0.8  vb ac_avg
02:31:09 | i 19 | [Phase 2/3] route  104.24s / 93.06s / 112.0%  filo2  k=28
02:31:33 | i 18 | [ ASYNC BG] bg_ails  131.79s / 119.70s / 110.1%
02:31:33 | i 19 | [HAOS ROLL] k=28  λ=0.8  vb  ac_avg  filo2  P≈0.000382
02:31:33 | i 19 | [ Summary ] cost=461147.00  Δ_S*=+2.56%  Δ_BKS=+3.05%  Δ_S*_BKS=+0.48%  no_improve=8
02:31:33 | i 20 | [HAOS ROLL] k=28  λ=0.2  vb  fcm  pyvrp  P≈0.000235
02:31:39 | i 20 | [Phase 1/3] decompose  5.86s / — / —  λ=0.2  vb fcm
02:32:58 | i 20 | [Phase 2/3] route  79.41s / 26.82s / 296.1%  pyvrp  k=28
02:34:23 | i 19 | [ ASYNC BG] bg_ails  170.61s / 158.28s / 107.8%
02:34:23 | i 20 | [HAOS ROLL] k=28  λ=0.2  vb  fcm  pyvrp  P≈0.000235
02:34:24 | i 20 | [ Summary ] cost=467430.00  Δ_S*=+3.96%  Δ_BKS=+4.46%  Δ_S*_BKS=+0.48%  no_improve=10
02:34:24 | i 21 | [HAOS ROLL] k=6  λ=0.0  vb  ac_avg  filo2  P≈0.000922
02:34:27 | i 21 | [Phase 1/3] decompose  3.33s / — / —  λ=0.0  vb ac_avg
02:37:23 | i 21 | [Phase 2/3] route  176.51s / 175.50s / 100.6%  filo2  k=6
02:37:23 | i 20 | [ ASYNC BG] bg_ails  96.37s / 84.90s / 113.5%
02:37:24 | i 21 | [HAOS ROLL] k=6  λ=0.0  vb  ac_avg  filo2  P≈0.000922
02:37:24 | i 21 | [ Summary ] cost=452408.00  Δ_S*=+0.62%  Δ_BKS=+1.10%  Δ_S*_BKS=+0.48%  no_improve=12
02:37:24 | i 22 | [HAOS ROLL] k=12  λ=1.0  vb  fcm  filo2  P≈0.000625
02:37:27 | i 22 | [Phase 1/3] decompose  3.53s / — / —  λ=1.0  vb fcm
02:39:04 | i 22 | [Phase 2/3] route  97.19s / 56.10s / 173.3%  filo2  k=12
02:40:26 | i 21 | [ ASYNC BG] bg_ails  182.79s / 171.29s / 106.7%
02:40:26 | i 22 | [HAOS ROLL] k=12  λ=1.0  vb  fcm  filo2  P≈0.000625
02:40:27 | i 22 | [ Summary ] cost=456472.00  Δ_S*=+1.52%  Δ_BKS=+2.01%  Δ_S*_BKS=+0.48%  no_improve=14
02:40:27 | i 17 | [ASYNC 1/2] sp_sc  336.04s / 720.00s / 46.7%  SP  avg_coverage=29.89/5  pool=10000
02:40:27 | i 17 | [ASYNC 2/2] standard_ails  369.09s / 360.00s / 102.5%
02:41:40 | i 17 | [ IMPROVE ] 449450.00  via standard_ails  ·  Δ_BKS=+0.44%
02:41:40 | i 23 | [HAOS ROLL] k=8  λ=0.8  vb  kmeans  filo  P≈0.000646
02:41:43 | i 23 | [Phase 1/3] decompose  2.55s / — / —  λ=0.8  vb kmeans
02:43:43 | i 23 | [Phase 2/3] route  120.32s / 120.30s / 100.0%  filo  k=8
02:43:43 | i 22 | [ ASYNC BG] bg_ails  98.14s / 86.07s / 114.0%
02:43:43 | i 23 | [HAOS ROLL] k=8  λ=0.8  vb  kmeans  filo  P≈0.000646
02:43:43 | i 23 | [ Summary ] cost=454579.00  Δ_S*=+1.14%  Δ_BKS=+1.59%  Δ_S*_BKS=+0.44%  no_improve=2
02:43:43 | i 24 | [HAOS ROLL] k=16  λ=0.0  vb  kmeans  pyvrp  P≈0.000446
02:43:45 | i 24 | [Phase 1/3] decompose  1.95s / — / —  λ=0.0  vb kmeans
02:45:11 | i 24 | [Phase 2/3] route  85.31s / 64.80s / 131.7%  pyvrp  k=16
02:46:09 | i 23 | [ ASYNC BG] bg_ails  146.12s / 134.60s / 108.6%
02:46:09 | i 24 | [HAOS ROLL] k=16  λ=0.0  vb  kmeans  pyvrp  P≈0.000446
02:46:09 | i 24 | [ Summary ] cost=458240.00  Δ_S*=+1.96%  Δ_BKS=+2.40%  Δ_S*_BKS=+0.44%  no_improve=4
02:46:09 | i 25 | [HAOS ROLL] k=8  λ=0.8  rb  kmeans  ails2  P≈0.000647
02:46:12 | i 25 | [Phase 1/3] decompose  2.56s / — / —  λ=0.8  rb kmeans
02:48:10 | i 25 | [Phase 2/3] route  118.09s / 115.86s / 101.9%  ails2  k=8
02:48:25 | i 24 | [ ASYNC BG] bg_ails  135.95s / 124.84s / 108.9%
02:48:25 | i 25 | [HAOS ROLL] k=8  λ=0.8  rb  kmeans  ails2  P≈0.000647
02:48:26 | i 25 | [ Summary ] cost=450450.00  Δ_S*=+0.22%  Δ_BKS=+0.66%  Δ_S*_BKS=+0.44%  no_improve=6
02:48:26 | i 26 | [HAOS ROLL] k=2  λ=1.0  vb  fcm  filo2  P≈0.001339
02:48:28 | i 26 | [Phase 1/3] decompose  2.60s / — / —  λ=1.0  vb fcm
02:52:42 | i 26 | [Phase 2/3] route  253.91s / 252.78s / 100.4%  filo2  k=2
02:52:42 | i 25 | [ ASYNC BG] bg_ails  139.15s / 127.32s / 109.3%
02:52:42 | i 26 | [HAOS ROLL] k=2  λ=1.0  vb  fcm  filo2  P≈0.001339
02:52:43 | i 26 | [ Summary ] cost=451112.00  Δ_S*=+0.37%  Δ_BKS=+0.81%  Δ_S*_BKS=+0.44%  no_improve=8
02:52:43 | i 27 | [HAOS ROLL] k=8  λ=0.8  rb  kmeans  filo2  P≈0.003189
02:52:45 | i 27 | [Phase 1/3] decompose  2.62s / — / —  λ=0.8  rb kmeans
02:54:41 | i 27 | [Phase 2/3] route  115.30s / 114.54s / 100.7%  filo2  k=8
02:57:00 | i 26 | [ ASYNC BG] bg_ails  258.16s / 246.71s / 104.6%
02:57:01 | i 27 | [HAOS ROLL] k=8  λ=0.8  rb  kmeans  filo2  P≈0.003189
02:57:01 | i 27 | [ Summary ] cost=454127.00  Δ_S*=+1.04%  Δ_BKS=+1.48%  Δ_S*_BKS=+0.44%  no_improve=10
02:57:01 | i 28 | [HAOS ROLL] k=28  λ=0.8  rb  kmeans  filo  P≈0.000982
02:57:04 | i 28 | [Phase 1/3] decompose  2.66s / — / —  λ=0.8  rb kmeans
02:58:27 | i 28 | [Phase 2/3] route  83.19s / 33.36s / 249.4%  filo  k=28
02:59:27 | i 27 | [ ASYNC BG] bg_ails  146.61s / 134.66s / 108.9%
02:59:27 | i 28 | [HAOS ROLL] k=28  λ=0.8  rb  kmeans  filo  P≈0.000982
02:59:27 | i 28 | [ Summary ] cost=465953.00  Δ_S*=+3.67%  Δ_BKS=+4.13%  Δ_S*_BKS=+0.44%  no_improve=12
02:59:27 | i 25 | [ASYNC 1/2] sp_sc  255.02s / 720.00s / 35.4%  SP  avg_coverage=29.74/5  pool=10000
02:59:27 | i 25 | [ASYNC 2/2] standard_ails  369.11s / 360.00s / 102.5%
03:00:44 | i 25 | [ IMPROVE ] 449232.00  via standard_ails  ·  Δ_BKS=+0.39%
03:00:44 | i 29 | [HAOS ROLL] k=2  λ=0.6  rb  kmeans  ails2  P≈0.000536
03:00:47 | i 29 | [Phase 1/3] decompose  2.71s / — / —  λ=0.6  rb kmeans
03:05:10 | i 29 | [Phase 2/3] route  263.11s / 258.06s / 102.0%  ails2  k=2
03:05:10 | i 28 | [ ASYNC BG] bg_ails  102.27s / 90.51s / 113.0%
03:05:10 | i 29 | [HAOS ROLL] k=2  λ=0.6  rb  kmeans  ails2  P≈0.000536
03:05:10 | i 29 | [ Summary ] cost=450328.00  Δ_S*=+0.24%  Δ_BKS=+0.64%  Δ_S*_BKS=+0.39%  no_improve=2
03:05:10 | i 30 | [HAOS ROLL] k=10  λ=0.8  vb  ac_avg  filo  P≈0.000467
03:05:15 | i 30 | [Phase 1/3] decompose  4.29s / — / —  λ=0.8  vb ac_avg
03:07:33 | i 30 | [Phase 2/3] route  138.44s / 138.48s / 100.0%  filo  k=10
03:09:35 | i 29 | [ ASYNC BG] bg_ails  264.75s / 251.87s / 105.1%
03:09:35 | i 30 | [HAOS ROLL] k=10  λ=0.8  vb  ac_avg  filo  P≈0.000467
03:09:35 | i 30 | [ Summary ] cost=453715.00  Δ_S*=+1.00%  Δ_BKS=+1.39%  Δ_S*_BKS=+0.39%  no_improve=4
03:09:35 | i 31 | [HAOS ROLL] k=8  λ=0.6  rb  kmeans  filo  P≈0.001697
03:09:38 | i 31 | [Phase 1/3] decompose  2.62s / — / —  λ=0.6  rb kmeans
03:11:15 | i 31 | [Phase 2/3] route  97.41s / 96.84s / 100.6%  filo  k=8
03:13:02 | i 30 | [ ASYNC BG] bg_ails  207.71s / 195.24s / 106.4%
03:13:03 | i 31 | [HAOS ROLL] k=8  λ=0.6  rb  kmeans  filo  P≈0.001697
03:13:03 | i 31 | [ Summary ] cost=454539.00  Δ_S*=+1.18%  Δ_BKS=+1.58%  Δ_S*_BKS=+0.39%  no_improve=6
03:13:03 | i 32 | [HAOS ROLL] k=10  λ=0.8  rb  kmeans  filo  P≈0.002968
03:13:05 | i 32 | [Phase 1/3] decompose  2.69s / — / —  λ=0.8  rb kmeans
03:14:39 | i 32 | [Phase 2/3] route  93.26s / 92.70s / 100.6%  filo  k=10
03:15:01 | i 31 | [ ASYNC BG] bg_ails  118.85s / 106.38s / 111.7%
03:15:01 | i 32 | [HAOS ROLL] k=10  λ=0.8  rb  kmeans  filo  P≈0.002968
03:15:02 | i 32 | [ Summary ] cost=456585.00  Δ_S*=+1.64%  Δ_BKS=+2.03%  Δ_S*_BKS=+0.39%  no_improve=8
03:15:02 | i 33 | [HAOS ROLL] k=8  λ=0.2  rb  ac_avg  filo2  P≈0.000703
03:15:04 | i 33 | [Phase 1/3] decompose  2.64s / — / —  λ=0.2  rb ac_avg
03:17:37 | i 33 | [Phase 2/3] route  152.40s / 130.68s / 116.6%  filo2  k=8
03:17:37 | i 32 | [ ASYNC BG] bg_ails  121.91s / 109.48s / 111.3%
03:17:37 | i 33 | [HAOS ROLL] k=8  λ=0.2  rb  ac_avg  filo2  P≈0.000703
03:17:37 | i 33 | [ Summary ] cost=453459.00  Δ_S*=+0.94%  Δ_BKS=+1.33%  Δ_S*_BKS=+0.39%  no_improve=10
03:17:37 | i 34 | [HAOS ROLL] k=12  λ=0.2  vb  ac_complete  filo2  P≈0.000139
03:17:41 | i 34 | [Phase 1/3] decompose  3.90s / — / —  λ=0.2  vb ac_complete
03:19:30 | i 34 | [Phase 2/3] route  109.24s / 93.06s / 117.4%  filo2  k=12
03:21:17 | i 33 | [ ASYNC BG] bg_ails  220.28s / 208.73s / 105.5%
03:21:17 | i 34 | [HAOS ROLL] k=12  λ=0.2  vb  ac_complete  filo2  P≈0.000139
03:21:17 | i 34 | [ Summary ] cost=454528.00  Δ_S*=+1.18%  Δ_BKS=+1.57%  Δ_S*_BKS=+0.39%  no_improve=12
03:21:17 | i 35 | [HAOS ROLL] k=6  λ=0.2  rb  kmeans  filo  P≈0.000727
03:21:20 | i 35 | [Phase 1/3] decompose  2.58s / — / —  λ=0.2  rb kmeans
03:23:32 | i 35 | [Phase 2/3] route  132.37s / 131.82s / 100.4%  filo  k=6
03:23:57 | i 34 | [ ASYNC BG] bg_ails  160.37s / 148.72s / 107.8%
03:23:58 | i 35 | [HAOS ROLL] k=6  λ=0.2  rb  kmeans  filo  P≈0.000727
03:23:58 | i 35 | [ Summary ] cost=453134.00  Δ_S*=+0.87%  Δ_BKS=+1.26%  Δ_S*_BKS=+0.39%  no_improve=14
03:23:58 | i 30 | [ASYNC 1/2] sp_sc  353.75s / 720.00s / 49.1%  SP  avg_coverage=29.72/5  pool=10000
03:23:58 | i 30 | [ASYNC 2/2] standard_ails  369.43s / 360.00s / 102.6%
03:25:12 | i 30 | [ IMPROVE ] 449068.00  via standard_ails  ·  Δ_BKS=+0.35%
03:25:12 | i 36 | [HAOS ROLL] k=8  λ=0.8  vb  kmeans  filo  P≈0.002096
03:25:14 | i 36 | [Phase 1/3] decompose  2.56s / — / —  λ=0.8  vb kmeans
03:27:16 | i 36 | [Phase 2/3] route  121.33s / 121.14s / 100.2%  filo  k=8
03:27:16 | i 35 | [ ASYNC BG] bg_ails  140.05s / 128.66s / 108.9%
03:27:16 | i 36 | [HAOS ROLL] k=8  λ=0.8  vb  kmeans  filo  P≈0.002096
03:27:16 | i 36 | [ Summary ] cost=453987.00  Δ_S*=+1.10%  Δ_BKS=+1.45%  Δ_S*_BKS=+0.35%  no_improve=2
03:27:16 | i 37 | [HAOS ROLL] k=10  λ=0.8  rb  ac_avg  filo  P≈0.001243
03:27:19 | i 37 | [Phase 1/3] decompose  2.61s / — / —  λ=0.8  rb ac_avg
03:29:51 | i 37 | [Phase 2/3] route  152.38s / 130.68s / 116.6%  filo  k=10
03:29:51 | i 37 | [HAOS ROLL] k=10  λ=0.8  rb  ac_avg  filo  P≈0.001243
03:29:52 | i 37 | [ Summary ] cost=455402.00  Δ_S*=+1.41%  Δ_BKS=+1.77%  Δ_S*_BKS=+0.35%  no_improve=3
03:29:52 | i — | [  FINAL  ] async BG-AILS totals launched=35 applied=35 adopted=3 launch_skipped_cap=2 crashes=0 discarded_in_flight=False block_wait_total_s=1605.1
03:30:22 | i — | [  FINAL  ] async SP/SC totals invocations=6 adopted=5 skipped=0 discarded_in_flight=True sp_busy_frac=0.5077569851782366
03:30:22 | i — | [  FINAL  ] ════════════════════════════════════════
03:30:22 | i — | [  FINAL  ] Run complete  iterations=37  elapsed=02:01:29  best=449068.00
03:30:22 | i — | [  FINAL  ] Δ_BKS=+0.35%  no_improve_stop=False  time_stop=True  cancelled=False
03:30:22 | i — | [  FINAL  ] 
03:30:22 | i — | [  FINAL  ] [BEST SOLUTION — HAOS TAG SUMMARY]
03:30:22 | i — | [  FINAL  ] ────────────────────────────────────────
03:30:22 | i — | [  FINAL  ]   163 routes  rb  kmeans  k=8  λ=0.8  solver=ails2
03:30:22 | i — | [  FINAL  ]   4 routes  vb  kmedoids  k=21  λ=0.4  solver=filo
03:30:22 | i — | [  FINAL  ]   2 routes  vb  fcm  k=10  λ=0.8  solver=filo2
03:30:22 | i — | [  FINAL  ]   2 routes  vb  kmeans  k=2  λ=0.0  solver=filo2
03:30:22 | i — | [  FINAL  ]   1 routes  rb  kmeans  k=8  λ=0.0  solver=filo
03:30:22 | i — | [  FINAL  ]   1 routes  rb  ac_complete  k=2  λ=1.0  solver=filo2
03:30:22 | i — | [  FINAL  ]   1 routes  rb  kmeans  k=3  λ=0.0  solver=filo
03:30:22 | i — | [  FINAL  ]   1 routes  vb  kmedoids  k=21  λ=0.2  solver=filo2
03:30:22 | i — | [  FINAL  ]   1 routes  rb  ac_avg  k=10  λ=0.8  solver=filo
03:30:22 | i — | [  FINAL  ]   155 routes  post-SP/SC improvement
03:30:22 | i — | [  FINAL  ] 
03:30:22 | i — | [  FINAL  ] [ROUTE POOL — HAOS TAG SUMMARY]
03:30:22 | i — | [  FINAL  ] ────────────────────────────────────────
03:30:22 | i — | [  FINAL  ]   629 routes  rb  kmeans  k=2  λ=0.6  solver=ails2
03:30:22 | i — | [  FINAL  ]   544 routes  rb  kmeans  k=6  λ=0.2  solver=filo
03:30:22 | i — | [  FINAL  ]   530 routes  vb  ac_avg  k=10  λ=0.8  solver=filo
03:30:22 | i — | [  FINAL  ]   475 routes  vb  kmeans  k=8  λ=0.8  solver=filo
03:30:22 | i — | [  FINAL  ]   475 routes  rb  ac_avg  k=8  λ=0.2  solver=filo2
03:30:22 | i — | [  FINAL  ]   472 routes  vb  ac_complete  k=12  λ=0.2  solver=filo2
03:30:22 | i — | [  FINAL  ]   470 routes  rb  kmeans  k=10  λ=0.8  solver=filo
03:30:22 | i — | [  FINAL  ]   454 routes  rb  kmeans  k=8  λ=0.6  solver=filo
03:30:22 | i — | [  FINAL  ]   424 routes  vb  fcm  k=16  λ=0.8  solver=ails2
03:30:22 | i — | [  FINAL  ]   389 routes  vb  kmeans  k=2  λ=0.0  solver=filo2
03:30:22 | i — | [  FINAL  ]   341 routes  rb  kmeans  k=28  λ=0.8  solver=filo
03:30:22 | i — | [  FINAL  ]   309 routes  rb  ac_avg  k=10  λ=0.8  solver=filo
03:30:22 | i — | [  FINAL  ]   290 routes  rb  kmeans  k=2  λ=1.0  solver=pyvrp
03:30:22 | i — | [  FINAL  ]   282 routes  vb  fcm  k=10  λ=0.8  solver=filo2
03:30:22 | i — | [  FINAL  ]   282 routes  vb  kmedoids  k=16  λ=0.8  solver=filo2
03:30:22 | i — | [  FINAL  ]   264 routes  rb  ac_avg  k=12  λ=0.0  solver=filo2
03:30:22 | i — | [  FINAL  ]   262 routes  rb  ac_complete  k=2  λ=1.0  solver=filo2
03:30:22 | i — | [  FINAL  ]   257 routes  rb  ac_avg  k=16  λ=0.6  solver=filo
03:30:22 | i — | [  FINAL  ]   237 routes  vb  kmedoids  k=21  λ=0.4  solver=filo
03:30:22 | i — | [  FINAL  ]   226 routes  rb  kmeans  k=8  λ=0.8  solver=ails2
03:30:22 | i — | [  FINAL  ]   193 routes  vb  ac_complete  k=6  λ=0.0  solver=filo
03:30:22 | i — | [  FINAL  ]   192 routes  vb  kmeans  k=12  λ=0.0  solver=ails2
03:30:22 | i — | [  FINAL  ]   190 routes  rb  kmeans  k=8  λ=0.0  solver=filo
03:30:22 | i — | [  FINAL  ]   171 routes  vb  kmeans  k=16  λ=0.0  solver=pyvrp
03:30:22 | i — | [  FINAL  ]   170 routes  rb  kmeans  k=3  λ=0.0  solver=filo
03:30:22 | i — | [  FINAL  ]   132 routes  vb  ac_avg  k=21  λ=1.0  solver=ails2
03:30:22 | i — | [  FINAL  ]   116 routes  vb  fcm  k=12  λ=1.0  solver=filo2
03:30:22 | i — | [  FINAL  ]   74 routes  rb  kmeans  k=8  λ=0.8  solver=filo2
03:30:22 | i — | [  FINAL  ]   73 routes  vb  fcm  k=2  λ=1.0  solver=filo2
03:30:22 | i — | [  FINAL  ]   65 routes  vb  kmedoids  k=21  λ=0.2  solver=filo2
03:30:22 | i — | [  FINAL  ]   59 routes  vb  kmedoids  k=28  λ=0.8  solver=ails2
03:30:22 | i — | [  FINAL  ]   47 routes  vb  fcm  k=2  λ=0.6  solver=ails2
03:30:22 | i — | [  FINAL  ]   44 routes  vb  fcm  k=28  λ=0.2  solver=pyvrp
03:30:22 | i — | [  FINAL  ]   41 routes  vb  ac_avg  k=28  λ=0.8  solver=filo2
03:30:22 | i — | [  FINAL  ]   22 routes  vb  ac_avg  k=6  λ=0.0  solver=filo2
03:30:22 | i — | [  FINAL  ]   20 routes  vb  kmeans  k=16  λ=0.2  solver=filo
03:30:22 | i — | [  FINAL  ]   779 routes  post-SP/SC improvement
03:30:22 | i — | [  FINAL  ] ════════════════════════════════════════
