00:45:50 | i — | [  INIT   ] ════════════════════════════════════════
00:45:50 | i — | [  INIT   ] DRISPI  instance=X-n2494-k194  n=2493  capacity=661
00:45:50 | i — | [  INIT   ] k domain (computed at init): [2, 3, 4, 6, 8, 10, 12]  k_ext=8  k_min=194  k_ext_bound=n_bound  spacing_rejected=0
00:45:50 | i — | [  INIT   ] ══════════════════════════════════════════════════════
00:45:50 | i — | [  INIT   ] CONFIGURATION
00:45:50 | i — | [  INIT   ] ── stopping ────────────────────────────────
00:45:50 | i — | [  INIT   ]   time_limit                  = 7200.0
00:45:50 | i — | [  INIT   ]   max_no_improve              = 1000000000
00:45:50 | i — | [  INIT   ] ── parallelism ─────────────────────────────
00:45:50 | i — | [  INIT   ]   n_workers                   = 8
00:45:50 | i — | [  INIT   ] ── cores ───────────────────────────────────
00:45:50 | i — | [  INIT   ]   cores_total                 = 8
00:45:50 | i — | [  INIT   ]   cores_dri                   = 6
00:45:50 | i — | [  INIT   ]   cores_bg                    = 1
00:45:50 | i — | [  INIT   ]   cores_sp                    = 1
00:45:50 | i — | [  INIT   ]   cores_cpu_list              = None
00:45:50 | i — | [  INIT   ] ── sp/sc ───────────────────────────────────
00:45:50 | i — | [  INIT   ]   sp_sc_mode                  = async
00:45:50 | i — | [  INIT   ]   sp_sc_trigger               = wallclock
00:45:50 | i — | [  INIT   ]   interval_minutes            = 20.0
00:45:50 | i — | [  INIT   ]   overlap_policy              = skip
00:45:50 | i — | [  INIT   ]   warmup_iterations           = 5
00:45:50 | i — | [  INIT   ]   sp_interval                 = 3
00:45:50 | i — | [  INIT   ]   min_coverage                = 5
00:45:50 | i — | [  INIT   ]   sp_time_limit               = 720.0
00:45:50 | i — | [  INIT   ]   mip_gap                     = 0.00025
00:45:50 | i — | [  INIT   ] ── decomposition ───────────────────────────
00:45:50 | i — | [  INIT   ]   decomp_k_base_arms          = [2, 3, 4, 6, 8, 10, 12]
00:45:50 | i — | [  INIT   ]   decomp_k_max_arms           = 10
00:45:50 | i — | [  INIT   ]   decomp_k_ext_per_1000       = 4
00:45:50 | i — | [  INIT   ]   decomp_k_min_routes_per_cluster= 8
00:45:50 | i — | [  INIT   ]   decomp_k_min_arm_spacing    = 2
00:45:50 | i — | [  INIT   ]   subcluster_rate_s_per_customer= 0.06
00:45:50 | i — | [  INIT   ]   subcluster_floor_s          = 5.0
00:45:50 | i — | [  INIT   ] ── bg_ails ─────────────────────────────────
00:45:50 | i — | [  INIT   ]   bg_ails_mode                = async
00:45:50 | i — | [  INIT   ]   bg_ails_crash_threshold     = 1
00:45:50 | i — | [  INIT   ]   bg_ails_budget_mode         = predicted_dr_wall
00:45:50 | i — | [  INIT   ]   bg_ails_budget_floor_s      = 60.0
00:45:50 | i — | [  INIT   ]   bg_ails_budget_margin       = 1.0
00:45:50 | i — | [  INIT   ]   bg_ails_wall_model_scale    = 0.976
00:45:50 | i — | [  INIT   ]   bg_ails_wall_model_wave_exponent= -0.18
00:45:50 | i — | [  INIT   ]   bg_ails_initial_omega       = 10
00:45:50 | i — | [  INIT   ]   bg_ails_boundary_threshold  = 0.5
00:45:50 | i — | [  INIT   ]   bg_ails_small_cluster_cap   = 20
00:45:50 | i — | [  INIT   ]   bg_ails_small_cluster_alpha = 0.5
00:45:50 | i — | [  INIT   ]   bg_ails_pair_selection      = greedy
00:45:50 | i — | [  INIT   ]   bg_ails_n_chains_mode       = k
00:45:50 | i — | [  INIT   ] ── standard_improvement ────────────────────
00:45:50 | i — | [  INIT   ]   standard_improvement_time_limit= 360.0
00:45:50 | i — | [  INIT   ] ── pool ────────────────────────────────────
00:45:50 | i — | [  INIT   ]   max_pool_size               = 10000
00:45:50 | i — | [  INIT   ]   pool_diversity_weight       = 0.5
00:45:50 | i — | [  INIT   ] ── haos ────────────────────────────────────
00:45:50 | i — | [  INIT   ]   haos_decay                  = 0.95
00:45:50 | i — | [  INIT   ]   haos_warmup                 = 10
00:45:50 | i — | [  INIT   ]   haos_starting_weight        = 10.0
00:45:50 | i — | [  INIT   ]   haos_min_weight_k           = 0.025
00:45:50 | i — | [  INIT   ]   haos_min_weight_lambda      = 0.05
00:45:50 | i — | [  INIT   ]   haos_min_weight_paradigm    = 0.1
00:45:50 | i — | [  INIT   ]   haos_min_weight_vertex_method= 0.05
00:45:50 | i — | [  INIT   ]   haos_min_weight_route_method= 0.05
00:45:50 | i — | [  INIT   ]   haos_min_weight_solver      = 0.05
00:45:50 | i — | [  INIT   ]   haos_lambda_demand_values   = [0.0, 0.2, 0.4, 0.6, 0.8, 1.0]
00:45:50 | i — | [  INIT   ]   haos_paradigm_values        = ['vertex', 'route']
00:45:50 | i — | [  INIT   ]   haos_vertex_method_values   = ['kmeans', 'agglomerative_avg', 'agglomerative_complete', 'kmedoids', 'fcm']
00:45:50 | i — | [  INIT   ]   haos_route_method_values    = ['kmeans', 'agglomerative_avg', 'agglomerative_complete']
00:45:50 | i — | [  INIT   ]   haos_solver_values          = ['pyvrp', 'filo', 'filo2', 'ails2']
00:45:50 | i — | [  INIT   ] ── haos_rewards ────────────────────────────
00:45:50 | i — | [  INIT   ]   haos_reward_new_best        = 10.0
00:45:50 | i — | [  INIT   ]   haos_reward_improvement     = 4.0
00:45:50 | i — | [  INIT   ]   haos_reward_no_improvement  = 1.0
00:45:50 | i — | [  INIT   ]   haos_reward_no_solution     = 0.0
00:45:50 | i — | [  INIT   ]   haos_deferred_new_best      = 7.0
00:45:50 | i — | [  INIT   ]   haos_deferred_improvement   = 3.0
00:45:50 | i — | [  INIT   ]   haos_deferred_no_improvement= 0.0
00:45:50 | i — | [  INIT   ] ── seed ────────────────────────────────────
00:45:50 | i — | [  INIT   ]   seed                        = 30
00:45:50 | i — | [  INIT   ] ── output ──────────────────────────────────
00:45:50 | i — | [  INIT   ]   output_dir                  = /app/artifacts/final_benchmark/runs/X-n2494-k194/seed30
00:45:50 | i — | [  INIT   ]   run_analysis                = False
00:45:50 | i — | [  INIT   ] ══════════════════════════════════════════════════════
00:45:50 | i — | [  INIT   ] BKS=361057.00
00:45:50 | i — | [  INIT   ] ════════════════════════════════════════
00:45:51 | i 1 | [HAOS ROLL] k=8  λ=1.0  vb  ac_avg  filo  P≈0.000595
00:45:54 | i 1 | [Phase 1/3] decompose  3.67s / — / —  λ=1.0  vb ac_avg
00:47:06 | i 1 | [Phase 2/3] route  71.47s / 71.04s / 100.6%  filo  k=8
00:47:06 | i 1 | [ IMPROVE ] 370258.00  via decompose_route  ·  Δ_BKS=+2.55%
00:47:06 | i 1 | [HAOS ROLL] k=8  λ=1.0  vb  ac_avg  filo  P≈0.000595
00:47:06 | i 1 | [ Summary ] cost=370258.00  Δ_S*=+0.00%  Δ_BKS=+2.55%  Δ_S*_BKS=+2.55%  no_improve=0
00:47:06 | i 2 | [HAOS ROLL] k=3  λ=1.0  rb  ac_complete  ails2  P≈0.000992
00:47:06 | i 2 | [Phase 1/3] decompose  0.48s / — / —  λ=1.0  rb ac_complete
00:48:29 | i 2 | [Phase 2/3] route  83.09s / 81.78s / 101.6%  ails2  k=3
00:48:29 | i 1 | [ IMPROVE ] 362131.00  via bg_ails  ·  Δ_BKS=+0.30%
00:48:29 | i 1 | [ ASYNC BG] bg_ails  69.08s / 65.51s / 105.4%
00:48:29 | i 2 | [HAOS ROLL] k=3  λ=1.0  rb  ac_complete  ails2  P≈0.000992
00:48:29 | i 2 | [ Summary ] cost=363057.00  Δ_S*=+0.26%  Δ_BKS=+0.55%  Δ_S*_BKS=+0.30%  no_improve=1
00:48:29 | i 3 | [HAOS ROLL] k=10  λ=0.4  vb  ac_complete  filo2  P≈0.000595
00:48:30 | i 3 | [Phase 1/3] decompose  0.60s / — / —  λ=0.4  vb ac_complete
00:49:24 | i 3 | [Phase 2/3] route  54.11s / 53.94s / 100.3%  filo2  k=10
00:49:52 | i 2 | [ IMPROVE ] 361771.00  via bg_ails  ·  Δ_BKS=+0.20%
00:49:52 | i 2 | [ ASYNC BG] bg_ails  83.01s / 79.82s / 104.0%
00:49:52 | i 3 | [HAOS ROLL] k=10  λ=0.4  vb  ac_complete  filo2  P≈0.000595
00:49:52 | i 3 | [ Summary ] cost=370993.00  Δ_S*=+2.55%  Δ_BKS=+2.75%  Δ_S*_BKS=+0.20%  no_improve=1
00:49:52 | i 4 | [HAOS ROLL] k=10  λ=0.8  vb  fcm  ails2  P≈0.000595
00:49:53 | i 4 | [Phase 1/3] decompose  0.89s / — / —  λ=0.8  vb fcm
00:50:33 | i 4 | [Phase 2/3] route  39.75s / 21.06s / 188.7%  ails2  k=10
00:50:56 | i 3 | [ ASYNC BG] bg_ails  64.01s / 60.00s / 106.7%
00:50:56 | i 4 | [HAOS ROLL] k=10  λ=0.8  vb  fcm  ails2  P≈0.000595
00:50:56 | i 4 | [ Summary ] cost=369407.00  Δ_S*=+2.11%  Δ_BKS=+2.31%  Δ_S*_BKS=+0.20%  no_improve=3
00:50:56 | i 5 | [HAOS ROLL] k=3  λ=0.8  vb  ac_complete  ails2  P≈0.000595
00:50:57 | i 5 | [Phase 1/3] decompose  0.63s / — / —  λ=0.8  vb ac_complete
00:52:41 | i 5 | [Phase 2/3] route  104.27s / 102.48s / 101.8%  ails2  k=3
00:52:41 | i 4 | [ ASYNC BG] bg_ails  63.99s / 60.00s / 106.7%
00:52:41 | i 5 | [HAOS ROLL] k=3  λ=0.8  vb  ac_complete  ails2  P≈0.000595
00:52:41 | i 5 | [ Summary ] cost=362923.00  Δ_S*=+0.32%  Δ_BKS=+0.52%  Δ_S*_BKS=+0.20%  no_improve=5
00:52:41 | i 6 | [HAOS ROLL] k=2  λ=0.0  rb  kmeans  filo  P≈0.000992
00:52:42 | i 6 | [Phase 1/3] decompose  0.36s / — / —  λ=0.0  rb kmeans
00:54:00 | i 6 | [Phase 2/3] route  78.15s / 77.94s / 100.3%  filo  k=2
00:54:25 | i 5 | [ ASYNC BG] bg_ails  103.96s / 100.02s / 103.9%
00:54:25 | i 6 | [HAOS ROLL] k=2  λ=0.0  rb  kmeans  filo  P≈0.000992
00:54:25 | i 6 | [ Summary ] cost=364478.00  Δ_S*=+0.75%  Δ_BKS=+0.95%  Δ_S*_BKS=+0.20%  no_improve=7
00:54:25 | i 7 | [HAOS ROLL] k=10  λ=0.6  rb  ac_avg  filo  P≈0.000992
00:54:26 | i 7 | [Phase 1/3] decompose  0.48s / — / —  λ=0.6  rb ac_avg
00:55:25 | i 7 | [Phase 2/3] route  59.12s / 58.74s / 100.6%  filo  k=10
00:55:45 | i 6 | [ ASYNC BG] bg_ails  79.89s / 76.07s / 105.0%
00:55:45 | i 7 | [HAOS ROLL] k=10  λ=0.6  rb  ac_avg  filo  P≈0.000992
00:55:45 | i 7 | [ Summary ] cost=367104.00  Δ_S*=+1.47%  Δ_BKS=+1.67%  Δ_S*_BKS=+0.20%  no_improve=9
00:55:45 | i 8 | [HAOS ROLL] k=6  λ=0.6  rb  ac_complete  filo  P≈0.000992
00:55:46 | i 8 | [Phase 1/3] decompose  0.49s / — / —  λ=0.6  rb ac_complete
00:57:02 | i 8 | [Phase 2/3] route  76.16s / 76.50s / 99.6%  filo  k=6
00:57:22 | i 7 | [ ASYNC BG] bg_ails  97.05s / 93.10s / 104.3%
00:57:22 | i 8 | [HAOS ROLL] k=6  λ=0.6  rb  ac_complete  filo  P≈0.000992
00:57:22 | i 8 | [ Summary ] cost=366575.00  Δ_S*=+1.33%  Δ_BKS=+1.53%  Δ_S*_BKS=+0.20%  no_improve=11
00:57:22 | i 9 | [HAOS ROLL] k=10  λ=0.8  vb  ac_avg  ails2  P≈0.000595
00:57:23 | i 9 | [Phase 1/3] decompose  0.67s / — / —  λ=0.8  vb ac_avg
00:58:34 | i 9 | [Phase 2/3] route  71.59s / 69.60s / 102.9%  ails2  k=10
00:58:40 | i 8 | [ ASYNC BG] bg_ails  78.05s / 74.66s / 104.5%
00:58:40 | i 9 | [HAOS ROLL] k=10  λ=0.8  vb  ac_avg  ails2  P≈0.000595
00:58:40 | i 9 | [ Summary ] cost=370974.00  Δ_S*=+2.54%  Δ_BKS=+2.75%  Δ_S*_BKS=+0.20%  no_improve=13
00:58:40 | i 10 | [HAOS ROLL] k=10  λ=0.4  rb  ac_avg  filo  P≈0.000992
00:58:41 | i 10 | [Phase 1/3] decompose  0.48s / — / —  λ=0.4  rb ac_avg
00:59:40 | i 10 | [Phase 2/3] route  59.12s / 58.74s / 100.6%  filo  k=10
00:59:49 | i 9 | [ ASYNC BG] bg_ails  69.07s / 65.39s / 105.6%
00:59:49 | i 10 | [HAOS ROLL] k=10  λ=0.4  rb  ac_avg  filo  P≈0.000992
00:59:49 | i 10 | [ Summary ] cost=368571.00  Δ_S*=+1.88%  Δ_BKS=+2.08%  Δ_S*_BKS=+0.20%  no_improve=15
00:59:49 | i 11 | [HAOS ROLL] k=2  λ=0.8  vb  ac_avg  filo2  P≈0.000595
00:59:50 | i 11 | [Phase 1/3] decompose  0.66s / — / —  λ=0.8  vb ac_avg
01:02:19 | i 11 | [Phase 2/3] route  149.40s / 148.62s / 100.5%  filo2  k=2
01:02:19 | i 10 | [ ASYNC BG] bg_ails  96.99s / 93.10s / 104.2%
01:02:19 | i 11 | [HAOS ROLL] k=2  λ=0.8  vb  ac_avg  filo2  P≈0.000595
01:02:19 | i 11 | [ Summary ] cost=364668.00  Δ_S*=+0.80%  Δ_BKS=+1.00%  Δ_S*_BKS=+0.20%  no_improve=17
01:02:19 | i 6 | [ASYNC 1/2] sp_sc  1.80s / 720.00s / 0.3%  SP  avg_coverage=10.76/5  pool=2104
01:02:19 | i 6 | [ASYNC 2/2] standard_ails  363.49s / 360.00s / 101.0%
01:02:26 | i 6 | [ IMPROVE ] 361698.00  via standard_ails  ·  Δ_BKS=+0.18%
01:02:26 | i 12 | [HAOS ROLL] k=2  λ=1.0  vb  ac_complete  filo  P≈0.000614
01:02:27 | i 12 | [Phase 1/3] decompose  0.59s / — / —  λ=1.0  vb ac_complete
01:04:31 | i 12 | [Phase 2/3] route  124.30s / 123.90s / 100.3%  filo  k=2
01:04:48 | i 11 | [ ASYNC BG] bg_ails  148.97s / 145.05s / 102.7%
01:04:48 | i 12 | [HAOS ROLL] k=2  λ=1.0  vb  ac_complete  filo  P≈0.000614
01:04:49 | i 12 | [ Summary ] cost=365083.00  Δ_S*=+0.94%  Δ_BKS=+1.12%  Δ_S*_BKS=+0.18%  no_improve=2
01:04:49 | i 13 | [HAOS ROLL] k=3  λ=0.2  rb  ac_complete  pyvrp  P≈0.000990
01:04:49 | i 13 | [Phase 1/3] decompose  0.46s / — / —  λ=0.2  rb ac_complete
01:06:24 | i 13 | [Phase 2/3] route  95.25s / 89.52s / 106.4%  pyvrp  k=3
01:06:52 | i 12 | [ ASYNC BG] bg_ails  124.03s / 120.93s / 102.6%
01:06:52 | i 13 | [HAOS ROLL] k=3  λ=0.2  rb  ac_complete  pyvrp  P≈0.000990
01:06:53 | i 13 | [ Summary ] cost=368928.00  Δ_S*=+2.00%  Δ_BKS=+2.18%  Δ_S*_BKS=+0.18%  no_improve=4
01:06:53 | i 14 | [HAOS ROLL] k=4  λ=0.6  vb  kmeans  ails2  P≈0.000384
01:06:53 | i 14 | [Phase 1/3] decompose  0.46s / — / —  λ=0.6  vb kmeans
01:07:43 | i 14 | [Phase 2/3] route  50.08s / 48.60s / 103.1%  ails2  k=4
01:08:24 | i 13 | [ ASYNC BG] bg_ails  91.10s / 87.37s / 104.3%
01:08:24 | i 14 | [HAOS ROLL] k=4  λ=0.6  vb  kmeans  ails2  P≈0.000384
01:08:24 | i 14 | [ Summary ] cost=363410.00  Δ_S*=+0.47%  Δ_BKS=+0.65%  Δ_S*_BKS=+0.18%  no_improve=6
01:08:24 | i 15 | [HAOS ROLL] k=4  λ=0.2  vb  ac_avg  ails2  P≈0.000761
01:08:24 | i 15 | [Phase 1/3] decompose  0.65s / — / —  λ=0.2  vb ac_avg
01:09:41 | i 15 | [Phase 2/3] route  76.40s / 74.04s / 103.2%  ails2  k=4
01:09:41 | i 14 | [ ASYNC BG] bg_ails  64.04s / 60.00s / 106.7%
01:09:41 | i 15 | [HAOS ROLL] k=4  λ=0.2  vb  ac_avg  ails2  P≈0.000761
01:09:41 | i 15 | [ Summary ] cost=364477.00  Δ_S*=+0.77%  Δ_BKS=+0.95%  Δ_S*_BKS=+0.18%  no_improve=8
01:09:41 | i 16 | [HAOS ROLL] k=8  λ=1.0  vb  kmeans  filo  P≈0.001700
01:09:41 | i 16 | [Phase 1/3] decompose  0.46s / — / —  λ=1.0  vb kmeans
01:10:17 | i 16 | [Phase 2/3] route  36.09s / 36.12s / 99.9%  filo  k=8
01:10:57 | i 15 | [ ASYNC BG] bg_ails  76.08s / 72.26s / 105.3%
01:10:57 | i 16 | [HAOS ROLL] k=8  λ=1.0  vb  kmeans  filo  P≈0.001700
01:10:57 | i 16 | [ Summary ] cost=366400.00  Δ_S*=+1.30%  Δ_BKS=+1.48%  Δ_S*_BKS=+0.18%  no_improve=10
01:10:57 | i 17 | [HAOS ROLL] k=3  λ=1.0  vb  kmedoids  filo2  P≈0.000810
01:10:58 | i 17 | [Phase 1/3] decompose  0.86s / — / —  λ=1.0  vb kmedoids
01:12:06 | i 17 | [Phase 2/3] route  68.14s / 67.62s / 100.8%  filo2  k=3
01:12:06 | i 16 | [ ASYNC BG] bg_ails  64.04s / 60.00s / 106.7%
01:12:06 | i 17 | [HAOS ROLL] k=3  λ=1.0  vb  kmedoids  filo2  P≈0.000810
01:12:06 | i 17 | [ Summary ] cost=364070.00  Δ_S*=+0.66%  Δ_BKS=+0.83%  Δ_S*_BKS=+0.18%  no_improve=12
01:12:06 | i 18 | [HAOS ROLL] k=8  λ=1.0  rb  kmeans  ails2  P≈0.001789
01:12:06 | i 18 | [Phase 1/3] decompose  0.46s / — / —  λ=1.0  rb kmeans
01:12:51 | i 18 | [Phase 2/3] route  45.00s / 32.88s / 136.9%  ails2  k=8
01:13:15 | i 17 | [ ASYNC BG] bg_ails  69.01s / 66.00s / 104.6%
01:13:15 | i 18 | [HAOS ROLL] k=8  λ=1.0  rb  kmeans  ails2  P≈0.001789
01:13:15 | i 18 | [ Summary ] cost=361855.00  Δ_S*=+0.04%  Δ_BKS=+0.22%  Δ_S*_BKS=+0.18%  no_improve=14
01:13:15 | i 19 | [HAOS ROLL] k=8  λ=0.8  vb  kmedoids  filo  P≈0.000847
01:13:16 | i 19 | [Phase 1/3] decompose  0.68s / — / —  λ=0.8  vb kmedoids
01:13:47 | i 19 | [Phase 2/3] route  31.08s / 27.00s / 115.1%  filo  k=8
01:14:19 | i 18 | [ ASYNC BG] bg_ails  64.03s / 60.00s / 106.7%
01:14:19 | i 19 | [HAOS ROLL] k=8  λ=0.8  vb  kmedoids  filo  P≈0.000847
01:14:19 | i 19 | [ Summary ] cost=369676.00  Δ_S*=+2.21%  Δ_BKS=+2.39%  Δ_S*_BKS=+0.18%  no_improve=16
01:14:19 | i 20 | [HAOS ROLL] k=8  λ=0.6  vb  kmedoids  filo  P≈0.001086
01:14:20 | i 20 | [Phase 1/3] decompose  0.65s / — / —  λ=0.6  vb kmedoids
01:14:52 | i 20 | [Phase 2/3] route  32.08s / 26.28s / 122.1%  filo  k=8
01:15:23 | i 19 | [ ASYNC BG] bg_ails  64.06s / 60.00s / 106.8%
01:15:23 | i 20 | [HAOS ROLL] k=8  λ=0.6  vb  kmedoids  filo  P≈0.001086
01:15:23 | i 20 | [ Summary ] cost=370010.00  Δ_S*=+2.30%  Δ_BKS=+2.48%  Δ_S*_BKS=+0.18%  no_improve=18
01:15:23 | i 21 | [HAOS ROLL] k=12  λ=0.4  rb  ac_avg  filo  P≈0.000355
01:15:24 | i 21 | [Phase 1/3] decompose  0.46s / — / —  λ=0.4  rb ac_avg
01:16:22 | i 21 | [Phase 2/3] route  58.14s / 57.96s / 100.3%  filo  k=12
01:16:27 | i 20 | [ ASYNC BG] bg_ails  63.99s / 60.00s / 106.6%
01:16:27 | i 21 | [HAOS ROLL] k=12  λ=0.4  rb  ac_avg  filo  P≈0.000355
01:16:27 | i 21 | [ Summary ] cost=366954.00  Δ_S*=+1.45%  Δ_BKS=+1.63%  Δ_S*_BKS=+0.18%  no_improve=20
01:16:27 | i 22 | [HAOS ROLL] k=2  λ=0.2  rb  ac_complete  ails2  P≈0.000542
01:16:28 | i 22 | [Phase 1/3] decompose  0.46s / — / —  λ=0.2  rb ac_complete
01:17:59 | i 22 | [Phase 2/3] route  91.11s / 89.52s / 101.8%  ails2  k=2
01:17:59 | i 21 | [ ASYNC BG] bg_ails  64.02s / 60.00s / 106.7%
01:17:59 | i 22 | [HAOS ROLL] k=2  λ=0.2  rb  ac_complete  ails2  P≈0.000542
01:17:59 | i 22 | [ Summary ] cost=361934.00  Δ_S*=+0.07%  Δ_BKS=+0.24%  Δ_S*_BKS=+0.18%  no_improve=22
01:17:59 | i 23 | [HAOS ROLL] k=3  λ=0.6  vb  kmeans  filo  P≈0.001110
01:17:59 | i 23 | [Phase 1/3] decompose  0.46s / — / —  λ=0.6  vb kmeans
01:19:08 | i 23 | [Phase 2/3] route  69.15s / 68.88s / 100.4%  filo  k=3
01:19:30 | i 22 | [ ASYNC BG] bg_ails  91.15s / 87.37s / 104.3%
01:19:30 | i 23 | [HAOS ROLL] k=3  λ=0.6  vb  kmeans  filo  P≈0.001110
01:19:30 | i 23 | [ Summary ] cost=365002.00  Δ_S*=+0.91%  Δ_BKS=+1.09%  Δ_S*_BKS=+0.18%  no_improve=24
01:19:30 | i 24 | [HAOS ROLL] k=12  λ=0.8  vb  ac_complete  pyvrp  P≈0.000202
01:19:31 | i 24 | [Phase 1/3] decompose  0.63s / — / —  λ=0.8  vb ac_complete
01:20:30 | i 24 | [Phase 2/3] route  59.15s / 50.22s / 117.8%  pyvrp  k=12
01:20:41 | i 23 | [ ASYNC BG] bg_ails  71.08s / 67.23s / 105.7%
01:20:41 | i 24 | [HAOS ROLL] k=12  λ=0.8  vb  ac_complete  pyvrp  P≈0.000202
01:20:41 | i 24 | [ Summary ] cost=374978.00  Δ_S*=+3.67%  Δ_BKS=+3.86%  Δ_S*_BKS=+0.18%  no_improve=26
01:20:41 | i 25 | [HAOS ROLL] k=3  λ=0.4  rb  ac_complete  ails2  P≈0.001229
01:20:42 | i 25 | [Phase 1/3] decompose  0.47s / — / —  λ=0.4  rb ac_complete
01:22:13 | i 25 | [Phase 2/3] route  91.14s / 89.52s / 101.8%  ails2  k=3
01:22:13 | i 24 | [ ASYNC BG] bg_ails  75.16s / 71.90s / 104.5%
01:22:13 | i 25 | [HAOS ROLL] k=3  λ=0.4  rb  ac_complete  ails2  P≈0.001229
01:22:13 | i 25 | [ Summary ] cost=361719.00  Δ_S*=+0.01%  Δ_BKS=+0.18%  Δ_S*_BKS=+0.18%  no_improve=28
01:22:13 | i 26 | [HAOS ROLL] k=12  λ=1.0  vb  fcm  pyvrp  P≈0.000602
01:22:14 | i 26 | [Phase 1/3] decompose  1.11s / — / —  λ=1.0  vb fcm
01:22:45 | i 26 | [Phase 2/3] route  31.29s / 17.76s / 176.2%  pyvrp  k=12
01:23:44 | i 25 | [ ASYNC BG] bg_ails  91.12s / 87.37s / 104.3%
01:23:44 | i 26 | [HAOS ROLL] k=12  λ=1.0  vb  fcm  pyvrp  P≈0.000602
01:23:44 | i 26 | [ Summary ] cost=381040.00  Δ_S*=+5.35%  Δ_BKS=+5.53%  Δ_S*_BKS=+0.18%  no_improve=30
01:23:44 | i 27 | [HAOS ROLL] k=2  λ=0.2  rb  kmeans  ails2  P≈0.000549
01:23:44 | i 27 | [Phase 1/3] decompose  0.46s / — / —  λ=0.2  rb kmeans
01:25:01 | i 27 | [Phase 2/3] route  77.03s / 75.48s / 102.0%  ails2  k=2
01:25:01 | i 26 | [ ASYNC BG] bg_ails  64.03s / 60.00s / 106.7%
01:25:01 | i 27 | [ IMPROVE ] 361661.00  via decompose_route  ·  Δ_BKS=+0.17%
01:25:02 | i 27 | [HAOS ROLL] k=2  λ=0.2  rb  kmeans  ails2  P≈0.000549
01:25:02 | i 27 | [ Summary ] cost=361661.00  Δ_S*=+0.00%  Δ_BKS=+0.17%  Δ_S*_BKS=+0.17%  no_improve=0
01:25:02 | i 28 | [HAOS ROLL] k=8  λ=0.0  vb  ac_complete  ails2  P≈0.000677
01:25:02 | i 28 | [Phase 1/3] decompose  0.52s / — / —  λ=0.0  vb ac_complete
01:25:55 | i 28 | [Phase 2/3] route  52.94s / 45.60s / 116.1%  ails2  k=8
01:26:19 | i 27 | [ ASYNC BG] bg_ails  77.14s / 73.67s / 104.7%
01:26:19 | i 28 | [HAOS ROLL] k=8  λ=0.0  vb  ac_complete  ails2  P≈0.000677
01:26:19 | i 28 | [ Summary ] cost=368290.00  Δ_S*=+1.83%  Δ_BKS=+2.00%  Δ_S*_BKS=+0.17%  no_improve=2
01:26:19 | i 29 | [HAOS ROLL] k=6  λ=0.0  rb  kmeans  ails2  P≈0.000704
01:26:19 | i 29 | [Phase 1/3] decompose  0.36s / — / —  λ=0.0  rb kmeans
01:26:59 | i 29 | [Phase 2/3] route  39.84s / 38.28s / 104.1%  ails2  k=6
01:27:23 | i 28 | [ ASYNC BG] bg_ails  63.97s / 60.84s / 105.1%
01:27:23 | i 29 | [HAOS ROLL] k=6  λ=0.0  rb  kmeans  ails2  P≈0.000704
01:27:23 | i 29 | [ Summary ] cost=361712.00  Δ_S*=+0.01%  Δ_BKS=+0.18%  Δ_S*_BKS=+0.17%  no_improve=4
01:27:23 | i 30 | [HAOS ROLL] k=3  λ=0.4  vb  fcm  ails2  P≈0.001023
01:27:23 | i 30 | [Phase 1/3] decompose  0.52s / — / —  λ=0.4  vb fcm
01:28:25 | i 30 | [Phase 2/3] route  61.84s / 60.36s / 102.4%  ails2  k=3
01:28:27 | i 29 | [ ASYNC BG] bg_ails  63.93s / 60.00s / 106.6%
01:28:27 | i 30 | [HAOS ROLL] k=3  λ=0.4  vb  fcm  ails2  P≈0.001023
01:28:27 | i 30 | [ Summary ] cost=363019.00  Δ_S*=+0.38%  Δ_BKS=+0.54%  Δ_S*_BKS=+0.17%  no_improve=6
01:28:27 | i 31 | [HAOS ROLL] k=6  λ=1.0  vb  fcm  filo  P≈0.000815
01:28:27 | i 31 | [Phase 1/3] decompose  0.53s / — / —  λ=1.0  vb fcm
01:28:58 | i 31 | [Phase 2/3] route  31.09s / 31.38s / 99.1%  filo  k=6
01:29:31 | i 30 | [ ASYNC BG] bg_ails  64.03s / 60.00s / 106.7%
01:29:31 | i 31 | [HAOS ROLL] k=6  λ=1.0  vb  fcm  filo  P≈0.000815
01:29:31 | i 31 | [ Summary ] cost=366482.00  Δ_S*=+1.33%  Δ_BKS=+1.50%  Δ_S*_BKS=+0.17%  no_improve=8
01:29:31 | i 32 | [HAOS ROLL] k=2  λ=0.6  vb  kmeans  ails2  P≈0.000928
01:29:31 | i 32 | [Phase 1/3] decompose  0.46s / — / —  λ=0.6  vb kmeans
01:30:49 | i 32 | [Phase 2/3] route  77.92s / 76.80s / 101.5%  ails2  k=2
01:30:49 | i 31 | [ ASYNC BG] bg_ails  64.01s / 60.00s / 106.7%
01:30:49 | i 32 | [HAOS ROLL] k=2  λ=0.6  vb  kmeans  ails2  P≈0.000928
01:30:49 | i 32 | [ Summary ] cost=362993.00  Δ_S*=+0.37%  Δ_BKS=+0.54%  Δ_S*_BKS=+0.17%  no_improve=10
01:30:49 | i 33 | [HAOS ROLL] k=8  λ=0.6  vb  ac_complete  ails2  P≈0.001218
01:30:50 | i 33 | [Phase 1/3] decompose  0.61s / — / —  λ=0.6  vb ac_complete
01:32:03 | i 33 | [Phase 2/3] route  72.74s / 70.68s / 102.9%  ails2  k=8
01:32:07 | i 32 | [ ASYNC BG] bg_ails  78.10s / 74.96s / 104.2%
01:32:07 | i 33 | [HAOS ROLL] k=8  λ=0.6  vb  ac_complete  ails2  P≈0.001218
01:32:07 | i 33 | [ Summary ] cost=367756.00  Δ_S*=+1.69%  Δ_BKS=+1.86%  Δ_S*_BKS=+0.17%  no_improve=12
01:32:07 | i 34 | [HAOS ROLL] k=2  λ=0.6  vb  fcm  ails2  P≈0.002522
01:32:08 | i 34 | [Phase 1/3] decompose  0.46s / — / —  λ=0.6  vb fcm
01:33:26 | i 34 | [Phase 2/3] route  78.02s / 76.92s / 101.4%  ails2  k=2
01:33:26 | i 33 | [ ASYNC BG] bg_ails  68.99s / 65.20s / 105.8%
01:33:26 | i 34 | [HAOS ROLL] k=2  λ=0.6  vb  fcm  ails2  P≈0.002522
01:33:26 | i 34 | [ Summary ] cost=361747.00  Δ_S*=+0.02%  Δ_BKS=+0.19%  Δ_S*_BKS=+0.17%  no_improve=14
01:33:26 | i 35 | [HAOS ROLL] k=10  λ=1.0  vb  ac_complete  ails2  P≈0.001533
01:33:27 | i 35 | [Phase 1/3] decompose  0.63s / — / —  λ=1.0  vb ac_complete
01:34:18 | i 35 | [Phase 2/3] route  51.18s / 49.56s / 103.3%  ails2  k=10
01:34:45 | i 34 | [ ASYNC BG] bg_ails  79.06s / 75.07s / 105.3%
01:34:45 | i 35 | [HAOS ROLL] k=10  λ=1.0  vb  ac_complete  ails2  P≈0.001533
01:34:45 | i 35 | [ Summary ] cost=368216.00  Δ_S*=+1.81%  Δ_BKS=+1.98%  Δ_S*_BKS=+0.17%  no_improve=16
01:34:45 | i 20 | [ASYNC 1/2] sp_sc  748.31s / 720.00s / 103.9%  SP  avg_coverage=37.78/5  pool=7342
01:34:45 | i 20 | [ASYNC 2/2] standard_ails  363.52s / 360.00s / 101.0%
01:35:28 | i 20 | [ IMPROVE ] 361601.00  via standard_ails  ·  Δ_BKS=+0.15%
01:35:28 | i 36 | [HAOS ROLL] k=3  λ=0.2  vb  kmedoids  ails2  P≈0.001218
01:35:28 | i 36 | [Phase 1/3] decompose  0.55s / — / —  λ=0.2  vb kmedoids
01:36:34 | i 36 | [Phase 2/3] route  65.92s / 64.32s / 102.5%  ails2  k=3
01:36:34 | i 35 | [ ASYNC BG] bg_ails  63.86s / 60.00s / 106.4%
01:36:35 | i 36 | [HAOS ROLL] k=3  λ=0.2  vb  kmedoids  ails2  P≈0.001218
01:36:35 | i 36 | [ Summary ] cost=363260.00  Δ_S*=+0.46%  Δ_BKS=+0.61%  Δ_S*_BKS=+0.15%  no_improve=2
01:36:35 | i 37 | [HAOS ROLL] k=8  λ=0.2  rb  ac_complete  filo  P≈0.001144
01:36:35 | i 37 | [Phase 1/3] decompose  0.43s / — / —  λ=0.2  rb ac_complete
01:37:25 | i 37 | [Phase 2/3] route  50.12s / 49.98s / 100.3%  filo  k=8
01:37:40 | i 36 | [ ASYNC BG] bg_ails  66.08s / 62.78s / 105.3%
01:37:41 | i 37 | [HAOS ROLL] k=8  λ=0.2  rb  ac_complete  filo  P≈0.001144
01:37:41 | i 37 | [ Summary ] cost=366725.00  Δ_S*=+1.42%  Δ_BKS=+1.57%  Δ_S*_BKS=+0.15%  no_improve=4
01:37:41 | i 38 | [HAOS ROLL] k=3  λ=0.6  rb  kmeans  ails2  P≈0.003022
01:37:41 | i 38 | [Phase 1/3] decompose  0.45s / — / —  λ=0.6  rb kmeans
01:38:46 | i 38 | [Phase 2/3] route  64.95s / 63.60s / 102.1%  ails2  k=3
01:38:46 | i 37 | [ ASYNC BG] bg_ails  64.06s / 60.00s / 106.8%
01:38:46 | i 38 | [HAOS ROLL] k=3  λ=0.6  rb  kmeans  ails2  P≈0.003022
01:38:47 | i 38 | [ Summary ] cost=361771.00  Δ_S*=+0.05%  Δ_BKS=+0.20%  Δ_S*_BKS=+0.15%  no_improve=6
01:38:47 | i 39 | [HAOS ROLL] k=6  λ=1.0  vb  ac_complete  filo  P≈0.000960
01:38:47 | i 39 | [Phase 1/3] decompose  0.62s / — / —  λ=1.0  vb ac_complete
01:40:15 | i 39 | [Phase 2/3] route  88.22s / 88.20s / 100.0%  filo  k=6
01:40:15 | i 38 | [ ASYNC BG] bg_ails  66.08s / 62.07s / 106.5%
01:40:16 | i 39 | [HAOS ROLL] k=6  λ=1.0  vb  ac_complete  filo  P≈0.000960
01:40:16 | i 39 | [ Summary ] cost=366630.00  Δ_S*=+1.39%  Δ_BKS=+1.54%  Δ_S*_BKS=+0.15%  no_improve=8
01:40:16 | i 40 | [HAOS ROLL] k=10  λ=0.0  rb  kmeans  ails2  P≈0.000654
01:40:16 | i 40 | [Phase 1/3] decompose  0.34s / — / —  λ=0.0  rb kmeans
01:40:55 | i 40 | [Phase 2/3] route  38.80s / 29.70s / 130.6%  ails2  k=10
01:41:46 | i 39 | [ ASYNC BG] bg_ails  90.13s / 86.08s / 104.7%
01:41:46 | i 40 | [HAOS ROLL] k=10  λ=0.0  rb  kmeans  ails2  P≈0.000654
01:41:46 | i 40 | [ Summary ] cost=361725.00  Δ_S*=+0.03%  Δ_BKS=+0.19%  Δ_S*_BKS=+0.15%  no_improve=10
01:41:46 | i 41 | [HAOS ROLL] k=10  λ=0.2  vb  fcm  ails2  P≈0.001597
01:41:47 | i 41 | [Phase 1/3] decompose  0.74s / — / —  λ=0.2  vb fcm
01:42:25 | i 41 | [Phase 2/3] route  37.87s / 21.06s / 179.8%  ails2  k=10
01:42:50 | i 40 | [ ASYNC BG] bg_ails  64.00s / 60.00s / 106.7%
01:42:50 | i 41 | [HAOS ROLL] k=10  λ=0.2  vb  fcm  ails2  P≈0.001597
01:42:50 | i 41 | [ Summary ] cost=369376.00  Δ_S*=+2.15%  Δ_BKS=+2.30%  Δ_S*_BKS=+0.15%  no_improve=12
01:42:50 | i 42 | [HAOS ROLL] k=3  λ=0.8  vb  ac_complete  ails2  P≈0.001592
01:42:51 | i 42 | [Phase 1/3] decompose  0.61s / — / —  λ=0.8  vb ac_complete
01:44:35 | i 42 | [Phase 2/3] route  104.31s / 102.48s / 101.8%  ails2  k=3
01:44:35 | i 41 | [ ASYNC BG] bg_ails  64.10s / 60.00s / 106.8%
01:44:35 | i 42 | [HAOS ROLL] k=3  λ=0.8  vb  ac_complete  ails2  P≈0.001592
01:44:35 | i 42 | [ Summary ] cost=362875.00  Δ_S*=+0.35%  Δ_BKS=+0.50%  Δ_S*_BKS=+0.15%  no_improve=14
01:44:35 | i 43 | [HAOS ROLL] k=6  λ=0.2  rb  ac_complete  filo2  P≈0.000329
01:44:36 | i 43 | [Phase 1/3] decompose  0.44s / — / —  λ=0.2  rb ac_complete
01:45:26 | i 43 | [Phase 2/3] route  50.26s / 49.98s / 100.6%  filo2  k=6
01:46:19 | i 42 | [ ASYNC BG] bg_ails  104.05s / 100.02s / 104.0%
01:46:19 | i 43 | [HAOS ROLL] k=6  λ=0.2  rb  ac_complete  filo2  P≈0.000329
01:46:19 | i 43 | [ Summary ] cost=367404.00  Δ_S*=+1.60%  Δ_BKS=+1.76%  Δ_S*_BKS=+0.15%  no_improve=16
01:46:19 | i 44 | [HAOS ROLL] k=6  λ=0.6  vb  kmedoids  ails2  P≈0.001149
01:46:20 | i 44 | [Phase 1/3] decompose  0.67s / — / —  λ=0.6  vb kmedoids
01:47:01 | i 44 | [Phase 2/3] route  40.94s / 39.84s / 102.8%  ails2  k=6
01:47:23 | i 43 | [ ASYNC BG] bg_ails  63.99s / 60.00s / 106.6%
01:47:23 | i 44 | [HAOS ROLL] k=6  λ=0.6  vb  kmedoids  ails2  P≈0.001149
01:47:23 | i 44 | [ Summary ] cost=366817.00  Δ_S*=+1.44%  Δ_BKS=+1.60%  Δ_S*_BKS=+0.15%  no_improve=18
01:47:23 | i 45 | [HAOS ROLL] k=3  λ=0.6  vb  ac_avg  filo  P≈0.000950
01:47:24 | i 45 | [Phase 1/3] decompose  0.63s / — / —  λ=0.6  vb ac_avg
01:49:47 | i 45 | [Phase 2/3] route  143.40s / 143.34s / 100.0%  filo  k=3
01:49:47 | i 44 | [ ASYNC BG] bg_ails  64.07s / 60.00s / 106.8%
01:49:48 | i 45 | [HAOS ROLL] k=3  λ=0.6  vb  ac_avg  filo  P≈0.000950
01:49:48 | i 45 | [ Summary ] cost=366161.00  Δ_S*=+1.26%  Δ_BKS=+1.41%  Δ_S*_BKS=+0.15%  no_improve=20
01:49:48 | i 36 | [ASYNC 1/2] sp_sc  0.00s / 720.00s / 0.0%  SC
01:49:48 | i 46 | [HAOS ROLL] k=10  λ=0.8  vb  ac_avg  filo  P≈0.000328
01:49:48 | i 46 | [Phase 1/3] decompose  0.63s / — / —  λ=0.8  vb ac_avg
01:50:59 | i 46 | [Phase 2/3] route  70.15s / 69.60s / 100.8%  filo  k=10
01:52:11 | i 45 | [ ASYNC BG] bg_ails  143.06s / 139.90s / 102.3%
01:52:11 | i 46 | [HAOS ROLL] k=10  λ=0.8  vb  ac_avg  filo  P≈0.000328
01:52:11 | i 46 | [ Summary ] cost=371442.00  Δ_S*=+2.72%  Δ_BKS=+2.88%  Δ_S*_BKS=+0.15%  no_improve=22
01:52:11 | i 47 | [HAOS ROLL] k=8  λ=0.6  rb  ac_avg  filo  P≈0.000866
01:52:11 | i 47 | [Phase 1/3] decompose  0.46s / — / —  λ=0.6  rb ac_avg
01:53:19 | i 47 | [Phase 2/3] route  68.14s / 67.80s / 100.5%  filo  k=8
01:53:20 | i 46 | [ ASYNC BG] bg_ails  69.00s / 65.39s / 105.5%
01:53:20 | i 47 | [HAOS ROLL] k=8  λ=0.6  rb  ac_avg  filo  P≈0.000866
01:53:20 | i 47 | [ Summary ] cost=364967.00  Δ_S*=+0.93%  Δ_BKS=+1.08%  Δ_S*_BKS=+0.15%  no_improve=24
01:53:20 | i 48 | [HAOS ROLL] k=2  λ=0.4  vb  kmedoids  filo2  P≈0.000132
01:53:20 | i 48 | [Phase 1/3] decompose  0.60s / — / —  λ=0.4  vb kmedoids
01:54:40 | i 48 | [Phase 2/3] route  79.17s / 79.14s / 100.0%  filo2  k=2
01:54:40 | i 47 | [ ASYNC BG] bg_ails  66.03s / 62.72s / 105.3%
01:54:40 | i 48 | [HAOS ROLL] k=2  λ=0.4  vb  kmedoids  filo2  P≈0.000132
01:54:40 | i 48 | [ Summary ] cost=364617.00  Δ_S*=+0.83%  Δ_BKS=+0.99%  Δ_S*_BKS=+0.15%  no_improve=26
01:54:40 | i 49 | [HAOS ROLL] k=3  λ=1.0  vb  ac_complete  ails2  P≈0.003006
01:54:41 | i 49 | [Phase 1/3] decompose  0.61s / — / —  λ=1.0  vb ac_complete
01:56:24 | i 49 | [Phase 2/3] route  103.32s / 101.04s / 102.3%  ails2  k=3
01:56:24 | i 48 | [ ASYNC BG] bg_ails  81.05s / 77.24s / 104.9%
01:56:24 | i 49 | [HAOS ROLL] k=3  λ=1.0  vb  ac_complete  ails2  P≈0.003006
01:56:24 | i 49 | [ Summary ] cost=364884.00  Δ_S*=+0.91%  Δ_BKS=+1.06%  Δ_S*_BKS=+0.15%  no_improve=28
01:56:24 | i 50 | [HAOS ROLL] k=12  λ=1.0  rb  kmeans  ails2  P≈0.000913
01:56:25 | i 50 | [Phase 1/3] decompose  0.45s / — / —  λ=1.0  rb kmeans
01:56:58 | i 50 | [Phase 2/3] route  33.73s / 25.68s / 131.3%  ails2  k=12
01:58:06 | i 49 | [ ASYNC BG] bg_ails  102.19s / 98.62s / 103.6%
01:58:06 | i 50 | [HAOS ROLL] k=12  λ=1.0  rb  kmeans  ails2  P≈0.000913
01:58:07 | i 50 | [ Summary ] cost=361668.00  Δ_S*=+0.02%  Δ_BKS=+0.17%  Δ_S*_BKS=+0.15%  no_improve=30
01:58:07 | i 51 | [HAOS ROLL] k=6  λ=0.2  rb  ac_avg  ails2  P≈0.001181
01:58:07 | i 51 | [Phase 1/3] decompose  0.44s / — / —  λ=0.2  rb ac_avg
01:59:17 | i 51 | [Phase 2/3] route  69.59s / 67.80s / 102.6%  ails2  k=6
01:59:17 | i 50 | [ ASYNC BG] bg_ails  64.07s / 60.00s / 106.8%
01:59:17 | i 51 | [HAOS ROLL] k=6  λ=0.2  rb  ac_avg  ails2  P≈0.001181
01:59:17 | i 51 | [ Summary ] cost=361647.00  Δ_S*=+0.01%  Δ_BKS=+0.16%  Δ_S*_BKS=+0.15%  no_improve=32
01:59:17 | i 52 | [HAOS ROLL] k=3  λ=0.0  rb  ac_complete  filo2  P≈0.000307
01:59:17 | i 52 | [Phase 1/3] decompose  0.33s / — / —  λ=0.0  rb ac_complete
02:00:18 | i 52 | [Phase 2/3] route  61.13s / 61.38s / 99.6%  filo2  k=3
02:00:27 | i 51 | [ ASYNC BG] bg_ails  70.20s / 66.17s / 106.1%
02:00:27 | i 52 | [HAOS ROLL] k=3  λ=0.0  rb  ac_complete  filo2  P≈0.000307
02:00:27 | i 52 | [ Summary ] cost=365771.00  Δ_S*=+1.15%  Δ_BKS=+1.31%  Δ_S*_BKS=+0.15%  no_improve=34
02:00:27 | i 53 | [HAOS ROLL] k=3  λ=0.8  vb  ac_complete  ails2  P≈0.002019
02:00:28 | i 53 | [Phase 1/3] decompose  0.61s / — / —  λ=0.8  vb ac_complete
02:02:12 | i 53 | [Phase 2/3] route  104.29s / 102.48s / 101.8%  ails2  k=3
02:02:12 | i 52 | [ ASYNC BG] bg_ails  63.83s / 60.00s / 106.4%
02:02:12 | i 53 | [HAOS ROLL] k=3  λ=0.8  vb  ac_complete  ails2  P≈0.002019
02:02:12 | i 53 | [ Summary ] cost=362967.00  Δ_S*=+0.38%  Δ_BKS=+0.53%  Δ_S*_BKS=+0.15%  no_improve=36
02:02:12 | i 54 | [HAOS ROLL] k=12  λ=0.0  rb  kmeans  pyvrp  P≈0.000179
02:02:13 | i 54 | [Phase 1/3] decompose  0.35s / — / —  λ=0.0  rb kmeans
02:02:50 | i 54 | [Phase 2/3] route  37.49s / 27.90s / 134.4%  pyvrp  k=12
02:03:56 | i 53 | [ ASYNC BG] bg_ails  104.03s / 100.02s / 104.0%
02:03:56 | i 54 | [HAOS ROLL] k=12  λ=0.0  rb  kmeans  pyvrp  P≈0.000179
02:03:56 | i 54 | [ Summary ] cost=367166.00  Δ_S*=+1.54%  Δ_BKS=+1.69%  Δ_S*_BKS=+0.15%  no_improve=38
02:03:56 | i 55 | [HAOS ROLL] k=6  λ=0.0  rb  ac_complete  filo  P≈0.000719
02:03:57 | i 55 | [Phase 1/3] decompose  0.35s / — / —  λ=0.0  rb ac_complete
02:04:47 | i 55 | [Phase 2/3] route  50.13s / 49.98s / 100.3%  filo  k=6
02:05:00 | i 54 | [ ASYNC BG] bg_ails  63.99s / 60.00s / 106.6%
02:05:00 | i 55 | [HAOS ROLL] k=6  λ=0.0  rb  ac_complete  filo  P≈0.000719
02:05:00 | i 55 | [ Summary ] cost=367652.00  Δ_S*=+1.67%  Δ_BKS=+1.83%  Δ_S*_BKS=+0.15%  no_improve=40
02:05:00 | i 56 | [HAOS ROLL] k=8  λ=0.4  vb  ac_complete  filo  P≈0.000510
02:05:01 | i 56 | [Phase 1/3] decompose  0.62s / — / —  λ=0.4  vb ac_complete
02:05:55 | i 56 | [Phase 2/3] route  54.14s / 53.94s / 100.4%  filo  k=8
02:06:04 | i 55 | [ ASYNC BG] bg_ails  64.00s / 60.00s / 106.7%
02:06:04 | i 56 | [HAOS ROLL] k=8  λ=0.4  vb  ac_complete  filo  P≈0.000510
02:06:04 | i 56 | [ Summary ] cost=368287.00  Δ_S*=+1.85%  Δ_BKS=+2.00%  Δ_S*_BKS=+0.15%  no_improve=42
02:06:04 | i 57 | [HAOS ROLL] k=6  λ=0.0  vb  kmeans  filo2  P≈0.000440
02:06:05 | i 57 | [Phase 1/3] decompose  0.45s / — / —  λ=0.0  vb kmeans
02:06:46 | i 57 | [Phase 2/3] route  41.12s / 41.16s / 99.9%  filo2  k=6
02:07:08 | i 56 | [ ASYNC BG] bg_ails  63.96s / 60.00s / 106.6%
02:07:08 | i 57 | [HAOS ROLL] k=6  λ=0.0  vb  kmeans  filo2  P≈0.000440
02:07:08 | i 57 | [ Summary ] cost=367941.00  Δ_S*=+1.75%  Δ_BKS=+1.91%  Δ_S*_BKS=+0.15%  no_improve=44
02:07:08 | i 58 | [HAOS ROLL] k=10  λ=0.2  vb  kmedoids  ails2  P≈0.000636
02:07:09 | i 58 | [Phase 1/3] decompose  0.63s / — / —  λ=0.2  vb kmedoids
02:07:42 | i 58 | [Phase 2/3] route  32.84s / 22.80s / 144.0%  ails2  k=10
02:08:12 | i 57 | [ ASYNC BG] bg_ails  63.96s / 60.00s / 106.6%
02:08:12 | i 58 | [HAOS ROLL] k=10  λ=0.2  vb  kmedoids  ails2  P≈0.000636
02:08:12 | i 58 | [ Summary ] cost=369589.00  Δ_S*=+2.21%  Δ_BKS=+2.36%  Δ_S*_BKS=+0.15%  no_improve=46
02:08:12 | i 59 | [HAOS ROLL] k=3  λ=0.6  vb  kmeans  filo  P≈0.001339
02:08:13 | i 59 | [Phase 1/3] decompose  0.46s / — / —  λ=0.6  vb kmeans
02:09:14 | i 59 | [Phase 2/3] route  61.12s / 61.32s / 99.7%  filo  k=3
02:09:16 | i 58 | [ ASYNC BG] bg_ails  64.12s / 60.00s / 106.9%
02:09:16 | i 59 | [HAOS ROLL] k=3  λ=0.6  vb  kmeans  filo  P≈0.001339
02:09:16 | i 59 | [ Summary ] cost=363709.00  Δ_S*=+0.58%  Δ_BKS=+0.73%  Δ_S*_BKS=+0.15%  no_improve=48
02:09:16 | i 60 | [HAOS ROLL] k=4  λ=0.6  vb  ac_avg  filo  P≈0.000373
02:09:17 | i 60 | [Phase 1/3] decompose  0.67s / — / —  λ=0.6  vb ac_avg
02:10:32 | i 60 | [Phase 2/3] route  75.18s / 75.00s / 100.2%  filo  k=4
02:10:32 | i 59 | [ ASYNC BG] bg_ails  64.01s / 60.00s / 106.7%
02:10:32 | i 60 | [HAOS ROLL] k=4  λ=0.6  vb  ac_avg  filo  P≈0.000373
02:10:32 | i 60 | [ Summary ] cost=366471.00  Δ_S*=+1.35%  Δ_BKS=+1.50%  Δ_S*_BKS=+0.15%  no_improve=50
02:10:32 | i 61 | [HAOS ROLL] k=3  λ=0.6  vb  kmeans  ails2  P≈0.003431
02:10:33 | i 61 | [Phase 1/3] decompose  0.44s / — / —  λ=0.6  vb kmeans
02:11:44 | i 61 | [Phase 2/3] route  70.98s / 69.06s / 102.8%  ails2  k=3
02:11:49 | i 60 | [ ASYNC BG] bg_ails  77.03s / 73.20s / 105.2%
02:11:49 | i 61 | [HAOS ROLL] k=3  λ=0.6  vb  kmeans  ails2  P≈0.003431
02:11:49 | i 61 | [ Summary ] cost=364312.00  Δ_S*=+0.75%  Δ_BKS=+0.90%  Δ_S*_BKS=+0.15%  no_improve=52
02:11:49 | i 50 | [ASYNC 1/2] sp_sc  0.00s / 720.00s / 0.0%  SC
02:11:49 | i 62 | [HAOS ROLL] k=6  λ=0.4  vb  fcm  filo  P≈0.000591
02:11:50 | i 62 | [Phase 1/3] decompose  0.55s / — / —  λ=0.4  vb fcm
02:12:22 | i 62 | [Phase 2/3] route  32.09s / 31.50s / 101.9%  filo  k=6
02:13:00 | i 61 | [ ASYNC BG] bg_ails  71.11s / 67.40s / 105.5%
02:13:00 | i 62 | [HAOS ROLL] k=6  λ=0.4  vb  fcm  filo  P≈0.000591
02:13:00 | i 62 | [ Summary ] cost=368320.00  Δ_S*=+1.86%  Δ_BKS=+2.01%  Δ_S*_BKS=+0.15%  no_improve=54
02:13:00 | i 63 | [HAOS ROLL] k=6  λ=0.8  vb  kmedoids  ails2  P≈0.000884
02:13:01 | i 63 | [Phase 1/3] decompose  0.75s / — / —  λ=0.8  vb kmedoids
02:13:43 | i 63 | [Phase 2/3] route  41.88s / 40.56s / 103.3%  ails2  k=6
02:14:04 | i 62 | [ ASYNC BG] bg_ails  64.04s / 60.00s / 106.7%
02:14:04 | i 63 | [HAOS ROLL] k=6  λ=0.8  vb  kmedoids  ails2  P≈0.000884
02:14:04 | i 63 | [ Summary ] cost=365207.00  Δ_S*=+1.00%  Δ_BKS=+1.15%  Δ_S*_BKS=+0.15%  no_improve=56
02:14:04 | i 64 | [HAOS ROLL] k=2  λ=1.0  vb  kmedoids  filo  P≈0.000542
02:14:05 | i 64 | [Phase 1/3] decompose  0.67s / — / —  λ=1.0  vb kmedoids
02:15:24 | i 64 | [Phase 2/3] route  79.17s / 79.14s / 100.0%  filo  k=2
02:15:24 | i 63 | [ ASYNC BG] bg_ails  64.08s / 60.00s / 106.8%
02:15:25 | i 64 | [HAOS ROLL] k=2  λ=1.0  vb  kmedoids  filo  P≈0.000542
02:15:25 | i 64 | [ Summary ] cost=364459.00  Δ_S*=+0.79%  Δ_BKS=+0.94%  Δ_S*_BKS=+0.15%  no_improve=58
02:15:25 | i 65 | [HAOS ROLL] k=3  λ=0.6  vb  kmedoids  ails2  P≈0.004109
02:15:25 | i 65 | [Phase 1/3] decompose  0.71s / — / —  λ=0.6  vb kmedoids
02:16:27 | i 65 | [Phase 2/3] route  61.85s / 60.84s / 101.7%  ails2  k=3
02:16:45 | i 64 | [ ASYNC BG] bg_ails  81.01s / 77.24s / 104.9%
02:16:46 | i 65 | [HAOS ROLL] k=3  λ=0.6  vb  kmedoids  ails2  P≈0.004109
02:16:46 | i 65 | [ Summary ] cost=363207.00  Δ_S*=+0.44%  Δ_BKS=+0.60%  Δ_S*_BKS=+0.15%  no_improve=60
02:16:46 | i 66 | [HAOS ROLL] k=12  λ=0.6  vb  kmedoids  ails2  P≈0.001799
02:16:46 | i 66 | [Phase 1/3] decompose  0.59s / — / —  λ=0.6  vb kmedoids
02:17:23 | i 66 | [Phase 2/3] route  36.77s / 19.98s / 184.0%  ails2  k=12
02:17:49 | i 65 | [ ASYNC BG] bg_ails  64.04s / 60.00s / 106.7%
02:17:50 | i 66 | [HAOS ROLL] k=12  λ=0.6  vb  kmedoids  ails2  P≈0.001799
02:17:50 | i 66 | [ Summary ] cost=369468.00  Δ_S*=+2.18%  Δ_BKS=+2.33%  Δ_S*_BKS=+0.15%  no_improve=62
02:17:50 | i 67 | [HAOS ROLL] k=3  λ=0.6  vb  ac_complete  filo  P≈0.003364
02:17:50 | i 67 | [Phase 1/3] decompose  0.61s / — / —  λ=0.6  vb ac_complete
02:19:45 | i 67 | [Phase 2/3] route  115.27s / 115.32s / 100.0%  filo  k=3
02:19:45 | i 66 | [ ASYNC BG] bg_ails  63.83s / 60.00s / 106.4%
02:19:46 | i 67 | [HAOS ROLL] k=3  λ=0.6  vb  ac_complete  filo  P≈0.003364
02:19:46 | i 67 | [ Summary ] cost=364744.00  Δ_S*=+0.87%  Δ_BKS=+1.02%  Δ_S*_BKS=+0.15%  no_improve=64
02:19:46 | i 68 | [HAOS ROLL] k=10  λ=0.6  vb  kmedoids  filo2  P≈0.000812
02:19:46 | i 68 | [Phase 1/3] decompose  0.61s / — / —  λ=0.6  vb kmedoids
02:20:17 | i 68 | [Phase 2/3] route  30.12s / 26.04s / 115.7%  filo2  k=10
02:21:42 | i 67 | [ ASYNC BG] bg_ails  116.08s / 112.55s / 103.1%
02:21:42 | i 68 | [HAOS ROLL] k=10  λ=0.6  vb  kmedoids  filo2  P≈0.000812
02:21:42 | i 68 | [ Summary ] cost=372036.00  Δ_S*=+2.89%  Δ_BKS=+3.04%  Δ_S*_BKS=+0.15%  no_improve=66
02:21:42 | i 69 | [HAOS ROLL] k=3  λ=0.8  vb  ac_avg  filo  P≈0.001108
02:21:42 | i 69 | [Phase 1/3] decompose  0.64s / — / —  λ=0.8  vb ac_avg
02:24:11 | i 69 | [Phase 2/3] route  148.43s / 147.66s / 100.5%  filo  k=3
02:24:11 | i 68 | [ ASYNC BG] bg_ails  64.04s / 60.00s / 106.7%
02:24:11 | i 69 | [HAOS ROLL] k=3  λ=0.8  vb  ac_avg  filo  P≈0.001108
02:24:11 | i 69 | [ Summary ] cost=365722.00  Δ_S*=+1.14%  Δ_BKS=+1.29%  Δ_S*_BKS=+0.15%  no_improve=68
02:24:11 | i 70 | [HAOS ROLL] k=2  λ=0.6  vb  ac_avg  ails2  P≈0.001569
02:24:12 | i 70 | [Phase 1/3] decompose  0.64s / — / —  λ=0.6  vb ac_avg
02:26:44 | i 70 | [Phase 2/3] route  152.06s / 149.22s / 101.9%  ails2  k=2
02:26:44 | i 69 | [ ASYNC BG] bg_ails  148.07s / 144.12s / 102.7%
02:26:44 | i 70 | [HAOS ROLL] k=2  λ=0.6  vb  ac_avg  ails2  P≈0.001569
02:26:44 | i 70 | [ Summary ] cost=363146.00  Δ_S*=+0.43%  Δ_BKS=+0.58%  Δ_S*_BKS=+0.15%  no_improve=70
02:26:44 | i 67 | [ASYNC 1/2] sp_sc  36.48s / 720.00s / 5.1%  SP  avg_coverage=51.95/5  pool=10000
02:26:44 | i 67 | [ASYNC 2/2] standard_ails  363.45s / 360.00s / 101.0%
02:27:28 | i 71 | [HAOS ROLL] k=6  λ=0.6  vb  kmedoids  pyvrp  P≈0.001637
02:27:28 | i 71 | [Phase 1/3] decompose  0.64s / — / —  λ=0.6  vb kmedoids
02:28:10 | i 71 | [Phase 2/3] route  41.45s / 39.84s / 104.0%  pyvrp  k=6
02:29:13 | i 70 | [ ASYNC BG] bg_ails  149.11s / 145.64s / 102.4%
02:29:13 | i 71 | [HAOS ROLL] k=6  λ=0.6  vb  kmedoids  pyvrp  P≈0.001637
02:29:13 | i 71 | [ Summary ] cost=371801.00  Δ_S*=+2.82%  Δ_BKS=+2.98%  Δ_S*_BKS=+0.15%  no_improve=73
02:29:13 | i 72 | [HAOS ROLL] k=6  λ=0.6  vb  fcm  filo  P≈0.001134
02:29:14 | i 72 | [Phase 1/3] decompose  0.52s / — / —  λ=0.6  vb fcm
02:29:45 | i 72 | [Phase 2/3] route  31.11s / 31.44s / 98.9%  filo  k=6
02:30:17 | i 71 | [ ASYNC BG] bg_ails  64.06s / 60.00s / 106.8%
02:30:17 | i 72 | [HAOS ROLL] k=6  λ=0.6  vb  fcm  filo  P≈0.001134
02:30:17 | i 72 | [ Summary ] cost=366715.00  Δ_S*=+1.41%  Δ_BKS=+1.57%  Δ_S*_BKS=+0.15%  no_improve=75
02:30:17 | i 73 | [HAOS ROLL] k=6  λ=1.0  vb  ac_complete  filo  P≈0.001496
02:30:18 | i 73 | [Phase 1/3] decompose  0.62s / — / —  λ=1.0  vb ac_complete
02:31:46 | i 73 | [Phase 2/3] route  88.20s / 88.20s / 100.0%  filo  k=6
02:31:46 | i 72 | [ ASYNC BG] bg_ails  64.16s / 60.00s / 106.9%
02:31:47 | i 73 | [HAOS ROLL] k=6  λ=1.0  vb  ac_complete  filo  P≈0.001496
02:31:47 | i 73 | [ Summary ] cost=366665.00  Δ_S*=+1.40%  Δ_BKS=+1.55%  Δ_S*_BKS=+0.15%  no_improve=77
02:31:47 | i 74 | [HAOS ROLL] k=2  λ=0.8  rb  ac_avg  ails2  P≈0.000518
02:31:47 | i 74 | [Phase 1/3] decompose  0.43s / — / —  λ=0.8  rb ac_avg
02:34:17 | i 74 | [Phase 2/3] route  150.01s / 147.54s / 101.7%  ails2  k=2
02:34:17 | i 73 | [ ASYNC BG] bg_ails  90.06s / 86.08s / 104.6%
02:34:17 | i 74 | [HAOS ROLL] k=2  λ=0.8  rb  ac_avg  ails2  P≈0.000518
02:34:17 | i 74 | [ Summary ] cost=362550.00  Δ_S*=+0.26%  Δ_BKS=+0.41%  Δ_S*_BKS=+0.15%  no_improve=79
02:34:17 | i 75 | [HAOS ROLL] k=6  λ=0.6  vb  kmedoids  ails2  P≈0.006622
02:34:18 | i 75 | [Phase 1/3] decompose  0.66s / — / —  λ=0.6  vb kmedoids
02:34:59 | i 75 | [Phase 2/3] route  40.87s / 39.84s / 102.6%  ails2  k=6
02:36:44 | i 74 | [ ASYNC BG] bg_ails  146.99s / 144.00s / 102.1%
02:36:44 | i 75 | [HAOS ROLL] k=6  λ=0.6  vb  kmedoids  ails2  P≈0.006622
02:36:45 | i 75 | [ Summary ] cost=366686.00  Δ_S*=+1.41%  Δ_BKS=+1.56%  Δ_S*_BKS=+0.15%  no_improve=81
02:36:45 | i 76 | [HAOS ROLL] k=2  λ=0.0  rb  kmeans  filo  P≈0.000521
02:36:45 | i 76 | [Phase 1/3] decompose  0.33s / — / —  λ=0.0  rb kmeans
02:38:02 | i 76 | [Phase 2/3] route  77.16s / 77.22s / 99.9%  filo  k=2
02:38:02 | i 75 | [ ASYNC BG] bg_ails  64.03s / 60.00s / 106.7%
02:38:02 | i 76 | [HAOS ROLL] k=2  λ=0.0  rb  kmeans  filo  P≈0.000521
02:38:03 | i 76 | [ Summary ] cost=364571.00  Δ_S*=+0.82%  Δ_BKS=+0.97%  Δ_S*_BKS=+0.15%  no_improve=83
02:38:03 | i 77 | [HAOS ROLL] k=4  λ=1.0  vb  ac_avg  ails2  P≈0.001122
02:38:03 | i 77 | [Phase 1/3] decompose  0.60s / — / —  λ=1.0  vb ac_avg
02:40:29 | i 77 | [Phase 2/3] route  146.10s / 143.22s / 102.0%  ails2  k=4
02:40:29 | i 76 | [ ASYNC BG] bg_ails  78.97s / 75.37s / 104.8%
02:40:30 | i 77 | [HAOS ROLL] k=4  λ=1.0  vb  ac_avg  ails2  P≈0.001122
02:40:30 | i 77 | [ Summary ] cost=365579.00  Δ_S*=+1.10%  Δ_BKS=+1.25%  Δ_S*_BKS=+0.15%  no_improve=85
02:40:30 | i 78 | [HAOS ROLL] k=10  λ=0.2  rb  kmeans  ails2  P≈0.000448
02:40:30 | i 78 | [Phase 1/3] decompose  0.44s / — / —  λ=0.2  rb kmeans
02:41:07 | i 78 | [Phase 2/3] route  36.96s / 22.62s / 163.4%  ails2  k=10
02:42:52 | i 77 | [ ASYNC BG] bg_ails  143.09s / 139.78s / 102.4%
02:42:53 | i 78 | [HAOS ROLL] k=10  λ=0.2  rb  kmeans  ails2  P≈0.000448
02:42:53 | i 78 | [ Summary ] cost=361661.00  Δ_S*=+0.02%  Δ_BKS=+0.17%  Δ_S*_BKS=+0.15%  no_improve=87
02:42:53 | i 79 | [HAOS ROLL] k=3  λ=0.6  rb  kmeans  ails2  P≈0.003925
02:42:53 | i 79 | [Phase 1/3] decompose  0.45s / — / —  λ=0.6  rb kmeans
02:44:06 | i 79 | [Phase 2/3] route  72.97s / 71.76s / 101.7%  ails2  k=3
02:44:06 | i 78 | [ ASYNC BG] bg_ails  63.98s / 60.00s / 106.6%
02:44:06 | i 79 | [HAOS ROLL] k=3  λ=0.6  rb  kmeans  ails2  P≈0.003925
02:44:07 | i 79 | [ Summary ] cost=363249.00  Δ_S*=+0.46%  Δ_BKS=+0.61%  Δ_S*_BKS=+0.15%  no_improve=89
02:44:07 | i 80 | [HAOS ROLL] k=2  λ=1.0  vb  ac_avg  filo2  P≈0.000646
02:44:07 | i 80 | [Phase 1/3] decompose  0.62s / — / —  λ=1.0  vb ac_avg
02:46:37 | i 80 | [Phase 2/3] route  149.42s / 149.28s / 100.1%  filo2  k=2
02:46:37 | i 79 | [ ASYNC BG] bg_ails  74.08s / 70.04s / 105.8%
02:46:37 | i 80 | [HAOS ROLL] k=2  λ=1.0  vb  ac_avg  filo2  P≈0.000646
02:46:37 | i 80 | [ Summary ] cost=363473.00  Δ_S*=+0.52%  Δ_BKS=+0.67%  Δ_S*_BKS=+0.15%  no_improve=91
02:46:37 | i — | [  FINAL  ] async BG-AILS totals launched=79 applied=79 adopted=2 launch_skipped_cap=1 crashes=0 discarded_in_flight=False block_wait_total_s=1510.9
02:47:07 | i — | [  FINAL  ] async SP/SC totals invocations=6 adopted=2 skipped=0 discarded_in_flight=True sp_busy_frac=0.5590267091483773
02:47:07 | i — | [  FINAL  ] ════════════════════════════════════════
02:47:07 | i — | [  FINAL  ] Run complete  iterations=80  elapsed=02:01:16  best=361601.00
02:47:07 | i — | [  FINAL  ] Δ_BKS=+0.15%  no_improve_stop=False  time_stop=True  cancelled=False
02:47:07 | i — | [  FINAL  ] 
02:47:07 | i — | [  FINAL  ] [BEST SOLUTION — HAOS TAG SUMMARY]
02:47:07 | i — | [  FINAL  ] ────────────────────────────────────────
02:47:07 | i — | [  FINAL  ]   4 routes  rb  ac_complete  k=3  λ=1.0  solver=ails2
02:47:07 | i — | [  FINAL  ]   4 routes  vb  kmedoids  k=3  λ=1.0  solver=filo2
02:47:07 | i — | [  FINAL  ]   2 routes  vb  ac_complete  k=8  λ=0.6  solver=ails2
02:47:07 | i — | [  FINAL  ]   1 routes  vb  ac_avg  k=2  λ=0.8  solver=filo2
02:47:07 | i — | [  FINAL  ]   1 routes  vb  kmeans  k=2  λ=0.6  solver=ails2
02:47:07 | i — | [  FINAL  ]   1 routes  vb  kmedoids  k=8  λ=0.8  solver=filo
02:47:07 | i — | [  FINAL  ]   1 routes  rb  kmeans  k=12  λ=1.0  solver=ails2
02:47:07 | i — | [  FINAL  ]   1 routes  vb  ac_complete  k=2  λ=1.0  solver=filo
02:47:07 | i — | [  FINAL  ]   1 routes  vb  ac_avg  k=4  λ=0.2  solver=ails2
02:47:07 | i — | [  FINAL  ]   1 routes  vb  kmeans  k=4  λ=0.6  solver=ails2
02:47:07 | i — | [  FINAL  ]   1 routes  rb  ac_complete  k=2  λ=0.2  solver=ails2
02:47:07 | i — | [  FINAL  ]   1 routes  vb  ac_avg  k=8  λ=1.0  solver=filo
02:47:07 | i — | [  FINAL  ]   1 routes  vb  kmeans  k=8  λ=1.0  solver=filo
02:47:07 | i — | [  FINAL  ]   1 routes  vb  fcm  k=2  λ=0.6  solver=ails2
02:47:07 | i — | [  FINAL  ]   1 routes  rb  kmeans  k=8  λ=1.0  solver=ails2
02:47:07 | i — | [  FINAL  ]   172 routes  post-SP/SC improvement
02:47:07 | i — | [  FINAL  ] 
02:47:07 | i — | [  FINAL  ] [ROUTE POOL — HAOS TAG SUMMARY]
02:47:07 | i — | [  FINAL  ] ────────────────────────────────────────
02:47:07 | i — | [  FINAL  ]   568 routes  vb  ac_complete  k=6  λ=1.0  solver=filo
02:47:07 | i — | [  FINAL  ]   565 routes  vb  kmedoids  k=6  λ=0.6  solver=ails2
02:47:07 | i — | [  FINAL  ]   431 routes  rb  kmeans  k=3  λ=0.6  solver=ails2
02:47:07 | i — | [  FINAL  ]   373 routes  vb  kmedoids  k=6  λ=0.6  solver=pyvrp
02:47:07 | i — | [  FINAL  ]   372 routes  vb  fcm  k=6  λ=0.6  solver=filo
02:47:07 | i — | [  FINAL  ]   370 routes  rb  kmeans  k=2  λ=0.0  solver=filo
02:47:07 | i — | [  FINAL  ]   363 routes  vb  ac_avg  k=4  λ=1.0  solver=ails2
02:47:07 | i — | [  FINAL  ]   357 routes  rb  ac_avg  k=2  λ=0.8  solver=ails2
02:47:07 | i — | [  FINAL  ]   354 routes  vb  ac_complete  k=3  λ=0.8  solver=ails2
02:47:07 | i — | [  FINAL  ]   246 routes  rb  kmeans  k=12  λ=0.0  solver=pyvrp
02:47:07 | i — | [  FINAL  ]   221 routes  vb  ac_avg  k=4  λ=0.6  solver=filo
02:47:07 | i — | [  FINAL  ]   221 routes  vb  kmedoids  k=2  λ=1.0  solver=filo
02:47:07 | i — | [  FINAL  ]   213 routes  vb  kmeans  k=3  λ=0.6  solver=filo
02:47:07 | i — | [  FINAL  ]   210 routes  vb  kmedoids  k=10  λ=0.2  solver=ails2
02:47:07 | i — | [  FINAL  ]   209 routes  vb  kmeans  k=6  λ=0.0  solver=filo2
02:47:07 | i — | [  FINAL  ]   208 routes  rb  ac_complete  k=6  λ=0.2  solver=filo2
02:47:07 | i — | [  FINAL  ]   205 routes  vb  fcm  k=6  λ=0.4  solver=filo
02:47:07 | i — | [  FINAL  ]   205 routes  vb  kmedoids  k=6  λ=0.8  solver=ails2
02:47:07 | i — | [  FINAL  ]   205 routes  vb  kmedoids  k=12  λ=0.6  solver=ails2
02:47:07 | i — | [  FINAL  ]   202 routes  vb  kmedoids  k=2  λ=0.4  solver=filo2
02:47:07 | i — | [  FINAL  ]   201 routes  vb  ac_avg  k=2  λ=0.6  solver=ails2
02:47:07 | i — | [  FINAL  ]   199 routes  rb  ac_complete  k=6  λ=0.0  solver=filo
02:47:07 | i — | [  FINAL  ]   197 routes  vb  ac_avg  k=3  λ=0.6  solver=filo
02:47:07 | i — | [  FINAL  ]   197 routes  rb  ac_complete  k=3  λ=0.0  solver=filo2
02:47:07 | i — | [  FINAL  ]   196 routes  rb  ac_avg  k=8  λ=0.6  solver=filo
02:47:07 | i — | [  FINAL  ]   194 routes  vb  ac_avg  k=10  λ=0.8  solver=filo
02:47:07 | i — | [  FINAL  ]   192 routes  vb  ac_complete  k=8  λ=0.4  solver=filo
02:47:07 | i — | [  FINAL  ]   189 routes  vb  kmedoids  k=3  λ=0.2  solver=ails2
02:47:07 | i — | [  FINAL  ]   185 routes  vb  fcm  k=10  λ=0.2  solver=ails2
02:47:07 | i — | [  FINAL  ]   184 routes  vb  ac_complete  k=3  λ=1.0  solver=ails2
02:47:07 | i — | [  FINAL  ]   183 routes  vb  kmedoids  k=3  λ=0.6  solver=ails2
02:47:07 | i — | [  FINAL  ]   183 routes  vb  ac_avg  k=2  λ=1.0  solver=filo2
02:47:07 | i — | [  FINAL  ]   181 routes  rb  ac_complete  k=8  λ=0.2  solver=filo
02:47:07 | i — | [  FINAL  ]   180 routes  vb  kmeans  k=3  λ=0.6  solver=ails2
02:47:07 | i — | [  FINAL  ]   168 routes  rb  kmeans  k=10  λ=0.0  solver=ails2
02:47:07 | i — | [  FINAL  ]   162 routes  rb  ac_avg  k=6  λ=0.2  solver=ails2
02:47:07 | i — | [  FINAL  ]   144 routes  rb  kmeans  k=10  λ=0.2  solver=ails2
02:47:07 | i — | [  FINAL  ]   142 routes  vb  ac_complete  k=3  λ=0.6  solver=filo
02:47:07 | i — | [  FINAL  ]   107 routes  vb  ac_complete  k=10  λ=1.0  solver=ails2
02:47:07 | i — | [  FINAL  ]   72 routes  rb  kmeans  k=12  λ=1.0  solver=ails2
02:47:07 | i — | [  FINAL  ]   46 routes  vb  kmedoids  k=10  λ=0.6  solver=filo2
02:47:07 | i — | [  FINAL  ]   43 routes  vb  ac_avg  k=3  λ=0.8  solver=filo
02:47:07 | i — | [  FINAL  ]   4 routes  rb  ac_complete  k=3  λ=1.0  solver=ails2
02:47:07 | i — | [  FINAL  ]   4 routes  vb  kmedoids  k=3  λ=1.0  solver=filo2
02:47:07 | i — | [  FINAL  ]   2 routes  vb  ac_complete  k=8  λ=0.6  solver=ails2
02:47:07 | i — | [  FINAL  ]   1 routes  vb  ac_avg  k=8  λ=1.0  solver=filo
02:47:07 | i — | [  FINAL  ]   1 routes  vb  ac_avg  k=2  λ=0.8  solver=filo2
02:47:07 | i — | [  FINAL  ]   1 routes  vb  ac_complete  k=2  λ=1.0  solver=filo
02:47:07 | i — | [  FINAL  ]   1 routes  vb  kmeans  k=4  λ=0.6  solver=ails2
02:47:07 | i — | [  FINAL  ]   1 routes  vb  ac_avg  k=4  λ=0.2  solver=ails2
02:47:07 | i — | [  FINAL  ]   1 routes  vb  kmeans  k=8  λ=1.0  solver=filo
02:47:07 | i — | [  FINAL  ]   1 routes  rb  kmeans  k=8  λ=1.0  solver=ails2
02:47:07 | i — | [  FINAL  ]   1 routes  vb  kmedoids  k=8  λ=0.8  solver=filo
02:47:07 | i — | [  FINAL  ]   1 routes  rb  ac_complete  k=2  λ=0.2  solver=ails2
02:47:07 | i — | [  FINAL  ]   1 routes  vb  kmeans  k=2  λ=0.6  solver=ails2
02:47:07 | i — | [  FINAL  ]   1 routes  vb  fcm  k=2  λ=0.6  solver=ails2
02:47:07 | i — | [  FINAL  ]   336 routes  post-SP/SC improvement
02:47:07 | i — | [  FINAL  ] ════════════════════════════════════════
