22:44:08 | i — | [  INIT   ] ════════════════════════════════════════
22:44:08 | i — | [  INIT   ] DRISPI  instance=X-n2214-k131  n=2213  capacity=17
22:44:08 | i — | [  INIT   ] k domain (computed at init): [2, 3, 4, 6, 8, 10, 12]  k_ext=8  k_min=131  k_ext_bound=n_bound  spacing_rejected=0
22:44:08 | i — | [  INIT   ] ══════════════════════════════════════════════════════
22:44:08 | i — | [  INIT   ] CONFIGURATION
22:44:08 | i — | [  INIT   ] ── stopping ────────────────────────────────
22:44:08 | i — | [  INIT   ]   time_limit                  = 7200.0
22:44:08 | i — | [  INIT   ]   max_no_improve              = 1000000000
22:44:08 | i — | [  INIT   ] ── parallelism ─────────────────────────────
22:44:08 | i — | [  INIT   ]   n_workers                   = 8
22:44:08 | i — | [  INIT   ] ── cores ───────────────────────────────────
22:44:08 | i — | [  INIT   ]   cores_total                 = 8
22:44:08 | i — | [  INIT   ]   cores_dri                   = 6
22:44:08 | i — | [  INIT   ]   cores_bg                    = 1
22:44:08 | i — | [  INIT   ]   cores_sp                    = 1
22:44:08 | i — | [  INIT   ]   cores_cpu_list              = None
22:44:08 | i — | [  INIT   ] ── sp/sc ───────────────────────────────────
22:44:08 | i — | [  INIT   ]   sp_sc_mode                  = async
22:44:08 | i — | [  INIT   ]   sp_sc_trigger               = wallclock
22:44:08 | i — | [  INIT   ]   interval_minutes            = 20.0
22:44:08 | i — | [  INIT   ]   overlap_policy              = skip
22:44:08 | i — | [  INIT   ]   warmup_iterations           = 5
22:44:08 | i — | [  INIT   ]   sp_interval                 = 3
22:44:08 | i — | [  INIT   ]   min_coverage                = 5
22:44:08 | i — | [  INIT   ]   sp_time_limit               = 720.0
22:44:08 | i — | [  INIT   ]   mip_gap                     = 0.00025
22:44:08 | i — | [  INIT   ] ── decomposition ───────────────────────────
22:44:08 | i — | [  INIT   ]   decomp_k_base_arms          = [2, 3, 4, 6, 8, 10, 12]
22:44:08 | i — | [  INIT   ]   decomp_k_max_arms           = 10
22:44:08 | i — | [  INIT   ]   decomp_k_ext_per_1000       = 4
22:44:08 | i — | [  INIT   ]   decomp_k_min_routes_per_cluster= 8
22:44:08 | i — | [  INIT   ]   decomp_k_min_arm_spacing    = 2
22:44:08 | i — | [  INIT   ]   subcluster_rate_s_per_customer= 0.06
22:44:08 | i — | [  INIT   ]   subcluster_floor_s          = 5.0
22:44:08 | i — | [  INIT   ] ── bg_ails ─────────────────────────────────
22:44:08 | i — | [  INIT   ]   bg_ails_mode                = async
22:44:08 | i — | [  INIT   ]   bg_ails_crash_threshold     = 1
22:44:08 | i — | [  INIT   ]   bg_ails_budget_mode         = predicted_dr_wall
22:44:08 | i — | [  INIT   ]   bg_ails_budget_floor_s      = 60.0
22:44:08 | i — | [  INIT   ]   bg_ails_budget_margin       = 1.0
22:44:08 | i — | [  INIT   ]   bg_ails_wall_model_scale    = 0.976
22:44:08 | i — | [  INIT   ]   bg_ails_wall_model_wave_exponent= -0.18
22:44:08 | i — | [  INIT   ]   bg_ails_initial_omega       = 10
22:44:08 | i — | [  INIT   ]   bg_ails_boundary_threshold  = 0.5
22:44:08 | i — | [  INIT   ]   bg_ails_small_cluster_cap   = 20
22:44:08 | i — | [  INIT   ]   bg_ails_small_cluster_alpha = 0.5
22:44:08 | i — | [  INIT   ]   bg_ails_pair_selection      = greedy
22:44:08 | i — | [  INIT   ]   bg_ails_n_chains_mode       = k
22:44:08 | i — | [  INIT   ] ── standard_improvement ────────────────────
22:44:08 | i — | [  INIT   ]   standard_improvement_time_limit= 360.0
22:44:08 | i — | [  INIT   ] ── pool ────────────────────────────────────
22:44:08 | i — | [  INIT   ]   max_pool_size               = 10000
22:44:08 | i — | [  INIT   ]   pool_diversity_weight       = 0.5
22:44:08 | i — | [  INIT   ] ── haos ────────────────────────────────────
22:44:08 | i — | [  INIT   ]   haos_decay                  = 0.95
22:44:08 | i — | [  INIT   ]   haos_warmup                 = 10
22:44:08 | i — | [  INIT   ]   haos_starting_weight        = 10.0
22:44:08 | i — | [  INIT   ]   haos_min_weight_k           = 0.025
22:44:08 | i — | [  INIT   ]   haos_min_weight_lambda      = 0.05
22:44:08 | i — | [  INIT   ]   haos_min_weight_paradigm    = 0.1
22:44:08 | i — | [  INIT   ]   haos_min_weight_vertex_method= 0.05
22:44:08 | i — | [  INIT   ]   haos_min_weight_route_method= 0.05
22:44:08 | i — | [  INIT   ]   haos_min_weight_solver      = 0.05
22:44:08 | i — | [  INIT   ]   haos_lambda_demand_values   = [0.0, 0.2, 0.4, 0.6, 0.8, 1.0]
22:44:08 | i — | [  INIT   ]   haos_paradigm_values        = ['vertex', 'route']
22:44:08 | i — | [  INIT   ]   haos_vertex_method_values   = ['kmeans', 'agglomerative_avg', 'agglomerative_complete', 'kmedoids', 'fcm']
22:44:08 | i — | [  INIT   ]   haos_route_method_values    = ['kmeans', 'agglomerative_avg', 'agglomerative_complete']
22:44:08 | i — | [  INIT   ]   haos_solver_values          = ['pyvrp', 'filo', 'filo2', 'ails2']
22:44:08 | i — | [  INIT   ] ── haos_rewards ────────────────────────────
22:44:08 | i — | [  INIT   ]   haos_reward_new_best        = 10.0
22:44:08 | i — | [  INIT   ]   haos_reward_improvement     = 4.0
22:44:08 | i — | [  INIT   ]   haos_reward_no_improvement  = 1.0
22:44:08 | i — | [  INIT   ]   haos_reward_no_solution     = 0.0
22:44:08 | i — | [  INIT   ]   haos_deferred_new_best      = 7.0
22:44:08 | i — | [  INIT   ]   haos_deferred_improvement   = 3.0
22:44:08 | i — | [  INIT   ]   haos_deferred_no_improvement= 0.0
22:44:08 | i — | [  INIT   ] ── seed ────────────────────────────────────
22:44:08 | i — | [  INIT   ]   seed                        = 30
22:44:08 | i — | [  INIT   ] ── output ──────────────────────────────────
22:44:08 | i — | [  INIT   ]   output_dir                  = /app/artifacts/final_benchmark/runs/X-n2214-k131/seed30
22:44:08 | i — | [  INIT   ]   run_analysis                = False
22:44:08 | i — | [  INIT   ] ══════════════════════════════════════════════════════
22:44:08 | i — | [  INIT   ] BKS=154652.00
22:44:08 | i — | [  INIT   ] ════════════════════════════════════════
22:44:08 | i 1 | [HAOS ROLL] k=8  λ=1.0  vb  ac_avg  filo  P≈0.000595
22:44:12 | i 1 | [Phase 1/3] decompose  4.14s / — / —  λ=1.0  vb ac_avg
22:44:49 | i 1 | [Phase 2/3] route  36.37s / 35.58s / 102.2%  filo  k=8
22:44:49 | i 1 | [ IMPROVE ] 158736.00  via decompose_route  ·  Δ_BKS=+2.64%
22:44:49 | i 1 | [HAOS ROLL] k=8  λ=1.0  vb  ac_avg  filo  P≈0.000595
22:44:49 | i 1 | [ Summary ] cost=158736.00  Δ_S*=+0.00%  Δ_BKS=+2.64%  Δ_S*_BKS=+2.64%  no_improve=0
22:44:49 | i 2 | [HAOS ROLL] k=3  λ=1.0  rb  ac_complete  ails2  P≈0.000992
22:44:49 | i 2 | [Phase 1/3] decompose  0.41s / — / —  λ=1.0  rb ac_complete
22:46:13 | i 2 | [Phase 2/3] route  84.10s / 82.14s / 102.4%  ails2  k=3
22:46:13 | i 1 | [ IMPROVE ] 155147.00  via bg_ails  ·  Δ_BKS=+0.32%
22:46:13 | i 1 | [ ASYNC BG] bg_ails  63.93s / 60.00s / 106.6%
22:46:13 | i 2 | [HAOS ROLL] k=3  λ=1.0  rb  ac_complete  ails2  P≈0.000992
22:46:13 | i 2 | [ Summary ] cost=155767.00  Δ_S*=+0.40%  Δ_BKS=+0.72%  Δ_S*_BKS=+0.32%  no_improve=1
22:46:13 | i 3 | [HAOS ROLL] k=10  λ=0.4  vb  ac_complete  filo2  P≈0.000595
22:46:14 | i 3 | [Phase 1/3] decompose  0.52s / — / —  λ=0.4  vb ac_complete
22:46:44 | i 3 | [Phase 2/3] route  30.10s / 26.22s / 114.8%  filo2  k=10
22:47:37 | i 2 | [ IMPROVE ] 155037.00  via bg_ails  ·  Δ_BKS=+0.25%
22:47:37 | i 2 | [ ASYNC BG] bg_ails  83.64s / 80.17s / 104.3%
22:47:37 | i 3 | [HAOS ROLL] k=10  λ=0.4  vb  ac_complete  filo2  P≈0.000595
22:47:37 | i 3 | [ Summary ] cost=160824.00  Δ_S*=+3.73%  Δ_BKS=+3.99%  Δ_S*_BKS=+0.25%  no_improve=1
22:47:37 | i 4 | [HAOS ROLL] k=10  λ=0.8  vb  fcm  ails2  P≈0.000595
22:47:38 | i 4 | [Phase 1/3] decompose  0.60s / — / —  λ=0.8  vb fcm
22:48:08 | i 4 | [Phase 2/3] route  30.82s / 16.98s / 181.5%  ails2  k=10
22:48:41 | i 3 | [ IMPROVE ] 155025.00  via bg_ails  ·  Δ_BKS=+0.24%
22:48:41 | i 3 | [ ASYNC BG] bg_ails  63.71s / 60.00s / 106.2%
22:48:41 | i 4 | [HAOS ROLL] k=10  λ=0.8  vb  fcm  ails2  P≈0.000595
22:48:41 | i 4 | [ Summary ] cost=159522.00  Δ_S*=+2.90%  Δ_BKS=+3.15%  Δ_S*_BKS=+0.24%  no_improve=1
22:48:41 | i 5 | [HAOS ROLL] k=3  λ=0.8  vb  ac_complete  ails2  P≈0.000595
22:48:41 | i 5 | [Phase 1/3] decompose  0.55s / — / —  λ=0.8  vb ac_complete
22:49:37 | i 5 | [Phase 2/3] route  55.88s / 54.48s / 102.6%  ails2  k=3
22:49:44 | i 4 | [ IMPROVE ] 155000.00  via bg_ails  ·  Δ_BKS=+0.23%
22:49:44 | i 4 | [ ASYNC BG] bg_ails  63.58s / 60.00s / 106.0%
22:49:44 | i 5 | [HAOS ROLL] k=3  λ=0.8  vb  ac_complete  ails2  P≈0.000595
22:49:44 | i 5 | [ Summary ] cost=155974.00  Δ_S*=+0.63%  Δ_BKS=+0.85%  Δ_S*_BKS=+0.23%  no_improve=1
22:49:44 | i 6 | [HAOS ROLL] k=2  λ=0.0  rb  kmeans  filo  P≈0.000992
22:49:45 | i 6 | [Phase 1/3] decompose  0.35s / — / —  λ=0.0  rb kmeans
22:51:04 | i 6 | [Phase 2/3] route  79.16s / 78.54s / 100.8%  filo  k=2
22:51:04 | i 5 | [ ASYNC BG] bg_ails  63.61s / 60.00s / 106.0%
22:51:04 | i 6 | [HAOS ROLL] k=2  λ=0.0  rb  kmeans  filo  P≈0.000992
22:51:04 | i 6 | [ Summary ] cost=155241.00  Δ_S*=+0.16%  Δ_BKS=+0.38%  Δ_S*_BKS=+0.23%  no_improve=3
22:51:04 | i 7 | [HAOS ROLL] k=10  λ=0.6  rb  ac_avg  filo  P≈0.000992
22:51:04 | i 7 | [Phase 1/3] decompose  0.42s / — / —  λ=0.6  rb ac_avg
22:51:39 | i 7 | [Phase 2/3] route  35.09s / 34.68s / 101.2%  filo  k=10
22:52:23 | i 6 | [ ASYNC BG] bg_ails  79.51s / 76.66s / 103.7%
22:52:23 | i 7 | [HAOS ROLL] k=10  λ=0.6  rb  ac_avg  filo  P≈0.000992
22:52:23 | i 7 | [ Summary ] cost=155041.00  Δ_S*=+0.03%  Δ_BKS=+0.25%  Δ_S*_BKS=+0.23%  no_improve=5
22:52:23 | i 8 | [HAOS ROLL] k=6  λ=0.6  rb  ac_complete  filo  P≈0.000992
22:52:24 | i 8 | [Phase 1/3] decompose  0.44s / — / —  λ=0.6  rb ac_complete
22:53:00 | i 8 | [Phase 2/3] route  36.10s / 35.70s / 101.1%  filo  k=6
22:53:27 | i 7 | [ ASYNC BG] bg_ails  63.69s / 60.00s / 106.1%
22:53:27 | i 8 | [HAOS ROLL] k=6  λ=0.6  rb  ac_complete  filo  P≈0.000992
22:53:27 | i 8 | [ Summary ] cost=155014.00  Δ_S*=+0.01%  Δ_BKS=+0.23%  Δ_S*_BKS=+0.23%  no_improve=7
22:53:27 | i 9 | [HAOS ROLL] k=10  λ=0.8  vb  ac_avg  ails2  P≈0.000595
22:53:28 | i 9 | [Phase 1/3] decompose  0.57s / — / —  λ=0.8  vb ac_avg
22:54:12 | i 9 | [Phase 2/3] route  44.29s / 29.58s / 149.7%  ails2  k=10
22:54:31 | i 8 | [ IMPROVE ] 154921.00  via bg_ails  ·  Δ_BKS=+0.17%
22:54:31 | i 8 | [ ASYNC BG] bg_ails  63.75s / 60.00s / 106.3%
22:54:31 | i 9 | [HAOS ROLL] k=10  λ=0.8  vb  ac_avg  ails2  P≈0.000595
22:54:31 | i 9 | [ Summary ] cost=159852.00  Δ_S*=+3.18%  Δ_BKS=+3.36%  Δ_S*_BKS=+0.17%  no_improve=1
22:54:31 | i 10 | [HAOS ROLL] k=10  λ=0.4  rb  ac_avg  filo  P≈0.000992
22:54:31 | i 10 | [Phase 1/3] decompose  0.43s / — / —  λ=0.4  rb ac_avg
22:55:03 | i 10 | [Phase 2/3] route  32.10s / 31.62s / 101.5%  filo  k=10
22:55:35 | i 9 | [ ASYNC BG] bg_ails  63.78s / 60.00s / 106.3%
22:55:35 | i 10 | [HAOS ROLL] k=10  λ=0.4  rb  ac_avg  filo  P≈0.000992
22:55:35 | i 10 | [ Summary ] cost=155009.00  Δ_S*=+0.06%  Δ_BKS=+0.23%  Δ_S*_BKS=+0.17%  no_improve=3
22:55:35 | i 11 | [HAOS ROLL] k=2  λ=0.8  vb  ac_avg  filo2  P≈0.000595
22:55:35 | i 11 | [Phase 1/3] decompose  0.60s / — / —  λ=0.8  vb ac_avg
22:56:57 | i 11 | [Phase 2/3] route  82.17s / 82.14s / 100.0%  filo2  k=2
22:56:57 | i 10 | [ ASYNC BG] bg_ails  63.76s / 60.00s / 106.3%
22:56:57 | i 11 | [HAOS ROLL] k=2  λ=0.8  vb  ac_avg  filo2  P≈0.000595
22:56:57 | i 11 | [ Summary ] cost=155258.00  Δ_S*=+0.22%  Δ_BKS=+0.39%  Δ_S*_BKS=+0.17%  no_improve=5
22:56:57 | i 12 | [HAOS ROLL] k=2  λ=1.0  vb  ac_complete  filo  P≈0.000614
22:56:58 | i 12 | [Phase 1/3] decompose  0.56s / — / —  λ=1.0  vb ac_complete
22:58:19 | i 12 | [Phase 2/3] route  81.16s / 81.36s / 99.8%  filo  k=2
22:58:21 | i 11 | [ IMPROVE ] 154912.00  via bg_ails  ·  Δ_BKS=+0.17%
22:58:21 | i 11 | [ ASYNC BG] bg_ails  83.74s / 80.17s / 104.5%
22:58:21 | i 12 | [HAOS ROLL] k=2  λ=1.0  vb  ac_complete  filo  P≈0.000614
22:58:21 | i 12 | [ Summary ] cost=155738.00  Δ_S*=+0.53%  Δ_BKS=+0.70%  Δ_S*_BKS=+0.17%  no_improve=1
22:58:21 | i 6 | [ASYNC 1/2] sp_sc  2.68s / 720.00s / 0.4%  SC  avg_coverage=10.13/5  pool=1340
22:58:21 | i 6 | [ASYNC 2/2] standard_ails  363.43s / 360.00s / 101.0%
22:58:24 | i 6 | [ IMPROVE ] 154859.00  via standard_ails  ·  Δ_BKS=+0.13%
22:58:24 | i 13 | [HAOS ROLL] k=2  λ=0.2  rb  ac_complete  pyvrp  P≈0.000798
22:58:25 | i 13 | [Phase 1/3] decompose  0.36s / — / —  λ=0.2  rb ac_complete
22:59:52 | i 13 | [Phase 2/3] route  87.54s / 81.60s / 107.3%  pyvrp  k=2
22:59:52 | i 12 | [ ASYNC BG] bg_ails  82.59s / 79.41s / 104.0%
22:59:52 | i 13 | [HAOS ROLL] k=2  λ=0.2  rb  ac_complete  pyvrp  P≈0.000798
22:59:52 | i 13 | [ Summary ] cost=156105.00  Δ_S*=+0.80%  Δ_BKS=+0.94%  Δ_S*_BKS=+0.13%  no_improve=2
22:59:52 | i 14 | [HAOS ROLL] k=4  λ=0.6  vb  kmeans  ails2  P≈0.000262
22:59:53 | i 14 | [Phase 1/3] decompose  0.37s / — / —  λ=0.6  vb kmeans
23:00:48 | i 14 | [Phase 2/3] route  54.78s / 53.46s / 102.5%  ails2  k=4
23:01:15 | i 13 | [ ASYNC BG] bg_ails  82.67s / 79.64s / 103.8%
23:01:15 | i 14 | [HAOS ROLL] k=4  λ=0.6  vb  kmeans  ails2  P≈0.000262
23:01:15 | i 14 | [ Summary ] cost=156669.00  Δ_S*=+1.17%  Δ_BKS=+1.30%  Δ_S*_BKS=+0.13%  no_improve=4
23:01:15 | i 15 | [HAOS ROLL] k=6  λ=0.2  vb  ac_avg  ails2  P≈0.000812
23:01:16 | i 15 | [Phase 1/3] decompose  0.53s / — / —  λ=0.2  vb ac_avg
23:01:52 | i 15 | [Phase 2/3] route  36.83s / 35.58s / 103.5%  ails2  k=6
23:02:19 | i 14 | [ ASYNC BG] bg_ails  63.59s / 60.00s / 106.0%
23:02:19 | i 15 | [HAOS ROLL] k=6  λ=0.2  vb  ac_avg  ails2  P≈0.000812
23:02:19 | i 15 | [ Summary ] cost=157281.00  Δ_S*=+1.56%  Δ_BKS=+1.70%  Δ_S*_BKS=+0.13%  no_improve=6
23:02:19 | i 16 | [HAOS ROLL] k=8  λ=1.0  vb  ac_avg  filo2  P≈0.001876
23:02:19 | i 16 | [Phase 1/3] decompose  0.53s / — / —  λ=1.0  vb ac_avg
23:02:55 | i 16 | [Phase 2/3] route  36.09s / 35.58s / 101.4%  filo2  k=8
23:03:22 | i 15 | [ ASYNC BG] bg_ails  63.65s / 60.00s / 106.1%
23:03:22 | i 16 | [HAOS ROLL] k=8  λ=1.0  vb  ac_avg  filo2  P≈0.001876
23:03:22 | i 16 | [ Summary ] cost=158736.00  Δ_S*=+2.50%  Δ_BKS=+2.64%  Δ_S*_BKS=+0.13%  no_improve=8
23:03:22 | i 17 | [HAOS ROLL] k=3  λ=0.8  vb  kmedoids  filo2  P≈0.000740
23:03:23 | i 17 | [Phase 1/3] decompose  0.88s / — / —  λ=0.8  vb kmedoids
23:04:39 | i 17 | [Phase 2/3] route  76.15s / 75.96s / 100.2%  filo2  k=3
23:04:39 | i 16 | [ ASYNC BG] bg_ails  63.70s / 60.00s / 106.2%
23:04:39 | i 17 | [HAOS ROLL] k=3  λ=0.8  vb  kmedoids  filo2  P≈0.000740
23:04:39 | i 17 | [ Summary ] cost=155764.00  Δ_S*=+0.58%  Δ_BKS=+0.72%  Δ_S*_BKS=+0.13%  no_improve=10
23:04:39 | i 18 | [HAOS ROLL] k=8  λ=1.0  rb  kmeans  ails2  P≈0.001034
23:04:40 | i 18 | [Phase 1/3] decompose  0.37s / — / —  λ=1.0  rb kmeans
23:05:13 | i 18 | [Phase 2/3] route  32.79s / 25.50s / 128.6%  ails2  k=8
23:05:57 | i 17 | [ ASYNC BG] bg_ails  77.75s / 74.14s / 104.9%
23:05:57 | i 18 | [HAOS ROLL] k=8  λ=1.0  rb  kmeans  ails2  P≈0.001034
23:05:57 | i 18 | [ Summary ] cost=154942.00  Δ_S*=+0.05%  Δ_BKS=+0.19%  Δ_S*_BKS=+0.13%  no_improve=12
23:05:57 | i 19 | [HAOS ROLL] k=8  λ=0.8  vb  kmedoids  filo2  P≈0.001907
23:05:58 | i 19 | [Phase 1/3] decompose  0.55s / — / —  λ=0.8  vb kmedoids
23:06:33 | i 19 | [Phase 2/3] route  35.10s / 26.28s / 133.6%  filo2  k=8
23:07:01 | i 18 | [ ASYNC BG] bg_ails  63.55s / 60.00s / 105.9%
23:07:01 | i 19 | [HAOS ROLL] k=8  λ=0.8  vb  kmedoids  filo2  P≈0.001907
23:07:01 | i 19 | [ Summary ] cost=158611.00  Δ_S*=+2.42%  Δ_BKS=+2.56%  Δ_S*_BKS=+0.13%  no_improve=14
23:07:01 | i 20 | [HAOS ROLL] k=8  λ=0.6  vb  kmedoids  filo  P≈0.000473
23:07:01 | i 20 | [Phase 1/3] decompose  0.57s / — / —  λ=0.6  vb kmedoids
23:07:36 | i 20 | [Phase 2/3] route  35.09s / 26.28s / 133.5%  filo  k=8
23:08:04 | i 19 | [ ASYNC BG] bg_ails  63.63s / 60.00s / 106.1%
23:08:04 | i 20 | [HAOS ROLL] k=8  λ=0.6  vb  kmedoids  filo  P≈0.000473
23:08:04 | i 20 | [ Summary ] cost=158660.00  Δ_S*=+2.45%  Δ_BKS=+2.59%  Δ_S*_BKS=+0.13%  no_improve=16
23:08:04 | i 21 | [HAOS ROLL] k=12  λ=0.4  rb  ac_avg  filo2  P≈0.000298
23:08:05 | i 21 | [Phase 1/3] decompose  0.38s / — / —  λ=0.4  rb ac_avg
23:08:35 | i 21 | [Phase 2/3] route  30.11s / 29.58s / 101.8%  filo2  k=12
23:09:08 | i 20 | [ ASYNC BG] bg_ails  63.65s / 60.00s / 106.1%
23:09:08 | i 21 | [ IMPROVE ] 154856.00  via decompose_route  ·  Δ_BKS=+0.13%
23:09:08 | i 21 | [HAOS ROLL] k=12  λ=0.4  rb  ac_avg  filo2  P≈0.000298
23:09:08 | i 21 | [ Summary ] cost=154856.00  Δ_S*=+0.00%  Δ_BKS=+0.13%  Δ_S*_BKS=+0.13%  no_improve=0
23:09:08 | i 22 | [HAOS ROLL] k=2  λ=0.4  rb  ac_complete  ails2  P≈0.000869
23:09:08 | i 22 | [Phase 1/3] decompose  0.40s / — / —  λ=0.4  rb ac_complete
23:10:32 | i 22 | [Phase 2/3] route  83.05s / 81.60s / 101.8%  ails2  k=2
23:10:32 | i 21 | [ ASYNC BG] bg_ails  63.74s / 60.00s / 106.2%
23:10:32 | i 22 | [HAOS ROLL] k=2  λ=0.4  rb  ac_complete  ails2  P≈0.000869
23:10:32 | i 22 | [ Summary ] cost=154984.00  Δ_S*=+0.08%  Δ_BKS=+0.21%  Δ_S*_BKS=+0.13%  no_improve=2
23:10:32 | i 23 | [HAOS ROLL] k=3  λ=0.6  vb  kmeans  filo2  P≈0.000612
23:10:32 | i 23 | [Phase 1/3] decompose  0.39s / — / —  λ=0.6  vb kmeans
23:11:30 | i 23 | [Phase 2/3] route  58.11s / 58.02s / 100.2%  filo2  k=3
23:11:54 | i 22 | [ ASYNC BG] bg_ails  82.66s / 79.64s / 103.8%
23:11:54 | i 23 | [HAOS ROLL] k=3  λ=0.6  vb  kmeans  filo2  P≈0.000612
23:11:54 | i 23 | [ Summary ] cost=155606.00  Δ_S*=+0.48%  Δ_BKS=+0.62%  Δ_S*_BKS=+0.13%  no_improve=4
23:11:54 | i 24 | [HAOS ROLL] k=12  λ=0.8  vb  ac_complete  pyvrp  P≈0.000395
23:11:55 | i 24 | [Phase 1/3] decompose  0.55s / — / —  λ=0.8  vb ac_complete
23:12:28 | i 24 | [Phase 2/3] route  33.35s / 25.80s / 129.3%  pyvrp  k=12
23:12:58 | i 23 | [ ASYNC BG] bg_ails  63.60s / 60.00s / 106.0%
23:12:58 | i 24 | [HAOS ROLL] k=12  λ=0.8  vb  ac_complete  pyvrp  P≈0.000395
23:12:58 | i 24 | [ Summary ] cost=162671.00  Δ_S*=+5.05%  Δ_BKS=+5.19%  Δ_S*_BKS=+0.13%  no_improve=6
23:12:58 | i 25 | [HAOS ROLL] k=3  λ=0.4  rb  ac_complete  filo2  P≈0.001601
23:12:58 | i 25 | [Phase 1/3] decompose  0.39s / — / —  λ=0.4  rb ac_complete
23:14:21 | i 25 | [Phase 2/3] route  82.18s / 81.60s / 100.7%  filo2  k=3
23:14:21 | i 24 | [ ASYNC BG] bg_ails  63.63s / 60.00s / 106.0%
23:14:21 | i 25 | [HAOS ROLL] k=3  λ=0.4  rb  ac_complete  filo2  P≈0.001601
23:14:21 | i 25 | [ Summary ] cost=154949.00  Δ_S*=+0.06%  Δ_BKS=+0.19%  Δ_S*_BKS=+0.13%  no_improve=8
23:14:21 | i 26 | [HAOS ROLL] k=12  λ=0.8  vb  fcm  pyvrp  P≈0.000591
23:14:22 | i 26 | [Phase 1/3] decompose  1.02s / — / —  λ=0.8  vb fcm
23:14:49 | i 26 | [Phase 2/3] route  27.27s / 13.68s / 199.3%  pyvrp  k=12
23:15:43 | i 25 | [ ASYNC BG] bg_ails  82.72s / 79.64s / 103.9%
23:15:43 | i 26 | [HAOS ROLL] k=12  λ=0.8  vb  fcm  pyvrp  P≈0.000591
23:15:43 | i 26 | [ Summary ] cost=160670.00  Δ_S*=+3.75%  Δ_BKS=+3.89%  Δ_S*_BKS=+0.13%  no_improve=10
23:15:43 | i 27 | [HAOS ROLL] k=2  λ=0.2  rb  kmeans  ails2  P≈0.000289
23:15:44 | i 27 | [Phase 1/3] decompose  0.41s / — / —  λ=0.2  rb kmeans
23:17:03 | i 27 | [Phase 2/3] route  78.99s / 77.52s / 101.9%  ails2  k=2
23:17:03 | i 26 | [ ASYNC BG] bg_ails  63.72s / 60.00s / 106.2%
23:17:03 | i 27 | [HAOS ROLL] k=2  λ=0.2  rb  kmeans  ails2  P≈0.000289
23:17:03 | i 27 | [ Summary ] cost=154963.00  Δ_S*=+0.07%  Δ_BKS=+0.20%  Δ_S*_BKS=+0.13%  no_improve=12
23:17:03 | i 28 | [HAOS ROLL] k=8  λ=0.0  vb  ac_complete  ails2  P≈0.000524
23:17:03 | i 28 | [Phase 1/3] decompose  0.46s / — / —  λ=0.0  vb ac_complete
23:17:35 | i 28 | [Phase 2/3] route  31.90s / 28.08s / 113.6%  ails2  k=8
23:18:22 | i 27 | [ ASYNC BG] bg_ails  78.80s / 75.66s / 104.2%
23:18:22 | i 28 | [HAOS ROLL] k=8  λ=0.0  vb  ac_complete  ails2  P≈0.000524
23:18:22 | i 28 | [ Summary ] cost=159351.00  Δ_S*=+2.90%  Δ_BKS=+3.04%  Δ_S*_BKS=+0.13%  no_improve=14
23:18:22 | i 29 | [HAOS ROLL] k=6  λ=0.0  rb  kmeans  ails2  P≈0.000326
23:18:22 | i 29 | [Phase 1/3] decompose  0.31s / — / —  λ=0.0  rb kmeans
23:18:51 | i 29 | [Phase 2/3] route  28.65s / 27.54s / 104.0%  ails2  k=6
23:19:25 | i 28 | [ ASYNC BG] bg_ails  63.65s / 60.00s / 106.1%
23:19:25 | i 29 | [HAOS ROLL] k=6  λ=0.0  rb  kmeans  ails2  P≈0.000326
23:19:25 | i 29 | [ Summary ] cost=154907.00  Δ_S*=+0.03%  Δ_BKS=+0.16%  Δ_S*_BKS=+0.13%  no_improve=16
23:19:25 | i 30 | [HAOS ROLL] k=4  λ=0.4  vb  fcm  ails2  P≈0.000624
23:19:26 | i 30 | [Phase 1/3] decompose  0.38s / — / —  λ=0.4  vb fcm
23:20:21 | i 30 | [Phase 2/3] route  55.03s / 53.04s / 103.7%  ails2  k=4
23:20:29 | i 29 | [ ASYNC BG] bg_ails  63.63s / 60.00s / 106.0%
23:20:29 | i 30 | [HAOS ROLL] k=4  λ=0.4  vb  fcm  ails2  P≈0.000624
23:20:29 | i 30 | [ Summary ] cost=155902.00  Δ_S*=+0.68%  Δ_BKS=+0.81%  Δ_S*_BKS=+0.13%  no_improve=18
23:20:29 | i 31 | [HAOS ROLL] k=8  λ=1.0  vb  fcm  filo  P≈0.000405
23:20:29 | i 31 | [Phase 1/3] decompose  0.51s / — / —  λ=1.0  vb fcm
23:20:59 | i 31 | [Phase 2/3] route  29.12s / 24.60s / 118.4%  filo  k=8
23:21:32 | i 30 | [ ASYNC BG] bg_ails  63.54s / 60.00s / 105.9%
23:21:32 | i 31 | [HAOS ROLL] k=8  λ=1.0  vb  fcm  filo  P≈0.000405
23:21:33 | i 31 | [ Summary ] cost=157370.00  Δ_S*=+1.62%  Δ_BKS=+1.76%  Δ_S*_BKS=+0.13%  no_improve=20
23:21:33 | i 32 | [HAOS ROLL] k=2  λ=0.6  vb  kmeans  filo2  P≈0.000528
23:21:33 | i 32 | [Phase 1/3] decompose  0.40s / — / —  λ=0.6  vb kmeans
23:22:52 | i 32 | [Phase 2/3] route  79.16s / 78.60s / 100.7%  filo2  k=2
23:22:52 | i 31 | [ ASYNC BG] bg_ails  63.65s / 60.00s / 106.1%
23:22:52 | i 32 | [HAOS ROLL] k=2  λ=0.6  vb  kmeans  filo2  P≈0.000528
23:22:52 | i 32 | [ Summary ] cost=155561.00  Δ_S*=+0.46%  Δ_BKS=+0.59%  Δ_S*_BKS=+0.13%  no_improve=22
23:22:52 | i 33 | [HAOS ROLL] k=8  λ=0.6  vb  ac_complete  ails2  P≈0.001327
23:22:53 | i 33 | [Phase 1/3] decompose  0.53s / — / —  λ=0.6  vb ac_complete
23:23:25 | i 33 | [Phase 2/3] route  31.90s / 28.08s / 113.6%  ails2  k=8
23:24:12 | i 32 | [ ASYNC BG] bg_ails  79.86s / 76.71s / 104.1%
23:24:12 | i 33 | [HAOS ROLL] k=8  λ=0.6  vb  ac_complete  ails2  P≈0.001327
23:24:12 | i 33 | [ Summary ] cost=159362.00  Δ_S*=+2.91%  Δ_BKS=+3.05%  Δ_S*_BKS=+0.13%  no_improve=24
23:24:12 | i 34 | [HAOS ROLL] k=2  λ=0.8  vb  fcm  ails2  P≈0.002152
23:24:12 | i 34 | [Phase 1/3] decompose  0.41s / — / —  λ=0.8  vb fcm
23:25:34 | i 34 | [Phase 2/3] route  81.12s / 79.50s / 102.0%  ails2  k=2
23:25:34 | i 33 | [ ASYNC BG] bg_ails  63.60s / 60.00s / 106.0%
23:25:34 | i 34 | [HAOS ROLL] k=2  λ=0.8  vb  fcm  ails2  P≈0.002152
23:25:34 | i 34 | [ Summary ] cost=155103.00  Δ_S*=+0.16%  Δ_BKS=+0.29%  Δ_S*_BKS=+0.13%  no_improve=26
23:25:34 | i 35 | [HAOS ROLL] k=10  λ=1.0  vb  ac_complete  ails2  P≈0.000982
23:25:34 | i 35 | [Phase 1/3] decompose  0.50s / — / —  λ=1.0  vb ac_complete
23:26:06 | i 35 | [Phase 2/3] route  31.83s / 26.22s / 121.4%  ails2  k=10
23:26:54 | i 34 | [ ASYNC BG] bg_ails  80.72s / 77.59s / 104.0%
23:26:54 | i 35 | [HAOS ROLL] k=10  λ=1.0  vb  ac_complete  ails2  P≈0.000982
23:26:54 | i 35 | [ Summary ] cost=160785.00  Δ_S*=+3.83%  Δ_BKS=+3.97%  Δ_S*_BKS=+0.13%  no_improve=28
23:26:54 | i 36 | [HAOS ROLL] k=4  λ=0.2  vb  kmedoids  ails2  P≈0.000431
23:26:55 | i 36 | [Phase 1/3] decompose  0.77s / — / —  λ=0.2  vb kmedoids
23:27:51 | i 36 | [Phase 2/3] route  56.12s / 54.00s / 103.9%  ails2  k=4
23:27:58 | i 35 | [ ASYNC BG] bg_ails  63.67s / 60.00s / 106.1%
23:27:58 | i 36 | [HAOS ROLL] k=4  λ=0.2  vb  kmedoids  ails2  P≈0.000431
23:27:58 | i 36 | [ Summary ] cost=156069.00  Δ_S*=+0.78%  Δ_BKS=+0.92%  Δ_S*_BKS=+0.13%  no_improve=30
23:27:58 | i 37 | [HAOS ROLL] k=8  λ=0.4  rb  ac_complete  filo  P≈0.000426
23:27:58 | i 37 | [Phase 1/3] decompose  0.39s / — / —  λ=0.4  rb ac_complete
23:28:25 | i 37 | [Phase 2/3] route  26.11s / 25.68s / 101.7%  filo  k=8
23:29:02 | i 36 | [ ASYNC BG] bg_ails  63.66s / 60.00s / 106.1%
23:29:02 | i 37 | [HAOS ROLL] k=8  λ=0.4  rb  ac_complete  filo  P≈0.000426
23:29:02 | i 37 | [ Summary ] cost=154886.00  Δ_S*=+0.02%  Δ_BKS=+0.15%  Δ_S*_BKS=+0.13%  no_improve=32
23:29:02 | i 38 | [HAOS ROLL] k=4  λ=0.6  rb  kmeans  filo2  P≈0.000614
23:29:02 | i 38 | [Phase 1/3] decompose  0.42s / — / —  λ=0.6  rb kmeans
23:29:56 | i 38 | [Phase 2/3] route  54.13s / 54.06s / 100.1%  filo2  k=4
23:30:05 | i 37 | [ ASYNC BG] bg_ails  63.76s / 60.00s / 106.3%
23:30:05 | i 38 | [HAOS ROLL] k=4  λ=0.6  rb  kmeans  filo2  P≈0.000614
23:30:06 | i 38 | [ Summary ] cost=155001.00  Δ_S*=+0.09%  Δ_BKS=+0.23%  Δ_S*_BKS=+0.13%  no_improve=34
23:30:06 | i 23 | [ASYNC 1/2] sp_sc  724.65s / 720.00s / 100.6%  SP  avg_coverage=33.16/5  pool=4357
23:30:06 | i 23 | [ASYNC 2/2] standard_ails  363.51s / 360.00s / 101.0%
23:30:23 | i 23 | [ IMPROVE ] 154838.00  via standard_ails  ·  Δ_BKS=+0.12%
23:30:23 | i 39 | [HAOS ROLL] k=8  λ=1.0  vb  ac_complete  filo2  P≈0.002244
23:30:24 | i 39 | [Phase 1/3] decompose  0.49s / — / —  λ=1.0  vb ac_complete
23:30:54 | i 39 | [Phase 2/3] route  30.09s / 28.08s / 107.2%  filo2  k=8
23:31:09 | i 38 | [ ASYNC BG] bg_ails  63.52s / 60.00s / 105.9%
23:31:09 | i 39 | [HAOS ROLL] k=8  λ=1.0  vb  ac_complete  filo2  P≈0.002244
23:31:09 | i 39 | [ Summary ] cost=159355.00  Δ_S*=+2.92%  Δ_BKS=+3.04%  Δ_S*_BKS=+0.12%  no_improve=2
23:31:09 | i 40 | [HAOS ROLL] k=10  λ=0.0  rb  ac_avg  ails2  P≈0.001000
23:31:09 | i 40 | [Phase 1/3] decompose  0.29s / — / —  λ=0.0  rb ac_avg
23:31:40 | i 40 | [Phase 2/3] route  30.72s / 29.58s / 103.9%  ails2  k=10
23:32:13 | i 39 | [ ASYNC BG] bg_ails  63.70s / 60.00s / 106.2%
23:32:13 | i 40 | [HAOS ROLL] k=10  λ=0.0  rb  ac_avg  ails2  P≈0.001000
23:32:13 | i 40 | [ Summary ] cost=154886.00  Δ_S*=+0.03%  Δ_BKS=+0.15%  Δ_S*_BKS=+0.12%  no_improve=4
23:32:13 | i 41 | [HAOS ROLL] k=10  λ=0.4  vb  fcm  ails2  P≈0.001805
23:32:14 | i 41 | [Phase 1/3] decompose  0.59s / — / —  λ=0.4  vb fcm
23:32:42 | i 41 | [Phase 2/3] route  28.79s / 16.98s / 169.5%  ails2  k=10
23:33:16 | i 40 | [ ASYNC BG] bg_ails  63.64s / 60.00s / 106.1%
23:33:16 | i 41 | [HAOS ROLL] k=10  λ=0.4  vb  fcm  ails2  P≈0.001805
23:33:17 | i 41 | [ Summary ] cost=159501.00  Δ_S*=+3.01%  Δ_BKS=+3.14%  Δ_S*_BKS=+0.12%  no_improve=6
23:33:17 | i 42 | [HAOS ROLL] k=2  λ=0.8  vb  ac_complete  ails2  P≈0.003693
23:33:17 | i 42 | [Phase 1/3] decompose  0.54s / — / —  λ=0.8  vb ac_complete
23:34:40 | i 42 | [Phase 2/3] route  83.10s / 81.36s / 102.1%  ails2  k=2
23:34:40 | i 41 | [ ASYNC BG] bg_ails  63.67s / 60.00s / 106.1%
23:34:40 | i 42 | [HAOS ROLL] k=2  λ=0.8  vb  ac_complete  ails2  P≈0.003693
23:34:40 | i 42 | [ Summary ] cost=155656.00  Δ_S*=+0.53%  Δ_BKS=+0.65%  Δ_S*_BKS=+0.12%  no_improve=8
23:34:40 | i 43 | [HAOS ROLL] k=6  λ=0.4  rb  ac_complete  filo2  P≈0.000651
23:34:41 | i 43 | [Phase 1/3] decompose  0.40s / — / —  λ=0.4  rb ac_complete
23:35:07 | i 43 | [Phase 2/3] route  26.10s / 25.68s / 101.6%  filo2  k=6
23:36:03 | i 42 | [ ASYNC BG] bg_ails  82.68s / 79.41s / 104.1%
23:36:03 | i 43 | [HAOS ROLL] k=6  λ=0.4  rb  ac_complete  filo2  P≈0.000651
23:36:03 | i 43 | [ Summary ] cost=154907.00  Δ_S*=+0.04%  Δ_BKS=+0.16%  Δ_S*_BKS=+0.12%  no_improve=10
23:36:03 | i 44 | [HAOS ROLL] k=8  λ=0.6  vb  kmedoids  ails2  P≈0.000704
23:36:04 | i 44 | [Phase 1/3] decompose  0.56s / — / —  λ=0.6  vb kmedoids
23:36:39 | i 44 | [Phase 2/3] route  35.87s / 26.28s / 136.5%  ails2  k=8
23:37:07 | i 43 | [ ASYNC BG] bg_ails  63.72s / 60.00s / 106.2%
23:37:07 | i 44 | [HAOS ROLL] k=8  λ=0.6  vb  kmedoids  ails2  P≈0.000704
23:37:07 | i 44 | [ Summary ] cost=158554.00  Δ_S*=+2.40%  Δ_BKS=+2.52%  Δ_S*_BKS=+0.12%  no_improve=12
23:37:07 | i 45 | [HAOS ROLL] k=3  λ=0.6  vb  ac_avg  filo  P≈0.000550
23:37:07 | i 45 | [Phase 1/3] decompose  0.57s / — / —  λ=0.6  vb ac_avg
23:38:30 | i 45 | [Phase 2/3] route  82.18s / 82.14s / 100.0%  filo  k=3
23:38:30 | i 44 | [ ASYNC BG] bg_ails  63.68s / 60.00s / 106.1%
23:38:30 | i 45 | [HAOS ROLL] k=3  λ=0.6  vb  ac_avg  filo  P≈0.000550
23:38:30 | i 45 | [ Summary ] cost=155774.00  Δ_S*=+0.60%  Δ_BKS=+0.73%  Δ_S*_BKS=+0.12%  no_improve=14
23:38:30 | i 46 | [HAOS ROLL] k=10  λ=0.8  vb  ac_avg  filo  P≈0.001759
23:38:30 | i 46 | [Phase 1/3] decompose  0.56s / — / —  λ=0.8  vb ac_avg
23:39:11 | i 46 | [Phase 2/3] route  41.13s / 29.58s / 139.0%  filo  k=10
23:39:53 | i 45 | [ ASYNC BG] bg_ails  83.70s / 80.17s / 104.4%
23:39:53 | i 46 | [HAOS ROLL] k=10  λ=0.8  vb  ac_avg  filo  P≈0.001759
23:39:53 | i 46 | [ Summary ] cost=159877.00  Δ_S*=+3.25%  Δ_BKS=+3.38%  Δ_S*_BKS=+0.12%  no_improve=16
23:39:53 | i 47 | [HAOS ROLL] k=10  λ=0.6  rb  ac_avg  filo  P≈0.001536
23:39:54 | i 47 | [Phase 1/3] decompose  0.40s / — / —  λ=0.6  rb ac_avg
23:40:24 | i 47 | [Phase 2/3] route  30.11s / 29.58s / 101.8%  filo  k=10
23:40:57 | i 46 | [ ASYNC BG] bg_ails  63.72s / 60.00s / 106.2%
23:40:57 | i 47 | [HAOS ROLL] k=10  λ=0.6  rb  ac_avg  filo  P≈0.001536
23:40:57 | i 47 | [ Summary ] cost=154957.00  Δ_S*=+0.08%  Δ_BKS=+0.20%  Δ_S*_BKS=+0.12%  no_improve=18
23:40:57 | i 48 | [HAOS ROLL] k=2  λ=0.6  vb  kmedoids  filo2  P≈0.000989
23:40:58 | i 48 | [Phase 1/3] decompose  0.83s / — / —  λ=0.6  vb kmedoids
23:42:19 | i 48 | [Phase 2/3] route  81.19s / 80.76s / 100.5%  filo2  k=2
23:42:19 | i 47 | [ ASYNC BG] bg_ails  63.81s / 60.00s / 106.4%
23:42:19 | i 48 | [HAOS ROLL] k=2  λ=0.6  vb  kmedoids  filo2  P≈0.000989
23:42:19 | i 48 | [ Summary ] cost=155549.00  Δ_S*=+0.46%  Δ_BKS=+0.58%  Δ_S*_BKS=+0.12%  no_improve=20
23:42:19 | i 49 | [HAOS ROLL] k=2  λ=1.0  vb  ac_complete  ails2  P≈0.002024
23:42:20 | i 49 | [Phase 1/3] decompose  0.50s / — / —  λ=1.0  vb ac_complete
23:43:43 | i 49 | [Phase 2/3] route  83.07s / 81.36s / 102.1%  ails2  k=2
23:43:43 | i 48 | [ ASYNC BG] bg_ails  81.76s / 78.82s / 103.7%
23:43:43 | i 49 | [HAOS ROLL] k=2  λ=1.0  vb  ac_complete  ails2  P≈0.002024
23:43:43 | i 49 | [ Summary ] cost=155603.00  Δ_S*=+0.49%  Δ_BKS=+0.61%  Δ_S*_BKS=+0.12%  no_improve=22
23:43:43 | i 50 | [HAOS ROLL] k=12  λ=0.8  rb  kmeans  ails2  P≈0.000433
23:43:43 | i 50 | [Phase 1/3] decompose  0.37s / — / —  λ=0.8  rb kmeans
23:44:12 | i 50 | [Phase 2/3] route  28.77s / 19.38s / 148.4%  ails2  k=12
23:45:06 | i 49 | [ ASYNC BG] bg_ails  82.56s / 79.41s / 104.0%
23:45:06 | i 50 | [HAOS ROLL] k=12  λ=0.8  rb  kmeans  ails2  P≈0.000433
23:45:06 | i 50 | [ Summary ] cost=154915.00  Δ_S*=+0.05%  Δ_BKS=+0.17%  Δ_S*_BKS=+0.12%  no_improve=24
23:45:06 | i 51 | [HAOS ROLL] k=6  λ=0.4  rb  ac_complete  ails2  P≈0.001002
23:45:06 | i 51 | [Phase 1/3] decompose  0.39s / — / —  λ=0.4  rb ac_complete
23:45:33 | i 51 | [Phase 2/3] route  26.70s / 25.68s / 104.0%  ails2  k=6
23:46:09 | i 50 | [ ASYNC BG] bg_ails  63.54s / 60.00s / 105.9%
23:46:09 | i 51 | [HAOS ROLL] k=6  λ=0.4  rb  ac_complete  ails2  P≈0.001002
23:46:09 | i 51 | [ Summary ] cost=154861.00  Δ_S*=+0.01%  Δ_BKS=+0.14%  Δ_S*_BKS=+0.12%  no_improve=26
23:46:09 | i 52 | [HAOS ROLL] k=3  λ=0.0  rb  ac_complete  filo2  P≈0.000454
23:46:10 | i 52 | [Phase 1/3] decompose  0.42s / — / —  λ=0.0  rb ac_complete
23:47:32 | i 52 | [Phase 2/3] route  82.17s / 81.60s / 100.7%  filo2  k=3
23:47:32 | i 51 | [ ASYNC BG] bg_ails  63.60s / 60.00s / 106.0%
23:47:32 | i 52 | [HAOS ROLL] k=3  λ=0.0  rb  ac_complete  filo2  P≈0.000454
23:47:32 | i 52 | [ Summary ] cost=154926.00  Δ_S*=+0.06%  Δ_BKS=+0.18%  Δ_S*_BKS=+0.12%  no_improve=28
23:47:32 | i 53 | [HAOS ROLL] k=2  λ=0.8  vb  ac_complete  ails2  P≈0.003908
23:47:32 | i 53 | [Phase 1/3] decompose  0.50s / — / —  λ=0.8  vb ac_complete
23:48:56 | i 53 | [Phase 2/3] route  83.09s / 81.36s / 102.1%  ails2  k=2
23:48:56 | i 52 | [ ASYNC BG] bg_ails  82.71s / 79.64s / 103.8%
23:48:56 | i 53 | [HAOS ROLL] k=2  λ=0.8  vb  ac_complete  ails2  P≈0.003908
23:48:56 | i 53 | [ Summary ] cost=155683.00  Δ_S*=+0.55%  Δ_BKS=+0.67%  Δ_S*_BKS=+0.12%  no_improve=30
23:48:56 | i 54 | [HAOS ROLL] k=12  λ=0.2  rb  kmeans  filo  P≈0.000131
23:48:56 | i 54 | [Phase 1/3] decompose  0.39s / — / —  λ=0.2  rb kmeans
23:49:21 | i 54 | [Phase 2/3] route  25.10s / 19.38s / 129.5%  filo  k=12
23:50:18 | i 53 | [ ASYNC BG] bg_ails  82.69s / 79.41s / 104.1%
23:50:18 | i 54 | [HAOS ROLL] k=12  λ=0.2  rb  kmeans  filo  P≈0.000131
23:50:18 | i 54 | [ Summary ] cost=154872.00  Δ_S*=+0.02%  Δ_BKS=+0.14%  Δ_S*_BKS=+0.12%  no_improve=32
23:50:18 | i 55 | [HAOS ROLL] k=8  λ=0.0  rb  ac_complete  filo  P≈0.000696
23:50:19 | i 55 | [Phase 1/3] decompose  0.31s / — / —  λ=0.0  rb ac_complete
23:50:45 | i 55 | [Phase 2/3] route  26.09s / 25.68s / 101.6%  filo  k=8
23:51:22 | i 54 | [ ASYNC BG] bg_ails  63.66s / 60.00s / 106.1%
23:51:22 | i 55 | [HAOS ROLL] k=8  λ=0.0  rb  ac_complete  filo  P≈0.000696
23:51:22 | i 55 | [ Summary ] cost=154948.00  Δ_S*=+0.07%  Δ_BKS=+0.19%  Δ_S*_BKS=+0.12%  no_improve=34
23:51:22 | i 40 | [ASYNC 1/2] sp_sc  727.85s / 720.00s / 101.1%  SP  avg_coverage=51.38/5  pool=6749
23:51:22 | i 40 | [ASYNC 2/2] standard_ails  363.18s / 360.00s / 100.9%
23:51:52 | i 56 | [HAOS ROLL] k=10  λ=0.6  vb  ac_complete  filo  P≈0.001862
23:51:52 | i 56 | [Phase 1/3] decompose  0.49s / — / —  λ=0.6  vb ac_complete
23:52:22 | i 56 | [Phase 2/3] route  30.10s / 26.22s / 114.8%  filo  k=10
23:52:26 | i 55 | [ ASYNC BG] bg_ails  63.57s / 60.00s / 106.0%
23:52:26 | i 56 | [HAOS ROLL] k=10  λ=0.6  vb  ac_complete  filo  P≈0.001862
23:52:26 | i 56 | [ Summary ] cost=160782.00  Δ_S*=+3.84%  Δ_BKS=+3.96%  Δ_S*_BKS=+0.12%  no_improve=37
23:52:26 | i 57 | [HAOS ROLL] k=8  λ=0.0  vb  kmeans  filo2  P≈0.000267
23:52:26 | i 57 | [Phase 1/3] decompose  0.30s / — / —  λ=0.0  vb kmeans
23:52:58 | i 57 | [Phase 2/3] route  32.12s / 24.72s / 129.9%  filo2  k=8
23:53:29 | i 56 | [ ASYNC BG] bg_ails  63.71s / 60.00s / 106.2%
23:53:29 | i 57 | [HAOS ROLL] k=8  λ=0.0  vb  kmeans  filo2  P≈0.000267
23:53:30 | i 57 | [ Summary ] cost=159318.00  Δ_S*=+2.89%  Δ_BKS=+3.02%  Δ_S*_BKS=+0.12%  no_improve=39
23:53:30 | i 58 | [HAOS ROLL] k=10  λ=0.4  vb  ac_complete  filo2  P≈0.002232
23:53:30 | i 58 | [Phase 1/3] decompose  0.57s / — / —  λ=0.4  vb ac_complete
23:54:00 | i 58 | [Phase 2/3] route  30.12s / 26.22s / 114.9%  filo2  k=10
23:54:33 | i 57 | [ ASYNC BG] bg_ails  63.57s / 60.00s / 106.0%
23:54:33 | i 58 | [HAOS ROLL] k=10  λ=0.4  vb  ac_complete  filo2  P≈0.002232
23:54:33 | i 58 | [ Summary ] cost=160798.00  Δ_S*=+3.85%  Δ_BKS=+3.97%  Δ_S*_BKS=+0.12%  no_improve=41
23:54:33 | i 59 | [HAOS ROLL] k=3  λ=0.6  vb  kmeans  filo  P≈0.000843
23:54:34 | i 59 | [Phase 1/3] decompose  0.40s / — / —  λ=0.6  vb kmeans
23:55:46 | i 59 | [Phase 2/3] route  72.16s / 72.42s / 99.6%  filo  k=3
23:55:46 | i 58 | [ ASYNC BG] bg_ails  63.78s / 60.00s / 106.3%
23:55:46 | i 59 | [HAOS ROLL] k=3  λ=0.6  vb  kmeans  filo  P≈0.000843
23:55:46 | i 59 | [ Summary ] cost=155484.00  Δ_S*=+0.42%  Δ_BKS=+0.54%  Δ_S*_BKS=+0.12%  no_improve=43
23:55:46 | i 60 | [HAOS ROLL] k=4  λ=0.6  vb  ac_avg  filo  P≈0.000551
23:55:47 | i 60 | [Phase 1/3] decompose  0.55s / — / —  λ=0.6  vb ac_avg
23:56:42 | i 60 | [Phase 2/3] route  55.12s / 55.44s / 99.4%  filo  k=4
23:56:59 | i 59 | [ ASYNC BG] bg_ails  73.77s / 70.68s / 104.4%
23:56:59 | i 60 | [HAOS ROLL] k=4  λ=0.6  vb  ac_avg  filo  P≈0.000551
23:57:00 | i 60 | [ Summary ] cost=156607.00  Δ_S*=+1.14%  Δ_BKS=+1.26%  Δ_S*_BKS=+0.12%  no_improve=45
23:57:00 | i 61 | [HAOS ROLL] k=2  λ=0.6  vb  kmeans  ails2  P≈0.001749
23:57:00 | i 61 | [Phase 1/3] decompose  0.38s / — / —  λ=0.6  vb kmeans
23:58:20 | i 61 | [Phase 2/3] route  79.98s / 78.66s / 101.7%  ails2  k=2
23:58:20 | i 60 | [ ASYNC BG] bg_ails  63.66s / 60.00s / 106.1%
23:58:20 | i 61 | [HAOS ROLL] k=2  λ=0.6  vb  kmeans  ails2  P≈0.001749
23:58:20 | i 61 | [ Summary ] cost=155608.00  Δ_S*=+0.50%  Δ_BKS=+0.62%  Δ_S*_BKS=+0.12%  no_improve=47
23:58:20 | i 62 | [HAOS ROLL] k=6  λ=0.6  vb  kmedoids  filo  P≈0.000529
23:58:21 | i 62 | [Phase 1/3] decompose  0.55s / — / —  λ=0.6  vb kmedoids
23:58:47 | i 62 | [Phase 2/3] route  26.12s / 26.46s / 98.7%  filo  k=6
23:59:40 | i 61 | [ ASYNC BG] bg_ails  79.73s / 76.77s / 103.9%
23:59:40 | i 62 | [HAOS ROLL] k=6  λ=0.6  vb  kmedoids  filo  P≈0.000529
23:59:40 | i 62 | [ Summary ] cost=156992.00  Δ_S*=+1.39%  Δ_BKS=+1.51%  Δ_S*_BKS=+0.12%  no_improve=49
23:59:40 | i 63 | [HAOS ROLL] k=8  λ=0.8  vb  ac_complete  ails2  P≈0.002113
23:59:41 | i 63 | [Phase 1/3] decompose  0.55s / — / —  λ=0.8  vb ac_complete
00:00:13 | i 63 | [Phase 2/3] route  31.89s / 28.08s / 113.6%  ails2  k=8
00:00:44 | i 62 | [ ASYNC BG] bg_ails  63.77s / 60.00s / 106.3%
00:00:44 | i 63 | [HAOS ROLL] k=8  λ=0.8  vb  ac_complete  ails2  P≈0.002113
00:00:44 | i 63 | [ Summary ] cost=159379.00  Δ_S*=+2.93%  Δ_BKS=+3.06%  Δ_S*_BKS=+0.12%  no_improve=51
00:00:44 | i 64 | [HAOS ROLL] k=2  λ=1.0  vb  ac_complete  filo  P≈0.002055
00:00:44 | i 64 | [Phase 1/3] decompose  0.53s / — / —  λ=1.0  vb ac_complete
00:02:06 | i 64 | [Phase 2/3] route  81.17s / 81.36s / 99.8%  filo  k=2
00:02:06 | i 63 | [ ASYNC BG] bg_ails  63.76s / 60.00s / 106.3%
00:02:06 | i 64 | [HAOS ROLL] k=2  λ=1.0  vb  ac_complete  filo  P≈0.002055
00:02:06 | i 64 | [ Summary ] cost=155840.00  Δ_S*=+0.65%  Δ_BKS=+0.77%  Δ_S*_BKS=+0.12%  no_improve=53
00:02:06 | i 65 | [HAOS ROLL] k=2  λ=0.8  vb  kmedoids  filo2  P≈0.000974
00:02:07 | i 65 | [Phase 1/3] decompose  0.93s / — / —  λ=0.8  vb kmedoids
00:03:28 | i 65 | [Phase 2/3] route  81.19s / 80.76s / 100.5%  filo2  k=2
00:03:28 | i 64 | [ ASYNC BG] bg_ails  82.64s / 79.41s / 104.1%
00:03:29 | i 65 | [HAOS ROLL] k=2  λ=0.8  vb  kmedoids  filo2  P≈0.000974
00:03:29 | i 65 | [ Summary ] cost=155574.00  Δ_S*=+0.48%  Δ_BKS=+0.60%  Δ_S*_BKS=+0.12%  no_improve=55
00:03:29 | i 66 | [HAOS ROLL] k=12  λ=0.8  vb  ac_complete  ails2  P≈0.001490
00:03:29 | i 66 | [Phase 1/3] decompose  0.52s / — / —  λ=0.8  vb ac_complete
00:04:04 | i 66 | [Phase 2/3] route  34.78s / 25.80s / 134.8%  ails2  k=12
00:04:50 | i 65 | [ ASYNC BG] bg_ails  81.67s / 78.82s / 103.6%
00:04:50 | i 66 | [HAOS ROLL] k=12  λ=0.8  vb  ac_complete  ails2  P≈0.001490
00:04:50 | i 66 | [ Summary ] cost=161750.00  Δ_S*=+4.46%  Δ_BKS=+4.59%  Δ_S*_BKS=+0.12%  no_improve=57
00:04:50 | i 67 | [HAOS ROLL] k=2  λ=0.6  vb  ac_complete  filo  P≈0.005147
00:04:51 | i 67 | [Phase 1/3] decompose  0.55s / — / —  λ=0.6  vb ac_complete
00:06:12 | i 67 | [Phase 2/3] route  81.17s / 81.36s / 99.8%  filo  k=2
00:06:12 | i 66 | [ ASYNC BG] bg_ails  63.68s / 60.00s / 106.1%
00:06:13 | i 67 | [HAOS ROLL] k=2  λ=0.6  vb  ac_complete  filo  P≈0.005147
00:06:13 | i 67 | [ Summary ] cost=155732.00  Δ_S*=+0.58%  Δ_BKS=+0.70%  Δ_S*_BKS=+0.12%  no_improve=59
00:06:13 | i 68 | [HAOS ROLL] k=10  λ=0.8  vb  ac_complete  filo2  P≈0.003515
00:06:13 | i 68 | [Phase 1/3] decompose  0.51s / — / —  λ=0.8  vb ac_complete
00:06:43 | i 68 | [Phase 2/3] route  30.11s / 26.22s / 114.9%  filo2  k=10
00:07:35 | i 67 | [ ASYNC BG] bg_ails  82.72s / 79.41s / 104.2%
00:07:35 | i 68 | [HAOS ROLL] k=10  λ=0.8  vb  ac_complete  filo2  P≈0.003515
00:07:36 | i 68 | [ Summary ] cost=160769.00  Δ_S*=+3.83%  Δ_BKS=+3.96%  Δ_S*_BKS=+0.12%  no_improve=61
00:07:36 | i 69 | [HAOS ROLL] k=3  λ=0.8  vb  ac_avg  filo  P≈0.001622
00:07:36 | i 69 | [Phase 1/3] decompose  0.54s / — / —  λ=0.8  vb ac_avg
00:08:58 | i 69 | [Phase 2/3] route  82.18s / 82.14s / 100.1%  filo  k=3
00:08:58 | i 68 | [ ASYNC BG] bg_ails  63.60s / 60.00s / 106.0%
00:08:59 | i 69 | [HAOS ROLL] k=3  λ=0.8  vb  ac_avg  filo  P≈0.001622
00:08:59 | i 69 | [ Summary ] cost=155801.00  Δ_S*=+0.62%  Δ_BKS=+0.74%  Δ_S*_BKS=+0.12%  no_improve=63
00:08:59 | i 70 | [HAOS ROLL] k=2  λ=0.6  vb  ac_avg  filo2  P≈0.002429
00:08:59 | i 70 | [Phase 1/3] decompose  0.51s / — / —  λ=0.6  vb ac_avg
00:10:21 | i 70 | [Phase 2/3] route  82.18s / 82.14s / 100.0%  filo2  k=2
00:10:22 | i 69 | [ ASYNC BG] bg_ails  83.71s / 80.17s / 104.4%
00:10:22 | i 70 | [HAOS ROLL] k=2  λ=0.6  vb  ac_avg  filo2  P≈0.002429
00:10:23 | i 70 | [ Summary ] cost=155122.00  Δ_S*=+0.18%  Δ_BKS=+0.30%  Δ_S*_BKS=+0.12%  no_improve=65
00:10:23 | i 71 | [HAOS ROLL] k=8  λ=0.6  vb  kmedoids  pyvrp  P≈0.000225
00:10:23 | i 71 | [Phase 1/3] decompose  0.55s / — / —  λ=0.6  vb kmedoids
00:10:59 | i 71 | [Phase 2/3] route  35.79s / 26.28s / 136.2%  pyvrp  k=8
00:11:46 | i 70 | [ ASYNC BG] bg_ails  83.67s / 80.17s / 104.4%
00:11:46 | i 71 | [HAOS ROLL] k=8  λ=0.6  vb  kmedoids  pyvrp  P≈0.000225
00:11:46 | i 71 | [ Summary ] cost=159447.00  Δ_S*=+2.98%  Δ_BKS=+3.10%  Δ_S*_BKS=+0.12%  no_improve=67
00:11:46 | i 56 | [ASYNC 1/2] sp_sc  730.40s / 720.00s / 101.4%  SP  avg_coverage=66.32/5  pool=8703
00:11:46 | i 56 | [ASYNC 2/2] standard_ails  363.39s / 360.00s / 100.9%
00:12:31 | i 72 | [HAOS ROLL] k=8  λ=0.6  vb  fcm  filo  P≈0.000890
00:12:32 | i 72 | [Phase 1/3] decompose  0.47s / — / —  λ=0.6  vb fcm
00:13:08 | i 72 | [Phase 2/3] route  36.11s / 26.28s / 137.4%  filo  k=8
00:13:08 | i 71 | [ ASYNC BG] bg_ails  63.59s / 60.00s / 106.0%
00:13:08 | i 72 | [HAOS ROLL] k=8  λ=0.6  vb  fcm  filo  P≈0.000890
00:13:08 | i 72 | [ Summary ] cost=158287.00  Δ_S*=+2.23%  Δ_BKS=+2.35%  Δ_S*_BKS=+0.12%  no_improve=70
00:13:08 | i 73 | [HAOS ROLL] k=8  λ=0.8  vb  ac_complete  filo  P≈0.003717
00:13:09 | i 73 | [Phase 1/3] decompose  0.51s / — / —  λ=0.8  vb ac_complete
00:13:39 | i 73 | [Phase 2/3] route  30.11s / 28.08s / 107.2%  filo  k=8
00:14:12 | i 72 | [ ASYNC BG] bg_ails  63.74s / 60.00s / 106.2%
00:14:12 | i 73 | [HAOS ROLL] k=8  λ=0.8  vb  ac_complete  filo  P≈0.003717
00:14:12 | i 73 | [ Summary ] cost=159389.00  Δ_S*=+2.94%  Δ_BKS=+3.06%  Δ_S*_BKS=+0.12%  no_improve=72
00:14:12 | i 74 | [HAOS ROLL] k=2  λ=0.8  rb  ac_complete  ails2  P≈0.002295
00:14:12 | i 74 | [Phase 1/3] decompose  0.36s / — / —  λ=0.8  rb ac_complete
00:15:36 | i 74 | [Phase 2/3] route  83.06s / 81.60s / 101.8%  ails2  k=2
00:15:36 | i 73 | [ ASYNC BG] bg_ails  63.70s / 60.00s / 106.2%
00:15:36 | i 74 | [HAOS ROLL] k=2  λ=0.8  rb  ac_complete  ails2  P≈0.002295
00:15:36 | i 74 | [ Summary ] cost=154905.00  Δ_S*=+0.04%  Δ_BKS=+0.16%  Δ_S*_BKS=+0.12%  no_improve=74
00:15:36 | i 75 | [HAOS ROLL] k=6  λ=0.6  vb  ac_complete  ails2  P≈0.002529
00:15:37 | i 75 | [Phase 1/3] decompose  0.49s / — / —  λ=0.6  vb ac_complete
00:16:26 | i 75 | [Phase 2/3] route  49.19s / 47.28s / 104.0%  ails2  k=6
00:16:58 | i 74 | [ ASYNC BG] bg_ails  82.73s / 79.64s / 103.9%
00:16:59 | i 75 | [HAOS ROLL] k=6  λ=0.6  vb  ac_complete  ails2  P≈0.002529
00:16:59 | i 75 | [ Summary ] cost=157122.00  Δ_S*=+1.48%  Δ_BKS=+1.60%  Δ_S*_BKS=+0.12%  no_improve=76
00:16:59 | i 76 | [HAOS ROLL] k=2  λ=0.2  rb  ac_avg  filo  P≈0.000460
00:16:59 | i 76 | [Phase 1/3] decompose  0.36s / — / —  λ=0.2  rb ac_avg
00:18:21 | i 76 | [Phase 2/3] route  82.15s / 81.60s / 100.7%  filo  k=2
00:18:21 | i 75 | [ ASYNC BG] bg_ails  63.67s / 60.00s / 106.1%
00:18:22 | i 76 | [HAOS ROLL] k=2  λ=0.2  rb  ac_avg  filo  P≈0.000460
00:18:22 | i 76 | [ Summary ] cost=154957.00  Δ_S*=+0.08%  Δ_BKS=+0.20%  Δ_S*_BKS=+0.12%  no_improve=78
00:18:22 | i 77 | [HAOS ROLL] k=6  λ=0.8  vb  ac_avg  filo2  P≈0.001577
00:18:23 | i 77 | [Phase 1/3] decompose  0.51s / — / —  λ=0.8  vb ac_avg
00:18:59 | i 77 | [Phase 2/3] route  36.12s / 35.58s / 101.5%  filo2  k=6
00:19:44 | i 76 | [ ASYNC BG] bg_ails  82.71s / 79.64s / 103.9%
00:19:45 | i 77 | [HAOS ROLL] k=6  λ=0.8  vb  ac_avg  filo2  P≈0.001577
00:19:45 | i 77 | [ Summary ] cost=157318.00  Δ_S*=+1.60%  Δ_BKS=+1.72%  Δ_S*_BKS=+0.12%  no_improve=80
00:19:45 | i 78 | [HAOS ROLL] k=10  λ=0.2  rb  kmeans  filo2  P≈0.000242
00:19:45 | i 78 | [Phase 1/3] decompose  0.39s / — / —  λ=0.2  rb kmeans
00:20:15 | i 78 | [Phase 2/3] route  30.11s / 25.50s / 118.1%  filo2  k=10
00:20:48 | i 77 | [ ASYNC BG] bg_ails  63.65s / 60.00s / 106.1%
00:20:48 | i 78 | [HAOS ROLL] k=10  λ=0.2  rb  kmeans  filo2  P≈0.000242
00:20:48 | i 78 | [ Summary ] cost=154843.00  Δ_S*=+0.00%  Δ_BKS=+0.12%  Δ_S*_BKS=+0.12%  no_improve=82
00:20:48 | i 79 | [HAOS ROLL] k=3  λ=0.6  rb  ac_avg  ails2  P≈0.001168
00:20:49 | i 79 | [Phase 1/3] decompose  0.38s / — / —  λ=0.6  rb ac_avg
00:22:12 | i 79 | [Phase 2/3] route  83.22s / 81.60s / 102.0%  ails2  k=3
00:22:12 | i 78 | [ ASYNC BG] bg_ails  63.66s / 60.00s / 106.1%
00:22:12 | i 79 | [HAOS ROLL] k=3  λ=0.6  rb  ac_avg  ails2  P≈0.001168
00:22:13 | i 79 | [ Summary ] cost=154978.00  Δ_S*=+0.09%  Δ_BKS=+0.21%  Δ_S*_BKS=+0.12%  no_improve=84
00:22:13 | i 80 | [HAOS ROLL] k=2  λ=1.0  vb  ac_avg  filo2  P≈0.001637
00:22:13 | i 80 | [Phase 1/3] decompose  0.54s / — / —  λ=1.0  vb ac_avg
00:23:35 | i 80 | [Phase 2/3] route  82.18s / 82.14s / 100.1%  filo2  k=2
00:23:35 | i 79 | [ ASYNC BG] bg_ails  82.68s / 79.64s / 103.8%
00:23:36 | i 80 | [HAOS ROLL] k=2  λ=1.0  vb  ac_avg  filo2  P≈0.001637
00:23:36 | i 80 | [ Summary ] cost=155224.00  Δ_S*=+0.25%  Δ_BKS=+0.37%  Δ_S*_BKS=+0.12%  no_improve=86
00:23:36 | i 81 | [HAOS ROLL] k=10  λ=1.0  vb  ac_avg  ails2  P≈0.001665
00:23:36 | i 81 | [Phase 1/3] decompose  0.51s / — / —  λ=1.0  vb ac_avg
00:24:21 | i 81 | [Phase 2/3] route  44.12s / 29.58s / 149.2%  ails2  k=10
00:24:59 | i 80 | [ ASYNC BG] bg_ails  83.77s / 80.17s / 104.5%
00:25:00 | i 81 | [HAOS ROLL] k=10  λ=1.0  vb  ac_avg  ails2  P≈0.001665
00:25:00 | i 81 | [ Summary ] cost=159824.00  Δ_S*=+3.22%  Δ_BKS=+3.34%  Δ_S*_BKS=+0.12%  no_improve=88
00:25:00 | i 82 | [HAOS ROLL] k=8  λ=0.8  vb  ac_avg  ails2  P≈0.003323
00:25:00 | i 82 | [Phase 1/3] decompose  0.54s / — / —  λ=0.8  vb ac_avg
00:25:37 | i 82 | [Phase 2/3] route  36.91s / 35.58s / 103.7%  ails2  k=8
00:26:03 | i 81 | [ ASYNC BG] bg_ails  63.67s / 60.00s / 106.1%
00:26:03 | i 82 | [HAOS ROLL] k=8  λ=0.8  vb  ac_avg  ails2  P≈0.003323
00:26:03 | i 82 | [ Summary ] cost=158714.00  Δ_S*=+2.50%  Δ_BKS=+2.63%  Δ_S*_BKS=+0.12%  no_improve=90
00:26:03 | i 72 | [ASYNC 1/2] sp_sc  0.00s / 720.00s / 0.0%  SC
00:26:03 | i 83 | [HAOS ROLL] k=8  λ=0.4  vb  kmeans  filo2  P≈0.000229
00:26:04 | i 83 | [Phase 1/3] decompose  0.35s / — / —  λ=0.4  vb kmeans
00:26:30 | i 83 | [Phase 2/3] route  26.09s / 26.04s / 100.2%  filo2  k=8
00:27:07 | i 82 | [ ASYNC BG] bg_ails  63.63s / 60.00s / 106.1%
00:27:07 | i 83 | [HAOS ROLL] k=8  λ=0.4  vb  kmeans  filo2  P≈0.000229
00:27:07 | i 83 | [ Summary ] cost=159380.00  Δ_S*=+2.93%  Δ_BKS=+3.06%  Δ_S*_BKS=+0.12%  no_improve=92
00:27:07 | i 84 | [HAOS ROLL] k=6  λ=0.6  vb  ac_complete  filo2  P≈0.001744
00:27:08 | i 84 | [Phase 1/3] decompose  0.50s / — / —  λ=0.6  vb ac_complete
00:27:55 | i 84 | [Phase 2/3] route  47.13s / 47.28s / 99.7%  filo2  k=6
00:28:10 | i 83 | [ ASYNC BG] bg_ails  63.61s / 60.00s / 106.0%
00:28:11 | i 84 | [HAOS ROLL] k=6  λ=0.6  vb  ac_complete  filo2  P≈0.001744
00:28:11 | i 84 | [ Summary ] cost=157067.00  Δ_S*=+1.44%  Δ_BKS=+1.56%  Δ_S*_BKS=+0.12%  no_improve=94
00:28:11 | i 85 | [HAOS ROLL] k=8  λ=0.6  vb  ac_avg  filo  P≈0.004756
00:28:11 | i 85 | [Phase 1/3] decompose  0.52s / — / —  λ=0.6  vb ac_avg
00:28:47 | i 85 | [Phase 2/3] route  36.10s / 35.58s / 101.5%  filo  k=8
00:29:14 | i 84 | [ ASYNC BG] bg_ails  63.70s / 60.00s / 106.2%
00:29:14 | i 85 | [HAOS ROLL] k=8  λ=0.6  vb  ac_avg  filo  P≈0.004756
00:29:14 | i 85 | [ Summary ] cost=158818.00  Δ_S*=+2.57%  Δ_BKS=+2.69%  Δ_S*_BKS=+0.12%  no_improve=96
00:29:14 | i 86 | [HAOS ROLL] k=10  λ=0.6  vb  ac_complete  filo  P≈0.003802
00:29:15 | i 86 | [Phase 1/3] decompose  0.51s / — / —  λ=0.6  vb ac_complete
00:29:45 | i 86 | [Phase 2/3] route  30.12s / 26.22s / 114.9%  filo  k=10
00:30:18 | i 85 | [ ASYNC BG] bg_ails  63.68s / 60.00s / 106.1%
00:30:18 | i 86 | [HAOS ROLL] k=10  λ=0.6  vb  ac_complete  filo  P≈0.003802
00:30:18 | i 86 | [ Summary ] cost=160853.00  Δ_S*=+3.88%  Δ_BKS=+4.01%  Δ_S*_BKS=+0.12%  no_improve=98
00:30:18 | i 87 | [HAOS ROLL] k=6  λ=0.8  vb  ac_avg  pyvrp  P≈0.000696
00:30:19 | i 87 | [Phase 1/3] decompose  0.52s / — / —  λ=0.8  vb ac_avg
00:30:56 | i 87 | [Phase 2/3] route  37.03s / 35.58s / 104.1%  pyvrp  k=6
00:31:21 | i 86 | [ ASYNC BG] bg_ails  63.65s / 60.00s / 106.1%
00:31:22 | i 87 | [HAOS ROLL] k=6  λ=0.8  vb  ac_avg  pyvrp  P≈0.000696
00:31:22 | i 87 | [ Summary ] cost=158164.00  Δ_S*=+2.15%  Δ_BKS=+2.27%  Δ_S*_BKS=+0.12%  no_improve=100
00:31:22 | i 88 | [HAOS ROLL] k=6  λ=0.4  vb  kmeans  ails2  P≈0.000354
00:31:22 | i 88 | [Phase 1/3] decompose  0.37s / — / —  λ=0.4  vb kmeans
00:31:58 | i 88 | [Phase 2/3] route  35.75s / 34.50s / 103.6%  ails2  k=6
00:32:25 | i 87 | [ ASYNC BG] bg_ails  63.71s / 60.00s / 106.2%
00:32:25 | i 88 | [HAOS ROLL] k=6  λ=0.4  vb  kmeans  ails2  P≈0.000354
00:32:26 | i 88 | [ Summary ] cost=157784.00  Δ_S*=+1.90%  Δ_BKS=+2.03%  Δ_S*_BKS=+0.12%  no_improve=102
00:32:26 | i 89 | [HAOS ROLL] k=3  λ=0.8  vb  ac_avg  filo2  P≈0.002077
00:32:26 | i 89 | [Phase 1/3] decompose  0.53s / — / —  λ=0.8  vb ac_avg
00:33:48 | i 89 | [Phase 2/3] route  82.18s / 82.14s / 100.0%  filo2  k=3
00:33:48 | i 88 | [ ASYNC BG] bg_ails  63.58s / 60.00s / 106.0%
00:33:49 | i 89 | [HAOS ROLL] k=3  λ=0.8  vb  ac_avg  filo2  P≈0.002077
00:33:49 | i 89 | [ Summary ] cost=155741.00  Δ_S*=+0.58%  Δ_BKS=+0.70%  Δ_S*_BKS=+0.12%  no_improve=104
00:33:49 | i 90 | [HAOS ROLL] k=8  λ=0.8  vb  ac_avg  filo2  P≈0.003821
00:33:50 | i 90 | [Phase 1/3] decompose  0.53s / — / —  λ=0.8  vb ac_avg
00:34:26 | i 90 | [Phase 2/3] route  36.11s / 35.58s / 101.5%  filo2  k=8
00:35:12 | i 89 | [ ASYNC BG] bg_ails  83.61s / 80.17s / 104.3%
00:35:12 | i 90 | [HAOS ROLL] k=8  λ=0.8  vb  ac_avg  filo2  P≈0.003821
00:35:13 | i 90 | [ Summary ] cost=158835.00  Δ_S*=+2.58%  Δ_BKS=+2.70%  Δ_S*_BKS=+0.12%  no_improve=106
00:35:13 | i 91 | [HAOS ROLL] k=6  λ=0.2  rb  ac_complete  ails2  P≈0.000342
00:35:13 | i 91 | [Phase 1/3] decompose  0.39s / — / —  λ=0.2  rb ac_complete
00:35:40 | i 91 | [Phase 2/3] route  26.64s / 25.68s / 103.8%  ails2  k=6
00:36:16 | i 90 | [ ASYNC BG] bg_ails  63.76s / 60.00s / 106.3%
00:36:16 | i 91 | [HAOS ROLL] k=6  λ=0.2  rb  ac_complete  ails2  P≈0.000342
00:36:16 | i 91 | [ Summary ] cost=154951.00  Δ_S*=+0.07%  Δ_BKS=+0.19%  Δ_S*_BKS=+0.12%  no_improve=108
00:36:16 | i 92 | [HAOS ROLL] k=2  λ=0.8  rb  ac_complete  ails2  P≈0.001580
00:36:17 | i 92 | [Phase 1/3] decompose  0.40s / — / —  λ=0.8  rb ac_complete
00:37:40 | i 92 | [Phase 2/3] route  83.17s / 81.60s / 101.9%  ails2  k=2
00:37:40 | i 91 | [ ASYNC BG] bg_ails  63.70s / 60.00s / 106.2%
00:37:40 | i 92 | [HAOS ROLL] k=2  λ=0.8  rb  ac_complete  ails2  P≈0.001580
00:37:41 | i 92 | [ Summary ] cost=154876.00  Δ_S*=+0.02%  Δ_BKS=+0.14%  Δ_S*_BKS=+0.12%  no_improve=110
00:37:41 | i 93 | [HAOS ROLL] k=8  λ=0.8  rb  ac_complete  filo  P≈0.002192
00:37:41 | i 93 | [Phase 1/3] decompose  0.38s / — / —  λ=0.8  rb ac_complete
00:38:07 | i 93 | [Phase 2/3] route  26.10s / 25.68s / 101.6%  filo  k=8
00:39:03 | i 92 | [ ASYNC BG] bg_ails  82.70s / 79.64s / 103.8%
00:39:03 | i 93 | [HAOS ROLL] k=8  λ=0.8  rb  ac_complete  filo  P≈0.002192
00:39:03 | i 93 | [ Summary ] cost=154898.00  Δ_S*=+0.04%  Δ_BKS=+0.16%  Δ_S*_BKS=+0.12%  no_improve=112
00:39:03 | i 94 | [HAOS ROLL] k=12  λ=0.8  vb  fcm  ails2  P≈0.000611
00:39:04 | i 94 | [Phase 1/3] decompose  0.89s / — / —  λ=0.8  vb fcm
00:39:31 | i 94 | [Phase 2/3] route  26.88s / 14.70s / 182.9%  ails2  k=12
00:40:06 | i 93 | [ ASYNC BG] bg_ails  63.59s / 60.00s / 106.0%
00:40:07 | i 94 | [HAOS ROLL] k=12  λ=0.8  vb  fcm  ails2  P≈0.000611
00:40:07 | i 94 | [ Summary ] cost=160452.00  Δ_S*=+3.63%  Δ_BKS=+3.75%  Δ_S*_BKS=+0.12%  no_improve=114
00:40:07 | i 95 | [HAOS ROLL] k=6  λ=0.8  rb  kmeans  filo2  P≈0.001241
00:40:07 | i 95 | [Phase 1/3] decompose  0.40s / — / —  λ=0.8  rb kmeans
00:40:42 | i 95 | [Phase 2/3] route  35.12s / 34.68s / 101.3%  filo2  k=6
00:41:10 | i 94 | [ ASYNC BG] bg_ails  63.73s / 60.00s / 106.2%
00:41:10 | i 95 | [HAOS ROLL] k=6  λ=0.8  rb  kmeans  filo2  P≈0.001241
00:41:11 | i 95 | [ Summary ] cost=154902.00  Δ_S*=+0.04%  Δ_BKS=+0.16%  Δ_S*_BKS=+0.12%  no_improve=116
00:41:11 | i 96 | [HAOS ROLL] k=2  λ=0.4  rb  ac_complete  filo  P≈0.000802
00:41:11 | i 96 | [Phase 1/3] decompose  0.37s / — / —  λ=0.4  rb ac_complete
00:42:33 | i 96 | [Phase 2/3] route  82.18s / 81.60s / 100.7%  filo  k=2
00:42:33 | i 95 | [ ASYNC BG] bg_ails  63.70s / 60.00s / 106.2%
00:42:33 | i 96 | [HAOS ROLL] k=2  λ=0.4  rb  ac_complete  filo  P≈0.000802
00:42:34 | i 96 | [ Summary ] cost=155119.00  Δ_S*=+0.18%  Δ_BKS=+0.30%  Δ_S*_BKS=+0.12%  no_improve=118
00:42:34 | i 97 | [HAOS ROLL] k=6  λ=0.8  vb  ac_complete  filo  P≈0.003927
00:42:34 | i 97 | [Phase 1/3] decompose  0.53s / — / —  λ=0.8  vb ac_complete
00:43:21 | i 97 | [Phase 2/3] route  47.13s / 47.28s / 99.7%  filo  k=6
00:43:56 | i 96 | [ ASYNC BG] bg_ails  82.76s / 79.64s / 103.9%
00:43:56 | i 97 | [HAOS ROLL] k=6  λ=0.8  vb  ac_complete  filo  P≈0.003927
00:43:56 | i 97 | [ Summary ] cost=157096.00  Δ_S*=+1.46%  Δ_BKS=+1.58%  Δ_S*_BKS=+0.12%  no_improve=120
00:43:56 | i 98 | [HAOS ROLL] k=2  λ=0.4  rb  ac_complete  filo2  P≈0.001285
00:43:57 | i 98 | [Phase 1/3] decompose  0.37s / — / —  λ=0.4  rb ac_complete
00:45:19 | i 98 | [Phase 2/3] route  82.17s / 81.60s / 100.7%  filo2  k=2
00:45:19 | i 98 | [HAOS ROLL] k=2  λ=0.4  rb  ac_complete  filo2  P≈0.001285
00:45:19 | i 98 | [ Summary ] cost=154957.00  Δ_S*=+0.08%  Δ_BKS=+0.20%  Δ_S*_BKS=+0.12%  no_improve=121
00:45:19 | i — | [  FINAL  ] async BG-AILS totals launched=96 applied=96 adopted=6 launch_skipped_cap=2 crashes=0 discarded_in_flight=False block_wait_total_s=2152.1
00:45:50 | i — | [  FINAL  ] async SP/SC totals invocations=6 adopted=2 skipped=0 discarded_in_flight=True sp_busy_frac=0.7306008203717793
00:45:50 | i — | [  FINAL  ] ════════════════════════════════════════
00:45:50 | i — | [  FINAL  ] Run complete  iterations=98  elapsed=02:01:41  best=154838.00
00:45:50 | i — | [  FINAL  ] Δ_BKS=+0.12%  no_improve_stop=False  time_stop=True  cancelled=False
00:45:50 | i — | [  FINAL  ] 
00:45:50 | i — | [  FINAL  ] [BEST SOLUTION — HAOS TAG SUMMARY]
00:45:50 | i — | [  FINAL  ] ────────────────────────────────────────
00:45:50 | i — | [  FINAL  ]   44 routes  rb  ac_avg  k=12  λ=0.4  solver=filo2
00:45:50 | i — | [  FINAL  ]   9 routes  vb  ac_avg  k=8  λ=1.0  solver=filo
00:45:50 | i — | [  FINAL  ]   8 routes  rb  ac_complete  k=3  λ=1.0  solver=ails2
00:45:50 | i — | [  FINAL  ]   5 routes  vb  ac_complete  k=10  λ=0.4  solver=filo2
00:45:50 | i — | [  FINAL  ]   5 routes  rb  ac_avg  k=10  λ=0.4  solver=filo
00:45:50 | i — | [  FINAL  ]   4 routes  rb  kmeans  k=2  λ=0.0  solver=filo
00:45:50 | i — | [  FINAL  ]   3 routes  vb  fcm  k=10  λ=0.8  solver=ails2
00:45:50 | i — | [  FINAL  ]   3 routes  vb  ac_avg  k=10  λ=0.8  solver=ails2
00:45:50 | i — | [  FINAL  ]   3 routes  rb  ac_complete  k=2  λ=0.2  solver=pyvrp
00:45:50 | i — | [  FINAL  ]   2 routes  rb  ac_avg  k=10  λ=0.6  solver=filo
00:45:50 | i — | [  FINAL  ]   2 routes  rb  ac_complete  k=6  λ=0.6  solver=filo
00:45:50 | i — | [  FINAL  ]   2 routes  vb  ac_avg  k=2  λ=0.8  solver=filo2
00:45:50 | i — | [  FINAL  ]   1 routes  vb  ac_complete  k=3  λ=0.8  solver=ails2
00:45:50 | i — | [  FINAL  ]   1 routes  vb  ac_complete  k=2  λ=1.0  solver=filo
00:45:50 | i — | [  FINAL  ]   1 routes  vb  kmedoids  k=3  λ=0.8  solver=filo2
00:45:50 | i — | [  FINAL  ]   38 routes  post-SP/SC improvement
00:45:50 | i — | [  FINAL  ] 
00:45:50 | i — | [  FINAL  ] [ROUTE POOL — HAOS TAG SUMMARY]
00:45:50 | i — | [  FINAL  ] ────────────────────────────────────────
00:45:50 | i — | [  FINAL  ]   204 routes  vb  ac_complete  k=10  λ=0.4  solver=filo2
00:45:50 | i — | [  FINAL  ]   202 routes  vb  ac_complete  k=10  λ=0.6  solver=filo
00:45:50 | i — | [  FINAL  ]   201 routes  vb  ac_complete  k=12  λ=0.8  solver=pyvrp
00:45:50 | i — | [  FINAL  ]   199 routes  rb  ac_complete  k=2  λ=0.8  solver=ails2
00:45:50 | i — | [  FINAL  ]   193 routes  vb  fcm  k=12  λ=0.8  solver=pyvrp
00:45:50 | i — | [  FINAL  ]   189 routes  vb  ac_avg  k=6  λ=0.8  solver=pyvrp
00:45:50 | i — | [  FINAL  ]   186 routes  vb  ac_avg  k=8  λ=1.0  solver=filo
00:45:50 | i — | [  FINAL  ]   183 routes  rb  ac_complete  k=2  λ=0.2  solver=pyvrp
00:45:50 | i — | [  FINAL  ]   177 routes  vb  kmeans  k=8  λ=0.4  solver=filo2
00:45:50 | i — | [  FINAL  ]   177 routes  vb  fcm  k=12  λ=0.8  solver=ails2
00:45:50 | i — | [  FINAL  ]   176 routes  vb  fcm  k=10  λ=0.8  solver=ails2
00:45:50 | i — | [  FINAL  ]   176 routes  vb  ac_complete  k=2  λ=1.0  solver=filo
00:45:50 | i — | [  FINAL  ]   171 routes  vb  ac_complete  k=2  λ=0.8  solver=ails2
00:45:50 | i — | [  FINAL  ]   170 routes  rb  ac_complete  k=3  λ=1.0  solver=ails2
00:45:50 | i — | [  FINAL  ]   169 routes  rb  ac_avg  k=10  λ=0.6  solver=filo
00:45:50 | i — | [  FINAL  ]   163 routes  vb  fcm  k=8  λ=0.6  solver=filo
00:45:50 | i — | [  FINAL  ]   160 routes  vb  kmeans  k=6  λ=0.4  solver=ails2
00:45:50 | i — | [  FINAL  ]   158 routes  vb  ac_complete  k=3  λ=0.8  solver=ails2
00:45:50 | i — | [  FINAL  ]   157 routes  vb  fcm  k=8  λ=1.0  solver=filo
00:45:50 | i — | [  FINAL  ]   156 routes  vb  ac_avg  k=10  λ=1.0  solver=ails2
00:45:50 | i — | [  FINAL  ]   150 routes  vb  kmedoids  k=8  λ=0.8  solver=filo2
00:45:50 | i — | [  FINAL  ]   149 routes  vb  ac_avg  k=10  λ=0.8  solver=ails2
00:45:50 | i — | [  FINAL  ]   148 routes  vb  ac_avg  k=2  λ=1.0  solver=filo2
00:45:50 | i — | [  FINAL  ]   147 routes  rb  ac_avg  k=3  λ=0.6  solver=ails2
00:45:50 | i — | [  FINAL  ]   146 routes  vb  ac_avg  k=6  λ=0.8  solver=filo2
00:45:50 | i — | [  FINAL  ]   145 routes  rb  kmeans  k=2  λ=0.0  solver=filo
00:45:50 | i — | [  FINAL  ]   145 routes  vb  kmeans  k=4  λ=0.6  solver=ails2
00:45:50 | i — | [  FINAL  ]   145 routes  vb  ac_avg  k=8  λ=0.6  solver=filo
00:45:50 | i — | [  FINAL  ]   145 routes  vb  ac_avg  k=8  λ=0.8  solver=filo2
00:45:50 | i — | [  FINAL  ]   145 routes  rb  ac_complete  k=2  λ=0.4  solver=filo
00:45:50 | i — | [  FINAL  ]   142 routes  vb  kmeans  k=3  λ=0.6  solver=filo2
00:45:50 | i — | [  FINAL  ]   142 routes  vb  ac_avg  k=3  λ=0.8  solver=filo2
00:45:50 | i — | [  FINAL  ]   135 routes  vb  fcm  k=4  λ=0.4  solver=ails2
00:45:50 | i — | [  FINAL  ]   133 routes  vb  kmedoids  k=8  λ=0.6  solver=filo
00:45:50 | i — | [  FINAL  ]   132 routes  rb  ac_avg  k=2  λ=0.2  solver=filo
00:45:50 | i — | [  FINAL  ]   131 routes  vb  ac_avg  k=6  λ=0.2  solver=ails2
00:45:50 | i — | [  FINAL  ]   131 routes  vb  kmedoids  k=3  λ=0.8  solver=filo2
00:45:50 | i — | [  FINAL  ]   130 routes  vb  ac_avg  k=2  λ=0.8  solver=filo2
00:45:50 | i — | [  FINAL  ]   130 routes  vb  ac_avg  k=8  λ=0.8  solver=ails2
00:45:50 | i — | [  FINAL  ]   128 routes  vb  fcm  k=2  λ=0.8  solver=ails2
00:45:50 | i — | [  FINAL  ]   127 routes  vb  ac_complete  k=8  λ=0.6  solver=ails2
00:45:50 | i — | [  FINAL  ]   125 routes  rb  ac_avg  k=10  λ=0.4  solver=filo
00:45:50 | i — | [  FINAL  ]   123 routes  rb  ac_complete  k=6  λ=0.6  solver=filo
00:45:50 | i — | [  FINAL  ]   123 routes  vb  ac_complete  k=10  λ=1.0  solver=ails2
00:45:50 | i — | [  FINAL  ]   123 routes  vb  ac_complete  k=8  λ=0.8  solver=filo
00:45:50 | i — | [  FINAL  ]   122 routes  vb  ac_complete  k=8  λ=0.0  solver=ails2
00:45:50 | i — | [  FINAL  ]   116 routes  vb  kmeans  k=2  λ=0.6  solver=filo2
00:45:50 | i — | [  FINAL  ]   114 routes  vb  kmedoids  k=4  λ=0.2  solver=ails2
00:45:50 | i — | [  FINAL  ]   114 routes  vb  ac_complete  k=6  λ=0.6  solver=ails2
00:45:50 | i — | [  FINAL  ]   114 routes  vb  ac_complete  k=6  λ=0.6  solver=filo2
00:45:50 | i — | [  FINAL  ]   113 routes  vb  ac_avg  k=8  λ=1.0  solver=filo2
00:45:50 | i — | [  FINAL  ]   113 routes  rb  kmeans  k=6  λ=0.8  solver=filo2
00:45:50 | i — | [  FINAL  ]   111 routes  vb  ac_complete  k=8  λ=1.0  solver=filo2
00:45:50 | i — | [  FINAL  ]   109 routes  vb  kmedoids  k=8  λ=0.6  solver=pyvrp
00:45:50 | i — | [  FINAL  ]   94 routes  vb  kmedoids  k=2  λ=0.6  solver=filo2
00:45:50 | i — | [  FINAL  ]   93 routes  vb  kmedoids  k=8  λ=0.6  solver=ails2
00:45:50 | i — | [  FINAL  ]   89 routes  vb  fcm  k=10  λ=0.4  solver=ails2
00:45:50 | i — | [  FINAL  ]   85 routes  vb  ac_avg  k=10  λ=0.8  solver=filo
00:45:50 | i — | [  FINAL  ]   81 routes  vb  ac_complete  k=2  λ=1.0  solver=ails2
00:45:50 | i — | [  FINAL  ]   80 routes  vb  ac_avg  k=3  λ=0.6  solver=filo
00:45:50 | i — | [  FINAL  ]   76 routes  rb  ac_complete  k=8  λ=0.0  solver=filo
00:45:50 | i — | [  FINAL  ]   73 routes  rb  ac_avg  k=10  λ=0.0  solver=ails2
00:45:50 | i — | [  FINAL  ]   72 routes  rb  ac_complete  k=2  λ=0.4  solver=filo2
00:45:50 | i — | [  FINAL  ]   69 routes  rb  ac_complete  k=6  λ=0.2  solver=ails2
00:45:50 | i — | [  FINAL  ]   66 routes  vb  ac_complete  k=6  λ=0.8  solver=filo
00:45:50 | i — | [  FINAL  ]   65 routes  rb  ac_complete  k=3  λ=0.0  solver=filo2
00:45:50 | i — | [  FINAL  ]   62 routes  rb  kmeans  k=2  λ=0.2  solver=ails2
00:45:50 | i — | [  FINAL  ]   61 routes  rb  ac_complete  k=3  λ=0.4  solver=filo2
00:45:50 | i — | [  FINAL  ]   58 routes  rb  ac_avg  k=12  λ=0.4  solver=filo2
00:45:50 | i — | [  FINAL  ]   56 routes  rb  ac_complete  k=2  λ=0.4  solver=ails2
00:45:50 | i — | [  FINAL  ]   54 routes  rb  kmeans  k=8  λ=1.0  solver=ails2
00:45:50 | i — | [  FINAL  ]   52 routes  rb  kmeans  k=4  λ=0.6  solver=filo2
00:45:50 | i — | [  FINAL  ]   52 routes  rb  ac_complete  k=6  λ=0.4  solver=ails2
00:45:50 | i — | [  FINAL  ]   49 routes  rb  ac_complete  k=8  λ=0.4  solver=filo
00:45:50 | i — | [  FINAL  ]   49 routes  rb  ac_complete  k=8  λ=0.8  solver=filo
00:45:50 | i — | [  FINAL  ]   40 routes  vb  kmedoids  k=6  λ=0.6  solver=filo
00:45:50 | i — | [  FINAL  ]   38 routes  vb  kmeans  k=8  λ=0.0  solver=filo2
00:45:50 | i — | [  FINAL  ]   28 routes  rb  kmeans  k=6  λ=0.0  solver=ails2
00:45:50 | i — | [  FINAL  ]   24 routes  vb  ac_complete  k=2  λ=0.6  solver=filo
00:45:50 | i — | [  FINAL  ]   24 routes  vb  ac_complete  k=10  λ=0.8  solver=filo2
00:45:50 | i — | [  FINAL  ]   22 routes  vb  ac_avg  k=4  λ=0.6  solver=filo
00:45:50 | i — | [  FINAL  ]   21 routes  vb  kmeans  k=2  λ=0.6  solver=ails2
00:45:50 | i — | [  FINAL  ]   21 routes  rb  kmeans  k=10  λ=0.2  solver=filo2
00:45:50 | i — | [  FINAL  ]   20 routes  rb  ac_complete  k=6  λ=0.4  solver=filo2
00:45:50 | i — | [  FINAL  ]   20 routes  rb  kmeans  k=12  λ=0.2  solver=filo
00:45:50 | i — | [  FINAL  ]   19 routes  vb  ac_complete  k=12  λ=0.8  solver=ails2
00:45:50 | i — | [  FINAL  ]   19 routes  vb  ac_avg  k=3  λ=0.8  solver=filo
00:45:50 | i — | [  FINAL  ]   17 routes  vb  ac_complete  k=8  λ=0.8  solver=ails2
00:45:50 | i — | [  FINAL  ]   17 routes  vb  kmeans  k=3  λ=0.6  solver=filo
00:45:50 | i — | [  FINAL  ]   15 routes  vb  ac_avg  k=2  λ=0.6  solver=filo2
00:45:50 | i — | [  FINAL  ]   14 routes  rb  kmeans  k=12  λ=0.8  solver=ails2
00:45:50 | i — | [  FINAL  ]   14 routes  vb  kmedoids  k=2  λ=0.8  solver=filo2
00:45:50 | i — | [  FINAL  ]   178 routes  post-SP/SC improvement
00:45:50 | i — | [  FINAL  ] ════════════════════════════════════════
