13:28:21 | i — | [  INIT   ] ════════════════════════════════════════
13:28:21 | i — | [  INIT   ] DRISPI  instance=X-n3287-k30  n=3286  capacity=111
13:28:21 | i — | [  INIT   ] k domain (computed at init): [2, 3, 4, 6, 8, 10, 12]  k_ext=3  k_min=30  k_ext_bound=route_bound  spacing_rejected=0
13:28:21 | i — | [  INIT   ] ══════════════════════════════════════════════════════
13:28:21 | i — | [  INIT   ] CONFIGURATION
13:28:21 | i — | [  INIT   ] ── stopping ────────────────────────────────
13:28:21 | i — | [  INIT   ]   time_limit                  = 7200.0
13:28:21 | i — | [  INIT   ]   max_no_improve              = 1000000000
13:28:21 | i — | [  INIT   ] ── parallelism ─────────────────────────────
13:28:21 | i — | [  INIT   ]   n_workers                   = 8
13:28:21 | i — | [  INIT   ] ── cores ───────────────────────────────────
13:28:21 | i — | [  INIT   ]   cores_total                 = 8
13:28:21 | i — | [  INIT   ]   cores_dri                   = 6
13:28:21 | i — | [  INIT   ]   cores_bg                    = 1
13:28:21 | i — | [  INIT   ]   cores_sp                    = 1
13:28:21 | i — | [  INIT   ]   cores_cpu_list              = None
13:28:21 | i — | [  INIT   ] ── sp/sc ───────────────────────────────────
13:28:21 | i — | [  INIT   ]   sp_sc_mode                  = async
13:28:21 | i — | [  INIT   ]   sp_sc_trigger               = wallclock
13:28:21 | i — | [  INIT   ]   interval_minutes            = 20.0
13:28:21 | i — | [  INIT   ]   overlap_policy              = skip
13:28:21 | i — | [  INIT   ]   warmup_iterations           = 5
13:28:21 | i — | [  INIT   ]   sp_interval                 = 3
13:28:21 | i — | [  INIT   ]   min_coverage                = 5
13:28:21 | i — | [  INIT   ]   sp_time_limit               = 720.0
13:28:21 | i — | [  INIT   ]   mip_gap                     = 0.00025
13:28:21 | i — | [  INIT   ] ── decomposition ───────────────────────────
13:28:21 | i — | [  INIT   ]   decomp_k_base_arms          = [2, 3, 4, 6, 8, 10, 12]
13:28:21 | i — | [  INIT   ]   decomp_k_max_arms           = 10
13:28:21 | i — | [  INIT   ]   decomp_k_ext_per_1000       = 4
13:28:21 | i — | [  INIT   ]   decomp_k_min_routes_per_cluster= 8
13:28:21 | i — | [  INIT   ]   decomp_k_min_arm_spacing    = 2
13:28:21 | i — | [  INIT   ]   subcluster_rate_s_per_customer= 0.06
13:28:21 | i — | [  INIT   ]   subcluster_floor_s          = 5.0
13:28:21 | i — | [  INIT   ] ── bg_ails ─────────────────────────────────
13:28:21 | i — | [  INIT   ]   bg_ails_mode                = async
13:28:21 | i — | [  INIT   ]   bg_ails_crash_threshold     = 1
13:28:21 | i — | [  INIT   ]   bg_ails_budget_mode         = predicted_dr_wall
13:28:21 | i — | [  INIT   ]   bg_ails_budget_floor_s      = 60.0
13:28:21 | i — | [  INIT   ]   bg_ails_budget_margin       = 1.0
13:28:21 | i — | [  INIT   ]   bg_ails_wall_model_scale    = 0.976
13:28:21 | i — | [  INIT   ]   bg_ails_wall_model_wave_exponent= -0.18
13:28:21 | i — | [  INIT   ]   bg_ails_initial_omega       = 10
13:28:21 | i — | [  INIT   ]   bg_ails_boundary_threshold  = 0.5
13:28:21 | i — | [  INIT   ]   bg_ails_small_cluster_cap   = 20
13:28:21 | i — | [  INIT   ]   bg_ails_small_cluster_alpha = 0.5
13:28:21 | i — | [  INIT   ]   bg_ails_pair_selection      = greedy
13:28:21 | i — | [  INIT   ]   bg_ails_n_chains_mode       = k
13:28:21 | i — | [  INIT   ] ── standard_improvement ────────────────────
13:28:21 | i — | [  INIT   ]   standard_improvement_time_limit= 360.0
13:28:21 | i — | [  INIT   ] ── pool ────────────────────────────────────
13:28:21 | i — | [  INIT   ]   max_pool_size               = 10000
13:28:21 | i — | [  INIT   ]   pool_diversity_weight       = 0.5
13:28:21 | i — | [  INIT   ] ── haos ────────────────────────────────────
13:28:21 | i — | [  INIT   ]   haos_decay                  = 0.95
13:28:21 | i — | [  INIT   ]   haos_warmup                 = 10
13:28:21 | i — | [  INIT   ]   haos_starting_weight        = 10.0
13:28:21 | i — | [  INIT   ]   haos_min_weight_k           = 0.025
13:28:21 | i — | [  INIT   ]   haos_min_weight_lambda      = 0.05
13:28:21 | i — | [  INIT   ]   haos_min_weight_paradigm    = 0.1
13:28:21 | i — | [  INIT   ]   haos_min_weight_vertex_method= 0.05
13:28:21 | i — | [  INIT   ]   haos_min_weight_route_method= 0.05
13:28:21 | i — | [  INIT   ]   haos_min_weight_solver      = 0.05
13:28:21 | i — | [  INIT   ]   haos_lambda_demand_values   = [0.0, 0.2, 0.4, 0.6, 0.8, 1.0]
13:28:21 | i — | [  INIT   ]   haos_paradigm_values        = ['vertex', 'route']
13:28:21 | i — | [  INIT   ]   haos_vertex_method_values   = ['kmeans', 'agglomerative_avg', 'agglomerative_complete', 'kmedoids', 'fcm']
13:28:21 | i — | [  INIT   ]   haos_route_method_values    = ['kmeans', 'agglomerative_avg', 'agglomerative_complete']
13:28:21 | i — | [  INIT   ]   haos_solver_values          = ['pyvrp', 'filo', 'filo2', 'ails2']
13:28:21 | i — | [  INIT   ] ── haos_rewards ────────────────────────────
13:28:21 | i — | [  INIT   ]   haos_reward_new_best        = 10.0
13:28:21 | i — | [  INIT   ]   haos_reward_improvement     = 4.0
13:28:21 | i — | [  INIT   ]   haos_reward_no_improvement  = 1.0
13:28:21 | i — | [  INIT   ]   haos_reward_no_solution     = 0.0
13:28:21 | i — | [  INIT   ]   haos_deferred_new_best      = 7.0
13:28:21 | i — | [  INIT   ]   haos_deferred_improvement   = 3.0
13:28:21 | i — | [  INIT   ]   haos_deferred_no_improvement= 0.0
13:28:21 | i — | [  INIT   ] ── seed ────────────────────────────────────
13:28:21 | i — | [  INIT   ]   seed                        = 20
13:28:21 | i — | [  INIT   ] ── output ──────────────────────────────────
13:28:21 | i — | [  INIT   ]   output_dir                  = /app/artifacts/final_benchmark/runs/X-n3287-k30/seed20
13:28:21 | i — | [  INIT   ]   run_analysis                = False
13:28:21 | i — | [  INIT   ] ══════════════════════════════════════════════════════
13:28:21 | i — | [  INIT   ] BKS=40190.00
13:28:21 | i — | [  INIT   ] ════════════════════════════════════════
13:28:21 | i 1 | [HAOS ROLL] k=3  λ=0.8  vb  kmeans  pyvrp  P≈0.000595
13:28:26 | i 1 | [Phase 1/3] decompose  4.47s / — / —  λ=0.8  vb kmeans
13:30:23 | i 1 | [Phase 2/3] route  117.14s / 108.00s / 108.5%  pyvrp  k=3
13:30:23 | i 1 | [ IMPROVE ] 41733.00  via decompose_route  ·  Δ_BKS=+3.84%
13:30:23 | i 1 | [HAOS ROLL] k=3  λ=0.8  vb  kmeans  pyvrp  P≈0.000595
13:30:23 | i 1 | [ Summary ] cost=41733.00  Δ_S*=+0.00%  Δ_BKS=+3.84%  Δ_S*_BKS=+3.84%  no_improve=0
13:30:23 | i 2 | [HAOS ROLL] k=10  λ=1.0  vb  kmedoids  filo2  P≈0.000595
13:30:24 | i 2 | [Phase 1/3] decompose  1.68s / — / —  λ=1.0  vb kmedoids
13:31:19 | i 2 | [Phase 2/3] route  54.12s / 53.58s / 101.0%  filo2  k=10
13:32:13 | i 1 | [ IMPROVE ] 40818.00  via bg_ails  ·  Δ_BKS=+1.56%
13:32:13 | i 1 | [ ASYNC BG] bg_ails  109.96s / 105.41s / 104.3%
13:32:13 | i 2 | [HAOS ROLL] k=10  λ=1.0  vb  kmedoids  filo2  P≈0.000595
13:32:13 | i 2 | [ Summary ] cost=47457.00  Δ_S*=+16.26%  Δ_BKS=+18.08%  Δ_S*_BKS=+1.56%  no_improve=1
13:32:13 | i 3 | [HAOS ROLL] k=8  λ=1.0  vb  ac_avg  ails2  P≈0.000595
13:32:14 | i 3 | [Phase 1/3] decompose  1.20s / — / —  λ=1.0  vb ac_avg
13:33:55 | i 3 | [Phase 2/3] route  100.94s / 98.94s / 102.0%  ails2  k=8
13:33:55 | i 2 | [ ASYNC BG] bg_ails  79.96s / 75.37s / 106.1%
13:33:55 | i 3 | [HAOS ROLL] k=8  λ=1.0  vb  ac_avg  ails2  P≈0.000595
13:33:55 | i 3 | [ Summary ] cost=45064.00  Δ_S*=+10.40%  Δ_BKS=+12.13%  Δ_S*_BKS=+1.56%  no_improve=3
13:33:55 | i 4 | [HAOS ROLL] k=4  λ=0.8  rb  kmeans  filo2  P≈0.000992
13:33:56 | i 4 | [Phase 1/3] decompose  0.84s / — / —  λ=0.8  rb kmeans
13:35:21 | i 4 | [Phase 2/3] route  85.20s / 85.14s / 100.1%  filo2  k=4
13:35:29 | i 3 | [ ASYNC BG] bg_ails  94.19s / 89.55s / 105.2%
13:35:29 | i 4 | [HAOS ROLL] k=4  λ=0.8  rb  kmeans  filo2  P≈0.000992
13:35:29 | i 4 | [ Summary ] cost=40866.00  Δ_S*=+0.12%  Δ_BKS=+1.68%  Δ_S*_BKS=+1.56%  no_improve=5
13:35:29 | i 5 | [HAOS ROLL] k=10  λ=0.4  vb  ac_complete  pyvrp  P≈0.000595
13:35:30 | i 5 | [Phase 1/3] decompose  1.12s / — / —  λ=0.4  vb ac_complete
13:36:48 | i 5 | [Phase 2/3] route  77.96s / 73.74s / 105.7%  pyvrp  k=10
13:36:58 | i 4 | [ IMPROVE ] 40790.00  via bg_ails  ·  Δ_BKS=+1.49%
13:36:58 | i 4 | [ ASYNC BG] bg_ails  88.53s / 83.10s / 106.5%
13:36:58 | i 5 | [HAOS ROLL] k=10  λ=0.4  vb  ac_complete  pyvrp  P≈0.000595
13:36:58 | i 5 | [ Summary ] cost=47152.00  Δ_S*=+15.60%  Δ_BKS=+17.32%  Δ_S*_BKS=+1.49%  no_improve=1
13:36:58 | i 6 | [HAOS ROLL] k=3  λ=0.2  rb  ac_avg  ails2  P≈0.000992
13:36:58 | i 6 | [Phase 1/3] decompose  0.83s / — / —  λ=0.2  rb ac_avg
13:38:46 | i 6 | [Phase 2/3] route  107.41s / 105.54s / 101.8%  ails2  k=3
13:38:58 | i 5 | [ ASYNC BG] bg_ails  119.96s / 115.17s / 104.2%
13:38:58 | i 6 | [ IMPROVE ] 40700.00  via decompose_route  ·  Δ_BKS=+1.27%
13:38:58 | i 6 | [HAOS ROLL] k=3  λ=0.2  rb  ac_avg  ails2  P≈0.000992
13:38:58 | i 6 | [ Summary ] cost=40700.00  Δ_S*=+0.00%  Δ_BKS=+1.27%  Δ_S*_BKS=+1.27%  no_improve=0
13:38:58 | i 7 | [HAOS ROLL] k=2  λ=0.4  rb  ac_avg  filo2  P≈0.000992
13:38:59 | i 7 | [Phase 1/3] decompose  0.89s / — / —  λ=0.4  rb ac_avg
13:40:45 | i 7 | [Phase 2/3] route  106.26s / 105.54s / 100.7%  filo2  k=2
13:40:46 | i 6 | [ IMPROVE ] 40651.00  via bg_ails  ·  Δ_BKS=+1.15%
13:40:46 | i 6 | [ ASYNC BG] bg_ails  108.00s / 103.01s / 104.8%
13:40:46 | i 7 | [HAOS ROLL] k=2  λ=0.4  rb  ac_avg  filo2  P≈0.000992
13:40:46 | i 7 | [ Summary ] cost=40865.00  Δ_S*=+0.53%  Δ_BKS=+1.68%  Δ_S*_BKS=+1.15%  no_improve=1
13:40:46 | i 8 | [HAOS ROLL] k=10  λ=1.0  vb  ac_avg  ails2  P≈0.000595
13:40:47 | i 8 | [Phase 1/3] decompose  1.17s / — / —  λ=1.0  vb ac_avg
13:42:28 | i 8 | [Phase 2/3] route  100.95s / 98.94s / 102.0%  ails2  k=10
13:42:34 | i 7 | [ ASYNC BG] bg_ails  108.08s / 103.01s / 104.9%
13:42:34 | i 8 | [HAOS ROLL] k=10  λ=1.0  vb  ac_avg  ails2  P≈0.000595
13:42:34 | i 8 | [ Summary ] cost=46386.00  Δ_S*=+14.11%  Δ_BKS=+15.42%  Δ_S*_BKS=+1.15%  no_improve=3
13:42:34 | i 9 | [HAOS ROLL] k=8  λ=0.2  rb  ac_avg  ails2  P≈0.000992
13:42:35 | i 9 | [Phase 1/3] decompose  0.83s / — / —  λ=0.2  rb ac_avg
13:43:29 | i 9 | [Phase 2/3] route  54.28s / 52.20s / 104.0%  ails2  k=8
13:44:08 | i 8 | [ ASYNC BG] bg_ails  94.11s / 89.55s / 105.1%
13:44:08 | i 9 | [HAOS ROLL] k=8  λ=0.2  rb  ac_avg  ails2  P≈0.000992
13:44:08 | i 9 | [ Summary ] cost=40651.00  Δ_S*=+0.00%  Δ_BKS=+1.15%  Δ_S*_BKS=+1.15%  no_improve=5
13:44:08 | i 10 | [HAOS ROLL] k=2  λ=0.0  vb  kmeans  ails2  P≈0.000595
13:44:08 | i 10 | [Phase 1/3] decompose  0.64s / — / —  λ=0.0  vb kmeans
13:45:59 | i 10 | [Phase 2/3] route  110.30s / 108.24s / 101.9%  ails2  k=2
13:45:59 | i 9 | [ ASYNC BG] bg_ails  67.12s / 62.18s / 107.9%
13:45:59 | i 10 | [HAOS ROLL] k=2  λ=0.0  vb  kmeans  ails2  P≈0.000595
13:45:59 | i 10 | [ Summary ] cost=41111.00  Δ_S*=+1.13%  Δ_BKS=+2.29%  Δ_S*_BKS=+1.15%  no_improve=7
13:45:59 | i 6 | [ASYNC 1/2] sp_sc  0.09s / 720.00s / 0.0%  SP  avg_coverage=10.90/5  pool=342
13:45:59 | i 6 | [ASYNC 2/2] standard_ails  364.16s / 360.00s / 101.2%
13:45:59 | i 6 | [ IMPROVE ] 40534.00  via standard_ails  ·  Δ_BKS=+0.86%
13:45:59 | i 11 | [HAOS ROLL] k=8  λ=0.4  vb  ac_complete  ails2  P≈0.000595
13:46:00 | i 11 | [Phase 1/3] decompose  1.09s / — / —  λ=0.4  vb ac_complete
13:47:20 | i 11 | [Phase 2/3] route  80.06s / 77.64s / 103.1%  ails2  k=8
13:47:49 | i 10 | [ ASYNC BG] bg_ails  110.06s / 105.64s / 104.2%
13:47:49 | i 11 | [HAOS ROLL] k=8  λ=0.4  vb  ac_complete  ails2  P≈0.000595
13:47:49 | i 11 | [ Summary ] cost=45198.00  Δ_S*=+11.51%  Δ_BKS=+12.46%  Δ_S*_BKS=+0.86%  no_improve=2
13:47:49 | i 12 | [HAOS ROLL] k=10  λ=0.2  rb  ac_avg  filo2  P≈0.002130
13:47:50 | i 12 | [Phase 1/3] decompose  0.81s / — / —  λ=0.2  rb ac_avg
13:48:43 | i 12 | [Phase 2/3] route  53.13s / 53.28s / 99.7%  filo2  k=10
13:49:52 | i 11 | [ ASYNC BG] bg_ails  122.99s / 118.53s / 103.8%
13:49:52 | i 12 | [HAOS ROLL] k=10  λ=0.2  rb  ac_avg  filo2  P≈0.002130
13:49:52 | i 12 | [ Summary ] cost=40605.00  Δ_S*=+0.18%  Δ_BKS=+1.03%  Δ_S*_BKS=+0.86%  no_improve=4
13:49:52 | i 13 | [HAOS ROLL] k=4  λ=0.2  vb  ac_avg  filo  P≈0.000472
13:49:53 | i 13 | [Phase 1/3] decompose  1.15s / — / —  λ=0.2  vb ac_avg
13:51:41 | i 13 | [Phase 2/3] route  108.29s / 108.30s / 100.0%  filo  k=4
13:51:41 | i 12 | [ ASYNC BG] bg_ails  79.12s / 74.54s / 106.1%
13:51:41 | i 13 | [HAOS ROLL] k=4  λ=0.2  vb  ac_avg  filo  P≈0.000472
13:51:41 | i 13 | [ Summary ] cost=42723.00  Δ_S*=+5.40%  Δ_BKS=+6.30%  Δ_S*_BKS=+0.86%  no_improve=6
13:51:41 | i 14 | [HAOS ROLL] k=4  λ=0.4  rb  kmeans  filo2  P≈0.002101
13:51:42 | i 14 | [Phase 1/3] decompose  0.82s / — / —  λ=0.4  rb kmeans
13:52:49 | i 14 | [Phase 2/3] route  67.16s / 66.60s / 100.8%  filo2  k=4
13:53:31 | i 13 | [ ASYNC BG] bg_ails  110.12s / 105.70s / 104.2%
13:53:31 | i 14 | [HAOS ROLL] k=4  λ=0.4  rb  kmeans  filo2  P≈0.002101
13:53:32 | i 14 | [ Summary ] cost=40661.00  Δ_S*=+0.31%  Δ_BKS=+1.17%  Δ_S*_BKS=+0.86%  no_improve=8
13:53:32 | i 15 | [HAOS ROLL] k=4  λ=0.4  rb  kmeans  ails2  P≈0.002218
13:53:32 | i 15 | [Phase 1/3] decompose  0.81s / — / —  λ=0.4  rb kmeans
13:55:21 | i 15 | [Phase 2/3] route  108.79s / 106.56s / 102.1%  ails2  k=4
13:55:21 | i 14 | [ ASYNC BG] bg_ails  69.95s / 65.00s / 107.6%
13:55:21 | i 15 | [HAOS ROLL] k=4  λ=0.4  rb  kmeans  ails2  P≈0.002218
13:55:21 | i 15 | [ Summary ] cost=40703.00  Δ_S*=+0.42%  Δ_BKS=+1.28%  Δ_S*_BKS=+0.86%  no_improve=10
13:55:21 | i 16 | [HAOS ROLL] k=10  λ=1.0  vb  fcm  filo2  P≈0.000381
13:55:22 | i 16 | [Phase 1/3] decompose  1.19s / — / —  λ=1.0  vb fcm
13:56:16 | i 16 | [Phase 2/3] route  53.14s / 35.52s / 149.6%  filo2  k=10
13:57:10 | i 15 | [ ASYNC BG] bg_ails  109.14s / 104.00s / 104.9%
13:57:10 | i 16 | [HAOS ROLL] k=10  λ=1.0  vb  fcm  filo2  P≈0.000381
13:57:10 | i 16 | [ Summary ] cost=47263.00  Δ_S*=+16.60%  Δ_BKS=+17.60%  Δ_S*_BKS=+0.86%  no_improve=12
13:57:10 | i 17 | [HAOS ROLL] k=3  λ=0.6  vb  ac_avg  pyvrp  P≈0.000197
13:57:11 | i 17 | [Phase 1/3] decompose  1.15s / — / —  λ=0.6  vb ac_avg
13:59:08 | i 17 | [Phase 2/3] route  116.99s / 108.30s / 108.0%  pyvrp  k=3
13:59:08 | i 16 | [ ASYNC BG] bg_ails  65.09s / 60.00s / 108.5%
13:59:09 | i 17 | [HAOS ROLL] k=3  λ=0.6  vb  ac_avg  pyvrp  P≈0.000197
13:59:09 | i 17 | [ Summary ] cost=42190.00  Δ_S*=+4.09%  Δ_BKS=+4.98%  Δ_S*_BKS=+0.86%  no_improve=14
13:59:09 | i 18 | [HAOS ROLL] k=4  λ=1.0  rb  ac_complete  filo  P≈0.000954
13:59:09 | i 18 | [Phase 1/3] decompose  0.81s / — / —  λ=1.0  rb ac_complete
14:00:34 | i 18 | [Phase 2/3] route  84.19s / 84.18s / 100.0%  filo  k=4
14:00:59 | i 17 | [ ASYNC BG] bg_ails  110.20s / 105.70s / 104.3%
14:00:59 | i 18 | [HAOS ROLL] k=4  λ=1.0  rb  ac_complete  filo  P≈0.000954
14:00:59 | i 18 | [ Summary ] cost=40773.00  Δ_S*=+0.59%  Δ_BKS=+1.45%  Δ_S*_BKS=+0.86%  no_improve=16
14:00:59 | i 19 | [HAOS ROLL] k=10  λ=1.0  rb  ac_avg  ails2  P≈0.001302
14:01:00 | i 19 | [Phase 1/3] decompose  0.81s / — / —  λ=1.0  rb ac_avg
14:01:55 | i 19 | [Phase 2/3] route  55.33s / 53.28s / 103.8%  ails2  k=10
14:02:26 | i 18 | [ ASYNC BG] bg_ails  86.96s / 82.16s / 105.8%
14:02:26 | i 19 | [HAOS ROLL] k=10  λ=1.0  rb  ac_avg  ails2  P≈0.001302
14:02:26 | i 19 | [ Summary ] cost=40590.00  Δ_S*=+0.14%  Δ_BKS=+1.00%  Δ_S*_BKS=+0.86%  no_improve=18
14:02:26 | i 20 | [HAOS ROLL] k=3  λ=1.0  vb  ac_avg  pyvrp  P≈0.000645
14:02:27 | i 20 | [Phase 1/3] decompose  1.16s / — / —  λ=1.0  vb ac_avg
14:04:24 | i 20 | [Phase 2/3] route  117.11s / 108.30s / 108.1%  pyvrp  k=3
14:04:24 | i 19 | [ ASYNC BG] bg_ails  79.04s / 74.54s / 106.0%
14:04:24 | i 20 | [HAOS ROLL] k=3  λ=1.0  vb  ac_avg  pyvrp  P≈0.000645
14:04:24 | i 20 | [ Summary ] cost=42320.00  Δ_S*=+4.41%  Δ_BKS=+5.30%  Δ_S*_BKS=+0.86%  no_improve=20
14:04:24 | i 21 | [HAOS ROLL] k=4  λ=0.4  vb  kmeans  filo  P≈0.000592
14:04:25 | i 21 | [Phase 1/3] decompose  0.85s / — / —  λ=0.4  vb kmeans
14:05:33 | i 21 | [Phase 2/3] route  68.16s / 67.98s / 100.3%  filo  k=4
14:06:14 | i 20 | [ ASYNC BG] bg_ails  110.14s / 105.70s / 104.2%
14:06:14 | i 21 | [HAOS ROLL] k=4  λ=0.4  vb  kmeans  filo  P≈0.000592
14:06:14 | i 21 | [ Summary ] cost=43084.00  Δ_S*=+6.29%  Δ_BKS=+7.20%  Δ_S*_BKS=+0.86%  no_improve=22
14:06:14 | i 17 | [ASYNC 1/2] sp_sc  1.15s / 720.00s / 0.2%  SP  avg_coverage=32.53/5  pool=1005
14:06:14 | i 17 | [ASYNC 2/2] standard_ails  364.10s / 360.00s / 101.1%
14:06:15 | i 17 | [ IMPROVE ] 40497.00  via standard_ails  ·  Δ_BKS=+0.76%
14:06:15 | i 22 | [HAOS ROLL] k=4  λ=0.6  rb  kmeans  ails2  P≈0.001946
14:06:16 | i 22 | [Phase 1/3] decompose  0.77s / — / —  λ=0.6  rb kmeans
14:07:11 | i 22 | [Phase 2/3] route  54.89s / 53.28s / 103.0%  ails2  k=4
14:07:25 | i 21 | [ ASYNC BG] bg_ails  71.06s / 66.35s / 107.1%
14:07:25 | i 22 | [HAOS ROLL] k=4  λ=0.6  rb  kmeans  ails2  P≈0.001946
14:07:25 | i 22 | [ Summary ] cost=40636.00  Δ_S*=+0.34%  Δ_BKS=+1.11%  Δ_S*_BKS=+0.76%  no_improve=2
14:07:25 | i 23 | [HAOS ROLL] k=6  λ=0.4  rb  ac_complete  ails2  P≈0.000677
14:07:26 | i 23 | [Phase 1/3] decompose  0.80s / — / —  λ=0.4  rb ac_complete
14:08:35 | i 23 | [Phase 2/3] route  68.66s / 66.60s / 103.1%  ails2  k=6
14:08:35 | i 22 | [ ASYNC BG] bg_ails  65.09s / 60.00s / 108.5%
14:08:35 | i 23 | [HAOS ROLL] k=6  λ=0.4  rb  ac_complete  ails2  P≈0.000677
14:08:35 | i 23 | [ Summary ] cost=40562.00  Δ_S*=+0.16%  Δ_BKS=+0.93%  Δ_S*_BKS=+0.76%  no_improve=4
14:08:35 | i 24 | [HAOS ROLL] k=4  λ=0.0  vb  fcm  pyvrp  P≈0.000301
14:08:35 | i 24 | [Phase 1/3] decompose  0.66s / — / —  λ=0.0  vb fcm
14:09:39 | i 24 | [Phase 2/3] route  63.97s / 60.78s / 105.3%  pyvrp  k=4
14:09:45 | i 23 | [ ASYNC BG] bg_ails  70.08s / 65.00s / 107.8%
14:09:45 | i 24 | [HAOS ROLL] k=4  λ=0.0  vb  fcm  pyvrp  P≈0.000301
14:09:45 | i 24 | [ Summary ] cost=43616.00  Δ_S*=+7.70%  Δ_BKS=+8.52%  Δ_S*_BKS=+0.76%  no_improve=6
14:09:45 | i 25 | [HAOS ROLL] k=4  λ=0.0  rb  ac_avg  ails2  P≈0.002149
14:09:46 | i 25 | [Phase 1/3] decompose  0.62s / — / —  λ=0.0  rb ac_avg
14:11:14 | i 25 | [Phase 2/3] route  88.26s / 86.58s / 101.9%  ails2  k=4
14:11:14 | i 24 | [ ASYNC BG] bg_ails  64.91s / 60.00s / 108.2%
14:11:14 | i 25 | [HAOS ROLL] k=4  λ=0.0  rb  ac_avg  ails2  P≈0.002149
14:11:14 | i 25 | [ Summary ] cost=40588.00  Δ_S*=+0.22%  Δ_BKS=+0.99%  Δ_S*_BKS=+0.76%  no_improve=8
14:11:14 | i 26 | [HAOS ROLL] k=10  λ=0.2  rb  ac_complete  filo2  P≈0.000785
14:11:15 | i 26 | [Phase 1/3] decompose  0.89s / — / —  λ=0.2  rb ac_complete
14:11:55 | i 26 | [Phase 2/3] route  40.11s / 39.96s / 100.4%  filo2  k=10
14:12:43 | i 25 | [ ASYNC BG] bg_ails  88.90s / 84.50s / 105.2%
14:12:43 | i 26 | [HAOS ROLL] k=10  λ=0.2  rb  ac_complete  filo2  P≈0.000785
14:12:43 | i 26 | [ Summary ] cost=40671.00  Δ_S*=+0.43%  Δ_BKS=+1.20%  Δ_S*_BKS=+0.76%  no_improve=10
14:12:43 | i 27 | [HAOS ROLL] k=4  λ=0.6  vb  fcm  ails2  P≈0.001269
14:12:44 | i 27 | [Phase 1/3] decompose  0.85s / — / —  λ=0.6  vb fcm
14:13:46 | i 27 | [Phase 2/3] route  62.37s / 60.78s / 102.6%  ails2  k=4
14:13:48 | i 26 | [ ASYNC BG] bg_ails  65.08s / 60.00s / 108.5%
14:13:48 | i 27 | [HAOS ROLL] k=4  λ=0.6  vb  fcm  ails2  P≈0.001269
14:13:48 | i 27 | [ Summary ] cost=43445.00  Δ_S*=+7.28%  Δ_BKS=+8.10%  Δ_S*_BKS=+0.76%  no_improve=12
14:13:48 | i 28 | [HAOS ROLL] k=6  λ=1.0  rb  ac_avg  ails2  P≈0.001540
14:13:49 | i 28 | [Phase 1/3] decompose  0.80s / — / —  λ=1.0  rb ac_avg
14:14:57 | i 28 | [Phase 2/3] route  68.62s / 66.60s / 103.0%  ails2  k=6
14:14:57 | i 27 | [ ASYNC BG] bg_ails  65.09s / 60.00s / 108.5%
14:14:57 | i 28 | [HAOS ROLL] k=6  λ=1.0  rb  ac_avg  ails2  P≈0.001540
14:14:57 | i 28 | [ Summary ] cost=40574.00  Δ_S*=+0.19%  Δ_BKS=+0.96%  Δ_S*_BKS=+0.76%  no_improve=14
14:14:57 | i 29 | [HAOS ROLL] k=6  λ=0.4  vb  kmedoids  filo2  P≈0.000443
14:14:59 | i 29 | [Phase 1/3] decompose  1.35s / — / —  λ=0.4  vb kmedoids
14:15:50 | i 29 | [Phase 2/3] route  51.13s / 51.36s / 99.6%  filo2  k=6
14:16:07 | i 28 | [ ASYNC BG] bg_ails  70.09s / 65.00s / 107.8%
14:16:07 | i 29 | [HAOS ROLL] k=6  λ=0.4  vb  kmedoids  filo2  P≈0.000443
14:16:07 | i 29 | [ Summary ] cost=43213.00  Δ_S*=+6.71%  Δ_BKS=+7.52%  Δ_S*_BKS=+0.76%  no_improve=16
14:16:07 | i 30 | [HAOS ROLL] k=2  λ=0.4  rb  kmeans  ails2  P≈0.002001
14:16:08 | i 30 | [Phase 1/3] decompose  0.80s / — / —  λ=0.4  rb kmeans
14:17:57 | i 30 | [Phase 2/3] route  108.34s / 106.56s / 101.7%  ails2  k=2
14:17:57 | i 29 | [ ASYNC BG] bg_ails  65.20s / 60.00s / 108.7%
14:17:57 | i 30 | [HAOS ROLL] k=2  λ=0.4  rb  kmeans  ails2  P≈0.002001
14:17:57 | i 30 | [ Summary ] cost=40572.00  Δ_S*=+0.19%  Δ_BKS=+0.95%  Δ_S*_BKS=+0.76%  no_improve=18
14:17:57 | i 31 | [HAOS ROLL] k=4  λ=0.0  vb  kmedoids  ails2  P≈0.001691
14:17:58 | i 31 | [Phase 1/3] decompose  1.13s / — / —  λ=0.0  vb kmedoids
14:19:04 | i 31 | [Phase 2/3] route  66.11s / 64.98s / 101.7%  ails2  k=4
14:19:46 | i 30 | [ IMPROVE ] 40407.00  via bg_ails  ·  Δ_BKS=+0.54%
14:19:46 | i 30 | [ ASYNC BG] bg_ails  109.24s / 104.00s / 105.0%
14:19:46 | i 31 | [HAOS ROLL] k=4  λ=0.0  vb  kmedoids  ails2  P≈0.001691
14:19:46 | i 31 | [ Summary ] cost=42522.00  Δ_S*=+5.23%  Δ_BKS=+5.80%  Δ_S*_BKS=+0.54%  no_improve=1
14:19:46 | i 32 | [HAOS ROLL] k=4  λ=0.8  vb  kmedoids  filo  P≈0.000250
14:19:47 | i 32 | [Phase 1/3] decompose  1.31s / — / —  λ=0.8  vb kmedoids
14:20:52 | i 32 | [Phase 2/3] route  65.15s / 64.98s / 100.3%  filo  k=4
14:20:54 | i 31 | [ ASYNC BG] bg_ails  67.90s / 63.42s / 107.1%
14:20:54 | i 32 | [HAOS ROLL] k=4  λ=0.8  vb  kmedoids  filo  P≈0.000250
14:20:54 | i 32 | [ Summary ] cost=42725.00  Δ_S*=+5.74%  Δ_BKS=+6.31%  Δ_S*_BKS=+0.54%  no_improve=3
14:20:54 | i 33 | [HAOS ROLL] k=10  λ=0.4  rb  ac_avg  filo  P≈0.000674
14:20:55 | i 33 | [Phase 1/3] decompose  0.81s / — / —  λ=0.4  rb ac_avg
14:21:48 | i 33 | [Phase 2/3] route  53.15s / 53.28s / 99.8%  filo  k=10
14:22:02 | i 32 | [ ASYNC BG] bg_ails  68.05s / 63.42s / 107.3%
14:22:02 | i 33 | [ IMPROVE ] 40382.00  via decompose_route  ·  Δ_BKS=+0.48%
14:22:02 | i 33 | [HAOS ROLL] k=10  λ=0.4  rb  ac_avg  filo  P≈0.000674
14:22:02 | i 33 | [ Summary ] cost=40382.00  Δ_S*=+0.00%  Δ_BKS=+0.48%  Δ_S*_BKS=+0.48%  no_improve=0
14:22:02 | i 34 | [HAOS ROLL] k=4  λ=0.4  vb  ac_avg  filo2  P≈0.001555
14:22:03 | i 34 | [Phase 1/3] decompose  1.14s / — / —  λ=0.4  vb ac_avg
14:23:51 | i 34 | [Phase 2/3] route  108.28s / 108.30s / 100.0%  filo2  k=4
14:23:51 | i 33 | [ ASYNC BG] bg_ails  67.98s / 63.11s / 107.7%
14:23:51 | i 34 | [HAOS ROLL] k=4  λ=0.4  vb  ac_avg  filo2  P≈0.001555
14:23:51 | i 34 | [ Summary ] cost=42638.00  Δ_S*=+5.59%  Δ_BKS=+6.09%  Δ_S*_BKS=+0.48%  no_improve=2
14:23:51 | i 35 | [HAOS ROLL] k=4  λ=0.0  rb  ac_complete  ails2  P≈0.002022
14:23:52 | i 35 | [Phase 1/3] decompose  0.62s / — / —  λ=0.0  rb ac_complete
14:25:40 | i 35 | [Phase 2/3] route  108.44s / 106.32s / 102.0%  ails2  k=4
14:25:41 | i 34 | [ ASYNC BG] bg_ails  110.10s / 105.70s / 104.2%
14:25:41 | i 35 | [HAOS ROLL] k=4  λ=0.0  rb  ac_complete  ails2  P≈0.002022
14:25:42 | i 35 | [ Summary ] cost=40532.00  Δ_S*=+0.37%  Δ_BKS=+0.85%  Δ_S*_BKS=+0.48%  no_improve=4
14:25:42 | i 36 | [HAOS ROLL] k=4  λ=0.4  rb  ac_complete  filo2  P≈0.004530
14:25:42 | i 36 | [Phase 1/3] decompose  0.81s / — / —  λ=0.4  rb ac_complete
14:27:29 | i 36 | [Phase 2/3] route  106.26s / 106.32s / 99.9%  filo2  k=4
14:27:29 | i 35 | [ ASYNC BG] bg_ails  107.83s / 103.77s / 103.9%
14:27:29 | i 36 | [HAOS ROLL] k=4  λ=0.4  rb  ac_complete  filo2  P≈0.004530
14:27:29 | i 36 | [ Summary ] cost=40501.00  Δ_S*=+0.29%  Δ_BKS=+0.77%  Δ_S*_BKS=+0.48%  no_improve=6
14:27:29 | i 31 | [ASYNC 1/2] sp_sc  4.91s / 720.00s / 0.7%  SP  avg_coverage=56.29/5  pool=1733
14:27:29 | i 31 | [ASYNC 2/2] standard_ails  364.22s / 360.00s / 101.2%
14:27:32 | i 37 | [HAOS ROLL] k=6  λ=0.4  vb  kmedoids  ails2  P≈0.001825
14:27:33 | i 37 | [Phase 1/3] decompose  1.32s / — / —  λ=0.4  vb kmedoids
14:28:27 | i 37 | [Phase 2/3] route  53.49s / 51.36s / 104.2%  ails2  k=6
14:29:17 | i 36 | [ ASYNC BG] bg_ails  108.01s / 103.77s / 104.1%
14:29:17 | i 37 | [HAOS ROLL] k=6  λ=0.4  vb  kmedoids  ails2  P≈0.001825
14:29:17 | i 37 | [ Summary ] cost=43252.00  Δ_S*=+7.11%  Δ_BKS=+7.62%  Δ_S*_BKS=+0.48%  no_improve=9
14:29:17 | i 38 | [HAOS ROLL] k=2  λ=0.0  rb  kmeans  ails2  P≈0.004208
14:29:18 | i 38 | [Phase 1/3] decompose  0.62s / — / —  λ=0.0  rb kmeans
14:31:06 | i 38 | [Phase 2/3] route  108.27s / 106.32s / 101.8%  ails2  k=2
14:31:06 | i 37 | [ ASYNC BG] bg_ails  65.00s / 60.00s / 108.3%
14:31:06 | i 38 | [HAOS ROLL] k=2  λ=0.0  rb  kmeans  ails2  P≈0.004208
14:31:06 | i 38 | [ Summary ] cost=40673.00  Δ_S*=+0.72%  Δ_BKS=+1.20%  Δ_S*_BKS=+0.48%  no_improve=11
14:31:06 | i 39 | [HAOS ROLL] k=8  λ=0.4  rb  kmeans  ails2  P≈0.004108
14:31:07 | i 39 | [Phase 1/3] decompose  0.79s / — / —  λ=0.4  rb kmeans
14:31:55 | i 39 | [Phase 2/3] route  48.11s / 46.62s / 103.2%  ails2  k=8
14:32:54 | i 38 | [ ASYNC BG] bg_ails  107.78s / 103.77s / 103.9%
14:32:54 | i 39 | [HAOS ROLL] k=8  λ=0.4  rb  kmeans  ails2  P≈0.004108
14:32:54 | i 39 | [ Summary ] cost=40413.00  Δ_S*=+0.08%  Δ_BKS=+0.55%  Δ_S*_BKS=+0.48%  no_improve=13
14:32:54 | i 40 | [HAOS ROLL] k=8  λ=0.2  rb  ac_avg  ails2  P≈0.000842
14:32:55 | i 40 | [Phase 1/3] decompose  0.80s / — / —  λ=0.2  rb ac_avg
14:33:57 | i 40 | [Phase 2/3] route  61.51s / 59.82s / 102.8%  ails2  k=8
14:33:59 | i 39 | [ ASYNC BG] bg_ails  65.06s / 60.00s / 108.4%
14:33:59 | i 40 | [HAOS ROLL] k=8  λ=0.2  rb  ac_avg  ails2  P≈0.000842
14:33:59 | i 40 | [ Summary ] cost=40439.00  Δ_S*=+0.14%  Δ_BKS=+0.62%  Δ_S*_BKS=+0.48%  no_improve=15
14:33:59 | i 41 | [HAOS ROLL] k=4  λ=0.6  rb  kmeans  filo2  P≈0.001642
14:34:00 | i 41 | [Phase 1/3] decompose  0.80s / — / —  λ=0.6  rb kmeans
14:35:24 | i 41 | [Phase 2/3] route  84.21s / 84.42s / 99.8%  filo2  k=4
14:35:24 | i 40 | [ ASYNC BG] bg_ails  72.09s / 67.35s / 107.0%
14:35:24 | i 41 | [HAOS ROLL] k=4  λ=0.6  rb  kmeans  filo2  P≈0.001642
14:35:24 | i 41 | [ Summary ] cost=40476.00  Δ_S*=+0.23%  Δ_BKS=+0.71%  Δ_S*_BKS=+0.48%  no_improve=17
14:35:24 | i 42 | [HAOS ROLL] k=10  λ=0.0  rb  ac_avg  ails2  P≈0.002852
14:35:25 | i 42 | [Phase 1/3] decompose  0.63s / — / —  λ=0.0  rb ac_avg
14:36:06 | i 42 | [Phase 2/3] route  40.93s / 39.96s / 102.4%  ails2  k=10
14:36:51 | i 41 | [ ASYNC BG] bg_ails  87.06s / 82.39s / 105.7%
14:36:51 | i 42 | [HAOS ROLL] k=10  λ=0.0  rb  ac_avg  ails2  P≈0.002852
14:36:51 | i 42 | [ Summary ] cost=40398.00  Δ_S*=+0.04%  Δ_BKS=+0.52%  Δ_S*_BKS=+0.48%  no_improve=19
14:36:51 | i 43 | [HAOS ROLL] k=12  λ=0.4  rb  kmeans  filo2  P≈0.001990
14:36:52 | i 43 | [Phase 1/3] decompose  0.80s / — / —  λ=0.4  rb kmeans
14:37:33 | i 43 | [Phase 2/3] route  41.13s / 26.64s / 154.4%  filo2  k=12
14:37:56 | i 42 | [ ASYNC BG] bg_ails  64.91s / 60.00s / 108.2%
14:37:56 | i 43 | [HAOS ROLL] k=12  λ=0.4  rb  kmeans  filo2  P≈0.001990
14:37:56 | i 43 | [ Summary ] cost=40385.00  Δ_S*=+0.01%  Δ_BKS=+0.49%  Δ_S*_BKS=+0.48%  no_improve=21
14:37:56 | i 44 | [HAOS ROLL] k=6  λ=0.4  rb  kmeans  ails2  P≈0.006948
14:37:57 | i 44 | [Phase 1/3] decompose  0.81s / — / —  λ=0.4  rb kmeans
14:39:06 | i 44 | [Phase 2/3] route  68.74s / 66.06s / 104.1%  ails2  k=6
14:39:06 | i 43 | [ ASYNC BG] bg_ails  65.07s / 60.00s / 108.4%
14:39:06 | i 44 | [HAOS ROLL] k=6  λ=0.4  rb  kmeans  ails2  P≈0.006948
14:39:06 | i 44 | [ Summary ] cost=40452.00  Δ_S*=+0.17%  Δ_BKS=+0.65%  Δ_S*_BKS=+0.48%  no_improve=23
14:39:06 | i 45 | [HAOS ROLL] k=8  λ=0.4  vb  ac_avg  filo2  P≈0.000601
14:39:07 | i 45 | [Phase 1/3] decompose  1.27s / — / —  λ=0.4  vb ac_avg
14:40:47 | i 45 | [Phase 2/3] route  99.29s / 98.94s / 100.4%  filo2  k=8
14:40:47 | i 44 | [ ASYNC BG] bg_ails  69.12s / 64.47s / 107.2%
14:40:47 | i 45 | [HAOS ROLL] k=8  λ=0.4  vb  ac_avg  filo2  P≈0.000601
14:40:47 | i 45 | [ Summary ] cost=45115.00  Δ_S*=+11.72%  Δ_BKS=+12.25%  Δ_S*_BKS=+0.48%  no_improve=25
14:40:47 | i 46 | [HAOS ROLL] k=2  λ=0.0  rb  kmeans  ails2  P≈0.005757
14:40:47 | i 46 | [Phase 1/3] decompose  0.59s / — / —  λ=0.0  rb kmeans
14:42:36 | i 46 | [Phase 2/3] route  108.33s / 106.32s / 101.9%  ails2  k=2
14:42:36 | i 45 | [ ASYNC BG] bg_ails  94.11s / 89.55s / 105.1%
14:42:36 | i 46 | [HAOS ROLL] k=2  λ=0.0  rb  kmeans  ails2  P≈0.005757
14:42:36 | i 46 | [ Summary ] cost=40525.00  Δ_S*=+0.35%  Δ_BKS=+0.83%  Δ_S*_BKS=+0.48%  no_improve=27
14:42:36 | i 47 | [HAOS ROLL] k=4  λ=0.8  vb  kmedoids  ails2  P≈0.000941
14:42:37 | i 47 | [Phase 1/3] decompose  1.29s / — / —  λ=0.8  vb kmedoids
14:43:43 | i 47 | [Phase 2/3] route  66.38s / 64.98s / 102.1%  ails2  k=4
14:44:24 | i 46 | [ ASYNC BG] bg_ails  107.93s / 103.77s / 104.0%
14:44:24 | i 47 | [HAOS ROLL] k=4  λ=0.8  vb  kmedoids  ails2  P≈0.000941
14:44:24 | i 47 | [ Summary ] cost=42459.00  Δ_S*=+5.14%  Δ_BKS=+5.65%  Δ_S*_BKS=+0.48%  no_improve=29
14:44:24 | i 48 | [HAOS ROLL] k=4  λ=0.0  rb  ac_avg  ails2  P≈0.007469
14:44:24 | i 48 | [Phase 1/3] decompose  0.63s / — / —  λ=0.0  rb ac_avg
14:46:06 | i 48 | [Phase 2/3] route  101.36s / 99.72s / 101.6%  ails2  k=4
14:46:06 | i 47 | [ ASYNC BG] bg_ails  68.07s / 63.42s / 107.3%
14:46:06 | i 48 | [HAOS ROLL] k=4  λ=0.0  rb  ac_avg  ails2  P≈0.007469
14:46:06 | i 48 | [ Summary ] cost=40514.00  Δ_S*=+0.33%  Δ_BKS=+0.81%  Δ_S*_BKS=+0.48%  no_improve=31
14:46:06 | i 49 | [HAOS ROLL] k=2  λ=0.4  vb  kmedoids  pyvrp  P≈0.000534
14:46:07 | i 49 | [Phase 1/3] decompose  1.07s / — / —  λ=0.4  vb kmedoids
14:48:04 | i 49 | [Phase 2/3] route  117.25s / 108.24s / 108.3%  pyvrp  k=2
14:48:04 | i 48 | [ ASYNC BG] bg_ails  101.93s / 97.33s / 104.7%
14:48:04 | i 49 | [HAOS ROLL] k=2  λ=0.4  vb  kmedoids  pyvrp  P≈0.000534
14:48:04 | i 49 | [ Summary ] cost=41399.00  Δ_S*=+2.52%  Δ_BKS=+3.01%  Δ_S*_BKS=+0.48%  no_improve=33
14:48:04 | i 45 | [ASYNC 1/2] sp_sc  11.36s / 720.00s / 1.6%  SP  avg_coverage=79.74/5  pool=2438
14:48:04 | i 45 | [ASYNC 2/2] standard_ails  364.15s / 360.00s / 101.2%
14:48:08 | i 45 | [ IMPROVE ] 40378.00  via standard_ails  ·  Δ_BKS=+0.47%
14:48:08 | i 50 | [HAOS ROLL] k=8  λ=0.0  rb  ac_complete  filo  P≈0.000345
14:48:09 | i 50 | [Phase 1/3] decompose  0.59s / — / —  λ=0.0  rb ac_complete
14:48:56 | i 50 | [Phase 2/3] route  47.13s / 46.56s / 101.2%  filo  k=8
14:49:54 | i 49 | [ ASYNC BG] bg_ails  110.14s / 105.64s / 104.3%
14:49:54 | i 50 | [ IMPROVE ] 40365.00  via decompose_route  ·  Δ_BKS=+0.44%
14:49:54 | i 50 | [HAOS ROLL] k=8  λ=0.0  rb  ac_complete  filo  P≈0.000345
14:49:54 | i 50 | [ Summary ] cost=40365.00  Δ_S*=+0.00%  Δ_BKS=+0.44%  Δ_S*_BKS=+0.44%  no_improve=0
14:49:54 | i 51 | [HAOS ROLL] k=10  λ=0.0  rb  ac_avg  ails2  P≈0.003609
14:49:55 | i 51 | [Phase 1/3] decompose  0.63s / — / —  λ=0.0  rb ac_avg
14:50:44 | i 51 | [Phase 2/3] route  49.14s / 39.78s / 123.5%  ails2  k=10
14:51:01 | i 50 | [ ASYNC BG] bg_ails  66.84s / 62.55s / 106.9%
14:51:01 | i 51 | [HAOS ROLL] k=10  λ=0.0  rb  ac_avg  ails2  P≈0.003609
14:51:01 | i 51 | [ Summary ] cost=40410.00  Δ_S*=+0.11%  Δ_BKS=+0.55%  Δ_S*_BKS=+0.44%  no_improve=2
14:51:01 | i 52 | [HAOS ROLL] k=2  λ=0.4  vb  ac_avg  ails2  P≈0.001689
14:51:02 | i 52 | [Phase 1/3] decompose  1.13s / — / —  λ=0.4  vb ac_avg
14:52:53 | i 52 | [Phase 2/3] route  110.32s / 108.30s / 101.9%  ails2  k=2
14:52:53 | i 51 | [ ASYNC BG] bg_ails  64.90s / 60.00s / 108.2%
14:52:53 | i 52 | [HAOS ROLL] k=2  λ=0.4  vb  ac_avg  ails2  P≈0.001689
14:52:53 | i 52 | [ Summary ] cost=41132.00  Δ_S*=+1.90%  Δ_BKS=+2.34%  Δ_S*_BKS=+0.44%  no_improve=4
14:52:53 | i 53 | [HAOS ROLL] k=12  λ=0.0  rb  kmeans  filo  P≈0.002141
14:52:53 | i 53 | [Phase 1/3] decompose  0.64s / — / —  λ=0.0  rb kmeans
14:53:34 | i 53 | [Phase 2/3] route  40.12s / 33.24s / 120.7%  filo  k=12
14:54:43 | i 52 | [ ASYNC BG] bg_ails  110.01s / 105.70s / 104.1%
14:54:43 | i 53 | [HAOS ROLL] k=12  λ=0.0  rb  kmeans  filo  P≈0.002141
14:54:43 | i 53 | [ Summary ] cost=40420.00  Δ_S*=+0.14%  Δ_BKS=+0.57%  Δ_S*_BKS=+0.44%  no_improve=6
14:54:43 | i 54 | [HAOS ROLL] k=10  λ=0.2  rb  ac_avg  filo2  P≈0.000445
14:54:44 | i 54 | [Phase 1/3] decompose  0.90s / — / —  λ=0.2  rb ac_avg
14:55:30 | i 54 | [Phase 2/3] route  46.15s / 39.78s / 116.0%  filo2  k=10
14:55:48 | i 53 | [ ASYNC BG] bg_ails  64.88s / 60.00s / 108.1%
14:55:48 | i 54 | [HAOS ROLL] k=10  λ=0.2  rb  ac_avg  filo2  P≈0.000445
14:55:48 | i 54 | [ Summary ] cost=40398.00  Δ_S*=+0.08%  Δ_BKS=+0.52%  Δ_S*_BKS=+0.44%  no_improve=8
14:55:48 | i 55 | [HAOS ROLL] k=8  λ=1.0  rb  ac_avg  ails2  P≈0.001255
14:55:49 | i 55 | [Phase 1/3] decompose  0.80s / — / —  λ=1.0  rb ac_avg
14:56:44 | i 55 | [Phase 2/3] route  55.18s / 53.22s / 103.7%  ails2  k=8
14:56:53 | i 54 | [ ASYNC BG] bg_ails  65.00s / 60.00s / 108.3%
14:56:53 | i 55 | [HAOS ROLL] k=8  λ=1.0  rb  ac_avg  ails2  P≈0.001255
14:56:53 | i 55 | [ Summary ] cost=40431.00  Δ_S*=+0.16%  Δ_BKS=+0.60%  Δ_S*_BKS=+0.44%  no_improve=10
14:56:53 | i 56 | [HAOS ROLL] k=4  λ=0.0  rb  ac_avg  ails2  P≈0.007719
14:56:53 | i 56 | [Phase 1/3] decompose  0.60s / — / —  λ=0.0  rb ac_avg
14:58:21 | i 56 | [Phase 2/3] route  87.33s / 85.92s / 101.6%  ails2  k=4
14:58:21 | i 55 | [ ASYNC BG] bg_ails  66.97s / 62.55s / 107.1%
14:58:21 | i 56 | [HAOS ROLL] k=4  λ=0.0  rb  ac_avg  ails2  P≈0.007719
14:58:21 | i 56 | [ Summary ] cost=40399.00  Δ_S*=+0.08%  Δ_BKS=+0.52%  Δ_S*_BKS=+0.44%  no_improve=12
14:58:21 | i 57 | [HAOS ROLL] k=8  λ=0.4  rb  ac_complete  ails2  P≈0.004140
14:58:22 | i 57 | [Phase 1/3] decompose  0.77s / — / —  λ=0.4  rb ac_complete
14:59:17 | i 57 | [Phase 2/3] route  55.36s / 53.22s / 104.0%  ails2  k=8
14:59:49 | i 56 | [ ASYNC BG] bg_ails  87.84s / 83.86s / 104.7%
14:59:49 | i 57 | [HAOS ROLL] k=8  λ=0.4  rb  ac_complete  ails2  P≈0.004140
14:59:49 | i 57 | [ Summary ] cost=40451.00  Δ_S*=+0.21%  Δ_BKS=+0.65%  Δ_S*_BKS=+0.44%  no_improve=14
14:59:49 | i 58 | [HAOS ROLL] k=12  λ=0.0  rb  kmeans  filo2  P≈0.002004
14:59:49 | i 58 | [Phase 1/3] decompose  0.62s / — / —  λ=0.0  rb kmeans
15:00:35 | i 58 | [Phase 2/3] route  46.14s / 26.46s / 174.4%  filo2  k=12
15:00:56 | i 57 | [ ASYNC BG] bg_ails  67.05s / 62.55s / 107.2%
15:00:56 | i 58 | [HAOS ROLL] k=12  λ=0.0  rb  kmeans  filo2  P≈0.002004
15:00:56 | i 58 | [ Summary ] cost=40401.00  Δ_S*=+0.09%  Δ_BKS=+0.53%  Δ_S*_BKS=+0.44%  no_improve=16
15:00:56 | i 59 | [HAOS ROLL] k=8  λ=0.0  rb  kmeans  filo2  P≈0.004541
15:00:56 | i 59 | [Phase 1/3] decompose  0.62s / — / —  λ=0.0  rb kmeans
15:01:56 | i 59 | [Phase 2/3] route  59.17s / 53.22s / 111.2%  filo2  k=8
15:02:01 | i 58 | [ ASYNC BG] bg_ails  64.91s / 60.00s / 108.2%
15:02:01 | i 59 | [ IMPROVE ] 40347.00  via decompose_route  ·  Δ_BKS=+0.39%
15:02:01 | i 59 | [HAOS ROLL] k=8  λ=0.0  rb  kmeans  filo2  P≈0.004541
15:02:01 | i 59 | [ Summary ] cost=40347.00  Δ_S*=+0.00%  Δ_BKS=+0.39%  Δ_S*_BKS=+0.39%  no_improve=0
15:02:01 | i 60 | [HAOS ROLL] k=8  λ=0.0  rb  ac_complete  ails2  P≈0.005683
15:02:01 | i 60 | [Phase 1/3] decompose  0.62s / — / —  λ=0.0  rb ac_complete
15:02:42 | i 60 | [Phase 2/3] route  40.88s / 39.78s / 102.8%  ails2  k=8
15:03:20 | i 59 | [ ASYNC BG] bg_ails  78.97s / 74.02s / 106.7%
15:03:20 | i 60 | [HAOS ROLL] k=8  λ=0.0  rb  ac_complete  ails2  P≈0.005683
15:03:20 | i 60 | [ Summary ] cost=40392.00  Δ_S*=+0.11%  Δ_BKS=+0.50%  Δ_S*_BKS=+0.39%  no_improve=2
15:03:20 | i 61 | [HAOS ROLL] k=8  λ=0.6  rb  ac_avg  filo2  P≈0.001443
15:03:20 | i 61 | [Phase 1/3] decompose  0.79s / — / —  λ=0.6  rb ac_avg
15:04:20 | i 61 | [Phase 2/3] route  59.14s / 59.28s / 99.8%  filo2  k=8
15:04:24 | i 60 | [ ASYNC BG] bg_ails  64.91s / 60.00s / 108.2%
15:04:24 | i 61 | [HAOS ROLL] k=8  λ=0.6  rb  ac_avg  filo2  P≈0.001443
15:04:25 | i 61 | [ Summary ] cost=40385.00  Δ_S*=+0.09%  Δ_BKS=+0.49%  Δ_S*_BKS=+0.39%  no_improve=4
15:04:25 | i 62 | [HAOS ROLL] k=4  λ=0.4  rb  ac_avg  ails2  P≈0.008044
15:04:25 | i 62 | [Phase 1/3] decompose  0.87s / — / —  λ=0.4  rb ac_avg
15:05:53 | i 62 | [Phase 2/3] route  87.29s / 85.92s / 101.6%  ails2  k=4
15:05:53 | i 61 | [ ASYNC BG] bg_ails  72.09s / 67.82s / 106.3%
15:05:53 | i 62 | [HAOS ROLL] k=4  λ=0.4  rb  ac_avg  ails2  P≈0.008044
15:05:53 | i 62 | [ Summary ] cost=40385.00  Δ_S*=+0.09%  Δ_BKS=+0.49%  Δ_S*_BKS=+0.39%  no_improve=6
15:05:53 | i 63 | [HAOS ROLL] k=8  λ=0.0  rb  ac_avg  ails2  P≈0.014597
15:05:53 | i 63 | [Phase 1/3] decompose  0.62s / — / —  λ=0.0  rb ac_avg
15:06:55 | i 63 | [Phase 2/3] route  61.40s / 59.28s / 103.6%  ails2  k=8
15:07:21 | i 62 | [ ASYNC BG] bg_ails  88.04s / 83.86s / 105.0%
15:07:21 | i 63 | [HAOS ROLL] k=8  λ=0.0  rb  ac_avg  ails2  P≈0.014597
15:07:21 | i 63 | [ Summary ] cost=40414.00  Δ_S*=+0.17%  Δ_BKS=+0.56%  Δ_S*_BKS=+0.39%  no_improve=8
15:07:21 | i 64 | [HAOS ROLL] k=8  λ=0.4  rb  kmeans  ails2  P≈0.017118
15:07:22 | i 64 | [Phase 1/3] decompose  0.79s / — / —  λ=0.4  rb kmeans
15:08:04 | i 64 | [Phase 2/3] route  41.97s / 33.24s / 126.3%  ails2  k=8
15:08:33 | i 63 | [ ASYNC BG] bg_ails  71.90s / 67.82s / 106.0%
15:08:33 | i 64 | [HAOS ROLL] k=8  λ=0.4  rb  kmeans  ails2  P≈0.017118
15:08:33 | i 64 | [ Summary ] cost=40377.00  Δ_S*=+0.07%  Δ_BKS=+0.47%  Δ_S*_BKS=+0.39%  no_improve=10
15:08:33 | i 58 | [ASYNC 1/2] sp_sc  78.61s / 720.00s / 10.9%  SP  avg_coverage=101.83/5  pool=3103
15:08:33 | i 58 | [ASYNC 2/2] standard_ails  364.11s / 360.00s / 101.1%
15:08:39 | i 65 | [HAOS ROLL] k=2  λ=0.0  rb  kmeans  filo2  P≈0.004382
15:08:40 | i 65 | [Phase 1/3] decompose  0.59s / — / —  λ=0.0  rb kmeans
15:10:26 | i 65 | [Phase 2/3] route  106.24s / 105.90s / 100.3%  filo2  k=2
15:10:26 | i 64 | [ ASYNC BG] bg_ails  65.04s / 60.00s / 108.4%
15:10:26 | i 65 | [HAOS ROLL] k=2  λ=0.0  rb  kmeans  filo2  P≈0.004382
15:10:26 | i 65 | [ Summary ] cost=40629.00  Δ_S*=+0.70%  Δ_BKS=+1.09%  Δ_S*_BKS=+0.39%  no_improve=13
15:10:26 | i 66 | [HAOS ROLL] k=4  λ=0.4  rb  ac_avg  ails2  P≈0.011106
15:10:27 | i 66 | [Phase 1/3] decompose  0.79s / — / —  λ=0.4  rb ac_avg
15:11:54 | i 66 | [Phase 2/3] route  87.37s / 85.92s / 101.7%  ails2  k=4
15:12:14 | i 65 | [ ASYNC BG] bg_ails  107.83s / 103.36s / 104.3%
15:12:14 | i 66 | [HAOS ROLL] k=4  λ=0.4  rb  ac_avg  ails2  P≈0.011106
15:12:14 | i 66 | [ Summary ] cost=40400.00  Δ_S*=+0.13%  Δ_BKS=+0.52%  Δ_S*_BKS=+0.39%  no_improve=15
15:12:14 | i 67 | [HAOS ROLL] k=10  λ=1.0  rb  ac_complete  pyvrp  P≈0.000109
15:12:15 | i 67 | [Phase 1/3] decompose  0.79s / — / —  λ=1.0  rb ac_complete
15:12:56 | i 67 | [Phase 2/3] route  41.36s / 39.78s / 104.0%  pyvrp  k=10
15:13:42 | i 66 | [ ASYNC BG] bg_ails  88.20s / 83.86s / 105.2%
15:13:42 | i 67 | [HAOS ROLL] k=10  λ=1.0  rb  ac_complete  pyvrp  P≈0.000109
15:13:42 | i 67 | [ Summary ] cost=40677.00  Δ_S*=+0.82%  Δ_BKS=+1.21%  Δ_S*_BKS=+0.39%  no_improve=17
15:13:42 | i 68 | [HAOS ROLL] k=4  λ=0.0  rb  ac_complete  filo  P≈0.001543
15:13:43 | i 68 | [Phase 1/3] decompose  0.61s / — / —  λ=0.0  rb ac_complete
15:15:29 | i 68 | [Phase 2/3] route  106.26s / 105.90s / 100.3%  filo  k=4
15:15:29 | i 67 | [ ASYNC BG] bg_ails  65.02s / 60.00s / 108.4%
15:15:29 | i 68 | [HAOS ROLL] k=4  λ=0.0  rb  ac_complete  filo  P≈0.001543
15:15:29 | i 68 | [ Summary ] cost=40524.00  Δ_S*=+0.44%  Δ_BKS=+0.83%  Δ_S*_BKS=+0.39%  no_improve=19
15:15:29 | i 69 | [HAOS ROLL] k=10  λ=0.0  rb  ac_complete  ails2  P≈0.004154
15:15:30 | i 69 | [Phase 1/3] decompose  0.62s / — / —  λ=0.0  rb ac_complete
15:16:11 | i 69 | [Phase 2/3] route  41.09s / 39.78s / 103.3%  ails2  k=10
15:17:17 | i 68 | [ ASYNC BG] bg_ails  108.02s / 103.36s / 104.5%
15:17:17 | i 69 | [HAOS ROLL] k=10  λ=0.0  rb  ac_complete  ails2  P≈0.004154
15:17:17 | i 69 | [ Summary ] cost=40372.00  Δ_S*=+0.06%  Δ_BKS=+0.45%  Δ_S*_BKS=+0.39%  no_improve=21
15:17:17 | i 70 | [HAOS ROLL] k=8  λ=0.4  rb  ac_avg  ails2  P≈0.012675
15:17:18 | i 70 | [Phase 1/3] decompose  0.79s / — / —  λ=0.4  rb ac_avg
15:18:19 | i 70 | [Phase 2/3] route  61.50s / 59.28s / 103.7%  ails2  k=8
15:18:22 | i 69 | [ ASYNC BG] bg_ails  64.96s / 60.00s / 108.3%
15:18:22 | i 70 | [HAOS ROLL] k=8  λ=0.4  rb  ac_avg  ails2  P≈0.012675
15:18:22 | i 70 | [ Summary ] cost=40432.00  Δ_S*=+0.21%  Δ_BKS=+0.60%  Δ_S*_BKS=+0.39%  no_improve=23
15:18:22 | i 71 | [HAOS ROLL] k=8  λ=0.6  rb  kmeans  filo2  P≈0.001830
15:18:23 | i 71 | [Phase 1/3] decompose  0.92s / — / —  λ=0.6  rb kmeans
15:19:03 | i 71 | [Phase 2/3] route  40.11s / 39.78s / 100.8%  filo2  k=8
15:19:34 | i 70 | [ ASYNC BG] bg_ails  72.01s / 67.82s / 106.2%
15:19:34 | i 71 | [HAOS ROLL] k=8  λ=0.6  rb  kmeans  filo2  P≈0.001830
15:19:34 | i 71 | [ Summary ] cost=40372.00  Δ_S*=+0.06%  Δ_BKS=+0.45%  Δ_S*_BKS=+0.39%  no_improve=25
15:19:34 | i 72 | [HAOS ROLL] k=8  λ=0.4  rb  ac_avg  ails2  P≈0.015757
15:19:35 | i 72 | [Phase 1/3] decompose  0.79s / — / —  λ=0.4  rb ac_avg
15:20:36 | i 72 | [Phase 2/3] route  61.23s / 59.28s / 103.3%  ails2  k=8
15:20:39 | i 71 | [ ASYNC BG] bg_ails  65.04s / 60.00s / 108.4%
15:20:39 | i 72 | [HAOS ROLL] k=8  λ=0.4  rb  ac_avg  ails2  P≈0.015757
15:20:39 | i 72 | [ Summary ] cost=40422.00  Δ_S*=+0.19%  Δ_BKS=+0.58%  Δ_S*_BKS=+0.39%  no_improve=27
15:20:39 | i 73 | [HAOS ROLL] k=8  λ=0.6  rb  kmeans  ails2  P≈0.005485
15:20:40 | i 73 | [Phase 1/3] decompose  0.81s / — / —  λ=0.6  rb kmeans
15:21:28 | i 73 | [Phase 2/3] route  47.96s / 39.78s / 120.6%  ails2  k=8
15:21:51 | i 72 | [ ASYNC BG] bg_ails  72.00s / 67.82s / 106.2%
15:21:51 | i 73 | [ IMPROVE ] 40345.00  via decompose_route  ·  Δ_BKS=+0.39%
15:21:51 | i 73 | [HAOS ROLL] k=8  λ=0.6  rb  kmeans  ails2  P≈0.005485
15:21:51 | i 73 | [ Summary ] cost=40345.00  Δ_S*=+0.00%  Δ_BKS=+0.39%  Δ_S*_BKS=+0.39%  no_improve=0
15:21:51 | i 74 | [HAOS ROLL] k=2  λ=1.0  rb  kmeans  filo  P≈0.000401
15:21:52 | i 74 | [Phase 1/3] decompose  0.82s / — / —  λ=1.0  rb kmeans
15:23:38 | i 74 | [Phase 2/3] route  106.24s / 105.90s / 100.3%  filo  k=2
15:23:38 | i 73 | [ ASYNC BG] bg_ails  65.09s / 60.00s / 108.5%
15:23:38 | i 74 | [HAOS ROLL] k=2  λ=1.0  rb  kmeans  filo  P≈0.000401
15:23:39 | i 74 | [ Summary ] cost=40552.00  Δ_S*=+0.51%  Δ_BKS=+0.90%  Δ_S*_BKS=+0.39%  no_improve=2
15:23:39 | i 75 | [HAOS ROLL] k=8  λ=0.4  vb  kmedoids  filo  P≈0.000284
15:23:40 | i 75 | [Phase 1/3] decompose  1.40s / — / —  λ=0.4  vb kmedoids
15:24:31 | i 75 | [Phase 2/3] route  51.14s / 51.18s / 99.9%  filo  k=8
15:25:27 | i 74 | [ ASYNC BG] bg_ails  108.16s / 103.36s / 104.6%
15:25:27 | i 75 | [HAOS ROLL] k=8  λ=0.4  vb  kmedoids  filo  P≈0.000284
15:25:27 | i 75 | [ Summary ] cost=45051.00  Δ_S*=+11.66%  Δ_BKS=+12.10%  Δ_S*_BKS=+0.39%  no_improve=4
15:25:27 | i 76 | [HAOS ROLL] k=8  λ=0.4  rb  ac_avg  filo  P≈0.005446
15:25:27 | i 76 | [Phase 1/3] decompose  0.79s / — / —  λ=0.4  rb ac_avg
15:26:15 | i 76 | [Phase 2/3] route  47.13s / 46.56s / 101.2%  filo  k=8
15:26:37 | i 75 | [ ASYNC BG] bg_ails  70.05s / 65.54s / 106.9%
15:26:37 | i 76 | [HAOS ROLL] k=8  λ=0.4  rb  ac_avg  filo  P≈0.005446
15:26:37 | i 76 | [ Summary ] cost=40367.00  Δ_S*=+0.05%  Δ_BKS=+0.44%  Δ_S*_BKS=+0.39%  no_improve=6
15:26:37 | i 77 | [HAOS ROLL] k=8  λ=0.0  rb  ac_avg  filo2  P≈0.007627
15:26:37 | i 77 | [Phase 1/3] decompose  0.60s / — / —  λ=0.0  rb ac_avg
15:27:25 | i 77 | [Phase 2/3] route  47.15s / 46.56s / 101.3%  filo2  k=8
15:27:44 | i 76 | [ ASYNC BG] bg_ails  67.01s / 62.55s / 107.1%
15:27:44 | i 77 | [HAOS ROLL] k=8  λ=0.0  rb  ac_avg  filo2  P≈0.007627
15:27:44 | i 77 | [ Summary ] cost=40427.00  Δ_S*=+0.20%  Δ_BKS=+0.59%  Δ_S*_BKS=+0.39%  no_improve=8
15:27:44 | i 78 | [HAOS ROLL] k=8  λ=0.2  rb  kmeans  pyvrp  P≈0.000910
15:27:45 | i 78 | [Phase 1/3] decompose  0.78s / — / —  λ=0.2  rb kmeans
15:28:25 | i 78 | [Phase 2/3] route  40.51s / 33.30s / 121.7%  pyvrp  k=8
15:28:25 | i 78 | [HAOS ROLL] k=8  λ=0.2  rb  kmeans  pyvrp  P≈0.000910
15:28:25 | i 78 | [ Summary ] cost=40524.00  Δ_S*=+0.44%  Δ_BKS=+0.83%  Δ_S*_BKS=+0.39%  no_improve=9
15:28:25 | i — | [  FINAL  ] async BG-AILS totals launched=76 applied=76 adopted=4 launch_skipped_cap=2 crashes=0 discarded_in_flight=False block_wait_total_s=1399.8
15:28:55 | i — | [  FINAL  ] async SP/SC totals invocations=6 adopted=3 skipped=0 discarded_in_flight=True sp_busy_frac=0.36341706907935156
15:28:55 | i — | [  FINAL  ] ════════════════════════════════════════
15:28:55 | i — | [  FINAL  ] Run complete  iterations=78  elapsed=02:00:34  best=40345.00
15:28:55 | i — | [  FINAL  ] Δ_BKS=+0.39%  no_improve_stop=False  time_stop=True  cancelled=False
15:28:55 | i — | [  FINAL  ] 
15:28:55 | i — | [  FINAL  ] [BEST SOLUTION — HAOS TAG SUMMARY]
15:28:55 | i — | [  FINAL  ] ────────────────────────────────────────
15:28:55 | i — | [  FINAL  ]   17 routes  rb  kmeans  k=8  λ=0.6  solver=ails2
15:28:55 | i — | [  FINAL  ]   5 routes  rb  kmeans  k=8  λ=0.0  solver=filo2
15:28:55 | i — | [  FINAL  ]   2 routes  rb  kmeans  k=8  λ=0.4  solver=ails2
15:28:55 | i — | [  FINAL  ]   1 routes  rb  kmeans  k=4  λ=0.8  solver=filo2
15:28:55 | i — | [  FINAL  ]   1 routes  rb  ac_avg  k=10  λ=0.0  solver=ails2
15:28:55 | i — | [  FINAL  ]   1 routes  rb  ac_avg  k=8  λ=0.6  solver=filo2
15:28:55 | i — | [  FINAL  ]   1 routes  rb  ac_complete  k=8  λ=0.0  solver=filo
15:28:55 | i — | [  FINAL  ]   2 routes  post-SP/SC improvement
15:28:55 | i — | [  FINAL  ] 
15:28:55 | i — | [  FINAL  ] [ROUTE POOL — HAOS TAG SUMMARY]
15:28:55 | i — | [  FINAL  ] ────────────────────────────────────────
15:28:55 | i — | [  FINAL  ]   144 routes  rb  ac_avg  k=4  λ=0.0  solver=ails2
15:28:55 | i — | [  FINAL  ]   116 routes  rb  kmeans  k=2  λ=0.0  solver=ails2
15:28:55 | i — | [  FINAL  ]   113 routes  rb  ac_avg  k=8  λ=0.2  solver=ails2
15:28:55 | i — | [  FINAL  ]   88 routes  rb  ac_avg  k=10  λ=0.0  solver=ails2
15:28:55 | i — | [  FINAL  ]   87 routes  rb  ac_avg  k=10  λ=0.2  solver=filo2
15:28:55 | i — | [  FINAL  ]   81 routes  rb  kmeans  k=8  λ=0.4  solver=ails2
15:28:55 | i — | [  FINAL  ]   77 routes  rb  ac_avg  k=4  λ=0.4  solver=ails2
15:28:55 | i — | [  FINAL  ]   74 routes  rb  ac_avg  k=8  λ=0.4  solver=ails2
15:28:55 | i — | [  FINAL  ]   65 routes  vb  kmedoids  k=10  λ=1.0  solver=filo2
15:28:55 | i — | [  FINAL  ]   65 routes  vb  ac_complete  k=10  λ=0.4  solver=pyvrp
15:28:55 | i — | [  FINAL  ]   64 routes  vb  ac_avg  k=8  λ=1.0  solver=ails2
15:28:55 | i — | [  FINAL  ]   64 routes  vb  fcm  k=10  λ=1.0  solver=filo2
15:28:55 | i — | [  FINAL  ]   63 routes  vb  ac_complete  k=8  λ=0.4  solver=ails2
15:28:55 | i — | [  FINAL  ]   63 routes  vb  fcm  k=4  λ=0.0  solver=pyvrp
15:28:55 | i — | [  FINAL  ]   63 routes  vb  fcm  k=4  λ=0.6  solver=ails2
15:28:55 | i — | [  FINAL  ]   63 routes  vb  kmedoids  k=8  λ=0.4  solver=filo
15:28:55 | i — | [  FINAL  ]   62 routes  vb  kmeans  k=2  λ=0.0  solver=ails2
15:28:55 | i — | [  FINAL  ]   62 routes  vb  ac_avg  k=4  λ=0.2  solver=filo
15:28:55 | i — | [  FINAL  ]   62 routes  vb  ac_avg  k=3  λ=1.0  solver=pyvrp
15:28:55 | i — | [  FINAL  ]   62 routes  vb  kmeans  k=4  λ=0.4  solver=filo
15:28:55 | i — | [  FINAL  ]   62 routes  vb  kmedoids  k=4  λ=0.0  solver=ails2
15:28:55 | i — | [  FINAL  ]   61 routes  vb  ac_avg  k=10  λ=1.0  solver=ails2
15:28:55 | i — | [  FINAL  ]   61 routes  vb  ac_avg  k=3  λ=0.6  solver=pyvrp
15:28:55 | i — | [  FINAL  ]   61 routes  vb  kmedoids  k=4  λ=0.8  solver=filo
15:28:55 | i — | [  FINAL  ]   61 routes  vb  kmedoids  k=4  λ=0.8  solver=ails2
15:28:55 | i — | [  FINAL  ]   61 routes  vb  kmedoids  k=2  λ=0.4  solver=pyvrp
15:28:55 | i — | [  FINAL  ]   60 routes  vb  kmeans  k=3  λ=0.8  solver=pyvrp
15:28:55 | i — | [  FINAL  ]   60 routes  vb  kmedoids  k=6  λ=0.4  solver=filo2
15:28:55 | i — | [  FINAL  ]   60 routes  vb  kmedoids  k=6  λ=0.4  solver=ails2
15:28:55 | i — | [  FINAL  ]   60 routes  vb  ac_avg  k=2  λ=0.4  solver=ails2
15:28:55 | i — | [  FINAL  ]   60 routes  rb  kmeans  k=2  λ=0.0  solver=filo2
15:28:55 | i — | [  FINAL  ]   59 routes  rb  kmeans  k=4  λ=0.8  solver=filo2
15:28:55 | i — | [  FINAL  ]   59 routes  rb  ac_avg  k=2  λ=0.4  solver=filo2
15:28:55 | i — | [  FINAL  ]   58 routes  rb  ac_avg  k=3  λ=0.2  solver=ails2
15:28:55 | i — | [  FINAL  ]   58 routes  rb  kmeans  k=2  λ=1.0  solver=filo
15:28:55 | i — | [  FINAL  ]   58 routes  rb  ac_complete  k=4  λ=1.0  solver=filo
15:28:55 | i — | [  FINAL  ]   58 routes  rb  kmeans  k=2  λ=0.4  solver=ails2
15:28:55 | i — | [  FINAL  ]   58 routes  vb  ac_avg  k=4  λ=0.4  solver=filo2
15:28:55 | i — | [  FINAL  ]   57 routes  rb  kmeans  k=4  λ=0.4  solver=ails2
15:28:55 | i — | [  FINAL  ]   56 routes  rb  kmeans  k=4  λ=0.6  solver=filo2
15:28:55 | i — | [  FINAL  ]   56 routes  rb  ac_complete  k=4  λ=0.0  solver=filo
15:28:55 | i — | [  FINAL  ]   55 routes  rb  ac_complete  k=4  λ=0.0  solver=ails2
15:28:55 | i — | [  FINAL  ]   55 routes  rb  ac_complete  k=4  λ=0.4  solver=filo2
15:28:55 | i — | [  FINAL  ]   55 routes  vb  ac_avg  k=8  λ=0.4  solver=filo2
15:28:55 | i — | [  FINAL  ]   54 routes  rb  ac_complete  k=10  λ=1.0  solver=pyvrp
15:28:55 | i — | [  FINAL  ]   51 routes  rb  ac_complete  k=8  λ=0.0  solver=filo
15:28:55 | i — | [  FINAL  ]   51 routes  rb  ac_avg  k=8  λ=0.0  solver=ails2
15:28:55 | i — | [  FINAL  ]   50 routes  rb  ac_complete  k=10  λ=0.2  solver=filo2
15:28:55 | i — | [  FINAL  ]   50 routes  rb  ac_complete  k=8  λ=0.4  solver=ails2
15:28:55 | i — | [  FINAL  ]   50 routes  rb  ac_complete  k=8  λ=0.0  solver=ails2
15:28:55 | i — | [  FINAL  ]   49 routes  rb  ac_avg  k=6  λ=1.0  solver=ails2
15:28:55 | i — | [  FINAL  ]   49 routes  rb  ac_avg  k=8  λ=1.0  solver=ails2
15:28:55 | i — | [  FINAL  ]   47 routes  rb  ac_avg  k=10  λ=0.4  solver=filo
15:28:55 | i — | [  FINAL  ]   47 routes  rb  kmeans  k=8  λ=0.0  solver=filo2
15:28:55 | i — | [  FINAL  ]   45 routes  rb  kmeans  k=12  λ=0.4  solver=filo2
15:28:55 | i — | [  FINAL  ]   45 routes  rb  ac_complete  k=10  λ=0.0  solver=ails2
15:28:55 | i — | [  FINAL  ]   45 routes  rb  kmeans  k=8  λ=0.6  solver=filo2
15:28:55 | i — | [  FINAL  ]   43 routes  rb  kmeans  k=8  λ=0.6  solver=ails2
15:28:55 | i — | [  FINAL  ]   43 routes  rb  ac_avg  k=8  λ=0.4  solver=filo
15:28:55 | i — | [  FINAL  ]   37 routes  rb  kmeans  k=4  λ=0.4  solver=filo2
15:28:55 | i — | [  FINAL  ]   34 routes  rb  kmeans  k=12  λ=0.0  solver=filo2
15:28:55 | i — | [  FINAL  ]   31 routes  rb  kmeans  k=4  λ=0.6  solver=ails2
15:28:55 | i — | [  FINAL  ]   27 routes  rb  kmeans  k=8  λ=0.2  solver=pyvrp
15:28:55 | i — | [  FINAL  ]   26 routes  rb  ac_complete  k=6  λ=0.4  solver=ails2
15:28:55 | i — | [  FINAL  ]   26 routes  rb  ac_avg  k=8  λ=0.6  solver=filo2
15:28:55 | i — | [  FINAL  ]   24 routes  rb  kmeans  k=6  λ=0.4  solver=ails2
15:28:55 | i — | [  FINAL  ]   22 routes  rb  ac_avg  k=10  λ=1.0  solver=ails2
15:28:55 | i — | [  FINAL  ]   16 routes  rb  kmeans  k=12  λ=0.0  solver=filo
15:28:55 | i — | [  FINAL  ]   14 routes  rb  ac_avg  k=8  λ=0.0  solver=filo2
15:28:55 | i — | [  FINAL  ]   94 routes  post-SP/SC improvement
15:28:55 | i — | [  FINAL  ] ════════════════════════════════════════
