15:14:30 | i — | [  INIT   ] ════════════════════════════════════════
15:14:30 | i — | [  INIT   ] DRISPI  instance=X-n1328-k19  n=1327  capacity=542
15:14:31 | i — | [  INIT   ] k domain (computed at init): [2, 3, 4, 6, 8, 10, 12]  k_ext=2  k_min=19  k_ext_bound=route_bound  spacing_rejected=0
15:14:31 | i — | [  INIT   ] ══════════════════════════════════════════════════════
15:14:31 | i — | [  INIT   ] CONFIGURATION
15:14:31 | i — | [  INIT   ] ── stopping ────────────────────────────────
15:14:31 | i — | [  INIT   ]   time_limit                  = 7200.0
15:14:31 | i — | [  INIT   ]   max_no_improve              = 1000000000
15:14:31 | i — | [  INIT   ] ── parallelism ─────────────────────────────
15:14:31 | i — | [  INIT   ]   n_workers                   = 8
15:14:31 | i — | [  INIT   ] ── cores ───────────────────────────────────
15:14:31 | i — | [  INIT   ]   cores_total                 = 8
15:14:31 | i — | [  INIT   ]   cores_dri                   = 6
15:14:31 | i — | [  INIT   ]   cores_bg                    = 1
15:14:31 | i — | [  INIT   ]   cores_sp                    = 1
15:14:31 | i — | [  INIT   ]   cores_cpu_list              = None
15:14:31 | i — | [  INIT   ] ── sp/sc ───────────────────────────────────
15:14:31 | i — | [  INIT   ]   sp_sc_mode                  = async
15:14:31 | i — | [  INIT   ]   sp_sc_trigger               = wallclock
15:14:31 | i — | [  INIT   ]   interval_minutes            = 20.0
15:14:31 | i — | [  INIT   ]   overlap_policy              = skip
15:14:31 | i — | [  INIT   ]   warmup_iterations           = 5
15:14:31 | i — | [  INIT   ]   sp_interval                 = 3
15:14:31 | i — | [  INIT   ]   min_coverage                = 5
15:14:31 | i — | [  INIT   ]   sp_time_limit               = 720.0
15:14:31 | i — | [  INIT   ]   mip_gap                     = 0.00025
15:14:31 | i — | [  INIT   ] ── decomposition ───────────────────────────
15:14:31 | i — | [  INIT   ]   decomp_k_base_arms          = [2, 3, 4, 6, 8, 10, 12]
15:14:31 | i — | [  INIT   ]   decomp_k_max_arms           = 10
15:14:31 | i — | [  INIT   ]   decomp_k_ext_per_1000       = 4
15:14:31 | i — | [  INIT   ]   decomp_k_min_routes_per_cluster= 8
15:14:31 | i — | [  INIT   ]   decomp_k_min_arm_spacing    = 2
15:14:31 | i — | [  INIT   ]   subcluster_rate_s_per_customer= 0.06
15:14:31 | i — | [  INIT   ]   subcluster_floor_s          = 5.0
15:14:31 | i — | [  INIT   ] ── bg_ails ─────────────────────────────────
15:14:31 | i — | [  INIT   ]   bg_ails_mode                = async
15:14:31 | i — | [  INIT   ]   bg_ails_crash_threshold     = 1
15:14:31 | i — | [  INIT   ]   bg_ails_budget_mode         = predicted_dr_wall
15:14:31 | i — | [  INIT   ]   bg_ails_budget_floor_s      = 60.0
15:14:31 | i — | [  INIT   ]   bg_ails_budget_margin       = 1.0
15:14:31 | i — | [  INIT   ]   bg_ails_wall_model_scale    = 0.976
15:14:31 | i — | [  INIT   ]   bg_ails_wall_model_wave_exponent= -0.18
15:14:31 | i — | [  INIT   ]   bg_ails_initial_omega       = 10
15:14:31 | i — | [  INIT   ]   bg_ails_boundary_threshold  = 0.5
15:14:31 | i — | [  INIT   ]   bg_ails_small_cluster_cap   = 20
15:14:31 | i — | [  INIT   ]   bg_ails_small_cluster_alpha = 0.5
15:14:31 | i — | [  INIT   ]   bg_ails_pair_selection      = greedy
15:14:31 | i — | [  INIT   ]   bg_ails_n_chains_mode       = k
15:14:31 | i — | [  INIT   ] ── standard_improvement ────────────────────
15:14:31 | i — | [  INIT   ]   standard_improvement_time_limit= 360.0
15:14:31 | i — | [  INIT   ] ── pool ────────────────────────────────────
15:14:31 | i — | [  INIT   ]   max_pool_size               = 10000
15:14:31 | i — | [  INIT   ]   pool_diversity_weight       = 0.5
15:14:31 | i — | [  INIT   ] ── haos ────────────────────────────────────
15:14:31 | i — | [  INIT   ]   haos_decay                  = 0.95
15:14:31 | i — | [  INIT   ]   haos_warmup                 = 10
15:14:31 | i — | [  INIT   ]   haos_starting_weight        = 10.0
15:14:31 | i — | [  INIT   ]   haos_min_weight_k           = 0.025
15:14:31 | i — | [  INIT   ]   haos_min_weight_lambda      = 0.05
15:14:31 | i — | [  INIT   ]   haos_min_weight_paradigm    = 0.1
15:14:31 | i — | [  INIT   ]   haos_min_weight_vertex_method= 0.05
15:14:31 | i — | [  INIT   ]   haos_min_weight_route_method= 0.05
15:14:31 | i — | [  INIT   ]   haos_min_weight_solver      = 0.05
15:14:31 | i — | [  INIT   ]   haos_lambda_demand_values   = [0.0, 0.2, 0.4, 0.6, 0.8, 1.0]
15:14:31 | i — | [  INIT   ]   haos_paradigm_values        = ['vertex', 'route']
15:14:31 | i — | [  INIT   ]   haos_vertex_method_values   = ['kmeans', 'agglomerative_avg', 'agglomerative_complete', 'kmedoids', 'fcm']
15:14:31 | i — | [  INIT   ]   haos_route_method_values    = ['kmeans', 'agglomerative_avg', 'agglomerative_complete']
15:14:31 | i — | [  INIT   ]   haos_solver_values          = ['pyvrp', 'filo', 'filo2', 'ails2']
15:14:31 | i — | [  INIT   ] ── haos_rewards ────────────────────────────
15:14:31 | i — | [  INIT   ]   haos_reward_new_best        = 10.0
15:14:31 | i — | [  INIT   ]   haos_reward_improvement     = 4.0
15:14:31 | i — | [  INIT   ]   haos_reward_no_improvement  = 1.0
15:14:31 | i — | [  INIT   ]   haos_reward_no_solution     = 0.0
15:14:31 | i — | [  INIT   ]   haos_deferred_new_best      = 7.0
15:14:31 | i — | [  INIT   ]   haos_deferred_improvement   = 3.0
15:14:31 | i — | [  INIT   ]   haos_deferred_no_improvement= 0.0
15:14:31 | i — | [  INIT   ] ── seed ────────────────────────────────────
15:14:31 | i — | [  INIT   ]   seed                        = 20
15:14:31 | i — | [  INIT   ] ── output ──────────────────────────────────
15:14:31 | i — | [  INIT   ]   output_dir                  = /app/artifacts/final_benchmark/runs/X-n1328-k19/seed20
15:14:31 | i — | [  INIT   ]   run_analysis                = False
15:14:31 | i — | [  INIT   ] ══════════════════════════════════════════════════════
15:14:31 | i — | [  INIT   ] BKS=38201.00
15:14:31 | i — | [  INIT   ] ════════════════════════════════════════
15:14:31 | i 1 | [HAOS ROLL] k=3  λ=0.8  vb  kmeans  pyvrp  P≈0.000595
15:14:34 | i 1 | [Phase 1/3] decompose  3.35s / — / —  λ=0.8  vb kmeans
15:15:03 | i 1 | [Phase 2/3] route  28.71s / 27.78s / 103.3%  pyvrp  k=3
15:15:03 | i 1 | [ IMPROVE ] 40433.00  via decompose_route  ·  Δ_BKS=+5.84%
15:15:03 | i 1 | [HAOS ROLL] k=3  λ=0.8  vb  kmeans  pyvrp  P≈0.000595
15:15:03 | i 1 | [ Summary ] cost=40433.00  Δ_S*=+0.00%  Δ_BKS=+5.84%  Δ_S*_BKS=+5.84%  no_improve=0
15:15:03 | i 2 | [HAOS ROLL] k=10  λ=1.0  vb  kmedoids  filo2  P≈0.000595
15:15:03 | i 2 | [Phase 1/3] decompose  0.31s / — / —  λ=1.0  vb kmedoids
15:15:20 | i 2 | [Phase 2/3] route  17.07s / 12.96s / 131.7%  filo2  k=10
15:16:05 | i 1 | [ IMPROVE ] 38684.00  via bg_ails  ·  Δ_BKS=+1.26%
15:16:05 | i 1 | [ ASYNC BG] bg_ails  62.59s / 60.00s / 104.3%
15:16:05 | i 2 | [HAOS ROLL] k=10  λ=1.0  vb  kmedoids  filo2  P≈0.000595
15:16:05 | i 2 | [ Summary ] cost=47482.00  Δ_S*=+22.74%  Δ_BKS=+24.30%  Δ_S*_BKS=+1.26%  no_improve=1
15:16:05 | i 3 | [HAOS ROLL] k=8  λ=1.0  vb  ac_avg  ails2  P≈0.000595
15:16:05 | i 3 | [Phase 1/3] decompose  0.21s / — / —  λ=1.0  vb ac_avg
15:16:28 | i 3 | [Phase 2/3] route  22.46s / 21.72s / 103.4%  ails2  k=8
15:17:08 | i 2 | [ IMPROVE ] 38527.00  via bg_ails  ·  Δ_BKS=+0.85%
15:17:08 | i 2 | [ ASYNC BG] bg_ails  62.67s / 60.00s / 104.4%
15:17:08 | i 3 | [HAOS ROLL] k=8  λ=1.0  vb  ac_avg  ails2  P≈0.000595
15:17:08 | i 3 | [ Summary ] cost=42870.00  Δ_S*=+11.27%  Δ_BKS=+12.22%  Δ_S*_BKS=+0.85%  no_improve=1
15:17:08 | i 4 | [HAOS ROLL] k=4  λ=0.8  rb  kmeans  filo2  P≈0.000992
15:17:08 | i 4 | [Phase 1/3] decompose  0.14s / — / —  λ=0.8  rb kmeans
15:17:39 | i 4 | [Phase 2/3] route  31.07s / 30.60s / 101.5%  filo2  k=4
15:18:11 | i 3 | [ ASYNC BG] bg_ails  62.68s / 60.00s / 104.5%
15:18:11 | i 4 | [HAOS ROLL] k=4  λ=0.8  rb  kmeans  filo2  P≈0.000992
15:18:11 | i 4 | [ Summary ] cost=38600.00  Δ_S*=+0.19%  Δ_BKS=+1.04%  Δ_S*_BKS=+0.85%  no_improve=3
15:18:11 | i 5 | [HAOS ROLL] k=10  λ=0.4  vb  ac_complete  pyvrp  P≈0.000595
15:18:11 | i 5 | [Phase 1/3] decompose  0.16s / — / —  λ=0.4  vb ac_complete
15:18:29 | i 5 | [Phase 2/3] route  18.05s / 17.64s / 102.3%  pyvrp  k=10
15:19:13 | i 4 | [ IMPROVE ] 38510.00  via bg_ails  ·  Δ_BKS=+0.81%
15:19:13 | i 4 | [ ASYNC BG] bg_ails  62.65s / 60.00s / 104.4%
15:19:13 | i 5 | [HAOS ROLL] k=10  λ=0.4  vb  ac_complete  pyvrp  P≈0.000595
15:19:13 | i 5 | [ Summary ] cost=46082.00  Δ_S*=+19.66%  Δ_BKS=+20.63%  Δ_S*_BKS=+0.81%  no_improve=1
15:19:13 | i 6 | [HAOS ROLL] k=3  λ=0.2  rb  ac_avg  ails2  P≈0.000992
15:19:13 | i 6 | [Phase 1/3] decompose  0.13s / — / —  λ=0.2  rb ac_avg
15:20:07 | i 6 | [Phase 2/3] route  53.68s / 52.44s / 102.4%  ails2  k=3
15:20:16 | i 5 | [ ASYNC BG] bg_ails  62.61s / 60.00s / 104.4%
15:20:16 | i 6 | [HAOS ROLL] k=3  λ=0.2  rb  ac_avg  ails2  P≈0.000992
15:20:16 | i 6 | [ Summary ] cost=38550.00  Δ_S*=+0.10%  Δ_BKS=+0.91%  Δ_S*_BKS=+0.81%  no_improve=3
15:20:16 | i 7 | [HAOS ROLL] k=2  λ=0.4  rb  ac_avg  filo2  P≈0.000992
15:20:16 | i 7 | [Phase 1/3] decompose  0.13s / — / —  λ=0.4  rb ac_avg
15:21:13 | i 7 | [Phase 2/3] route  57.10s / 56.70s / 100.7%  filo2  k=2
15:21:18 | i 6 | [ ASYNC BG] bg_ails  62.58s / 60.00s / 104.3%
15:21:18 | i 7 | [HAOS ROLL] k=2  λ=0.4  rb  ac_avg  filo2  P≈0.000992
15:21:18 | i 7 | [ Summary ] cost=38732.00  Δ_S*=+0.58%  Δ_BKS=+1.39%  Δ_S*_BKS=+0.81%  no_improve=5
15:21:18 | i 8 | [HAOS ROLL] k=10  λ=1.0  vb  ac_avg  ails2  P≈0.000595
15:21:19 | i 8 | [Phase 1/3] decompose  0.17s / — / —  λ=1.0  vb ac_avg
15:21:41 | i 8 | [Phase 2/3] route  22.52s / 21.72s / 103.7%  ails2  k=10
15:22:21 | i 7 | [ ASYNC BG] bg_ails  62.62s / 60.00s / 104.4%
15:22:21 | i 8 | [HAOS ROLL] k=10  λ=1.0  vb  ac_avg  ails2  P≈0.000595
15:22:21 | i 8 | [ Summary ] cost=43301.00  Δ_S*=+12.44%  Δ_BKS=+13.35%  Δ_S*_BKS=+0.81%  no_improve=7
15:22:21 | i 9 | [HAOS ROLL] k=8  λ=0.2  rb  ac_avg  ails2  P≈0.000992
15:22:21 | i 9 | [Phase 1/3] decompose  0.14s / — / —  λ=0.2  rb ac_avg
15:22:44 | i 9 | [Phase 2/3] route  22.50s / 21.90s / 102.7%  ails2  k=8
15:23:24 | i 8 | [ ASYNC BG] bg_ails  62.63s / 60.00s / 104.4%
15:23:24 | i 9 | [HAOS ROLL] k=8  λ=0.2  rb  ac_avg  ails2  P≈0.000992
15:23:24 | i 9 | [ Summary ] cost=38567.00  Δ_S*=+0.15%  Δ_BKS=+0.96%  Δ_S*_BKS=+0.81%  no_improve=9
15:23:24 | i 10 | [HAOS ROLL] k=2  λ=0.0  vb  kmeans  ails2  P≈0.000595
15:23:24 | i 10 | [Phase 1/3] decompose  0.11s / — / —  λ=0.0  vb kmeans
15:24:10 | i 10 | [Phase 2/3] route  46.52s / 45.12s / 103.1%  ails2  k=2
15:24:26 | i 9 | [ ASYNC BG] bg_ails  62.69s / 60.00s / 104.5%
15:24:26 | i 10 | [HAOS ROLL] k=2  λ=0.0  vb  kmeans  ails2  P≈0.000595
15:24:26 | i 10 | [ Summary ] cost=39816.00  Δ_S*=+3.39%  Δ_BKS=+4.23%  Δ_S*_BKS=+0.81%  no_improve=11
15:24:26 | i 11 | [HAOS ROLL] k=8  λ=0.4  vb  ac_complete  ails2  P≈0.000595
15:24:27 | i 11 | [Phase 1/3] decompose  0.16s / — / —  λ=0.4  vb ac_complete
15:24:47 | i 11 | [Phase 2/3] route  20.51s / 19.98s / 102.6%  ails2  k=8
15:25:29 | i 10 | [ ASYNC BG] bg_ails  62.70s / 60.00s / 104.5%
15:25:29 | i 11 | [HAOS ROLL] k=8  λ=0.4  vb  ac_complete  ails2  P≈0.000595
15:25:29 | i 11 | [ Summary ] cost=45661.00  Δ_S*=+18.57%  Δ_BKS=+19.53%  Δ_S*_BKS=+0.81%  no_improve=13
15:25:29 | i 12 | [HAOS ROLL] k=10  λ=0.2  rb  ac_complete  filo2  P≈0.000946
15:25:29 | i 12 | [Phase 1/3] decompose  0.14s / — / —  λ=0.2  rb ac_complete
15:25:51 | i 12 | [Phase 2/3] route  22.07s / 21.90s / 100.8%  filo2  k=10
15:26:32 | i 11 | [ ASYNC BG] bg_ails  62.65s / 60.00s / 104.4%
15:26:32 | i 12 | [HAOS ROLL] k=10  λ=0.2  rb  ac_complete  filo2  P≈0.000946
15:26:32 | i 12 | [ Summary ] cost=38614.00  Δ_S*=+0.27%  Δ_BKS=+1.08%  Δ_S*_BKS=+0.81%  no_improve=15
15:26:32 | i 6 | [ASYNC 1/2] sp_sc  0.03s / 720.00s / 0.0%  SP  avg_coverage=10.60/5  pool=213
15:26:32 | i 6 | [ASYNC 2/2] standard_ails  362.57s / 360.00s / 100.7%
15:26:32 | i 6 | [ IMPROVE ] 38359.00  via standard_ails  ·  Δ_BKS=+0.41%
15:26:32 | i 13 | [HAOS ROLL] k=6  λ=0.2  vb  ac_avg  filo  P≈0.000518
15:26:32 | i 13 | [Phase 1/3] decompose  0.14s / — / —  λ=0.2  vb ac_avg
15:26:54 | i 13 | [Phase 2/3] route  22.07s / 21.72s / 101.6%  filo  k=6
15:27:34 | i 12 | [ ASYNC BG] bg_ails  62.63s / 60.00s / 104.4%
15:27:34 | i 13 | [HAOS ROLL] k=6  λ=0.2  vb  ac_avg  filo  P≈0.000518
15:27:34 | i 13 | [ Summary ] cost=42461.00  Δ_S*=+10.69%  Δ_BKS=+11.15%  Δ_S*_BKS=+0.41%  no_improve=2
15:27:34 | i 14 | [HAOS ROLL] k=6  λ=0.4  vb  kmeans  filo2  P≈0.000716
15:27:35 | i 14 | [Phase 1/3] decompose  0.13s / — / —  λ=0.4  vb kmeans
15:27:54 | i 14 | [Phase 2/3] route  19.07s / 18.72s / 101.9%  filo2  k=6
15:28:37 | i 13 | [ ASYNC BG] bg_ails  62.72s / 60.00s / 104.5%
15:28:37 | i 14 | [HAOS ROLL] k=6  λ=0.4  vb  kmeans  filo2  P≈0.000716
15:28:37 | i 14 | [ Summary ] cost=43860.00  Δ_S*=+14.34%  Δ_BKS=+14.81%  Δ_S*_BKS=+0.41%  no_improve=4
15:28:37 | i 15 | [HAOS ROLL] k=4  λ=0.6  vb  kmeans  ails2  P≈0.000383
15:28:37 | i 15 | [Phase 1/3] decompose  0.13s / — / —  λ=0.6  vb kmeans
15:29:02 | i 15 | [Phase 2/3] route  24.42s / 23.28s / 104.9%  ails2  k=4
15:29:40 | i 14 | [ ASYNC BG] bg_ails  62.64s / 60.00s / 104.4%
15:29:40 | i 15 | [HAOS ROLL] k=4  λ=0.6  vb  kmeans  ails2  P≈0.000383
15:29:40 | i 15 | [ Summary ] cost=42036.00  Δ_S*=+9.59%  Δ_BKS=+10.04%  Δ_S*_BKS=+0.41%  no_improve=6
15:29:40 | i 16 | [HAOS ROLL] k=10  λ=1.0  vb  fcm  filo2  P≈0.001454
15:29:40 | i 16 | [Phase 1/3] decompose  0.33s / — / —  λ=1.0  vb fcm
15:29:57 | i 16 | [Phase 2/3] route  17.07s / 14.82s / 115.2%  filo2  k=10
15:30:42 | i 15 | [ ASYNC BG] bg_ails  62.57s / 60.00s / 104.3%
15:30:42 | i 16 | [HAOS ROLL] k=10  λ=1.0  vb  fcm  filo2  P≈0.001454
15:30:42 | i 16 | [ Summary ] cost=46687.00  Δ_S*=+21.71%  Δ_BKS=+22.21%  Δ_S*_BKS=+0.41%  no_improve=8
15:30:42 | i 17 | [HAOS ROLL] k=3  λ=0.6  vb  ac_avg  pyvrp  P≈0.000314
15:30:43 | i 17 | [Phase 1/3] decompose  0.16s / — / —  λ=0.6  vb ac_avg
15:31:21 | i 17 | [Phase 2/3] route  38.12s / 36.84s / 103.5%  pyvrp  k=3
15:31:45 | i 16 | [ ASYNC BG] bg_ails  62.77s / 60.00s / 104.6%
15:31:45 | i 17 | [HAOS ROLL] k=3  λ=0.6  vb  ac_avg  pyvrp  P≈0.000314
15:31:45 | i 17 | [ Summary ] cost=41869.00  Δ_S*=+9.15%  Δ_BKS=+9.60%  Δ_S*_BKS=+0.41%  no_improve=10
15:31:45 | i 18 | [HAOS ROLL] k=4  λ=1.0  rb  ac_complete  filo  P≈0.000698
15:31:45 | i 18 | [Phase 1/3] decompose  0.13s / — / —  λ=1.0  rb ac_complete
15:32:16 | i 18 | [Phase 2/3] route  31.07s / 30.54s / 101.7%  filo  k=4
15:32:48 | i 17 | [ ASYNC BG] bg_ails  62.60s / 60.00s / 104.3%
15:32:48 | i 18 | [HAOS ROLL] k=4  λ=1.0  rb  ac_complete  filo  P≈0.000698
15:32:48 | i 18 | [ Summary ] cost=38545.00  Δ_S*=+0.48%  Δ_BKS=+0.90%  Δ_S*_BKS=+0.41%  no_improve=12
15:32:48 | i 19 | [HAOS ROLL] k=10  λ=1.0  vb  ac_complete  filo2  P≈0.001863
15:32:48 | i 19 | [Phase 1/3] decompose  0.16s / — / —  λ=1.0  vb ac_complete
15:33:06 | i 19 | [Phase 2/3] route  18.08s / 17.64s / 102.5%  filo2  k=10
15:33:50 | i 18 | [ ASYNC BG] bg_ails  62.58s / 60.00s / 104.3%
15:33:50 | i 19 | [HAOS ROLL] k=10  λ=1.0  vb  ac_complete  filo2  P≈0.001863
15:33:50 | i 19 | [ Summary ] cost=46005.00  Δ_S*=+19.93%  Δ_BKS=+20.43%  Δ_S*_BKS=+0.41%  no_improve=14
15:33:50 | i 20 | [HAOS ROLL] k=3  λ=1.0  vb  ac_avg  pyvrp  P≈0.000894
15:33:51 | i 20 | [Phase 1/3] decompose  0.17s / — / —  λ=1.0  vb ac_avg
15:34:29 | i 20 | [Phase 2/3] route  38.12s / 36.84s / 103.5%  pyvrp  k=3
15:34:53 | i 19 | [ ASYNC BG] bg_ails  62.59s / 60.00s / 104.3%
15:34:53 | i 20 | [HAOS ROLL] k=3  λ=1.0  vb  ac_avg  pyvrp  P≈0.000894
15:34:53 | i 20 | [ Summary ] cost=41578.00  Δ_S*=+8.39%  Δ_BKS=+8.84%  Δ_S*_BKS=+0.41%  no_improve=16
15:34:53 | i 21 | [HAOS ROLL] k=6  λ=0.4  vb  kmeans  filo  P≈0.000611
15:34:53 | i 21 | [Phase 1/3] decompose  0.13s / — / —  λ=0.4  vb kmeans
15:35:12 | i 21 | [Phase 2/3] route  19.07s / 18.72s / 101.9%  filo  k=6
15:35:56 | i 20 | [ ASYNC BG] bg_ails  62.72s / 60.00s / 104.5%
15:35:56 | i 21 | [HAOS ROLL] k=6  λ=0.4  vb  kmeans  filo  P≈0.000611
15:35:56 | i 21 | [ Summary ] cost=43828.00  Δ_S*=+14.26%  Δ_BKS=+14.73%  Δ_S*_BKS=+0.41%  no_improve=18
15:35:56 | i 22 | [HAOS ROLL] k=4  λ=0.8  rb  kmeans  ails2  P≈0.000375
15:35:56 | i 22 | [Phase 1/3] decompose  0.13s / — / —  λ=0.8  rb kmeans
15:36:27 | i 22 | [Phase 2/3] route  31.50s / 30.54s / 103.1%  ails2  k=4
15:36:58 | i 21 | [ ASYNC BG] bg_ails  62.63s / 60.00s / 104.4%
15:36:58 | i 22 | [HAOS ROLL] k=4  λ=0.8  rb  kmeans  ails2  P≈0.000375
15:36:58 | i 22 | [ Summary ] cost=38428.00  Δ_S*=+0.18%  Δ_BKS=+0.59%  Δ_S*_BKS=+0.41%  no_improve=20
15:36:58 | i 23 | [HAOS ROLL] k=8  λ=0.6  vb  fcm  ails2  P≈0.000271
15:36:59 | i 23 | [Phase 1/3] decompose  0.22s / — / —  λ=0.6  vb fcm
15:37:16 | i 23 | [Phase 2/3] route  17.48s / 16.56s / 105.5%  ails2  k=8
15:38:01 | i 22 | [ ASYNC BG] bg_ails  62.72s / 60.00s / 104.5%
15:38:01 | i 23 | [HAOS ROLL] k=8  λ=0.6  vb  fcm  ails2  P≈0.000271
15:38:01 | i 23 | [ Summary ] cost=44350.00  Δ_S*=+15.62%  Δ_BKS=+16.10%  Δ_S*_BKS=+0.41%  no_improve=22
15:38:01 | i 24 | [HAOS ROLL] k=6  λ=0.0  vb  fcm  pyvrp  P≈0.000349
15:38:01 | i 24 | [Phase 1/3] decompose  0.13s / — / —  λ=0.0  vb fcm
15:38:21 | i 24 | [Phase 2/3] route  19.49s / 19.02s / 102.5%  pyvrp  k=6
15:39:04 | i 23 | [ ASYNC BG] bg_ails  62.62s / 60.00s / 104.4%
15:39:04 | i 24 | [HAOS ROLL] k=6  λ=0.0  vb  fcm  pyvrp  P≈0.000349
15:39:04 | i 24 | [ Summary ] cost=43981.00  Δ_S*=+14.66%  Δ_BKS=+15.13%  Δ_S*_BKS=+0.41%  no_improve=24
15:39:04 | i 25 | [HAOS ROLL] k=4  λ=0.0  rb  ac_complete  ails2  P≈0.000714
15:39:04 | i 25 | [Phase 1/3] decompose  0.10s / — / —  λ=0.0  rb ac_complete
15:39:35 | i 25 | [Phase 2/3] route  31.46s / 30.54s / 103.0%  ails2  k=4
15:40:06 | i 24 | [ ASYNC BG] bg_ails  62.63s / 60.00s / 104.4%
15:40:06 | i 25 | [HAOS ROLL] k=4  λ=0.0  rb  ac_complete  ails2  P≈0.000714
15:40:06 | i 25 | [ Summary ] cost=38398.00  Δ_S*=+0.10%  Δ_BKS=+0.52%  Δ_S*_BKS=+0.41%  no_improve=26
15:40:06 | i 26 | [HAOS ROLL] k=10  λ=0.0  rb  ac_complete  filo2  P≈0.001278
15:40:06 | i 26 | [Phase 1/3] decompose  0.10s / — / —  λ=0.0  rb ac_complete
15:40:24 | i 26 | [Phase 2/3] route  18.07s / 13.14s / 137.5%  filo2  k=10
15:41:09 | i 25 | [ ASYNC BG] bg_ails  62.68s / 60.00s / 104.5%
15:41:09 | i 26 | [HAOS ROLL] k=10  λ=0.0  rb  ac_complete  filo2  P≈0.001278
15:41:09 | i 26 | [ Summary ] cost=38375.00  Δ_S*=+0.04%  Δ_BKS=+0.46%  Δ_S*_BKS=+0.41%  no_improve=28
15:41:09 | i 27 | [HAOS ROLL] k=4  λ=0.6  vb  fcm  ails2  P≈0.001597
15:41:09 | i 27 | [Phase 1/3] decompose  0.18s / — / —  λ=0.6  vb fcm
15:41:35 | i 27 | [Phase 2/3] route  25.30s / 24.18s / 104.6%  ails2  k=4
15:42:12 | i 26 | [ IMPROVE ] 38335.00  via bg_ails  ·  Δ_BKS=+0.35%
15:42:12 | i 26 | [ ASYNC BG] bg_ails  62.59s / 60.00s / 104.3%
15:42:12 | i 27 | [HAOS ROLL] k=4  λ=0.6  vb  fcm  ails2  P≈0.001597
15:42:12 | i 27 | [ Summary ] cost=41119.00  Δ_S*=+7.26%  Δ_BKS=+7.64%  Δ_S*_BKS=+0.35%  no_improve=1
15:42:12 | i 28 | [HAOS ROLL] k=8  λ=1.0  rb  ac_complete  filo2  P≈0.002307
15:42:12 | i 28 | [Phase 1/3] decompose  0.13s / — / —  λ=1.0  rb ac_complete
15:42:34 | i 28 | [Phase 2/3] route  22.08s / 21.78s / 101.4%  filo2  k=8
15:43:14 | i 27 | [ ASYNC BG] bg_ails  62.58s / 60.00s / 104.3%
15:43:14 | i 28 | [HAOS ROLL] k=8  λ=1.0  rb  ac_complete  filo2  P≈0.002307
15:43:14 | i 28 | [ Summary ] cost=38519.00  Δ_S*=+0.48%  Δ_BKS=+0.83%  Δ_S*_BKS=+0.35%  no_improve=3
15:43:14 | i 29 | [HAOS ROLL] k=8  λ=0.2  vb  kmedoids  filo2  P≈0.000395
15:43:14 | i 29 | [Phase 1/3] decompose  0.16s / — / —  λ=0.2  vb kmedoids
15:43:35 | i 29 | [Phase 2/3] route  21.08s / 17.34s / 121.6%  filo2  k=8
15:44:17 | i 28 | [ ASYNC BG] bg_ails  62.74s / 60.00s / 104.6%
15:44:17 | i 29 | [HAOS ROLL] k=8  λ=0.2  vb  kmedoids  filo2  P≈0.000395
15:44:17 | i 29 | [ Summary ] cost=44544.00  Δ_S*=+16.20%  Δ_BKS=+16.60%  Δ_S*_BKS=+0.35%  no_improve=5
15:44:17 | i 30 | [HAOS ROLL] k=2  λ=0.2  rb  kmeans  ails2  P≈0.000202
15:44:17 | i 30 | [Phase 1/3] decompose  0.12s / — / —  λ=0.2  rb kmeans
15:45:11 | i 30 | [Phase 2/3] route  53.64s / 52.44s / 102.3%  ails2  k=2
15:45:20 | i 29 | [ ASYNC BG] bg_ails  62.67s / 60.00s / 104.4%
15:45:20 | i 30 | [HAOS ROLL] k=2  λ=0.2  rb  kmeans  ails2  P≈0.000202
15:45:20 | i 30 | [ Summary ] cost=38485.00  Δ_S*=+0.39%  Δ_BKS=+0.74%  Δ_S*_BKS=+0.35%  no_improve=7
15:45:20 | i 31 | [HAOS ROLL] k=6  λ=0.0  vb  kmedoids  filo2  P≈0.001419
15:45:20 | i 31 | [Phase 1/3] decompose  0.14s / — / —  λ=0.0  vb kmedoids
15:45:38 | i 31 | [Phase 2/3] route  18.07s / 18.42s / 98.1%  filo2  k=6
15:46:22 | i 30 | [ ASYNC BG] bg_ails  62.68s / 60.00s / 104.5%
15:46:22 | i 31 | [HAOS ROLL] k=6  λ=0.0  vb  kmedoids  filo2  P≈0.001419
15:46:22 | i 31 | [ Summary ] cost=43311.00  Δ_S*=+12.98%  Δ_BKS=+13.38%  Δ_S*_BKS=+0.35%  no_improve=9
15:46:22 | i 32 | [HAOS ROLL] k=6  λ=1.0  vb  kmedoids  filo  P≈0.000489
15:46:23 | i 32 | [Phase 1/3] decompose  0.22s / — / —  λ=1.0  vb kmedoids
15:46:42 | i 32 | [Phase 2/3] route  19.08s / 19.02s / 100.3%  filo  k=6
15:47:25 | i 31 | [ ASYNC BG] bg_ails  62.62s / 60.00s / 104.4%
15:47:25 | i 32 | [HAOS ROLL] k=6  λ=1.0  vb  kmedoids  filo  P≈0.000489
15:47:25 | i 32 | [ Summary ] cost=43610.00  Δ_S*=+13.76%  Δ_BKS=+14.16%  Δ_S*_BKS=+0.35%  no_improve=11
15:47:25 | i 26 | [ASYNC 1/2] sp_sc  0.74s / 720.00s / 0.1%  SP  avg_coverage=45.27/5  pool=887
15:47:25 | i 26 | [ASYNC 2/2] standard_ails  362.57s / 360.00s / 100.7%
15:47:25 | i 33 | [HAOS ROLL] k=10  λ=0.4  rb  ac_complete  filo  P≈0.000657
15:47:25 | i 33 | [Phase 1/3] decompose  0.10s / — / —  λ=0.4  rb ac_complete
15:47:48 | i 33 | [Phase 2/3] route  22.07s / 13.08s / 168.7%  filo  k=10
15:48:28 | i 32 | [ ASYNC BG] bg_ails  62.68s / 60.00s / 104.5%
15:48:28 | i 33 | [ IMPROVE ] 38334.00  via decompose_route  ·  Δ_BKS=+0.35%
15:48:28 | i 33 | [HAOS ROLL] k=10  λ=0.4  rb  ac_complete  filo  P≈0.000657
15:48:28 | i 33 | [ Summary ] cost=38334.00  Δ_S*=+0.00%  Δ_BKS=+0.35%  Δ_S*_BKS=+0.35%  no_improve=0
15:48:28 | i 34 | [HAOS ROLL] k=4  λ=0.6  vb  ac_avg  filo2  P≈0.000757
15:48:28 | i 34 | [Phase 1/3] decompose  0.15s / — / —  λ=0.6  vb ac_avg
15:49:00 | i 34 | [Phase 2/3] route  32.08s / 31.98s / 100.3%  filo2  k=4
15:49:30 | i 33 | [ ASYNC BG] bg_ails  62.63s / 60.00s / 104.4%
15:49:30 | i 34 | [HAOS ROLL] k=4  λ=0.6  vb  ac_avg  filo2  P≈0.000757
15:49:30 | i 34 | [ Summary ] cost=42278.00  Δ_S*=+10.29%  Δ_BKS=+10.67%  Δ_S*_BKS=+0.35%  no_improve=2
15:49:30 | i 35 | [HAOS ROLL] k=6  λ=0.0  vb  fcm  filo2  P≈0.001621
15:49:30 | i 35 | [Phase 1/3] decompose  0.11s / — / —  λ=0.0  vb fcm
15:49:49 | i 35 | [Phase 2/3] route  19.07s / 19.02s / 100.3%  filo2  k=6
15:50:33 | i 34 | [ ASYNC BG] bg_ails  62.67s / 60.00s / 104.5%
15:50:33 | i 35 | [HAOS ROLL] k=6  λ=0.0  vb  fcm  filo2  P≈0.001621
15:50:33 | i 35 | [ Summary ] cost=43874.00  Δ_S*=+14.45%  Δ_BKS=+14.85%  Δ_S*_BKS=+0.35%  no_improve=4
15:50:33 | i 36 | [HAOS ROLL] k=6  λ=0.6  rb  ac_complete  filo2  P≈0.003148
15:50:33 | i 36 | [Phase 1/3] decompose  0.12s / — / —  λ=0.6  rb ac_complete
15:50:59 | i 36 | [Phase 2/3] route  26.08s / 25.98s / 100.4%  filo2  k=6
15:51:36 | i 35 | [ ASYNC BG] bg_ails  62.65s / 60.00s / 104.4%
15:51:36 | i 36 | [HAOS ROLL] k=6  λ=0.6  rb  ac_complete  filo2  P≈0.003148
15:51:36 | i 36 | [ Summary ] cost=38440.00  Δ_S*=+0.28%  Δ_BKS=+0.63%  Δ_S*_BKS=+0.35%  no_improve=6
15:51:36 | i 37 | [HAOS ROLL] k=8  λ=0.2  vb  fcm  filo2  P≈0.000958
15:51:36 | i 37 | [Phase 1/3] decompose  0.25s / — / —  λ=0.2  vb fcm
15:51:53 | i 37 | [Phase 2/3] route  17.07s / 16.56s / 103.1%  filo2  k=8
15:52:38 | i 36 | [ ASYNC BG] bg_ails  62.60s / 60.00s / 104.3%
15:52:38 | i 37 | [HAOS ROLL] k=8  λ=0.2  vb  fcm  filo2  P≈0.000958
15:52:38 | i 37 | [ Summary ] cost=44347.00  Δ_S*=+15.69%  Δ_BKS=+16.09%  Δ_S*_BKS=+0.35%  no_improve=8
15:52:38 | i 38 | [HAOS ROLL] k=2  λ=0.0  rb  ac_avg  filo2  P≈0.000818
15:52:38 | i 38 | [Phase 1/3] decompose  0.09s / — / —  λ=0.0  rb ac_avg
15:53:53 | i 38 | [Phase 2/3] route  75.14s / 75.30s / 99.8%  filo2  k=2
15:53:53 | i 37 | [ ASYNC BG] bg_ails  62.64s / 60.00s / 104.4%
15:53:53 | i 38 | [HAOS ROLL] k=2  λ=0.0  rb  ac_avg  filo2  P≈0.000818
15:53:53 | i 38 | [ Summary ] cost=38758.00  Δ_S*=+1.11%  Δ_BKS=+1.46%  Δ_S*_BKS=+0.35%  no_improve=10
15:53:53 | i 39 | [HAOS ROLL] k=10  λ=0.2  rb  kmeans  filo2  P≈0.001898
15:53:54 | i 39 | [Phase 1/3] decompose  0.12s / — / —  λ=0.2  rb kmeans
15:54:12 | i 39 | [Phase 2/3] route  18.09s / 17.58s / 102.9%  filo2  k=10
15:55:09 | i 38 | [ ASYNC BG] bg_ails  75.73s / 73.49s / 103.1%
15:55:09 | i 39 | [HAOS ROLL] k=10  λ=0.2  rb  kmeans  filo2  P≈0.001898
15:55:09 | i 39 | [ Summary ] cost=38335.00  Δ_S*=+0.00%  Δ_BKS=+0.35%  Δ_S*_BKS=+0.35%  no_improve=12
15:55:09 | i 40 | [HAOS ROLL] k=10  λ=0.0  rb  ac_complete  filo2  P≈0.010552
15:55:09 | i 40 | [Phase 1/3] decompose  0.09s / — / —  λ=0.0  rb ac_complete
15:55:31 | i 40 | [Phase 2/3] route  22.08s / 13.08s / 168.8%  filo2  k=10
15:56:12 | i 39 | [ ASYNC BG] bg_ails  62.65s / 60.00s / 104.4%
15:56:12 | i 40 | [ IMPROVE ] 38331.00  via decompose_route  ·  Δ_BKS=+0.34%
15:56:12 | i 40 | [HAOS ROLL] k=10  λ=0.0  rb  ac_complete  filo2  P≈0.010552
15:56:12 | i 40 | [ Summary ] cost=38331.00  Δ_S*=+0.00%  Δ_BKS=+0.34%  Δ_S*_BKS=+0.34%  no_improve=0
15:56:12 | i 41 | [HAOS ROLL] k=6  λ=0.8  rb  ac_avg  filo2  P≈0.001123
15:56:12 | i 41 | [Phase 1/3] decompose  0.11s / — / —  λ=0.8  rb ac_avg
15:56:38 | i 41 | [Phase 2/3] route  26.08s / 25.98s / 100.4%  filo2  k=6
15:57:14 | i 40 | [ IMPROVE ] 38330.00  via bg_ails  ·  Δ_BKS=+0.34%
15:57:14 | i 40 | [ ASYNC BG] bg_ails  62.63s / 60.00s / 104.4%
15:57:14 | i 41 | [HAOS ROLL] k=6  λ=0.8  rb  ac_avg  filo2  P≈0.001123
15:57:15 | i 41 | [ Summary ] cost=38589.00  Δ_S*=+0.68%  Δ_BKS=+1.02%  Δ_S*_BKS=+0.34%  no_improve=1
15:57:15 | i 42 | [HAOS ROLL] k=10  λ=0.0  rb  ac_complete  filo2  P≈0.031441
15:57:15 | i 42 | [Phase 1/3] decompose  0.09s / — / —  λ=0.0  rb ac_complete
15:57:33 | i 42 | [Phase 2/3] route  18.08s / 13.08s / 138.2%  filo2  k=10
15:58:17 | i 41 | [ ASYNC BG] bg_ails  62.62s / 60.00s / 104.4%
15:58:17 | i 42 | [HAOS ROLL] k=10  λ=0.0  rb  ac_complete  filo2  P≈0.031441
15:58:17 | i 42 | [ Summary ] cost=38352.00  Δ_S*=+0.06%  Δ_BKS=+0.40%  Δ_S*_BKS=+0.34%  no_improve=3
15:58:17 | i 43 | [HAOS ROLL] k=10  λ=0.6  rb  ac_avg  filo2  P≈0.004479
15:58:17 | i 43 | [Phase 1/3] decompose  0.11s / — / —  λ=0.6  rb ac_avg
15:58:35 | i 43 | [Phase 2/3] route  18.08s / 17.58s / 102.8%  filo2  k=10
15:59:20 | i 42 | [ ASYNC BG] bg_ails  62.68s / 60.00s / 104.5%
15:59:20 | i 43 | [HAOS ROLL] k=10  λ=0.6  rb  ac_avg  filo2  P≈0.004479
15:59:20 | i 43 | [ Summary ] cost=38351.00  Δ_S*=+0.05%  Δ_BKS=+0.39%  Δ_S*_BKS=+0.34%  no_improve=5
15:59:20 | i 44 | [HAOS ROLL] k=8  λ=0.2  rb  kmeans  filo2  P≈0.001102
15:59:20 | i 44 | [Phase 1/3] decompose  0.12s / — / —  λ=0.2  rb kmeans
15:59:46 | i 44 | [Phase 2/3] route  26.08s / 25.98s / 100.4%  filo2  k=8
16:00:22 | i 43 | [ ASYNC BG] bg_ails  62.63s / 60.00s / 104.4%
16:00:22 | i 44 | [HAOS ROLL] k=8  λ=0.2  rb  kmeans  filo2  P≈0.001102
16:00:22 | i 44 | [ Summary ] cost=38493.00  Δ_S*=+0.43%  Δ_BKS=+0.76%  Δ_S*_BKS=+0.34%  no_improve=7
16:00:22 | i 45 | [HAOS ROLL] k=10  λ=0.2  vb  ac_avg  filo2  P≈0.001878
16:00:23 | i 45 | [Phase 1/3] decompose  0.15s / — / —  λ=0.2  vb ac_avg
16:00:45 | i 45 | [Phase 2/3] route  22.08s / 21.72s / 101.7%  filo2  k=10
16:01:25 | i 44 | [ ASYNC BG] bg_ails  62.71s / 60.00s / 104.5%
16:01:25 | i 45 | [HAOS ROLL] k=10  λ=0.2  vb  ac_avg  filo2  P≈0.001878
16:01:25 | i 45 | [ Summary ] cost=43950.00  Δ_S*=+14.66%  Δ_BKS=+15.05%  Δ_S*_BKS=+0.34%  no_improve=9
16:01:25 | i 46 | [HAOS ROLL] k=3  λ=0.0  rb  ac_avg  filo2  P≈0.003021
16:01:25 | i 46 | [Phase 1/3] decompose  0.08s / — / —  λ=0.0  rb ac_avg
16:02:17 | i 46 | [Phase 2/3] route  52.10s / 52.32s / 99.6%  filo2  k=3
16:02:28 | i 45 | [ ASYNC BG] bg_ails  62.60s / 60.00s / 104.3%
16:02:28 | i 46 | [HAOS ROLL] k=3  λ=0.0  rb  ac_avg  filo2  P≈0.003021
16:02:28 | i 46 | [ Summary ] cost=38606.00  Δ_S*=+0.72%  Δ_BKS=+1.06%  Δ_S*_BKS=+0.34%  no_improve=11
16:02:28 | i 47 | [HAOS ROLL] k=6  λ=0.8  vb  kmedoids  filo2  P≈0.000574
16:02:28 | i 47 | [Phase 1/3] decompose  0.14s / — / —  λ=0.8  vb kmedoids
16:02:47 | i 47 | [Phase 2/3] route  19.09s / 19.02s / 100.4%  filo2  k=6
16:03:30 | i 46 | [ ASYNC BG] bg_ails  62.64s / 60.00s / 104.4%
16:03:30 | i 47 | [HAOS ROLL] k=6  λ=0.8  vb  kmedoids  filo2  P≈0.000574
16:03:30 | i 47 | [ Summary ] cost=43539.00  Δ_S*=+13.59%  Δ_BKS=+13.97%  Δ_S*_BKS=+0.34%  no_improve=13
16:03:30 | i 48 | [HAOS ROLL] k=4  λ=0.0  rb  ac_complete  filo2  P≈0.010605
16:03:31 | i 48 | [Phase 1/3] decompose  0.09s / — / —  λ=0.0  rb ac_complete
16:03:57 | i 48 | [Phase 2/3] route  26.08s / 26.34s / 99.0%  filo2  k=4
16:04:33 | i 47 | [ ASYNC BG] bg_ails  62.64s / 60.00s / 104.4%
16:04:33 | i 48 | [HAOS ROLL] k=4  λ=0.0  rb  ac_complete  filo2  P≈0.010605
16:04:33 | i 48 | [ Summary ] cost=38473.00  Δ_S*=+0.37%  Δ_BKS=+0.71%  Δ_S*_BKS=+0.34%  no_improve=15
16:04:33 | i 49 | [HAOS ROLL] k=2  λ=0.0  vb  fcm  filo  P≈0.000190
16:04:33 | i 49 | [Phase 1/3] decompose  0.10s / — / —  λ=0.0  vb fcm
16:05:17 | i 49 | [Phase 2/3] route  44.08s / 43.92s / 100.4%  filo  k=2
16:05:36 | i 48 | [ ASYNC BG] bg_ails  62.68s / 60.00s / 104.5%
16:05:36 | i 49 | [HAOS ROLL] k=2  λ=0.0  vb  fcm  filo  P≈0.000190
16:05:36 | i 49 | [ Summary ] cost=40540.00  Δ_S*=+5.77%  Δ_BKS=+6.12%  Δ_S*_BKS=+0.34%  no_improve=17
16:05:36 | i 50 | [HAOS ROLL] k=10  λ=0.0  rb  ac_complete  filo  P≈0.004219
16:05:36 | i 50 | [Phase 1/3] decompose  0.09s / — / —  λ=0.0  rb ac_complete
16:05:54 | i 50 | [Phase 2/3] route  18.07s / 13.08s / 138.2%  filo  k=10
16:06:38 | i 49 | [ ASYNC BG] bg_ails  62.61s / 60.00s / 104.4%
16:06:38 | i 50 | [HAOS ROLL] k=10  λ=0.0  rb  ac_complete  filo  P≈0.004219
16:06:38 | i 50 | [ Summary ] cost=38345.00  Δ_S*=+0.04%  Δ_BKS=+0.38%  Δ_S*_BKS=+0.34%  no_improve=19
16:06:38 | i 51 | [HAOS ROLL] k=10  λ=0.0  vb  kmedoids  filo2  P≈0.006677
16:06:39 | i 51 | [Phase 1/3] decompose  0.11s / — / —  λ=0.0  vb kmedoids
16:06:54 | i 51 | [Phase 2/3] route  15.09s / 13.38s / 112.8%  filo2  k=10
16:07:41 | i 50 | [ IMPROVE ] 38315.00  via bg_ails  ·  Δ_BKS=+0.30%
16:07:41 | i 50 | [ ASYNC BG] bg_ails  62.67s / 60.00s / 104.4%
16:07:41 | i 51 | [HAOS ROLL] k=10  λ=0.0  vb  kmedoids  filo2  P≈0.006677
16:07:41 | i 51 | [ Summary ] cost=47341.00  Δ_S*=+23.56%  Δ_BKS=+23.93%  Δ_S*_BKS=+0.30%  no_improve=1
16:07:41 | i 45 | [ASYNC 1/2] sp_sc  2.45s / 720.00s / 0.3%  SP  avg_coverage=74.02/5  pool=1439
16:07:41 | i 45 | [ASYNC 2/2] standard_ails  362.59s / 360.00s / 100.7%
16:07:42 | i 52 | [HAOS ROLL] k=3  λ=0.2  vb  ac_avg  filo2  P≈0.000506
16:07:42 | i 52 | [Phase 1/3] decompose  0.12s / — / —  λ=0.2  vb ac_avg
16:08:19 | i 52 | [Phase 2/3] route  37.07s / 36.84s / 100.6%  filo2  k=3
16:08:44 | i 51 | [ ASYNC BG] bg_ails  62.60s / 60.00s / 104.3%
16:08:44 | i 52 | [HAOS ROLL] k=3  λ=0.2  vb  ac_avg  filo2  P≈0.000506
16:08:44 | i 52 | [ Summary ] cost=41540.00  Δ_S*=+8.42%  Δ_BKS=+8.74%  Δ_S*_BKS=+0.30%  no_improve=4
16:08:44 | i 53 | [HAOS ROLL] k=12  λ=0.0  rb  kmeans  filo  P≈0.000714
16:08:44 | i 53 | [Phase 1/3] decompose  0.08s / — / —  λ=0.0  rb kmeans
16:09:02 | i 53 | [Phase 2/3] route  18.08s / 13.02s / 138.9%  filo  k=12
16:09:46 | i 52 | [ ASYNC BG] bg_ails  62.63s / 60.00s / 104.4%
16:09:46 | i 53 | [ IMPROVE ] 38309.00  via decompose_route  ·  Δ_BKS=+0.28%
16:09:46 | i 53 | [HAOS ROLL] k=12  λ=0.0  rb  kmeans  filo  P≈0.000714
16:09:46 | i 53 | [ Summary ] cost=38309.00  Δ_S*=+0.00%  Δ_BKS=+0.28%  Δ_S*_BKS=+0.28%  no_improve=0
16:09:46 | i 54 | [HAOS ROLL] k=10  λ=0.0  rb  ac_complete  filo2  P≈0.045387
16:09:46 | i 54 | [Phase 1/3] decompose  0.08s / — / —  λ=0.0  rb ac_complete
16:10:09 | i 54 | [Phase 2/3] route  22.08s / 13.02s / 169.6%  filo2  k=10
16:10:49 | i 53 | [ ASYNC BG] bg_ails  62.67s / 60.00s / 104.4%
16:10:49 | i 54 | [ IMPROVE ] 38304.00  via decompose_route  ·  Δ_BKS=+0.27%
16:10:49 | i 54 | [HAOS ROLL] k=10  λ=0.0  rb  ac_complete  filo2  P≈0.045387
16:10:49 | i 54 | [ Summary ] cost=38304.00  Δ_S*=+0.00%  Δ_BKS=+0.27%  Δ_S*_BKS=+0.27%  no_improve=0
16:10:49 | i 55 | [HAOS ROLL] k=10  λ=1.0  rb  ac_complete  filo2  P≈0.007441
16:10:49 | i 55 | [Phase 1/3] decompose  0.11s / — / —  λ=1.0  rb ac_complete
16:11:11 | i 55 | [Phase 2/3] route  22.08s / 13.02s / 169.6%  filo2  k=10
16:11:52 | i 54 | [ ASYNC BG] bg_ails  62.63s / 60.00s / 104.4%
16:11:52 | i 55 | [ IMPROVE ] 38302.00  via decompose_route  ·  Δ_BKS=+0.26%
16:11:52 | i 55 | [HAOS ROLL] k=10  λ=1.0  rb  ac_complete  filo2  P≈0.007441
16:11:52 | i 55 | [ Summary ] cost=38302.00  Δ_S*=+0.00%  Δ_BKS=+0.26%  Δ_S*_BKS=+0.26%  no_improve=0
16:11:52 | i 56 | [HAOS ROLL] k=6  λ=0.0  rb  ac_complete  ails2  P≈0.001904
16:11:52 | i 56 | [Phase 1/3] decompose  0.08s / — / —  λ=0.0  rb ac_complete
16:12:19 | i 56 | [Phase 2/3] route  27.56s / 26.10s / 105.6%  ails2  k=6
16:12:54 | i 55 | [ ASYNC BG] bg_ails  62.51s / 60.00s / 104.2%
16:12:54 | i 56 | [HAOS ROLL] k=6  λ=0.0  rb  ac_complete  ails2  P≈0.001904
16:12:54 | i 56 | [ Summary ] cost=38423.00  Δ_S*=+0.32%  Δ_BKS=+0.58%  Δ_S*_BKS=+0.26%  no_improve=2
16:12:54 | i 57 | [HAOS ROLL] k=10  λ=0.2  rb  ac_complete  filo2  P≈0.017228
16:12:54 | i 57 | [Phase 1/3] decompose  0.11s / — / —  λ=0.2  rb ac_complete
16:13:16 | i 57 | [Phase 2/3] route  22.08s / 13.02s / 169.6%  filo2  k=10
16:13:57 | i 56 | [ ASYNC BG] bg_ails  62.65s / 60.00s / 104.4%
16:13:57 | i 57 | [HAOS ROLL] k=10  λ=0.2  rb  ac_complete  filo2  P≈0.017228
16:13:57 | i 57 | [ Summary ] cost=38306.00  Δ_S*=+0.01%  Δ_BKS=+0.27%  Δ_S*_BKS=+0.26%  no_improve=4
16:13:57 | i 58 | [HAOS ROLL] k=12  λ=0.0  rb  kmeans  filo2  P≈0.004922
16:13:57 | i 58 | [Phase 1/3] decompose  0.08s / — / —  λ=0.0  rb kmeans
16:14:14 | i 58 | [Phase 2/3] route  17.08s / 13.02s / 131.2%  filo2  k=12
16:15:00 | i 57 | [ ASYNC BG] bg_ails  62.73s / 60.00s / 104.6%
16:15:00 | i 58 | [HAOS ROLL] k=12  λ=0.0  rb  kmeans  filo2  P≈0.004922
16:15:00 | i 58 | [ Summary ] cost=38302.00  Δ_S*=+0.00%  Δ_BKS=+0.26%  Δ_S*_BKS=+0.26%  no_improve=6
16:15:00 | i 59 | [HAOS ROLL] k=10  λ=0.0  rb  kmeans  filo2  P≈0.023669
16:15:00 | i 59 | [Phase 1/3] decompose  0.08s / — / —  λ=0.0  rb kmeans
16:15:18 | i 59 | [Phase 2/3] route  18.09s / 13.14s / 137.7%  filo2  k=10
16:16:02 | i 58 | [ ASYNC BG] bg_ails  62.60s / 60.00s / 104.3%
16:16:02 | i 59 | [HAOS ROLL] k=10  λ=0.0  rb  kmeans  filo2  P≈0.023669
16:16:02 | i 59 | [ Summary ] cost=38304.00  Δ_S*=+0.01%  Δ_BKS=+0.27%  Δ_S*_BKS=+0.26%  no_improve=8
16:16:02 | i 60 | [HAOS ROLL] k=10  λ=0.0  rb  ac_complete  filo2  P≈0.073721
16:16:02 | i 60 | [Phase 1/3] decompose  0.08s / — / —  λ=0.0  rb ac_complete
16:16:24 | i 60 | [Phase 2/3] route  22.08s / 13.02s / 169.6%  filo2  k=10
16:17:05 | i 59 | [ ASYNC BG] bg_ails  62.54s / 60.00s / 104.2%
16:17:05 | i 60 | [HAOS ROLL] k=10  λ=0.0  rb  ac_complete  filo2  P≈0.073721
16:17:05 | i 60 | [ Summary ] cost=38331.00  Δ_S*=+0.08%  Δ_BKS=+0.34%  Δ_S*_BKS=+0.26%  no_improve=10
16:17:05 | i 61 | [HAOS ROLL] k=10  λ=0.6  rb  ac_complete  filo2  P≈0.011417
16:17:05 | i 61 | [Phase 1/3] decompose  0.11s / — / —  λ=0.6  rb ac_complete
16:17:27 | i 61 | [Phase 2/3] route  22.08s / 13.02s / 169.6%  filo2  k=10
16:18:07 | i 60 | [ ASYNC BG] bg_ails  62.64s / 60.00s / 104.4%
16:18:07 | i 61 | [HAOS ROLL] k=10  λ=0.6  rb  ac_complete  filo2  P≈0.011417
16:18:07 | i 61 | [ Summary ] cost=38306.00  Δ_S*=+0.01%  Δ_BKS=+0.27%  Δ_S*_BKS=+0.26%  no_improve=12
16:18:07 | i 62 | [HAOS ROLL] k=4  λ=0.4  rb  ac_complete  filo2  P≈0.002035
16:18:07 | i 62 | [Phase 1/3] decompose  0.11s / — / —  λ=0.4  rb ac_complete
16:18:34 | i 62 | [Phase 2/3] route  26.07s / 26.34s / 99.0%  filo2  k=4
16:19:10 | i 61 | [ IMPROVE ] 38288.00  via bg_ails  ·  Δ_BKS=+0.23%
16:19:10 | i 61 | [ ASYNC BG] bg_ails  62.58s / 60.00s / 104.3%
16:19:10 | i 62 | [HAOS ROLL] k=4  λ=0.4  rb  ac_complete  filo2  P≈0.002035
16:19:10 | i 62 | [ Summary ] cost=38526.00  Δ_S*=+0.62%  Δ_BKS=+0.85%  Δ_S*_BKS=+0.23%  no_improve=1
16:19:10 | i 63 | [HAOS ROLL] k=10  λ=0.0  rb  ac_complete  filo2  P≈0.087079
16:19:10 | i 63 | [Phase 1/3] decompose  0.08s / — / —  λ=0.0  rb ac_complete
16:19:27 | i 63 | [Phase 2/3] route  17.08s / 13.14s / 130.0%  filo2  k=10
16:20:13 | i 62 | [ ASYNC BG] bg_ails  62.71s / 60.00s / 104.5%
16:20:13 | i 63 | [HAOS ROLL] k=10  λ=0.0  rb  ac_complete  filo2  P≈0.087079
16:20:13 | i 63 | [ Summary ] cost=38291.00  Δ_S*=+0.01%  Δ_BKS=+0.24%  Δ_S*_BKS=+0.23%  no_improve=3
16:20:13 | i 64 | [HAOS ROLL] k=10  λ=0.6  rb  kmeans  filo2  P≈0.008845
16:20:13 | i 64 | [Phase 1/3] decompose  0.11s / — / —  λ=0.6  rb kmeans
16:20:39 | i 64 | [Phase 2/3] route  26.08s / 17.28s / 151.0%  filo2  k=10
16:21:15 | i 63 | [ ASYNC BG] bg_ails  62.69s / 60.00s / 104.5%
16:21:15 | i 64 | [HAOS ROLL] k=10  λ=0.6  rb  kmeans  filo2  P≈0.008845
16:21:15 | i 64 | [ Summary ] cost=38290.00  Δ_S*=+0.01%  Δ_BKS=+0.23%  Δ_S*_BKS=+0.23%  no_improve=5
16:21:15 | i 65 | [HAOS ROLL] k=3  λ=0.0  rb  ac_avg  filo2  P≈0.001808
16:21:15 | i 65 | [Phase 1/3] decompose  0.08s / — / —  λ=0.0  rb ac_avg
16:22:29 | i 65 | [Phase 2/3] route  73.14s / 73.26s / 99.8%  filo2  k=3
16:22:29 | i 64 | [ ASYNC BG] bg_ails  62.70s / 60.00s / 104.5%
16:22:29 | i 65 | [HAOS ROLL] k=3  λ=0.0  rb  ac_avg  filo2  P≈0.001808
16:22:29 | i 65 | [ Summary ] cost=38635.00  Δ_S*=+0.91%  Δ_BKS=+1.14%  Δ_S*_BKS=+0.23%  no_improve=7
16:22:29 | i 66 | [HAOS ROLL] k=6  λ=0.2  rb  ac_complete  filo2  P≈0.004277
16:22:29 | i 66 | [Phase 1/3] decompose  0.11s / — / —  λ=0.2  rb ac_complete
16:22:55 | i 66 | [Phase 2/3] route  26.08s / 26.28s / 99.2%  filo2  k=6
16:23:42 | i 65 | [ ASYNC BG] bg_ails  73.71s / 71.50s / 103.1%
16:23:42 | i 66 | [HAOS ROLL] k=6  λ=0.2  rb  ac_complete  filo2  P≈0.004277
16:23:42 | i 66 | [ Summary ] cost=38396.00  Δ_S*=+0.28%  Δ_BKS=+0.51%  Δ_S*_BKS=+0.23%  no_improve=9
16:23:42 | i 67 | [HAOS ROLL] k=10  λ=1.0  rb  ac_complete  pyvrp  P≈0.001511
16:23:43 | i 67 | [Phase 1/3] decompose  0.11s / — / —  λ=1.0  rb ac_complete
16:24:00 | i 67 | [Phase 2/3] route  17.74s / 13.14s / 135.0%  pyvrp  k=10
16:24:45 | i 66 | [ ASYNC BG] bg_ails  62.75s / 60.00s / 104.6%
16:24:45 | i 67 | [HAOS ROLL] k=10  λ=1.0  rb  ac_complete  pyvrp  P≈0.001511
16:24:45 | i 67 | [ Summary ] cost=38415.00  Δ_S*=+0.33%  Δ_BKS=+0.56%  Δ_S*_BKS=+0.23%  no_improve=11
16:24:45 | i 68 | [HAOS ROLL] k=6  λ=0.0  rb  ac_complete  filo  P≈0.003839
16:24:45 | i 68 | [Phase 1/3] decompose  0.08s / — / —  λ=0.0  rb ac_complete
16:25:11 | i 68 | [Phase 2/3] route  26.08s / 26.28s / 99.3%  filo  k=6
16:25:48 | i 67 | [ ASYNC BG] bg_ails  62.65s / 60.00s / 104.4%
16:25:48 | i 68 | [HAOS ROLL] k=6  λ=0.0  rb  ac_complete  filo  P≈0.003839
16:25:48 | i 68 | [ Summary ] cost=38462.00  Δ_S*=+0.45%  Δ_BKS=+0.68%  Δ_S*_BKS=+0.23%  no_improve=13
16:25:48 | i 69 | [HAOS ROLL] k=10  λ=0.0  rb  ac_complete  filo2  P≈0.081457
16:25:48 | i 69 | [Phase 1/3] decompose  0.08s / — / —  λ=0.0  rb ac_complete
16:26:05 | i 69 | [Phase 2/3] route  17.08s / 13.14s / 130.0%  filo2  k=10
16:26:50 | i 68 | [ ASYNC BG] bg_ails  62.73s / 60.00s / 104.5%
16:26:50 | i 69 | [HAOS ROLL] k=10  λ=0.0  rb  ac_complete  filo2  P≈0.081457
16:26:51 | i 69 | [ Summary ] cost=38292.00  Δ_S*=+0.01%  Δ_BKS=+0.24%  Δ_S*_BKS=+0.23%  no_improve=15
16:26:51 | i 70 | [HAOS ROLL] k=10  λ=0.2  rb  ac_complete  filo2  P≈0.023843
16:26:51 | i 70 | [Phase 1/3] decompose  0.11s / — / —  λ=0.2  rb ac_complete
16:27:08 | i 70 | [Phase 2/3] route  17.09s / 13.14s / 130.0%  filo2  k=10
16:27:53 | i 69 | [ ASYNC BG] bg_ails  62.56s / 60.00s / 104.3%
16:27:53 | i 70 | [HAOS ROLL] k=10  λ=0.2  rb  ac_complete  filo2  P≈0.023843
16:27:53 | i 70 | [ Summary ] cost=38295.00  Δ_S*=+0.02%  Δ_BKS=+0.25%  Δ_S*_BKS=+0.23%  no_improve=17
16:27:53 | i 71 | [HAOS ROLL] k=10  λ=0.6  rb  ac_avg  filo2  P≈0.004886
16:27:53 | i 71 | [Phase 1/3] decompose  0.11s / — / —  λ=0.6  rb ac_avg
16:28:15 | i 71 | [Phase 2/3] route  22.08s / 21.84s / 101.1%  filo2  k=10
16:28:56 | i 70 | [ ASYNC BG] bg_ails  62.63s / 60.00s / 104.4%
16:28:56 | i 71 | [HAOS ROLL] k=10  λ=0.6  rb  ac_avg  filo2  P≈0.004886
16:28:56 | i 71 | [ Summary ] cost=38395.00  Δ_S*=+0.28%  Δ_BKS=+0.51%  Δ_S*_BKS=+0.23%  no_improve=19
16:28:56 | i 65 | [ASYNC 1/2] sp_sc  6.27s / 720.00s / 0.9%  SP  avg_coverage=96.74/5  pool=1868
16:28:56 | i 65 | [ASYNC 2/2] standard_ails  362.56s / 360.00s / 100.7%
16:28:57 | i 72 | [HAOS ROLL] k=10  λ=0.2  rb  ac_complete  filo2  P≈0.037234
16:28:57 | i 72 | [Phase 1/3] decompose  0.11s / — / —  λ=0.2  rb ac_complete
16:29:14 | i 72 | [Phase 2/3] route  17.08s / 13.14s / 130.0%  filo2  k=10
16:29:58 | i 71 | [ ASYNC BG] bg_ails  62.58s / 60.00s / 104.3%
16:29:58 | i 72 | [ IMPROVE ] 38286.00  via decompose_route  ·  Δ_BKS=+0.22%
16:29:58 | i 72 | [HAOS ROLL] k=10  λ=0.2  rb  ac_complete  filo2  P≈0.037234
16:29:58 | i 72 | [ Summary ] cost=38286.00  Δ_S*=+0.00%  Δ_BKS=+0.22%  Δ_S*_BKS=+0.22%  no_improve=0
16:29:58 | i 73 | [HAOS ROLL] k=10  λ=0.6  vb  kmeans  ails2  P≈0.000165
16:29:58 | i 73 | [Phase 1/3] decompose  0.11s / — / —  λ=0.6  vb kmeans
16:30:21 | i 73 | [Phase 2/3] route  22.65s / 15.60s / 145.2%  ails2  k=10
16:31:01 | i 72 | [ ASYNC BG] bg_ails  62.62s / 60.00s / 104.4%
16:31:01 | i 73 | [HAOS ROLL] k=10  λ=0.6  vb  kmeans  ails2  P≈0.000165
16:31:01 | i 73 | [ Summary ] cost=46871.00  Δ_S*=+22.42%  Δ_BKS=+22.70%  Δ_S*_BKS=+0.22%  no_improve=2
16:31:01 | i 74 | [HAOS ROLL] k=3  λ=1.0  rb  ac_complete  filo  P≈0.000508
16:31:01 | i 74 | [Phase 1/3] decompose  0.11s / — / —  λ=1.0  rb ac_complete
16:31:28 | i 74 | [Phase 2/3] route  27.06s / 27.24s / 99.4%  filo  k=3
16:32:04 | i 73 | [ ASYNC BG] bg_ails  62.63s / 60.00s / 104.4%
16:32:04 | i 74 | [HAOS ROLL] k=3  λ=1.0  rb  ac_complete  filo  P≈0.000508
16:32:04 | i 74 | [ Summary ] cost=38488.00  Δ_S*=+0.53%  Δ_BKS=+0.75%  Δ_S*_BKS=+0.22%  no_improve=4
16:32:04 | i 75 | [HAOS ROLL] k=10  λ=0.6  vb  kmedoids  filo  P≈0.000468
16:32:04 | i 75 | [Phase 1/3] decompose  0.13s / — / —  λ=0.6  vb kmedoids
16:32:19 | i 75 | [Phase 2/3] route  15.08s / 13.38s / 112.7%  filo  k=10
16:33:06 | i 74 | [ ASYNC BG] bg_ails  62.58s / 60.00s / 104.3%
16:33:06 | i 75 | [HAOS ROLL] k=10  λ=0.6  vb  kmedoids  filo  P≈0.000468
16:33:06 | i 75 | [ Summary ] cost=47468.00  Δ_S*=+23.98%  Δ_BKS=+24.26%  Δ_S*_BKS=+0.22%  no_improve=6
16:33:06 | i 76 | [HAOS ROLL] k=10  λ=0.2  rb  ac_complete  filo  P≈0.010523
16:33:06 | i 76 | [Phase 1/3] decompose  0.11s / — / —  λ=0.2  rb ac_complete
16:33:23 | i 76 | [Phase 2/3] route  17.07s / 17.46s / 97.8%  filo  k=10
16:34:09 | i 75 | [ ASYNC BG] bg_ails  62.62s / 60.00s / 104.4%
16:34:09 | i 76 | [HAOS ROLL] k=10  λ=0.2  rb  ac_complete  filo  P≈0.010523
16:34:09 | i 76 | [ Summary ] cost=38327.00  Δ_S*=+0.11%  Δ_BKS=+0.33%  Δ_S*_BKS=+0.22%  no_improve=8
16:34:09 | i 77 | [HAOS ROLL] k=10  λ=0.0  rb  ac_complete  filo2  P≈0.065128
16:34:09 | i 77 | [Phase 1/3] decompose  0.08s / — / —  λ=0.0  rb ac_complete
16:34:26 | i 77 | [Phase 2/3] route  17.07s / 17.46s / 97.8%  filo2  k=10
16:35:11 | i 76 | [ ASYNC BG] bg_ails  62.66s / 60.00s / 104.4%
16:35:11 | i 77 | [ IMPROVE ] 38284.00  via decompose_route  ·  Δ_BKS=+0.22%
16:35:11 | i 77 | [HAOS ROLL] k=10  λ=0.0  rb  ac_complete  filo2  P≈0.065128
16:35:11 | i 77 | [ Summary ] cost=38284.00  Δ_S*=+0.00%  Δ_BKS=+0.22%  Δ_S*_BKS=+0.22%  no_improve=0
16:35:11 | i 78 | [HAOS ROLL] k=10  λ=0.0  rb  ac_avg  pyvrp  P≈0.001034
16:35:12 | i 78 | [Phase 1/3] decompose  0.08s / — / —  λ=0.0  rb ac_avg
16:35:34 | i 78 | [Phase 2/3] route  22.38s / 21.84s / 102.5%  pyvrp  k=10
16:36:14 | i 77 | [ IMPROVE ] 38276.00  via bg_ails  ·  Δ_BKS=+0.20%
16:36:14 | i 77 | [ ASYNC BG] bg_ails  62.65s / 60.00s / 104.4%
16:36:14 | i 78 | [HAOS ROLL] k=10  λ=0.0  rb  ac_avg  pyvrp  P≈0.001034
16:36:14 | i 78 | [ Summary ] cost=38548.00  Δ_S*=+0.71%  Δ_BKS=+0.91%  Δ_S*_BKS=+0.20%  no_improve=1
16:36:14 | i 79 | [HAOS ROLL] k=10  λ=0.2  rb  kmeans  ails2  P≈0.000871
16:36:14 | i 79 | [Phase 1/3] decompose  0.11s / — / —  λ=0.2  rb kmeans
16:36:35 | i 79 | [Phase 2/3] route  20.57s / 17.46s / 117.8%  ails2  k=10
16:37:17 | i 78 | [ ASYNC BG] bg_ails  62.63s / 60.00s / 104.4%
16:37:17 | i 79 | [HAOS ROLL] k=10  λ=0.2  rb  kmeans  ails2  P≈0.000871
16:37:17 | i 79 | [ Summary ] cost=38327.00  Δ_S*=+0.13%  Δ_BKS=+0.33%  Δ_S*_BKS=+0.20%  no_improve=3
16:37:17 | i 80 | [HAOS ROLL] k=10  λ=0.2  vb  kmedoids  ails2  P≈0.000398
16:37:17 | i 80 | [Phase 1/3] decompose  0.13s / — / —  λ=0.2  vb kmedoids
16:37:38 | i 80 | [Phase 2/3] route  20.63s / 13.38s / 154.2%  ails2  k=10
16:38:19 | i 79 | [ ASYNC BG] bg_ails  62.73s / 60.00s / 104.5%
16:38:19 | i 80 | [HAOS ROLL] k=10  λ=0.2  vb  kmedoids  ails2  P≈0.000398
16:38:20 | i 80 | [ Summary ] cost=47482.00  Δ_S*=+24.05%  Δ_BKS=+24.30%  Δ_S*_BKS=+0.20%  no_improve=5
16:38:20 | i 81 | [HAOS ROLL] k=10  λ=0.0  rb  ac_complete  ails2  P≈0.015910
16:38:20 | i 81 | [Phase 1/3] decompose  0.08s / — / —  λ=0.0  rb ac_complete
16:38:40 | i 81 | [Phase 2/3] route  20.69s / 13.08s / 158.2%  ails2  k=10
16:39:22 | i 80 | [ ASYNC BG] bg_ails  62.72s / 60.00s / 104.5%
16:39:22 | i 81 | [ IMPROVE ] 38275.00  via decompose_route  ·  Δ_BKS=+0.19%
16:39:22 | i 81 | [HAOS ROLL] k=10  λ=0.0  rb  ac_complete  ails2  P≈0.015910
16:39:22 | i 81 | [ Summary ] cost=38275.00  Δ_S*=+0.00%  Δ_BKS=+0.19%  Δ_S*_BKS=+0.19%  no_improve=0
16:39:22 | i 82 | [HAOS ROLL] k=10  λ=1.0  rb  ac_complete  filo  P≈0.006056
16:39:22 | i 82 | [Phase 1/3] decompose  0.11s / — / —  λ=1.0  rb ac_complete
16:39:40 | i 82 | [Phase 2/3] route  18.07s / 13.08s / 138.2%  filo  k=10
16:40:25 | i 81 | [ ASYNC BG] bg_ails  62.60s / 60.00s / 104.3%
16:40:25 | i 82 | [HAOS ROLL] k=10  λ=1.0  rb  ac_complete  filo  P≈0.006056
16:40:25 | i 82 | [ Summary ] cost=38275.00  Δ_S*=+0.00%  Δ_BKS=+0.19%  Δ_S*_BKS=+0.19%  no_improve=2
16:40:25 | i 83 | [HAOS ROLL] k=10  λ=0.0  rb  ac_complete  filo2  P≈0.088411
16:40:25 | i 83 | [Phase 1/3] decompose  0.08s / — / —  λ=0.0  rb ac_complete
16:40:43 | i 83 | [Phase 2/3] route  18.08s / 13.08s / 138.2%  filo2  k=10
16:41:27 | i 82 | [ ASYNC BG] bg_ails  62.66s / 60.00s / 104.4%
16:41:27 | i 83 | [HAOS ROLL] k=10  λ=0.0  rb  ac_complete  filo2  P≈0.088411
16:41:28 | i 83 | [ Summary ] cost=38275.00  Δ_S*=+0.00%  Δ_BKS=+0.19%  Δ_S*_BKS=+0.19%  no_improve=4
16:41:28 | i 84 | [HAOS ROLL] k=10  λ=0.0  rb  ac_complete  ails2  P≈0.031500
16:41:28 | i 84 | [Phase 1/3] decompose  0.08s / — / —  λ=0.0  rb ac_complete
16:41:48 | i 84 | [Phase 2/3] route  20.57s / 13.08s / 157.3%  ails2  k=10
16:42:30 | i 83 | [ ASYNC BG] bg_ails  62.62s / 60.00s / 104.4%
16:42:30 | i 84 | [HAOS ROLL] k=10  λ=0.0  rb  ac_complete  ails2  P≈0.031500
16:42:30 | i 84 | [ Summary ] cost=38275.00  Δ_S*=+0.00%  Δ_BKS=+0.19%  Δ_S*_BKS=+0.19%  no_improve=6
16:42:30 | i 85 | [HAOS ROLL] k=10  λ=1.0  rb  ac_complete  filo  P≈0.008501
16:42:30 | i 85 | [Phase 1/3] decompose  0.11s / — / —  λ=1.0  rb ac_complete
16:42:48 | i 85 | [Phase 2/3] route  18.07s / 13.08s / 138.2%  filo  k=10
16:43:33 | i 84 | [ ASYNC BG] bg_ails  62.56s / 60.00s / 104.3%
16:43:33 | i 85 | [HAOS ROLL] k=10  λ=1.0  rb  ac_complete  filo  P≈0.008501
16:43:33 | i 85 | [ Summary ] cost=38282.00  Δ_S*=+0.02%  Δ_BKS=+0.21%  Δ_S*_BKS=+0.19%  no_improve=8
16:43:33 | i 86 | [HAOS ROLL] k=10  λ=0.2  rb  ac_complete  ails2  P≈0.015737
16:43:33 | i 86 | [Phase 1/3] decompose  0.11s / — / —  λ=0.2  rb ac_complete
16:43:53 | i 86 | [Phase 2/3] route  20.56s / 13.08s / 157.1%  ails2  k=10
16:44:35 | i 85 | [ ASYNC BG] bg_ails  62.75s / 60.00s / 104.6%
16:44:35 | i 86 | [HAOS ROLL] k=10  λ=0.2  rb  ac_complete  ails2  P≈0.015737
16:44:35 | i 86 | [ Summary ] cost=38275.00  Δ_S*=+0.00%  Δ_BKS=+0.19%  Δ_S*_BKS=+0.19%  no_improve=10
16:44:35 | i 87 | [HAOS ROLL] k=3  λ=1.0  rb  ac_complete  filo2  P≈0.002938
16:44:36 | i 87 | [Phase 1/3] decompose  0.11s / — / —  λ=1.0  rb ac_complete
16:45:07 | i 87 | [Phase 2/3] route  31.07s / 30.66s / 101.3%  filo2  k=3
16:45:38 | i 86 | [ ASYNC BG] bg_ails  62.67s / 60.00s / 104.4%
16:45:38 | i 87 | [HAOS ROLL] k=3  λ=1.0  rb  ac_complete  filo2  P≈0.002938
16:45:38 | i 87 | [ Summary ] cost=38532.00  Δ_S*=+0.67%  Δ_BKS=+0.87%  Δ_S*_BKS=+0.19%  no_improve=12
16:45:38 | i 88 | [HAOS ROLL] k=10  λ=0.6  vb  fcm  filo2  P≈0.000935
16:45:38 | i 88 | [Phase 1/3] decompose  0.24s / — / —  λ=0.6  vb fcm
16:45:54 | i 88 | [Phase 2/3] route  16.08s / 14.82s / 108.5%  filo2  k=10
16:46:41 | i 87 | [ ASYNC BG] bg_ails  62.69s / 60.00s / 104.5%
16:46:41 | i 88 | [HAOS ROLL] k=10  λ=0.6  vb  fcm  filo2  P≈0.000935
16:46:41 | i 88 | [ Summary ] cost=46656.00  Δ_S*=+21.90%  Δ_BKS=+22.13%  Δ_S*_BKS=+0.19%  no_improve=14
16:46:41 | i 89 | [HAOS ROLL] k=10  λ=0.0  vb  kmeans  filo2  P≈0.003102
16:46:41 | i 89 | [Phase 1/3] decompose  0.08s / — / —  λ=0.0  vb kmeans
16:47:01 | i 89 | [Phase 2/3] route  20.09s / 15.48s / 129.8%  filo2  k=10
16:47:43 | i 88 | [ ASYNC BG] bg_ails  62.61s / 60.00s / 104.4%
16:47:43 | i 89 | [HAOS ROLL] k=10  λ=0.0  vb  kmeans  filo2  P≈0.003102
16:47:43 | i 89 | [ Summary ] cost=47127.00  Δ_S*=+23.13%  Δ_BKS=+23.37%  Δ_S*_BKS=+0.19%  no_improve=16
16:47:43 | i 90 | [HAOS ROLL] k=12  λ=0.6  rb  ac_avg  filo2  P≈0.000385
16:47:44 | i 90 | [Phase 1/3] decompose  0.11s / — / —  λ=0.6  rb ac_avg
16:48:01 | i 90 | [Phase 2/3] route  17.07s / 17.46s / 97.8%  filo2  k=12
16:48:46 | i 89 | [ ASYNC BG] bg_ails  62.63s / 60.00s / 104.4%
16:48:46 | i 90 | [HAOS ROLL] k=12  λ=0.6  rb  ac_avg  filo2  P≈0.000385
16:48:46 | i 90 | [ Summary ] cost=38294.00  Δ_S*=+0.05%  Δ_BKS=+0.24%  Δ_S*_BKS=+0.19%  no_improve=18
16:48:46 | i 91 | [HAOS ROLL] k=4  λ=0.8  rb  ac_complete  filo2  P≈0.001558
16:48:46 | i 91 | [Phase 1/3] decompose  0.11s / — / —  λ=0.8  rb ac_complete
16:49:17 | i 91 | [Phase 2/3] route  31.07s / 30.66s / 101.3%  filo2  k=4
16:49:49 | i 90 | [ ASYNC BG] bg_ails  62.62s / 60.00s / 104.4%
16:49:49 | i 91 | [HAOS ROLL] k=4  λ=0.8  rb  ac_complete  filo2  P≈0.001558
16:49:49 | i 91 | [ Summary ] cost=38506.00  Δ_S*=+0.60%  Δ_BKS=+0.80%  Δ_S*_BKS=+0.19%  no_improve=20
16:49:49 | i 84 | [ASYNC 1/2] sp_sc  15.03s / 720.00s / 2.1%  SP  avg_coverage=117.15/5  pool=2252
16:49:49 | i 84 | [ASYNC 2/2] standard_ails  362.48s / 360.00s / 100.7%
16:49:51 | i 92 | [HAOS ROLL] k=10  λ=0.0  vb  ac_complete  pyvrp  P≈0.000567
16:49:51 | i 92 | [Phase 1/3] decompose  0.10s / — / —  λ=0.0  vb ac_complete
16:50:11 | i 92 | [Phase 2/3] route  20.28s / 19.74s / 102.7%  pyvrp  k=10
16:50:51 | i 91 | [ ASYNC BG] bg_ails  62.60s / 60.00s / 104.3%
16:50:51 | i 92 | [HAOS ROLL] k=10  λ=0.0  vb  ac_complete  pyvrp  P≈0.000567
16:50:51 | i 92 | [ Summary ] cost=44989.00  Δ_S*=+17.54%  Δ_BKS=+17.77%  Δ_S*_BKS=+0.19%  no_improve=23
16:50:51 | i 93 | [HAOS ROLL] k=10  λ=0.6  rb  ac_complete  filo2  P≈0.035702
16:50:51 | i 93 | [Phase 1/3] decompose  0.11s / — / —  λ=0.6  rb ac_complete
16:51:10 | i 93 | [Phase 2/3] route  18.08s / 13.08s / 138.2%  filo2  k=10
16:51:54 | i 92 | [ ASYNC BG] bg_ails  62.62s / 60.00s / 104.4%
16:51:54 | i 93 | [HAOS ROLL] k=10  λ=0.6  rb  ac_complete  filo2  P≈0.035702
16:51:54 | i 93 | [ Summary ] cost=38282.00  Δ_S*=+0.02%  Δ_BKS=+0.21%  Δ_S*_BKS=+0.19%  no_improve=25
16:51:54 | i 94 | [HAOS ROLL] k=10  λ=0.6  rb  ac_complete  ails2  P≈0.010529
16:51:54 | i 94 | [Phase 1/3] decompose  0.11s / — / —  λ=0.6  rb ac_complete
16:52:15 | i 94 | [Phase 2/3] route  20.64s / 13.08s / 157.8%  ails2  k=10
16:52:56 | i 93 | [ ASYNC BG] bg_ails  62.58s / 60.00s / 104.3%
16:52:56 | i 94 | [HAOS ROLL] k=10  λ=0.6  rb  ac_complete  ails2  P≈0.010529
16:52:57 | i 94 | [ Summary ] cost=38275.00  Δ_S*=+0.00%  Δ_BKS=+0.19%  Δ_S*_BKS=+0.19%  no_improve=27
16:52:57 | i 95 | [HAOS ROLL] k=10  λ=0.6  vb  fcm  ails2  P≈0.000850
16:52:57 | i 95 | [Phase 1/3] decompose  0.25s / — / —  λ=0.6  vb fcm
16:53:19 | i 95 | [Phase 2/3] route  22.61s / 15.06s / 150.1%  ails2  k=10
16:53:59 | i 94 | [ ASYNC BG] bg_ails  62.66s / 60.00s / 104.4%
16:53:59 | i 95 | [HAOS ROLL] k=10  λ=0.6  vb  fcm  ails2  P≈0.000850
16:53:59 | i 95 | [ Summary ] cost=46566.00  Δ_S*=+21.66%  Δ_BKS=+21.90%  Δ_S*_BKS=+0.19%  no_improve=29
16:53:59 | i 96 | [HAOS ROLL] k=10  λ=0.2  rb  ac_complete  filo2  P≈0.026580
16:53:59 | i 96 | [Phase 1/3] decompose  0.11s / — / —  λ=0.2  rb ac_complete
16:54:17 | i 96 | [Phase 2/3] route  18.08s / 13.08s / 138.2%  filo2  k=10
16:55:02 | i 95 | [ ASYNC BG] bg_ails  62.64s / 60.00s / 104.4%
16:55:02 | i 96 | [HAOS ROLL] k=10  λ=0.2  rb  ac_complete  filo2  P≈0.026580
16:55:02 | i 96 | [ Summary ] cost=38275.00  Δ_S*=+0.00%  Δ_BKS=+0.19%  Δ_S*_BKS=+0.19%  no_improve=31
16:55:02 | i 97 | [HAOS ROLL] k=10  λ=0.8  rb  ac_avg  ails2  P≈0.000766
16:55:02 | i 97 | [Phase 1/3] decompose  0.11s / — / —  λ=0.8  rb ac_avg
16:55:24 | i 97 | [Phase 2/3] route  22.47s / 21.78s / 103.2%  ails2  k=10
16:56:05 | i 96 | [ ASYNC BG] bg_ails  62.74s / 60.00s / 104.6%
16:56:05 | i 97 | [HAOS ROLL] k=10  λ=0.8  rb  ac_avg  ails2  P≈0.000766
16:56:05 | i 97 | [ Summary ] cost=38358.00  Δ_S*=+0.22%  Δ_BKS=+0.41%  Δ_S*_BKS=+0.19%  no_improve=33
16:56:05 | i 98 | [HAOS ROLL] k=10  λ=0.6  rb  ac_complete  filo2  P≈0.045852
16:56:05 | i 98 | [Phase 1/3] decompose  0.11s / — / —  λ=0.6  rb ac_complete
16:56:23 | i 98 | [Phase 2/3] route  18.08s / 13.08s / 138.2%  filo2  k=10
16:57:07 | i 97 | [ ASYNC BG] bg_ails  62.60s / 60.00s / 104.3%
16:57:07 | i 98 | [HAOS ROLL] k=10  λ=0.6  rb  ac_complete  filo2  P≈0.045852
16:57:07 | i 98 | [ Summary ] cost=38275.00  Δ_S*=+0.00%  Δ_BKS=+0.19%  Δ_S*_BKS=+0.19%  no_improve=35
16:57:07 | i 99 | [HAOS ROLL] k=10  λ=0.0  rb  ac_complete  filo  P≈0.016045
16:57:07 | i 99 | [Phase 1/3] decompose  0.08s / — / —  λ=0.0  rb ac_complete
16:57:25 | i 99 | [Phase 2/3] route  18.08s / 13.08s / 138.2%  filo  k=10
16:58:10 | i 98 | [ ASYNC BG] bg_ails  62.64s / 60.00s / 104.4%
16:58:10 | i 99 | [HAOS ROLL] k=10  λ=0.0  rb  ac_complete  filo  P≈0.016045
16:58:10 | i 99 | [ Summary ] cost=38282.00  Δ_S*=+0.02%  Δ_BKS=+0.21%  Δ_S*_BKS=+0.19%  no_improve=37
16:58:10 | i 100 | [HAOS ROLL] k=8  λ=0.0  rb  ac_complete  filo2  P≈0.006714
16:58:10 | i 100 | [Phase 1/3] decompose  0.08s / — / —  λ=0.0  rb ac_complete
16:58:28 | i 100 | [Phase 2/3] route  18.07s / 17.58s / 102.8%  filo2  k=8
16:59:12 | i 99 | [ ASYNC BG] bg_ails  62.59s / 60.00s / 104.3%
16:59:12 | i 100 | [HAOS ROLL] k=8  λ=0.0  rb  ac_complete  filo2  P≈0.006714
16:59:12 | i 100 | [ Summary ] cost=38329.00  Δ_S*=+0.14%  Δ_BKS=+0.34%  Δ_S*_BKS=+0.19%  no_improve=39
16:59:12 | i 101 | [HAOS ROLL] k=10  λ=0.0  rb  ac_complete  filo  P≈0.021168
16:59:13 | i 101 | [Phase 1/3] decompose  0.08s / — / —  λ=0.0  rb ac_complete
16:59:31 | i 101 | [Phase 2/3] route  18.07s / 13.08s / 138.2%  filo  k=10
17:00:15 | i 100 | [ ASYNC BG] bg_ails  62.65s / 60.00s / 104.4%
17:00:15 | i 101 | [HAOS ROLL] k=10  λ=0.0  rb  ac_complete  filo  P≈0.021168
17:00:15 | i 101 | [ Summary ] cost=38275.00  Δ_S*=+0.00%  Δ_BKS=+0.19%  Δ_S*_BKS=+0.19%  no_improve=41
17:00:15 | i 102 | [HAOS ROLL] k=10  λ=0.0  vb  kmeans  filo  P≈0.001479
17:00:15 | i 102 | [Phase 1/3] decompose  0.08s / — / —  λ=0.0  vb kmeans
17:00:35 | i 102 | [Phase 2/3] route  20.07s / 15.06s / 133.3%  filo  k=10
17:01:18 | i 101 | [ ASYNC BG] bg_ails  62.59s / 60.00s / 104.3%
17:01:18 | i 102 | [HAOS ROLL] k=10  λ=0.0  vb  kmeans  filo  P≈0.001479
17:01:18 | i 102 | [ Summary ] cost=47839.00  Δ_S*=+24.99%  Δ_BKS=+25.23%  Δ_S*_BKS=+0.19%  no_improve=43
17:01:18 | i 103 | [HAOS ROLL] k=10  λ=0.6  rb  ac_complete  filo2  P≈0.044199
17:01:18 | i 103 | [Phase 1/3] decompose  0.11s / — / —  λ=0.6  rb ac_complete
17:01:36 | i 103 | [Phase 2/3] route  18.07s / 13.08s / 138.2%  filo2  k=10
17:02:20 | i 102 | [ ASYNC BG] bg_ails  62.62s / 60.00s / 104.4%
17:02:20 | i 103 | [HAOS ROLL] k=10  λ=0.6  rb  ac_complete  filo2  P≈0.044199
17:02:20 | i 103 | [ Summary ] cost=38275.00  Δ_S*=+0.00%  Δ_BKS=+0.19%  Δ_S*_BKS=+0.19%  no_improve=45
17:02:20 | i 104 | [HAOS ROLL] k=2  λ=0.8  rb  ac_complete  pyvrp  P≈0.000284
17:02:20 | i 104 | [Phase 1/3] decompose  0.11s / — / —  λ=0.8  rb ac_complete
17:03:15 | i 104 | [Phase 2/3] route  54.90s / 52.44s / 104.7%  pyvrp  k=2
17:03:23 | i 103 | [ ASYNC BG] bg_ails  62.62s / 60.00s / 104.4%
17:03:23 | i 104 | [HAOS ROLL] k=2  λ=0.8  rb  ac_complete  pyvrp  P≈0.000284
17:03:23 | i 104 | [ Summary ] cost=38881.00  Δ_S*=+1.58%  Δ_BKS=+1.78%  Δ_S*_BKS=+0.19%  no_improve=47
17:03:23 | i 105 | [HAOS ROLL] k=10  λ=1.0  vb  kmeans  pyvrp  P≈0.000274
17:03:23 | i 105 | [Phase 1/3] decompose  0.12s / — / —  λ=1.0  vb kmeans
17:03:42 | i 105 | [Phase 2/3] route  18.41s / 15.36s / 119.9%  pyvrp  k=10
17:04:26 | i 104 | [ ASYNC BG] bg_ails  62.72s / 60.00s / 104.5%
17:04:26 | i 105 | [HAOS ROLL] k=10  λ=1.0  vb  kmeans  pyvrp  P≈0.000274
17:04:26 | i 105 | [ Summary ] cost=46829.00  Δ_S*=+22.35%  Δ_BKS=+22.59%  Δ_S*_BKS=+0.19%  no_improve=49
17:04:26 | i 106 | [HAOS ROLL] k=10  λ=0.6  rb  ac_complete  filo  P≈0.017881
17:04:26 | i 106 | [Phase 1/3] decompose  0.12s / — / —  λ=0.6  rb ac_complete
17:04:44 | i 106 | [Phase 2/3] route  18.08s / 13.08s / 138.2%  filo  k=10
17:05:28 | i 105 | [ ASYNC BG] bg_ails  62.71s / 60.00s / 104.5%
17:05:28 | i 106 | [HAOS ROLL] k=10  λ=0.6  rb  ac_complete  filo  P≈0.017881
17:05:28 | i 106 | [ Summary ] cost=38275.00  Δ_S*=+0.00%  Δ_BKS=+0.19%  Δ_S*_BKS=+0.19%  no_improve=51
17:05:28 | i 107 | [HAOS ROLL] k=3  λ=0.2  rb  ac_complete  filo  P≈0.000978
17:05:29 | i 107 | [Phase 1/3] decompose  0.12s / — / —  λ=0.2  rb ac_complete
17:06:00 | i 107 | [Phase 2/3] route  31.08s / 30.66s / 101.4%  filo  k=3
17:06:31 | i 106 | [ ASYNC BG] bg_ails  62.67s / 60.00s / 104.4%
17:06:31 | i 107 | [HAOS ROLL] k=3  λ=0.2  rb  ac_complete  filo  P≈0.000978
17:06:31 | i 107 | [ Summary ] cost=38560.00  Δ_S*=+0.74%  Δ_BKS=+0.94%  Δ_S*_BKS=+0.19%  no_improve=53
17:06:31 | i 108 | [HAOS ROLL] k=10  λ=0.0  rb  ac_avg  filo2  P≈0.006980
17:06:31 | i 108 | [Phase 1/3] decompose  0.08s / — / —  λ=0.0  rb ac_avg
17:06:53 | i 108 | [Phase 2/3] route  22.08s / 21.78s / 101.4%  filo2  k=10
17:07:34 | i 107 | [ ASYNC BG] bg_ails  62.70s / 60.00s / 104.5%
17:07:34 | i 108 | [HAOS ROLL] k=10  λ=0.0  rb  ac_avg  filo2  P≈0.006980
17:07:34 | i 108 | [ Summary ] cost=38488.00  Δ_S*=+0.56%  Δ_BKS=+0.75%  Δ_S*_BKS=+0.19%  no_improve=55
17:07:34 | i 109 | [HAOS ROLL] k=3  λ=0.0  rb  ac_complete  filo2  P≈0.007723
17:07:34 | i 109 | [Phase 1/3] decompose  0.09s / — / —  λ=0.0  rb ac_complete
17:08:05 | i 109 | [Phase 2/3] route  31.07s / 30.66s / 101.3%  filo2  k=3
17:08:36 | i 108 | [ ASYNC BG] bg_ails  62.63s / 60.00s / 104.4%
17:08:36 | i 109 | [HAOS ROLL] k=3  λ=0.0  rb  ac_complete  filo2  P≈0.007723
17:08:36 | i 109 | [ Summary ] cost=38537.00  Δ_S*=+0.68%  Δ_BKS=+0.88%  Δ_S*_BKS=+0.19%  no_improve=57
17:08:36 | i 110 | [HAOS ROLL] k=10  λ=0.8  rb  kmeans  ails2  P≈0.000720
17:08:37 | i 110 | [Phase 1/3] decompose  0.11s / — / —  λ=0.8  rb kmeans
17:08:59 | i 110 | [Phase 2/3] route  22.50s / 21.78s / 103.3%  ails2  k=10
17:09:39 | i 109 | [ ASYNC BG] bg_ails  62.67s / 60.00s / 104.5%
17:09:39 | i 110 | [HAOS ROLL] k=10  λ=0.8  rb  kmeans  ails2  P≈0.000720
17:09:39 | i 110 | [ Summary ] cost=38421.00  Δ_S*=+0.38%  Δ_BKS=+0.58%  Δ_S*_BKS=+0.19%  no_improve=59
17:09:39 | i 111 | [HAOS ROLL] k=10  λ=0.2  rb  ac_complete  filo  P≈0.009944
17:09:39 | i 111 | [Phase 1/3] decompose  0.11s / — / —  λ=0.2  rb ac_complete
17:09:57 | i 111 | [Phase 2/3] route  18.08s / 13.08s / 138.2%  filo  k=10
17:10:42 | i 110 | [ ASYNC BG] bg_ails  62.61s / 60.00s / 104.4%
17:10:42 | i 111 | [HAOS ROLL] k=10  λ=0.2  rb  ac_complete  filo  P≈0.009944
17:10:42 | i 111 | [ Summary ] cost=38275.00  Δ_S*=+0.00%  Δ_BKS=+0.19%  Δ_S*_BKS=+0.19%  no_improve=61
17:10:42 | i 104 | [ASYNC 1/2] sp_sc  20.53s / 720.00s / 2.9%  SP  avg_coverage=138.95/5  pool=2672
17:10:42 | i 104 | [ASYNC 2/2] standard_ails  362.58s / 360.00s / 100.7%
17:10:44 | i 104 | [ IMPROVE ] 38261.00  via standard_ails  ·  Δ_BKS=+0.16%
17:10:44 | i 112 | [HAOS ROLL] k=12  λ=0.6  rb  ac_complete  filo2  P≈0.003697
17:10:44 | i 112 | [Phase 1/3] decompose  0.11s / — / —  λ=0.6  rb ac_complete
17:11:02 | i 112 | [Phase 2/3] route  18.09s / 13.08s / 138.3%  filo2  k=12
17:11:44 | i 111 | [ ASYNC BG] bg_ails  62.68s / 60.00s / 104.5%
17:11:44 | i 112 | [HAOS ROLL] k=12  λ=0.6  rb  ac_complete  filo2  P≈0.003697
17:11:44 | i 112 | [ Summary ] cost=38261.00  Δ_S*=+0.00%  Δ_BKS=+0.16%  Δ_S*_BKS=+0.16%  no_improve=2
17:11:44 | i 113 | [HAOS ROLL] k=12  λ=0.0  rb  ac_complete  filo  P≈0.002379
17:11:45 | i 113 | [Phase 1/3] decompose  0.08s / — / —  λ=0.0  rb ac_complete
17:12:03 | i 113 | [Phase 2/3] route  18.08s / 13.08s / 138.2%  filo  k=12
17:12:47 | i 112 | [ ASYNC BG] bg_ails  62.67s / 60.00s / 104.4%
17:12:47 | i 113 | [HAOS ROLL] k=12  λ=0.0  rb  ac_complete  filo  P≈0.002379
17:12:47 | i 113 | [ Summary ] cost=38264.00  Δ_S*=+0.01%  Δ_BKS=+0.16%  Δ_S*_BKS=+0.16%  no_improve=4
17:12:47 | i 114 | [HAOS ROLL] k=3  λ=0.4  rb  ac_complete  filo2  P≈0.004183
17:12:47 | i 114 | [Phase 1/3] decompose  0.11s / — / —  λ=0.4  rb ac_complete
17:13:39 | i 114 | [Phase 2/3] route  52.10s / 52.32s / 99.6%  filo2  k=3
17:13:50 | i 113 | [ ASYNC BG] bg_ails  62.71s / 60.00s / 104.5%
17:13:50 | i 114 | [HAOS ROLL] k=3  λ=0.4  rb  ac_complete  filo2  P≈0.004183
17:13:50 | i 114 | [ Summary ] cost=38845.00  Δ_S*=+1.53%  Δ_BKS=+1.69%  Δ_S*_BKS=+0.16%  no_improve=6
17:13:50 | i 115 | [HAOS ROLL] k=10  λ=0.0  rb  ac_complete  filo2  P≈0.062258
17:13:50 | i 115 | [Phase 1/3] decompose  0.08s / — / —  λ=0.0  rb ac_complete
17:14:08 | i 115 | [Phase 2/3] route  18.08s / 13.08s / 138.3%  filo2  k=10
17:14:08 | i 115 | [HAOS ROLL] k=10  λ=0.0  rb  ac_complete  filo2  P≈0.062258
17:14:08 | i 115 | [ Summary ] cost=38268.00  Δ_S*=+0.02%  Δ_BKS=+0.18%  Δ_S*_BKS=+0.16%  no_improve=7
17:14:08 | i 116 | [HAOS ROLL] k=3  λ=0.8  rb  ac_complete  filo2  P≈0.005517
17:14:08 | i 116 | [Phase 1/3] decompose  0.10s / — / —  λ=0.8  rb ac_complete
17:15:00 | i 116 | [Phase 2/3] route  52.10s / 52.32s / 99.6%  filo2  k=3
17:15:00 | i 116 | [HAOS ROLL] k=3  λ=0.8  rb  ac_complete  filo2  P≈0.005517
17:15:00 | i 116 | [ Summary ] cost=38661.00  Δ_S*=+1.05%  Δ_BKS=+1.20%  Δ_S*_BKS=+0.16%  no_improve=8
17:15:00 | i — | [  FINAL  ] async BG-AILS totals launched=113 applied=113 adopted=8 launch_skipped_cap=3 crashes=0 discarded_in_flight=False block_wait_total_s=4298.6
17:15:00 | i — | [  FINAL  ] async SP/SC totals invocations=6 adopted=2 skipped=0 discarded_in_flight=False sp_busy_frac=0.33087182322389924
17:15:00 | i — | [  FINAL  ] ════════════════════════════════════════
17:15:00 | i — | [  FINAL  ] Run complete  iterations=116  elapsed=02:00:29  best=38261.00
17:15:00 | i — | [  FINAL  ] Δ_BKS=+0.16%  no_improve_stop=False  time_stop=True  cancelled=False
17:15:00 | i — | [  FINAL  ] 
17:15:00 | i — | [  FINAL  ] [BEST SOLUTION — HAOS TAG SUMMARY]
17:15:00 | i — | [  FINAL  ] ────────────────────────────────────────
17:15:00 | i — | [  FINAL  ]   8 routes  rb  ac_complete  k=10  λ=0.0  solver=filo2
17:15:00 | i — | [  FINAL  ]   4 routes  rb  ac_complete  k=3  λ=1.0  solver=filo2
17:15:00 | i — | [  FINAL  ]   3 routes  rb  kmeans  k=10  λ=0.2  solver=ails2
17:15:00 | i — | [  FINAL  ]   1 routes  rb  kmeans  k=4  λ=0.8  solver=filo2
17:15:00 | i — | [  FINAL  ]   1 routes  rb  ac_complete  k=4  λ=0.4  solver=filo2
17:15:00 | i — | [  FINAL  ]   1 routes  rb  ac_avg  k=3  λ=0.0  solver=filo2
17:15:00 | i — | [  FINAL  ]   1 routes  rb  ac_complete  k=10  λ=0.2  solver=filo2
17:15:00 | i — | [  FINAL  ] 
17:15:00 | i — | [  FINAL  ] [ROUTE POOL — HAOS TAG SUMMARY]
17:15:00 | i — | [  FINAL  ] ────────────────────────────────────────
17:15:00 | i — | [  FINAL  ]   133 routes  rb  ac_complete  k=10  λ=0.0  solver=filo2
17:15:00 | i — | [  FINAL  ]   83 routes  rb  ac_complete  k=10  λ=0.2  solver=filo2
17:15:00 | i — | [  FINAL  ]   66 routes  rb  ac_avg  k=3  λ=0.0  solver=filo2
17:15:00 | i — | [  FINAL  ]   52 routes  rb  ac_complete  k=10  λ=0.6  solver=filo2
17:15:00 | i — | [  FINAL  ]   43 routes  vb  fcm  k=10  λ=1.0  solver=filo2
17:15:00 | i — | [  FINAL  ]   43 routes  rb  ac_avg  k=10  λ=0.6  solver=filo2
17:15:00 | i — | [  FINAL  ]   42 routes  vb  kmedoids  k=10  λ=1.0  solver=filo2
17:15:00 | i — | [  FINAL  ]   41 routes  vb  kmeans  k=10  λ=0.6  solver=ails2
17:15:00 | i — | [  FINAL  ]   41 routes  vb  kmeans  k=10  λ=0.0  solver=filo2
17:15:00 | i — | [  FINAL  ]   40 routes  vb  ac_avg  k=8  λ=1.0  solver=ails2
17:15:00 | i — | [  FINAL  ]   40 routes  vb  ac_complete  k=10  λ=0.4  solver=pyvrp
17:15:00 | i — | [  FINAL  ]   40 routes  vb  kmeans  k=6  λ=0.4  solver=filo2
17:15:00 | i — | [  FINAL  ]   40 routes  vb  fcm  k=8  λ=0.6  solver=ails2
17:15:00 | i — | [  FINAL  ]   40 routes  vb  kmedoids  k=6  λ=0.0  solver=filo2
17:15:00 | i — | [  FINAL  ]   39 routes  vb  kmeans  k=3  λ=0.8  solver=pyvrp
17:15:00 | i — | [  FINAL  ]   39 routes  vb  kmedoids  k=8  λ=0.2  solver=filo2
17:15:00 | i — | [  FINAL  ]   39 routes  vb  fcm  k=6  λ=0.0  solver=filo2
17:15:00 | i — | [  FINAL  ]   39 routes  rb  ac_complete  k=10  λ=0.2  solver=filo
17:15:00 | i — | [  FINAL  ]   39 routes  vb  fcm  k=10  λ=0.6  solver=ails2
17:15:00 | i — | [  FINAL  ]   38 routes  vb  kmeans  k=4  λ=0.6  solver=ails2
17:15:00 | i — | [  FINAL  ]   38 routes  vb  ac_avg  k=3  λ=0.6  solver=pyvrp
17:15:00 | i — | [  FINAL  ]   38 routes  vb  kmeans  k=6  λ=0.4  solver=filo
17:15:00 | i — | [  FINAL  ]   37 routes  vb  fcm  k=6  λ=0.0  solver=pyvrp
17:15:00 | i — | [  FINAL  ]   37 routes  vb  fcm  k=2  λ=0.0  solver=filo
17:15:00 | i — | [  FINAL  ]   36 routes  rb  ac_avg  k=2  λ=0.4  solver=filo2
17:15:00 | i — | [  FINAL  ]   36 routes  vb  kmeans  k=2  λ=0.0  solver=ails2
17:15:00 | i — | [  FINAL  ]   36 routes  vb  ac_complete  k=8  λ=0.4  solver=ails2
17:15:00 | i — | [  FINAL  ]   36 routes  vb  kmedoids  k=6  λ=1.0  solver=filo
17:15:00 | i — | [  FINAL  ]   36 routes  vb  ac_avg  k=4  λ=0.6  solver=filo2
17:15:00 | i — | [  FINAL  ]   36 routes  vb  ac_avg  k=3  λ=0.2  solver=filo2
17:15:00 | i — | [  FINAL  ]   35 routes  rb  kmeans  k=4  λ=0.8  solver=filo2
17:15:00 | i — | [  FINAL  ]   35 routes  vb  fcm  k=4  λ=0.6  solver=ails2
17:15:00 | i — | [  FINAL  ]   35 routes  rb  ac_avg  k=2  λ=0.0  solver=filo2
17:15:00 | i — | [  FINAL  ]   35 routes  vb  kmedoids  k=10  λ=0.0  solver=filo2
17:15:00 | i — | [  FINAL  ]   35 routes  rb  ac_complete  k=4  λ=0.8  solver=filo2
17:15:00 | i — | [  FINAL  ]   35 routes  vb  ac_complete  k=10  λ=0.0  solver=pyvrp
17:15:00 | i — | [  FINAL  ]   34 routes  rb  ac_complete  k=10  λ=0.0  solver=filo
17:15:00 | i — | [  FINAL  ]   34 routes  vb  kmeans  k=10  λ=0.0  solver=filo
17:15:00 | i — | [  FINAL  ]   34 routes  vb  kmeans  k=10  λ=1.0  solver=pyvrp
17:15:00 | i — | [  FINAL  ]   34 routes  rb  ac_complete  k=3  λ=0.2  solver=filo
17:15:00 | i — | [  FINAL  ]   33 routes  vb  ac_avg  k=10  λ=1.0  solver=ails2
17:15:00 | i — | [  FINAL  ]   33 routes  vb  ac_avg  k=3  λ=1.0  solver=pyvrp
17:15:00 | i — | [  FINAL  ]   33 routes  rb  ac_complete  k=4  λ=0.0  solver=filo2
17:15:00 | i — | [  FINAL  ]   32 routes  vb  ac_avg  k=6  λ=0.2  solver=filo
17:15:00 | i — | [  FINAL  ]   31 routes  rb  ac_avg  k=3  λ=0.2  solver=ails2
17:15:00 | i — | [  FINAL  ]   31 routes  rb  ac_complete  k=4  λ=0.0  solver=ails2
17:15:00 | i — | [  FINAL  ]   31 routes  rb  ac_complete  k=6  λ=0.6  solver=filo2
17:15:00 | i — | [  FINAL  ]   31 routes  vb  fcm  k=8  λ=0.2  solver=filo2
17:15:00 | i — | [  FINAL  ]   31 routes  rb  ac_avg  k=6  λ=0.8  solver=filo2
17:15:00 | i — | [  FINAL  ]   31 routes  vb  ac_avg  k=10  λ=0.2  solver=filo2
17:15:00 | i — | [  FINAL  ]   31 routes  vb  kmedoids  k=6  λ=0.8  solver=filo2
17:15:00 | i — | [  FINAL  ]   31 routes  rb  ac_complete  k=3  λ=1.0  solver=filo
17:15:00 | i — | [  FINAL  ]   31 routes  rb  ac_complete  k=3  λ=1.0  solver=filo2
17:15:00 | i — | [  FINAL  ]   31 routes  rb  ac_complete  k=2  λ=0.8  solver=pyvrp
17:15:00 | i — | [  FINAL  ]   30 routes  rb  ac_complete  k=6  λ=0.2  solver=filo2
17:15:00 | i — | [  FINAL  ]   30 routes  rb  ac_complete  k=4  λ=0.4  solver=filo2
17:15:00 | i — | [  FINAL  ]   29 routes  rb  kmeans  k=8  λ=0.2  solver=filo2
17:15:00 | i — | [  FINAL  ]   29 routes  rb  ac_complete  k=10  λ=1.0  solver=pyvrp
17:15:00 | i — | [  FINAL  ]   29 routes  rb  ac_complete  k=10  λ=0.0  solver=ails2
17:15:00 | i — | [  FINAL  ]   28 routes  rb  ac_complete  k=4  λ=1.0  solver=filo
17:15:00 | i — | [  FINAL  ]   28 routes  rb  ac_complete  k=8  λ=1.0  solver=filo2
17:15:00 | i — | [  FINAL  ]   26 routes  rb  ac_avg  k=8  λ=0.2  solver=ails2
17:15:00 | i — | [  FINAL  ]   26 routes  rb  ac_avg  k=10  λ=0.0  solver=pyvrp
17:15:00 | i — | [  FINAL  ]   26 routes  vb  fcm  k=10  λ=0.6  solver=filo2
17:15:00 | i — | [  FINAL  ]   25 routes  rb  ac_complete  k=6  λ=0.0  solver=ails2
17:15:00 | i — | [  FINAL  ]   25 routes  rb  kmeans  k=10  λ=0.2  solver=ails2
17:15:00 | i — | [  FINAL  ]   24 routes  vb  kmedoids  k=10  λ=0.6  solver=filo
17:15:00 | i — | [  FINAL  ]   24 routes  vb  kmedoids  k=10  λ=0.2  solver=ails2
17:15:00 | i — | [  FINAL  ]   24 routes  rb  ac_avg  k=10  λ=0.0  solver=filo2
17:15:00 | i — | [  FINAL  ]   23 routes  rb  kmeans  k=2  λ=0.2  solver=ails2
17:15:00 | i — | [  FINAL  ]   23 routes  rb  kmeans  k=10  λ=0.2  solver=filo2
17:15:00 | i — | [  FINAL  ]   22 routes  vb  ac_complete  k=10  λ=1.0  solver=filo2
17:15:00 | i — | [  FINAL  ]   22 routes  rb  kmeans  k=4  λ=0.8  solver=ails2
17:15:00 | i — | [  FINAL  ]   22 routes  rb  ac_avg  k=10  λ=0.8  solver=ails2
17:15:00 | i — | [  FINAL  ]   22 routes  rb  ac_complete  k=3  λ=0.0  solver=filo2
17:15:00 | i — | [  FINAL  ]   22 routes  rb  kmeans  k=10  λ=0.8  solver=ails2
17:15:00 | i — | [  FINAL  ]   20 routes  rb  kmeans  k=12  λ=0.0  solver=filo
17:15:00 | i — | [  FINAL  ]   20 routes  rb  ac_avg  k=12  λ=0.6  solver=filo2
17:15:00 | i — | [  FINAL  ]   20 routes  rb  ac_complete  k=8  λ=0.0  solver=filo2
17:15:00 | i — | [  FINAL  ]   17 routes  rb  ac_complete  k=3  λ=0.4  solver=filo2
17:15:00 | i — | [  FINAL  ]   14 routes  rb  ac_complete  k=12  λ=0.6  solver=filo2
17:15:00 | i — | [  FINAL  ]   13 routes  rb  ac_complete  k=6  λ=0.0  solver=filo
17:15:00 | i — | [  FINAL  ]   12 routes  rb  ac_complete  k=3  λ=0.8  solver=filo2
17:15:00 | i — | [  FINAL  ]   6 routes  rb  kmeans  k=10  λ=0.6  solver=filo2
17:15:00 | i — | [  FINAL  ]   4 routes  rb  ac_complete  k=10  λ=0.4  solver=filo
17:15:00 | i — | [  FINAL  ]   4 routes  rb  kmeans  k=10  λ=0.0  solver=filo2
17:15:00 | i — | [  FINAL  ]   4 routes  rb  ac_complete  k=10  λ=1.0  solver=filo
17:15:00 | i — | [  FINAL  ]   2 routes  rb  ac_complete  k=10  λ=1.0  solver=filo2
17:15:00 | i — | [  FINAL  ]   2 routes  rb  ac_complete  k=10  λ=0.6  solver=ails2
17:15:00 | i — | [  FINAL  ]   2 routes  rb  ac_complete  k=12  λ=0.0  solver=filo
17:15:00 | i — | [  FINAL  ]   55 routes  post-SP/SC improvement
17:15:00 | i — | [  FINAL  ] ════════════════════════════════════════
