16:41:15 | i — | [  INIT   ] ════════════════════════════════════════
16:41:15 | i — | [  INIT   ] DRISPI  instance=X-n7193-k1683  n=7192  capacity=32
16:41:15 | i — | [  INIT   ] k domain (computed at init): [2, 3, 4, 6, 8, 10, 12, 16, 21, 28]  k_ext=28  k_min=1683  k_ext_bound=n_bound  spacing_rejected=0
16:41:15 | i — | [  INIT   ] ══════════════════════════════════════════════════════
16:41:15 | i — | [  INIT   ] CONFIGURATION
16:41:15 | i — | [  INIT   ] ── stopping ────────────────────────────────
16:41:15 | i — | [  INIT   ]   time_limit                  = 7200.0
16:41:15 | i — | [  INIT   ]   max_no_improve              = 1000000000
16:41:15 | i — | [  INIT   ] ── parallelism ─────────────────────────────
16:41:15 | i — | [  INIT   ]   n_workers                   = 8
16:41:15 | i — | [  INIT   ] ── cores ───────────────────────────────────
16:41:15 | i — | [  INIT   ]   cores_total                 = 8
16:41:15 | i — | [  INIT   ]   cores_dri                   = 6
16:41:15 | i — | [  INIT   ]   cores_bg                    = 1
16:41:15 | i — | [  INIT   ]   cores_sp                    = 1
16:41:15 | i — | [  INIT   ]   cores_cpu_list              = None
16:41:15 | i — | [  INIT   ] ── sp/sc ───────────────────────────────────
16:41:15 | i — | [  INIT   ]   sp_sc_mode                  = async
16:41:15 | i — | [  INIT   ]   sp_sc_trigger               = wallclock
16:41:15 | i — | [  INIT   ]   interval_minutes            = 20.0
16:41:15 | i — | [  INIT   ]   overlap_policy              = skip
16:41:15 | i — | [  INIT   ]   warmup_iterations           = 5
16:41:15 | i — | [  INIT   ]   sp_interval                 = 3
16:41:15 | i — | [  INIT   ]   min_coverage                = 5
16:41:15 | i — | [  INIT   ]   sp_time_limit               = 720.0
16:41:15 | i — | [  INIT   ]   mip_gap                     = 0.00025
16:41:15 | i — | [  INIT   ] ── decomposition ───────────────────────────
16:41:15 | i — | [  INIT   ]   decomp_k_base_arms          = [2, 3, 4, 6, 8, 10, 12]
16:41:15 | i — | [  INIT   ]   decomp_k_max_arms           = 10
16:41:15 | i — | [  INIT   ]   decomp_k_ext_per_1000       = 4
16:41:15 | i — | [  INIT   ]   decomp_k_min_routes_per_cluster= 8
16:41:15 | i — | [  INIT   ]   decomp_k_min_arm_spacing    = 2
16:41:15 | i — | [  INIT   ]   subcluster_rate_s_per_customer= 0.06
16:41:15 | i — | [  INIT   ]   subcluster_floor_s          = 5.0
16:41:15 | i — | [  INIT   ] ── bg_ails ─────────────────────────────────
16:41:15 | i — | [  INIT   ]   bg_ails_mode                = async
16:41:15 | i — | [  INIT   ]   bg_ails_crash_threshold     = 1
16:41:15 | i — | [  INIT   ]   bg_ails_budget_mode         = predicted_dr_wall
16:41:15 | i — | [  INIT   ]   bg_ails_budget_floor_s      = 60.0
16:41:15 | i — | [  INIT   ]   bg_ails_budget_margin       = 1.0
16:41:15 | i — | [  INIT   ]   bg_ails_wall_model_scale    = 0.976
16:41:15 | i — | [  INIT   ]   bg_ails_wall_model_wave_exponent= -0.18
16:41:15 | i — | [  INIT   ]   bg_ails_initial_omega       = 10
16:41:15 | i — | [  INIT   ]   bg_ails_boundary_threshold  = 0.5
16:41:15 | i — | [  INIT   ]   bg_ails_small_cluster_cap   = 20
16:41:15 | i — | [  INIT   ]   bg_ails_small_cluster_alpha = 0.5
16:41:15 | i — | [  INIT   ]   bg_ails_pair_selection      = greedy
16:41:15 | i — | [  INIT   ]   bg_ails_n_chains_mode       = k
16:41:15 | i — | [  INIT   ]   bg_ails_unique_first_routes = True
16:41:15 | i — | [  INIT   ]   bg_ails_boundary_mask_first_ls= True
16:41:15 | i — | [  INIT   ] ── standard_improvement ────────────────────
16:41:15 | i — | [  INIT   ]   standard_improvement_time_limit= 360.0
16:41:15 | i — | [  INIT   ] ── pool ────────────────────────────────────
16:41:15 | i — | [  INIT   ]   max_pool_size               = 10000
16:41:15 | i — | [  INIT   ]   pool_diversity_weight       = 0.5
16:41:15 | i — | [  INIT   ] ── haos ────────────────────────────────────
16:41:15 | i — | [  INIT   ]   haos_decay                  = 0.95
16:41:15 | i — | [  INIT   ]   haos_warmup                 = 10
16:41:15 | i — | [  INIT   ]   haos_starting_weight        = 10.0
16:41:15 | i — | [  INIT   ]   haos_min_weight_k           = 0.025
16:41:15 | i — | [  INIT   ]   haos_min_weight_lambda      = 0.05
16:41:15 | i — | [  INIT   ]   haos_min_weight_paradigm    = 0.1
16:41:15 | i — | [  INIT   ]   haos_min_weight_vertex_method= 0.05
16:41:15 | i — | [  INIT   ]   haos_min_weight_route_method= 0.05
16:41:15 | i — | [  INIT   ]   haos_min_weight_solver      = 0.05
16:41:15 | i — | [  INIT   ]   haos_lambda_demand_values   = [0.0, 0.2, 0.4, 0.6, 0.8, 1.0]
16:41:15 | i — | [  INIT   ]   haos_paradigm_values        = ['vertex', 'route']
16:41:15 | i — | [  INIT   ]   haos_vertex_method_values   = ['kmeans', 'agglomerative_avg', 'agglomerative_complete', 'kmedoids', 'fcm']
16:41:15 | i — | [  INIT   ]   haos_route_method_values    = ['kmeans', 'agglomerative_avg', 'agglomerative_complete']
16:41:15 | i — | [  INIT   ]   haos_solver_values          = ['pyvrp', 'filo', 'filo2', 'ails2']
16:41:15 | i — | [  INIT   ] ── haos_rewards ────────────────────────────
16:41:15 | i — | [  INIT   ]   haos_reward_new_best        = 10.0
16:41:15 | i — | [  INIT   ]   haos_reward_improvement     = 4.0
16:41:15 | i — | [  INIT   ]   haos_reward_no_improvement  = 1.0
16:41:15 | i — | [  INIT   ]   haos_reward_no_solution     = 0.0
16:41:15 | i — | [  INIT   ]   haos_deferred_new_best      = 7.0
16:41:15 | i — | [  INIT   ]   haos_deferred_improvement   = 3.0
16:41:15 | i — | [  INIT   ]   haos_deferred_no_improvement= 0.0
16:41:15 | i — | [  INIT   ] ── seed ────────────────────────────────────
16:41:15 | i — | [  INIT   ]   seed                        = 11
16:41:15 | i — | [  INIT   ] ── output ──────────────────────────────────
16:41:15 | i — | [  INIT   ]   output_dir                  = /app/artifacts/benchmark/X-n7193-k1683/seed11
16:41:15 | i — | [  INIT   ]   run_analysis                = False
16:41:15 | i — | [  INIT   ] ══════════════════════════════════════════════════════
16:41:15 | i — | [  INIT   ] BKS=2958205.00
16:41:15 | i — | [  INIT   ] ════════════════════════════════════════
16:41:15 | i 1 | [HAOS ROLL] k=3  λ=0.8  vb  fcm  filo2  P≈0.000417
16:41:19 | i 1 | [Phase 1/3] decompose  4.00s / — / —  λ=0.8  vb fcm
16:44:29 | i 1 | [Phase 2/3] route  189.85s / 186.72s / 101.7%  filo2  k=3
16:44:29 | i 1 | [ IMPROVE ] 2985614.00  via decompose_route  ·  Δ_BKS=+0.93%
16:44:29 | i 1 | [HAOS ROLL] k=3  λ=0.8  vb  fcm  filo2  P≈0.000417
16:44:29 | i 1 | [ Summary ] cost=2985614.00  Δ_S*=+0.00%  Δ_BKS=+0.93%  Δ_S*_BKS=+0.93%  no_improve=0
16:44:29 | i 2 | [HAOS ROLL] k=28  λ=0.2  rb  ac_avg  filo  P≈0.000694
16:44:34 | i 2 | [Phase 1/3] decompose  5.43s / — / —  λ=0.2  rb ac_avg
16:46:07 | i 2 | [Phase 2/3] route  93.22s / 92.82s / 100.4%  filo  k=28
16:47:45 | i 1 | [ IMPROVE ] 2961470.00  via bg_ails  ·  Δ_BKS=+0.11%
16:47:45 | i 1 | [ ASYNC BG] bg_ails  196.11s / 182.24s / 107.6%
16:47:45 | i 2 | [HAOS ROLL] k=28  λ=0.2  rb  ac_avg  filo  P≈0.000694
16:47:45 | i 2 | [ Summary ] cost=2996627.00  Δ_S*=+1.19%  Δ_BKS=+1.30%  Δ_S*_BKS=+0.11%  no_improve=1
16:47:45 | i 3 | [HAOS ROLL] k=12  λ=0.6  rb  kmeans  filo  P≈0.000694
16:47:48 | i 3 | [Phase 1/3] decompose  2.95s / — / —  λ=0.6  rb kmeans
16:49:05 | i 3 | [Phase 2/3] route  77.17s / 74.04s / 104.2%  filo  k=12
16:49:53 | i 2 | [ ASYNC BG] bg_ails  128.51s / 114.84s / 111.9%
16:49:53 | i 3 | [HAOS ROLL] k=12  λ=0.6  rb  kmeans  filo  P≈0.000694
16:49:53 | i 3 | [ Summary ] cost=2996479.00  Δ_S*=+1.18%  Δ_BKS=+1.29%  Δ_S*_BKS=+0.11%  no_improve=3
16:49:53 | i 4 | [HAOS ROLL] k=28  λ=0.8  vb  ac_complete  filo  P≈0.000417
16:49:58 | i 4 | [Phase 1/3] decompose  4.39s / — / —  λ=0.8  vb ac_complete
16:51:18 | i 4 | [Phase 2/3] route  80.16s / 54.18s / 148.0%  filo  k=28
16:51:44 | i 3 | [ ASYNC BG] bg_ails  110.48s / 96.20s / 114.8%
16:51:44 | i 4 | [HAOS ROLL] k=28  λ=0.8  vb  ac_complete  filo  P≈0.000417
16:51:44 | i 4 | [ Summary ] cost=3004494.00  Δ_S*=+1.45%  Δ_BKS=+1.56%  Δ_S*_BKS=+0.11%  no_improve=5
16:51:44 | i 5 | [HAOS ROLL] k=16  λ=0.0  rb  ac_complete  filo2  P≈0.000694
16:51:46 | i 5 | [Phase 1/3] decompose  2.20s / — / —  λ=0.0  rb ac_complete
16:53:15 | i 5 | [Phase 2/3] route  89.17s / 87.96s / 101.4%  filo2  k=16
16:54:02 | i 4 | [ ASYNC BG] bg_ails  138.55s / 124.22s / 111.5%
16:54:03 | i 5 | [HAOS ROLL] k=16  λ=0.0  rb  ac_complete  filo2  P≈0.000694
16:54:03 | i 5 | [ Summary ] cost=2994195.00  Δ_S*=+1.11%  Δ_BKS=+1.22%  Δ_S*_BKS=+0.11%  no_improve=7
16:54:03 | i 6 | [HAOS ROLL] k=16  λ=0.0  vb  ac_avg  pyvrp  P≈0.000417
16:54:06 | i 6 | [Phase 1/3] decompose  3.73s / — / —  λ=0.0  vb ac_avg
16:56:20 | i 6 | [Phase 2/3] route  133.96s / 124.02s / 108.0%  pyvrp  k=16
16:56:42 | i 5 | [ ASYNC BG] bg_ails  158.98s / 145.65s / 109.2%
16:56:42 | i 6 | [HAOS ROLL] k=16  λ=0.0  vb  ac_avg  pyvrp  P≈0.000417
16:56:42 | i 6 | [ Summary ] cost=2984185.00  Δ_S*=+0.77%  Δ_BKS=+0.88%  Δ_S*_BKS=+0.11%  no_improve=9
16:56:42 | i 7 | [HAOS ROLL] k=10  λ=0.6  rb  ac_avg  filo2  P≈0.000694
16:56:45 | i 7 | [Phase 1/3] decompose  2.98s / — / —  λ=0.6  rb ac_avg
16:59:06 | i 7 | [Phase 2/3] route  141.39s / 141.00s / 100.3%  filo2  k=10
17:00:04 | i 6 | [ ASYNC BG] bg_ails  202.66s / 189.18s / 107.1%
17:00:04 | i 7 | [HAOS ROLL] k=10  λ=0.6  rb  ac_avg  filo2  P≈0.000694
17:00:04 | i 7 | [ Summary ] cost=2988919.00  Δ_S*=+0.93%  Δ_BKS=+1.04%  Δ_S*_BKS=+0.11%  no_improve=11
17:00:04 | i 8 | [HAOS ROLL] k=6  λ=0.8  rb  ac_complete  pyvrp  P≈0.000694
17:00:07 | i 8 | [Phase 1/3] decompose  3.00s / — / —  λ=0.8  rb ac_complete
17:03:09 | i 8 | [Phase 2/3] route  181.53s / 164.34s / 110.5%  pyvrp  k=6
17:03:09 | i 7 | [ ASYNC BG] bg_ails  155.25s / 141.32s / 109.9%
17:03:09 | i 8 | [HAOS ROLL] k=6  λ=0.8  rb  ac_complete  pyvrp  P≈0.000694
17:03:09 | i 8 | [ Summary ] cost=2981964.00  Δ_S*=+0.69%  Δ_BKS=+0.80%  Δ_S*_BKS=+0.11%  no_improve=13
17:03:09 | i 6 | [ASYNC 1/2] sp_sc  0.76s / 720.00s / 0.1%  SC  avg_coverage=5.92/5  pool=10000
17:03:09 | i 6 | [ASYNC 2/2] standard_ails  370.59s / 360.00s / 102.9%
17:04:24 | i 6 | [ IMPROVE ] 2960752.00  via standard_ails  ·  Δ_BKS=+0.09%
17:04:24 | i 9 | [HAOS ROLL] k=4  λ=0.0  rb  ac_avg  filo  P≈0.000694
17:04:26 | i 9 | [Phase 1/3] decompose  2.17s / — / —  λ=0.0  rb ac_avg
17:07:11 | i 9 | [Phase 2/3] route  165.46s / 164.94s / 100.3%  filo  k=4
17:07:11 | i 8 | [ ASYNC BG] bg_ails  174.07s / 160.40s / 108.5%
17:07:12 | i 9 | [HAOS ROLL] k=4  λ=0.0  rb  ac_avg  filo  P≈0.000694
17:07:12 | i 9 | [ Summary ] cost=2985190.00  Δ_S*=+0.83%  Δ_BKS=+0.91%  Δ_S*_BKS=+0.09%  no_improve=2
17:07:12 | i 10 | [HAOS ROLL] k=3  λ=0.0  vb  ac_complete  filo  P≈0.000417
17:07:16 | i 10 | [Phase 1/3] decompose  3.95s / — / —  λ=0.0  vb ac_complete
17:10:13 | i 10 | [Phase 2/3] route  177.52s / 176.70s / 100.5%  filo  k=3
17:10:13 | i 9 | [ ASYNC BG] bg_ails  173.58s / 160.98s / 107.8%
17:10:14 | i 10 | [HAOS ROLL] k=3  λ=0.0  vb  ac_complete  filo  P≈0.000417
17:10:14 | i 10 | [ Summary ] cost=2987536.00  Δ_S*=+0.90%  Δ_BKS=+0.99%  Δ_S*_BKS=+0.09%  no_improve=4
17:10:14 | i 11 | [HAOS ROLL] k=12  λ=0.0  rb  ac_avg  filo2  P≈0.000694
17:10:16 | i 11 | [Phase 1/3] decompose  2.25s / — / —  λ=0.0  rb ac_avg
17:12:39 | i 11 | [Phase 2/3] route  143.35s / 123.60s / 116.0%  filo2  k=12
17:13:19 | i 10 | [ ASYNC BG] bg_ails  185.68s / 172.46s / 107.7%
17:13:19 | i 11 | [HAOS ROLL] k=12  λ=0.0  rb  ac_avg  filo2  P≈0.000694
17:13:19 | i 11 | [ Summary ] cost=2986558.00  Δ_S*=+0.87%  Δ_BKS=+0.96%  Δ_S*_BKS=+0.09%  no_improve=6
17:13:19 | i 12 | [HAOS ROLL] k=8  λ=1.0  rb  ac_avg  filo2  P≈0.000746
17:13:22 | i 12 | [Phase 1/3] decompose  2.95s / — / —  λ=1.0  rb ac_avg
17:15:49 | i 12 | [Phase 2/3] route  146.42s / 146.10s / 100.2%  filo2  k=8
17:15:49 | i 11 | [ ASYNC BG] bg_ails  142.37s / 129.02s / 110.3%
17:15:49 | i 12 | [HAOS ROLL] k=8  λ=1.0  rb  ac_avg  filo2  P≈0.000746
17:15:49 | i 12 | [ Summary ] cost=2987449.00  Δ_S*=+0.90%  Δ_BKS=+0.99%  Δ_S*_BKS=+0.09%  no_improve=8
17:15:49 | i 13 | [HAOS ROLL] k=8  λ=0.6  vb  kmeans  ails2  P≈0.000284
17:15:52 | i 13 | [Phase 1/3] decompose  2.92s / — / —  λ=0.6  vb kmeans
17:18:19 | i 13 | [Phase 2/3] route  147.18s / 128.16s / 114.8%  ails2  k=8
17:18:31 | i 12 | [ ASYNC BG] bg_ails  162.23s / 148.41s / 109.3%
17:18:31 | i 13 | [HAOS ROLL] k=8  λ=0.6  vb  kmeans  ails2  P≈0.000284
17:18:31 | i 13 | [ Summary ] cost=2963506.00  Δ_S*=+0.09%  Δ_BKS=+0.18%  Δ_S*_BKS=+0.09%  no_improve=10
17:18:31 | i 14 | [HAOS ROLL] k=3  λ=1.0  vb  ac_avg  filo  P≈0.000289
17:18:36 | i 14 | [Phase 1/3] decompose  4.47s / — / —  λ=1.0  vb ac_avg
17:22:20 | i 14 | [Phase 2/3] route  223.76s / 223.20s / 100.2%  filo  k=3
17:22:20 | i 13 | [ ASYNC BG] bg_ails  222.21s / 208.78s / 106.4%
17:22:20 | i 14 | [HAOS ROLL] k=3  λ=1.0  vb  ac_avg  filo  P≈0.000289
17:22:20 | i 14 | [ Summary ] cost=2986458.00  Δ_S*=+0.87%  Δ_BKS=+0.96%  Δ_S*_BKS=+0.09%  no_improve=12
17:22:20 | i 15 | [HAOS ROLL] k=10  λ=0.2  rb  ac_complete  ails2  P≈0.000503
17:22:23 | i 15 | [Phase 1/3] decompose  2.93s / — / —  λ=0.2  rb ac_complete
17:24:24 | i 15 | [Phase 2/3] route  121.10s / 93.42s / 129.6%  ails2  k=10
17:26:12 | i 14 | [ ASYNC BG] bg_ails  231.81s / 217.84s / 106.4%
17:26:12 | i 15 | [HAOS ROLL] k=10  λ=0.2  rb  ac_complete  ails2  P≈0.000503
17:26:12 | i 15 | [ Summary ] cost=2961226.00  Δ_S*=+0.02%  Δ_BKS=+0.10%  Δ_S*_BKS=+0.09%  no_improve=14
17:26:12 | i 13 | [ASYNC 1/2] sp_sc  5.99s / 720.00s / 0.8%  SC  avg_coverage=5.97/5  pool=10000
17:26:12 | i 13 | [ASYNC 2/2] standard_ails  370.75s / 360.00s / 103.0%
17:27:28 | i 13 | [ IMPROVE ] 2960540.00  via standard_ails  ·  Δ_BKS=+0.08%
17:27:28 | i 16 | [HAOS ROLL] k=2  λ=0.6  rb  ac_avg  filo2  P≈0.000912
17:27:31 | i 16 | [Phase 1/3] decompose  2.83s / — / —  λ=0.6  rb ac_avg
17:33:44 | i 16 | [Phase 2/3] route  372.84s / 371.40s / 100.4%  filo2  k=2
17:33:44 | i 15 | [ ASYNC BG] bg_ails  165.10s / 151.51s / 109.0%
17:33:44 | i 16 | [HAOS ROLL] k=2  λ=0.6  rb  ac_avg  filo2  P≈0.000912
17:33:44 | i 16 | [ Summary ] cost=2982256.00  Δ_S*=+0.73%  Δ_BKS=+0.81%  Δ_S*_BKS=+0.08%  no_improve=2
17:33:44 | i 17 | [HAOS ROLL] k=16  λ=0.8  rb  ac_avg  filo2  P≈0.002335
17:33:47 | i 17 | [Phase 1/3] decompose  2.94s / — / —  λ=0.8  rb ac_avg
17:36:13 | i 17 | [Phase 2/3] route  145.34s / 113.10s / 128.5%  filo2  k=16
17:40:00 | i 16 | [ ASYNC BG] bg_ails  375.93s / 362.49s / 103.7%
17:40:00 | i 17 | [HAOS ROLL] k=16  λ=0.8  rb  ac_avg  filo2  P≈0.002335
17:40:00 | i 17 | [ Summary ] cost=2995122.00  Δ_S*=+1.17%  Δ_BKS=+1.25%  Δ_S*_BKS=+0.08%  no_improve=4
17:40:00 | i 18 | [HAOS ROLL] k=2  λ=0.8  rb  kmeans  filo  P≈0.000414
17:40:03 | i 18 | [Phase 1/3] decompose  2.96s / — / —  λ=0.8  rb kmeans
17:43:57 | i 18 | [Phase 2/3] route  233.80s / 232.92s / 100.4%  filo  k=2
17:43:57 | i 17 | [ ASYNC BG] bg_ails  215.55s / 201.58s / 106.9%
17:43:57 | i 18 | [HAOS ROLL] k=2  λ=0.8  rb  kmeans  filo  P≈0.000414
17:43:57 | i 18 | [ Summary ] cost=2987680.00  Δ_S*=+0.92%  Δ_BKS=+1.00%  Δ_S*_BKS=+0.08%  no_improve=6
17:43:57 | i 19 | [HAOS ROLL] k=2  λ=0.8  vb  ac_complete  pyvrp  P≈0.000220
17:44:02 | i 19 | [Phase 1/3] decompose  4.42s / — / —  λ=0.8  vb ac_complete
17:50:04 | i 19 | [Phase 2/3] route  362.73s / 304.50s / 119.1%  pyvrp  k=2
17:50:05 | i 18 | [ ASYNC BG] bg_ails  240.96s / 227.33s / 106.0%
17:50:05 | i 19 | [HAOS ROLL] k=2  λ=0.8  vb  ac_complete  pyvrp  P≈0.000220
17:50:05 | i 19 | [ Summary ] cost=2988103.00  Δ_S*=+0.93%  Δ_BKS=+1.01%  Δ_S*_BKS=+0.08%  no_improve=8
17:50:05 | i 20 | [HAOS ROLL] k=2  λ=0.0  vb  fcm  filo  P≈0.000522
17:50:07 | i 20 | [Phase 1/3] decompose  2.16s / — / —  λ=0.0  vb fcm
17:53:58 | i 20 | [Phase 2/3] route  230.79s / 229.62s / 100.5%  filo  k=2
17:55:15 | i 19 | [ ASYNC BG] bg_ails  310.91s / 297.19s / 104.6%
17:55:16 | i 20 | [HAOS ROLL] k=2  λ=0.0  vb  fcm  filo  P≈0.000522
17:55:16 | i 20 | [ Summary ] cost=2986040.00  Δ_S*=+0.86%  Δ_BKS=+0.94%  Δ_S*_BKS=+0.08%  no_improve=10
17:55:16 | i 17 | [ASYNC 1/2] sp_sc  265.37s / 720.00s / 36.9%  SC  avg_coverage=5.94/5  pool=10000
17:55:16 | i 17 | [ASYNC 2/2] standard_ails  371.45s / 360.00s / 103.2%
17:56:30 | i 17 | [ IMPROVE ] 2960385.00  via standard_ails  ·  Δ_BKS=+0.07%
17:56:30 | i 21 | [HAOS ROLL] k=8  λ=0.2  vb  ac_complete  filo  P≈0.000540
17:56:35 | i 21 | [Phase 1/3] decompose  4.36s / — / —  λ=0.2  vb ac_complete
17:59:07 | i 21 | [Phase 2/3] route  152.43s / 151.74s / 100.5%  filo  k=8
17:59:13 | i 20 | [ ASYNC BG] bg_ails  237.23s / 224.11s / 105.9%
17:59:13 | i 21 | [HAOS ROLL] k=8  λ=0.2  vb  ac_complete  filo  P≈0.000540
17:59:13 | i 21 | [ Summary ] cost=2992670.00  Δ_S*=+1.09%  Δ_BKS=+1.17%  Δ_S*_BKS=+0.07%  no_improve=2
17:59:13 | i 22 | [HAOS ROLL] k=2  λ=0.8  rb  ac_avg  pyvrp  P≈0.001981
17:59:16 | i 22 | [Phase 1/3] decompose  2.95s / — / —  λ=0.8  rb ac_avg
18:06:59 | i 22 | [Phase 2/3] route  462.83s / 378.54s / 122.3%  pyvrp  k=2
18:06:59 | i 21 | [ ASYNC BG] bg_ails  230.05s / 216.02s / 106.5%
18:06:59 | i 22 | [HAOS ROLL] k=2  λ=0.8  rb  ac_avg  pyvrp  P≈0.001981
18:06:59 | i 22 | [ Summary ] cost=2990004.00  Δ_S*=+1.00%  Δ_BKS=+1.07%  Δ_S*_BKS=+0.07%  no_improve=4
18:06:59 | i 23 | [HAOS ROLL] k=16  λ=0.0  rb  ac_avg  filo2  P≈0.004479
18:07:02 | i 23 | [Phase 1/3] decompose  2.32s / — / —  λ=0.0  rb ac_avg
18:09:24 | i 23 | [Phase 2/3] route  142.32s / 108.00s / 131.8%  filo2  k=16
18:13:23 | i 22 | [ ASYNC BG] bg_ails  383.94s / 369.46s / 103.9%
18:13:23 | i 23 | [HAOS ROLL] k=16  λ=0.0  rb  ac_avg  filo2  P≈0.004479
18:13:23 | i 23 | [ Summary ] cost=2995515.00  Δ_S*=+1.19%  Δ_BKS=+1.26%  Δ_S*_BKS=+0.07%  no_improve=6
18:13:23 | i 24 | [HAOS ROLL] k=2  λ=0.8  rb  ac_avg  filo2  P≈0.004857
18:13:26 | i 24 | [Phase 1/3] decompose  2.97s / — / —  λ=0.8  rb ac_avg
18:19:47 | i 24 | [Phase 2/3] route  380.88s / 378.54s / 100.6%  filo2  k=2
18:19:47 | i 23 | [ ASYNC BG] bg_ails  144.53s / 131.23s / 110.1%
18:19:47 | i 24 | [HAOS ROLL] k=2  λ=0.8  rb  ac_avg  filo2  P≈0.004857
18:19:47 | i 24 | [ Summary ] cost=2981752.00  Δ_S*=+0.72%  Δ_BKS=+0.80%  Δ_S*_BKS=+0.07%  no_improve=8
18:19:47 | i 22 | [ASYNC 1/2] sp_sc  370.12s / 720.00s / 51.4%  SC  avg_coverage=5.94/5  pool=10000
18:19:47 | i 22 | [ASYNC 2/2] standard_ails  370.63s / 360.00s / 103.0%
18:21:00 | i 25 | [HAOS ROLL] k=6  λ=0.6  vb  ac_avg  filo2  P≈0.000350
18:21:05 | i 25 | [Phase 1/3] decompose  4.37s / — / —  λ=0.6  vb ac_avg
18:23:49 | i 25 | [Phase 2/3] route  164.46s / 163.56s / 100.5%  filo2  k=6
18:26:10 | i 24 | [ ASYNC BG] bg_ails  382.58s / 369.46s / 103.6%
18:26:10 | i 25 | [HAOS ROLL] k=6  λ=0.6  vb  ac_avg  filo2  P≈0.000350
18:26:10 | i 25 | [ Summary ] cost=2986693.00  Δ_S*=+0.89%  Δ_BKS=+0.96%  Δ_S*_BKS=+0.07%  no_improve=11
18:26:10 | i 26 | [HAOS ROLL] k=12  λ=0.8  rb  ac_complete  ails2  P≈0.000416
18:26:13 | i 26 | [Phase 1/3] decompose  2.94s / — / —  λ=0.8  rb ac_complete
18:28:29 | i 26 | [Phase 2/3] route  135.80s / 114.12s / 119.0%  ails2  k=12
18:29:03 | i 25 | [ ASYNC BG] bg_ails  172.96s / 159.63s / 108.3%
18:29:03 | i 26 | [HAOS ROLL] k=12  λ=0.8  rb  ac_complete  ails2  P≈0.000416
18:29:03 | i 26 | [ Summary ] cost=2963632.00  Δ_S*=+0.11%  Δ_BKS=+0.18%  Δ_S*_BKS=+0.07%  no_improve=13
18:29:03 | i 27 | [HAOS ROLL] k=3  λ=0.8  rb  ac_avg  filo2  P≈0.005103
18:29:06 | i 27 | [Phase 1/3] decompose  3.06s / — / —  λ=0.8  rb ac_avg
18:32:29 | i 27 | [Phase 2/3] route  202.64s / 202.14s / 100.2%  filo2  k=3
18:32:29 | i 26 | [ ASYNC BG] bg_ails  144.44s / 130.42s / 110.8%
18:32:29 | i 27 | [HAOS ROLL] k=3  λ=0.8  rb  ac_avg  filo2  P≈0.005103
18:32:29 | i 27 | [ Summary ] cost=2983478.00  Δ_S*=+0.78%  Δ_BKS=+0.85%  Δ_S*_BKS=+0.07%  no_improve=15
18:32:29 | i 28 | [HAOS ROLL] k=28  λ=1.0  vb  ac_complete  filo2  P≈0.000476
18:32:34 | i 28 | [Phase 1/3] decompose  4.52s / — / —  λ=1.0  vb ac_complete
18:34:17 | i 28 | [Phase 2/3] route  103.25s / 57.96s / 178.1%  filo2  k=28
18:36:01 | i 27 | [ ASYNC BG] bg_ails  211.81s / 197.29s / 107.4%
18:36:01 | i 28 | [HAOS ROLL] k=28  λ=1.0  vb  ac_complete  filo2  P≈0.000476
18:36:01 | i 28 | [ Summary ] cost=3008944.00  Δ_S*=+1.64%  Δ_BKS=+1.72%  Δ_S*_BKS=+0.07%  no_improve=17
18:36:01 | i 29 | [HAOS ROLL] k=2  λ=0.4  rb  ac_avg  filo  P≈0.001002
18:36:04 | i 29 | [Phase 1/3] decompose  3.11s / — / —  λ=0.4  rb ac_avg
18:42:25 | i 29 | [Phase 2/3] route  380.91s / 378.54s / 100.6%  filo  k=2
18:42:25 | i 28 | [ ASYNC BG] bg_ails  145.67s / 131.58s / 110.7%
18:42:25 | i 29 | [HAOS ROLL] k=2  λ=0.4  rb  ac_avg  filo  P≈0.001002
18:42:25 | i 29 | [ Summary ] cost=2985170.00  Δ_S*=+0.84%  Δ_BKS=+0.91%  Δ_S*_BKS=+0.07%  no_improve=19
18:42:25 | i — | [  FINAL  ] async BG-AILS totals launched=28 applied=28 adopted=1 launch_skipped_cap=1 crashes=0 discarded_in_flight=False block_wait_total_s=1285.8
18:42:55 | i — | [  FINAL  ] async SP/SC totals invocations=5 adopted=3 skipped=0 discarded_in_flight=True sp_busy_frac=0.46075416649977724
18:42:55 | i — | [  FINAL  ] ════════════════════════════════════════
18:42:55 | i — | [  FINAL  ] Run complete  iterations=29  elapsed=02:01:40  best=2960385.00
18:42:55 | i — | [  FINAL  ] Δ_BKS=+0.07%  no_improve_stop=False  time_stop=True  cancelled=False
18:42:55 | i — | [  FINAL  ] 
18:42:55 | i — | [  FINAL  ] [BEST SOLUTION — HAOS TAG SUMMARY]
18:42:55 | i — | [  FINAL  ] ────────────────────────────────────────
18:42:55 | i — | [  FINAL  ]   86 routes  rb  kmeans  k=2  λ=0.8  solver=filo
18:42:55 | i — | [  FINAL  ]   78 routes  vb  fcm  k=3  λ=0.8  solver=filo2
18:42:55 | i — | [  FINAL  ]   69 routes  rb  ac_avg  k=2  λ=0.6  solver=filo2
18:42:55 | i — | [  FINAL  ]   69 routes  vb  ac_complete  k=2  λ=0.8  solver=pyvrp
18:42:55 | i — | [  FINAL  ]   66 routes  rb  ac_avg  k=16  λ=0.8  solver=filo2
18:42:55 | i — | [  FINAL  ]   46 routes  vb  fcm  k=2  λ=0.0  solver=filo
18:42:55 | i — | [  FINAL  ]   40 routes  rb  ac_complete  k=10  λ=0.2  solver=ails2
18:42:55 | i — | [  FINAL  ]   21 routes  vb  kmeans  k=8  λ=0.6  solver=ails2
18:42:55 | i — | [  FINAL  ]   13 routes  vb  ac_complete  k=3  λ=0.0  solver=filo
18:42:55 | i — | [  FINAL  ]   13 routes  rb  ac_avg  k=28  λ=0.2  solver=filo
18:42:55 | i — | [  FINAL  ]   12 routes  vb  ac_avg  k=3  λ=1.0  solver=filo
18:42:55 | i — | [  FINAL  ]   11 routes  rb  ac_avg  k=8  λ=1.0  solver=filo2
18:42:55 | i — | [  FINAL  ]   11 routes  rb  ac_avg  k=12  λ=0.0  solver=filo2
18:42:55 | i — | [  FINAL  ]   10 routes  rb  ac_avg  k=4  λ=0.0  solver=filo
18:42:55 | i — | [  FINAL  ]   6 routes  rb  kmeans  k=12  λ=0.6  solver=filo
18:42:55 | i — | [  FINAL  ]   2 routes  vb  ac_complete  k=28  λ=0.8  solver=filo
18:42:55 | i — | [  FINAL  ]   1 routes  rb  ac_avg  k=16  λ=0.0  solver=filo2
18:42:55 | i — | [  FINAL  ]   1 routes  rb  ac_complete  k=12  λ=0.8  solver=ails2
18:42:55 | i — | [  FINAL  ]   1 routes  rb  ac_complete  k=6  λ=0.8  solver=pyvrp
18:42:55 | i — | [  FINAL  ]   1127 routes  post-SP/SC improvement
18:42:55 | i — | [  FINAL  ] 
18:42:55 | i — | [  FINAL  ] [ROUTE POOL — HAOS TAG SUMMARY]
18:42:55 | i — | [  FINAL  ] ────────────────────────────────────────
18:42:55 | i — | [  FINAL  ]   1588 routes  vb  ac_complete  k=28  λ=1.0  solver=filo2
18:42:55 | i — | [  FINAL  ]   1518 routes  vb  ac_avg  k=6  λ=0.6  solver=filo2
18:42:55 | i — | [  FINAL  ]   1473 routes  rb  ac_avg  k=3  λ=0.8  solver=filo2
18:42:55 | i — | [  FINAL  ]   1328 routes  rb  ac_complete  k=12  λ=0.8  solver=ails2
18:42:55 | i — | [  FINAL  ]   821 routes  rb  ac_avg  k=2  λ=0.8  solver=filo2
18:42:55 | i — | [  FINAL  ]   744 routes  rb  ac_avg  k=2  λ=0.4  solver=filo
18:42:55 | i — | [  FINAL  ]   86 routes  rb  kmeans  k=2  λ=0.8  solver=filo
18:42:55 | i — | [  FINAL  ]   80 routes  vb  fcm  k=3  λ=0.8  solver=filo2
18:42:55 | i — | [  FINAL  ]   69 routes  rb  ac_avg  k=2  λ=0.6  solver=filo2
18:42:55 | i — | [  FINAL  ]   69 routes  vb  ac_complete  k=2  λ=0.8  solver=pyvrp
18:42:55 | i — | [  FINAL  ]   66 routes  rb  ac_avg  k=16  λ=0.8  solver=filo2
18:42:55 | i — | [  FINAL  ]   46 routes  vb  fcm  k=2  λ=0.0  solver=filo
18:42:55 | i — | [  FINAL  ]   40 routes  rb  ac_complete  k=10  λ=0.2  solver=ails2
18:42:55 | i — | [  FINAL  ]   21 routes  vb  kmeans  k=8  λ=0.6  solver=ails2
18:42:55 | i — | [  FINAL  ]   13 routes  rb  ac_avg  k=28  λ=0.2  solver=filo
18:42:55 | i — | [  FINAL  ]   13 routes  vb  ac_complete  k=3  λ=0.0  solver=filo
18:42:55 | i — | [  FINAL  ]   12 routes  vb  ac_avg  k=3  λ=1.0  solver=filo
18:42:55 | i — | [  FINAL  ]   11 routes  rb  ac_avg  k=12  λ=0.0  solver=filo2
18:42:55 | i — | [  FINAL  ]   11 routes  rb  ac_avg  k=8  λ=1.0  solver=filo2
18:42:55 | i — | [  FINAL  ]   10 routes  rb  ac_avg  k=4  λ=0.0  solver=filo
18:42:55 | i — | [  FINAL  ]   6 routes  rb  kmeans  k=12  λ=0.6  solver=filo
18:42:55 | i — | [  FINAL  ]   2 routes  vb  ac_complete  k=28  λ=0.8  solver=filo
18:42:55 | i — | [  FINAL  ]   1 routes  rb  ac_complete  k=6  λ=0.8  solver=pyvrp
18:42:55 | i — | [  FINAL  ]   1 routes  rb  ac_avg  k=16  λ=0.0  solver=filo2
18:42:55 | i — | [  FINAL  ]   1971 routes  post-SP/SC improvement
18:42:55 | i — | [  FINAL  ] ════════════════════════════════════════
