16:08:55 | i — | [  INIT   ] ════════════════════════════════════════
16:08:55 | i — | [  INIT   ] DRISPI  instance=X-n2867-k120  n=2866  capacity=180
16:08:55 | i — | [  INIT   ] k domain (computed at init): [2, 3, 4, 6, 8, 10, 12]  k_ext=12  k_min=120  k_ext_bound=n_bound  spacing_rejected=0
16:08:55 | i — | [  INIT   ] ══════════════════════════════════════════════════════
16:08:55 | i — | [  INIT   ] CONFIGURATION
16:08:55 | i — | [  INIT   ] ── stopping ────────────────────────────────
16:08:55 | i — | [  INIT   ]   time_limit                  = 7200.0
16:08:55 | i — | [  INIT   ]   max_no_improve              = 1000000000
16:08:55 | i — | [  INIT   ] ── parallelism ─────────────────────────────
16:08:55 | i — | [  INIT   ]   n_workers                   = 8
16:08:55 | i — | [  INIT   ] ── cores ───────────────────────────────────
16:08:55 | i — | [  INIT   ]   cores_total                 = 8
16:08:55 | i — | [  INIT   ]   cores_dri                   = 6
16:08:55 | i — | [  INIT   ]   cores_bg                    = 1
16:08:55 | i — | [  INIT   ]   cores_sp                    = 1
16:08:55 | i — | [  INIT   ]   cores_cpu_list              = None
16:08:55 | i — | [  INIT   ] ── sp/sc ───────────────────────────────────
16:08:55 | i — | [  INIT   ]   sp_sc_mode                  = async
16:08:55 | i — | [  INIT   ]   sp_sc_trigger               = wallclock
16:08:55 | i — | [  INIT   ]   interval_minutes            = 20.0
16:08:55 | i — | [  INIT   ]   overlap_policy              = skip
16:08:55 | i — | [  INIT   ]   warmup_iterations           = 5
16:08:55 | i — | [  INIT   ]   sp_interval                 = 3
16:08:55 | i — | [  INIT   ]   min_coverage                = 5
16:08:55 | i — | [  INIT   ]   sp_time_limit               = 720.0
16:08:55 | i — | [  INIT   ]   mip_gap                     = 0.00025
16:08:55 | i — | [  INIT   ] ── decomposition ───────────────────────────
16:08:55 | i — | [  INIT   ]   decomp_k_base_arms          = [2, 3, 4, 6, 8, 10, 12]
16:08:55 | i — | [  INIT   ]   decomp_k_max_arms           = 10
16:08:55 | i — | [  INIT   ]   decomp_k_ext_per_1000       = 4
16:08:55 | i — | [  INIT   ]   decomp_k_min_routes_per_cluster= 8
16:08:55 | i — | [  INIT   ]   decomp_k_min_arm_spacing    = 2
16:08:55 | i — | [  INIT   ]   subcluster_rate_s_per_customer= 0.06
16:08:55 | i — | [  INIT   ]   subcluster_floor_s          = 5.0
16:08:55 | i — | [  INIT   ] ── bg_ails ─────────────────────────────────
16:08:55 | i — | [  INIT   ]   bg_ails_mode                = async
16:08:55 | i — | [  INIT   ]   bg_ails_crash_threshold     = 1
16:08:55 | i — | [  INIT   ]   bg_ails_budget_mode         = predicted_dr_wall
16:08:55 | i — | [  INIT   ]   bg_ails_budget_floor_s      = 60.0
16:08:55 | i — | [  INIT   ]   bg_ails_budget_margin       = 1.0
16:08:55 | i — | [  INIT   ]   bg_ails_wall_model_scale    = 0.976
16:08:55 | i — | [  INIT   ]   bg_ails_wall_model_wave_exponent= -0.18
16:08:55 | i — | [  INIT   ]   bg_ails_initial_omega       = 10
16:08:55 | i — | [  INIT   ]   bg_ails_boundary_threshold  = 0.5
16:08:55 | i — | [  INIT   ]   bg_ails_small_cluster_cap   = 20
16:08:55 | i — | [  INIT   ]   bg_ails_small_cluster_alpha = 0.5
16:08:55 | i — | [  INIT   ]   bg_ails_pair_selection      = greedy
16:08:55 | i — | [  INIT   ]   bg_ails_n_chains_mode       = k
16:08:55 | i — | [  INIT   ] ── standard_improvement ────────────────────
16:08:55 | i — | [  INIT   ]   standard_improvement_time_limit= 360.0
16:08:55 | i — | [  INIT   ] ── pool ────────────────────────────────────
16:08:55 | i — | [  INIT   ]   max_pool_size               = 10000
16:08:55 | i — | [  INIT   ]   pool_diversity_weight       = 0.5
16:08:55 | i — | [  INIT   ] ── haos ────────────────────────────────────
16:08:55 | i — | [  INIT   ]   haos_decay                  = 0.95
16:08:55 | i — | [  INIT   ]   haos_warmup                 = 10
16:08:55 | i — | [  INIT   ]   haos_starting_weight        = 10.0
16:08:55 | i — | [  INIT   ]   haos_min_weight_k           = 0.025
16:08:55 | i — | [  INIT   ]   haos_min_weight_lambda      = 0.05
16:08:55 | i — | [  INIT   ]   haos_min_weight_paradigm    = 0.1
16:08:55 | i — | [  INIT   ]   haos_min_weight_vertex_method= 0.05
16:08:55 | i — | [  INIT   ]   haos_min_weight_route_method= 0.05
16:08:55 | i — | [  INIT   ]   haos_min_weight_solver      = 0.05
16:08:55 | i — | [  INIT   ]   haos_lambda_demand_values   = [0.0, 0.2, 0.4, 0.6, 0.8, 1.0]
16:08:55 | i — | [  INIT   ]   haos_paradigm_values        = ['vertex', 'route']
16:08:55 | i — | [  INIT   ]   haos_vertex_method_values   = ['kmeans', 'agglomerative_avg', 'agglomerative_complete', 'kmedoids', 'fcm']
16:08:55 | i — | [  INIT   ]   haos_route_method_values    = ['kmeans', 'agglomerative_avg', 'agglomerative_complete']
16:08:55 | i — | [  INIT   ]   haos_solver_values          = ['pyvrp', 'filo', 'filo2', 'ails2']
16:08:55 | i — | [  INIT   ] ── haos_rewards ────────────────────────────
16:08:55 | i — | [  INIT   ]   haos_reward_new_best        = 10.0
16:08:55 | i — | [  INIT   ]   haos_reward_improvement     = 4.0
16:08:55 | i — | [  INIT   ]   haos_reward_no_improvement  = 1.0
16:08:55 | i — | [  INIT   ]   haos_reward_no_solution     = 0.0
16:08:55 | i — | [  INIT   ]   haos_deferred_new_best      = 7.0
16:08:55 | i — | [  INIT   ]   haos_deferred_improvement   = 3.0
16:08:55 | i — | [  INIT   ]   haos_deferred_no_improvement= 0.0
16:08:55 | i — | [  INIT   ] ── seed ────────────────────────────────────
16:08:55 | i — | [  INIT   ]   seed                        = 10
16:08:55 | i — | [  INIT   ] ── output ──────────────────────────────────
16:08:55 | i — | [  INIT   ]   output_dir                  = /app/artifacts/final_benchmark/runs/X-n2867-k120/seed10
16:08:55 | i — | [  INIT   ]   run_analysis                = False
16:08:55 | i — | [  INIT   ] ══════════════════════════════════════════════════════
16:08:55 | i — | [  INIT   ] BKS=165916.00
16:08:55 | i — | [  INIT   ] ════════════════════════════════════════
16:08:56 | i 1 | [HAOS ROLL] k=6  λ=0.6  vb  kmeans  filo  P≈0.000595
16:08:59 | i 1 | [Phase 1/3] decompose  3.88s / — / —  λ=0.6  vb kmeans
16:09:34 | i 1 | [Phase 2/3] route  34.53s / 34.14s / 101.1%  filo  k=6
16:09:34 | i 1 | [ IMPROVE ] 169188.00  via decompose_route  ·  Δ_BKS=+1.97%
16:09:34 | i 1 | [HAOS ROLL] k=6  λ=0.6  vb  kmeans  filo  P≈0.000595
16:09:34 | i 1 | [ Summary ] cost=169188.00  Δ_S*=+0.00%  Δ_BKS=+1.97%  Δ_S*_BKS=+1.97%  no_improve=0
16:09:34 | i 2 | [HAOS ROLL] k=3  λ=0.4  vb  ac_complete  ails2  P≈0.000595
16:09:35 | i 2 | [Phase 1/3] decompose  0.87s / — / —  λ=0.4  vb ac_complete
16:11:05 | i 2 | [Phase 2/3] route  90.06s / 88.98s / 101.2%  ails2  k=3
16:11:05 | i 1 | [ IMPROVE ] 166994.00  via bg_ails  ·  Δ_BKS=+0.65%
16:11:05 | i 1 | [ ASYNC BG] bg_ails  64.45s / 60.00s / 107.4%
16:11:05 | i 2 | [HAOS ROLL] k=3  λ=0.4  vb  ac_complete  ails2  P≈0.000595
16:11:05 | i 2 | [ Summary ] cost=167368.00  Δ_S*=+0.22%  Δ_BKS=+0.88%  Δ_S*_BKS=+0.65%  no_improve=1
16:11:05 | i 3 | [HAOS ROLL] k=2  λ=0.0  vb  ac_complete  filo  P≈0.000595
16:11:06 | i 3 | [Phase 1/3] decompose  0.73s / — / —  λ=0.0  vb ac_complete
16:12:34 | i 3 | [Phase 2/3] route  88.18s / 88.44s / 99.7%  filo  k=2
16:12:35 | i 2 | [ IMPROVE ] 166616.00  via bg_ails  ·  Δ_BKS=+0.42%
16:12:35 | i 2 | [ ASYNC BG] bg_ails  90.45s / 86.84s / 104.2%
16:12:35 | i 3 | [HAOS ROLL] k=2  λ=0.0  vb  ac_complete  filo  P≈0.000595
16:12:35 | i 3 | [ Summary ] cost=167137.00  Δ_S*=+0.31%  Δ_BKS=+0.74%  Δ_S*_BKS=+0.42%  no_improve=1
16:12:35 | i 4 | [HAOS ROLL] k=12  λ=0.6  vb  ac_avg  filo2  P≈0.000595
16:12:36 | i 4 | [Phase 1/3] decompose  0.87s / — / —  λ=0.6  vb ac_avg
16:13:26 | i 4 | [Phase 2/3] route  50.10s / 50.34s / 99.5%  filo2  k=12
16:14:06 | i 3 | [ IMPROVE ] 166606.00  via bg_ails  ·  Δ_BKS=+0.42%
16:14:06 | i 3 | [ ASYNC BG] bg_ails  90.27s / 86.32s / 104.6%
16:14:06 | i 4 | [HAOS ROLL] k=12  λ=0.6  vb  ac_avg  filo2  P≈0.000595
16:14:06 | i 4 | [ Summary ] cost=175541.00  Δ_S*=+5.36%  Δ_BKS=+5.80%  Δ_S*_BKS=+0.42%  no_improve=1
16:14:06 | i 5 | [HAOS ROLL] k=4  λ=0.6  rb  kmeans  ails2  P≈0.000992
16:14:06 | i 5 | [Phase 1/3] decompose  0.63s / — / —  λ=0.6  rb kmeans
16:14:58 | i 5 | [Phase 2/3] route  51.66s / 50.22s / 102.9%  ails2  k=4
16:15:20 | i 4 | [ ASYNC BG] bg_ails  74.48s / 70.30s / 105.9%
16:15:20 | i 5 | [ IMPROVE ] 166427.00  via decompose_route  ·  Δ_BKS=+0.31%
16:15:20 | i 5 | [HAOS ROLL] k=4  λ=0.6  rb  kmeans  ails2  P≈0.000992
16:15:20 | i 5 | [ Summary ] cost=166427.00  Δ_S*=+0.00%  Δ_BKS=+0.31%  Δ_S*_BKS=+0.31%  no_improve=0
16:15:20 | i 6 | [HAOS ROLL] k=8  λ=0.6  rb  ac_complete  ails2  P≈0.000992
16:15:21 | i 6 | [Phase 1/3] decompose  0.63s / — / —  λ=0.6  rb ac_complete
16:16:00 | i 6 | [Phase 2/3] route  38.74s / 37.56s / 103.1%  ails2  k=8
16:16:26 | i 5 | [ ASYNC BG] bg_ails  66.03s / 60.00s / 110.0%
16:16:26 | i 6 | [HAOS ROLL] k=8  λ=0.6  rb  ac_complete  ails2  P≈0.000992
16:16:26 | i 6 | [ Summary ] cost=166522.00  Δ_S*=+0.06%  Δ_BKS=+0.37%  Δ_S*_BKS=+0.31%  no_improve=2
16:16:26 | i 7 | [HAOS ROLL] k=12  λ=0.4  vb  kmeans  pyvrp  P≈0.000595
16:16:27 | i 7 | [Phase 1/3] decompose  0.63s / — / —  λ=0.4  vb kmeans
16:16:59 | i 7 | [Phase 2/3] route  32.50s / 27.00s / 120.4%  pyvrp  k=12
16:17:33 | i 6 | [ ASYNC BG] bg_ails  66.59s / 60.00s / 111.0%
16:17:33 | i 7 | [HAOS ROLL] k=12  λ=0.4  vb  kmeans  pyvrp  P≈0.000595
16:17:33 | i 7 | [ Summary ] cost=172677.00  Δ_S*=+3.76%  Δ_BKS=+4.07%  Δ_S*_BKS=+0.31%  no_improve=4
16:17:33 | i 8 | [HAOS ROLL] k=3  λ=1.0  vb  ac_avg  pyvrp  P≈0.000595
16:17:34 | i 8 | [Phase 1/3] decompose  0.86s / — / —  λ=1.0  vb ac_avg
16:19:07 | i 8 | [Phase 2/3] route  93.30s / 87.48s / 106.7%  pyvrp  k=3
16:19:07 | i 7 | [ ASYNC BG] bg_ails  66.60s / 60.00s / 111.0%
16:19:07 | i 8 | [HAOS ROLL] k=3  λ=1.0  vb  ac_avg  pyvrp  P≈0.000595
16:19:07 | i 8 | [ Summary ] cost=169623.00  Δ_S*=+1.92%  Δ_BKS=+2.23%  Δ_S*_BKS=+0.31%  no_improve=6
16:19:07 | i 9 | [HAOS ROLL] k=4  λ=1.0  vb  kmeans  filo  P≈0.000595
16:19:08 | i 9 | [Phase 1/3] decompose  0.57s / — / —  λ=1.0  vb kmeans
16:20:35 | i 9 | [Phase 2/3] route  87.19s / 87.48s / 99.7%  filo  k=4
16:20:37 | i 8 | [ ASYNC BG] bg_ails  89.56s / 85.38s / 104.9%
16:20:37 | i 9 | [HAOS ROLL] k=4  λ=1.0  vb  kmeans  filo  P≈0.000595
16:20:37 | i 9 | [ Summary ] cost=168673.00  Δ_S*=+1.35%  Δ_BKS=+1.66%  Δ_S*_BKS=+0.31%  no_improve=8
16:20:37 | i 10 | [HAOS ROLL] k=12  λ=1.0  rb  kmeans  ails2  P≈0.000992
16:20:37 | i 10 | [Phase 1/3] decompose  0.63s / — / —  λ=1.0  rb kmeans
16:21:16 | i 10 | [Phase 2/3] route  38.74s / 27.60s / 140.4%  ails2  k=12
16:22:06 | i 9 | [ ASYNC BG] bg_ails  89.56s / 85.38s / 104.9%
16:22:06 | i 10 | [ IMPROVE ] 166420.00  via decompose_route  ·  Δ_BKS=+0.30%
16:22:06 | i 10 | [HAOS ROLL] k=12  λ=1.0  rb  kmeans  ails2  P≈0.000992
16:22:06 | i 10 | [ Summary ] cost=166420.00  Δ_S*=+0.00%  Δ_BKS=+0.30%  Δ_S*_BKS=+0.30%  no_improve=0
16:22:06 | i 11 | [HAOS ROLL] k=6  λ=1.0  vb  ac_complete  filo  P≈0.000595
16:22:07 | i 11 | [Phase 1/3] decompose  0.88s / — / —  λ=1.0  vb ac_complete
16:23:01 | i 11 | [Phase 2/3] route  54.14s / 54.48s / 99.4%  filo  k=6
16:23:11 | i 10 | [ ASYNC BG] bg_ails  64.48s / 60.00s / 107.5%
16:23:11 | i 11 | [HAOS ROLL] k=6  λ=1.0  vb  ac_complete  filo  P≈0.000595
16:23:11 | i 11 | [ Summary ] cost=170954.00  Δ_S*=+2.72%  Δ_BKS=+3.04%  Δ_S*_BKS=+0.30%  no_improve=2
16:23:11 | i 6 | [ASYNC 1/2] sp_sc  0.51s / 720.00s / 0.1%  SP  avg_coverage=10.67/5  pool=1291
16:23:11 | i 6 | [ASYNC 2/2] standard_ails  363.84s / 360.00s / 101.1%
16:23:13 | i 6 | [ IMPROVE ] 166227.00  via standard_ails  ·  Δ_BKS=+0.19%
16:23:13 | i 12 | [HAOS ROLL] k=2  λ=0.6  rb  kmeans  pyvrp  P≈0.000946
16:23:14 | i 12 | [Phase 1/3] decompose  0.59s / — / —  λ=0.6  rb kmeans
16:24:49 | i 12 | [Phase 2/3] route  95.20s / 89.04s / 106.9%  pyvrp  k=2
16:24:49 | i 11 | [ ASYNC BG] bg_ails  64.46s / 60.00s / 107.4%
16:24:49 | i 12 | [HAOS ROLL] k=2  λ=0.6  rb  kmeans  pyvrp  P≈0.000946
16:24:49 | i 12 | [ Summary ] cost=169492.00  Δ_S*=+1.96%  Δ_BKS=+2.16%  Δ_S*_BKS=+0.19%  no_improve=2
16:24:49 | i 13 | [HAOS ROLL] k=6  λ=0.6  vb  ac_complete  ails2  P≈0.002558
16:24:50 | i 13 | [Phase 1/3] decompose  0.85s / — / —  λ=0.6  vb ac_complete
16:26:01 | i 13 | [Phase 2/3] route  70.67s / 68.94s / 102.5%  ails2  k=6
16:26:20 | i 12 | [ ASYNC BG] bg_ails  90.56s / 86.90s / 104.2%
16:26:20 | i 13 | [HAOS ROLL] k=6  λ=0.6  vb  ac_complete  ails2  P≈0.002558
16:26:20 | i 13 | [ Summary ] cost=169825.00  Δ_S*=+2.16%  Δ_BKS=+2.36%  Δ_S*_BKS=+0.19%  no_improve=4
16:26:20 | i 14 | [HAOS ROLL] k=4  λ=0.2  rb  ac_complete  ails2  P≈0.001320
16:26:20 | i 14 | [Phase 1/3] decompose  0.62s / — / —  λ=0.2  rb ac_complete
16:27:20 | i 14 | [Phase 2/3] route  59.86s / 58.74s / 101.9%  ails2  k=4
16:27:33 | i 13 | [ ASYNC BG] bg_ails  73.35s / 67.29s / 109.0%
16:27:33 | i 14 | [HAOS ROLL] k=4  λ=0.2  rb  ac_complete  ails2  P≈0.001320
16:27:33 | i 14 | [ Summary ] cost=166315.00  Δ_S*=+0.05%  Δ_BKS=+0.24%  Δ_S*_BKS=+0.19%  no_improve=6
16:27:33 | i 15 | [HAOS ROLL] k=3  λ=0.2  rb  ac_complete  ails2  P≈0.001992
16:27:34 | i 15 | [Phase 1/3] decompose  0.60s / — / —  λ=0.2  rb ac_complete
16:29:05 | i 15 | [Phase 2/3] route  91.08s / 89.04s / 102.3%  ails2  k=3
16:29:05 | i 14 | [ ASYNC BG] bg_ails  66.32s / 60.00s / 110.5%
16:29:05 | i 15 | [HAOS ROLL] k=3  λ=0.2  rb  ac_complete  ails2  P≈0.001992
16:29:05 | i 15 | [ Summary ] cost=166319.00  Δ_S*=+0.06%  Δ_BKS=+0.24%  Δ_S*_BKS=+0.19%  no_improve=8
16:29:05 | i 16 | [HAOS ROLL] k=4  λ=0.6  vb  kmeans  ails2  P≈0.002149
16:29:05 | i 16 | [Phase 1/3] decompose  0.58s / — / —  λ=0.6  vb kmeans
16:29:58 | i 16 | [Phase 2/3] route  53.07s / 51.18s / 103.7%  ails2  k=4
16:30:35 | i 15 | [ ASYNC BG] bg_ails  90.52s / 86.90s / 104.2%
16:30:35 | i 16 | [HAOS ROLL] k=4  λ=0.6  vb  kmeans  ails2  P≈0.002149
16:30:35 | i 16 | [ Summary ] cost=167998.00  Δ_S*=+1.07%  Δ_BKS=+1.25%  Δ_S*_BKS=+0.19%  no_improve=10
16:30:35 | i 17 | [HAOS ROLL] k=2  λ=0.4  rb  kmeans  pyvrp  P≈0.000768
16:30:36 | i 17 | [Phase 1/3] decompose  0.60s / — / —  λ=0.4  rb kmeans
16:32:11 | i 17 | [Phase 2/3] route  95.05s / 89.04s / 106.7%  pyvrp  k=2
16:32:11 | i 16 | [ ASYNC BG] bg_ails  66.64s / 60.00s / 111.1%
16:32:11 | i 17 | [HAOS ROLL] k=2  λ=0.4  rb  kmeans  pyvrp  P≈0.000768
16:32:11 | i 17 | [ Summary ] cost=169204.00  Δ_S*=+1.79%  Δ_BKS=+1.98%  Δ_S*_BKS=+0.19%  no_improve=12
16:32:11 | i 18 | [HAOS ROLL] k=4  λ=0.8  rb  ac_complete  ails2  P≈0.003117
16:32:12 | i 18 | [Phase 1/3] decompose  0.68s / — / —  λ=0.8  rb ac_complete
16:33:12 | i 18 | [Phase 2/3] route  59.78s / 58.74s / 101.8%  ails2  k=4
16:33:42 | i 17 | [ ASYNC BG] bg_ails  90.54s / 86.90s / 104.2%
16:33:42 | i 18 | [HAOS ROLL] k=4  λ=0.8  rb  ac_complete  ails2  P≈0.003117
16:33:42 | i 18 | [ Summary ] cost=166293.00  Δ_S*=+0.04%  Δ_BKS=+0.23%  Δ_S*_BKS=+0.19%  no_improve=14
16:33:42 | i 19 | [HAOS ROLL] k=12  λ=0.6  rb  ac_complete  filo  P≈0.001191
16:33:42 | i 19 | [Phase 1/3] decompose  0.60s / — / —  λ=0.6  rb ac_complete
16:34:22 | i 19 | [Phase 2/3] route  40.09s / 30.30s / 132.3%  filo  k=12
16:34:48 | i 18 | [ ASYNC BG] bg_ails  66.33s / 60.00s / 110.5%
16:34:48 | i 19 | [HAOS ROLL] k=12  λ=0.6  rb  ac_complete  filo  P≈0.001191
16:34:48 | i 19 | [ Summary ] cost=167625.00  Δ_S*=+0.84%  Δ_BKS=+1.03%  Δ_S*_BKS=+0.19%  no_improve=16
16:34:48 | i 20 | [HAOS ROLL] k=12  λ=1.0  rb  ac_complete  filo  P≈0.000503
16:34:49 | i 20 | [Phase 1/3] decompose  0.60s / — / —  λ=1.0  rb ac_complete
16:35:29 | i 20 | [Phase 2/3] route  40.10s / 30.30s / 132.3%  filo  k=12
16:35:52 | i 19 | [ ASYNC BG] bg_ails  64.48s / 60.00s / 107.5%
16:35:52 | i 20 | [HAOS ROLL] k=12  λ=1.0  rb  ac_complete  filo  P≈0.000503
16:35:52 | i 20 | [ Summary ] cost=167646.00  Δ_S*=+0.85%  Δ_BKS=+1.04%  Δ_S*_BKS=+0.19%  no_improve=18
16:35:52 | i 21 | [HAOS ROLL] k=2  λ=0.6  rb  kmeans  filo  P≈0.002324
16:35:53 | i 21 | [Phase 1/3] decompose  0.60s / — / —  λ=0.6  rb kmeans
16:37:22 | i 21 | [Phase 2/3] route  89.19s / 89.04s / 100.2%  filo  k=2
16:37:22 | i 20 | [ ASYNC BG] bg_ails  64.56s / 60.00s / 107.6%
16:37:22 | i 21 | [HAOS ROLL] k=2  λ=0.6  rb  kmeans  filo  P≈0.002324
16:37:22 | i 21 | [ Summary ] cost=167368.00  Δ_S*=+0.69%  Δ_BKS=+0.88%  Δ_S*_BKS=+0.19%  no_improve=20
16:37:22 | i 22 | [HAOS ROLL] k=12  λ=0.8  rb  kmeans  ails2  P≈0.002460
16:37:23 | i 22 | [Phase 1/3] decompose  0.60s / — / —  λ=0.8  rb kmeans
16:37:57 | i 22 | [Phase 2/3] route  33.94s / 28.92s / 117.3%  ails2  k=12
16:38:53 | i 21 | [ ASYNC BG] bg_ails  90.53s / 86.90s / 104.2%
16:38:53 | i 22 | [HAOS ROLL] k=12  λ=0.8  rb  kmeans  ails2  P≈0.002460
16:38:53 | i 22 | [ Summary ] cost=166256.00  Δ_S*=+0.02%  Δ_BKS=+0.20%  Δ_S*_BKS=+0.19%  no_improve=22
16:38:53 | i 23 | [HAOS ROLL] k=12  λ=0.2  rb  ac_complete  ails2  P≈0.003861
16:38:54 | i 23 | [Phase 1/3] decompose  0.60s / — / —  λ=0.2  rb ac_complete
16:39:36 | i 23 | [Phase 2/3] route  42.02s / 30.30s / 138.7%  ails2  k=12
16:39:57 | i 22 | [ ASYNC BG] bg_ails  64.56s / 60.00s / 107.6%
16:39:57 | i 23 | [ IMPROVE ] 166212.00  via decompose_route  ·  Δ_BKS=+0.18%
16:39:57 | i 23 | [HAOS ROLL] k=12  λ=0.2  rb  ac_complete  ails2  P≈0.003861
16:39:57 | i 23 | [ Summary ] cost=166212.00  Δ_S*=+0.00%  Δ_BKS=+0.18%  Δ_S*_BKS=+0.18%  no_improve=0
16:39:57 | i 24 | [HAOS ROLL] k=3  λ=0.6  rb  kmeans  filo2  P≈0.000704
16:39:58 | i 24 | [Phase 1/3] decompose  0.61s / — / —  λ=0.6  rb kmeans
16:41:27 | i 24 | [Phase 2/3] route  89.19s / 89.04s / 100.2%  filo2  k=3
16:41:27 | i 23 | [ ASYNC BG] bg_ails  64.51s / 60.00s / 107.5%
16:41:27 | i 24 | [HAOS ROLL] k=3  λ=0.6  rb  kmeans  filo2  P≈0.000704
16:41:27 | i 24 | [ Summary ] cost=167124.00  Δ_S*=+0.55%  Δ_BKS=+0.73%  Δ_S*_BKS=+0.18%  no_improve=2
16:41:27 | i 25 | [HAOS ROLL] k=12  λ=0.2  rb  ac_complete  ails2  P≈0.011484
16:41:28 | i 25 | [Phase 1/3] decompose  0.58s / — / —  λ=0.2  rb ac_complete
16:42:06 | i 25 | [Phase 2/3] route  38.39s / 30.42s / 126.2%  ails2  k=12
16:42:58 | i 24 | [ ASYNC BG] bg_ails  90.52s / 86.90s / 104.2%
16:42:58 | i 25 | [HAOS ROLL] k=12  λ=0.2  rb  ac_complete  ails2  P≈0.011484
16:42:58 | i 25 | [ Summary ] cost=166220.00  Δ_S*=+0.00%  Δ_BKS=+0.18%  Δ_S*_BKS=+0.18%  no_improve=4
16:42:58 | i 26 | [HAOS ROLL] k=12  λ=0.4  vb  ac_complete  ails2  P≈0.000981
16:42:59 | i 26 | [Phase 1/3] decompose  0.82s / — / —  λ=0.4  vb ac_complete
16:43:43 | i 26 | [Phase 2/3] route  43.99s / 37.56s / 117.1%  ails2  k=12
16:44:04 | i 25 | [ ASYNC BG] bg_ails  66.52s / 60.00s / 110.9%
16:44:04 | i 26 | [HAOS ROLL] k=12  λ=0.4  vb  ac_complete  ails2  P≈0.000981
16:44:04 | i 26 | [ Summary ] cost=172953.00  Δ_S*=+4.06%  Δ_BKS=+4.24%  Δ_S*_BKS=+0.18%  no_improve=6
16:44:04 | i 27 | [HAOS ROLL] k=4  λ=0.6  rb  ac_complete  filo  P≈0.004576
16:44:05 | i 27 | [Phase 1/3] decompose  0.60s / — / —  λ=0.6  rb ac_complete
16:44:55 | i 27 | [Phase 2/3] route  50.10s / 49.74s / 100.7%  filo  k=4
16:45:10 | i 26 | [ ASYNC BG] bg_ails  65.60s / 61.46s / 106.7%
16:45:10 | i 27 | [HAOS ROLL] k=4  λ=0.6  rb  ac_complete  filo  P≈0.004576
16:45:10 | i 27 | [ Summary ] cost=168368.00  Δ_S*=+1.30%  Δ_BKS=+1.48%  Δ_S*_BKS=+0.18%  no_improve=8
16:45:10 | i 21 | [ASYNC 1/2] sp_sc  62.01s / 720.00s / 8.6%  SP  avg_coverage=35.19/5  pool=4252
16:45:10 | i 21 | [ASYNC 2/2] standard_ails  363.87s / 360.00s / 101.1%
16:45:24 | i 21 | [ IMPROVE ] 166207.00  via standard_ails  ·  Δ_BKS=+0.18%
16:45:24 | i 28 | [HAOS ROLL] k=12  λ=0.6  rb  kmeans  ails2  P≈0.011917
16:45:24 | i 28 | [Phase 1/3] decompose  0.57s / — / —  λ=0.6  rb kmeans
16:46:04 | i 28 | [Phase 2/3] route  39.77s / 24.60s / 161.7%  ails2  k=12
16:46:16 | i 27 | [ ASYNC BG] bg_ails  66.43s / 60.00s / 110.7%
16:46:16 | i 28 | [HAOS ROLL] k=12  λ=0.6  rb  kmeans  ails2  P≈0.011917
16:46:17 | i 28 | [ Summary ] cost=166291.00  Δ_S*=+0.05%  Δ_BKS=+0.23%  Δ_S*_BKS=+0.18%  no_improve=2
16:46:17 | i 29 | [HAOS ROLL] k=12  λ=0.6  vb  kmedoids  filo  P≈0.000683
16:46:18 | i 29 | [Phase 1/3] decompose  1.13s / — / —  λ=0.6  vb kmedoids
16:46:50 | i 29 | [Phase 2/3] route  32.09s / 32.46s / 98.9%  filo  k=12
16:47:23 | i 28 | [ ASYNC BG] bg_ails  66.46s / 60.00s / 110.8%
16:47:23 | i 29 | [HAOS ROLL] k=12  λ=0.6  vb  kmedoids  filo  P≈0.000683
16:47:23 | i 29 | [ Summary ] cost=175446.00  Δ_S*=+5.56%  Δ_BKS=+5.74%  Δ_S*_BKS=+0.18%  no_improve=4
16:47:23 | i 30 | [HAOS ROLL] k=12  λ=0.6  rb  ac_complete  ails2  P≈0.019192
16:47:24 | i 30 | [Phase 1/3] decompose  0.60s / — / —  λ=0.6  rb ac_complete
16:48:07 | i 30 | [Phase 2/3] route  42.93s / 34.44s / 124.6%  ails2  k=12
16:48:28 | i 29 | [ ASYNC BG] bg_ails  64.62s / 60.00s / 107.7%
16:48:28 | i 30 | [HAOS ROLL] k=12  λ=0.6  rb  ac_complete  ails2  P≈0.019192
16:48:28 | i 30 | [ Summary ] cost=166226.00  Δ_S*=+0.01%  Δ_BKS=+0.19%  Δ_S*_BKS=+0.18%  no_improve=6
16:48:28 | i 31 | [HAOS ROLL] k=4  λ=0.6  rb  kmeans  filo  P≈0.004465
16:48:28 | i 31 | [Phase 1/3] decompose  0.60s / — / —  λ=0.6  rb kmeans
16:49:18 | i 31 | [Phase 2/3] route  50.12s / 50.16s / 99.9%  filo  k=4
16:49:32 | i 30 | [ ASYNC BG] bg_ails  64.71s / 60.00s / 107.8%
16:49:32 | i 31 | [HAOS ROLL] k=4  λ=0.6  rb  kmeans  filo  P≈0.004465
16:49:32 | i 31 | [ Summary ] cost=167936.00  Δ_S*=+1.04%  Δ_BKS=+1.22%  Δ_S*_BKS=+0.18%  no_improve=8
16:49:32 | i 32 | [HAOS ROLL] k=6  λ=0.0  rb  ac_complete  filo  P≈0.000436
16:49:33 | i 32 | [Phase 1/3] decompose  0.47s / — / —  λ=0.0  rb ac_complete
16:50:18 | i 32 | [Phase 2/3] route  45.16s / 45.48s / 99.3%  filo  k=6
16:50:39 | i 31 | [ ASYNC BG] bg_ails  66.54s / 60.00s / 110.9%
16:50:39 | i 32 | [HAOS ROLL] k=6  λ=0.0  rb  ac_complete  filo  P≈0.000436
16:50:39 | i 32 | [ Summary ] cost=167443.00  Δ_S*=+0.74%  Δ_BKS=+0.92%  Δ_S*_BKS=+0.18%  no_improve=10
16:50:39 | i 33 | [HAOS ROLL] k=12  λ=0.2  vb  ac_avg  ails2  P≈0.001796
16:50:40 | i 33 | [Phase 1/3] decompose  0.82s / — / —  λ=0.2  vb ac_avg
16:51:32 | i 33 | [Phase 2/3] route  52.10s / 50.34s / 103.5%  ails2  k=12
16:51:45 | i 32 | [ ASYNC BG] bg_ails  66.13s / 60.00s / 110.2%
16:51:45 | i 33 | [HAOS ROLL] k=12  λ=0.2  vb  ac_avg  ails2  P≈0.001796
16:51:45 | i 33 | [ Summary ] cost=175458.00  Δ_S*=+5.57%  Δ_BKS=+5.75%  Δ_S*_BKS=+0.18%  no_improve=12
16:51:45 | i 34 | [HAOS ROLL] k=4  λ=0.8  rb  ac_avg  filo  P≈0.000612
16:51:46 | i 34 | [Phase 1/3] decompose  0.60s / — / —  λ=0.8  rb ac_avg
16:52:36 | i 34 | [Phase 2/3] route  50.09s / 49.68s / 100.8%  filo  k=4
16:52:59 | i 33 | [ ASYNC BG] bg_ails  74.42s / 70.30s / 105.9%
16:52:59 | i 34 | [HAOS ROLL] k=4  λ=0.8  rb  ac_avg  filo  P≈0.000612
16:53:00 | i 34 | [ Summary ] cost=167955.00  Δ_S*=+1.05%  Δ_BKS=+1.23%  Δ_S*_BKS=+0.18%  no_improve=14
16:53:00 | i 35 | [HAOS ROLL] k=12  λ=0.6  rb  kmeans  ails2  P≈0.011626
16:53:00 | i 35 | [Phase 1/3] decompose  0.60s / — / —  λ=0.6  rb kmeans
16:53:37 | i 35 | [Phase 2/3] route  36.81s / 33.18s / 110.9%  ails2  k=12
16:54:06 | i 34 | [ ASYNC BG] bg_ails  66.46s / 60.00s / 110.8%
16:54:06 | i 35 | [HAOS ROLL] k=12  λ=0.6  rb  kmeans  ails2  P≈0.011626
16:54:06 | i 35 | [ Summary ] cost=166251.00  Δ_S*=+0.03%  Δ_BKS=+0.20%  Δ_S*_BKS=+0.18%  no_improve=16
16:54:06 | i 36 | [HAOS ROLL] k=12  λ=1.0  vb  kmedoids  filo  P≈0.000502
16:54:07 | i 36 | [Phase 1/3] decompose  0.91s / — / —  λ=1.0  vb kmedoids
16:54:40 | i 36 | [Phase 2/3] route  33.09s / 32.88s / 100.7%  filo  k=12
16:55:12 | i 35 | [ ASYNC BG] bg_ails  66.31s / 60.00s / 110.5%
16:55:12 | i 36 | [HAOS ROLL] k=12  λ=1.0  vb  kmedoids  filo  P≈0.000502
16:55:12 | i 36 | [ Summary ] cost=175210.00  Δ_S*=+5.42%  Δ_BKS=+5.60%  Δ_S*_BKS=+0.18%  no_improve=18
16:55:12 | i 37 | [HAOS ROLL] k=4  λ=0.6  rb  ac_avg  ails2  P≈0.004844
16:55:13 | i 37 | [Phase 1/3] decompose  0.59s / — / —  λ=0.6  rb ac_avg
16:56:04 | i 37 | [Phase 2/3] route  51.05s / 49.68s / 102.8%  ails2  k=4
16:56:17 | i 36 | [ ASYNC BG] bg_ails  64.57s / 60.00s / 107.6%
16:56:17 | i 37 | [HAOS ROLL] k=4  λ=0.6  rb  ac_avg  ails2  P≈0.004844
16:56:17 | i 37 | [ Summary ] cost=166343.00  Δ_S*=+0.08%  Δ_BKS=+0.26%  Δ_S*_BKS=+0.18%  no_improve=20
16:56:17 | i 38 | [HAOS ROLL] k=4  λ=0.6  vb  fcm  filo  P≈0.001485
16:56:18 | i 38 | [Phase 1/3] decompose  0.64s / — / —  λ=0.6  vb fcm
16:57:09 | i 38 | [Phase 2/3] route  51.11s / 51.12s / 100.0%  filo  k=4
16:57:21 | i 37 | [ ASYNC BG] bg_ails  64.47s / 60.00s / 107.4%
16:57:21 | i 38 | [HAOS ROLL] k=4  λ=0.6  vb  fcm  filo  P≈0.001485
16:57:21 | i 38 | [ Summary ] cost=169196.00  Δ_S*=+1.80%  Δ_BKS=+1.98%  Δ_S*_BKS=+0.18%  no_improve=22
16:57:21 | i 39 | [HAOS ROLL] k=12  λ=0.2  rb  ac_complete  ails2  P≈0.010723
16:57:22 | i 39 | [Phase 1/3] decompose  0.59s / — / —  λ=0.2  rb ac_complete
16:58:05 | i 39 | [Phase 2/3] route  42.92s / 34.44s / 124.6%  ails2  k=12
16:58:28 | i 38 | [ ASYNC BG] bg_ails  66.50s / 60.00s / 110.8%
16:58:28 | i 39 | [HAOS ROLL] k=12  λ=0.2  rb  ac_complete  ails2  P≈0.010723
16:58:28 | i 39 | [ Summary ] cost=166243.00  Δ_S*=+0.02%  Δ_BKS=+0.20%  Δ_S*_BKS=+0.18%  no_improve=24
16:58:28 | i 40 | [HAOS ROLL] k=12  λ=0.4  rb  ac_complete  pyvrp  P≈0.000788
16:58:29 | i 40 | [Phase 1/3] decompose  0.60s / — / —  λ=0.4  rb ac_complete
16:59:09 | i 40 | [Phase 2/3] route  40.40s / 34.44s / 117.3%  pyvrp  k=12
16:59:32 | i 39 | [ ASYNC BG] bg_ails  64.52s / 60.00s / 107.5%
16:59:32 | i 40 | [HAOS ROLL] k=12  λ=0.4  rb  ac_complete  pyvrp  P≈0.000788
16:59:32 | i 40 | [ Summary ] cost=167256.00  Δ_S*=+0.63%  Δ_BKS=+0.81%  Δ_S*_BKS=+0.18%  no_improve=26
16:59:32 | i 41 | [HAOS ROLL] k=4  λ=0.6  rb  ac_avg  filo  P≈0.003772
16:59:33 | i 41 | [Phase 1/3] decompose  0.57s / — / —  λ=0.6  rb ac_avg
17:00:23 | i 41 | [Phase 2/3] route  50.10s / 49.68s / 100.9%  filo  k=4
17:00:37 | i 40 | [ ASYNC BG] bg_ails  64.54s / 60.00s / 107.6%
17:00:37 | i 41 | [HAOS ROLL] k=4  λ=0.6  rb  ac_avg  filo  P≈0.003772
17:00:37 | i 41 | [ Summary ] cost=168015.00  Δ_S*=+1.09%  Δ_BKS=+1.27%  Δ_S*_BKS=+0.18%  no_improve=28
17:00:37 | i 42 | [HAOS ROLL] k=8  λ=0.4  rb  ac_complete  ails2  P≈0.001625
17:00:38 | i 42 | [Phase 1/3] decompose  0.60s / — / —  λ=0.4  rb ac_complete
17:01:23 | i 42 | [Phase 2/3] route  45.01s / 39.84s / 113.0%  ails2  k=8
17:01:41 | i 41 | [ ASYNC BG] bg_ails  64.45s / 60.00s / 107.4%
17:01:41 | i 42 | [HAOS ROLL] k=8  λ=0.4  rb  ac_complete  ails2  P≈0.001625
17:01:41 | i 42 | [ Summary ] cost=166252.00  Δ_S*=+0.03%  Δ_BKS=+0.20%  Δ_S*_BKS=+0.18%  no_improve=30
17:01:41 | i 43 | [HAOS ROLL] k=2  λ=0.2  rb  ac_complete  filo  P≈0.001611
17:01:42 | i 43 | [Phase 1/3] decompose  0.60s / — / —  λ=0.2  rb ac_complete
17:03:11 | i 43 | [Phase 2/3] route  89.20s / 89.10s / 100.1%  filo  k=2
17:03:11 | i 42 | [ ASYNC BG] bg_ails  67.63s / 63.99s / 105.7%
17:03:11 | i 43 | [HAOS ROLL] k=2  λ=0.2  rb  ac_complete  filo  P≈0.001611
17:03:11 | i 43 | [ Summary ] cost=167338.00  Δ_S*=+0.68%  Δ_BKS=+0.86%  Δ_S*_BKS=+0.18%  no_improve=32
17:03:11 | i 44 | [HAOS ROLL] k=4  λ=0.6  rb  ac_complete  ails2  P≈0.019780
17:03:12 | i 44 | [Phase 1/3] decompose  0.57s / — / —  λ=0.6  rb ac_complete
17:04:11 | i 44 | [Phase 2/3] route  59.17s / 57.12s / 103.6%  ails2  k=4
17:04:42 | i 43 | [ ASYNC BG] bg_ails  90.65s / 86.96s / 104.2%
17:04:42 | i 44 | [HAOS ROLL] k=4  λ=0.6  rb  ac_complete  ails2  P≈0.019780
17:04:42 | i 44 | [ Summary ] cost=166343.00  Δ_S*=+0.08%  Δ_BKS=+0.26%  Δ_S*_BKS=+0.18%  no_improve=34
17:04:42 | i 45 | [HAOS ROLL] k=2  λ=0.6  rb  kmeans  filo  P≈0.001968
17:04:43 | i 45 | [Phase 1/3] decompose  0.61s / — / —  λ=0.6  rb kmeans
17:06:12 | i 45 | [Phase 2/3] route  89.20s / 89.10s / 100.1%  filo  k=2
17:06:12 | i 44 | [ ASYNC BG] bg_ails  64.48s / 60.00s / 107.5%
17:06:12 | i 45 | [HAOS ROLL] k=2  λ=0.6  rb  kmeans  filo  P≈0.001968
17:06:12 | i 45 | [ Summary ] cost=167354.00  Δ_S*=+0.69%  Δ_BKS=+0.87%  Δ_S*_BKS=+0.18%  no_improve=36
17:06:12 | i 46 | [HAOS ROLL] k=4  λ=0.6  rb  ac_complete  filo  P≈0.015701
17:06:13 | i 46 | [Phase 1/3] decompose  0.59s / — / —  λ=0.6  rb ac_complete
17:07:10 | i 46 | [Phase 2/3] route  57.11s / 57.12s / 100.0%  filo  k=4
17:07:42 | i 45 | [ ASYNC BG] bg_ails  90.59s / 86.96s / 104.2%
17:07:42 | i 46 | [HAOS ROLL] k=4  λ=0.6  rb  ac_complete  filo  P≈0.015701
17:07:43 | i 46 | [ Summary ] cost=168293.00  Δ_S*=+1.26%  Δ_BKS=+1.43%  Δ_S*_BKS=+0.18%  no_improve=38
17:07:43 | i 47 | [HAOS ROLL] k=12  λ=0.2  rb  ac_complete  pyvrp  P≈0.002037
17:07:43 | i 47 | [Phase 1/3] decompose  0.59s / — / —  λ=0.2  rb ac_complete
17:08:23 | i 47 | [Phase 2/3] route  40.22s / 34.44s / 116.8%  pyvrp  k=12
17:08:49 | i 46 | [ ASYNC BG] bg_ails  66.34s / 60.00s / 110.6%
17:08:49 | i 47 | [HAOS ROLL] k=12  λ=0.2  rb  ac_complete  pyvrp  P≈0.002037
17:08:49 | i 47 | [ Summary ] cost=167204.00  Δ_S*=+0.60%  Δ_BKS=+0.78%  Δ_S*_BKS=+0.18%  no_improve=40
17:08:49 | i 48 | [HAOS ROLL] k=3  λ=0.4  rb  ac_complete  pyvrp  P≈0.000471
17:08:50 | i 48 | [Phase 1/3] decompose  0.59s / — / —  λ=0.4  rb ac_complete
17:10:25 | i 48 | [Phase 2/3] route  95.47s / 89.10s / 107.2%  pyvrp  k=3
17:10:25 | i 47 | [ ASYNC BG] bg_ails  64.56s / 60.00s / 107.6%
17:10:25 | i 48 | [HAOS ROLL] k=3  λ=0.4  rb  ac_complete  pyvrp  P≈0.000471
17:10:25 | i 48 | [ Summary ] cost=168883.00  Δ_S*=+1.61%  Δ_BKS=+1.79%  Δ_S*_BKS=+0.18%  no_improve=42
17:10:25 | i 49 | [HAOS ROLL] k=6  λ=0.8  rb  ac_avg  filo  P≈0.000253
17:10:26 | i 49 | [Phase 1/3] decompose  0.58s / — / —  λ=0.8  rb ac_avg
17:11:15 | i 49 | [Phase 2/3] route  49.12s / 49.08s / 100.1%  filo  k=6
17:11:56 | i 48 | [ ASYNC BG] bg_ails  90.62s / 86.96s / 104.2%
17:11:56 | i 49 | [HAOS ROLL] k=6  λ=0.8  rb  ac_avg  filo  P≈0.000253
17:11:56 | i 49 | [ Summary ] cost=167863.00  Δ_S*=+1.00%  Δ_BKS=+1.17%  Δ_S*_BKS=+0.18%  no_improve=44
17:11:56 | i 50 | [HAOS ROLL] k=12  λ=0.4  rb  ac_complete  filo  P≈0.007087
17:11:56 | i 50 | [Phase 1/3] decompose  0.59s / — / —  λ=0.4  rb ac_complete
17:12:36 | i 50 | [Phase 2/3] route  39.10s / 34.44s / 113.5%  filo  k=12
17:13:02 | i 49 | [ ASYNC BG] bg_ails  66.42s / 60.00s / 110.7%
17:13:02 | i 50 | [HAOS ROLL] k=12  λ=0.4  rb  ac_complete  filo  P≈0.007087
17:13:02 | i 50 | [ Summary ] cost=169505.00  Δ_S*=+1.98%  Δ_BKS=+2.16%  Δ_S*_BKS=+0.18%  no_improve=46
17:13:02 | i 51 | [HAOS ROLL] k=3  λ=0.2  rb  ac_complete  filo  P≈0.004004
17:13:03 | i 51 | [Phase 1/3] decompose  0.59s / — / —  λ=0.2  rb ac_complete
17:14:32 | i 51 | [Phase 2/3] route  89.20s / 89.10s / 100.1%  filo  k=3
17:14:32 | i 50 | [ ASYNC BG] bg_ails  66.23s / 60.00s / 110.4%
17:14:32 | i 51 | [HAOS ROLL] k=3  λ=0.2  rb  ac_complete  filo  P≈0.004004
17:14:32 | i 51 | [ Summary ] cost=167694.00  Δ_S*=+0.89%  Δ_BKS=+1.07%  Δ_S*_BKS=+0.18%  no_improve=48
17:14:32 | i 52 | [HAOS ROLL] k=12  λ=0.6  rb  ac_complete  filo2  P≈0.004171
17:14:33 | i 52 | [Phase 1/3] decompose  0.57s / — / —  λ=0.6  rb ac_complete
17:15:12 | i 52 | [Phase 2/3] route  39.11s / 34.44s / 113.6%  filo2  k=12
17:16:03 | i 51 | [ ASYNC BG] bg_ails  90.58s / 86.96s / 104.2%
17:16:03 | i 52 | [HAOS ROLL] k=12  λ=0.6  rb  ac_complete  filo2  P≈0.004171
17:16:03 | i 52 | [ Summary ] cost=167745.00  Δ_S*=+0.93%  Δ_BKS=+1.10%  Δ_S*_BKS=+0.18%  no_improve=50
17:16:03 | i 39 | [ASYNC 1/2] sp_sc  660.53s / 720.00s / 91.7%  SP  avg_coverage=63.17/5  pool=7631
17:16:03 | i 39 | [ASYNC 2/2] standard_ails  365.60s / 360.00s / 101.6%
17:16:51 | i 39 | [ IMPROVE ] 166197.00  via standard_ails  ·  Δ_BKS=+0.17%
17:16:51 | i 53 | [HAOS ROLL] k=2  λ=1.0  rb  ac_complete  ails2  P≈0.001518
17:16:52 | i 53 | [Phase 1/3] decompose  0.56s / — / —  λ=1.0  rb ac_complete
17:18:23 | i 53 | [Phase 2/3] route  91.05s / 89.04s / 102.3%  ails2  k=2
17:18:23 | i 52 | [ ASYNC BG] bg_ails  66.33s / 60.00s / 110.6%
17:18:23 | i 53 | [HAOS ROLL] k=2  λ=1.0  rb  ac_complete  ails2  P≈0.001518
17:18:24 | i 53 | [ Summary ] cost=166341.00  Δ_S*=+0.09%  Δ_BKS=+0.26%  Δ_S*_BKS=+0.17%  no_improve=2
17:18:24 | i 54 | [HAOS ROLL] k=4  λ=1.0  rb  ac_complete  pyvrp  P≈0.002042
17:18:24 | i 54 | [Phase 1/3] decompose  0.57s / — / —  λ=1.0  rb ac_complete
17:19:16 | i 54 | [Phase 2/3] route  52.05s / 49.74s / 104.7%  pyvrp  k=4
17:19:54 | i 53 | [ ASYNC BG] bg_ails  90.56s / 86.90s / 104.2%
17:19:54 | i 54 | [HAOS ROLL] k=4  λ=1.0  rb  ac_complete  pyvrp  P≈0.002042
17:19:54 | i 54 | [ Summary ] cost=168593.00  Δ_S*=+1.44%  Δ_BKS=+1.61%  Δ_S*_BKS=+0.17%  no_improve=4
17:19:54 | i 55 | [HAOS ROLL] k=4  λ=0.2  vb  ac_complete  ails2  P≈0.002264
17:19:55 | i 55 | [Phase 1/3] decompose  0.80s / — / —  λ=0.2  vb ac_complete
17:21:01 | i 55 | [Phase 2/3] route  65.35s / 63.96s / 102.2%  ails2  k=4
17:21:01 | i 54 | [ ASYNC BG] bg_ails  64.46s / 60.00s / 107.4%
17:21:01 | i 55 | [HAOS ROLL] k=4  λ=0.2  vb  ac_complete  ails2  P≈0.002264
17:21:01 | i 55 | [ Summary ] cost=167372.00  Δ_S*=+0.71%  Δ_BKS=+0.88%  Δ_S*_BKS=+0.17%  no_improve=6
17:21:01 | i 56 | [HAOS ROLL] k=4  λ=0.6  rb  kmeans  pyvrp  P≈0.000996
17:21:02 | i 56 | [Phase 1/3] decompose  0.57s / — / —  λ=0.6  rb kmeans
17:21:54 | i 56 | [Phase 2/3] route  52.08s / 49.74s / 104.7%  pyvrp  k=4
17:22:09 | i 55 | [ ASYNC BG] bg_ails  68.44s / 62.42s / 109.6%
17:22:09 | i 56 | [HAOS ROLL] k=4  λ=0.6  rb  kmeans  pyvrp  P≈0.000996
17:22:10 | i 56 | [ Summary ] cost=168876.00  Δ_S*=+1.61%  Δ_BKS=+1.78%  Δ_S*_BKS=+0.17%  no_improve=8
17:22:10 | i 57 | [HAOS ROLL] k=12  λ=0.0  vb  ac_complete  filo  P≈0.000915
17:22:10 | i 57 | [Phase 1/3] decompose  0.67s / — / —  λ=0.0  vb ac_complete
17:23:00 | i 57 | [Phase 2/3] route  50.12s / 45.24s / 110.8%  filo  k=12
17:23:15 | i 56 | [ ASYNC BG] bg_ails  66.41s / 60.00s / 110.7%
17:23:16 | i 57 | [HAOS ROLL] k=12  λ=0.0  vb  ac_complete  filo  P≈0.000915
17:23:16 | i 57 | [ Summary ] cost=173771.00  Δ_S*=+4.56%  Δ_BKS=+4.73%  Δ_S*_BKS=+0.17%  no_improve=10
17:23:16 | i 58 | [HAOS ROLL] k=3  λ=1.0  rb  ac_avg  filo  P≈0.000538
17:23:17 | i 58 | [Phase 1/3] decompose  0.58s / — / —  λ=1.0  rb ac_avg
17:24:46 | i 58 | [Phase 2/3] route  89.21s / 89.04s / 100.2%  filo  k=3
17:24:46 | i 57 | [ ASYNC BG] bg_ails  69.31s / 64.10s / 108.1%
17:24:46 | i 58 | [HAOS ROLL] k=3  λ=1.0  rb  ac_avg  filo  P≈0.000538
17:24:46 | i 58 | [ Summary ] cost=167853.00  Δ_S*=+1.00%  Δ_BKS=+1.17%  Δ_S*_BKS=+0.17%  no_improve=12
17:24:46 | i 59 | [HAOS ROLL] k=4  λ=1.0  rb  ac_complete  filo  P≈0.008591
17:24:47 | i 59 | [Phase 1/3] decompose  0.58s / — / —  λ=1.0  rb ac_complete
17:25:37 | i 59 | [Phase 2/3] route  50.11s / 49.74s / 100.7%  filo  k=4
17:26:16 | i 58 | [ ASYNC BG] bg_ails  90.59s / 86.90s / 104.2%
17:26:17 | i 59 | [HAOS ROLL] k=4  λ=1.0  rb  ac_complete  filo  P≈0.008591
17:26:17 | i 59 | [ Summary ] cost=168172.00  Δ_S*=+1.19%  Δ_BKS=+1.36%  Δ_S*_BKS=+0.17%  no_improve=14
17:26:17 | i 60 | [HAOS ROLL] k=3  λ=0.6  rb  ac_complete  pyvrp  P≈0.002566
17:26:18 | i 60 | [Phase 1/3] decompose  0.58s / — / —  λ=0.6  rb ac_complete
17:27:53 | i 60 | [Phase 2/3] route  95.73s / 89.04s / 107.5%  pyvrp  k=3
17:27:53 | i 59 | [ ASYNC BG] bg_ails  64.57s / 60.00s / 107.6%
17:27:54 | i 60 | [HAOS ROLL] k=3  λ=0.6  rb  ac_complete  pyvrp  P≈0.002566
17:27:54 | i 60 | [ Summary ] cost=168942.00  Δ_S*=+1.65%  Δ_BKS=+1.82%  Δ_S*_BKS=+0.17%  no_improve=16
17:27:54 | i 61 | [HAOS ROLL] k=12  λ=0.6  vb  ac_avg  filo2  P≈0.000208
17:27:55 | i 61 | [Phase 1/3] decompose  0.81s / — / —  λ=0.6  vb ac_avg
17:28:45 | i 61 | [Phase 2/3] route  50.14s / 50.34s / 99.6%  filo2  k=12
17:29:24 | i 60 | [ ASYNC BG] bg_ails  90.46s / 86.90s / 104.1%
17:29:24 | i 61 | [HAOS ROLL] k=12  λ=0.6  vb  ac_avg  filo2  P≈0.000208
17:29:24 | i 61 | [ Summary ] cost=175560.00  Δ_S*=+5.63%  Δ_BKS=+5.81%  Δ_S*_BKS=+0.17%  no_improve=18
17:29:24 | i 62 | [HAOS ROLL] k=12  λ=0.6  vb  ac_avg  filo  P≈0.001536
17:29:25 | i 62 | [Phase 1/3] decompose  0.83s / — / —  λ=0.6  vb ac_avg
17:30:15 | i 62 | [Phase 2/3] route  50.14s / 50.34s / 99.6%  filo  k=12
17:30:39 | i 61 | [ ASYNC BG] bg_ails  74.91s / 70.30s / 106.6%
17:30:39 | i 62 | [HAOS ROLL] k=12  λ=0.6  vb  ac_avg  filo  P≈0.001536
17:30:39 | i 62 | [ Summary ] cost=175567.00  Δ_S*=+5.64%  Δ_BKS=+5.82%  Δ_S*_BKS=+0.17%  no_improve=20
17:30:39 | i 63 | [HAOS ROLL] k=6  λ=0.6  vb  fcm  pyvrp  P≈0.000184
17:30:40 | i 63 | [Phase 1/3] decompose  0.68s / — / —  λ=0.6  vb fcm
17:31:14 | i 63 | [Phase 2/3] route  33.62s / 32.46s / 103.6%  pyvrp  k=6
17:31:55 | i 62 | [ ASYNC BG] bg_ails  76.53s / 70.30s / 108.9%
17:31:56 | i 63 | [HAOS ROLL] k=6  λ=0.6  vb  fcm  pyvrp  P≈0.000184
17:31:56 | i 63 | [ Summary ] cost=171115.00  Δ_S*=+2.96%  Δ_BKS=+3.13%  Δ_S*_BKS=+0.17%  no_improve=22
17:31:56 | i 64 | [HAOS ROLL] k=4  λ=0.6  rb  ac_complete  ails2  P≈0.014084
17:31:56 | i 64 | [Phase 1/3] decompose  0.58s / — / —  λ=0.6  rb ac_complete
17:32:47 | i 64 | [Phase 2/3] route  51.03s / 49.74s / 102.6%  ails2  k=4
17:33:00 | i 63 | [ ASYNC BG] bg_ails  64.51s / 60.00s / 107.5%
17:33:00 | i 64 | [HAOS ROLL] k=4  λ=0.6  rb  ac_complete  ails2  P≈0.014084
17:33:00 | i 64 | [ Summary ] cost=166268.00  Δ_S*=+0.04%  Δ_BKS=+0.21%  Δ_S*_BKS=+0.17%  no_improve=24
17:33:00 | i 65 | [HAOS ROLL] k=4  λ=0.4  vb  fcm  filo  P≈0.000575
17:33:01 | i 65 | [Phase 1/3] decompose  0.59s / — / —  λ=0.4  vb fcm
17:33:52 | i 65 | [Phase 2/3] route  51.12s / 51.12s / 100.0%  filo  k=4
17:34:04 | i 64 | [ ASYNC BG] bg_ails  64.52s / 60.00s / 107.5%
17:34:05 | i 65 | [HAOS ROLL] k=4  λ=0.4  vb  fcm  filo  P≈0.000575
17:34:05 | i 65 | [ Summary ] cost=169242.00  Δ_S*=+1.83%  Δ_BKS=+2.00%  Δ_S*_BKS=+0.17%  no_improve=26
17:34:05 | i 66 | [HAOS ROLL] k=6  λ=0.2  vb  kmeans  ails2  P≈0.000414
17:34:05 | i 66 | [Phase 1/3] decompose  0.58s / — / —  λ=0.2  vb kmeans
17:34:46 | i 66 | [Phase 2/3] route  40.61s / 39.12s / 103.8%  ails2  k=6
17:35:09 | i 65 | [ ASYNC BG] bg_ails  64.54s / 60.00s / 107.6%
17:35:09 | i 66 | [HAOS ROLL] k=6  λ=0.2  vb  kmeans  ails2  P≈0.000414
17:35:09 | i 66 | [ Summary ] cost=170864.00  Δ_S*=+2.81%  Δ_BKS=+2.98%  Δ_S*_BKS=+0.17%  no_improve=28
17:35:09 | i 67 | [HAOS ROLL] k=4  λ=1.0  vb  kmedoids  filo  P≈0.000987
17:35:10 | i 67 | [Phase 1/3] decompose  0.93s / — / —  λ=1.0  vb kmedoids
17:36:02 | i 67 | [Phase 2/3] route  51.13s / 51.24s / 99.8%  filo  k=4
17:36:13 | i 66 | [ ASYNC BG] bg_ails  64.50s / 60.00s / 107.5%
17:36:14 | i 67 | [HAOS ROLL] k=4  λ=1.0  vb  kmedoids  filo  P≈0.000987
17:36:14 | i 67 | [ Summary ] cost=169490.00  Δ_S*=+1.98%  Δ_BKS=+2.15%  Δ_S*_BKS=+0.17%  no_improve=30
17:36:14 | i 68 | [HAOS ROLL] k=12  λ=0.6  vb  kmeans  ails2  P≈0.002854
17:36:14 | i 68 | [Phase 1/3] decompose  0.58s / — / —  λ=0.6  vb kmeans
17:37:04 | i 68 | [Phase 2/3] route  49.42s / 25.38s / 194.7%  ails2  k=12
17:37:20 | i 67 | [ ASYNC BG] bg_ails  66.44s / 60.00s / 110.7%
17:37:20 | i 68 | [HAOS ROLL] k=12  λ=0.6  vb  kmeans  ails2  P≈0.002854
17:37:20 | i 68 | [ Summary ] cost=173366.00  Δ_S*=+4.31%  Δ_BKS=+4.49%  Δ_S*_BKS=+0.17%  no_improve=32
17:37:20 | i 69 | [HAOS ROLL] k=4  λ=0.6  vb  kmedoids  filo  P≈0.002901
17:37:21 | i 69 | [Phase 1/3] decompose  1.02s / — / —  λ=0.6  vb kmedoids
17:38:46 | i 69 | [Phase 2/3] route  84.20s / 84.00s / 100.2%  filo  k=4
17:38:46 | i 68 | [ ASYNC BG] bg_ails  66.42s / 60.00s / 110.7%
17:38:46 | i 69 | [HAOS ROLL] k=4  λ=0.6  vb  kmedoids  filo  P≈0.002901
17:38:46 | i 69 | [ Summary ] cost=169208.00  Δ_S*=+1.81%  Δ_BKS=+1.98%  Δ_S*_BKS=+0.17%  no_improve=34
17:38:46 | i 70 | [HAOS ROLL] k=10  λ=0.2  vb  kmeans  pyvrp  P≈0.000184
17:38:47 | i 70 | [Phase 1/3] decompose  0.58s / — / —  λ=0.2  vb kmeans
17:39:30 | i 70 | [Phase 2/3] route  43.59s / 27.18s / 160.4%  pyvrp  k=10
17:40:11 | i 69 | [ ASYNC BG] bg_ails  85.67s / 81.98s / 104.5%
17:40:12 | i 70 | [HAOS ROLL] k=10  λ=0.2  vb  kmeans  pyvrp  P≈0.000184
17:40:12 | i 70 | [ Summary ] cost=173000.00  Δ_S*=+4.09%  Δ_BKS=+4.27%  Δ_S*_BKS=+0.17%  no_improve=36
17:40:12 | i 54 | [ASYNC 1/2] sp_sc  768.50s / 720.00s / 106.7%  SP  avg_coverage=82.87/5  pool=10000
17:40:12 | i 54 | [ASYNC 2/2] standard_ails  365.74s / 360.00s / 101.6%
17:41:01 | i 71 | [HAOS ROLL] k=12  λ=0.2  vb  kmeans  ails2  P≈0.002039
17:41:01 | i 71 | [Phase 1/3] decompose  0.57s / — / —  λ=0.2  vb kmeans
17:41:39 | i 71 | [Phase 2/3] route  37.93s / 25.20s / 150.5%  ails2  k=12
17:41:39 | i 70 | [ ASYNC BG] bg_ails  66.60s / 60.00s / 111.0%
17:41:40 | i 71 | [HAOS ROLL] k=12  λ=0.2  vb  kmeans  ails2  P≈0.002039
17:41:40 | i 71 | [ Summary ] cost=171373.00  Δ_S*=+3.11%  Δ_BKS=+3.29%  Δ_S*_BKS=+0.17%  no_improve=39
17:41:40 | i 72 | [HAOS ROLL] k=10  λ=0.2  rb  ac_complete  pyvrp  P≈0.000755
17:41:40 | i 72 | [Phase 1/3] decompose  0.57s / — / —  λ=0.2  rb ac_complete
17:42:23 | i 72 | [Phase 2/3] route  43.11s / 41.40s / 104.1%  pyvrp  k=10
17:42:44 | i 71 | [ ASYNC BG] bg_ails  64.51s / 60.00s / 107.5%
17:42:44 | i 72 | [HAOS ROLL] k=10  λ=0.2  rb  ac_complete  pyvrp  P≈0.000755
17:42:44 | i 72 | [ Summary ] cost=167753.00  Δ_S*=+0.94%  Δ_BKS=+1.11%  Δ_S*_BKS=+0.17%  no_improve=41
17:42:44 | i 73 | [HAOS ROLL] k=6  λ=0.4  rb  ac_complete  pyvrp  P≈0.000654
17:42:45 | i 73 | [Phase 1/3] decompose  0.57s / — / —  λ=0.4  rb ac_complete
17:43:34 | i 73 | [Phase 2/3] route  49.37s / 47.28s / 104.4%  pyvrp  k=6
17:43:48 | i 72 | [ ASYNC BG] bg_ails  64.57s / 60.00s / 107.6%
17:43:49 | i 73 | [HAOS ROLL] k=6  λ=0.4  rb  ac_complete  pyvrp  P≈0.000654
17:43:49 | i 73 | [ Summary ] cost=168265.00  Δ_S*=+1.24%  Δ_BKS=+1.42%  Δ_S*_BKS=+0.17%  no_improve=43
17:43:49 | i 74 | [HAOS ROLL] k=4  λ=0.6  vb  kmedoids  pyvrp  P≈0.001532
17:43:50 | i 74 | [Phase 1/3] decompose  1.01s / — / —  λ=0.6  vb kmedoids
17:45:20 | i 74 | [Phase 2/3] route  90.03s / 84.00s / 107.2%  pyvrp  k=4
17:45:20 | i 73 | [ ASYNC BG] bg_ails  64.53s / 60.00s / 107.5%
17:45:20 | i 74 | [HAOS ROLL] k=4  λ=0.6  vb  kmedoids  pyvrp  P≈0.001532
17:45:20 | i 74 | [ Summary ] cost=169622.00  Δ_S*=+2.06%  Δ_BKS=+2.23%  Δ_S*_BKS=+0.17%  no_improve=45
17:45:20 | i 75 | [HAOS ROLL] k=10  λ=0.2  rb  ac_complete  filo  P≈0.003022
17:45:21 | i 75 | [Phase 1/3] decompose  0.57s / — / —  λ=0.2  rb ac_complete
17:46:02 | i 75 | [Phase 2/3] route  41.12s / 41.40s / 99.3%  filo  k=10
17:46:46 | i 74 | [ ASYNC BG] bg_ails  85.49s / 81.98s / 104.3%
17:46:46 | i 75 | [HAOS ROLL] k=10  λ=0.2  rb  ac_complete  filo  P≈0.003022
17:46:46 | i 75 | [ Summary ] cost=169636.00  Δ_S*=+2.07%  Δ_BKS=+2.24%  Δ_S*_BKS=+0.17%  no_improve=47
17:46:46 | i 76 | [HAOS ROLL] k=3  λ=0.0  rb  ac_complete  pyvrp  P≈0.000630
17:46:46 | i 76 | [Phase 1/3] decompose  0.43s / — / —  λ=0.0  rb ac_complete
17:48:22 | i 76 | [Phase 2/3] route  95.45s / 89.04s / 107.2%  pyvrp  k=3
17:48:22 | i 75 | [ ASYNC BG] bg_ails  66.32s / 60.00s / 110.5%
17:48:22 | i 76 | [HAOS ROLL] k=3  λ=0.0  rb  ac_complete  pyvrp  P≈0.000630
17:48:22 | i 76 | [ Summary ] cost=169001.00  Δ_S*=+1.69%  Δ_BKS=+1.86%  Δ_S*_BKS=+0.17%  no_improve=49
17:48:22 | i 77 | [HAOS ROLL] k=4  λ=0.2  vb  ac_avg  filo2  P≈0.000326
17:48:23 | i 77 | [Phase 1/3] decompose  0.80s / — / —  λ=0.2  vb ac_avg
17:49:49 | i 77 | [Phase 2/3] route  86.18s / 86.34s / 99.8%  filo2  k=4
17:49:52 | i 76 | [ ASYNC BG] bg_ails  90.41s / 86.90s / 104.0%
17:49:53 | i 77 | [HAOS ROLL] k=4  λ=0.2  vb  ac_avg  filo2  P≈0.000326
17:49:53 | i 77 | [ Summary ] cost=168973.00  Δ_S*=+1.67%  Δ_BKS=+1.84%  Δ_S*_BKS=+0.17%  no_improve=51
17:49:53 | i 78 | [HAOS ROLL] k=4  λ=1.0  rb  ac_complete  filo  P≈0.005370
17:49:54 | i 78 | [Phase 1/3] decompose  0.57s / — / —  λ=1.0  rb ac_complete
17:50:44 | i 78 | [Phase 2/3] route  50.10s / 49.74s / 100.7%  filo  k=4
17:51:23 | i 77 | [ ASYNC BG] bg_ails  90.20s / 84.27s / 107.0%
17:51:23 | i 78 | [HAOS ROLL] k=4  λ=1.0  rb  ac_complete  filo  P≈0.005370
17:51:23 | i 78 | [ Summary ] cost=167748.00  Δ_S*=+0.93%  Δ_BKS=+1.10%  Δ_S*_BKS=+0.17%  no_improve=53
17:51:23 | i 79 | [HAOS ROLL] k=3  λ=0.6  rb  ac_complete  pyvrp  P≈0.003457
17:51:24 | i 79 | [Phase 1/3] decompose  0.58s / — / —  λ=0.6  rb ac_complete
17:52:59 | i 79 | [Phase 2/3] route  95.43s / 89.04s / 107.2%  pyvrp  k=3
17:52:59 | i 78 | [ ASYNC BG] bg_ails  64.51s / 60.00s / 107.5%
17:53:00 | i 79 | [HAOS ROLL] k=3  λ=0.6  rb  ac_complete  pyvrp  P≈0.003457
17:53:00 | i 79 | [ Summary ] cost=169130.00  Δ_S*=+1.76%  Δ_BKS=+1.94%  Δ_S*_BKS=+0.17%  no_improve=55
17:53:00 | i 80 | [HAOS ROLL] k=3  λ=0.6  vb  kmeans  ails2  P≈0.001258
17:53:00 | i 80 | [Phase 1/3] decompose  0.57s / — / —  λ=0.6  vb kmeans
17:54:29 | i 80 | [Phase 2/3] route  89.06s / 87.60s / 101.7%  ails2  k=3
17:54:30 | i 79 | [ ASYNC BG] bg_ails  90.59s / 86.90s / 104.2%
17:54:30 | i 80 | [HAOS ROLL] k=3  λ=0.6  vb  kmeans  ails2  P≈0.001258
17:54:30 | i 80 | [ Summary ] cost=167951.00  Δ_S*=+1.06%  Δ_BKS=+1.23%  Δ_S*_BKS=+0.17%  no_improve=57
17:54:30 | i 81 | [HAOS ROLL] k=10  λ=0.0  rb  ac_complete  ails2  P≈0.001101
17:54:31 | i 81 | [Phase 1/3] decompose  0.44s / — / —  λ=0.0  rb ac_complete
17:55:14 | i 81 | [Phase 2/3] route  42.87s / 41.40s / 103.6%  ails2  k=10
17:56:02 | i 80 | [ ASYNC BG] bg_ails  91.67s / 85.50s / 107.2%
17:56:02 | i 81 | [HAOS ROLL] k=10  λ=0.0  rb  ac_complete  ails2  P≈0.001101
17:56:02 | i 81 | [ Summary ] cost=166247.00  Δ_S*=+0.03%  Δ_BKS=+0.20%  Δ_S*_BKS=+0.17%  no_improve=59
17:56:02 | i 82 | [HAOS ROLL] k=3  λ=0.0  vb  ac_complete  ails2  P≈0.000421
17:56:03 | i 82 | [Phase 1/3] decompose  0.65s / — / —  λ=0.0  vb ac_complete
17:57:33 | i 82 | [Phase 2/3] route  90.11s / 88.44s / 101.9%  ails2  k=3
17:57:33 | i 81 | [ ASYNC BG] bg_ails  66.16s / 60.00s / 110.3%
17:57:33 | i 82 | [HAOS ROLL] k=3  λ=0.0  vb  ac_complete  ails2  P≈0.000421
17:57:33 | i 82 | [ Summary ] cost=167005.00  Δ_S*=+0.49%  Δ_BKS=+0.66%  Δ_S*_BKS=+0.17%  no_improve=61
17:57:33 | i 83 | [HAOS ROLL] k=3  λ=0.2  vb  ac_complete  filo2  P≈0.000249
17:57:34 | i 83 | [Phase 1/3] decompose  0.81s / — / —  λ=0.2  vb ac_complete
17:59:02 | i 83 | [Phase 2/3] route  88.19s / 88.44s / 99.7%  filo2  k=3
17:59:03 | i 82 | [ ASYNC BG] bg_ails  90.45s / 86.32s / 104.8%
17:59:04 | i 83 | [HAOS ROLL] k=3  λ=0.2  vb  ac_complete  filo2  P≈0.000249
17:59:04 | i 83 | [ Summary ] cost=167133.00  Δ_S*=+0.56%  Δ_BKS=+0.73%  Δ_S*_BKS=+0.17%  no_improve=63
17:59:04 | i 84 | [HAOS ROLL] k=3  λ=1.0  rb  kmeans  ails2  P≈0.000733
17:59:04 | i 84 | [Phase 1/3] decompose  0.58s / — / —  λ=1.0  rb kmeans
18:00:35 | i 84 | [Phase 2/3] route  91.11s / 89.04s / 102.3%  ails2  k=3
18:00:35 | i 83 | [ ASYNC BG] bg_ails  92.19s / 86.32s / 106.8%
18:00:36 | i 84 | [HAOS ROLL] k=3  λ=1.0  rb  kmeans  ails2  P≈0.000733
18:00:36 | i 84 | [ Summary ] cost=166330.00  Δ_S*=+0.08%  Δ_BKS=+0.25%  Δ_S*_BKS=+0.17%  no_improve=65
18:00:36 | i 85 | [HAOS ROLL] k=4  λ=1.0  vb  fcm  filo2  P≈0.000325
18:00:37 | i 85 | [Phase 1/3] decompose  0.59s / — / —  λ=1.0  vb fcm
18:01:28 | i 85 | [Phase 2/3] route  51.13s / 51.12s / 100.0%  filo2  k=4
18:02:06 | i 84 | [ ASYNC BG] bg_ails  90.53s / 86.90s / 104.2%
18:02:06 | i 85 | [HAOS ROLL] k=4  λ=1.0  vb  fcm  filo2  P≈0.000325
18:02:06 | i 85 | [ Summary ] cost=169218.00  Δ_S*=+1.82%  Δ_BKS=+1.99%  Δ_S*_BKS=+0.17%  no_improve=67
18:02:06 | i 86 | [HAOS ROLL] k=12  λ=0.2  vb  ac_complete  filo  P≈0.001327
18:02:07 | i 86 | [Phase 1/3] decompose  0.82s / — / —  λ=0.2  vb ac_complete
18:02:56 | i 86 | [Phase 2/3] route  49.14s / 32.46s / 151.4%  filo  k=12
18:03:11 | i 85 | [ ASYNC BG] bg_ails  64.51s / 60.00s / 107.5%
18:03:11 | i 86 | [HAOS ROLL] k=12  λ=0.2  vb  ac_complete  filo  P≈0.001327
18:03:11 | i 86 | [ Summary ] cost=174167.00  Δ_S*=+4.80%  Δ_BKS=+4.97%  Δ_S*_BKS=+0.17%  no_improve=69
18:03:11 | i 87 | [HAOS ROLL] k=4  λ=1.0  rb  ac_complete  pyvrp  P≈0.003511
18:03:12 | i 87 | [Phase 1/3] decompose  0.58s / — / —  λ=1.0  rb ac_complete
18:04:04 | i 87 | [Phase 2/3] route  52.19s / 49.74s / 104.9%  pyvrp  k=4
18:04:17 | i 86 | [ ASYNC BG] bg_ails  66.59s / 60.00s / 111.0%
18:04:17 | i 87 | [HAOS ROLL] k=4  λ=1.0  rb  ac_complete  pyvrp  P≈0.003511
18:04:18 | i 87 | [ Summary ] cost=168416.00  Δ_S*=+1.34%  Δ_BKS=+1.51%  Δ_S*_BKS=+0.17%  no_improve=71
18:04:18 | i 88 | [HAOS ROLL] k=3  λ=0.2  vb  ac_complete  pyvrp  P≈0.001637
18:04:18 | i 88 | [Phase 1/3] decompose  0.80s / — / —  λ=0.2  vb ac_complete
18:05:53 | i 88 | [Phase 2/3] route  94.79s / 88.44s / 107.2%  pyvrp  k=3
18:05:53 | i 87 | [ ASYNC BG] bg_ails  66.42s / 60.00s / 110.7%
18:05:53 | i 88 | [HAOS ROLL] k=3  λ=0.2  vb  ac_complete  pyvrp  P≈0.001637
18:05:54 | i 88 | [ Summary ] cost=168034.00  Δ_S*=+1.11%  Δ_BKS=+1.28%  Δ_S*_BKS=+0.17%  no_improve=73
18:05:54 | i 89 | [HAOS ROLL] k=4  λ=0.4  rb  kmeans  filo  P≈0.000595
18:05:54 | i 89 | [Phase 1/3] decompose  0.58s / — / —  λ=0.4  rb kmeans
18:06:44 | i 89 | [Phase 2/3] route  50.12s / 49.74s / 100.8%  filo  k=4
18:07:26 | i 88 | [ ASYNC BG] bg_ails  92.66s / 86.32s / 107.3%
18:07:26 | i 89 | [HAOS ROLL] k=4  λ=0.4  rb  kmeans  filo  P≈0.000595
18:07:26 | i 89 | [ Summary ] cost=168336.00  Δ_S*=+1.29%  Δ_BKS=+1.46%  Δ_S*_BKS=+0.17%  no_improve=75
18:07:26 | i 90 | [HAOS ROLL] k=2  λ=0.8  rb  ac_complete  pyvrp  P≈0.000547
18:07:27 | i 90 | [Phase 1/3] decompose  0.58s / — / —  λ=0.8  rb ac_complete
18:09:02 | i 90 | [Phase 2/3] route  95.54s / 89.04s / 107.3%  pyvrp  k=2
18:09:02 | i 89 | [ ASYNC BG] bg_ails  66.45s / 60.00s / 110.8%
18:09:03 | i 90 | [HAOS ROLL] k=2  λ=0.8  rb  ac_complete  pyvrp  P≈0.000547
18:09:03 | i 90 | [ Summary ] cost=169257.00  Δ_S*=+1.84%  Δ_BKS=+2.01%  Δ_S*_BKS=+0.17%  no_improve=77
18:09:03 | i — | [  FINAL  ] async BG-AILS totals launched=89 applied=89 adopted=3 launch_skipped_cap=1 crashes=0 discarded_in_flight=False block_wait_total_s=1611.5
18:09:33 | i — | [  FINAL  ] async SP/SC totals invocations=5 adopted=3 skipped=1 discarded_in_flight=True sp_busy_frac=0.5087323941246105
18:09:33 | i — | [  FINAL  ] ════════════════════════════════════════
18:09:33 | i — | [  FINAL  ] Run complete  iterations=90  elapsed=02:00:37  best=166197.00
18:09:33 | i — | [  FINAL  ] Δ_BKS=+0.17%  no_improve_stop=False  time_stop=True  cancelled=False
18:09:33 | i — | [  FINAL  ] 
18:09:33 | i — | [  FINAL  ] [BEST SOLUTION — HAOS TAG SUMMARY]
18:09:33 | i — | [  FINAL  ] ────────────────────────────────────────
18:09:33 | i — | [  FINAL  ]   39 routes  rb  ac_complete  k=12  λ=0.2  solver=ails2
18:09:33 | i — | [  FINAL  ]   19 routes  rb  ac_complete  k=4  λ=0.2  solver=ails2
18:09:33 | i — | [  FINAL  ]   18 routes  rb  kmeans  k=12  λ=0.8  solver=ails2
18:09:33 | i — | [  FINAL  ]   3 routes  vb  ac_complete  k=3  λ=0.4  solver=ails2
18:09:33 | i — | [  FINAL  ]   2 routes  vb  kmeans  k=6  λ=0.6  solver=filo
18:09:33 | i — | [  FINAL  ]   2 routes  vb  kmeans  k=4  λ=1.0  solver=filo
18:09:33 | i — | [  FINAL  ]   2 routes  rb  ac_complete  k=4  λ=0.8  solver=ails2
18:09:33 | i — | [  FINAL  ]   1 routes  vb  ac_complete  k=2  λ=0.0  solver=filo
18:09:33 | i — | [  FINAL  ]   1 routes  vb  ac_avg  k=3  λ=1.0  solver=pyvrp
18:09:33 | i — | [  FINAL  ]   1 routes  vb  ac_complete  k=6  λ=0.6  solver=ails2
18:09:33 | i — | [  FINAL  ]   1 routes  rb  ac_complete  k=12  λ=0.6  solver=filo
18:09:33 | i — | [  FINAL  ]   1 routes  rb  ac_complete  k=12  λ=1.0  solver=filo
18:09:33 | i — | [  FINAL  ]   30 routes  post-SP/SC improvement
18:09:33 | i — | [  FINAL  ] 
18:09:33 | i — | [  FINAL  ] [ROUTE POOL — HAOS TAG SUMMARY]
18:09:33 | i — | [  FINAL  ] ────────────────────────────────────────
18:09:33 | i — | [  FINAL  ]   350 routes  rb  ac_complete  k=4  λ=1.0  solver=pyvrp
18:09:33 | i — | [  FINAL  ]   285 routes  rb  ac_complete  k=3  λ=0.6  solver=pyvrp
18:09:33 | i — | [  FINAL  ]   270 routes  rb  ac_complete  k=4  λ=1.0  solver=filo
18:09:33 | i — | [  FINAL  ]   232 routes  vb  kmedoids  k=4  λ=0.6  solver=pyvrp
18:09:33 | i — | [  FINAL  ]   229 routes  vb  ac_complete  k=3  λ=0.2  solver=pyvrp
18:09:33 | i — | [  FINAL  ]   228 routes  vb  kmeans  k=12  λ=0.2  solver=ails2
18:09:33 | i — | [  FINAL  ]   228 routes  vb  ac_avg  k=4  λ=0.2  solver=filo2
18:09:33 | i — | [  FINAL  ]   226 routes  rb  ac_complete  k=6  λ=0.4  solver=pyvrp
18:09:33 | i — | [  FINAL  ]   226 routes  rb  ac_complete  k=3  λ=0.0  solver=pyvrp
18:09:33 | i — | [  FINAL  ]   226 routes  vb  ac_complete  k=3  λ=0.0  solver=ails2
18:09:33 | i — | [  FINAL  ]   226 routes  vb  ac_complete  k=3  λ=0.2  solver=filo2
18:09:33 | i — | [  FINAL  ]   226 routes  vb  ac_complete  k=12  λ=0.2  solver=filo
18:09:33 | i — | [  FINAL  ]   224 routes  vb  kmeans  k=3  λ=0.6  solver=ails2
18:09:33 | i — | [  FINAL  ]   224 routes  vb  fcm  k=4  λ=1.0  solver=filo2
18:09:33 | i — | [  FINAL  ]   223 routes  rb  kmeans  k=3  λ=1.0  solver=ails2
18:09:33 | i — | [  FINAL  ]   219 routes  rb  kmeans  k=4  λ=0.4  solver=filo
18:09:33 | i — | [  FINAL  ]   210 routes  rb  ac_complete  k=10  λ=0.2  solver=pyvrp
18:09:33 | i — | [  FINAL  ]   208 routes  rb  ac_complete  k=10  λ=0.2  solver=filo
18:09:33 | i — | [  FINAL  ]   191 routes  rb  ac_complete  k=4  λ=0.6  solver=filo
18:09:33 | i — | [  FINAL  ]   185 routes  vb  kmedoids  k=12  λ=0.6  solver=filo
18:09:33 | i — | [  FINAL  ]   183 routes  rb  ac_complete  k=10  λ=0.0  solver=ails2
18:09:33 | i — | [  FINAL  ]   178 routes  vb  ac_avg  k=12  λ=0.6  solver=filo2
18:09:33 | i — | [  FINAL  ]   172 routes  rb  kmeans  k=2  λ=0.6  solver=filo
18:09:33 | i — | [  FINAL  ]   169 routes  vb  ac_avg  k=3  λ=1.0  solver=pyvrp
18:09:33 | i — | [  FINAL  ]   163 routes  vb  kmedoids  k=12  λ=1.0  solver=filo
18:09:33 | i — | [  FINAL  ]   161 routes  vb  kmeans  k=12  λ=0.4  solver=pyvrp
18:09:33 | i — | [  FINAL  ]   159 routes  vb  ac_complete  k=12  λ=0.4  solver=ails2
18:09:33 | i — | [  FINAL  ]   155 routes  rb  kmeans  k=2  λ=0.4  solver=pyvrp
18:09:33 | i — | [  FINAL  ]   153 routes  vb  kmeans  k=10  λ=0.2  solver=pyvrp
18:09:33 | i — | [  FINAL  ]   151 routes  rb  kmeans  k=2  λ=0.6  solver=pyvrp
18:09:33 | i — | [  FINAL  ]   146 routes  vb  fcm  k=4  λ=0.6  solver=filo
18:09:33 | i — | [  FINAL  ]   142 routes  vb  ac_avg  k=12  λ=0.2  solver=ails2
18:09:33 | i — | [  FINAL  ]   140 routes  rb  ac_complete  k=12  λ=0.2  solver=ails2
18:09:33 | i — | [  FINAL  ]   138 routes  rb  kmeans  k=3  λ=0.6  solver=filo2
18:09:33 | i — | [  FINAL  ]   137 routes  vb  kmeans  k=6  λ=0.6  solver=filo
18:09:33 | i — | [  FINAL  ]   135 routes  rb  ac_avg  k=4  λ=0.8  solver=filo
18:09:33 | i — | [  FINAL  ]   133 routes  vb  ac_complete  k=6  λ=1.0  solver=filo
18:09:33 | i — | [  FINAL  ]   131 routes  rb  kmeans  k=4  λ=0.6  solver=filo
18:09:33 | i — | [  FINAL  ]   123 routes  vb  ac_complete  k=6  λ=0.6  solver=ails2
18:09:33 | i — | [  FINAL  ]   123 routes  rb  kmeans  k=12  λ=0.6  solver=ails2
18:09:33 | i — | [  FINAL  ]   117 routes  rb  ac_complete  k=6  λ=0.0  solver=filo
18:09:33 | i — | [  FINAL  ]   116 routes  rb  ac_complete  k=2  λ=0.8  solver=pyvrp
18:09:33 | i — | [  FINAL  ]   108 routes  vb  ac_complete  k=2  λ=0.0  solver=filo
18:09:33 | i — | [  FINAL  ]   106 routes  rb  ac_avg  k=4  λ=0.6  solver=ails2
18:09:33 | i — | [  FINAL  ]   104 routes  vb  kmeans  k=4  λ=1.0  solver=filo
18:09:33 | i — | [  FINAL  ]   104 routes  vb  kmeans  k=4  λ=0.6  solver=ails2
18:09:33 | i — | [  FINAL  ]   96 routes  rb  kmeans  k=12  λ=0.8  solver=ails2
18:09:33 | i — | [  FINAL  ]   90 routes  vb  ac_complete  k=3  λ=0.4  solver=ails2
18:09:33 | i — | [  FINAL  ]   79 routes  rb  kmeans  k=4  λ=0.6  solver=ails2
18:09:33 | i — | [  FINAL  ]   78 routes  rb  ac_complete  k=12  λ=1.0  solver=filo
18:09:33 | i — | [  FINAL  ]   75 routes  rb  ac_complete  k=2  λ=1.0  solver=ails2
18:09:33 | i — | [  FINAL  ]   71 routes  rb  ac_complete  k=12  λ=0.6  solver=filo2
18:09:33 | i — | [  FINAL  ]   61 routes  rb  kmeans  k=4  λ=0.6  solver=pyvrp
18:09:33 | i — | [  FINAL  ]   60 routes  rb  ac_complete  k=3  λ=0.4  solver=pyvrp
18:09:33 | i — | [  FINAL  ]   56 routes  rb  ac_complete  k=12  λ=0.6  solver=filo
18:09:33 | i — | [  FINAL  ]   56 routes  vb  fcm  k=6  λ=0.6  solver=pyvrp
18:09:33 | i — | [  FINAL  ]   51 routes  vb  kmeans  k=12  λ=0.6  solver=ails2
18:09:33 | i — | [  FINAL  ]   49 routes  rb  ac_complete  k=4  λ=0.2  solver=ails2
18:09:33 | i — | [  FINAL  ]   44 routes  rb  ac_complete  k=2  λ=0.2  solver=filo
18:09:33 | i — | [  FINAL  ]   44 routes  vb  ac_complete  k=12  λ=0.0  solver=filo
18:09:33 | i — | [  FINAL  ]   44 routes  vb  kmeans  k=6  λ=0.2  solver=ails2
18:09:33 | i — | [  FINAL  ]   41 routes  rb  ac_complete  k=3  λ=0.2  solver=filo
18:09:33 | i — | [  FINAL  ]   41 routes  vb  ac_avg  k=12  λ=0.6  solver=filo
18:09:33 | i — | [  FINAL  ]   39 routes  rb  ac_avg  k=3  λ=1.0  solver=filo
18:09:33 | i — | [  FINAL  ]   38 routes  rb  ac_avg  k=6  λ=0.8  solver=filo
18:09:33 | i — | [  FINAL  ]   35 routes  rb  ac_complete  k=8  λ=0.6  solver=ails2
18:09:33 | i — | [  FINAL  ]   35 routes  vb  kmedoids  k=4  λ=0.6  solver=filo
18:09:33 | i — | [  FINAL  ]   34 routes  rb  kmeans  k=12  λ=1.0  solver=ails2
18:09:33 | i — | [  FINAL  ]   34 routes  vb  fcm  k=4  λ=0.4  solver=filo
18:09:33 | i — | [  FINAL  ]   34 routes  vb  kmedoids  k=4  λ=1.0  solver=filo
18:09:33 | i — | [  FINAL  ]   33 routes  rb  ac_complete  k=12  λ=0.6  solver=ails2
18:09:33 | i — | [  FINAL  ]   33 routes  rb  ac_avg  k=4  λ=0.6  solver=filo
18:09:33 | i — | [  FINAL  ]   30 routes  rb  ac_complete  k=4  λ=0.6  solver=ails2
18:09:33 | i — | [  FINAL  ]   29 routes  vb  ac_complete  k=4  λ=0.2  solver=ails2
18:09:33 | i — | [  FINAL  ]   25 routes  rb  ac_complete  k=4  λ=0.8  solver=ails2
18:09:33 | i — | [  FINAL  ]   24 routes  rb  ac_complete  k=3  λ=0.2  solver=ails2
18:09:33 | i — | [  FINAL  ]   24 routes  rb  ac_complete  k=12  λ=0.4  solver=pyvrp
18:09:33 | i — | [  FINAL  ]   19 routes  rb  ac_complete  k=12  λ=0.2  solver=pyvrp
18:09:33 | i — | [  FINAL  ]   19 routes  rb  ac_complete  k=12  λ=0.4  solver=filo
18:09:33 | i — | [  FINAL  ]   7 routes  rb  ac_complete  k=8  λ=0.4  solver=ails2
18:09:33 | i — | [  FINAL  ]   189 routes  post-SP/SC improvement
18:09:33 | i — | [  FINAL  ] ════════════════════════════════════════
