03:59:32 | i — | [  INIT   ] ════════════════════════════════════════
03:59:32 | i — | [  INIT   ] DRISPI  instance=X-n4436-k48  n=4435  capacity=706
03:59:32 | i — | [  INIT   ] k domain (computed at init): [2, 3, 4, 6, 8, 10, 12]  k_ext=6  k_min=48  k_ext_bound=route_bound  spacing_rejected=0
03:59:32 | i — | [  INIT   ] ══════════════════════════════════════════════════════
03:59:32 | i — | [  INIT   ] CONFIGURATION
03:59:32 | i — | [  INIT   ] ── stopping ────────────────────────────────
03:59:32 | i — | [  INIT   ]   time_limit                  = 7200.0
03:59:32 | i — | [  INIT   ]   max_no_improve              = 1000000000
03:59:32 | i — | [  INIT   ] ── parallelism ─────────────────────────────
03:59:32 | i — | [  INIT   ]   n_workers                   = 8
03:59:32 | i — | [  INIT   ] ── cores ───────────────────────────────────
03:59:32 | i — | [  INIT   ]   cores_total                 = 8
03:59:32 | i — | [  INIT   ]   cores_dri                   = 6
03:59:32 | i — | [  INIT   ]   cores_bg                    = 1
03:59:32 | i — | [  INIT   ]   cores_sp                    = 1
03:59:32 | i — | [  INIT   ]   cores_cpu_list              = None
03:59:32 | i — | [  INIT   ] ── sp/sc ───────────────────────────────────
03:59:32 | i — | [  INIT   ]   sp_sc_mode                  = async
03:59:32 | i — | [  INIT   ]   sp_sc_trigger               = wallclock
03:59:32 | i — | [  INIT   ]   interval_minutes            = 20.0
03:59:32 | i — | [  INIT   ]   overlap_policy              = skip
03:59:32 | i — | [  INIT   ]   warmup_iterations           = 5
03:59:32 | i — | [  INIT   ]   sp_interval                 = 3
03:59:32 | i — | [  INIT   ]   min_coverage                = 5
03:59:32 | i — | [  INIT   ]   sp_time_limit               = 720.0
03:59:32 | i — | [  INIT   ]   mip_gap                     = 0.00025
03:59:32 | i — | [  INIT   ] ── decomposition ───────────────────────────
03:59:32 | i — | [  INIT   ]   decomp_k_base_arms          = [2, 3, 4, 6, 8, 10, 12]
03:59:32 | i — | [  INIT   ]   decomp_k_max_arms           = 10
03:59:32 | i — | [  INIT   ]   decomp_k_ext_per_1000       = 4
03:59:32 | i — | [  INIT   ]   decomp_k_min_routes_per_cluster= 8
03:59:32 | i — | [  INIT   ]   decomp_k_min_arm_spacing    = 2
03:59:32 | i — | [  INIT   ]   subcluster_rate_s_per_customer= 0.06
03:59:32 | i — | [  INIT   ]   subcluster_floor_s          = 5.0
03:59:32 | i — | [  INIT   ] ── bg_ails ─────────────────────────────────
03:59:32 | i — | [  INIT   ]   bg_ails_mode                = async
03:59:32 | i — | [  INIT   ]   bg_ails_crash_threshold     = 1
03:59:32 | i — | [  INIT   ]   bg_ails_budget_mode         = predicted_dr_wall
03:59:32 | i — | [  INIT   ]   bg_ails_budget_floor_s      = 60.0
03:59:32 | i — | [  INIT   ]   bg_ails_budget_margin       = 1.0
03:59:32 | i — | [  INIT   ]   bg_ails_wall_model_scale    = 0.976
03:59:32 | i — | [  INIT   ]   bg_ails_wall_model_wave_exponent= -0.18
03:59:32 | i — | [  INIT   ]   bg_ails_initial_omega       = 10
03:59:32 | i — | [  INIT   ]   bg_ails_boundary_threshold  = 0.5
03:59:32 | i — | [  INIT   ]   bg_ails_small_cluster_cap   = 20
03:59:32 | i — | [  INIT   ]   bg_ails_small_cluster_alpha = 0.5
03:59:32 | i — | [  INIT   ]   bg_ails_pair_selection      = greedy
03:59:32 | i — | [  INIT   ]   bg_ails_n_chains_mode       = k
03:59:32 | i — | [  INIT   ]   bg_ails_unique_first_routes = True
03:59:32 | i — | [  INIT   ]   bg_ails_boundary_mask_first_ls= True
03:59:32 | i — | [  INIT   ] ── standard_improvement ────────────────────
03:59:32 | i — | [  INIT   ]   standard_improvement_time_limit= 360.0
03:59:32 | i — | [  INIT   ] ── pool ────────────────────────────────────
03:59:32 | i — | [  INIT   ]   max_pool_size               = 10000
03:59:32 | i — | [  INIT   ]   pool_diversity_weight       = 0.5
03:59:32 | i — | [  INIT   ] ── haos ────────────────────────────────────
03:59:32 | i — | [  INIT   ]   haos_decay                  = 0.95
03:59:32 | i — | [  INIT   ]   haos_warmup                 = 10
03:59:32 | i — | [  INIT   ]   haos_starting_weight        = 10.0
03:59:32 | i — | [  INIT   ]   haos_min_weight_k           = 0.025
03:59:32 | i — | [  INIT   ]   haos_min_weight_lambda      = 0.05
03:59:32 | i — | [  INIT   ]   haos_min_weight_paradigm    = 0.1
03:59:32 | i — | [  INIT   ]   haos_min_weight_vertex_method= 0.05
03:59:32 | i — | [  INIT   ]   haos_min_weight_route_method= 0.05
03:59:32 | i — | [  INIT   ]   haos_min_weight_solver      = 0.05
03:59:32 | i — | [  INIT   ]   haos_lambda_demand_values   = [0.0, 0.2, 0.4, 0.6, 0.8, 1.0]
03:59:32 | i — | [  INIT   ]   haos_paradigm_values        = ['vertex', 'route']
03:59:32 | i — | [  INIT   ]   haos_vertex_method_values   = ['kmeans', 'agglomerative_avg', 'agglomerative_complete', 'kmedoids', 'fcm']
03:59:32 | i — | [  INIT   ]   haos_route_method_values    = ['kmeans', 'agglomerative_avg', 'agglomerative_complete']
03:59:32 | i — | [  INIT   ]   haos_solver_values          = ['pyvrp', 'filo', 'filo2', 'ails2']
03:59:32 | i — | [  INIT   ] ── haos_rewards ────────────────────────────
03:59:32 | i — | [  INIT   ]   haos_reward_new_best        = 10.0
03:59:32 | i — | [  INIT   ]   haos_reward_improvement     = 4.0
03:59:32 | i — | [  INIT   ]   haos_reward_no_improvement  = 1.0
03:59:32 | i — | [  INIT   ]   haos_reward_no_solution     = 0.0
03:59:32 | i — | [  INIT   ]   haos_deferred_new_best      = 7.0
03:59:32 | i — | [  INIT   ]   haos_deferred_improvement   = 3.0
03:59:32 | i — | [  INIT   ]   haos_deferred_no_improvement= 0.0
03:59:32 | i — | [  INIT   ] ── seed ────────────────────────────────────
03:59:32 | i — | [  INIT   ]   seed                        = 33
03:59:32 | i — | [  INIT   ] ── output ──────────────────────────────────
03:59:32 | i — | [  INIT   ]   output_dir                  = /app/artifacts/benchmark/X-n4436-k48/seed33
03:59:32 | i — | [  INIT   ]   run_analysis                = False
03:59:32 | i — | [  INIT   ] ══════════════════════════════════════════════════════
03:59:32 | i — | [  INIT   ] BKS=61431.00
03:59:32 | i — | [  INIT   ] ════════════════════════════════════════
03:59:32 | i 1 | [HAOS ROLL] k=10  λ=0.6  vb  kmeans  ails2  P≈0.000595
03:59:36 | i 1 | [Phase 1/3] decompose  4.06s / — / —  λ=0.6  vb kmeans
04:00:41 | i 1 | [Phase 2/3] route  64.92s / 43.62s / 148.8%  ails2  k=10
04:00:41 | i 1 | [ IMPROVE ] 67834.00  via decompose_route  ·  Δ_BKS=+10.42%
04:00:41 | i 1 | [HAOS ROLL] k=10  λ=0.6  vb  kmeans  ails2  P≈0.000595
04:00:41 | i 1 | [ Summary ] cost=67834.00  Δ_S*=+0.00%  Δ_BKS=+10.42%  Δ_S*_BKS=+10.42%  no_improve=0
04:00:41 | i 2 | [HAOS ROLL] k=6  λ=0.6  vb  kmeans  filo  P≈0.000595
04:00:42 | i 2 | [Phase 1/3] decompose  1.20s / — / —  λ=0.6  vb kmeans
04:01:44 | i 2 | [Phase 2/3] route  62.17s / 62.46s / 99.5%  filo  k=6
04:01:55 | i 1 | [ IMPROVE ] 62290.00  via bg_ails  ·  Δ_BKS=+1.40%
04:01:55 | i 1 | [ ASYNC BG] bg_ails  74.12s / 67.97s / 109.0%
04:01:55 | i 2 | [HAOS ROLL] k=6  λ=0.6  vb  kmeans  filo  P≈0.000595
04:01:55 | i 2 | [ Summary ] cost=64719.00  Δ_S*=+3.90%  Δ_BKS=+5.35%  Δ_S*_BKS=+1.40%  no_improve=1
04:01:55 | i 3 | [HAOS ROLL] k=2  λ=0.4  rb  ac_avg  pyvrp  P≈0.000992
04:01:56 | i 3 | [Phase 1/3] decompose  1.20s / — / —  λ=0.4  rb ac_avg
04:05:36 | i 3 | [Phase 2/3] route  219.69s / 196.44s / 111.8%  pyvrp  k=2
04:05:36 | i 2 | [ ASYNC BG] bg_ails  66.32s / 60.96s / 108.8%
04:05:36 | i 3 | [ IMPROVE ] 62059.00  via decompose_route  ·  Δ_BKS=+1.02%
04:05:36 | i 3 | [HAOS ROLL] k=2  λ=0.4  rb  ac_avg  pyvrp  P≈0.000992
04:05:36 | i 3 | [ Summary ] cost=62059.00  Δ_S*=+0.00%  Δ_BKS=+1.02%  Δ_S*_BKS=+1.02%  no_improve=0
04:05:36 | i 4 | [HAOS ROLL] k=10  λ=0.6  vb  ac_avg  filo2  P≈0.000595
04:05:38 | i 4 | [Phase 1/3] decompose  1.75s / — / —  λ=0.6  vb ac_avg
04:07:48 | i 4 | [Phase 2/3] route  130.31s / 130.26s / 100.0%  filo2  k=10
04:08:53 | i 3 | [ IMPROVE ] 61772.00  via bg_ails  ·  Δ_BKS=+0.56%
04:08:53 | i 3 | [ ASYNC BG] bg_ails  197.31s / 191.73s / 102.9%
04:08:53 | i 4 | [HAOS ROLL] k=10  λ=0.6  vb  ac_avg  filo2  P≈0.000595
04:08:53 | i 4 | [ Summary ] cost=67628.00  Δ_S*=+9.48%  Δ_BKS=+10.09%  Δ_S*_BKS=+0.56%  no_improve=1
04:08:53 | i 5 | [HAOS ROLL] k=3  λ=0.6  vb  ac_avg  filo  P≈0.000595
04:08:55 | i 5 | [Phase 1/3] decompose  1.80s / — / —  λ=0.6  vb ac_avg
04:11:08 | i 5 | [Phase 2/3] route  132.31s / 132.12s / 100.1%  filo  k=3
04:11:46 | i 4 | [ ASYNC BG] bg_ails  172.41s / 166.14s / 103.8%
04:11:46 | i 5 | [HAOS ROLL] k=3  λ=0.6  vb  ac_avg  filo  P≈0.000595
04:11:46 | i 5 | [ Summary ] cost=62686.00  Δ_S*=+1.48%  Δ_BKS=+2.04%  Δ_S*_BKS=+0.56%  no_improve=3
04:11:46 | i 6 | [HAOS ROLL] k=10  λ=0.6  rb  kmeans  filo  P≈0.000992
04:11:47 | i 6 | [Phase 1/3] decompose  1.14s / — / —  λ=0.6  rb kmeans
04:12:43 | i 6 | [Phase 2/3] route  56.14s / 44.10s / 127.3%  filo  k=10
04:14:00 | i 5 | [ ASYNC BG] bg_ails  134.39s / 128.95s / 104.2%
04:14:00 | i 6 | [HAOS ROLL] k=10  λ=0.6  rb  kmeans  filo  P≈0.000992
04:14:00 | i 6 | [ Summary ] cost=61959.00  Δ_S*=+0.30%  Δ_BKS=+0.86%  Δ_S*_BKS=+0.56%  no_improve=5
04:14:00 | i 7 | [HAOS ROLL] k=12  λ=0.8  vb  fcm  filo2  P≈0.000595
04:14:02 | i 7 | [Phase 1/3] decompose  2.15s / — / —  λ=0.8  vb fcm
04:15:03 | i 7 | [Phase 2/3] route  60.14s / 30.90s / 194.6%  filo2  k=12
04:15:07 | i 6 | [ ASYNC BG] bg_ails  66.43s / 60.00s / 110.7%
04:15:07 | i 7 | [HAOS ROLL] k=12  λ=0.8  vb  fcm  filo2  P≈0.000595
04:15:07 | i 7 | [ Summary ] cost=69483.00  Δ_S*=+12.48%  Δ_BKS=+13.11%  Δ_S*_BKS=+0.56%  no_improve=7
04:15:07 | i 8 | [HAOS ROLL] k=10  λ=0.2  rb  kmeans  filo  P≈0.000992
04:15:08 | i 8 | [Phase 1/3] decompose  1.14s / — / —  λ=0.2  rb kmeans
04:16:03 | i 8 | [Phase 2/3] route  55.14s / 44.64s / 123.5%  filo  k=10
04:16:13 | i 7 | [ ASYNC BG] bg_ails  66.45s / 60.00s / 110.8%
04:16:13 | i 8 | [HAOS ROLL] k=10  λ=0.2  rb  kmeans  filo  P≈0.000992
04:16:13 | i 8 | [ Summary ] cost=61939.00  Δ_S*=+0.27%  Δ_BKS=+0.83%  Δ_S*_BKS=+0.56%  no_improve=9
04:16:13 | i 9 | [HAOS ROLL] k=6  λ=0.2  vb  ac_avg  filo  P≈0.000595
04:16:15 | i 9 | [Phase 1/3] decompose  1.97s / — / —  λ=0.2  vb ac_avg
04:18:26 | i 9 | [Phase 2/3] route  130.35s / 130.14s / 100.2%  filo  k=6
04:18:26 | i 8 | [ ASYNC BG] bg_ails  67.12s / 60.00s / 111.9%
04:18:26 | i 9 | [HAOS ROLL] k=6  λ=0.2  vb  ac_avg  filo  P≈0.000595
04:18:26 | i 9 | [ Summary ] cost=64891.00  Δ_S*=+5.05%  Δ_BKS=+5.63%  Δ_S*_BKS=+0.56%  no_improve=11
04:18:26 | i 10 | [HAOS ROLL] k=4  λ=0.8  rb  ac_complete  filo2  P≈0.000992
04:18:27 | i 10 | [Phase 1/3] decompose  1.15s / — / —  λ=0.8  rb ac_complete
04:19:40 | i 10 | [Phase 2/3] route  73.17s / 72.84s / 100.5%  filo2  k=4
04:20:39 | i 9 | [ ASYNC BG] bg_ails  133.53s / 127.02s / 105.1%
04:20:39 | i 10 | [HAOS ROLL] k=4  λ=0.8  rb  ac_complete  filo2  P≈0.000992
04:20:39 | i 10 | [ Summary ] cost=61864.00  Δ_S*=+0.15%  Δ_BKS=+0.70%  Δ_S*_BKS=+0.56%  no_improve=13
04:20:39 | i 6 | [ASYNC 1/2] sp_sc  0.11s / 720.00s / 0.0%  SP  avg_coverage=10.87/5  pool=538
04:20:39 | i 6 | [ASYNC 2/2] standard_ails  365.17s / 360.00s / 101.4%
04:20:40 | i 6 | [ IMPROVE ] 61723.00  via standard_ails  ·  Δ_BKS=+0.48%
04:20:40 | i 11 | [HAOS ROLL] k=8  λ=0.0  rb  ac_avg  pyvrp  P≈0.000992
04:20:41 | i 11 | [Phase 1/3] decompose  0.85s / — / —  λ=0.0  rb ac_avg
04:21:45 | i 11 | [Phase 2/3] route  64.33s / 61.68s / 104.3%  pyvrp  k=8
04:21:57 | i 10 | [ ASYNC BG] bg_ails  77.39s / 71.09s / 108.9%
04:21:57 | i 11 | [HAOS ROLL] k=8  λ=0.0  rb  ac_avg  pyvrp  P≈0.000992
04:21:57 | i 11 | [ Summary ] cost=62071.00  Δ_S*=+0.56%  Δ_BKS=+1.04%  Δ_S*_BKS=+0.48%  no_improve=2
04:21:57 | i 12 | [HAOS ROLL] k=3  λ=0.6  rb  kmeans  pyvrp  P≈0.002264
04:21:58 | i 12 | [Phase 1/3] decompose  1.15s / — / —  λ=0.6  rb kmeans
04:24:18 | i 12 | [Phase 2/3] route  139.89s / 129.18s / 108.3%  pyvrp  k=3
04:24:18 | i 11 | [ ASYNC BG] bg_ails  66.12s / 60.00s / 110.2%
04:24:18 | i 12 | [HAOS ROLL] k=3  λ=0.6  rb  kmeans  pyvrp  P≈0.002264
04:24:18 | i 12 | [ Summary ] cost=62205.00  Δ_S*=+0.78%  Δ_BKS=+1.26%  Δ_S*_BKS=+0.48%  no_improve=4
04:24:18 | i 13 | [HAOS ROLL] k=6  λ=0.6  vb  kmeans  filo  P≈0.000372
04:24:19 | i 13 | [Phase 1/3] decompose  1.14s / — / —  λ=0.6  vb kmeans
04:25:28 | i 13 | [Phase 2/3] route  69.17s / 68.52s / 101.0%  filo  k=6
04:26:30 | i 12 | [ ASYNC BG] bg_ails  132.66s / 126.08s / 105.2%
04:26:30 | i 13 | [HAOS ROLL] k=6  λ=0.6  vb  kmeans  filo  P≈0.000372
04:26:30 | i 13 | [ Summary ] cost=64184.00  Δ_S*=+3.99%  Δ_BKS=+4.48%  Δ_S*_BKS=+0.48%  no_improve=6
04:26:30 | i 14 | [HAOS ROLL] k=8  λ=0.6  rb  ac_avg  pyvrp  P≈0.004584
04:26:32 | i 14 | [Phase 1/3] decompose  1.19s / — / —  λ=0.6  rb ac_avg
04:27:36 | i 14 | [Phase 2/3] route  64.81s / 61.68s / 105.1%  pyvrp  k=8
04:27:43 | i 13 | [ ASYNC BG] bg_ails  73.05s / 66.88s / 109.2%
04:27:43 | i 14 | [HAOS ROLL] k=8  λ=0.6  rb  ac_avg  pyvrp  P≈0.004584
04:27:43 | i 14 | [ Summary ] cost=61954.00  Δ_S*=+0.37%  Δ_BKS=+0.85%  Δ_S*_BKS=+0.48%  no_improve=8
04:27:43 | i 15 | [HAOS ROLL] k=6  λ=1.0  vb  kmeans  ails2  P≈0.000215
04:27:45 | i 15 | [Phase 1/3] decompose  1.13s / — / —  λ=1.0  vb kmeans
04:28:56 | i 15 | [Phase 2/3] route  71.33s / 69.66s / 102.4%  ails2  k=6
04:28:56 | i 14 | [ ASYNC BG] bg_ails  66.27s / 60.00s / 110.4%
04:28:56 | i 15 | [HAOS ROLL] k=6  λ=1.0  vb  kmeans  ails2  P≈0.000215
04:28:56 | i 15 | [ Summary ] cost=64698.00  Δ_S*=+4.82%  Δ_BKS=+5.32%  Δ_S*_BKS=+0.48%  no_improve=10
04:28:56 | i 16 | [HAOS ROLL] k=12  λ=0.2  rb  kmeans  filo  P≈0.000805
04:28:57 | i 16 | [Phase 1/3] decompose  1.20s / — / —  λ=0.2  rb kmeans
04:29:52 | i 16 | [Phase 2/3] route  55.14s / 49.68s / 111.0%  filo  k=12
04:30:09 | i 15 | [ ASYNC BG] bg_ails  73.49s / 67.99s / 108.1%
04:30:09 | i 16 | [HAOS ROLL] k=12  λ=0.2  rb  kmeans  filo  P≈0.000805
04:30:09 | i 16 | [ Summary ] cost=61777.00  Δ_S*=+0.09%  Δ_BKS=+0.56%  Δ_S*_BKS=+0.48%  no_improve=12
04:30:09 | i 17 | [HAOS ROLL] k=3  λ=0.6  vb  ac_avg  filo2  P≈0.000303
04:30:11 | i 17 | [Phase 1/3] decompose  1.75s / — / —  λ=0.6  vb ac_avg
04:32:24 | i 17 | [Phase 2/3] route  132.31s / 132.12s / 100.1%  filo2  k=3
04:32:24 | i 16 | [ ASYNC BG] bg_ails  66.33s / 60.94s / 108.8%
04:32:24 | i 17 | [HAOS ROLL] k=3  λ=0.6  vb  ac_avg  filo2  P≈0.000303
04:32:24 | i 17 | [ Summary ] cost=62626.00  Δ_S*=+1.46%  Δ_BKS=+1.95%  Δ_S*_BKS=+0.48%  no_improve=14
04:32:24 | i 18 | [HAOS ROLL] k=8  λ=0.6  rb  kmeans  filo2  P≈0.002288
04:32:25 | i 18 | [Phase 1/3] decompose  1.16s / — / —  λ=0.6  rb kmeans
04:33:24 | i 18 | [Phase 2/3] route  59.15s / 50.64s / 116.8%  filo2  k=8
04:34:38 | i 17 | [ ASYNC BG] bg_ails  134.50s / 128.95s / 104.3%
04:34:38 | i 18 | [HAOS ROLL] k=8  λ=0.6  rb  kmeans  filo2  P≈0.002288
04:34:38 | i 18 | [ Summary ] cost=61920.00  Δ_S*=+0.32%  Δ_BKS=+0.80%  Δ_S*_BKS=+0.48%  no_improve=16
04:34:38 | i 19 | [HAOS ROLL] k=12  λ=0.0  rb  kmeans  filo2  P≈0.000980
04:34:39 | i 19 | [Phase 1/3] decompose  0.90s / — / —  λ=0.0  rb kmeans
04:35:34 | i 19 | [Phase 2/3] route  55.15s / 34.26s / 161.0%  filo2  k=12
04:35:59 | i 18 | [ ASYNC BG] bg_ails  80.71s / 74.59s / 108.2%
04:35:59 | i 19 | [HAOS ROLL] k=12  λ=0.0  rb  kmeans  filo2  P≈0.000980
04:35:59 | i 19 | [ Summary ] cost=61914.00  Δ_S*=+0.31%  Δ_BKS=+0.79%  Δ_S*_BKS=+0.48%  no_improve=18
04:35:59 | i 20 | [HAOS ROLL] k=8  λ=0.6  rb  kmeans  filo  P≈0.007319
04:36:00 | i 20 | [Phase 1/3] decompose  1.15s / — / —  λ=0.6  rb kmeans
04:36:54 | i 20 | [Phase 2/3] route  54.15s / 54.42s / 99.5%  filo  k=8
04:37:05 | i 19 | [ ASYNC BG] bg_ails  66.16s / 60.00s / 110.3%
04:37:05 | i 20 | [HAOS ROLL] k=8  λ=0.6  rb  kmeans  filo  P≈0.007319
04:37:05 | i 20 | [ Summary ] cost=61892.00  Δ_S*=+0.27%  Δ_BKS=+0.75%  Δ_S*_BKS=+0.48%  no_improve=20
04:37:05 | i 21 | [HAOS ROLL] k=8  λ=0.6  rb  kmeans  filo  P≈0.010901
04:37:06 | i 21 | [Phase 1/3] decompose  1.19s / — / —  λ=0.6  rb kmeans
04:38:14 | i 21 | [Phase 2/3] route  68.16s / 44.82s / 152.1%  filo  k=8
04:38:14 | i 20 | [ ASYNC BG] bg_ails  67.13s / 60.01s / 111.9%
04:38:14 | i 21 | [HAOS ROLL] k=8  λ=0.6  rb  kmeans  filo  P≈0.010901
04:38:14 | i 21 | [ Summary ] cost=61951.00  Δ_S*=+0.37%  Δ_BKS=+0.85%  Δ_S*_BKS=+0.48%  no_improve=22
04:38:14 | i 22 | [HAOS ROLL] k=6  λ=0.0  rb  kmeans  pyvrp  P≈0.001637
04:38:15 | i 22 | [Phase 1/3] decompose  0.93s / — / —  λ=0.0  rb kmeans
04:39:26 | i 22 | [Phase 2/3] route  70.53s / 67.26s / 104.9%  pyvrp  k=6
04:39:38 | i 21 | [ ASYNC BG] bg_ails  83.48s / 77.07s / 108.3%
04:39:38 | i 22 | [HAOS ROLL] k=6  λ=0.0  rb  kmeans  pyvrp  P≈0.001637
04:39:38 | i 22 | [ Summary ] cost=62063.00  Δ_S*=+0.55%  Δ_BKS=+1.03%  Δ_S*_BKS=+0.48%  no_improve=24
04:39:38 | i 23 | [HAOS ROLL] k=6  λ=0.6  rb  kmeans  filo  P≈0.008098
04:39:39 | i 23 | [Phase 1/3] decompose  1.16s / — / —  λ=0.6  rb kmeans
04:40:49 | i 23 | [Phase 2/3] route  70.18s / 69.66s / 100.7%  filo  k=6
04:40:49 | i 22 | [ ASYNC BG] bg_ails  71.46s / 65.65s / 108.9%
04:40:49 | i 23 | [HAOS ROLL] k=6  λ=0.6  rb  kmeans  filo  P≈0.008098
04:40:49 | i 23 | [ Summary ] cost=61866.00  Δ_S*=+0.23%  Δ_BKS=+0.71%  Δ_S*_BKS=+0.48%  no_improve=26
04:40:49 | i 18 | [ASYNC 1/2] sp_sc  2.64s / 720.00s / 0.4%  SP  avg_coverage=35.13/5  pool=1714
04:40:49 | i 18 | [ASYNC 2/2] standard_ails  365.43s / 360.00s / 101.5%
04:40:52 | i 18 | [ IMPROVE ] 61683.00  via standard_ails  ·  Δ_BKS=+0.41%
04:40:52 | i 24 | [HAOS ROLL] k=8  λ=0.0  rb  ac_complete  pyvrp  P≈0.001388
04:40:53 | i 24 | [Phase 1/3] decompose  0.83s / — / —  λ=0.0  rb ac_complete
04:42:03 | i 24 | [Phase 2/3] route  69.83s / 44.82s / 155.8%  pyvrp  k=8
04:42:03 | i 23 | [ ASYNC BG] bg_ails  73.40s / 67.99s / 108.0%
04:42:03 | i 24 | [HAOS ROLL] k=8  λ=0.0  rb  ac_complete  pyvrp  P≈0.001388
04:42:03 | i 24 | [ Summary ] cost=62121.00  Δ_S*=+0.71%  Δ_BKS=+1.12%  Δ_S*_BKS=+0.41%  no_improve=2
04:42:03 | i 25 | [HAOS ROLL] k=12  λ=0.6  vb  kmeans  pyvrp  P≈0.000631
04:42:04 | i 25 | [Phase 1/3] decompose  1.13s / — / —  λ=0.6  vb kmeans
04:43:13 | i 25 | [Phase 2/3] route  69.51s / 40.26s / 172.7%  pyvrp  k=12
04:43:21 | i 24 | [ ASYNC BG] bg_ails  78.28s / 72.83s / 107.5%
04:43:21 | i 25 | [HAOS ROLL] k=12  λ=0.6  vb  kmeans  pyvrp  P≈0.000631
04:43:21 | i 25 | [ Summary ] cost=69862.00  Δ_S*=+13.26%  Δ_BKS=+13.72%  Δ_S*_BKS=+0.41%  no_improve=4
04:43:21 | i 26 | [HAOS ROLL] k=8  λ=0.6  rb  kmeans  filo2  P≈0.015588
04:43:22 | i 26 | [Phase 1/3] decompose  1.14s / — / —  λ=0.6  rb kmeans
04:44:13 | i 26 | [Phase 2/3] route  51.14s / 50.16s / 102.0%  filo2  k=8
04:44:33 | i 25 | [ ASYNC BG] bg_ails  72.41s / 66.01s / 109.7%
04:44:33 | i 26 | [HAOS ROLL] k=8  λ=0.6  rb  kmeans  filo2  P≈0.015588
04:44:34 | i 26 | [ Summary ] cost=61817.00  Δ_S*=+0.22%  Δ_BKS=+0.63%  Δ_S*_BKS=+0.41%  no_improve=6
04:44:34 | i 27 | [HAOS ROLL] k=8  λ=0.6  rb  ac_complete  pyvrp  P≈0.008836
04:44:35 | i 27 | [Phase 1/3] decompose  1.22s / — / —  λ=0.6  rb ac_complete
04:45:44 | i 27 | [Phase 2/3] route  69.72s / 44.82s / 155.6%  pyvrp  k=8
04:45:52 | i 26 | [ ASYNC BG] bg_ails  78.40s / 72.68s / 107.9%
04:45:52 | i 27 | [HAOS ROLL] k=8  λ=0.6  rb  ac_complete  pyvrp  P≈0.008836
04:45:52 | i 27 | [ Summary ] cost=62094.00  Δ_S*=+0.67%  Δ_BKS=+1.08%  Δ_S*_BKS=+0.41%  no_improve=8
04:45:52 | i 28 | [HAOS ROLL] k=12  λ=0.0  rb  kmeans  pyvrp  P≈0.002792
04:45:53 | i 28 | [Phase 1/3] decompose  0.86s / — / —  λ=0.0  rb kmeans
04:46:56 | i 28 | [Phase 2/3] route  63.33s / 50.28s / 126.0%  pyvrp  k=12
04:47:10 | i 27 | [ ASYNC BG] bg_ails  78.41s / 72.83s / 107.7%
04:47:10 | i 28 | [HAOS ROLL] k=12  λ=0.0  rb  kmeans  pyvrp  P≈0.002792
04:47:10 | i 28 | [ Summary ] cost=62102.00  Δ_S*=+0.68%  Δ_BKS=+1.09%  Δ_S*_BKS=+0.41%  no_improve=10
04:47:10 | i 29 | [HAOS ROLL] k=4  λ=0.0  rb  ac_avg  filo  P≈0.000593
04:47:11 | i 29 | [Phase 1/3] decompose  0.86s / — / —  λ=0.0  rb ac_avg
04:49:04 | i 29 | [Phase 2/3] route  112.27s / 112.20s / 100.1%  filo  k=4
04:49:04 | i 28 | [ ASYNC BG] bg_ails  81.09s / 75.62s / 107.2%
04:49:04 | i 29 | [HAOS ROLL] k=4  λ=0.0  rb  ac_avg  filo  P≈0.000593
04:49:04 | i 29 | [ Summary ] cost=61813.00  Δ_S*=+0.21%  Δ_BKS=+0.62%  Δ_S*_BKS=+0.41%  no_improve=12
04:49:04 | i 30 | [HAOS ROLL] k=10  λ=0.0  rb  kmeans  pyvrp  P≈0.002913
04:49:04 | i 30 | [Phase 1/3] decompose  0.85s / — / —  λ=0.0  rb kmeans
04:50:06 | i 30 | [Phase 2/3] route  61.54s / 45.00s / 136.7%  pyvrp  k=10
04:50:59 | i 29 | [ ASYNC BG] bg_ails  115.24s / 109.51s / 105.2%
04:50:59 | i 30 | [HAOS ROLL] k=10  λ=0.0  rb  kmeans  pyvrp  P≈0.002913
04:50:59 | i 30 | [ Summary ] cost=62186.00  Δ_S*=+0.82%  Δ_BKS=+1.23%  Δ_S*_BKS=+0.41%  no_improve=14
04:50:59 | i 31 | [HAOS ROLL] k=2  λ=0.0  rb  ac_avg  filo  P≈0.001276
04:51:00 | i 31 | [Phase 1/3] decompose  0.85s / — / —  λ=0.0  rb ac_avg
04:54:16 | i 31 | [Phase 2/3] route  196.58s / 196.44s / 100.1%  filo  k=2
04:54:16 | i 30 | [ ASYNC BG] bg_ails  83.09s / 77.17s / 107.7%
04:54:16 | i 31 | [HAOS ROLL] k=2  λ=0.0  rb  ac_avg  filo  P≈0.001276
04:54:16 | i 31 | [ Summary ] cost=61809.00  Δ_S*=+0.20%  Δ_BKS=+0.62%  Δ_S*_BKS=+0.41%  no_improve=16
04:54:16 | i 32 | [HAOS ROLL] k=4  λ=0.6  vb  fcm  filo  P≈0.000344
04:54:18 | i 32 | [Phase 1/3] decompose  1.23s / — / —  λ=0.6  vb fcm
04:56:29 | i 32 | [Phase 2/3] route  131.33s / 130.74s / 100.4%  filo  k=4
04:57:34 | i 31 | [ ASYNC BG] bg_ails  197.24s / 191.73s / 102.9%
04:57:34 | i 32 | [HAOS ROLL] k=4  λ=0.6  vb  fcm  filo  P≈0.000344
04:57:34 | i 32 | [ Summary ] cost=62649.00  Δ_S*=+1.57%  Δ_BKS=+1.98%  Δ_S*_BKS=+0.41%  no_improve=18
04:57:34 | i 33 | [HAOS ROLL] k=3  λ=0.6  rb  kmeans  filo2  P≈0.002849
04:57:35 | i 33 | [Phase 1/3] decompose  1.16s / — / —  λ=0.6  rb kmeans
04:59:44 | i 33 | [Phase 2/3] route  129.31s / 129.18s / 100.1%  filo2  k=3
04:59:47 | i 32 | [ ASYNC BG] bg_ails  133.42s / 127.60s / 104.6%
04:59:47 | i 33 | [HAOS ROLL] k=3  λ=0.6  rb  kmeans  filo2  P≈0.002849
04:59:47 | i 33 | [ Summary ] cost=61889.00  Δ_S*=+0.33%  Δ_BKS=+0.75%  Δ_S*_BKS=+0.41%  no_improve=20
04:59:47 | i 34 | [HAOS ROLL] k=4  λ=0.0  rb  ac_avg  filo2  P≈0.001786
04:59:48 | i 34 | [Phase 1/3] decompose  0.87s / — / —  λ=0.0  rb ac_avg
05:01:40 | i 34 | [Phase 2/3] route  112.28s / 112.20s / 100.1%  filo2  k=4
05:01:59 | i 33 | [ ASYNC BG] bg_ails  132.37s / 126.08s / 105.0%
05:01:59 | i 34 | [HAOS ROLL] k=4  λ=0.0  rb  ac_avg  filo2  P≈0.001786
05:01:59 | i 34 | [ Summary ] cost=61777.00  Δ_S*=+0.15%  Δ_BKS=+0.56%  Δ_S*_BKS=+0.41%  no_improve=22
05:01:59 | i 35 | [HAOS ROLL] k=8  λ=0.6  rb  ac_complete  pyvrp  P≈0.005058
05:02:01 | i 35 | [Phase 1/3] decompose  1.16s / — / —  λ=0.6  rb ac_complete
05:03:11 | i 35 | [Phase 2/3] route  69.88s / 44.82s / 155.9%  pyvrp  k=8
05:03:55 | i 34 | [ ASYNC BG] bg_ails  115.27s / 109.51s / 105.3%
05:03:55 | i 35 | [HAOS ROLL] k=8  λ=0.6  rb  ac_complete  pyvrp  P≈0.005058
05:03:55 | i 35 | [ Summary ] cost=62086.00  Δ_S*=+0.65%  Δ_BKS=+1.07%  Δ_S*_BKS=+0.41%  no_improve=24
05:03:55 | i 36 | [HAOS ROLL] k=4  λ=1.0  rb  kmeans  pyvrp  P≈0.002136
05:03:56 | i 36 | [Phase 1/3] decompose  1.14s / — / —  λ=1.0  rb kmeans
05:05:09 | i 36 | [Phase 2/3] route  73.30s / 69.66s / 105.2%  pyvrp  k=4
05:05:13 | i 35 | [ ASYNC BG] bg_ails  78.42s / 72.83s / 107.7%
05:05:13 | i 36 | [HAOS ROLL] k=4  λ=1.0  rb  kmeans  pyvrp  P≈0.002136
05:05:13 | i 36 | [ Summary ] cost=62074.00  Δ_S*=+0.63%  Δ_BKS=+1.05%  Δ_S*_BKS=+0.41%  no_improve=26
05:05:13 | i 32 | [ASYNC 1/2] sp_sc  16.93s / 720.00s / 2.4%  SP  avg_coverage=61.83/5  pool=2999
05:05:13 | i 32 | [ASYNC 2/2] standard_ails  365.12s / 360.00s / 101.4%
05:05:19 | i 32 | [ IMPROVE ] 61642.00  via standard_ails  ·  Δ_BKS=+0.34%
05:05:19 | i 37 | [HAOS ROLL] k=8  λ=1.0  vb  ac_complete  pyvrp  P≈0.000319
05:05:21 | i 37 | [Phase 1/3] decompose  1.68s / — / —  λ=1.0  vb ac_complete
05:07:13 | i 37 | [Phase 2/3] route  111.99s / 104.64s / 107.0%  pyvrp  k=8
05:07:13 | i 36 | [ ASYNC BG] bg_ails  73.40s / 67.99s / 108.0%
05:07:13 | i 37 | [HAOS ROLL] k=8  λ=1.0  vb  ac_complete  pyvrp  P≈0.000319
05:07:13 | i 37 | [ Summary ] cost=66804.00  Δ_S*=+8.37%  Δ_BKS=+8.75%  Δ_S*_BKS=+0.34%  no_improve=2
05:07:13 | i 38 | [HAOS ROLL] k=6  λ=0.6  vb  ac_complete  pyvrp  P≈0.000315
05:07:15 | i 38 | [Phase 1/3] decompose  1.84s / — / —  λ=0.6  vb ac_complete
05:09:03 | i 38 | [Phase 2/3] route  108.06s / 101.22s / 106.8%  pyvrp  k=6
05:09:24 | i 37 | [ ASYNC BG] bg_ails  130.51s / 124.99s / 104.4%
05:09:24 | i 38 | [HAOS ROLL] k=6  λ=0.6  vb  ac_complete  pyvrp  P≈0.000315
05:09:24 | i 38 | [ Summary ] cost=65130.00  Δ_S*=+5.66%  Δ_BKS=+6.02%  Δ_S*_BKS=+0.34%  no_improve=4
05:09:24 | i 39 | [HAOS ROLL] k=8  λ=0.6  rb  kmeans  ails2  P≈0.005530
05:09:25 | i 39 | [Phase 1/3] decompose  1.14s / — / —  λ=0.6  rb kmeans
05:10:18 | i 39 | [Phase 2/3] route  52.80s / 45.06s / 117.2%  ails2  k=8
05:11:08 | i 38 | [ ASYNC BG] bg_ails  104.46s / 98.79s / 105.7%
05:11:08 | i 39 | [HAOS ROLL] k=8  λ=0.6  rb  kmeans  ails2  P≈0.005530
05:11:08 | i 39 | [ Summary ] cost=61778.00  Δ_S*=+0.22%  Δ_BKS=+0.56%  Δ_S*_BKS=+0.34%  no_improve=6
05:11:08 | i 40 | [HAOS ROLL] k=6  λ=0.6  rb  ac_complete  ails2  P≈0.000597
05:11:09 | i 40 | [Phase 1/3] decompose  1.12s / — / —  λ=0.6  rb ac_complete
05:12:53 | i 40 | [Phase 2/3] route  103.96s / 101.28s / 102.6%  ails2  k=6
05:12:53 | i 39 | [ ASYNC BG] bg_ails  66.41s / 60.00s / 110.7%
05:12:53 | i 40 | [HAOS ROLL] k=6  λ=0.6  rb  ac_complete  ails2  P≈0.000597
05:12:53 | i 40 | [ Summary ] cost=61831.00  Δ_S*=+0.31%  Δ_BKS=+0.65%  Δ_S*_BKS=+0.34%  no_improve=8
05:12:53 | i 41 | [HAOS ROLL] k=8  λ=0.6  rb  ac_complete  pyvrp  P≈0.012752
05:12:54 | i 41 | [Phase 1/3] decompose  1.13s / — / —  λ=0.6  rb ac_complete
05:14:05 | i 41 | [Phase 2/3] route  70.43s / 67.14s / 104.9%  pyvrp  k=8
05:14:38 | i 40 | [ ASYNC BG] bg_ails  104.41s / 98.85s / 105.6%
05:14:38 | i 41 | [HAOS ROLL] k=8  λ=0.6  rb  ac_complete  pyvrp  P≈0.012752
05:14:38 | i 41 | [ Summary ] cost=62255.00  Δ_S*=+0.99%  Δ_BKS=+1.34%  Δ_S*_BKS=+0.34%  no_improve=10
05:14:38 | i 42 | [HAOS ROLL] k=3  λ=0.2  rb  ac_complete  ails2  P≈0.000137
05:14:39 | i 42 | [Phase 1/3] decompose  1.14s / — / —  λ=0.2  rb ac_complete
05:16:50 | i 42 | [Phase 2/3] route  131.43s / 129.36s / 101.6%  ails2  k=3
05:16:50 | i 41 | [ ASYNC BG] bg_ails  93.44s / 87.25s / 107.1%
05:16:50 | i 42 | [HAOS ROLL] k=3  λ=0.2  rb  ac_complete  ails2  P≈0.000137
05:16:50 | i 42 | [ Summary ] cost=61823.00  Δ_S*=+0.29%  Δ_BKS=+0.64%  Δ_S*_BKS=+0.34%  no_improve=12
05:16:50 | i 43 | [HAOS ROLL] k=6  λ=0.4  rb  ac_avg  pyvrp  P≈0.000895
05:16:52 | i 43 | [Phase 1/3] decompose  1.16s / — / —  λ=0.4  rb ac_avg
05:18:21 | i 43 | [Phase 2/3] route  89.49s / 84.30s / 106.2%  pyvrp  k=6
05:19:03 | i 42 | [ ASYNC BG] bg_ails  132.59s / 126.26s / 105.0%
05:19:03 | i 43 | [HAOS ROLL] k=6  λ=0.4  rb  ac_avg  pyvrp  P≈0.000895
05:19:03 | i 43 | [ Summary ] cost=61886.00  Δ_S*=+0.40%  Δ_BKS=+0.74%  Δ_S*_BKS=+0.34%  no_improve=14
05:19:03 | i 44 | [HAOS ROLL] k=8  λ=0.0  rb  ac_avg  pyvrp  P≈0.007708
05:19:04 | i 44 | [Phase 1/3] decompose  0.89s / — / —  λ=0.0  rb ac_avg
05:20:08 | i 44 | [Phase 2/3] route  64.50s / 61.56s / 104.8%  pyvrp  k=8
05:20:31 | i 43 | [ ASYNC BG] bg_ails  88.45s / 82.28s / 107.5%
05:20:31 | i 44 | [HAOS ROLL] k=8  λ=0.0  rb  ac_avg  pyvrp  P≈0.007708
05:20:31 | i 44 | [ Summary ] cost=61942.00  Δ_S*=+0.49%  Δ_BKS=+0.83%  Δ_S*_BKS=+0.34%  no_improve=16
05:20:31 | i 45 | [HAOS ROLL] k=8  λ=0.6  rb  kmeans  ails2  P≈0.010133
05:20:33 | i 45 | [Phase 1/3] decompose  1.17s / — / —  λ=0.6  rb kmeans
05:21:31 | i 45 | [Phase 2/3] route  58.11s / 56.70s / 102.5%  ails2  k=8
05:21:40 | i 44 | [ ASYNC BG] bg_ails  68.81s / 62.60s / 109.9%
05:21:40 | i 45 | [HAOS ROLL] k=8  λ=0.6  rb  kmeans  ails2  P≈0.010133
05:21:40 | i 45 | [ Summary ] cost=61833.00  Δ_S*=+0.31%  Δ_BKS=+0.65%  Δ_S*_BKS=+0.34%  no_improve=18
05:21:40 | i 46 | [HAOS ROLL] k=8  λ=1.0  vb  ac_avg  filo2  P≈0.000194
05:21:42 | i 46 | [Phase 1/3] decompose  1.79s / — / —  λ=1.0  vb ac_avg
05:23:52 | i 46 | [Phase 2/3] route  130.34s / 130.26s / 100.1%  filo2  k=8
05:23:52 | i 45 | [ ASYNC BG] bg_ails  69.66s / 63.53s / 109.6%
05:23:52 | i 46 | [HAOS ROLL] k=8  λ=1.0  vb  ac_avg  filo2  P≈0.000194
05:23:53 | i 46 | [ Summary ] cost=66630.00  Δ_S*=+8.09%  Δ_BKS=+8.46%  Δ_S*_BKS=+0.34%  no_improve=20
05:23:53 | i 47 | [HAOS ROLL] k=8  λ=1.0  rb  ac_avg  ails2  P≈0.001458
05:23:54 | i 47 | [Phase 1/3] decompose  1.16s / — / —  λ=1.0  rb ac_avg
05:24:57 | i 47 | [Phase 2/3] route  63.25s / 61.56s / 102.8%  ails2  k=8
05:25:55 | i 46 | [ ASYNC BG] bg_ails  122.57s / 116.53s / 105.2%
05:25:55 | i 47 | [HAOS ROLL] k=8  λ=1.0  rb  ac_avg  ails2  P≈0.001458
05:25:55 | i 47 | [ Summary ] cost=61758.00  Δ_S*=+0.19%  Δ_BKS=+0.53%  Δ_S*_BKS=+0.34%  no_improve=22
05:25:55 | i 48 | [HAOS ROLL] k=6  λ=0.0  vb  ac_avg  filo2  P≈0.000181
05:25:57 | i 48 | [Phase 1/3] decompose  1.60s / — / —  λ=0.0  vb ac_avg
05:28:09 | i 48 | [Phase 2/3] route  132.34s / 132.18s / 100.1%  filo2  k=6
05:28:09 | i 47 | [ ASYNC BG] bg_ails  68.43s / 62.60s / 109.3%
05:28:09 | i 48 | [HAOS ROLL] k=6  λ=0.0  vb  ac_avg  filo2  P≈0.000181
05:28:09 | i 48 | [ Summary ] cost=64766.00  Δ_S*=+5.07%  Δ_BKS=+5.43%  Δ_S*_BKS=+0.34%  no_improve=24
05:28:09 | i 43 | [ASYNC 1/2] sp_sc  87.14s / 720.00s / 12.1%  SP  avg_coverage=83.98/5  pool=4064
05:28:09 | i 43 | [ASYNC 2/2] standard_ails  365.68s / 360.00s / 101.6%
05:28:20 | i 43 | [ IMPROVE ] 61637.00  via standard_ails  ·  Δ_BKS=+0.34%
05:28:20 | i 49 | [HAOS ROLL] k=8  λ=1.0  rb  kmeans  filo2  P≈0.005559
05:28:21 | i 49 | [Phase 1/3] decompose  1.13s / — / —  λ=1.0  rb kmeans
05:29:29 | i 49 | [Phase 2/3] route  67.16s / 53.88s / 124.6%  filo2  k=8
05:30:24 | i 48 | [ ASYNC BG] bg_ails  135.13s / 129.01s / 104.7%
05:30:24 | i 49 | [HAOS ROLL] k=8  λ=1.0  rb  kmeans  filo2  P≈0.005559
05:30:24 | i 49 | [ Summary ] cost=61906.00  Δ_S*=+0.44%  Δ_BKS=+0.77%  Δ_S*_BKS=+0.34%  no_improve=2
05:30:24 | i 50 | [HAOS ROLL] k=6  λ=0.0  rb  kmeans  pyvrp  P≈0.003372
05:30:25 | i 50 | [Phase 1/3] decompose  0.86s / — / —  λ=0.0  rb kmeans
05:31:38 | i 50 | [Phase 2/3] route  73.15s / 69.48s / 105.3%  pyvrp  k=6
05:31:46 | i 49 | [ ASYNC BG] bg_ails  81.60s / 75.83s / 107.6%
05:31:46 | i 50 | [HAOS ROLL] k=6  λ=0.0  rb  kmeans  pyvrp  P≈0.003372
05:31:46 | i 50 | [ Summary ] cost=61943.00  Δ_S*=+0.50%  Δ_BKS=+0.83%  Δ_S*_BKS=+0.34%  no_improve=4
05:31:46 | i 51 | [HAOS ROLL] k=6  λ=1.0  vb  kmeans  pyvrp  P≈0.000290
05:31:47 | i 51 | [Phase 1/3] decompose  1.13s / — / —  λ=1.0  vb kmeans
05:33:00 | i 51 | [Phase 2/3] route  73.11s / 69.48s / 105.2%  pyvrp  k=6
05:33:00 | i 50 | [ ASYNC BG] bg_ails  73.24s / 67.81s / 108.0%
05:33:00 | i 51 | [HAOS ROLL] k=6  λ=1.0  vb  kmeans  pyvrp  P≈0.000290
05:33:00 | i 51 | [ Summary ] cost=65123.00  Δ_S*=+5.66%  Δ_BKS=+6.01%  Δ_S*_BKS=+0.34%  no_improve=6
05:33:00 | i 52 | [HAOS ROLL] k=8  λ=0.2  rb  kmeans  pyvrp  P≈0.005899
05:33:01 | i 52 | [Phase 1/3] decompose  1.13s / — / —  λ=0.2  rb kmeans
05:34:04 | i 52 | [Phase 2/3] route  63.01s / 44.64s / 141.1%  pyvrp  k=8
05:34:14 | i 51 | [ ASYNC BG] bg_ails  73.42s / 67.81s / 108.3%
05:34:14 | i 52 | [HAOS ROLL] k=8  λ=0.2  rb  kmeans  pyvrp  P≈0.005899
05:34:14 | i 52 | [ Summary ] cost=62013.00  Δ_S*=+0.61%  Δ_BKS=+0.95%  Δ_S*_BKS=+0.34%  no_improve=8
05:34:14 | i 53 | [HAOS ROLL] k=8  λ=0.6  rb  kmeans  pyvrp  P≈0.031455
05:34:15 | i 53 | [Phase 1/3] decompose  1.15s / — / —  λ=0.6  rb kmeans
05:35:11 | i 53 | [Phase 2/3] route  56.32s / 53.88s / 104.5%  pyvrp  k=8
05:35:27 | i 52 | [ ASYNC BG] bg_ails  73.50s / 67.87s / 108.3%
05:35:27 | i 53 | [HAOS ROLL] k=8  λ=0.6  rb  kmeans  pyvrp  P≈0.031455
05:35:27 | i 53 | [ Summary ] cost=62023.00  Δ_S*=+0.63%  Δ_BKS=+0.96%  Δ_S*_BKS=+0.34%  no_improve=10
05:35:27 | i 54 | [HAOS ROLL] k=8  λ=0.0  rb  ac_complete  pyvrp  P≈0.006789
05:35:28 | i 54 | [Phase 1/3] decompose  0.96s / — / —  λ=0.0  rb ac_complete
05:36:39 | i 54 | [Phase 2/3] route  70.58s / 67.14s / 105.1%  pyvrp  k=8
05:36:44 | i 53 | [ ASYNC BG] bg_ails  76.45s / 70.87s / 107.9%
05:36:44 | i 54 | [HAOS ROLL] k=8  λ=0.0  rb  ac_complete  pyvrp  P≈0.006789
05:36:44 | i 54 | [ Summary ] cost=62035.00  Δ_S*=+0.65%  Δ_BKS=+0.98%  Δ_S*_BKS=+0.34%  no_improve=12
05:36:44 | i 55 | [HAOS ROLL] k=6  λ=0.0  rb  ac_complete  pyvrp  P≈0.002563
05:36:45 | i 55 | [Phase 1/3] decompose  0.90s / — / —  λ=0.0  rb ac_complete
05:38:33 | i 55 | [Phase 2/3] route  108.13s / 101.28s / 106.8%  pyvrp  k=6
05:38:33 | i 54 | [ ASYNC BG] bg_ails  93.24s / 87.25s / 106.9%
05:38:33 | i 55 | [HAOS ROLL] k=6  λ=0.0  rb  ac_complete  pyvrp  P≈0.002563
05:38:33 | i 55 | [ Summary ] cost=62055.00  Δ_S*=+0.68%  Δ_BKS=+1.02%  Δ_S*_BKS=+0.34%  no_improve=14
05:38:33 | i 56 | [HAOS ROLL] k=6  λ=0.8  rb  ac_avg  ails2  P≈0.000442
05:38:34 | i 56 | [Phase 1/3] decompose  1.14s / — / —  λ=0.8  rb ac_avg
05:40:01 | i 56 | [Phase 2/3] route  86.68s / 84.30s / 102.8%  ails2  k=6
05:40:17 | i 55 | [ ASYNC BG] bg_ails  104.12s / 98.85s / 105.3%
05:40:17 | i 56 | [HAOS ROLL] k=6  λ=0.8  rb  ac_avg  ails2  P≈0.000442
05:40:17 | i 56 | [ Summary ] cost=61780.00  Δ_S*=+0.23%  Δ_BKS=+0.57%  Δ_S*_BKS=+0.34%  no_improve=16
05:40:17 | i 57 | [HAOS ROLL] k=6  λ=0.8  rb  ac_avg  filo  P≈0.000477
05:40:18 | i 57 | [Phase 1/3] decompose  1.15s / — / —  λ=0.8  rb ac_avg
05:41:43 | i 57 | [Phase 2/3] route  84.22s / 84.30s / 99.9%  filo  k=6
05:41:45 | i 56 | [ ASYNC BG] bg_ails  88.43s / 82.28s / 107.5%
05:41:45 | i 57 | [HAOS ROLL] k=6  λ=0.8  rb  ac_avg  filo  P≈0.000477
05:41:45 | i 57 | [ Summary ] cost=61761.00  Δ_S*=+0.20%  Δ_BKS=+0.54%  Δ_S*_BKS=+0.34%  no_improve=18
05:41:45 | i 58 | [HAOS ROLL] k=8  λ=1.0  rb  ac_complete  pyvrp  P≈0.006916
05:41:47 | i 58 | [Phase 1/3] decompose  1.15s / — / —  λ=1.0  rb ac_complete
05:42:57 | i 58 | [Phase 2/3] route  70.80s / 67.14s / 105.5%  pyvrp  k=8
05:43:14 | i 57 | [ ASYNC BG] bg_ails  88.50s / 82.28s / 107.6%
05:43:14 | i 58 | [HAOS ROLL] k=8  λ=1.0  rb  ac_complete  pyvrp  P≈0.006916
05:43:14 | i 58 | [ Summary ] cost=62043.00  Δ_S*=+0.66%  Δ_BKS=+1.00%  Δ_S*_BKS=+0.34%  no_improve=20
05:43:14 | i 59 | [HAOS ROLL] k=4  λ=0.8  rb  ac_avg  filo  P≈0.000346
05:43:15 | i 59 | [Phase 1/3] decompose  1.26s / — / —  λ=0.8  rb ac_avg
05:45:25 | i 59 | [Phase 2/3] route  129.32s / 129.36s / 100.0%  filo  k=4
05:45:25 | i 58 | [ ASYNC BG] bg_ails  93.46s / 87.25s / 107.1%
05:45:25 | i 59 | [HAOS ROLL] k=4  λ=0.8  rb  ac_avg  filo  P≈0.000346
05:45:25 | i 59 | [ Summary ] cost=61798.00  Δ_S*=+0.26%  Δ_BKS=+0.60%  Δ_S*_BKS=+0.34%  no_improve=22
05:45:25 | i 60 | [HAOS ROLL] k=6  λ=0.0  rb  kmeans  ails2  P≈0.002246
05:45:26 | i 60 | [Phase 1/3] decompose  0.86s / — / —  λ=0.0  rb kmeans
05:46:37 | i 60 | [Phase 2/3] route  71.56s / 69.48s / 103.0%  ails2  k=6
05:47:37 | i 59 | [ ASYNC BG] bg_ails  132.81s / 126.26s / 105.2%
05:47:37 | i 60 | [HAOS ROLL] k=6  λ=0.0  rb  kmeans  ails2  P≈0.002246
05:47:38 | i 60 | [ Summary ] cost=61932.00  Δ_S*=+0.48%  Δ_BKS=+0.82%  Δ_S*_BKS=+0.34%  no_improve=24
05:47:38 | i 61 | [HAOS ROLL] k=8  λ=0.6  rb  ac_complete  pyvrp  P≈0.013227
05:47:39 | i 61 | [Phase 1/3] decompose  1.15s / — / —  λ=0.6  rb ac_complete
05:48:49 | i 61 | [Phase 2/3] route  70.63s / 67.14s / 105.2%  pyvrp  k=8
05:48:51 | i 60 | [ ASYNC BG] bg_ails  73.16s / 67.81s / 107.9%
05:48:51 | i 61 | [HAOS ROLL] k=8  λ=0.6  rb  ac_complete  pyvrp  P≈0.013227
05:48:51 | i 61 | [ Summary ] cost=61899.00  Δ_S*=+0.43%  Δ_BKS=+0.76%  Δ_S*_BKS=+0.34%  no_improve=26
05:48:51 | i 62 | [HAOS ROLL] k=6  λ=0.0  rb  kmeans  pyvrp  P≈0.006319
05:48:52 | i 62 | [Phase 1/3] decompose  0.87s / — / —  λ=0.0  rb kmeans
05:50:05 | i 62 | [Phase 2/3] route  73.38s / 69.48s / 105.6%  pyvrp  k=6
05:50:24 | i 61 | [ ASYNC BG] bg_ails  93.42s / 87.25s / 107.1%
05:50:24 | i 62 | [HAOS ROLL] k=6  λ=0.0  rb  kmeans  pyvrp  P≈0.006319
05:50:24 | i 62 | [ Summary ] cost=61995.00  Δ_S*=+0.58%  Δ_BKS=+0.92%  Δ_S*_BKS=+0.34%  no_improve=28
05:50:24 | i 63 | [HAOS ROLL] k=6  λ=1.0  rb  ac_avg  ails2  P≈0.001455
05:50:25 | i 63 | [Phase 1/3] decompose  1.14s / — / —  λ=1.0  rb ac_avg
05:51:52 | i 63 | [Phase 2/3] route  86.51s / 84.30s / 102.6%  ails2  k=6
05:51:52 | i 62 | [ ASYNC BG] bg_ails  73.09s / 67.81s / 107.8%
05:51:52 | i 63 | [HAOS ROLL] k=6  λ=1.0  rb  ac_avg  ails2  P≈0.001455
05:51:52 | i 63 | [ Summary ] cost=61808.00  Δ_S*=+0.28%  Δ_BKS=+0.61%  Δ_S*_BKS=+0.34%  no_improve=30
05:51:52 | i 64 | [HAOS ROLL] k=3  λ=0.0  rb  kmeans  pyvrp  P≈0.002442
05:51:53 | i 64 | [Phase 1/3] decompose  0.96s / — / —  λ=0.0  rb kmeans
05:54:13 | i 64 | [Phase 2/3] route  140.38s / 129.36s / 108.5%  pyvrp  k=3
05:54:13 | i 63 | [ ASYNC BG] bg_ails  88.47s / 82.28s / 107.5%
05:54:13 | i 64 | [HAOS ROLL] k=3  λ=0.0  rb  kmeans  pyvrp  P≈0.002442
05:54:13 | i 64 | [ Summary ] cost=62024.00  Δ_S*=+0.63%  Δ_BKS=+0.97%  Δ_S*_BKS=+0.34%  no_improve=32
05:54:14 | i 56 | [ASYNC 1/2] sp_sc  362.45s / 720.00s / 50.3%  SP  avg_coverage=109.21/5  pool=5279
05:54:14 | i 56 | [ASYNC 2/2] standard_ails  365.15s / 360.00s / 101.4%
05:54:33 | i 56 | [ IMPROVE ] 61607.00  via standard_ails  ·  Δ_BKS=+0.29%
05:54:33 | i 65 | [HAOS ROLL] k=6  λ=0.6  rb  ac_complete  filo2  P≈0.002731
05:54:34 | i 65 | [Phase 1/3] decompose  1.10s / — / —  λ=0.6  rb ac_complete
05:55:48 | i 65 | [Phase 2/3] route  74.19s / 73.74s / 100.6%  filo2  k=6
05:56:25 | i 64 | [ ASYNC BG] bg_ails  132.11s / 126.26s / 104.6%
05:56:25 | i 65 | [HAOS ROLL] k=6  λ=0.6  rb  ac_complete  filo2  P≈0.002731
05:56:26 | i 65 | [ Summary ] cost=61812.00  Δ_S*=+0.33%  Δ_BKS=+0.62%  Δ_S*_BKS=+0.29%  no_improve=2
05:56:26 | i 66 | [HAOS ROLL] k=6  λ=0.6  rb  ac_complete  pyvrp  P≈0.011128
05:56:27 | i 66 | [Phase 1/3] decompose  1.12s / — / —  λ=0.6  rb ac_complete
05:57:45 | i 66 | [Phase 2/3] route  78.26s / 73.74s / 106.1%  pyvrp  k=6
05:57:45 | i 65 | [ ASYNC BG] bg_ails  77.56s / 71.97s / 107.8%
05:57:45 | i 66 | [HAOS ROLL] k=6  λ=0.6  rb  ac_complete  pyvrp  P≈0.011128
05:57:45 | i 66 | [ Summary ] cost=62075.00  Δ_S*=+0.76%  Δ_BKS=+1.05%  Δ_S*_BKS=+0.29%  no_improve=4
05:57:45 | i 67 | [HAOS ROLL] k=8  λ=0.6  rb  ac_complete  pyvrp  P≈0.019974
05:57:46 | i 67 | [Phase 1/3] decompose  1.15s / — / —  λ=0.6  rb ac_complete
05:58:45 | i 67 | [Phase 2/3] route  58.35s / 55.62s / 104.9%  pyvrp  k=8
05:59:03 | i 66 | [ ASYNC BG] bg_ails  77.57s / 71.97s / 107.8%
05:59:03 | i 67 | [HAOS ROLL] k=8  λ=0.6  rb  ac_complete  pyvrp  P≈0.019974
05:59:03 | i 67 | [ Summary ] cost=62116.00  Δ_S*=+0.83%  Δ_BKS=+1.12%  Δ_S*_BKS=+0.29%  no_improve=6
05:59:03 | i 68 | [HAOS ROLL] k=8  λ=0.0  rb  kmeans  ails2  P≈0.005355
05:59:04 | i 68 | [Phase 1/3] decompose  0.83s / — / —  λ=0.0  rb kmeans
06:00:01 | i 68 | [Phase 2/3] route  57.18s / 45.66s / 125.2%  ails2  k=8
06:00:01 | i 68 | [HAOS ROLL] k=8  λ=0.0  rb  kmeans  ails2  P≈0.005355
06:00:01 | i 68 | [ Summary ] cost=61850.00  Δ_S*=+0.39%  Δ_BKS=+0.68%  Δ_S*_BKS=+0.29%  no_improve=7
06:00:01 | i — | [  FINAL  ] async BG-AILS totals launched=66 applied=66 adopted=2 launch_skipped_cap=2 crashes=0 discarded_in_flight=False block_wait_total_s=1221.7
06:00:01 | i — | [  FINAL  ] async SP/SC totals invocations=5 adopted=5 skipped=0 discarded_in_flight=False sp_busy_frac=0.36139031527431187
06:00:01 | i — | [  FINAL  ] ════════════════════════════════════════
06:00:01 | i — | [  FINAL  ] Run complete  iterations=68  elapsed=02:00:28  best=61607.00
06:00:01 | i — | [  FINAL  ] Δ_BKS=+0.29%  no_improve_stop=False  time_stop=True  cancelled=False
06:00:01 | i — | [  FINAL  ] 
06:00:01 | i — | [  FINAL  ] [BEST SOLUTION — HAOS TAG SUMMARY]
06:00:01 | i — | [  FINAL  ] ────────────────────────────────────────
06:00:01 | i — | [  FINAL  ]   48 routes  post-SP/SC improvement
06:00:01 | i — | [  FINAL  ] 
06:00:01 | i — | [  FINAL  ] [ROUTE POOL — HAOS TAG SUMMARY]
06:00:01 | i — | [  FINAL  ] ────────────────────────────────────────
06:00:01 | i — | [  FINAL  ]   419 routes  rb  ac_complete  k=8  λ=0.6  solver=pyvrp
06:00:01 | i — | [  FINAL  ]   283 routes  rb  kmeans  k=6  λ=0.0  solver=pyvrp
06:00:01 | i — | [  FINAL  ]   194 routes  vb  kmeans  k=6  λ=0.6  solver=filo
06:00:01 | i — | [  FINAL  ]   187 routes  rb  ac_avg  k=8  λ=0.0  solver=pyvrp
06:00:01 | i — | [  FINAL  ]   184 routes  rb  ac_complete  k=8  λ=0.0  solver=pyvrp
06:00:01 | i — | [  FINAL  ]   181 routes  rb  kmeans  k=8  λ=0.6  solver=filo
06:00:01 | i — | [  FINAL  ]   181 routes  rb  kmeans  k=8  λ=0.6  solver=ails2
06:00:01 | i — | [  FINAL  ]   180 routes  rb  kmeans  k=8  λ=0.6  solver=filo2
06:00:01 | i — | [  FINAL  ]   103 routes  vb  ac_avg  k=10  λ=0.6  solver=filo2
06:00:01 | i — | [  FINAL  ]   103 routes  vb  fcm  k=12  λ=0.8  solver=filo2
06:00:01 | i — | [  FINAL  ]   101 routes  vb  kmeans  k=10  λ=0.6  solver=ails2
06:00:01 | i — | [  FINAL  ]   101 routes  vb  kmeans  k=12  λ=0.6  solver=pyvrp
06:00:01 | i — | [  FINAL  ]   98 routes  vb  ac_avg  k=6  λ=0.2  solver=filo
06:00:01 | i — | [  FINAL  ]   98 routes  vb  ac_complete  k=6  λ=0.6  solver=pyvrp
06:00:01 | i — | [  FINAL  ]   98 routes  vb  kmeans  k=6  λ=1.0  solver=pyvrp
06:00:01 | i — | [  FINAL  ]   97 routes  vb  ac_avg  k=3  λ=0.6  solver=filo
06:00:01 | i — | [  FINAL  ]   97 routes  vb  kmeans  k=6  λ=1.0  solver=ails2
06:00:01 | i — | [  FINAL  ]   97 routes  vb  fcm  k=4  λ=0.6  solver=filo
06:00:01 | i — | [  FINAL  ]   97 routes  vb  ac_complete  k=8  λ=1.0  solver=pyvrp
06:00:01 | i — | [  FINAL  ]   96 routes  rb  ac_avg  k=2  λ=0.4  solver=pyvrp
06:00:01 | i — | [  FINAL  ]   96 routes  vb  ac_avg  k=3  λ=0.6  solver=filo2
06:00:01 | i — | [  FINAL  ]   96 routes  vb  ac_avg  k=8  λ=1.0  solver=filo2
06:00:01 | i — | [  FINAL  ]   96 routes  vb  ac_avg  k=6  λ=0.0  solver=filo2
06:00:01 | i — | [  FINAL  ]   96 routes  rb  kmeans  k=3  λ=0.0  solver=pyvrp
06:00:01 | i — | [  FINAL  ]   95 routes  rb  ac_avg  k=2  λ=0.0  solver=filo
06:00:01 | i — | [  FINAL  ]   95 routes  rb  ac_avg  k=6  λ=0.4  solver=pyvrp
06:00:01 | i — | [  FINAL  ]   95 routes  rb  ac_complete  k=6  λ=0.0  solver=pyvrp
06:00:01 | i — | [  FINAL  ]   95 routes  rb  ac_complete  k=8  λ=1.0  solver=pyvrp
06:00:01 | i — | [  FINAL  ]   94 routes  rb  kmeans  k=3  λ=0.6  solver=pyvrp
06:00:01 | i — | [  FINAL  ]   94 routes  rb  ac_complete  k=6  λ=0.6  solver=pyvrp
06:00:01 | i — | [  FINAL  ]   93 routes  rb  ac_complete  k=4  λ=0.8  solver=filo2
06:00:01 | i — | [  FINAL  ]   93 routes  rb  ac_avg  k=8  λ=0.6  solver=pyvrp
06:00:01 | i — | [  FINAL  ]   93 routes  rb  ac_complete  k=3  λ=0.2  solver=ails2
06:00:01 | i — | [  FINAL  ]   93 routes  rb  kmeans  k=8  λ=0.2  solver=pyvrp
06:00:01 | i — | [  FINAL  ]   93 routes  rb  kmeans  k=8  λ=0.6  solver=pyvrp
06:00:01 | i — | [  FINAL  ]   92 routes  rb  kmeans  k=6  λ=0.6  solver=filo
06:00:01 | i — | [  FINAL  ]   92 routes  rb  ac_avg  k=4  λ=0.0  solver=filo
06:00:01 | i — | [  FINAL  ]   92 routes  rb  kmeans  k=10  λ=0.0  solver=pyvrp
06:00:01 | i — | [  FINAL  ]   92 routes  rb  kmeans  k=3  λ=0.6  solver=filo2
06:00:01 | i — | [  FINAL  ]   92 routes  rb  kmeans  k=8  λ=1.0  solver=filo2
06:00:01 | i — | [  FINAL  ]   92 routes  rb  kmeans  k=6  λ=0.0  solver=ails2
06:00:01 | i — | [  FINAL  ]   92 routes  rb  ac_complete  k=6  λ=0.6  solver=filo2
06:00:01 | i — | [  FINAL  ]   91 routes  rb  kmeans  k=12  λ=0.0  solver=pyvrp
06:00:01 | i — | [  FINAL  ]   90 routes  rb  kmeans  k=10  λ=0.6  solver=filo
06:00:01 | i — | [  FINAL  ]   90 routes  rb  kmeans  k=10  λ=0.2  solver=filo
06:00:01 | i — | [  FINAL  ]   90 routes  rb  ac_complete  k=6  λ=0.6  solver=ails2
06:00:01 | i — | [  FINAL  ]   90 routes  rb  ac_avg  k=4  λ=0.8  solver=filo
06:00:01 | i — | [  FINAL  ]   89 routes  rb  kmeans  k=4  λ=1.0  solver=pyvrp
06:00:01 | i — | [  FINAL  ]   89 routes  rb  ac_avg  k=8  λ=1.0  solver=ails2
06:00:01 | i — | [  FINAL  ]   88 routes  rb  ac_avg  k=6  λ=0.8  solver=ails2
06:00:01 | i — | [  FINAL  ]   88 routes  rb  ac_avg  k=6  λ=0.8  solver=filo
06:00:01 | i — | [  FINAL  ]   87 routes  rb  ac_avg  k=4  λ=0.0  solver=filo2
06:00:01 | i — | [  FINAL  ]   86 routes  rb  ac_avg  k=6  λ=1.0  solver=ails2
06:00:01 | i — | [  FINAL  ]   81 routes  rb  kmeans  k=12  λ=0.2  solver=filo
06:00:01 | i — | [  FINAL  ]   80 routes  rb  kmeans  k=12  λ=0.0  solver=filo2
06:00:01 | i — | [  FINAL  ]   42 routes  rb  kmeans  k=8  λ=0.0  solver=ails2
06:00:01 | i — | [  FINAL  ]   142 routes  post-SP/SC improvement
06:00:01 | i — | [  FINAL  ] ════════════════════════════════════════
