04:48:35 | i — | [  INIT   ] ════════════════════════════════════════
04:48:35 | i — | [  INIT   ] DRISPI  instance=X-n2821-k208  n=2820  capacity=179
04:48:35 | i — | [  INIT   ] k domain (computed at init): [2, 3, 4, 6, 8, 10, 12]  k_ext=12  k_min=208  k_ext_bound=n_bound  spacing_rejected=0
04:48:35 | i — | [  INIT   ] ══════════════════════════════════════════════════════
04:48:35 | i — | [  INIT   ] CONFIGURATION
04:48:35 | i — | [  INIT   ] ── stopping ────────────────────────────────
04:48:35 | i — | [  INIT   ]   time_limit                  = 7200.0
04:48:35 | i — | [  INIT   ]   max_no_improve              = 1000000000
04:48:35 | i — | [  INIT   ] ── parallelism ─────────────────────────────
04:48:35 | i — | [  INIT   ]   n_workers                   = 8
04:48:35 | i — | [  INIT   ] ── cores ───────────────────────────────────
04:48:35 | i — | [  INIT   ]   cores_total                 = 8
04:48:35 | i — | [  INIT   ]   cores_dri                   = 6
04:48:35 | i — | [  INIT   ]   cores_bg                    = 1
04:48:35 | i — | [  INIT   ]   cores_sp                    = 1
04:48:35 | i — | [  INIT   ]   cores_cpu_list              = None
04:48:35 | i — | [  INIT   ] ── sp/sc ───────────────────────────────────
04:48:35 | i — | [  INIT   ]   sp_sc_mode                  = async
04:48:35 | i — | [  INIT   ]   sp_sc_trigger               = wallclock
04:48:35 | i — | [  INIT   ]   interval_minutes            = 20.0
04:48:35 | i — | [  INIT   ]   overlap_policy              = skip
04:48:35 | i — | [  INIT   ]   warmup_iterations           = 5
04:48:35 | i — | [  INIT   ]   sp_interval                 = 3
04:48:35 | i — | [  INIT   ]   min_coverage                = 5
04:48:35 | i — | [  INIT   ]   sp_time_limit               = 720.0
04:48:35 | i — | [  INIT   ]   mip_gap                     = 0.00025
04:48:35 | i — | [  INIT   ] ── decomposition ───────────────────────────
04:48:35 | i — | [  INIT   ]   decomp_k_base_arms          = [2, 3, 4, 6, 8, 10, 12]
04:48:35 | i — | [  INIT   ]   decomp_k_max_arms           = 10
04:48:35 | i — | [  INIT   ]   decomp_k_ext_per_1000       = 4
04:48:35 | i — | [  INIT   ]   decomp_k_min_routes_per_cluster= 8
04:48:35 | i — | [  INIT   ]   decomp_k_min_arm_spacing    = 2
04:48:35 | i — | [  INIT   ]   subcluster_rate_s_per_customer= 0.06
04:48:35 | i — | [  INIT   ]   subcluster_floor_s          = 5.0
04:48:35 | i — | [  INIT   ] ── bg_ails ─────────────────────────────────
04:48:35 | i — | [  INIT   ]   bg_ails_mode                = async
04:48:35 | i — | [  INIT   ]   bg_ails_crash_threshold     = 1
04:48:35 | i — | [  INIT   ]   bg_ails_budget_mode         = predicted_dr_wall
04:48:35 | i — | [  INIT   ]   bg_ails_budget_floor_s      = 60.0
04:48:35 | i — | [  INIT   ]   bg_ails_budget_margin       = 1.0
04:48:35 | i — | [  INIT   ]   bg_ails_wall_model_scale    = 0.976
04:48:35 | i — | [  INIT   ]   bg_ails_wall_model_wave_exponent= -0.18
04:48:35 | i — | [  INIT   ]   bg_ails_initial_omega       = 10
04:48:35 | i — | [  INIT   ]   bg_ails_boundary_threshold  = 0.5
04:48:35 | i — | [  INIT   ]   bg_ails_small_cluster_cap   = 20
04:48:35 | i — | [  INIT   ]   bg_ails_small_cluster_alpha = 0.5
04:48:35 | i — | [  INIT   ]   bg_ails_pair_selection      = greedy
04:48:35 | i — | [  INIT   ]   bg_ails_n_chains_mode       = k
04:48:35 | i — | [  INIT   ] ── standard_improvement ────────────────────
04:48:35 | i — | [  INIT   ]   standard_improvement_time_limit= 360.0
04:48:35 | i — | [  INIT   ] ── pool ────────────────────────────────────
04:48:35 | i — | [  INIT   ]   max_pool_size               = 10000
04:48:35 | i — | [  INIT   ]   pool_diversity_weight       = 0.5
04:48:35 | i — | [  INIT   ] ── haos ────────────────────────────────────
04:48:35 | i — | [  INIT   ]   haos_decay                  = 0.95
04:48:35 | i — | [  INIT   ]   haos_warmup                 = 10
04:48:35 | i — | [  INIT   ]   haos_starting_weight        = 10.0
04:48:35 | i — | [  INIT   ]   haos_min_weight_k           = 0.025
04:48:35 | i — | [  INIT   ]   haos_min_weight_lambda      = 0.05
04:48:35 | i — | [  INIT   ]   haos_min_weight_paradigm    = 0.1
04:48:35 | i — | [  INIT   ]   haos_min_weight_vertex_method= 0.05
04:48:35 | i — | [  INIT   ]   haos_min_weight_route_method= 0.05
04:48:35 | i — | [  INIT   ]   haos_min_weight_solver      = 0.05
04:48:35 | i — | [  INIT   ]   haos_lambda_demand_values   = [0.0, 0.2, 0.4, 0.6, 0.8, 1.0]
04:48:35 | i — | [  INIT   ]   haos_paradigm_values        = ['vertex', 'route']
04:48:35 | i — | [  INIT   ]   haos_vertex_method_values   = ['kmeans', 'agglomerative_avg', 'agglomerative_complete', 'kmedoids', 'fcm']
04:48:35 | i — | [  INIT   ]   haos_route_method_values    = ['kmeans', 'agglomerative_avg', 'agglomerative_complete']
04:48:35 | i — | [  INIT   ]   haos_solver_values          = ['pyvrp', 'filo', 'filo2', 'ails2']
04:48:35 | i — | [  INIT   ] ── haos_rewards ────────────────────────────
04:48:35 | i — | [  INIT   ]   haos_reward_new_best        = 10.0
04:48:35 | i — | [  INIT   ]   haos_reward_improvement     = 4.0
04:48:35 | i — | [  INIT   ]   haos_reward_no_improvement  = 1.0
04:48:35 | i — | [  INIT   ]   haos_reward_no_solution     = 0.0
04:48:35 | i — | [  INIT   ]   haos_deferred_new_best      = 7.0
04:48:35 | i — | [  INIT   ]   haos_deferred_improvement   = 3.0
04:48:35 | i — | [  INIT   ]   haos_deferred_no_improvement= 0.0
04:48:35 | i — | [  INIT   ] ── seed ────────────────────────────────────
04:48:35 | i — | [  INIT   ]   seed                        = 30
04:48:35 | i — | [  INIT   ] ── output ──────────────────────────────────
04:48:35 | i — | [  INIT   ]   output_dir                  = /app/artifacts/final_benchmark/runs/X-n2821-k208/seed30
04:48:35 | i — | [  INIT   ]   run_analysis                = False
04:48:35 | i — | [  INIT   ] ══════════════════════════════════════════════════════
04:48:35 | i — | [  INIT   ] BKS=216622.00
04:48:35 | i — | [  INIT   ] ════════════════════════════════════════
04:48:35 | i 1 | [HAOS ROLL] k=8  λ=1.0  vb  ac_avg  filo  P≈0.000595
04:48:39 | i 1 | [Phase 1/3] decompose  3.89s / — / —  λ=1.0  vb ac_avg
04:49:12 | i 1 | [Phase 2/3] route  33.50s / 28.62s / 117.1%  filo  k=8
04:49:12 | i 1 | [ IMPROVE ] 221504.00  via decompose_route  ·  Δ_BKS=+2.25%
04:49:12 | i 1 | [HAOS ROLL] k=8  λ=1.0  vb  ac_avg  filo  P≈0.000595
04:49:12 | i 1 | [ Summary ] cost=221504.00  Δ_S*=+0.00%  Δ_BKS=+2.25%  Δ_S*_BKS=+2.25%  no_improve=0
04:49:12 | i 2 | [HAOS ROLL] k=3  λ=1.0  rb  ac_complete  ails2  P≈0.000992
04:49:13 | i 2 | [Phase 1/3] decompose  0.60s / — / —  λ=1.0  rb ac_complete
04:50:24 | i 2 | [Phase 2/3] route  71.03s / 69.66s / 102.0%  ails2  k=3
04:50:24 | i 1 | [ IMPROVE ] 218075.00  via bg_ails  ·  Δ_BKS=+0.67%
04:50:24 | i 1 | [ ASYNC BG] bg_ails  64.39s / 60.00s / 107.3%
04:50:24 | i 2 | [HAOS ROLL] k=3  λ=1.0  rb  ac_complete  ails2  P≈0.000992
04:50:24 | i 2 | [ Summary ] cost=218587.00  Δ_S*=+0.23%  Δ_BKS=+0.91%  Δ_S*_BKS=+0.67%  no_improve=1
04:50:24 | i 3 | [HAOS ROLL] k=10  λ=0.4  vb  ac_complete  filo2  P≈0.000595
04:50:25 | i 3 | [Phase 1/3] decompose  0.78s / — / —  λ=0.4  vb ac_complete
04:51:00 | i 3 | [Phase 2/3] route  35.09s / 21.72s / 161.6%  filo2  k=10
04:51:35 | i 2 | [ IMPROVE ] 217737.00  via bg_ails  ·  Δ_BKS=+0.51%
04:51:35 | i 2 | [ ASYNC BG] bg_ails  71.36s / 67.99s / 105.0%
04:51:35 | i 3 | [HAOS ROLL] k=10  λ=0.4  vb  ac_complete  filo2  P≈0.000595
04:51:35 | i 3 | [ Summary ] cost=223040.00  Δ_S*=+2.44%  Δ_BKS=+2.96%  Δ_S*_BKS=+0.51%  no_improve=1
04:51:35 | i 4 | [HAOS ROLL] k=10  λ=0.8  vb  fcm  ails2  P≈0.000595
04:51:36 | i 4 | [Phase 1/3] decompose  0.78s / — / —  λ=0.8  vb fcm
04:52:14 | i 4 | [Phase 2/3] route  37.80s / 19.86s / 190.3%  ails2  k=10
04:52:39 | i 3 | [ ASYNC BG] bg_ails  64.34s / 60.00s / 107.2%
04:52:40 | i 4 | [HAOS ROLL] k=10  λ=0.8  vb  fcm  ails2  P≈0.000595
04:52:40 | i 4 | [ Summary ] cost=222009.00  Δ_S*=+1.96%  Δ_BKS=+2.49%  Δ_S*_BKS=+0.51%  no_improve=3
04:52:40 | i 5 | [HAOS ROLL] k=3  λ=0.8  vb  ac_complete  ails2  P≈0.000595
04:52:40 | i 5 | [Phase 1/3] decompose  0.79s / — / —  λ=0.8  vb ac_complete
04:54:08 | i 5 | [Phase 2/3] route  88.13s / 86.34s / 102.1%  ails2  k=3
04:54:08 | i 4 | [ ASYNC BG] bg_ails  64.48s / 60.00s / 107.5%
04:54:08 | i 5 | [HAOS ROLL] k=3  λ=0.8  vb  ac_complete  ails2  P≈0.000595
04:54:08 | i 5 | [ Summary ] cost=218108.00  Δ_S*=+0.17%  Δ_BKS=+0.69%  Δ_S*_BKS=+0.51%  no_improve=5
04:54:08 | i 6 | [HAOS ROLL] k=2  λ=0.0  rb  kmeans  filo  P≈0.000992
04:54:09 | i 6 | [Phase 1/3] decompose  0.45s / — / —  λ=0.0  rb kmeans
04:55:37 | i 6 | [Phase 2/3] route  88.19s / 88.44s / 99.7%  filo  k=2
04:55:37 | i 5 | [ IMPROVE ] 217416.00  via bg_ails  ·  Δ_BKS=+0.37%
04:55:37 | i 5 | [ ASYNC BG] bg_ails  88.32s / 84.27s / 104.8%
04:55:37 | i 6 | [HAOS ROLL] k=2  λ=0.0  rb  kmeans  filo  P≈0.000992
04:55:37 | i 6 | [ Summary ] cost=218270.00  Δ_S*=+0.39%  Δ_BKS=+0.76%  Δ_S*_BKS=+0.37%  no_improve=1
04:55:37 | i 7 | [HAOS ROLL] k=10  λ=0.6  rb  ac_avg  filo  P≈0.000992
04:55:38 | i 7 | [Phase 1/3] decompose  0.60s / — / —  λ=0.6  rb ac_avg
04:56:11 | i 7 | [Phase 2/3] route  33.08s / 25.14s / 131.6%  filo  k=10
04:57:07 | i 6 | [ ASYNC BG] bg_ails  90.25s / 86.32s / 104.6%
04:57:07 | i 7 | [HAOS ROLL] k=10  λ=0.6  rb  ac_avg  filo  P≈0.000992
04:57:07 | i 7 | [ Summary ] cost=218921.00  Δ_S*=+0.69%  Δ_BKS=+1.06%  Δ_S*_BKS=+0.37%  no_improve=3
04:57:07 | i 8 | [HAOS ROLL] k=6  λ=0.6  rb  ac_complete  filo  P≈0.000992
04:57:08 | i 8 | [Phase 1/3] decompose  0.68s / — / —  λ=0.6  rb ac_complete
04:57:54 | i 8 | [Phase 2/3] route  46.12s / 46.38s / 99.4%  filo  k=6
04:58:12 | i 7 | [ ASYNC BG] bg_ails  64.32s / 60.00s / 107.2%
04:58:12 | i 8 | [HAOS ROLL] k=6  λ=0.6  rb  ac_complete  filo  P≈0.000992
04:58:12 | i 8 | [ Summary ] cost=218624.00  Δ_S*=+0.56%  Δ_BKS=+0.92%  Δ_S*_BKS=+0.37%  no_improve=5
04:58:12 | i 9 | [HAOS ROLL] k=10  λ=0.8  vb  ac_avg  ails2  P≈0.000595
04:58:13 | i 9 | [Phase 1/3] decompose  0.82s / — / —  λ=0.8  vb ac_avg
04:58:51 | i 9 | [Phase 2/3] route  38.01s / 27.84s / 136.5%  ails2  k=10
04:59:16 | i 8 | [ ASYNC BG] bg_ails  64.28s / 60.00s / 107.1%
04:59:16 | i 9 | [HAOS ROLL] k=10  λ=0.8  vb  ac_avg  ails2  P≈0.000595
04:59:16 | i 9 | [ Summary ] cost=223343.00  Δ_S*=+2.73%  Δ_BKS=+3.10%  Δ_S*_BKS=+0.37%  no_improve=7
04:59:16 | i 10 | [HAOS ROLL] k=10  λ=0.4  rb  ac_avg  filo  P≈0.000992
04:59:17 | i 10 | [Phase 1/3] decompose  0.62s / — / —  λ=0.4  rb ac_avg
04:59:50 | i 10 | [Phase 2/3] route  33.09s / 25.14s / 131.6%  filo  k=10
05:00:20 | i 9 | [ ASYNC BG] bg_ails  64.44s / 60.00s / 107.4%
05:00:20 | i 10 | [HAOS ROLL] k=10  λ=0.4  rb  ac_avg  filo  P≈0.000992
05:00:20 | i 10 | [ Summary ] cost=218525.00  Δ_S*=+0.51%  Δ_BKS=+0.88%  Δ_S*_BKS=+0.37%  no_improve=9
05:00:20 | i 11 | [HAOS ROLL] k=2  λ=0.8  vb  ac_avg  filo2  P≈0.000595
05:00:21 | i 11 | [Phase 1/3] decompose  0.82s / — / —  λ=0.8  vb ac_avg
05:01:56 | i 11 | [Phase 2/3] route  94.20s / 94.02s / 100.2%  filo2  k=2
05:01:56 | i 10 | [ ASYNC BG] bg_ails  64.45s / 60.00s / 107.4%
05:01:56 | i 11 | [HAOS ROLL] k=2  λ=0.8  vb  ac_avg  filo2  P≈0.000595
05:01:56 | i 11 | [ Summary ] cost=219188.00  Δ_S*=+0.82%  Δ_BKS=+1.18%  Δ_S*_BKS=+0.37%  no_improve=11
05:01:56 | i 6 | [ASYNC 1/2] sp_sc  5.24s / 720.00s / 0.7%  SC  avg_coverage=10.39/5  pool=2129
05:01:56 | i 6 | [ASYNC 2/2] standard_ails  363.68s / 360.00s / 101.0%
05:02:02 | i 6 | [ IMPROVE ] 217109.00  via standard_ails  ·  Δ_BKS=+0.22%
05:02:02 | i 12 | [HAOS ROLL] k=2  λ=1.0  vb  ac_complete  filo  P≈0.000614
05:02:03 | i 12 | [Phase 1/3] decompose  0.75s / — / —  λ=1.0  vb ac_complete
05:03:45 | i 12 | [Phase 2/3] route  102.23s / 102.36s / 99.9%  filo  k=2
05:03:45 | i 11 | [ ASYNC BG] bg_ails  95.34s / 91.76s / 103.9%
05:03:46 | i 12 | [HAOS ROLL] k=2  λ=1.0  vb  ac_complete  filo  P≈0.000614
05:03:46 | i 12 | [ Summary ] cost=219394.00  Δ_S*=+1.05%  Δ_BKS=+1.28%  Δ_S*_BKS=+0.22%  no_improve=2
05:03:46 | i 13 | [HAOS ROLL] k=3  λ=0.2  rb  ac_complete  pyvrp  P≈0.000363
05:03:46 | i 13 | [Phase 1/3] decompose  0.58s / — / —  λ=0.2  rb ac_complete
05:05:19 | i 13 | [Phase 2/3] route  92.44s / 86.88s / 106.4%  pyvrp  k=3
05:05:29 | i 12 | [ ASYNC BG] bg_ails  103.46s / 99.90s / 103.6%
05:05:29 | i 13 | [HAOS ROLL] k=3  λ=0.2  rb  ac_complete  pyvrp  P≈0.000363
05:05:29 | i 13 | [ Summary ] cost=220987.00  Δ_S*=+1.79%  Δ_BKS=+2.02%  Δ_S*_BKS=+0.22%  no_improve=4
05:05:29 | i 14 | [HAOS ROLL] k=4  λ=0.6  vb  kmeans  ails2  P≈0.000387
05:05:30 | i 14 | [Phase 1/3] decompose  0.58s / — / —  λ=0.6  vb kmeans
05:06:15 | i 14 | [Phase 2/3] route  44.90s / 43.20s / 103.9%  ails2  k=4
05:06:57 | i 13 | [ ASYNC BG] bg_ails  88.43s / 84.79s / 104.3%
05:06:57 | i 14 | [HAOS ROLL] k=4  λ=0.6  vb  kmeans  ails2  P≈0.000387
05:06:58 | i 14 | [ Summary ] cost=219548.00  Δ_S*=+1.12%  Δ_BKS=+1.35%  Δ_S*_BKS=+0.22%  no_improve=6
05:06:58 | i 15 | [HAOS ROLL] k=6  λ=0.2  vb  ac_avg  ails2  P≈0.000521
05:06:58 | i 15 | [Phase 1/3] decompose  0.78s / — / —  λ=0.2  vb ac_avg
05:07:33 | i 15 | [Phase 2/3] route  34.77s / 33.36s / 104.2%  ails2  k=6
05:08:02 | i 14 | [ ASYNC BG] bg_ails  64.36s / 60.00s / 107.3%
05:08:02 | i 15 | [HAOS ROLL] k=6  λ=0.2  vb  ac_avg  ails2  P≈0.000521
05:08:02 | i 15 | [ Summary ] cost=220148.00  Δ_S*=+1.40%  Δ_BKS=+1.63%  Δ_S*_BKS=+0.22%  no_improve=8
05:08:02 | i 16 | [HAOS ROLL] k=8  λ=1.0  vb  ac_avg  filo  P≈0.001113
05:08:03 | i 16 | [Phase 1/3] decompose  0.78s / — / —  λ=1.0  vb ac_avg
05:08:36 | i 16 | [Phase 2/3] route  33.08s / 28.62s / 115.6%  filo  k=8
05:09:06 | i 15 | [ ASYNC BG] bg_ails  64.34s / 60.00s / 107.2%
05:09:06 | i 16 | [HAOS ROLL] k=8  λ=1.0  vb  ac_avg  filo  P≈0.001113
05:09:06 | i 16 | [ Summary ] cost=221775.00  Δ_S*=+2.15%  Δ_BKS=+2.38%  Δ_S*_BKS=+0.22%  no_improve=10
05:09:06 | i 17 | [HAOS ROLL] k=3  λ=0.8  vb  kmedoids  filo2  P≈0.000579
05:09:07 | i 17 | [Phase 1/3] decompose  0.96s / — / —  λ=0.8  vb kmedoids
05:10:14 | i 17 | [Phase 2/3] route  67.13s / 67.26s / 99.8%  filo2  k=3
05:10:14 | i 16 | [ ASYNC BG] bg_ails  64.39s / 60.00s / 107.3%
05:10:14 | i 17 | [HAOS ROLL] k=3  λ=0.8  vb  kmedoids  filo2  P≈0.000579
05:10:14 | i 17 | [ Summary ] cost=219287.00  Δ_S*=+1.00%  Δ_BKS=+1.23%  Δ_S*_BKS=+0.22%  no_improve=12
05:10:14 | i 18 | [HAOS ROLL] k=8  λ=1.0  rb  kmeans  ails2  P≈0.001219
05:10:15 | i 18 | [Phase 1/3] decompose  0.59s / — / —  λ=1.0  rb kmeans
05:10:58 | i 18 | [Phase 2/3] route  42.83s / 24.18s / 177.1%  ails2  k=8
05:11:24 | i 17 | [ ASYNC BG] bg_ails  69.30s / 65.65s / 105.6%
05:11:24 | i 18 | [HAOS ROLL] k=8  λ=1.0  rb  kmeans  ails2  P≈0.001219
05:11:24 | i 18 | [ Summary ] cost=217276.00  Δ_S*=+0.08%  Δ_BKS=+0.30%  Δ_S*_BKS=+0.22%  no_improve=14
05:11:24 | i 19 | [HAOS ROLL] k=8  λ=0.8  vb  kmedoids  filo  P≈0.001260
05:11:25 | i 19 | [Phase 1/3] decompose  0.94s / — / —  λ=0.8  vb kmedoids
05:12:06 | i 19 | [Phase 2/3] route  41.09s / 26.10s / 157.4%  filo  k=8
05:12:28 | i 18 | [ ASYNC BG] bg_ails  64.32s / 60.00s / 107.2%
05:12:28 | i 19 | [HAOS ROLL] k=8  λ=0.8  vb  kmedoids  filo  P≈0.001260
05:12:28 | i 19 | [ Summary ] cost=220951.00  Δ_S*=+1.77%  Δ_BKS=+2.00%  Δ_S*_BKS=+0.22%  no_improve=16
05:12:28 | i 20 | [HAOS ROLL] k=8  λ=0.6  vb  kmedoids  filo  P≈0.001002
05:12:29 | i 20 | [Phase 1/3] decompose  0.79s / — / —  λ=0.6  vb kmedoids
05:13:08 | i 20 | [Phase 2/3] route  39.09s / 29.22s / 133.8%  filo  k=8
05:13:32 | i 19 | [ ASYNC BG] bg_ails  64.30s / 60.00s / 107.2%
05:13:32 | i 20 | [HAOS ROLL] k=8  λ=0.6  vb  kmedoids  filo  P≈0.001002
05:13:32 | i 20 | [ Summary ] cost=221542.00  Δ_S*=+2.04%  Δ_BKS=+2.27%  Δ_S*_BKS=+0.22%  no_improve=18
05:13:32 | i 21 | [HAOS ROLL] k=12  λ=0.4  rb  ac_avg  filo  P≈0.000284
05:13:33 | i 21 | [Phase 1/3] decompose  0.59s / — / —  λ=0.4  rb ac_avg
05:14:04 | i 21 | [Phase 2/3] route  31.08s / 24.48s / 127.0%  filo  k=12
05:14:37 | i 20 | [ ASYNC BG] bg_ails  64.47s / 60.00s / 107.4%
05:14:37 | i 21 | [HAOS ROLL] k=12  λ=0.4  rb  ac_avg  filo  P≈0.000284
05:14:37 | i 21 | [ Summary ] cost=218463.00  Δ_S*=+0.62%  Δ_BKS=+0.85%  Δ_S*_BKS=+0.22%  no_improve=20
05:14:37 | i 22 | [HAOS ROLL] k=2  λ=0.4  rb  ac_complete  ails2  P≈0.000391
05:14:37 | i 22 | [Phase 1/3] decompose  0.58s / — / —  λ=0.4  rb ac_complete
05:16:06 | i 22 | [Phase 2/3] route  88.07s / 86.88s / 101.4%  ails2  k=2
05:16:06 | i 21 | [ ASYNC BG] bg_ails  64.34s / 60.00s / 107.2%
05:16:06 | i 22 | [HAOS ROLL] k=2  λ=0.4  rb  ac_complete  ails2  P≈0.000391
05:16:06 | i 22 | [ Summary ] cost=217884.00  Δ_S*=+0.36%  Δ_BKS=+0.58%  Δ_S*_BKS=+0.22%  no_improve=22
05:16:06 | i 23 | [HAOS ROLL] k=3  λ=0.6  vb  kmeans  filo  P≈0.001094
05:16:06 | i 23 | [Phase 1/3] decompose  0.56s / — / —  λ=0.6  vb kmeans
05:17:09 | i 23 | [Phase 2/3] route  63.13s / 62.52s / 101.0%  filo  k=3
05:17:34 | i 22 | [ ASYNC BG] bg_ails  88.41s / 84.79s / 104.3%
05:17:34 | i 23 | [HAOS ROLL] k=3  λ=0.6  vb  kmeans  filo  P≈0.001094
05:17:34 | i 23 | [ Summary ] cost=219131.00  Δ_S*=+0.93%  Δ_BKS=+1.16%  Δ_S*_BKS=+0.22%  no_improve=24
05:17:34 | i 24 | [HAOS ROLL] k=12  λ=0.8  vb  ac_complete  pyvrp  P≈0.000388
05:17:35 | i 24 | [Phase 1/3] decompose  0.85s / — / —  λ=0.8  vb ac_complete
05:18:10 | i 24 | [Phase 2/3] route  34.70s / 21.66s / 160.2%  pyvrp  k=12
05:18:39 | i 23 | [ ASYNC BG] bg_ails  65.44s / 61.02s / 107.2%
05:18:39 | i 24 | [HAOS ROLL] k=12  λ=0.8  vb  ac_complete  pyvrp  P≈0.000388
05:18:40 | i 24 | [ Summary ] cost=225596.00  Δ_S*=+3.91%  Δ_BKS=+4.14%  Δ_S*_BKS=+0.22%  no_improve=26
05:18:40 | i 25 | [HAOS ROLL] k=3  λ=0.4  rb  ac_complete  ails2  P≈0.001789
05:18:40 | i 25 | [Phase 1/3] decompose  0.59s / — / —  λ=0.4  rb ac_complete
05:20:08 | i 25 | [Phase 2/3] route  88.10s / 86.88s / 101.4%  ails2  k=3
05:20:08 | i 24 | [ ASYNC BG] bg_ails  64.40s / 60.00s / 107.3%
05:20:08 | i 25 | [HAOS ROLL] k=3  λ=0.4  rb  ac_complete  ails2  P≈0.001789
05:20:08 | i 25 | [ Summary ] cost=217556.00  Δ_S*=+0.21%  Δ_BKS=+0.43%  Δ_S*_BKS=+0.22%  no_improve=28
05:20:08 | i 26 | [HAOS ROLL] k=12  λ=0.8  vb  fcm  pyvrp  P≈0.000426
05:20:10 | i 26 | [Phase 1/3] decompose  1.66s / — / —  λ=0.8  vb fcm
05:20:44 | i 26 | [Phase 2/3] route  34.48s / 17.52s / 196.8%  pyvrp  k=12
05:21:37 | i 25 | [ ASYNC BG] bg_ails  88.33s / 84.79s / 104.2%
05:21:37 | i 26 | [HAOS ROLL] k=12  λ=0.8  vb  fcm  pyvrp  P≈0.000426
05:21:37 | i 26 | [ Summary ] cost=224700.00  Δ_S*=+3.50%  Δ_BKS=+3.73%  Δ_S*_BKS=+0.22%  no_improve=30
05:21:37 | i 27 | [HAOS ROLL] k=2  λ=0.2  rb  kmeans  ails2  P≈0.000348
05:21:37 | i 27 | [Phase 1/3] decompose  0.59s / — / —  λ=0.2  rb kmeans
05:23:04 | i 27 | [Phase 2/3] route  87.09s / 85.68s / 101.6%  ails2  k=2
05:23:04 | i 26 | [ ASYNC BG] bg_ails  64.36s / 60.00s / 107.3%
05:23:04 | i 27 | [HAOS ROLL] k=2  λ=0.2  rb  kmeans  ails2  P≈0.000348
05:23:04 | i 27 | [ Summary ] cost=217501.00  Δ_S*=+0.18%  Δ_BKS=+0.41%  Δ_S*_BKS=+0.22%  no_improve=32
05:23:04 | i 28 | [HAOS ROLL] k=8  λ=0.0  vb  ac_complete  ails2  P≈0.000882
05:23:05 | i 28 | [Phase 1/3] decompose  0.65s / — / —  λ=0.0  vb ac_complete
05:23:46 | i 28 | [Phase 2/3] route  41.05s / 39.00s / 105.3%  ails2  k=8
05:24:32 | i 27 | [ ASYNC BG] bg_ails  87.45s / 83.62s / 104.6%
05:24:32 | i 28 | [HAOS ROLL] k=8  λ=0.0  vb  ac_complete  ails2  P≈0.000882
05:24:32 | i 28 | [ Summary ] cost=220631.00  Δ_S*=+1.62%  Δ_BKS=+1.85%  Δ_S*_BKS=+0.22%  no_improve=34
05:24:32 | i 29 | [HAOS ROLL] k=6  λ=0.0  rb  kmeans  ails2  P≈0.000528
05:24:32 | i 29 | [Phase 1/3] decompose  0.46s / — / —  λ=0.0  rb kmeans
05:25:06 | i 29 | [Phase 2/3] route  33.66s / 32.34s / 104.1%  ails2  k=6
05:25:36 | i 28 | [ ASYNC BG] bg_ails  64.20s / 60.00s / 107.0%
05:25:36 | i 29 | [HAOS ROLL] k=6  λ=0.0  rb  kmeans  ails2  P≈0.000528
05:25:36 | i 29 | [ Summary ] cost=217269.00  Δ_S*=+0.07%  Δ_BKS=+0.30%  Δ_S*_BKS=+0.22%  no_improve=36
05:25:36 | i 30 | [HAOS ROLL] k=3  λ=0.4  vb  fcm  ails2  P≈0.001754
05:25:37 | i 30 | [Phase 1/3] decompose  0.96s / — / —  λ=0.4  vb fcm
05:26:39 | i 30 | [Phase 2/3] route  61.90s / 60.36s / 102.6%  ails2  k=3
05:26:40 | i 29 | [ ASYNC BG] bg_ails  64.33s / 60.00s / 107.2%
05:26:41 | i 30 | [HAOS ROLL] k=3  λ=0.4  vb  fcm  ails2  P≈0.001754
05:26:41 | i 30 | [ Summary ] cost=218518.00  Δ_S*=+0.65%  Δ_BKS=+0.88%  Δ_S*_BKS=+0.22%  no_improve=38
05:26:41 | i 22 | [ASYNC 1/2] sp_sc  234.79s / 720.00s / 32.6%  SP  avg_coverage=38.34/5  pool=7637
05:26:41 | i 22 | [ASYNC 2/2] standard_ails  363.71s / 360.00s / 101.0%
05:27:26 | i 31 | [HAOS ROLL] k=6  λ=1.0  vb  fcm  filo  P≈0.000566
05:27:27 | i 31 | [Phase 1/3] decompose  0.91s / — / —  λ=1.0  vb fcm
05:27:56 | i 31 | [Phase 2/3] route  29.11s / 29.40s / 99.0%  filo  k=6
05:27:56 | i 30 | [ ASYNC BG] bg_ails  64.31s / 60.00s / 107.2%
05:27:57 | i 31 | [HAOS ROLL] k=6  λ=1.0  vb  fcm  filo  P≈0.000566
05:27:57 | i 31 | [ Summary ] cost=221702.00  Δ_S*=+2.12%  Δ_BKS=+2.35%  Δ_S*_BKS=+0.22%  no_improve=41
05:27:57 | i 32 | [HAOS ROLL] k=2  λ=0.6  vb  kmeans  ails2  P≈0.000536
05:27:58 | i 32 | [Phase 1/3] decompose  0.55s / — / —  λ=0.6  vb kmeans
05:29:25 | i 32 | [Phase 2/3] route  87.05s / 85.14s / 102.2%  ails2  k=2
05:29:25 | i 31 | [ ASYNC BG] bg_ails  64.37s / 60.00s / 107.3%
05:29:25 | i 32 | [HAOS ROLL] k=2  λ=0.6  vb  kmeans  ails2  P≈0.000536
05:29:25 | i 32 | [ Summary ] cost=217649.00  Δ_S*=+0.25%  Δ_BKS=+0.47%  Δ_S*_BKS=+0.22%  no_improve=43
05:29:25 | i 33 | [HAOS ROLL] k=8  λ=0.6  vb  ac_complete  ails2  P≈0.001689
05:29:26 | i 33 | [Phase 1/3] decompose  0.75s / — / —  λ=0.6  vb ac_complete
05:30:04 | i 33 | [Phase 2/3] route  37.70s / 28.38s / 132.8%  ails2  k=8
05:30:52 | i 32 | [ ASYNC BG] bg_ails  87.45s / 83.10s / 105.2%
05:30:52 | i 33 | [HAOS ROLL] k=8  λ=0.6  vb  ac_complete  ails2  P≈0.001689
05:30:53 | i 33 | [ Summary ] cost=220950.00  Δ_S*=+1.77%  Δ_BKS=+2.00%  Δ_S*_BKS=+0.22%  no_improve=45
05:30:53 | i 34 | [HAOS ROLL] k=2  λ=0.8  vb  fcm  ails2  P≈0.002423
05:30:53 | i 34 | [Phase 1/3] decompose  0.70s / — / —  λ=0.8  vb fcm
05:32:20 | i 34 | [Phase 2/3] route  87.09s / 85.14s / 102.3%  ails2  k=2
05:32:20 | i 33 | [ ASYNC BG] bg_ails  64.34s / 60.00s / 107.2%
05:32:21 | i 34 | [HAOS ROLL] k=2  λ=0.8  vb  fcm  ails2  P≈0.002423
05:32:21 | i 34 | [ Summary ] cost=218406.00  Δ_S*=+0.60%  Δ_BKS=+0.82%  Δ_S*_BKS=+0.22%  no_improve=47
05:32:21 | i 35 | [HAOS ROLL] k=10  λ=1.0  vb  ac_complete  ails2  P≈0.002418
05:32:22 | i 35 | [Phase 1/3] decompose  0.75s / — / —  λ=1.0  vb ac_complete
05:32:56 | i 35 | [Phase 2/3] route  34.72s / 28.32s / 122.6%  ails2  k=10
05:33:48 | i 34 | [ ASYNC BG] bg_ails  87.43s / 83.10s / 105.2%
05:33:48 | i 35 | [HAOS ROLL] k=10  λ=1.0  vb  ac_complete  ails2  P≈0.002418
05:33:48 | i 35 | [ Summary ] cost=222369.00  Δ_S*=+2.42%  Δ_BKS=+2.65%  Δ_S*_BKS=+0.22%  no_improve=49
05:33:48 | i 36 | [HAOS ROLL] k=3  λ=0.2  vb  ac_complete  ails2  P≈0.001361
05:33:49 | i 36 | [Phase 1/3] decompose  0.76s / — / —  λ=0.2  vb ac_complete
05:35:08 | i 36 | [Phase 2/3] route  79.08s / 77.28s / 102.3%  ails2  k=3
05:35:08 | i 35 | [ ASYNC BG] bg_ails  64.54s / 60.00s / 107.6%
05:35:08 | i 36 | [HAOS ROLL] k=3  λ=0.2  vb  ac_complete  ails2  P≈0.001361
05:35:09 | i 36 | [ Summary ] cost=218702.00  Δ_S*=+0.73%  Δ_BKS=+0.96%  Δ_S*_BKS=+0.22%  no_improve=51
05:35:09 | i 37 | [HAOS ROLL] k=8  λ=0.4  rb  ac_complete  filo  P≈0.000889
05:35:09 | i 37 | [Phase 1/3] decompose  0.55s / — / —  λ=0.4  rb ac_complete
05:35:45 | i 37 | [Phase 2/3] route  36.09s / 34.50s / 104.6%  filo  k=8
05:36:28 | i 36 | [ ASYNC BG] bg_ails  79.36s / 75.43s / 105.2%
05:36:28 | i 37 | [HAOS ROLL] k=8  λ=0.4  rb  ac_complete  filo  P≈0.000889
05:36:28 | i 37 | [ Summary ] cost=219372.00  Δ_S*=+1.04%  Δ_BKS=+1.27%  Δ_S*_BKS=+0.22%  no_improve=53
05:36:28 | i 38 | [HAOS ROLL] k=3  λ=0.6  rb  kmeans  ails2  P≈0.002692
05:36:29 | i 38 | [Phase 1/3] decompose  0.55s / — / —  λ=0.6  rb kmeans
05:37:26 | i 38 | [Phase 2/3] route  57.81s / 56.94s / 101.5%  ails2  k=3
05:37:32 | i 37 | [ ASYNC BG] bg_ails  64.32s / 60.00s / 107.2%
05:37:32 | i 38 | [HAOS ROLL] k=3  λ=0.6  rb  kmeans  ails2  P≈0.002692
05:37:32 | i 38 | [ Summary ] cost=217633.00  Δ_S*=+0.24%  Δ_BKS=+0.47%  Δ_S*_BKS=+0.22%  no_improve=55
05:37:32 | i 39 | [HAOS ROLL] k=8  λ=1.0  vb  ac_complete  filo  P≈0.002105
05:37:33 | i 39 | [Phase 1/3] decompose  0.77s / — / —  λ=1.0  vb ac_complete
05:38:10 | i 39 | [Phase 2/3] route  37.10s / 28.32s / 131.0%  filo  k=8
05:38:36 | i 38 | [ ASYNC BG] bg_ails  64.32s / 60.00s / 107.2%
05:38:36 | i 39 | [HAOS ROLL] k=8  λ=1.0  vb  ac_complete  filo  P≈0.002105
05:38:37 | i 39 | [ Summary ] cost=221403.00  Δ_S*=+1.98%  Δ_BKS=+2.21%  Δ_S*_BKS=+0.22%  no_improve=57
05:38:37 | i 40 | [HAOS ROLL] k=10  λ=0.0  rb  kmeans  ails2  P≈0.001847
05:38:37 | i 40 | [Phase 1/3] decompose  0.43s / — / —  λ=0.0  rb kmeans
05:39:14 | i 40 | [Phase 2/3] route  36.70s / 22.92s / 160.1%  ails2  k=10
05:39:41 | i 39 | [ ASYNC BG] bg_ails  64.27s / 60.00s / 107.1%
05:39:41 | i 40 | [HAOS ROLL] k=10  λ=0.0  rb  kmeans  ails2  P≈0.001847
05:39:41 | i 40 | [ Summary ] cost=217503.00  Δ_S*=+0.18%  Δ_BKS=+0.41%  Δ_S*_BKS=+0.22%  no_improve=59
05:39:41 | i 41 | [HAOS ROLL] k=10  λ=0.4  vb  fcm  ails2  P≈0.001875
05:39:42 | i 41 | [Phase 1/3] decompose  0.98s / — / —  λ=0.4  vb fcm
05:40:20 | i 41 | [Phase 2/3] route  37.84s / 20.40s / 185.5%  ails2  k=10
05:40:45 | i 40 | [ ASYNC BG] bg_ails  64.35s / 60.00s / 107.3%
05:40:45 | i 41 | [HAOS ROLL] k=10  λ=0.4  vb  fcm  ails2  P≈0.001875
05:40:45 | i 41 | [ Summary ] cost=222814.00  Δ_S*=+2.63%  Δ_BKS=+2.86%  Δ_S*_BKS=+0.22%  no_improve=61
05:40:45 | i 42 | [HAOS ROLL] k=3  λ=0.8  rb  kmeans  ails2  P≈0.004822
05:40:46 | i 42 | [Phase 1/3] decompose  0.57s / — / —  λ=0.8  rb kmeans
05:41:52 | i 42 | [Phase 2/3] route  65.91s / 64.20s / 102.7%  ails2  k=3
05:41:52 | i 41 | [ ASYNC BG] bg_ails  64.34s / 60.00s / 107.2%
05:41:52 | i 42 | [HAOS ROLL] k=3  λ=0.8  rb  kmeans  ails2  P≈0.004822
05:41:52 | i 42 | [ Summary ] cost=217444.00  Δ_S*=+0.15%  Δ_BKS=+0.38%  Δ_S*_BKS=+0.22%  no_improve=63
05:41:52 | i 43 | [HAOS ROLL] k=6  λ=0.4  rb  ac_complete  ails2  P≈0.001076
05:41:53 | i 43 | [Phase 1/3] decompose  0.65s / — / —  λ=0.4  rb ac_complete
05:42:39 | i 43 | [Phase 2/3] route  46.01s / 44.64s / 103.1%  ails2  k=6
05:42:58 | i 42 | [ ASYNC BG] bg_ails  66.55s / 62.66s / 106.2%
05:42:59 | i 43 | [HAOS ROLL] k=6  λ=0.4  rb  ac_complete  ails2  P≈0.001076
05:42:59 | i 43 | [ Summary ] cost=217455.00  Δ_S*=+0.16%  Δ_BKS=+0.38%  Δ_S*_BKS=+0.22%  no_improve=65
05:42:59 | i 44 | [HAOS ROLL] k=6  λ=0.6  vb  kmedoids  ails2  P≈0.000654
05:42:59 | i 44 | [Phase 1/3] decompose  0.74s / — / —  λ=0.6  vb kmedoids
05:43:34 | i 44 | [Phase 2/3] route  34.77s / 33.90s / 102.6%  ails2  k=6
05:44:03 | i 43 | [ ASYNC BG] bg_ails  64.41s / 60.00s / 107.4%
05:44:03 | i 44 | [HAOS ROLL] k=6  λ=0.6  vb  kmedoids  ails2  P≈0.000654
05:44:03 | i 44 | [ Summary ] cost=220278.00  Δ_S*=+1.46%  Δ_BKS=+1.69%  Δ_S*_BKS=+0.22%  no_improve=67
05:44:03 | i 37 | [ASYNC 1/2] sp_sc  76.16s / 720.00s / 10.6%  SP  avg_coverage=47.75/5  pool=10000
05:44:03 | i 37 | [ASYNC 2/2] standard_ails  363.70s / 360.00s / 101.0%
05:44:49 | i 37 | [ IMPROVE ] 217020.00  via standard_ails  ·  Δ_BKS=+0.18%
05:44:49 | i 45 | [HAOS ROLL] k=3  λ=0.6  vb  ac_avg  filo  P≈0.000689
05:44:50 | i 45 | [Phase 1/3] decompose  0.79s / — / —  λ=0.6  vb ac_avg
05:45:55 | i 45 | [Phase 2/3] route  65.12s / 65.16s / 99.9%  filo  k=3
05:45:55 | i 44 | [ ASYNC BG] bg_ails  64.35s / 60.00s / 107.3%
05:45:55 | i 45 | [HAOS ROLL] k=3  λ=0.6  vb  ac_avg  filo  P≈0.000689
05:45:56 | i 45 | [ Summary ] cost=219181.00  Δ_S*=+1.00%  Δ_BKS=+1.18%  Δ_S*_BKS=+0.18%  no_improve=2
05:45:56 | i 46 | [HAOS ROLL] k=10  λ=0.8  rb  kmeans  filo  P≈0.004931
05:45:56 | i 46 | [Phase 1/3] decompose  0.55s / — / —  λ=0.8  rb kmeans
05:46:29 | i 46 | [Phase 2/3] route  33.09s / 27.96s / 118.3%  filo  k=10
05:47:02 | i 45 | [ ASYNC BG] bg_ails  67.31s / 63.60s / 105.8%
05:47:03 | i 46 | [HAOS ROLL] k=10  λ=0.8  rb  kmeans  filo  P≈0.004931
05:47:03 | i 46 | [ Summary ] cost=218409.00  Δ_S*=+0.64%  Δ_BKS=+0.82%  Δ_S*_BKS=+0.18%  no_improve=4
05:47:03 | i 47 | [HAOS ROLL] k=10  λ=0.6  rb  ac_avg  filo  P≈0.001629
05:47:03 | i 47 | [Phase 1/3] decompose  0.56s / — / —  λ=0.6  rb ac_avg
05:47:41 | i 47 | [Phase 2/3] route  37.22s / 29.76s / 125.1%  filo  k=10
05:48:07 | i 46 | [ ASYNC BG] bg_ails  64.38s / 60.00s / 107.3%
05:48:07 | i 47 | [HAOS ROLL] k=10  λ=0.6  rb  ac_avg  filo  P≈0.001629
05:48:07 | i 47 | [ Summary ] cost=218926.00  Δ_S*=+0.88%  Δ_BKS=+1.06%  Δ_S*_BKS=+0.18%  no_improve=6
05:48:07 | i 48 | [HAOS ROLL] k=2  λ=0.6  vb  kmedoids  ails2  P≈0.000610
05:48:08 | i 48 | [Phase 1/3] decompose  0.68s / — / —  λ=0.6  vb kmedoids
05:49:34 | i 48 | [Phase 2/3] route  86.13s / 84.90s / 101.4%  ails2  k=2
05:49:34 | i 47 | [ ASYNC BG] bg_ails  64.20s / 60.00s / 107.0%
05:49:34 | i 48 | [HAOS ROLL] k=2  λ=0.6  vb  kmedoids  ails2  P≈0.000610
05:49:35 | i 48 | [ Summary ] cost=218408.00  Δ_S*=+0.64%  Δ_BKS=+0.82%  Δ_S*_BKS=+0.18%  no_improve=8
05:49:35 | i 49 | [HAOS ROLL] k=3  λ=1.0  vb  ac_complete  ails2  P≈0.003363
05:49:35 | i 49 | [Phase 1/3] decompose  0.76s / — / —  λ=1.0  vb ac_complete
05:50:43 | i 49 | [Phase 2/3] route  67.92s / 66.84s / 101.6%  ails2  k=3
05:51:00 | i 48 | [ ASYNC BG] bg_ails  86.32s / 82.86s / 104.2%
05:51:01 | i 49 | [HAOS ROLL] k=3  λ=1.0  vb  ac_complete  ails2  P≈0.003363
05:51:01 | i 49 | [ Summary ] cost=219199.00  Δ_S*=+1.00%  Δ_BKS=+1.19%  Δ_S*_BKS=+0.18%  no_improve=10
05:51:01 | i 50 | [HAOS ROLL] k=12  λ=1.0  rb  kmeans  ails2  P≈0.001194
05:51:02 | i 50 | [Phase 1/3] decompose  0.55s / — / —  λ=1.0  rb kmeans
05:51:37 | i 50 | [Phase 2/3] route  35.71s / 18.00s / 198.4%  ails2  k=12
05:52:10 | i 49 | [ ASYNC BG] bg_ails  69.45s / 65.24s / 106.5%
05:52:10 | i 50 | [HAOS ROLL] k=12  λ=1.0  rb  kmeans  ails2  P≈0.001194
05:52:10 | i 50 | [ Summary ] cost=217107.00  Δ_S*=+0.04%  Δ_BKS=+0.22%  Δ_S*_BKS=+0.18%  no_improve=12
05:52:10 | i 51 | [HAOS ROLL] k=6  λ=0.4  rb  ac_avg  ails2  P≈0.000763
05:52:11 | i 51 | [Phase 1/3] decompose  0.56s / — / —  λ=0.4  rb ac_avg
05:52:46 | i 51 | [Phase 2/3] route  34.75s / 33.78s / 102.9%  ails2  k=6
05:53:14 | i 50 | [ ASYNC BG] bg_ails  64.38s / 60.00s / 107.3%
05:53:15 | i 51 | [HAOS ROLL] k=6  λ=0.4  rb  ac_avg  ails2  P≈0.000763
05:53:15 | i 51 | [ Summary ] cost=217734.00  Δ_S*=+0.33%  Δ_BKS=+0.51%  Δ_S*_BKS=+0.18%  no_improve=14
05:53:15 | i 52 | [HAOS ROLL] k=3  λ=0.0  rb  ac_complete  filo2  P≈0.000227
05:53:15 | i 52 | [Phase 1/3] decompose  0.41s / — / —  λ=0.0  rb ac_complete
05:54:37 | i 52 | [Phase 2/3] route  82.17s / 82.26s / 99.9%  filo2  k=3
05:54:37 | i 51 | [ ASYNC BG] bg_ails  64.36s / 60.00s / 107.3%
05:54:38 | i 52 | [HAOS ROLL] k=3  λ=0.0  rb  ac_complete  filo2  P≈0.000227
05:54:38 | i 52 | [ Summary ] cost=218893.00  Δ_S*=+0.86%  Δ_BKS=+1.05%  Δ_S*_BKS=+0.18%  no_improve=16
05:54:38 | i 53 | [HAOS ROLL] k=3  λ=0.8  vb  ac_avg  ails2  P≈0.003791
05:54:39 | i 53 | [Phase 1/3] decompose  0.75s / — / —  λ=0.8  vb ac_avg
05:55:56 | i 53 | [Phase 2/3] route  76.98s / 75.18s / 102.4%  ails2  k=3
05:56:02 | i 52 | [ ASYNC BG] bg_ails  84.15s / 80.29s / 104.8%
05:56:02 | i 53 | [HAOS ROLL] k=3  λ=0.8  vb  ac_avg  ails2  P≈0.003791
05:56:02 | i 53 | [ Summary ] cost=218502.00  Δ_S*=+0.68%  Δ_BKS=+0.87%  Δ_S*_BKS=+0.18%  no_improve=18
05:56:02 | i 54 | [HAOS ROLL] k=12  λ=0.0  rb  kmeans  filo  P≈0.000569
05:56:03 | i 54 | [Phase 1/3] decompose  0.43s / — / —  λ=0.0  rb kmeans
05:56:36 | i 54 | [Phase 2/3] route  33.08s / 19.68s / 168.1%  filo  k=12
05:57:19 | i 53 | [ ASYNC BG] bg_ails  77.38s / 73.38s / 105.5%
05:57:19 | i 54 | [HAOS ROLL] k=12  λ=0.0  rb  kmeans  filo  P≈0.000569
05:57:20 | i 54 | [ Summary ] cost=218982.00  Δ_S*=+0.90%  Δ_BKS=+1.09%  Δ_S*_BKS=+0.18%  no_improve=20
05:57:20 | i 55 | [HAOS ROLL] k=8  λ=0.0  rb  ac_complete  filo  P≈0.000577
05:57:20 | i 55 | [Phase 1/3] decompose  0.43s / — / —  λ=0.0  rb ac_complete
05:57:55 | i 55 | [Phase 2/3] route  35.11s / 28.32s / 124.0%  filo  k=8
05:58:23 | i 54 | [ ASYNC BG] bg_ails  64.39s / 60.00s / 107.3%
05:58:24 | i 55 | [HAOS ROLL] k=8  λ=0.0  rb  ac_complete  filo  P≈0.000577
05:58:24 | i 55 | [ Summary ] cost=218470.00  Δ_S*=+0.67%  Δ_BKS=+0.85%  Δ_S*_BKS=+0.18%  no_improve=22
05:58:24 | i 56 | [HAOS ROLL] k=10  λ=0.6  vb  ac_complete  filo  P≈0.001924
05:58:25 | i 56 | [Phase 1/3] decompose  0.76s / — / —  λ=0.6  vb ac_complete
05:59:03 | i 56 | [Phase 2/3] route  38.10s / 27.66s / 137.7%  filo  k=10
05:59:28 | i 55 | [ ASYNC BG] bg_ails  64.26s / 60.00s / 107.1%
05:59:28 | i 56 | [HAOS ROLL] k=10  λ=0.6  vb  ac_complete  filo  P≈0.001924
05:59:28 | i 56 | [ Summary ] cost=222022.00  Δ_S*=+2.30%  Δ_BKS=+2.49%  Δ_S*_BKS=+0.18%  no_improve=24
05:59:28 | i 57 | [HAOS ROLL] k=8  λ=0.0  vb  kmeans  filo2  P≈0.000166
05:59:29 | i 57 | [Phase 1/3] decompose  0.43s / — / —  λ=0.0  vb kmeans
06:00:10 | i 57 | [Phase 2/3] route  41.11s / 23.22s / 177.0%  filo2  k=8
06:00:32 | i 56 | [ ASYNC BG] bg_ails  64.37s / 60.00s / 107.3%
06:00:32 | i 57 | [HAOS ROLL] k=8  λ=0.0  vb  kmeans  filo2  P≈0.000166
06:00:33 | i 57 | [ Summary ] cost=221115.00  Δ_S*=+1.89%  Δ_BKS=+2.07%  Δ_S*_BKS=+0.18%  no_improve=26
06:00:33 | i 58 | [HAOS ROLL] k=10  λ=0.4  vb  ac_complete  ails2  P≈0.003466
06:00:33 | i 58 | [Phase 1/3] decompose  0.77s / — / —  λ=0.4  vb ac_complete
06:01:11 | i 58 | [Phase 2/3] route  37.86s / 21.72s / 174.3%  ails2  k=10
06:01:37 | i 57 | [ ASYNC BG] bg_ails  64.37s / 60.00s / 107.3%
06:01:37 | i 58 | [HAOS ROLL] k=10  λ=0.4  vb  ac_complete  ails2  P≈0.003466
06:01:37 | i 58 | [ Summary ] cost=222709.00  Δ_S*=+2.62%  Δ_BKS=+2.81%  Δ_S*_BKS=+0.18%  no_improve=28
06:01:37 | i 59 | [HAOS ROLL] k=3  λ=0.6  vb  kmeans  filo  P≈0.001104
06:01:37 | i 59 | [Phase 1/3] decompose  0.57s / — / —  λ=0.6  vb kmeans
06:02:40 | i 59 | [Phase 2/3] route  62.13s / 62.40s / 99.6%  filo  k=3
06:02:41 | i 58 | [ ASYNC BG] bg_ails  64.38s / 60.00s / 107.3%
06:02:41 | i 59 | [HAOS ROLL] k=3  λ=0.6  vb  kmeans  filo  P≈0.001104
06:02:41 | i 59 | [ Summary ] cost=219665.00  Δ_S*=+1.22%  Δ_BKS=+1.40%  Δ_S*_BKS=+0.18%  no_improve=30
06:02:41 | i 60 | [HAOS ROLL] k=4  λ=0.6  vb  ac_avg  filo  P≈0.000477
06:02:42 | i 60 | [Phase 1/3] decompose  0.80s / — / —  λ=0.6  vb ac_avg
06:03:46 | i 60 | [Phase 2/3] route  64.13s / 64.20s / 99.9%  filo  k=4
06:03:46 | i 59 | [ ASYNC BG] bg_ails  64.42s / 60.90s / 105.8%
06:03:46 | i 60 | [HAOS ROLL] k=4  λ=0.6  vb  ac_avg  filo  P≈0.000477
06:03:47 | i 60 | [ Summary ] cost=219784.00  Δ_S*=+1.27%  Δ_BKS=+1.46%  Δ_S*_BKS=+0.18%  no_improve=32
06:03:47 | i 61 | [HAOS ROLL] k=3  λ=0.6  vb  kmeans  ails2  P≈0.002542
06:03:47 | i 61 | [Phase 1/3] decompose  0.56s / — / —  λ=0.6  vb kmeans
06:04:52 | i 61 | [Phase 2/3] route  64.89s / 63.00s / 103.0%  ails2  k=3
06:04:53 | i 60 | [ ASYNC BG] bg_ails  66.48s / 62.66s / 106.1%
06:04:53 | i 61 | [HAOS ROLL] k=3  λ=0.6  vb  kmeans  ails2  P≈0.002542
06:04:53 | i 61 | [ Summary ] cost=218543.00  Δ_S*=+0.70%  Δ_BKS=+0.89%  Δ_S*_BKS=+0.18%  no_improve=34
06:04:53 | i 54 | [ASYNC 1/2] sp_sc  51.07s / 720.00s / 7.1%  SP  avg_coverage=47.32/5  pool=10000
06:04:53 | i 54 | [ASYNC 2/2] standard_ails  363.67s / 360.00s / 101.0%
06:05:40 | i 62 | [HAOS ROLL] k=6  λ=0.4  vb  fcm  filo  P≈0.000272
06:05:40 | i 62 | [Phase 1/3] decompose  0.93s / — / —  λ=0.4  vb fcm
06:06:10 | i 62 | [Phase 2/3] route  29.11s / 29.40s / 99.0%  filo  k=6
06:06:10 | i 61 | [ ASYNC BG] bg_ails  65.37s / 61.49s / 106.3%
06:06:10 | i 62 | [HAOS ROLL] k=6  λ=0.4  vb  fcm  filo  P≈0.000272
06:06:10 | i 62 | [ Summary ] cost=221597.00  Δ_S*=+2.11%  Δ_BKS=+2.30%  Δ_S*_BKS=+0.18%  no_improve=37
06:06:10 | i 63 | [HAOS ROLL] k=8  λ=0.8  vb  kmedoids  ails2  P≈0.000798
06:06:11 | i 63 | [Phase 1/3] decompose  0.91s / — / —  λ=0.8  vb kmedoids
06:06:53 | i 63 | [Phase 2/3] route  41.77s / 26.10s / 160.0%  ails2  k=8
06:07:14 | i 62 | [ ASYNC BG] bg_ails  64.35s / 60.00s / 107.3%
06:07:14 | i 63 | [HAOS ROLL] k=8  λ=0.8  vb  kmedoids  ails2  P≈0.000798
06:07:15 | i 63 | [ Summary ] cost=220387.00  Δ_S*=+1.55%  Δ_BKS=+1.74%  Δ_S*_BKS=+0.18%  no_improve=39
06:07:15 | i 64 | [HAOS ROLL] k=2  λ=1.0  vb  kmedoids  filo  P≈0.000322
06:07:15 | i 64 | [Phase 1/3] decompose  0.67s / — / —  λ=1.0  vb kmedoids
06:08:40 | i 64 | [Phase 2/3] route  85.20s / 84.84s / 100.4%  filo  k=2
06:08:40 | i 63 | [ ASYNC BG] bg_ails  64.40s / 60.00s / 107.3%
06:08:41 | i 64 | [HAOS ROLL] k=2  λ=1.0  vb  kmedoids  filo  P≈0.000322
06:08:41 | i 64 | [ Summary ] cost=219668.00  Δ_S*=+1.22%  Δ_BKS=+1.41%  Δ_S*_BKS=+0.18%  no_improve=41
06:08:41 | i 65 | [HAOS ROLL] k=3  λ=0.8  rb  ac_complete  ails2  P≈0.003536
06:08:42 | i 65 | [Phase 1/3] decompose  0.56s / — / —  λ=0.8  rb ac_complete
06:10:06 | i 65 | [Phase 2/3] route  84.06s / 82.26s / 102.2%  ails2  k=3
06:10:07 | i 64 | [ ASYNC BG] bg_ails  86.35s / 82.80s / 104.3%
06:10:07 | i 65 | [HAOS ROLL] k=3  λ=0.8  rb  ac_complete  ails2  P≈0.003536
06:10:07 | i 65 | [ Summary ] cost=217200.00  Δ_S*=+0.08%  Δ_BKS=+0.27%  Δ_S*_BKS=+0.18%  no_improve=43
06:10:07 | i 66 | [HAOS ROLL] k=12  λ=0.8  vb  ac_complete  ails2  P≈0.001370
06:10:08 | i 66 | [Phase 1/3] decompose  0.75s / — / —  λ=0.8  vb ac_complete
06:10:44 | i 66 | [Phase 2/3] route  35.80s / 21.66s / 165.3%  ails2  k=12
06:11:31 | i 65 | [ ASYNC BG] bg_ails  84.43s / 80.29s / 105.2%
06:11:32 | i 66 | [HAOS ROLL] k=12  λ=0.8  vb  ac_complete  ails2  P≈0.001370
06:11:32 | i 66 | [ Summary ] cost=224311.00  Δ_S*=+3.36%  Δ_BKS=+3.55%  Δ_S*_BKS=+0.18%  no_improve=45
06:11:32 | i 67 | [HAOS ROLL] k=3  λ=0.6  vb  ac_complete  filo  P≈0.002829
06:11:33 | i 67 | [Phase 1/3] decompose  0.76s / — / —  λ=0.6  vb ac_complete
06:12:36 | i 67 | [Phase 2/3] route  63.13s / 62.88s / 100.4%  filo  k=3
06:12:36 | i 66 | [ ASYNC BG] bg_ails  64.44s / 60.00s / 107.4%
06:12:36 | i 67 | [HAOS ROLL] k=3  λ=0.6  vb  ac_complete  filo  P≈0.002829
06:12:36 | i 67 | [ Summary ] cost=220353.00  Δ_S*=+1.54%  Δ_BKS=+1.72%  Δ_S*_BKS=+0.18%  no_improve=47
06:12:36 | i 68 | [HAOS ROLL] k=10  λ=0.8  rb  ac_avg  filo2  P≈0.000620
06:12:37 | i 68 | [Phase 1/3] decompose  0.56s / — / —  λ=0.8  rb ac_avg
06:13:14 | i 68 | [Phase 2/3] route  37.10s / 29.76s / 124.7%  filo2  k=10
06:13:41 | i 67 | [ ASYNC BG] bg_ails  65.23s / 61.37s / 106.3%
06:13:41 | i 68 | [HAOS ROLL] k=10  λ=0.8  rb  ac_avg  filo2  P≈0.000620
06:13:42 | i 68 | [ Summary ] cost=218386.00  Δ_S*=+0.63%  Δ_BKS=+0.81%  Δ_S*_BKS=+0.18%  no_improve=49
06:13:42 | i 69 | [HAOS ROLL] k=3  λ=0.8  vb  ac_avg  filo  P≈0.003402
06:13:42 | i 69 | [Phase 1/3] decompose  0.75s / — / —  λ=0.8  vb ac_avg
06:14:57 | i 69 | [Phase 2/3] route  75.14s / 75.18s / 99.9%  filo  k=3
06:14:57 | i 68 | [ ASYNC BG] bg_ails  64.31s / 60.00s / 107.2%
06:14:58 | i 69 | [HAOS ROLL] k=3  λ=0.8  vb  ac_avg  filo  P≈0.003402
06:14:58 | i 69 | [ Summary ] cost=219921.00  Δ_S*=+1.34%  Δ_BKS=+1.52%  Δ_S*_BKS=+0.18%  no_improve=51
06:14:58 | i 70 | [HAOS ROLL] k=2  λ=0.6  vb  ac_avg  ails2  P≈0.001471
06:14:59 | i 70 | [Phase 1/3] decompose  0.76s / — / —  λ=0.6  vb ac_avg
06:16:45 | i 70 | [Phase 2/3] route  106.28s / 104.04s / 102.2%  ails2  k=2
06:16:45 | i 69 | [ ASYNC BG] bg_ails  77.34s / 73.38s / 105.4%
06:16:45 | i 70 | [HAOS ROLL] k=2  λ=0.6  vb  ac_avg  ails2  P≈0.001471
06:16:45 | i 70 | [ Summary ] cost=218313.00  Δ_S*=+0.60%  Δ_BKS=+0.78%  Δ_S*_BKS=+0.18%  no_improve=53
06:16:45 | i 71 | [HAOS ROLL] k=8  λ=0.6  vb  fcm  pyvrp  P≈0.000154
06:16:46 | i 71 | [Phase 1/3] decompose  1.07s / — / —  λ=0.6  vb fcm
06:17:28 | i 71 | [Phase 2/3] route  41.89s / 24.66s / 169.9%  pyvrp  k=8
06:18:30 | i 70 | [ ASYNC BG] bg_ails  105.37s / 101.54s / 103.8%
06:18:31 | i 71 | [HAOS ROLL] k=8  λ=0.6  vb  fcm  pyvrp  P≈0.000154
06:18:31 | i 71 | [ Summary ] cost=222034.00  Δ_S*=+2.31%  Δ_BKS=+2.50%  Δ_S*_BKS=+0.18%  no_improve=55
06:18:31 | i 72 | [HAOS ROLL] k=8  λ=0.6  vb  fcm  filo  P≈0.001120
06:18:32 | i 72 | [Phase 1/3] decompose  1.03s / — / —  λ=0.6  vb fcm
06:19:15 | i 72 | [Phase 2/3] route  43.12s / 24.66s / 174.8%  filo  k=8
06:19:35 | i 71 | [ ASYNC BG] bg_ails  64.34s / 60.00s / 107.2%
06:19:35 | i 72 | [HAOS ROLL] k=8  λ=0.6  vb  fcm  filo  P≈0.001120
06:19:35 | i 72 | [ Summary ] cost=221097.00  Δ_S*=+1.88%  Δ_BKS=+2.07%  Δ_S*_BKS=+0.18%  no_improve=57
06:19:35 | i 73 | [HAOS ROLL] k=8  λ=0.8  vb  ac_complete  filo  P≈0.003100
06:19:36 | i 73 | [Phase 1/3] decompose  0.76s / — / —  λ=0.8  vb ac_complete
06:20:12 | i 73 | [Phase 2/3] route  36.10s / 34.50s / 104.6%  filo  k=8
06:20:39 | i 72 | [ ASYNC BG] bg_ails  64.37s / 60.00s / 107.3%
06:20:39 | i 73 | [HAOS ROLL] k=8  λ=0.8  vb  ac_complete  filo  P≈0.003100
06:20:40 | i 73 | [ Summary ] cost=221529.00  Δ_S*=+2.08%  Δ_BKS=+2.27%  Δ_S*_BKS=+0.18%  no_improve=59
06:20:40 | i 74 | [HAOS ROLL] k=2  λ=0.8  rb  ac_avg  ails2  P≈0.001682
06:20:40 | i 74 | [Phase 1/3] decompose  0.56s / — / —  λ=0.8  rb ac_avg
06:22:15 | i 74 | [Phase 2/3] route  95.11s / 93.42s / 101.8%  ails2  k=2
06:22:15 | i 73 | [ ASYNC BG] bg_ails  64.41s / 60.00s / 107.3%
06:22:15 | i 74 | [HAOS ROLL] k=2  λ=0.8  rb  ac_avg  ails2  P≈0.001682
06:22:16 | i 74 | [ Summary ] cost=218084.00  Δ_S*=+0.49%  Δ_BKS=+0.67%  Δ_S*_BKS=+0.18%  no_improve=61
06:22:16 | i 75 | [HAOS ROLL] k=8  λ=0.6  vb  ac_complete  ails2  P≈0.004590
06:22:16 | i 75 | [Phase 1/3] decompose  0.74s / — / —  λ=0.6  vb ac_complete
06:22:54 | i 75 | [Phase 2/3] route  37.78s / 28.38s / 133.1%  ails2  k=8
06:23:51 | i 74 | [ ASYNC BG] bg_ails  95.41s / 91.18s / 104.6%
06:23:51 | i 75 | [HAOS ROLL] k=8  λ=0.6  vb  ac_complete  ails2  P≈0.004590
06:23:51 | i 75 | [ Summary ] cost=220991.00  Δ_S*=+1.83%  Δ_BKS=+2.02%  Δ_S*_BKS=+0.18%  no_improve=63
06:23:51 | i 76 | [HAOS ROLL] k=2  λ=0.0  rb  kmeans  filo  P≈0.000722
06:23:51 | i 76 | [Phase 1/3] decompose  0.42s / — / —  λ=0.0  rb kmeans
06:25:25 | i 76 | [Phase 2/3] route  93.20s / 93.00s / 100.2%  filo  k=2
06:25:25 | i 75 | [ ASYNC BG] bg_ails  64.31s / 60.00s / 107.2%
06:25:25 | i 76 | [HAOS ROLL] k=2  λ=0.0  rb  kmeans  filo  P≈0.000722
06:25:25 | i 76 | [ Summary ] cost=218609.00  Δ_S*=+0.73%  Δ_BKS=+0.92%  Δ_S*_BKS=+0.18%  no_improve=65
06:25:25 | i 77 | [HAOS ROLL] k=6  λ=0.8  vb  ac_avg  ails2  P≈0.001351
06:25:26 | i 77 | [Phase 1/3] decompose  0.76s / — / —  λ=0.8  vb ac_avg
06:26:05 | i 77 | [Phase 2/3] route  38.86s / 37.38s / 104.0%  ails2  k=6
06:26:59 | i 76 | [ ASYNC BG] bg_ails  94.16s / 90.77s / 103.7%
06:26:59 | i 77 | [HAOS ROLL] k=6  λ=0.8  vb  ac_avg  ails2  P≈0.001351
06:26:59 | i 77 | [ Summary ] cost=220932.00  Δ_S*=+1.80%  Δ_BKS=+1.99%  Δ_S*_BKS=+0.18%  no_improve=67
06:26:59 | i 71 | [ASYNC 1/2] sp_sc  52.27s / 720.00s / 7.3%  SP  avg_coverage=46.80/5  pool=10000
06:26:59 | i 71 | [ASYNC 2/2] standard_ails  363.79s / 360.00s / 101.1%
06:27:47 | i 78 | [HAOS ROLL] k=10  λ=0.2  rb  kmeans  ails2  P≈0.000941
06:27:47 | i 78 | [Phase 1/3] decompose  0.55s / — / —  λ=0.2  rb kmeans
06:28:27 | i 78 | [Phase 2/3] route  39.74s / 20.28s / 196.0%  ails2  k=10
06:28:27 | i 77 | [ ASYNC BG] bg_ails  64.21s / 60.00s / 107.0%
06:28:27 | i 78 | [HAOS ROLL] k=10  λ=0.2  rb  kmeans  ails2  P≈0.000941
06:28:28 | i 78 | [ Summary ] cost=217200.00  Δ_S*=+0.08%  Δ_BKS=+0.27%  Δ_S*_BKS=+0.18%  no_improve=70
06:28:28 | i 79 | [HAOS ROLL] k=3  λ=0.4  rb  kmeans  ails2  P≈0.002356
06:28:28 | i 79 | [Phase 1/3] decompose  0.54s / — / —  λ=0.4  rb kmeans
06:29:33 | i 79 | [Phase 2/3] route  64.97s / 63.18s / 102.8%  ails2  k=3
06:29:33 | i 78 | [ ASYNC BG] bg_ails  64.41s / 60.00s / 107.3%
06:29:34 | i 79 | [HAOS ROLL] k=3  λ=0.4  rb  kmeans  ails2  P≈0.002356
06:29:34 | i 79 | [ Summary ] cost=217642.00  Δ_S*=+0.29%  Δ_BKS=+0.47%  Δ_S*_BKS=+0.18%  no_improve=72
06:29:34 | i 80 | [HAOS ROLL] k=2  λ=1.0  vb  ac_avg  filo2  P≈0.000328
06:29:34 | i 80 | [Phase 1/3] decompose  0.75s / — / —  λ=1.0  vb ac_avg
06:31:11 | i 80 | [Phase 2/3] route  96.21s / 95.58s / 100.7%  filo2  k=2
06:31:11 | i 79 | [ ASYNC BG] bg_ails  65.43s / 61.66s / 106.1%
06:31:11 | i 80 | [HAOS ROLL] k=2  λ=1.0  vb  ac_avg  filo2  P≈0.000328
06:31:11 | i 80 | [ Summary ] cost=218856.00  Δ_S*=+0.85%  Δ_BKS=+1.03%  Δ_S*_BKS=+0.18%  no_improve=74
06:31:11 | i 81 | [HAOS ROLL] k=10  λ=1.0  vb  ac_avg  ails2  P≈0.002280
06:31:12 | i 81 | [Phase 1/3] decompose  0.76s / — / —  λ=1.0  vb ac_avg
06:31:46 | i 81 | [Phase 2/3] route  33.88s / 26.58s / 127.5%  ails2  k=10
06:32:48 | i 80 | [ ASYNC BG] bg_ails  97.29s / 93.29s / 104.3%
06:32:48 | i 81 | [HAOS ROLL] k=10  λ=1.0  vb  ac_avg  ails2  P≈0.002280
06:32:49 | i 81 | [ Summary ] cost=221560.00  Δ_S*=+2.09%  Δ_BKS=+2.28%  Δ_S*_BKS=+0.18%  no_improve=76
06:32:49 | i 82 | [HAOS ROLL] k=10  λ=0.8  vb  ac_avg  ails2  P≈0.005409
06:32:49 | i 82 | [Phase 1/3] decompose  0.77s / — / —  λ=0.8  vb ac_avg
06:33:27 | i 82 | [Phase 2/3] route  38.06s / 27.84s / 136.7%  ails2  k=10
06:33:53 | i 81 | [ ASYNC BG] bg_ails  64.46s / 60.00s / 107.4%
06:33:53 | i 82 | [HAOS ROLL] k=10  λ=0.8  vb  ac_avg  ails2  P≈0.005409
06:33:53 | i 82 | [ Summary ] cost=223440.00  Δ_S*=+2.96%  Δ_BKS=+3.15%  Δ_S*_BKS=+0.18%  no_improve=78
06:33:53 | i 83 | [HAOS ROLL] k=10  λ=0.4  vb  kmeans  filo2  P≈0.000343
06:33:54 | i 83 | [Phase 1/3] decompose  0.54s / — / —  λ=0.4  vb kmeans
06:34:31 | i 83 | [Phase 2/3] route  37.09s / 19.92s / 186.2%  filo2  k=10
06:34:57 | i 82 | [ ASYNC BG] bg_ails  64.37s / 60.00s / 107.3%
06:34:57 | i 83 | [HAOS ROLL] k=10  λ=0.4  vb  kmeans  filo2  P≈0.000343
06:34:57 | i 83 | [ Summary ] cost=221204.00  Δ_S*=+1.93%  Δ_BKS=+2.12%  Δ_S*_BKS=+0.18%  no_improve=80
06:34:57 | i 84 | [HAOS ROLL] k=8  λ=0.4  vb  ac_complete  ails2  P≈0.002773
06:34:58 | i 84 | [Phase 1/3] decompose  0.74s / — / —  λ=0.4  vb ac_complete
06:35:41 | i 84 | [Phase 2/3] route  42.67s / 29.16s / 146.3%  ails2  k=8
06:36:01 | i 83 | [ ASYNC BG] bg_ails  64.32s / 60.00s / 107.2%
06:36:02 | i 84 | [HAOS ROLL] k=8  λ=0.4  vb  ac_complete  ails2  P≈0.002773
06:36:02 | i 84 | [ Summary ] cost=221387.00  Δ_S*=+2.01%  Δ_BKS=+2.20%  Δ_S*_BKS=+0.18%  no_improve=82
06:36:02 | i 85 | [HAOS ROLL] k=10  λ=0.6  vb  ac_avg  filo  P≈0.003336
06:36:02 | i 85 | [Phase 1/3] decompose  0.76s / — / —  λ=0.6  vb ac_avg
06:36:38 | i 85 | [Phase 2/3] route  35.24s / 27.24s / 129.4%  filo  k=10
06:37:06 | i 84 | [ ASYNC BG] bg_ails  64.39s / 60.00s / 107.3%
06:37:06 | i 85 | [HAOS ROLL] k=10  λ=0.6  vb  ac_avg  filo  P≈0.003336
06:37:06 | i 85 | [ Summary ] cost=222473.00  Δ_S*=+2.51%  Δ_BKS=+2.70%  Δ_S*_BKS=+0.18%  no_improve=84
06:37:06 | i 86 | [HAOS ROLL] k=10  λ=0.8  vb  ac_complete  filo  P≈0.005453
06:37:07 | i 86 | [Phase 1/3] decompose  0.74s / — / —  λ=0.8  vb ac_complete
06:37:42 | i 86 | [Phase 2/3] route  35.10s / 22.44s / 156.4%  filo  k=10
06:38:10 | i 85 | [ ASYNC BG] bg_ails  64.39s / 60.00s / 107.3%
06:38:10 | i 86 | [HAOS ROLL] k=10  λ=0.8  vb  ac_complete  filo  P≈0.005453
06:38:10 | i 86 | [ Summary ] cost=222920.00  Δ_S*=+2.72%  Δ_BKS=+2.91%  Δ_S*_BKS=+0.18%  no_improve=86
06:38:10 | i 87 | [HAOS ROLL] k=8  λ=0.8  vb  ac_avg  pyvrp  P≈0.000591
06:38:11 | i 87 | [Phase 1/3] decompose  0.73s / — / —  λ=0.8  vb ac_avg
06:38:50 | i 87 | [Phase 2/3] route  38.84s / 37.38s / 103.9%  pyvrp  k=8
06:39:14 | i 86 | [ ASYNC BG] bg_ails  64.35s / 60.00s / 107.3%
06:39:15 | i 87 | [HAOS ROLL] k=8  λ=0.8  vb  ac_avg  pyvrp  P≈0.000591
06:39:15 | i 87 | [ Summary ] cost=224242.00  Δ_S*=+3.33%  Δ_BKS=+3.52%  Δ_S*_BKS=+0.18%  no_improve=88
06:39:15 | i 88 | [HAOS ROLL] k=6  λ=0.4  vb  kmeans  ails2  P≈0.000539
06:39:16 | i 88 | [Phase 1/3] decompose  0.56s / — / —  λ=0.4  vb kmeans
06:39:48 | i 88 | [Phase 2/3] route  32.72s / 31.08s / 105.3%  ails2  k=6
06:40:19 | i 87 | [ ASYNC BG] bg_ails  64.43s / 60.00s / 107.4%
06:40:19 | i 88 | [HAOS ROLL] k=6  λ=0.4  vb  kmeans  ails2  P≈0.000539
06:40:19 | i 88 | [ Summary ] cost=220575.00  Δ_S*=+1.64%  Δ_BKS=+1.82%  Δ_S*_BKS=+0.18%  no_improve=90
06:40:19 | i 89 | [HAOS ROLL] k=3  λ=0.8  rb  kmeans  filo2  P≈0.000929
06:40:20 | i 89 | [Phase 1/3] decompose  0.55s / — / —  λ=0.8  rb kmeans
06:41:23 | i 89 | [Phase 2/3] route  63.13s / 63.48s / 99.4%  filo2  k=3
06:41:23 | i 88 | [ ASYNC BG] bg_ails  64.39s / 60.00s / 107.3%
06:41:24 | i 89 | [HAOS ROLL] k=3  λ=0.8  rb  kmeans  filo2  P≈0.000929
06:41:24 | i 89 | [ Summary ] cost=219068.00  Δ_S*=+0.94%  Δ_BKS=+1.13%  Δ_S*_BKS=+0.18%  no_improve=92
06:41:24 | i 90 | [HAOS ROLL] k=10  λ=0.8  vb  ac_avg  ails2  P≈0.009158
06:41:24 | i 90 | [Phase 1/3] decompose  0.77s / — / —  λ=0.8  vb ac_avg
06:42:02 | i 90 | [Phase 2/3] route  38.01s / 27.84s / 136.5%  ails2  k=10
06:42:29 | i 89 | [ ASYNC BG] bg_ails  65.34s / 61.96s / 105.5%
06:42:29 | i 90 | [HAOS ROLL] k=10  λ=0.8  vb  ac_avg  ails2  P≈0.009158
06:42:29 | i 90 | [ Summary ] cost=223348.00  Δ_S*=+2.92%  Δ_BKS=+3.10%  Δ_S*_BKS=+0.18%  no_improve=94
06:42:29 | i 91 | [HAOS ROLL] k=8  λ=0.4  rb  ac_avg  ails2  P≈0.001800
06:42:30 | i 91 | [Phase 1/3] decompose  0.57s / — / —  λ=0.4  rb ac_avg
06:43:04 | i 91 | [Phase 2/3] route  34.74s / 33.78s / 102.9%  ails2  k=8
06:43:33 | i 90 | [ ASYNC BG] bg_ails  64.51s / 60.00s / 107.5%
06:43:33 | i 91 | [HAOS ROLL] k=8  λ=0.4  rb  ac_avg  ails2  P≈0.001800
06:43:34 | i 91 | [ Summary ] cost=217551.00  Δ_S*=+0.24%  Δ_BKS=+0.43%  Δ_S*_BKS=+0.18%  no_improve=96
06:43:34 | i 92 | [HAOS ROLL] k=3  λ=0.8  rb  ac_complete  ails2  P≈0.002203
06:43:34 | i 92 | [Phase 1/3] decompose  0.56s / — / —  λ=0.8  rb ac_complete
06:44:58 | i 92 | [Phase 2/3] route  84.10s / 82.26s / 102.2%  ails2  k=3
06:44:58 | i 91 | [ ASYNC BG] bg_ails  64.41s / 60.00s / 107.3%
06:44:58 | i 92 | [HAOS ROLL] k=3  λ=0.8  rb  ac_complete  ails2  P≈0.002203
06:44:59 | i 92 | [ Summary ] cost=217582.00  Δ_S*=+0.26%  Δ_BKS=+0.44%  Δ_S*_BKS=+0.18%  no_improve=98
06:44:59 | i 93 | [HAOS ROLL] k=10  λ=0.8  rb  ac_avg  filo  P≈0.003791
06:44:59 | i 93 | [Phase 1/3] decompose  0.56s / — / —  λ=0.8  rb ac_avg
06:45:36 | i 93 | [Phase 2/3] route  37.10s / 29.76s / 124.7%  filo  k=10
06:46:23 | i 92 | [ ASYNC BG] bg_ails  84.39s / 80.29s / 105.1%
06:46:23 | i 93 | [HAOS ROLL] k=10  λ=0.8  rb  ac_avg  filo  P≈0.003791
06:46:23 | i 93 | [ Summary ] cost=218577.00  Δ_S*=+0.72%  Δ_BKS=+0.90%  Δ_S*_BKS=+0.18%  no_improve=100
06:46:23 | i 87 | [ASYNC 1/2] sp_sc  38.92s / 720.00s / 5.4%  SP  avg_coverage=46.96/5  pool=10000
06:46:23 | i 87 | [ASYNC 2/2] standard_ails  363.56s / 360.00s / 101.0%
06:47:11 | i 94 | [HAOS ROLL] k=12  λ=0.8  rb  ac_complete  ails2  P≈0.001154
06:47:11 | i 94 | [Phase 1/3] decompose  0.55s / — / —  λ=0.8  rb ac_complete
06:47:46 | i 94 | [Phase 2/3] route  34.82s / 25.08s / 138.8%  ails2  k=12
06:47:46 | i 93 | [ ASYNC BG] bg_ails  64.39s / 60.00s / 107.3%
06:47:47 | i 94 | [HAOS ROLL] k=12  λ=0.8  rb  ac_complete  ails2  P≈0.001154
06:47:47 | i 94 | [ Summary ] cost=217202.00  Δ_S*=+0.08%  Δ_BKS=+0.27%  Δ_S*_BKS=+0.18%  no_improve=103
06:47:47 | i 95 | [HAOS ROLL] k=8  λ=0.8  rb  kmeans  filo2  P≈0.001344
06:47:47 | i 95 | [Phase 1/3] decompose  0.56s / — / —  λ=0.8  rb kmeans
06:48:27 | i 95 | [Phase 2/3] route  39.11s / 25.56s / 153.0%  filo2  k=8
06:48:27 | i 95 | [HAOS ROLL] k=8  λ=0.8  rb  kmeans  filo2  P≈0.001344
06:48:27 | i 95 | [ Summary ] cost=218255.00  Δ_S*=+0.57%  Δ_BKS=+0.75%  Δ_S*_BKS=+0.18%  no_improve=104
06:48:27 | i 96 | [HAOS ROLL] k=2  λ=0.4  rb  ac_avg  filo  P≈0.000980
06:48:28 | i 96 | [Phase 1/3] decompose  0.55s / — / —  λ=0.4  rb ac_avg
06:50:01 | i 96 | [Phase 2/3] route  93.20s / 93.42s / 99.8%  filo  k=2
06:50:01 | i 96 | [HAOS ROLL] k=2  λ=0.4  rb  ac_avg  filo  P≈0.000980
06:50:01 | i 96 | [ Summary ] cost=218828.00  Δ_S*=+0.83%  Δ_BKS=+1.02%  Δ_S*_BKS=+0.18%  no_improve=105
06:50:01 | i — | [  FINAL  ] async BG-AILS totals launched=93 applied=93 adopted=3 launch_skipped_cap=3 crashes=0 discarded_in_flight=False block_wait_total_s=1818.8
06:50:01 | i — | [  FINAL  ] async SP/SC totals invocations=6 adopted=2 skipped=0 discarded_in_flight=False sp_busy_frac=0.39233310872931965
06:50:01 | i — | [  FINAL  ] ════════════════════════════════════════
06:50:01 | i — | [  FINAL  ] Run complete  iterations=96  elapsed=02:01:26  best=217020.00
06:50:01 | i — | [  FINAL  ] Δ_BKS=+0.18%  no_improve_stop=False  time_stop=True  cancelled=False
06:50:01 | i — | [  FINAL  ] 
06:50:01 | i — | [  FINAL  ] [BEST SOLUTION — HAOS TAG SUMMARY]
06:50:01 | i — | [  FINAL  ] ────────────────────────────────────────
06:50:01 | i — | [  FINAL  ]   10 routes  vb  ac_avg  k=8  λ=1.0  solver=filo
06:50:01 | i — | [  FINAL  ]   5 routes  rb  ac_complete  k=3  λ=1.0  solver=ails2
06:50:01 | i — | [  FINAL  ]   4 routes  rb  ac_complete  k=2  λ=0.4  solver=ails2
06:50:01 | i — | [  FINAL  ]   3 routes  rb  kmeans  k=3  λ=0.6  solver=ails2
06:50:01 | i — | [  FINAL  ]   3 routes  rb  kmeans  k=3  λ=0.8  solver=ails2
06:50:01 | i — | [  FINAL  ]   3 routes  vb  fcm  k=10  λ=0.8  solver=ails2
06:50:01 | i — | [  FINAL  ]   3 routes  rb  ac_complete  k=6  λ=0.4  solver=ails2
06:50:01 | i — | [  FINAL  ]   2 routes  rb  ac_avg  k=10  λ=0.4  solver=filo
06:50:01 | i — | [  FINAL  ]   2 routes  rb  ac_complete  k=6  λ=0.6  solver=filo
06:50:01 | i — | [  FINAL  ]   2 routes  vb  ac_avg  k=10  λ=0.8  solver=ails2
06:50:01 | i — | [  FINAL  ]   2 routes  vb  fcm  k=10  λ=0.4  solver=ails2
06:50:01 | i — | [  FINAL  ]   2 routes  vb  ac_complete  k=3  λ=0.8  solver=ails2
06:50:01 | i — | [  FINAL  ]   1 routes  vb  ac_avg  k=2  λ=0.8  solver=filo2
06:50:01 | i — | [  FINAL  ]   1 routes  vb  ac_complete  k=10  λ=0.4  solver=filo2
06:50:01 | i — | [  FINAL  ]   1 routes  vb  kmeans  k=2  λ=0.6  solver=ails2
06:50:01 | i — | [  FINAL  ]   1 routes  rb  kmeans  k=2  λ=0.0  solver=filo
06:50:01 | i — | [  FINAL  ]   1 routes  vb  ac_avg  k=6  λ=0.2  solver=ails2
06:50:01 | i — | [  FINAL  ]   1 routes  rb  ac_complete  k=8  λ=0.4  solver=filo
06:50:01 | i — | [  FINAL  ]   1 routes  vb  ac_complete  k=8  λ=1.0  solver=filo
06:50:01 | i — | [  FINAL  ]   1 routes  rb  ac_avg  k=10  λ=0.6  solver=filo
06:50:01 | i — | [  FINAL  ]   1 routes  vb  fcm  k=12  λ=0.8  solver=pyvrp
06:50:01 | i — | [  FINAL  ]   1 routes  vb  ac_complete  k=12  λ=0.8  solver=pyvrp
06:50:01 | i — | [  FINAL  ]   157 routes  post-SP/SC improvement
06:50:01 | i — | [  FINAL  ] 
06:50:01 | i — | [  FINAL  ] [ROUTE POOL — HAOS TAG SUMMARY]
06:50:01 | i — | [  FINAL  ] ────────────────────────────────────────
06:50:01 | i — | [  FINAL  ]   642 routes  vb  ac_avg  k=10  λ=0.8  solver=ails2
06:50:01 | i — | [  FINAL  ]   339 routes  vb  ac_complete  k=10  λ=0.8  solver=filo
06:50:01 | i — | [  FINAL  ]   339 routes  vb  kmeans  k=10  λ=0.4  solver=filo2
06:50:01 | i — | [  FINAL  ]   338 routes  vb  ac_avg  k=10  λ=0.6  solver=filo
06:50:01 | i — | [  FINAL  ]   324 routes  vb  ac_avg  k=2  λ=1.0  solver=filo2
06:50:01 | i — | [  FINAL  ]   323 routes  vb  ac_complete  k=8  λ=0.4  solver=ails2
06:50:01 | i — | [  FINAL  ]   318 routes  vb  ac_avg  k=10  λ=1.0  solver=ails2
06:50:01 | i — | [  FINAL  ]   301 routes  rb  kmeans  k=3  λ=0.4  solver=ails2
06:50:01 | i — | [  FINAL  ]   301 routes  vb  ac_avg  k=8  λ=0.8  solver=pyvrp
06:50:01 | i — | [  FINAL  ]   277 routes  rb  ac_complete  k=3  λ=0.8  solver=ails2
06:50:01 | i — | [  FINAL  ]   272 routes  rb  ac_avg  k=10  λ=0.8  solver=filo
06:50:01 | i — | [  FINAL  ]   260 routes  vb  kmeans  k=6  λ=0.4  solver=ails2
06:50:01 | i — | [  FINAL  ]   254 routes  rb  kmeans  k=3  λ=0.8  solver=filo2
06:50:01 | i — | [  FINAL  ]   207 routes  vb  ac_avg  k=8  λ=1.0  solver=filo
06:50:01 | i — | [  FINAL  ]   207 routes  rb  ac_avg  k=8  λ=0.4  solver=ails2
06:50:01 | i — | [  FINAL  ]   182 routes  rb  ac_avg  k=10  λ=0.6  solver=filo
06:50:01 | i — | [  FINAL  ]   176 routes  rb  ac_avg  k=2  λ=0.4  solver=filo
06:50:01 | i — | [  FINAL  ]   168 routes  vb  ac_avg  k=6  λ=0.8  solver=ails2
06:50:01 | i — | [  FINAL  ]   147 routes  vb  ac_avg  k=3  λ=0.8  solver=filo
06:50:01 | i — | [  FINAL  ]   146 routes  rb  kmeans  k=8  λ=0.8  solver=filo2
06:50:01 | i — | [  FINAL  ]   144 routes  vb  ac_complete  k=12  λ=0.8  solver=ails2
06:50:01 | i — | [  FINAL  ]   137 routes  vb  ac_complete  k=3  λ=0.6  solver=filo
06:50:01 | i — | [  FINAL  ]   134 routes  vb  fcm  k=6  λ=0.4  solver=filo
06:50:01 | i — | [  FINAL  ]   132 routes  vb  kmedoids  k=8  λ=0.8  solver=ails2
06:50:01 | i — | [  FINAL  ]   117 routes  rb  ac_complete  k=3  λ=0.2  solver=pyvrp
06:50:01 | i — | [  FINAL  ]   117 routes  vb  kmedoids  k=2  λ=1.0  solver=filo
06:50:01 | i — | [  FINAL  ]   114 routes  vb  ac_avg  k=2  λ=0.6  solver=ails2
06:50:01 | i — | [  FINAL  ]   111 routes  vb  ac_complete  k=10  λ=0.4  solver=filo2
06:50:01 | i — | [  FINAL  ]   107 routes  vb  ac_complete  k=10  λ=1.0  solver=ails2
06:50:01 | i — | [  FINAL  ]   107 routes  vb  ac_avg  k=3  λ=0.6  solver=filo
06:50:01 | i — | [  FINAL  ]   107 routes  rb  kmeans  k=10  λ=0.2  solver=ails2
06:50:01 | i — | [  FINAL  ]   104 routes  vb  kmedoids  k=8  λ=0.6  solver=filo
06:50:01 | i — | [  FINAL  ]   104 routes  rb  ac_complete  k=3  λ=0.0  solver=filo2
06:50:01 | i — | [  FINAL  ]   104 routes  vb  fcm  k=6  λ=1.0  solver=filo
06:50:01 | i — | [  FINAL  ]   103 routes  vb  ac_complete  k=2  λ=1.0  solver=filo
06:50:01 | i — | [  FINAL  ]   101 routes  vb  kmedoids  k=8  λ=0.8  solver=filo
06:50:01 | i — | [  FINAL  ]   100 routes  rb  ac_complete  k=12  λ=0.8  solver=ails2
06:50:01 | i — | [  FINAL  ]   99 routes  vb  fcm  k=8  λ=0.6  solver=pyvrp
06:50:01 | i — | [  FINAL  ]   97 routes  rb  ac_avg  k=10  λ=0.8  solver=filo2
06:50:01 | i — | [  FINAL  ]   96 routes  vb  ac_complete  k=8  λ=0.6  solver=ails2
06:50:01 | i — | [  FINAL  ]   95 routes  rb  kmeans  k=2  λ=0.0  solver=filo
06:50:01 | i — | [  FINAL  ]   95 routes  rb  kmeans  k=10  λ=0.8  solver=filo
06:50:01 | i — | [  FINAL  ]   88 routes  vb  fcm  k=10  λ=0.8  solver=ails2
06:50:01 | i — | [  FINAL  ]   84 routes  vb  ac_avg  k=2  λ=0.8  solver=filo2
06:50:01 | i — | [  FINAL  ]   84 routes  vb  ac_avg  k=6  λ=0.2  solver=ails2
06:50:01 | i — | [  FINAL  ]   83 routes  rb  ac_complete  k=6  λ=0.6  solver=filo
06:50:01 | i — | [  FINAL  ]   83 routes  vb  kmeans  k=4  λ=0.6  solver=ails2
06:50:01 | i — | [  FINAL  ]   83 routes  vb  kmedoids  k=3  λ=0.8  solver=filo2
06:50:01 | i — | [  FINAL  ]   83 routes  vb  ac_complete  k=3  λ=1.0  solver=ails2
06:50:01 | i — | [  FINAL  ]   81 routes  rb  ac_complete  k=3  λ=1.0  solver=ails2
06:50:01 | i — | [  FINAL  ]   79 routes  rb  ac_avg  k=10  λ=0.4  solver=filo
06:50:01 | i — | [  FINAL  ]   78 routes  rb  ac_avg  k=12  λ=0.4  solver=filo
06:50:01 | i — | [  FINAL  ]   74 routes  vb  ac_complete  k=3  λ=0.2  solver=ails2
06:50:01 | i — | [  FINAL  ]   73 routes  vb  fcm  k=2  λ=0.8  solver=ails2
06:50:01 | i — | [  FINAL  ]   73 routes  vb  kmeans  k=3  λ=0.6  solver=ails2
06:50:01 | i — | [  FINAL  ]   72 routes  vb  kmedoids  k=2  λ=0.6  solver=ails2
06:50:01 | i — | [  FINAL  ]   71 routes  vb  ac_avg  k=3  λ=0.8  solver=ails2
06:50:01 | i — | [  FINAL  ]   70 routes  rb  ac_complete  k=8  λ=0.4  solver=filo
06:50:01 | i — | [  FINAL  ]   69 routes  rb  ac_avg  k=6  λ=0.4  solver=ails2
06:50:01 | i — | [  FINAL  ]   58 routes  vb  kmeans  k=2  λ=0.6  solver=ails2
06:50:01 | i — | [  FINAL  ]   57 routes  vb  kmedoids  k=6  λ=0.6  solver=ails2
06:50:01 | i — | [  FINAL  ]   53 routes  rb  kmeans  k=12  λ=0.0  solver=filo
06:50:01 | i — | [  FINAL  ]   47 routes  vb  fcm  k=3  λ=0.4  solver=ails2
06:50:01 | i — | [  FINAL  ]   38 routes  vb  ac_complete  k=12  λ=0.8  solver=pyvrp
06:50:01 | i — | [  FINAL  ]   35 routes  vb  ac_complete  k=3  λ=0.8  solver=ails2
06:50:01 | i — | [  FINAL  ]   34 routes  rb  ac_complete  k=2  λ=0.4  solver=ails2
06:50:01 | i — | [  FINAL  ]   33 routes  vb  fcm  k=12  λ=0.8  solver=pyvrp
06:50:01 | i — | [  FINAL  ]   24 routes  vb  kmeans  k=3  λ=0.6  solver=filo
06:50:01 | i — | [  FINAL  ]   21 routes  vb  ac_complete  k=8  λ=0.0  solver=ails2
06:50:01 | i — | [  FINAL  ]   17 routes  rb  kmeans  k=8  λ=1.0  solver=ails2
06:50:01 | i — | [  FINAL  ]   13 routes  rb  kmeans  k=12  λ=1.0  solver=ails2
06:50:01 | i — | [  FINAL  ]   11 routes  vb  fcm  k=10  λ=0.4  solver=ails2
06:50:01 | i — | [  FINAL  ]   9 routes  rb  kmeans  k=2  λ=0.2  solver=ails2
06:50:01 | i — | [  FINAL  ]   8 routes  rb  ac_complete  k=3  λ=0.4  solver=ails2
06:50:01 | i — | [  FINAL  ]   6 routes  vb  kmeans  k=8  λ=0.0  solver=filo2
06:50:01 | i — | [  FINAL  ]   6 routes  vb  ac_complete  k=10  λ=0.4  solver=ails2
06:50:01 | i — | [  FINAL  ]   5 routes  vb  ac_complete  k=8  λ=1.0  solver=filo
06:50:01 | i — | [  FINAL  ]   4 routes  rb  kmeans  k=3  λ=0.8  solver=ails2
06:50:01 | i — | [  FINAL  ]   4 routes  vb  ac_complete  k=10  λ=0.6  solver=filo
06:50:01 | i — | [  FINAL  ]   4 routes  vb  ac_avg  k=4  λ=0.6  solver=filo
06:50:01 | i — | [  FINAL  ]   3 routes  rb  kmeans  k=3  λ=0.6  solver=ails2
06:50:01 | i — | [  FINAL  ]   3 routes  rb  ac_complete  k=6  λ=0.4  solver=ails2
06:50:01 | i — | [  FINAL  ]   2 routes  vb  fcm  k=8  λ=0.6  solver=filo
06:50:01 | i — | [  FINAL  ]   2 routes  vb  ac_complete  k=8  λ=0.8  solver=filo
06:50:01 | i — | [  FINAL  ]   1 routes  rb  kmeans  k=10  λ=0.0  solver=ails2
06:50:01 | i — | [  FINAL  ]   1 routes  rb  ac_avg  k=2  λ=0.8  solver=ails2
06:50:01 | i — | [  FINAL  ]   227 routes  post-SP/SC improvement
06:50:01 | i — | [  FINAL  ] ════════════════════════════════════════
