17:20:17 | i — | [  INIT   ] ════════════════════════════════════════
17:20:17 | i — | [  INIT   ] DRISPI  instance=X-n4153-k291  n=4152  capacity=726
17:20:17 | i — | [  INIT   ] k domain (computed at init): [2, 3, 4, 6, 8, 10, 12, 15]  k_ext=16  k_min=291  k_ext_bound=n_bound  spacing_rejected=2
17:20:17 | i — | [  INIT   ] ══════════════════════════════════════════════════════
17:20:17 | i — | [  INIT   ] CONFIGURATION
17:20:17 | i — | [  INIT   ] ── stopping ────────────────────────────────
17:20:17 | i — | [  INIT   ]   time_limit                  = 7200.0
17:20:17 | i — | [  INIT   ]   max_no_improve              = 1000000000
17:20:17 | i — | [  INIT   ] ── parallelism ─────────────────────────────
17:20:17 | i — | [  INIT   ]   n_workers                   = 8
17:20:17 | i — | [  INIT   ] ── cores ───────────────────────────────────
17:20:17 | i — | [  INIT   ]   cores_total                 = 8
17:20:17 | i — | [  INIT   ]   cores_dri                   = 6
17:20:17 | i — | [  INIT   ]   cores_bg                    = 1
17:20:17 | i — | [  INIT   ]   cores_sp                    = 1
17:20:17 | i — | [  INIT   ]   cores_cpu_list              = None
17:20:17 | i — | [  INIT   ] ── sp/sc ───────────────────────────────────
17:20:17 | i — | [  INIT   ]   sp_sc_mode                  = async
17:20:17 | i — | [  INIT   ]   sp_sc_trigger               = wallclock
17:20:17 | i — | [  INIT   ]   interval_minutes            = 20.0
17:20:17 | i — | [  INIT   ]   overlap_policy              = skip
17:20:17 | i — | [  INIT   ]   warmup_iterations           = 5
17:20:17 | i — | [  INIT   ]   sp_interval                 = 3
17:20:17 | i — | [  INIT   ]   min_coverage                = 5
17:20:17 | i — | [  INIT   ]   sp_time_limit               = 720.0
17:20:17 | i — | [  INIT   ]   mip_gap                     = 0.00025
17:20:17 | i — | [  INIT   ] ── decomposition ───────────────────────────
17:20:17 | i — | [  INIT   ]   decomp_k_base_arms          = [2, 3, 4, 6, 8, 10, 12]
17:20:17 | i — | [  INIT   ]   decomp_k_max_arms           = 10
17:20:17 | i — | [  INIT   ]   decomp_k_ext_per_1000       = 4
17:20:17 | i — | [  INIT   ]   decomp_k_min_routes_per_cluster= 8
17:20:17 | i — | [  INIT   ]   decomp_k_min_arm_spacing    = 2
17:20:17 | i — | [  INIT   ]   subcluster_rate_s_per_customer= 0.06
17:20:17 | i — | [  INIT   ]   subcluster_floor_s          = 5.0
17:20:17 | i — | [  INIT   ] ── bg_ails ─────────────────────────────────
17:20:17 | i — | [  INIT   ]   bg_ails_mode                = async
17:20:17 | i — | [  INIT   ]   bg_ails_crash_threshold     = 1
17:20:17 | i — | [  INIT   ]   bg_ails_budget_mode         = predicted_dr_wall
17:20:17 | i — | [  INIT   ]   bg_ails_budget_floor_s      = 60.0
17:20:17 | i — | [  INIT   ]   bg_ails_budget_margin       = 1.0
17:20:17 | i — | [  INIT   ]   bg_ails_wall_model_scale    = 0.976
17:20:17 | i — | [  INIT   ]   bg_ails_wall_model_wave_exponent= -0.18
17:20:17 | i — | [  INIT   ]   bg_ails_initial_omega       = 10
17:20:17 | i — | [  INIT   ]   bg_ails_boundary_threshold  = 0.5
17:20:17 | i — | [  INIT   ]   bg_ails_small_cluster_cap   = 20
17:20:17 | i — | [  INIT   ]   bg_ails_small_cluster_alpha = 0.5
17:20:17 | i — | [  INIT   ]   bg_ails_pair_selection      = greedy
17:20:17 | i — | [  INIT   ]   bg_ails_n_chains_mode       = k
17:20:17 | i — | [  INIT   ]   bg_ails_unique_first_routes = True
17:20:17 | i — | [  INIT   ]   bg_ails_boundary_mask_first_ls= True
17:20:17 | i — | [  INIT   ] ── standard_improvement ────────────────────
17:20:17 | i — | [  INIT   ]   standard_improvement_time_limit= 360.0
17:20:17 | i — | [  INIT   ] ── pool ────────────────────────────────────
17:20:17 | i — | [  INIT   ]   max_pool_size               = 10000
17:20:17 | i — | [  INIT   ]   pool_diversity_weight       = 0.5
17:20:17 | i — | [  INIT   ] ── haos ────────────────────────────────────
17:20:17 | i — | [  INIT   ]   haos_decay                  = 0.95
17:20:17 | i — | [  INIT   ]   haos_warmup                 = 10
17:20:17 | i — | [  INIT   ]   haos_starting_weight        = 10.0
17:20:17 | i — | [  INIT   ]   haos_min_weight_k           = 0.025
17:20:17 | i — | [  INIT   ]   haos_min_weight_lambda      = 0.05
17:20:17 | i — | [  INIT   ]   haos_min_weight_paradigm    = 0.1
17:20:17 | i — | [  INIT   ]   haos_min_weight_vertex_method= 0.05
17:20:17 | i — | [  INIT   ]   haos_min_weight_route_method= 0.05
17:20:17 | i — | [  INIT   ]   haos_min_weight_solver      = 0.05
17:20:17 | i — | [  INIT   ]   haos_lambda_demand_values   = [0.0, 0.2, 0.4, 0.6, 0.8, 1.0]
17:20:17 | i — | [  INIT   ]   haos_paradigm_values        = ['vertex', 'route']
17:20:17 | i — | [  INIT   ]   haos_vertex_method_values   = ['kmeans', 'agglomerative_avg', 'agglomerative_complete', 'kmedoids', 'fcm']
17:20:17 | i — | [  INIT   ]   haos_route_method_values    = ['kmeans', 'agglomerative_avg', 'agglomerative_complete']
17:20:17 | i — | [  INIT   ]   haos_solver_values          = ['pyvrp', 'filo', 'filo2', 'ails2']
17:20:17 | i — | [  INIT   ] ── haos_rewards ────────────────────────────
17:20:17 | i — | [  INIT   ]   haos_reward_new_best        = 10.0
17:20:17 | i — | [  INIT   ]   haos_reward_improvement     = 4.0
17:20:17 | i — | [  INIT   ]   haos_reward_no_improvement  = 1.0
17:20:17 | i — | [  INIT   ]   haos_reward_no_solution     = 0.0
17:20:17 | i — | [  INIT   ]   haos_deferred_new_best      = 7.0
17:20:17 | i — | [  INIT   ]   haos_deferred_improvement   = 3.0
17:20:17 | i — | [  INIT   ]   haos_deferred_no_improvement= 0.0
17:20:17 | i — | [  INIT   ] ── seed ────────────────────────────────────
17:20:17 | i — | [  INIT   ]   seed                        = 22
17:20:17 | i — | [  INIT   ] ── output ──────────────────────────────────
17:20:17 | i — | [  INIT   ]   output_dir                  = /app/artifacts/benchmark/X-n4153-k291/seed22
17:20:17 | i — | [  INIT   ]   run_analysis                = False
17:20:17 | i — | [  INIT   ] ══════════════════════════════════════════════════════
17:20:17 | i — | [  INIT   ] BKS=355780.00
17:20:17 | i — | [  INIT   ] ════════════════════════════════════════
17:20:17 | i 1 | [HAOS ROLL] k=8  λ=0.8  vb  fcm  filo2  P≈0.000521
17:20:19 | i 1 | [Phase 1/3] decompose  1.66s / — / —  λ=0.8  vb fcm
17:21:12 | i 1 | [Phase 2/3] route  52.86s / 46.26s / 114.3%  filo2  k=8
17:21:12 | i 1 | [ IMPROVE ] 360381.00  via decompose_route  ·  Δ_BKS=+1.29%
17:21:12 | i 1 | [HAOS ROLL] k=8  λ=0.8  vb  fcm  filo2  P≈0.000521
17:21:12 | i 1 | [ Summary ] cost=360381.00  Δ_S*=+0.00%  Δ_BKS=+1.29%  Δ_S*_BKS=+1.29%  no_improve=0
17:21:12 | i 2 | [HAOS ROLL] k=12  λ=0.4  vb  kmedoids  filo  P≈0.000521
17:21:15 | i 2 | [Phase 1/3] decompose  3.75s / — / —  λ=0.4  vb kmedoids
17:22:14 | i 2 | [Phase 2/3] route  58.13s / 37.44s / 155.3%  filo  k=12
17:22:23 | i 1 | [ IMPROVE ] 357393.00  via bg_ails  ·  Δ_BKS=+0.45%
17:22:23 | i 1 | [ ASYNC BG] bg_ails  71.67s / 66.37s / 108.0%
17:22:23 | i 2 | [HAOS ROLL] k=12  λ=0.4  vb  kmedoids  filo  P≈0.000521
17:22:23 | i 2 | [ Summary ] cost=363625.00  Δ_S*=+1.74%  Δ_BKS=+2.21%  Δ_S*_BKS=+0.45%  no_improve=1
17:22:23 | i 3 | [HAOS ROLL] k=10  λ=0.6  rb  ac_avg  filo  P≈0.000868
17:22:24 | i 3 | [Phase 1/3] decompose  1.08s / — / —  λ=0.6  rb ac_avg
17:23:49 | i 3 | [Phase 2/3] route  84.18s / 83.94s / 100.3%  filo  k=10
17:23:49 | i 2 | [ ASYNC BG] bg_ails  65.76s / 60.00s / 109.6%
17:23:49 | i 3 | [HAOS ROLL] k=10  λ=0.6  rb  ac_avg  filo  P≈0.000868
17:23:49 | i 3 | [ Summary ] cost=360328.00  Δ_S*=+0.82%  Δ_BKS=+1.28%  Δ_S*_BKS=+0.45%  no_improve=3
17:23:49 | i 4 | [HAOS ROLL] k=2  λ=0.0  vb  kmeans  filo2  P≈0.000521
17:23:50 | i 4 | [Phase 1/3] decompose  0.86s / — / —  λ=0.0  vb kmeans
17:26:27 | i 4 | [Phase 2/3] route  157.40s / 157.08s / 100.2%  filo2  k=2
17:26:27 | i 3 | [ IMPROVE ] 357265.00  via bg_ails  ·  Δ_BKS=+0.42%
17:26:27 | i 3 | [ ASYNC BG] bg_ails  125.81s / 120.29s / 104.6%
17:26:27 | i 4 | [HAOS ROLL] k=2  λ=0.0  vb  kmeans  filo2  P≈0.000521
17:26:27 | i 4 | [ Summary ] cost=358235.00  Δ_S*=+0.27%  Δ_BKS=+0.69%  Δ_S*_BKS=+0.42%  no_improve=1
17:26:27 | i 5 | [HAOS ROLL] k=10  λ=0.8  vb  kmedoids  filo2  P≈0.000521
17:26:29 | i 5 | [Phase 1/3] decompose  1.53s / — / —  λ=0.8  vb kmedoids
17:27:21 | i 5 | [Phase 2/3] route  52.12s / 36.96s / 141.0%  filo2  k=10
17:29:06 | i 4 | [ IMPROVE ] 357146.00  via bg_ails  ·  Δ_BKS=+0.38%
17:29:06 | i 4 | [ ASYNC BG] bg_ails  158.84s / 153.31s / 103.6%
17:29:06 | i 5 | [HAOS ROLL] k=10  λ=0.8  vb  kmedoids  filo2  P≈0.000521
17:29:06 | i 5 | [ Summary ] cost=363140.00  Δ_S*=+1.68%  Δ_BKS=+2.07%  Δ_S*_BKS=+0.38%  no_improve=1
17:29:06 | i 6 | [HAOS ROLL] k=10  λ=0.0  vb  kmeans  ails2  P≈0.000521
17:29:07 | i 6 | [Phase 1/3] decompose  0.74s / — / —  λ=0.0  vb kmeans
17:30:04 | i 6 | [Phase 2/3] route  57.05s / 42.42s / 134.5%  ails2  k=10
17:30:12 | i 5 | [ ASYNC BG] bg_ails  65.81s / 60.69s / 108.5%
17:30:12 | i 6 | [HAOS ROLL] k=10  λ=0.0  vb  kmeans  ails2  P≈0.000521
17:30:12 | i 6 | [ Summary ] cost=362038.00  Δ_S*=+1.37%  Δ_BKS=+1.76%  Δ_S*_BKS=+0.38%  no_improve=3
17:30:12 | i 7 | [HAOS ROLL] k=6  λ=0.0  rb  kmeans  filo  P≈0.000868
17:30:13 | i 7 | [Phase 1/3] decompose  0.77s / — / —  λ=0.0  rb kmeans
17:31:18 | i 7 | [Phase 2/3] route  65.16s / 65.22s / 99.9%  filo  k=6
17:31:26 | i 6 | [ ASYNC BG] bg_ails  73.76s / 68.96s / 107.0%
17:31:26 | i 7 | [HAOS ROLL] k=6  λ=0.0  rb  kmeans  filo  P≈0.000868
17:31:26 | i 7 | [ Summary ] cost=361154.00  Δ_S*=+1.12%  Δ_BKS=+1.51%  Δ_S*_BKS=+0.38%  no_improve=5
17:31:26 | i 8 | [HAOS ROLL] k=2  λ=1.0  rb  ac_complete  filo2  P≈0.000868
17:31:27 | i 8 | [Phase 1/3] decompose  0.99s / — / —  λ=1.0  rb ac_complete
17:34:05 | i 8 | [Phase 2/3] route  158.40s / 157.62s / 100.5%  filo2  k=2
17:34:05 | i 7 | [ ASYNC BG] bg_ails  68.54s / 63.65s / 107.7%
17:34:05 | i 8 | [HAOS ROLL] k=2  λ=1.0  rb  ac_complete  filo2  P≈0.000868
17:34:05 | i 8 | [ Summary ] cost=358075.00  Δ_S*=+0.26%  Δ_BKS=+0.65%  Δ_S*_BKS=+0.38%  no_improve=7
17:34:05 | i 9 | [HAOS ROLL] k=3  λ=0.0  rb  kmeans  filo  P≈0.000868
17:34:06 | i 9 | [Phase 1/3] decompose  0.75s / — / —  λ=0.0  rb kmeans
17:35:37 | i 9 | [Phase 2/3] route  91.20s / 90.66s / 100.6%  filo  k=3
17:36:44 | i 8 | [ IMPROVE ] 356907.00  via bg_ails  ·  Δ_BKS=+0.32%
17:36:44 | i 8 | [ ASYNC BG] bg_ails  158.80s / 153.84s / 103.2%
17:36:44 | i 9 | [HAOS ROLL] k=3  λ=0.0  rb  kmeans  filo  P≈0.000868
17:36:44 | i 9 | [ Summary ] cost=358544.00  Δ_S*=+0.46%  Δ_BKS=+0.78%  Δ_S*_BKS=+0.32%  no_improve=1
17:36:44 | i 6 | [ASYNC 1/2] sp_sc  2.98s / 720.00s / 0.4%  SP  avg_coverage=10.82/5  pool=3166
17:36:44 | i 6 | [ASYNC 2/2] standard_ails  364.87s / 360.00s / 101.4%
17:36:56 | i 6 | [ IMPROVE ] 356738.00  via standard_ails  ·  Δ_BKS=+0.27%
17:36:56 | i 10 | [HAOS ROLL] k=10  λ=0.0  rb  ac_avg  filo2  P≈0.000868
17:36:56 | i 10 | [Phase 1/3] decompose  0.72s / — / —  λ=0.0  rb ac_avg
17:38:18 | i 10 | [Phase 2/3] route  81.20s / 73.80s / 110.0%  filo2  k=10
17:38:18 | i 9 | [ ASYNC BG] bg_ails  93.53s / 88.48s / 105.7%
17:38:18 | i 10 | [HAOS ROLL] k=10  λ=0.0  rb  ac_avg  filo2  P≈0.000868
17:38:18 | i 10 | [ Summary ] cost=360251.00  Δ_S*=+0.98%  Δ_BKS=+1.26%  Δ_S*_BKS=+0.27%  no_improve=2
17:38:18 | i 11 | [HAOS ROLL] k=12  λ=1.0  vb  ac_avg  ails2  P≈0.000521
17:38:19 | i 11 | [Phase 1/3] decompose  1.52s / — / —  λ=1.0  vb ac_avg
17:40:37 | i 11 | [Phase 2/3] route  137.36s / 134.70s / 102.0%  ails2  k=12
17:40:37 | i 10 | [ ASYNC BG] bg_ails  129.62s / 124.37s / 104.2%
17:40:37 | i 11 | [HAOS ROLL] k=12  λ=1.0  vb  ac_avg  ails2  P≈0.000521
17:40:37 | i 11 | [ Summary ] cost=363481.00  Δ_S*=+1.89%  Δ_BKS=+2.16%  Δ_S*_BKS=+0.27%  no_improve=4
17:40:37 | i 12 | [HAOS ROLL] k=15  λ=0.8  vb  kmedoids  ails2  P≈0.000538
17:40:38 | i 12 | [Phase 1/3] decompose  1.42s / — / —  λ=0.8  vb kmedoids
17:41:31 | i 12 | [Phase 2/3] route  53.08s / 29.58s / 179.4%  ails2  k=15
17:42:57 | i 11 | [ ASYNC BG] bg_ails  139.80s / 134.09s / 104.3%
17:42:57 | i 12 | [HAOS ROLL] k=15  λ=0.8  vb  kmedoids  ails2  P≈0.000538
17:42:57 | i 12 | [ Summary ] cost=364693.00  Δ_S*=+2.23%  Δ_BKS=+2.51%  Δ_S*_BKS=+0.27%  no_improve=6
17:42:57 | i 13 | [HAOS ROLL] k=12  λ=0.2  vb  kmedoids  filo2  P≈0.000652
17:42:58 | i 13 | [Phase 1/3] decompose  1.52s / — / —  λ=0.2  vb kmedoids
17:43:51 | i 13 | [Phase 2/3] route  53.14s / 52.68s / 100.9%  filo2  k=12
17:44:03 | i 12 | [ ASYNC BG] bg_ails  66.84s / 61.32s / 109.0%
17:44:03 | i 13 | [HAOS ROLL] k=12  λ=0.2  vb  kmedoids  filo2  P≈0.000652
17:44:03 | i 13 | [ Summary ] cost=363934.00  Δ_S*=+2.02%  Δ_BKS=+2.29%  Δ_S*_BKS=+0.27%  no_improve=8
17:44:03 | i 14 | [HAOS ROLL] k=2  λ=0.6  vb  fcm  ails2  P≈0.000705
17:44:04 | i 14 | [Phase 1/3] decompose  0.97s / — / —  λ=0.6  vb fcm
17:46:43 | i 14 | [Phase 2/3] route  158.75s / 156.96s / 101.1%  ails2  k=2
17:46:43 | i 13 | [ ASYNC BG] bg_ails  73.77s / 68.85s / 107.1%
17:46:43 | i 14 | [HAOS ROLL] k=2  λ=0.6  vb  fcm  ails2  P≈0.000705
17:46:43 | i 14 | [ Summary ] cost=357211.00  Δ_S*=+0.13%  Δ_BKS=+0.40%  Δ_S*_BKS=+0.27%  no_improve=10
17:46:43 | i 15 | [HAOS ROLL] k=2  λ=1.0  rb  kmeans  pyvrp  P≈0.000409
17:46:44 | i 15 | [Phase 1/3] decompose  0.99s / — / —  λ=1.0  rb kmeans
17:49:37 | i 15 | [Phase 2/3] route  172.49s / 157.50s / 109.5%  pyvrp  k=2
17:49:37 | i 14 | [ ASYNC BG] bg_ails  158.72s / 153.19s / 103.6%
17:49:37 | i 15 | [HAOS ROLL] k=2  λ=1.0  rb  kmeans  pyvrp  P≈0.000409
17:49:37 | i 15 | [ Summary ] cost=363917.00  Δ_S*=+2.01%  Δ_BKS=+2.29%  Δ_S*_BKS=+0.27%  no_improve=12
17:49:37 | i 16 | [HAOS ROLL] k=10  λ=0.8  vb  fcm  ails2  P≈0.001098
17:49:38 | i 16 | [Phase 1/3] decompose  1.17s / — / —  λ=0.8  vb fcm
17:50:38 | i 16 | [Phase 2/3] route  60.05s / 39.78s / 150.9%  ails2  k=10
17:52:15 | i 15 | [ ASYNC BG] bg_ails  158.66s / 153.72s / 103.2%
17:52:16 | i 16 | [HAOS ROLL] k=10  λ=0.8  vb  fcm  ails2  P≈0.001098
17:52:16 | i 16 | [ Summary ] cost=360523.00  Δ_S*=+1.06%  Δ_BKS=+1.33%  Δ_S*_BKS=+0.27%  no_improve=14
17:52:16 | i 17 | [HAOS ROLL] k=4  λ=0.2  vb  ac_complete  pyvrp  P≈0.000447
17:52:17 | i 17 | [Phase 1/3] decompose  1.54s / — / —  λ=0.2  vb ac_complete
17:55:06 | i 17 | [Phase 2/3] route  169.01s / 153.72s / 109.9%  pyvrp  k=4
17:55:06 | i 16 | [ ASYNC BG] bg_ails  71.14s / 65.18s / 109.1%
17:55:06 | i 17 | [HAOS ROLL] k=4  λ=0.2  vb  ac_complete  pyvrp  P≈0.000447
17:55:06 | i 17 | [ Summary ] cost=363513.00  Δ_S*=+1.90%  Δ_BKS=+2.17%  Δ_S*_BKS=+0.27%  no_improve=16
17:55:06 | i 18 | [HAOS ROLL] k=12  λ=0.4  vb  kmeans  filo  P≈0.000363
17:55:07 | i 18 | [Phase 1/3] decompose  1.03s / — / —  λ=0.4  vb kmeans
17:56:14 | i 18 | [Phase 2/3] route  66.17s / 44.16s / 149.8%  filo  k=12
17:57:43 | i 17 | [ ASYNC BG] bg_ails  156.38s / 150.03s / 104.2%
17:57:43 | i 18 | [HAOS ROLL] k=12  λ=0.4  vb  kmeans  filo  P≈0.000363
17:57:43 | i 18 | [ Summary ] cost=363458.00  Δ_S*=+1.88%  Δ_BKS=+2.16%  Δ_S*_BKS=+0.27%  no_improve=18
17:57:43 | i 19 | [HAOS ROLL] k=15  λ=0.8  vb  ac_avg  ails2  P≈0.000857
17:57:44 | i 19 | [Phase 1/3] decompose  1.60s / — / —  λ=0.8  vb ac_avg
17:59:06 | i 19 | [Phase 2/3] route  81.68s / 79.56s / 102.7%  ails2  k=15
17:59:06 | i 18 | [ ASYNC BG] bg_ails  76.42s / 70.82s / 107.9%
17:59:06 | i 19 | [HAOS ROLL] k=15  λ=0.8  vb  ac_avg  ails2  P≈0.000857
17:59:06 | i 19 | [ Summary ] cost=363676.00  Δ_S*=+1.94%  Δ_BKS=+2.22%  Δ_S*_BKS=+0.27%  no_improve=20
17:59:06 | i 20 | [HAOS ROLL] k=15  λ=0.4  vb  fcm  pyvrp  P≈0.000867
17:59:08 | i 20 | [Phase 1/3] decompose  1.37s / — / —  λ=0.4  vb fcm
17:59:58 | i 20 | [Phase 2/3] route  50.10s / 28.08s / 178.4%  pyvrp  k=15
18:00:25 | i 19 | [ ASYNC BG] bg_ails  79.15s / 73.01s / 108.4%
18:00:25 | i 20 | [HAOS ROLL] k=15  λ=0.4  vb  fcm  pyvrp  P≈0.000867
18:00:26 | i 20 | [ Summary ] cost=365299.00  Δ_S*=+2.40%  Δ_BKS=+2.68%  Δ_S*_BKS=+0.27%  no_improve=22
18:00:26 | i 21 | [HAOS ROLL] k=4  λ=0.0  vb  ac_avg  ails2  P≈0.000927
18:00:27 | i 21 | [Phase 1/3] decompose  1.34s / — / —  λ=0.0  vb ac_avg
18:03:05 | i 21 | [Phase 2/3] route  158.19s / 155.64s / 101.6%  ails2  k=4
18:03:05 | i 20 | [ ASYNC BG] bg_ails  66.40s / 60.00s / 110.7%
18:03:05 | i 21 | [HAOS ROLL] k=4  λ=0.0  vb  ac_avg  ails2  P≈0.000927
18:03:05 | i 21 | [ Summary ] cost=357353.00  Δ_S*=+0.17%  Δ_BKS=+0.44%  Δ_S*_BKS=+0.27%  no_improve=24
18:03:05 | i 22 | [HAOS ROLL] k=10  λ=1.0  vb  fcm  filo2  P≈0.000470
18:03:07 | i 22 | [Phase 1/3] decompose  1.31s / — / —  λ=1.0  vb fcm
18:04:05 | i 22 | [Phase 2/3] route  58.29s / 39.78s / 146.5%  filo2  k=10
18:05:42 | i 21 | [ ASYNC BG] bg_ails  156.52s / 151.90s / 103.0%
18:05:42 | i 22 | [HAOS ROLL] k=10  λ=1.0  vb  fcm  filo2  P≈0.000470
18:05:42 | i 22 | [ Summary ] cost=361968.00  Δ_S*=+1.47%  Δ_BKS=+1.74%  Δ_S*_BKS=+0.27%  no_improve=26
18:05:42 | i 23 | [HAOS ROLL] k=4  λ=0.8  vb  kmeans  pyvrp  P≈0.001180
18:05:43 | i 23 | [Phase 1/3] decompose  0.98s / — / —  λ=0.8  vb kmeans
18:07:07 | i 23 | [Phase 2/3] route  84.22s / 79.86s / 105.5%  pyvrp  k=4
18:07:07 | i 22 | [ ASYNC BG] bg_ails  70.78s / 65.18s / 108.6%
18:07:07 | i 23 | [HAOS ROLL] k=4  λ=0.8  vb  kmeans  pyvrp  P≈0.001180
18:07:07 | i 23 | [ Summary ] cost=364418.00  Δ_S*=+2.15%  Δ_BKS=+2.43%  Δ_S*_BKS=+0.27%  no_improve=28
18:07:07 | i 24 | [HAOS ROLL] k=12  λ=0.2  vb  kmeans  pyvrp  P≈0.000682
18:07:08 | i 24 | [Phase 1/3] decompose  0.98s / — / —  λ=0.2  vb kmeans
18:08:15 | i 24 | [Phase 2/3] route  67.02s / 42.96s / 156.0%  pyvrp  k=12
18:08:30 | i 23 | [ ASYNC BG] bg_ails  82.81s / 77.94s / 106.2%
18:08:30 | i 24 | [HAOS ROLL] k=12  λ=0.2  vb  kmeans  pyvrp  P≈0.000682
18:08:30 | i 24 | [ Summary ] cost=366311.00  Δ_S*=+2.68%  Δ_BKS=+2.96%  Δ_S*_BKS=+0.27%  no_improve=30
18:08:30 | i 25 | [HAOS ROLL] k=4  λ=0.8  vb  kmeans  ails2  P≈0.003004
18:08:31 | i 25 | [Phase 1/3] decompose  0.98s / — / —  λ=0.8  vb kmeans
18:09:51 | i 25 | [Phase 2/3] route  80.10s / 78.96s / 101.4%  ails2  k=4
18:09:51 | i 24 | [ ASYNC BG] bg_ails  74.80s / 69.11s / 108.2%
18:09:51 | i 25 | [HAOS ROLL] k=4  λ=0.8  vb  kmeans  ails2  P≈0.003004
18:09:51 | i 25 | [ Summary ] cost=356759.00  Δ_S*=+0.01%  Δ_BKS=+0.28%  Δ_S*_BKS=+0.27%  no_improve=32
18:09:51 | i 26 | [HAOS ROLL] k=2  λ=1.0  vb  kmedoids  filo  P≈0.000223
18:09:52 | i 26 | [Phase 1/3] decompose  1.29s / — / —  λ=1.0  vb kmedoids
18:12:30 | i 26 | [Phase 2/3] route  157.40s / 157.08s / 100.2%  filo  k=2
18:12:30 | i 25 | [ ASYNC BG] bg_ails  82.83s / 77.06s / 107.5%
18:12:30 | i 26 | [HAOS ROLL] k=2  λ=1.0  vb  kmedoids  filo  P≈0.000223
18:12:30 | i 26 | [ Summary ] cost=358421.00  Δ_S*=+0.47%  Δ_BKS=+0.74%  Δ_S*_BKS=+0.27%  no_improve=34
18:12:30 | i 16 | [ASYNC 1/2] sp_sc  787.42s / 720.00s / 109.4%  SP  avg_coverage=31.11/5  pool=9086
18:12:30 | i 16 | [ASYNC 2/2] standard_ails  364.66s / 360.00s / 101.3%
18:13:21 | i 27 | [HAOS ROLL] k=6  λ=0.8  vb  ac_avg  ails2  P≈0.001558
18:13:22 | i 27 | [Phase 1/3] decompose  1.58s / — / —  λ=0.8  vb ac_avg
18:16:01 | i 27 | [Phase 2/3] route  158.89s / 155.34s / 102.3%  ails2  k=6
18:16:01 | i 26 | [ ASYNC BG] bg_ails  158.76s / 153.31s / 103.6%
18:16:02 | i 27 | [HAOS ROLL] k=6  λ=0.8  vb  ac_avg  ails2  P≈0.001558
18:16:02 | i 27 | [ Summary ] cost=359527.00  Δ_S*=+0.78%  Δ_BKS=+1.05%  Δ_S*_BKS=+0.27%  no_improve=37
18:16:02 | i 28 | [HAOS ROLL] k=15  λ=0.8  vb  kmeans  pyvrp  P≈0.002358
18:16:03 | i 28 | [Phase 1/3] decompose  1.04s / — / —  λ=0.8  vb kmeans
18:16:54 | i 28 | [Phase 2/3] route  51.11s / 31.98s / 159.8%  pyvrp  k=15
18:18:39 | i 27 | [ ASYNC BG] bg_ails  157.51s / 151.61s / 103.9%
18:18:39 | i 28 | [HAOS ROLL] k=15  λ=0.8  vb  kmeans  pyvrp  P≈0.002358
18:18:39 | i 28 | [ Summary ] cost=367479.00  Δ_S*=+3.01%  Δ_BKS=+3.29%  Δ_S*_BKS=+0.27%  no_improve=39
18:18:39 | i 29 | [HAOS ROLL] k=3  λ=0.6  rb  kmeans  ails2  P≈0.000167
18:18:40 | i 29 | [Phase 1/3] decompose  1.00s / — / —  λ=0.6  rb kmeans
18:20:12 | i 29 | [Phase 2/3] route  92.00s / 90.72s / 101.4%  ails2  k=3
18:20:12 | i 28 | [ ASYNC BG] bg_ails  70.07s / 64.20s / 109.1%
18:20:12 | i 29 | [ IMPROVE ] 356680.00  via decompose_route  ·  Δ_BKS=+0.25%
18:20:13 | i 29 | [HAOS ROLL] k=3  λ=0.6  rb  kmeans  ails2  P≈0.000167
18:20:13 | i 29 | [ Summary ] cost=356680.00  Δ_S*=+0.00%  Δ_BKS=+0.25%  Δ_S*_BKS=+0.25%  no_improve=0
18:20:13 | i 30 | [HAOS ROLL] k=8  λ=0.8  vb  ac_avg  pyvrp  P≈0.001327
18:20:14 | i 30 | [Phase 1/3] decompose  1.54s / — / —  λ=0.8  vb ac_avg
18:23:06 | i 30 | [Phase 2/3] route  171.55s / 155.34s / 110.4%  pyvrp  k=8
18:23:06 | i 29 | [ ASYNC BG] bg_ails  93.99s / 88.54s / 106.2%
18:23:06 | i 30 | [HAOS ROLL] k=8  λ=0.8  vb  ac_avg  pyvrp  P≈0.001327
18:23:06 | i 30 | [ Summary ] cost=367399.00  Δ_S*=+3.01%  Δ_BKS=+3.27%  Δ_S*_BKS=+0.25%  no_improve=2
18:23:06 | i 31 | [HAOS ROLL] k=4  λ=0.8  rb  kmeans  pyvrp  P≈0.001912
18:23:07 | i 31 | [Phase 1/3] decompose  1.04s / — / —  λ=0.8  rb kmeans
18:24:35 | i 31 | [Phase 2/3] route  88.00s / 83.04s / 106.0%  pyvrp  k=4
18:25:30 | i 30 | [ ASYNC BG] bg_ails  143.89s / 138.14s / 104.2%
18:25:30 | i 31 | [HAOS ROLL] k=4  λ=0.8  rb  kmeans  pyvrp  P≈0.001912
18:25:30 | i 31 | [ Summary ] cost=365237.00  Δ_S*=+2.40%  Δ_BKS=+2.66%  Δ_S*_BKS=+0.25%  no_improve=4
18:25:30 | i 32 | [HAOS ROLL] k=8  λ=0.8  rb  kmeans  pyvrp  P≈0.001608
18:25:31 | i 32 | [Phase 1/3] decompose  0.99s / — / —  λ=0.8  rb kmeans
18:26:31 | i 32 | [Phase 2/3] route  60.29s / 46.92s / 128.5%  pyvrp  k=8
18:26:57 | i 31 | [ ASYNC BG] bg_ails  87.20s / 81.05s / 107.6%
18:26:57 | i 32 | [HAOS ROLL] k=8  λ=0.8  rb  kmeans  pyvrp  P≈0.001608
18:26:57 | i 32 | [ Summary ] cost=364700.00  Δ_S*=+2.25%  Δ_BKS=+2.51%  Δ_S*_BKS=+0.25%  no_improve=6
18:26:57 | i 33 | [HAOS ROLL] k=4  λ=0.6  rb  ac_complete  filo2  P≈0.000281
18:26:58 | i 33 | [Phase 1/3] decompose  1.02s / — / —  λ=0.6  rb ac_complete
18:28:49 | i 33 | [Phase 2/3] route  110.28s / 109.50s / 100.7%  filo2  k=4
18:28:49 | i 32 | [ ASYNC BG] bg_ails  80.22s / 74.33s / 107.9%
18:28:49 | i 33 | [HAOS ROLL] k=4  λ=0.6  rb  ac_complete  filo2  P≈0.000281
18:28:49 | i 33 | [ Summary ] cost=358795.00  Δ_S*=+0.59%  Δ_BKS=+0.85%  Δ_S*_BKS=+0.25%  no_improve=8
18:28:49 | i 34 | [HAOS ROLL] k=10  λ=0.4  vb  ac_avg  filo2  P≈0.000185
18:28:50 | i 34 | [Phase 1/3] decompose  1.51s / — / —  λ=0.4  vb ac_avg
18:31:22 | i 34 | [Phase 2/3] route  151.40s / 151.44s / 100.0%  filo2  k=10
18:31:22 | i 33 | [ ASYNC BG] bg_ails  111.71s / 106.87s / 104.5%
18:31:22 | i 34 | [HAOS ROLL] k=10  λ=0.4  vb  ac_avg  filo2  P≈0.000185
18:31:22 | i 34 | [ Summary ] cost=361923.00  Δ_S*=+1.47%  Δ_BKS=+1.73%  Δ_S*_BKS=+0.25%  no_improve=10
18:31:22 | i 35 | [HAOS ROLL] k=4  λ=0.6  vb  kmeans  pyvrp  P≈0.003047
18:31:23 | i 35 | [Phase 1/3] decompose  0.97s / — / —  λ=0.6  vb kmeans
18:32:46 | i 35 | [Phase 2/3] route  83.27s / 78.96s / 105.5%  pyvrp  k=4
18:33:47 | i 34 | [ ASYNC BG] bg_ails  144.74s / 139.15s / 104.0%
18:33:47 | i 35 | [HAOS ROLL] k=4  λ=0.6  vb  kmeans  pyvrp  P≈0.003047
18:33:47 | i 35 | [ Summary ] cost=364963.00  Δ_S*=+2.32%  Δ_BKS=+2.58%  Δ_S*_BKS=+0.25%  no_improve=12
18:33:47 | i 36 | [HAOS ROLL] k=4  λ=0.8  vb  kmeans  pyvrp  P≈0.005270
18:33:48 | i 36 | [Phase 1/3] decompose  0.96s / — / —  λ=0.8  vb kmeans
18:35:12 | i 36 | [Phase 2/3] route  84.28s / 79.74s / 105.7%  pyvrp  k=4
18:35:12 | i 35 | [ ASYNC BG] bg_ails  82.86s / 77.06s / 107.5%
18:35:12 | i 36 | [HAOS ROLL] k=4  λ=0.8  vb  kmeans  pyvrp  P≈0.005270
18:35:12 | i 36 | [ Summary ] cost=364919.00  Δ_S*=+2.31%  Δ_BKS=+2.57%  Δ_S*_BKS=+0.25%  no_improve=14
18:35:12 | i 37 | [HAOS ROLL] k=8  λ=0.8  rb  ac_avg  pyvrp  P≈0.001231
18:35:13 | i 37 | [Phase 1/3] decompose  1.01s / — / —  λ=0.8  rb ac_avg
18:38:05 | i 37 | [Phase 2/3] route  171.96s / 155.64s / 110.5%  pyvrp  k=8
18:38:05 | i 36 | [ ASYNC BG] bg_ails  83.05s / 77.83s / 106.7%
18:38:05 | i 37 | [HAOS ROLL] k=8  λ=0.8  rb  ac_avg  pyvrp  P≈0.001231
18:38:05 | i 37 | [ Summary ] cost=364166.00  Δ_S*=+2.10%  Δ_BKS=+2.36%  Δ_S*_BKS=+0.25%  no_improve=16
18:38:05 | i 38 | [HAOS ROLL] k=15  λ=0.8  rb  ac_complete  pyvrp  P≈0.001223
18:38:06 | i 38 | [Phase 1/3] decompose  0.96s / — / —  λ=0.8  rb ac_complete
18:39:11 | i 38 | [Phase 2/3] route  64.21s / 47.82s / 134.3%  pyvrp  k=15
18:40:29 | i 37 | [ ASYNC BG] bg_ails  143.77s / 138.39s / 103.9%
18:40:29 | i 38 | [HAOS ROLL] k=15  λ=0.8  rb  ac_complete  pyvrp  P≈0.001223
18:40:29 | i 38 | [ Summary ] cost=363448.00  Δ_S*=+1.90%  Δ_BKS=+2.16%  Δ_S*_BKS=+0.25%  no_improve=18
18:40:29 | i 39 | [HAOS ROLL] k=15  λ=0.8  vb  kmeans  ails2  P≈0.002558
18:40:30 | i 39 | [Phase 1/3] decompose  0.96s / — / —  λ=0.8  vb kmeans
18:41:29 | i 39 | [Phase 2/3] route  59.04s / 35.76s / 165.1%  ails2  k=15
18:41:53 | i 38 | [ ASYNC BG] bg_ails  83.77s / 78.13s / 107.2%
18:41:53 | i 39 | [HAOS ROLL] k=15  λ=0.8  vb  kmeans  ails2  P≈0.002558
18:41:53 | i 39 | [ Summary ] cost=365023.00  Δ_S*=+2.34%  Δ_BKS=+2.60%  Δ_S*_BKS=+0.25%  no_improve=20
18:41:53 | i 40 | [HAOS ROLL] k=15  λ=0.0  vb  fcm  filo2  P≈0.000196
18:41:56 | i 40 | [Phase 1/3] decompose  3.13s / — / —  λ=0.0  vb fcm
18:42:47 | i 40 | [Phase 2/3] route  51.13s / 28.08s / 182.1%  filo2  k=15
18:43:07 | i 39 | [ ASYNC BG] bg_ails  73.79s / 68.96s / 107.0%
18:43:07 | i 40 | [HAOS ROLL] k=15  λ=0.0  vb  fcm  filo2  P≈0.000196
18:43:07 | i 40 | [ Summary ] cost=363819.00  Δ_S*=+2.00%  Δ_BKS=+2.26%  Δ_S*_BKS=+0.25%  no_improve=22
18:43:07 | i 41 | [HAOS ROLL] k=4  λ=0.6  vb  fcm  filo2  P≈0.000667
18:43:08 | i 41 | [Phase 1/3] decompose  1.01s / — / —  λ=0.6  vb fcm
18:44:30 | i 41 | [Phase 2/3] route  82.19s / 82.20s / 100.0%  filo2  k=4
18:44:30 | i 40 | [ ASYNC BG] bg_ails  65.62s / 60.00s / 109.4%
18:44:30 | i 41 | [HAOS ROLL] k=4  λ=0.6  vb  fcm  filo2  P≈0.000667
18:44:30 | i 41 | [ Summary ] cost=359260.00  Δ_S*=+0.72%  Δ_BKS=+0.98%  Δ_S*_BKS=+0.25%  no_improve=24
18:44:30 | i 35 | [ASYNC 1/2] sp_sc  242.99s / 720.00s / 33.7%  SP  avg_coverage=33.49/5  pool=10000
18:44:30 | i 35 | [ASYNC 2/2] standard_ails  364.66s / 360.00s / 101.3%
18:45:20 | i 42 | [HAOS ROLL] k=15  λ=1.0  vb  kmeans  filo2  P≈0.000844
18:45:21 | i 42 | [Phase 1/3] decompose  0.92s / — / —  λ=1.0  vb kmeans
18:46:14 | i 42 | [Phase 2/3] route  53.13s / 36.96s / 143.8%  filo2  k=15
18:46:14 | i 41 | [ ASYNC BG] bg_ails  85.69s / 80.23s / 106.8%
18:46:14 | i 42 | [HAOS ROLL] k=15  λ=1.0  vb  kmeans  filo2  P≈0.000844
18:46:14 | i 42 | [ Summary ] cost=365212.00  Δ_S*=+2.39%  Δ_BKS=+2.65%  Δ_S*_BKS=+0.25%  no_improve=27
18:46:14 | i 43 | [HAOS ROLL] k=6  λ=0.4  vb  ac_complete  ails2  P≈0.000189
18:46:16 | i 43 | [Phase 1/3] decompose  1.41s / — / —  λ=0.4  vb ac_complete
18:47:37 | i 43 | [Phase 2/3] route  81.42s / 79.80s / 102.0%  ails2  k=6
18:47:37 | i 42 | [ ASYNC BG] bg_ails  65.89s / 60.00s / 109.8%
18:47:38 | i 43 | [HAOS ROLL] k=6  λ=0.4  vb  ac_complete  ails2  P≈0.000189
18:47:38 | i 43 | [ Summary ] cost=358602.00  Δ_S*=+0.54%  Δ_BKS=+0.79%  Δ_S*_BKS=+0.25%  no_improve=29
18:47:38 | i 44 | [HAOS ROLL] k=15  λ=0.6  vb  ac_avg  filo2  P≈0.000903
18:47:39 | i 44 | [Phase 1/3] decompose  1.50s / — / —  λ=0.6  vb ac_avg
18:49:47 | i 44 | [Phase 2/3] route  127.31s / 126.60s / 100.6%  filo2  k=15
18:49:47 | i 43 | [ ASYNC BG] bg_ails  82.76s / 77.88s / 106.3%
18:49:47 | i 44 | [HAOS ROLL] k=15  λ=0.6  vb  ac_avg  filo2  P≈0.000903
18:49:47 | i 44 | [ Summary ] cost=365228.00  Δ_S*=+2.40%  Δ_BKS=+2.66%  Δ_S*_BKS=+0.25%  no_improve=31
18:49:47 | i 45 | [HAOS ROLL] k=12  λ=1.0  rb  ac_avg  pyvrp  P≈0.000322
18:49:48 | i 45 | [Phase 1/3] decompose  0.96s / — / —  λ=1.0  rb ac_avg
18:51:02 | i 45 | [Phase 2/3] route  74.32s / 70.32s / 105.7%  pyvrp  k=12
18:51:43 | i 44 | [ ASYNC BG] bg_ails  115.98s / 110.15s / 105.3%
18:51:43 | i 45 | [HAOS ROLL] k=12  λ=1.0  rb  ac_avg  pyvrp  P≈0.000322
18:51:43 | i 45 | [ Summary ] cost=363901.00  Δ_S*=+2.02%  Δ_BKS=+2.28%  Δ_S*_BKS=+0.25%  no_improve=33
18:51:43 | i 46 | [HAOS ROLL] k=15  λ=0.8  vb  ac_complete  pyvrp  P≈0.002887
18:51:44 | i 46 | [Phase 1/3] decompose  1.42s / — / —  λ=0.8  vb ac_complete
18:53:34 | i 46 | [Phase 2/3] route  109.69s / 102.24s / 107.3%  pyvrp  k=15
18:53:34 | i 45 | [ ASYNC BG] bg_ails  80.90s / 75.47s / 107.2%
18:53:34 | i 46 | [HAOS ROLL] k=15  λ=0.8  vb  ac_complete  pyvrp  P≈0.002887
18:53:34 | i 46 | [ Summary ] cost=366858.00  Δ_S*=+2.85%  Δ_BKS=+3.11%  Δ_S*_BKS=+0.25%  no_improve=35
18:53:34 | i 47 | [HAOS ROLL] k=4  λ=1.0  vb  ac_avg  filo2  P≈0.001008
18:53:36 | i 47 | [Phase 1/3] decompose  1.53s / — / —  λ=1.0  vb ac_avg
18:56:12 | i 47 | [Phase 2/3] route  156.57s / 155.64s / 100.6%  filo2  k=4
18:56:12 | i 46 | [ ASYNC BG] bg_ails  125.89s / 120.34s / 104.6%
18:56:13 | i 47 | [HAOS ROLL] k=4  λ=1.0  vb  ac_avg  filo2  P≈0.001008
18:56:13 | i 47 | [ Summary ] cost=359327.00  Δ_S*=+0.74%  Δ_BKS=+1.00%  Δ_S*_BKS=+0.25%  no_improve=37
18:56:13 | i 48 | [HAOS ROLL] k=3  λ=0.8  vb  ac_avg  pyvrp  P≈0.001603
18:56:14 | i 48 | [Phase 1/3] decompose  1.54s / — / —  λ=0.8  vb ac_avg
18:59:05 | i 48 | [Phase 2/3] route  170.99s / 155.64s / 109.9%  pyvrp  k=3
18:59:05 | i 47 | [ ASYNC BG] bg_ails  156.88s / 151.90s / 103.3%
18:59:06 | i 48 | [HAOS ROLL] k=3  λ=0.8  vb  ac_avg  pyvrp  P≈0.001603
18:59:06 | i 48 | [ Summary ] cost=364254.00  Δ_S*=+2.12%  Δ_BKS=+2.38%  Δ_S*_BKS=+0.25%  no_improve=39
18:59:06 | i 49 | [HAOS ROLL] k=12  λ=0.8  vb  ac_avg  filo2  P≈0.001814
18:59:07 | i 49 | [Phase 1/3] decompose  1.54s / — / —  λ=0.8  vb ac_avg
19:00:45 | i 49 | [Phase 2/3] route  98.25s / 97.86s / 100.4%  filo2  k=12
19:01:42 | i 48 | [ ASYNC BG] bg_ails  156.83s / 151.90s / 103.2%
19:01:42 | i 49 | [HAOS ROLL] k=12  λ=0.8  vb  ac_avg  filo2  P≈0.001814
19:01:42 | i 49 | [ Summary ] cost=363865.00  Δ_S*=+2.01%  Δ_BKS=+2.27%  Δ_S*_BKS=+0.25%  no_improve=41
19:01:42 | i 50 | [HAOS ROLL] k=4  λ=0.8  vb  kmeans  filo  P≈0.002194
19:01:43 | i 50 | [Phase 1/3] decompose  0.97s / — / —  λ=0.8  vb kmeans
19:03:03 | i 50 | [Phase 2/3] route  79.20s / 78.90s / 100.4%  filo  k=4
19:04:01 | i 49 | [ ASYNC BG] bg_ails  138.89s / 133.83s / 103.8%
19:04:01 | i 50 | [HAOS ROLL] k=4  λ=0.8  vb  kmeans  filo  P≈0.002194
19:04:01 | i 50 | [ Summary ] cost=358535.00  Δ_S*=+0.52%  Δ_BKS=+0.77%  Δ_S*_BKS=+0.25%  no_improve=43
19:04:01 | i 51 | [HAOS ROLL] k=12  λ=1.0  rb  kmeans  filo2  P≈0.000434
19:04:02 | i 51 | [Phase 1/3] decompose  1.03s / — / —  λ=1.0  rb kmeans
19:04:59 | i 51 | [Phase 2/3] route  56.15s / 36.30s / 154.7%  filo2  k=12
19:05:24 | i 50 | [ ASYNC BG] bg_ails  83.17s / 77.01s / 108.0%
19:05:24 | i 51 | [HAOS ROLL] k=12  λ=1.0  rb  kmeans  filo2  P≈0.000434
19:05:25 | i 51 | [ Summary ] cost=362412.00  Δ_S*=+1.61%  Δ_BKS=+1.86%  Δ_S*_BKS=+0.25%  no_improve=45
19:05:25 | i 52 | [HAOS ROLL] k=3  λ=0.4  vb  ac_complete  filo2  P≈0.000242
19:05:26 | i 52 | [Phase 1/3] decompose  1.49s / — / —  λ=0.4  vb ac_complete
19:08:05 | i 52 | [Phase 2/3] route  159.42s / 158.52s / 100.6%  filo2  k=3
19:08:06 | i 51 | [ ASYNC BG] bg_ails  65.89s / 60.63s / 108.7%
19:08:06 | i 52 | [HAOS ROLL] k=3  λ=0.4  vb  ac_complete  filo2  P≈0.000242
19:08:06 | i 52 | [ Summary ] cost=357946.00  Δ_S*=+0.35%  Δ_BKS=+0.61%  Δ_S*_BKS=+0.25%  no_improve=47
19:08:06 | i 47 | [ASYNC 1/2] sp_sc  223.33s / 720.00s / 31.0%  SP  avg_coverage=33.50/5  pool=10000
19:08:06 | i 47 | [ASYNC 2/2] standard_ails  364.80s / 360.00s / 101.3%
19:08:56 | i 53 | [HAOS ROLL] k=15  λ=0.8  vb  kmeans  ails2  P≈0.004816
19:08:57 | i 53 | [Phase 1/3] decompose  0.96s / — / —  λ=0.8  vb kmeans
19:09:48 | i 53 | [Phase 2/3] route  50.89s / 35.64s / 142.8%  ails2  k=15
19:10:45 | i 52 | [ ASYNC BG] bg_ails  159.62s / 154.72s / 103.2%
19:10:46 | i 53 | [HAOS ROLL] k=15  λ=0.8  vb  kmeans  ails2  P≈0.004816
19:10:46 | i 53 | [ Summary ] cost=365226.00  Δ_S*=+2.40%  Δ_BKS=+2.66%  Δ_S*_BKS=+0.25%  no_improve=50
19:10:46 | i 54 | [HAOS ROLL] k=4  λ=0.6  vb  kmedoids  ails2  P≈0.000951
19:10:47 | i 54 | [Phase 1/3] decompose  1.40s / — / —  λ=0.6  vb kmedoids
19:12:19 | i 54 | [Phase 2/3] route  92.16s / 90.72s / 101.6%  ails2  k=4
19:12:19 | i 53 | [ ASYNC BG] bg_ails  67.80s / 62.61s / 108.3%
19:12:19 | i 54 | [HAOS ROLL] k=4  λ=0.6  vb  kmedoids  ails2  P≈0.000951
19:12:20 | i 54 | [ Summary ] cost=358546.00  Δ_S*=+0.52%  Δ_BKS=+0.78%  Δ_S*_BKS=+0.25%  no_improve=52
19:12:20 | i 55 | [HAOS ROLL] k=15  λ=0.8  rb  ac_avg  ails2  P≈0.002612
19:12:21 | i 55 | [Phase 1/3] decompose  1.00s / — / —  λ=0.8  rb ac_avg
19:13:43 | i 55 | [Phase 2/3] route  82.51s / 62.76s / 131.5%  ails2  k=15
19:13:53 | i 54 | [ ASYNC BG] bg_ails  93.89s / 88.54s / 106.0%
19:13:53 | i 55 | [ IMPROVE ] 356663.00  via decompose_route  ·  Δ_BKS=+0.25%
19:13:53 | i 55 | [HAOS ROLL] k=15  λ=0.8  rb  ac_avg  ails2  P≈0.002612
19:13:54 | i 55 | [ Summary ] cost=356663.00  Δ_S*=+0.00%  Δ_BKS=+0.25%  Δ_S*_BKS=+0.25%  no_improve=0
19:13:54 | i 56 | [HAOS ROLL] k=15  λ=0.6  vb  kmedoids  filo2  P≈0.000854
19:13:55 | i 56 | [Phase 1/3] decompose  1.42s / — / —  λ=0.6  vb kmedoids
19:14:46 | i 56 | [Phase 2/3] route  51.13s / 28.44s / 179.8%  filo2  k=15
19:15:43 | i 55 | [ ASYNC BG] bg_ails  110.02s / 104.47s / 105.3%
19:15:43 | i 56 | [HAOS ROLL] k=15  λ=0.6  vb  kmedoids  filo2  P≈0.000854
19:15:44 | i 56 | [ Summary ] cost=366899.00  Δ_S*=+2.87%  Δ_BKS=+3.13%  Δ_S*_BKS=+0.25%  no_improve=2
19:15:44 | i 57 | [HAOS ROLL] k=15  λ=0.6  vb  kmeans  pyvrp  P≈0.002925
19:15:45 | i 57 | [Phase 1/3] decompose  0.99s / — / —  λ=0.6  vb kmeans
19:16:44 | i 57 | [Phase 2/3] route  59.49s / 35.94s / 165.5%  pyvrp  k=15
19:16:49 | i 56 | [ ASYNC BG] bg_ails  65.81s / 60.00s / 109.7%
19:16:49 | i 57 | [HAOS ROLL] k=15  λ=0.6  vb  kmeans  pyvrp  P≈0.002925
19:16:49 | i 57 | [ Summary ] cost=366555.00  Δ_S*=+2.77%  Δ_BKS=+3.03%  Δ_S*_BKS=+0.25%  no_improve=4
19:16:49 | i 58 | [HAOS ROLL] k=2  λ=0.0  rb  kmeans  ails2  P≈0.000162
19:16:50 | i 58 | [Phase 1/3] decompose  0.75s / — / —  λ=0.0  rb kmeans
19:19:29 | i 58 | [Phase 2/3] route  158.79s / 156.54s / 101.4%  ails2  k=2
19:19:29 | i 57 | [ ASYNC BG] bg_ails  72.89s / 67.56s / 107.9%
19:19:29 | i 58 | [HAOS ROLL] k=2  λ=0.0  rb  kmeans  ails2  P≈0.000162
19:19:29 | i 58 | [ Summary ] cost=356813.00  Δ_S*=+0.04%  Δ_BKS=+0.29%  Δ_S*_BKS=+0.25%  no_improve=6
19:19:29 | i 59 | [HAOS ROLL] k=15  λ=0.8  vb  kmedoids  ails2  P≈0.005690
19:19:31 | i 59 | [Phase 1/3] decompose  1.43s / — / —  λ=0.8  vb kmedoids
19:20:24 | i 59 | [Phase 2/3] route  53.19s / 29.58s / 179.8%  ails2  k=15
19:20:24 | i 59 | [HAOS ROLL] k=15  λ=0.8  vb  kmedoids  ails2  P≈0.005690
19:20:24 | i 59 | [ Summary ] cost=364682.00  Δ_S*=+2.25%  Δ_BKS=+2.50%  Δ_S*_BKS=+0.25%  no_improve=7
19:20:24 | i — | [  FINAL  ] async BG-AILS totals launched=57 applied=57 adopted=4 launch_skipped_cap=2 crashes=0 discarded_in_flight=False block_wait_total_s=1297.9
19:20:54 | i — | [  FINAL  ] async SP/SC totals invocations=5 adopted=1 skipped=1 discarded_in_flight=True sp_busy_frac=0.4432633987201718
19:20:54 | i — | [  FINAL  ] ════════════════════════════════════════
19:20:54 | i — | [  FINAL  ] Run complete  iterations=59  elapsed=02:00:37  best=356663.00
19:20:54 | i — | [  FINAL  ] Δ_BKS=+0.25%  no_improve_stop=False  time_stop=True  cancelled=False
19:20:54 | i — | [  FINAL  ] 
19:20:54 | i — | [  FINAL  ] [BEST SOLUTION — HAOS TAG SUMMARY]
19:20:54 | i — | [  FINAL  ] ────────────────────────────────────────
19:20:54 | i — | [  FINAL  ]   233 routes  rb  ac_avg  k=15  λ=0.8  solver=ails2
19:20:54 | i — | [  FINAL  ]   39 routes  rb  kmeans  k=3  λ=0.6  solver=ails2
19:20:54 | i — | [  FINAL  ]   2 routes  vb  kmedoids  k=2  λ=1.0  solver=filo
19:20:54 | i — | [  FINAL  ]   2 routes  vb  kmeans  k=4  λ=0.8  solver=ails2
19:20:54 | i — | [  FINAL  ]   1 routes  vb  ac_avg  k=12  λ=1.0  solver=ails2
19:20:54 | i — | [  FINAL  ]   1 routes  vb  ac_avg  k=10  λ=0.4  solver=filo2
19:20:54 | i — | [  FINAL  ]   1 routes  vb  kmeans  k=2  λ=0.0  solver=filo2
19:20:54 | i — | [  FINAL  ]   1 routes  vb  ac_complete  k=3  λ=0.4  solver=filo2
19:20:54 | i — | [  FINAL  ]   1 routes  vb  ac_complete  k=6  λ=0.4  solver=ails2
19:20:54 | i — | [  FINAL  ]   1 routes  rb  ac_avg  k=12  λ=1.0  solver=pyvrp
19:20:54 | i — | [  FINAL  ]   1 routes  vb  kmedoids  k=12  λ=0.2  solver=filo2
19:20:54 | i — | [  FINAL  ]   1 routes  rb  ac_complete  k=4  λ=0.6  solver=filo2
19:20:54 | i — | [  FINAL  ]   1 routes  vb  kmedoids  k=15  λ=0.8  solver=ails2
19:20:54 | i — | [  FINAL  ]   1 routes  vb  ac_complete  k=4  λ=0.2  solver=pyvrp
19:20:54 | i — | [  FINAL  ]   1 routes  vb  kmeans  k=15  λ=0.8  solver=ails2
19:20:54 | i — | [  FINAL  ]   1 routes  vb  ac_avg  k=6  λ=0.8  solver=ails2
19:20:54 | i — | [  FINAL  ]   3 routes  post-SP/SC improvement
19:20:54 | i — | [  FINAL  ] 
19:20:54 | i — | [  FINAL  ] [ROUTE POOL — HAOS TAG SUMMARY]
19:20:54 | i — | [  FINAL  ] ────────────────────────────────────────
19:20:54 | i — | [  FINAL  ]   608 routes  vb  kmeans  k=15  λ=0.8  solver=ails2
19:20:54 | i — | [  FINAL  ]   571 routes  vb  kmeans  k=15  λ=0.6  solver=pyvrp
19:20:54 | i — | [  FINAL  ]   553 routes  vb  kmedoids  k=15  λ=0.6  solver=filo2
19:20:54 | i — | [  FINAL  ]   548 routes  vb  kmedoids  k=4  λ=0.6  solver=ails2
19:20:54 | i — | [  FINAL  ]   502 routes  rb  ac_avg  k=15  λ=0.8  solver=ails2
19:20:54 | i — | [  FINAL  ]   392 routes  vb  kmedoids  k=15  λ=0.8  solver=ails2
19:20:54 | i — | [  FINAL  ]   363 routes  rb  kmeans  k=3  λ=0.6  solver=ails2
19:20:54 | i — | [  FINAL  ]   331 routes  vb  ac_complete  k=3  λ=0.4  solver=filo2
19:20:54 | i — | [  FINAL  ]   317 routes  vb  ac_avg  k=15  λ=0.6  solver=filo2
19:20:54 | i — | [  FINAL  ]   307 routes  vb  ac_complete  k=6  λ=0.4  solver=ails2
19:20:54 | i — | [  FINAL  ]   303 routes  vb  ac_complete  k=15  λ=0.8  solver=pyvrp
19:20:54 | i — | [  FINAL  ]   292 routes  rb  ac_avg  k=12  λ=1.0  solver=pyvrp
19:20:54 | i — | [  FINAL  ]   283 routes  vb  ac_avg  k=6  λ=0.8  solver=ails2
19:20:54 | i — | [  FINAL  ]   270 routes  vb  kmeans  k=15  λ=1.0  solver=filo2
19:20:54 | i — | [  FINAL  ]   268 routes  rb  kmeans  k=2  λ=0.0  solver=ails2
19:20:54 | i — | [  FINAL  ]   223 routes  rb  ac_complete  k=4  λ=0.6  solver=filo2
19:20:54 | i — | [  FINAL  ]   192 routes  vb  ac_avg  k=10  λ=0.4  solver=filo2
19:20:54 | i — | [  FINAL  ]   188 routes  vb  ac_avg  k=3  λ=0.8  solver=pyvrp
19:20:54 | i — | [  FINAL  ]   179 routes  vb  fcm  k=2  λ=0.6  solver=ails2
19:20:54 | i — | [  FINAL  ]   176 routes  vb  fcm  k=4  λ=0.6  solver=filo2
19:20:54 | i — | [  FINAL  ]   175 routes  vb  ac_avg  k=4  λ=1.0  solver=filo2
19:20:54 | i — | [  FINAL  ]   174 routes  rb  kmeans  k=4  λ=0.8  solver=pyvrp
19:20:54 | i — | [  FINAL  ]   169 routes  vb  ac_avg  k=8  λ=0.8  solver=pyvrp
19:20:54 | i — | [  FINAL  ]   154 routes  vb  ac_avg  k=12  λ=1.0  solver=ails2
19:20:54 | i — | [  FINAL  ]   151 routes  rb  kmeans  k=8  λ=0.8  solver=pyvrp
19:20:54 | i — | [  FINAL  ]   148 routes  vb  kmeans  k=2  λ=0.0  solver=filo2
19:20:54 | i — | [  FINAL  ]   148 routes  vb  kmeans  k=15  λ=0.8  solver=pyvrp
19:20:54 | i — | [  FINAL  ]   133 routes  rb  ac_avg  k=10  λ=0.0  solver=filo2
19:20:54 | i — | [  FINAL  ]   123 routes  vb  kmeans  k=4  λ=0.8  solver=filo
19:20:54 | i — | [  FINAL  ]   122 routes  vb  kmedoids  k=12  λ=0.2  solver=filo2
19:20:54 | i — | [  FINAL  ]   122 routes  rb  kmeans  k=12  λ=1.0  solver=filo2
19:20:54 | i — | [  FINAL  ]   114 routes  vb  ac_avg  k=12  λ=0.8  solver=filo2
19:20:54 | i — | [  FINAL  ]   106 routes  vb  kmedoids  k=2  λ=1.0  solver=filo
19:20:54 | i — | [  FINAL  ]   83 routes  rb  kmeans  k=2  λ=1.0  solver=pyvrp
19:20:54 | i — | [  FINAL  ]   81 routes  rb  kmeans  k=3  λ=0.0  solver=filo
19:20:54 | i — | [  FINAL  ]   76 routes  vb  fcm  k=10  λ=0.8  solver=ails2
19:20:54 | i — | [  FINAL  ]   64 routes  vb  kmeans  k=4  λ=0.6  solver=pyvrp
19:20:54 | i — | [  FINAL  ]   63 routes  vb  kmeans  k=4  λ=0.8  solver=pyvrp
19:20:54 | i — | [  FINAL  ]   56 routes  rb  ac_avg  k=8  λ=0.8  solver=pyvrp
19:20:54 | i — | [  FINAL  ]   42 routes  rb  ac_complete  k=15  λ=0.8  solver=pyvrp
19:20:54 | i — | [  FINAL  ]   40 routes  vb  fcm  k=15  λ=0.0  solver=filo2
19:20:54 | i — | [  FINAL  ]   12 routes  vb  kmeans  k=4  λ=0.8  solver=ails2
19:20:54 | i — | [  FINAL  ]   8 routes  vb  kmeans  k=12  λ=0.2  solver=pyvrp
19:20:54 | i — | [  FINAL  ]   7 routes  vb  kmeans  k=12  λ=0.4  solver=filo
19:20:54 | i — | [  FINAL  ]   7 routes  vb  ac_avg  k=4  λ=0.0  solver=ails2
19:20:54 | i — | [  FINAL  ]   6 routes  vb  fcm  k=15  λ=0.4  solver=pyvrp
19:20:54 | i — | [  FINAL  ]   5 routes  rb  ac_avg  k=10  λ=0.6  solver=filo
19:20:54 | i — | [  FINAL  ]   5 routes  vb  ac_avg  k=15  λ=0.8  solver=ails2
19:20:54 | i — | [  FINAL  ]   4 routes  vb  ac_complete  k=4  λ=0.2  solver=pyvrp
19:20:54 | i — | [  FINAL  ]   3 routes  vb  fcm  k=8  λ=0.8  solver=filo2
19:20:54 | i — | [  FINAL  ]   2 routes  vb  kmedoids  k=12  λ=0.4  solver=filo
19:20:54 | i — | [  FINAL  ]   2 routes  vb  fcm  k=10  λ=1.0  solver=filo2
19:20:54 | i — | [  FINAL  ]   1 routes  vb  kmeans  k=10  λ=0.0  solver=ails2
19:20:54 | i — | [  FINAL  ]   1 routes  rb  kmeans  k=6  λ=0.0  solver=filo
19:20:54 | i — | [  FINAL  ]   727 routes  post-SP/SC improvement
19:20:54 | i — | [  FINAL  ] ════════════════════════════════════════
