20:57:56 | i — | [  INIT   ] ════════════════════════════════════════
20:57:56 | i — | [  INIT   ] DRISPI  instance=X-n9571-k55  n=9570  capacity=8773
20:57:56 | i — | [  INIT   ] k domain (computed at init): [2, 3, 4, 6, 8, 10, 12]  k_ext=6  k_min=55  k_ext_bound=route_bound  spacing_rejected=0
20:57:56 | i — | [  INIT   ] ══════════════════════════════════════════════════════
20:57:56 | i — | [  INIT   ] CONFIGURATION
20:57:56 | i — | [  INIT   ] ── stopping ────────────────────────────────
20:57:56 | i — | [  INIT   ]   time_limit                  = 7200.0
20:57:56 | i — | [  INIT   ]   max_no_improve              = 1000000000
20:57:56 | i — | [  INIT   ] ── parallelism ─────────────────────────────
20:57:56 | i — | [  INIT   ]   n_workers                   = 8
20:57:56 | i — | [  INIT   ] ── cores ───────────────────────────────────
20:57:56 | i — | [  INIT   ]   cores_total                 = 8
20:57:56 | i — | [  INIT   ]   cores_dri                   = 6
20:57:56 | i — | [  INIT   ]   cores_bg                    = 1
20:57:56 | i — | [  INIT   ]   cores_sp                    = 1
20:57:56 | i — | [  INIT   ]   cores_cpu_list              = None
20:57:56 | i — | [  INIT   ] ── sp/sc ───────────────────────────────────
20:57:56 | i — | [  INIT   ]   sp_sc_mode                  = async
20:57:56 | i — | [  INIT   ]   sp_sc_trigger               = wallclock
20:57:56 | i — | [  INIT   ]   interval_minutes            = 20.0
20:57:56 | i — | [  INIT   ]   overlap_policy              = skip
20:57:56 | i — | [  INIT   ]   warmup_iterations           = 5
20:57:56 | i — | [  INIT   ]   sp_interval                 = 3
20:57:56 | i — | [  INIT   ]   min_coverage                = 5
20:57:56 | i — | [  INIT   ]   sp_time_limit               = 720.0
20:57:56 | i — | [  INIT   ]   mip_gap                     = 0.00025
20:57:56 | i — | [  INIT   ] ── decomposition ───────────────────────────
20:57:56 | i — | [  INIT   ]   decomp_k_base_arms          = [2, 3, 4, 6, 8, 10, 12]
20:57:56 | i — | [  INIT   ]   decomp_k_max_arms           = 10
20:57:56 | i — | [  INIT   ]   decomp_k_ext_per_1000       = 4
20:57:56 | i — | [  INIT   ]   decomp_k_min_routes_per_cluster= 8
20:57:56 | i — | [  INIT   ]   decomp_k_min_arm_spacing    = 2
20:57:56 | i — | [  INIT   ]   subcluster_rate_s_per_customer= 0.06
20:57:56 | i — | [  INIT   ]   subcluster_floor_s          = 5.0
20:57:56 | i — | [  INIT   ] ── bg_ails ─────────────────────────────────
20:57:56 | i — | [  INIT   ]   bg_ails_mode                = async
20:57:56 | i — | [  INIT   ]   bg_ails_crash_threshold     = 1
20:57:56 | i — | [  INIT   ]   bg_ails_budget_mode         = predicted_dr_wall
20:57:56 | i — | [  INIT   ]   bg_ails_budget_floor_s      = 60.0
20:57:56 | i — | [  INIT   ]   bg_ails_budget_margin       = 1.0
20:57:56 | i — | [  INIT   ]   bg_ails_wall_model_scale    = 0.976
20:57:56 | i — | [  INIT   ]   bg_ails_wall_model_wave_exponent= -0.18
20:57:56 | i — | [  INIT   ]   bg_ails_initial_omega       = 10
20:57:56 | i — | [  INIT   ]   bg_ails_boundary_threshold  = 0.5
20:57:56 | i — | [  INIT   ]   bg_ails_small_cluster_cap   = 20
20:57:56 | i — | [  INIT   ]   bg_ails_small_cluster_alpha = 0.5
20:57:56 | i — | [  INIT   ]   bg_ails_pair_selection      = greedy
20:57:56 | i — | [  INIT   ]   bg_ails_n_chains_mode       = k
20:57:56 | i — | [  INIT   ]   bg_ails_unique_first_routes = True
20:57:56 | i — | [  INIT   ]   bg_ails_boundary_mask_first_ls= True
20:57:56 | i — | [  INIT   ] ── standard_improvement ────────────────────
20:57:56 | i — | [  INIT   ]   standard_improvement_time_limit= 360.0
20:57:56 | i — | [  INIT   ] ── pool ────────────────────────────────────
20:57:56 | i — | [  INIT   ]   max_pool_size               = 10000
20:57:56 | i — | [  INIT   ]   pool_diversity_weight       = 0.5
20:57:56 | i — | [  INIT   ] ── haos ────────────────────────────────────
20:57:56 | i — | [  INIT   ]   haos_decay                  = 0.95
20:57:56 | i — | [  INIT   ]   haos_warmup                 = 10
20:57:56 | i — | [  INIT   ]   haos_starting_weight        = 10.0
20:57:56 | i — | [  INIT   ]   haos_min_weight_k           = 0.025
20:57:56 | i — | [  INIT   ]   haos_min_weight_lambda      = 0.05
20:57:56 | i — | [  INIT   ]   haos_min_weight_paradigm    = 0.1
20:57:56 | i — | [  INIT   ]   haos_min_weight_vertex_method= 0.05
20:57:56 | i — | [  INIT   ]   haos_min_weight_route_method= 0.05
20:57:56 | i — | [  INIT   ]   haos_min_weight_solver      = 0.05
20:57:56 | i — | [  INIT   ]   haos_lambda_demand_values   = [0.0, 0.2, 0.4, 0.6, 0.8, 1.0]
20:57:56 | i — | [  INIT   ]   haos_paradigm_values        = ['vertex', 'route']
20:57:56 | i — | [  INIT   ]   haos_vertex_method_values   = ['kmeans', 'agglomerative_avg', 'agglomerative_complete', 'kmedoids', 'fcm']
20:57:56 | i — | [  INIT   ]   haos_route_method_values    = ['kmeans', 'agglomerative_avg', 'agglomerative_complete']
20:57:56 | i — | [  INIT   ]   haos_solver_values          = ['pyvrp', 'filo', 'filo2', 'ails2']
20:57:56 | i — | [  INIT   ] ── haos_rewards ────────────────────────────
20:57:56 | i — | [  INIT   ]   haos_reward_new_best        = 10.0
20:57:56 | i — | [  INIT   ]   haos_reward_improvement     = 4.0
20:57:56 | i — | [  INIT   ]   haos_reward_no_improvement  = 1.0
20:57:56 | i — | [  INIT   ]   haos_reward_no_solution     = 0.0
20:57:56 | i — | [  INIT   ]   haos_deferred_new_best      = 7.0
20:57:56 | i — | [  INIT   ]   haos_deferred_improvement   = 3.0
20:57:56 | i — | [  INIT   ]   haos_deferred_no_improvement= 0.0
20:57:56 | i — | [  INIT   ] ── seed ────────────────────────────────────
20:57:56 | i — | [  INIT   ]   seed                        = 11
20:57:56 | i — | [  INIT   ] ── output ──────────────────────────────────
20:57:56 | i — | [  INIT   ]   output_dir                  = /app/artifacts/benchmark/X-n9571-k55/seed11
20:57:56 | i — | [  INIT   ]   run_analysis                = False
20:57:56 | i — | [  INIT   ] ══════════════════════════════════════════════════════
20:57:56 | i — | [  INIT   ] BKS=106344.00
20:57:56 | i — | [  INIT   ] ════════════════════════════════════════
20:57:56 | i 1 | [HAOS ROLL] k=2  λ=0.8  vb  fcm  filo2  P≈0.000595
20:58:03 | i 1 | [Phase 1/3] decompose  6.76s / — / —  λ=0.8  vb fcm
21:03:00 | i 1 | [Phase 2/3] route  297.33s / 292.02s / 101.8%  filo2  k=2
21:03:01 | i 1 | [ IMPROVE ] 109062.00  via decompose_route  ·  Δ_BKS=+2.56%
21:03:01 | i 1 | [HAOS ROLL] k=2  λ=0.8  vb  fcm  filo2  P≈0.000595
21:03:01 | i 1 | [ Summary ] cost=109062.00  Δ_S*=+0.00%  Δ_BKS=+2.56%  Δ_S*_BKS=+2.56%  no_improve=0
21:03:01 | i 2 | [HAOS ROLL] k=12  λ=0.2  rb  ac_avg  filo  P≈0.000992
21:03:08 | i 2 | [Phase 1/3] decompose  7.63s / — / —  λ=0.2  rb ac_avg
21:05:00 | i 2 | [Phase 2/3] route  112.22s / 107.76s / 104.1%  filo  k=12
21:08:09 | i 1 | [ IMPROVE ] 108748.00  via bg_ails  ·  Δ_BKS=+2.26%
21:08:09 | i 1 | [ ASYNC BG] bg_ails  308.14s / 285.01s / 108.1%
21:08:09 | i 2 | [HAOS ROLL] k=12  λ=0.2  rb  ac_avg  filo  P≈0.000992
21:08:09 | i 2 | [ Summary ] cost=109172.00  Δ_S*=+0.39%  Δ_BKS=+2.66%  Δ_S*_BKS=+2.26%  no_improve=1
21:08:09 | i 3 | [HAOS ROLL] k=8  λ=0.6  rb  kmeans  filo  P≈0.000992
21:08:14 | i 3 | [Phase 1/3] decompose  4.97s / — / —  λ=0.6  rb kmeans
21:10:36 | i 3 | [Phase 2/3] route  142.27s / 105.30s / 135.1%  filo  k=8
21:10:57 | i 2 | [ ASYNC BG] bg_ails  168.47s / 146.18s / 115.2%
21:10:57 | i 3 | [HAOS ROLL] k=8  λ=0.6  rb  kmeans  filo  P≈0.000992
21:10:57 | i 3 | [ Summary ] cost=109951.00  Δ_S*=+1.11%  Δ_BKS=+3.39%  Δ_S*_BKS=+2.26%  no_improve=3
21:10:57 | i 4 | [HAOS ROLL] k=12  λ=0.8  vb  ac_complete  filo  P≈0.000595
21:11:05 | i 4 | [Phase 1/3] decompose  7.80s / — / —  λ=0.8  vb ac_complete
21:13:17 | i 4 | [Phase 2/3] route  132.23s / 76.38s / 173.1%  filo  k=12
21:14:10 | i 3 | [ ASYNC BG] bg_ails  192.84s / 171.41s / 112.5%
21:14:10 | i 4 | [HAOS ROLL] k=12  λ=0.8  vb  ac_complete  filo  P≈0.000595
21:14:10 | i 4 | [ Summary ] cost=121258.00  Δ_S*=+11.50%  Δ_BKS=+14.02%  Δ_S*_BKS=+2.26%  no_improve=5
21:14:10 | i 5 | [HAOS ROLL] k=8  λ=0.0  rb  ac_complete  filo2  P≈0.000992
21:14:14 | i 5 | [Phase 1/3] decompose  3.74s / — / —  λ=0.0  rb ac_complete
21:16:09 | i 5 | [Phase 2/3] route  115.24s / 112.44s / 102.5%  filo2  k=8
21:16:40 | i 4 | [ ASYNC BG] bg_ails  149.87s / 127.32s / 117.7%
21:16:40 | i 5 | [HAOS ROLL] k=8  λ=0.0  rb  ac_complete  filo2  P≈0.000992
21:16:40 | i 5 | [ Summary ] cost=109680.00  Δ_S*=+0.86%  Δ_BKS=+3.14%  Δ_S*_BKS=+2.26%  no_improve=7
21:16:40 | i 6 | [HAOS ROLL] k=10  λ=0.0  vb  ac_avg  pyvrp  P≈0.000595
21:16:47 | i 6 | [Phase 1/3] decompose  6.56s / — / —  λ=0.0  vb ac_avg
21:18:44 | i 6 | [Phase 2/3] route  117.01s / 83.46s / 140.2%  pyvrp  k=10
21:19:31 | i 5 | [ ASYNC BG] bg_ails  170.75s / 150.11s / 113.7%
21:19:31 | i 6 | [HAOS ROLL] k=10  λ=0.0  vb  ac_avg  pyvrp  P≈0.000595
21:19:31 | i 6 | [ Summary ] cost=119958.00  Δ_S*=+10.31%  Δ_BKS=+12.80%  Δ_S*_BKS=+2.26%  no_improve=9
21:19:31 | i 7 | [HAOS ROLL] k=6  λ=0.6  rb  ac_avg  filo2  P≈0.000992
21:19:36 | i 7 | [Phase 1/3] decompose  5.10s / — / —  λ=0.6  rb ac_avg
21:22:01 | i 7 | [Phase 2/3] route  145.43s / 145.08s / 100.2%  filo2  k=6
21:22:01 | i 6 | [ ASYNC BG] bg_ails  150.37s / 127.83s / 117.6%
21:22:01 | i 7 | [HAOS ROLL] k=6  λ=0.6  rb  ac_avg  filo2  P≈0.000992
21:22:01 | i 7 | [ Summary ] cost=109633.00  Δ_S*=+0.81%  Δ_BKS=+3.09%  Δ_S*_BKS=+2.26%  no_improve=11
21:22:01 | i 8 | [HAOS ROLL] k=4  λ=0.8  rb  ac_complete  pyvrp  P≈0.000992
21:22:06 | i 8 | [Phase 1/3] decompose  4.96s / — / —  λ=0.8  rb ac_complete
21:25:14 | i 8 | [Phase 2/3] route  187.81s / 169.56s / 110.8%  pyvrp  k=4
21:25:14 | i 7 | [ ASYNC BG] bg_ails  163.54s / 141.60s / 115.5%
21:25:14 | i 8 | [HAOS ROLL] k=4  λ=0.8  rb  ac_complete  pyvrp  P≈0.000992
21:25:14 | i 8 | [ Summary ] cost=112206.00  Δ_S*=+3.18%  Δ_BKS=+5.51%  Δ_S*_BKS=+2.26%  no_improve=13
21:25:14 | i 9 | [HAOS ROLL] k=3  λ=0.0  rb  ac_avg  filo  P≈0.000992
21:25:19 | i 9 | [Phase 1/3] decompose  4.24s / — / —  λ=0.0  rb ac_avg
21:30:11 | i 9 | [Phase 2/3] route  292.25s / 290.58s / 100.6%  filo  k=3
21:30:11 | i 8 | [ ASYNC BG] bg_ails  188.81s / 165.49s / 114.1%
21:30:11 | i 9 | [HAOS ROLL] k=3  λ=0.0  rb  ac_avg  filo  P≈0.000992
21:30:11 | i 9 | [ Summary ] cost=109643.00  Δ_S*=+0.82%  Δ_BKS=+3.10%  Δ_S*_BKS=+2.26%  no_improve=15
21:30:11 | i 6 | [ASYNC 1/2] sp_sc  0.28s / 720.00s / 0.0%  SP  avg_coverage=10.92/5  pool=614
21:30:11 | i 6 | [ASYNC 2/2] standard_ails  378.40s / 360.00s / 105.1%
21:30:12 | i 6 | [ IMPROVE ] 108256.00  via standard_ails  ·  Δ_BKS=+1.80%
21:30:12 | i 10 | [HAOS ROLL] k=3  λ=0.0  vb  ac_complete  filo  P≈0.000595
21:30:18 | i 10 | [Phase 1/3] decompose  6.42s / — / —  λ=0.0  vb ac_complete
21:34:44 | i 10 | [Phase 2/3] route  265.98s / 265.02s / 100.4%  filo  k=3
21:35:14 | i 9 | [ ASYNC BG] bg_ails  303.53s / 283.61s / 107.0%
21:35:14 | i 10 | [HAOS ROLL] k=3  λ=0.0  vb  ac_complete  filo  P≈0.000595
21:35:14 | i 10 | [ Summary ] cost=112913.00  Δ_S*=+4.30%  Δ_BKS=+6.18%  Δ_S*_BKS=+1.80%  no_improve=2
21:35:14 | i 11 | [HAOS ROLL] k=8  λ=0.0  rb  ac_avg  filo2  P≈0.000992
21:35:18 | i 11 | [Phase 1/3] decompose  3.75s / — / —  λ=0.0  rb ac_avg
21:37:31 | i 11 | [Phase 2/3] route  132.38s / 131.88s / 100.4%  filo2  k=8
21:39:53 | i 10 | [ ASYNC BG] bg_ails  278.70s / 258.66s / 107.7%
21:39:53 | i 11 | [HAOS ROLL] k=8  λ=0.0  rb  ac_avg  filo2  P≈0.000992
21:39:53 | i 11 | [ Summary ] cost=109198.00  Δ_S*=+0.87%  Δ_BKS=+2.68%  Δ_S*_BKS=+1.80%  no_improve=4
21:39:53 | i 12 | [HAOS ROLL] k=4  λ=1.0  rb  ac_avg  filo2  P≈0.001509
21:39:58 | i 12 | [Phase 1/3] decompose  4.96s / — / —  λ=1.0  rb ac_avg
21:44:53 | i 12 | [Phase 2/3] route  295.17s / 294.30s / 100.3%  filo2  k=4
21:44:53 | i 11 | [ ASYNC BG] bg_ails  173.93s / 153.32s / 113.4%
21:44:53 | i 12 | [HAOS ROLL] k=4  λ=1.0  rb  ac_avg  filo2  P≈0.001509
21:44:53 | i 12 | [ Summary ] cost=109207.00  Δ_S*=+0.88%  Δ_BKS=+2.69%  Δ_S*_BKS=+1.80%  no_improve=6
21:44:53 | i 13 | [HAOS ROLL] k=6  λ=0.6  vb  kmeans  ails2  P≈0.000300
21:44:58 | i 13 | [Phase 1/3] decompose  4.95s / — / —  λ=0.6  vb kmeans
21:46:55 | i 13 | [Phase 2/3] route  116.94s / 114.54s / 102.1%  ails2  k=6
21:50:04 | i 12 | [ ASYNC BG] bg_ails  310.21s / 287.24s / 108.0%
21:50:04 | i 13 | [HAOS ROLL] k=6  λ=0.6  vb  kmeans  ails2  P≈0.000300
21:50:04 | i 13 | [ Summary ] cost=115011.00  Δ_S*=+6.24%  Δ_BKS=+8.15%  Δ_S*_BKS=+1.80%  no_improve=8
21:50:04 | i 11 | [ASYNC 1/2] sp_sc  1.71s / 720.00s / 0.2%  SP  avg_coverage=21.81/5  pool=1217
21:50:04 | i 11 | [ASYNC 2/2] standard_ails  376.07s / 360.00s / 104.5%
21:50:06 | i 11 | [ IMPROVE ] 108215.00  via standard_ails  ·  Δ_BKS=+1.76%
21:50:06 | i 14 | [HAOS ROLL] k=3  λ=1.0  vb  ac_avg  filo  P≈0.000327
21:50:14 | i 14 | [Phase 1/3] decompose  7.66s / — / —  λ=1.0  vb ac_avg
21:54:29 | i 14 | [Phase 2/3] route  254.92s / 254.04s / 100.3%  filo  k=3
21:54:29 | i 13 | [ ASYNC BG] bg_ails  132.82s / 111.79s / 118.8%
21:54:29 | i 14 | [HAOS ROLL] k=3  λ=1.0  vb  ac_avg  filo  P≈0.000327
21:54:29 | i 14 | [ Summary ] cost=112366.00  Δ_S*=+3.84%  Δ_BKS=+5.66%  Δ_S*_BKS=+1.76%  no_improve=2
21:54:29 | i 15 | [HAOS ROLL] k=8  λ=0.0  rb  ac_complete  filo2  P≈0.003941
21:54:32 | i 15 | [Phase 1/3] decompose  3.68s / — / —  λ=0.0  rb ac_complete
21:56:43 | i 15 | [Phase 2/3] route  130.55s / 129.60s / 100.7%  filo2  k=8
21:58:58 | i 14 | [ ASYNC BG] bg_ails  269.74s / 247.94s / 108.8%
21:58:58 | i 15 | [HAOS ROLL] k=8  λ=0.0  rb  ac_complete  filo2  P≈0.003941
21:58:58 | i 15 | [ Summary ] cost=110072.00  Δ_S*=+1.72%  Δ_BKS=+3.51%  Δ_S*_BKS=+1.76%  no_improve=4
21:58:58 | i 16 | [HAOS ROLL] k=2  λ=0.6  rb  ac_avg  filo2  P≈0.002917
21:59:03 | i 16 | [Phase 1/3] decompose  4.89s / — / —  λ=0.6  rb ac_avg
22:05:01 | i 16 | [Phase 2/3] route  357.66s / 355.62s / 100.6%  filo2  k=2
22:05:01 | i 15 | [ ASYNC BG] bg_ails  190.61s / 170.48s / 111.8%
22:05:01 | i 16 | [HAOS ROLL] k=2  λ=0.6  rb  ac_avg  filo2  P≈0.002917
22:05:01 | i 16 | [ Summary ] cost=108889.00  Δ_S*=+0.62%  Δ_BKS=+2.39%  Δ_S*_BKS=+1.76%  no_improve=6
22:05:01 | i 17 | [HAOS ROLL] k=8  λ=0.8  rb  ac_avg  filo2  P≈0.007119
22:05:06 | i 17 | [Phase 1/3] decompose  5.04s / — / —  λ=0.8  rb ac_avg
22:07:14 | i 17 | [Phase 2/3] route  127.35s / 124.56s / 102.2%  filo2  k=8
22:11:12 | i 16 | [ IMPROVE ] 108101.00  via bg_ails  ·  Δ_BKS=+1.65%
22:11:12 | i 16 | [ ASYNC BG] bg_ails  370.48s / 347.09s / 106.7%
22:11:12 | i 17 | [HAOS ROLL] k=8  λ=0.8  rb  ac_avg  filo2  P≈0.007119
22:11:12 | i 17 | [ Summary ] cost=109412.00  Δ_S*=+1.21%  Δ_BKS=+2.88%  Δ_S*_BKS=+1.65%  no_improve=1
22:11:12 | i 18 | [HAOS ROLL] k=2  λ=0.8  rb  kmeans  filo  P≈0.000719
22:11:17 | i 18 | [Phase 1/3] decompose  4.90s / — / —  λ=0.8  rb kmeans
22:16:34 | i 18 | [Phase 2/3] route  317.38s / 315.96s / 100.4%  filo  k=2
22:16:34 | i 17 | [ ASYNC BG] bg_ails  191.95s / 170.32s / 112.7%
22:16:34 | i 18 | [HAOS ROLL] k=2  λ=0.8  rb  kmeans  filo  P≈0.000719
22:16:34 | i 18 | [ Summary ] cost=108753.00  Δ_S*=+0.60%  Δ_BKS=+2.27%  Δ_S*_BKS=+1.65%  no_improve=3
22:16:34 | i 16 | [ASYNC 1/2] sp_sc  7.48s / 720.00s / 1.0%  SP  avg_coverage=32.73/5  pool=1822
22:16:34 | i 16 | [ASYNC 2/2] standard_ails  377.63s / 360.00s / 104.9%
22:16:39 | i 16 | [ IMPROVE ] 108075.00  via standard_ails  ·  Δ_BKS=+1.63%
22:16:39 | i 19 | [HAOS ROLL] k=2  λ=0.8  vb  ac_complete  filo  P≈0.000569
22:16:46 | i 19 | [Phase 1/3] decompose  7.51s / — / —  λ=0.8  vb ac_complete
22:22:41 | i 19 | [Phase 2/3] route  354.79s / 352.98s / 100.5%  filo  k=2
22:22:41 | i 18 | [ ASYNC BG] bg_ails  329.46s / 308.38s / 106.8%
22:22:41 | i 19 | [HAOS ROLL] k=2  λ=0.8  vb  ac_complete  filo  P≈0.000569
22:22:41 | i 19 | [ Summary ] cost=111305.00  Δ_S*=+2.99%  Δ_BKS=+4.67%  Δ_S*_BKS=+1.63%  no_improve=2
22:22:41 | i 20 | [HAOS ROLL] k=2  λ=0.0  rb  ac_complete  filo2  P≈0.008104
22:22:45 | i 20 | [Phase 1/3] decompose  3.69s / — / —  λ=0.0  rb ac_complete
22:27:45 | i 20 | [Phase 2/3] route  300.25s / 299.40s / 100.3%  filo2  k=2
22:28:47 | i 19 | [ ASYNC BG] bg_ails  365.65s / 344.51s / 106.1%
22:28:47 | i 20 | [HAOS ROLL] k=2  λ=0.0  rb  ac_complete  filo2  P≈0.008104
22:28:47 | i 20 | [ Summary ] cost=108890.00  Δ_S*=+0.75%  Δ_BKS=+2.39%  Δ_S*_BKS=+1.63%  no_improve=4
22:28:47 | i 21 | [HAOS ROLL] k=6  λ=0.2  rb  ac_avg  filo2  P≈0.001642
22:28:52 | i 21 | [Phase 1/3] decompose  5.04s / — / —  λ=0.2  rb ac_avg
22:31:01 | i 21 | [Phase 2/3] route  129.48s / 129.36s / 100.1%  filo2  k=6
22:34:00 | i 20 | [ ASYNC BG] bg_ails  313.47s / 292.21s / 107.3%
22:34:00 | i 21 | [HAOS ROLL] k=6  λ=0.2  rb  ac_avg  filo2  P≈0.001642
22:34:00 | i 21 | [ Summary ] cost=109978.00  Δ_S*=+1.76%  Δ_BKS=+3.42%  Δ_S*_BKS=+1.63%  no_improve=6
22:34:00 | i 22 | [HAOS ROLL] k=2  λ=0.8  rb  ac_avg  pyvrp  P≈0.002703
22:34:05 | i 22 | [Phase 1/3] decompose  5.00s / — / —  λ=0.8  rb ac_avg
22:41:33 | i 22 | [Phase 2/3] route  447.91s / 367.74s / 121.8%  pyvrp  k=2
22:41:33 | i 21 | [ ASYNC BG] bg_ails  147.84s / 126.26s / 117.1%
22:41:33 | i 22 | [HAOS ROLL] k=2  λ=0.8  rb  ac_avg  pyvrp  P≈0.002703
22:41:33 | i 22 | [ Summary ] cost=111032.00  Δ_S*=+2.74%  Δ_BKS=+4.41%  Δ_S*_BKS=+1.63%  no_improve=8
22:41:33 | i 20 | [ASYNC 1/2] sp_sc  10.13s / 720.00s / 1.4%  SP  avg_coverage=41.66/5  pool=2314
22:41:33 | i 20 | [ASYNC 2/2] standard_ails  377.04s / 360.00s / 104.7%
22:41:40 | i 23 | [HAOS ROLL] k=8  λ=0.0  rb  ac_complete  filo2  P≈0.009382
22:41:44 | i 23 | [Phase 1/3] decompose  3.62s / — / —  λ=0.0  rb ac_complete
22:43:53 | i 23 | [Phase 2/3] route  129.34s / 129.36s / 100.0%  filo2  k=8
22:47:53 | i 22 | [ ASYNC BG] bg_ails  379.63s / 358.91s / 105.8%
22:47:53 | i 23 | [HAOS ROLL] k=8  λ=0.0  rb  ac_complete  filo2  P≈0.009382
22:47:53 | i 23 | [ Summary ] cost=109243.00  Δ_S*=+1.08%  Δ_BKS=+2.73%  Δ_S*_BKS=+1.63%  no_improve=11
22:47:53 | i 24 | [HAOS ROLL] k=2  λ=0.8  rb  ac_avg  filo2  P≈0.015200
22:47:58 | i 24 | [Phase 1/3] decompose  4.90s / — / —  λ=0.8  rb ac_avg
22:54:08 | i 24 | [Phase 2/3] route  369.85s / 367.74s / 100.6%  filo2  k=2
22:54:08 | i 23 | [ ASYNC BG] bg_ails  178.86s / 158.17s / 113.1%
22:54:08 | i 24 | [HAOS ROLL] k=2  λ=0.8  rb  ac_avg  filo2  P≈0.015200
22:54:08 | i 24 | [ Summary ] cost=109307.00  Δ_S*=+1.14%  Δ_BKS=+2.79%  Δ_S*_BKS=+1.63%  no_improve=13
22:54:08 | i 25 | [HAOS ROLL] k=3  λ=0.4  rb  ac_avg  filo2  P≈0.001799
22:54:13 | i 25 | [Phase 1/3] decompose  4.81s / — / —  λ=0.4  rb ac_avg
23:00:23 | i 25 | [Phase 2/3] route  369.79s / 367.74s / 100.6%  filo2  k=3
23:00:23 | i 25 | [HAOS ROLL] k=3  λ=0.4  rb  ac_avg  filo2  P≈0.001799
23:00:23 | i 25 | [ Summary ] cost=108885.00  Δ_S*=+0.75%  Δ_BKS=+2.39%  Δ_S*_BKS=+1.63%  no_improve=14
23:00:23 | i — | [  FINAL  ] async BG-AILS totals launched=23 applied=23 adopted=2 launch_skipped_cap=2 crashes=0 discarded_in_flight=False block_wait_total_s=1554.3
23:00:53 | i — | [  FINAL  ] async SP/SC totals invocations=5 adopted=3 skipped=0 discarded_in_flight=True sp_busy_frac=0.4222994662841235
23:00:53 | i — | [  FINAL  ] ════════════════════════════════════════
23:00:53 | i — | [  FINAL  ] Run complete  iterations=25  elapsed=02:02:56  best=108075.00
23:00:53 | i — | [  FINAL  ] Δ_BKS=+1.63%  no_improve_stop=False  time_stop=True  cancelled=False
23:00:53 | i — | [  FINAL  ] 
23:00:53 | i — | [  FINAL  ] [BEST SOLUTION — HAOS TAG SUMMARY]
23:00:53 | i — | [  FINAL  ] ────────────────────────────────────────
23:00:53 | i — | [  FINAL  ]   55 routes  post-SP/SC improvement
23:00:53 | i — | [  FINAL  ] 
23:00:53 | i — | [  FINAL  ] [ROUTE POOL — HAOS TAG SUMMARY]
23:00:53 | i — | [  FINAL  ] ────────────────────────────────────────
23:00:53 | i — | [  FINAL  ]   321 routes  rb  ac_complete  k=8  λ=0.0  solver=filo2
23:00:53 | i — | [  FINAL  ]   118 routes  vb  ac_complete  k=12  λ=0.8  solver=filo
23:00:53 | i — | [  FINAL  ]   117 routes  vb  ac_avg  k=10  λ=0.0  solver=pyvrp
23:00:53 | i — | [  FINAL  ]   113 routes  rb  ac_avg  k=2  λ=0.8  solver=pyvrp
23:00:53 | i — | [  FINAL  ]   112 routes  rb  ac_complete  k=4  λ=0.8  solver=pyvrp
23:00:53 | i — | [  FINAL  ]   112 routes  rb  ac_avg  k=3  λ=0.0  solver=filo
23:00:53 | i — | [  FINAL  ]   112 routes  vb  kmeans  k=6  λ=0.6  solver=ails2
23:00:53 | i — | [  FINAL  ]   112 routes  vb  ac_avg  k=3  λ=1.0  solver=filo
23:00:53 | i — | [  FINAL  ]   111 routes  vb  ac_complete  k=3  λ=0.0  solver=filo
23:00:53 | i — | [  FINAL  ]   111 routes  vb  ac_complete  k=2  λ=0.8  solver=filo
23:00:53 | i — | [  FINAL  ]   111 routes  rb  ac_complete  k=2  λ=0.0  solver=filo2
23:00:53 | i — | [  FINAL  ]   110 routes  rb  kmeans  k=8  λ=0.6  solver=filo
23:00:53 | i — | [  FINAL  ]   110 routes  rb  ac_avg  k=4  λ=1.0  solver=filo2
23:00:53 | i — | [  FINAL  ]   110 routes  rb  ac_avg  k=2  λ=0.6  solver=filo2
23:00:53 | i — | [  FINAL  ]   110 routes  rb  kmeans  k=2  λ=0.8  solver=filo
23:00:53 | i — | [  FINAL  ]   109 routes  vb  fcm  k=2  λ=0.8  solver=filo2
23:00:53 | i — | [  FINAL  ]   109 routes  rb  ac_avg  k=6  λ=0.6  solver=filo2
23:00:53 | i — | [  FINAL  ]   106 routes  rb  ac_avg  k=12  λ=0.2  solver=filo
23:00:53 | i — | [  FINAL  ]   106 routes  rb  ac_avg  k=8  λ=0.0  solver=filo2
23:00:53 | i — | [  FINAL  ]   106 routes  rb  ac_avg  k=8  λ=0.8  solver=filo2
23:00:53 | i — | [  FINAL  ]   106 routes  rb  ac_avg  k=6  λ=0.2  solver=filo2
23:00:53 | i — | [  FINAL  ]   57 routes  rb  ac_avg  k=2  λ=0.8  solver=filo2
23:00:53 | i — | [  FINAL  ]   56 routes  rb  ac_avg  k=3  λ=0.4  solver=filo2
23:00:53 | i — | [  FINAL  ]   162 routes  post-SP/SC improvement
23:00:53 | i — | [  FINAL  ] ════════════════════════════════════════
