17:51:12 | i — | [  INIT   ] ════════════════════════════════════════
17:51:12 | i — | [  INIT   ] DRISPI  instance=X-n2587-k66  n=2586  capacity=2986
17:51:12 | i — | [  INIT   ] k domain (computed at init): [2, 3, 4, 6, 8, 10, 12]  k_ext=8  k_min=66  k_ext_bound=route_bound  spacing_rejected=0
17:51:12 | i — | [  INIT   ] ══════════════════════════════════════════════════════
17:51:12 | i — | [  INIT   ] CONFIGURATION
17:51:12 | i — | [  INIT   ] ── stopping ────────────────────────────────
17:51:12 | i — | [  INIT   ]   time_limit                  = 7200.0
17:51:12 | i — | [  INIT   ]   max_no_improve              = 1000000000
17:51:12 | i — | [  INIT   ] ── parallelism ─────────────────────────────
17:51:12 | i — | [  INIT   ]   n_workers                   = 8
17:51:12 | i — | [  INIT   ] ── cores ───────────────────────────────────
17:51:12 | i — | [  INIT   ]   cores_total                 = 8
17:51:12 | i — | [  INIT   ]   cores_dri                   = 6
17:51:12 | i — | [  INIT   ]   cores_bg                    = 1
17:51:12 | i — | [  INIT   ]   cores_sp                    = 1
17:51:12 | i — | [  INIT   ]   cores_cpu_list              = None
17:51:12 | i — | [  INIT   ] ── sp/sc ───────────────────────────────────
17:51:12 | i — | [  INIT   ]   sp_sc_mode                  = async
17:51:12 | i — | [  INIT   ]   sp_sc_trigger               = wallclock
17:51:12 | i — | [  INIT   ]   interval_minutes            = 20.0
17:51:12 | i — | [  INIT   ]   overlap_policy              = skip
17:51:12 | i — | [  INIT   ]   warmup_iterations           = 5
17:51:12 | i — | [  INIT   ]   sp_interval                 = 3
17:51:12 | i — | [  INIT   ]   min_coverage                = 5
17:51:12 | i — | [  INIT   ]   sp_time_limit               = 720.0
17:51:12 | i — | [  INIT   ]   mip_gap                     = 0.00025
17:51:12 | i — | [  INIT   ] ── decomposition ───────────────────────────
17:51:12 | i — | [  INIT   ]   decomp_k_base_arms          = [2, 3, 4, 6, 8, 10, 12]
17:51:12 | i — | [  INIT   ]   decomp_k_max_arms           = 10
17:51:12 | i — | [  INIT   ]   decomp_k_ext_per_1000       = 4
17:51:12 | i — | [  INIT   ]   decomp_k_min_routes_per_cluster= 8
17:51:12 | i — | [  INIT   ]   decomp_k_min_arm_spacing    = 2
17:51:12 | i — | [  INIT   ]   subcluster_rate_s_per_customer= 0.06
17:51:12 | i — | [  INIT   ]   subcluster_floor_s          = 5.0
17:51:12 | i — | [  INIT   ] ── bg_ails ─────────────────────────────────
17:51:12 | i — | [  INIT   ]   bg_ails_mode                = async
17:51:12 | i — | [  INIT   ]   bg_ails_crash_threshold     = 1
17:51:12 | i — | [  INIT   ]   bg_ails_budget_mode         = predicted_dr_wall
17:51:12 | i — | [  INIT   ]   bg_ails_budget_floor_s      = 60.0
17:51:12 | i — | [  INIT   ]   bg_ails_budget_margin       = 1.0
17:51:12 | i — | [  INIT   ]   bg_ails_wall_model_scale    = 0.976
17:51:12 | i — | [  INIT   ]   bg_ails_wall_model_wave_exponent= -0.18
17:51:12 | i — | [  INIT   ]   bg_ails_initial_omega       = 10
17:51:12 | i — | [  INIT   ]   bg_ails_boundary_threshold  = 0.5
17:51:12 | i — | [  INIT   ]   bg_ails_small_cluster_cap   = 20
17:51:12 | i — | [  INIT   ]   bg_ails_small_cluster_alpha = 0.5
17:51:12 | i — | [  INIT   ]   bg_ails_pair_selection      = greedy
17:51:12 | i — | [  INIT   ]   bg_ails_n_chains_mode       = k
17:51:12 | i — | [  INIT   ]   bg_ails_unique_first_routes = True
17:51:12 | i — | [  INIT   ]   bg_ails_boundary_mask_first_ls= True
17:51:12 | i — | [  INIT   ] ── standard_improvement ────────────────────
17:51:12 | i — | [  INIT   ]   standard_improvement_time_limit= 360.0
17:51:12 | i — | [  INIT   ] ── pool ────────────────────────────────────
17:51:12 | i — | [  INIT   ]   max_pool_size               = 10000
17:51:12 | i — | [  INIT   ]   pool_diversity_weight       = 0.5
17:51:12 | i — | [  INIT   ] ── haos ────────────────────────────────────
17:51:12 | i — | [  INIT   ]   haos_decay                  = 0.95
17:51:12 | i — | [  INIT   ]   haos_warmup                 = 10
17:51:12 | i — | [  INIT   ]   haos_starting_weight        = 10.0
17:51:12 | i — | [  INIT   ]   haos_min_weight_k           = 0.025
17:51:12 | i — | [  INIT   ]   haos_min_weight_lambda      = 0.05
17:51:12 | i — | [  INIT   ]   haos_min_weight_paradigm    = 0.1
17:51:12 | i — | [  INIT   ]   haos_min_weight_vertex_method= 0.05
17:51:12 | i — | [  INIT   ]   haos_min_weight_route_method= 0.05
17:51:12 | i — | [  INIT   ]   haos_min_weight_solver      = 0.05
17:51:12 | i — | [  INIT   ]   haos_lambda_demand_values   = [0.0, 0.2, 0.4, 0.6, 0.8, 1.0]
17:51:12 | i — | [  INIT   ]   haos_paradigm_values        = ['vertex', 'route']
17:51:12 | i — | [  INIT   ]   haos_vertex_method_values   = ['kmeans', 'agglomerative_avg', 'agglomerative_complete', 'kmedoids', 'fcm']
17:51:12 | i — | [  INIT   ]   haos_route_method_values    = ['kmeans', 'agglomerative_avg', 'agglomerative_complete']
17:51:12 | i — | [  INIT   ]   haos_solver_values          = ['pyvrp', 'filo', 'filo2', 'ails2']
17:51:12 | i — | [  INIT   ] ── haos_rewards ────────────────────────────
17:51:12 | i — | [  INIT   ]   haos_reward_new_best        = 10.0
17:51:12 | i — | [  INIT   ]   haos_reward_improvement     = 4.0
17:51:12 | i — | [  INIT   ]   haos_reward_no_improvement  = 1.0
17:51:12 | i — | [  INIT   ]   haos_reward_no_solution     = 0.0
17:51:12 | i — | [  INIT   ]   haos_deferred_new_best      = 7.0
17:51:12 | i — | [  INIT   ]   haos_deferred_improvement   = 3.0
17:51:12 | i — | [  INIT   ]   haos_deferred_no_improvement= 0.0
17:51:12 | i — | [  INIT   ] ── seed ────────────────────────────────────
17:51:12 | i — | [  INIT   ]   seed                        = 33
17:51:12 | i — | [  INIT   ] ── output ──────────────────────────────────
17:51:12 | i — | [  INIT   ]   output_dir                  = /app/artifacts/benchmark/X-n2587-k66/seed33
17:51:12 | i — | [  INIT   ]   run_analysis                = False
17:51:12 | i — | [  INIT   ] ══════════════════════════════════════════════════════
17:51:12 | i — | [  INIT   ] BKS=73254.00
17:51:12 | i — | [  INIT   ] ════════════════════════════════════════
17:51:12 | i 1 | [HAOS ROLL] k=10  λ=0.6  vb  kmeans  ails2  P≈0.000595
17:51:15 | i 1 | [Phase 1/3] decompose  3.26s / — / —  λ=0.6  vb kmeans
17:51:49 | i 1 | [Phase 2/3] route  34.05s / 17.70s / 192.4%  ails2  k=10
17:51:49 | i 1 | [ IMPROVE ] 76962.00  via decompose_route  ·  Δ_BKS=+5.06%
17:51:49 | i 1 | [HAOS ROLL] k=10  λ=0.6  vb  kmeans  ails2  P≈0.000595
17:51:49 | i 1 | [ Summary ] cost=76962.00  Δ_S*=+0.00%  Δ_BKS=+5.06%  Δ_S*_BKS=+5.06%  no_improve=0
17:51:49 | i 2 | [HAOS ROLL] k=6  λ=0.6  vb  kmeans  filo  P≈0.000595
17:51:50 | i 2 | [Phase 1/3] decompose  0.38s / — / —  λ=0.6  vb kmeans
17:52:21 | i 2 | [Phase 2/3] route  31.10s / 31.44s / 98.9%  filo  k=6
17:52:53 | i 1 | [ IMPROVE ] 74162.00  via bg_ails  ·  Δ_BKS=+1.24%
17:52:53 | i 1 | [ ASYNC BG] bg_ails  63.43s / 60.00s / 105.7%
17:52:53 | i 2 | [HAOS ROLL] k=6  λ=0.6  vb  kmeans  filo  P≈0.000595
17:52:53 | i 2 | [ Summary ] cost=75803.00  Δ_S*=+2.21%  Δ_BKS=+3.48%  Δ_S*_BKS=+1.24%  no_improve=1
17:52:53 | i 3 | [HAOS ROLL] k=2  λ=0.4  rb  ac_avg  pyvrp  P≈0.000992
17:52:53 | i 3 | [Phase 1/3] decompose  0.42s / — / —  λ=0.4  rb ac_avg
17:54:28 | i 3 | [Phase 2/3] route  94.55s / 89.34s / 105.8%  pyvrp  k=2
17:54:28 | i 2 | [ IMPROVE ] 73989.00  via bg_ails  ·  Δ_BKS=+1.00%
17:54:28 | i 2 | [ ASYNC BG] bg_ails  63.50s / 60.00s / 105.8%
17:54:28 | i 3 | [HAOS ROLL] k=2  λ=0.4  rb  ac_avg  pyvrp  P≈0.000992
17:54:28 | i 3 | [ Summary ] cost=74562.00  Δ_S*=+0.77%  Δ_BKS=+1.79%  Δ_S*_BKS=+1.00%  no_improve=1
17:54:28 | i 4 | [HAOS ROLL] k=10  λ=0.6  vb  ac_avg  filo2  P≈0.000595
17:54:28 | i 4 | [Phase 1/3] decompose  0.55s / — / —  λ=0.6  vb ac_avg
17:55:04 | i 4 | [Phase 2/3] route  35.10s / 21.24s / 165.3%  filo2  k=10
17:55:58 | i 3 | [ IMPROVE ] 73954.00  via bg_ails  ·  Δ_BKS=+0.96%
17:55:58 | i 3 | [ ASYNC BG] bg_ails  90.50s / 87.20s / 103.8%
17:55:58 | i 4 | [HAOS ROLL] k=10  λ=0.6  vb  ac_avg  filo2  P≈0.000595
17:55:58 | i 4 | [ Summary ] cost=76687.00  Δ_S*=+3.70%  Δ_BKS=+4.69%  Δ_S*_BKS=+0.96%  no_improve=1
17:55:58 | i 5 | [HAOS ROLL] k=3  λ=0.6  vb  ac_avg  filo  P≈0.000595
17:55:59 | i 5 | [Phase 1/3] decompose  0.55s / — / —  λ=0.6  vb ac_avg
17:57:03 | i 5 | [Phase 2/3] route  64.12s / 63.78s / 100.5%  filo  k=3
17:57:03 | i 4 | [ ASYNC BG] bg_ails  63.48s / 60.00s / 105.8%
17:57:03 | i 5 | [HAOS ROLL] k=3  λ=0.6  vb  ac_avg  filo  P≈0.000595
17:57:03 | i 5 | [ Summary ] cost=74758.00  Δ_S*=+1.09%  Δ_BKS=+2.05%  Δ_S*_BKS=+0.96%  no_improve=3
17:57:03 | i 6 | [HAOS ROLL] k=10  λ=0.6  rb  kmeans  filo  P≈0.000992
17:57:03 | i 6 | [Phase 1/3] decompose  0.39s / — / —  λ=0.6  rb kmeans
17:57:42 | i 6 | [Phase 2/3] route  38.11s / 23.46s / 162.4%  filo  k=10
17:58:09 | i 5 | [ IMPROVE ] 73941.00  via bg_ails  ·  Δ_BKS=+0.94%
17:58:09 | i 5 | [ ASYNC BG] bg_ails  65.56s / 62.25s / 105.3%
17:58:09 | i 6 | [ IMPROVE ] 73927.00  via decompose_route  ·  Δ_BKS=+0.92%
17:58:09 | i 6 | [HAOS ROLL] k=10  λ=0.6  rb  kmeans  filo  P≈0.000992
17:58:09 | i 6 | [ Summary ] cost=73927.00  Δ_S*=+0.00%  Δ_BKS=+0.92%  Δ_S*_BKS=+0.92%  no_improve=0
17:58:09 | i 7 | [HAOS ROLL] k=12  λ=0.8  vb  fcm  filo2  P≈0.000595
17:58:10 | i 7 | [Phase 1/3] decompose  1.33s / — / —  λ=0.8  vb fcm
17:58:39 | i 7 | [Phase 2/3] route  29.11s / 16.02s / 181.7%  filo2  k=12
17:59:12 | i 6 | [ ASYNC BG] bg_ails  63.63s / 60.00s / 106.0%
17:59:12 | i 7 | [HAOS ROLL] k=12  λ=0.8  vb  fcm  filo2  P≈0.000595
17:59:12 | i 7 | [ Summary ] cost=79049.00  Δ_S*=+6.93%  Δ_BKS=+7.91%  Δ_S*_BKS=+0.92%  no_improve=2
17:59:12 | i 8 | [HAOS ROLL] k=10  λ=0.2  rb  kmeans  filo  P≈0.000992
17:59:13 | i 8 | [Phase 1/3] decompose  0.39s / — / —  λ=0.2  rb kmeans
17:59:47 | i 8 | [Phase 2/3] route  34.10s / 20.28s / 168.1%  filo  k=10
18:00:16 | i 7 | [ ASYNC BG] bg_ails  63.58s / 60.00s / 106.0%
18:00:16 | i 8 | [HAOS ROLL] k=10  λ=0.2  rb  kmeans  filo  P≈0.000992
18:00:16 | i 8 | [ Summary ] cost=74110.00  Δ_S*=+0.25%  Δ_BKS=+1.17%  Δ_S*_BKS=+0.92%  no_improve=4
18:00:16 | i 9 | [HAOS ROLL] k=6  λ=0.2  vb  ac_avg  filo  P≈0.000595
18:00:16 | i 9 | [Phase 1/3] decompose  0.55s / — / —  λ=0.2  vb ac_avg
18:00:55 | i 9 | [Phase 2/3] route  38.11s / 37.56s / 101.5%  filo  k=6
18:01:19 | i 8 | [ IMPROVE ] 73853.00  via bg_ails  ·  Δ_BKS=+0.82%
18:01:19 | i 8 | [ ASYNC BG] bg_ails  63.56s / 60.00s / 105.9%
18:01:19 | i 9 | [HAOS ROLL] k=6  λ=0.2  vb  ac_avg  filo  P≈0.000595
18:01:19 | i 9 | [ Summary ] cost=75312.00  Δ_S*=+1.98%  Δ_BKS=+2.81%  Δ_S*_BKS=+0.82%  no_improve=1
18:01:19 | i 10 | [HAOS ROLL] k=4  λ=0.8  rb  ac_complete  filo2  P≈0.000992
18:01:20 | i 10 | [Phase 1/3] decompose  0.39s / — / —  λ=0.8  rb ac_complete
18:02:14 | i 10 | [Phase 2/3] route  54.10s / 54.30s / 99.6%  filo2  k=4
18:02:23 | i 9 | [ ASYNC BG] bg_ails  63.58s / 60.00s / 106.0%
18:02:23 | i 10 | [HAOS ROLL] k=4  λ=0.8  rb  ac_complete  filo2  P≈0.000992
18:02:23 | i 10 | [ Summary ] cost=74049.00  Δ_S*=+0.27%  Δ_BKS=+1.09%  Δ_S*_BKS=+0.82%  no_improve=3
18:02:23 | i 11 | [HAOS ROLL] k=8  λ=0.0  rb  ac_avg  pyvrp  P≈0.000992
18:02:23 | i 11 | [Phase 1/3] decompose  0.29s / — / —  λ=0.0  rb ac_avg
18:02:55 | i 11 | [Phase 2/3] route  31.73s / 25.86s / 122.7%  pyvrp  k=8
18:03:27 | i 10 | [ ASYNC BG] bg_ails  63.73s / 60.00s / 106.2%
18:03:27 | i 11 | [HAOS ROLL] k=8  λ=0.0  rb  ac_avg  pyvrp  P≈0.000992
18:03:27 | i 11 | [ Summary ] cost=74226.00  Δ_S*=+0.51%  Δ_BKS=+1.33%  Δ_S*_BKS=+0.82%  no_improve=5
18:03:27 | i 12 | [HAOS ROLL] k=3  λ=0.6  rb  ac_avg  pyvrp  P≈0.001064
18:03:27 | i 12 | [Phase 1/3] decompose  0.45s / — / —  λ=0.6  rb ac_avg
18:04:38 | i 12 | [Phase 2/3] route  71.13s / 67.98s / 104.6%  pyvrp  k=3
18:04:38 | i 11 | [ ASYNC BG] bg_ails  63.49s / 60.00s / 105.8%
18:04:38 | i 12 | [HAOS ROLL] k=3  λ=0.6  rb  ac_avg  pyvrp  P≈0.001064
18:04:38 | i 12 | [ Summary ] cost=74781.00  Δ_S*=+1.26%  Δ_BKS=+2.08%  Δ_S*_BKS=+0.82%  no_improve=7
18:04:38 | i 6 | [ASYNC 1/2] sp_sc  0.13s / 720.00s / 0.0%  SP  avg_coverage=10.59/5  pool=708
18:04:38 | i 6 | [ASYNC 2/2] standard_ails  363.31s / 360.00s / 100.9%
18:04:39 | i 6 | [ IMPROVE ] 73731.00  via standard_ails  ·  Δ_BKS=+0.65%
18:04:39 | i 13 | [HAOS ROLL] k=6  λ=0.6  vb  kmeans  filo  P≈0.000398
18:04:40 | i 13 | [Phase 1/3] decompose  0.37s / — / —  λ=0.6  vb kmeans
18:05:08 | i 13 | [Phase 2/3] route  28.08s / 27.54s / 102.0%  filo  k=6
18:05:48 | i 12 | [ ASYNC BG] bg_ails  69.60s / 66.35s / 104.9%
18:05:48 | i 13 | [HAOS ROLL] k=6  λ=0.6  vb  kmeans  filo  P≈0.000398
18:05:48 | i 13 | [ Summary ] cost=75388.00  Δ_S*=+2.25%  Δ_BKS=+2.91%  Δ_S*_BKS=+0.65%  no_improve=2
18:05:48 | i 14 | [HAOS ROLL] k=8  λ=0.6  rb  ac_avg  pyvrp  P≈0.004334
18:05:48 | i 14 | [Phase 1/3] decompose  0.39s / — / —  λ=0.6  rb ac_avg
18:06:23 | i 14 | [Phase 2/3] route  34.02s / 25.98s / 130.9%  pyvrp  k=8
18:06:52 | i 13 | [ ASYNC BG] bg_ails  63.66s / 60.00s / 106.1%
18:06:52 | i 14 | [HAOS ROLL] k=8  λ=0.6  rb  ac_avg  pyvrp  P≈0.004334
18:06:52 | i 14 | [ Summary ] cost=74218.00  Δ_S*=+0.66%  Δ_BKS=+1.32%  Δ_S*_BKS=+0.65%  no_improve=4
18:06:52 | i 15 | [HAOS ROLL] k=6  λ=1.0  vb  kmeans  ails2  P≈0.000268
18:06:52 | i 15 | [Phase 1/3] decompose  0.38s / — / —  λ=1.0  vb kmeans
18:07:23 | i 15 | [Phase 2/3] route  30.56s / 29.10s / 105.0%  ails2  k=6
18:07:55 | i 14 | [ ASYNC BG] bg_ails  63.61s / 60.00s / 106.0%
18:07:55 | i 15 | [HAOS ROLL] k=6  λ=1.0  vb  kmeans  ails2  P≈0.000268
18:07:55 | i 15 | [ Summary ] cost=75897.00  Δ_S*=+2.94%  Δ_BKS=+3.61%  Δ_S*_BKS=+0.65%  no_improve=6
18:07:55 | i 16 | [HAOS ROLL] k=12  λ=0.2  rb  ac_avg  filo  P≈0.001382
18:07:56 | i 16 | [Phase 1/3] decompose  0.38s / — / —  λ=0.2  rb ac_avg
18:08:25 | i 16 | [Phase 2/3] route  29.08s / 19.20s / 151.5%  filo  k=12
18:08:59 | i 15 | [ ASYNC BG] bg_ails  63.68s / 60.00s / 106.1%
18:08:59 | i 16 | [HAOS ROLL] k=12  λ=0.2  rb  ac_avg  filo  P≈0.001382
18:08:59 | i 16 | [ Summary ] cost=73866.00  Δ_S*=+0.18%  Δ_BKS=+0.84%  Δ_S*_BKS=+0.65%  no_improve=8
18:08:59 | i 17 | [HAOS ROLL] k=3  λ=0.6  vb  ac_avg  filo2  P≈0.000260
18:09:00 | i 17 | [Phase 1/3] decompose  0.55s / — / —  λ=0.6  vb ac_avg
18:10:04 | i 17 | [Phase 2/3] route  64.11s / 63.78s / 100.5%  filo2  k=3
18:10:04 | i 16 | [ ASYNC BG] bg_ails  63.50s / 60.00s / 105.8%
18:10:04 | i 17 | [HAOS ROLL] k=3  λ=0.6  vb  ac_avg  filo2  P≈0.000260
18:10:04 | i 17 | [ Summary ] cost=74488.00  Δ_S*=+1.03%  Δ_BKS=+1.68%  Δ_S*_BKS=+0.65%  no_improve=10
18:10:04 | i 18 | [HAOS ROLL] k=10  λ=0.4  rb  kmeans  filo2  P≈0.000531
18:10:04 | i 18 | [Phase 1/3] decompose  0.39s / — / —  λ=0.4  rb kmeans
18:10:37 | i 18 | [Phase 2/3] route  33.11s / 20.88s / 158.6%  filo2  k=10
18:11:09 | i 17 | [ ASYNC BG] bg_ails  65.69s / 62.25s / 105.5%
18:11:09 | i 18 | [HAOS ROLL] k=10  λ=0.4  rb  kmeans  filo2  P≈0.000531
18:11:09 | i 18 | [ Summary ] cost=73771.00  Δ_S*=+0.05%  Δ_BKS=+0.71%  Δ_S*_BKS=+0.65%  no_improve=12
18:11:09 | i 19 | [HAOS ROLL] k=12  λ=0.0  rb  ac_avg  filo2  P≈0.001399
18:11:10 | i 19 | [Phase 1/3] decompose  0.29s / — / —  λ=0.0  rb ac_avg
18:11:39 | i 19 | [Phase 2/3] route  29.10s / 19.20s / 151.5%  filo2  k=12
18:12:13 | i 18 | [ ASYNC BG] bg_ails  63.72s / 60.00s / 106.2%
18:12:13 | i 19 | [HAOS ROLL] k=12  λ=0.0  rb  ac_avg  filo2  P≈0.001399
18:12:13 | i 19 | [ Summary ] cost=73876.00  Δ_S*=+0.20%  Δ_BKS=+0.85%  Δ_S*_BKS=+0.65%  no_improve=14
18:12:13 | i 20 | [HAOS ROLL] k=8  λ=0.6  rb  kmeans  filo  P≈0.002157
18:12:14 | i 20 | [Phase 1/3] decompose  0.39s / — / —  λ=0.6  rb kmeans
18:12:53 | i 20 | [Phase 2/3] route  39.10s / 26.34s / 148.5%  filo  k=8
18:13:17 | i 19 | [ ASYNC BG] bg_ails  63.68s / 60.00s / 106.1%
18:13:17 | i 20 | [HAOS ROLL] k=8  λ=0.6  rb  kmeans  filo  P≈0.002157
18:13:17 | i 20 | [ Summary ] cost=74080.00  Δ_S*=+0.47%  Δ_BKS=+1.13%  Δ_S*_BKS=+0.65%  no_improve=16
18:13:17 | i 21 | [HAOS ROLL] k=10  λ=0.6  rb  kmeans  filo  P≈0.002737
18:13:17 | i 21 | [Phase 1/3] decompose  0.39s / — / —  λ=0.6  rb kmeans
18:13:48 | i 21 | [Phase 2/3] route  31.09s / 21.30s / 146.0%  filo  k=10
18:14:21 | i 20 | [ ASYNC BG] bg_ails  63.79s / 60.00s / 106.3%
18:14:21 | i 21 | [HAOS ROLL] k=10  λ=0.6  rb  kmeans  filo  P≈0.002737
18:14:21 | i 21 | [ Summary ] cost=74126.00  Δ_S*=+0.54%  Δ_BKS=+1.19%  Δ_S*_BKS=+0.65%  no_improve=18
18:14:21 | i 22 | [HAOS ROLL] k=6  λ=0.0  rb  kmeans  pyvrp  P≈0.001158
18:14:21 | i 22 | [Phase 1/3] decompose  0.30s / — / —  λ=0.0  rb kmeans
18:14:53 | i 22 | [Phase 2/3] route  31.55s / 30.60s / 103.1%  pyvrp  k=6
18:15:25 | i 21 | [ ASYNC BG] bg_ails  63.81s / 60.00s / 106.4%
18:15:25 | i 22 | [HAOS ROLL] k=6  λ=0.0  rb  kmeans  pyvrp  P≈0.001158
18:15:25 | i 22 | [ Summary ] cost=74670.00  Δ_S*=+1.27%  Δ_BKS=+1.93%  Δ_S*_BKS=+0.65%  no_improve=20
18:15:25 | i 23 | [HAOS ROLL] k=6  λ=0.6  rb  kmeans  filo  P≈0.003359
18:15:25 | i 23 | [Phase 1/3] decompose  0.40s / — / —  λ=0.6  rb kmeans
18:15:58 | i 23 | [Phase 2/3] route  33.10s / 33.00s / 100.3%  filo  k=6
18:16:28 | i 22 | [ ASYNC BG] bg_ails  63.71s / 60.00s / 106.2%
18:16:28 | i 23 | [HAOS ROLL] k=6  λ=0.6  rb  kmeans  filo  P≈0.003359
18:16:28 | i 23 | [ Summary ] cost=73827.00  Δ_S*=+0.13%  Δ_BKS=+0.78%  Δ_S*_BKS=+0.65%  no_improve=22
18:16:28 | i 24 | [HAOS ROLL] k=8  λ=0.0  rb  ac_complete  pyvrp  P≈0.000834
18:16:29 | i 24 | [Phase 1/3] decompose  0.30s / — / —  λ=0.0  rb ac_complete
18:17:05 | i 24 | [Phase 2/3] route  36.07s / 23.70s / 152.2%  pyvrp  k=8
18:17:32 | i 23 | [ ASYNC BG] bg_ails  63.71s / 60.00s / 106.2%
18:17:32 | i 24 | [HAOS ROLL] k=8  λ=0.0  rb  ac_complete  pyvrp  P≈0.000834
18:17:32 | i 24 | [ Summary ] cost=74385.00  Δ_S*=+0.89%  Δ_BKS=+1.54%  Δ_S*_BKS=+0.65%  no_improve=24
18:17:32 | i 25 | [HAOS ROLL] k=12  λ=0.8  vb  kmeans  filo  P≈0.000350
18:17:32 | i 25 | [Phase 1/3] decompose  0.40s / — / —  λ=0.8  vb kmeans
18:18:02 | i 25 | [Phase 2/3] route  30.09s / 15.24s / 197.4%  filo  k=12
18:18:36 | i 24 | [ ASYNC BG] bg_ails  63.57s / 60.00s / 105.9%
18:18:36 | i 25 | [HAOS ROLL] k=12  λ=0.8  vb  kmeans  filo  P≈0.000350
18:18:36 | i 25 | [ Summary ] cost=78041.00  Δ_S*=+5.85%  Δ_BKS=+6.53%  Δ_S*_BKS=+0.65%  no_improve=26
18:18:36 | i 26 | [HAOS ROLL] k=8  λ=0.4  rb  kmeans  filo2  P≈0.001521
18:18:36 | i 26 | [Phase 1/3] decompose  0.41s / — / —  λ=0.4  rb kmeans
18:19:13 | i 26 | [Phase 2/3] route  37.12s / 26.94s / 137.8%  filo2  k=8
18:19:39 | i 25 | [ ASYNC BG] bg_ails  63.82s / 60.00s / 106.4%
18:19:39 | i 26 | [HAOS ROLL] k=8  λ=0.4  rb  kmeans  filo2  P≈0.001521
18:19:39 | i 26 | [ Summary ] cost=73898.00  Δ_S*=+0.23%  Δ_BKS=+0.88%  Δ_S*_BKS=+0.65%  no_improve=28
18:19:39 | i 27 | [HAOS ROLL] k=10  λ=0.8  rb  ac_complete  pyvrp  P≈0.000851
18:19:40 | i 27 | [Phase 1/3] decompose  0.40s / — / —  λ=0.8  rb ac_complete
18:20:11 | i 27 | [Phase 2/3] route  31.43s / 21.36s / 147.1%  pyvrp  k=10
18:20:43 | i 26 | [ ASYNC BG] bg_ails  63.93s / 60.00s / 106.5%
18:20:43 | i 27 | [HAOS ROLL] k=10  λ=0.8  rb  ac_complete  pyvrp  P≈0.000851
18:20:43 | i 27 | [ Summary ] cost=74337.00  Δ_S*=+0.82%  Δ_BKS=+1.48%  Δ_S*_BKS=+0.65%  no_improve=30
18:20:43 | i 28 | [HAOS ROLL] k=12  λ=0.0  rb  kmeans  pyvrp  P≈0.003108
18:20:44 | i 28 | [Phase 1/3] decompose  0.33s / — / —  λ=0.0  rb kmeans
18:21:15 | i 28 | [Phase 2/3] route  31.30s / 18.72s / 167.2%  pyvrp  k=12
18:21:47 | i 27 | [ ASYNC BG] bg_ails  63.83s / 60.00s / 106.4%
18:21:47 | i 28 | [HAOS ROLL] k=12  λ=0.0  rb  kmeans  pyvrp  P≈0.003108
18:21:47 | i 28 | [ Summary ] cost=74227.00  Δ_S*=+0.67%  Δ_BKS=+1.33%  Δ_S*_BKS=+0.65%  no_improve=32
18:21:47 | i 29 | [HAOS ROLL] k=4  λ=0.0  rb  ac_avg  filo2  P≈0.001117
18:21:47 | i 29 | [Phase 1/3] decompose  0.31s / — / —  λ=0.0  rb ac_avg
18:22:35 | i 29 | [Phase 2/3] route  47.10s / 47.34s / 99.5%  filo2  k=4
18:22:51 | i 28 | [ ASYNC BG] bg_ails  63.72s / 60.00s / 106.2%
18:22:51 | i 29 | [HAOS ROLL] k=4  λ=0.0  rb  ac_avg  filo2  P≈0.001117
18:22:51 | i 29 | [ Summary ] cost=73883.00  Δ_S*=+0.21%  Δ_BKS=+0.86%  Δ_S*_BKS=+0.65%  no_improve=34
18:22:51 | i 30 | [HAOS ROLL] k=12  λ=0.0  rb  kmeans  pyvrp  P≈0.005639
18:22:51 | i 30 | [Phase 1/3] decompose  0.32s / — / —  λ=0.0  rb kmeans
18:23:30 | i 30 | [Phase 2/3] route  39.04s / 20.88s / 187.0%  pyvrp  k=12
18:23:55 | i 29 | [ ASYNC BG] bg_ails  63.71s / 60.00s / 106.2%
18:23:55 | i 30 | [HAOS ROLL] k=12  λ=0.0  rb  kmeans  pyvrp  P≈0.005639
18:23:55 | i 30 | [ Summary ] cost=74240.00  Δ_S*=+0.69%  Δ_BKS=+1.35%  Δ_S*_BKS=+0.65%  no_improve=36
18:23:55 | i 31 | [HAOS ROLL] k=2  λ=0.0  rb  ac_avg  filo  P≈0.001774
18:23:55 | i 31 | [Phase 1/3] decompose  0.30s / — / —  λ=0.0  rb ac_avg
18:25:24 | i 31 | [Phase 2/3] route  89.17s / 88.68s / 100.6%  filo  k=2
18:25:24 | i 30 | [ ASYNC BG] bg_ails  63.50s / 60.00s / 105.8%
18:25:24 | i 31 | [HAOS ROLL] k=2  λ=0.0  rb  ac_avg  filo  P≈0.001774
18:25:24 | i 31 | [ Summary ] cost=73969.00  Δ_S*=+0.32%  Δ_BKS=+0.98%  Δ_S*_BKS=+0.65%  no_improve=38
18:25:24 | i 25 | [ASYNC 1/2] sp_sc  10.20s / 720.00s / 1.4%  SP  avg_coverage=44.96/5  pool=2991
18:25:24 | i 25 | [ASYNC 2/2] standard_ails  363.02s / 360.00s / 100.8%
18:25:29 | i 25 | [ IMPROVE ] 73706.00  via standard_ails  ·  Δ_BKS=+0.62%
18:25:29 | i 32 | [HAOS ROLL] k=4  λ=0.4  vb  fcm  filo2  P≈0.000169
18:25:29 | i 32 | [Phase 1/3] decompose  0.42s / — / —  λ=0.4  vb fcm
18:26:11 | i 32 | [Phase 2/3] route  41.11s / 40.92s / 100.5%  filo2  k=4
18:26:54 | i 31 | [ ASYNC BG] bg_ails  89.41s / 86.55s / 103.3%
18:26:54 | i 32 | [HAOS ROLL] k=4  λ=0.4  vb  fcm  filo2  P≈0.000169
18:26:54 | i 32 | [ Summary ] cost=74257.00  Δ_S*=+0.75%  Δ_BKS=+1.37%  Δ_S*_BKS=+0.62%  no_improve=2
18:26:54 | i 33 | [HAOS ROLL] k=4  λ=0.4  vb  ac_avg  filo2  P≈0.000424
18:26:54 | i 33 | [Phase 1/3] decompose  0.56s / — / —  λ=0.4  vb ac_avg
18:27:48 | i 33 | [Phase 2/3] route  54.12s / 53.82s / 100.6%  filo2  k=4
18:27:57 | i 32 | [ ASYNC BG] bg_ails  63.55s / 60.00s / 105.9%
18:27:57 | i 33 | [HAOS ROLL] k=4  λ=0.4  vb  ac_avg  filo2  P≈0.000424
18:27:57 | i 33 | [ Summary ] cost=74683.00  Δ_S*=+1.33%  Δ_BKS=+1.95%  Δ_S*_BKS=+0.62%  no_improve=4
18:27:57 | i 34 | [HAOS ROLL] k=4  λ=0.0  rb  ac_avg  filo2  P≈0.003658
18:27:58 | i 34 | [Phase 1/3] decompose  0.30s / — / —  λ=0.0  rb ac_avg
18:28:47 | i 34 | [Phase 2/3] route  49.14s / 48.72s / 100.9%  filo2  k=4
18:29:01 | i 33 | [ ASYNC BG] bg_ails  63.47s / 60.00s / 105.8%
18:29:01 | i 34 | [HAOS ROLL] k=4  λ=0.0  rb  ac_avg  filo2  P≈0.003658
18:29:01 | i 34 | [ Summary ] cost=73762.00  Δ_S*=+0.08%  Δ_BKS=+0.69%  Δ_S*_BKS=+0.62%  no_improve=6
18:29:01 | i 35 | [HAOS ROLL] k=10  λ=0.4  rb  ac_complete  filo  P≈0.001327
18:29:01 | i 35 | [Phase 1/3] decompose  0.38s / — / —  λ=0.4  rb ac_complete
18:29:36 | i 35 | [Phase 2/3] route  35.11s / 28.26s / 124.2%  filo  k=10
18:30:04 | i 34 | [ ASYNC BG] bg_ails  63.38s / 60.00s / 105.6%
18:30:04 | i 35 | [HAOS ROLL] k=10  λ=0.4  rb  ac_complete  filo  P≈0.001327
18:30:04 | i 35 | [ Summary ] cost=73945.00  Δ_S*=+0.32%  Δ_BKS=+0.94%  Δ_S*_BKS=+0.62%  no_improve=8
18:30:04 | i 36 | [HAOS ROLL] k=6  λ=1.0  rb  kmeans  filo  P≈0.000675
18:30:04 | i 36 | [Phase 1/3] decompose  0.39s / — / —  λ=1.0  rb kmeans
18:30:49 | i 36 | [Phase 2/3] route  44.13s / 43.80s / 100.7%  filo  k=6
18:31:08 | i 35 | [ ASYNC BG] bg_ails  63.54s / 60.00s / 105.9%
18:31:08 | i 36 | [HAOS ROLL] k=6  λ=1.0  rb  kmeans  filo  P≈0.000675
18:31:08 | i 36 | [ Summary ] cost=74034.00  Δ_S*=+0.45%  Δ_BKS=+1.06%  Δ_S*_BKS=+0.62%  no_improve=10
18:31:08 | i 37 | [HAOS ROLL] k=10  λ=1.0  vb  ac_avg  pyvrp  P≈0.000347
18:31:08 | i 37 | [Phase 1/3] decompose  0.55s / — / —  λ=1.0  vb ac_avg
18:31:43 | i 37 | [Phase 2/3] route  35.08s / 21.24s / 165.2%  pyvrp  k=10
18:32:11 | i 36 | [ ASYNC BG] bg_ails  63.47s / 60.00s / 105.8%
18:32:11 | i 37 | [HAOS ROLL] k=10  λ=1.0  vb  ac_avg  pyvrp  P≈0.000347
18:32:11 | i 37 | [ Summary ] cost=76870.00  Δ_S*=+4.29%  Δ_BKS=+4.94%  Δ_S*_BKS=+0.62%  no_improve=12
18:32:11 | i 38 | [HAOS ROLL] k=6  λ=0.4  vb  ac_complete  pyvrp  P≈0.000312
18:32:12 | i 38 | [Phase 1/3] decompose  0.56s / — / —  λ=0.4  vb ac_complete
18:32:58 | i 38 | [Phase 2/3] route  46.12s / 44.52s / 103.6%  pyvrp  k=6
18:33:15 | i 37 | [ ASYNC BG] bg_ails  63.55s / 60.00s / 105.9%
18:33:15 | i 38 | [HAOS ROLL] k=6  λ=0.4  vb  ac_complete  pyvrp  P≈0.000312
18:33:15 | i 38 | [ Summary ] cost=76334.00  Δ_S*=+3.57%  Δ_BKS=+4.20%  Δ_S*_BKS=+0.62%  no_improve=14
18:33:15 | i 39 | [HAOS ROLL] k=10  λ=0.4  rb  kmeans  ails2  P≈0.001764
18:33:15 | i 39 | [Phase 1/3] decompose  0.39s / — / —  λ=0.4  rb kmeans
18:33:48 | i 39 | [Phase 2/3] route  32.69s / 21.18s / 154.3%  ails2  k=10
18:34:18 | i 38 | [ ASYNC BG] bg_ails  63.47s / 60.00s / 105.8%
18:34:18 | i 39 | [HAOS ROLL] k=10  λ=0.4  rb  kmeans  ails2  P≈0.001764
18:34:18 | i 39 | [ Summary ] cost=73726.00  Δ_S*=+0.03%  Δ_BKS=+0.64%  Δ_S*_BKS=+0.62%  no_improve=16
18:34:18 | i 40 | [HAOS ROLL] k=4  λ=0.6  rb  ac_complete  ails2  P≈0.000374
18:34:19 | i 40 | [Phase 1/3] decompose  0.39s / — / —  λ=0.6  rb ac_complete
18:35:06 | i 40 | [Phase 2/3] route  47.62s / 46.26s / 102.9%  ails2  k=4
18:35:22 | i 39 | [ ASYNC BG] bg_ails  63.46s / 60.00s / 105.8%
18:35:22 | i 40 | [HAOS ROLL] k=4  λ=0.6  rb  ac_complete  ails2  P≈0.000374
18:35:22 | i 40 | [ Summary ] cost=73981.00  Δ_S*=+0.37%  Δ_BKS=+0.99%  Δ_S*_BKS=+0.62%  no_improve=18
18:35:22 | i 41 | [HAOS ROLL] k=8  λ=0.8  rb  ac_complete  filo  P≈0.000314
18:35:22 | i 41 | [Phase 1/3] decompose  0.39s / — / —  λ=0.8  rb ac_complete
18:35:57 | i 41 | [Phase 2/3] route  35.10s / 28.26s / 124.2%  filo  k=8
18:36:25 | i 40 | [ ASYNC BG] bg_ails  63.53s / 60.00s / 105.9%
18:36:25 | i 41 | [HAOS ROLL] k=8  λ=0.8  rb  ac_complete  filo  P≈0.000314
18:36:25 | i 41 | [ Summary ] cost=73986.00  Δ_S*=+0.38%  Δ_BKS=+1.00%  Δ_S*_BKS=+0.62%  no_improve=20
18:36:25 | i 42 | [HAOS ROLL] k=4  λ=0.2  rb  ac_complete  ails2  P≈0.000513
18:36:26 | i 42 | [Phase 1/3] decompose  0.38s / — / —  λ=0.2  rb ac_complete
18:37:13 | i 42 | [Phase 2/3] route  47.61s / 46.26s / 102.9%  ails2  k=4
18:37:29 | i 41 | [ ASYNC BG] bg_ails  63.55s / 60.00s / 105.9%
18:37:29 | i 42 | [HAOS ROLL] k=4  λ=0.2  rb  ac_complete  ails2  P≈0.000513
18:37:29 | i 42 | [ Summary ] cost=73888.00  Δ_S*=+0.25%  Δ_BKS=+0.87%  Δ_S*_BKS=+0.62%  no_improve=22
18:37:29 | i 43 | [HAOS ROLL] k=6  λ=0.4  rb  ac_avg  pyvrp  P≈0.001929
18:37:29 | i 43 | [Phase 1/3] decompose  0.38s / — / —  λ=0.4  rb ac_avg
18:38:00 | i 43 | [Phase 2/3] route  31.18s / 30.30s / 102.9%  pyvrp  k=6
18:38:32 | i 42 | [ ASYNC BG] bg_ails  63.48s / 60.00s / 105.8%
18:38:32 | i 43 | [HAOS ROLL] k=6  λ=0.4  rb  ac_avg  pyvrp  P≈0.001929
18:38:32 | i 43 | [ Summary ] cost=74501.00  Δ_S*=+1.08%  Δ_BKS=+1.70%  Δ_S*_BKS=+0.62%  no_improve=24
18:38:32 | i 44 | [HAOS ROLL] k=10  λ=0.0  rb  ac_avg  filo  P≈0.002822
18:38:33 | i 44 | [Phase 1/3] decompose  0.30s / — / —  λ=0.0  rb ac_avg
18:39:03 | i 44 | [Phase 2/3] route  30.11s / 25.56s / 117.8%  filo  k=10
18:39:36 | i 43 | [ ASYNC BG] bg_ails  63.56s / 60.00s / 105.9%
18:39:36 | i 44 | [HAOS ROLL] k=10  λ=0.0  rb  ac_avg  filo  P≈0.002822
18:39:36 | i 44 | [ Summary ] cost=73975.00  Δ_S*=+0.36%  Δ_BKS=+0.98%  Δ_S*_BKS=+0.62%  no_improve=26
18:39:36 | i 45 | [HAOS ROLL] k=6  λ=0.4  rb  kmeans  ails2  P≈0.002345
18:39:36 | i 45 | [Phase 1/3] decompose  0.39s / — / —  λ=0.4  rb kmeans
18:40:11 | i 45 | [Phase 2/3] route  34.66s / 33.00s / 105.0%  ails2  k=6
18:40:39 | i 44 | [ ASYNC BG] bg_ails  63.41s / 60.00s / 105.7%
18:40:39 | i 45 | [HAOS ROLL] k=6  λ=0.4  rb  kmeans  ails2  P≈0.002345
18:40:39 | i 45 | [ Summary ] cost=73965.00  Δ_S*=+0.35%  Δ_BKS=+0.97%  Δ_S*_BKS=+0.62%  no_improve=28
18:40:39 | i 46 | [HAOS ROLL] k=10  λ=1.0  vb  ac_avg  filo2  P≈0.000479
18:40:40 | i 46 | [Phase 1/3] decompose  0.58s / — / —  λ=1.0  vb ac_avg
18:41:15 | i 46 | [Phase 2/3] route  35.12s / 21.24s / 165.3%  filo2  k=10
18:41:43 | i 45 | [ ASYNC BG] bg_ails  63.57s / 60.00s / 105.9%
18:41:43 | i 46 | [HAOS ROLL] k=10  λ=1.0  vb  ac_avg  filo2  P≈0.000479
18:41:43 | i 46 | [ Summary ] cost=76532.00  Δ_S*=+3.83%  Δ_BKS=+4.47%  Δ_S*_BKS=+0.62%  no_improve=30
18:41:43 | i 47 | [HAOS ROLL] k=8  λ=1.0  rb  ac_avg  ails2  P≈0.000698
18:41:43 | i 47 | [Phase 1/3] decompose  0.40s / — / —  λ=1.0  rb ac_avg
18:42:16 | i 47 | [Phase 2/3] route  32.73s / 26.52s / 123.4%  ails2  k=8
18:42:46 | i 46 | [ ASYNC BG] bg_ails  63.67s / 60.00s / 106.1%
18:42:46 | i 47 | [HAOS ROLL] k=8  λ=1.0  rb  ac_avg  ails2  P≈0.000698
18:42:47 | i 47 | [ Summary ] cost=73800.00  Δ_S*=+0.13%  Δ_BKS=+0.75%  Δ_S*_BKS=+0.62%  no_improve=32
18:42:47 | i 48 | [HAOS ROLL] k=4  λ=0.0  vb  ac_avg  filo2  P≈0.000646
18:42:47 | i 48 | [Phase 1/3] decompose  0.48s / — / —  λ=0.0  vb ac_avg
18:43:41 | i 48 | [Phase 2/3] route  54.12s / 53.82s / 100.6%  filo2  k=4
18:43:50 | i 47 | [ ASYNC BG] bg_ails  63.51s / 60.00s / 105.8%
18:43:50 | i 48 | [HAOS ROLL] k=4  λ=0.0  vb  ac_avg  filo2  P≈0.000646
18:43:50 | i 48 | [ Summary ] cost=74858.00  Δ_S*=+1.56%  Δ_BKS=+2.19%  Δ_S*_BKS=+0.62%  no_improve=34
18:43:50 | i 49 | [HAOS ROLL] k=8  λ=1.0  rb  kmeans  filo2  P≈0.001912
18:43:50 | i 49 | [Phase 1/3] decompose  0.39s / — / —  λ=1.0  rb kmeans
18:44:25 | i 49 | [Phase 2/3] route  34.11s / 26.04s / 131.0%  filo2  k=8
18:44:53 | i 48 | [ ASYNC BG] bg_ails  63.40s / 60.00s / 105.7%
18:44:53 | i 49 | [HAOS ROLL] k=8  λ=1.0  rb  kmeans  filo2  P≈0.001912
18:44:53 | i 49 | [ Summary ] cost=73938.00  Δ_S*=+0.31%  Δ_BKS=+0.93%  Δ_S*_BKS=+0.62%  no_improve=36
18:44:53 | i 50 | [HAOS ROLL] k=4  λ=0.0  rb  kmeans  pyvrp  P≈0.002323
18:44:54 | i 50 | [Phase 1/3] decompose  0.38s / — / —  λ=0.0  rb kmeans
18:45:39 | i 50 | [Phase 2/3] route  45.38s / 43.80s / 103.6%  pyvrp  k=4
18:45:57 | i 49 | [ ASYNC BG] bg_ails  63.57s / 60.00s / 105.9%
18:45:57 | i 50 | [HAOS ROLL] k=4  λ=0.0  rb  kmeans  pyvrp  P≈0.002323
18:45:57 | i 50 | [ Summary ] cost=74789.00  Δ_S*=+1.47%  Δ_BKS=+2.10%  Δ_S*_BKS=+0.62%  no_improve=38
18:45:57 | i 51 | [HAOS ROLL] k=4  λ=1.0  vb  kmeans  filo  P≈0.000440
18:45:57 | i 51 | [Phase 1/3] decompose  0.39s / — / —  λ=1.0  vb kmeans
18:46:38 | i 51 | [Phase 2/3] route  40.10s / 40.14s / 99.9%  filo  k=4
18:47:01 | i 50 | [ ASYNC BG] bg_ails  63.49s / 60.00s / 105.8%
18:47:01 | i 51 | [HAOS ROLL] k=4  λ=1.0  vb  kmeans  filo  P≈0.000440
18:47:01 | i 51 | [ Summary ] cost=74296.00  Δ_S*=+0.80%  Δ_BKS=+1.42%  Δ_S*_BKS=+0.62%  no_improve=40
18:47:01 | i 52 | [HAOS ROLL] k=6  λ=0.2  rb  kmeans  filo  P≈0.001070
18:47:01 | i 52 | [Phase 1/3] decompose  0.39s / — / —  λ=0.2  rb kmeans
18:47:30 | i 52 | [Phase 2/3] route  29.11s / 28.62s / 101.7%  filo  k=6
18:48:04 | i 51 | [ ASYNC BG] bg_ails  63.60s / 60.00s / 106.0%
18:48:04 | i 52 | [HAOS ROLL] k=6  λ=0.2  rb  kmeans  filo  P≈0.001070
18:48:04 | i 52 | [ Summary ] cost=73977.00  Δ_S*=+0.37%  Δ_BKS=+0.99%  Δ_S*_BKS=+0.62%  no_improve=42
18:48:04 | i 53 | [HAOS ROLL] k=6  λ=0.4  rb  kmeans  pyvrp  P≈0.002492
18:48:05 | i 53 | [Phase 1/3] decompose  0.40s / — / —  λ=0.4  rb kmeans
18:48:39 | i 53 | [Phase 2/3] route  34.39s / 33.36s / 103.1%  pyvrp  k=6
18:49:08 | i 52 | [ ASYNC BG] bg_ails  63.67s / 60.00s / 106.1%
18:49:08 | i 53 | [HAOS ROLL] k=6  λ=0.4  rb  kmeans  pyvrp  P≈0.002492
18:49:08 | i 53 | [ Summary ] cost=74586.00  Δ_S*=+1.19%  Δ_BKS=+1.82%  Δ_S*_BKS=+0.62%  no_improve=44
18:49:08 | i 44 | [ASYNC 1/2] sp_sc  162.54s / 720.00s / 22.6%  SP  avg_coverage=75.92/5  pool=5039
18:49:08 | i 44 | [ASYNC 2/2] standard_ails  363.11s / 360.00s / 100.9%
18:49:21 | i 44 | [ IMPROVE ] 73639.00  via standard_ails  ·  Δ_BKS=+0.53%
18:49:21 | i 54 | [HAOS ROLL] k=6  λ=0.0  rb  ac_complete  pyvrp  P≈0.001117
18:49:21 | i 54 | [Phase 1/3] decompose  0.29s / — / —  λ=0.0  rb ac_complete
18:49:59 | i 54 | [Phase 2/3] route  37.77s / 36.42s / 103.7%  pyvrp  k=6
18:50:11 | i 53 | [ ASYNC BG] bg_ails  63.66s / 60.00s / 106.1%
18:50:11 | i 54 | [HAOS ROLL] k=6  λ=0.0  rb  ac_complete  pyvrp  P≈0.001117
18:50:12 | i 54 | [ Summary ] cost=74639.00  Δ_S*=+1.36%  Δ_BKS=+1.89%  Δ_S*_BKS=+0.53%  no_improve=2
18:50:12 | i 55 | [HAOS ROLL] k=4  λ=0.0  rb  ac_complete  filo  P≈0.003422
18:50:12 | i 55 | [Phase 1/3] decompose  0.30s / — / —  λ=0.0  rb ac_complete
18:51:00 | i 55 | [Phase 2/3] route  48.10s / 47.52s / 101.2%  filo  k=4
18:51:15 | i 54 | [ ASYNC BG] bg_ails  63.40s / 60.00s / 105.7%
18:51:15 | i 55 | [HAOS ROLL] k=4  λ=0.0  rb  ac_complete  filo  P≈0.003422
18:51:15 | i 55 | [ Summary ] cost=73956.00  Δ_S*=+0.43%  Δ_BKS=+0.96%  Δ_S*_BKS=+0.53%  no_improve=4
18:51:15 | i 56 | [HAOS ROLL] k=4  λ=0.8  rb  ac_avg  filo2  P≈0.002544
18:51:15 | i 56 | [Phase 1/3] decompose  0.39s / — / —  λ=0.8  rb ac_avg
18:52:14 | i 56 | [Phase 2/3] route  58.11s / 58.02s / 100.2%  filo2  k=4
18:52:18 | i 55 | [ ASYNC BG] bg_ails  63.46s / 60.00s / 105.8%
18:52:18 | i 56 | [HAOS ROLL] k=4  λ=0.8  rb  ac_avg  filo2  P≈0.002544
18:52:18 | i 56 | [ Summary ] cost=73778.00  Δ_S*=+0.19%  Δ_BKS=+0.72%  Δ_S*_BKS=+0.53%  no_improve=6
18:52:18 | i 57 | [HAOS ROLL] k=4  λ=0.8  rb  ac_avg  filo2  P≈0.003578
18:52:19 | i 57 | [Phase 1/3] decompose  0.39s / — / —  λ=0.8  rb ac_avg
18:53:17 | i 57 | [Phase 2/3] route  58.11s / 58.02s / 100.2%  filo2  k=4
18:53:22 | i 56 | [ ASYNC BG] bg_ails  63.51s / 60.00s / 105.8%
18:53:22 | i 57 | [HAOS ROLL] k=4  λ=0.8  rb  ac_avg  filo2  P≈0.003578
18:53:22 | i 57 | [ Summary ] cost=73870.00  Δ_S*=+0.31%  Δ_BKS=+0.84%  Δ_S*_BKS=+0.53%  no_improve=8
18:53:22 | i 58 | [HAOS ROLL] k=8  λ=1.0  vb  kmedoids  filo  P≈0.000171
18:53:23 | i 58 | [Phase 1/3] decompose  0.74s / — / —  λ=1.0  vb kmedoids
18:54:03 | i 58 | [Phase 2/3] route  40.11s / 24.90s / 161.1%  filo  k=8
18:54:25 | i 57 | [ ASYNC BG] bg_ails  63.58s / 60.00s / 106.0%
18:54:25 | i 58 | [HAOS ROLL] k=8  λ=1.0  vb  kmedoids  filo  P≈0.000171
18:54:26 | i 58 | [ Summary ] cost=76691.00  Δ_S*=+4.14%  Δ_BKS=+4.69%  Δ_S*_BKS=+0.53%  no_improve=10
18:54:26 | i 59 | [HAOS ROLL] k=4  λ=0.8  rb  ac_avg  filo2  P≈0.005528
18:54:26 | i 59 | [Phase 1/3] decompose  0.39s / — / —  λ=0.8  rb ac_avg
18:55:24 | i 59 | [Phase 2/3] route  58.11s / 58.02s / 100.2%  filo2  k=4
18:55:29 | i 58 | [ ASYNC BG] bg_ails  63.56s / 60.00s / 105.9%
18:55:29 | i 59 | [HAOS ROLL] k=4  λ=0.8  rb  ac_avg  filo2  P≈0.005528
18:55:29 | i 59 | [ Summary ] cost=73808.00  Δ_S*=+0.23%  Δ_BKS=+0.76%  Δ_S*_BKS=+0.53%  no_improve=12
18:55:29 | i 60 | [HAOS ROLL] k=4  λ=0.0  rb  kmeans  ails2  P≈0.002143
18:55:30 | i 60 | [Phase 1/3] decompose  0.39s / — / —  λ=0.0  rb kmeans
18:56:12 | i 60 | [Phase 2/3] route  42.50s / 41.88s / 101.5%  ails2  k=4
18:56:33 | i 59 | [ ASYNC BG] bg_ails  63.58s / 60.00s / 106.0%
18:56:33 | i 60 | [HAOS ROLL] k=4  λ=0.0  rb  kmeans  ails2  P≈0.002143
18:56:33 | i 60 | [ Summary ] cost=73932.00  Δ_S*=+0.40%  Δ_BKS=+0.93%  Δ_S*_BKS=+0.53%  no_improve=14
18:56:33 | i 61 | [HAOS ROLL] k=8  λ=0.8  rb  ac_avg  filo  P≈0.003009
18:56:33 | i 61 | [Phase 1/3] decompose  0.38s / — / —  λ=0.8  rb ac_avg
18:57:09 | i 61 | [Phase 2/3] route  36.11s / 36.42s / 99.2%  filo  k=8
18:57:36 | i 60 | [ ASYNC BG] bg_ails  63.35s / 60.00s / 105.6%
18:57:36 | i 61 | [HAOS ROLL] k=8  λ=0.8  rb  ac_avg  filo  P≈0.003009
18:57:36 | i 61 | [ Summary ] cost=73725.00  Δ_S*=+0.12%  Δ_BKS=+0.64%  Δ_S*_BKS=+0.53%  no_improve=16
18:57:36 | i 62 | [HAOS ROLL] k=4  λ=0.0  rb  kmeans  pyvrp  P≈0.004981
18:57:36 | i 62 | [Phase 1/3] decompose  0.29s / — / —  λ=0.0  rb kmeans
18:58:22 | i 62 | [Phase 2/3] route  45.25s / 43.62s / 103.7%  pyvrp  k=4
18:58:40 | i 61 | [ ASYNC BG] bg_ails  63.52s / 60.00s / 105.9%
18:58:40 | i 62 | [HAOS ROLL] k=4  λ=0.0  rb  kmeans  pyvrp  P≈0.004981
18:58:40 | i 62 | [ Summary ] cost=74521.00  Δ_S*=+1.20%  Δ_BKS=+1.73%  Δ_S*_BKS=+0.53%  no_improve=18
18:58:40 | i 63 | [HAOS ROLL] k=4  λ=1.0  rb  ac_avg  filo2  P≈0.005669
18:58:40 | i 63 | [Phase 1/3] decompose  0.38s / — / —  λ=1.0  rb ac_avg
18:59:38 | i 63 | [Phase 2/3] route  58.11s / 58.02s / 100.2%  filo2  k=4
18:59:43 | i 62 | [ ASYNC BG] bg_ails  63.53s / 60.00s / 105.9%
18:59:43 | i 63 | [HAOS ROLL] k=4  λ=1.0  rb  ac_avg  filo2  P≈0.005669
18:59:43 | i 63 | [ Summary ] cost=73810.00  Δ_S*=+0.23%  Δ_BKS=+0.76%  Δ_S*_BKS=+0.53%  no_improve=20
18:59:43 | i 64 | [HAOS ROLL] k=3  λ=0.0  rb  kmeans  filo  P≈0.001883
18:59:44 | i 64 | [Phase 1/3] decompose  0.29s / — / —  λ=0.0  rb kmeans
19:00:42 | i 64 | [Phase 2/3] route  58.14s / 58.08s / 100.1%  filo  k=3
19:00:47 | i 63 | [ ASYNC BG] bg_ails  63.44s / 60.00s / 105.7%
19:00:47 | i 64 | [HAOS ROLL] k=3  λ=0.0  rb  kmeans  filo  P≈0.001883
19:00:47 | i 64 | [ Summary ] cost=74037.00  Δ_S*=+0.54%  Δ_BKS=+1.07%  Δ_S*_BKS=+0.53%  no_improve=22
19:00:47 | i 65 | [HAOS ROLL] k=4  λ=0.8  rb  ac_complete  filo2  P≈0.004523
19:00:47 | i 65 | [Phase 1/3] decompose  0.38s / — / —  λ=0.8  rb ac_complete
19:01:35 | i 65 | [Phase 2/3] route  48.10s / 47.52s / 101.2%  filo2  k=4
19:01:50 | i 64 | [ ASYNC BG] bg_ails  63.44s / 60.00s / 105.7%
19:01:50 | i 65 | [HAOS ROLL] k=4  λ=0.8  rb  ac_complete  filo2  P≈0.004523
19:01:50 | i 65 | [ Summary ] cost=73841.00  Δ_S*=+0.27%  Δ_BKS=+0.80%  Δ_S*_BKS=+0.53%  no_improve=24
19:01:50 | i 66 | [HAOS ROLL] k=4  λ=0.4  rb  ac_avg  pyvrp  P≈0.003140
19:01:51 | i 66 | [Phase 1/3] decompose  0.39s / — / —  λ=0.4  rb ac_avg
19:02:51 | i 66 | [Phase 2/3] route  60.62s / 58.02s / 104.5%  pyvrp  k=4
19:02:54 | i 65 | [ ASYNC BG] bg_ails  63.58s / 60.00s / 106.0%
19:02:54 | i 66 | [HAOS ROLL] k=4  λ=0.4  rb  ac_avg  pyvrp  P≈0.003140
19:02:54 | i 66 | [ Summary ] cost=74631.00  Δ_S*=+1.35%  Δ_BKS=+1.88%  Δ_S*_BKS=+0.53%  no_improve=26
19:02:54 | i 67 | [HAOS ROLL] k=6  λ=0.4  rb  ac_complete  pyvrp  P≈0.000464
19:02:54 | i 67 | [Phase 1/3] decompose  0.40s / — / —  λ=0.4  rb ac_complete
19:03:32 | i 67 | [Phase 2/3] route  37.68s / 36.42s / 103.5%  pyvrp  k=6
19:03:57 | i 66 | [ ASYNC BG] bg_ails  63.61s / 60.00s / 106.0%
19:03:57 | i 67 | [HAOS ROLL] k=6  λ=0.4  rb  ac_complete  pyvrp  P≈0.000464
19:03:57 | i 67 | [ Summary ] cost=74570.00  Δ_S*=+1.26%  Δ_BKS=+1.80%  Δ_S*_BKS=+0.53%  no_improve=28
19:03:57 | i 68 | [HAOS ROLL] k=10  λ=0.0  rb  kmeans  ails2  P≈0.000693
19:03:58 | i 68 | [Phase 1/3] decompose  0.30s / — / —  λ=0.0  rb kmeans
19:04:32 | i 68 | [Phase 2/3] route  34.70s / 19.20s / 180.7%  ails2  k=10
19:05:01 | i 67 | [ ASYNC BG] bg_ails  63.60s / 60.00s / 106.0%
19:05:01 | i 68 | [ IMPROVE ] 73627.00  via decompose_route  ·  Δ_BKS=+0.51%
19:05:01 | i 68 | [HAOS ROLL] k=10  λ=0.0  rb  kmeans  ails2  P≈0.000693
19:05:01 | i 68 | [ Summary ] cost=73627.00  Δ_S*=+0.00%  Δ_BKS=+0.51%  Δ_S*_BKS=+0.51%  no_improve=0
19:05:01 | i 69 | [HAOS ROLL] k=10  λ=0.0  rb  ac_avg  filo  P≈0.004403
19:05:01 | i 69 | [Phase 1/3] decompose  0.29s / — / —  λ=0.0  rb ac_avg
19:05:32 | i 69 | [Phase 2/3] route  31.12s / 21.60s / 144.1%  filo  k=10
19:06:04 | i 68 | [ ASYNC BG] bg_ails  63.46s / 60.00s / 105.8%
19:06:04 | i 69 | [HAOS ROLL] k=10  λ=0.0  rb  ac_avg  filo  P≈0.004403
19:06:04 | i 69 | [ Summary ] cost=73846.00  Δ_S*=+0.30%  Δ_BKS=+0.81%  Δ_S*_BKS=+0.51%  no_improve=2
19:06:04 | i 70 | [HAOS ROLL] k=12  λ=0.8  rb  ac_avg  pyvrp  P≈0.001902
19:06:05 | i 70 | [Phase 1/3] decompose  0.39s / — / —  λ=0.8  rb ac_avg
19:06:36 | i 70 | [Phase 2/3] route  31.19s / 18.78s / 166.1%  pyvrp  k=12
19:07:08 | i 69 | [ ASYNC BG] bg_ails  63.52s / 60.00s / 105.9%
19:07:08 | i 70 | [HAOS ROLL] k=12  λ=0.8  rb  ac_avg  pyvrp  P≈0.001902
19:07:08 | i 70 | [ Summary ] cost=74063.00  Δ_S*=+0.59%  Δ_BKS=+1.10%  Δ_S*_BKS=+0.51%  no_improve=4
19:07:08 | i 71 | [HAOS ROLL] k=4  λ=1.0  rb  ac_avg  ails2  P≈0.002322
19:07:08 | i 71 | [Phase 1/3] decompose  0.48s / — / —  λ=1.0  rb ac_avg
19:08:00 | i 71 | [Phase 2/3] route  51.74s / 50.94s / 101.6%  ails2  k=4
19:08:11 | i 70 | [ ASYNC BG] bg_ails  63.58s / 60.00s / 106.0%
19:08:11 | i 71 | [HAOS ROLL] k=4  λ=1.0  rb  ac_avg  ails2  P≈0.002322
19:08:12 | i 71 | [ Summary ] cost=73717.00  Δ_S*=+0.12%  Δ_BKS=+0.63%  Δ_S*_BKS=+0.51%  no_improve=6
19:08:12 | i 72 | [HAOS ROLL] k=8  λ=1.0  vb  fcm  filo2  P≈0.000151
19:08:12 | i 72 | [Phase 1/3] decompose  0.55s / — / —  λ=1.0  vb fcm
19:08:47 | i 72 | [Phase 2/3] route  35.11s / 23.94s / 146.6%  filo2  k=8
19:09:15 | i 71 | [ ASYNC BG] bg_ails  63.56s / 60.00s / 105.9%
19:09:15 | i 72 | [HAOS ROLL] k=8  λ=1.0  vb  fcm  filo2  P≈0.000151
19:09:15 | i 72 | [ Summary ] cost=76530.00  Δ_S*=+3.94%  Δ_BKS=+4.47%  Δ_S*_BKS=+0.51%  no_improve=8
19:09:15 | i 73 | [HAOS ROLL] k=4  λ=0.8  rb  ac_complete  filo2  P≈0.003890
19:09:16 | i 73 | [Phase 1/3] decompose  0.38s / — / —  λ=0.8  rb ac_complete
19:10:04 | i 73 | [Phase 2/3] route  48.10s / 48.48s / 99.2%  filo2  k=4
19:10:19 | i 72 | [ ASYNC BG] bg_ails  63.50s / 60.00s / 105.8%
19:10:19 | i 73 | [HAOS ROLL] k=4  λ=0.8  rb  ac_complete  filo2  P≈0.003890
19:10:19 | i 73 | [ Summary ] cost=73775.00  Δ_S*=+0.20%  Δ_BKS=+0.71%  Δ_S*_BKS=+0.51%  no_improve=10
19:10:19 | i 74 | [HAOS ROLL] k=2  λ=0.0  rb  ac_complete  filo2  P≈0.001443
19:10:19 | i 74 | [Phase 1/3] decompose  0.29s / — / —  λ=0.0  rb ac_complete
19:11:52 | i 74 | [Phase 2/3] route  93.19s / 93.24s / 99.9%  filo2  k=2
19:11:52 | i 73 | [ ASYNC BG] bg_ails  63.46s / 60.00s / 105.8%
19:11:52 | i 74 | [HAOS ROLL] k=2  λ=0.0  rb  ac_complete  filo2  P≈0.001443
19:11:52 | i 74 | [ Summary ] cost=73821.00  Δ_S*=+0.26%  Δ_BKS=+0.77%  Δ_S*_BKS=+0.51%  no_improve=12
19:11:52 | i 75 | [HAOS ROLL] k=2  λ=0.0  rb  kmeans  filo2  P≈0.002421
19:11:53 | i 75 | [Phase 1/3] decompose  0.28s / — / —  λ=0.0  rb kmeans
19:13:17 | i 75 | [Phase 2/3] route  84.16s / 84.00s / 100.2%  filo2  k=2
19:13:27 | i 74 | [ ASYNC BG] bg_ails  94.37s / 91.00s / 103.7%
19:13:27 | i 75 | [HAOS ROLL] k=2  λ=0.0  rb  kmeans  filo2  P≈0.002421
19:13:27 | i 75 | [ Summary ] cost=73923.00  Δ_S*=+0.40%  Δ_BKS=+0.91%  Δ_S*_BKS=+0.51%  no_improve=14
19:13:27 | i 76 | [HAOS ROLL] k=12  λ=0.4  rb  ac_complete  filo2  P≈0.001578
19:13:27 | i 76 | [Phase 1/3] decompose  0.37s / — / —  λ=0.4  rb ac_complete
19:13:58 | i 76 | [Phase 2/3] route  31.11s / 21.48s / 144.8%  filo2  k=12
19:14:51 | i 75 | [ ASYNC BG] bg_ails  84.46s / 81.98s / 103.0%
19:14:51 | i 76 | [HAOS ROLL] k=12  λ=0.4  rb  ac_complete  filo2  P≈0.001578
19:14:51 | i 76 | [ Summary ] cost=73673.00  Δ_S*=+0.06%  Δ_BKS=+0.57%  Δ_S*_BKS=+0.51%  no_improve=16
19:14:51 | i 63 | [ASYNC 1/2] sp_sc  472.27s / 720.00s / 65.6%  SP  avg_coverage=109.53/5  pool=7264
19:14:51 | i 63 | [ASYNC 2/2] standard_ails  363.13s / 360.00s / 100.9%
19:15:19 | i 77 | [HAOS ROLL] k=2  λ=0.8  rb  kmeans  filo2  P≈0.003131
19:15:19 | i 77 | [Phase 1/3] decompose  0.39s / — / —  λ=0.8  rb kmeans
19:16:38 | i 77 | [Phase 2/3] route  79.16s / 79.32s / 99.8%  filo2  k=2
19:16:38 | i 76 | [ ASYNC BG] bg_ails  63.49s / 60.00s / 105.8%
19:16:38 | i 77 | [HAOS ROLL] k=2  λ=0.8  rb  kmeans  filo2  P≈0.003131
19:16:38 | i 77 | [ Summary ] cost=73963.00  Δ_S*=+0.46%  Δ_BKS=+0.97%  Δ_S*_BKS=+0.51%  no_improve=19
19:16:38 | i 78 | [HAOS ROLL] k=4  λ=1.0  rb  ac_avg  pyvrp  P≈0.003441
19:16:39 | i 78 | [Phase 1/3] decompose  0.38s / — / —  λ=1.0  rb ac_avg
19:17:32 | i 78 | [Phase 2/3] route  53.07s / 50.94s / 104.2%  pyvrp  k=4
19:17:59 | i 77 | [ ASYNC BG] bg_ails  80.51s / 77.42s / 104.0%
19:17:59 | i 78 | [HAOS ROLL] k=4  λ=1.0  rb  ac_avg  pyvrp  P≈0.003441
19:17:59 | i 78 | [ Summary ] cost=74352.00  Δ_S*=+0.98%  Δ_BKS=+1.50%  Δ_S*_BKS=+0.51%  no_improve=21
19:17:59 | i 79 | [HAOS ROLL] k=8  λ=0.8  vb  kmedoids  filo2  P≈0.000341
19:17:59 | i 79 | [Phase 1/3] decompose  0.63s / — / —  λ=0.8  vb kmedoids
19:18:37 | i 79 | [Phase 2/3] route  37.11s / 24.06s / 154.3%  filo2  k=8
19:19:02 | i 78 | [ ASYNC BG] bg_ails  63.52s / 60.00s / 105.9%
19:19:02 | i 79 | [HAOS ROLL] k=8  λ=0.8  vb  kmedoids  filo2  P≈0.000341
19:19:02 | i 79 | [ Summary ] cost=76312.00  Δ_S*=+3.65%  Δ_BKS=+4.17%  Δ_S*_BKS=+0.51%  no_improve=23
19:19:02 | i 80 | [HAOS ROLL] k=2  λ=0.8  rb  kmeans  filo2  P≈0.004419
19:19:03 | i 80 | [Phase 1/3] decompose  0.38s / — / —  λ=0.8  rb kmeans
19:20:25 | i 80 | [Phase 2/3] route  82.17s / 82.14s / 100.0%  filo2  k=2
19:20:25 | i 79 | [ ASYNC BG] bg_ails  63.46s / 60.00s / 105.8%
19:20:25 | i 80 | [HAOS ROLL] k=2  λ=0.8  rb  kmeans  filo2  P≈0.004419
19:20:25 | i 80 | [ Summary ] cost=73716.00  Δ_S*=+0.12%  Δ_BKS=+0.63%  Δ_S*_BKS=+0.51%  no_improve=25
19:20:25 | i 81 | [HAOS ROLL] k=10  λ=0.0  rb  ac_avg  filo  P≈0.001456
19:20:26 | i 81 | [Phase 1/3] decompose  0.29s / — / —  λ=0.0  rb ac_avg
19:20:57 | i 81 | [Phase 2/3] route  31.12s / 21.60s / 144.1%  filo  k=10
19:21:49 | i 80 | [ ASYNC BG] bg_ails  83.66s / 80.17s / 104.4%
19:21:49 | i 81 | [HAOS ROLL] k=10  λ=0.0  rb  ac_avg  filo  P≈0.001456
19:21:49 | i 81 | [ Summary ] cost=73844.00  Δ_S*=+0.29%  Δ_BKS=+0.81%  Δ_S*_BKS=+0.51%  no_improve=27
19:21:49 | i 82 | [HAOS ROLL] k=10  λ=0.4  rb  kmeans  filo  P≈0.000820
19:21:49 | i 82 | [Phase 1/3] decompose  0.39s / — / —  λ=0.4  rb kmeans
19:22:20 | i 82 | [Phase 2/3] route  31.12s / 19.20s / 162.1%  filo  k=10
19:22:52 | i 81 | [ ASYNC BG] bg_ails  63.55s / 60.00s / 105.9%
19:22:52 | i 82 | [HAOS ROLL] k=10  λ=0.4  rb  kmeans  filo  P≈0.000820
19:22:52 | i 82 | [ Summary ] cost=73991.00  Δ_S*=+0.49%  Δ_BKS=+1.01%  Δ_S*_BKS=+0.51%  no_improve=29
19:22:52 | i 83 | [HAOS ROLL] k=8  λ=0.6  rb  kmeans  filo2  P≈0.001480
19:22:53 | i 83 | [Phase 1/3] decompose  0.42s / — / —  λ=0.6  rb kmeans
19:23:29 | i 83 | [Phase 2/3] route  36.12s / 29.28s / 123.4%  filo2  k=8
19:23:56 | i 82 | [ ASYNC BG] bg_ails  63.87s / 60.00s / 106.4%
19:23:56 | i 83 | [HAOS ROLL] k=8  λ=0.6  rb  kmeans  filo2  P≈0.001480
19:23:56 | i 83 | [ Summary ] cost=73967.00  Δ_S*=+0.46%  Δ_BKS=+0.97%  Δ_S*_BKS=+0.51%  no_improve=31
19:23:56 | i 84 | [HAOS ROLL] k=4  λ=0.4  rb  kmeans  filo2  P≈0.006545
19:23:57 | i 84 | [Phase 1/3] decompose  0.41s / — / —  λ=0.4  rb kmeans
19:24:41 | i 84 | [Phase 2/3] route  44.13s / 43.74s / 100.9%  filo2  k=4
19:25:00 | i 83 | [ ASYNC BG] bg_ails  63.65s / 60.00s / 106.1%
19:25:00 | i 84 | [HAOS ROLL] k=4  λ=0.4  rb  kmeans  filo2  P≈0.006545
19:25:00 | i 84 | [ Summary ] cost=73899.00  Δ_S*=+0.37%  Δ_BKS=+0.88%  Δ_S*_BKS=+0.51%  no_improve=33
19:25:00 | i 85 | [HAOS ROLL] k=10  λ=0.2  rb  ac_complete  filo2  P≈0.001279
19:25:00 | i 85 | [Phase 1/3] decompose  0.39s / — / —  λ=0.2  rb ac_complete
19:25:33 | i 85 | [Phase 2/3] route  33.12s / 21.60s / 153.4%  filo2  k=10
19:26:03 | i 84 | [ ASYNC BG] bg_ails  63.63s / 60.00s / 106.1%
19:26:03 | i 85 | [HAOS ROLL] k=10  λ=0.2  rb  ac_complete  filo2  P≈0.001279
19:26:04 | i 85 | [ Summary ] cost=73779.00  Δ_S*=+0.21%  Δ_BKS=+0.72%  Δ_S*_BKS=+0.51%  no_improve=35
19:26:04 | i 86 | [HAOS ROLL] k=3  λ=0.4  rb  ac_complete  filo  P≈0.000746
19:26:04 | i 86 | [Phase 1/3] decompose  0.39s / — / —  λ=0.4  rb ac_complete
19:27:06 | i 86 | [Phase 2/3] route  62.13s / 61.92s / 100.3%  filo  k=3
19:27:07 | i 85 | [ ASYNC BG] bg_ails  63.66s / 60.00s / 106.1%
19:27:07 | i 86 | [HAOS ROLL] k=3  λ=0.4  rb  ac_complete  filo  P≈0.000746
19:27:07 | i 86 | [ Summary ] cost=73932.00  Δ_S*=+0.41%  Δ_BKS=+0.93%  Δ_S*_BKS=+0.51%  no_improve=37
19:27:07 | i 87 | [HAOS ROLL] k=12  λ=0.6  rb  ac_complete  pyvrp  P≈0.000334
19:27:08 | i 87 | [Phase 1/3] decompose  0.40s / — / —  λ=0.6  rb ac_complete
19:27:39 | i 87 | [Phase 2/3] route  31.84s / 21.48s / 148.2%  pyvrp  k=12
19:28:11 | i 86 | [ ASYNC BG] bg_ails  63.75s / 60.43s / 105.5%
19:28:11 | i 87 | [HAOS ROLL] k=12  λ=0.6  rb  ac_complete  pyvrp  P≈0.000334
19:28:11 | i 87 | [ Summary ] cost=74075.00  Δ_S*=+0.61%  Δ_BKS=+1.12%  Δ_S*_BKS=+0.51%  no_improve=39
19:28:11 | i 88 | [HAOS ROLL] k=10  λ=0.2  rb  ac_complete  pyvrp  P≈0.001218
19:28:11 | i 88 | [Phase 1/3] decompose  0.40s / — / —  λ=0.2  rb ac_complete
19:28:45 | i 88 | [Phase 2/3] route  33.98s / 21.60s / 157.3%  pyvrp  k=10
19:29:15 | i 87 | [ ASYNC BG] bg_ails  63.78s / 60.00s / 106.3%
19:29:15 | i 88 | [HAOS ROLL] k=10  λ=0.2  rb  ac_complete  pyvrp  P≈0.001218
19:29:15 | i 88 | [ Summary ] cost=74297.00  Δ_S*=+0.91%  Δ_BKS=+1.42%  Δ_S*_BKS=+0.51%  no_improve=41
19:29:15 | i 89 | [HAOS ROLL] k=4  λ=0.8  rb  kmeans  filo2  P≈0.008698
19:29:15 | i 89 | [Phase 1/3] decompose  0.39s / — / —  λ=0.8  rb kmeans
19:29:57 | i 89 | [Phase 2/3] route  42.10s / 41.82s / 100.7%  filo2  k=4
19:30:18 | i 88 | [ ASYNC BG] bg_ails  63.75s / 60.00s / 106.2%
19:30:19 | i 89 | [HAOS ROLL] k=4  λ=0.8  rb  kmeans  filo2  P≈0.008698
19:30:19 | i 89 | [ Summary ] cost=73866.00  Δ_S*=+0.32%  Δ_BKS=+0.84%  Δ_S*_BKS=+0.51%  no_improve=43
19:30:19 | i 90 | [HAOS ROLL] k=10  λ=0.4  rb  ac_complete  filo2  P≈0.006804
19:30:19 | i 90 | [Phase 1/3] decompose  0.38s / — / —  λ=0.4  rb ac_complete
19:30:52 | i 90 | [Phase 2/3] route  33.12s / 21.60s / 153.3%  filo2  k=10
19:31:22 | i 89 | [ ASYNC BG] bg_ails  63.72s / 60.00s / 106.2%
19:31:22 | i 90 | [HAOS ROLL] k=10  λ=0.4  rb  ac_complete  filo2  P≈0.006804
19:31:23 | i 90 | [ Summary ] cost=73718.00  Δ_S*=+0.12%  Δ_BKS=+0.63%  Δ_S*_BKS=+0.51%  no_improve=45
19:31:23 | i 91 | [HAOS ROLL] k=6  λ=0.2  rb  ac_complete  filo  P≈0.000841
19:31:23 | i 91 | [Phase 1/3] decompose  0.38s / — / —  λ=0.2  rb ac_complete
19:32:03 | i 91 | [Phase 2/3] route  40.14s / 40.32s / 99.5%  filo  k=6
19:32:26 | i 90 | [ ASYNC BG] bg_ails  63.59s / 60.00s / 106.0%
19:32:26 | i 91 | [HAOS ROLL] k=6  λ=0.2  rb  ac_complete  filo  P≈0.000841
19:32:26 | i 91 | [ Summary ] cost=74023.00  Δ_S*=+0.54%  Δ_BKS=+1.05%  Δ_S*_BKS=+0.51%  no_improve=47
19:32:26 | i 92 | [HAOS ROLL] k=12  λ=0.2  rb  kmeans  filo2  P≈0.002790
19:32:27 | i 92 | [Phase 1/3] decompose  0.39s / — / —  λ=0.2  rb kmeans
19:32:55 | i 92 | [Phase 2/3] route  28.12s / 16.92s / 166.2%  filo2  k=12
19:33:29 | i 91 | [ ASYNC BG] bg_ails  63.73s / 60.00s / 106.2%
19:33:30 | i 92 | [HAOS ROLL] k=12  λ=0.2  rb  kmeans  filo2  P≈0.002790
19:33:30 | i 92 | [ Summary ] cost=73816.00  Δ_S*=+0.26%  Δ_BKS=+0.77%  Δ_S*_BKS=+0.51%  no_improve=49
19:33:30 | i 93 | [HAOS ROLL] k=12  λ=0.0  rb  kmeans  ails2  P≈0.000691
19:33:30 | i 93 | [Phase 1/3] decompose  0.29s / — / —  λ=0.0  rb kmeans
19:33:59 | i 93 | [Phase 2/3] route  28.71s / 16.80s / 170.9%  ails2  k=12
19:34:33 | i 92 | [ ASYNC BG] bg_ails  63.71s / 60.00s / 106.2%
19:34:33 | i 93 | [HAOS ROLL] k=12  λ=0.0  rb  kmeans  ails2  P≈0.000691
19:34:34 | i 93 | [ Summary ] cost=73735.00  Δ_S*=+0.15%  Δ_BKS=+0.66%  Δ_S*_BKS=+0.51%  no_improve=51
19:34:34 | i 94 | [HAOS ROLL] k=12  λ=0.2  rb  kmeans  filo2  P≈0.008072
19:34:34 | i 94 | [Phase 1/3] decompose  0.38s / — / —  λ=0.2  rb kmeans
19:35:02 | i 94 | [Phase 2/3] route  28.12s / 16.50s / 170.4%  filo2  k=12
19:35:37 | i 93 | [ ASYNC BG] bg_ails  63.50s / 60.00s / 105.8%
19:35:37 | i 94 | [HAOS ROLL] k=12  λ=0.2  rb  kmeans  filo2  P≈0.008072
19:35:37 | i 94 | [ Summary ] cost=73715.00  Δ_S*=+0.12%  Δ_BKS=+0.63%  Δ_S*_BKS=+0.51%  no_improve=53
19:35:37 | i 95 | [HAOS ROLL] k=8  λ=0.2  rb  kmeans  filo2  P≈0.004201
19:35:37 | i 95 | [Phase 1/3] decompose  0.38s / — / —  λ=0.2  rb kmeans
19:36:07 | i 95 | [Phase 2/3] route  29.12s / 29.28s / 99.5%  filo2  k=8
19:36:40 | i 94 | [ ASYNC BG] bg_ails  63.71s / 60.00s / 106.2%
19:36:41 | i 95 | [HAOS ROLL] k=8  λ=0.2  rb  kmeans  filo2  P≈0.004201
19:36:41 | i 95 | [ Summary ] cost=73879.00  Δ_S*=+0.34%  Δ_BKS=+0.85%  Δ_S*_BKS=+0.51%  no_improve=55
19:36:41 | i 96 | [HAOS ROLL] k=2  λ=1.0  rb  ac_complete  filo2  P≈0.001242
19:36:41 | i 96 | [Phase 1/3] decompose  0.37s / — / —  λ=1.0  rb ac_complete
19:38:14 | i 96 | [Phase 2/3] route  93.19s / 93.24s / 99.9%  filo2  k=2
19:38:14 | i 95 | [ ASYNC BG] bg_ails  63.49s / 60.00s / 105.8%
19:38:15 | i 96 | [HAOS ROLL] k=2  λ=1.0  rb  ac_complete  filo2  P≈0.001242
19:38:15 | i 96 | [ Summary ] cost=73824.00  Δ_S*=+0.27%  Δ_BKS=+0.78%  Δ_S*_BKS=+0.51%  no_improve=57
19:38:15 | i 97 | [HAOS ROLL] k=8  λ=0.2  rb  kmeans  filo  P≈0.001795
19:38:15 | i 97 | [Phase 1/3] decompose  0.40s / — / —  λ=0.2  rb kmeans
19:38:48 | i 97 | [Phase 2/3] route  33.12s / 29.16s / 113.6%  filo  k=8
19:39:49 | i 96 | [ ASYNC BG] bg_ails  94.46s / 91.00s / 103.8%
19:39:49 | i 97 | [HAOS ROLL] k=8  λ=0.2  rb  kmeans  filo  P≈0.001795
19:39:49 | i 97 | [ Summary ] cost=73810.00  Δ_S*=+0.25%  Δ_BKS=+0.76%  Δ_S*_BKS=+0.51%  no_improve=59
19:39:49 | i 80 | [ASYNC 1/2] sp_sc  752.87s / 720.00s / 104.6%  SP  avg_coverage=138.14/5  pool=9161
19:39:49 | i 80 | [ASYNC 2/2] standard_ails  363.03s / 360.00s / 100.8%
19:40:25 | i 98 | [HAOS ROLL] k=4  λ=0.0  rb  kmeans  filo2  P≈0.007472
19:40:26 | i 98 | [Phase 1/3] decompose  0.41s / — / —  λ=0.0  rb kmeans
19:41:10 | i 98 | [Phase 2/3] route  44.12s / 43.74s / 100.9%  filo2  k=4
19:41:10 | i 97 | [ ASYNC BG] bg_ails  63.45s / 60.00s / 105.7%
19:41:10 | i 98 | [HAOS ROLL] k=4  λ=0.0  rb  kmeans  filo2  P≈0.007472
19:41:10 | i 98 | [ Summary ] cost=73869.00  Δ_S*=+0.33%  Δ_BKS=+0.84%  Δ_S*_BKS=+0.51%  no_improve=62
19:41:10 | i 99 | [HAOS ROLL] k=10  λ=1.0  rb  kmeans  filo2  P≈0.004912
19:41:11 | i 99 | [Phase 1/3] decompose  0.38s / — / —  λ=1.0  rb kmeans
19:41:47 | i 99 | [Phase 2/3] route  36.13s / 18.96s / 190.6%  filo2  k=10
19:42:13 | i 98 | [ ASYNC BG] bg_ails  63.44s / 60.00s / 105.7%
19:42:14 | i 99 | [HAOS ROLL] k=10  λ=1.0  rb  kmeans  filo2  P≈0.004912
19:42:14 | i 99 | [ Summary ] cost=73829.00  Δ_S*=+0.27%  Δ_BKS=+0.78%  Δ_S*_BKS=+0.51%  no_improve=64
19:42:14 | i 100 | [HAOS ROLL] k=3  λ=0.0  rb  kmeans  filo  P≈0.001661
19:42:14 | i 100 | [Phase 1/3] decompose  0.29s / — / —  λ=0.0  rb kmeans
19:43:11 | i 100 | [Phase 2/3] route  57.12s / 56.58s / 101.0%  filo  k=3
19:43:17 | i 99 | [ ASYNC BG] bg_ails  63.55s / 60.00s / 105.9%
19:43:17 | i 100 | [HAOS ROLL] k=3  λ=0.0  rb  kmeans  filo  P≈0.001661
19:43:17 | i 100 | [ Summary ] cost=73827.00  Δ_S*=+0.27%  Δ_BKS=+0.78%  Δ_S*_BKS=+0.51%  no_improve=66
19:43:17 | i 101 | [HAOS ROLL] k=2  λ=0.2  rb  kmeans  filo  P≈0.002653
19:43:18 | i 101 | [Phase 1/3] decompose  0.39s / — / —  λ=0.2  rb kmeans
19:44:40 | i 101 | [Phase 2/3] route  82.18s / 82.14s / 100.0%  filo  k=2
19:44:40 | i 100 | [ ASYNC BG] bg_ails  63.54s / 60.00s / 105.9%
19:44:40 | i 101 | [HAOS ROLL] k=2  λ=0.2  rb  kmeans  filo  P≈0.002653
19:44:40 | i 101 | [ Summary ] cost=73918.00  Δ_S*=+0.40%  Δ_BKS=+0.91%  Δ_S*_BKS=+0.51%  no_improve=68
19:44:40 | i 102 | [HAOS ROLL] k=4  λ=0.0  rb  kmeans  filo2  P≈0.014130
19:44:41 | i 102 | [Phase 1/3] decompose  0.29s / — / —  λ=0.0  rb kmeans
19:45:23 | i 102 | [Phase 2/3] route  42.13s / 41.82s / 100.7%  filo2  k=4
19:46:04 | i 101 | [ ASYNC BG] bg_ails  83.59s / 80.17s / 104.3%
19:46:04 | i 102 | [HAOS ROLL] k=4  λ=0.0  rb  kmeans  filo2  P≈0.014130
19:46:04 | i 102 | [ Summary ] cost=73826.00  Δ_S*=+0.27%  Δ_BKS=+0.78%  Δ_S*_BKS=+0.51%  no_improve=70
19:46:04 | i 103 | [HAOS ROLL] k=6  λ=0.2  rb  ac_complete  filo  P≈0.001691
19:46:04 | i 103 | [Phase 1/3] decompose  0.39s / — / —  λ=0.2  rb ac_complete
19:46:45 | i 103 | [Phase 2/3] route  40.14s / 40.32s / 99.6%  filo  k=6
19:47:07 | i 102 | [ ASYNC BG] bg_ails  63.45s / 60.00s / 105.8%
19:47:07 | i 103 | [HAOS ROLL] k=6  λ=0.2  rb  ac_complete  filo  P≈0.001691
19:47:08 | i 103 | [ Summary ] cost=73955.00  Δ_S*=+0.45%  Δ_BKS=+0.96%  Δ_S*_BKS=+0.51%  no_improve=72
19:47:08 | i 104 | [HAOS ROLL] k=3  λ=0.2  rb  kmeans  filo  P≈0.004267
19:47:08 | i 104 | [Phase 1/3] decompose  0.38s / — / —  λ=0.2  rb kmeans
19:48:09 | i 104 | [Phase 2/3] route  61.15s / 60.60s / 100.9%  filo  k=3
19:48:11 | i 103 | [ ASYNC BG] bg_ails  63.56s / 60.00s / 105.9%
19:48:11 | i 104 | [HAOS ROLL] k=3  λ=0.2  rb  kmeans  filo  P≈0.004267
19:48:11 | i 104 | [ Summary ] cost=73977.00  Δ_S*=+0.48%  Δ_BKS=+0.99%  Δ_S*_BKS=+0.51%  no_improve=74
19:48:11 | i 105 | [HAOS ROLL] k=8  λ=0.2  rb  ac_avg  filo2  P≈0.001669
19:48:11 | i 105 | [Phase 1/3] decompose  0.38s / — / —  λ=0.2  rb ac_avg
19:48:44 | i 105 | [Phase 2/3] route  32.14s / 31.56s / 101.8%  filo2  k=8
19:49:14 | i 104 | [ ASYNC BG] bg_ails  63.62s / 60.00s / 106.0%
19:49:15 | i 105 | [HAOS ROLL] k=8  λ=0.2  rb  ac_avg  filo2  P≈0.001669
19:49:15 | i 105 | [ Summary ] cost=73744.00  Δ_S*=+0.16%  Δ_BKS=+0.67%  Δ_S*_BKS=+0.51%  no_improve=76
19:49:15 | i 106 | [HAOS ROLL] k=4  λ=0.0  rb  ac_avg  filo2  P≈0.003055
19:49:15 | i 106 | [Phase 1/3] decompose  0.29s / — / —  λ=0.0  rb ac_avg
19:50:06 | i 106 | [Phase 2/3] route  51.12s / 50.94s / 100.4%  filo2  k=4
19:50:18 | i 105 | [ ASYNC BG] bg_ails  63.54s / 60.00s / 105.9%
19:50:18 | i 106 | [HAOS ROLL] k=4  λ=0.0  rb  ac_avg  filo2  P≈0.003055
19:50:18 | i 106 | [ Summary ] cost=73752.00  Δ_S*=+0.17%  Δ_BKS=+0.68%  Δ_S*_BKS=+0.51%  no_improve=78
19:50:18 | i 107 | [HAOS ROLL] k=2  λ=0.4  rb  ac_avg  filo2  P≈0.001153
19:50:19 | i 107 | [Phase 1/3] decompose  0.38s / — / —  λ=0.4  rb ac_avg
19:51:42 | i 107 | [Phase 2/3] route  83.15s / 82.62s / 100.6%  filo2  k=2
19:51:42 | i 107 | [HAOS ROLL] k=2  λ=0.4  rb  ac_avg  filo2  P≈0.001153
19:51:42 | i 107 | [ Summary ] cost=73683.00  Δ_S*=+0.08%  Δ_BKS=+0.59%  Δ_S*_BKS=+0.51%  no_improve=79
19:51:42 | i — | [  FINAL  ] async BG-AILS totals launched=105 applied=105 adopted=5 launch_skipped_cap=2 crashes=0 discarded_in_flight=False block_wait_total_s=2368.2
19:52:12 | i — | [  FINAL  ] async SP/SC totals invocations=6 adopted=3 skipped=0 discarded_in_flight=True sp_busy_frac=0.5653340795756079
19:52:12 | i — | [  FINAL  ] ════════════════════════════════════════
19:52:12 | i — | [  FINAL  ] Run complete  iterations=107  elapsed=02:01:00  best=73627.00
19:52:12 | i — | [  FINAL  ] Δ_BKS=+0.51%  no_improve_stop=False  time_stop=True  cancelled=False
19:52:12 | i — | [  FINAL  ] 
19:52:12 | i — | [  FINAL  ] [BEST SOLUTION — HAOS TAG SUMMARY]
19:52:12 | i — | [  FINAL  ] ────────────────────────────────────────
19:52:12 | i — | [  FINAL  ]   19 routes  rb  kmeans  k=10  λ=0.0  solver=ails2
19:52:12 | i — | [  FINAL  ]   4 routes  rb  kmeans  k=12  λ=0.0  solver=pyvrp
19:52:12 | i — | [  FINAL  ]   2 routes  rb  ac_avg  k=12  λ=0.2  solver=filo
19:52:12 | i — | [  FINAL  ]   1 routes  rb  ac_complete  k=4  λ=0.8  solver=filo2
19:52:12 | i — | [  FINAL  ]   1 routes  rb  ac_complete  k=4  λ=0.0  solver=filo
19:52:12 | i — | [  FINAL  ]   1 routes  rb  ac_complete  k=6  λ=0.0  solver=pyvrp
19:52:12 | i — | [  FINAL  ]   1 routes  vb  ac_avg  k=4  λ=0.0  solver=filo2
19:52:12 | i — | [  FINAL  ]   1 routes  rb  kmeans  k=10  λ=0.4  solver=filo2
19:52:12 | i — | [  FINAL  ]   1 routes  rb  ac_avg  k=8  λ=0.6  solver=pyvrp
19:52:12 | i — | [  FINAL  ]   1 routes  rb  ac_avg  k=4  λ=0.8  solver=filo2
19:52:12 | i — | [  FINAL  ]   34 routes  post-SP/SC improvement
19:52:12 | i — | [  FINAL  ] 
19:52:12 | i — | [  FINAL  ] [ROUTE POOL — HAOS TAG SUMMARY]
19:52:12 | i — | [  FINAL  ] ────────────────────────────────────────
19:52:12 | i — | [  FINAL  ]   271 routes  rb  ac_complete  k=4  λ=0.8  solver=filo2
19:52:12 | i — | [  FINAL  ]   253 routes  rb  ac_avg  k=4  λ=0.8  solver=filo2
19:52:12 | i — | [  FINAL  ]   241 routes  vb  kmeans  k=6  λ=0.6  solver=filo
19:52:12 | i — | [  FINAL  ]   236 routes  rb  kmeans  k=4  λ=0.0  solver=filo2
19:52:12 | i — | [  FINAL  ]   222 routes  rb  ac_avg  k=4  λ=0.0  solver=filo2
19:52:12 | i — | [  FINAL  ]   216 routes  rb  kmeans  k=3  λ=0.0  solver=filo
19:52:12 | i — | [  FINAL  ]   215 routes  rb  kmeans  k=4  λ=0.0  solver=pyvrp
19:52:12 | i — | [  FINAL  ]   191 routes  rb  ac_complete  k=6  λ=0.2  solver=filo
19:52:12 | i — | [  FINAL  ]   188 routes  rb  kmeans  k=2  λ=0.8  solver=filo2
19:52:12 | i — | [  FINAL  ]   182 routes  rb  kmeans  k=12  λ=0.0  solver=pyvrp
19:52:12 | i — | [  FINAL  ]   182 routes  rb  ac_avg  k=10  λ=0.0  solver=filo
19:52:12 | i — | [  FINAL  ]   179 routes  rb  kmeans  k=10  λ=0.6  solver=filo
19:52:12 | i — | [  FINAL  ]   124 routes  vb  kmeans  k=12  λ=0.8  solver=filo
19:52:12 | i — | [  FINAL  ]   124 routes  vb  kmedoids  k=8  λ=0.8  solver=filo2
19:52:12 | i — | [  FINAL  ]   123 routes  vb  fcm  k=12  λ=0.8  solver=filo2
19:52:12 | i — | [  FINAL  ]   123 routes  vb  kmedoids  k=8  λ=1.0  solver=filo
19:52:12 | i — | [  FINAL  ]   121 routes  vb  kmeans  k=10  λ=0.6  solver=ails2
19:52:12 | i — | [  FINAL  ]   121 routes  vb  ac_complete  k=6  λ=0.4  solver=pyvrp
19:52:12 | i — | [  FINAL  ]   120 routes  vb  ac_avg  k=3  λ=0.6  solver=filo
19:52:12 | i — | [  FINAL  ]   119 routes  rb  ac_avg  k=2  λ=0.4  solver=pyvrp
19:52:12 | i — | [  FINAL  ]   119 routes  vb  ac_avg  k=10  λ=0.6  solver=filo2
19:52:12 | i — | [  FINAL  ]   119 routes  vb  kmeans  k=6  λ=1.0  solver=ails2
19:52:12 | i — | [  FINAL  ]   118 routes  rb  kmeans  k=3  λ=0.2  solver=filo
19:52:12 | i — | [  FINAL  ]   117 routes  vb  ac_avg  k=6  λ=0.2  solver=filo
19:52:12 | i — | [  FINAL  ]   116 routes  rb  kmeans  k=6  λ=0.0  solver=pyvrp
19:52:12 | i — | [  FINAL  ]   116 routes  vb  ac_avg  k=10  λ=1.0  solver=pyvrp
19:52:12 | i — | [  FINAL  ]   116 routes  rb  ac_complete  k=6  λ=0.0  solver=pyvrp
19:52:12 | i — | [  FINAL  ]   116 routes  vb  fcm  k=8  λ=1.0  solver=filo2
19:52:12 | i — | [  FINAL  ]   114 routes  rb  kmeans  k=12  λ=0.2  solver=filo2
19:52:12 | i — | [  FINAL  ]   113 routes  rb  kmeans  k=2  λ=0.2  solver=filo
19:52:12 | i — | [  FINAL  ]   111 routes  rb  ac_avg  k=3  λ=0.6  solver=pyvrp
19:52:12 | i — | [  FINAL  ]   109 routes  rb  ac_avg  k=8  λ=0.0  solver=pyvrp
19:52:12 | i — | [  FINAL  ]   109 routes  rb  ac_avg  k=2  λ=0.0  solver=filo
19:52:12 | i — | [  FINAL  ]   107 routes  vb  ac_avg  k=3  λ=0.6  solver=filo2
19:52:12 | i — | [  FINAL  ]   105 routes  vb  kmeans  k=4  λ=1.0  solver=filo
19:52:12 | i — | [  FINAL  ]   104 routes  vb  ac_avg  k=4  λ=0.4  solver=filo2
19:52:12 | i — | [  FINAL  ]   104 routes  vb  ac_avg  k=4  λ=0.0  solver=filo2
19:52:12 | i — | [  FINAL  ]   104 routes  rb  ac_avg  k=4  λ=1.0  solver=pyvrp
19:52:12 | i — | [  FINAL  ]   103 routes  rb  kmeans  k=6  λ=0.6  solver=filo
19:52:12 | i — | [  FINAL  ]   103 routes  vb  fcm  k=4  λ=0.4  solver=filo2
19:52:12 | i — | [  FINAL  ]   103 routes  rb  kmeans  k=6  λ=0.4  solver=ails2
19:52:12 | i — | [  FINAL  ]   102 routes  vb  ac_avg  k=10  λ=1.0  solver=filo2
19:52:12 | i — | [  FINAL  ]   100 routes  rb  kmeans  k=4  λ=0.4  solver=filo2
19:52:12 | i — | [  FINAL  ]   99 routes  rb  ac_complete  k=4  λ=0.2  solver=ails2
19:52:12 | i — | [  FINAL  ]   99 routes  rb  kmeans  k=6  λ=0.2  solver=filo
19:52:12 | i — | [  FINAL  ]   98 routes  rb  ac_avg  k=6  λ=0.4  solver=pyvrp
19:52:12 | i — | [  FINAL  ]   98 routes  rb  kmeans  k=4  λ=0.0  solver=ails2
19:52:12 | i — | [  FINAL  ]   97 routes  rb  ac_avg  k=4  λ=0.4  solver=pyvrp
19:52:12 | i — | [  FINAL  ]   97 routes  rb  ac_complete  k=6  λ=0.4  solver=pyvrp
19:52:12 | i — | [  FINAL  ]   96 routes  rb  ac_complete  k=4  λ=0.0  solver=filo
19:52:12 | i — | [  FINAL  ]   94 routes  rb  ac_avg  k=8  λ=0.6  solver=pyvrp
19:52:12 | i — | [  FINAL  ]   94 routes  rb  ac_complete  k=4  λ=0.6  solver=ails2
19:52:12 | i — | [  FINAL  ]   94 routes  rb  kmeans  k=4  λ=0.8  solver=filo2
19:52:12 | i — | [  FINAL  ]   93 routes  rb  kmeans  k=10  λ=0.2  solver=filo
19:52:12 | i — | [  FINAL  ]   93 routes  rb  ac_complete  k=8  λ=0.0  solver=pyvrp
19:52:12 | i — | [  FINAL  ]   92 routes  rb  ac_avg  k=4  λ=1.0  solver=filo2
19:52:12 | i — | [  FINAL  ]   90 routes  rb  kmeans  k=6  λ=1.0  solver=filo
19:52:12 | i — | [  FINAL  ]   89 routes  rb  kmeans  k=8  λ=0.6  solver=filo
19:52:12 | i — | [  FINAL  ]   89 routes  rb  ac_complete  k=10  λ=0.8  solver=pyvrp
19:52:12 | i — | [  FINAL  ]   89 routes  rb  kmeans  k=6  λ=0.4  solver=pyvrp
19:52:12 | i — | [  FINAL  ]   88 routes  rb  kmeans  k=2  λ=0.0  solver=filo2
19:52:12 | i — | [  FINAL  ]   88 routes  rb  kmeans  k=8  λ=0.2  solver=filo
19:52:12 | i — | [  FINAL  ]   87 routes  rb  ac_avg  k=4  λ=1.0  solver=ails2
19:52:12 | i — | [  FINAL  ]   86 routes  rb  kmeans  k=10  λ=0.4  solver=filo2
19:52:12 | i — | [  FINAL  ]   85 routes  rb  ac_complete  k=8  λ=0.8  solver=filo
19:52:12 | i — | [  FINAL  ]   85 routes  rb  kmeans  k=8  λ=1.0  solver=filo2
19:52:12 | i — | [  FINAL  ]   85 routes  rb  ac_complete  k=2  λ=1.0  solver=filo2
19:52:12 | i — | [  FINAL  ]   84 routes  rb  ac_complete  k=2  λ=0.0  solver=filo2
19:52:12 | i — | [  FINAL  ]   82 routes  rb  kmeans  k=8  λ=0.4  solver=filo2
19:52:12 | i — | [  FINAL  ]   82 routes  rb  ac_complete  k=3  λ=0.4  solver=filo
19:52:12 | i — | [  FINAL  ]   81 routes  rb  ac_complete  k=10  λ=0.2  solver=pyvrp
19:52:12 | i — | [  FINAL  ]   80 routes  rb  kmeans  k=10  λ=1.0  solver=filo2
19:52:12 | i — | [  FINAL  ]   78 routes  rb  ac_complete  k=10  λ=0.4  solver=filo
19:52:12 | i — | [  FINAL  ]   77 routes  rb  ac_complete  k=12  λ=0.6  solver=pyvrp
19:52:12 | i — | [  FINAL  ]   75 routes  rb  kmeans  k=8  λ=0.6  solver=filo2
19:52:12 | i — | [  FINAL  ]   74 routes  rb  kmeans  k=8  λ=0.2  solver=filo2
19:52:12 | i — | [  FINAL  ]   72 routes  rb  ac_avg  k=8  λ=0.2  solver=filo2
19:52:12 | i — | [  FINAL  ]   71 routes  rb  ac_avg  k=8  λ=0.8  solver=filo
19:52:12 | i — | [  FINAL  ]   69 routes  rb  ac_avg  k=12  λ=0.2  solver=filo
19:52:12 | i — | [  FINAL  ]   68 routes  rb  kmeans  k=10  λ=0.4  solver=filo
19:52:12 | i — | [  FINAL  ]   67 routes  rb  ac_avg  k=12  λ=0.8  solver=pyvrp
19:52:12 | i — | [  FINAL  ]   60 routes  rb  ac_avg  k=12  λ=0.0  solver=filo2
19:52:12 | i — | [  FINAL  ]   59 routes  rb  ac_complete  k=10  λ=0.4  solver=filo2
19:52:12 | i — | [  FINAL  ]   59 routes  rb  kmeans  k=12  λ=0.0  solver=ails2
19:52:12 | i — | [  FINAL  ]   58 routes  rb  kmeans  k=10  λ=0.4  solver=ails2
19:52:12 | i — | [  FINAL  ]   56 routes  rb  ac_avg  k=8  λ=1.0  solver=ails2
19:52:12 | i — | [  FINAL  ]   55 routes  rb  ac_complete  k=12  λ=0.4  solver=filo2
19:52:12 | i — | [  FINAL  ]   52 routes  rb  ac_complete  k=10  λ=0.2  solver=filo2
19:52:12 | i — | [  FINAL  ]   47 routes  rb  kmeans  k=10  λ=0.0  solver=ails2
19:52:12 | i — | [  FINAL  ]   47 routes  rb  ac_avg  k=2  λ=0.4  solver=filo2
19:52:12 | i — | [  FINAL  ]   163 routes  post-SP/SC improvement
19:52:12 | i — | [  FINAL  ] ════════════════════════════════════════
