05:36:16 | i — | [  INIT   ] ════════════════════════════════════════
05:36:16 | i — | [  INIT   ] DRISPI  instance=X-n9571-k55  n=9570  capacity=8773
05:36:16 | i — | [  INIT   ] k domain (computed at init): [2, 3, 4, 6, 8, 10, 12]  k_ext=6  k_min=55  k_ext_bound=route_bound  spacing_rejected=0
05:36:16 | i — | [  INIT   ] ══════════════════════════════════════════════════════
05:36:16 | i — | [  INIT   ] CONFIGURATION
05:36:16 | i — | [  INIT   ] ── stopping ────────────────────────────────
05:36:16 | i — | [  INIT   ]   time_limit                  = 7200.0
05:36:16 | i — | [  INIT   ]   max_no_improve              = 1000000000
05:36:16 | i — | [  INIT   ] ── parallelism ─────────────────────────────
05:36:16 | i — | [  INIT   ]   n_workers                   = 8
05:36:16 | i — | [  INIT   ] ── cores ───────────────────────────────────
05:36:16 | i — | [  INIT   ]   cores_total                 = 8
05:36:16 | i — | [  INIT   ]   cores_dri                   = 6
05:36:16 | i — | [  INIT   ]   cores_bg                    = 1
05:36:16 | i — | [  INIT   ]   cores_sp                    = 1
05:36:16 | i — | [  INIT   ]   cores_cpu_list              = None
05:36:16 | i — | [  INIT   ] ── sp/sc ───────────────────────────────────
05:36:16 | i — | [  INIT   ]   sp_sc_mode                  = async
05:36:16 | i — | [  INIT   ]   sp_sc_trigger               = wallclock
05:36:16 | i — | [  INIT   ]   interval_minutes            = 20.0
05:36:16 | i — | [  INIT   ]   overlap_policy              = skip
05:36:16 | i — | [  INIT   ]   warmup_iterations           = 5
05:36:16 | i — | [  INIT   ]   sp_interval                 = 3
05:36:16 | i — | [  INIT   ]   min_coverage                = 5
05:36:16 | i — | [  INIT   ]   sp_time_limit               = 720.0
05:36:16 | i — | [  INIT   ]   mip_gap                     = 0.00025
05:36:16 | i — | [  INIT   ] ── decomposition ───────────────────────────
05:36:16 | i — | [  INIT   ]   decomp_k_base_arms          = [2, 3, 4, 6, 8, 10, 12]
05:36:16 | i — | [  INIT   ]   decomp_k_max_arms           = 10
05:36:16 | i — | [  INIT   ]   decomp_k_ext_per_1000       = 4
05:36:16 | i — | [  INIT   ]   decomp_k_min_routes_per_cluster= 8
05:36:16 | i — | [  INIT   ]   decomp_k_min_arm_spacing    = 2
05:36:16 | i — | [  INIT   ]   subcluster_rate_s_per_customer= 0.06
05:36:16 | i — | [  INIT   ]   subcluster_floor_s          = 5.0
05:36:16 | i — | [  INIT   ] ── bg_ails ─────────────────────────────────
05:36:16 | i — | [  INIT   ]   bg_ails_mode                = async
05:36:16 | i — | [  INIT   ]   bg_ails_crash_threshold     = 1
05:36:16 | i — | [  INIT   ]   bg_ails_budget_mode         = predicted_dr_wall
05:36:16 | i — | [  INIT   ]   bg_ails_budget_floor_s      = 60.0
05:36:16 | i — | [  INIT   ]   bg_ails_budget_margin       = 1.0
05:36:16 | i — | [  INIT   ]   bg_ails_wall_model_scale    = 0.976
05:36:16 | i — | [  INIT   ]   bg_ails_wall_model_wave_exponent= -0.18
05:36:16 | i — | [  INIT   ]   bg_ails_initial_omega       = 10
05:36:16 | i — | [  INIT   ]   bg_ails_boundary_threshold  = 0.5
05:36:16 | i — | [  INIT   ]   bg_ails_small_cluster_cap   = 20
05:36:16 | i — | [  INIT   ]   bg_ails_small_cluster_alpha = 0.5
05:36:16 | i — | [  INIT   ]   bg_ails_pair_selection      = greedy
05:36:16 | i — | [  INIT   ]   bg_ails_n_chains_mode       = k
05:36:16 | i — | [  INIT   ]   bg_ails_unique_first_routes = True
05:36:16 | i — | [  INIT   ]   bg_ails_boundary_mask_first_ls= True
05:36:16 | i — | [  INIT   ] ── standard_improvement ────────────────────
05:36:16 | i — | [  INIT   ]   standard_improvement_time_limit= 360.0
05:36:16 | i — | [  INIT   ] ── pool ────────────────────────────────────
05:36:16 | i — | [  INIT   ]   max_pool_size               = 10000
05:36:16 | i — | [  INIT   ]   pool_diversity_weight       = 0.5
05:36:16 | i — | [  INIT   ] ── haos ────────────────────────────────────
05:36:16 | i — | [  INIT   ]   haos_decay                  = 0.95
05:36:16 | i — | [  INIT   ]   haos_warmup                 = 10
05:36:16 | i — | [  INIT   ]   haos_starting_weight        = 10.0
05:36:16 | i — | [  INIT   ]   haos_min_weight_k           = 0.025
05:36:16 | i — | [  INIT   ]   haos_min_weight_lambda      = 0.05
05:36:16 | i — | [  INIT   ]   haos_min_weight_paradigm    = 0.1
05:36:16 | i — | [  INIT   ]   haos_min_weight_vertex_method= 0.05
05:36:16 | i — | [  INIT   ]   haos_min_weight_route_method= 0.05
05:36:16 | i — | [  INIT   ]   haos_min_weight_solver      = 0.05
05:36:16 | i — | [  INIT   ]   haos_lambda_demand_values   = [0.0, 0.2, 0.4, 0.6, 0.8, 1.0]
05:36:16 | i — | [  INIT   ]   haos_paradigm_values        = ['vertex', 'route']
05:36:16 | i — | [  INIT   ]   haos_vertex_method_values   = ['kmeans', 'agglomerative_avg', 'agglomerative_complete', 'kmedoids', 'fcm']
05:36:16 | i — | [  INIT   ]   haos_route_method_values    = ['kmeans', 'agglomerative_avg', 'agglomerative_complete']
05:36:16 | i — | [  INIT   ]   haos_solver_values          = ['pyvrp', 'filo', 'filo2', 'ails2']
05:36:16 | i — | [  INIT   ] ── haos_rewards ────────────────────────────
05:36:16 | i — | [  INIT   ]   haos_reward_new_best        = 10.0
05:36:16 | i — | [  INIT   ]   haos_reward_improvement     = 4.0
05:36:16 | i — | [  INIT   ]   haos_reward_no_improvement  = 1.0
05:36:16 | i — | [  INIT   ]   haos_reward_no_solution     = 0.0
05:36:16 | i — | [  INIT   ]   haos_deferred_new_best      = 7.0
05:36:16 | i — | [  INIT   ]   haos_deferred_improvement   = 3.0
05:36:16 | i — | [  INIT   ]   haos_deferred_no_improvement= 0.0
05:36:16 | i — | [  INIT   ] ── seed ────────────────────────────────────
05:36:16 | i — | [  INIT   ]   seed                        = 22
05:36:16 | i — | [  INIT   ] ── output ──────────────────────────────────
05:36:16 | i — | [  INIT   ]   output_dir                  = /app/artifacts/benchmark/X-n9571-k55/seed22
05:36:16 | i — | [  INIT   ]   run_analysis                = False
05:36:16 | i — | [  INIT   ] ══════════════════════════════════════════════════════
05:36:16 | i — | [  INIT   ] BKS=106344.00
05:36:16 | i — | [  INIT   ] ════════════════════════════════════════
05:36:16 | i 1 | [HAOS ROLL] k=6  λ=0.8  vb  fcm  filo2  P≈0.000595
05:36:22 | i 1 | [Phase 1/3] decompose  6.11s / — / —  λ=0.8  vb fcm
05:38:07 | i 1 | [Phase 2/3] route  104.33s / 99.54s / 104.8%  filo2  k=6
05:38:07 | i 1 | [ IMPROVE ] 115883.00  via decompose_route  ·  Δ_BKS=+8.97%
05:38:07 | i 1 | [HAOS ROLL] k=6  λ=0.8  vb  fcm  filo2  P≈0.000595
05:38:07 | i 1 | [ Summary ] cost=115883.00  Δ_S*=+0.00%  Δ_BKS=+8.97%  Δ_S*_BKS=+8.97%  no_improve=0
05:38:07 | i 2 | [HAOS ROLL] k=12  λ=0.4  vb  kmedoids  filo  P≈0.000595
05:38:17 | i 2 | [Phase 1/3] decompose  10.55s / — / —  λ=0.4  vb kmedoids
05:40:05 | i 2 | [Phase 2/3] route  107.23s / 59.10s / 181.4%  filo  k=12
05:40:06 | i 1 | [ IMPROVE ] 111169.00  via bg_ails  ·  Δ_BKS=+4.54%
05:40:06 | i 1 | [ ASYNC BG] bg_ails  118.79s / 97.15s / 122.3%
05:40:06 | i 2 | [HAOS ROLL] k=12  λ=0.4  vb  kmedoids  filo  P≈0.000595
05:40:06 | i 2 | [ Summary ] cost=121052.00  Δ_S*=+8.89%  Δ_BKS=+13.83%  Δ_S*_BKS=+4.54%  no_improve=1
05:40:06 | i 3 | [HAOS ROLL] k=10  λ=0.6  rb  ac_avg  filo  P≈0.000992
05:40:11 | i 3 | [Phase 1/3] decompose  4.98s / — / —  λ=0.6  rb ac_avg
05:42:10 | i 3 | [Phase 2/3] route  119.24s / 97.20s / 122.7%  filo  k=10
05:42:10 | i 2 | [ ASYNC BG] bg_ails  117.40s / 95.89s / 122.4%
05:42:10 | i 3 | [HAOS ROLL] k=10  λ=0.6  rb  ac_avg  filo  P≈0.000992
05:42:10 | i 3 | [ Summary ] cost=112064.00  Δ_S*=+0.81%  Δ_BKS=+5.38%  Δ_S*_BKS=+4.54%  no_improve=3
05:42:10 | i 4 | [HAOS ROLL] k=2  λ=0.0  vb  kmeans  filo2  P≈0.000595
05:42:14 | i 4 | [Phase 1/3] decompose  3.68s / — / —  λ=0.0  vb kmeans
05:47:03 | i 4 | [Phase 2/3] route  289.19s / 287.94s / 100.4%  filo2  k=2
05:47:03 | i 3 | [ IMPROVE ] 110295.00  via bg_ails  ·  Δ_BKS=+3.72%
05:47:03 | i 3 | [ ASYNC BG] bg_ails  162.08s / 140.03s / 115.7%
05:47:03 | i 4 | [HAOS ROLL] k=2  λ=0.0  vb  kmeans  filo2  P≈0.000595
05:47:03 | i 4 | [ Summary ] cost=111707.00  Δ_S*=+1.28%  Δ_BKS=+5.04%  Δ_S*_BKS=+3.72%  no_improve=1
05:47:03 | i 5 | [HAOS ROLL] k=10  λ=0.8  vb  kmedoids  filo2  P≈0.000595
05:47:12 | i 5 | [Phase 1/3] decompose  9.27s / — / —  λ=0.8  vb kmedoids
05:49:12 | i 5 | [Phase 2/3] route  119.24s / 65.70s / 181.5%  filo2  k=10
05:52:05 | i 4 | [ IMPROVE ] 108842.00  via bg_ails  ·  Δ_BKS=+2.35%
05:52:05 | i 4 | [ ASYNC BG] bg_ails  302.35s / 281.03s / 107.6%
05:52:05 | i 5 | [HAOS ROLL] k=10  λ=0.8  vb  kmedoids  filo2  P≈0.000595
05:52:05 | i 5 | [ Summary ] cost=120012.00  Δ_S*=+10.26%  Δ_BKS=+12.85%  Δ_S*_BKS=+2.35%  no_improve=1
05:52:05 | i 6 | [HAOS ROLL] k=8  λ=0.0  vb  kmeans  ails2  P≈0.000595
05:52:09 | i 6 | [Phase 1/3] decompose  3.83s / — / —  λ=0.0  vb kmeans
05:54:30 | i 6 | [Phase 2/3] route  140.29s / 79.20s / 177.1%  ails2  k=8
05:54:30 | i 5 | [ ASYNC BG] bg_ails  137.73s / 113.15s / 121.7%
05:54:30 | i 6 | [HAOS ROLL] k=8  λ=0.0  vb  kmeans  ails2  P≈0.000595
05:54:30 | i 6 | [ Summary ] cost=117068.00  Δ_S*=+7.56%  Δ_BKS=+10.08%  Δ_S*_BKS=+2.35%  no_improve=3
05:54:30 | i 7 | [HAOS ROLL] k=6  λ=0.0  rb  kmeans  filo  P≈0.000992
05:54:33 | i 7 | [Phase 1/3] decompose  3.78s / — / —  λ=0.0  rb kmeans
05:56:45 | i 7 | [Phase 2/3] route  131.38s / 131.40s / 100.0%  filo  k=6
05:57:00 | i 6 | [ ASYNC BG] bg_ails  149.85s / 128.19s / 116.9%
05:57:00 | i 7 | [HAOS ROLL] k=6  λ=0.0  rb  kmeans  filo  P≈0.000992
05:57:00 | i 7 | [ Summary ] cost=110448.00  Δ_S*=+1.48%  Δ_BKS=+3.86%  Δ_S*_BKS=+2.35%  no_improve=5
05:57:00 | i 8 | [HAOS ROLL] k=2  λ=1.0  rb  ac_complete  filo2  P≈0.000992
05:57:04 | i 8 | [Phase 1/3] decompose  4.83s / — / —  λ=1.0  rb ac_complete
06:02:04 | i 8 | [Phase 2/3] route  299.22s / 298.38s / 100.3%  filo2  k=2
06:02:04 | i 7 | [ ASYNC BG] bg_ails  148.75s / 128.25s / 116.0%
06:02:04 | i 8 | [HAOS ROLL] k=2  λ=1.0  rb  ac_complete  filo2  P≈0.000992
06:02:04 | i 8 | [ Summary ] cost=108982.00  Δ_S*=+0.13%  Δ_BKS=+2.48%  Δ_S*_BKS=+2.35%  no_improve=7
06:02:04 | i 6 | [ASYNC 1/2] sp_sc  0.32s / 720.00s / 0.0%  SP  avg_coverage=10.99/5  pool=626
06:02:04 | i 6 | [ASYNC 2/2] standard_ails  376.94s / 360.00s / 104.7%
06:02:05 | i 6 | [ IMPROVE ] 108535.00  via standard_ails  ·  Δ_BKS=+2.06%
06:02:05 | i 9 | [HAOS ROLL] k=2  λ=0.0  rb  kmeans  filo  P≈0.000992
06:02:08 | i 9 | [Phase 1/3] decompose  3.73s / — / —  λ=0.0  rb kmeans
06:07:29 | i 9 | [Phase 2/3] route  320.42s / 318.96s / 100.5%  filo  k=2
06:07:29 | i 8 | [ ASYNC BG] bg_ails  313.03s / 291.22s / 107.5%
06:07:29 | i 9 | [HAOS ROLL] k=2  λ=0.0  rb  kmeans  filo  P≈0.000992
06:07:29 | i 9 | [ Summary ] cost=109108.00  Δ_S*=+0.53%  Δ_BKS=+2.60%  Δ_S*_BKS=+2.06%  no_improve=2
06:07:29 | i 10 | [HAOS ROLL] k=8  λ=0.0  rb  ac_avg  filo2  P≈0.000992
06:07:33 | i 10 | [Phase 1/3] decompose  3.65s / — / —  λ=0.0  rb ac_avg
06:09:41 | i 10 | [Phase 2/3] route  128.35s / 128.46s / 99.9%  filo2  k=8
06:13:02 | i 9 | [ ASYNC BG] bg_ails  332.97s / 311.30s / 107.0%
06:13:02 | i 10 | [HAOS ROLL] k=8  λ=0.0  rb  ac_avg  filo2  P≈0.000992
06:13:02 | i 10 | [ Summary ] cost=109854.00  Δ_S*=+1.22%  Δ_BKS=+3.30%  Δ_S*_BKS=+2.06%  no_improve=4
06:13:02 | i 11 | [HAOS ROLL] k=10  λ=1.0  vb  ac_avg  ails2  P≈0.000595
06:13:10 | i 11 | [Phase 1/3] decompose  7.63s / — / —  λ=1.0  vb ac_avg
06:15:07 | i 11 | [Phase 2/3] route  117.79s / 95.82s / 122.9%  ails2  k=10
06:16:19 | i 10 | [ ASYNC BG] bg_ails  197.01s / 176.32s / 111.7%
06:16:19 | i 11 | [HAOS ROLL] k=10  λ=1.0  vb  ac_avg  ails2  P≈0.000595
06:16:19 | i 11 | [ Summary ] cost=120123.00  Δ_S*=+10.68%  Δ_BKS=+12.96%  Δ_S*_BKS=+2.06%  no_improve=6
06:16:19 | i 12 | [HAOS ROLL] k=12  λ=0.8  vb  kmedoids  ails2  P≈0.000614
06:16:28 | i 12 | [Phase 1/3] decompose  9.21s / — / —  λ=0.8  vb kmedoids
06:18:13 | i 12 | [Phase 2/3] route  104.91s / 53.04s / 197.8%  ails2  k=12
06:19:02 | i 11 | [ ASYNC BG] bg_ails  162.87s / 140.44s / 116.0%
06:19:02 | i 12 | [HAOS ROLL] k=12  λ=0.8  vb  kmedoids  ails2  P≈0.000614
06:19:02 | i 12 | [ Summary ] cost=119718.00  Δ_S*=+10.30%  Δ_BKS=+12.58%  Δ_S*_BKS=+2.06%  no_improve=8
06:19:02 | i 13 | [HAOS ROLL] k=10  λ=0.2  vb  kmedoids  filo2  P≈0.000740
06:19:11 | i 13 | [Phase 1/3] decompose  8.78s / — / —  λ=0.2  vb kmedoids
06:21:09 | i 13 | [Phase 2/3] route  118.24s / 72.24s / 163.7%  filo2  k=10
06:21:09 | i 12 | [ ASYNC BG] bg_ails  112.37s / 90.67s / 123.9%
06:21:09 | i 13 | [HAOS ROLL] k=10  λ=0.2  vb  kmedoids  filo2  P≈0.000740
06:21:09 | i 13 | [ Summary ] cost=119424.00  Δ_S*=+10.03%  Δ_BKS=+12.30%  Δ_S*_BKS=+2.06%  no_improve=10
06:21:09 | i 14 | [HAOS ROLL] k=2  λ=0.6  vb  fcm  ails2  P≈0.000795
06:21:14 | i 14 | [Phase 1/3] decompose  5.46s / — / —  λ=0.6  vb fcm
06:26:13 | i 14 | [Phase 2/3] route  298.14s / 292.02s / 102.1%  ails2  k=2
06:26:13 | i 13 | [ ASYNC BG] bg_ails  134.18s / 112.58s / 119.2%
06:26:13 | i 14 | [HAOS ROLL] k=2  λ=0.6  vb  fcm  ails2  P≈0.000795
06:26:13 | i 14 | [ Summary ] cost=109556.00  Δ_S*=+0.94%  Δ_BKS=+3.02%  Δ_S*_BKS=+2.06%  no_improve=12
06:26:13 | i 11 | [ASYNC 1/2] sp_sc  1.85s / 720.00s / 0.3%  SP  avg_coverage=21.96/5  pool=1233
06:26:13 | i 11 | [ASYNC 2/2] standard_ails  376.85s / 360.00s / 104.7%
06:26:15 | i 11 | [ IMPROVE ] 108175.00  via standard_ails  ·  Δ_BKS=+1.72%
06:26:15 | i 15 | [HAOS ROLL] k=2  λ=1.0  rb  kmeans  pyvrp  P≈0.000472
06:26:20 | i 15 | [Phase 1/3] decompose  4.85s / — / —  λ=1.0  rb kmeans
06:32:52 | i 15 | [Phase 2/3] route  391.85s / 327.60s / 119.6%  pyvrp  k=2
06:32:52 | i 14 | [ ASYNC BG] bg_ails  306.86s / 285.01s / 107.7%
06:32:52 | i 15 | [HAOS ROLL] k=2  λ=1.0  rb  kmeans  pyvrp  P≈0.000472
06:32:52 | i 15 | [ Summary ] cost=112472.00  Δ_S*=+3.97%  Δ_BKS=+5.76%  Δ_S*_BKS=+1.72%  no_improve=2
06:32:52 | i 16 | [HAOS ROLL] k=10  λ=0.8  rb  ac_complete  ails2  P≈0.001086
06:32:57 | i 16 | [Phase 1/3] decompose  4.97s / — / —  λ=0.8  rb ac_complete
06:34:56 | i 16 | [Phase 2/3] route  119.01s / 89.64s / 132.8%  ails2  k=10
06:38:35 | i 15 | [ ASYNC BG] bg_ails  342.55s / 319.74s / 107.1%
06:38:35 | i 16 | [HAOS ROLL] k=10  λ=0.8  rb  ac_complete  ails2  P≈0.001086
06:38:35 | i 16 | [ Summary ] cost=109083.00  Δ_S*=+0.84%  Δ_BKS=+2.58%  Δ_S*_BKS=+1.72%  no_improve=4
06:38:35 | i 17 | [HAOS ROLL] k=4  λ=0.2  vb  ac_complete  pyvrp  P≈0.000279
06:38:43 | i 17 | [Phase 1/3] decompose  7.95s / — / —  λ=0.2  vb ac_complete
06:43:12 | i 17 | [Phase 2/3] route  269.01s / 235.98s / 114.0%  pyvrp  k=4
06:43:12 | i 16 | [ ASYNC BG] bg_ails  144.69s / 122.82s / 117.8%
06:43:12 | i 17 | [HAOS ROLL] k=4  λ=0.2  vb  ac_complete  pyvrp  P≈0.000279
06:43:12 | i 17 | [ Summary ] cost=114484.00  Δ_S*=+5.83%  Δ_BKS=+7.65%  Δ_S*_BKS=+1.72%  no_improve=6
06:43:12 | i 18 | [HAOS ROLL] k=10  λ=0.4  vb  kmeans  filo  P≈0.000341
06:43:17 | i 18 | [Phase 1/3] decompose  4.98s / — / —  λ=0.4  vb kmeans
06:45:18 | i 18 | [Phase 2/3] route  121.24s / 64.38s / 188.3%  filo  k=10
06:47:26 | i 17 | [ ASYNC BG] bg_ails  253.72s / 230.32s / 110.2%
06:47:26 | i 18 | [HAOS ROLL] k=10  λ=0.4  vb  kmeans  filo  P≈0.000341
06:47:26 | i 18 | [ Summary ] cost=120306.00  Δ_S*=+11.21%  Δ_BKS=+13.13%  Δ_S*_BKS=+1.72%  no_improve=8
06:47:26 | i 16 | [ASYNC 1/2] sp_sc  6.59s / 720.00s / 0.9%  SP  avg_coverage=32.90/5  pool=1845
06:47:26 | i 16 | [ASYNC 2/2] standard_ails  376.43s / 360.00s / 104.6%
06:47:30 | i 16 | [ IMPROVE ] 108084.00  via standard_ails  ·  Δ_BKS=+1.64%
06:47:31 | i 19 | [HAOS ROLL] k=12  λ=0.8  vb  ac_avg  ails2  P≈0.000636
06:47:38 | i 19 | [Phase 1/3] decompose  7.91s / — / —  λ=0.8  vb ac_avg
06:49:24 | i 19 | [Phase 2/3] route  105.91s / 67.20s / 157.6%  ails2  k=12
06:49:37 | i 18 | [ ASYNC BG] bg_ails  131.53s / 109.48s / 120.1%
06:49:37 | i 19 | [HAOS ROLL] k=12  λ=0.8  vb  ac_avg  ails2  P≈0.000636
06:49:37 | i 19 | [ Summary ] cost=121560.00  Δ_S*=+12.47%  Δ_BKS=+14.31%  Δ_S*_BKS=+1.64%  no_improve=2
06:49:37 | i 20 | [HAOS ROLL] k=12  λ=0.4  vb  fcm  pyvrp  P≈0.000301
06:49:44 | i 20 | [Phase 1/3] decompose  6.97s / — / —  λ=0.4  vb fcm
06:51:32 | i 20 | [Phase 2/3] route  107.19s / 53.04s / 202.1%  pyvrp  k=12
06:51:37 | i 19 | [ ASYNC BG] bg_ails  119.41s / 95.47s / 125.1%
06:51:37 | i 20 | [HAOS ROLL] k=12  λ=0.4  vb  fcm  pyvrp  P≈0.000301
06:51:37 | i 20 | [ Summary ] cost=121993.00  Δ_S*=+12.87%  Δ_BKS=+14.72%  Δ_S*_BKS=+1.64%  no_improve=4
06:51:37 | i 21 | [HAOS ROLL] k=4  λ=0.0  vb  ac_avg  ails2  P≈0.000939
06:51:43 | i 21 | [Phase 1/3] decompose  6.61s / — / —  λ=0.0  vb ac_avg
06:55:15 | i 21 | [Phase 2/3] route  211.97s / 208.14s / 101.8%  ails2  k=4
06:55:15 | i 20 | [ ASYNC BG] bg_ails  110.05s / 88.70s / 124.1%
06:55:16 | i 21 | [HAOS ROLL] k=4  λ=0.0  vb  ac_avg  ails2  P≈0.000939
06:55:16 | i 21 | [ Summary ] cost=111498.00  Δ_S*=+3.16%  Δ_BKS=+4.85%  Δ_S*_BKS=+1.64%  no_improve=6
06:55:16 | i 22 | [HAOS ROLL] k=10  λ=1.0  vb  fcm  filo2  P≈0.000781
06:55:22 | i 22 | [Phase 1/3] decompose  6.47s / — / —  λ=1.0  vb fcm
06:57:19 | i 22 | [Phase 2/3] route  117.24s / 60.78s / 192.9%  filo2  k=10
06:59:00 | i 21 | [ ASYNC BG] bg_ails  224.74s / 203.14s / 110.6%
06:59:00 | i 22 | [HAOS ROLL] k=10  λ=1.0  vb  fcm  filo2  P≈0.000781
06:59:00 | i 22 | [ Summary ] cost=118786.00  Δ_S*=+9.90%  Δ_BKS=+11.70%  Δ_S*_BKS=+1.64%  no_improve=8
06:59:00 | i 23 | [HAOS ROLL] k=4  λ=0.8  vb  kmeans  pyvrp  P≈0.000957
06:59:06 | i 23 | [Phase 1/3] decompose  5.27s / — / —  λ=0.8  vb kmeans
07:01:47 | i 23 | [Phase 2/3] route  161.54s / 147.60s / 109.4%  pyvrp  k=4
07:01:47 | i 22 | [ ASYNC BG] bg_ails  126.49s / 104.36s / 121.2%
07:01:47 | i 23 | [HAOS ROLL] k=4  λ=0.8  vb  kmeans  pyvrp  P≈0.000957
07:01:47 | i 23 | [ Summary ] cost=115655.00  Δ_S*=+7.00%  Δ_BKS=+8.76%  Δ_S*_BKS=+1.64%  no_improve=10
07:01:47 | i 24 | [HAOS ROLL] k=10  λ=0.2  vb  kmeans  pyvrp  P≈0.000765
07:01:52 | i 24 | [Phase 1/3] decompose  5.01s / — / —  λ=0.2  vb kmeans
07:04:02 | i 24 | [Phase 2/3] route  130.12s / 66.96s / 194.3%  pyvrp  k=10
07:04:33 | i 23 | [ ASYNC BG] bg_ails  166.09s / 144.06s / 115.3%
07:04:33 | i 24 | [HAOS ROLL] k=10  λ=0.2  vb  kmeans  pyvrp  P≈0.000765
07:04:33 | i 24 | [ Summary ] cost=122157.00  Δ_S*=+13.02%  Δ_BKS=+14.87%  Δ_S*_BKS=+1.64%  no_improve=12
07:04:33 | i 25 | [HAOS ROLL] k=4  λ=0.8  rb  kmeans  ails2  P≈0.002020
07:04:38 | i 25 | [Phase 1/3] decompose  4.95s / — / —  λ=0.8  rb kmeans
07:08:20 | i 25 | [Phase 2/3] route  221.41s / 217.08s / 102.0%  ails2  k=4
07:08:20 | i 24 | [ ASYNC BG] bg_ails  135.47s / 113.31s / 119.6%
07:08:20 | i 25 | [HAOS ROLL] k=4  λ=0.8  rb  kmeans  ails2  P≈0.002020
07:08:20 | i 25 | [ Summary ] cost=109154.00  Δ_S*=+0.99%  Δ_BKS=+2.64%  Δ_S*_BKS=+1.64%  no_improve=14
07:08:20 | i 22 | [ASYNC 1/2] sp_sc  17.78s / 720.00s / 2.5%  SP  avg_coverage=45.90/5  pool=2585
07:08:20 | i 22 | [ASYNC 2/2] standard_ails  376.10s / 360.00s / 104.5%
07:08:29 | i 22 | [ IMPROVE ] 108031.00  via standard_ails  ·  Δ_BKS=+1.59%
07:08:29 | i 26 | [HAOS ROLL] k=2  λ=1.0  vb  kmedoids  filo2  P≈0.000271
07:08:38 | i 26 | [Phase 1/3] decompose  9.13s / — / —  λ=1.0  vb kmedoids
07:13:32 | i 26 | [Phase 2/3] route  293.17s / 291.84s / 100.5%  filo2  k=2
07:13:32 | i 25 | [ ASYNC BG] bg_ails  232.68s / 211.87s / 109.8%
07:13:32 | i 26 | [HAOS ROLL] k=2  λ=1.0  vb  kmedoids  filo2  P≈0.000271
07:13:32 | i 26 | [ Summary ] cost=110222.00  Δ_S*=+2.03%  Δ_BKS=+3.65%  Δ_S*_BKS=+1.59%  no_improve=2
07:13:32 | i 27 | [HAOS ROLL] k=4  λ=0.8  rb  ac_avg  ails2  P≈0.002456
07:13:37 | i 27 | [Phase 1/3] decompose  5.00s / — / —  λ=0.8  rb ac_avg
07:16:31 | i 27 | [Phase 2/3] route  174.40s / 171.60s / 101.6%  ails2  k=4
07:18:38 | i 26 | [ ASYNC BG] bg_ails  305.95s / 284.84s / 107.4%
07:18:38 | i 27 | [HAOS ROLL] k=4  λ=0.8  rb  ac_avg  ails2  P≈0.002456
07:18:38 | i 27 | [ Summary ] cost=109101.00  Δ_S*=+0.99%  Δ_BKS=+2.59%  Δ_S*_BKS=+1.59%  no_improve=4
07:18:38 | i 28 | [HAOS ROLL] k=12  λ=0.8  rb  kmeans  pyvrp  P≈0.001147
07:18:43 | i 28 | [Phase 1/3] decompose  4.98s / — / —  λ=0.8  rb kmeans
07:20:54 | i 28 | [Phase 2/3] route  131.70s / 88.44s / 148.9%  pyvrp  k=12
07:21:47 | i 27 | [ ASYNC BG] bg_ails  188.97s / 167.48s / 112.8%
07:21:47 | i 28 | [HAOS ROLL] k=12  λ=0.8  rb  kmeans  pyvrp  P≈0.001147
07:21:47 | i 28 | [ Summary ] cost=111003.00  Δ_S*=+2.75%  Δ_BKS=+4.38%  Δ_S*_BKS=+1.59%  no_improve=6
07:21:47 | i 29 | [HAOS ROLL] k=2  λ=0.6  rb  kmeans  ails2  P≈0.000725
07:21:52 | i 29 | [Phase 1/3] decompose  5.26s / — / —  λ=0.6  rb kmeans
07:27:40 | i 29 | [Phase 2/3] route  347.78s / 339.90s / 102.3%  ails2  k=2
07:27:40 | i 28 | [ ASYNC BG] bg_ails  150.74s / 126.38s / 119.3%
07:27:40 | i 29 | [HAOS ROLL] k=2  λ=0.6  rb  kmeans  ails2  P≈0.000725
07:27:40 | i 29 | [ Summary ] cost=109035.00  Δ_S*=+0.93%  Δ_BKS=+2.53%  Δ_S*_BKS=+1.59%  no_improve=8
07:27:40 | i 30 | [HAOS ROLL] k=8  λ=0.8  vb  ac_avg  pyvrp  P≈0.001006
07:27:49 | i 30 | [Phase 1/3] decompose  8.40s / — / —  λ=0.8  vb ac_avg
07:29:49 | i 30 | [Phase 2/3] route  120.56s / 100.98s / 119.4%  pyvrp  k=8
07:33:36 | i 29 | [ ASYNC BG] bg_ails  355.97s / 331.74s / 107.3%
07:33:36 | i 30 | [HAOS ROLL] k=8  λ=0.8  vb  ac_avg  pyvrp  P≈0.001006
07:33:36 | i 30 | [ Summary ] cost=117208.00  Δ_S*=+8.49%  Δ_BKS=+10.22%  Δ_S*_BKS=+1.59%  no_improve=10
07:33:36 | i 28 | [ASYNC 1/2] sp_sc  33.44s / 720.00s / 4.6%  SP  avg_coverage=58.87/5  pool=3307
07:33:36 | i 28 | [ASYNC 2/2] standard_ails  377.02s / 360.00s / 104.7%
07:33:50 | i 28 | [ IMPROVE ] 108011.00  via standard_ails  ·  Δ_BKS=+1.57%
07:33:50 | i 31 | [HAOS ROLL] k=4  λ=0.8  rb  kmeans  pyvrp  P≈0.004353
07:33:55 | i 31 | [Phase 1/3] decompose  4.84s / — / —  λ=0.8  rb kmeans
07:37:01 | i 31 | [Phase 2/3] route  186.09s / 166.86s / 111.5%  pyvrp  k=4
07:37:01 | i 30 | [ ASYNC BG] bg_ails  166.40s / 144.89s / 114.8%
07:37:01 | i 31 | [HAOS ROLL] k=4  λ=0.8  rb  kmeans  pyvrp  P≈0.004353
07:37:01 | i 31 | [ Summary ] cost=112843.00  Δ_S*=+4.47%  Δ_BKS=+6.11%  Δ_S*_BKS=+1.57%  no_improve=2
07:37:01 | i — | [  FINAL  ] async BG-AILS totals launched=30 applied=30 adopted=3 launch_skipped_cap=1 crashes=0 discarded_in_flight=False block_wait_total_s=1412.2
07:37:01 | i — | [  FINAL  ] async SP/SC totals invocations=5 adopted=5 skipped=0 discarded_in_flight=False sp_busy_frac=0.3930973912275882
07:37:01 | i — | [  FINAL  ] ════════════════════════════════════════
07:37:01 | i — | [  FINAL  ] Run complete  iterations=31  elapsed=02:00:44  best=108011.00
07:37:01 | i — | [  FINAL  ] Δ_BKS=+1.57%  no_improve_stop=False  time_stop=True  cancelled=False
07:37:01 | i — | [  FINAL  ] 
07:37:01 | i — | [  FINAL  ] [BEST SOLUTION — HAOS TAG SUMMARY]
07:37:01 | i — | [  FINAL  ] ────────────────────────────────────────
07:37:01 | i — | [  FINAL  ]   55 routes  post-SP/SC improvement
07:37:01 | i — | [  FINAL  ] 
07:37:01 | i — | [  FINAL  ] [ROUTE POOL — HAOS TAG SUMMARY]
07:37:01 | i — | [  FINAL  ] ────────────────────────────────────────
07:37:01 | i — | [  FINAL  ]   117 routes  vb  ac_avg  k=12  λ=0.8  solver=ails2
07:37:01 | i — | [  FINAL  ]   116 routes  vb  kmedoids  k=12  λ=0.4  solver=filo
07:37:01 | i — | [  FINAL  ]   116 routes  vb  kmedoids  k=10  λ=0.8  solver=filo2
07:37:01 | i — | [  FINAL  ]   116 routes  vb  kmedoids  k=12  λ=0.8  solver=ails2
07:37:01 | i — | [  FINAL  ]   116 routes  vb  fcm  k=12  λ=0.4  solver=pyvrp
07:37:01 | i — | [  FINAL  ]   116 routes  vb  kmeans  k=10  λ=0.2  solver=pyvrp
07:37:01 | i — | [  FINAL  ]   115 routes  vb  ac_avg  k=10  λ=1.0  solver=ails2
07:37:01 | i — | [  FINAL  ]   115 routes  vb  kmedoids  k=10  λ=0.2  solver=filo2
07:37:01 | i — | [  FINAL  ]   115 routes  vb  fcm  k=10  λ=1.0  solver=filo2
07:37:01 | i — | [  FINAL  ]   114 routes  vb  fcm  k=6  λ=0.8  solver=filo2
07:37:01 | i — | [  FINAL  ]   114 routes  vb  kmeans  k=10  λ=0.4  solver=filo
07:37:01 | i — | [  FINAL  ]   114 routes  vb  ac_avg  k=8  λ=0.8  solver=pyvrp
07:37:01 | i — | [  FINAL  ]   113 routes  vb  kmeans  k=8  λ=0.0  solver=ails2
07:37:01 | i — | [  FINAL  ]   112 routes  vb  ac_complete  k=4  λ=0.2  solver=pyvrp
07:37:01 | i — | [  FINAL  ]   112 routes  vb  ac_avg  k=4  λ=0.0  solver=ails2
07:37:01 | i — | [  FINAL  ]   111 routes  rb  ac_avg  k=10  λ=0.6  solver=filo
07:37:01 | i — | [  FINAL  ]   111 routes  vb  kmeans  k=2  λ=0.0  solver=filo2
07:37:01 | i — | [  FINAL  ]   111 routes  vb  kmedoids  k=2  λ=1.0  solver=filo2
07:37:01 | i — | [  FINAL  ]   111 routes  rb  kmeans  k=2  λ=0.6  solver=ails2
07:37:01 | i — | [  FINAL  ]   110 routes  rb  ac_complete  k=2  λ=1.0  solver=filo2
07:37:01 | i — | [  FINAL  ]   110 routes  rb  kmeans  k=2  λ=0.0  solver=filo
07:37:01 | i — | [  FINAL  ]   110 routes  vb  fcm  k=2  λ=0.6  solver=ails2
07:37:01 | i — | [  FINAL  ]   110 routes  rb  kmeans  k=2  λ=1.0  solver=pyvrp
07:37:01 | i — | [  FINAL  ]   110 routes  vb  kmeans  k=4  λ=0.8  solver=pyvrp
07:37:01 | i — | [  FINAL  ]   110 routes  rb  ac_avg  k=4  λ=0.8  solver=ails2
07:37:01 | i — | [  FINAL  ]   110 routes  rb  kmeans  k=12  λ=0.8  solver=pyvrp
07:37:01 | i — | [  FINAL  ]   109 routes  rb  kmeans  k=6  λ=0.0  solver=filo
07:37:01 | i — | [  FINAL  ]   109 routes  rb  kmeans  k=4  λ=0.8  solver=ails2
07:37:01 | i — | [  FINAL  ]   108 routes  rb  ac_avg  k=8  λ=0.0  solver=filo2
07:37:01 | i — | [  FINAL  ]   108 routes  rb  ac_complete  k=10  λ=0.8  solver=ails2
07:37:01 | i — | [  FINAL  ]   55 routes  rb  kmeans  k=4  λ=0.8  solver=pyvrp
07:37:01 | i — | [  FINAL  ]   273 routes  post-SP/SC improvement
07:37:01 | i — | [  FINAL  ] ════════════════════════════════════════
