19:02:44 | i — | [  INIT   ] ════════════════════════════════════════
19:02:44 | i — | [  INIT   ] DRISPI  instance=X-n4844-k321  n=4843  capacity=188
19:02:44 | i — | [  INIT   ] k domain (computed at init): [2, 3, 4, 6, 8, 10, 12, 14, 17, 20]  k_ext=20  k_min=321  k_ext_bound=n_bound  spacing_rejected=0
19:02:44 | i — | [  INIT   ] ══════════════════════════════════════════════════════
19:02:44 | i — | [  INIT   ] CONFIGURATION
19:02:44 | i — | [  INIT   ] ── stopping ────────────────────────────────
19:02:44 | i — | [  INIT   ]   time_limit                  = 7200.0
19:02:44 | i — | [  INIT   ]   max_no_improve              = 1000000000
19:02:44 | i — | [  INIT   ] ── parallelism ─────────────────────────────
19:02:44 | i — | [  INIT   ]   n_workers                   = 8
19:02:44 | i — | [  INIT   ] ── cores ───────────────────────────────────
19:02:44 | i — | [  INIT   ]   cores_total                 = 8
19:02:44 | i — | [  INIT   ]   cores_dri                   = 6
19:02:44 | i — | [  INIT   ]   cores_bg                    = 1
19:02:44 | i — | [  INIT   ]   cores_sp                    = 1
19:02:44 | i — | [  INIT   ]   cores_cpu_list              = None
19:02:44 | i — | [  INIT   ] ── sp/sc ───────────────────────────────────
19:02:44 | i — | [  INIT   ]   sp_sc_mode                  = async
19:02:44 | i — | [  INIT   ]   sp_sc_trigger               = wallclock
19:02:44 | i — | [  INIT   ]   interval_minutes            = 20.0
19:02:44 | i — | [  INIT   ]   overlap_policy              = skip
19:02:44 | i — | [  INIT   ]   warmup_iterations           = 5
19:02:44 | i — | [  INIT   ]   sp_interval                 = 3
19:02:44 | i — | [  INIT   ]   min_coverage                = 5
19:02:44 | i — | [  INIT   ]   sp_time_limit               = 720.0
19:02:44 | i — | [  INIT   ]   mip_gap                     = 0.00025
19:02:44 | i — | [  INIT   ] ── decomposition ───────────────────────────
19:02:44 | i — | [  INIT   ]   decomp_k_base_arms          = [2, 3, 4, 6, 8, 10, 12]
19:02:44 | i — | [  INIT   ]   decomp_k_max_arms           = 10
19:02:44 | i — | [  INIT   ]   decomp_k_ext_per_1000       = 4
19:02:44 | i — | [  INIT   ]   decomp_k_min_routes_per_cluster= 8
19:02:44 | i — | [  INIT   ]   decomp_k_min_arm_spacing    = 2
19:02:44 | i — | [  INIT   ]   subcluster_rate_s_per_customer= 0.06
19:02:44 | i — | [  INIT   ]   subcluster_floor_s          = 5.0
19:02:44 | i — | [  INIT   ] ── bg_ails ─────────────────────────────────
19:02:44 | i — | [  INIT   ]   bg_ails_mode                = async
19:02:44 | i — | [  INIT   ]   bg_ails_crash_threshold     = 1
19:02:44 | i — | [  INIT   ]   bg_ails_budget_mode         = predicted_dr_wall
19:02:44 | i — | [  INIT   ]   bg_ails_budget_floor_s      = 60.0
19:02:44 | i — | [  INIT   ]   bg_ails_budget_margin       = 1.0
19:02:44 | i — | [  INIT   ]   bg_ails_wall_model_scale    = 0.976
19:02:44 | i — | [  INIT   ]   bg_ails_wall_model_wave_exponent= -0.18
19:02:44 | i — | [  INIT   ]   bg_ails_initial_omega       = 10
19:02:44 | i — | [  INIT   ]   bg_ails_boundary_threshold  = 0.5
19:02:44 | i — | [  INIT   ]   bg_ails_small_cluster_cap   = 20
19:02:44 | i — | [  INIT   ]   bg_ails_small_cluster_alpha = 0.5
19:02:44 | i — | [  INIT   ]   bg_ails_pair_selection      = greedy
19:02:44 | i — | [  INIT   ]   bg_ails_n_chains_mode       = k
19:02:44 | i — | [  INIT   ] ── standard_improvement ────────────────────
19:02:44 | i — | [  INIT   ]   standard_improvement_time_limit= 360.0
19:02:44 | i — | [  INIT   ] ── pool ────────────────────────────────────
19:02:44 | i — | [  INIT   ]   max_pool_size               = 10000
19:02:44 | i — | [  INIT   ]   pool_diversity_weight       = 0.5
19:02:44 | i — | [  INIT   ] ── haos ────────────────────────────────────
19:02:44 | i — | [  INIT   ]   haos_decay                  = 0.95
19:02:44 | i — | [  INIT   ]   haos_warmup                 = 10
19:02:44 | i — | [  INIT   ]   haos_starting_weight        = 10.0
19:02:44 | i — | [  INIT   ]   haos_min_weight_k           = 0.025
19:02:44 | i — | [  INIT   ]   haos_min_weight_lambda      = 0.05
19:02:44 | i — | [  INIT   ]   haos_min_weight_paradigm    = 0.1
19:02:44 | i — | [  INIT   ]   haos_min_weight_vertex_method= 0.05
19:02:44 | i — | [  INIT   ]   haos_min_weight_route_method= 0.05
19:02:44 | i — | [  INIT   ]   haos_min_weight_solver      = 0.05
19:02:44 | i — | [  INIT   ]   haos_lambda_demand_values   = [0.0, 0.2, 0.4, 0.6, 0.8, 1.0]
19:02:44 | i — | [  INIT   ]   haos_paradigm_values        = ['vertex', 'route']
19:02:44 | i — | [  INIT   ]   haos_vertex_method_values   = ['kmeans', 'agglomerative_avg', 'agglomerative_complete', 'kmedoids', 'fcm']
19:02:44 | i — | [  INIT   ]   haos_route_method_values    = ['kmeans', 'agglomerative_avg', 'agglomerative_complete']
19:02:44 | i — | [  INIT   ]   haos_solver_values          = ['pyvrp', 'filo', 'filo2', 'ails2']
19:02:44 | i — | [  INIT   ] ── haos_rewards ────────────────────────────
19:02:44 | i — | [  INIT   ]   haos_reward_new_best        = 10.0
19:02:44 | i — | [  INIT   ]   haos_reward_improvement     = 4.0
19:02:44 | i — | [  INIT   ]   haos_reward_no_improvement  = 1.0
19:02:44 | i — | [  INIT   ]   haos_reward_no_solution     = 0.0
19:02:44 | i — | [  INIT   ]   haos_deferred_new_best      = 7.0
19:02:44 | i — | [  INIT   ]   haos_deferred_improvement   = 3.0
19:02:44 | i — | [  INIT   ]   haos_deferred_no_improvement= 0.0
19:02:44 | i — | [  INIT   ] ── seed ────────────────────────────────────
19:02:44 | i — | [  INIT   ]   seed                        = 30
19:02:44 | i — | [  INIT   ] ── output ──────────────────────────────────
19:02:44 | i — | [  INIT   ]   output_dir                  = /app/artifacts/final_benchmark/runs/X-n4844-k321/seed30
19:02:44 | i — | [  INIT   ]   run_analysis                = False
19:02:44 | i — | [  INIT   ] ══════════════════════════════════════════════════════
19:02:44 | i — | [  INIT   ] BKS=404429.00
19:02:44 | i — | [  INIT   ] ════════════════════════════════════════
19:02:44 | i 1 | [HAOS ROLL] k=12  λ=1.0  vb  ac_avg  filo  P≈0.000417
19:02:49 | i 1 | [Phase 1/3] decompose  5.66s / — / —  λ=1.0  vb ac_avg
19:03:48 | i 1 | [Phase 2/3] route  58.39s / 45.42s / 128.6%  filo  k=12
19:03:48 | i 1 | [ IMPROVE ] 411914.00  via decompose_route  ·  Δ_BKS=+1.85%
19:03:48 | i 1 | [HAOS ROLL] k=12  λ=1.0  vb  ac_avg  filo  P≈0.000417
19:03:48 | i 1 | [ Summary ] cost=411914.00  Δ_S*=+0.00%  Δ_BKS=+1.85%  Δ_S*_BKS=+1.85%  no_improve=0
19:03:48 | i 2 | [HAOS ROLL] k=3  λ=1.0  rb  ac_complete  ails2  P≈0.000694
19:03:49 | i 2 | [Phase 1/3] decompose  1.70s / — / —  λ=1.0  rb ac_complete
19:06:27 | i 2 | [Phase 2/3] route  157.18s / 154.26s / 101.9%  ails2  k=3
19:06:27 | i 1 | [ IMPROVE ] 406925.00  via bg_ails  ·  Δ_BKS=+0.62%
19:06:27 | i 1 | [ ASYNC BG] bg_ails  68.49s / 60.00s / 114.1%
19:06:27 | i 2 | [HAOS ROLL] k=3  λ=1.0  rb  ac_complete  ails2  P≈0.000694
19:06:27 | i 2 | [ Summary ] cost=407983.00  Δ_S*=+0.26%  Δ_BKS=+0.88%  Δ_S*_BKS=+0.62%  no_improve=1
19:06:27 | i 3 | [HAOS ROLL] k=17  λ=0.4  vb  ac_complete  filo2  P≈0.000417
19:06:29 | i 3 | [Phase 1/3] decompose  2.32s / — / —  λ=0.4  vb ac_complete
19:07:21 | i 3 | [Phase 2/3] route  52.11s / 25.68s / 202.9%  filo2  k=17
19:09:05 | i 2 | [ IMPROVE ] 406228.00  via bg_ails  ·  Δ_BKS=+0.44%
19:09:05 | i 2 | [ ASYNC BG] bg_ails  158.43s / 150.56s / 105.2%
19:09:05 | i 3 | [HAOS ROLL] k=17  λ=0.4  vb  ac_complete  filo2  P≈0.000417
19:09:05 | i 3 | [ Summary ] cost=418382.00  Δ_S*=+2.99%  Δ_BKS=+3.45%  Δ_S*_BKS=+0.44%  no_improve=1
19:09:05 | i 4 | [HAOS ROLL] k=17  λ=0.8  vb  fcm  ails2  P≈0.000417
19:09:08 | i 4 | [Phase 1/3] decompose  2.56s / — / —  λ=0.8  vb fcm
19:10:04 | i 4 | [Phase 2/3] route  56.24s / 20.40s / 275.7%  ails2  k=17
19:10:14 | i 3 | [ ASYNC BG] bg_ails  68.49s / 60.00s / 114.1%
19:10:14 | i 4 | [HAOS ROLL] k=17  λ=0.8  vb  fcm  ails2  P≈0.000417
19:10:14 | i 4 | [ Summary ] cost=417280.00  Δ_S*=+2.72%  Δ_BKS=+3.18%  Δ_S*_BKS=+0.44%  no_improve=3
19:10:14 | i 5 | [HAOS ROLL] k=4  λ=0.8  vb  ac_complete  ails2  P≈0.000417
19:10:16 | i 5 | [Phase 1/3] decompose  2.28s / — / —  λ=0.8  vb ac_complete
19:12:16 | i 5 | [Phase 2/3] route  119.96s / 117.78s / 101.8%  ails2  k=4
19:12:16 | i 4 | [ ASYNC BG] bg_ails  68.39s / 60.00s / 114.0%
19:12:16 | i 5 | [HAOS ROLL] k=4  λ=0.8  vb  ac_complete  ails2  P≈0.000417
19:12:16 | i 5 | [ Summary ] cost=407341.00  Δ_S*=+0.27%  Δ_BKS=+0.72%  Δ_S*_BKS=+0.44%  no_improve=5
19:12:16 | i 6 | [HAOS ROLL] k=2  λ=0.0  rb  kmeans  filo  P≈0.000694
19:12:17 | i 6 | [Phase 1/3] decompose  1.29s / — / —  λ=0.0  rb kmeans
19:14:47 | i 6 | [Phase 2/3] route  149.42s / 148.56s / 100.6%  filo  k=2
19:14:47 | i 5 | [ IMPROVE ] 406196.00  via bg_ails  ·  Δ_BKS=+0.44%
19:14:47 | i 5 | [ ASYNC BG] bg_ails  122.43s / 114.95s / 106.5%
19:14:47 | i 6 | [HAOS ROLL] k=2  λ=0.0  rb  kmeans  filo  P≈0.000694
19:14:47 | i 6 | [ Summary ] cost=408211.00  Δ_S*=+0.50%  Δ_BKS=+0.94%  Δ_S*_BKS=+0.44%  no_improve=1
19:14:47 | i 7 | [HAOS ROLL] k=17  λ=0.6  rb  ac_avg  filo  P≈0.000694
19:14:48 | i 7 | [Phase 1/3] decompose  1.66s / — / —  λ=0.6  rb ac_avg
19:15:44 | i 7 | [Phase 2/3] route  55.20s / 24.12s / 228.9%  filo  k=17
19:17:19 | i 6 | [ ASYNC BG] bg_ails  151.97s / 144.99s / 104.8%
19:17:19 | i 7 | [HAOS ROLL] k=17  λ=0.6  rb  ac_avg  filo  P≈0.000694
19:17:19 | i 7 | [ Summary ] cost=407908.00  Δ_S*=+0.42%  Δ_BKS=+0.86%  Δ_S*_BKS=+0.44%  no_improve=3
19:17:19 | i 8 | [HAOS ROLL] k=8  λ=0.6  rb  ac_complete  filo  P≈0.000694
19:17:20 | i 8 | [Phase 1/3] decompose  1.70s / — / —  λ=0.6  rb ac_complete
19:18:24 | i 8 | [Phase 2/3] route  63.16s / 62.82s / 100.5%  filo  k=8
19:18:27 | i 7 | [ ASYNC BG] bg_ails  68.45s / 60.00s / 114.1%
19:18:27 | i 8 | [HAOS ROLL] k=8  λ=0.6  rb  ac_complete  filo  P≈0.000694
19:18:27 | i 8 | [ Summary ] cost=409087.00  Δ_S*=+0.71%  Δ_BKS=+1.15%  Δ_S*_BKS=+0.44%  no_improve=5
19:18:27 | i 9 | [HAOS ROLL] k=17  λ=0.8  vb  ac_avg  ails2  P≈0.000417
19:18:30 | i 9 | [Phase 1/3] decompose  2.40s / — / —  λ=0.8  vb ac_avg
19:19:25 | i 9 | [Phase 2/3] route  55.23s / 24.48s / 225.6%  ails2  k=17
19:19:51 | i 8 | [ ASYNC BG] bg_ails  83.44s / 75.99s / 109.8%
19:19:51 | i 9 | [HAOS ROLL] k=17  λ=0.8  vb  ac_avg  ails2  P≈0.000417
19:19:51 | i 9 | [ Summary ] cost=415891.00  Δ_S*=+2.39%  Δ_BKS=+2.83%  Δ_S*_BKS=+0.44%  no_improve=7
19:19:51 | i 10 | [HAOS ROLL] k=14  λ=0.4  rb  ac_avg  filo  P≈0.000694
19:19:52 | i 10 | [Phase 1/3] decompose  1.71s / — / —  λ=0.4  rb ac_avg
19:20:49 | i 10 | [Phase 2/3] route  56.13s / 32.04s / 175.2%  filo  k=14
19:20:59 | i 9 | [ ASYNC BG] bg_ails  68.46s / 60.00s / 114.1%
19:20:59 | i 10 | [HAOS ROLL] k=14  λ=0.4  rb  ac_avg  filo  P≈0.000694
19:20:59 | i 10 | [ Summary ] cost=407788.00  Δ_S*=+0.39%  Δ_BKS=+0.83%  Δ_S*_BKS=+0.44%  no_improve=9
19:20:59 | i 11 | [HAOS ROLL] k=3  λ=0.8  vb  ac_avg  filo2  P≈0.000417
19:21:02 | i 11 | [Phase 1/3] decompose  2.40s / — / —  λ=0.8  vb ac_avg
19:23:30 | i 11 | [Phase 2/3] route  148.43s / 147.84s / 100.4%  filo2  k=3
19:23:30 | i 10 | [ ASYNC BG] bg_ails  69.47s / 61.56s / 112.8%
19:23:30 | i 11 | [HAOS ROLL] k=3  λ=0.8  vb  ac_avg  filo2  P≈0.000417
19:23:30 | i 11 | [ Summary ] cost=408845.00  Δ_S*=+0.65%  Δ_BKS=+1.09%  Δ_S*_BKS=+0.44%  no_improve=11
19:23:30 | i 6 | [ASYNC 1/2] sp_sc  24.48s / 720.00s / 3.4%  SC  avg_coverage=10.78/5  pool=3433
19:23:30 | i 6 | [ASYNC 2/2] standard_ails  366.58s / 360.00s / 101.8%
19:23:59 | i 6 | [ IMPROVE ] 405579.00  via standard_ails  ·  Δ_BKS=+0.28%
19:23:59 | i 12 | [HAOS ROLL] k=2  λ=1.0  vb  ac_complete  filo  P≈0.000412
19:24:02 | i 12 | [Phase 1/3] decompose  2.29s / — / —  λ=1.0  vb ac_complete
19:26:59 | i 12 | [Phase 2/3] route  177.56s / 176.88s / 100.4%  filo  k=2
19:26:59 | i 11 | [ ASYNC BG] bg_ails  152.14s / 144.29s / 105.4%
19:26:59 | i 12 | [HAOS ROLL] k=2  λ=1.0  vb  ac_complete  filo  P≈0.000412
19:26:59 | i 12 | [ Summary ] cost=408464.00  Δ_S*=+0.71%  Δ_BKS=+1.00%  Δ_S*_BKS=+0.28%  no_improve=2
19:26:59 | i 13 | [HAOS ROLL] k=4  λ=0.2  rb  ac_complete  pyvrp  P≈0.000203
19:27:01 | i 13 | [Phase 1/3] decompose  1.64s / — / —  λ=0.2  rb ac_complete
19:28:59 | i 13 | [Phase 2/3] route  117.84s / 109.02s / 108.1%  pyvrp  k=4
19:30:00 | i 12 | [ ASYNC BG] bg_ails  180.60s / 172.63s / 104.6%
19:30:00 | i 13 | [HAOS ROLL] k=4  λ=0.2  rb  ac_complete  pyvrp  P≈0.000203
19:30:00 | i 13 | [ Summary ] cost=412470.00  Δ_S*=+1.70%  Δ_BKS=+1.99%  Δ_S*_BKS=+0.28%  no_improve=4
19:30:00 | i 14 | [HAOS ROLL] k=8  λ=0.6  vb  kmeans  ails2  P≈0.000306
19:30:02 | i 14 | [Phase 1/3] decompose  1.65s / — / —  λ=0.6  vb kmeans
19:31:17 | i 14 | [Phase 2/3] route  75.48s / 40.68s / 185.5%  ails2  k=8
19:31:54 | i 13 | [ ASYNC BG] bg_ails  114.43s / 106.40s / 107.5%
19:31:54 | i 14 | [HAOS ROLL] k=8  λ=0.6  vb  kmeans  ails2  P≈0.000306
19:31:54 | i 14 | [ Summary ] cost=410691.00  Δ_S*=+1.26%  Δ_BKS=+1.55%  Δ_S*_BKS=+0.28%  no_improve=6
19:31:54 | i 15 | [HAOS ROLL] k=10  λ=0.2  vb  ac_avg  ails2  P≈0.000415
19:31:57 | i 15 | [Phase 1/3] decompose  2.29s / — / —  λ=0.2  vb ac_avg
19:32:54 | i 15 | [Phase 2/3] route  57.20s / 47.28s / 121.0%  ails2  k=10
19:33:12 | i 14 | [ ASYNC BG] bg_ails  77.36s / 69.83s / 110.8%
19:33:12 | i 15 | [HAOS ROLL] k=10  λ=0.2  vb  ac_avg  ails2  P≈0.000415
19:33:12 | i 15 | [ Summary ] cost=412212.00  Δ_S*=+1.64%  Δ_BKS=+1.92%  Δ_S*_BKS=+0.28%  no_improve=8
19:33:12 | i 16 | [HAOS ROLL] k=14  λ=1.0  vb  ac_avg  filo  P≈0.000641
19:33:14 | i 16 | [Phase 1/3] decompose  2.33s / — / —  λ=1.0  vb ac_avg
19:34:14 | i 16 | [Phase 2/3] route  60.33s / 30.18s / 199.9%  filo  k=14
19:34:20 | i 15 | [ ASYNC BG] bg_ails  68.43s / 60.63s / 112.9%
19:34:20 | i 16 | [HAOS ROLL] k=14  λ=1.0  vb  ac_avg  filo  P≈0.000641
19:34:20 | i 16 | [ Summary ] cost=412453.00  Δ_S*=+1.69%  Δ_BKS=+1.98%  Δ_S*_BKS=+0.28%  no_improve=10
19:34:20 | i 17 | [HAOS ROLL] k=4  λ=0.8  vb  kmedoids  filo2  P≈0.000354
19:34:23 | i 17 | [Phase 1/3] decompose  2.77s / — / —  λ=0.8  vb kmedoids
19:35:36 | i 17 | [Phase 2/3] route  73.17s / 73.32s / 99.8%  filo2  k=4
19:35:36 | i 16 | [ ASYNC BG] bg_ails  68.52s / 60.00s / 114.2%
19:35:36 | i 17 | [HAOS ROLL] k=4  λ=0.8  vb  kmedoids  filo2  P≈0.000354
19:35:36 | i 17 | [ Summary ] cost=409073.00  Δ_S*=+0.86%  Δ_BKS=+1.15%  Δ_S*_BKS=+0.28%  no_improve=12
19:35:36 | i 18 | [HAOS ROLL] k=14  λ=1.0  rb  kmeans  ails2  P≈0.000785
19:35:38 | i 18 | [Phase 1/3] decompose  1.75s / — / —  λ=1.0  rb kmeans
19:36:36 | i 18 | [Phase 2/3] route  58.16s / 30.60s / 190.1%  ails2  k=14
19:36:56 | i 17 | [ ASYNC BG] bg_ails  79.46s / 71.56s / 111.0%
19:36:56 | i 18 | [HAOS ROLL] k=14  λ=1.0  rb  kmeans  ails2  P≈0.000785
19:36:56 | i 18 | [ Summary ] cost=405781.00  Δ_S*=+0.05%  Δ_BKS=+0.33%  Δ_S*_BKS=+0.28%  no_improve=14
19:36:56 | i 19 | [HAOS ROLL] k=14  λ=0.8  vb  kmedoids  filo  P≈0.000859
19:36:58 | i 19 | [Phase 1/3] decompose  2.19s / — / —  λ=0.8  vb kmedoids
19:37:58 | i 19 | [Phase 2/3] route  60.14s / 26.70s / 225.2%  filo  k=14
19:38:05 | i 18 | [ ASYNC BG] bg_ails  69.55s / 61.84s / 112.5%
19:38:05 | i 19 | [HAOS ROLL] k=14  λ=0.8  vb  kmedoids  filo  P≈0.000859
19:38:05 | i 19 | [ Summary ] cost=415548.00  Δ_S*=+2.46%  Δ_BKS=+2.75%  Δ_S*_BKS=+0.28%  no_improve=16
19:38:05 | i 20 | [HAOS ROLL] k=12  λ=0.6  vb  kmedoids  filo  P≈0.000388
19:38:07 | i 20 | [Phase 1/3] decompose  2.01s / — / —  λ=0.6  vb kmedoids
19:39:04 | i 20 | [Phase 2/3] route  56.13s / 34.32s / 163.6%  filo  k=12
19:39:14 | i 19 | [ ASYNC BG] bg_ails  68.55s / 60.00s / 114.2%
19:39:14 | i 20 | [HAOS ROLL] k=12  λ=0.6  vb  kmedoids  filo  P≈0.000388
19:39:14 | i 20 | [ Summary ] cost=413213.00  Δ_S*=+1.88%  Δ_BKS=+2.17%  Δ_S*_BKS=+0.28%  no_improve=18
19:39:14 | i 21 | [HAOS ROLL] k=20  λ=0.4  rb  kmeans  filo  P≈0.000315
19:39:16 | i 21 | [Phase 1/3] decompose  1.77s / — / —  λ=0.4  rb kmeans
19:40:12 | i 21 | [Phase 2/3] route  56.14s / 23.64s / 237.5%  filo  k=20
19:40:22 | i 20 | [ ASYNC BG] bg_ails  68.48s / 60.00s / 114.1%
19:40:22 | i 21 | [HAOS ROLL] k=20  λ=0.4  rb  kmeans  filo  P≈0.000315
19:40:22 | i 21 | [ Summary ] cost=407348.00  Δ_S*=+0.44%  Δ_BKS=+0.72%  Δ_S*_BKS=+0.28%  no_improve=20
19:40:22 | i 22 | [HAOS ROLL] k=2  λ=0.4  rb  ac_complete  ails2  P≈0.000325
19:40:24 | i 22 | [Phase 1/3] decompose  1.65s / — / —  λ=0.4  rb ac_complete
19:43:06 | i 22 | [Phase 2/3] route  162.25s / 159.30s / 101.9%  ails2  k=2
19:43:06 | i 21 | [ ASYNC BG] bg_ails  68.50s / 60.00s / 114.2%
19:43:07 | i 22 | [HAOS ROLL] k=2  λ=0.4  rb  ac_complete  ails2  P≈0.000325
19:43:07 | i 22 | [ Summary ] cost=405988.00  Δ_S*=+0.10%  Δ_BKS=+0.39%  Δ_S*_BKS=+0.28%  no_improve=22
19:43:07 | i 23 | [HAOS ROLL] k=3  λ=0.6  vb  kmeans  filo  P≈0.000369
19:43:08 | i 23 | [Phase 1/3] decompose  1.63s / — / —  λ=0.6  vb kmeans
19:45:02 | i 23 | [Phase 2/3] route  113.31s / 112.86s / 100.4%  filo  k=3
19:45:50 | i 22 | [ ASYNC BG] bg_ails  163.58s / 155.48s / 105.2%
19:45:50 | i 23 | [HAOS ROLL] k=3  λ=0.6  vb  kmeans  filo  P≈0.000369
19:45:50 | i 23 | [ Summary ] cost=408641.00  Δ_S*=+0.75%  Δ_BKS=+1.04%  Δ_S*_BKS=+0.28%  no_improve=24
19:45:50 | i 24 | [HAOS ROLL] k=17  λ=0.8  vb  ac_complete  pyvrp  P≈0.000336
19:45:53 | i 24 | [Phase 1/3] decompose  2.28s / — / —  λ=0.8  vb ac_complete
19:46:45 | i 24 | [Phase 2/3] route  52.90s / 28.98s / 182.5%  pyvrp  k=17
19:47:48 | i 23 | [ ASYNC BG] bg_ails  118.41s / 110.15s / 107.5%
19:47:49 | i 24 | [HAOS ROLL] k=17  λ=0.8  vb  ac_complete  pyvrp  P≈0.000336
19:47:49 | i 24 | [ Summary ] cost=417877.00  Δ_S*=+3.03%  Δ_BKS=+3.33%  Δ_S*_BKS=+0.28%  no_improve=26
19:47:49 | i 17 | [ASYNC 1/2] sp_sc  286.06s / 720.00s / 39.7%  SP  avg_coverage=31.73/5  pool=10000
19:47:49 | i 17 | [ASYNC 2/2] standard_ails  366.54s / 360.00s / 101.8%
19:49:02 | i 24 | [ ASYNC BG] bg_ails  68.28s / 60.00s / 113.8%
19:49:02 | i 25 | [HAOS ROLL] k=3  λ=0.4  rb  ac_complete  ails2  P≈0.001125
19:49:04 | i 25 | [Phase 1/3] decompose  1.63s / — / —  λ=0.4  rb ac_complete
19:51:17 | i 25 | [Phase 2/3] route  133.67s / 131.28s / 101.8%  ails2  k=3
19:51:18 | i 25 | [HAOS ROLL] k=3  λ=0.4  rb  ac_complete  ails2  P≈0.001125
19:51:18 | i 25 | [ Summary ] cost=405600.00  Δ_S*=+0.01%  Δ_BKS=+0.29%  Δ_S*_BKS=+0.28%  no_improve=29
19:51:18 | i 26 | [HAOS ROLL] k=17  λ=0.8  vb  fcm  pyvrp  P≈0.000196
19:51:22 | i 26 | [Phase 1/3] decompose  4.05s / — / —  λ=0.8  vb fcm
19:52:18 | i 26 | [Phase 2/3] route  56.49s / 20.34s / 277.7%  pyvrp  k=17
19:53:34 | i 25 | [ ASYNC BG] bg_ails  136.44s / 128.13s / 106.5%
19:53:34 | i 26 | [HAOS ROLL] k=17  λ=0.8  vb  fcm  pyvrp  P≈0.000196
19:53:34 | i 26 | [ Summary ] cost=419199.00  Δ_S*=+3.36%  Δ_BKS=+3.65%  Δ_S*_BKS=+0.28%  no_improve=31
19:53:34 | i 27 | [HAOS ROLL] k=2  λ=0.2  rb  kmeans  ails2  P≈0.000465
19:53:36 | i 27 | [Phase 1/3] decompose  1.67s / — / —  λ=0.2  rb kmeans
19:56:07 | i 27 | [Phase 2/3] route  150.97s / 148.38s / 101.7%  ails2  k=2
19:56:07 | i 26 | [ ASYNC BG] bg_ails  68.41s / 60.00s / 114.0%
19:56:07 | i 27 | [HAOS ROLL] k=2  λ=0.2  rb  kmeans  ails2  P≈0.000465
19:56:07 | i 27 | [ Summary ] cost=405889.00  Δ_S*=+0.08%  Δ_BKS=+0.36%  Δ_S*_BKS=+0.28%  no_improve=33
19:56:07 | i 28 | [HAOS ROLL] k=14  λ=0.2  vb  ac_complete  ails2  P≈0.000705
19:56:10 | i 28 | [Phase 1/3] decompose  2.28s / — / —  λ=0.2  vb ac_complete
19:57:13 | i 28 | [Phase 2/3] route  63.22s / 37.02s / 170.8%  ails2  k=14
19:58:39 | i 27 | [ ASYNC BG] bg_ails  152.49s / 144.82s / 105.3%
19:58:40 | i 28 | [HAOS ROLL] k=14  λ=0.2  vb  ac_complete  ails2  P≈0.000705
19:58:40 | i 28 | [ Summary ] cost=415784.00  Δ_S*=+2.52%  Δ_BKS=+2.81%  Δ_S*_BKS=+0.28%  no_improve=35
19:58:40 | i 29 | [HAOS ROLL] k=10  λ=0.0  rb  kmeans  ails2  P≈0.000406
19:58:41 | i 29 | [Phase 1/3] decompose  1.24s / — / —  λ=0.0  rb kmeans
19:59:45 | i 29 | [Phase 2/3] route  64.32s / 39.42s / 163.2%  ails2  k=10
19:59:50 | i 28 | [ ASYNC BG] bg_ails  70.41s / 62.56s / 112.5%
19:59:50 | i 29 | [HAOS ROLL] k=10  λ=0.0  rb  kmeans  ails2  P≈0.000406
19:59:50 | i 29 | [ Summary ] cost=405778.00  Δ_S*=+0.05%  Δ_BKS=+0.33%  Δ_S*_BKS=+0.28%  no_improve=37
19:59:50 | i 30 | [HAOS ROLL] k=6  λ=0.4  vb  fcm  ails2  P≈0.000503
19:59:52 | i 30 | [Phase 1/3] decompose  1.84s / — / —  λ=0.4  vb fcm
20:00:46 | i 30 | [Phase 2/3] route  53.46s / 51.72s / 103.4%  ails2  k=6
20:00:58 | i 29 | [ ASYNC BG] bg_ails  68.07s / 60.84s / 111.9%
20:00:58 | i 30 | [HAOS ROLL] k=6  λ=0.4  vb  fcm  ails2  P≈0.000503
20:00:58 | i 30 | [ Summary ] cost=409445.00  Δ_S*=+0.95%  Δ_BKS=+1.24%  Δ_S*_BKS=+0.28%  no_improve=39
20:00:58 | i 31 | [HAOS ROLL] k=10  λ=1.0  vb  fcm  filo  P≈0.000534
20:01:01 | i 31 | [Phase 1/3] decompose  2.33s / — / —  λ=1.0  vb fcm
20:02:01 | i 31 | [Phase 2/3] route  60.14s / 34.32s / 175.2%  filo  k=10
20:02:06 | i 30 | [ ASYNC BG] bg_ails  68.51s / 60.00s / 114.2%
20:02:07 | i 31 | [HAOS ROLL] k=10  λ=1.0  vb  fcm  filo  P≈0.000534
20:02:07 | i 31 | [ Summary ] cost=411529.00  Δ_S*=+1.47%  Δ_BKS=+1.76%  Δ_S*_BKS=+0.28%  no_improve=41
20:02:07 | i 32 | [HAOS ROLL] k=2  λ=0.6  vb  kmeans  ails2  P≈0.000566
20:02:08 | i 32 | [Phase 1/3] decompose  1.64s / — / —  λ=0.6  vb kmeans
20:04:37 | i 32 | [Phase 2/3] route  148.02s / 145.98s / 101.4%  ails2  k=2
20:04:37 | i 31 | [ ASYNC BG] bg_ails  68.47s / 60.00s / 114.1%
20:04:37 | i 32 | [HAOS ROLL] k=2  λ=0.6  vb  kmeans  ails2  P≈0.000566
20:04:37 | i 32 | [ Summary ] cost=406340.00  Δ_S*=+0.19%  Δ_BKS=+0.47%  Δ_S*_BKS=+0.28%  no_improve=43
20:04:37 | i 33 | [HAOS ROLL] k=14  λ=0.6  vb  ac_complete  ails2  P≈0.001573
20:04:39 | i 33 | [Phase 1/3] decompose  2.36s / — / —  λ=0.6  vb ac_complete
20:05:42 | i 33 | [Phase 2/3] route  62.26s / 37.80s / 164.7%  ails2  k=14
20:07:07 | i 32 | [ ASYNC BG] bg_ails  150.52s / 142.48s / 105.6%
20:07:07 | i 33 | [HAOS ROLL] k=14  λ=0.6  vb  ac_complete  ails2  P≈0.001573
20:07:08 | i 33 | [ Summary ] cost=414199.00  Δ_S*=+2.13%  Δ_BKS=+2.42%  Δ_S*_BKS=+0.28%  no_improve=45
20:07:08 | i 27 | [ASYNC 1/2] sp_sc  147.43s / 720.00s / 20.5%  SP  avg_coverage=29.85/5  pool=10000
20:07:08 | i 27 | [ASYNC 2/2] standard_ails  366.44s / 360.00s / 101.8%
20:08:22 | i 27 | [ IMPROVE ] 405442.00  via standard_ails  ·  Δ_BKS=+0.25%
20:08:22 | i 34 | [HAOS ROLL] k=2  λ=0.8  vb  fcm  ails2  P≈0.001858
20:08:24 | i 34 | [Phase 1/3] decompose  1.82s / — / —  λ=0.8  vb fcm
20:10:52 | i 34 | [Phase 2/3] route  148.05s / 145.62s / 101.7%  ails2  k=2
20:10:52 | i 33 | [ ASYNC BG] bg_ails  75.44s / 67.71s / 111.4%
20:10:53 | i 34 | [HAOS ROLL] k=2  λ=0.8  vb  fcm  ails2  P≈0.001858
20:10:53 | i 34 | [ Summary ] cost=407556.00  Δ_S*=+0.52%  Δ_BKS=+0.77%  Δ_S*_BKS=+0.25%  no_improve=2
20:10:53 | i 35 | [HAOS ROLL] k=17  λ=1.0  vb  ac_avg  ails2  P≈0.002413
20:10:55 | i 35 | [Phase 1/3] decompose  2.29s / — / —  λ=1.0  vb ac_avg
20:11:53 | i 35 | [Phase 2/3] route  58.26s / 22.98s / 253.5%  ails2  k=17
20:13:23 | i 34 | [ ASYNC BG] bg_ails  150.54s / 142.13s / 105.9%
20:13:23 | i 35 | [HAOS ROLL] k=17  λ=1.0  vb  ac_avg  ails2  P≈0.002413
20:13:23 | i 35 | [ Summary ] cost=415357.00  Δ_S*=+2.45%  Δ_BKS=+2.70%  Δ_S*_BKS=+0.25%  no_improve=4
20:13:23 | i 36 | [HAOS ROLL] k=4  λ=0.2  rb  ac_complete  ails2  P≈0.002090
20:13:25 | i 36 | [Phase 1/3] decompose  1.67s / — / —  λ=0.2  rb ac_complete
20:15:05 | i 36 | [Phase 2/3] route  99.61s / 97.08s / 102.6%  ails2  k=4
20:15:05 | i 35 | [ ASYNC BG] bg_ails  68.52s / 60.00s / 114.2%
20:15:05 | i 36 | [HAOS ROLL] k=4  λ=0.2  rb  ac_complete  ails2  P≈0.002090
20:15:05 | i 36 | [ Summary ] cost=405938.00  Δ_S*=+0.12%  Δ_BKS=+0.37%  Δ_S*_BKS=+0.25%  no_improve=6
20:15:05 | i 37 | [HAOS ROLL] k=14  λ=0.4  rb  ac_complete  filo  P≈0.001460
20:15:07 | i 37 | [Phase 1/3] decompose  1.74s / — / —  λ=0.4  rb ac_complete
20:15:58 | i 37 | [Phase 2/3] route  51.14s / 30.90s / 165.5%  filo  k=14
20:16:47 | i 36 | [ ASYNC BG] bg_ails  102.50s / 94.75s / 108.2%
20:16:47 | i 37 | [HAOS ROLL] k=14  λ=0.4  rb  ac_complete  filo  P≈0.001460
20:16:48 | i 37 | [ Summary ] cost=407862.00  Δ_S*=+0.60%  Δ_BKS=+0.85%  Δ_S*_BKS=+0.25%  no_improve=8
20:16:48 | i 38 | [HAOS ROLL] k=4  λ=0.6  rb  kmeans  ails2  P≈0.002217
20:16:49 | i 38 | [Phase 1/3] decompose  1.64s / — / —  λ=0.6  rb kmeans
20:18:11 | i 38 | [Phase 2/3] route  81.22s / 79.08s / 102.7%  ails2  k=4
20:18:11 | i 37 | [ ASYNC BG] bg_ails  68.58s / 60.00s / 114.3%
20:18:11 | i 38 | [HAOS ROLL] k=4  λ=0.6  rb  kmeans  ails2  P≈0.002217
20:18:11 | i 38 | [ Summary ] cost=405906.00  Δ_S*=+0.11%  Δ_BKS=+0.37%  Δ_S*_BKS=+0.25%  no_improve=10
20:18:11 | i 39 | [HAOS ROLL] k=12  λ=1.0  vb  ac_avg  filo  P≈0.000488
20:18:13 | i 39 | [Phase 1/3] decompose  2.39s / — / —  λ=1.0  vb ac_avg
20:19:11 | i 39 | [Phase 2/3] route  57.14s / 45.42s / 125.8%  filo  k=12
20:19:36 | i 38 | [ ASYNC BG] bg_ails  85.54s / 77.18s / 110.8%
20:19:36 | i 39 | [HAOS ROLL] k=12  λ=1.0  vb  ac_avg  filo  P≈0.000488
20:19:37 | i 39 | [ Summary ] cost=412275.00  Δ_S*=+1.69%  Δ_BKS=+1.94%  Δ_S*_BKS=+0.25%  no_improve=12
20:19:37 | i 40 | [HAOS ROLL] k=17  λ=0.0  rb  kmeans  ails2  P≈0.001050
20:19:38 | i 40 | [Phase 1/3] decompose  1.28s / — / —  λ=0.0  rb kmeans
20:20:37 | i 40 | [Phase 2/3] route  59.23s / 23.52s / 251.8%  ails2  k=17
20:20:45 | i 39 | [ ASYNC BG] bg_ails  68.52s / 60.00s / 114.2%
20:20:45 | i 40 | [HAOS ROLL] k=17  λ=0.0  rb  kmeans  ails2  P≈0.001050
20:20:45 | i 40 | [ Summary ] cost=405856.00  Δ_S*=+0.10%  Δ_BKS=+0.35%  Δ_S*_BKS=+0.25%  no_improve=14
20:20:45 | i 41 | [HAOS ROLL] k=17  λ=0.4  vb  fcm  ails2  P≈0.002151
20:20:48 | i 41 | [Phase 1/3] decompose  2.95s / — / —  λ=0.4  vb fcm
20:21:45 | i 41 | [Phase 2/3] route  57.29s / 22.20s / 258.1%  ails2  k=17
20:21:53 | i 40 | [ ASYNC BG] bg_ails  68.20s / 60.00s / 113.7%
20:21:53 | i 41 | [HAOS ROLL] k=17  λ=0.4  vb  fcm  ails2  P≈0.002151
20:21:53 | i 41 | [ Summary ] cost=414925.00  Δ_S*=+2.34%  Δ_BKS=+2.60%  Δ_S*_BKS=+0.25%  no_improve=16
20:21:53 | i 42 | [HAOS ROLL] k=3  λ=0.8  rb  ac_avg  ails2  P≈0.000592
20:21:55 | i 42 | [Phase 1/3] decompose  1.68s / — / —  λ=0.8  rb ac_avg
20:24:40 | i 42 | [Phase 2/3] route  165.37s / 162.48s / 101.8%  ails2  k=3
20:24:40 | i 41 | [ ASYNC BG] bg_ails  68.56s / 60.00s / 114.3%
20:24:41 | i 42 | [HAOS ROLL] k=3  λ=0.8  rb  ac_avg  ails2  P≈0.000592
20:24:41 | i 42 | [ Summary ] cost=406432.00  Δ_S*=+0.24%  Δ_BKS=+0.50%  Δ_S*_BKS=+0.25%  no_improve=18
20:24:41 | i 43 | [HAOS ROLL] k=8  λ=0.4  rb  ac_complete  ails2  P≈0.001811
20:24:42 | i 43 | [Phase 1/3] decompose  1.63s / — / —  λ=0.4  rb ac_complete
20:25:48 | i 43 | [Phase 2/3] route  66.07s / 54.06s / 122.2%  ails2  k=8
20:27:27 | i 42 | [ ASYNC BG] bg_ails  166.32s / 158.58s / 104.9%
20:27:27 | i 43 | [HAOS ROLL] k=8  λ=0.4  rb  ac_complete  ails2  P≈0.001811
20:27:27 | i 43 | [ Summary ] cost=405784.00  Δ_S*=+0.08%  Δ_BKS=+0.34%  Δ_S*_BKS=+0.25%  no_improve=20
20:27:27 | i 37 | [ASYNC 1/2] sp_sc  141.05s / 720.00s / 19.6%  SP  avg_coverage=28.59/5  pool=10000
20:27:27 | i 37 | [ASYNC 2/2] standard_ails  366.59s / 360.00s / 101.8%
20:28:40 | i 37 | [ IMPROVE ] 405437.00  via standard_ails  ·  Δ_BKS=+0.25%
20:28:40 | i 44 | [HAOS ROLL] k=10  λ=0.6  vb  kmedoids  ails2  P≈0.000266
20:28:42 | i 44 | [Phase 1/3] decompose  2.29s / — / —  λ=0.6  vb kmedoids
20:29:44 | i 44 | [Phase 2/3] route  62.18s / 37.08s / 167.7%  ails2  k=10
20:29:44 | i 43 | [ ASYNC BG] bg_ails  80.32s / 72.94s / 110.1%
20:29:45 | i 44 | [HAOS ROLL] k=10  λ=0.6  vb  kmedoids  ails2  P≈0.000266
20:29:45 | i 44 | [ Summary ] cost=410968.00  Δ_S*=+1.36%  Δ_BKS=+1.62%  Δ_S*_BKS=+0.25%  no_improve=2
20:29:45 | i 45 | [HAOS ROLL] k=3  λ=0.6  vb  ac_avg  filo  P≈0.000695
20:29:47 | i 45 | [Phase 1/3] decompose  2.33s / — / —  λ=0.6  vb ac_avg
20:31:37 | i 45 | [Phase 2/3] route  109.28s / 108.72s / 100.5%  filo  k=3
20:31:37 | i 44 | [ ASYNC BG] bg_ails  68.43s / 60.00s / 114.1%
20:31:37 | i 45 | [HAOS ROLL] k=3  λ=0.6  vb  ac_avg  filo  P≈0.000695
20:31:37 | i 45 | [ Summary ] cost=408735.00  Δ_S*=+0.81%  Δ_BKS=+1.06%  Δ_S*_BKS=+0.25%  no_improve=4
20:31:37 | i 46 | [HAOS ROLL] k=17  λ=0.8  rb  kmeans  filo  P≈0.001977
20:31:39 | i 46 | [Phase 1/3] decompose  1.68s / — / —  λ=0.8  rb kmeans
20:32:34 | i 46 | [Phase 2/3] route  55.13s / 24.78s / 222.5%  filo  k=17
20:33:31 | i 45 | [ ASYNC BG] bg_ails  114.52s / 106.11s / 107.9%
20:33:32 | i 46 | [HAOS ROLL] k=17  λ=0.8  rb  kmeans  filo  P≈0.001977
20:33:32 | i 46 | [ Summary ] cost=407575.00  Δ_S*=+0.53%  Δ_BKS=+0.78%  Δ_S*_BKS=+0.25%  no_improve=6
20:33:32 | i 47 | [HAOS ROLL] k=14  λ=0.6  rb  ac_complete  filo  P≈0.001521
20:33:33 | i 47 | [Phase 1/3] decompose  1.67s / — / —  λ=0.6  rb ac_complete
20:34:27 | i 47 | [Phase 2/3] route  53.13s / 29.04s / 183.0%  filo  k=14
20:34:40 | i 46 | [ ASYNC BG] bg_ails  68.41s / 60.00s / 114.0%
20:34:40 | i 47 | [HAOS ROLL] k=14  λ=0.6  rb  ac_complete  filo  P≈0.001521
20:34:40 | i 47 | [ Summary ] cost=407983.00  Δ_S*=+0.63%  Δ_BKS=+0.88%  Δ_S*_BKS=+0.25%  no_improve=8
20:34:40 | i 48 | [HAOS ROLL] k=2  λ=0.4  vb  kmedoids  ails2  P≈0.000822
20:34:42 | i 48 | [Phase 1/3] decompose  2.07s / — / —  λ=0.4  vb kmedoids
20:37:16 | i 48 | [Phase 2/3] route  154.08s / 151.26s / 101.9%  ails2  k=2
20:37:16 | i 47 | [ ASYNC BG] bg_ails  68.46s / 60.00s / 114.1%
20:37:17 | i 48 | [HAOS ROLL] k=2  λ=0.4  vb  kmedoids  ails2  P≈0.000822
20:37:17 | i 48 | [ Summary ] cost=406604.00  Δ_S*=+0.29%  Δ_BKS=+0.54%  Δ_S*_BKS=+0.25%  no_improve=10
20:37:17 | i 49 | [HAOS ROLL] k=3  λ=1.0  vb  ac_complete  ails2  P≈0.001242
20:37:19 | i 49 | [Phase 1/3] decompose  2.31s / — / —  λ=1.0  vb ac_complete
20:39:15 | i 49 | [Phase 2/3] route  115.46s / 113.70s / 101.6%  ails2  k=3
20:39:52 | i 48 | [ ASYNC BG] bg_ails  155.53s / 147.63s / 105.4%
20:39:52 | i 49 | [HAOS ROLL] k=3  λ=1.0  vb  ac_complete  ails2  P≈0.001242
20:39:52 | i 49 | [ Summary ] cost=408090.00  Δ_S*=+0.65%  Δ_BKS=+0.91%  Δ_S*_BKS=+0.25%  no_improve=12
20:39:52 | i 50 | [HAOS ROLL] k=20  λ=1.0  rb  kmeans  ails2  P≈0.001422
20:39:54 | i 50 | [Phase 1/3] decompose  1.68s / — / —  λ=1.0  rb kmeans
20:40:54 | i 50 | [Phase 2/3] route  59.44s / 19.38s / 306.7%  ails2  k=20
20:41:51 | i 49 | [ ASYNC BG] bg_ails  118.47s / 110.97s / 106.8%
20:41:51 | i 50 | [HAOS ROLL] k=20  λ=1.0  rb  kmeans  ails2  P≈0.001422
20:41:51 | i 50 | [ Summary ] cost=405585.00  Δ_S*=+0.04%  Δ_BKS=+0.29%  Δ_S*_BKS=+0.25%  no_improve=14
20:41:51 | i 51 | [HAOS ROLL] k=8  λ=0.4  rb  ac_complete  ails2  P≈0.002780
20:41:53 | i 51 | [Phase 1/3] decompose  1.68s / — / —  λ=0.4  rb ac_complete
20:43:01 | i 51 | [Phase 2/3] route  68.27s / 46.80s / 145.9%  ails2  k=8
20:43:01 | i 50 | [ ASYNC BG] bg_ails  68.76s / 60.00s / 114.6%
20:43:01 | i 51 | [HAOS ROLL] k=8  λ=0.4  rb  ac_complete  ails2  P≈0.002780
20:43:01 | i 51 | [ Summary ] cost=405770.00  Δ_S*=+0.08%  Δ_BKS=+0.33%  Δ_S*_BKS=+0.25%  no_improve=16
20:43:01 | i 52 | [HAOS ROLL] k=4  λ=0.0  rb  ac_complete  filo2  P≈0.000090
20:43:03 | i 52 | [Phase 1/3] decompose  1.26s / — / —  λ=0.0  rb ac_complete
20:44:34 | i 52 | [Phase 2/3] route  91.24s / 91.08s / 100.2%  filo2  k=4
20:44:34 | i 51 | [ ASYNC BG] bg_ails  69.53s / 61.05s / 113.9%
20:44:34 | i 52 | [HAOS ROLL] k=4  λ=0.0  rb  ac_complete  filo2  P≈0.000090
20:44:34 | i 52 | [ Summary ] cost=407566.00  Δ_S*=+0.53%  Δ_BKS=+0.78%  Δ_S*_BKS=+0.25%  no_improve=18
20:44:34 | i 53 | [HAOS ROLL] k=3  λ=0.8  vb  ac_avg  ails2  P≈0.002514
20:44:37 | i 53 | [Phase 1/3] decompose  2.39s / — / —  λ=0.8  vb ac_avg
20:47:07 | i 53 | [Phase 2/3] route  150.08s / 147.84s / 101.5%  ails2  k=3
20:47:07 | i 52 | [ ASYNC BG] bg_ails  96.16s / 88.89s / 108.2%
20:47:07 | i 53 | [HAOS ROLL] k=3  λ=0.8  vb  ac_avg  ails2  P≈0.002514
20:47:07 | i 53 | [ Summary ] cost=408282.00  Δ_S*=+0.70%  Δ_BKS=+0.95%  Δ_S*_BKS=+0.25%  no_improve=20
20:47:07 | i 48 | [ASYNC 1/2] sp_sc  77.86s / 720.00s / 10.8%  SP  avg_coverage=28.51/5  pool=10000
20:47:07 | i 48 | [ASYNC 2/2] standard_ails  366.49s / 360.00s / 101.8%
20:48:21 | i 48 | [ IMPROVE ] 405386.00  via standard_ails  ·  Δ_BKS=+0.24%
20:48:21 | i 54 | [HAOS ROLL] k=20  λ=0.2  rb  kmeans  filo  P≈0.000473
20:48:22 | i 54 | [Phase 1/3] decompose  1.74s / — / —  λ=0.2  rb kmeans
20:49:21 | i 54 | [Phase 2/3] route  59.16s / 20.52s / 288.3%  filo  k=20
20:49:39 | i 53 | [ ASYNC BG] bg_ails  152.30s / 144.29s / 105.5%
20:49:40 | i 54 | [HAOS ROLL] k=20  λ=0.2  rb  kmeans  filo  P≈0.000473
20:49:40 | i 54 | [ Summary ] cost=407369.00  Δ_S*=+0.49%  Δ_BKS=+0.73%  Δ_S*_BKS=+0.24%  no_improve=2
20:49:40 | i 55 | [HAOS ROLL] k=12  λ=0.2  rb  ac_complete  filo  P≈0.001629
20:49:41 | i 55 | [Phase 1/3] decompose  1.71s / — / —  λ=0.2  rb ac_complete
20:50:36 | i 55 | [Phase 2/3] route  54.14s / 44.46s / 121.8%  filo  k=12
20:50:48 | i 54 | [ ASYNC BG] bg_ails  68.72s / 60.00s / 114.5%
20:50:48 | i 55 | [HAOS ROLL] k=12  λ=0.2  rb  ac_complete  filo  P≈0.001629
20:50:48 | i 55 | [ Summary ] cost=407189.00  Δ_S*=+0.44%  Δ_BKS=+0.68%  Δ_S*_BKS=+0.24%  no_improve=4
20:50:48 | i 56 | [HAOS ROLL] k=14  λ=0.6  vb  ac_avg  filo  P≈0.001111
20:50:51 | i 56 | [Phase 1/3] decompose  2.30s / — / —  λ=0.6  vb ac_avg
20:51:47 | i 56 | [Phase 2/3] route  56.13s / 30.60s / 183.4%  filo  k=14
20:52:00 | i 55 | [ ASYNC BG] bg_ails  71.54s / 63.32s / 113.0%
20:52:00 | i 56 | [HAOS ROLL] k=14  λ=0.6  vb  ac_avg  filo  P≈0.001111
20:52:00 | i 56 | [ Summary ] cost=413412.00  Δ_S*=+1.98%  Δ_BKS=+2.22%  Δ_S*_BKS=+0.24%  no_improve=6
20:52:00 | i 57 | [HAOS ROLL] k=12  λ=0.0  vb  ac_avg  ails2  P≈0.000561
20:52:02 | i 57 | [Phase 1/3] decompose  1.95s / — / —  λ=0.0  vb ac_avg
20:52:55 | i 57 | [Phase 2/3] route  53.30s / 35.88s / 148.6%  ails2  k=12
20:53:08 | i 56 | [ ASYNC BG] bg_ails  68.42s / 60.00s / 114.0%
20:53:08 | i 57 | [HAOS ROLL] k=12  λ=0.0  vb  ac_avg  ails2  P≈0.000561
20:53:08 | i 57 | [ Summary ] cost=414088.00  Δ_S*=+2.15%  Δ_BKS=+2.39%  Δ_S*_BKS=+0.24%  no_improve=8
20:53:08 | i 58 | [HAOS ROLL] k=17  λ=0.4  vb  ac_complete  ails2  P≈0.001048
20:53:11 | i 58 | [Phase 1/3] decompose  2.33s / — / —  λ=0.4  vb ac_complete
20:54:06 | i 58 | [Phase 2/3] route  55.31s / 25.68s / 215.4%  ails2  k=17
20:54:16 | i 57 | [ ASYNC BG] bg_ails  68.13s / 60.00s / 113.6%
20:54:16 | i 58 | [HAOS ROLL] k=17  λ=0.4  vb  ac_complete  ails2  P≈0.001048
20:54:17 | i 58 | [ Summary ] cost=418153.00  Δ_S*=+3.15%  Δ_BKS=+3.39%  Δ_S*_BKS=+0.24%  no_improve=10
20:54:17 | i 59 | [HAOS ROLL] k=3  λ=0.6  rb  kmeans  filo  P≈0.001679
20:54:18 | i 59 | [Phase 1/3] decompose  1.68s / — / —  λ=0.6  rb kmeans
20:56:12 | i 59 | [Phase 2/3] route  113.31s / 113.22s / 100.1%  filo  k=3
20:56:12 | i 58 | [ ASYNC BG] bg_ails  68.60s / 60.00s / 114.3%
20:56:12 | i 59 | [HAOS ROLL] k=3  λ=0.6  rb  kmeans  filo  P≈0.001679
20:56:12 | i 59 | [ Summary ] cost=408118.00  Δ_S*=+0.67%  Δ_BKS=+0.91%  Δ_S*_BKS=+0.24%  no_improve=12
20:56:12 | i 60 | [HAOS ROLL] k=4  λ=0.6  vb  ac_avg  filo  P≈0.001204
20:56:14 | i 60 | [Phase 1/3] decompose  2.31s / — / —  λ=0.6  vb ac_avg
20:57:59 | i 60 | [Phase 2/3] route  104.27s / 103.68s / 100.6%  filo  k=4
20:58:10 | i 59 | [ ASYNC BG] bg_ails  118.42s / 110.50s / 107.2%
20:58:10 | i 60 | [HAOS ROLL] k=4  λ=0.6  vb  ac_avg  filo  P≈0.001204
20:58:11 | i 60 | [ Summary ] cost=408919.00  Δ_S*=+0.87%  Δ_BKS=+1.11%  Δ_S*_BKS=+0.24%  no_improve=14
20:58:11 | i 61 | [HAOS ROLL] k=3  λ=0.6  vb  ac_avg  ails2  P≈0.002245
20:58:13 | i 61 | [Phase 1/3] decompose  2.34s / — / —  λ=0.6  vb ac_avg
21:00:03 | i 61 | [Phase 2/3] route  110.43s / 108.72s / 101.6%  ails2  k=3
21:00:03 | i 60 | [ ASYNC BG] bg_ails  109.50s / 101.19s / 108.2%
21:00:04 | i 61 | [HAOS ROLL] k=3  λ=0.6  vb  ac_avg  ails2  P≈0.002245
21:00:04 | i 61 | [ Summary ] cost=407013.00  Δ_S*=+0.40%  Δ_BKS=+0.64%  Δ_S*_BKS=+0.24%  no_improve=16
21:00:04 | i 62 | [HAOS ROLL] k=10  λ=0.4  vb  fcm  filo  P≈0.000153
21:00:07 | i 62 | [Phase 1/3] decompose  3.03s / — / —  λ=0.4  vb fcm
21:01:07 | i 62 | [Phase 2/3] route  60.13s / 34.50s / 174.3%  filo  k=10
21:01:58 | i 61 | [ ASYNC BG] bg_ails  114.42s / 106.11s / 107.8%
21:01:58 | i 62 | [HAOS ROLL] k=10  λ=0.4  vb  fcm  filo  P≈0.000153
21:01:58 | i 62 | [ Summary ] cost=413421.00  Δ_S*=+1.98%  Δ_BKS=+2.22%  Δ_S*_BKS=+0.24%  no_improve=18
21:01:58 | i 63 | [HAOS ROLL] k=12  λ=0.8  vb  ac_complete  ails2  P≈0.000821
21:02:01 | i 63 | [Phase 1/3] decompose  2.30s / — / —  λ=0.8  vb ac_complete
21:02:59 | i 63 | [Phase 2/3] route  58.26s / 43.74s / 133.2%  ails2  k=12
21:02:59 | i 63 | [HAOS ROLL] k=12  λ=0.8  vb  ac_complete  ails2  P≈0.000821
21:02:59 | i 63 | [ Summary ] cost=412447.00  Δ_S*=+1.74%  Δ_BKS=+1.98%  Δ_S*_BKS=+0.24%  no_improve=19
21:02:59 | i — | [  FINAL  ] async BG-AILS totals launched=61 applied=61 adopted=3 launch_skipped_cap=2 crashes=0 discarded_in_flight=False block_wait_total_s=1367.1
21:03:29 | i — | [  FINAL  ] async SP/SC totals invocations=6 adopted=4 skipped=0 discarded_in_flight=True sp_busy_frac=0.47818721952944815
21:03:29 | i — | [  FINAL  ] ════════════════════════════════════════
21:03:29 | i — | [  FINAL  ] Run complete  iterations=63  elapsed=02:00:45  best=405386.00
21:03:29 | i — | [  FINAL  ] Δ_BKS=+0.24%  no_improve_stop=False  time_stop=True  cancelled=False
21:03:29 | i — | [  FINAL  ] 
21:03:29 | i — | [  FINAL  ] [BEST SOLUTION — HAOS TAG SUMMARY]
21:03:29 | i — | [  FINAL  ] ────────────────────────────────────────
21:03:29 | i — | [  FINAL  ]   5 routes  vb  ac_avg  k=12  λ=1.0  solver=filo
21:03:29 | i — | [  FINAL  ]   3 routes  rb  ac_complete  k=3  λ=1.0  solver=ails2
21:03:29 | i — | [  FINAL  ]   2 routes  vb  fcm  k=17  λ=0.8  solver=ails2
21:03:29 | i — | [  FINAL  ]   2 routes  rb  ac_complete  k=2  λ=0.4  solver=ails2
21:03:29 | i — | [  FINAL  ]   2 routes  rb  ac_complete  k=4  λ=0.2  solver=pyvrp
21:03:29 | i — | [  FINAL  ]   2 routes  rb  kmeans  k=2  λ=0.0  solver=filo
21:03:29 | i — | [  FINAL  ]   2 routes  rb  ac_complete  k=8  λ=0.4  solver=ails2
21:03:29 | i — | [  FINAL  ]   2 routes  rb  ac_complete  k=14  λ=0.6  solver=filo
21:03:29 | i — | [  FINAL  ]   2 routes  rb  kmeans  k=20  λ=1.0  solver=ails2
21:03:29 | i — | [  FINAL  ]   2 routes  rb  kmeans  k=20  λ=0.2  solver=filo
21:03:29 | i — | [  FINAL  ]   2 routes  rb  ac_complete  k=4  λ=0.0  solver=filo2
21:03:29 | i — | [  FINAL  ]   2 routes  vb  fcm  k=17  λ=0.4  solver=ails2
21:03:29 | i — | [  FINAL  ]   1 routes  vb  ac_avg  k=3  λ=0.8  solver=ails2
21:03:29 | i — | [  FINAL  ]   1 routes  rb  ac_complete  k=14  λ=0.4  solver=filo
21:03:29 | i — | [  FINAL  ]   1 routes  vb  fcm  k=10  λ=1.0  solver=filo
21:03:29 | i — | [  FINAL  ]   1 routes  vb  ac_complete  k=17  λ=0.4  solver=filo2
21:03:29 | i — | [  FINAL  ]   1 routes  vb  ac_avg  k=3  λ=0.8  solver=filo2
21:03:29 | i — | [  FINAL  ]   1 routes  vb  ac_complete  k=3  λ=1.0  solver=ails2
21:03:29 | i — | [  FINAL  ]   1 routes  vb  ac_complete  k=4  λ=0.8  solver=ails2
21:03:29 | i — | [  FINAL  ]   1 routes  rb  kmeans  k=17  λ=0.0  solver=ails2
21:03:29 | i — | [  FINAL  ]   285 routes  post-SP/SC improvement
21:03:29 | i — | [  FINAL  ] 
21:03:29 | i — | [  FINAL  ] [ROUTE POOL — HAOS TAG SUMMARY]
21:03:29 | i — | [  FINAL  ] ────────────────────────────────────────
21:03:29 | i — | [  FINAL  ]   593 routes  rb  kmeans  k=3  λ=0.6  solver=filo
21:03:29 | i — | [  FINAL  ]   591 routes  vb  ac_avg  k=14  λ=0.6  solver=filo
21:03:29 | i — | [  FINAL  ]   578 routes  vb  ac_avg  k=12  λ=0.0  solver=ails2
21:03:29 | i — | [  FINAL  ]   575 routes  vb  ac_avg  k=3  λ=0.6  solver=ails2
21:03:29 | i — | [  FINAL  ]   573 routes  vb  ac_avg  k=4  λ=0.6  solver=filo
21:03:29 | i — | [  FINAL  ]   572 routes  vb  ac_complete  k=17  λ=0.4  solver=ails2
21:03:29 | i — | [  FINAL  ]   566 routes  rb  ac_complete  k=12  λ=0.2  solver=filo
21:03:29 | i — | [  FINAL  ]   545 routes  rb  kmeans  k=20  λ=0.2  solver=filo
21:03:29 | i — | [  FINAL  ]   315 routes  rb  kmeans  k=17  λ=0.8  solver=filo
21:03:29 | i — | [  FINAL  ]   311 routes  vb  kmedoids  k=10  λ=0.6  solver=ails2
21:03:29 | i — | [  FINAL  ]   311 routes  vb  ac_avg  k=3  λ=0.6  solver=filo
21:03:29 | i — | [  FINAL  ]   301 routes  vb  fcm  k=10  λ=0.4  solver=filo
21:03:29 | i — | [  FINAL  ]   297 routes  vb  ac_complete  k=12  λ=0.8  solver=ails2
21:03:29 | i — | [  FINAL  ]   296 routes  vb  ac_avg  k=3  λ=0.8  solver=ails2
21:03:29 | i — | [  FINAL  ]   281 routes  rb  ac_complete  k=14  λ=0.6  solver=filo
21:03:29 | i — | [  FINAL  ]   225 routes  vb  fcm  k=17  λ=0.8  solver=pyvrp
21:03:29 | i — | [  FINAL  ]   185 routes  rb  ac_complete  k=4  λ=0.2  solver=pyvrp
21:03:29 | i — | [  FINAL  ]   175 routes  vb  ac_avg  k=17  λ=1.0  solver=ails2
21:03:29 | i — | [  FINAL  ]   167 routes  vb  ac_avg  k=12  λ=1.0  solver=filo
21:03:29 | i — | [  FINAL  ]   162 routes  vb  ac_complete  k=17  λ=0.4  solver=filo2
21:03:29 | i — | [  FINAL  ]   158 routes  vb  fcm  k=17  λ=0.8  solver=ails2
21:03:29 | i — | [  FINAL  ]   137 routes  vb  kmedoids  k=2  λ=0.4  solver=ails2
21:03:29 | i — | [  FINAL  ]   135 routes  rb  ac_complete  k=8  λ=0.4  solver=ails2
21:03:29 | i — | [  FINAL  ]   129 routes  vb  ac_avg  k=14  λ=1.0  solver=filo
21:03:29 | i — | [  FINAL  ]   121 routes  vb  ac_avg  k=10  λ=0.2  solver=ails2
21:03:29 | i — | [  FINAL  ]   116 routes  vb  ac_complete  k=17  λ=0.8  solver=pyvrp
21:03:29 | i — | [  FINAL  ]   113 routes  vb  ac_complete  k=14  λ=0.6  solver=ails2
21:03:29 | i — | [  FINAL  ]   101 routes  vb  kmeans  k=8  λ=0.6  solver=ails2
21:03:29 | i — | [  FINAL  ]   97 routes  vb  fcm  k=2  λ=0.8  solver=ails2
21:03:29 | i — | [  FINAL  ]   90 routes  vb  ac_complete  k=2  λ=1.0  solver=filo
21:03:29 | i — | [  FINAL  ]   84 routes  vb  kmedoids  k=4  λ=0.8  solver=filo2
21:03:29 | i — | [  FINAL  ]   79 routes  rb  ac_complete  k=14  λ=0.4  solver=filo
21:03:29 | i — | [  FINAL  ]   71 routes  rb  kmeans  k=2  λ=0.0  solver=filo
21:03:29 | i — | [  FINAL  ]   67 routes  rb  ac_complete  k=3  λ=1.0  solver=ails2
21:03:29 | i — | [  FINAL  ]   57 routes  vb  kmedoids  k=14  λ=0.8  solver=filo
21:03:29 | i — | [  FINAL  ]   57 routes  vb  kmedoids  k=12  λ=0.6  solver=filo
21:03:29 | i — | [  FINAL  ]   39 routes  vb  ac_avg  k=3  λ=0.8  solver=filo2
21:03:29 | i — | [  FINAL  ]   39 routes  vb  kmeans  k=3  λ=0.6  solver=filo
21:03:29 | i — | [  FINAL  ]   39 routes  rb  ac_complete  k=4  λ=0.2  solver=ails2
21:03:29 | i — | [  FINAL  ]   33 routes  rb  kmeans  k=2  λ=0.2  solver=ails2
21:03:29 | i — | [  FINAL  ]   33 routes  vb  fcm  k=10  λ=1.0  solver=filo
21:03:29 | i — | [  FINAL  ]   32 routes  vb  ac_complete  k=4  λ=0.8  solver=ails2
21:03:29 | i — | [  FINAL  ]   31 routes  rb  kmeans  k=20  λ=0.4  solver=filo
21:03:29 | i — | [  FINAL  ]   28 routes  vb  fcm  k=17  λ=0.4  solver=ails2
21:03:29 | i — | [  FINAL  ]   27 routes  vb  ac_complete  k=14  λ=0.2  solver=ails2
21:03:29 | i — | [  FINAL  ]   24 routes  rb  ac_complete  k=2  λ=0.4  solver=ails2
21:03:29 | i — | [  FINAL  ]   22 routes  rb  ac_complete  k=3  λ=0.4  solver=ails2
21:03:29 | i — | [  FINAL  ]   16 routes  vb  fcm  k=6  λ=0.4  solver=ails2
21:03:29 | i — | [  FINAL  ]   14 routes  vb  ac_avg  k=17  λ=0.8  solver=ails2
21:03:29 | i — | [  FINAL  ]   12 routes  rb  kmeans  k=14  λ=1.0  solver=ails2
21:03:29 | i — | [  FINAL  ]   11 routes  rb  ac_complete  k=8  λ=0.6  solver=filo
21:03:29 | i — | [  FINAL  ]   10 routes  vb  kmeans  k=2  λ=0.6  solver=ails2
21:03:29 | i — | [  FINAL  ]   10 routes  rb  ac_avg  k=3  λ=0.8  solver=ails2
21:03:29 | i — | [  FINAL  ]   7 routes  rb  ac_avg  k=14  λ=0.4  solver=filo
21:03:29 | i — | [  FINAL  ]   6 routes  rb  kmeans  k=20  λ=1.0  solver=ails2
21:03:29 | i — | [  FINAL  ]   5 routes  vb  ac_complete  k=3  λ=1.0  solver=ails2
21:03:29 | i — | [  FINAL  ]   3 routes  rb  ac_avg  k=17  λ=0.6  solver=filo
21:03:29 | i — | [  FINAL  ]   3 routes  rb  kmeans  k=10  λ=0.0  solver=ails2
21:03:29 | i — | [  FINAL  ]   3 routes  rb  kmeans  k=17  λ=0.0  solver=ails2
21:03:29 | i — | [  FINAL  ]   3 routes  rb  ac_complete  k=4  λ=0.0  solver=filo2
21:03:29 | i — | [  FINAL  ]   1 routes  rb  kmeans  k=4  λ=0.6  solver=ails2
21:03:29 | i — | [  FINAL  ]   318 routes  post-SP/SC improvement
21:03:29 | i — | [  FINAL  ] ════════════════════════════════════════
