08:03:43 | i — | [  INIT   ] ════════════════════════════════════════
08:03:43 | i — | [  INIT   ] DRISPI  instance=X-n1981-k13  n=1980  capacity=832
08:03:43 | i — | [  INIT   ] k domain (computed at init): [2, 3, 4, 6, 8, 10, 12]  k_ext=1  k_min=13  k_ext_bound=route_bound  spacing_rejected=0
08:03:43 | i — | [  INIT   ] ══════════════════════════════════════════════════════
08:03:43 | i — | [  INIT   ] CONFIGURATION
08:03:43 | i — | [  INIT   ] ── stopping ────────────────────────────────
08:03:43 | i — | [  INIT   ]   time_limit                  = 7200.0
08:03:43 | i — | [  INIT   ]   max_no_improve              = 1000000000
08:03:43 | i — | [  INIT   ] ── parallelism ─────────────────────────────
08:03:43 | i — | [  INIT   ]   n_workers                   = 8
08:03:43 | i — | [  INIT   ] ── cores ───────────────────────────────────
08:03:43 | i — | [  INIT   ]   cores_total                 = 8
08:03:43 | i — | [  INIT   ]   cores_dri                   = 6
08:03:43 | i — | [  INIT   ]   cores_bg                    = 1
08:03:43 | i — | [  INIT   ]   cores_sp                    = 1
08:03:43 | i — | [  INIT   ]   cores_cpu_list              = None
08:03:43 | i — | [  INIT   ] ── sp/sc ───────────────────────────────────
08:03:43 | i — | [  INIT   ]   sp_sc_mode                  = async
08:03:43 | i — | [  INIT   ]   sp_sc_trigger               = wallclock
08:03:43 | i — | [  INIT   ]   interval_minutes            = 20.0
08:03:43 | i — | [  INIT   ]   overlap_policy              = skip
08:03:43 | i — | [  INIT   ]   warmup_iterations           = 5
08:03:43 | i — | [  INIT   ]   sp_interval                 = 3
08:03:43 | i — | [  INIT   ]   min_coverage                = 5
08:03:43 | i — | [  INIT   ]   sp_time_limit               = 720.0
08:03:43 | i — | [  INIT   ]   mip_gap                     = 0.00025
08:03:43 | i — | [  INIT   ] ── decomposition ───────────────────────────
08:03:43 | i — | [  INIT   ]   decomp_k_base_arms          = [2, 3, 4, 6, 8, 10, 12]
08:03:43 | i — | [  INIT   ]   decomp_k_max_arms           = 10
08:03:43 | i — | [  INIT   ]   decomp_k_ext_per_1000       = 4
08:03:43 | i — | [  INIT   ]   decomp_k_min_routes_per_cluster= 8
08:03:43 | i — | [  INIT   ]   decomp_k_min_arm_spacing    = 2
08:03:43 | i — | [  INIT   ]   subcluster_rate_s_per_customer= 0.06
08:03:43 | i — | [  INIT   ]   subcluster_floor_s          = 5.0
08:03:43 | i — | [  INIT   ] ── bg_ails ─────────────────────────────────
08:03:43 | i — | [  INIT   ]   bg_ails_mode                = async
08:03:43 | i — | [  INIT   ]   bg_ails_crash_threshold     = 1
08:03:43 | i — | [  INIT   ]   bg_ails_budget_mode         = predicted_dr_wall
08:03:43 | i — | [  INIT   ]   bg_ails_budget_floor_s      = 60.0
08:03:43 | i — | [  INIT   ]   bg_ails_budget_margin       = 1.0
08:03:43 | i — | [  INIT   ]   bg_ails_wall_model_scale    = 0.976
08:03:43 | i — | [  INIT   ]   bg_ails_wall_model_wave_exponent= -0.18
08:03:43 | i — | [  INIT   ]   bg_ails_initial_omega       = 10
08:03:43 | i — | [  INIT   ]   bg_ails_boundary_threshold  = 0.5
08:03:43 | i — | [  INIT   ]   bg_ails_small_cluster_cap   = 20
08:03:43 | i — | [  INIT   ]   bg_ails_small_cluster_alpha = 0.5
08:03:43 | i — | [  INIT   ]   bg_ails_pair_selection      = greedy
08:03:43 | i — | [  INIT   ]   bg_ails_n_chains_mode       = k
08:03:43 | i — | [  INIT   ] ── standard_improvement ────────────────────
08:03:43 | i — | [  INIT   ]   standard_improvement_time_limit= 360.0
08:03:43 | i — | [  INIT   ] ── pool ────────────────────────────────────
08:03:43 | i — | [  INIT   ]   max_pool_size               = 10000
08:03:43 | i — | [  INIT   ]   pool_diversity_weight       = 0.5
08:03:43 | i — | [  INIT   ] ── haos ────────────────────────────────────
08:03:43 | i — | [  INIT   ]   haos_decay                  = 0.95
08:03:43 | i — | [  INIT   ]   haos_warmup                 = 10
08:03:43 | i — | [  INIT   ]   haos_starting_weight        = 10.0
08:03:43 | i — | [  INIT   ]   haos_min_weight_k           = 0.025
08:03:43 | i — | [  INIT   ]   haos_min_weight_lambda      = 0.05
08:03:43 | i — | [  INIT   ]   haos_min_weight_paradigm    = 0.1
08:03:43 | i — | [  INIT   ]   haos_min_weight_vertex_method= 0.05
08:03:43 | i — | [  INIT   ]   haos_min_weight_route_method= 0.05
08:03:43 | i — | [  INIT   ]   haos_min_weight_solver      = 0.05
08:03:43 | i — | [  INIT   ]   haos_lambda_demand_values   = [0.0, 0.2, 0.4, 0.6, 0.8, 1.0]
08:03:43 | i — | [  INIT   ]   haos_paradigm_values        = ['vertex', 'route']
08:03:43 | i — | [  INIT   ]   haos_vertex_method_values   = ['kmeans', 'agglomerative_avg', 'agglomerative_complete', 'kmedoids', 'fcm']
08:03:43 | i — | [  INIT   ]   haos_route_method_values    = ['kmeans', 'agglomerative_avg', 'agglomerative_complete']
08:03:43 | i — | [  INIT   ]   haos_solver_values          = ['pyvrp', 'filo', 'filo2', 'ails2']
08:03:43 | i — | [  INIT   ] ── haos_rewards ────────────────────────────
08:03:43 | i — | [  INIT   ]   haos_reward_new_best        = 10.0
08:03:43 | i — | [  INIT   ]   haos_reward_improvement     = 4.0
08:03:43 | i — | [  INIT   ]   haos_reward_no_improvement  = 1.0
08:03:43 | i — | [  INIT   ]   haos_reward_no_solution     = 0.0
08:03:43 | i — | [  INIT   ]   haos_deferred_new_best      = 7.0
08:03:43 | i — | [  INIT   ]   haos_deferred_improvement   = 3.0
08:03:43 | i — | [  INIT   ]   haos_deferred_no_improvement= 0.0
08:03:43 | i — | [  INIT   ] ── seed ────────────────────────────────────
08:03:43 | i — | [  INIT   ]   seed                        = 10
08:03:43 | i — | [  INIT   ] ── output ──────────────────────────────────
08:03:43 | i — | [  INIT   ]   output_dir                  = /app/artifacts/final_benchmark/runs/X-n1981-k13/seed10
08:03:43 | i — | [  INIT   ]   run_analysis                = False
08:03:43 | i — | [  INIT   ] ══════════════════════════════════════════════════════
08:03:43 | i — | [  INIT   ] BKS=32546.00
08:03:43 | i — | [  INIT   ] ════════════════════════════════════════
08:03:43 | i 1 | [HAOS ROLL] k=6  λ=0.6  vb  kmeans  filo  P≈0.000595
08:03:48 | i 1 | [Phase 1/3] decompose  4.33s / — / —  λ=0.6  vb kmeans
08:04:23 | i 1 | [Phase 2/3] route  35.31s / 35.46s / 99.6%  filo  k=6
08:04:23 | i 1 | [ IMPROVE ] 36302.00  via decompose_route  ·  Δ_BKS=+11.54%
08:04:23 | i 1 | [HAOS ROLL] k=6  λ=0.6  vb  kmeans  filo  P≈0.000595
08:04:23 | i 1 | [ Summary ] cost=36302.00  Δ_S*=+0.00%  Δ_BKS=+11.54%  Δ_S*_BKS=+11.54%  no_improve=0
08:04:23 | i 2 | [HAOS ROLL] k=3  λ=0.4  vb  ac_complete  ails2  P≈0.000595
08:04:23 | i 2 | [Phase 1/3] decompose  0.36s / — / —  λ=0.4  vb ac_complete
08:05:25 | i 2 | [Phase 2/3] route  61.85s / 60.48s / 102.3%  ails2  k=3
08:05:26 | i 1 | [ IMPROVE ] 33181.00  via bg_ails  ·  Δ_BKS=+1.95%
08:05:26 | i 1 | [ ASYNC BG] bg_ails  63.15s / 60.00s / 105.3%
08:05:26 | i 2 | [HAOS ROLL] k=3  λ=0.4  vb  ac_complete  ails2  P≈0.000595
08:05:26 | i 2 | [ Summary ] cost=33954.00  Δ_S*=+2.33%  Δ_BKS=+4.33%  Δ_S*_BKS=+1.95%  no_improve=1
08:05:26 | i 3 | [HAOS ROLL] k=2  λ=0.0  vb  ac_complete  filo  P≈0.000595
08:05:27 | i 3 | [Phase 1/3] decompose  0.31s / — / —  λ=0.0  vb ac_complete
08:06:27 | i 3 | [Phase 2/3] route  60.11s / 60.48s / 99.4%  filo  k=2
08:06:29 | i 2 | [ IMPROVE ] 33090.00  via bg_ails  ·  Δ_BKS=+1.67%
08:06:29 | i 2 | [ ASYNC BG] bg_ails  63.23s / 60.00s / 105.4%
08:06:29 | i 3 | [HAOS ROLL] k=2  λ=0.0  vb  ac_complete  filo  P≈0.000595
08:06:29 | i 3 | [ Summary ] cost=33692.00  Δ_S*=+1.82%  Δ_BKS=+3.52%  Δ_S*_BKS=+1.67%  no_improve=1
08:06:29 | i 4 | [HAOS ROLL] k=12  λ=0.6  vb  ac_avg  filo2  P≈0.000595
08:06:30 | i 4 | [Phase 1/3] decompose  0.36s / — / —  λ=0.6  vb ac_avg
08:07:07 | i 4 | [Phase 2/3] route  37.09s / 37.38s / 99.2%  filo2  k=12
08:07:32 | i 3 | [ ASYNC BG] bg_ails  63.05s / 60.00s / 105.1%
08:07:32 | i 4 | [HAOS ROLL] k=12  λ=0.6  vb  ac_avg  filo2  P≈0.000595
08:07:32 | i 4 | [ Summary ] cost=39454.00  Δ_S*=+19.23%  Δ_BKS=+21.23%  Δ_S*_BKS=+1.67%  no_improve=3
08:07:32 | i 5 | [HAOS ROLL] k=4  λ=0.6  rb  kmeans  ails2  P≈0.000992
08:07:33 | i 5 | [Phase 1/3] decompose  0.29s / — / —  λ=0.6  rb kmeans
08:08:19 | i 5 | [Phase 2/3] route  45.75s / 44.70s / 102.3%  ails2  k=4
08:08:36 | i 4 | [ ASYNC BG] bg_ails  63.24s / 60.00s / 105.4%
08:08:36 | i 5 | [ IMPROVE ] 33003.00  via decompose_route  ·  Δ_BKS=+1.40%
08:08:36 | i 5 | [HAOS ROLL] k=4  λ=0.6  rb  kmeans  ails2  P≈0.000992
08:08:36 | i 5 | [ Summary ] cost=33003.00  Δ_S*=+0.00%  Δ_BKS=+1.40%  Δ_S*_BKS=+1.40%  no_improve=0
08:08:36 | i 6 | [HAOS ROLL] k=8  λ=0.6  rb  ac_complete  ails2  P≈0.000992
08:08:36 | i 6 | [Phase 1/3] decompose  0.28s / — / —  λ=0.6  rb ac_complete
08:09:04 | i 6 | [Phase 2/3] route  27.58s / 26.04s / 105.9%  ails2  k=8
08:09:39 | i 5 | [ ASYNC BG] bg_ails  63.22s / 60.00s / 105.4%
08:09:39 | i 6 | [HAOS ROLL] k=8  λ=0.6  rb  ac_complete  ails2  P≈0.000992
08:09:39 | i 6 | [ Summary ] cost=33023.00  Δ_S*=+0.06%  Δ_BKS=+1.47%  Δ_S*_BKS=+1.40%  no_improve=2
08:09:39 | i 7 | [HAOS ROLL] k=12  λ=0.4  vb  kmeans  pyvrp  P≈0.000595
08:09:39 | i 7 | [Phase 1/3] decompose  0.30s / — / —  λ=0.4  vb kmeans
08:10:02 | i 7 | [Phase 2/3] route  22.72s / 19.14s / 118.7%  pyvrp  k=12
08:10:42 | i 6 | [ ASYNC BG] bg_ails  63.15s / 60.00s / 105.3%
08:10:42 | i 7 | [HAOS ROLL] k=12  λ=0.4  vb  kmeans  pyvrp  P≈0.000595
08:10:42 | i 7 | [ Summary ] cost=39201.00  Δ_S*=+18.78%  Δ_BKS=+20.45%  Δ_S*_BKS=+1.40%  no_improve=4
08:10:42 | i 8 | [HAOS ROLL] k=3  λ=1.0  vb  ac_avg  pyvrp  P≈0.000595
08:10:42 | i 8 | [Phase 1/3] decompose  0.38s / — / —  λ=1.0  vb ac_avg
08:11:35 | i 8 | [Phase 2/3] route  52.63s / 50.46s / 104.3%  pyvrp  k=3
08:11:45 | i 7 | [ ASYNC BG] bg_ails  63.29s / 60.00s / 105.5%
08:11:45 | i 8 | [HAOS ROLL] k=3  λ=1.0  vb  ac_avg  pyvrp  P≈0.000595
08:11:45 | i 8 | [ Summary ] cost=34709.00  Δ_S*=+5.17%  Δ_BKS=+6.65%  Δ_S*_BKS=+1.40%  no_improve=6
08:11:45 | i 9 | [HAOS ROLL] k=4  λ=1.0  vb  kmeans  filo  P≈0.000595
08:11:46 | i 9 | [Phase 1/3] decompose  0.28s / — / —  λ=1.0  vb kmeans
08:12:31 | i 9 | [Phase 2/3] route  45.11s / 44.94s / 100.4%  filo  k=4
08:12:49 | i 8 | [ ASYNC BG] bg_ails  63.21s / 60.00s / 105.4%
08:12:49 | i 9 | [HAOS ROLL] k=4  λ=1.0  vb  kmeans  filo  P≈0.000595
08:12:49 | i 9 | [ Summary ] cost=33655.00  Δ_S*=+1.98%  Δ_BKS=+3.41%  Δ_S*_BKS=+1.40%  no_improve=8
08:12:49 | i 10 | [HAOS ROLL] k=12  λ=1.0  rb  kmeans  ails2  P≈0.000992
08:12:49 | i 10 | [Phase 1/3] decompose  0.29s / — / —  λ=1.0  rb kmeans
08:13:17 | i 10 | [Phase 2/3] route  27.79s / 17.88s / 155.4%  ails2  k=12
08:13:52 | i 9 | [ ASYNC BG] bg_ails  63.21s / 60.00s / 105.3%
08:13:52 | i 10 | [ IMPROVE ] 32982.00  via decompose_route  ·  Δ_BKS=+1.34%
08:13:52 | i 10 | [HAOS ROLL] k=12  λ=1.0  rb  kmeans  ails2  P≈0.000992
08:13:52 | i 10 | [ Summary ] cost=32982.00  Δ_S*=+0.00%  Δ_BKS=+1.34%  Δ_S*_BKS=+1.34%  no_improve=0
08:13:52 | i 11 | [HAOS ROLL] k=6  λ=1.0  vb  ac_complete  filo  P≈0.000595
08:13:52 | i 11 | [Phase 1/3] decompose  0.37s / — / —  λ=1.0  vb ac_complete
08:14:36 | i 11 | [Phase 2/3] route  44.14s / 44.16s / 100.0%  filo  k=6
08:14:55 | i 10 | [ ASYNC BG] bg_ails  63.22s / 60.00s / 105.4%
08:14:55 | i 11 | [HAOS ROLL] k=6  λ=1.0  vb  ac_complete  filo  P≈0.000595
08:14:55 | i 11 | [ Summary ] cost=34720.00  Δ_S*=+5.27%  Δ_BKS=+6.68%  Δ_S*_BKS=+1.34%  no_improve=2
08:14:55 | i 12 | [HAOS ROLL] k=2  λ=0.6  rb  kmeans  pyvrp  P≈0.000946
08:14:55 | i 12 | [Phase 1/3] decompose  0.28s / — / —  λ=0.6  rb kmeans
08:16:05 | i 12 | [Phase 2/3] route  69.59s / 66.12s / 105.2%  pyvrp  k=2
08:16:05 | i 11 | [ ASYNC BG] bg_ails  63.17s / 60.00s / 105.3%
08:16:05 | i 12 | [HAOS ROLL] k=2  λ=0.6  rb  kmeans  pyvrp  P≈0.000946
08:16:05 | i 12 | [ Summary ] cost=33325.00  Δ_S*=+1.04%  Δ_BKS=+2.39%  Δ_S*_BKS=+1.34%  no_improve=4
08:16:05 | i 6 | [ASYNC 1/2] sp_sc  0.03s / 720.00s / 0.0%  SP  avg_coverage=10.73/5  pool=158
08:16:05 | i 6 | [ASYNC 2/2] standard_ails  362.98s / 360.00s / 100.8%
08:16:05 | i 6 | [ IMPROVE ] 32913.00  via standard_ails  ·  Δ_BKS=+1.13%
08:16:05 | i 13 | [HAOS ROLL] k=6  λ=0.8  vb  ac_complete  ails2  P≈0.000947
08:16:05 | i 13 | [Phase 1/3] decompose  0.32s / — / —  λ=0.8  vb ac_complete
08:16:39 | i 13 | [Phase 2/3] route  33.84s / 32.58s / 103.9%  ails2  k=6
08:17:12 | i 12 | [ ASYNC BG] bg_ails  67.30s / 64.53s / 104.3%
08:17:12 | i 13 | [HAOS ROLL] k=6  λ=0.8  vb  ac_complete  ails2  P≈0.000947
08:17:12 | i 13 | [ Summary ] cost=36681.00  Δ_S*=+11.45%  Δ_BKS=+12.71%  Δ_S*_BKS=+1.13%  no_improve=2
08:17:12 | i 14 | [HAOS ROLL] k=6  λ=0.4  rb  ac_complete  ails2  P≈0.001993
08:17:13 | i 14 | [Phase 1/3] decompose  0.28s / — / —  λ=0.4  rb ac_complete
08:17:55 | i 14 | [Phase 2/3] route  41.93s / 40.86s / 102.6%  ails2  k=6
08:18:16 | i 13 | [ ASYNC BG] bg_ails  63.26s / 60.00s / 105.4%
08:18:16 | i 14 | [HAOS ROLL] k=6  λ=0.4  rb  ac_complete  ails2  P≈0.001993
08:18:16 | i 14 | [ Summary ] cost=32916.00  Δ_S*=+0.01%  Δ_BKS=+1.14%  Δ_S*_BKS=+1.13%  no_improve=4
08:18:16 | i 15 | [HAOS ROLL] k=3  λ=0.2  rb  ac_complete  ails2  P≈0.001616
08:18:16 | i 15 | [Phase 1/3] decompose  0.28s / — / —  λ=0.2  rb ac_complete
08:19:02 | i 15 | [Phase 2/3] route  45.68s / 44.70s / 102.2%  ails2  k=3
08:19:19 | i 14 | [ ASYNC BG] bg_ails  63.11s / 60.00s / 105.2%
08:19:19 | i 15 | [HAOS ROLL] k=3  λ=0.2  rb  ac_complete  ails2  P≈0.001616
08:19:19 | i 15 | [ Summary ] cost=32926.00  Δ_S*=+0.04%  Δ_BKS=+1.17%  Δ_S*_BKS=+1.13%  no_improve=6
08:19:19 | i 16 | [HAOS ROLL] k=6  λ=0.6  rb  kmeans  ails2  P≈0.006301
08:19:19 | i 16 | [Phase 1/3] decompose  0.29s / — / —  λ=0.6  rb kmeans
08:20:01 | i 16 | [Phase 2/3] route  41.95s / 40.86s / 102.7%  ails2  k=6
08:20:22 | i 15 | [ ASYNC BG] bg_ails  63.19s / 60.00s / 105.3%
08:20:22 | i 16 | [HAOS ROLL] k=6  λ=0.6  rb  kmeans  ails2  P≈0.006301
08:20:22 | i 16 | [ Summary ] cost=32931.00  Δ_S*=+0.05%  Δ_BKS=+1.18%  Δ_S*_BKS=+1.13%  no_improve=8
08:20:22 | i 17 | [HAOS ROLL] k=2  λ=0.4  rb  kmeans  pyvrp  P≈0.000594
08:20:22 | i 17 | [Phase 1/3] decompose  0.28s / — / —  λ=0.4  rb kmeans
08:21:27 | i 17 | [Phase 2/3] route  65.19s / 62.04s / 105.1%  pyvrp  k=2
08:21:27 | i 16 | [ ASYNC BG] bg_ails  63.14s / 60.00s / 105.2%
08:21:27 | i 17 | [HAOS ROLL] k=2  λ=0.4  rb  kmeans  pyvrp  P≈0.000594
08:21:27 | i 17 | [ Summary ] cost=33404.00  Δ_S*=+1.49%  Δ_BKS=+2.64%  Δ_S*_BKS=+1.13%  no_improve=10
08:21:27 | i 18 | [HAOS ROLL] k=6  λ=0.8  rb  ac_complete  ails2  P≈0.005579
08:21:28 | i 18 | [Phase 1/3] decompose  0.25s / — / —  λ=0.8  rb ac_complete
08:22:09 | i 18 | [Phase 2/3] route  41.80s / 40.86s / 102.3%  ails2  k=6
08:22:31 | i 17 | [ ASYNC BG] bg_ails  63.30s / 60.55s / 104.5%
08:22:31 | i 18 | [HAOS ROLL] k=6  λ=0.8  rb  ac_complete  ails2  P≈0.005579
08:22:31 | i 18 | [ Summary ] cost=32945.00  Δ_S*=+0.10%  Δ_BKS=+1.23%  Δ_S*_BKS=+1.13%  no_improve=12
08:22:31 | i 19 | [HAOS ROLL] k=12  λ=0.8  rb  ac_complete  filo  P≈0.000796
08:22:31 | i 19 | [Phase 1/3] decompose  0.28s / — / —  λ=0.8  rb ac_complete
08:22:55 | i 19 | [Phase 2/3] route  24.08s / 17.64s / 136.5%  filo  k=12
08:23:34 | i 18 | [ ASYNC BG] bg_ails  63.07s / 60.00s / 105.1%
08:23:34 | i 19 | [HAOS ROLL] k=12  λ=0.8  rb  ac_complete  filo  P≈0.000796
08:23:34 | i 19 | [ Summary ] cost=32921.00  Δ_S*=+0.02%  Δ_BKS=+1.15%  Δ_S*_BKS=+1.13%  no_improve=14
08:23:34 | i 20 | [HAOS ROLL] k=12  λ=1.0  rb  ac_complete  filo  P≈0.001016
08:23:34 | i 20 | [Phase 1/3] decompose  0.28s / — / —  λ=1.0  rb ac_complete
08:23:58 | i 20 | [Phase 2/3] route  24.08s / 17.64s / 136.5%  filo  k=12
08:24:37 | i 19 | [ ASYNC BG] bg_ails  63.28s / 60.00s / 105.5%
08:24:37 | i 20 | [HAOS ROLL] k=12  λ=1.0  rb  ac_complete  filo  P≈0.001016
08:24:37 | i 20 | [ Summary ] cost=32932.00  Δ_S*=+0.06%  Δ_BKS=+1.19%  Δ_S*_BKS=+1.13%  no_improve=16
08:24:37 | i 21 | [HAOS ROLL] k=3  λ=0.6  rb  kmeans  filo  P≈0.001602
08:24:37 | i 21 | [Phase 1/3] decompose  0.37s / — / —  λ=0.6  rb kmeans
08:25:30 | i 21 | [Phase 2/3] route  52.10s / 52.50s / 99.2%  filo  k=3
08:25:40 | i 20 | [ ASYNC BG] bg_ails  63.18s / 60.00s / 105.3%
08:25:40 | i 21 | [HAOS ROLL] k=3  λ=0.6  rb  kmeans  filo  P≈0.001602
08:25:40 | i 21 | [ Summary ] cost=33126.00  Δ_S*=+0.65%  Δ_BKS=+1.78%  Δ_S*_BKS=+1.13%  no_improve=18
08:25:40 | i 22 | [HAOS ROLL] k=12  λ=0.8  rb  kmeans  ails2  P≈0.004523
08:25:41 | i 22 | [Phase 1/3] decompose  0.29s / — / —  λ=0.8  rb kmeans
08:26:09 | i 22 | [Phase 2/3] route  28.96s / 17.64s / 164.2%  ails2  k=12
08:26:43 | i 21 | [ ASYNC BG] bg_ails  63.21s / 60.00s / 105.3%
08:26:43 | i 22 | [ IMPROVE ] 32911.00  via decompose_route  ·  Δ_BKS=+1.12%
08:26:43 | i 22 | [HAOS ROLL] k=12  λ=0.8  rb  kmeans  ails2  P≈0.004523
08:26:43 | i 22 | [ Summary ] cost=32911.00  Δ_S*=+0.00%  Δ_BKS=+1.12%  Δ_S*_BKS=+1.12%  no_improve=0
08:26:43 | i 23 | [HAOS ROLL] k=12  λ=0.2  rb  ac_avg  ails2  P≈0.001672
08:26:44 | i 23 | [Phase 1/3] decompose  0.29s / — / —  λ=0.2  rb ac_avg
08:27:12 | i 23 | [Phase 2/3] route  27.92s / 17.64s / 158.2%  ails2  k=12
08:27:47 | i 22 | [ ASYNC BG] bg_ails  63.13s / 60.00s / 105.2%
08:27:47 | i 23 | [HAOS ROLL] k=12  λ=0.2  rb  ac_avg  ails2  P≈0.001672
08:27:47 | i 23 | [ Summary ] cost=32920.00  Δ_S*=+0.03%  Δ_BKS=+1.15%  Δ_S*_BKS=+1.12%  no_improve=2
08:27:47 | i 24 | [HAOS ROLL] k=3  λ=0.8  rb  kmeans  filo2  P≈0.001306
08:27:47 | i 24 | [Phase 1/3] decompose  0.29s / — / —  λ=0.8  rb kmeans
08:28:39 | i 24 | [Phase 2/3] route  52.11s / 52.50s / 99.3%  filo2  k=3
08:28:50 | i 23 | [ ASYNC BG] bg_ails  63.24s / 60.00s / 105.4%
08:28:50 | i 24 | [HAOS ROLL] k=3  λ=0.8  rb  kmeans  filo2  P≈0.001306
08:28:50 | i 24 | [ Summary ] cost=33129.00  Δ_S*=+0.66%  Δ_BKS=+1.79%  Δ_S*_BKS=+1.12%  no_improve=4
08:28:50 | i 25 | [HAOS ROLL] k=12  λ=0.2  rb  ac_complete  ails2  P≈0.007324
08:28:50 | i 25 | [Phase 1/3] decompose  0.29s / — / —  λ=0.2  rb ac_complete
08:29:18 | i 25 | [Phase 2/3] route  27.87s / 17.64s / 158.0%  ails2  k=12
08:29:53 | i 24 | [ ASYNC BG] bg_ails  63.13s / 60.00s / 105.2%
08:29:53 | i 25 | [HAOS ROLL] k=12  λ=0.2  rb  ac_complete  ails2  P≈0.007324
08:29:53 | i 25 | [ Summary ] cost=32933.00  Δ_S*=+0.07%  Δ_BKS=+1.19%  Δ_S*_BKS=+1.12%  no_improve=6
08:29:53 | i 26 | [HAOS ROLL] k=12  λ=0.4  vb  ac_complete  ails2  P≈0.000547
08:29:53 | i 26 | [Phase 1/3] decompose  0.36s / — / —  λ=0.4  vb ac_complete
08:30:18 | i 26 | [Phase 2/3] route  24.94s / 23.76s / 105.0%  ails2  k=12
08:30:56 | i 25 | [ ASYNC BG] bg_ails  63.14s / 60.00s / 105.2%
08:30:56 | i 26 | [HAOS ROLL] k=12  λ=0.4  vb  ac_complete  ails2  P≈0.000547
08:30:56 | i 26 | [ Summary ] cost=39870.00  Δ_S*=+21.14%  Δ_BKS=+22.50%  Δ_S*_BKS=+1.12%  no_improve=8
08:30:56 | i 27 | [HAOS ROLL] k=6  λ=0.6  rb  ac_avg  filo  P≈0.000850
08:30:56 | i 27 | [Phase 1/3] decompose  0.29s / — / —  λ=0.6  rb ac_avg
08:31:38 | i 27 | [Phase 2/3] route  41.10s / 40.86s / 100.6%  filo  k=6
08:31:59 | i 26 | [ IMPROVE ] 32820.00  via bg_ails  ·  Δ_BKS=+0.84%
08:31:59 | i 26 | [ ASYNC BG] bg_ails  63.07s / 60.00s / 105.1%
08:31:59 | i 27 | [HAOS ROLL] k=6  λ=0.6  rb  ac_avg  filo  P≈0.000850
08:31:59 | i 27 | [ Summary ] cost=33056.00  Δ_S*=+0.72%  Δ_BKS=+1.57%  Δ_S*_BKS=+0.84%  no_improve=1
08:31:59 | i 28 | [HAOS ROLL] k=12  λ=0.6  rb  kmeans  ails2  P≈0.010760
08:31:59 | i 28 | [Phase 1/3] decompose  0.29s / — / —  λ=0.6  rb kmeans
08:32:27 | i 28 | [Phase 2/3] route  27.96s / 18.42s / 151.8%  ails2  k=12
08:33:02 | i 27 | [ ASYNC BG] bg_ails  63.11s / 60.00s / 105.2%
08:33:02 | i 28 | [ IMPROVE ] 32782.00  via decompose_route  ·  Δ_BKS=+0.73%
08:33:02 | i 28 | [HAOS ROLL] k=12  λ=0.6  rb  kmeans  ails2  P≈0.010760
08:33:02 | i 28 | [ Summary ] cost=32782.00  Δ_S*=+0.00%  Δ_BKS=+0.73%  Δ_S*_BKS=+0.73%  no_improve=0
08:33:02 | i 29 | [HAOS ROLL] k=12  λ=0.6  vb  kmedoids  filo  P≈0.000740
08:33:03 | i 29 | [Phase 1/3] decompose  0.65s / — / —  λ=0.6  vb kmedoids
08:33:26 | i 29 | [Phase 2/3] route  23.08s / 15.54s / 148.5%  filo  k=12
08:34:06 | i 28 | [ ASYNC BG] bg_ails  63.25s / 60.00s / 105.4%
08:34:06 | i 29 | [HAOS ROLL] k=12  λ=0.6  vb  kmedoids  filo  P≈0.000740
08:34:06 | i 29 | [ Summary ] cost=39638.00  Δ_S*=+20.91%  Δ_BKS=+21.79%  Δ_S*_BKS=+0.73%  no_improve=2
08:34:06 | i 30 | [HAOS ROLL] k=12  λ=0.6  rb  ac_avg  ails2  P≈0.010101
08:34:06 | i 30 | [Phase 1/3] decompose  0.28s / — / —  λ=0.6  rb ac_avg
08:34:34 | i 30 | [Phase 2/3] route  28.00s / 18.42s / 152.0%  ails2  k=12
08:35:09 | i 29 | [ ASYNC BG] bg_ails  63.18s / 60.00s / 105.3%
08:35:09 | i 30 | [ IMPROVE ] 32781.00  via decompose_route  ·  Δ_BKS=+0.72%
08:35:09 | i 30 | [HAOS ROLL] k=12  λ=0.6  rb  ac_avg  ails2  P≈0.010101
08:35:09 | i 30 | [ Summary ] cost=32781.00  Δ_S*=+0.00%  Δ_BKS=+0.72%  Δ_S*_BKS=+0.72%  no_improve=0
08:35:09 | i 31 | [HAOS ROLL] k=6  λ=0.6  rb  kmeans  filo2  P≈0.001725
08:35:09 | i 31 | [Phase 1/3] decompose  0.28s / — / —  λ=0.6  rb kmeans
08:35:55 | i 31 | [Phase 2/3] route  46.12s / 46.08s / 100.1%  filo2  k=6
08:36:12 | i 30 | [ IMPROVE ] 32770.00  via bg_ails  ·  Δ_BKS=+0.69%
08:36:12 | i 30 | [ ASYNC BG] bg_ails  63.12s / 60.00s / 105.2%
08:36:12 | i 31 | [ IMPROVE ] 32755.00  via decompose_route  ·  Δ_BKS=+0.64%
08:36:12 | i 31 | [HAOS ROLL] k=6  λ=0.6  rb  kmeans  filo2  P≈0.001725
08:36:12 | i 31 | [ Summary ] cost=32755.00  Δ_S*=+0.00%  Δ_BKS=+0.64%  Δ_S*_BKS=+0.64%  no_improve=0
08:36:12 | i 25 | [ASYNC 1/2] sp_sc  0.28s / 720.00s / 0.0%  SP  avg_coverage=40.67/5  pool=582
08:36:12 | i 25 | [ASYNC 2/2] standard_ails  363.00s / 360.00s / 100.8%
08:36:12 | i 32 | [HAOS ROLL] k=10  λ=0.0  rb  ac_complete  filo2  P≈0.000166
08:36:12 | i 32 | [Phase 1/3] decompose  0.21s / — / —  λ=0.0  rb ac_complete
08:36:40 | i 32 | [Phase 2/3] route  27.08s / 27.00s / 100.3%  filo2  k=10
08:37:15 | i 31 | [ ASYNC BG] bg_ails  63.18s / 60.00s / 105.3%
08:37:15 | i 32 | [ IMPROVE ] 32748.00  via decompose_route  ·  Δ_BKS=+0.62%
08:37:15 | i 32 | [HAOS ROLL] k=10  λ=0.0  rb  ac_complete  filo2  P≈0.000166
08:37:15 | i 32 | [ Summary ] cost=32748.00  Δ_S*=+0.00%  Δ_BKS=+0.62%  Δ_S*_BKS=+0.62%  no_improve=0
08:37:15 | i 33 | [HAOS ROLL] k=12  λ=0.0  vb  ac_avg  ails2  P≈0.000866
08:37:15 | i 33 | [Phase 1/3] decompose  0.28s / — / —  λ=0.0  vb ac_avg
08:37:54 | i 33 | [Phase 2/3] route  38.79s / 37.38s / 103.8%  ails2  k=12
08:38:18 | i 32 | [ ASYNC BG] bg_ails  63.18s / 60.00s / 105.3%
08:38:18 | i 33 | [HAOS ROLL] k=12  λ=0.0  vb  ac_avg  ails2  P≈0.000866
08:38:18 | i 33 | [ Summary ] cost=39384.00  Δ_S*=+20.26%  Δ_BKS=+21.01%  Δ_S*_BKS=+0.62%  no_improve=2
08:38:18 | i 34 | [HAOS ROLL] k=6  λ=0.8  rb  kmeans  filo  P≈0.001386
08:38:19 | i 34 | [Phase 1/3] decompose  0.27s / — / —  λ=0.8  rb kmeans
08:38:56 | i 34 | [Phase 2/3] route  37.11s / 37.32s / 99.4%  filo  k=6
08:39:21 | i 33 | [ ASYNC BG] bg_ails  63.14s / 60.00s / 105.2%
08:39:21 | i 34 | [ IMPROVE ] 32743.00  via decompose_route  ·  Δ_BKS=+0.61%
08:39:21 | i 34 | [HAOS ROLL] k=6  λ=0.8  rb  kmeans  filo  P≈0.001386
08:39:21 | i 34 | [ Summary ] cost=32743.00  Δ_S*=+0.00%  Δ_BKS=+0.61%  Δ_S*_BKS=+0.61%  no_improve=0
08:39:21 | i 35 | [HAOS ROLL] k=12  λ=0.6  rb  kmeans  filo2  P≈0.012810
08:39:22 | i 35 | [Phase 1/3] decompose  0.35s / — / —  λ=0.6  rb kmeans
08:39:49 | i 35 | [Phase 2/3] route  27.09s / 18.48s / 146.6%  filo2  k=12
08:40:25 | i 34 | [ IMPROVE ] 32693.00  via bg_ails  ·  Δ_BKS=+0.45%
08:40:25 | i 34 | [ ASYNC BG] bg_ails  63.20s / 60.00s / 105.3%
08:40:25 | i 35 | [HAOS ROLL] k=12  λ=0.6  rb  kmeans  filo2  P≈0.012810
08:40:25 | i 35 | [ Summary ] cost=32720.00  Δ_S*=+0.08%  Δ_BKS=+0.53%  Δ_S*_BKS=+0.45%  no_improve=1
08:40:25 | i 36 | [HAOS ROLL] k=12  λ=1.0  vb  kmedoids  filo  P≈0.000212
08:40:25 | i 36 | [Phase 1/3] decompose  0.41s / — / —  λ=1.0  vb kmedoids
08:40:52 | i 36 | [Phase 2/3] route  27.09s / 15.66s / 173.0%  filo  k=12
08:41:28 | i 35 | [ ASYNC BG] bg_ails  63.23s / 60.00s / 105.4%
08:41:28 | i 36 | [HAOS ROLL] k=12  λ=1.0  vb  kmedoids  filo  P≈0.000212
08:41:28 | i 36 | [ Summary ] cost=39689.00  Δ_S*=+21.40%  Δ_BKS=+21.95%  Δ_S*_BKS=+0.45%  no_improve=3
08:41:28 | i 37 | [HAOS ROLL] k=6  λ=0.6  rb  kmeans  filo2  P≈0.009240
08:41:28 | i 37 | [Phase 1/3] decompose  0.27s / — / —  λ=0.6  rb kmeans
08:42:13 | i 37 | [Phase 2/3] route  45.11s / 45.18s / 99.9%  filo2  k=6
08:42:31 | i 36 | [ ASYNC BG] bg_ails  63.23s / 60.00s / 105.4%
08:42:31 | i 37 | [HAOS ROLL] k=6  λ=0.6  rb  kmeans  filo2  P≈0.009240
08:42:31 | i 37 | [ Summary ] cost=32768.00  Δ_S*=+0.23%  Δ_BKS=+0.68%  Δ_S*_BKS=+0.45%  no_improve=5
08:42:31 | i 38 | [HAOS ROLL] k=6  λ=0.6  vb  fcm  filo  P≈0.000967
08:42:32 | i 38 | [Phase 1/3] decompose  0.47s / — / —  λ=0.6  vb fcm
08:43:03 | i 38 | [Phase 2/3] route  31.10s / 31.02s / 100.2%  filo  k=6
08:43:34 | i 37 | [ ASYNC BG] bg_ails  63.13s / 60.00s / 105.2%
08:43:34 | i 38 | [HAOS ROLL] k=6  λ=0.6  vb  fcm  filo  P≈0.000967
08:43:34 | i 38 | [ Summary ] cost=36745.00  Δ_S*=+12.39%  Δ_BKS=+12.90%  Δ_S*_BKS=+0.45%  no_improve=7
08:43:34 | i 39 | [HAOS ROLL] k=12  λ=0.0  rb  kmeans  filo2  P≈0.005079
08:43:34 | i 39 | [Phase 1/3] decompose  0.21s / — / —  λ=0.0  rb kmeans
08:44:03 | i 39 | [Phase 2/3] route  28.11s / 18.36s / 153.1%  filo2  k=12
08:44:37 | i 38 | [ ASYNC BG] bg_ails  63.04s / 60.00s / 105.1%
08:44:37 | i 39 | [ IMPROVE ] 32692.00  via decompose_route  ·  Δ_BKS=+0.45%
08:44:37 | i 39 | [HAOS ROLL] k=12  λ=0.0  rb  kmeans  filo2  P≈0.005079
08:44:37 | i 39 | [ Summary ] cost=32692.00  Δ_S*=+0.00%  Δ_BKS=+0.45%  Δ_S*_BKS=+0.45%  no_improve=0
08:44:37 | i 40 | [HAOS ROLL] k=12  λ=0.6  rb  ac_complete  pyvrp  P≈0.001730
08:44:38 | i 40 | [Phase 1/3] decompose  0.27s / — / —  λ=0.6  rb ac_complete
08:45:05 | i 40 | [Phase 2/3] route  27.28s / 18.36s / 148.6%  pyvrp  k=12
08:45:40 | i 39 | [ ASYNC BG] bg_ails  63.12s / 60.00s / 105.2%
08:45:40 | i 40 | [HAOS ROLL] k=12  λ=0.6  rb  ac_complete  pyvrp  P≈0.001730
08:45:40 | i 40 | [ Summary ] cost=33148.00  Δ_S*=+1.39%  Δ_BKS=+1.85%  Δ_S*_BKS=+0.45%  no_improve=2
08:45:40 | i 41 | [HAOS ROLL] k=6  λ=0.6  rb  kmeans  filo  P≈0.012633
08:45:41 | i 41 | [Phase 1/3] decompose  0.28s / — / —  λ=0.6  rb kmeans
08:46:27 | i 41 | [Phase 2/3] route  46.12s / 46.32s / 99.6%  filo  k=6
08:46:44 | i 40 | [ ASYNC BG] bg_ails  63.18s / 60.00s / 105.3%
08:46:44 | i 41 | [HAOS ROLL] k=6  λ=0.6  rb  kmeans  filo  P≈0.012633
08:46:44 | i 41 | [ Summary ] cost=32710.00  Δ_S*=+0.06%  Δ_BKS=+0.50%  Δ_S*_BKS=+0.45%  no_improve=4
08:46:44 | i 42 | [HAOS ROLL] k=10  λ=0.6  rb  ac_complete  ails2  P≈0.002074
08:46:44 | i 42 | [Phase 1/3] decompose  0.28s / — / —  λ=0.6  rb ac_complete
08:47:13 | i 42 | [Phase 2/3] route  28.60s / 27.42s / 104.3%  ails2  k=10
08:47:47 | i 41 | [ ASYNC BG] bg_ails  63.25s / 60.00s / 105.4%
08:47:47 | i 42 | [HAOS ROLL] k=10  λ=0.6  rb  ac_complete  ails2  P≈0.002074
08:47:47 | i 42 | [ Summary ] cost=32700.00  Δ_S*=+0.02%  Δ_BKS=+0.47%  Δ_S*_BKS=+0.45%  no_improve=6
08:47:47 | i 43 | [HAOS ROLL] k=2  λ=0.0  rb  ac_complete  filo2  P≈0.000624
08:47:47 | i 43 | [Phase 1/3] decompose  0.21s / — / —  λ=0.0  rb ac_complete
08:49:19 | i 43 | [Phase 2/3] route  92.20s / 91.50s / 100.8%  filo2  k=2
08:49:19 | i 42 | [ ASYNC BG] bg_ails  63.15s / 60.00s / 105.2%
08:49:19 | i 43 | [HAOS ROLL] k=2  λ=0.0  rb  ac_complete  filo2  P≈0.000624
08:49:19 | i 43 | [ Summary ] cost=32879.00  Δ_S*=+0.57%  Δ_BKS=+1.02%  Δ_S*_BKS=+0.45%  no_improve=8
08:49:19 | i 44 | [HAOS ROLL] k=4  λ=0.6  rb  ac_avg  ails2  P≈0.001396
08:49:20 | i 44 | [Phase 1/3] decompose  0.27s / — / —  λ=0.6  rb ac_avg
08:50:07 | i 44 | [Phase 2/3] route  47.73s / 46.32s / 103.0%  ails2  k=4
08:50:52 | i 43 | [ ASYNC BG] bg_ails  92.26s / 89.30s / 103.3%
08:50:52 | i 44 | [HAOS ROLL] k=4  λ=0.6  rb  ac_avg  ails2  P≈0.001396
08:50:52 | i 44 | [ Summary ] cost=32717.00  Δ_S*=+0.08%  Δ_BKS=+0.53%  Δ_S*_BKS=+0.45%  no_improve=10
08:50:52 | i 45 | [HAOS ROLL] k=2  λ=0.6  rb  kmeans  filo  P≈0.004105
08:50:52 | i 45 | [Phase 1/3] decompose  0.27s / — / —  λ=0.6  rb kmeans
08:51:55 | i 45 | [Phase 2/3] route  63.12s / 63.42s / 99.5%  filo  k=2
08:51:55 | i 44 | [ ASYNC BG] bg_ails  63.29s / 60.00s / 105.5%
08:51:55 | i 45 | [HAOS ROLL] k=2  λ=0.6  rb  kmeans  filo  P≈0.004105
08:51:55 | i 45 | [ Summary ] cost=32808.00  Δ_S*=+0.35%  Δ_BKS=+0.81%  Δ_S*_BKS=+0.45%  no_improve=12
08:51:55 | i 46 | [HAOS ROLL] k=4  λ=0.6  rb  ac_complete  filo  P≈0.002848
08:51:55 | i 46 | [Phase 1/3] decompose  0.27s / — / —  λ=0.6  rb ac_complete
08:52:41 | i 46 | [Phase 2/3] route  46.10s / 46.32s / 99.5%  filo  k=4
08:52:59 | i 45 | [ ASYNC BG] bg_ails  64.35s / 61.90s / 104.0%
08:52:59 | i 46 | [HAOS ROLL] k=4  λ=0.6  rb  ac_complete  filo  P≈0.002848
08:52:59 | i 46 | [ Summary ] cost=32869.00  Δ_S*=+0.54%  Δ_BKS=+0.99%  Δ_S*_BKS=+0.45%  no_improve=14
08:52:59 | i 47 | [HAOS ROLL] k=12  λ=0.0  rb  ac_complete  pyvrp  P≈0.001227
08:53:00 | i 47 | [Phase 1/3] decompose  0.22s / — / —  λ=0.0  rb ac_complete
08:53:27 | i 47 | [Phase 2/3] route  27.39s / 18.36s / 149.2%  pyvrp  k=12
08:54:03 | i 46 | [ ASYNC BG] bg_ails  63.21s / 60.00s / 105.4%
08:54:03 | i 47 | [HAOS ROLL] k=12  λ=0.0  rb  ac_complete  pyvrp  P≈0.001227
08:54:03 | i 47 | [ Summary ] cost=32871.00  Δ_S*=+0.55%  Δ_BKS=+1.00%  Δ_S*_BKS=+0.45%  no_improve=16
08:54:03 | i 48 | [HAOS ROLL] k=4  λ=0.6  rb  ac_complete  pyvrp  P≈0.001491
08:54:03 | i 48 | [Phase 1/3] decompose  0.27s / — / —  λ=0.6  rb ac_complete
08:54:51 | i 48 | [Phase 2/3] route  48.31s / 46.32s / 104.3%  pyvrp  k=4
08:55:06 | i 47 | [ ASYNC BG] bg_ails  63.19s / 60.00s / 105.3%
08:55:06 | i 48 | [HAOS ROLL] k=4  λ=0.6  rb  ac_complete  pyvrp  P≈0.001491
08:55:06 | i 48 | [ Summary ] cost=33495.00  Δ_S*=+2.46%  Δ_BKS=+2.92%  Δ_S*_BKS=+0.45%  no_improve=18
08:55:06 | i 49 | [HAOS ROLL] k=8  λ=0.8  rb  kmeans  filo  P≈0.001032
08:55:06 | i 49 | [Phase 1/3] decompose  0.28s / — / —  λ=0.8  rb kmeans
08:55:43 | i 49 | [Phase 2/3] route  37.10s / 37.44s / 99.1%  filo  k=8
08:56:09 | i 48 | [ ASYNC BG] bg_ails  63.13s / 60.00s / 105.2%
08:56:09 | i 49 | [ IMPROVE ] 32676.00  via decompose_route  ·  Δ_BKS=+0.40%
08:56:09 | i 49 | [HAOS ROLL] k=8  λ=0.8  rb  kmeans  filo  P≈0.001032
08:56:09 | i 49 | [ Summary ] cost=32676.00  Δ_S*=+0.00%  Δ_BKS=+0.40%  Δ_S*_BKS=+0.40%  no_improve=0
08:56:09 | i 50 | [HAOS ROLL] k=12  λ=0.6  rb  kmeans  filo  P≈0.016805
08:56:09 | i 50 | [Phase 1/3] decompose  0.28s / — / —  λ=0.6  rb kmeans
08:56:37 | i 50 | [Phase 2/3] route  28.08s / 18.60s / 151.0%  filo  k=12
08:57:12 | i 49 | [ ASYNC BG] bg_ails  63.15s / 60.00s / 105.3%
08:57:12 | i 50 | [HAOS ROLL] k=12  λ=0.6  rb  kmeans  filo  P≈0.016805
08:57:12 | i 50 | [ Summary ] cost=32676.00  Δ_S*=+0.00%  Δ_BKS=+0.40%  Δ_S*_BKS=+0.40%  no_improve=2
08:57:12 | i 44 | [ASYNC 1/2] sp_sc  0.95s / 720.00s / 0.1%  SP  avg_coverage=68.00/5  pool=960
08:57:12 | i 44 | [ASYNC 2/2] standard_ails  362.83s / 360.00s / 100.8%
08:57:13 | i 44 | [ IMPROVE ] 32639.00  via standard_ails  ·  Δ_BKS=+0.29%
08:57:13 | i 51 | [HAOS ROLL] k=4  λ=0.2  rb  kmeans  filo  P≈0.001601
08:57:13 | i 51 | [Phase 1/3] decompose  0.25s / — / —  λ=0.2  rb kmeans
08:57:59 | i 51 | [Phase 2/3] route  46.09s / 46.26s / 99.6%  filo  k=4
08:58:15 | i 50 | [ ASYNC BG] bg_ails  63.16s / 60.00s / 105.3%
08:58:15 | i 51 | [HAOS ROLL] k=4  λ=0.2  rb  kmeans  filo  P≈0.001601
08:58:15 | i 51 | [ Summary ] cost=32764.00  Δ_S*=+0.38%  Δ_BKS=+0.67%  Δ_S*_BKS=+0.29%  no_improve=2
08:58:15 | i 52 | [HAOS ROLL] k=12  λ=0.6  rb  ac_complete  filo2  P≈0.011573
08:58:16 | i 52 | [Phase 1/3] decompose  0.27s / — / —  λ=0.6  rb ac_complete
08:58:42 | i 52 | [Phase 2/3] route  26.09s / 18.30s / 142.6%  filo2  k=12
08:59:18 | i 51 | [ ASYNC BG] bg_ails  63.21s / 60.00s / 105.3%
08:59:19 | i 52 | [ IMPROVE ] 32628.00  via decompose_route  ·  Δ_BKS=+0.25%
08:59:19 | i 52 | [HAOS ROLL] k=12  λ=0.6  rb  ac_complete  filo2  P≈0.011573
08:59:19 | i 52 | [ Summary ] cost=32628.00  Δ_S*=+0.00%  Δ_BKS=+0.25%  Δ_S*_BKS=+0.25%  no_improve=0
08:59:19 | i 53 | [HAOS ROLL] k=3  λ=1.0  rb  kmeans  ails2  P≈0.000399
08:59:19 | i 53 | [Phase 1/3] decompose  0.27s / — / —  λ=1.0  rb kmeans
09:00:16 | i 53 | [Phase 2/3] route  56.79s / 55.20s / 102.9%  ails2  k=3
09:00:22 | i 52 | [ ASYNC BG] bg_ails  63.31s / 60.00s / 105.5%
09:00:22 | i 53 | [HAOS ROLL] k=3  λ=1.0  rb  kmeans  ails2  P≈0.000399
09:00:22 | i 53 | [ Summary ] cost=32704.00  Δ_S*=+0.23%  Δ_BKS=+0.49%  Δ_S*_BKS=+0.25%  no_improve=2
09:00:22 | i 54 | [HAOS ROLL] k=6  λ=1.0  rb  ac_complete  pyvrp  P≈0.000455
09:00:22 | i 54 | [Phase 1/3] decompose  0.27s / — / —  λ=1.0  rb ac_complete
09:01:01 | i 54 | [Phase 2/3] route  38.58s / 37.20s / 103.7%  pyvrp  k=6
09:01:25 | i 53 | [ ASYNC BG] bg_ails  63.26s / 60.00s / 105.4%
09:01:25 | i 54 | [HAOS ROLL] k=6  λ=1.0  rb  ac_complete  pyvrp  P≈0.000455
09:01:25 | i 54 | [ Summary ] cost=32883.00  Δ_S*=+0.78%  Δ_BKS=+1.04%  Δ_S*_BKS=+0.25%  no_improve=4
09:01:25 | i 55 | [HAOS ROLL] k=6  λ=0.4  rb  ac_complete  ails2  P≈0.001024
09:01:25 | i 55 | [Phase 1/3] decompose  0.28s / — / —  λ=0.4  rb ac_complete
09:02:04 | i 55 | [Phase 2/3] route  38.90s / 37.20s / 104.6%  ails2  k=6
09:02:28 | i 54 | [ ASYNC BG] bg_ails  63.14s / 60.00s / 105.2%
09:02:28 | i 55 | [HAOS ROLL] k=6  λ=0.4  rb  ac_complete  ails2  P≈0.001024
09:02:28 | i 55 | [ Summary ] cost=32651.00  Δ_S*=+0.07%  Δ_BKS=+0.32%  Δ_S*_BKS=+0.25%  no_improve=6
09:02:28 | i 56 | [HAOS ROLL] k=6  λ=0.6  rb  kmeans  pyvrp  P≈0.006159
09:02:29 | i 56 | [Phase 1/3] decompose  0.27s / — / —  λ=0.6  rb kmeans
09:03:07 | i 56 | [Phase 2/3] route  38.37s / 36.96s / 103.8%  pyvrp  k=6
09:03:31 | i 55 | [ ASYNC BG] bg_ails  63.21s / 60.00s / 105.4%
09:03:31 | i 56 | [HAOS ROLL] k=6  λ=0.6  rb  kmeans  pyvrp  P≈0.006159
09:03:32 | i 56 | [ Summary ] cost=32992.00  Δ_S*=+1.12%  Δ_BKS=+1.37%  Δ_S*_BKS=+0.25%  no_improve=8
09:03:32 | i 57 | [HAOS ROLL] k=12  λ=0.0  rb  ac_avg  filo2  P≈0.001270
09:03:32 | i 57 | [Phase 1/3] decompose  0.21s / — / —  λ=0.0  rb ac_avg
09:03:58 | i 57 | [Phase 2/3] route  26.10s / 18.30s / 142.6%  filo2  k=12
09:04:35 | i 56 | [ ASYNC BG] bg_ails  63.19s / 60.00s / 105.3%
09:04:35 | i 57 | [HAOS ROLL] k=12  λ=0.0  rb  ac_avg  filo2  P≈0.001270
09:04:35 | i 57 | [ Summary ] cost=32628.00  Δ_S*=+0.00%  Δ_BKS=+0.25%  Δ_S*_BKS=+0.25%  no_improve=10
09:04:35 | i 58 | [HAOS ROLL] k=4  λ=1.0  rb  kmeans  filo2  P≈0.001682
09:04:35 | i 58 | [Phase 1/3] decompose  0.27s / — / —  λ=1.0  rb kmeans
09:05:21 | i 58 | [Phase 2/3] route  46.10s / 46.26s / 99.6%  filo2  k=4
09:05:38 | i 57 | [ ASYNC BG] bg_ails  63.17s / 60.00s / 105.3%
09:05:38 | i 58 | [HAOS ROLL] k=4  λ=1.0  rb  kmeans  filo2  P≈0.001682
09:05:38 | i 58 | [ Summary ] cost=32844.00  Δ_S*=+0.66%  Δ_BKS=+0.92%  Δ_S*_BKS=+0.25%  no_improve=12
09:05:38 | i 59 | [HAOS ROLL] k=6  λ=1.0  rb  ac_complete  filo  P≈0.002301
09:05:38 | i 59 | [Phase 1/3] decompose  0.27s / — / —  λ=1.0  rb ac_complete
09:06:15 | i 59 | [Phase 2/3] route  37.09s / 37.20s / 99.7%  filo  k=6
09:06:41 | i 58 | [ ASYNC BG] bg_ails  63.28s / 60.00s / 105.5%
09:06:41 | i 59 | [HAOS ROLL] k=6  λ=1.0  rb  ac_complete  filo  P≈0.002301
09:06:41 | i 59 | [ Summary ] cost=32749.00  Δ_S*=+0.37%  Δ_BKS=+0.62%  Δ_S*_BKS=+0.25%  no_improve=14
09:06:41 | i 60 | [HAOS ROLL] k=4  λ=0.6  rb  ac_complete  pyvrp  P≈0.002394
09:06:41 | i 60 | [Phase 1/3] decompose  0.27s / — / —  λ=0.6  rb ac_complete
09:07:30 | i 60 | [Phase 2/3] route  48.31s / 46.26s / 104.4%  pyvrp  k=4
09:07:44 | i 59 | [ ASYNC BG] bg_ails  63.34s / 60.00s / 105.6%
09:07:44 | i 60 | [HAOS ROLL] k=4  λ=0.6  rb  ac_complete  pyvrp  P≈0.002394
09:07:45 | i 60 | [ Summary ] cost=33088.00  Δ_S*=+1.41%  Δ_BKS=+1.67%  Δ_S*_BKS=+0.25%  no_improve=16
09:07:45 | i 61 | [HAOS ROLL] k=12  λ=0.6  rb  kmeans  filo2  P≈0.019527
09:07:45 | i 61 | [Phase 1/3] decompose  0.27s / — / —  λ=0.6  rb kmeans
09:08:12 | i 61 | [Phase 2/3] route  27.09s / 18.30s / 148.0%  filo2  k=12
09:08:48 | i 60 | [ ASYNC BG] bg_ails  63.21s / 60.00s / 105.4%
09:08:48 | i 61 | [HAOS ROLL] k=12  λ=0.6  rb  kmeans  filo2  P≈0.019527
09:08:48 | i 61 | [ Summary ] cost=32631.00  Δ_S*=+0.01%  Δ_BKS=+0.26%  Δ_S*_BKS=+0.25%  no_improve=18
09:08:48 | i 62 | [HAOS ROLL] k=12  λ=0.6  vb  ac_avg  filo  P≈0.000745
09:08:48 | i 62 | [Phase 1/3] decompose  0.35s / — / —  λ=0.6  vb ac_avg
09:09:25 | i 62 | [Phase 2/3] route  37.09s / 37.38s / 99.2%  filo  k=12
09:09:51 | i 61 | [ ASYNC BG] bg_ails  63.18s / 60.00s / 105.3%
09:09:51 | i 62 | [HAOS ROLL] k=12  λ=0.6  vb  ac_avg  filo  P≈0.000745
09:09:51 | i 62 | [ Summary ] cost=39490.00  Δ_S*=+21.03%  Δ_BKS=+21.34%  Δ_S*_BKS=+0.25%  no_improve=20
09:09:51 | i 63 | [HAOS ROLL] k=8  λ=0.6  vb  fcm  pyvrp  P≈0.000095
09:09:51 | i 63 | [Phase 1/3] decompose  0.53s / — / —  λ=0.6  vb fcm
09:10:17 | i 63 | [Phase 2/3] route  25.63s / 24.66s / 103.9%  pyvrp  k=8
09:10:54 | i 62 | [ ASYNC BG] bg_ails  63.25s / 60.00s / 105.4%
09:10:54 | i 63 | [HAOS ROLL] k=8  λ=0.6  vb  fcm  pyvrp  P≈0.000095
09:10:54 | i 63 | [ Summary ] cost=37368.00  Δ_S*=+14.53%  Δ_BKS=+14.82%  Δ_S*_BKS=+0.25%  no_improve=22
09:10:54 | i 64 | [HAOS ROLL] k=6  λ=0.6  rb  kmeans  ails2  P≈0.011357
09:10:54 | i 64 | [Phase 1/3] decompose  0.27s / — / —  λ=0.6  rb kmeans
09:11:32 | i 64 | [Phase 2/3] route  37.88s / 36.96s / 102.5%  ails2  k=6
09:11:57 | i 63 | [ ASYNC BG] bg_ails  63.14s / 60.00s / 105.2%
09:11:57 | i 64 | [HAOS ROLL] k=6  λ=0.6  rb  kmeans  ails2  P≈0.011357
09:11:57 | i 64 | [ Summary ] cost=32722.00  Δ_S*=+0.29%  Δ_BKS=+0.54%  Δ_S*_BKS=+0.25%  no_improve=24
09:11:57 | i 65 | [HAOS ROLL] k=4  λ=0.6  rb  ac_complete  filo  P≈0.005637
09:11:58 | i 65 | [Phase 1/3] decompose  0.27s / — / —  λ=0.6  rb ac_complete
09:12:44 | i 65 | [Phase 2/3] route  46.10s / 46.26s / 99.6%  filo  k=4
09:13:00 | i 64 | [ ASYNC BG] bg_ails  63.19s / 60.00s / 105.3%
09:13:00 | i 65 | [HAOS ROLL] k=4  λ=0.6  rb  ac_complete  filo  P≈0.005637
09:13:01 | i 65 | [ Summary ] cost=32859.00  Δ_S*=+0.71%  Δ_BKS=+0.96%  Δ_S*_BKS=+0.25%  no_improve=26
09:13:01 | i 66 | [HAOS ROLL] k=6  λ=0.4  vb  kmeans  filo2  P≈0.000135
09:13:01 | i 66 | [Phase 1/3] decompose  0.28s / — / —  λ=0.4  vb kmeans
09:13:37 | i 66 | [Phase 2/3] route  36.11s / 36.42s / 99.1%  filo2  k=6
09:14:04 | i 65 | [ ASYNC BG] bg_ails  63.32s / 60.00s / 105.5%
09:14:04 | i 66 | [HAOS ROLL] k=6  λ=0.4  vb  kmeans  filo2  P≈0.000135
09:14:04 | i 66 | [ Summary ] cost=36399.00  Δ_S*=+11.56%  Δ_BKS=+11.84%  Δ_S*_BKS=+0.25%  no_improve=28
09:14:04 | i 67 | [HAOS ROLL] k=6  λ=1.0  rb  ac_complete  filo  P≈0.002957
09:14:04 | i 67 | [Phase 1/3] decompose  0.27s / — / —  λ=1.0  rb ac_complete
09:14:41 | i 67 | [Phase 2/3] route  37.10s / 37.20s / 99.7%  filo  k=6
09:15:07 | i 66 | [ ASYNC BG] bg_ails  63.17s / 60.00s / 105.3%
09:15:07 | i 67 | [HAOS ROLL] k=6  λ=1.0  rb  ac_complete  filo  P≈0.002957
09:15:07 | i 67 | [ Summary ] cost=32718.00  Δ_S*=+0.28%  Δ_BKS=+0.53%  Δ_S*_BKS=+0.25%  no_improve=30
09:15:07 | i 68 | [HAOS ROLL] k=12  λ=0.6  rb  kmeans  ails2  P≈0.012033
09:15:07 | i 68 | [Phase 1/3] decompose  0.27s / — / —  λ=0.6  rb kmeans
09:15:36 | i 68 | [Phase 2/3] route  28.79s / 18.30s / 157.3%  ails2  k=12
09:16:10 | i 67 | [ ASYNC BG] bg_ails  63.17s / 60.00s / 105.3%
09:16:10 | i 68 | [HAOS ROLL] k=12  λ=0.6  rb  kmeans  ails2  P≈0.012033
09:16:10 | i 68 | [ Summary ] cost=32631.00  Δ_S*=+0.01%  Δ_BKS=+0.26%  Δ_S*_BKS=+0.25%  no_improve=32
09:16:10 | i 69 | [HAOS ROLL] k=6  λ=0.6  rb  ac_complete  filo  P≈0.013600
09:16:10 | i 69 | [Phase 1/3] decompose  0.26s / — / —  λ=0.6  rb ac_complete
09:16:48 | i 69 | [Phase 2/3] route  37.09s / 37.20s / 99.7%  filo  k=6
09:17:13 | i 68 | [ ASYNC BG] bg_ails  63.15s / 60.00s / 105.3%
09:17:13 | i 69 | [HAOS ROLL] k=6  λ=0.6  rb  ac_complete  filo  P≈0.013600
09:17:13 | i 69 | [ Summary ] cost=32695.00  Δ_S*=+0.21%  Δ_BKS=+0.46%  Δ_S*_BKS=+0.25%  no_improve=34
09:17:13 | i 63 | [ASYNC 1/2] sp_sc  1.94s / 720.00s / 0.3%  SP  avg_coverage=97.87/5  pool=1355
09:17:13 | i 63 | [ASYNC 2/2] standard_ails  362.87s / 360.00s / 100.8%
09:17:14 | i 70 | [HAOS ROLL] k=10  λ=0.4  rb  kmeans  pyvrp  P≈0.000399
09:17:15 | i 70 | [Phase 1/3] decompose  0.25s / — / —  λ=0.4  rb kmeans
09:17:44 | i 70 | [Phase 2/3] route  29.12s / 28.08s / 103.7%  pyvrp  k=10
09:18:16 | i 69 | [ ASYNC BG] bg_ails  63.10s / 60.00s / 105.2%
09:18:16 | i 70 | [HAOS ROLL] k=10  λ=0.4  rb  kmeans  pyvrp  P≈0.000399
09:18:16 | i 70 | [ Summary ] cost=32845.00  Δ_S*=+0.67%  Δ_BKS=+0.92%  Δ_S*_BKS=+0.25%  no_improve=37
09:18:16 | i 71 | [HAOS ROLL] k=12  λ=0.2  rb  kmeans  ails2  P≈0.002753
09:18:17 | i 71 | [Phase 1/3] decompose  0.27s / — / —  λ=0.2  rb kmeans
09:18:46 | i 71 | [Phase 2/3] route  29.69s / 18.30s / 162.2%  ails2  k=12
09:19:20 | i 70 | [ ASYNC BG] bg_ails  63.25s / 60.00s / 105.4%
09:19:20 | i 71 | [HAOS ROLL] k=12  λ=0.2  rb  kmeans  ails2  P≈0.002753
09:19:20 | i 71 | [ Summary ] cost=32629.00  Δ_S*=+0.00%  Δ_BKS=+0.26%  Δ_S*_BKS=+0.25%  no_improve=39
09:19:20 | i 72 | [HAOS ROLL] k=10  λ=0.2  rb  ac_complete  pyvrp  P≈0.000553
09:19:20 | i 72 | [Phase 1/3] decompose  0.27s / — / —  λ=0.2  rb ac_complete
09:19:48 | i 72 | [Phase 2/3] route  28.34s / 27.42s / 103.3%  pyvrp  k=10
09:20:23 | i 71 | [ ASYNC BG] bg_ails  63.15s / 60.00s / 105.2%
09:20:23 | i 72 | [HAOS ROLL] k=10  λ=0.2  rb  ac_complete  pyvrp  P≈0.000553
09:20:23 | i 72 | [ Summary ] cost=32875.00  Δ_S*=+0.76%  Δ_BKS=+1.01%  Δ_S*_BKS=+0.25%  no_improve=41
09:20:23 | i 73 | [HAOS ROLL] k=6  λ=0.6  rb  ac_avg  pyvrp  P≈0.001606
09:20:23 | i 73 | [Phase 1/3] decompose  0.26s / — / —  λ=0.6  rb ac_avg
09:21:02 | i 73 | [Phase 2/3] route  38.62s / 37.20s / 103.8%  pyvrp  k=6
09:21:26 | i 72 | [ ASYNC BG] bg_ails  63.22s / 60.00s / 105.4%
09:21:26 | i 73 | [HAOS ROLL] k=6  λ=0.6  rb  ac_avg  pyvrp  P≈0.001606
09:21:26 | i 73 | [ Summary ] cost=33043.00  Δ_S*=+1.27%  Δ_BKS=+1.53%  Δ_S*_BKS=+0.25%  no_improve=43
09:21:26 | i 74 | [HAOS ROLL] k=4  λ=0.6  rb  ac_complete  pyvrp  P≈0.003883
09:21:26 | i 74 | [Phase 1/3] decompose  0.26s / — / —  λ=0.6  rb ac_complete
09:22:15 | i 74 | [Phase 2/3] route  48.27s / 46.26s / 104.3%  pyvrp  k=4
09:22:29 | i 73 | [ ASYNC BG] bg_ails  63.29s / 60.00s / 105.5%
09:22:29 | i 74 | [HAOS ROLL] k=4  λ=0.6  rb  ac_complete  pyvrp  P≈0.003883
09:22:29 | i 74 | [ Summary ] cost=32925.00  Δ_S*=+0.91%  Δ_BKS=+1.16%  Δ_S*_BKS=+0.25%  no_improve=45
09:22:29 | i 75 | [HAOS ROLL] k=10  λ=0.2  rb  ac_avg  filo  P≈0.000517
09:22:30 | i 75 | [Phase 1/3] decompose  0.36s / — / —  λ=0.2  rb ac_avg
09:22:57 | i 75 | [Phase 2/3] route  27.08s / 27.42s / 98.8%  filo  k=10
09:23:33 | i 74 | [ ASYNC BG] bg_ails  63.28s / 60.00s / 105.5%
09:23:33 | i 75 | [HAOS ROLL] k=10  λ=0.2  rb  ac_avg  filo  P≈0.000517
09:23:33 | i 75 | [ Summary ] cost=32649.00  Δ_S*=+0.06%  Δ_BKS=+0.32%  Δ_S*_BKS=+0.25%  no_improve=47
09:23:33 | i 76 | [HAOS ROLL] k=3  λ=0.0  rb  ac_avg  pyvrp  P≈0.000187
09:23:33 | i 76 | [Phase 1/3] decompose  0.20s / — / —  λ=0.0  rb ac_avg
09:24:30 | i 76 | [Phase 2/3] route  56.85s / 54.30s / 104.7%  pyvrp  k=3
09:24:36 | i 75 | [ ASYNC BG] bg_ails  63.20s / 60.00s / 105.3%
09:24:36 | i 76 | [HAOS ROLL] k=3  λ=0.0  rb  ac_avg  pyvrp  P≈0.000187
09:24:36 | i 76 | [ Summary ] cost=33235.00  Δ_S*=+1.86%  Δ_BKS=+2.12%  Δ_S*_BKS=+0.25%  no_improve=49
09:24:36 | i 77 | [HAOS ROLL] k=6  λ=0.2  rb  kmeans  filo2  P≈0.003616
09:24:36 | i 77 | [Phase 1/3] decompose  0.27s / — / —  λ=0.2  rb kmeans
09:25:13 | i 77 | [Phase 2/3] route  37.09s / 37.14s / 99.9%  filo2  k=6
09:25:39 | i 76 | [ ASYNC BG] bg_ails  63.17s / 60.00s / 105.3%
09:25:39 | i 77 | [HAOS ROLL] k=6  λ=0.2  rb  kmeans  filo2  P≈0.003616
09:25:39 | i 77 | [ Summary ] cost=32708.00  Δ_S*=+0.25%  Δ_BKS=+0.50%  Δ_S*_BKS=+0.25%  no_improve=51
09:25:39 | i 78 | [HAOS ROLL] k=4  λ=1.0  rb  ac_complete  filo  P≈0.001381
09:25:39 | i 78 | [Phase 1/3] decompose  0.26s / — / —  λ=1.0  rb ac_complete
09:26:25 | i 78 | [Phase 2/3] route  46.09s / 46.26s / 99.6%  filo  k=4
09:26:42 | i 77 | [ ASYNC BG] bg_ails  63.24s / 60.00s / 105.4%
09:26:42 | i 78 | [HAOS ROLL] k=4  λ=1.0  rb  ac_complete  filo  P≈0.001381
09:26:42 | i 78 | [ Summary ] cost=32850.00  Δ_S*=+0.68%  Δ_BKS=+0.93%  Δ_S*_BKS=+0.25%  no_improve=53
09:26:42 | i 79 | [HAOS ROLL] k=3  λ=0.6  rb  kmeans  pyvrp  P≈0.004147
09:26:43 | i 79 | [Phase 1/3] decompose  0.25s / — / —  λ=0.6  rb kmeans
09:27:31 | i 79 | [Phase 2/3] route  48.46s / 46.26s / 104.8%  pyvrp  k=3
09:27:45 | i 78 | [ ASYNC BG] bg_ails  63.18s / 60.00s / 105.3%
09:27:45 | i 79 | [HAOS ROLL] k=3  λ=0.6  rb  kmeans  pyvrp  P≈0.004147
09:27:46 | i 79 | [ Summary ] cost=33807.00  Δ_S*=+3.61%  Δ_BKS=+3.87%  Δ_S*_BKS=+0.25%  no_improve=55
09:27:46 | i 80 | [HAOS ROLL] k=3  λ=0.6  rb  kmeans  ails2  P≈0.003262
09:27:46 | i 80 | [Phase 1/3] decompose  0.27s / — / —  λ=0.6  rb kmeans
09:28:34 | i 80 | [Phase 2/3] route  47.72s / 46.26s / 103.2%  ails2  k=3
09:28:49 | i 79 | [ ASYNC BG] bg_ails  63.13s / 60.00s / 105.2%
09:28:49 | i 80 | [HAOS ROLL] k=3  λ=0.6  rb  kmeans  ails2  P≈0.003262
09:28:49 | i 80 | [ Summary ] cost=32794.00  Δ_S*=+0.51%  Δ_BKS=+0.76%  Δ_S*_BKS=+0.25%  no_improve=57
09:28:49 | i 81 | [HAOS ROLL] k=10  λ=0.0  rb  kmeans  ails2  P≈0.001090
09:28:49 | i 81 | [Phase 1/3] decompose  0.21s / — / —  λ=0.0  rb kmeans
09:29:17 | i 81 | [Phase 2/3] route  28.62s / 27.42s / 104.4%  ails2  k=10
09:29:52 | i 80 | [ ASYNC BG] bg_ails  63.17s / 60.00s / 105.3%
09:29:52 | i 81 | [HAOS ROLL] k=10  λ=0.0  rb  kmeans  ails2  P≈0.001090
09:29:52 | i 81 | [ Summary ] cost=32647.00  Δ_S*=+0.06%  Δ_BKS=+0.31%  Δ_S*_BKS=+0.25%  no_improve=59
09:29:52 | i 82 | [HAOS ROLL] k=3  λ=0.0  rb  ac_avg  ails2  P≈0.000773
09:29:52 | i 82 | [Phase 1/3] decompose  0.20s / — / —  λ=0.0  rb ac_avg
09:30:48 | i 82 | [Phase 2/3] route  55.79s / 54.30s / 102.8%  ails2  k=3
09:30:55 | i 81 | [ ASYNC BG] bg_ails  63.14s / 60.00s / 105.2%
09:30:55 | i 82 | [HAOS ROLL] k=3  λ=0.0  rb  ac_avg  ails2  P≈0.000773
09:30:55 | i 82 | [ Summary ] cost=32784.00  Δ_S*=+0.48%  Δ_BKS=+0.73%  Δ_S*_BKS=+0.25%  no_improve=61
09:30:55 | i 83 | [HAOS ROLL] k=3  λ=0.2  rb  ac_avg  filo2  P≈0.000867
09:30:55 | i 83 | [Phase 1/3] decompose  0.26s / — / —  λ=0.2  rb ac_avg
09:31:49 | i 83 | [Phase 2/3] route  54.11s / 54.30s / 99.6%  filo2  k=3
09:31:58 | i 82 | [ ASYNC BG] bg_ails  63.17s / 60.00s / 105.3%
09:31:58 | i 83 | [HAOS ROLL] k=3  λ=0.2  rb  ac_avg  filo2  P≈0.000867
09:31:58 | i 83 | [ Summary ] cost=33253.00  Δ_S*=+1.92%  Δ_BKS=+2.17%  Δ_S*_BKS=+0.25%  no_improve=63
09:31:58 | i 84 | [HAOS ROLL] k=3  λ=1.0  rb  kmeans  ails2  P≈0.003475
09:31:58 | i 84 | [Phase 1/3] decompose  0.26s / — / —  λ=1.0  rb kmeans
09:32:54 | i 84 | [Phase 2/3] route  55.72s / 54.30s / 102.6%  ails2  k=3
09:33:01 | i 83 | [ ASYNC BG] bg_ails  63.16s / 60.00s / 105.3%
09:33:01 | i 84 | [HAOS ROLL] k=3  λ=1.0  rb  kmeans  ails2  P≈0.003475
09:33:01 | i 84 | [ Summary ] cost=32720.00  Δ_S*=+0.28%  Δ_BKS=+0.53%  Δ_S*_BKS=+0.25%  no_improve=65
09:33:01 | i 85 | [HAOS ROLL] k=4  λ=1.0  rb  ac_complete  filo2  P≈0.000882
09:33:02 | i 85 | [Phase 1/3] decompose  0.26s / — / —  λ=1.0  rb ac_complete
09:33:48 | i 85 | [Phase 2/3] route  46.10s / 46.26s / 99.7%  filo2  k=4
09:34:05 | i 84 | [ ASYNC BG] bg_ails  63.33s / 60.00s / 105.6%
09:34:05 | i 85 | [HAOS ROLL] k=4  λ=1.0  rb  ac_complete  filo2  P≈0.000882
09:34:05 | i 85 | [ Summary ] cost=32807.00  Δ_S*=+0.55%  Δ_BKS=+0.80%  Δ_S*_BKS=+0.25%  no_improve=67
09:34:05 | i 86 | [HAOS ROLL] k=12  λ=0.4  vb  kmedoids  filo  P≈0.000055
09:34:05 | i 86 | [Phase 1/3] decompose  0.40s / — / —  λ=0.4  vb kmedoids
09:34:29 | i 86 | [Phase 2/3] route  24.09s / 15.72s / 153.3%  filo  k=12
09:35:08 | i 85 | [ ASYNC BG] bg_ails  63.22s / 60.00s / 105.4%
09:35:08 | i 86 | [HAOS ROLL] k=12  λ=0.4  vb  kmedoids  filo  P≈0.000055
09:35:08 | i 86 | [ Summary ] cost=39605.00  Δ_S*=+21.38%  Δ_BKS=+21.69%  Δ_S*_BKS=+0.25%  no_improve=69
09:35:08 | i 87 | [HAOS ROLL] k=6  λ=1.0  rb  ac_avg  pyvrp  P≈0.001377
09:35:08 | i 87 | [Phase 1/3] decompose  0.26s / — / —  λ=1.0  rb ac_avg
09:35:47 | i 87 | [Phase 2/3] route  38.59s / 37.20s / 103.7%  pyvrp  k=6
09:36:11 | i 86 | [ ASYNC BG] bg_ails  63.22s / 60.00s / 105.4%
09:36:11 | i 87 | [HAOS ROLL] k=6  λ=1.0  rb  ac_avg  pyvrp  P≈0.001377
09:36:11 | i 87 | [ Summary ] cost=33001.00  Δ_S*=+1.14%  Δ_BKS=+1.40%  Δ_S*_BKS=+0.25%  no_improve=71
09:36:11 | i 88 | [HAOS ROLL] k=3  λ=0.2  rb  ac_avg  pyvrp  P≈0.001795
09:36:11 | i 88 | [Phase 1/3] decompose  0.26s / — / —  λ=0.2  rb ac_avg
09:37:08 | i 88 | [Phase 2/3] route  57.00s / 54.30s / 105.0%  pyvrp  k=3
09:37:14 | i 87 | [ ASYNC BG] bg_ails  63.24s / 60.00s / 105.4%
09:37:14 | i 88 | [HAOS ROLL] k=3  λ=0.2  rb  ac_avg  pyvrp  P≈0.001795
09:37:14 | i 88 | [ Summary ] cost=33064.00  Δ_S*=+1.34%  Δ_BKS=+1.59%  Δ_S*_BKS=+0.25%  no_improve=73
09:37:14 | i 82 | [ASYNC 1/2] sp_sc  3.54s / 720.00s / 0.5%  SP  avg_coverage=127.34/5  pool=1744
09:37:14 | i 82 | [ASYNC 2/2] standard_ails  362.98s / 360.00s / 100.8%
09:37:16 | i 82 | [ IMPROVE ] 32616.00  via standard_ails  ·  Δ_BKS=+0.22%
09:37:16 | i 89 | [HAOS ROLL] k=4  λ=0.6  rb  kmeans  filo  P≈0.003706
09:37:16 | i 89 | [Phase 1/3] decompose  0.24s / — / —  λ=0.6  rb kmeans
09:38:02 | i 89 | [Phase 2/3] route  46.09s / 46.26s / 99.6%  filo  k=4
09:38:17 | i 88 | [ ASYNC BG] bg_ails  63.13s / 60.00s / 105.2%
09:38:17 | i 89 | [HAOS ROLL] k=4  λ=0.6  rb  kmeans  filo  P≈0.003706
09:38:18 | i 89 | [ Summary ] cost=32736.00  Δ_S*=+0.37%  Δ_BKS=+0.58%  Δ_S*_BKS=+0.22%  no_improve=2
09:38:18 | i 90 | [HAOS ROLL] k=2  λ=0.8  rb  ac_avg  pyvrp  P≈0.000215
09:38:18 | i 90 | [Phase 1/3] decompose  0.26s / — / —  λ=0.8  rb ac_avg
09:39:26 | i 90 | [Phase 2/3] route  67.75s / 64.20s / 105.5%  pyvrp  k=2
09:39:26 | i 89 | [ ASYNC BG] bg_ails  63.11s / 60.00s / 105.2%
09:39:26 | i 90 | [HAOS ROLL] k=2  λ=0.8  rb  ac_avg  pyvrp  P≈0.000215
09:39:26 | i 90 | [ Summary ] cost=33474.00  Δ_S*=+2.63%  Δ_BKS=+2.85%  Δ_S*_BKS=+0.22%  no_improve=4
09:39:26 | i 91 | [HAOS ROLL] k=12  λ=0.6  rb  kmeans  filo  P≈0.004825
09:39:26 | i 91 | [Phase 1/3] decompose  0.25s / — / —  λ=0.6  rb kmeans
09:39:53 | i 91 | [Phase 2/3] route  27.09s / 18.30s / 148.0%  filo  k=12
09:40:31 | i 90 | [ ASYNC BG] bg_ails  65.26s / 62.66s / 104.1%
09:40:31 | i 91 | [ IMPROVE ] 32615.00  via decompose_route  ·  Δ_BKS=+0.21%
09:40:31 | i 91 | [HAOS ROLL] k=12  λ=0.6  rb  kmeans  filo  P≈0.004825
09:40:31 | i 91 | [ Summary ] cost=32615.00  Δ_S*=+0.00%  Δ_BKS=+0.21%  Δ_S*_BKS=+0.21%  no_improve=0
09:40:31 | i 92 | [HAOS ROLL] k=6  λ=0.8  vb  ac_complete  filo  P≈0.000122
09:40:31 | i 92 | [Phase 1/3] decompose  0.34s / — / —  λ=0.8  vb ac_complete
09:41:04 | i 92 | [Phase 2/3] route  33.09s / 32.58s / 101.6%  filo  k=6
09:41:34 | i 91 | [ ASYNC BG] bg_ails  63.28s / 60.00s / 105.5%
09:41:34 | i 92 | [HAOS ROLL] k=6  λ=0.8  vb  ac_complete  filo  P≈0.000122
09:41:34 | i 92 | [ Summary ] cost=36792.00  Δ_S*=+12.81%  Δ_BKS=+13.05%  Δ_S*_BKS=+0.21%  no_improve=2
09:41:34 | i 93 | [HAOS ROLL] k=10  λ=0.2  rb  kmeans  ails2  P≈0.001330
09:41:34 | i 93 | [Phase 1/3] decompose  0.27s / — / —  λ=0.2  rb kmeans
09:42:03 | i 93 | [Phase 2/3] route  28.77s / 18.30s / 157.2%  ails2  k=10
09:42:37 | i 92 | [ ASYNC BG] bg_ails  63.22s / 60.00s / 105.4%
09:42:37 | i 93 | [HAOS ROLL] k=10  λ=0.2  rb  kmeans  ails2  P≈0.001330
09:42:37 | i 93 | [ Summary ] cost=32702.00  Δ_S*=+0.27%  Δ_BKS=+0.48%  Δ_S*_BKS=+0.21%  no_improve=4
09:42:37 | i 94 | [HAOS ROLL] k=4  λ=0.6  vb  ac_complete  filo  P≈0.000415
09:42:38 | i 94 | [Phase 1/3] decompose  0.34s / — / —  λ=0.6  vb ac_complete
09:43:23 | i 94 | [Phase 2/3] route  45.09s / 45.36s / 99.4%  filo  k=4
09:43:41 | i 93 | [ ASYNC BG] bg_ails  63.19s / 60.00s / 105.3%
09:43:41 | i 94 | [HAOS ROLL] k=4  λ=0.6  vb  ac_complete  filo  P≈0.000415
09:43:41 | i 94 | [ Summary ] cost=35324.00  Δ_S*=+8.31%  Δ_BKS=+8.54%  Δ_S*_BKS=+0.21%  no_improve=6
09:43:41 | i 95 | [HAOS ROLL] k=6  λ=0.0  rb  ac_complete  ails2  P≈0.001625
09:43:41 | i 95 | [Phase 1/3] decompose  0.20s / — / —  λ=0.0  rb ac_complete
09:44:20 | i 95 | [Phase 2/3] route  38.87s / 37.20s / 104.5%  ails2  k=6
09:44:44 | i 94 | [ ASYNC BG] bg_ails  63.46s / 60.00s / 105.8%
09:44:44 | i 95 | [HAOS ROLL] k=6  λ=0.0  rb  ac_complete  ails2  P≈0.001625
09:44:44 | i 95 | [ Summary ] cost=32719.00  Δ_S*=+0.32%  Δ_BKS=+0.53%  Δ_S*_BKS=+0.21%  no_improve=8
09:44:44 | i 96 | [HAOS ROLL] k=6  λ=1.0  rb  kmeans  filo  P≈0.006421
09:44:44 | i 96 | [Phase 1/3] decompose  0.26s / — / —  λ=1.0  rb kmeans
09:45:21 | i 96 | [Phase 2/3] route  37.09s / 37.20s / 99.7%  filo  k=6
09:45:47 | i 95 | [ ASYNC BG] bg_ails  63.16s / 60.00s / 105.3%
09:45:47 | i 96 | [HAOS ROLL] k=6  λ=1.0  rb  kmeans  filo  P≈0.006421
09:45:47 | i 96 | [ Summary ] cost=32741.00  Δ_S*=+0.39%  Δ_BKS=+0.60%  Δ_S*_BKS=+0.21%  no_improve=10
09:45:47 | i 97 | [HAOS ROLL] k=6  λ=1.0  vb  kmedoids  ails2  P≈0.000429
09:45:48 | i 97 | [Phase 1/3] decompose  0.48s / — / —  λ=1.0  vb kmedoids
09:46:28 | i 97 | [Phase 2/3] route  39.94s / 38.70s / 103.2%  ails2  k=6
09:46:50 | i 96 | [ ASYNC BG] bg_ails  63.17s / 60.00s / 105.3%
09:46:50 | i 97 | [HAOS ROLL] k=6  λ=1.0  vb  kmedoids  ails2  P≈0.000429
09:46:50 | i 97 | [ Summary ] cost=36244.00  Δ_S*=+11.13%  Δ_BKS=+11.36%  Δ_S*_BKS=+0.21%  no_improve=12
09:46:50 | i 98 | [HAOS ROLL] k=12  λ=0.6  rb  ac_avg  ails2  P≈0.003663
09:46:51 | i 98 | [Phase 1/3] decompose  0.26s / — / —  λ=0.6  rb ac_avg
09:47:20 | i 98 | [Phase 2/3] route  28.93s / 18.30s / 158.1%  ails2  k=12
09:47:54 | i 97 | [ ASYNC BG] bg_ails  63.15s / 60.00s / 105.3%
09:47:54 | i 98 | [ IMPROVE ] 32612.00  via decompose_route  ·  Δ_BKS=+0.20%
09:47:54 | i 98 | [HAOS ROLL] k=12  λ=0.6  rb  ac_avg  ails2  P≈0.003663
09:47:54 | i 98 | [ Summary ] cost=32612.00  Δ_S*=+0.00%  Δ_BKS=+0.20%  Δ_S*_BKS=+0.20%  no_improve=0
09:47:54 | i 99 | [HAOS ROLL] k=4  λ=1.0  rb  kmeans  filo  P≈0.002954
09:47:54 | i 99 | [Phase 1/3] decompose  0.26s / — / —  λ=1.0  rb kmeans
09:48:40 | i 99 | [Phase 2/3] route  46.10s / 46.26s / 99.7%  filo  k=4
09:48:57 | i 98 | [ ASYNC BG] bg_ails  63.09s / 60.00s / 105.2%
09:48:57 | i 99 | [HAOS ROLL] k=4  λ=1.0  rb  kmeans  filo  P≈0.002954
09:48:57 | i 99 | [ Summary ] cost=32821.00  Δ_S*=+0.64%  Δ_BKS=+0.84%  Δ_S*_BKS=+0.20%  no_improve=2
09:48:57 | i 100 | [HAOS ROLL] k=6  λ=0.0  vb  kmeans  filo2  P≈0.000099
09:48:57 | i 100 | [Phase 1/3] decompose  0.20s / — / —  λ=0.0  vb kmeans
09:49:34 | i 100 | [Phase 2/3] route  37.11s / 37.02s / 100.2%  filo2  k=6
09:50:00 | i 99 | [ ASYNC BG] bg_ails  63.21s / 60.00s / 105.3%
09:50:00 | i 100 | [HAOS ROLL] k=6  λ=0.0  vb  kmeans  filo2  P≈0.000099
09:50:00 | i 100 | [ Summary ] cost=36808.00  Δ_S*=+12.87%  Δ_BKS=+13.10%  Δ_S*_BKS=+0.20%  no_improve=4
09:50:00 | i 101 | [HAOS ROLL] k=6  λ=0.6  rb  kmeans  filo  P≈0.012770
09:50:00 | i 101 | [Phase 1/3] decompose  0.26s / — / —  λ=0.6  rb kmeans
09:50:37 | i 101 | [Phase 2/3] route  37.09s / 36.96s / 100.4%  filo  k=6
09:51:03 | i 100 | [ ASYNC BG] bg_ails  63.08s / 60.00s / 105.1%
09:51:03 | i 101 | [HAOS ROLL] k=6  λ=0.6  rb  kmeans  filo  P≈0.012770
09:51:03 | i 101 | [ Summary ] cost=32895.00  Δ_S*=+0.87%  Δ_BKS=+1.07%  Δ_S*_BKS=+0.20%  no_improve=6
09:51:03 | i 102 | [HAOS ROLL] k=4  λ=0.0  rb  kmeans  filo  P≈0.002466
09:51:03 | i 102 | [Phase 1/3] decompose  0.20s / — / —  λ=0.0  rb kmeans
09:51:49 | i 102 | [Phase 2/3] route  46.10s / 46.26s / 99.7%  filo  k=4
09:52:06 | i 101 | [ ASYNC BG] bg_ails  63.15s / 60.00s / 105.3%
09:52:06 | i 102 | [HAOS ROLL] k=4  λ=0.0  rb  kmeans  filo  P≈0.002466
09:52:06 | i 102 | [ Summary ] cost=32816.00  Δ_S*=+0.63%  Δ_BKS=+0.83%  Δ_S*_BKS=+0.20%  no_improve=8
09:52:06 | i 103 | [HAOS ROLL] k=6  λ=0.6  vb  fcm  ails2  P≈0.001600
09:52:07 | i 103 | [Phase 1/3] decompose  0.48s / — / —  λ=0.6  vb fcm
09:52:39 | i 103 | [Phase 2/3] route  32.75s / 31.02s / 105.6%  ails2  k=6
09:53:09 | i 102 | [ ASYNC BG] bg_ails  63.10s / 60.00s / 105.2%
09:53:09 | i 103 | [HAOS ROLL] k=6  λ=0.6  vb  fcm  ails2  P≈0.001600
09:53:09 | i 103 | [ Summary ] cost=36644.00  Δ_S*=+12.36%  Δ_BKS=+12.59%  Δ_S*_BKS=+0.20%  no_improve=10
09:53:09 | i 104 | [HAOS ROLL] k=12  λ=0.8  rb  kmeans  ails2  P≈0.002451
09:53:10 | i 104 | [Phase 1/3] decompose  0.26s / — / —  λ=0.8  rb kmeans
09:53:39 | i 104 | [Phase 2/3] route  29.70s / 18.30s / 162.3%  ails2  k=12
09:54:12 | i 103 | [ ASYNC BG] bg_ails  63.17s / 60.00s / 105.3%
09:54:12 | i 104 | [HAOS ROLL] k=12  λ=0.8  rb  kmeans  ails2  P≈0.002451
09:54:12 | i 104 | [ Summary ] cost=32615.00  Δ_S*=+0.01%  Δ_BKS=+0.21%  Δ_S*_BKS=+0.20%  no_improve=12
09:54:12 | i 105 | [HAOS ROLL] k=8  λ=0.6  rb  ac_complete  filo  P≈0.001606
09:54:13 | i 105 | [Phase 1/3] decompose  0.26s / — / —  λ=0.6  rb ac_complete
09:54:41 | i 105 | [Phase 2/3] route  28.11s / 28.08s / 100.1%  filo  k=8
09:55:16 | i 104 | [ ASYNC BG] bg_ails  63.26s / 60.00s / 105.4%
09:55:16 | i 105 | [HAOS ROLL] k=8  λ=0.6  rb  ac_complete  filo  P≈0.001606
09:55:16 | i 105 | [ Summary ] cost=32661.00  Δ_S*=+0.15%  Δ_BKS=+0.35%  Δ_S*_BKS=+0.20%  no_improve=14
09:55:16 | i 106 | [HAOS ROLL] k=12  λ=0.6  rb  ac_complete  filo2  P≈0.001873
09:55:16 | i 106 | [Phase 1/3] decompose  0.26s / — / —  λ=0.6  rb ac_complete
09:55:43 | i 106 | [Phase 2/3] route  27.10s / 18.30s / 148.1%  filo2  k=12
09:56:19 | i 105 | [ ASYNC BG] bg_ails  63.23s / 60.00s / 105.4%
09:56:19 | i 106 | [HAOS ROLL] k=12  λ=0.6  rb  ac_complete  filo2  P≈0.001873
09:56:19 | i 106 | [ Summary ] cost=32612.00  Δ_S*=+0.00%  Δ_BKS=+0.20%  Δ_S*_BKS=+0.20%  no_improve=16
09:56:19 | i 107 | [HAOS ROLL] k=12  λ=0.8  rb  ac_avg  filo  P≈0.001328
09:56:19 | i 107 | [Phase 1/3] decompose  0.26s / — / —  λ=0.8  rb ac_avg
09:56:46 | i 107 | [Phase 2/3] route  27.08s / 18.30s / 148.0%  filo  k=12
09:57:22 | i 106 | [ ASYNC BG] bg_ails  63.21s / 60.00s / 105.4%
09:57:22 | i 107 | [ IMPROVE ] 32611.00  via decompose_route  ·  Δ_BKS=+0.20%
09:57:22 | i 107 | [HAOS ROLL] k=12  λ=0.8  rb  ac_avg  filo  P≈0.001328
09:57:22 | i 107 | [ Summary ] cost=32611.00  Δ_S*=+0.00%  Δ_BKS=+0.20%  Δ_S*_BKS=+0.20%  no_improve=0
09:57:22 | i 101 | [ASYNC 1/2] sp_sc  5.29s / 720.00s / 0.7%  SP  avg_coverage=157.44/5  pool=2157
09:57:22 | i 101 | [ASYNC 2/2] standard_ails  363.00s / 360.00s / 100.8%
09:57:24 | i 101 | [ IMPROVE ] 32597.00  via standard_ails  ·  Δ_BKS=+0.16%
09:57:24 | i 108 | [HAOS ROLL] k=4  λ=0.0  rb  ac_avg  ails2  P≈0.001187
09:57:25 | i 108 | [Phase 1/3] decompose  0.19s / — / —  λ=0.0  rb ac_avg
09:58:12 | i 108 | [Phase 2/3] route  47.92s / 46.26s / 103.6%  ails2  k=4
09:58:25 | i 107 | [ ASYNC BG] bg_ails  63.20s / 60.00s / 105.3%
09:58:25 | i 108 | [HAOS ROLL] k=4  λ=0.0  rb  ac_avg  ails2  P≈0.001187
09:58:25 | i 108 | [ Summary ] cost=32738.00  Δ_S*=+0.43%  Δ_BKS=+0.59%  Δ_S*_BKS=+0.16%  no_improve=2
09:58:25 | i 109 | [HAOS ROLL] k=3  λ=0.6  vb  fcm  filo  P≈0.000544
09:58:26 | i 109 | [Phase 1/3] decompose  0.27s / — / —  λ=0.6  vb fcm
09:59:15 | i 109 | [Phase 2/3] route  49.10s / 48.54s / 101.1%  filo  k=3
09:59:29 | i 108 | [ ASYNC BG] bg_ails  63.26s / 60.00s / 105.4%
09:59:29 | i 109 | [HAOS ROLL] k=3  λ=0.6  vb  fcm  filo  P≈0.000544
09:59:29 | i 109 | [ Summary ] cost=33403.00  Δ_S*=+2.47%  Δ_BKS=+2.63%  Δ_S*_BKS=+0.16%  no_improve=4
09:59:29 | i 110 | [HAOS ROLL] k=12  λ=1.0  rb  kmeans  ails2  P≈0.006539
09:59:29 | i 110 | [Phase 1/3] decompose  0.26s / — / —  λ=1.0  rb kmeans
09:59:59 | i 110 | [Phase 2/3] route  29.72s / 18.30s / 162.4%  ails2  k=12
10:00:32 | i 109 | [ ASYNC BG] bg_ails  63.24s / 60.00s / 105.4%
10:00:32 | i 110 | [HAOS ROLL] k=12  λ=1.0  rb  kmeans  ails2  P≈0.006539
10:00:32 | i 110 | [ Summary ] cost=32598.00  Δ_S*=+0.00%  Δ_BKS=+0.16%  Δ_S*_BKS=+0.16%  no_improve=6
10:00:32 | i 111 | [HAOS ROLL] k=6  λ=0.6  rb  kmeans  ails2  P≈0.023974
10:00:32 | i 111 | [Phase 1/3] decompose  0.26s / — / —  λ=0.6  rb kmeans
10:01:11 | i 111 | [Phase 2/3] route  38.85s / 37.20s / 104.4%  ails2  k=6
10:01:35 | i 110 | [ ASYNC BG] bg_ails  63.23s / 60.00s / 105.4%
10:01:35 | i 111 | [HAOS ROLL] k=6  λ=0.6  rb  kmeans  ails2  P≈0.023974
10:01:35 | i 111 | [ Summary ] cost=32692.00  Δ_S*=+0.29%  Δ_BKS=+0.45%  Δ_S*_BKS=+0.16%  no_improve=8
10:01:35 | i 112 | [HAOS ROLL] k=12  λ=0.8  rb  ac_avg  ails2  P≈0.002776
10:01:35 | i 112 | [Phase 1/3] decompose  0.26s / — / —  λ=0.8  rb ac_avg
10:02:05 | i 112 | [Phase 2/3] route  29.72s / 18.30s / 162.4%  ails2  k=12
10:02:38 | i 111 | [ ASYNC BG] bg_ails  63.18s / 60.00s / 105.3%
10:02:38 | i 112 | [HAOS ROLL] k=12  λ=0.8  rb  ac_avg  ails2  P≈0.002776
10:02:38 | i 112 | [ Summary ] cost=32604.00  Δ_S*=+0.02%  Δ_BKS=+0.18%  Δ_S*_BKS=+0.16%  no_improve=10
10:02:38 | i 113 | [HAOS ROLL] k=3  λ=0.4  vb  kmedoids  ails2  P≈0.000172
10:02:39 | i 113 | [Phase 1/3] decompose  0.39s / — / —  λ=0.4  vb kmedoids
10:03:28 | i 113 | [Phase 2/3] route  49.73s / 48.72s / 102.1%  ails2  k=3
10:03:41 | i 112 | [ ASYNC BG] bg_ails  63.23s / 60.00s / 105.4%
10:03:41 | i 113 | [HAOS ROLL] k=3  λ=0.4  vb  kmedoids  ails2  P≈0.000172
10:03:42 | i 113 | [ Summary ] cost=33250.00  Δ_S*=+2.00%  Δ_BKS=+2.16%  Δ_S*_BKS=+0.16%  no_improve=12
10:03:42 | i 114 | [HAOS ROLL] k=10  λ=1.0  rb  ac_complete  filo  P≈0.000750
10:03:42 | i 114 | [Phase 1/3] decompose  0.26s / — / —  λ=1.0  rb ac_complete
10:04:09 | i 114 | [Phase 2/3] route  27.08s / 18.30s / 148.0%  filo  k=10
10:04:09 | i 114 | [HAOS ROLL] k=10  λ=1.0  rb  ac_complete  filo  P≈0.000750
10:04:09 | i 114 | [ Summary ] cost=32645.00  Δ_S*=+0.15%  Δ_BKS=+0.30%  Δ_S*_BKS=+0.16%  no_improve=13
10:04:09 | i — | [  FINAL  ] async BG-AILS totals launched=112 applied=112 adopted=5 launch_skipped_cap=2 crashes=0 discarded_in_flight=False block_wait_total_s=2704.7
10:04:09 | i — | [  FINAL  ] async SP/SC totals invocations=6 adopted=4 skipped=0 discarded_in_flight=False sp_busy_frac=0.31600656593943693
10:04:09 | i — | [  FINAL  ] ════════════════════════════════════════
10:04:09 | i — | [  FINAL  ] Run complete  iterations=114  elapsed=02:00:25  best=32597.00
10:04:09 | i — | [  FINAL  ] Δ_BKS=+0.16%  no_improve_stop=False  time_stop=True  cancelled=False
10:04:09 | i — | [  FINAL  ] 
10:04:09 | i — | [  FINAL  ] [BEST SOLUTION — HAOS TAG SUMMARY]
10:04:09 | i — | [  FINAL  ] ────────────────────────────────────────
10:04:09 | i — | [  FINAL  ]   2 routes  rb  kmeans  k=3  λ=1.0  solver=ails2
10:04:09 | i — | [  FINAL  ]   2 routes  rb  kmeans  k=6  λ=0.6  solver=ails2
10:04:09 | i — | [  FINAL  ]   1 routes  rb  kmeans  k=4  λ=0.6  solver=filo
10:04:09 | i — | [  FINAL  ]   1 routes  rb  ac_complete  k=6  λ=0.4  solver=ails2
10:04:09 | i — | [  FINAL  ]   7 routes  post-SP/SC improvement
10:04:09 | i — | [  FINAL  ] 
10:04:09 | i — | [  FINAL  ] [ROUTE POOL — HAOS TAG SUMMARY]
10:04:09 | i — | [  FINAL  ] ────────────────────────────────────────
10:04:09 | i — | [  FINAL  ]   75 routes  rb  ac_complete  k=4  λ=0.6  solver=pyvrp
10:04:09 | i — | [  FINAL  ]   64 routes  rb  kmeans  k=6  λ=0.6  solver=ails2
10:04:09 | i — | [  FINAL  ]   46 routes  rb  ac_complete  k=4  λ=0.6  solver=filo
10:04:09 | i — | [  FINAL  ]   42 routes  rb  ac_complete  k=6  λ=0.4  solver=ails2
10:04:09 | i — | [  FINAL  ]   42 routes  rb  kmeans  k=6  λ=0.6  solver=filo2
10:04:09 | i — | [  FINAL  ]   41 routes  rb  kmeans  k=3  λ=1.0  solver=ails2
10:04:09 | i — | [  FINAL  ]   41 routes  rb  ac_complete  k=6  λ=1.0  solver=filo
10:04:09 | i — | [  FINAL  ]   38 routes  rb  kmeans  k=6  λ=0.6  solver=filo
10:04:09 | i — | [  FINAL  ]   33 routes  vb  ac_avg  k=12  λ=0.6  solver=filo2
10:04:09 | i — | [  FINAL  ]   33 routes  rb  kmeans  k=12  λ=0.6  solver=ails2
10:04:09 | i — | [  FINAL  ]   32 routes  vb  kmeans  k=12  λ=0.4  solver=pyvrp
10:04:09 | i — | [  FINAL  ]   31 routes  vb  kmedoids  k=12  λ=0.6  solver=filo
10:04:09 | i — | [  FINAL  ]   31 routes  vb  kmedoids  k=12  λ=1.0  solver=filo
10:04:09 | i — | [  FINAL  ]   31 routes  vb  fcm  k=8  λ=0.6  solver=pyvrp
10:04:09 | i — | [  FINAL  ]   30 routes  vb  kmeans  k=6  λ=0.6  solver=filo
10:04:09 | i — | [  FINAL  ]   30 routes  vb  fcm  k=6  λ=0.6  solver=filo
10:04:09 | i — | [  FINAL  ]   30 routes  vb  kmedoids  k=6  λ=1.0  solver=ails2
10:04:09 | i — | [  FINAL  ]   30 routes  vb  kmeans  k=6  λ=0.0  solver=filo2
10:04:09 | i — | [  FINAL  ]   30 routes  vb  fcm  k=6  λ=0.6  solver=ails2
10:04:09 | i — | [  FINAL  ]   29 routes  vb  ac_avg  k=3  λ=1.0  solver=pyvrp
10:04:09 | i — | [  FINAL  ]   29 routes  vb  ac_complete  k=6  λ=0.8  solver=ails2
10:04:09 | i — | [  FINAL  ]   29 routes  vb  kmeans  k=6  λ=0.4  solver=filo2
10:04:09 | i — | [  FINAL  ]   28 routes  vb  ac_complete  k=3  λ=0.4  solver=ails2
10:04:09 | i — | [  FINAL  ]   28 routes  vb  ac_complete  k=2  λ=0.0  solver=filo
10:04:09 | i — | [  FINAL  ]   28 routes  vb  kmeans  k=4  λ=1.0  solver=filo
10:04:09 | i — | [  FINAL  ]   28 routes  vb  ac_complete  k=6  λ=1.0  solver=filo
10:04:09 | i — | [  FINAL  ]   28 routes  vb  kmedoids  k=12  λ=0.4  solver=filo
10:04:09 | i — | [  FINAL  ]   28 routes  vb  fcm  k=3  λ=0.6  solver=filo
10:04:09 | i — | [  FINAL  ]   27 routes  rb  kmeans  k=4  λ=0.6  solver=ails2
10:04:09 | i — | [  FINAL  ]   27 routes  rb  kmeans  k=2  λ=0.4  solver=pyvrp
10:04:09 | i — | [  FINAL  ]   27 routes  rb  kmeans  k=3  λ=0.6  solver=filo
10:04:09 | i — | [  FINAL  ]   27 routes  rb  kmeans  k=3  λ=0.6  solver=pyvrp
10:04:09 | i — | [  FINAL  ]   27 routes  rb  ac_avg  k=2  λ=0.8  solver=pyvrp
10:04:09 | i — | [  FINAL  ]   27 routes  vb  ac_complete  k=6  λ=0.8  solver=filo
10:04:09 | i — | [  FINAL  ]   27 routes  vb  ac_complete  k=4  λ=0.6  solver=filo
10:04:09 | i — | [  FINAL  ]   26 routes  rb  kmeans  k=2  λ=0.6  solver=pyvrp
10:04:09 | i — | [  FINAL  ]   26 routes  rb  kmeans  k=12  λ=0.6  solver=filo2
10:04:09 | i — | [  FINAL  ]   26 routes  rb  kmeans  k=2  λ=0.6  solver=filo
10:04:09 | i — | [  FINAL  ]   25 routes  rb  ac_complete  k=2  λ=0.0  solver=filo2
10:04:09 | i — | [  FINAL  ]   25 routes  rb  ac_avg  k=3  λ=0.0  solver=pyvrp
10:04:09 | i — | [  FINAL  ]   25 routes  rb  ac_avg  k=3  λ=0.0  solver=ails2
10:04:09 | i — | [  FINAL  ]   25 routes  rb  ac_avg  k=3  λ=0.2  solver=pyvrp
10:04:09 | i — | [  FINAL  ]   24 routes  rb  ac_complete  k=3  λ=0.2  solver=ails2
10:04:09 | i — | [  FINAL  ]   24 routes  rb  ac_avg  k=12  λ=0.6  solver=ails2
10:04:09 | i — | [  FINAL  ]   23 routes  vb  ac_avg  k=12  λ=0.0  solver=ails2
10:04:09 | i — | [  FINAL  ]   23 routes  rb  ac_complete  k=8  λ=0.6  solver=ails2
10:04:09 | i — | [  FINAL  ]   23 routes  rb  kmeans  k=12  λ=0.8  solver=ails2
10:04:09 | i — | [  FINAL  ]   23 routes  rb  kmeans  k=3  λ=0.8  solver=filo2
10:04:09 | i — | [  FINAL  ]   23 routes  rb  ac_avg  k=4  λ=0.6  solver=ails2
10:04:09 | i — | [  FINAL  ]   23 routes  rb  ac_complete  k=12  λ=0.6  solver=filo2
10:04:09 | i — | [  FINAL  ]   23 routes  rb  kmeans  k=4  λ=0.2  solver=filo
10:04:09 | i — | [  FINAL  ]   23 routes  rb  ac_complete  k=6  λ=1.0  solver=pyvrp
10:04:09 | i — | [  FINAL  ]   23 routes  vb  ac_avg  k=12  λ=0.6  solver=filo
10:04:09 | i — | [  FINAL  ]   23 routes  rb  ac_avg  k=3  λ=0.2  solver=filo2
10:04:09 | i — | [  FINAL  ]   23 routes  rb  ac_complete  k=4  λ=1.0  solver=filo2
10:04:09 | i — | [  FINAL  ]   23 routes  rb  kmeans  k=4  λ=1.0  solver=filo
10:04:09 | i — | [  FINAL  ]   23 routes  rb  ac_avg  k=4  λ=0.0  solver=ails2
10:04:09 | i — | [  FINAL  ]   22 routes  rb  ac_avg  k=6  λ=0.6  solver=filo
10:04:09 | i — | [  FINAL  ]   22 routes  rb  kmeans  k=4  λ=0.6  solver=filo
10:04:09 | i — | [  FINAL  ]   22 routes  rb  kmeans  k=4  λ=0.0  solver=filo
10:04:09 | i — | [  FINAL  ]   22 routes  rb  kmeans  k=4  λ=1.0  solver=filo2
10:04:09 | i — | [  FINAL  ]   22 routes  rb  ac_complete  k=4  λ=1.0  solver=filo
10:04:09 | i — | [  FINAL  ]   22 routes  rb  kmeans  k=3  λ=0.6  solver=ails2
10:04:09 | i — | [  FINAL  ]   21 routes  rb  ac_complete  k=6  λ=0.8  solver=ails2
10:04:09 | i — | [  FINAL  ]   21 routes  vb  ac_complete  k=12  λ=0.4  solver=ails2
10:04:09 | i — | [  FINAL  ]   21 routes  rb  kmeans  k=6  λ=0.6  solver=pyvrp
10:04:09 | i — | [  FINAL  ]   21 routes  rb  kmeans  k=6  λ=1.0  solver=filo
10:04:09 | i — | [  FINAL  ]   21 routes  rb  ac_avg  k=6  λ=0.6  solver=pyvrp
10:04:09 | i — | [  FINAL  ]   21 routes  rb  ac_avg  k=6  λ=1.0  solver=pyvrp
10:04:09 | i — | [  FINAL  ]   20 routes  rb  kmeans  k=12  λ=1.0  solver=ails2
10:04:09 | i — | [  FINAL  ]   20 routes  rb  kmeans  k=6  λ=0.8  solver=filo
10:04:09 | i — | [  FINAL  ]   20 routes  rb  kmeans  k=6  λ=0.2  solver=filo2
10:04:09 | i — | [  FINAL  ]   20 routes  rb  ac_complete  k=6  λ=0.0  solver=ails2
10:04:09 | i — | [  FINAL  ]   19 routes  rb  ac_complete  k=10  λ=0.0  solver=filo2
10:04:09 | i — | [  FINAL  ]   19 routes  rb  ac_complete  k=6  λ=0.6  solver=filo
10:04:09 | i — | [  FINAL  ]   16 routes  rb  ac_complete  k=10  λ=0.6  solver=ails2
10:04:09 | i — | [  FINAL  ]   16 routes  rb  kmeans  k=12  λ=0.6  solver=filo
10:04:09 | i — | [  FINAL  ]   16 routes  rb  ac_complete  k=8  λ=0.6  solver=filo
10:04:09 | i — | [  FINAL  ]   15 routes  rb  ac_complete  k=10  λ=0.2  solver=pyvrp
10:04:09 | i — | [  FINAL  ]   15 routes  rb  ac_complete  k=12  λ=0.0  solver=pyvrp
10:04:09 | i — | [  FINAL  ]   15 routes  rb  kmeans  k=10  λ=0.0  solver=ails2
10:04:09 | i — | [  FINAL  ]   15 routes  rb  ac_avg  k=10  λ=0.2  solver=filo
10:04:09 | i — | [  FINAL  ]   15 routes  rb  kmeans  k=10  λ=0.2  solver=ails2
10:04:09 | i — | [  FINAL  ]   14 routes  rb  ac_complete  k=12  λ=0.6  solver=pyvrp
10:04:09 | i — | [  FINAL  ]   14 routes  vb  kmedoids  k=3  λ=0.4  solver=ails2
10:04:09 | i — | [  FINAL  ]   13 routes  rb  kmeans  k=10  λ=0.4  solver=pyvrp
10:04:09 | i — | [  FINAL  ]   12 routes  rb  ac_complete  k=12  λ=0.8  solver=filo
10:04:09 | i — | [  FINAL  ]   12 routes  rb  ac_complete  k=12  λ=1.0  solver=filo
10:04:09 | i — | [  FINAL  ]   12 routes  rb  kmeans  k=12  λ=0.2  solver=ails2
10:04:09 | i — | [  FINAL  ]   12 routes  rb  kmeans  k=8  λ=0.8  solver=filo
10:04:09 | i — | [  FINAL  ]   12 routes  rb  ac_avg  k=12  λ=0.8  solver=ails2
10:04:09 | i — | [  FINAL  ]   10 routes  rb  ac_avg  k=12  λ=0.0  solver=filo2
10:04:09 | i — | [  FINAL  ]   4 routes  rb  ac_avg  k=12  λ=0.2  solver=ails2
10:04:09 | i — | [  FINAL  ]   4 routes  rb  ac_complete  k=12  λ=0.2  solver=ails2
10:04:09 | i — | [  FINAL  ]   4 routes  rb  ac_avg  k=12  λ=0.8  solver=filo
10:04:09 | i — | [  FINAL  ]   3 routes  rb  kmeans  k=12  λ=0.0  solver=filo2
10:04:09 | i — | [  FINAL  ]   2 routes  rb  ac_complete  k=10  λ=1.0  solver=filo
10:04:09 | i — | [  FINAL  ]   35 routes  post-SP/SC improvement
10:04:09 | i — | [  FINAL  ] ════════════════════════════════════════
