03:59:32 | i — | [  INIT   ] ════════════════════════════════════════
03:59:32 | i — | [  INIT   ] DRISPI  instance=X-n4153-k291  n=4152  capacity=726
03:59:32 | i — | [  INIT   ] k domain (computed at init): [2, 3, 4, 6, 8, 10, 12, 15]  k_ext=16  k_min=291  k_ext_bound=n_bound  spacing_rejected=2
03:59:32 | i — | [  INIT   ] ══════════════════════════════════════════════════════
03:59:32 | i — | [  INIT   ] CONFIGURATION
03:59:32 | i — | [  INIT   ] ── stopping ────────────────────────────────
03:59:32 | i — | [  INIT   ]   time_limit                  = 7200.0
03:59:32 | i — | [  INIT   ]   max_no_improve              = 1000000000
03:59:32 | i — | [  INIT   ] ── parallelism ─────────────────────────────
03:59:32 | i — | [  INIT   ]   n_workers                   = 8
03:59:32 | i — | [  INIT   ] ── cores ───────────────────────────────────
03:59:32 | i — | [  INIT   ]   cores_total                 = 8
03:59:32 | i — | [  INIT   ]   cores_dri                   = 6
03:59:32 | i — | [  INIT   ]   cores_bg                    = 1
03:59:32 | i — | [  INIT   ]   cores_sp                    = 1
03:59:32 | i — | [  INIT   ]   cores_cpu_list              = None
03:59:32 | i — | [  INIT   ] ── sp/sc ───────────────────────────────────
03:59:32 | i — | [  INIT   ]   sp_sc_mode                  = async
03:59:32 | i — | [  INIT   ]   sp_sc_trigger               = wallclock
03:59:32 | i — | [  INIT   ]   interval_minutes            = 20.0
03:59:32 | i — | [  INIT   ]   overlap_policy              = skip
03:59:32 | i — | [  INIT   ]   warmup_iterations           = 5
03:59:32 | i — | [  INIT   ]   sp_interval                 = 3
03:59:32 | i — | [  INIT   ]   min_coverage                = 5
03:59:32 | i — | [  INIT   ]   sp_time_limit               = 720.0
03:59:32 | i — | [  INIT   ]   mip_gap                     = 0.00025
03:59:32 | i — | [  INIT   ] ── decomposition ───────────────────────────
03:59:32 | i — | [  INIT   ]   decomp_k_base_arms          = [2, 3, 4, 6, 8, 10, 12]
03:59:32 | i — | [  INIT   ]   decomp_k_max_arms           = 10
03:59:32 | i — | [  INIT   ]   decomp_k_ext_per_1000       = 4
03:59:32 | i — | [  INIT   ]   decomp_k_min_routes_per_cluster= 8
03:59:32 | i — | [  INIT   ]   decomp_k_min_arm_spacing    = 2
03:59:32 | i — | [  INIT   ]   subcluster_rate_s_per_customer= 0.06
03:59:32 | i — | [  INIT   ]   subcluster_floor_s          = 5.0
03:59:32 | i — | [  INIT   ] ── bg_ails ─────────────────────────────────
03:59:32 | i — | [  INIT   ]   bg_ails_mode                = async
03:59:32 | i — | [  INIT   ]   bg_ails_crash_threshold     = 1
03:59:32 | i — | [  INIT   ]   bg_ails_budget_mode         = predicted_dr_wall
03:59:32 | i — | [  INIT   ]   bg_ails_budget_floor_s      = 60.0
03:59:32 | i — | [  INIT   ]   bg_ails_budget_margin       = 1.0
03:59:32 | i — | [  INIT   ]   bg_ails_wall_model_scale    = 0.976
03:59:32 | i — | [  INIT   ]   bg_ails_wall_model_wave_exponent= -0.18
03:59:32 | i — | [  INIT   ]   bg_ails_initial_omega       = 10
03:59:32 | i — | [  INIT   ]   bg_ails_boundary_threshold  = 0.5
03:59:32 | i — | [  INIT   ]   bg_ails_small_cluster_cap   = 20
03:59:32 | i — | [  INIT   ]   bg_ails_small_cluster_alpha = 0.5
03:59:32 | i — | [  INIT   ]   bg_ails_pair_selection      = greedy
03:59:32 | i — | [  INIT   ]   bg_ails_n_chains_mode       = k
03:59:32 | i — | [  INIT   ]   bg_ails_unique_first_routes = True
03:59:32 | i — | [  INIT   ]   bg_ails_boundary_mask_first_ls= True
03:59:32 | i — | [  INIT   ] ── standard_improvement ────────────────────
03:59:32 | i — | [  INIT   ]   standard_improvement_time_limit= 360.0
03:59:32 | i — | [  INIT   ] ── pool ────────────────────────────────────
03:59:32 | i — | [  INIT   ]   max_pool_size               = 10000
03:59:32 | i — | [  INIT   ]   pool_diversity_weight       = 0.5
03:59:32 | i — | [  INIT   ] ── haos ────────────────────────────────────
03:59:32 | i — | [  INIT   ]   haos_decay                  = 0.95
03:59:32 | i — | [  INIT   ]   haos_warmup                 = 10
03:59:32 | i — | [  INIT   ]   haos_starting_weight        = 10.0
03:59:32 | i — | [  INIT   ]   haos_min_weight_k           = 0.025
03:59:32 | i — | [  INIT   ]   haos_min_weight_lambda      = 0.05
03:59:32 | i — | [  INIT   ]   haos_min_weight_paradigm    = 0.1
03:59:32 | i — | [  INIT   ]   haos_min_weight_vertex_method= 0.05
03:59:32 | i — | [  INIT   ]   haos_min_weight_route_method= 0.05
03:59:32 | i — | [  INIT   ]   haos_min_weight_solver      = 0.05
03:59:32 | i — | [  INIT   ]   haos_lambda_demand_values   = [0.0, 0.2, 0.4, 0.6, 0.8, 1.0]
03:59:32 | i — | [  INIT   ]   haos_paradigm_values        = ['vertex', 'route']
03:59:32 | i — | [  INIT   ]   haos_vertex_method_values   = ['kmeans', 'agglomerative_avg', 'agglomerative_complete', 'kmedoids', 'fcm']
03:59:32 | i — | [  INIT   ]   haos_route_method_values    = ['kmeans', 'agglomerative_avg', 'agglomerative_complete']
03:59:32 | i — | [  INIT   ]   haos_solver_values          = ['pyvrp', 'filo', 'filo2', 'ails2']
03:59:32 | i — | [  INIT   ] ── haos_rewards ────────────────────────────
03:59:32 | i — | [  INIT   ]   haos_reward_new_best        = 10.0
03:59:32 | i — | [  INIT   ]   haos_reward_improvement     = 4.0
03:59:32 | i — | [  INIT   ]   haos_reward_no_improvement  = 1.0
03:59:32 | i — | [  INIT   ]   haos_reward_no_solution     = 0.0
03:59:32 | i — | [  INIT   ]   haos_deferred_new_best      = 7.0
03:59:32 | i — | [  INIT   ]   haos_deferred_improvement   = 3.0
03:59:32 | i — | [  INIT   ]   haos_deferred_no_improvement= 0.0
03:59:32 | i — | [  INIT   ] ── seed ────────────────────────────────────
03:59:32 | i — | [  INIT   ]   seed                        = 33
03:59:32 | i — | [  INIT   ] ── output ──────────────────────────────────
03:59:32 | i — | [  INIT   ]   output_dir                  = /app/artifacts/benchmark/X-n4153-k291/seed33
03:59:32 | i — | [  INIT   ]   run_analysis                = False
03:59:32 | i — | [  INIT   ] ══════════════════════════════════════════════════════
03:59:32 | i — | [  INIT   ] BKS=355780.00
03:59:32 | i — | [  INIT   ] ════════════════════════════════════════
03:59:32 | i 1 | [HAOS ROLL] k=12  λ=0.6  vb  kmeans  ails2  P≈0.000521
03:59:36 | i 1 | [Phase 1/3] decompose  3.93s / — / —  λ=0.6  vb kmeans
04:00:29 | i 1 | [Phase 2/3] route  52.74s / 39.84s / 132.4%  ails2  k=12
04:00:29 | i 1 | [ IMPROVE ] 362901.00  via decompose_route  ·  Δ_BKS=+2.00%
04:00:29 | i 1 | [HAOS ROLL] k=12  λ=0.6  vb  kmeans  ails2  P≈0.000521
04:00:29 | i 1 | [ Summary ] cost=362901.00  Δ_S*=+0.00%  Δ_BKS=+2.00%  Δ_S*_BKS=+2.00%  no_improve=0
04:00:29 | i 2 | [HAOS ROLL] k=8  λ=0.6  vb  kmeans  filo  P≈0.000521
04:00:30 | i 2 | [Phase 1/3] decompose  1.01s / — / —  λ=0.6  vb kmeans
04:01:24 | i 2 | [Phase 2/3] route  54.14s / 54.06s / 100.1%  filo  k=8
04:01:35 | i 1 | [ IMPROVE ] 357855.00  via bg_ails  ·  Δ_BKS=+0.58%
04:01:35 | i 1 | [ ASYNC BG] bg_ails  66.38s / 60.00s / 110.6%
04:01:35 | i 2 | [HAOS ROLL] k=8  λ=0.6  vb  kmeans  filo  P≈0.000521
04:01:35 | i 2 | [ Summary ] cost=360613.00  Δ_S*=+0.77%  Δ_BKS=+1.36%  Δ_S*_BKS=+0.58%  no_improve=1
04:01:35 | i 3 | [HAOS ROLL] k=2  λ=0.4  rb  ac_avg  pyvrp  P≈0.000868
04:01:36 | i 3 | [Phase 1/3] decompose  1.02s / — / —  λ=0.4  rb ac_avg
04:04:28 | i 3 | [Phase 2/3] route  171.42s / 156.48s / 109.5%  pyvrp  k=2
04:04:28 | i 2 | [ ASYNC BG] bg_ails  70.78s / 65.70s / 107.7%
04:04:28 | i 3 | [HAOS ROLL] k=2  λ=0.4  rb  ac_avg  pyvrp  P≈0.000868
04:04:28 | i 3 | [ Summary ] cost=363922.00  Δ_S*=+1.70%  Δ_BKS=+2.29%  Δ_S*_BKS=+0.58%  no_improve=3
04:04:28 | i 4 | [HAOS ROLL] k=12  λ=0.6  vb  ac_avg  filo2  P≈0.000521
04:04:29 | i 4 | [Phase 1/3] decompose  1.50s / — / —  λ=0.6  vb ac_avg
04:06:36 | i 4 | [Phase 2/3] route  127.31s / 126.60s / 100.6%  filo2  k=12
04:07:05 | i 3 | [ IMPROVE ] 357219.00  via bg_ails  ·  Δ_BKS=+0.40%
04:07:05 | i 3 | [ ASYNC BG] bg_ails  157.82s / 152.72s / 103.3%
04:07:05 | i 4 | [HAOS ROLL] k=12  λ=0.6  vb  ac_avg  filo2  P≈0.000521
04:07:05 | i 4 | [ Summary ] cost=362593.00  Δ_S*=+1.50%  Δ_BKS=+1.91%  Δ_S*_BKS=+0.40%  no_improve=1
04:07:05 | i 5 | [HAOS ROLL] k=3  λ=0.6  vb  ac_avg  filo  P≈0.000521
04:07:07 | i 5 | [Phase 1/3] decompose  1.58s / — / —  λ=0.6  vb ac_avg
04:09:45 | i 5 | [Phase 2/3] route  158.40s / 157.62s / 100.5%  filo  k=3
04:09:45 | i 4 | [ IMPROVE ] 357027.00  via bg_ails  ·  Δ_BKS=+0.35%
04:09:45 | i 4 | [ ASYNC BG] bg_ails  131.87s / 126.13s / 104.6%
04:09:45 | i 5 | [HAOS ROLL] k=3  λ=0.6  vb  ac_avg  filo  P≈0.000521
04:09:45 | i 5 | [ Summary ] cost=358957.00  Δ_S*=+0.54%  Δ_BKS=+0.89%  Δ_S*_BKS=+0.35%  no_improve=1
04:09:45 | i 6 | [HAOS ROLL] k=12  λ=0.6  rb  kmeans  filo  P≈0.000868
04:09:47 | i 6 | [Phase 1/3] decompose  1.04s / — / —  λ=0.6  rb kmeans
04:10:41 | i 6 | [Phase 2/3] route  54.14s / 36.96s / 146.5%  filo  k=12
04:12:24 | i 5 | [ IMPROVE ] 357004.00  via bg_ails  ·  Δ_BKS=+0.34%
04:12:24 | i 5 | [ ASYNC BG] bg_ails  158.83s / 153.84s / 103.2%
04:12:24 | i 6 | [HAOS ROLL] k=12  λ=0.6  rb  kmeans  filo  P≈0.000868
04:12:24 | i 6 | [ Summary ] cost=363006.00  Δ_S*=+1.68%  Δ_BKS=+2.03%  Δ_S*_BKS=+0.34%  no_improve=1
04:12:24 | i 7 | [HAOS ROLL] k=12  λ=0.8  vb  fcm  filo2  P≈0.000521
04:12:26 | i 7 | [Phase 1/3] decompose  1.66s / — / —  λ=0.8  vb fcm
04:13:15 | i 7 | [Phase 2/3] route  49.12s / 32.88s / 149.4%  filo2  k=12
04:13:31 | i 6 | [ ASYNC BG] bg_ails  66.28s / 60.00s / 110.5%
04:13:31 | i 7 | [HAOS ROLL] k=12  λ=0.8  vb  fcm  filo2  P≈0.000521
04:13:31 | i 7 | [ Summary ] cost=363964.00  Δ_S*=+1.95%  Δ_BKS=+2.30%  Δ_S*_BKS=+0.34%  no_improve=3
04:13:31 | i 8 | [HAOS ROLL] k=12  λ=0.2  rb  kmeans  filo  P≈0.000868
04:13:32 | i 8 | [Phase 1/3] decompose  1.05s / — / —  λ=0.2  rb kmeans
04:14:26 | i 8 | [Phase 2/3] route  54.15s / 54.06s / 100.2%  filo  k=12
04:14:37 | i 7 | [ ASYNC BG] bg_ails  66.38s / 60.00s / 110.6%
04:14:37 | i 8 | [HAOS ROLL] k=12  λ=0.2  rb  kmeans  filo  P≈0.000868
04:14:37 | i 8 | [ Summary ] cost=362163.00  Δ_S*=+1.45%  Δ_BKS=+1.79%  Δ_S*_BKS=+0.34%  no_improve=5
04:14:37 | i 9 | [HAOS ROLL] k=8  λ=0.2  vb  ac_avg  filo  P≈0.000521
04:14:39 | i 9 | [Phase 1/3] decompose  1.54s / — / —  λ=0.2  vb ac_avg
04:17:14 | i 9 | [Phase 2/3] route  155.52s / 155.28s / 100.2%  filo  k=8
04:17:14 | i 8 | [ ASYNC BG] bg_ails  69.22s / 63.27s / 109.4%
04:17:14 | i 9 | [HAOS ROLL] k=8  λ=0.2  vb  ac_avg  filo  P≈0.000521
04:17:14 | i 9 | [ Summary ] cost=361683.00  Δ_S*=+1.31%  Δ_BKS=+1.66%  Δ_S*_BKS=+0.34%  no_improve=7
04:17:14 | i 10 | [HAOS ROLL] k=4  λ=0.8  rb  ac_complete  filo2  P≈0.000868
04:17:15 | i 10 | [Phase 1/3] decompose  0.98s / — / —  λ=0.8  rb ac_complete
04:18:44 | i 10 | [Phase 2/3] route  89.20s / 89.34s / 99.8%  filo2  k=4
04:19:38 | i 9 | [ ASYNC BG] bg_ails  143.77s / 138.08s / 104.1%
04:19:38 | i 10 | [HAOS ROLL] k=4  λ=0.8  rb  ac_complete  filo2  P≈0.000868
04:19:38 | i 10 | [ Summary ] cost=358969.00  Δ_S*=+0.55%  Δ_BKS=+0.90%  Δ_S*_BKS=+0.34%  no_improve=9
04:19:38 | i 6 | [ASYNC 1/2] sp_sc  3.20s / 720.00s / 0.4%  SP  avg_coverage=10.78/5  pool=3156
04:19:38 | i 6 | [ASYNC 2/2] standard_ails  365.04s / 360.00s / 101.4%
04:19:53 | i 6 | [ IMPROVE ] 356692.00  via standard_ails  ·  Δ_BKS=+0.26%
04:19:53 | i 11 | [HAOS ROLL] k=10  λ=0.0  rb  ac_avg  pyvrp  P≈0.000868
04:19:53 | i 11 | [Phase 1/3] decompose  0.72s / — / —  λ=0.0  rb ac_avg
04:21:10 | i 11 | [Phase 2/3] route  76.97s / 67.98s / 113.2%  pyvrp  k=10
04:21:11 | i 10 | [ ASYNC BG] bg_ails  92.84s / 87.20s / 106.5%
04:21:11 | i 11 | [HAOS ROLL] k=10  λ=0.0  rb  ac_avg  pyvrp  P≈0.000868
04:21:11 | i 11 | [ Summary ] cost=364709.00  Δ_S*=+2.25%  Δ_BKS=+2.51%  Δ_S*_BKS=+0.26%  no_improve=2
04:21:11 | i 12 | [HAOS ROLL] k=4  λ=0.6  rb  kmeans  pyvrp  P≈0.001604
04:21:12 | i 12 | [Phase 1/3] decompose  1.11s / — / —  λ=0.6  rb kmeans
04:22:36 | i 12 | [Phase 2/3] route  84.40s / 79.86s / 105.7%  pyvrp  k=4
04:23:13 | i 11 | [ ASYNC BG] bg_ails  121.98s / 116.67s / 104.6%
04:23:13 | i 12 | [HAOS ROLL] k=4  λ=0.6  rb  kmeans  pyvrp  P≈0.001604
04:23:13 | i 12 | [ Summary ] cost=364720.00  Δ_S*=+2.25%  Δ_BKS=+2.51%  Δ_S*_BKS=+0.26%  no_improve=4
04:23:13 | i 13 | [HAOS ROLL] k=8  λ=0.6  vb  kmeans  filo  P≈0.000783
04:23:14 | i 13 | [Phase 1/3] decompose  0.97s / — / —  λ=0.6  vb kmeans
04:24:09 | i 13 | [Phase 2/3] route  55.14s / 54.90s / 100.4%  filo  k=8
04:24:36 | i 12 | [ ASYNC BG] bg_ails  82.74s / 77.94s / 106.2%
04:24:36 | i 13 | [HAOS ROLL] k=8  λ=0.6  vb  kmeans  filo  P≈0.000783
04:24:36 | i 13 | [ Summary ] cost=361136.00  Δ_S*=+1.25%  Δ_BKS=+1.51%  Δ_S*_BKS=+0.26%  no_improve=6
04:24:36 | i 14 | [HAOS ROLL] k=10  λ=0.6  vb  kmedoids  pyvrp  P≈0.001047
04:24:37 | i 14 | [Phase 1/3] decompose  1.78s / — / —  λ=0.6  vb kmedoids
04:25:38 | i 14 | [Phase 2/3] route  60.36s / 48.60s / 124.2%  pyvrp  k=10
04:25:49 | i 13 | [ ASYNC BG] bg_ails  73.04s / 67.92s / 107.5%
04:25:49 | i 14 | [HAOS ROLL] k=10  λ=0.6  vb  kmedoids  pyvrp  P≈0.001047
04:25:49 | i 14 | [ Summary ] cost=365139.00  Δ_S*=+2.37%  Δ_BKS=+2.63%  Δ_S*_BKS=+0.26%  no_improve=8
04:25:49 | i 15 | [HAOS ROLL] k=8  λ=0.8  vb  kmeans  ails2  P≈0.000379
04:25:50 | i 15 | [Phase 1/3] decompose  0.98s / — / —  λ=0.8  vb kmeans
04:26:44 | i 15 | [Phase 2/3] route  53.83s / 47.22s / 114.0%  ails2  k=8
04:27:07 | i 14 | [ ASYNC BG] bg_ails  78.19s / 72.52s / 107.8%
04:27:07 | i 15 | [HAOS ROLL] k=8  λ=0.8  vb  kmeans  ails2  P≈0.000379
04:27:07 | i 15 | [ Summary ] cost=359325.00  Δ_S*=+0.74%  Δ_BKS=+1.00%  Δ_S*_BKS=+0.26%  no_improve=10
04:27:07 | i 16 | [HAOS ROLL] k=15  λ=0.4  vb  ac_avg  filo  P≈0.000332
04:27:09 | i 16 | [Phase 1/3] decompose  1.53s / — / —  λ=0.4  vb ac_avg
04:28:33 | i 16 | [Phase 2/3] route  84.20s / 84.42s / 99.7%  filo  k=15
04:28:33 | i 15 | [ ASYNC BG] bg_ails  68.30s / 62.86s / 108.7%
04:28:33 | i 16 | [HAOS ROLL] k=15  λ=0.4  vb  ac_avg  filo  P≈0.000332
04:28:33 | i 16 | [ Summary ] cost=365122.00  Δ_S*=+2.36%  Δ_BKS=+2.63%  Δ_S*_BKS=+0.26%  no_improve=12
04:28:33 | i 17 | [HAOS ROLL] k=4  λ=0.6  vb  ac_avg  filo2  P≈0.000770
04:28:34 | i 17 | [Phase 1/3] decompose  1.50s / — / —  λ=0.6  vb ac_avg
04:31:13 | i 17 | [Phase 2/3] route  158.41s / 157.62s / 100.5%  filo2  k=4
04:31:13 | i 16 | [ ASYNC BG] bg_ails  81.83s / 76.37s / 107.2%
04:31:13 | i 17 | [HAOS ROLL] k=4  λ=0.6  vb  ac_avg  filo2  P≈0.000770
04:31:13 | i 17 | [ Summary ] cost=358861.00  Δ_S*=+0.61%  Δ_BKS=+0.87%  Δ_S*_BKS=+0.26%  no_improve=14
04:31:13 | i 18 | [HAOS ROLL] k=12  λ=0.6  vb  kmeans  filo2  P≈0.002148
04:31:14 | i 18 | [Phase 1/3] decompose  0.99s / — / —  λ=0.6  vb kmeans
04:32:22 | i 18 | [Phase 2/3] route  68.14s / 35.88s / 189.9%  filo2  k=12
04:33:52 | i 17 | [ ASYNC BG] bg_ails  158.90s / 153.84s / 103.3%
04:33:52 | i 18 | [HAOS ROLL] k=12  λ=0.6  vb  kmeans  filo2  P≈0.002148
04:33:52 | i 18 | [ Summary ] cost=361569.00  Δ_S*=+1.37%  Δ_BKS=+1.63%  Δ_S*_BKS=+0.26%  no_improve=16
04:33:52 | i 19 | [HAOS ROLL] k=15  λ=0.0  vb  ac_avg  filo2  P≈0.000496
04:33:53 | i 19 | [Phase 1/3] decompose  1.40s / — / —  λ=0.0  vb ac_avg
04:35:10 | i 19 | [Phase 2/3] route  76.22s / 75.60s / 100.8%  filo2  k=15
04:35:10 | i 18 | [ ASYNC BG] bg_ails  67.49s / 61.82s / 109.2%
04:35:10 | i 19 | [HAOS ROLL] k=15  λ=0.0  vb  ac_avg  filo2  P≈0.000496
04:35:10 | i 19 | [ Summary ] cost=365223.00  Δ_S*=+2.39%  Δ_BKS=+2.65%  Δ_S*_BKS=+0.26%  no_improve=18
04:35:10 | i 20 | [HAOS ROLL] k=10  λ=0.6  vb  kmeans  filo  P≈0.002459
04:35:11 | i 20 | [Phase 1/3] decompose  1.00s / — / —  λ=0.6  vb kmeans
04:36:01 | i 20 | [Phase 2/3] route  50.15s / 43.98s / 114.0%  filo  k=10
04:37:13 | i 19 | [ ASYNC BG] bg_ails  123.06s / 117.17s / 105.0%
04:37:13 | i 20 | [HAOS ROLL] k=10  λ=0.6  vb  kmeans  filo  P≈0.002459
04:37:13 | i 20 | [ Summary ] cost=360886.00  Δ_S*=+1.18%  Δ_BKS=+1.44%  Δ_S*_BKS=+0.26%  no_improve=20
04:37:13 | i 21 | [HAOS ROLL] k=12  λ=0.6  vb  kmeans  filo  P≈0.004030
04:37:14 | i 21 | [Phase 1/3] decompose  1.09s / — / —  λ=0.6  vb kmeans
04:38:14 | i 21 | [Phase 2/3] route  60.16s / 36.72s / 163.8%  filo  k=12
04:38:19 | i 20 | [ ASYNC BG] bg_ails  66.49s / 60.00s / 110.8%
04:38:19 | i 21 | [HAOS ROLL] k=12  λ=0.6  vb  kmeans  filo  P≈0.004030
04:38:19 | i 21 | [ Summary ] cost=362622.00  Δ_S*=+1.66%  Δ_BKS=+1.92%  Δ_S*_BKS=+0.26%  no_improve=22
04:38:19 | i 22 | [HAOS ROLL] k=8  λ=0.0  rb  kmeans  pyvrp  P≈0.000422
04:38:20 | i 22 | [Phase 1/3] decompose  0.87s / — / —  λ=0.0  rb kmeans
04:39:18 | i 22 | [Phase 2/3] route  57.17s / 54.66s / 104.6%  pyvrp  k=8
04:39:29 | i 21 | [ ASYNC BG] bg_ails  69.31s / 63.01s / 110.0%
04:39:29 | i 22 | [HAOS ROLL] k=8  λ=0.0  rb  kmeans  pyvrp  P≈0.000422
04:39:29 | i 22 | [ Summary ] cost=364556.00  Δ_S*=+2.20%  Δ_BKS=+2.47%  Δ_S*_BKS=+0.26%  no_improve=24
04:39:29 | i 23 | [HAOS ROLL] k=8  λ=0.6  vb  kmeans  filo  P≈0.004301
04:39:30 | i 23 | [Phase 1/3] decompose  1.08s / — / —  λ=0.6  vb kmeans
04:40:32 | i 23 | [Phase 2/3] route  62.16s / 47.52s / 130.8%  filo  k=8
04:40:46 | i 22 | [ ASYNC BG] bg_ails  77.28s / 71.13s / 108.7%
04:40:46 | i 23 | [HAOS ROLL] k=8  λ=0.6  vb  kmeans  filo  P≈0.004301
04:40:46 | i 23 | [ Summary ] cost=360341.00  Δ_S*=+1.02%  Δ_BKS=+1.28%  Δ_S*_BKS=+0.26%  no_improve=26
04:40:46 | i 24 | [HAOS ROLL] k=10  λ=0.0  vb  kmedoids  pyvrp  P≈0.000528
04:40:47 | i 24 | [Phase 1/3] decompose  1.29s / — / —  λ=0.0  vb kmedoids
04:41:45 | i 24 | [Phase 2/3] route  57.78s / 40.50s / 142.7%  pyvrp  k=10
04:42:08 | i 23 | [ ASYNC BG] bg_ails  82.02s / 76.19s / 107.6%
04:42:08 | i 24 | [HAOS ROLL] k=10  λ=0.0  vb  kmedoids  pyvrp  P≈0.000528
04:42:08 | i 24 | [ Summary ] cost=366124.00  Δ_S*=+2.64%  Δ_BKS=+2.91%  Δ_S*_BKS=+0.26%  no_improve=28
04:42:08 | i 25 | [HAOS ROLL] k=15  λ=0.6  vb  kmeans  filo  P≈0.004638
04:42:09 | i 25 | [Phase 1/3] decompose  0.99s / — / —  λ=0.6  vb kmeans
04:43:07 | i 25 | [Phase 2/3] route  58.15s / 32.10s / 181.2%  filo  k=15
04:43:17 | i 24 | [ ASYNC BG] bg_ails  68.70s / 63.37s / 108.4%
04:43:17 | i 25 | [HAOS ROLL] k=15  λ=0.6  vb  kmeans  filo  P≈0.004638
04:43:17 | i 25 | [ Summary ] cost=365961.00  Δ_S*=+2.60%  Δ_BKS=+2.86%  Δ_S*_BKS=+0.26%  no_improve=30
04:43:17 | i 26 | [HAOS ROLL] k=10  λ=0.6  rb  kmeans  filo2  P≈0.001794
04:43:18 | i 26 | [Phase 1/3] decompose  1.02s / — / —  λ=0.6  rb kmeans
04:44:25 | i 26 | [Phase 2/3] route  67.15s / 46.68s / 143.9%  filo2  k=10
04:44:25 | i 25 | [ ASYNC BG] bg_ails  66.23s / 60.00s / 110.4%
04:44:25 | i 26 | [HAOS ROLL] k=10  λ=0.6  rb  kmeans  filo2  P≈0.001794
04:44:25 | i 26 | [ Summary ] cost=362181.00  Δ_S*=+1.54%  Δ_BKS=+1.80%  Δ_S*_BKS=+0.26%  no_improve=32
04:44:25 | i 27 | [HAOS ROLL] k=12  λ=0.6  vb  fcm  pyvrp  P≈0.001962
04:44:26 | i 27 | [Phase 1/3] decompose  1.34s / — / —  λ=0.6  vb fcm
04:45:16 | i 27 | [Phase 2/3] route  49.75s / 27.84s / 178.7%  pyvrp  k=12
04:45:47 | i 26 | [ ASYNC BG] bg_ails  81.82s / 76.09s / 107.5%
04:45:47 | i 27 | [HAOS ROLL] k=12  λ=0.6  vb  fcm  pyvrp  P≈0.001962
04:45:47 | i 27 | [ Summary ] cost=365034.00  Δ_S*=+2.34%  Δ_BKS=+2.60%  Δ_S*_BKS=+0.26%  no_improve=34
04:45:47 | i 28 | [HAOS ROLL] k=15  λ=0.0  vb  ac_avg  pyvrp  P≈0.000911
04:45:48 | i 28 | [Phase 1/3] decompose  1.31s / — / —  λ=0.0  vb ac_avg
04:47:08 | i 28 | [Phase 2/3] route  80.07s / 75.60s / 105.9%  pyvrp  k=15
04:47:08 | i 27 | [ ASYNC BG] bg_ails  66.24s / 60.00s / 110.4%
04:47:08 | i 28 | [HAOS ROLL] k=15  λ=0.0  vb  ac_avg  pyvrp  P≈0.000911
04:47:09 | i 28 | [ Summary ] cost=369664.00  Δ_S*=+3.64%  Δ_BKS=+3.90%  Δ_S*_BKS=+0.26%  no_improve=36
04:47:09 | i 29 | [HAOS ROLL] k=4  λ=0.0  vb  ac_avg  filo  P≈0.000647
04:47:10 | i 29 | [Phase 1/3] decompose  1.28s / — / —  λ=0.0  vb ac_avg
04:49:46 | i 29 | [Phase 2/3] route  156.44s / 155.64s / 100.5%  filo  k=4
04:49:46 | i 28 | [ ASYNC BG] bg_ails  122.67s / 117.17s / 104.7%
04:49:46 | i 29 | [HAOS ROLL] k=4  λ=0.0  vb  ac_avg  filo  P≈0.000647
04:49:46 | i 29 | [ Summary ] cost=359686.00  Δ_S*=+0.84%  Δ_BKS=+1.10%  Δ_S*_BKS=+0.26%  no_improve=38
04:49:46 | i 18 | [ASYNC 1/2] sp_sc  0.00s / 720.00s / 0.0%  SC
04:49:46 | i 30 | [HAOS ROLL] k=12  λ=0.0  rb  kmeans  pyvrp  P≈0.001617
04:49:47 | i 30 | [Phase 1/3] decompose  0.78s / — / —  λ=0.0  rb kmeans
04:50:37 | i 30 | [Phase 2/3] route  50.03s / 40.50s / 123.5%  pyvrp  k=12
04:52:23 | i 29 | [ ASYNC BG] bg_ails  157.12s / 151.90s / 103.4%
04:52:24 | i 30 | [HAOS ROLL] k=12  λ=0.0  rb  kmeans  pyvrp  P≈0.001617
04:52:24 | i 30 | [ Summary ] cost=363228.00  Δ_S*=+1.83%  Δ_BKS=+2.09%  Δ_S*_BKS=+0.26%  no_improve=40
04:52:24 | i 31 | [HAOS ROLL] k=2  λ=0.0  vb  ac_avg  filo  P≈0.001345
04:52:25 | i 31 | [Phase 1/3] decompose  1.29s / — / —  λ=0.0  vb ac_avg
04:55:01 | i 31 | [Phase 2/3] route  156.40s / 155.88s / 100.3%  filo  k=2
04:55:01 | i 30 | [ ASYNC BG] bg_ails  65.72s / 60.00s / 109.5%
04:55:02 | i 31 | [HAOS ROLL] k=2  λ=0.0  vb  ac_avg  filo  P≈0.001345
04:55:02 | i 31 | [ Summary ] cost=358157.00  Δ_S*=+0.41%  Δ_BKS=+0.67%  Δ_S*_BKS=+0.26%  no_improve=42
04:55:02 | i 32 | [HAOS ROLL] k=6  λ=0.6  vb  fcm  filo  P≈0.001083
04:55:03 | i 32 | [Phase 1/3] decompose  1.19s / — / —  λ=0.6  vb fcm
04:56:01 | i 32 | [Phase 2/3] route  58.18s / 58.26s / 99.9%  filo  k=6
04:57:40 | i 31 | [ ASYNC BG] bg_ails  158.11s / 152.14s / 103.9%
04:57:40 | i 32 | [HAOS ROLL] k=6  λ=0.6  vb  fcm  filo  P≈0.001083
04:57:40 | i 32 | [ Summary ] cost=360073.00  Δ_S*=+0.95%  Δ_BKS=+1.21%  Δ_S*_BKS=+0.26%  no_improve=44
04:57:40 | i 33 | [HAOS ROLL] k=4  λ=0.6  vb  kmeans  filo2  P≈0.001525
04:57:41 | i 33 | [Phase 1/3] decompose  0.97s / — / —  λ=0.6  vb kmeans
04:59:08 | i 33 | [Phase 2/3] route  87.20s / 87.06s / 100.2%  filo2  k=4
04:59:08 | i 32 | [ ASYNC BG] bg_ails  65.84s / 60.00s / 109.7%
04:59:08 | i 33 | [HAOS ROLL] k=4  λ=0.6  vb  kmeans  filo2  P≈0.001525
04:59:08 | i 33 | [ Summary ] cost=358410.00  Δ_S*=+0.48%  Δ_BKS=+0.74%  Δ_S*_BKS=+0.26%  no_improve=46
04:59:08 | i 34 | [HAOS ROLL] k=4  λ=0.0  rb  ac_avg  filo2  P≈0.000383
04:59:09 | i 34 | [Phase 1/3] decompose  0.74s / — / —  λ=0.0  rb ac_avg
05:01:43 | i 34 | [Phase 2/3] route  154.41s / 153.60s / 100.5%  filo2  k=4
05:01:43 | i 33 | [ ASYNC BG] bg_ails  90.08s / 84.97s / 106.0%
05:01:43 | i 34 | [HAOS ROLL] k=4  λ=0.0  rb  ac_avg  filo2  P≈0.000383
05:01:43 | i 34 | [ Summary ] cost=357618.00  Δ_S*=+0.26%  Δ_BKS=+0.52%  Δ_S*_BKS=+0.26%  no_improve=48
05:01:43 | i 31 | [ASYNC 1/2] sp_sc  25.27s / 720.00s / 3.5%  SC  avg_coverage=34.00/5  pool=10000
05:01:43 | i 31 | [ASYNC 2/2] standard_ails  364.71s / 360.00s / 101.3%
05:02:34 | i 35 | [HAOS ROLL] k=12  λ=0.6  rb  ac_complete  pyvrp  P≈0.001546
05:02:35 | i 35 | [Phase 1/3] decompose  0.94s / — / —  λ=0.6  rb ac_complete
05:03:46 | i 35 | [Phase 2/3] route  71.54s / 55.68s / 128.5%  pyvrp  k=12
05:04:18 | i 34 | [ ASYNC BG] bg_ails  154.42s / 149.91s / 103.0%
05:04:18 | i 35 | [HAOS ROLL] k=12  λ=0.6  rb  ac_complete  pyvrp  P≈0.001546
05:04:18 | i 35 | [ Summary ] cost=363553.00  Δ_S*=+1.92%  Δ_BKS=+2.18%  Δ_S*_BKS=+0.26%  no_improve=51
05:04:18 | i 36 | [HAOS ROLL] k=6  λ=1.0  vb  ac_avg  filo  P≈0.000541
05:04:20 | i 36 | [Phase 1/3] decompose  1.49s / — / —  λ=1.0  vb ac_avg
05:06:56 | i 36 | [Phase 2/3] route  156.45s / 155.64s / 100.5%  filo  k=6
05:06:56 | i 35 | [ ASYNC BG] bg_ails  98.23s / 92.37s / 106.3%
05:06:56 | i 36 | [HAOS ROLL] k=6  λ=1.0  vb  ac_avg  filo  P≈0.000541
05:06:56 | i 36 | [ Summary ] cost=360749.00  Δ_S*=+1.14%  Δ_BKS=+1.40%  Δ_S*_BKS=+0.26%  no_improve=53
05:06:56 | i 37 | [HAOS ROLL] k=10  λ=1.0  vb  ac_avg  pyvrp  P≈0.000563
05:06:58 | i 37 | [Phase 1/3] decompose  1.49s / — / —  λ=1.0  vb ac_avg
05:09:49 | i 37 | [Phase 2/3] route  171.06s / 155.64s / 109.9%  pyvrp  k=10
05:09:49 | i 36 | [ ASYNC BG] bg_ails  156.99s / 151.90s / 103.3%
05:09:49 | i 37 | [HAOS ROLL] k=10  λ=1.0  vb  ac_avg  pyvrp  P≈0.000563
05:09:49 | i 37 | [ Summary ] cost=368892.00  Δ_S*=+3.42%  Δ_BKS=+3.69%  Δ_S*_BKS=+0.26%  no_improve=55
05:09:49 | i 38 | [HAOS ROLL] k=6  λ=0.6  vb  ac_avg  pyvrp  P≈0.003544
05:09:51 | i 38 | [Phase 1/3] decompose  1.53s / — / —  λ=0.6  vb ac_avg
05:12:43 | i 38 | [Phase 2/3] route  171.60s / 155.64s / 110.3%  pyvrp  k=6
05:12:43 | i 37 | [ ASYNC BG] bg_ails  147.27s / 141.53s / 104.1%
05:12:43 | i 38 | [HAOS ROLL] k=6  λ=0.6  vb  ac_avg  pyvrp  P≈0.003544
05:12:43 | i 38 | [ Summary ] cost=365133.00  Δ_S*=+2.37%  Δ_BKS=+2.63%  Δ_S*_BKS=+0.26%  no_improve=57
05:12:43 | i 39 | [HAOS ROLL] k=12  λ=0.6  rb  kmeans  ails2  P≈0.001245
05:12:44 | i 39 | [Phase 1/3] decompose  0.96s / — / —  λ=0.6  rb kmeans
05:13:44 | i 39 | [Phase 2/3] route  60.10s / 36.66s / 163.9%  ails2  k=12
05:15:19 | i 38 | [ ASYNC BG] bg_ails  156.72s / 151.90s / 103.2%
05:15:20 | i 39 | [HAOS ROLL] k=12  λ=0.6  rb  kmeans  ails2  P≈0.001245
05:15:20 | i 39 | [ Summary ] cost=356696.00  Δ_S*=+0.00%  Δ_BKS=+0.26%  Δ_S*_BKS=+0.26%  no_improve=59
05:15:20 | i 40 | [HAOS ROLL] k=6  λ=0.6  vb  fcm  ails2  P≈0.000813
05:15:21 | i 40 | [Phase 1/3] decompose  1.20s / — / —  λ=0.6  vb fcm
05:16:14 | i 40 | [Phase 2/3] route  53.01s / 51.00s / 103.9%  ails2  k=6
05:16:26 | i 39 | [ ASYNC BG] bg_ails  66.37s / 60.00s / 110.6%
05:16:26 | i 40 | [HAOS ROLL] k=6  λ=0.6  vb  fcm  ails2  P≈0.000813
05:16:26 | i 40 | [ Summary ] cost=359755.00  Δ_S*=+0.86%  Δ_BKS=+1.12%  Δ_S*_BKS=+0.26%  no_improve=61
05:16:26 | i 41 | [HAOS ROLL] k=10  λ=0.8  vb  fcm  pyvrp  P≈0.000343
05:16:28 | i 41 | [Phase 1/3] decompose  1.58s / — / —  λ=0.8  vb fcm
05:17:31 | i 41 | [Phase 2/3] route  63.60s / 39.12s / 162.6%  pyvrp  k=10
05:17:32 | i 40 | [ ASYNC BG] bg_ails  66.02s / 60.00s / 110.0%
05:17:32 | i 41 | [HAOS ROLL] k=10  λ=0.8  vb  fcm  pyvrp  P≈0.000343
05:17:32 | i 41 | [ Summary ] cost=364924.00  Δ_S*=+2.31%  Δ_BKS=+2.57%  Δ_S*_BKS=+0.26%  no_improve=63
05:17:32 | i 42 | [HAOS ROLL] k=4  λ=0.2  rb  ac_complete  ails2  P≈0.000099
05:17:33 | i 42 | [Phase 1/3] decompose  0.97s / — / —  λ=0.2  rb ac_complete
05:19:57 | i 42 | [Phase 2/3] route  143.93s / 141.84s / 101.5%  ails2  k=4
05:19:57 | i 41 | [ ASYNC BG] bg_ails  65.86s / 60.00s / 109.8%
05:19:57 | i 42 | [HAOS ROLL] k=4  λ=0.2  rb  ac_complete  ails2  P≈0.000099
05:19:57 | i 42 | [ Summary ] cost=356873.00  Δ_S*=+0.05%  Δ_BKS=+0.31%  Δ_S*_BKS=+0.26%  no_improve=65
05:19:57 | i 43 | [HAOS ROLL] k=6  λ=0.4  vb  ac_avg  pyvrp  P≈0.000967
05:19:59 | i 43 | [Phase 1/3] decompose  1.57s / — / —  λ=0.4  vb ac_avg
05:22:51 | i 43 | [Phase 2/3] route  171.75s / 155.64s / 110.4%  pyvrp  k=6
05:22:51 | i 42 | [ ASYNC BG] bg_ails  144.41s / 138.44s / 104.3%
05:22:51 | i 43 | [HAOS ROLL] k=6  λ=0.4  vb  ac_avg  pyvrp  P≈0.000967
05:22:51 | i 43 | [ Summary ] cost=365312.00  Δ_S*=+2.42%  Δ_BKS=+2.68%  Δ_S*_BKS=+0.26%  no_improve=67
05:22:51 | i 44 | [HAOS ROLL] k=12  λ=0.0  vb  ac_complete  filo  P≈0.000747
05:22:52 | i 44 | [Phase 1/3] decompose  1.21s / — / —  λ=0.0  vb ac_complete
05:24:11 | i 44 | [Phase 2/3] route  79.21s / 79.02s / 100.2%  filo  k=12
05:25:27 | i 43 | [ ASYNC BG] bg_ails  156.81s / 151.90s / 103.2%
05:25:27 | i 44 | [HAOS ROLL] k=12  λ=0.0  vb  ac_complete  filo  P≈0.000747
05:25:28 | i 44 | [ Summary ] cost=361659.00  Δ_S*=+1.39%  Δ_BKS=+1.65%  Δ_S*_BKS=+0.26%  no_improve=69
05:25:28 | i 39 | [ASYNC 1/2] sp_sc  101.53s / 720.00s / 14.1%  SP  avg_coverage=33.57/5  pool=10000
05:25:28 | i 39 | [ASYNC 2/2] standard_ails  364.95s / 360.00s / 101.4%
05:26:18 | i 45 | [HAOS ROLL] k=8  λ=0.6  vb  kmeans  ails2  P≈0.001019
05:26:19 | i 45 | [Phase 1/3] decompose  0.93s / — / —  λ=0.6  vb kmeans
05:27:30 | i 45 | [Phase 2/3] route  71.08s / 63.66s / 111.6%  ails2  k=8
05:27:30 | i 44 | [ ASYNC BG] bg_ails  111.49s / 106.02s / 105.2%
05:27:30 | i 45 | [HAOS ROLL] k=8  λ=0.6  vb  kmeans  ails2  P≈0.001019
05:27:30 | i 45 | [ Summary ] cost=361754.00  Δ_S*=+1.42%  Δ_BKS=+1.68%  Δ_S*_BKS=+0.26%  no_improve=72
05:27:30 | i 46 | [HAOS ROLL] k=12  λ=1.0  vb  ac_avg  filo2  P≈0.000681
05:27:32 | i 46 | [Phase 1/3] decompose  1.48s / — / —  λ=1.0  vb ac_avg
05:29:47 | i 46 | [Phase 2/3] route  135.35s / 134.70s / 100.5%  filo2  k=12
05:29:47 | i 45 | [ ASYNC BG] bg_ails  111.98s / 106.07s / 105.6%
05:29:48 | i 46 | [HAOS ROLL] k=12  λ=1.0  vb  ac_avg  filo2  P≈0.000681
05:29:48 | i 46 | [ Summary ] cost=363853.00  Δ_S*=+2.01%  Δ_BKS=+2.27%  Δ_S*_BKS=+0.26%  no_improve=74
05:29:48 | i 47 | [HAOS ROLL] k=10  λ=1.0  vb  ac_avg  ails2  P≈0.000743
05:29:49 | i 47 | [Phase 1/3] decompose  1.52s / — / —  λ=1.0  vb ac_avg
05:32:28 | i 47 | [Phase 2/3] route  158.84s / 155.64s / 102.1%  ails2  k=10
05:32:28 | i 46 | [ ASYNC BG] bg_ails  140.28s / 134.09s / 104.6%
05:32:28 | i 47 | [HAOS ROLL] k=10  λ=1.0  vb  ac_avg  ails2  P≈0.000743
05:32:28 | i 47 | [ Summary ] cost=361772.00  Δ_S*=+1.42%  Δ_BKS=+1.68%  Δ_S*_BKS=+0.26%  no_improve=76
05:32:28 | i 48 | [HAOS ROLL] k=6  λ=0.0  vb  ac_avg  filo2  P≈0.001139
05:32:30 | i 48 | [Phase 1/3] decompose  1.25s / — / —  λ=0.0  vb ac_avg
05:35:06 | i 48 | [Phase 2/3] route  156.42s / 155.64s / 100.5%  filo2  k=6
05:35:06 | i 47 | [ ASYNC BG] bg_ails  146.84s / 141.53s / 103.8%
05:35:06 | i 48 | [HAOS ROLL] k=6  λ=0.0  vb  ac_avg  filo2  P≈0.001139
05:35:06 | i 48 | [ Summary ] cost=360911.00  Δ_S*=+1.18%  Δ_BKS=+1.44%  Δ_S*_BKS=+0.26%  no_improve=78
05:35:06 | i 49 | [HAOS ROLL] k=8  λ=1.0  rb  kmeans  filo2  P≈0.000513
05:35:07 | i 49 | [Phase 1/3] decompose  0.97s / — / —  λ=1.0  rb kmeans
05:36:02 | i 49 | [Phase 2/3] route  54.15s / 51.42s / 105.3%  filo2  k=8
05:37:43 | i 48 | [ ASYNC BG] bg_ails  156.55s / 151.90s / 103.1%
05:37:43 | i 49 | [HAOS ROLL] k=8  λ=1.0  rb  kmeans  filo2  P≈0.000513
05:37:43 | i 49 | [ Summary ] cost=360864.00  Δ_S*=+1.17%  Δ_BKS=+1.43%  Δ_S*_BKS=+0.26%  no_improve=80
05:37:43 | i 50 | [HAOS ROLL] k=6  λ=0.0  vb  kmeans  pyvrp  P≈0.001400
05:37:44 | i 50 | [Phase 1/3] decompose  0.75s / — / —  λ=0.0  vb kmeans
05:38:51 | i 50 | [Phase 2/3] route  67.06s / 63.48s / 105.6%  pyvrp  k=6
05:39:10 | i 49 | [ ASYNC BG] bg_ails  87.31s / 81.47s / 107.2%
05:39:10 | i 50 | [HAOS ROLL] k=6  λ=0.0  vb  kmeans  pyvrp  P≈0.001400
05:39:10 | i 50 | [ Summary ] cost=364773.00  Δ_S*=+2.27%  Δ_BKS=+2.53%  Δ_S*_BKS=+0.26%  no_improve=82
05:39:10 | i 51 | [HAOS ROLL] k=6  λ=1.0  vb  kmeans  filo  P≈0.001131
05:39:11 | i 51 | [Phase 1/3] decompose  0.96s / — / —  λ=1.0  vb kmeans
05:40:16 | i 51 | [Phase 2/3] route  65.17s / 64.98s / 100.3%  filo  k=6
05:40:17 | i 50 | [ ASYNC BG] bg_ails  66.68s / 61.96s / 107.6%
05:40:17 | i 51 | [HAOS ROLL] k=6  λ=1.0  vb  kmeans  filo  P≈0.001131
05:40:17 | i 51 | [ Summary ] cost=360941.00  Δ_S*=+1.19%  Δ_BKS=+1.45%  Δ_S*_BKS=+0.26%  no_improve=84
05:40:17 | i 52 | [HAOS ROLL] k=8  λ=0.2  rb  kmeans  filo  P≈0.000638
05:40:18 | i 52 | [Phase 1/3] decompose  0.96s / — / —  λ=0.2  rb kmeans
05:41:24 | i 52 | [Phase 2/3] route  66.16s / 54.78s / 120.8%  filo  k=8
05:41:26 | i 51 | [ ASYNC BG] bg_ails  68.75s / 63.42s / 108.4%
05:41:26 | i 52 | [HAOS ROLL] k=8  λ=0.2  rb  kmeans  filo  P≈0.000638
05:41:26 | i 52 | [ Summary ] cost=361725.00  Δ_S*=+1.41%  Δ_BKS=+1.67%  Δ_S*_BKS=+0.26%  no_improve=86
05:41:26 | i 53 | [HAOS ROLL] k=8  λ=0.4  vb  kmeans  pyvrp  P≈0.000747
05:41:27 | i 53 | [Phase 1/3] decompose  0.96s / — / —  λ=0.4  vb kmeans
05:42:24 | i 53 | [Phase 2/3] route  56.94s / 54.48s / 104.5%  pyvrp  k=8
05:42:56 | i 52 | [ ASYNC BG] bg_ails  90.87s / 85.60s / 106.2%
05:42:57 | i 53 | [HAOS ROLL] k=8  λ=0.4  vb  kmeans  pyvrp  P≈0.000747
05:42:57 | i 53 | [ Summary ] cost=364357.00  Δ_S*=+2.15%  Δ_BKS=+2.41%  Δ_S*_BKS=+0.26%  no_improve=88
05:42:57 | i 54 | [HAOS ROLL] k=8  λ=0.0  rb  ac_complete  pyvrp  P≈0.000686
05:42:57 | i 54 | [Phase 1/3] decompose  0.73s / — / —  λ=0.0  rb ac_complete
05:44:29 | i 54 | [Phase 2/3] route  91.14s / 85.92s / 106.1%  pyvrp  k=8
05:44:29 | i 53 | [ ASYNC BG] bg_ails  65.83s / 60.79s / 108.3%
05:44:29 | i 54 | [HAOS ROLL] k=8  λ=0.0  rb  ac_complete  pyvrp  P≈0.000686
05:44:29 | i 54 | [ Summary ] cost=364441.00  Δ_S*=+2.17%  Δ_BKS=+2.43%  Δ_S*_BKS=+0.26%  no_improve=90
05:44:29 | i 55 | [HAOS ROLL] k=6  λ=0.0  vb  kmedoids  filo  P≈0.000728
05:44:30 | i 55 | [Phase 1/3] decompose  1.14s / — / —  λ=0.0  vb kmedoids
05:46:00 | i 55 | [Phase 2/3] route  90.24s / 89.76s / 100.5%  filo  k=6
05:46:00 | i 54 | [ ASYNC BG] bg_ails  89.73s / 84.83s / 105.8%
05:46:00 | i 55 | [HAOS ROLL] k=6  λ=0.0  vb  kmedoids  filo  P≈0.000728
05:46:00 | i 55 | [ Summary ] cost=359331.00  Δ_S*=+0.74%  Δ_BKS=+1.00%  Δ_S*_BKS=+0.26%  no_improve=92
05:46:00 | i 49 | [ASYNC 1/2] sp_sc  76.66s / 720.00s / 10.6%  SP  avg_coverage=33.63/5  pool=10000
05:46:00 | i 49 | [ASYNC 2/2] standard_ails  364.64s / 360.00s / 101.3%
05:46:51 | i 49 | [ IMPROVE ] 356689.00  via standard_ails  ·  Δ_BKS=+0.26%
05:46:51 | i 56 | [HAOS ROLL] k=6  λ=0.8  vb  ac_avg  ails2  P≈0.000618
05:46:52 | i 56 | [Phase 1/3] decompose  1.44s / — / —  λ=0.8  vb ac_avg
05:49:31 | i 56 | [Phase 2/3] route  158.36s / 155.34s / 101.9%  ails2  k=6
05:49:31 | i 55 | [ ASYNC BG] bg_ails  92.57s / 87.61s / 105.7%
05:49:31 | i 56 | [HAOS ROLL] k=6  λ=0.8  vb  ac_avg  ails2  P≈0.000618
05:49:31 | i 56 | [ Summary ] cost=359458.00  Δ_S*=+0.78%  Δ_BKS=+1.03%  Δ_S*_BKS=+0.26%  no_improve=2
05:49:31 | i 57 | [HAOS ROLL] k=6  λ=0.6  rb  kmeans  filo  P≈0.002986
05:49:32 | i 57 | [Phase 1/3] decompose  0.99s / — / —  λ=0.6  rb kmeans
05:50:39 | i 57 | [Phase 2/3] route  67.18s / 66.96s / 100.3%  filo  k=6
05:52:08 | i 56 | [ ASYNC BG] bg_ails  157.23s / 151.61s / 103.7%
05:52:08 | i 57 | [HAOS ROLL] k=6  λ=0.6  rb  kmeans  filo  P≈0.002986
05:52:08 | i 57 | [ Summary ] cost=360284.00  Δ_S*=+1.01%  Δ_BKS=+1.27%  Δ_S*_BKS=+0.26%  no_improve=4
05:52:08 | i 58 | [HAOS ROLL] k=10  λ=0.8  vb  ac_complete  filo  P≈0.000183
05:52:10 | i 58 | [Phase 1/3] decompose  1.42s / — / —  λ=0.8  vb ac_complete
05:53:59 | i 58 | [Phase 2/3] route  109.26s / 102.24s / 106.9%  filo  k=10
05:53:59 | i 57 | [ ASYNC BG] bg_ails  70.78s / 65.35s / 108.3%
05:53:59 | i 58 | [HAOS ROLL] k=10  λ=0.8  vb  ac_complete  filo  P≈0.000183
05:53:59 | i 58 | [ Summary ] cost=363052.00  Δ_S*=+1.78%  Δ_BKS=+2.04%  Δ_S*_BKS=+0.26%  no_improve=6
05:53:59 | i 59 | [HAOS ROLL] k=4  λ=0.6  rb  ac_avg  filo2  P≈0.000417
05:54:00 | i 59 | [Phase 1/3] decompose  0.96s / — / —  λ=0.6  rb ac_avg
05:56:34 | i 59 | [Phase 2/3] route  153.38s / 153.18s / 100.1%  filo2  k=4
05:56:34 | i 58 | [ ASYNC BG] bg_ails  118.83s / 113.15s / 105.0%
05:56:34 | i 59 | [HAOS ROLL] k=4  λ=0.6  rb  ac_avg  filo2  P≈0.000417
05:56:34 | i 59 | [ Summary ] cost=357308.00  Δ_S*=+0.17%  Δ_BKS=+0.43%  Δ_S*_BKS=+0.26%  no_improve=8
05:56:34 | i 60 | [HAOS ROLL] k=6  λ=0.0  vb  kmeans  ails2  P≈0.001137
05:56:35 | i 60 | [Phase 1/3] decompose  0.78s / — / —  λ=0.0  vb kmeans
05:57:32 | i 60 | [Phase 2/3] route  57.03s / 55.14s / 103.4%  ails2  k=6
05:59:09 | i 59 | [ ASYNC BG] bg_ails  155.32s / 149.50s / 103.9%
05:59:09 | i 60 | [HAOS ROLL] k=6  λ=0.0  vb  kmeans  ails2  P≈0.001137
05:59:10 | i 60 | [ Summary ] cost=358539.00  Δ_S*=+0.52%  Δ_BKS=+0.78%  Δ_S*_BKS=+0.26%  no_improve=10
05:59:10 | i 61 | [HAOS ROLL] k=10  λ=0.6  vb  ac_complete  filo  P≈0.001395
05:59:11 | i 61 | [Phase 1/3] decompose  1.43s / — / —  λ=0.6  vb ac_complete
06:00:46 | i 61 | [Phase 2/3] route  95.22s / 79.68s / 119.5%  filo  k=10
06:00:46 | i 61 | [HAOS ROLL] k=10  λ=0.6  vb  ac_complete  filo  P≈0.001395
06:00:47 | i 61 | [ Summary ] cost=360753.00  Δ_S*=+1.14%  Δ_BKS=+1.40%  Δ_S*_BKS=+0.26%  no_improve=11
06:00:47 | i — | [  FINAL  ] async BG-AILS totals launched=59 applied=59 adopted=4 launch_skipped_cap=2 crashes=0 discarded_in_flight=False block_wait_total_s=1336.6
06:01:17 | i — | [  FINAL  ] async SP/SC totals invocations=6 adopted=2 skipped=0 discarded_in_flight=True sp_busy_frac=0.41377079285996493
06:01:17 | i — | [  FINAL  ] ════════════════════════════════════════
06:01:17 | i — | [  FINAL  ] Run complete  iterations=61  elapsed=02:01:44  best=356689.00
06:01:17 | i — | [  FINAL  ] Δ_BKS=+0.26%  no_improve_stop=False  time_stop=True  cancelled=False
06:01:17 | i — | [  FINAL  ] 
06:01:17 | i — | [  FINAL  ] [BEST SOLUTION — HAOS TAG SUMMARY]
06:01:17 | i — | [  FINAL  ] ────────────────────────────────────────
06:01:17 | i — | [  FINAL  ]   3 routes  vb  ac_avg  k=6  λ=1.0  solver=filo
06:01:17 | i — | [  FINAL  ]   2 routes  vb  kmeans  k=6  λ=0.0  solver=pyvrp
06:01:17 | i — | [  FINAL  ]   2 routes  rb  ac_complete  k=12  λ=0.6  solver=pyvrp
06:01:17 | i — | [  FINAL  ]   1 routes  vb  ac_avg  k=15  λ=0.0  solver=filo2
06:01:17 | i — | [  FINAL  ]   1 routes  rb  kmeans  k=10  λ=0.6  solver=filo2
06:01:17 | i — | [  FINAL  ]   1 routes  vb  ac_avg  k=12  λ=1.0  solver=filo2
06:01:17 | i — | [  FINAL  ]   1 routes  vb  ac_avg  k=3  λ=0.6  solver=filo
06:01:17 | i — | [  FINAL  ]   1 routes  vb  kmeans  k=8  λ=0.6  solver=ails2
06:01:17 | i — | [  FINAL  ]   1 routes  vb  ac_avg  k=10  λ=1.0  solver=pyvrp
06:01:17 | i — | [  FINAL  ]   1 routes  vb  kmeans  k=12  λ=0.6  solver=ails2
06:01:17 | i — | [  FINAL  ]   1 routes  rb  ac_complete  k=4  λ=0.2  solver=ails2
06:01:17 | i — | [  FINAL  ]   1 routes  vb  ac_avg  k=10  λ=1.0  solver=ails2
06:01:17 | i — | [  FINAL  ]   1 routes  vb  ac_complete  k=12  λ=0.0  solver=filo
06:01:17 | i — | [  FINAL  ]   1 routes  vb  fcm  k=6  λ=0.6  solver=ails2
06:01:17 | i — | [  FINAL  ]   273 routes  post-SP/SC improvement
06:01:17 | i — | [  FINAL  ] 
06:01:17 | i — | [  FINAL  ] [ROUTE POOL — HAOS TAG SUMMARY]
06:01:17 | i — | [  FINAL  ] ────────────────────────────────────────
06:01:17 | i — | [  FINAL  ]   572 routes  vb  ac_complete  k=10  λ=0.8  solver=filo
06:01:17 | i — | [  FINAL  ]   546 routes  rb  kmeans  k=6  λ=0.6  solver=filo
06:01:17 | i — | [  FINAL  ]   538 routes  vb  ac_avg  k=6  λ=0.8  solver=ails2
06:01:17 | i — | [  FINAL  ]   528 routes  rb  ac_avg  k=4  λ=0.6  solver=filo2
06:01:17 | i — | [  FINAL  ]   391 routes  vb  ac_avg  k=6  λ=1.0  solver=filo
06:01:17 | i — | [  FINAL  ]   368 routes  vb  ac_avg  k=10  λ=1.0  solver=ails2
06:01:17 | i — | [  FINAL  ]   358 routes  vb  kmedoids  k=6  λ=0.0  solver=filo
06:01:17 | i — | [  FINAL  ]   351 routes  vb  kmeans  k=8  λ=0.6  solver=ails2
06:01:17 | i — | [  FINAL  ]   337 routes  vb  ac_avg  k=6  λ=0.0  solver=filo2
06:01:17 | i — | [  FINAL  ]   328 routes  vb  ac_avg  k=12  λ=1.0  solver=filo2
06:01:17 | i — | [  FINAL  ]   289 routes  vb  ac_avg  k=10  λ=1.0  solver=pyvrp
06:01:17 | i — | [  FINAL  ]   283 routes  vb  ac_complete  k=10  λ=0.6  solver=filo
06:01:17 | i — | [  FINAL  ]   278 routes  vb  kmeans  k=6  λ=0.0  solver=ails2
06:01:17 | i — | [  FINAL  ]   272 routes  vb  ac_avg  k=6  λ=0.6  solver=pyvrp
06:01:17 | i — | [  FINAL  ]   262 routes  rb  ac_complete  k=12  λ=0.6  solver=pyvrp
06:01:17 | i — | [  FINAL  ]   249 routes  rb  ac_avg  k=4  λ=0.0  solver=filo2
06:01:17 | i — | [  FINAL  ]   239 routes  vb  kmeans  k=6  λ=0.0  solver=pyvrp
06:01:17 | i — | [  FINAL  ]   235 routes  vb  ac_complete  k=12  λ=0.0  solver=filo
06:01:17 | i — | [  FINAL  ]   227 routes  rb  kmeans  k=12  λ=0.6  solver=ails2
06:01:17 | i — | [  FINAL  ]   223 routes  rb  kmeans  k=8  λ=1.0  solver=filo2
06:01:17 | i — | [  FINAL  ]   220 routes  vb  kmeans  k=8  λ=0.4  solver=pyvrp
06:01:17 | i — | [  FINAL  ]   214 routes  rb  ac_complete  k=8  λ=0.0  solver=pyvrp
06:01:17 | i — | [  FINAL  ]   168 routes  rb  kmeans  k=8  λ=0.2  solver=filo
06:01:17 | i — | [  FINAL  ]   153 routes  vb  kmeans  k=6  λ=1.0  solver=filo
06:01:17 | i — | [  FINAL  ]   109 routes  vb  kmeans  k=8  λ=0.6  solver=filo
06:01:17 | i — | [  FINAL  ]   69 routes  rb  ac_avg  k=10  λ=0.0  solver=pyvrp
06:01:17 | i — | [  FINAL  ]   68 routes  rb  kmeans  k=12  λ=0.0  solver=pyvrp
06:01:17 | i — | [  FINAL  ]   64 routes  rb  kmeans  k=8  λ=0.0  solver=pyvrp
06:01:17 | i — | [  FINAL  ]   60 routes  vb  kmedoids  k=10  λ=0.0  solver=pyvrp
06:01:17 | i — | [  FINAL  ]   59 routes  vb  kmeans  k=8  λ=0.8  solver=ails2
06:01:17 | i — | [  FINAL  ]   58 routes  vb  ac_avg  k=4  λ=0.6  solver=filo2
06:01:17 | i — | [  FINAL  ]   57 routes  vb  fcm  k=12  λ=0.6  solver=pyvrp
06:01:17 | i — | [  FINAL  ]   56 routes  vb  fcm  k=10  λ=0.8  solver=pyvrp
06:01:17 | i — | [  FINAL  ]   55 routes  vb  kmeans  k=12  λ=0.6  solver=filo2
06:01:17 | i — | [  FINAL  ]   55 routes  vb  ac_avg  k=15  λ=0.0  solver=filo2
06:01:17 | i — | [  FINAL  ]   55 routes  vb  ac_avg  k=4  λ=0.0  solver=filo
06:01:17 | i — | [  FINAL  ]   54 routes  vb  kmeans  k=10  λ=0.6  solver=filo
06:01:17 | i — | [  FINAL  ]   53 routes  vb  ac_avg  k=15  λ=0.0  solver=pyvrp
06:01:17 | i — | [  FINAL  ]   52 routes  rb  kmeans  k=4  λ=0.6  solver=pyvrp
06:01:17 | i — | [  FINAL  ]   52 routes  vb  kmedoids  k=10  λ=0.6  solver=pyvrp
06:01:17 | i — | [  FINAL  ]   51 routes  vb  kmeans  k=12  λ=0.6  solver=filo
06:01:17 | i — | [  FINAL  ]   50 routes  vb  kmeans  k=15  λ=0.6  solver=filo
06:01:17 | i — | [  FINAL  ]   45 routes  vb  ac_avg  k=15  λ=0.4  solver=filo
06:01:17 | i — | [  FINAL  ]   43 routes  vb  ac_avg  k=2  λ=0.0  solver=filo
06:01:17 | i — | [  FINAL  ]   40 routes  vb  ac_avg  k=6  λ=0.4  solver=pyvrp
06:01:17 | i — | [  FINAL  ]   35 routes  vb  fcm  k=6  λ=0.6  solver=filo
06:01:17 | i — | [  FINAL  ]   34 routes  rb  kmeans  k=10  λ=0.6  solver=filo2
06:01:17 | i — | [  FINAL  ]   33 routes  vb  fcm  k=6  λ=0.6  solver=ails2
06:01:17 | i — | [  FINAL  ]   31 routes  rb  ac_complete  k=4  λ=0.2  solver=ails2
06:01:17 | i — | [  FINAL  ]   25 routes  vb  kmeans  k=4  λ=0.6  solver=filo2
06:01:17 | i — | [  FINAL  ]   17 routes  rb  ac_complete  k=4  λ=0.8  solver=filo2
06:01:17 | i — | [  FINAL  ]   5 routes  vb  kmeans  k=12  λ=0.6  solver=ails2
06:01:17 | i — | [  FINAL  ]   3 routes  vb  ac_avg  k=3  λ=0.6  solver=filo
06:01:17 | i — | [  FINAL  ]   3 routes  rb  kmeans  k=12  λ=0.6  solver=filo
06:01:17 | i — | [  FINAL  ]   3 routes  vb  fcm  k=12  λ=0.8  solver=filo2
06:01:17 | i — | [  FINAL  ]   2 routes  vb  ac_avg  k=12  λ=0.6  solver=filo2
06:01:17 | i — | [  FINAL  ]   2 routes  vb  ac_avg  k=8  λ=0.2  solver=filo
06:01:17 | i — | [  FINAL  ]   1 routes  rb  ac_avg  k=2  λ=0.4  solver=pyvrp
06:01:17 | i — | [  FINAL  ]   972 routes  post-SP/SC improvement
06:01:17 | i — | [  FINAL  ] ════════════════════════════════════════
