23:06:16 | i — | [  INIT   ] ════════════════════════════════════════
23:06:16 | i — | [  INIT   ] DRISPI  instance=X-n5526-k553  n=5525  capacity=10
23:06:16 | i — | [  INIT   ] k domain (computed at init): [2, 3, 4, 6, 8, 10, 12, 15, 19, 24]  k_ext=24  k_min=553  k_ext_bound=n_bound  spacing_rejected=0
23:06:16 | i — | [  INIT   ] ══════════════════════════════════════════════════════
23:06:16 | i — | [  INIT   ] CONFIGURATION
23:06:16 | i — | [  INIT   ] ── stopping ────────────────────────────────
23:06:16 | i — | [  INIT   ]   time_limit                  = 7200.0
23:06:16 | i — | [  INIT   ]   max_no_improve              = 1000000000
23:06:16 | i — | [  INIT   ] ── parallelism ─────────────────────────────
23:06:16 | i — | [  INIT   ]   n_workers                   = 8
23:06:16 | i — | [  INIT   ] ── cores ───────────────────────────────────
23:06:16 | i — | [  INIT   ]   cores_total                 = 8
23:06:16 | i — | [  INIT   ]   cores_dri                   = 6
23:06:16 | i — | [  INIT   ]   cores_bg                    = 1
23:06:16 | i — | [  INIT   ]   cores_sp                    = 1
23:06:16 | i — | [  INIT   ]   cores_cpu_list              = None
23:06:16 | i — | [  INIT   ] ── sp/sc ───────────────────────────────────
23:06:16 | i — | [  INIT   ]   sp_sc_mode                  = async
23:06:16 | i — | [  INIT   ]   sp_sc_trigger               = wallclock
23:06:16 | i — | [  INIT   ]   interval_minutes            = 20.0
23:06:16 | i — | [  INIT   ]   overlap_policy              = skip
23:06:16 | i — | [  INIT   ]   warmup_iterations           = 5
23:06:16 | i — | [  INIT   ]   sp_interval                 = 3
23:06:16 | i — | [  INIT   ]   min_coverage                = 5
23:06:16 | i — | [  INIT   ]   sp_time_limit               = 720.0
23:06:16 | i — | [  INIT   ]   mip_gap                     = 0.00025
23:06:16 | i — | [  INIT   ] ── decomposition ───────────────────────────
23:06:16 | i — | [  INIT   ]   decomp_k_base_arms          = [2, 3, 4, 6, 8, 10, 12]
23:06:16 | i — | [  INIT   ]   decomp_k_max_arms           = 10
23:06:16 | i — | [  INIT   ]   decomp_k_ext_per_1000       = 4
23:06:16 | i — | [  INIT   ]   decomp_k_min_routes_per_cluster= 8
23:06:16 | i — | [  INIT   ]   decomp_k_min_arm_spacing    = 2
23:06:16 | i — | [  INIT   ]   subcluster_rate_s_per_customer= 0.06
23:06:16 | i — | [  INIT   ]   subcluster_floor_s          = 5.0
23:06:16 | i — | [  INIT   ] ── bg_ails ─────────────────────────────────
23:06:16 | i — | [  INIT   ]   bg_ails_mode                = async
23:06:16 | i — | [  INIT   ]   bg_ails_crash_threshold     = 1
23:06:16 | i — | [  INIT   ]   bg_ails_budget_mode         = predicted_dr_wall
23:06:16 | i — | [  INIT   ]   bg_ails_budget_floor_s      = 60.0
23:06:16 | i — | [  INIT   ]   bg_ails_budget_margin       = 1.0
23:06:16 | i — | [  INIT   ]   bg_ails_wall_model_scale    = 0.976
23:06:16 | i — | [  INIT   ]   bg_ails_wall_model_wave_exponent= -0.18
23:06:16 | i — | [  INIT   ]   bg_ails_initial_omega       = 10
23:06:16 | i — | [  INIT   ]   bg_ails_boundary_threshold  = 0.5
23:06:16 | i — | [  INIT   ]   bg_ails_small_cluster_cap   = 20
23:06:16 | i — | [  INIT   ]   bg_ails_small_cluster_alpha = 0.5
23:06:16 | i — | [  INIT   ]   bg_ails_pair_selection      = greedy
23:06:16 | i — | [  INIT   ]   bg_ails_n_chains_mode       = k
23:06:16 | i — | [  INIT   ] ── standard_improvement ────────────────────
23:06:16 | i — | [  INIT   ]   standard_improvement_time_limit= 360.0
23:06:16 | i — | [  INIT   ] ── pool ────────────────────────────────────
23:06:16 | i — | [  INIT   ]   max_pool_size               = 10000
23:06:16 | i — | [  INIT   ]   pool_diversity_weight       = 0.5
23:06:16 | i — | [  INIT   ] ── haos ────────────────────────────────────
23:06:16 | i — | [  INIT   ]   haos_decay                  = 0.95
23:06:16 | i — | [  INIT   ]   haos_warmup                 = 10
23:06:16 | i — | [  INIT   ]   haos_starting_weight        = 10.0
23:06:16 | i — | [  INIT   ]   haos_min_weight_k           = 0.025
23:06:16 | i — | [  INIT   ]   haos_min_weight_lambda      = 0.05
23:06:16 | i — | [  INIT   ]   haos_min_weight_paradigm    = 0.1
23:06:16 | i — | [  INIT   ]   haos_min_weight_vertex_method= 0.05
23:06:16 | i — | [  INIT   ]   haos_min_weight_route_method= 0.05
23:06:16 | i — | [  INIT   ]   haos_min_weight_solver      = 0.05
23:06:16 | i — | [  INIT   ]   haos_lambda_demand_values   = [0.0, 0.2, 0.4, 0.6, 0.8, 1.0]
23:06:16 | i — | [  INIT   ]   haos_paradigm_values        = ['vertex', 'route']
23:06:16 | i — | [  INIT   ]   haos_vertex_method_values   = ['kmeans', 'agglomerative_avg', 'agglomerative_complete', 'kmedoids', 'fcm']
23:06:16 | i — | [  INIT   ]   haos_route_method_values    = ['kmeans', 'agglomerative_avg', 'agglomerative_complete']
23:06:16 | i — | [  INIT   ]   haos_solver_values          = ['pyvrp', 'filo', 'filo2', 'ails2']
23:06:16 | i — | [  INIT   ] ── haos_rewards ────────────────────────────
23:06:16 | i — | [  INIT   ]   haos_reward_new_best        = 10.0
23:06:16 | i — | [  INIT   ]   haos_reward_improvement     = 4.0
23:06:16 | i — | [  INIT   ]   haos_reward_no_improvement  = 1.0
23:06:16 | i — | [  INIT   ]   haos_reward_no_solution     = 0.0
23:06:16 | i — | [  INIT   ]   haos_deferred_new_best      = 7.0
23:06:16 | i — | [  INIT   ]   haos_deferred_improvement   = 3.0
23:06:16 | i — | [  INIT   ]   haos_deferred_no_improvement= 0.0
23:06:16 | i — | [  INIT   ] ── seed ────────────────────────────────────
23:06:16 | i — | [  INIT   ]   seed                        = 30
23:06:16 | i — | [  INIT   ] ── output ──────────────────────────────────
23:06:16 | i — | [  INIT   ]   output_dir                  = /app/artifacts/final_benchmark/runs/X-n5526-k553/seed30
23:06:16 | i — | [  INIT   ]   run_analysis                = False
23:06:16 | i — | [  INIT   ] ══════════════════════════════════════════════════════
23:06:16 | i — | [  INIT   ] BKS=336843.00
23:06:16 | i — | [  INIT   ] ════════════════════════════════════════
23:06:16 | i 1 | [HAOS ROLL] k=12  λ=1.0  vb  ac_avg  filo  P≈0.000417
23:06:23 | i 1 | [Phase 1/3] decompose  7.00s / — / —  λ=1.0  vb ac_avg
23:08:11 | i 1 | [Phase 2/3] route  107.99s / 104.04s / 103.8%  filo  k=12
23:08:11 | i 1 | [ IMPROVE ] 341585.00  via decompose_route  ·  Δ_BKS=+1.41%
23:08:11 | i 1 | [HAOS ROLL] k=12  λ=1.0  vb  ac_avg  filo  P≈0.000417
23:08:11 | i 1 | [ Summary ] cost=341585.00  Δ_S*=+0.00%  Δ_BKS=+1.41%  Δ_S*_BKS=+1.41%  no_improve=0
23:08:11 | i 2 | [HAOS ROLL] k=3  λ=1.0  rb  ac_complete  ails2  P≈0.000694
23:08:13 | i 2 | [Phase 1/3] decompose  2.30s / — / —  λ=1.0  rb ac_complete
23:10:18 | i 2 | [Phase 2/3] route  124.59s / 122.64s / 101.6%  ails2  k=3
23:11:14 | i 1 | [ IMPROVE ] 337479.00  via bg_ails  ·  Δ_BKS=+0.19%
23:11:14 | i 1 | [ ASYNC BG] bg_ails  182.56s / 172.29s / 106.0%
23:11:14 | i 2 | [HAOS ROLL] k=3  λ=1.0  rb  ac_complete  ails2  P≈0.000694
23:11:14 | i 2 | [ Summary ] cost=337510.00  Δ_S*=+0.01%  Δ_BKS=+0.20%  Δ_S*_BKS=+0.19%  no_improve=1
23:11:14 | i 3 | [HAOS ROLL] k=19  λ=0.4  vb  ac_complete  filo2  P≈0.000417
23:11:17 | i 3 | [Phase 1/3] decompose  3.21s / — / —  λ=0.4  vb ac_complete
23:12:54 | i 3 | [Phase 2/3] route  97.20s / 55.32s / 175.7%  filo2  k=19
23:13:23 | i 2 | [ IMPROVE ] 337331.00  via bg_ails  ·  Δ_BKS=+0.14%
23:13:23 | i 2 | [ ASYNC BG] bg_ails  129.42s / 119.70s / 108.1%
23:13:23 | i 3 | [HAOS ROLL] k=19  λ=0.4  vb  ac_complete  filo2  P≈0.000417
23:13:23 | i 3 | [ Summary ] cost=340666.00  Δ_S*=+0.99%  Δ_BKS=+1.13%  Δ_S*_BKS=+0.14%  no_improve=1
23:13:23 | i 4 | [HAOS ROLL] k=19  λ=0.8  vb  fcm  ails2  P≈0.000417
23:13:27 | i 4 | [Phase 1/3] decompose  3.86s / — / —  λ=0.8  vb fcm
23:14:31 | i 4 | [Phase 2/3] route  64.32s / 27.24s / 236.1%  ails2  k=19
23:15:37 | i 3 | [ ASYNC BG] bg_ails  133.64s / 123.33s / 108.4%
23:15:37 | i 4 | [HAOS ROLL] k=19  λ=0.8  vb  fcm  ails2  P≈0.000417
23:15:37 | i 4 | [ Summary ] cost=341355.00  Δ_S*=+1.19%  Δ_BKS=+1.34%  Δ_S*_BKS=+0.14%  no_improve=3
23:15:37 | i 5 | [HAOS ROLL] k=4  λ=0.8  vb  ac_complete  ails2  P≈0.000417
23:15:40 | i 5 | [Phase 1/3] decompose  3.21s / — / —  λ=0.8  vb ac_complete
23:17:31 | i 5 | [Phase 2/3] route  110.97s / 108.84s / 102.0%  ails2  k=4
23:17:31 | i 4 | [ ASYNC BG] bg_ails  77.72s / 67.12s / 115.8%
23:17:31 | i 5 | [HAOS ROLL] k=4  λ=0.8  vb  ac_complete  ails2  P≈0.000417
23:17:31 | i 5 | [ Summary ] cost=337789.00  Δ_S*=+0.14%  Δ_BKS=+0.28%  Δ_S*_BKS=+0.14%  no_improve=5
23:17:31 | i 6 | [HAOS ROLL] k=2  λ=0.0  rb  kmeans  filo  P≈0.000694
23:17:33 | i 6 | [Phase 1/3] decompose  1.73s / — / —  λ=0.0  rb kmeans
23:21:16 | i 6 | [Phase 2/3] route  222.88s / 221.70s / 100.5%  filo  k=2
23:21:16 | i 5 | [ ASYNC BG] bg_ails  116.50s / 106.23s / 109.7%
23:21:16 | i 6 | [HAOS ROLL] k=2  λ=0.0  rb  kmeans  filo  P≈0.000694
23:21:16 | i 6 | [ Summary ] cost=337413.00  Δ_S*=+0.02%  Δ_BKS=+0.17%  Δ_S*_BKS=+0.14%  no_improve=7
23:21:16 | i 7 | [HAOS ROLL] k=19  λ=0.6  rb  ac_avg  filo  P≈0.000694
23:21:18 | i 7 | [Phase 1/3] decompose  2.21s / — / —  λ=0.6  rb ac_avg
23:22:57 | i 7 | [Phase 2/3] route  99.23s / 83.70s / 118.6%  filo  k=19
23:25:02 | i 6 | [ ASYNC BG] bg_ails  226.04s / 216.38s / 104.5%
23:25:02 | i 7 | [ IMPROVE ] 337309.00  via decompose_route  ·  Δ_BKS=+0.14%
23:25:02 | i 7 | [HAOS ROLL] k=19  λ=0.6  rb  ac_avg  filo  P≈0.000694
23:25:02 | i 7 | [ Summary ] cost=337309.00  Δ_S*=+0.00%  Δ_BKS=+0.14%  Δ_S*_BKS=+0.14%  no_improve=0
23:25:02 | i 8 | [HAOS ROLL] k=8  λ=0.6  rb  ac_complete  filo  P≈0.000694
23:25:04 | i 8 | [Phase 1/3] decompose  2.25s / — / —  λ=0.6  rb ac_complete
23:26:35 | i 8 | [Phase 2/3] route  90.31s / 90.00s / 100.3%  filo  k=8
23:27:31 | i 7 | [ IMPROVE ] 337302.00  via bg_ails  ·  Δ_BKS=+0.14%
23:27:31 | i 7 | [ ASYNC BG] bg_ails  148.61s / 138.63s / 107.2%
23:27:31 | i 8 | [ IMPROVE ] 337282.00  via decompose_route  ·  Δ_BKS=+0.13%
23:27:31 | i 8 | [HAOS ROLL] k=8  λ=0.6  rb  ac_complete  filo  P≈0.000694
23:27:31 | i 8 | [ Summary ] cost=337282.00  Δ_S*=+0.00%  Δ_BKS=+0.13%  Δ_S*_BKS=+0.13%  no_improve=0
23:27:31 | i 9 | [HAOS ROLL] k=19  λ=0.8  vb  ac_avg  ails2  P≈0.000417
23:27:34 | i 9 | [Phase 1/3] decompose  3.34s / — / —  λ=0.8  vb ac_avg
23:29:25 | i 9 | [Phase 2/3] route  111.35s / 87.42s / 127.4%  ails2  k=19
23:29:25 | i 8 | [ IMPROVE ] 337280.00  via bg_ails  ·  Δ_BKS=+0.13%
23:29:25 | i 8 | [ ASYNC BG] bg_ails  91.68s / 81.84s / 112.0%
23:29:25 | i 9 | [HAOS ROLL] k=19  λ=0.8  vb  ac_avg  ails2  P≈0.000417
23:29:25 | i 9 | [ Summary ] cost=343652.00  Δ_S*=+1.89%  Δ_BKS=+2.02%  Δ_S*_BKS=+0.13%  no_improve=1
23:29:25 | i 10 | [HAOS ROLL] k=15  λ=0.4  rb  ac_avg  filo  P≈0.000694
23:29:28 | i 10 | [Phase 1/3] decompose  2.25s / — / —  λ=0.4  rb ac_avg
23:31:01 | i 10 | [Phase 2/3] route  93.24s / 85.50s / 109.0%  filo  k=15
23:32:53 | i 9 | [ ASYNC BG] bg_ails  207.73s / 197.29s / 105.3%
23:32:53 | i 10 | [ IMPROVE ] 337275.00  via decompose_route  ·  Δ_BKS=+0.13%
23:32:53 | i 10 | [HAOS ROLL] k=15  λ=0.4  rb  ac_avg  filo  P≈0.000694
23:32:53 | i 10 | [ Summary ] cost=337275.00  Δ_S*=+0.00%  Δ_BKS=+0.13%  Δ_S*_BKS=+0.13%  no_improve=0
23:32:53 | i 11 | [HAOS ROLL] k=3  λ=0.8  vb  ac_avg  filo2  P≈0.000417
23:32:56 | i 11 | [Phase 1/3] decompose  3.25s / — / —  λ=0.8  vb ac_avg
23:38:28 | i 11 | [Phase 2/3] route  331.78s / 330.42s / 100.4%  filo2  k=3
23:38:28 | i 10 | [ IMPROVE ] 337240.00  via bg_ails  ·  Δ_BKS=+0.12%
23:38:28 | i 10 | [ ASYNC BG] bg_ails  154.70s / 144.88s / 106.8%
23:38:28 | i 11 | [HAOS ROLL] k=3  λ=0.8  vb  ac_avg  filo2  P≈0.000417
23:38:28 | i 11 | [ Summary ] cost=338288.00  Δ_S*=+0.31%  Δ_BKS=+0.43%  Δ_S*_BKS=+0.12%  no_improve=1
23:38:28 | i 6 | [ASYNC 1/2] sp_sc  361.52s / 720.00s / 50.2%  SC  avg_coverage=8.46/5  pool=4705
23:38:28 | i 6 | [ASYNC 2/2] standard_ails  367.96s / 360.00s / 102.2%
23:39:11 | i 12 | [HAOS ROLL] k=2  λ=1.0  vb  ac_complete  filo  P≈0.000412
23:39:14 | i 12 | [Phase 1/3] decompose  3.25s / — / —  λ=1.0  vb ac_complete
23:42:53 | i 12 | [Phase 2/3] route  218.82s / 217.68s / 100.5%  filo  k=2
23:44:01 | i 11 | [ ASYNC BG] bg_ails  332.53s / 322.49s / 103.1%
23:44:01 | i 12 | [HAOS ROLL] k=2  λ=1.0  vb  ac_complete  filo  P≈0.000412
23:44:01 | i 12 | [ Summary ] cost=337593.00  Δ_S*=+0.10%  Δ_BKS=+0.22%  Δ_S*_BKS=+0.12%  no_improve=4
23:44:01 | i 13 | [HAOS ROLL] k=4  λ=0.0  rb  ac_complete  pyvrp  P≈0.000409
23:44:03 | i 13 | [Phase 1/3] decompose  1.71s / — / —  λ=0.0  rb ac_complete
23:46:08 | i 13 | [Phase 2/3] route  125.28s / 114.90s / 109.0%  pyvrp  k=4
23:47:43 | i 12 | [ ASYNC BG] bg_ails  222.54s / 212.46s / 104.7%
23:47:43 | i 13 | [HAOS ROLL] k=4  λ=0.0  rb  ac_complete  pyvrp  P≈0.000409
23:47:44 | i 13 | [ Summary ] cost=339445.00  Δ_S*=+0.65%  Δ_BKS=+0.77%  Δ_S*_BKS=+0.12%  no_improve=6
23:47:44 | i 14 | [HAOS ROLL] k=6  λ=0.4  vb  kmeans  ails2  P≈0.000352
23:47:46 | i 14 | [Phase 1/3] decompose  2.25s / — / —  λ=0.4  vb kmeans
23:48:57 | i 14 | [Phase 2/3] route  70.86s / 68.64s / 103.2%  ails2  k=6
23:49:46 | i 13 | [ ASYNC BG] bg_ails  122.10s / 112.14s / 108.9%
23:49:46 | i 14 | [HAOS ROLL] k=6  λ=0.4  vb  kmeans  ails2  P≈0.000352
23:49:46 | i 14 | [ Summary ] cost=338946.00  Δ_S*=+0.51%  Δ_BKS=+0.62%  Δ_S*_BKS=+0.12%  no_improve=8
23:49:46 | i 15 | [HAOS ROLL] k=8  λ=0.0  vb  ac_avg  ails2  P≈0.000532
23:49:48 | i 15 | [Phase 1/3] decompose  2.70s / — / —  λ=0.0  vb ac_avg
23:51:46 | i 15 | [Phase 2/3] route  117.44s / 114.36s / 102.7%  ails2  k=8
23:51:46 | i 14 | [ ASYNC BG] bg_ails  76.51s / 66.99s / 114.2%
23:51:46 | i 15 | [HAOS ROLL] k=8  λ=0.0  vb  ac_avg  ails2  P≈0.000532
23:51:46 | i 15 | [ Summary ] cost=340265.00  Δ_S*=+0.90%  Δ_BKS=+1.02%  Δ_S*_BKS=+0.12%  no_improve=10
23:51:46 | i 16 | [HAOS ROLL] k=12  λ=1.0  vb  ac_avg  filo  P≈0.000624
23:51:49 | i 16 | [Phase 1/3] decompose  3.19s / — / —  λ=1.0  vb ac_avg
23:53:36 | i 16 | [Phase 2/3] route  106.38s / 104.04s / 102.2%  filo  k=12
23:55:04 | i 15 | [ ASYNC BG] bg_ails  198.10s / 188.16s / 105.3%
23:55:04 | i 16 | [HAOS ROLL] k=12  λ=1.0  vb  ac_avg  filo  P≈0.000624
23:55:04 | i 16 | [ Summary ] cost=341666.00  Δ_S*=+1.31%  Δ_BKS=+1.43%  Δ_S*_BKS=+0.12%  no_improve=12
23:55:04 | i 17 | [HAOS ROLL] k=4  λ=0.8  vb  kmedoids  filo2  P≈0.000328
23:55:08 | i 17 | [Phase 1/3] decompose  3.19s / — / —  λ=0.8  vb kmedoids
23:56:53 | i 17 | [Phase 2/3] route  105.29s / 105.24s / 100.0%  filo2  k=4
23:58:07 | i 16 | [ ASYNC BG] bg_ails  182.54s / 172.29s / 106.0%
23:58:07 | i 17 | [HAOS ROLL] k=4  λ=0.8  vb  kmedoids  filo2  P≈0.000328
23:58:07 | i 17 | [ Summary ] cost=338050.00  Δ_S*=+0.24%  Δ_BKS=+0.36%  Δ_S*_BKS=+0.12%  no_improve=14
23:58:07 | i 18 | [HAOS ROLL] k=12  λ=1.0  rb  kmeans  ails2  P≈0.000881
23:58:09 | i 18 | [Phase 1/3] decompose  2.26s / — / —  λ=1.0  rb kmeans
23:59:15 | i 18 | [Phase 2/3] route  66.18s / 52.80s / 125.3%  ails2  k=12
23:59:59 | i 17 | [ ASYNC BG] bg_ails  112.57s / 102.71s / 109.6%
23:59:59 | i 18 | [ IMPROVE ] 337231.00  via decompose_route  ·  Δ_BKS=+0.12%
23:59:59 | i 18 | [HAOS ROLL] k=12  λ=1.0  rb  kmeans  ails2  P≈0.000881
00:00:00 | i 18 | [ Summary ] cost=337231.00  Δ_S*=+0.00%  Δ_BKS=+0.12%  Δ_S*_BKS=+0.12%  no_improve=0
00:00:00 | i 19 | [HAOS ROLL] k=12  λ=0.6  vb  kmedoids  filo2  P≈0.000434
00:00:03 | i 19 | [Phase 1/3] decompose  3.39s / — / —  λ=0.6  vb kmedoids
00:01:11 | i 19 | [Phase 2/3] route  68.16s / 46.98s / 145.1%  filo2  k=12
00:01:19 | i 18 | [ IMPROVE ] 337230.00  via bg_ails  ·  Δ_BKS=+0.11%
00:01:19 | i 18 | [ ASYNC BG] bg_ails  79.64s / 69.27s / 115.0%
00:01:19 | i 19 | [HAOS ROLL] k=12  λ=0.6  vb  kmedoids  filo2  P≈0.000434
00:01:19 | i 19 | [ Summary ] cost=340276.00  Δ_S*=+0.90%  Δ_BKS=+1.02%  Δ_S*_BKS=+0.11%  no_improve=1
00:01:19 | i 20 | [HAOS ROLL] k=12  λ=0.6  vb  kmedoids  filo  P≈0.000596
00:01:23 | i 20 | [Phase 1/3] decompose  3.36s / — / —  λ=0.6  vb kmedoids
00:02:31 | i 20 | [Phase 2/3] route  68.16s / 46.98s / 145.1%  filo  k=12
00:02:45 | i 19 | [ ASYNC BG] bg_ails  85.69s / 75.93s / 112.8%
00:02:45 | i 20 | [HAOS ROLL] k=12  λ=0.6  vb  kmedoids  filo  P≈0.000596
00:02:45 | i 20 | [ Summary ] cost=340346.00  Δ_S*=+0.92%  Δ_BKS=+1.04%  Δ_S*_BKS=+0.11%  no_improve=3
00:02:45 | i 12 | [ASYNC 1/2] sp_sc  731.79s / 720.00s / 101.6%  SC  avg_coverage=14.55/5  pool=8077
00:02:45 | i 12 | [ASYNC 2/2] standard_ails  367.87s / 360.00s / 102.2%
00:04:08 | i 21 | [HAOS ROLL] k=24  λ=0.4  rb  kmeans  filo2  P≈0.000448
00:04:11 | i 21 | [Phase 1/3] decompose  2.23s / — / —  λ=0.4  rb kmeans
00:05:17 | i 21 | [Phase 2/3] route  66.15s / 28.80s / 229.7%  filo2  k=24
00:05:17 | i 20 | [ ASYNC BG] bg_ails  85.76s / 75.93s / 112.9%
00:05:17 | i 21 | [HAOS ROLL] k=24  λ=0.4  rb  kmeans  filo2  P≈0.000448
00:05:17 | i 21 | [ Summary ] cost=337233.00  Δ_S*=+0.00%  Δ_BKS=+0.12%  Δ_S*_BKS=+0.11%  no_improve=6
00:05:17 | i 22 | [HAOS ROLL] k=2  λ=0.4  rb  ac_complete  ails2  P≈0.000550
00:05:20 | i 22 | [Phase 1/3] decompose  2.26s / — / —  λ=0.4  rb ac_complete
00:08:31 | i 22 | [Phase 2/3] route  191.01s / 187.20s / 102.0%  ails2  k=2
00:08:31 | i 21 | [ IMPROVE ] 337216.00  via bg_ails  ·  Δ_BKS=+0.11%
00:08:31 | i 21 | [ ASYNC BG] bg_ails  81.03s / 70.50s / 114.9%
00:08:31 | i 22 | [HAOS ROLL] k=2  λ=0.4  rb  ac_complete  ails2  P≈0.000550
00:08:31 | i 22 | [ Summary ] cost=337239.00  Δ_S*=+0.01%  Δ_BKS=+0.12%  Δ_S*_BKS=+0.11%  no_improve=1
00:08:31 | i 23 | [HAOS ROLL] k=4  λ=0.6  vb  ac_avg  filo2  P≈0.000636
00:08:35 | i 23 | [Phase 1/3] decompose  3.30s / — / —  λ=0.6  vb ac_avg
00:12:19 | i 23 | [Phase 2/3] route  224.93s / 223.92s / 100.4%  filo2  k=4
00:12:20 | i 22 | [ ASYNC BG] bg_ails  192.74s / 182.71s / 105.5%
00:12:20 | i 23 | [HAOS ROLL] k=4  λ=0.6  vb  ac_avg  filo2  P≈0.000636
00:12:20 | i 23 | [ Summary ] cost=338591.00  Δ_S*=+0.41%  Δ_BKS=+0.52%  Δ_S*_BKS=+0.11%  no_improve=3
00:12:20 | i 24 | [HAOS ROLL] k=24  λ=0.8  vb  ac_complete  pyvrp  P≈0.000159
00:12:23 | i 24 | [Phase 1/3] decompose  3.19s / — / —  λ=0.8  vb ac_complete
00:13:58 | i 24 | [Phase 2/3] route  94.70s / 55.32s / 171.2%  pyvrp  k=24
00:16:08 | i 23 | [ ASYNC BG] bg_ails  228.48s / 218.55s / 104.5%
00:16:08 | i 24 | [HAOS ROLL] k=24  λ=0.8  vb  ac_complete  pyvrp  P≈0.000159
00:16:08 | i 24 | [ Summary ] cost=344458.00  Δ_S*=+2.15%  Δ_BKS=+2.26%  Δ_S*_BKS=+0.11%  no_improve=5
00:16:08 | i 25 | [HAOS ROLL] k=4  λ=0.4  rb  ac_complete  ails2  P≈0.000982
00:16:11 | i 25 | [Phase 1/3] decompose  2.26s / — / —  λ=0.4  rb ac_complete
00:18:18 | i 25 | [Phase 2/3] route  127.10s / 124.20s / 102.3%  ails2  k=4
00:18:31 | i 24 | [ ASYNC BG] bg_ails  142.79s / 132.41s / 107.8%
00:18:31 | i 25 | [HAOS ROLL] k=4  λ=0.4  rb  ac_complete  ails2  P≈0.000982
00:18:31 | i 25 | [ Summary ] cost=337254.00  Δ_S*=+0.01%  Δ_BKS=+0.12%  Δ_S*_BKS=+0.11%  no_improve=7
00:18:31 | i 26 | [HAOS ROLL] k=19  λ=1.0  vb  fcm  pyvrp  P≈0.000157
00:18:36 | i 26 | [Phase 1/3] decompose  4.53s / — / —  λ=1.0  vb fcm
00:19:41 | i 26 | [Phase 2/3] route  65.36s / 25.14s / 260.0%  pyvrp  k=19
00:20:42 | i 25 | [ ASYNC BG] bg_ails  131.54s / 121.22s / 108.5%
00:20:43 | i 26 | [HAOS ROLL] k=19  λ=1.0  vb  fcm  pyvrp  P≈0.000157
00:20:43 | i 26 | [ Summary ] cost=343714.00  Δ_S*=+1.93%  Δ_BKS=+2.04%  Δ_S*_BKS=+0.11%  no_improve=9
00:20:43 | i 27 | [HAOS ROLL] k=2  λ=0.2  rb  kmeans  ails2  P≈0.000540
00:20:45 | i 27 | [Phase 1/3] decompose  2.22s / — / —  λ=0.2  rb kmeans
00:24:32 | i 27 | [Phase 2/3] route  226.88s / 222.90s / 101.8%  ails2  k=2
00:24:32 | i 26 | [ ASYNC BG] bg_ails  76.80s / 66.66s / 115.2%
00:24:32 | i 27 | [ IMPROVE ] 337201.00  via decompose_route  ·  Δ_BKS=+0.11%
00:24:32 | i 27 | [HAOS ROLL] k=2  λ=0.2  rb  kmeans  ails2  P≈0.000540
00:24:32 | i 27 | [ Summary ] cost=337201.00  Δ_S*=+0.00%  Δ_BKS=+0.11%  Δ_S*_BKS=+0.11%  no_improve=0
00:24:33 | i 21 | [ASYNC 1/2] sp_sc  737.82s / 720.00s / 102.5%  SC  avg_coverage=18.00/5  pool=10000
00:24:33 | i 21 | [ASYNC 2/2] standard_ails  367.99s / 360.00s / 102.2%
00:25:55 | i 28 | [HAOS ROLL] k=12  λ=0.0  vb  ac_complete  ails2  P≈0.000850
00:25:58 | i 28 | [Phase 1/3] decompose  2.67s / — / —  λ=0.0  vb ac_complete
00:27:31 | i 28 | [Phase 2/3] route  93.22s / 90.84s / 102.6%  ails2  k=12
00:28:19 | i 27 | [ ASYNC BG] bg_ails  227.42s / 217.55s / 104.5%
00:28:20 | i 28 | [HAOS ROLL] k=12  λ=0.0  vb  ac_complete  ails2  P≈0.000850
00:28:20 | i 28 | [ Summary ] cost=339748.00  Δ_S*=+0.76%  Δ_BKS=+0.86%  Δ_S*_BKS=+0.11%  no_improve=3
00:28:20 | i 29 | [HAOS ROLL] k=10  λ=0.0  rb  kmeans  ails2  P≈0.000655
00:28:22 | i 29 | [Phase 1/3] decompose  1.70s / — / —  λ=0.0  rb kmeans
00:29:37 | i 29 | [Phase 2/3] route  75.32s / 55.20s / 136.4%  ails2  k=10
00:30:49 | i 28 | [ ASYNC BG] bg_ails  149.28s / 139.72s / 106.8%
00:30:49 | i 29 | [HAOS ROLL] k=10  λ=0.0  rb  kmeans  ails2  P≈0.000655
00:30:49 | i 29 | [ Summary ] cost=337229.00  Δ_S*=+0.01%  Δ_BKS=+0.11%  Δ_S*_BKS=+0.11%  no_improve=5
00:30:49 | i 30 | [HAOS ROLL] k=6  λ=0.4  vb  fcm  ails2  P≈0.000357
00:30:53 | i 30 | [Phase 1/3] decompose  3.41s / — / —  λ=0.4  vb fcm
00:31:53 | i 30 | [Phase 2/3] route  60.72s / 58.92s / 103.1%  ails2  k=6
00:32:33 | i 29 | [ ASYNC BG] bg_ails  104.27s / 94.85s / 109.9%
00:32:33 | i 30 | [HAOS ROLL] k=6  λ=0.4  vb  fcm  ails2  P≈0.000357
00:32:34 | i 30 | [ Summary ] cost=338519.00  Δ_S*=+0.39%  Δ_BKS=+0.50%  Δ_S*_BKS=+0.11%  no_improve=7
00:32:34 | i 31 | [HAOS ROLL] k=12  λ=1.0  vb  fcm  filo  P≈0.000940
00:32:37 | i 31 | [Phase 1/3] decompose  3.52s / — / —  λ=1.0  vb fcm
00:33:42 | i 31 | [Phase 2/3] route  65.16s / 37.98s / 171.6%  filo  k=12
00:33:44 | i 30 | [ ASYNC BG] bg_ails  70.52s / 60.00s / 117.5%
00:33:44 | i 31 | [HAOS ROLL] k=12  λ=1.0  vb  fcm  filo  P≈0.000940
00:33:44 | i 31 | [ Summary ] cost=340998.00  Δ_S*=+1.13%  Δ_BKS=+1.23%  Δ_S*_BKS=+0.11%  no_improve=9
00:33:44 | i 32 | [HAOS ROLL] k=2  λ=0.6  vb  kmeans  ails2  P≈0.000515
00:33:46 | i 32 | [Phase 1/3] decompose  2.19s / — / —  λ=0.6  vb kmeans
00:37:32 | i 32 | [Phase 2/3] route  226.05s / 221.22s / 102.2%  ails2  k=2
00:37:32 | i 31 | [ ASYNC BG] bg_ails  70.64s / 60.27s / 117.2%
00:37:33 | i 32 | [HAOS ROLL] k=2  λ=0.6  vb  kmeans  ails2  P≈0.000515
00:37:33 | i 32 | [ Summary ] cost=337418.00  Δ_S*=+0.06%  Δ_BKS=+0.17%  Δ_S*_BKS=+0.11%  no_improve=11
00:37:33 | i 33 | [HAOS ROLL] k=12  λ=0.6  vb  ac_complete  ails2  P≈0.002146
00:37:36 | i 33 | [Phase 1/3] decompose  3.22s / — / —  λ=0.6  vb ac_complete
00:39:09 | i 33 | [Phase 2/3] route  93.22s / 90.84s / 102.6%  ails2  k=12
00:41:18 | i 32 | [ ASYNC BG] bg_ails  225.55s / 215.91s / 104.5%
00:41:18 | i 33 | [HAOS ROLL] k=12  λ=0.6  vb  ac_complete  ails2  P≈0.002146
00:41:18 | i 33 | [ Summary ] cost=339738.00  Δ_S*=+0.75%  Δ_BKS=+0.86%  Δ_S*_BKS=+0.11%  no_improve=13
00:41:18 | i 34 | [HAOS ROLL] k=2  λ=0.8  vb  fcm  ails2  P≈0.001129
00:41:21 | i 34 | [Phase 1/3] decompose  2.23s / — / —  λ=0.8  vb fcm
00:45:00 | i 34 | [Phase 2/3] route  219.75s / 215.94s / 101.8%  ails2  k=2
00:45:01 | i 33 | [ ASYNC BG] bg_ails  149.62s / 139.72s / 107.1%
00:45:01 | i 34 | [HAOS ROLL] k=2  λ=0.8  vb  fcm  ails2  P≈0.001129
00:45:01 | i 34 | [ Summary ] cost=337711.00  Δ_S*=+0.15%  Δ_BKS=+0.26%  Δ_S*_BKS=+0.11%  no_improve=15
00:45:01 | i 35 | [HAOS ROLL] k=15  λ=1.0  vb  ac_complete  ails2  P≈0.001187
00:45:04 | i 35 | [Phase 1/3] decompose  3.32s / — / —  λ=1.0  vb ac_complete
00:46:38 | i 35 | [Phase 2/3] route  93.31s / 90.84s / 102.7%  ails2  k=15
00:48:41 | i 34 | [ ASYNC BG] bg_ails  220.54s / 210.76s / 104.6%
00:48:41 | i 35 | [HAOS ROLL] k=15  λ=1.0  vb  ac_complete  ails2  P≈0.001187
00:48:42 | i 35 | [ Summary ] cost=339946.00  Δ_S*=+0.81%  Δ_BKS=+0.92%  Δ_S*_BKS=+0.11%  no_improve=17
00:48:42 | i 28 | [ASYNC 1/2] sp_sc  739.12s / 720.00s / 102.7%  SC  avg_coverage=17.97/5  pool=10000
00:48:42 | i 28 | [ASYNC 2/2] standard_ails  368.02s / 360.00s / 102.2%
00:50:04 | i 28 | [ IMPROVE ] 337160.00  via standard_ails  ·  Δ_BKS=+0.09%
00:50:04 | i 36 | [HAOS ROLL] k=6  λ=0.2  vb  kmedoids  ails2  P≈0.000353
00:50:08 | i 36 | [Phase 1/3] decompose  3.88s / — / —  λ=0.2  vb kmedoids
00:51:48 | i 36 | [Phase 2/3] route  99.71s / 96.90s / 102.9%  ails2  k=6
00:51:48 | i 35 | [ ASYNC BG] bg_ails  182.63s / 172.56s / 105.8%
00:51:48 | i 36 | [HAOS ROLL] k=6  λ=0.2  vb  kmedoids  ails2  P≈0.000353
00:51:48 | i 36 | [ Summary ] cost=338165.00  Δ_S*=+0.30%  Δ_BKS=+0.39%  Δ_S*_BKS=+0.09%  no_improve=2
00:51:48 | i 37 | [HAOS ROLL] k=12  λ=0.4  rb  ac_complete  filo  P≈0.001450
00:51:50 | i 37 | [Phase 1/3] decompose  2.24s / — / —  λ=0.4  rb ac_complete
00:53:02 | i 37 | [Phase 2/3] route  71.22s / 71.40s / 99.7%  filo  k=12
00:53:32 | i 36 | [ ASYNC BG] bg_ails  104.62s / 94.57s / 110.6%
00:53:33 | i 37 | [HAOS ROLL] k=12  λ=0.4  rb  ac_complete  filo  P≈0.001450
00:53:33 | i 37 | [ Summary ] cost=337235.00  Δ_S*=+0.02%  Δ_BKS=+0.12%  Δ_S*_BKS=+0.09%  no_improve=4
00:53:33 | i 38 | [HAOS ROLL] k=4  λ=0.6  rb  kmeans  filo2  P≈0.000608
00:53:35 | i 38 | [Phase 1/3] decompose  2.21s / — / —  λ=0.6  rb kmeans
00:55:26 | i 38 | [Phase 2/3] route  110.28s / 109.50s / 100.7%  filo2  k=4
00:55:26 | i 37 | [ ASYNC BG] bg_ails  97.65s / 87.87s / 111.1%
00:55:26 | i 38 | [HAOS ROLL] k=4  λ=0.6  rb  kmeans  filo2  P≈0.000608
00:55:26 | i 38 | [ Summary ] cost=337280.00  Δ_S*=+0.04%  Δ_BKS=+0.13%  Δ_S*_BKS=+0.09%  no_improve=6
00:55:26 | i 39 | [HAOS ROLL] k=12  λ=1.0  vb  ac_complete  filo  P≈0.003181
00:55:29 | i 39 | [Phase 1/3] decompose  3.13s / — / —  λ=1.0  vb ac_complete
00:57:01 | i 39 | [Phase 2/3] route  91.41s / 90.84s / 100.6%  filo  k=12
00:57:22 | i 38 | [ ASYNC BG] bg_ails  116.63s / 106.87s / 109.1%
00:57:23 | i 39 | [HAOS ROLL] k=12  λ=1.0  vb  ac_complete  filo  P≈0.003181
00:57:23 | i 39 | [ Summary ] cost=339769.00  Δ_S*=+0.77%  Δ_BKS=+0.87%  Δ_S*_BKS=+0.09%  no_improve=8
00:57:23 | i 40 | [HAOS ROLL] k=19  λ=0.0  rb  kmeans  ails2  P≈0.001104
00:57:24 | i 40 | [Phase 1/3] decompose  1.68s / — / —  λ=0.0  rb kmeans
00:58:44 | i 40 | [Phase 2/3] route  79.73s / 34.50s / 231.1%  ails2  k=19
00:59:52 | i 39 | [ ASYNC BG] bg_ails  149.69s / 139.72s / 107.1%
00:59:52 | i 40 | [HAOS ROLL] k=19  λ=0.0  rb  kmeans  ails2  P≈0.001104
00:59:52 | i 40 | [ Summary ] cost=337160.00  Δ_S*=+0.00%  Δ_BKS=+0.09%  Δ_S*_BKS=+0.09%  no_improve=10
00:59:52 | i 41 | [HAOS ROLL] k=19  λ=0.4  vb  fcm  ails2  P≈0.001359
00:59:56 | i 41 | [Phase 1/3] decompose  3.74s / — / —  λ=0.4  vb fcm
01:01:01 | i 41 | [Phase 2/3] route  64.46s / 23.46s / 274.8%  ails2  k=19
01:01:23 | i 40 | [ IMPROVE ] 337155.00  via bg_ails  ·  Δ_BKS=+0.09%
01:01:23 | i 40 | [ ASYNC BG] bg_ails  91.15s / 81.90s / 111.3%
01:01:23 | i 41 | [HAOS ROLL] k=19  λ=0.4  vb  fcm  ails2  P≈0.001359
01:01:24 | i 41 | [ Summary ] cost=341361.00  Δ_S*=+1.25%  Δ_BKS=+1.34%  Δ_S*_BKS=+0.09%  no_improve=1
01:01:24 | i 42 | [HAOS ROLL] k=3  λ=0.8  vb  ac_complete  ails2  P≈0.000716
01:01:27 | i 42 | [Phase 1/3] decompose  3.30s / — / —  λ=0.8  vb ac_complete
01:03:22 | i 42 | [Phase 2/3] route  115.53s / 113.82s / 101.5%  ails2  k=3
01:03:22 | i 41 | [ ASYNC BG] bg_ails  73.81s / 63.38s / 116.5%
01:03:23 | i 42 | [HAOS ROLL] k=3  λ=0.8  vb  ac_complete  ails2  P≈0.000716
01:03:23 | i 42 | [ Summary ] cost=337787.00  Δ_S*=+0.19%  Δ_BKS=+0.28%  Δ_S*_BKS=+0.09%  no_improve=3
01:03:23 | i 43 | [HAOS ROLL] k=10  λ=0.4  rb  ac_complete  filo2  P≈0.000138
01:03:25 | i 43 | [Phase 1/3] decompose  2.23s / — / —  λ=0.4  rb ac_complete
01:04:57 | i 43 | [Phase 2/3] route  92.28s / 92.40s / 99.9%  filo2  k=10
01:05:24 | i 42 | [ ASYNC BG] bg_ails  121.46s / 111.09s / 109.3%
01:05:24 | i 43 | [HAOS ROLL] k=10  λ=0.4  rb  ac_complete  filo2  P≈0.000138
01:05:24 | i 43 | [ Summary ] cost=337161.00  Δ_S*=+0.00%  Δ_BKS=+0.09%  Δ_S*_BKS=+0.09%  no_improve=5
01:05:24 | i 44 | [HAOS ROLL] k=12  λ=0.6  vb  kmedoids  ails2  P≈0.001899
01:05:28 | i 44 | [Phase 1/3] decompose  3.32s / — / —  λ=0.6  vb kmedoids
01:06:37 | i 44 | [Phase 2/3] route  69.28s / 46.98s / 147.5%  ails2  k=12
01:06:37 | i 44 | [HAOS ROLL] k=12  λ=0.6  vb  kmedoids  ails2  P≈0.001899
01:06:37 | i 44 | [ Summary ] cost=340290.00  Δ_S*=+0.93%  Δ_BKS=+1.02%  Δ_S*_BKS=+0.09%  no_improve=6
01:06:37 | i — | [  FINAL  ] async BG-AILS totals launched=42 applied=42 adopted=8 launch_skipped_cap=2 crashes=0 discarded_in_flight=False block_wait_total_s=1668.4
01:06:37 | i — | [  FINAL  ] async SP/SC totals invocations=4 adopted=1 skipped=1 discarded_in_flight=False sp_busy_frac=0.6278037807751295
01:06:37 | i — | [  FINAL  ] ════════════════════════════════════════
01:06:37 | i — | [  FINAL  ] Run complete  iterations=44  elapsed=02:00:21  best=337155.00
01:06:37 | i — | [  FINAL  ] Δ_BKS=+0.09%  no_improve_stop=False  time_stop=True  cancelled=False
01:06:37 | i — | [  FINAL  ] 
01:06:37 | i — | [  FINAL  ] [BEST SOLUTION — HAOS TAG SUMMARY]
01:06:37 | i — | [  FINAL  ] ────────────────────────────────────────
01:06:37 | i — | [  FINAL  ]   195 routes  rb  kmeans  k=19  λ=0.0  solver=ails2
01:06:37 | i — | [  FINAL  ]   56 routes  vb  ac_avg  k=12  λ=1.0  solver=filo
01:06:37 | i — | [  FINAL  ]   19 routes  rb  ac_complete  k=3  λ=1.0  solver=ails2
01:06:37 | i — | [  FINAL  ]   16 routes  vb  ac_complete  k=19  λ=0.4  solver=filo2
01:06:37 | i — | [  FINAL  ]   15 routes  vb  kmeans  k=2  λ=0.6  solver=ails2
01:06:37 | i — | [  FINAL  ]   13 routes  rb  ac_complete  k=12  λ=0.4  solver=filo
01:06:37 | i — | [  FINAL  ]   13 routes  vb  ac_complete  k=12  λ=1.0  solver=filo
01:06:37 | i — | [  FINAL  ]   13 routes  vb  ac_complete  k=12  λ=0.0  solver=ails2
01:06:37 | i — | [  FINAL  ]   11 routes  rb  kmeans  k=2  λ=0.2  solver=ails2
01:06:37 | i — | [  FINAL  ]   9 routes  vb  ac_complete  k=15  λ=1.0  solver=ails2
01:06:37 | i — | [  FINAL  ]   9 routes  vb  ac_complete  k=2  λ=1.0  solver=filo
01:06:37 | i — | [  FINAL  ]   9 routes  vb  fcm  k=2  λ=0.8  solver=ails2
01:06:37 | i — | [  FINAL  ]   8 routes  rb  ac_avg  k=15  λ=0.4  solver=filo
01:06:37 | i — | [  FINAL  ]   8 routes  vb  fcm  k=12  λ=1.0  solver=filo
01:06:37 | i — | [  FINAL  ]   7 routes  vb  ac_complete  k=4  λ=0.8  solver=ails2
01:06:37 | i — | [  FINAL  ]   7 routes  vb  fcm  k=19  λ=0.8  solver=ails2
01:06:37 | i — | [  FINAL  ]   7 routes  rb  kmeans  k=4  λ=0.6  solver=filo2
01:06:37 | i — | [  FINAL  ]   6 routes  vb  kmedoids  k=6  λ=0.2  solver=ails2
01:06:37 | i — | [  FINAL  ]   5 routes  rb  kmeans  k=2  λ=0.0  solver=filo
01:06:37 | i — | [  FINAL  ]   4 routes  vb  fcm  k=6  λ=0.4  solver=ails2
01:06:37 | i — | [  FINAL  ]   4 routes  vb  ac_complete  k=12  λ=0.6  solver=ails2
01:06:37 | i — | [  FINAL  ]   3 routes  vb  fcm  k=19  λ=1.0  solver=pyvrp
01:06:37 | i — | [  FINAL  ]   3 routes  vb  kmeans  k=6  λ=0.4  solver=ails2
01:06:37 | i — | [  FINAL  ]   3 routes  rb  ac_complete  k=4  λ=0.0  solver=pyvrp
01:06:37 | i — | [  FINAL  ]   2 routes  vb  ac_avg  k=4  λ=0.6  solver=filo2
01:06:37 | i — | [  FINAL  ]   2 routes  vb  ac_avg  k=8  λ=0.0  solver=ails2
01:06:37 | i — | [  FINAL  ]   2 routes  rb  ac_complete  k=4  λ=0.4  solver=ails2
01:06:37 | i — | [  FINAL  ]   2 routes  vb  ac_avg  k=19  λ=0.8  solver=ails2
01:06:37 | i — | [  FINAL  ]   2 routes  vb  kmedoids  k=12  λ=0.6  solver=filo
01:06:37 | i — | [  FINAL  ]   2 routes  vb  ac_avg  k=3  λ=0.8  solver=filo2
01:06:37 | i — | [  FINAL  ]   1 routes  vb  ac_complete  k=24  λ=0.8  solver=pyvrp
01:06:37 | i — | [  FINAL  ]   1 routes  rb  kmeans  k=10  λ=0.0  solver=ails2
01:06:37 | i — | [  FINAL  ]   1 routes  rb  ac_avg  k=19  λ=0.6  solver=filo
01:06:37 | i — | [  FINAL  ]   1 routes  rb  ac_complete  k=2  λ=0.4  solver=ails2
01:06:37 | i — | [  FINAL  ]   1 routes  rb  ac_complete  k=8  λ=0.6  solver=filo
01:06:37 | i — | [  FINAL  ]   93 routes  post-SP/SC improvement
01:06:37 | i — | [  FINAL  ] 
01:06:37 | i — | [  FINAL  ] [ROUTE POOL — HAOS TAG SUMMARY]
01:06:37 | i — | [  FINAL  ] ────────────────────────────────────────
01:06:37 | i — | [  FINAL  ]   710 routes  vb  fcm  k=19  λ=0.4  solver=ails2
01:06:37 | i — | [  FINAL  ]   643 routes  vb  kmedoids  k=6  λ=0.2  solver=ails2
01:06:37 | i — | [  FINAL  ]   616 routes  vb  ac_complete  k=3  λ=0.8  solver=ails2
01:06:37 | i — | [  FINAL  ]   611 routes  vb  ac_complete  k=12  λ=1.0  solver=filo
01:06:37 | i — | [  FINAL  ]   557 routes  rb  ac_complete  k=12  λ=0.4  solver=filo
01:06:37 | i — | [  FINAL  ]   538 routes  rb  kmeans  k=4  λ=0.6  solver=filo2
01:06:37 | i — | [  FINAL  ]   443 routes  vb  ac_avg  k=12  λ=1.0  solver=filo
01:06:37 | i — | [  FINAL  ]   397 routes  vb  fcm  k=19  λ=0.8  solver=ails2
01:06:37 | i — | [  FINAL  ]   366 routes  vb  kmedoids  k=12  λ=0.6  solver=ails2
01:06:37 | i — | [  FINAL  ]   334 routes  vb  ac_complete  k=15  λ=1.0  solver=ails2
01:06:37 | i — | [  FINAL  ]   296 routes  vb  ac_complete  k=19  λ=0.4  solver=filo2
01:06:37 | i — | [  FINAL  ]   279 routes  rb  kmeans  k=2  λ=0.2  solver=ails2
01:06:37 | i — | [  FINAL  ]   255 routes  rb  ac_complete  k=3  λ=1.0  solver=ails2
01:06:37 | i — | [  FINAL  ]   229 routes  rb  ac_complete  k=10  λ=0.4  solver=filo2
01:06:37 | i — | [  FINAL  ]   223 routes  vb  ac_complete  k=12  λ=0.0  solver=ails2
01:06:37 | i — | [  FINAL  ]   214 routes  vb  kmedoids  k=12  λ=0.6  solver=filo
01:06:37 | i — | [  FINAL  ]   204 routes  rb  ac_complete  k=4  λ=0.0  solver=pyvrp
01:06:37 | i — | [  FINAL  ]   201 routes  vb  ac_complete  k=4  λ=0.8  solver=ails2
01:06:37 | i — | [  FINAL  ]   197 routes  vb  ac_complete  k=2  λ=1.0  solver=filo
01:06:37 | i — | [  FINAL  ]   197 routes  rb  kmeans  k=19  λ=0.0  solver=ails2
01:06:37 | i — | [  FINAL  ]   186 routes  rb  kmeans  k=2  λ=0.0  solver=filo
01:06:37 | i — | [  FINAL  ]   175 routes  vb  ac_avg  k=3  λ=0.8  solver=filo2
01:06:37 | i — | [  FINAL  ]   141 routes  vb  fcm  k=19  λ=1.0  solver=pyvrp
01:06:37 | i — | [  FINAL  ]   115 routes  vb  ac_avg  k=19  λ=0.8  solver=ails2
01:06:37 | i — | [  FINAL  ]   108 routes  vb  ac_complete  k=24  λ=0.8  solver=pyvrp
01:06:37 | i — | [  FINAL  ]   108 routes  vb  fcm  k=2  λ=0.8  solver=ails2
01:06:37 | i — | [  FINAL  ]   102 routes  vb  kmedoids  k=12  λ=0.6  solver=filo2
01:06:37 | i — | [  FINAL  ]   99 routes  vb  fcm  k=12  λ=1.0  solver=filo
01:06:37 | i — | [  FINAL  ]   92 routes  vb  kmeans  k=6  λ=0.4  solver=ails2
01:06:37 | i — | [  FINAL  ]   80 routes  vb  ac_complete  k=12  λ=0.6  solver=ails2
01:06:37 | i — | [  FINAL  ]   79 routes  rb  ac_avg  k=15  λ=0.4  solver=filo
01:06:37 | i — | [  FINAL  ]   77 routes  vb  fcm  k=6  λ=0.4  solver=ails2
01:06:37 | i — | [  FINAL  ]   76 routes  vb  kmeans  k=2  λ=0.6  solver=ails2
01:06:37 | i — | [  FINAL  ]   72 routes  rb  kmeans  k=24  λ=0.4  solver=filo2
01:06:37 | i — | [  FINAL  ]   62 routes  vb  kmedoids  k=4  λ=0.8  solver=filo2
01:06:37 | i — | [  FINAL  ]   52 routes  vb  ac_avg  k=8  λ=0.0  solver=ails2
01:06:37 | i — | [  FINAL  ]   37 routes  vb  ac_avg  k=4  λ=0.6  solver=filo2
01:06:37 | i — | [  FINAL  ]   32 routes  rb  ac_complete  k=8  λ=0.6  solver=filo
01:06:37 | i — | [  FINAL  ]   31 routes  rb  ac_complete  k=4  λ=0.4  solver=ails2
01:06:37 | i — | [  FINAL  ]   28 routes  rb  ac_avg  k=19  λ=0.6  solver=filo
01:06:37 | i — | [  FINAL  ]   28 routes  rb  ac_complete  k=2  λ=0.4  solver=ails2
01:06:37 | i — | [  FINAL  ]   16 routes  rb  kmeans  k=12  λ=1.0  solver=ails2
01:06:37 | i — | [  FINAL  ]   13 routes  rb  kmeans  k=10  λ=0.0  solver=ails2
01:06:37 | i — | [  FINAL  ]   681 routes  post-SP/SC improvement
01:06:37 | i — | [  FINAL  ] ════════════════════════════════════════
