19:52:43 | i — | [  INIT   ] ════════════════════════════════════════
19:52:43 | i — | [  INIT   ] DRISPI  instance=X-n2774-k286  n=2773  capacity=731
19:52:43 | i — | [  INIT   ] k domain (computed at init): [2, 3, 4, 6, 8, 10, 12]  k_ext=12  k_min=286  k_ext_bound=n_bound  spacing_rejected=0
19:52:43 | i — | [  INIT   ] ══════════════════════════════════════════════════════
19:52:43 | i — | [  INIT   ] CONFIGURATION
19:52:43 | i — | [  INIT   ] ── stopping ────────────────────────────────
19:52:43 | i — | [  INIT   ]   time_limit                  = 7200.0
19:52:43 | i — | [  INIT   ]   max_no_improve              = 1000000000
19:52:43 | i — | [  INIT   ] ── parallelism ─────────────────────────────
19:52:43 | i — | [  INIT   ]   n_workers                   = 8
19:52:43 | i — | [  INIT   ] ── cores ───────────────────────────────────
19:52:43 | i — | [  INIT   ]   cores_total                 = 8
19:52:43 | i — | [  INIT   ]   cores_dri                   = 6
19:52:43 | i — | [  INIT   ]   cores_bg                    = 1
19:52:43 | i — | [  INIT   ]   cores_sp                    = 1
19:52:43 | i — | [  INIT   ]   cores_cpu_list              = None
19:52:43 | i — | [  INIT   ] ── sp/sc ───────────────────────────────────
19:52:43 | i — | [  INIT   ]   sp_sc_mode                  = async
19:52:43 | i — | [  INIT   ]   sp_sc_trigger               = wallclock
19:52:43 | i — | [  INIT   ]   interval_minutes            = 20.0
19:52:43 | i — | [  INIT   ]   overlap_policy              = skip
19:52:43 | i — | [  INIT   ]   warmup_iterations           = 5
19:52:43 | i — | [  INIT   ]   sp_interval                 = 3
19:52:43 | i — | [  INIT   ]   min_coverage                = 5
19:52:43 | i — | [  INIT   ]   sp_time_limit               = 720.0
19:52:43 | i — | [  INIT   ]   mip_gap                     = 0.00025
19:52:43 | i — | [  INIT   ] ── decomposition ───────────────────────────
19:52:43 | i — | [  INIT   ]   decomp_k_base_arms          = [2, 3, 4, 6, 8, 10, 12]
19:52:43 | i — | [  INIT   ]   decomp_k_max_arms           = 10
19:52:43 | i — | [  INIT   ]   decomp_k_ext_per_1000       = 4
19:52:43 | i — | [  INIT   ]   decomp_k_min_routes_per_cluster= 8
19:52:43 | i — | [  INIT   ]   decomp_k_min_arm_spacing    = 2
19:52:43 | i — | [  INIT   ]   subcluster_rate_s_per_customer= 0.06
19:52:43 | i — | [  INIT   ]   subcluster_floor_s          = 5.0
19:52:43 | i — | [  INIT   ] ── bg_ails ─────────────────────────────────
19:52:43 | i — | [  INIT   ]   bg_ails_mode                = async
19:52:43 | i — | [  INIT   ]   bg_ails_crash_threshold     = 1
19:52:43 | i — | [  INIT   ]   bg_ails_budget_mode         = predicted_dr_wall
19:52:43 | i — | [  INIT   ]   bg_ails_budget_floor_s      = 60.0
19:52:43 | i — | [  INIT   ]   bg_ails_budget_margin       = 1.0
19:52:43 | i — | [  INIT   ]   bg_ails_wall_model_scale    = 0.976
19:52:43 | i — | [  INIT   ]   bg_ails_wall_model_wave_exponent= -0.18
19:52:43 | i — | [  INIT   ]   bg_ails_initial_omega       = 10
19:52:43 | i — | [  INIT   ]   bg_ails_boundary_threshold  = 0.5
19:52:43 | i — | [  INIT   ]   bg_ails_small_cluster_cap   = 20
19:52:43 | i — | [  INIT   ]   bg_ails_small_cluster_alpha = 0.5
19:52:43 | i — | [  INIT   ]   bg_ails_pair_selection      = greedy
19:52:43 | i — | [  INIT   ]   bg_ails_n_chains_mode       = k
19:52:43 | i — | [  INIT   ]   bg_ails_unique_first_routes = True
19:52:43 | i — | [  INIT   ]   bg_ails_boundary_mask_first_ls= True
19:52:43 | i — | [  INIT   ] ── standard_improvement ────────────────────
19:52:43 | i — | [  INIT   ]   standard_improvement_time_limit= 360.0
19:52:43 | i — | [  INIT   ] ── pool ────────────────────────────────────
19:52:43 | i — | [  INIT   ]   max_pool_size               = 10000
19:52:43 | i — | [  INIT   ]   pool_diversity_weight       = 0.5
19:52:43 | i — | [  INIT   ] ── haos ────────────────────────────────────
19:52:43 | i — | [  INIT   ]   haos_decay                  = 0.95
19:52:43 | i — | [  INIT   ]   haos_warmup                 = 10
19:52:43 | i — | [  INIT   ]   haos_starting_weight        = 10.0
19:52:43 | i — | [  INIT   ]   haos_min_weight_k           = 0.025
19:52:43 | i — | [  INIT   ]   haos_min_weight_lambda      = 0.05
19:52:43 | i — | [  INIT   ]   haos_min_weight_paradigm    = 0.1
19:52:43 | i — | [  INIT   ]   haos_min_weight_vertex_method= 0.05
19:52:43 | i — | [  INIT   ]   haos_min_weight_route_method= 0.05
19:52:43 | i — | [  INIT   ]   haos_min_weight_solver      = 0.05
19:52:43 | i — | [  INIT   ]   haos_lambda_demand_values   = [0.0, 0.2, 0.4, 0.6, 0.8, 1.0]
19:52:43 | i — | [  INIT   ]   haos_paradigm_values        = ['vertex', 'route']
19:52:43 | i — | [  INIT   ]   haos_vertex_method_values   = ['kmeans', 'agglomerative_avg', 'agglomerative_complete', 'kmedoids', 'fcm']
19:52:43 | i — | [  INIT   ]   haos_route_method_values    = ['kmeans', 'agglomerative_avg', 'agglomerative_complete']
19:52:43 | i — | [  INIT   ]   haos_solver_values          = ['pyvrp', 'filo', 'filo2', 'ails2']
19:52:43 | i — | [  INIT   ] ── haos_rewards ────────────────────────────
19:52:43 | i — | [  INIT   ]   haos_reward_new_best        = 10.0
19:52:43 | i — | [  INIT   ]   haos_reward_improvement     = 4.0
19:52:43 | i — | [  INIT   ]   haos_reward_no_improvement  = 1.0
19:52:43 | i — | [  INIT   ]   haos_reward_no_solution     = 0.0
19:52:43 | i — | [  INIT   ]   haos_deferred_new_best      = 7.0
19:52:43 | i — | [  INIT   ]   haos_deferred_improvement   = 3.0
19:52:43 | i — | [  INIT   ]   haos_deferred_no_improvement= 0.0
19:52:43 | i — | [  INIT   ] ── seed ────────────────────────────────────
19:52:43 | i — | [  INIT   ]   seed                        = 33
19:52:43 | i — | [  INIT   ] ── output ──────────────────────────────────
19:52:43 | i — | [  INIT   ]   output_dir                  = /app/artifacts/benchmark/X-n2774-k286/seed33
19:52:43 | i — | [  INIT   ]   run_analysis                = False
19:52:43 | i — | [  INIT   ] ══════════════════════════════════════════════════════
19:52:43 | i — | [  INIT   ] BKS=407617.00
19:52:43 | i — | [  INIT   ] ════════════════════════════════════════
19:52:43 | i 1 | [HAOS ROLL] k=10  λ=0.6  vb  kmeans  ails2  P≈0.000595
19:52:47 | i 1 | [Phase 1/3] decompose  3.43s / — / —  λ=0.6  vb kmeans
19:53:26 | i 1 | [Phase 2/3] route  39.16s / 33.48s / 117.0%  ails2  k=10
19:53:26 | i 1 | [ IMPROVE ] 412207.00  via decompose_route  ·  Δ_BKS=+1.13%
19:53:26 | i 1 | [HAOS ROLL] k=10  λ=0.6  vb  kmeans  ails2  P≈0.000595
19:53:26 | i 1 | [ Summary ] cost=412207.00  Δ_S*=+0.00%  Δ_BKS=+1.13%  Δ_S*_BKS=+1.13%  no_improve=0
19:53:26 | i 2 | [HAOS ROLL] k=6  λ=0.6  vb  kmeans  filo  P≈0.000595
19:53:27 | i 2 | [Phase 1/3] decompose  0.49s / — / —  λ=0.6  vb kmeans
19:54:02 | i 2 | [Phase 2/3] route  35.13s / 35.10s / 100.1%  filo  k=6
19:54:30 | i 1 | [ IMPROVE ] 409160.00  via bg_ails  ·  Δ_BKS=+0.38%
19:54:30 | i 1 | [ ASYNC BG] bg_ails  64.15s / 60.00s / 106.9%
19:54:30 | i 2 | [HAOS ROLL] k=6  λ=0.6  vb  kmeans  filo  P≈0.000595
19:54:30 | i 2 | [ Summary ] cost=413329.00  Δ_S*=+1.02%  Δ_BKS=+1.40%  Δ_S*_BKS=+0.38%  no_improve=1
19:54:30 | i 3 | [HAOS ROLL] k=2  λ=0.4  rb  ac_avg  pyvrp  P≈0.000992
19:54:31 | i 3 | [Phase 1/3] decompose  0.53s / — / —  λ=0.4  rb ac_avg
19:56:50 | i 3 | [Phase 2/3] route  139.23s / 129.00s / 107.9%  pyvrp  k=2
19:56:50 | i 2 | [ ASYNC BG] bg_ails  63.82s / 60.00s / 106.4%
19:56:50 | i 3 | [HAOS ROLL] k=2  λ=0.4  rb  ac_avg  pyvrp  P≈0.000992
19:56:50 | i 3 | [ Summary ] cost=416536.00  Δ_S*=+1.80%  Δ_BKS=+2.19%  Δ_S*_BKS=+0.38%  no_improve=3
19:56:50 | i 4 | [HAOS ROLL] k=10  λ=0.6  vb  ac_avg  filo2  P≈0.000595
19:56:51 | i 4 | [Phase 1/3] decompose  0.68s / — / —  λ=0.6  vb ac_avg
19:57:42 | i 4 | [Phase 2/3] route  51.13s / 51.36s / 99.5%  filo2  k=10
19:58:59 | i 3 | [ IMPROVE ] 409053.00  via bg_ails  ·  Δ_BKS=+0.35%
19:58:59 | i 3 | [ ASYNC BG] bg_ails  128.66s / 125.90s / 102.2%
19:58:59 | i 4 | [HAOS ROLL] k=10  λ=0.6  vb  ac_avg  filo2  P≈0.000595
19:58:59 | i 4 | [ Summary ] cost=417392.00  Δ_S*=+2.04%  Δ_BKS=+2.40%  Δ_S*_BKS=+0.35%  no_improve=1
19:58:59 | i 5 | [HAOS ROLL] k=3  λ=0.6  vb  ac_avg  filo  P≈0.000595
19:58:59 | i 5 | [Phase 1/3] decompose  0.67s / — / —  λ=0.6  vb ac_avg
20:00:26 | i 5 | [Phase 2/3] route  86.17s / 86.16s / 100.0%  filo  k=3
20:00:26 | i 4 | [ ASYNC BG] bg_ails  73.74s / 70.40s / 104.7%
20:00:26 | i 5 | [HAOS ROLL] k=3  λ=0.6  vb  ac_avg  filo  P≈0.000595
20:00:26 | i 5 | [ Summary ] cost=412502.00  Δ_S*=+0.84%  Δ_BKS=+1.20%  Δ_S*_BKS=+0.35%  no_improve=3
20:00:26 | i 6 | [HAOS ROLL] k=10  λ=0.6  rb  kmeans  filo  P≈0.000992
20:00:26 | i 6 | [Phase 1/3] decompose  0.46s / — / —  λ=0.6  rb kmeans
20:01:01 | i 6 | [Phase 2/3] route  35.11s / 26.46s / 132.7%  filo  k=10
20:01:53 | i 5 | [ IMPROVE ] 408885.00  via bg_ails  ·  Δ_BKS=+0.31%
20:01:53 | i 5 | [ ASYNC BG] bg_ails  87.74s / 84.09s / 104.3%
20:01:53 | i 6 | [HAOS ROLL] k=10  λ=0.6  rb  kmeans  filo  P≈0.000992
20:01:53 | i 6 | [ Summary ] cost=419560.00  Δ_S*=+2.61%  Δ_BKS=+2.93%  Δ_S*_BKS=+0.31%  no_improve=1
20:01:53 | i 7 | [HAOS ROLL] k=12  λ=0.8  vb  fcm  filo2  P≈0.000595
20:01:54 | i 7 | [Phase 1/3] decompose  0.71s / — / —  λ=0.8  vb fcm
20:02:27 | i 7 | [Phase 2/3] route  33.09s / 19.08s / 173.4%  filo2  k=12
20:02:57 | i 6 | [ ASYNC BG] bg_ails  64.08s / 60.00s / 106.8%
20:02:57 | i 7 | [HAOS ROLL] k=12  λ=0.8  vb  fcm  filo2  P≈0.000595
20:02:57 | i 7 | [ Summary ] cost=417886.00  Δ_S*=+2.20%  Δ_BKS=+2.52%  Δ_S*_BKS=+0.31%  no_improve=3
20:02:57 | i 8 | [HAOS ROLL] k=10  λ=0.2  rb  kmeans  filo  P≈0.000992
20:02:58 | i 8 | [Phase 1/3] decompose  0.47s / — / —  λ=0.2  rb kmeans
20:03:37 | i 8 | [Phase 2/3] route  39.10s / 24.66s / 158.6%  filo  k=10
20:04:01 | i 7 | [ ASYNC BG] bg_ails  63.92s / 60.00s / 106.5%
20:04:01 | i 8 | [HAOS ROLL] k=10  λ=0.2  rb  kmeans  filo  P≈0.000992
20:04:01 | i 8 | [ Summary ] cost=418883.00  Δ_S*=+2.45%  Δ_BKS=+2.76%  Δ_S*_BKS=+0.31%  no_improve=5
20:04:01 | i 9 | [HAOS ROLL] k=6  λ=0.2  vb  ac_avg  filo  P≈0.000595
20:04:02 | i 9 | [Phase 1/3] decompose  0.67s / — / —  λ=0.2  vb ac_avg
20:04:59 | i 9 | [Phase 2/3] route  57.15s / 56.70s / 100.8%  filo  k=6
20:05:05 | i 8 | [ ASYNC BG] bg_ails  63.78s / 60.00s / 106.3%
20:05:05 | i 9 | [HAOS ROLL] k=6  λ=0.2  vb  ac_avg  filo  P≈0.000595
20:05:05 | i 9 | [ Summary ] cost=415117.00  Δ_S*=+1.52%  Δ_BKS=+1.84%  Δ_S*_BKS=+0.31%  no_improve=7
20:05:05 | i 10 | [HAOS ROLL] k=4  λ=0.8  rb  ac_complete  filo2  P≈0.000992
20:05:06 | i 10 | [Phase 1/3] decompose  0.46s / — / —  λ=0.8  rb ac_complete
20:06:08 | i 10 | [Phase 2/3] route  62.13s / 62.46s / 99.5%  filo2  k=4
20:06:09 | i 9 | [ ASYNC BG] bg_ails  63.75s / 60.00s / 106.2%
20:06:09 | i 10 | [HAOS ROLL] k=4  λ=0.8  rb  ac_complete  filo2  P≈0.000992
20:06:09 | i 10 | [ Summary ] cost=412292.00  Δ_S*=+0.83%  Δ_BKS=+1.15%  Δ_S*_BKS=+0.31%  no_improve=9
20:06:09 | i 11 | [HAOS ROLL] k=8  λ=0.0  rb  ac_avg  pyvrp  P≈0.000992
20:06:09 | i 11 | [Phase 1/3] decompose  0.36s / — / —  λ=0.0  rb ac_avg
20:07:13 | i 11 | [Phase 2/3] route  63.46s / 60.84s / 104.3%  pyvrp  k=8
20:07:13 | i 10 | [ ASYNC BG] bg_ails  63.89s / 60.96s / 104.8%
20:07:13 | i 11 | [HAOS ROLL] k=8  λ=0.0  rb  ac_avg  pyvrp  P≈0.000992
20:07:13 | i 11 | [ Summary ] cost=417235.00  Δ_S*=+2.04%  Δ_BKS=+2.36%  Δ_S*_BKS=+0.31%  no_improve=11
20:07:13 | i 12 | [HAOS ROLL] k=3  λ=0.6  rb  ac_avg  pyvrp  P≈0.001064
20:07:13 | i 12 | [Phase 1/3] decompose  0.48s / — / —  λ=0.6  rb ac_avg
20:08:54 | i 12 | [Phase 2/3] route  100.49s / 94.80s / 106.0%  pyvrp  k=3
20:08:54 | i 11 | [ ASYNC BG] bg_ails  63.74s / 60.00s / 106.2%
20:08:54 | i 12 | [HAOS ROLL] k=3  λ=0.6  rb  ac_avg  pyvrp  P≈0.001064
20:08:54 | i 12 | [ Summary ] cost=416552.00  Δ_S*=+1.88%  Δ_BKS=+2.19%  Δ_S*_BKS=+0.31%  no_improve=13
20:08:54 | i 6 | [ASYNC 1/2] sp_sc  5.25s / 720.00s / 0.7%  SP  avg_coverage=10.41/5  pool=3007
20:08:54 | i 6 | [ASYNC 2/2] standard_ails  363.36s / 360.00s / 100.9%
20:09:08 | i 6 | [ IMPROVE ] 408540.00  via standard_ails  ·  Δ_BKS=+0.23%
20:09:08 | i 13 | [HAOS ROLL] k=6  λ=0.6  vb  kmeans  filo  P≈0.000398
20:09:08 | i 13 | [Phase 1/3] decompose  0.42s / — / —  λ=0.6  vb kmeans
20:09:43 | i 13 | [Phase 2/3] route  35.09s / 35.22s / 99.6%  filo  k=6
20:10:30 | i 12 | [ ASYNC BG] bg_ails  95.67s / 92.52s / 103.4%
20:10:30 | i 13 | [HAOS ROLL] k=6  λ=0.6  vb  kmeans  filo  P≈0.000398
20:10:30 | i 13 | [ Summary ] cost=413788.00  Δ_S*=+1.28%  Δ_BKS=+1.51%  Δ_S*_BKS=+0.23%  no_improve=2
20:10:30 | i 14 | [HAOS ROLL] k=8  λ=0.6  vb  kmedoids  filo  P≈0.001217
20:10:31 | i 14 | [Phase 1/3] decompose  0.89s / — / —  λ=0.6  vb kmedoids
20:11:06 | i 14 | [Phase 2/3] route  35.12s / 34.86s / 100.7%  filo  k=8
20:11:33 | i 13 | [ ASYNC BG] bg_ails  63.70s / 60.00s / 106.2%
20:11:33 | i 14 | [HAOS ROLL] k=8  λ=0.6  vb  kmedoids  filo  P≈0.001217
20:11:33 | i 14 | [ Summary ] cost=416506.00  Δ_S*=+1.95%  Δ_BKS=+2.18%  Δ_S*_BKS=+0.23%  no_improve=4
20:11:33 | i 15 | [HAOS ROLL] k=6  λ=0.8  vb  kmeans  ails2  P≈0.000822
20:11:34 | i 15 | [Phase 1/3] decompose  0.45s / — / —  λ=0.8  vb kmeans
20:12:09 | i 15 | [Phase 2/3] route  35.66s / 34.56s / 103.2%  ails2  k=6
20:12:37 | i 14 | [ ASYNC BG] bg_ails  63.69s / 60.00s / 106.1%
20:12:37 | i 15 | [HAOS ROLL] k=6  λ=0.8  vb  kmeans  ails2  P≈0.000822
20:12:37 | i 15 | [ Summary ] cost=410736.00  Δ_S*=+0.54%  Δ_BKS=+0.77%  Δ_S*_BKS=+0.23%  no_improve=6
20:12:37 | i 16 | [HAOS ROLL] k=12  λ=0.4  vb  kmeans  filo  P≈0.001135
20:12:38 | i 16 | [Phase 1/3] decompose  0.45s / — / —  λ=0.4  vb kmeans
20:13:11 | i 16 | [Phase 2/3] route  33.12s / 20.16s / 164.3%  filo  k=12
20:13:41 | i 15 | [ ASYNC BG] bg_ails  63.74s / 60.00s / 106.2%
20:13:41 | i 16 | [HAOS ROLL] k=12  λ=0.4  vb  kmeans  filo  P≈0.001135
20:13:41 | i 16 | [ Summary ] cost=417594.00  Δ_S*=+2.22%  Δ_BKS=+2.45%  Δ_S*_BKS=+0.23%  no_improve=8
20:13:41 | i 17 | [HAOS ROLL] k=3  λ=0.6  vb  kmeans  filo2  P≈0.002508
20:13:41 | i 17 | [Phase 1/3] decompose  0.45s / — / —  λ=0.6  vb kmeans
20:15:10 | i 17 | [Phase 2/3] route  89.18s / 88.86s / 100.4%  filo2  k=3
20:15:10 | i 16 | [ ASYNC BG] bg_ails  63.76s / 60.00s / 106.3%
20:15:10 | i 17 | [HAOS ROLL] k=3  λ=0.6  vb  kmeans  filo2  P≈0.002508
20:15:11 | i 17 | [ Summary ] cost=412474.00  Δ_S*=+0.96%  Δ_BKS=+1.19%  Δ_S*_BKS=+0.23%  no_improve=10
20:15:11 | i 18 | [HAOS ROLL] k=10  λ=0.6  vb  kmeans  filo2  P≈0.003394
20:15:11 | i 18 | [Phase 1/3] decompose  0.45s / — / —  λ=0.6  vb kmeans
20:15:43 | i 18 | [Phase 2/3] route  32.11s / 32.16s / 99.8%  filo2  k=10
20:16:40 | i 17 | [ ASYNC BG] bg_ails  89.66s / 86.73s / 103.4%
20:16:40 | i 18 | [HAOS ROLL] k=10  λ=0.6  vb  kmeans  filo2  P≈0.003394
20:16:40 | i 18 | [ Summary ] cost=414523.00  Δ_S*=+1.46%  Δ_BKS=+1.69%  Δ_S*_BKS=+0.23%  no_improve=12
20:16:40 | i 19 | [HAOS ROLL] k=12  λ=0.0  vb  kmeans  filo2  P≈0.000847
20:16:41 | i 19 | [Phase 1/3] decompose  0.34s / — / —  λ=0.0  vb kmeans
20:17:17 | i 19 | [Phase 2/3] route  36.12s / 22.38s / 161.4%  filo2  k=12
20:17:44 | i 18 | [ ASYNC BG] bg_ails  63.59s / 60.00s / 106.0%
20:17:44 | i 19 | [HAOS ROLL] k=12  λ=0.0  vb  kmeans  filo2  P≈0.000847
20:17:44 | i 19 | [ Summary ] cost=416576.00  Δ_S*=+1.97%  Δ_BKS=+2.20%  Δ_S*_BKS=+0.23%  no_improve=14
20:17:44 | i 20 | [HAOS ROLL] k=8  λ=0.6  vb  kmeans  filo  P≈0.006425
20:17:44 | i 20 | [Phase 1/3] decompose  0.44s / — / —  λ=0.6  vb kmeans
20:18:17 | i 20 | [Phase 2/3] route  33.11s / 27.78s / 119.2%  filo  k=8
20:18:47 | i 19 | [ ASYNC BG] bg_ails  63.56s / 60.00s / 105.9%
20:18:47 | i 20 | [HAOS ROLL] k=8  λ=0.6  vb  kmeans  filo  P≈0.006425
20:18:48 | i 20 | [ Summary ] cost=414688.00  Δ_S*=+1.50%  Δ_BKS=+1.73%  Δ_S*_BKS=+0.23%  no_improve=16
20:18:48 | i 21 | [HAOS ROLL] k=10  λ=0.6  vb  kmeans  filo  P≈0.009918
20:18:48 | i 21 | [Phase 1/3] decompose  0.45s / — / —  λ=0.6  vb kmeans
20:19:27 | i 21 | [Phase 2/3] route  39.11s / 25.68s / 152.3%  filo  k=10
20:19:51 | i 20 | [ ASYNC BG] bg_ails  63.84s / 60.00s / 106.4%
20:19:51 | i 21 | [HAOS ROLL] k=10  λ=0.6  vb  kmeans  filo  P≈0.009918
20:19:51 | i 21 | [ Summary ] cost=415820.00  Δ_S*=+1.78%  Δ_BKS=+2.01%  Δ_S*_BKS=+0.23%  no_improve=18
20:19:51 | i 22 | [HAOS ROLL] k=6  λ=0.0  rb  kmeans  pyvrp  P≈0.000210
20:19:52 | i 22 | [Phase 1/3] decompose  0.34s / — / —  λ=0.0  rb kmeans
20:20:28 | i 22 | [Phase 2/3] route  36.70s / 35.64s / 103.0%  pyvrp  k=6
20:20:55 | i 21 | [ ASYNC BG] bg_ails  63.83s / 60.00s / 106.4%
20:20:55 | i 22 | [HAOS ROLL] k=6  λ=0.0  rb  kmeans  pyvrp  P≈0.000210
20:20:55 | i 22 | [ Summary ] cost=418793.00  Δ_S*=+2.51%  Δ_BKS=+2.74%  Δ_S*_BKS=+0.23%  no_improve=20
20:20:55 | i 23 | [HAOS ROLL] k=6  λ=0.6  vb  kmeans  filo  P≈0.012131
20:20:56 | i 23 | [Phase 1/3] decompose  0.44s / — / —  λ=0.6  vb kmeans
20:21:32 | i 23 | [Phase 2/3] route  36.12s / 35.52s / 101.7%  filo  k=6
20:21:59 | i 22 | [ ASYNC BG] bg_ails  63.60s / 60.00s / 106.0%
20:21:59 | i 23 | [HAOS ROLL] k=6  λ=0.6  vb  kmeans  filo  P≈0.012131
20:21:59 | i 23 | [ Summary ] cost=415149.00  Δ_S*=+1.62%  Δ_BKS=+1.85%  Δ_S*_BKS=+0.23%  no_improve=22
20:21:59 | i 24 | [HAOS ROLL] k=8  λ=0.0  vb  kmedoids  pyvrp  P≈0.000399
20:21:59 | i 24 | [Phase 1/3] decompose  0.51s / — / —  λ=0.0  vb kmedoids
20:22:47 | i 24 | [Phase 2/3] route  48.01s / 35.16s / 136.6%  pyvrp  k=8
20:23:03 | i 23 | [ ASYNC BG] bg_ails  63.86s / 60.00s / 106.4%
20:23:03 | i 24 | [HAOS ROLL] k=8  λ=0.0  vb  kmedoids  pyvrp  P≈0.000399
20:23:03 | i 24 | [ Summary ] cost=418287.00  Δ_S*=+2.39%  Δ_BKS=+2.62%  Δ_S*_BKS=+0.23%  no_improve=24
20:23:03 | i 25 | [HAOS ROLL] k=12  λ=0.6  vb  kmeans  filo  P≈0.009104
20:23:03 | i 25 | [Phase 1/3] decompose  0.45s / — / —  λ=0.6  vb kmeans
20:23:42 | i 25 | [Phase 2/3] route  39.11s / 21.96s / 178.1%  filo  k=12
20:24:06 | i 24 | [ ASYNC BG] bg_ails  63.63s / 60.00s / 106.0%
20:24:06 | i 25 | [HAOS ROLL] k=12  λ=0.6  vb  kmeans  filo  P≈0.009104
20:24:06 | i 25 | [ Summary ] cost=416261.00  Δ_S*=+1.89%  Δ_BKS=+2.12%  Δ_S*_BKS=+0.23%  no_improve=26
20:24:06 | i 26 | [HAOS ROLL] k=8  λ=0.6  rb  kmeans  filo2  P≈0.001249
20:24:07 | i 26 | [Phase 1/3] decompose  0.46s / — / —  λ=0.6  rb kmeans
20:24:48 | i 26 | [Phase 2/3] route  41.13s / 32.22s / 127.7%  filo2  k=8
20:25:10 | i 25 | [ ASYNC BG] bg_ails  63.80s / 60.00s / 106.3%
20:25:10 | i 26 | [HAOS ROLL] k=8  λ=0.6  rb  kmeans  filo2  P≈0.001249
20:25:10 | i 26 | [ Summary ] cost=414819.00  Δ_S*=+1.54%  Δ_BKS=+1.77%  Δ_S*_BKS=+0.23%  no_improve=28
20:25:10 | i 27 | [HAOS ROLL] k=10  λ=0.6  vb  fcm  pyvrp  P≈0.001531
20:25:11 | i 27 | [Phase 1/3] decompose  1.04s / — / —  λ=0.6  vb fcm
20:25:44 | i 27 | [Phase 2/3] route  33.25s / 20.28s / 164.0%  pyvrp  k=10
20:26:14 | i 26 | [ ASYNC BG] bg_ails  63.77s / 60.00s / 106.3%
20:26:14 | i 27 | [HAOS ROLL] k=10  λ=0.6  vb  fcm  pyvrp  P≈0.001531
20:26:14 | i 27 | [ Summary ] cost=418080.00  Δ_S*=+2.34%  Δ_BKS=+2.57%  Δ_S*_BKS=+0.23%  no_improve=30
20:26:14 | i 28 | [HAOS ROLL] k=12  λ=0.0  vb  kmeans  filo  P≈0.003597
20:26:14 | i 28 | [Phase 1/3] decompose  0.35s / — / —  λ=0.0  vb kmeans
20:26:46 | i 28 | [Phase 2/3] route  32.12s / 21.78s / 147.5%  filo  k=12
20:27:18 | i 27 | [ ASYNC BG] bg_ails  63.77s / 60.00s / 106.3%
20:27:18 | i 28 | [HAOS ROLL] k=12  λ=0.0  vb  kmeans  filo  P≈0.003597
20:27:18 | i 28 | [ Summary ] cost=415356.00  Δ_S*=+1.67%  Δ_BKS=+1.90%  Δ_S*_BKS=+0.23%  no_improve=32
20:27:18 | i 29 | [HAOS ROLL] k=4  λ=0.0  vb  ac_avg  filo  P≈0.000528
20:27:18 | i 29 | [Phase 1/3] decompose  0.56s / — / —  λ=0.0  vb ac_avg
20:28:44 | i 29 | [Phase 2/3] route  86.18s / 85.92s / 100.3%  filo  k=4
20:28:44 | i 28 | [ ASYNC BG] bg_ails  63.80s / 60.00s / 106.3%
20:28:45 | i 29 | [HAOS ROLL] k=4  λ=0.0  vb  ac_avg  filo  P≈0.000528
20:28:45 | i 29 | [ Summary ] cost=412517.00  Δ_S*=+0.97%  Δ_BKS=+1.20%  Δ_S*_BKS=+0.23%  no_improve=34
20:28:45 | i 30 | [HAOS ROLL] k=10  λ=0.0  rb  kmeans  pyvrp  P≈0.000813
20:28:45 | i 30 | [Phase 1/3] decompose  0.36s / — / —  λ=0.0  rb kmeans
20:29:20 | i 30 | [Phase 2/3] route  35.33s / 22.92s / 154.1%  pyvrp  k=10
20:30:11 | i 29 | [ ASYNC BG] bg_ails  86.63s / 83.86s / 103.3%
20:30:11 | i 30 | [HAOS ROLL] k=10  λ=0.0  rb  kmeans  pyvrp  P≈0.000813
20:30:11 | i 30 | [ Summary ] cost=417366.00  Δ_S*=+2.16%  Δ_BKS=+2.39%  Δ_S*_BKS=+0.23%  no_improve=36
20:30:11 | i 31 | [HAOS ROLL] k=2  λ=0.0  vb  ac_avg  filo  P≈0.001134
20:30:12 | i 31 | [Phase 1/3] decompose  0.58s / — / —  λ=0.0  vb ac_avg
20:32:21 | i 31 | [Phase 2/3] route  129.30s / 129.30s / 100.0%  filo  k=2
20:32:21 | i 30 | [ ASYNC BG] bg_ails  63.68s / 60.00s / 106.1%
20:32:21 | i 31 | [HAOS ROLL] k=2  λ=0.0  vb  ac_avg  filo  P≈0.001134
20:32:21 | i 31 | [ Summary ] cost=410395.00  Δ_S*=+0.45%  Δ_BKS=+0.68%  Δ_S*_BKS=+0.23%  no_improve=38
20:32:21 | i 32 | [HAOS ROLL] k=4  λ=0.6  vb  fcm  filo  P≈0.002033
20:32:22 | i 32 | [Phase 1/3] decompose  0.47s / — / —  λ=0.6  vb fcm
20:33:15 | i 32 | [Phase 2/3] route  53.13s / 52.86s / 100.5%  filo  k=4
20:34:31 | i 31 | [ ASYNC BG] bg_ails  129.67s / 126.20s / 102.8%
20:34:31 | i 32 | [HAOS ROLL] k=4  λ=0.6  vb  fcm  filo  P≈0.002033
20:34:31 | i 32 | [ Summary ] cost=412917.00  Δ_S*=+1.07%  Δ_BKS=+1.30%  Δ_S*_BKS=+0.23%  no_improve=40
20:34:31 | i 23 | [ASYNC 1/2] sp_sc  0.00s / 720.00s / 0.0%  SC
20:34:31 | i 33 | [HAOS ROLL] k=3  λ=0.6  vb  kmeans  filo2  P≈0.002175
20:34:31 | i 33 | [Phase 1/3] decompose  0.45s / — / —  λ=0.6  vb kmeans
20:36:00 | i 33 | [Phase 2/3] route  89.18s / 88.80s / 100.4%  filo2  k=3
20:36:01 | i 32 | [ ASYNC BG] bg_ails  63.74s / 60.00s / 106.2%
20:36:01 | i 33 | [HAOS ROLL] k=3  λ=0.6  vb  kmeans  filo2  P≈0.002175
20:36:01 | i 33 | [ Summary ] cost=412376.00  Δ_S*=+0.94%  Δ_BKS=+1.17%  Δ_S*_BKS=+0.23%  no_improve=42
20:36:01 | i 34 | [HAOS ROLL] k=4  λ=0.0  vb  ac_complete  filo2  P≈0.000644
20:36:01 | i 34 | [Phase 1/3] decompose  0.55s / — / —  λ=0.0  vb ac_complete
20:37:09 | i 34 | [Phase 2/3] route  68.16s / 68.04s / 100.2%  filo2  k=4
20:37:30 | i 33 | [ ASYNC BG] bg_ails  89.73s / 86.67s / 103.5%
20:37:30 | i 34 | [HAOS ROLL] k=4  λ=0.0  vb  ac_complete  filo2  P≈0.000644
20:37:30 | i 34 | [ Summary ] cost=411998.00  Δ_S*=+0.85%  Δ_BKS=+1.07%  Δ_S*_BKS=+0.23%  no_improve=44
20:37:30 | i 35 | [HAOS ROLL] k=10  λ=0.6  rb  ac_complete  filo  P≈0.001991
20:37:31 | i 35 | [Phase 1/3] decompose  0.46s / — / —  λ=0.6  rb ac_complete
20:38:22 | i 35 | [Phase 2/3] route  51.13s / 51.48s / 99.3%  filo  k=10
20:38:40 | i 34 | [ ASYNC BG] bg_ails  69.77s / 66.41s / 105.1%
20:38:40 | i 35 | [HAOS ROLL] k=10  λ=0.6  rb  ac_complete  filo  P≈0.001991
20:38:40 | i 35 | [ Summary ] cost=415393.00  Δ_S*=+1.68%  Δ_BKS=+1.91%  Δ_S*_BKS=+0.23%  no_improve=46
20:38:40 | i 36 | [HAOS ROLL] k=4  λ=1.0  vb  kmeans  filo  P≈0.002179
20:38:41 | i 36 | [Phase 1/3] decompose  0.46s / — / —  λ=1.0  vb kmeans
20:39:36 | i 36 | [Phase 2/3] route  55.11s / 54.54s / 101.1%  filo  k=4
20:39:47 | i 35 | [ ASYNC BG] bg_ails  66.78s / 63.42s / 105.3%
20:39:47 | i 36 | [HAOS ROLL] k=4  λ=1.0  vb  kmeans  filo  P≈0.002179
20:39:47 | i 36 | [ Summary ] cost=412815.00  Δ_S*=+1.05%  Δ_BKS=+1.28%  Δ_S*_BKS=+0.23%  no_improve=48
20:39:47 | i 37 | [HAOS ROLL] k=8  λ=1.0  vb  kmeans  pyvrp  P≈0.000708
20:39:47 | i 37 | [Phase 1/3] decompose  0.46s / — / —  λ=1.0  vb kmeans
20:40:26 | i 37 | [Phase 2/3] route  38.40s / 32.52s / 118.1%  pyvrp  k=8
20:40:51 | i 36 | [ ASYNC BG] bg_ails  63.87s / 60.00s / 106.5%
20:40:51 | i 37 | [HAOS ROLL] k=8  λ=1.0  vb  kmeans  pyvrp  P≈0.000708
20:40:51 | i 37 | [ Summary ] cost=417416.00  Δ_S*=+2.17%  Δ_BKS=+2.40%  Δ_S*_BKS=+0.23%  no_improve=50
20:40:51 | i 38 | [HAOS ROLL] k=4  λ=0.6  vb  ac_avg  pyvrp  P≈0.001914
20:40:52 | i 38 | [Phase 1/3] decompose  0.66s / — / —  λ=0.6  vb ac_avg
20:42:23 | i 38 | [Phase 2/3] route  91.04s / 86.16s / 105.7%  pyvrp  k=4
20:42:23 | i 37 | [ ASYNC BG] bg_ails  63.79s / 60.00s / 106.3%
20:42:23 | i 38 | [HAOS ROLL] k=4  λ=0.6  vb  ac_avg  pyvrp  P≈0.001914
20:42:23 | i 38 | [ Summary ] cost=417409.00  Δ_S*=+2.17%  Δ_BKS=+2.40%  Δ_S*_BKS=+0.23%  no_improve=52
20:42:23 | i 39 | [HAOS ROLL] k=10  λ=0.6  rb  kmeans  ails2  P≈0.000589
20:42:23 | i 39 | [Phase 1/3] decompose  0.48s / — / —  λ=0.6  rb kmeans
20:43:04 | i 39 | [Phase 2/3] route  40.99s / 32.88s / 124.7%  ails2  k=10
20:43:51 | i 38 | [ ASYNC BG] bg_ails  88.19s / 84.09s / 104.9%
20:43:51 | i 39 | [HAOS ROLL] k=10  λ=0.6  rb  kmeans  ails2  P≈0.000589
20:43:51 | i 39 | [ Summary ] cost=409992.00  Δ_S*=+0.36%  Δ_BKS=+0.58%  Δ_S*_BKS=+0.23%  no_improve=54
20:43:51 | i 40 | [HAOS ROLL] k=4  λ=0.6  vb  fcm  ails2  P≈0.001029
20:43:51 | i 40 | [Phase 1/3] decompose  0.47s / — / —  λ=0.6  vb fcm
20:44:45 | i 40 | [Phase 2/3] route  53.77s / 52.86s / 101.7%  ails2  k=4
20:44:55 | i 39 | [ ASYNC BG] bg_ails  63.87s / 60.00s / 106.5%
20:44:55 | i 40 | [HAOS ROLL] k=4  λ=0.6  vb  fcm  ails2  P≈0.001029
20:44:55 | i 40 | [ Summary ] cost=409257.00  Δ_S*=+0.18%  Δ_BKS=+0.40%  Δ_S*_BKS=+0.23%  no_improve=56
20:44:55 | i 41 | [HAOS ROLL] k=8  λ=0.8  vb  fcm  filo  P≈0.000497
20:44:56 | i 41 | [Phase 1/3] decompose  0.86s / — / —  λ=0.8  vb fcm
20:45:39 | i 41 | [Phase 2/3] route  43.13s / 25.92s / 166.4%  filo  k=8
20:45:58 | i 40 | [ ASYNC BG] bg_ails  63.71s / 60.00s / 106.2%
20:45:59 | i 41 | [HAOS ROLL] k=8  λ=0.8  vb  fcm  filo  P≈0.000497
20:45:59 | i 41 | [ Summary ] cost=415167.00  Δ_S*=+1.62%  Δ_BKS=+1.85%  Δ_S*_BKS=+0.23%  no_improve=58
20:45:59 | i 42 | [HAOS ROLL] k=3  λ=0.2  rb  ac_complete  ails2  P≈0.000099
20:45:59 | i 42 | [Phase 1/3] decompose  0.46s / — / —  λ=0.2  rb ac_complete
20:47:28 | i 42 | [Phase 2/3] route  88.95s / 87.00s / 102.2%  ails2  k=3
20:47:28 | i 41 | [ ASYNC BG] bg_ails  63.86s / 60.00s / 106.4%
20:47:28 | i 42 | [HAOS ROLL] k=3  λ=0.2  rb  ac_complete  ails2  P≈0.000099
20:47:28 | i 42 | [ Summary ] cost=409472.00  Δ_S*=+0.23%  Δ_BKS=+0.46%  Δ_S*_BKS=+0.23%  no_improve=60
20:47:28 | i 43 | [HAOS ROLL] k=4  λ=0.4  vb  ac_avg  pyvrp  P≈0.000533
20:47:29 | i 43 | [Phase 1/3] decompose  0.72s / — / —  λ=0.4  vb ac_avg
20:49:14 | i 43 | [Phase 2/3] route  104.59s / 97.38s / 107.4%  pyvrp  k=4
20:49:14 | i 42 | [ ASYNC BG] bg_ails  88.09s / 84.91s / 103.7%
20:49:14 | i 43 | [HAOS ROLL] k=4  λ=0.4  vb  ac_avg  pyvrp  P≈0.000533
20:49:14 | i 43 | [ Summary ] cost=417903.00  Δ_S*=+2.29%  Δ_BKS=+2.52%  Δ_S*_BKS=+0.23%  no_improve=62
20:49:14 | i 38 | [ASYNC 1/2] sp_sc  8.95s / 720.00s / 1.2%  SC  avg_coverage=34.71/5  pool=10000
20:49:14 | i 38 | [ASYNC 2/2] standard_ails  363.48s / 360.00s / 101.0%
20:49:51 | i 38 | [ IMPROVE ] 408534.00  via standard_ails  ·  Δ_BKS=+0.22%
20:49:51 | i 44 | [HAOS ROLL] k=10  λ=0.0  vb  ac_complete  filo  P≈0.001110
20:49:52 | i 44 | [Phase 1/3] decompose  0.55s / — / —  λ=0.0  vb ac_complete
20:50:36 | i 44 | [Phase 2/3] route  44.14s / 44.10s / 100.1%  filo  k=10
20:50:52 | i 43 | [ ASYNC BG] bg_ails  98.77s / 95.04s / 103.9%
20:50:53 | i 44 | [HAOS ROLL] k=10  λ=0.0  vb  ac_complete  filo  P≈0.001110
20:50:53 | i 44 | [ Summary ] cost=415626.00  Δ_S*=+1.74%  Δ_BKS=+1.96%  Δ_S*_BKS=+0.22%  no_improve=2
20:50:53 | i 45 | [HAOS ROLL] k=8  λ=0.6  vb  kmeans  ails2  P≈0.001619
20:50:53 | i 45 | [Phase 1/3] decompose  0.45s / — / —  λ=0.6  vb kmeans
20:51:36 | i 45 | [Phase 2/3] route  42.86s / 34.62s / 123.8%  ails2  k=8
20:51:56 | i 44 | [ ASYNC BG] bg_ails  63.85s / 60.00s / 106.4%
20:51:57 | i 45 | [HAOS ROLL] k=8  λ=0.6  vb  kmeans  ails2  P≈0.001619
20:51:57 | i 45 | [ Summary ] cost=411104.00  Δ_S*=+0.63%  Δ_BKS=+0.86%  Δ_S*_BKS=+0.22%  no_improve=4
20:51:57 | i 46 | [HAOS ROLL] k=10  λ=1.0  vb  kmeans  filo2  P≈0.000875
20:51:57 | i 46 | [Phase 1/3] decompose  0.44s / — / —  λ=1.0  vb kmeans
20:52:33 | i 46 | [Phase 2/3] route  36.12s / 23.10s / 156.3%  filo2  k=10
20:53:00 | i 45 | [ ASYNC BG] bg_ails  63.94s / 60.00s / 106.6%
20:53:00 | i 46 | [HAOS ROLL] k=10  λ=1.0  vb  kmeans  filo2  P≈0.000875
20:53:01 | i 46 | [ Summary ] cost=415472.00  Δ_S*=+1.70%  Δ_BKS=+1.93%  Δ_S*_BKS=+0.22%  no_improve=6
20:53:01 | i 47 | [HAOS ROLL] k=10  λ=1.0  rb  ac_complete  ails2  P≈0.000647
20:53:01 | i 47 | [Phase 1/3] decompose  0.45s / — / —  λ=1.0  rb ac_complete
20:53:43 | i 47 | [Phase 2/3] route  41.83s / 40.26s / 103.9%  ails2  k=10
20:54:04 | i 46 | [ ASYNC BG] bg_ails  63.99s / 60.00s / 106.7%
20:54:04 | i 47 | [HAOS ROLL] k=10  λ=1.0  rb  ac_complete  ails2  P≈0.000647
20:54:05 | i 47 | [ Summary ] cost=408777.00  Δ_S*=+0.06%  Δ_BKS=+0.28%  Δ_S*_BKS=+0.22%  no_improve=8
20:54:05 | i 48 | [HAOS ROLL] k=4  λ=0.0  vb  kmeans  filo2  P≈0.001122
20:54:05 | i 48 | [Phase 1/3] decompose  0.37s / — / —  λ=0.0  vb kmeans
20:55:00 | i 48 | [Phase 2/3] route  55.12s / 54.60s / 101.0%  filo2  k=4
20:55:08 | i 47 | [ ASYNC BG] bg_ails  64.06s / 60.00s / 106.8%
20:55:09 | i 48 | [HAOS ROLL] k=4  λ=0.0  vb  kmeans  filo2  P≈0.001122
20:55:09 | i 48 | [ Summary ] cost=412558.00  Δ_S*=+0.98%  Δ_BKS=+1.21%  Δ_S*_BKS=+0.22%  no_improve=10
20:55:09 | i 49 | [HAOS ROLL] k=8  λ=1.0  rb  kmeans  filo2  P≈0.000265
20:55:09 | i 49 | [Phase 1/3] decompose  0.46s / — / —  λ=1.0  rb kmeans
20:55:45 | i 49 | [Phase 2/3] route  36.12s / 33.48s / 107.9%  filo2  k=8
20:56:12 | i 48 | [ ASYNC BG] bg_ails  63.78s / 60.00s / 106.3%
20:56:12 | i 49 | [HAOS ROLL] k=8  λ=1.0  rb  kmeans  filo2  P≈0.000265
20:56:12 | i 49 | [ Summary ] cost=416961.00  Δ_S*=+2.06%  Δ_BKS=+2.29%  Δ_S*_BKS=+0.22%  no_improve=12
20:56:12 | i 50 | [HAOS ROLL] k=4  λ=0.0  vb  kmeans  filo  P≈0.003221
20:56:13 | i 50 | [Phase 1/3] decompose  0.36s / — / —  λ=0.0  vb kmeans
20:57:08 | i 50 | [Phase 2/3] route  55.14s / 54.60s / 101.0%  filo  k=4
20:57:16 | i 49 | [ ASYNC BG] bg_ails  63.85s / 60.00s / 106.4%
20:57:16 | i 50 | [HAOS ROLL] k=4  λ=0.0  vb  kmeans  filo  P≈0.003221
20:57:16 | i 50 | [ Summary ] cost=412828.00  Δ_S*=+1.05%  Δ_BKS=+1.28%  Δ_S*_BKS=+0.22%  no_improve=14
20:57:16 | i 51 | [HAOS ROLL] k=4  λ=1.0  vb  kmeans  filo  P≈0.002487
20:57:17 | i 51 | [Phase 1/3] decompose  0.45s / — / —  λ=1.0  vb kmeans
20:58:12 | i 51 | [Phase 2/3] route  55.13s / 54.54s / 101.1%  filo  k=4
20:58:20 | i 50 | [ ASYNC BG] bg_ails  63.68s / 60.00s / 106.1%
20:58:20 | i 51 | [HAOS ROLL] k=4  λ=1.0  vb  kmeans  filo  P≈0.002487
20:58:20 | i 51 | [ Summary ] cost=412851.00  Δ_S*=+1.06%  Δ_BKS=+1.28%  Δ_S*_BKS=+0.22%  no_improve=16
20:58:20 | i 52 | [HAOS ROLL] k=6  λ=0.2  rb  ac_avg  filo  P≈0.000404
20:58:20 | i 52 | [Phase 1/3] decompose  0.45s / — / —  λ=0.2  rb ac_avg
20:59:28 | i 52 | [Phase 2/3] route  67.15s / 66.90s / 100.4%  filo  k=6
20:59:28 | i 51 | [ ASYNC BG] bg_ails  63.83s / 60.00s / 106.4%
20:59:28 | i 52 | [HAOS ROLL] k=6  λ=0.2  rb  ac_avg  filo  P≈0.000404
20:59:28 | i 52 | [ Summary ] cost=411991.00  Δ_S*=+0.85%  Δ_BKS=+1.07%  Δ_S*_BKS=+0.22%  no_improve=18
20:59:28 | i 53 | [HAOS ROLL] k=8  λ=0.4  vb  kmeans  pyvrp  P≈0.000323
20:59:28 | i 53 | [Phase 1/3] decompose  0.45s / — / —  λ=0.4  vb kmeans
21:00:04 | i 53 | [Phase 2/3] route  36.06s / 33.72s / 107.0%  pyvrp  k=8
21:00:36 | i 52 | [ ASYNC BG] bg_ails  68.85s / 65.29s / 105.4%
21:00:37 | i 53 | [HAOS ROLL] k=8  λ=0.4  vb  kmeans  pyvrp  P≈0.000323
21:00:37 | i 53 | [ Summary ] cost=417770.00  Δ_S*=+2.26%  Δ_BKS=+2.49%  Δ_S*_BKS=+0.22%  no_improve=20
21:00:37 | i 54 | [HAOS ROLL] k=8  λ=0.0  rb  ac_complete  pyvrp  P≈0.000415
21:00:37 | i 54 | [Phase 1/3] decompose  0.34s / — / —  λ=0.0  rb ac_complete
21:01:19 | i 54 | [Phase 2/3] route  41.79s / 40.26s / 103.8%  pyvrp  k=8
21:01:40 | i 53 | [ ASYNC BG] bg_ails  63.72s / 60.00s / 106.2%
21:01:40 | i 54 | [HAOS ROLL] k=8  λ=0.0  rb  ac_complete  pyvrp  P≈0.000415
21:01:40 | i 54 | [ Summary ] cost=417469.00  Δ_S*=+2.19%  Δ_BKS=+2.42%  Δ_S*_BKS=+0.22%  no_improve=22
21:01:40 | i 55 | [HAOS ROLL] k=4  λ=0.0  vb  kmedoids  filo  P≈0.000898
21:01:41 | i 55 | [Phase 1/3] decompose  0.59s / — / —  λ=0.0  vb kmedoids
21:02:35 | i 55 | [Phase 2/3] route  54.14s / 53.88s / 100.5%  filo  k=4
21:02:44 | i 54 | [ ASYNC BG] bg_ails  63.57s / 60.00s / 105.9%
21:02:44 | i 55 | [HAOS ROLL] k=4  λ=0.0  vb  kmedoids  filo  P≈0.000898
21:02:44 | i 55 | [ Summary ] cost=412750.00  Δ_S*=+1.03%  Δ_BKS=+1.26%  Δ_S*_BKS=+0.22%  no_improve=24
21:02:44 | i 56 | [HAOS ROLL] k=4  λ=0.8  vb  ac_avg  ails2  P≈0.000387
21:02:45 | i 56 | [Phase 1/3] decompose  0.69s / — / —  λ=0.8  vb ac_avg
21:04:23 | i 56 | [Phase 2/3] route  98.26s / 96.48s / 101.8%  ails2  k=4
21:04:23 | i 55 | [ ASYNC BG] bg_ails  63.86s / 60.00s / 106.4%
21:04:23 | i 56 | [HAOS ROLL] k=4  λ=0.8  vb  ac_avg  ails2  P≈0.000387
21:04:23 | i 56 | [ Summary ] cost=410470.00  Δ_S*=+0.47%  Δ_BKS=+0.70%  Δ_S*_BKS=+0.22%  no_improve=26
21:04:23 | i 57 | [HAOS ROLL] k=4  λ=0.8  rb  ac_avg  filo  P≈0.000782
21:04:24 | i 57 | [Phase 1/3] decompose  0.46s / — / —  λ=0.8  rb ac_avg
21:05:31 | i 57 | [Phase 2/3] route  67.15s / 66.90s / 100.4%  filo  k=4
21:06:01 | i 56 | [ ASYNC BG] bg_ails  97.77s / 94.16s / 103.8%
21:06:01 | i 57 | [HAOS ROLL] k=4  λ=0.8  rb  ac_avg  filo  P≈0.000782
21:06:01 | i 57 | [ Summary ] cost=412293.00  Δ_S*=+0.92%  Δ_BKS=+1.15%  Δ_S*_BKS=+0.22%  no_improve=28
21:06:01 | i 58 | [HAOS ROLL] k=8  λ=1.0  vb  kmedoids  filo  P≈0.000735
21:06:02 | i 58 | [Phase 1/3] decompose  0.68s / — / —  λ=1.0  vb kmedoids
21:06:40 | i 58 | [Phase 2/3] route  38.12s / 34.86s / 109.4%  filo  k=8
21:07:10 | i 57 | [ ASYNC BG] bg_ails  69.05s / 65.29s / 105.8%
21:07:10 | i 58 | [HAOS ROLL] k=8  λ=1.0  vb  kmedoids  filo  P≈0.000735
21:07:10 | i 58 | [ Summary ] cost=415461.00  Δ_S*=+1.70%  Δ_BKS=+1.92%  Δ_S*_BKS=+0.22%  no_improve=30
21:07:10 | i 59 | [HAOS ROLL] k=4  λ=0.8  rb  ac_complete  filo  P≈0.002894
21:07:11 | i 59 | [Phase 1/3] decompose  0.46s / — / —  λ=0.8  rb ac_complete
21:08:15 | i 59 | [Phase 2/3] route  64.13s / 63.78s / 100.5%  filo  k=4
21:08:15 | i 58 | [ ASYNC BG] bg_ails  63.90s / 60.00s / 106.5%
21:08:15 | i 59 | [HAOS ROLL] k=4  λ=0.8  rb  ac_complete  filo  P≈0.002894
21:08:15 | i 59 | [ Summary ] cost=412292.00  Δ_S*=+0.92%  Δ_BKS=+1.15%  Δ_S*_BKS=+0.22%  no_improve=32
21:08:15 | i 60 | [HAOS ROLL] k=4  λ=0.0  vb  kmeans  ails2  P≈0.002489
21:08:15 | i 60 | [Phase 1/3] decompose  0.35s / — / —  λ=0.0  vb kmeans
21:09:11 | i 60 | [Phase 2/3] route  55.83s / 54.54s / 102.4%  ails2  k=4
21:09:21 | i 59 | [ ASYNC BG] bg_ails  65.92s / 62.25s / 105.9%
21:09:21 | i 60 | [HAOS ROLL] k=4  λ=0.0  vb  kmeans  ails2  P≈0.002489
21:09:21 | i 60 | [ Summary ] cost=410139.00  Δ_S*=+0.39%  Δ_BKS=+0.62%  Δ_S*_BKS=+0.22%  no_improve=34
21:09:21 | i 61 | [HAOS ROLL] k=8  λ=0.6  vb  kmedoids  filo  P≈0.002287
21:09:21 | i 61 | [Phase 1/3] decompose  0.65s / — / —  λ=0.6  vb kmedoids
21:09:57 | i 61 | [Phase 2/3] route  35.13s / 34.86s / 100.8%  filo  k=8
21:10:25 | i 60 | [ ASYNC BG] bg_ails  63.81s / 60.00s / 106.4%
21:10:25 | i 61 | [HAOS ROLL] k=8  λ=0.6  vb  kmedoids  filo  P≈0.002287
21:10:25 | i 61 | [ Summary ] cost=416660.00  Δ_S*=+1.99%  Δ_BKS=+2.22%  Δ_S*_BKS=+0.22%  no_improve=36
21:10:25 | i 62 | [HAOS ROLL] k=4  λ=0.0  vb  kmeans  filo  P≈0.008571
21:10:25 | i 62 | [Phase 1/3] decompose  0.35s / — / —  λ=0.0  vb kmeans
21:11:20 | i 62 | [Phase 2/3] route  55.12s / 54.66s / 100.8%  filo  k=4
21:11:28 | i 61 | [ ASYNC BG] bg_ails  63.71s / 60.00s / 106.2%
21:11:28 | i 62 | [HAOS ROLL] k=4  λ=0.0  vb  kmeans  filo  P≈0.008571
21:11:28 | i 62 | [ Summary ] cost=412842.00  Δ_S*=+1.05%  Δ_BKS=+1.28%  Δ_S*_BKS=+0.22%  no_improve=38
21:11:28 | i 55 | [ASYNC 1/2] sp_sc  127.29s / 720.00s / 17.7%  SP  avg_coverage=34.63/5  pool=10000
21:11:28 | i 55 | [ASYNC 2/2] standard_ails  363.28s / 360.00s / 100.9%
21:12:05 | i 63 | [HAOS ROLL] k=4  λ=1.0  rb  ac_avg  ails2  P≈0.000761
21:12:06 | i 63 | [Phase 1/3] decompose  0.44s / — / —  λ=1.0  rb ac_avg
21:13:14 | i 63 | [Phase 2/3] route  68.05s / 66.90s / 101.7%  ails2  k=4
21:13:14 | i 62 | [ ASYNC BG] bg_ails  63.58s / 60.00s / 106.0%
21:13:14 | i 63 | [HAOS ROLL] k=4  λ=1.0  rb  ac_avg  ails2  P≈0.000761
21:13:14 | i 63 | [ Summary ] cost=409763.00  Δ_S*=+0.30%  Δ_BKS=+0.53%  Δ_S*_BKS=+0.22%  no_improve=41
21:13:14 | i 64 | [HAOS ROLL] k=3  λ=0.0  rb  ac_avg  filo  P≈0.000902
21:13:14 | i 64 | [Phase 1/3] decompose  0.33s / — / —  λ=0.0  rb ac_avg
21:14:51 | i 64 | [Phase 2/3] route  96.20s / 96.06s / 100.2%  filo  k=3
21:14:51 | i 63 | [ ASYNC BG] bg_ails  68.74s / 65.29s / 105.3%
21:14:51 | i 64 | [HAOS ROLL] k=3  λ=0.0  rb  ac_avg  filo  P≈0.000902
21:14:51 | i 64 | [ Summary ] cost=412085.00  Δ_S*=+0.87%  Δ_BKS=+1.10%  Δ_S*_BKS=+0.22%  no_improve=43
21:14:51 | i 65 | [HAOS ROLL] k=4  λ=0.6  rb  ac_complete  ails2  P≈0.003144
21:14:51 | i 65 | [Phase 1/3] decompose  0.44s / — / —  λ=0.6  rb ac_complete
21:15:56 | i 65 | [Phase 2/3] route  64.91s / 63.78s / 101.8%  ails2  k=4
21:16:27 | i 64 | [ ASYNC BG] bg_ails  96.64s / 93.75s / 103.1%
21:16:28 | i 65 | [HAOS ROLL] k=4  λ=0.6  rb  ac_complete  ails2  P≈0.003144
21:16:28 | i 65 | [ Summary ] cost=409287.00  Δ_S*=+0.18%  Δ_BKS=+0.41%  Δ_S*_BKS=+0.22%  no_improve=45
21:16:28 | i 66 | [HAOS ROLL] k=4  λ=0.6  rb  ac_complete  pyvrp  P≈0.001677
21:16:28 | i 66 | [Phase 1/3] decompose  0.44s / — / —  λ=0.6  rb ac_complete
21:17:35 | i 66 | [Phase 2/3] route  66.72s / 63.78s / 104.6%  pyvrp  k=4
21:17:35 | i 65 | [ ASYNC BG] bg_ails  65.73s / 62.25s / 105.6%
21:17:35 | i 66 | [HAOS ROLL] k=4  λ=0.6  rb  ac_complete  pyvrp  P≈0.001677
21:17:35 | i 66 | [ Summary ] cost=417014.00  Δ_S*=+2.08%  Δ_BKS=+2.31%  Δ_S*_BKS=+0.22%  no_improve=47
21:17:35 | i 67 | [HAOS ROLL] k=8  λ=0.4  rb  ac_complete  filo  P≈0.000919
21:17:36 | i 67 | [Phase 1/3] decompose  0.44s / — / —  λ=0.4  rb ac_complete
21:18:16 | i 67 | [Phase 2/3] route  40.11s / 40.26s / 99.6%  filo  k=8
21:18:41 | i 66 | [ ASYNC BG] bg_ails  65.78s / 62.25s / 105.7%
21:18:41 | i 67 | [HAOS ROLL] k=8  λ=0.4  rb  ac_complete  filo  P≈0.000919
21:18:41 | i 67 | [ Summary ] cost=416397.00  Δ_S*=+1.92%  Δ_BKS=+2.15%  Δ_S*_BKS=+0.22%  no_improve=49
21:18:41 | i 68 | [HAOS ROLL] k=10  λ=0.0  rb  kmeans  ails2  P≈0.000856
21:18:41 | i 68 | [Phase 1/3] decompose  0.34s / — / —  λ=0.0  rb kmeans
21:19:23 | i 68 | [Phase 2/3] route  41.78s / 21.72s / 192.3%  ails2  k=10
21:19:45 | i 67 | [ ASYNC BG] bg_ails  63.79s / 60.00s / 106.3%
21:19:45 | i 68 | [ IMPROVE ] 408523.00  via decompose_route  ·  Δ_BKS=+0.22%
21:19:45 | i 68 | [HAOS ROLL] k=10  λ=0.0  rb  kmeans  ails2  P≈0.000856
21:19:45 | i 68 | [ Summary ] cost=408523.00  Δ_S*=+0.00%  Δ_BKS=+0.22%  Δ_S*_BKS=+0.22%  no_improve=0
21:19:45 | i 69 | [HAOS ROLL] k=10  λ=0.0  rb  ac_complete  filo  P≈0.006559
21:19:45 | i 69 | [Phase 1/3] decompose  0.33s / — / —  λ=0.0  rb ac_complete
21:20:32 | i 69 | [Phase 2/3] route  47.14s / 34.62s / 136.2%  filo  k=10
21:20:48 | i 68 | [ ASYNC BG] bg_ails  63.73s / 60.00s / 106.2%
21:20:48 | i 69 | [HAOS ROLL] k=10  λ=0.0  rb  ac_complete  filo  P≈0.006559
21:20:49 | i 69 | [ Summary ] cost=417080.00  Δ_S*=+2.09%  Δ_BKS=+2.32%  Δ_S*_BKS=+0.22%  no_improve=2
21:20:49 | i 70 | [HAOS ROLL] k=10  λ=0.8  rb  ac_complete  pyvrp  P≈0.000974
21:20:49 | i 70 | [Phase 1/3] decompose  0.44s / — / —  λ=0.8  rb ac_complete
21:21:37 | i 70 | [Phase 2/3] route  47.72s / 34.62s / 137.9%  pyvrp  k=10
21:21:52 | i 69 | [ ASYNC BG] bg_ails  63.71s / 60.00s / 106.2%
21:21:52 | i 70 | [HAOS ROLL] k=10  λ=0.8  rb  ac_complete  pyvrp  P≈0.000974
21:21:52 | i 70 | [ Summary ] cost=416877.00  Δ_S*=+2.04%  Δ_BKS=+2.27%  Δ_S*_BKS=+0.22%  no_improve=4
21:21:52 | i 71 | [HAOS ROLL] k=4  λ=1.0  rb  ac_complete  ails2  P≈0.001910
21:21:53 | i 71 | [Phase 1/3] decompose  0.45s / — / —  λ=1.0  rb ac_complete
21:22:54 | i 71 | [Phase 2/3] route  60.82s / 59.04s / 103.0%  ails2  k=4
21:22:56 | i 70 | [ ASYNC BG] bg_ails  63.75s / 60.00s / 106.3%
21:22:56 | i 71 | [HAOS ROLL] k=4  λ=1.0  rb  ac_complete  ails2  P≈0.001910
21:22:56 | i 71 | [ Summary ] cost=409808.00  Δ_S*=+0.31%  Δ_BKS=+0.54%  Δ_S*_BKS=+0.22%  no_improve=6
21:22:56 | i 72 | [HAOS ROLL] k=10  λ=1.0  vb  kmedoids  filo  P≈0.001005
21:22:57 | i 72 | [Phase 1/3] decompose  0.72s / — / —  λ=1.0  vb kmedoids
21:23:32 | i 72 | [Phase 2/3] route  35.13s / 34.62s / 101.5%  filo  k=10
21:24:00 | i 71 | [ ASYNC BG] bg_ails  63.75s / 60.00s / 106.3%
21:24:00 | i 72 | [HAOS ROLL] k=10  λ=1.0  vb  kmedoids  filo  P≈0.001005
21:24:00 | i 72 | [ Summary ] cost=416337.00  Δ_S*=+1.91%  Δ_BKS=+2.14%  Δ_S*_BKS=+0.22%  no_improve=8
21:24:00 | i 73 | [HAOS ROLL] k=4  λ=0.6  rb  ac_complete  filo2  P≈0.003028
21:24:00 | i 73 | [Phase 1/3] decompose  0.45s / — / —  λ=0.6  rb ac_complete
21:24:59 | i 73 | [Phase 2/3] route  59.14s / 59.04s / 100.2%  filo2  k=4
21:25:03 | i 72 | [ ASYNC BG] bg_ails  63.75s / 60.00s / 106.2%
21:25:04 | i 73 | [HAOS ROLL] k=4  λ=0.6  rb  ac_complete  filo2  P≈0.003028
21:25:04 | i 73 | [ Summary ] cost=412146.00  Δ_S*=+0.89%  Δ_BKS=+1.11%  Δ_S*_BKS=+0.22%  no_improve=10
21:25:04 | i 74 | [HAOS ROLL] k=3  λ=0.0  rb  ac_complete  filo  P≈0.002975
21:25:04 | i 74 | [Phase 1/3] decompose  0.35s / — / —  λ=0.0  rb ac_complete
21:26:30 | i 74 | [Phase 2/3] route  86.19s / 86.10s / 100.1%  filo  k=3
21:26:30 | i 73 | [ ASYNC BG] bg_ails  63.68s / 60.00s / 106.1%
21:26:30 | i 74 | [HAOS ROLL] k=3  λ=0.0  rb  ac_complete  filo  P≈0.002975
21:26:30 | i 74 | [ Summary ] cost=412259.00  Δ_S*=+0.91%  Δ_BKS=+1.14%  Δ_S*_BKS=+0.22%  no_improve=12
21:26:30 | i 75 | [HAOS ROLL] k=2  λ=0.2  vb  kmeans  ails2  P≈0.000280
21:26:31 | i 75 | [Phase 1/3] decompose  0.44s / — / —  λ=0.2  vb kmeans
21:28:39 | i 75 | [Phase 2/3] route  128.32s / 126.24s / 101.6%  ails2  k=2
21:28:39 | i 74 | [ ASYNC BG] bg_ails  87.76s / 84.03s / 104.4%
21:28:39 | i 75 | [HAOS ROLL] k=2  λ=0.2  vb  kmeans  ails2  P≈0.000280
21:28:39 | i 75 | [ Summary ] cost=409298.00  Δ_S*=+0.19%  Δ_BKS=+0.41%  Δ_S*_BKS=+0.22%  no_improve=14
21:28:39 | i 76 | [HAOS ROLL] k=12  λ=0.6  rb  ac_complete  filo  P≈0.003159
21:28:40 | i 76 | [Phase 1/3] decompose  0.45s / — / —  λ=0.6  rb ac_complete
21:29:15 | i 76 | [Phase 2/3] route  35.13s / 34.62s / 101.5%  filo  k=12
21:30:46 | i 75 | [ ASYNC BG] bg_ails  126.83s / 123.21s / 102.9%
21:30:46 | i 76 | [HAOS ROLL] k=12  λ=0.6  rb  ac_complete  filo  P≈0.003159
21:30:46 | i 76 | [ Summary ] cost=418552.00  Δ_S*=+2.45%  Δ_BKS=+2.68%  Δ_S*_BKS=+0.22%  no_improve=16
21:30:46 | i 71 | [ASYNC 1/2] sp_sc  63.33s / 720.00s / 8.8%  SP  avg_coverage=34.59/5  pool=10000
21:30:46 | i 71 | [ASYNC 2/2] standard_ails  363.16s / 360.00s / 100.9%
21:31:23 | i 71 | [ IMPROVE ] 408501.00  via standard_ails  ·  Δ_BKS=+0.22%
21:31:23 | i 77 | [HAOS ROLL] k=2  λ=0.6  vb  kmeans  filo2  P≈0.000677
21:31:24 | i 77 | [Phase 1/3] decompose  0.43s / — / —  λ=0.6  vb kmeans
21:33:30 | i 77 | [Phase 2/3] route  126.28s / 126.12s / 100.1%  filo2  k=2
21:33:30 | i 76 | [ ASYNC BG] bg_ails  63.75s / 60.00s / 106.3%
21:33:30 | i 77 | [HAOS ROLL] k=2  λ=0.6  vb  kmeans  filo2  P≈0.000677
21:33:30 | i 77 | [ Summary ] cost=410672.00  Δ_S*=+0.53%  Δ_BKS=+0.75%  Δ_S*_BKS=+0.22%  no_improve=2
21:33:30 | i 78 | [HAOS ROLL] k=4  λ=0.8  rb  ac_complete  filo  P≈0.003755
21:33:31 | i 78 | [Phase 1/3] decompose  0.44s / — / —  λ=0.8  rb ac_complete
21:34:38 | i 78 | [Phase 2/3] route  67.13s / 66.54s / 100.9%  filo  k=4
21:35:37 | i 77 | [ ASYNC BG] bg_ails  126.75s / 123.09s / 103.0%
21:35:37 | i 78 | [HAOS ROLL] k=4  λ=0.8  rb  ac_complete  filo  P≈0.003755
21:35:37 | i 78 | [ Summary ] cost=413842.00  Δ_S*=+1.31%  Δ_BKS=+1.53%  Δ_S*_BKS=+0.22%  no_improve=4
21:35:37 | i 79 | [HAOS ROLL] k=10  λ=0.6  vb  ac_complete  ails2  P≈0.001028
21:35:38 | i 79 | [Phase 1/3] decompose  0.63s / — / —  λ=0.6  vb ac_complete
21:36:19 | i 79 | [Phase 2/3] route  41.83s / 40.92s / 102.2%  ails2  k=10
21:36:44 | i 78 | [ ASYNC BG] bg_ails  67.77s / 64.94s / 104.4%
21:36:45 | i 79 | [HAOS ROLL] k=10  λ=0.6  vb  ac_complete  ails2  P≈0.001028
21:36:45 | i 79 | [ Summary ] cost=414202.00  Δ_S*=+1.40%  Δ_BKS=+1.62%  Δ_S*_BKS=+0.22%  no_improve=6
21:36:45 | i 80 | [HAOS ROLL] k=2  λ=0.6  rb  ac_avg  filo2  P≈0.000616
21:36:45 | i 80 | [Phase 1/3] decompose  0.43s / — / —  λ=0.6  rb ac_avg
21:38:56 | i 80 | [Phase 2/3] route  130.30s / 129.54s / 100.6%  filo2  k=2
21:38:56 | i 79 | [ ASYNC BG] bg_ails  63.79s / 60.38s / 105.7%
21:38:56 | i 80 | [HAOS ROLL] k=2  λ=0.6  rb  ac_avg  filo2  P≈0.000616
21:38:56 | i 80 | [ Summary ] cost=410994.00  Δ_S*=+0.61%  Δ_BKS=+0.83%  Δ_S*_BKS=+0.22%  no_improve=8
21:38:56 | i 81 | [HAOS ROLL] k=10  λ=0.0  vb  ac_avg  filo  P≈0.003083
21:38:56 | i 81 | [Phase 1/3] decompose  0.54s / — / —  λ=0.0  vb ac_avg
21:39:49 | i 81 | [Phase 2/3] route  52.14s / 52.44s / 99.4%  filo  k=10
21:41:05 | i 80 | [ ASYNC BG] bg_ails  129.67s / 126.43s / 102.6%
21:41:05 | i 81 | [HAOS ROLL] k=10  λ=0.0  vb  ac_avg  filo  P≈0.003083
21:41:06 | i 81 | [ Summary ] cost=416268.00  Δ_S*=+1.90%  Δ_BKS=+2.12%  Δ_S*_BKS=+0.22%  no_improve=10
21:41:06 | i 82 | [HAOS ROLL] k=10  λ=0.4  rb  kmeans  filo  P≈0.001190
21:41:06 | i 82 | [Phase 1/3] decompose  0.44s / — / —  λ=0.4  rb kmeans
21:41:43 | i 82 | [Phase 2/3] route  37.12s / 21.78s / 170.4%  filo  k=10
21:42:09 | i 81 | [ ASYNC BG] bg_ails  63.68s / 60.00s / 106.1%
21:42:09 | i 82 | [HAOS ROLL] k=10  λ=0.4  rb  kmeans  filo  P≈0.001190
21:42:09 | i 82 | [ Summary ] cost=418647.00  Δ_S*=+2.48%  Δ_BKS=+2.71%  Δ_S*_BKS=+0.22%  no_improve=12
21:42:09 | i 83 | [HAOS ROLL] k=10  λ=0.6  rb  kmeans  filo  P≈0.007420
21:42:10 | i 83 | [Phase 1/3] decompose  0.45s / — / —  λ=0.6  rb kmeans
21:42:49 | i 83 | [Phase 2/3] route  39.12s / 26.94s / 145.2%  filo  k=10
21:43:13 | i 82 | [ ASYNC BG] bg_ails  63.80s / 60.00s / 106.3%
21:43:13 | i 83 | [HAOS ROLL] k=10  λ=0.6  rb  kmeans  filo  P≈0.007420
21:43:13 | i 83 | [ Summary ] cost=417691.00  Δ_S*=+2.25%  Δ_BKS=+2.47%  Δ_S*_BKS=+0.22%  no_improve=14
21:43:13 | i 84 | [HAOS ROLL] k=4  λ=0.6  vb  kmeans  filo2  P≈0.002539
21:43:14 | i 84 | [Phase 1/3] decompose  0.45s / — / —  λ=0.6  vb kmeans
21:44:09 | i 84 | [Phase 2/3] route  55.13s / 54.54s / 101.1%  filo2  k=4
21:44:17 | i 83 | [ ASYNC BG] bg_ails  63.89s / 60.00s / 106.5%
21:44:17 | i 84 | [HAOS ROLL] k=4  λ=0.6  vb  kmeans  filo2  P≈0.002539
21:44:17 | i 84 | [ Summary ] cost=412797.00  Δ_S*=+1.05%  Δ_BKS=+1.27%  Δ_S*_BKS=+0.22%  no_improve=16
21:44:17 | i 85 | [HAOS ROLL] k=10  λ=0.2  vb  kmedoids  filo  P≈0.001247
21:44:18 | i 85 | [Phase 1/3] decompose  0.62s / — / —  λ=0.2  vb kmedoids
21:45:02 | i 85 | [Phase 2/3] route  44.13s / 35.22s / 125.3%  filo  k=10
21:45:21 | i 84 | [ ASYNC BG] bg_ails  64.08s / 60.00s / 106.8%
21:45:21 | i 85 | [HAOS ROLL] k=10  λ=0.2  vb  kmedoids  filo  P≈0.001247
21:45:21 | i 85 | [ Summary ] cost=415548.00  Δ_S*=+1.73%  Δ_BKS=+1.95%  Δ_S*_BKS=+0.22%  no_improve=18
21:45:21 | i 86 | [HAOS ROLL] k=3  λ=0.4  vb  kmedoids  filo  P≈0.000230
21:45:22 | i 86 | [Phase 1/3] decompose  0.92s / — / —  λ=0.4  vb kmedoids
21:46:47 | i 86 | [Phase 2/3] route  85.20s / 85.20s / 100.0%  filo  k=3
21:46:47 | i 85 | [ ASYNC BG] bg_ails  63.87s / 60.00s / 106.5%
21:46:47 | i 86 | [HAOS ROLL] k=3  λ=0.4  vb  kmedoids  filo  P≈0.000230
21:46:47 | i 86 | [ Summary ] cost=412599.00  Δ_S*=+1.00%  Δ_BKS=+1.22%  Δ_S*_BKS=+0.22%  no_improve=20
21:46:47 | i 87 | [HAOS ROLL] k=12  λ=0.6  vb  fcm  filo  P≈0.000918
21:46:48 | i 87 | [Phase 1/3] decompose  0.70s / — / —  λ=0.6  vb fcm
21:47:24 | i 87 | [Phase 2/3] route  36.12s / 19.08s / 189.3%  filo  k=12
21:48:14 | i 86 | [ ASYNC BG] bg_ails  86.85s / 83.16s / 104.4%
21:48:14 | i 87 | [HAOS ROLL] k=12  λ=0.6  vb  fcm  filo  P≈0.000918
21:48:14 | i 87 | [ Summary ] cost=418000.00  Δ_S*=+2.33%  Δ_BKS=+2.55%  Δ_S*_BKS=+0.22%  no_improve=22
21:48:14 | i 88 | [HAOS ROLL] k=10  λ=0.2  vb  fcm  filo  P≈0.001641
21:48:15 | i 88 | [Phase 1/3] decompose  0.67s / — / —  λ=0.2  vb fcm
21:48:52 | i 88 | [Phase 2/3] route  37.11s / 24.78s / 149.8%  filo  k=10
21:49:18 | i 87 | [ ASYNC BG] bg_ails  64.21s / 60.00s / 107.0%
21:49:19 | i 88 | [HAOS ROLL] k=10  λ=0.2  vb  fcm  filo  P≈0.001641
21:49:19 | i 88 | [ Summary ] cost=417790.00  Δ_S*=+2.27%  Δ_BKS=+2.50%  Δ_S*_BKS=+0.22%  no_improve=24
21:49:19 | i 89 | [HAOS ROLL] k=6  λ=0.6  rb  kmeans  filo2  P≈0.000856
21:49:19 | i 89 | [Phase 1/3] decompose  0.46s / — / —  λ=0.6  rb kmeans
21:49:55 | i 89 | [Phase 2/3] route  36.12s / 36.18s / 99.8%  filo2  k=6
21:50:22 | i 88 | [ ASYNC BG] bg_ails  64.10s / 60.00s / 106.8%
21:50:23 | i 89 | [HAOS ROLL] k=6  λ=0.6  rb  kmeans  filo2  P≈0.000856
21:50:23 | i 89 | [ Summary ] cost=414148.00  Δ_S*=+1.38%  Δ_BKS=+1.60%  Δ_S*_BKS=+0.22%  no_improve=26
21:50:23 | i 83 | [ASYNC 1/2] sp_sc  50.30s / 720.00s / 7.0%  SP  avg_coverage=34.45/5  pool=10000
21:50:23 | i 83 | [ASYNC 2/2] standard_ails  363.33s / 360.00s / 100.9%
21:51:00 | i 90 | [HAOS ROLL] k=10  λ=0.6  vb  kmedoids  filo2  P≈0.002454
21:51:00 | i 90 | [Phase 1/3] decompose  0.63s / — / —  λ=0.6  vb kmedoids
21:51:35 | i 90 | [Phase 2/3] route  34.13s / 34.26s / 99.6%  filo2  k=10
21:51:35 | i 89 | [ ASYNC BG] bg_ails  63.73s / 60.00s / 106.2%
21:51:35 | i 90 | [HAOS ROLL] k=10  λ=0.6  vb  kmedoids  filo2  P≈0.002454
21:51:35 | i 90 | [ Summary ] cost=415346.00  Δ_S*=+1.68%  Δ_BKS=+1.90%  Δ_S*_BKS=+0.22%  no_improve=29
21:51:35 | i 91 | [HAOS ROLL] k=6  λ=0.4  rb  ac_complete  filo  P≈0.000976
21:51:35 | i 91 | [Phase 1/3] decompose  0.43s / — / —  λ=0.4  rb ac_complete
21:52:19 | i 91 | [Phase 2/3] route  44.13s / 44.16s / 99.9%  filo  k=6
21:52:38 | i 90 | [ ASYNC BG] bg_ails  63.74s / 60.00s / 106.2%
21:52:39 | i 91 | [HAOS ROLL] k=6  λ=0.4  rb  ac_complete  filo  P≈0.000976
21:52:39 | i 91 | [ Summary ] cost=414612.00  Δ_S*=+1.50%  Δ_BKS=+1.72%  Δ_S*_BKS=+0.22%  no_improve=31
21:52:39 | i 92 | [HAOS ROLL] k=10  λ=0.2  rb  kmeans  filo2  P≈0.001076
21:52:39 | i 92 | [Phase 1/3] decompose  0.43s / — / —  λ=0.2  rb kmeans
21:53:13 | i 92 | [Phase 2/3] route  34.11s / 24.72s / 138.0%  filo2  k=10
21:53:13 | i 92 | [HAOS ROLL] k=10  λ=0.2  rb  kmeans  filo2  P≈0.001076
21:53:14 | i 92 | [ Summary ] cost=417929.00  Δ_S*=+2.31%  Δ_BKS=+2.53%  Δ_S*_BKS=+0.22%  no_improve=32
21:53:14 | i — | [  FINAL  ] async BG-AILS totals launched=90 applied=90 adopted=3 launch_skipped_cap=2 crashes=0 discarded_in_flight=False block_wait_total_s=1837.7
21:53:14 | i — | [  FINAL  ] async SP/SC totals invocations=6 adopted=3 skipped=0 discarded_in_flight=False sp_busy_frac=0.4159230817507376
21:53:14 | i — | [  FINAL  ] ════════════════════════════════════════
21:53:14 | i — | [  FINAL  ] Run complete  iterations=92  elapsed=02:00:30  best=408501.00
21:53:14 | i — | [  FINAL  ] Δ_BKS=+0.22%  no_improve_stop=False  time_stop=True  cancelled=False
21:53:14 | i — | [  FINAL  ] 
21:53:14 | i — | [  FINAL  ] [BEST SOLUTION — HAOS TAG SUMMARY]
21:53:14 | i — | [  FINAL  ] ────────────────────────────────────────
21:53:14 | i — | [  FINAL  ]   4 routes  rb  ac_avg  k=4  λ=1.0  solver=ails2
21:53:14 | i — | [  FINAL  ]   4 routes  vb  kmeans  k=10  λ=0.6  solver=ails2
21:53:14 | i — | [  FINAL  ]   3 routes  rb  ac_complete  k=8  λ=0.4  solver=filo
21:53:14 | i — | [  FINAL  ]   3 routes  vb  kmeans  k=2  λ=0.2  solver=ails2
21:53:14 | i — | [  FINAL  ]   3 routes  vb  ac_avg  k=4  λ=0.4  solver=pyvrp
21:53:14 | i — | [  FINAL  ]   2 routes  rb  kmeans  k=10  λ=0.0  solver=ails2
21:53:14 | i — | [  FINAL  ]   2 routes  rb  ac_avg  k=3  λ=0.0  solver=filo
21:53:14 | i — | [  FINAL  ]   2 routes  rb  ac_complete  k=10  λ=0.0  solver=filo
21:53:14 | i — | [  FINAL  ]   2 routes  rb  ac_complete  k=4  λ=0.6  solver=pyvrp
21:53:14 | i — | [  FINAL  ]   2 routes  vb  kmeans  k=4  λ=0.0  solver=filo2
21:53:14 | i — | [  FINAL  ]   2 routes  rb  ac_complete  k=10  λ=0.8  solver=pyvrp
21:53:14 | i — | [  FINAL  ]   2 routes  vb  kmeans  k=3  λ=0.6  solver=filo2
21:53:14 | i — | [  FINAL  ]   2 routes  vb  kmeans  k=4  λ=0.0  solver=filo
21:53:14 | i — | [  FINAL  ]   1 routes  vb  fcm  k=8  λ=0.8  solver=filo
21:53:14 | i — | [  FINAL  ]   1 routes  rb  ac_complete  k=4  λ=0.6  solver=filo2
21:53:14 | i — | [  FINAL  ]   1 routes  vb  kmedoids  k=8  λ=1.0  solver=filo
21:53:14 | i — | [  FINAL  ]   1 routes  rb  ac_complete  k=12  λ=0.6  solver=filo
21:53:14 | i — | [  FINAL  ]   1 routes  rb  ac_complete  k=4  λ=0.8  solver=filo2
21:53:14 | i — | [  FINAL  ]   1 routes  vb  kmeans  k=4  λ=0.0  solver=ails2
21:53:14 | i — | [  FINAL  ]   1 routes  vb  ac_complete  k=4  λ=0.0  solver=filo2
21:53:14 | i — | [  FINAL  ]   1 routes  rb  ac_complete  k=4  λ=0.8  solver=filo
21:53:14 | i — | [  FINAL  ]   1 routes  rb  kmeans  k=8  λ=1.0  solver=filo2
21:53:14 | i — | [  FINAL  ]   1 routes  vb  ac_avg  k=10  λ=0.6  solver=filo2
21:53:14 | i — | [  FINAL  ]   1 routes  vb  kmeans  k=6  λ=0.6  solver=filo
21:53:14 | i — | [  FINAL  ]   1 routes  rb  ac_complete  k=4  λ=1.0  solver=ails2
21:53:14 | i — | [  FINAL  ]   1 routes  rb  ac_complete  k=3  λ=0.0  solver=filo
21:53:14 | i — | [  FINAL  ]   1 routes  vb  kmeans  k=8  λ=0.4  solver=pyvrp
21:53:14 | i — | [  FINAL  ]   1 routes  vb  ac_avg  k=4  λ=0.8  solver=ails2
21:53:14 | i — | [  FINAL  ]   238 routes  post-SP/SC improvement
21:53:14 | i — | [  FINAL  ] 
21:53:14 | i — | [  FINAL  ] [ROUTE POOL — HAOS TAG SUMMARY]
21:53:14 | i — | [  FINAL  ] ────────────────────────────────────────
21:53:14 | i — | [  FINAL  ]   464 routes  vb  kmedoids  k=10  λ=0.6  solver=filo2
21:53:14 | i — | [  FINAL  ]   401 routes  rb  ac_complete  k=4  λ=0.8  solver=filo
21:53:14 | i — | [  FINAL  ]   399 routes  rb  kmeans  k=6  λ=0.6  solver=filo2
21:53:14 | i — | [  FINAL  ]   386 routes  vb  ac_complete  k=10  λ=0.6  solver=ails2
21:53:14 | i — | [  FINAL  ]   375 routes  vb  fcm  k=12  λ=0.6  solver=filo
21:53:14 | i — | [  FINAL  ]   374 routes  vb  ac_avg  k=10  λ=0.0  solver=filo
21:53:14 | i — | [  FINAL  ]   366 routes  vb  kmeans  k=2  λ=0.6  solver=filo2
21:53:14 | i — | [  FINAL  ]   366 routes  rb  ac_avg  k=2  λ=0.6  solver=filo2
21:53:14 | i — | [  FINAL  ]   361 routes  rb  kmeans  k=10  λ=0.4  solver=filo
21:53:14 | i — | [  FINAL  ]   358 routes  vb  kmedoids  k=10  λ=0.2  solver=filo
21:53:14 | i — | [  FINAL  ]   349 routes  rb  kmeans  k=10  λ=0.6  solver=filo
21:53:14 | i — | [  FINAL  ]   349 routes  vb  kmeans  k=4  λ=0.6  solver=filo2
21:53:14 | i — | [  FINAL  ]   342 routes  vb  kmedoids  k=3  λ=0.4  solver=filo
21:53:14 | i — | [  FINAL  ]   338 routes  vb  fcm  k=10  λ=0.2  solver=filo
21:53:14 | i — | [  FINAL  ]   216 routes  vb  kmeans  k=4  λ=0.0  solver=filo
21:53:14 | i — | [  FINAL  ]   209 routes  rb  ac_complete  k=12  λ=0.6  solver=filo
21:53:14 | i — | [  FINAL  ]   199 routes  rb  ac_complete  k=6  λ=0.4  solver=filo
21:53:14 | i — | [  FINAL  ]   196 routes  rb  kmeans  k=10  λ=0.2  solver=filo2
21:53:14 | i — | [  FINAL  ]   160 routes  vb  kmeans  k=8  λ=0.6  solver=ails2
21:53:14 | i — | [  FINAL  ]   154 routes  vb  kmeans  k=4  λ=1.0  solver=filo
21:53:14 | i — | [  FINAL  ]   150 routes  rb  ac_complete  k=10  λ=1.0  solver=ails2
21:53:14 | i — | [  FINAL  ]   144 routes  rb  kmeans  k=10  λ=0.0  solver=ails2
21:53:14 | i — | [  FINAL  ]   140 routes  vb  ac_complete  k=10  λ=0.0  solver=filo
21:53:14 | i — | [  FINAL  ]   138 routes  vb  kmeans  k=10  λ=1.0  solver=filo2
21:53:14 | i — | [  FINAL  ]   138 routes  vb  kmeans  k=4  λ=0.0  solver=filo2
21:53:14 | i — | [  FINAL  ]   136 routes  rb  ac_avg  k=4  λ=1.0  solver=ails2
21:53:14 | i — | [  FINAL  ]   135 routes  rb  kmeans  k=8  λ=1.0  solver=filo2
21:53:14 | i — | [  FINAL  ]   134 routes  vb  kmeans  k=8  λ=0.4  solver=pyvrp
21:53:14 | i — | [  FINAL  ]   132 routes  rb  ac_avg  k=6  λ=0.2  solver=filo
21:53:14 | i — | [  FINAL  ]   130 routes  rb  ac_complete  k=10  λ=0.8  solver=pyvrp
21:53:14 | i — | [  FINAL  ]   116 routes  rb  ac_complete  k=8  λ=0.4  solver=filo
21:53:14 | i — | [  FINAL  ]   115 routes  rb  ac_avg  k=3  λ=0.0  solver=filo
21:53:14 | i — | [  FINAL  ]   110 routes  rb  ac_complete  k=4  λ=0.6  solver=pyvrp
21:53:14 | i — | [  FINAL  ]   108 routes  rb  ac_complete  k=8  λ=0.0  solver=pyvrp
21:53:14 | i — | [  FINAL  ]   93 routes  vb  ac_avg  k=4  λ=0.4  solver=pyvrp
21:53:14 | i — | [  FINAL  ]   93 routes  rb  ac_complete  k=10  λ=0.0  solver=filo
21:53:14 | i — | [  FINAL  ]   91 routes  rb  ac_complete  k=4  λ=0.6  solver=ails2
21:53:14 | i — | [  FINAL  ]   87 routes  rb  ac_complete  k=4  λ=1.0  solver=ails2
21:53:14 | i — | [  FINAL  ]   62 routes  vb  kmedoids  k=4  λ=0.0  solver=filo
21:53:14 | i — | [  FINAL  ]   38 routes  vb  kmedoids  k=8  λ=0.6  solver=filo
21:53:14 | i — | [  FINAL  ]   38 routes  vb  ac_avg  k=4  λ=0.8  solver=ails2
21:53:14 | i — | [  FINAL  ]   38 routes  vb  kmeans  k=2  λ=0.2  solver=ails2
21:53:14 | i — | [  FINAL  ]   34 routes  vb  kmedoids  k=10  λ=1.0  solver=filo
21:53:14 | i — | [  FINAL  ]   32 routes  vb  kmeans  k=4  λ=0.0  solver=ails2
21:53:14 | i — | [  FINAL  ]   30 routes  rb  ac_avg  k=4  λ=0.8  solver=filo
21:53:14 | i — | [  FINAL  ]   30 routes  vb  kmedoids  k=8  λ=1.0  solver=filo
21:53:14 | i — | [  FINAL  ]   20 routes  rb  ac_complete  k=4  λ=0.6  solver=filo2
21:53:14 | i — | [  FINAL  ]   20 routes  rb  ac_complete  k=3  λ=0.0  solver=filo
21:53:14 | i — | [  FINAL  ]   11 routes  vb  kmeans  k=8  λ=1.0  solver=pyvrp
21:53:14 | i — | [  FINAL  ]   10 routes  rb  kmeans  k=6  λ=0.0  solver=pyvrp
21:53:14 | i — | [  FINAL  ]   10 routes  rb  ac_complete  k=10  λ=0.6  solver=filo
21:53:14 | i — | [  FINAL  ]   9 routes  vb  kmeans  k=10  λ=0.6  solver=ails2
21:53:14 | i — | [  FINAL  ]   9 routes  vb  kmeans  k=6  λ=0.6  solver=filo
21:53:14 | i — | [  FINAL  ]   9 routes  vb  ac_avg  k=10  λ=0.6  solver=filo2
21:53:14 | i — | [  FINAL  ]   9 routes  rb  ac_complete  k=3  λ=0.2  solver=ails2
21:53:14 | i — | [  FINAL  ]   9 routes  vb  kmeans  k=8  λ=0.6  solver=filo
21:53:14 | i — | [  FINAL  ]   9 routes  vb  fcm  k=10  λ=0.6  solver=pyvrp
21:53:14 | i — | [  FINAL  ]   9 routes  vb  ac_avg  k=4  λ=0.0  solver=filo
21:53:14 | i — | [  FINAL  ]   9 routes  vb  fcm  k=4  λ=0.6  solver=filo
21:53:14 | i — | [  FINAL  ]   9 routes  vb  ac_avg  k=4  λ=0.6  solver=pyvrp
21:53:14 | i — | [  FINAL  ]   8 routes  vb  ac_avg  k=3  λ=0.6  solver=filo
21:53:14 | i — | [  FINAL  ]   8 routes  vb  kmeans  k=3  λ=0.6  solver=filo2
21:53:14 | i — | [  FINAL  ]   8 routes  vb  ac_avg  k=2  λ=0.0  solver=filo
21:53:14 | i — | [  FINAL  ]   7 routes  vb  kmeans  k=12  λ=0.0  solver=filo
21:53:14 | i — | [  FINAL  ]   7 routes  vb  kmeans  k=12  λ=0.4  solver=filo
21:53:14 | i — | [  FINAL  ]   7 routes  vb  kmedoids  k=8  λ=0.0  solver=pyvrp
21:53:14 | i — | [  FINAL  ]   7 routes  vb  kmeans  k=12  λ=0.6  solver=filo
21:53:14 | i — | [  FINAL  ]   6 routes  vb  kmeans  k=6  λ=0.8  solver=ails2
21:53:14 | i — | [  FINAL  ]   5 routes  vb  kmeans  k=12  λ=0.0  solver=filo2
21:53:14 | i — | [  FINAL  ]   5 routes  vb  kmeans  k=10  λ=0.6  solver=filo
21:53:14 | i — | [  FINAL  ]   5 routes  rb  kmeans  k=10  λ=0.0  solver=pyvrp
21:53:14 | i — | [  FINAL  ]   5 routes  vb  ac_complete  k=4  λ=0.0  solver=filo2
21:53:14 | i — | [  FINAL  ]   5 routes  rb  kmeans  k=10  λ=0.6  solver=ails2
21:53:14 | i — | [  FINAL  ]   5 routes  vb  fcm  k=8  λ=0.8  solver=filo
21:53:14 | i — | [  FINAL  ]   3 routes  rb  ac_avg  k=2  λ=0.4  solver=pyvrp
21:53:14 | i — | [  FINAL  ]   3 routes  rb  kmeans  k=10  λ=0.2  solver=filo
21:53:14 | i — | [  FINAL  ]   3 routes  rb  ac_complete  k=4  λ=0.8  solver=filo2
21:53:14 | i — | [  FINAL  ]   3 routes  vb  kmeans  k=10  λ=0.6  solver=filo2
21:53:14 | i — | [  FINAL  ]   3 routes  vb  fcm  k=4  λ=0.6  solver=ails2
21:53:14 | i — | [  FINAL  ]   2 routes  vb  fcm  k=12  λ=0.8  solver=filo2
21:53:14 | i — | [  FINAL  ]   2 routes  vb  ac_avg  k=6  λ=0.2  solver=filo
21:53:14 | i — | [  FINAL  ]   887 routes  post-SP/SC improvement
21:53:14 | i — | [  FINAL  ] ════════════════════════════════════════
