06:23:23 | i — | [  INIT   ] ════════════════════════════════════════
06:23:23 | i — | [  INIT   ] DRISPI  instance=X-n3408-k524  n=3407  capacity=353
06:23:23 | i — | [  INIT   ] k domain (computed at init): [2, 3, 4, 6, 8, 10, 12]  k_ext=12  k_min=524  k_ext_bound=n_bound  spacing_rejected=0
06:23:23 | i — | [  INIT   ] ══════════════════════════════════════════════════════
06:23:23 | i — | [  INIT   ] CONFIGURATION
06:23:23 | i — | [  INIT   ] ── stopping ────────────────────────────────
06:23:23 | i — | [  INIT   ]   time_limit                  = 7200.0
06:23:23 | i — | [  INIT   ]   max_no_improve              = 1000000000
06:23:23 | i — | [  INIT   ] ── parallelism ─────────────────────────────
06:23:23 | i — | [  INIT   ]   n_workers                   = 8
06:23:23 | i — | [  INIT   ] ── cores ───────────────────────────────────
06:23:23 | i — | [  INIT   ]   cores_total                 = 8
06:23:23 | i — | [  INIT   ]   cores_dri                   = 6
06:23:23 | i — | [  INIT   ]   cores_bg                    = 1
06:23:23 | i — | [  INIT   ]   cores_sp                    = 1
06:23:23 | i — | [  INIT   ]   cores_cpu_list              = None
06:23:23 | i — | [  INIT   ] ── sp/sc ───────────────────────────────────
06:23:23 | i — | [  INIT   ]   sp_sc_mode                  = async
06:23:23 | i — | [  INIT   ]   sp_sc_trigger               = wallclock
06:23:23 | i — | [  INIT   ]   interval_minutes            = 20.0
06:23:23 | i — | [  INIT   ]   overlap_policy              = skip
06:23:23 | i — | [  INIT   ]   warmup_iterations           = 5
06:23:23 | i — | [  INIT   ]   sp_interval                 = 3
06:23:23 | i — | [  INIT   ]   min_coverage                = 5
06:23:23 | i — | [  INIT   ]   sp_time_limit               = 720.0
06:23:23 | i — | [  INIT   ]   mip_gap                     = 0.00025
06:23:23 | i — | [  INIT   ] ── decomposition ───────────────────────────
06:23:23 | i — | [  INIT   ]   decomp_k_base_arms          = [2, 3, 4, 6, 8, 10, 12]
06:23:23 | i — | [  INIT   ]   decomp_k_max_arms           = 10
06:23:23 | i — | [  INIT   ]   decomp_k_ext_per_1000       = 4
06:23:23 | i — | [  INIT   ]   decomp_k_min_routes_per_cluster= 8
06:23:23 | i — | [  INIT   ]   decomp_k_min_arm_spacing    = 2
06:23:23 | i — | [  INIT   ]   subcluster_rate_s_per_customer= 0.06
06:23:23 | i — | [  INIT   ]   subcluster_floor_s          = 5.0
06:23:23 | i — | [  INIT   ] ── bg_ails ─────────────────────────────────
06:23:23 | i — | [  INIT   ]   bg_ails_mode                = async
06:23:23 | i — | [  INIT   ]   bg_ails_crash_threshold     = 1
06:23:23 | i — | [  INIT   ]   bg_ails_budget_mode         = predicted_dr_wall
06:23:23 | i — | [  INIT   ]   bg_ails_budget_floor_s      = 60.0
06:23:23 | i — | [  INIT   ]   bg_ails_budget_margin       = 1.0
06:23:23 | i — | [  INIT   ]   bg_ails_wall_model_scale    = 0.976
06:23:23 | i — | [  INIT   ]   bg_ails_wall_model_wave_exponent= -0.18
06:23:23 | i — | [  INIT   ]   bg_ails_initial_omega       = 10
06:23:23 | i — | [  INIT   ]   bg_ails_boundary_threshold  = 0.5
06:23:23 | i — | [  INIT   ]   bg_ails_small_cluster_cap   = 20
06:23:23 | i — | [  INIT   ]   bg_ails_small_cluster_alpha = 0.5
06:23:23 | i — | [  INIT   ]   bg_ails_pair_selection      = greedy
06:23:23 | i — | [  INIT   ]   bg_ails_n_chains_mode       = k
06:23:23 | i — | [  INIT   ]   bg_ails_unique_first_routes = True
06:23:23 | i — | [  INIT   ]   bg_ails_boundary_mask_first_ls= True
06:23:23 | i — | [  INIT   ] ── standard_improvement ────────────────────
06:23:23 | i — | [  INIT   ]   standard_improvement_time_limit= 360.0
06:23:23 | i — | [  INIT   ] ── pool ────────────────────────────────────
06:23:23 | i — | [  INIT   ]   max_pool_size               = 10000
06:23:23 | i — | [  INIT   ]   pool_diversity_weight       = 0.5
06:23:23 | i — | [  INIT   ] ── haos ────────────────────────────────────
06:23:23 | i — | [  INIT   ]   haos_decay                  = 0.95
06:23:23 | i — | [  INIT   ]   haos_warmup                 = 10
06:23:23 | i — | [  INIT   ]   haos_starting_weight        = 10.0
06:23:23 | i — | [  INIT   ]   haos_min_weight_k           = 0.025
06:23:23 | i — | [  INIT   ]   haos_min_weight_lambda      = 0.05
06:23:23 | i — | [  INIT   ]   haos_min_weight_paradigm    = 0.1
06:23:23 | i — | [  INIT   ]   haos_min_weight_vertex_method= 0.05
06:23:23 | i — | [  INIT   ]   haos_min_weight_route_method= 0.05
06:23:23 | i — | [  INIT   ]   haos_min_weight_solver      = 0.05
06:23:23 | i — | [  INIT   ]   haos_lambda_demand_values   = [0.0, 0.2, 0.4, 0.6, 0.8, 1.0]
06:23:23 | i — | [  INIT   ]   haos_paradigm_values        = ['vertex', 'route']
06:23:23 | i — | [  INIT   ]   haos_vertex_method_values   = ['kmeans', 'agglomerative_avg', 'agglomerative_complete', 'kmedoids', 'fcm']
06:23:23 | i — | [  INIT   ]   haos_route_method_values    = ['kmeans', 'agglomerative_avg', 'agglomerative_complete']
06:23:23 | i — | [  INIT   ]   haos_solver_values          = ['pyvrp', 'filo', 'filo2', 'ails2']
06:23:23 | i — | [  INIT   ] ── haos_rewards ────────────────────────────
06:23:23 | i — | [  INIT   ]   haos_reward_new_best        = 10.0
06:23:23 | i — | [  INIT   ]   haos_reward_improvement     = 4.0
06:23:23 | i — | [  INIT   ]   haos_reward_no_improvement  = 1.0
06:23:23 | i — | [  INIT   ]   haos_reward_no_solution     = 0.0
06:23:23 | i — | [  INIT   ]   haos_deferred_new_best      = 7.0
06:23:23 | i — | [  INIT   ]   haos_deferred_improvement   = 3.0
06:23:23 | i — | [  INIT   ]   haos_deferred_no_improvement= 0.0
06:23:23 | i — | [  INIT   ] ── seed ────────────────────────────────────
06:23:23 | i — | [  INIT   ]   seed                        = 11
06:23:23 | i — | [  INIT   ] ── output ──────────────────────────────────
06:23:23 | i — | [  INIT   ]   output_dir                  = /app/artifacts/benchmark/X-n3408-k524/seed11
06:23:23 | i — | [  INIT   ]   run_analysis                = False
06:23:23 | i — | [  INIT   ] ══════════════════════════════════════════════════════
06:23:23 | i — | [  INIT   ] BKS=678024.00
06:23:23 | i — | [  INIT   ] ════════════════════════════════════════
06:23:23 | i 1 | [HAOS ROLL] k=2  λ=0.8  vb  fcm  filo2  P≈0.000595
06:23:24 | i 1 | [Phase 1/3] decompose  1.18s / — / —  λ=0.8  vb fcm
06:25:16 | i 1 | [Phase 2/3] route  111.74s / 110.88s / 100.8%  filo2  k=2
06:25:16 | i 1 | [ IMPROVE ] 685091.00  via decompose_route  ·  Δ_BKS=+1.04%
06:25:16 | i 1 | [HAOS ROLL] k=2  λ=0.8  vb  fcm  filo2  P≈0.000595
06:25:16 | i 1 | [ Summary ] cost=685091.00  Δ_S*=+0.00%  Δ_BKS=+1.04%  Δ_S*_BKS=+1.04%  no_improve=0
06:25:16 | i 2 | [HAOS ROLL] k=12  λ=0.2  rb  ac_avg  filo  P≈0.000992
06:25:19 | i 2 | [Phase 1/3] decompose  3.18s / — / —  λ=0.2  rb ac_avg
06:26:19 | i 2 | [Phase 2/3] route  60.14s / 56.22s / 107.0%  filo  k=12
06:27:09 | i 1 | [ IMPROVE ] 681029.00  via bg_ails  ·  Δ_BKS=+0.44%
06:27:09 | i 1 | [ ASYNC BG] bg_ails  112.78s / 108.22s / 104.2%
06:27:09 | i 2 | [HAOS ROLL] k=12  λ=0.2  rb  ac_avg  filo  P≈0.000992
06:27:09 | i 2 | [ Summary ] cost=687652.00  Δ_S*=+0.97%  Δ_BKS=+1.42%  Δ_S*_BKS=+0.44%  no_improve=1
06:27:09 | i 3 | [HAOS ROLL] k=8  λ=0.6  rb  kmeans  filo  P≈0.000992
06:27:10 | i 3 | [Phase 1/3] decompose  0.74s / — / —  λ=0.6  rb kmeans
06:28:00 | i 3 | [Phase 2/3] route  50.13s / 49.56s / 101.1%  filo  k=8
06:28:47 | i 2 | [ IMPROVE ] 680869.00  via bg_ails  ·  Δ_BKS=+0.42%
06:28:47 | i 2 | [ ASYNC BG] bg_ails  98.12s / 93.77s / 104.6%
06:28:47 | i 3 | [HAOS ROLL] k=8  λ=0.6  rb  kmeans  filo  P≈0.000992
06:28:47 | i 3 | [ Summary ] cost=689666.00  Δ_S*=+1.29%  Δ_BKS=+1.72%  Δ_S*_BKS=+0.42%  no_improve=1
06:28:47 | i 4 | [HAOS ROLL] k=12  λ=0.8  vb  ac_complete  filo  P≈0.000595
06:28:48 | i 4 | [Phase 1/3] decompose  0.99s / — / —  λ=0.8  vb ac_complete
06:29:34 | i 4 | [Phase 2/3] route  46.11s / 42.54s / 108.4%  filo  k=12
06:29:52 | i 3 | [ ASYNC BG] bg_ails  64.59s / 60.00s / 107.7%
06:29:52 | i 4 | [HAOS ROLL] k=12  λ=0.8  vb  ac_complete  filo  P≈0.000595
06:29:52 | i 4 | [ Summary ] cost=690169.00  Δ_S*=+1.37%  Δ_BKS=+1.79%  Δ_S*_BKS=+0.42%  no_improve=3
06:29:52 | i 5 | [HAOS ROLL] k=8  λ=0.0  rb  ac_complete  filo2  P≈0.000992
06:29:52 | i 5 | [Phase 1/3] decompose  0.59s / — / —  λ=0.0  rb ac_complete
06:30:44 | i 5 | [Phase 2/3] route  52.13s / 52.26s / 99.8%  filo2  k=8
06:31:05 | i 4 | [ ASYNC BG] bg_ails  73.69s / 69.42s / 106.1%
06:31:05 | i 5 | [HAOS ROLL] k=8  λ=0.0  rb  ac_complete  filo2  P≈0.000992
06:31:05 | i 5 | [ Summary ] cost=687985.00  Δ_S*=+1.05%  Δ_BKS=+1.47%  Δ_S*_BKS=+0.42%  no_improve=5
06:31:05 | i 6 | [HAOS ROLL] k=10  λ=0.0  vb  ac_avg  pyvrp  P≈0.000595
06:31:06 | i 6 | [Phase 1/3] decompose  0.81s / — / —  λ=0.0  vb ac_avg
06:32:08 | i 6 | [Phase 2/3] route  61.41s / 58.98s / 104.1%  pyvrp  k=10
06:32:10 | i 5 | [ ASYNC BG] bg_ails  64.49s / 60.00s / 107.5%
06:32:10 | i 6 | [HAOS ROLL] k=10  λ=0.0  vb  ac_avg  pyvrp  P≈0.000595
06:32:10 | i 6 | [ Summary ] cost=693878.00  Δ_S*=+1.91%  Δ_BKS=+2.34%  Δ_S*_BKS=+0.42%  no_improve=7
06:32:10 | i 7 | [HAOS ROLL] k=6  λ=0.6  rb  ac_avg  filo2  P≈0.000992
06:32:11 | i 7 | [Phase 1/3] decompose  0.70s / — / —  λ=0.6  rb ac_avg
06:33:28 | i 7 | [Phase 2/3] route  77.18s / 76.80s / 100.5%  filo2  k=6
06:33:41 | i 6 | [ ASYNC BG] bg_ails  90.60s / 86.53s / 104.7%
06:33:41 | i 7 | [HAOS ROLL] k=6  λ=0.6  rb  ac_avg  filo2  P≈0.000992
06:33:41 | i 7 | [ Summary ] cost=686039.00  Δ_S*=+0.76%  Δ_BKS=+1.18%  Δ_S*_BKS=+0.42%  no_improve=9
06:33:41 | i 8 | [HAOS ROLL] k=4  λ=0.8  rb  ac_complete  pyvrp  P≈0.000992
06:33:41 | i 8 | [Phase 1/3] decompose  0.70s / — / —  λ=0.8  rb ac_complete
06:34:45 | i 8 | [Phase 2/3] route  63.57s / 60.84s / 104.5%  pyvrp  k=4
06:34:59 | i 7 | [ ASYNC BG] bg_ails  78.73s / 74.96s / 105.0%
06:34:59 | i 8 | [HAOS ROLL] k=4  λ=0.8  rb  ac_complete  pyvrp  P≈0.000992
06:34:59 | i 8 | [ Summary ] cost=692162.00  Δ_S*=+1.66%  Δ_BKS=+2.09%  Δ_S*_BKS=+0.42%  no_improve=11
06:34:59 | i 9 | [HAOS ROLL] k=3  λ=0.0  rb  ac_avg  filo  P≈0.000992
06:35:00 | i 9 | [Phase 1/3] decompose  0.53s / — / —  λ=0.0  rb ac_avg
06:36:56 | i 9 | [Phase 2/3] route  116.27s / 115.68s / 100.5%  filo  k=3
06:36:56 | i 8 | [ ASYNC BG] bg_ails  64.76s / 60.00s / 107.9%
06:36:56 | i 9 | [HAOS ROLL] k=3  λ=0.0  rb  ac_avg  filo  P≈0.000992
06:36:56 | i 9 | [ Summary ] cost=686159.00  Δ_S*=+0.78%  Δ_BKS=+1.20%  Δ_S*_BKS=+0.42%  no_improve=13
06:36:56 | i 10 | [HAOS ROLL] k=3  λ=0.0  vb  ac_complete  filo  P≈0.000595
06:36:57 | i 10 | [Phase 1/3] decompose  0.83s / — / —  λ=0.0  vb ac_complete
06:38:37 | i 10 | [Phase 2/3] route  100.22s / 99.96s / 100.3%  filo  k=3
06:38:53 | i 9 | [ IMPROVE ] 680769.00  via bg_ails  ·  Δ_BKS=+0.40%
06:38:53 | i 9 | [ ASYNC BG] bg_ails  116.56s / 112.90s / 103.2%
06:38:53 | i 10 | [HAOS ROLL] k=3  λ=0.0  vb  ac_complete  filo  P≈0.000595
06:38:53 | i 10 | [ Summary ] cost=687996.00  Δ_S*=+1.06%  Δ_BKS=+1.47%  Δ_S*_BKS=+0.40%  no_improve=1
06:38:53 | i 11 | [HAOS ROLL] k=8  λ=0.0  rb  ac_avg  filo2  P≈0.000992
06:38:53 | i 11 | [Phase 1/3] decompose  0.54s / — / —  λ=0.0  rb ac_avg
06:40:02 | i 11 | [Phase 2/3] route  68.17s / 67.62s / 100.8%  filo2  k=8
06:40:35 | i 10 | [ ASYNC BG] bg_ails  101.88s / 97.56s / 104.4%
06:40:35 | i 11 | [HAOS ROLL] k=8  λ=0.0  rb  ac_avg  filo2  P≈0.000992
06:40:35 | i 11 | [ Summary ] cost=686853.00  Δ_S*=+0.89%  Δ_BKS=+1.30%  Δ_S*_BKS=+0.40%  no_improve=3
06:40:35 | i 12 | [HAOS ROLL] k=4  λ=1.0  rb  ac_avg  filo2  P≈0.001064
06:40:35 | i 12 | [Phase 1/3] decompose  0.68s / — / —  λ=1.0  rb ac_avg
06:42:02 | i 12 | [Phase 2/3] route  86.18s / 85.50s / 100.8%  filo2  k=4
06:42:02 | i 11 | [ ASYNC BG] bg_ails  87.52s / 83.07s / 105.4%
06:42:02 | i 12 | [HAOS ROLL] k=4  λ=1.0  rb  ac_avg  filo2  P≈0.001064
06:42:02 | i 12 | [ Summary ] cost=685719.00  Δ_S*=+0.73%  Δ_BKS=+1.13%  Δ_S*_BKS=+0.40%  no_improve=5
06:42:02 | i 13 | [HAOS ROLL] k=6  λ=0.6  vb  kmeans  ails2  P≈0.000381
06:42:03 | i 13 | [Phase 1/3] decompose  0.67s / — / —  λ=0.6  vb kmeans
06:43:08 | i 13 | [Phase 2/3] route  65.45s / 63.60s / 102.9%  ails2  k=6
06:43:30 | i 12 | [ ASYNC BG] bg_ails  87.67s / 83.45s / 105.1%
06:43:30 | i 13 | [HAOS ROLL] k=6  λ=0.6  vb  kmeans  ails2  P≈0.000381
06:43:30 | i 13 | [ Summary ] cost=681842.00  Δ_S*=+0.16%  Δ_BKS=+0.56%  Δ_S*_BKS=+0.40%  no_improve=7
06:43:30 | i 14 | [HAOS ROLL] k=3  λ=1.0  vb  ac_avg  filo  P≈0.000403
06:43:31 | i 14 | [Phase 1/3] decompose  0.99s / — / —  λ=1.0  vb ac_avg
06:45:29 | i 14 | [Phase 2/3] route  118.27s / 118.26s / 100.0%  filo  k=3
06:45:29 | i 13 | [ IMPROVE ] 680755.00  via bg_ails  ·  Δ_BKS=+0.40%
06:45:29 | i 13 | [ ASYNC BG] bg_ails  66.69s / 62.07s / 107.4%
06:45:30 | i 14 | [HAOS ROLL] k=3  λ=1.0  vb  ac_avg  filo  P≈0.000403
06:45:30 | i 14 | [ Summary ] cost=686392.00  Δ_S*=+0.83%  Δ_BKS=+1.23%  Δ_S*_BKS=+0.40%  no_improve=1
06:45:30 | i 15 | [HAOS ROLL] k=6  λ=0.2  vb  fcm  ails2  P≈0.000940
06:45:30 | i 15 | [Phase 1/3] decompose  0.86s / — / —  λ=0.2  vb fcm
06:46:18 | i 15 | [Phase 2/3] route  47.89s / 46.62s / 102.7%  ails2  k=6
06:47:29 | i 14 | [ ASYNC BG] bg_ails  119.68s / 115.42s / 103.7%
06:47:29 | i 15 | [HAOS ROLL] k=6  λ=0.2  vb  fcm  ails2  P≈0.000940
06:47:29 | i 15 | [ Summary ] cost=682766.00  Δ_S*=+0.30%  Δ_BKS=+0.70%  Δ_S*_BKS=+0.40%  no_improve=3
06:47:29 | i 16 | [HAOS ROLL] k=2  λ=0.6  rb  ac_avg  filo2  P≈0.001306
06:47:30 | i 16 | [Phase 1/3] decompose  0.67s / — / —  λ=0.6  rb ac_avg
06:49:35 | i 16 | [Phase 2/3] route  125.28s / 124.62s / 100.5%  filo2  k=2
06:49:35 | i 15 | [ ASYNC BG] bg_ails  64.62s / 60.00s / 107.7%
06:49:35 | i 16 | [HAOS ROLL] k=2  λ=0.6  rb  ac_avg  filo2  P≈0.001306
06:49:35 | i 16 | [ Summary ] cost=684707.00  Δ_S*=+0.58%  Δ_BKS=+0.99%  Δ_S*_BKS=+0.40%  no_improve=5
06:49:35 | i 17 | [HAOS ROLL] k=8  λ=1.0  rb  kmeans  ails2  P≈0.000970
06:49:36 | i 17 | [Phase 1/3] decompose  0.68s / — / —  λ=1.0  rb kmeans
06:50:29 | i 17 | [Phase 2/3] route  53.04s / 51.12s / 103.8%  ails2  k=8
06:51:41 | i 16 | [ ASYNC BG] bg_ails  125.65s / 121.63s / 103.3%
06:51:41 | i 17 | [HAOS ROLL] k=8  λ=1.0  rb  kmeans  ails2  P≈0.000970
06:51:41 | i 17 | [ Summary ] cost=681851.00  Δ_S*=+0.16%  Δ_BKS=+0.56%  Δ_S*_BKS=+0.40%  no_improve=7
06:51:41 | i 6 | [ASYNC 1/2] sp_sc  726.09s / 720.00s / 100.8%  SC  avg_coverage=9.48/5  pool=4847
06:51:41 | i 6 | [ASYNC 2/2] standard_ails  363.77s / 360.00s / 101.0%
06:52:23 | i 6 | [ IMPROVE ] 680280.00  via standard_ails  ·  Δ_BKS=+0.33%
06:52:23 | i 18 | [HAOS ROLL] k=2  λ=0.8  rb  kmeans  filo  P≈0.000426
06:52:23 | i 18 | [Phase 1/3] decompose  0.66s / — / —  λ=0.8  rb kmeans
06:54:14 | i 18 | [Phase 2/3] route  111.25s / 110.70s / 100.5%  filo  k=2
06:54:15 | i 17 | [ ASYNC BG] bg_ails  64.65s / 60.00s / 107.8%
06:54:15 | i 18 | [HAOS ROLL] k=2  λ=0.8  rb  kmeans  filo  P≈0.000426
06:54:15 | i 18 | [ Summary ] cost=686166.00  Δ_S*=+0.87%  Δ_BKS=+1.20%  Δ_S*_BKS=+0.33%  no_improve=2
06:54:15 | i 19 | [HAOS ROLL] k=2  λ=0.8  vb  ac_complete  filo  P≈0.001290
06:54:16 | i 19 | [Phase 1/3] decompose  0.98s / — / —  λ=0.8  vb ac_complete
06:56:15 | i 19 | [Phase 2/3] route  119.26s / 118.80s / 100.4%  filo  k=2
06:56:15 | i 18 | [ ASYNC BG] bg_ails  112.66s / 108.04s / 104.3%
06:56:15 | i 19 | [HAOS ROLL] k=2  λ=0.8  vb  ac_complete  filo  P≈0.001290
06:56:15 | i 19 | [ Summary ] cost=685930.00  Δ_S*=+0.83%  Δ_BKS=+1.17%  Δ_S*_BKS=+0.33%  no_improve=4
06:56:15 | i 20 | [HAOS ROLL] k=2  λ=0.0  vb  fcm  filo  P≈0.001251
06:56:16 | i 20 | [Phase 1/3] decompose  0.52s / — / —  λ=0.0  vb fcm
06:58:07 | i 20 | [Phase 2/3] route  111.25s / 110.88s / 100.3%  filo  k=2
06:58:15 | i 19 | [ ASYNC BG] bg_ails  119.82s / 115.95s / 103.3%
06:58:15 | i 20 | [HAOS ROLL] k=2  λ=0.0  vb  fcm  filo  P≈0.001251
06:58:15 | i 20 | [ Summary ] cost=685829.00  Δ_S*=+0.82%  Δ_BKS=+1.15%  Δ_S*_BKS=+0.33%  no_improve=6
06:58:15 | i 21 | [HAOS ROLL] k=6  λ=0.4  vb  kmedoids  filo  P≈0.000366
06:58:16 | i 21 | [Phase 1/3] decompose  1.06s / — / —  λ=0.4  vb kmedoids
06:59:23 | i 21 | [Phase 2/3] route  66.17s / 65.64s / 100.8%  filo  k=6
07:00:07 | i 20 | [ ASYNC BG] bg_ails  112.48s / 108.22s / 103.9%
07:00:08 | i 21 | [HAOS ROLL] k=6  λ=0.4  vb  kmedoids  filo  P≈0.000366
07:00:08 | i 21 | [ Summary ] cost=688566.00  Δ_S*=+1.22%  Δ_BKS=+1.55%  Δ_S*_BKS=+0.33%  no_improve=8
07:00:08 | i 22 | [HAOS ROLL] k=2  λ=0.8  rb  ac_avg  pyvrp  P≈0.001233
07:00:08 | i 22 | [Phase 1/3] decompose  0.68s / — / —  λ=0.8  rb ac_avg
07:02:06 | i 22 | [Phase 2/3] route  117.42s / 109.50s / 107.2%  pyvrp  k=2
07:02:06 | i 21 | [ ASYNC BG] bg_ails  68.64s / 64.06s / 107.1%
07:02:06 | i 22 | [HAOS ROLL] k=2  λ=0.8  rb  ac_avg  pyvrp  P≈0.001233
07:02:06 | i 22 | [ Summary ] cost=690890.00  Δ_S*=+1.56%  Δ_BKS=+1.90%  Δ_S*_BKS=+0.33%  no_improve=10
07:02:06 | i 23 | [HAOS ROLL] k=8  λ=0.2  rb  ac_avg  ails2  P≈0.000820
07:02:07 | i 23 | [Phase 1/3] decompose  0.68s / — / —  λ=0.2  rb ac_avg
07:03:11 | i 23 | [Phase 2/3] route  64.37s / 62.40s / 103.2%  ails2  k=8
07:03:57 | i 22 | [ ASYNC BG] bg_ails  110.70s / 106.87s / 103.6%
07:03:57 | i 23 | [HAOS ROLL] k=8  λ=0.2  rb  ac_avg  ails2  P≈0.000820
07:03:57 | i 23 | [ Summary ] cost=681066.00  Δ_S*=+0.12%  Δ_BKS=+0.45%  Δ_S*_BKS=+0.33%  no_improve=12
07:03:57 | i 24 | [HAOS ROLL] k=2  λ=0.8  rb  ac_avg  filo2  P≈0.004120
07:03:58 | i 24 | [Phase 1/3] decompose  0.67s / — / —  λ=0.8  rb ac_avg
07:05:48 | i 24 | [Phase 2/3] route  110.25s / 109.50s / 100.7%  filo2  k=2
07:05:48 | i 23 | [ ASYNC BG] bg_ails  80.81s / 76.14s / 106.1%
07:05:48 | i 24 | [HAOS ROLL] k=2  λ=0.8  rb  ac_avg  filo2  P≈0.004120
07:05:48 | i 24 | [ Summary ] cost=684696.00  Δ_S*=+0.65%  Δ_BKS=+0.98%  Δ_S*_BKS=+0.33%  no_improve=14
07:05:48 | i 25 | [HAOS ROLL] k=4  λ=0.6  vb  ac_avg  filo2  P≈0.000265
07:05:49 | i 25 | [Phase 1/3] decompose  0.99s / — / —  λ=0.6  vb ac_avg
07:07:02 | i 25 | [Phase 2/3] route  73.15s / 73.02s / 100.2%  filo2  k=4
07:07:38 | i 24 | [ ASYNC BG] bg_ails  110.62s / 106.87s / 103.5%
07:07:39 | i 25 | [HAOS ROLL] k=4  λ=0.6  vb  ac_avg  filo2  P≈0.000265
07:07:39 | i 25 | [ Summary ] cost=686539.00  Δ_S*=+0.92%  Δ_BKS=+1.26%  Δ_S*_BKS=+0.33%  no_improve=16
07:07:39 | i 26 | [HAOS ROLL] k=8  λ=0.8  rb  ac_avg  ails2  P≈0.003171
07:07:39 | i 26 | [Phase 1/3] decompose  0.68s / — / —  λ=0.8  rb ac_avg
07:08:43 | i 26 | [Phase 2/3] route  64.16s / 62.40s / 102.8%  ails2  k=8
07:08:54 | i 25 | [ ASYNC BG] bg_ails  75.66s / 71.27s / 106.2%
07:08:54 | i 26 | [HAOS ROLL] k=8  λ=0.8  rb  ac_avg  ails2  P≈0.003171
07:08:54 | i 26 | [ Summary ] cost=682097.00  Δ_S*=+0.27%  Δ_BKS=+0.60%  Δ_S*_BKS=+0.33%  no_improve=18
07:08:54 | i 27 | [HAOS ROLL] k=2  λ=0.8  rb  ac_avg  filo2  P≈0.006747
07:08:55 | i 27 | [Phase 1/3] decompose  0.69s / — / —  λ=0.8  rb ac_avg
07:10:45 | i 27 | [Phase 2/3] route  110.25s / 109.50s / 100.7%  filo2  k=2
07:10:45 | i 26 | [ ASYNC BG] bg_ails  80.69s / 76.14s / 106.0%
07:10:45 | i 27 | [HAOS ROLL] k=2  λ=0.8  rb  ac_avg  filo2  P≈0.006747
07:10:45 | i 27 | [ Summary ] cost=685765.00  Δ_S*=+0.81%  Δ_BKS=+1.14%  Δ_S*_BKS=+0.33%  no_improve=20
07:10:45 | i 28 | [HAOS ROLL] k=12  λ=1.0  vb  ac_complete  filo2  P≈0.000348
07:10:46 | i 28 | [Phase 1/3] decompose  1.06s / — / —  λ=1.0  vb ac_complete
07:11:34 | i 28 | [Phase 2/3] route  47.13s / 37.86s / 124.5%  filo2  k=12
07:12:36 | i 27 | [ ASYNC BG] bg_ails  110.63s / 106.87s / 103.5%
07:12:36 | i 28 | [HAOS ROLL] k=12  λ=1.0  vb  ac_complete  filo2  P≈0.000348
07:12:36 | i 28 | [ Summary ] cost=688829.00  Δ_S*=+1.26%  Δ_BKS=+1.59%  Δ_S*_BKS=+0.33%  no_improve=22
07:12:36 | i 18 | [ASYNC 1/2] sp_sc  732.01s / 720.00s / 101.7%  SC  avg_coverage=18.28/5  pool=10000
07:12:36 | i 18 | [ASYNC 2/2] standard_ails  364.08s / 360.00s / 101.1%
07:13:18 | i 18 | [ IMPROVE ] 679864.00  via standard_ails  ·  Δ_BKS=+0.27%
07:13:18 | i 29 | [HAOS ROLL] k=2  λ=0.6  vb  kmeans  filo2  P≈0.001319
07:13:18 | i 29 | [Phase 1/3] decompose  0.65s / — / —  λ=0.6  vb kmeans
07:15:09 | i 29 | [Phase 2/3] route  111.25s / 111.06s / 100.2%  filo2  k=2
07:15:09 | i 28 | [ ASYNC BG] bg_ails  67.73s / 63.48s / 106.7%
07:15:10 | i 29 | [HAOS ROLL] k=2  λ=0.6  vb  kmeans  filo2  P≈0.001319
07:15:10 | i 29 | [ Summary ] cost=685141.00  Δ_S*=+0.78%  Δ_BKS=+1.05%  Δ_S*_BKS=+0.27%  no_improve=2
07:15:10 | i 30 | [HAOS ROLL] k=2  λ=1.0  vb  kmeans  filo2  P≈0.000772
07:15:11 | i 30 | [Phase 1/3] decompose  0.76s / — / —  λ=1.0  vb kmeans
07:17:02 | i 30 | [Phase 2/3] route  111.26s / 111.24s / 100.0%  filo2  k=2
07:17:02 | i 29 | [ ASYNC BG] bg_ails  112.74s / 108.39s / 104.0%
07:17:02 | i 30 | [HAOS ROLL] k=2  λ=1.0  vb  kmeans  filo2  P≈0.000772
07:17:02 | i 30 | [ Summary ] cost=684930.00  Δ_S*=+0.75%  Δ_BKS=+1.02%  Δ_S*_BKS=+0.27%  no_improve=4
07:17:02 | i 31 | [HAOS ROLL] k=6  λ=0.6  rb  kmeans  pyvrp  P≈0.000285
07:17:03 | i 31 | [Phase 1/3] decompose  0.67s / — / —  λ=0.6  rb kmeans
07:17:58 | i 31 | [Phase 2/3] route  55.13s / 52.86s / 104.3%  pyvrp  k=6
07:18:55 | i 30 | [ ASYNC BG] bg_ails  112.69s / 108.57s / 103.8%
07:18:55 | i 31 | [HAOS ROLL] k=6  λ=0.6  rb  kmeans  pyvrp  P≈0.000285
07:18:55 | i 31 | [ Summary ] cost=690981.00  Δ_S*=+1.64%  Δ_BKS=+1.91%  Δ_S*_BKS=+0.27%  no_improve=6
07:18:55 | i 32 | [HAOS ROLL] k=2  λ=1.0  rb  ac_avg  pyvrp  P≈0.001843
07:18:56 | i 32 | [Phase 1/3] decompose  0.68s / — / —  λ=1.0  rb ac_avg
07:20:47 | i 32 | [Phase 2/3] route  111.47s / 103.98s / 107.2%  pyvrp  k=2
07:20:47 | i 31 | [ ASYNC BG] bg_ails  64.68s / 60.00s / 107.8%
07:20:48 | i 32 | [HAOS ROLL] k=2  λ=1.0  rb  ac_avg  pyvrp  P≈0.001843
07:20:48 | i 32 | [ Summary ] cost=691481.00  Δ_S*=+1.71%  Δ_BKS=+1.98%  Δ_S*_BKS=+0.27%  no_improve=8
07:20:48 | i 33 | [HAOS ROLL] k=6  λ=0.6  rb  ac_avg  filo  P≈0.003321
07:20:48 | i 33 | [Phase 1/3] decompose  0.67s / — / —  λ=0.6  rb ac_avg
07:21:52 | i 33 | [Phase 2/3] route  63.16s / 62.76s / 100.6%  filo  k=6
07:22:33 | i 32 | [ ASYNC BG] bg_ails  105.69s / 101.48s / 104.1%
07:22:33 | i 33 | [HAOS ROLL] k=6  λ=0.6  rb  ac_avg  filo  P≈0.003321
07:22:33 | i 33 | [ Summary ] cost=687321.00  Δ_S*=+1.10%  Δ_BKS=+1.37%  Δ_S*_BKS=+0.27%  no_improve=10
07:22:33 | i 34 | [HAOS ROLL] k=2  λ=0.2  vb  ac_avg  filo  P≈0.000911
07:22:34 | i 34 | [Phase 1/3] decompose  0.98s / — / —  λ=0.2  vb ac_avg
07:24:31 | i 34 | [Phase 2/3] route  116.27s / 116.34s / 99.9%  filo  k=2
07:24:31 | i 33 | [ ASYNC BG] bg_ails  65.75s / 61.25s / 107.3%
07:24:31 | i 34 | [HAOS ROLL] k=2  λ=0.2  vb  ac_avg  filo  P≈0.000911
07:24:31 | i 34 | [ Summary ] cost=686474.00  Δ_S*=+0.97%  Δ_BKS=+1.25%  Δ_S*_BKS=+0.27%  no_improve=12
07:24:31 | i 35 | [HAOS ROLL] k=8  λ=0.8  vb  fcm  ails2  P≈0.000727
07:24:32 | i 35 | [Phase 1/3] decompose  0.96s / — / —  λ=0.8  vb fcm
07:25:26 | i 35 | [Phase 2/3] route  53.80s / 35.94s / 149.7%  ails2  k=8
07:26:28 | i 34 | [ ASYNC BG] bg_ails  117.72s / 113.55s / 103.7%
07:26:29 | i 35 | [HAOS ROLL] k=8  λ=0.8  vb  fcm  ails2  P≈0.000727
07:26:29 | i 35 | [ Summary ] cost=682795.00  Δ_S*=+0.43%  Δ_BKS=+0.70%  Δ_S*_BKS=+0.27%  no_improve=14
07:26:29 | i 36 | [HAOS ROLL] k=2  λ=0.8  rb  kmeans  filo  P≈0.004249
07:26:29 | i 36 | [Phase 1/3] decompose  0.68s / — / —  λ=0.8  rb kmeans
07:28:22 | i 36 | [Phase 2/3] route  112.26s / 111.54s / 100.6%  filo  k=2
07:28:22 | i 35 | [ ASYNC BG] bg_ails  64.66s / 61.00s / 106.0%
07:28:22 | i 36 | [HAOS ROLL] k=2  λ=0.8  rb  kmeans  filo  P≈0.004249
07:28:22 | i 36 | [ Summary ] cost=685966.00  Δ_S*=+0.90%  Δ_BKS=+1.17%  Δ_S*_BKS=+0.27%  no_improve=16
07:28:22 | i 37 | [HAOS ROLL] k=2  λ=0.8  rb  ac_avg  filo  P≈0.013306
07:28:23 | i 37 | [Phase 1/3] decompose  0.69s / — / —  λ=0.8  rb ac_avg
07:30:07 | i 37 | [Phase 2/3] route  104.22s / 103.98s / 100.2%  filo  k=2
07:30:14 | i 36 | [ ASYNC BG] bg_ails  112.66s / 108.86s / 103.5%
07:30:14 | i 37 | [HAOS ROLL] k=2  λ=0.8  rb  ac_avg  filo  P≈0.013306
07:30:15 | i 37 | [ Summary ] cost=686239.00  Δ_S*=+0.94%  Δ_BKS=+1.21%  Δ_S*_BKS=+0.27%  no_improve=18
07:30:15 | i 38 | [HAOS ROLL] k=6  λ=1.0  rb  ac_avg  filo  P≈0.002655
07:30:15 | i 38 | [Phase 1/3] decompose  0.68s / — / —  λ=1.0  rb ac_avg
07:31:18 | i 38 | [Phase 2/3] route  63.17s / 62.76s / 100.7%  filo  k=6
07:32:00 | i 37 | [ ASYNC BG] bg_ails  105.75s / 101.48s / 104.2%
07:32:00 | i 38 | [HAOS ROLL] k=6  λ=1.0  rb  ac_avg  filo  P≈0.002655
07:32:00 | i 38 | [ Summary ] cost=688045.00  Δ_S*=+1.20%  Δ_BKS=+1.48%  Δ_S*_BKS=+0.27%  no_improve=20
07:32:00 | i 39 | [HAOS ROLL] k=12  λ=0.0  rb  kmeans  filo2  P≈0.000684
07:32:01 | i 39 | [Phase 1/3] decompose  0.52s / — / —  λ=0.0  rb kmeans
07:32:40 | i 39 | [Phase 2/3] route  39.14s / 36.96s / 105.9%  filo2  k=12
07:33:06 | i 38 | [ ASYNC BG] bg_ails  65.74s / 61.25s / 107.3%
07:33:06 | i 39 | [HAOS ROLL] k=12  λ=0.0  rb  kmeans  filo2  P≈0.000684
07:33:06 | i 39 | [ Summary ] cost=690919.00  Δ_S*=+1.63%  Δ_BKS=+1.90%  Δ_S*_BKS=+0.27%  no_improve=22
07:33:06 | i 40 | [HAOS ROLL] k=4  λ=0.0  rb  ac_avg  filo  P≈0.002095
07:33:07 | i 40 | [Phase 1/3] decompose  0.51s / — / —  λ=0.0  rb ac_avg
07:34:36 | i 40 | [Phase 2/3] route  89.20s / 89.34s / 99.8%  filo  k=4
07:34:36 | i 39 | [ ASYNC BG] bg_ails  64.70s / 60.00s / 107.8%
07:34:36 | i 40 | [HAOS ROLL] k=4  λ=0.0  rb  ac_avg  filo  P≈0.002095
07:34:36 | i 40 | [ Summary ] cost=687037.00  Δ_S*=+1.06%  Δ_BKS=+1.33%  Δ_S*_BKS=+0.27%  no_improve=24
07:34:36 | i 29 | [ASYNC 1/2] sp_sc  734.14s / 720.00s / 102.0%  SC  avg_coverage=19.00/5  pool=10000
07:34:36 | i 29 | [ASYNC 2/2] standard_ails  363.87s / 360.00s / 101.1%
07:35:18 | i 41 | [HAOS ROLL] k=2  λ=0.8  rb  ac_avg  filo2  P≈0.014070
07:35:18 | i 41 | [Phase 1/3] decompose  0.66s / — / —  λ=0.8  rb ac_avg
07:37:03 | i 41 | [Phase 2/3] route  104.23s / 103.98s / 100.2%  filo2  k=2
07:37:03 | i 40 | [ ASYNC BG] bg_ails  91.49s / 87.20s / 104.9%
07:37:03 | i 41 | [HAOS ROLL] k=2  λ=0.8  rb  ac_avg  filo2  P≈0.014070
07:37:03 | i 41 | [ Summary ] cost=685018.00  Δ_S*=+0.76%  Δ_BKS=+1.03%  Δ_S*_BKS=+0.27%  no_improve=27
07:37:03 | i 42 | [HAOS ROLL] k=8  λ=0.6  rb  ac_avg  ails2  P≈0.002492
07:37:04 | i 42 | [Phase 1/3] decompose  0.69s / — / —  λ=0.6  rb ac_avg
07:38:08 | i 42 | [Phase 2/3] route  64.55s / 62.76s / 102.8%  ails2  k=8
07:38:49 | i 41 | [ ASYNC BG] bg_ails  105.91s / 101.48s / 104.4%
07:38:49 | i 42 | [HAOS ROLL] k=8  λ=0.6  rb  ac_avg  ails2  P≈0.002492
07:38:49 | i 42 | [ Summary ] cost=681966.00  Δ_S*=+0.31%  Δ_BKS=+0.58%  Δ_S*_BKS=+0.27%  no_improve=29
07:38:49 | i 43 | [HAOS ROLL] k=8  λ=0.8  rb  ac_avg  filo2  P≈0.009801
07:38:50 | i 43 | [Phase 1/3] decompose  0.68s / — / —  λ=0.8  rb ac_avg
07:39:53 | i 43 | [Phase 2/3] route  63.17s / 62.76s / 100.7%  filo2  k=8
07:40:10 | i 42 | [ ASYNC BG] bg_ails  81.72s / 77.07s / 106.0%
07:40:11 | i 43 | [HAOS ROLL] k=8  λ=0.8  rb  ac_avg  filo2  P≈0.009801
07:40:11 | i 43 | [ Summary ] cost=687845.00  Δ_S*=+1.17%  Δ_BKS=+1.45%  Δ_S*_BKS=+0.27%  no_improve=31
07:40:11 | i 44 | [HAOS ROLL] k=6  λ=1.0  rb  ac_avg  filo2  P≈0.002847
07:40:11 | i 44 | [Phase 1/3] decompose  0.69s / — / —  λ=1.0  rb ac_avg
07:41:15 | i 44 | [Phase 2/3] route  63.45s / 62.76s / 101.1%  filo2  k=6
07:41:32 | i 43 | [ ASYNC BG] bg_ails  81.92s / 77.07s / 106.3%
07:41:33 | i 44 | [HAOS ROLL] k=6  λ=1.0  rb  ac_avg  filo2  P≈0.002847
07:41:33 | i 44 | [ Summary ] cost=686714.00  Δ_S*=+1.01%  Δ_BKS=+1.28%  Δ_S*_BKS=+0.27%  no_improve=33
07:41:33 | i 45 | [HAOS ROLL] k=2  λ=0.8  rb  ac_avg  ails2  P≈0.008563
07:41:33 | i 45 | [Phase 1/3] decompose  0.69s / — / —  λ=0.8  rb ac_avg
07:43:18 | i 45 | [Phase 2/3] route  105.05s / 103.98s / 101.0%  ails2  k=2
07:43:18 | i 44 | [ ASYNC BG] bg_ails  65.70s / 61.25s / 107.3%
07:43:19 | i 45 | [HAOS ROLL] k=2  λ=0.8  rb  ac_avg  ails2  P≈0.008563
07:43:19 | i 45 | [ Summary ] cost=680633.00  Δ_S*=+0.11%  Δ_BKS=+0.38%  Δ_S*_BKS=+0.27%  no_improve=35
07:43:19 | i 46 | [HAOS ROLL] k=2  λ=0.6  rb  kmeans  filo  P≈0.003620
07:43:19 | i 46 | [Phase 1/3] decompose  0.67s / — / —  λ=0.6  rb kmeans
07:45:12 | i 46 | [Phase 2/3] route  112.26s / 112.20s / 100.1%  filo  k=2
07:45:12 | i 45 | [ ASYNC BG] bg_ails  105.76s / 101.48s / 104.2%
07:45:12 | i 46 | [HAOS ROLL] k=2  λ=0.6  rb  kmeans  filo  P≈0.003620
07:45:12 | i 46 | [ Summary ] cost=686139.00  Δ_S*=+0.92%  Δ_BKS=+1.20%  Δ_S*_BKS=+0.27%  no_improve=37
07:45:12 | i 47 | [HAOS ROLL] k=8  λ=0.8  rb  ac_avg  filo2  P≈0.012348
07:45:12 | i 47 | [Phase 1/3] decompose  0.68s / — / —  λ=0.8  rb ac_avg
07:46:16 | i 47 | [Phase 2/3] route  63.17s / 62.76s / 100.6%  filo2  k=8
07:47:05 | i 46 | [ ASYNC BG] bg_ails  113.64s / 109.51s / 103.8%
07:47:05 | i 47 | [HAOS ROLL] k=8  λ=0.8  rb  ac_avg  filo2  P≈0.012348
07:47:05 | i 47 | [ Summary ] cost=687501.00  Δ_S*=+1.12%  Δ_BKS=+1.40%  Δ_S*_BKS=+0.27%  no_improve=39
07:47:05 | i 48 | [HAOS ROLL] k=2  λ=0.8  vb  ac_complete  filo2  P≈0.004012
07:47:06 | i 48 | [Phase 1/3] decompose  0.98s / — / —  λ=0.8  vb ac_complete
07:49:06 | i 48 | [Phase 2/3] route  119.28s / 118.80s / 100.4%  filo2  k=2
07:49:06 | i 47 | [ ASYNC BG] bg_ails  81.72s / 77.07s / 106.0%
07:49:06 | i 48 | [HAOS ROLL] k=2  λ=0.8  vb  ac_complete  filo2  P≈0.004012
07:49:06 | i 48 | [ Summary ] cost=684761.00  Δ_S*=+0.72%  Δ_BKS=+0.99%  Δ_S*_BKS=+0.27%  no_improve=41
07:49:06 | i 49 | [HAOS ROLL] k=4  λ=0.8  rb  ac_avg  filo2  P≈0.004563
07:49:07 | i 49 | [Phase 1/3] decompose  0.68s / — / —  λ=0.8  rb ac_avg
07:50:36 | i 49 | [Phase 2/3] route  89.19s / 89.34s / 99.8%  filo2  k=4
07:51:06 | i 48 | [ ASYNC BG] bg_ails  119.71s / 115.95s / 103.2%
07:51:06 | i 49 | [HAOS ROLL] k=4  λ=0.8  rb  ac_avg  filo2  P≈0.004563
07:51:06 | i 49 | [ Summary ] cost=685193.00  Δ_S*=+0.78%  Δ_BKS=+1.06%  Δ_S*_BKS=+0.27%  no_improve=43
07:51:06 | i 50 | [HAOS ROLL] k=6  λ=0.8  rb  ac_avg  filo2  P≈0.009431
07:51:06 | i 50 | [Phase 1/3] decompose  0.67s / — / —  λ=0.8  rb ac_avg
07:52:10 | i 50 | [Phase 2/3] route  63.16s / 62.76s / 100.6%  filo2  k=6
07:52:37 | i 49 | [ ASYNC BG] bg_ails  91.68s / 87.20s / 105.1%
07:52:37 | i 50 | [HAOS ROLL] k=6  λ=0.8  rb  ac_avg  filo2  P≈0.009431
07:52:37 | i 50 | [ Summary ] cost=686869.00  Δ_S*=+1.03%  Δ_BKS=+1.30%  Δ_S*_BKS=+0.27%  no_improve=45
07:52:37 | i 51 | [HAOS ROLL] k=10  λ=0.8  vb  kmeans  filo2  P≈0.000379
07:52:38 | i 51 | [Phase 1/3] decompose  0.67s / — / —  λ=0.8  vb kmeans
07:53:20 | i 51 | [Phase 2/3] route  42.13s / 40.38s / 104.3%  filo2  k=10
07:53:43 | i 50 | [ ASYNC BG] bg_ails  65.70s / 61.25s / 107.3%
07:53:43 | i 51 | [HAOS ROLL] k=10  λ=0.8  vb  kmeans  filo2  P≈0.000379
07:53:43 | i 51 | [ Summary ] cost=690188.00  Δ_S*=+1.52%  Δ_BKS=+1.79%  Δ_S*_BKS=+0.27%  no_improve=47
07:53:43 | i 52 | [HAOS ROLL] k=8  λ=0.0  rb  ac_avg  pyvrp  P≈0.001180
07:53:44 | i 52 | [Phase 1/3] decompose  0.52s / — / —  λ=0.0  rb ac_avg
07:54:50 | i 52 | [Phase 2/3] route  65.85s / 62.76s / 104.9%  pyvrp  k=8
07:54:50 | i 51 | [ ASYNC BG] bg_ails  64.66s / 60.00s / 107.8%
07:54:50 | i 52 | [HAOS ROLL] k=8  λ=0.0  rb  ac_avg  pyvrp  P≈0.001180
07:54:50 | i 52 | [ Summary ] cost=690190.00  Δ_S*=+1.52%  Δ_BKS=+1.79%  Δ_S*_BKS=+0.27%  no_improve=49
07:54:50 | i 53 | [HAOS ROLL] k=8  λ=0.6  rb  ac_avg  filo2  P≈0.007737
07:54:50 | i 53 | [Phase 1/3] decompose  0.77s / — / —  λ=0.6  rb ac_avg
07:55:54 | i 53 | [Phase 2/3] route  63.19s / 62.76s / 100.7%  filo2  k=8
07:56:11 | i 52 | [ ASYNC BG] bg_ails  81.70s / 77.07s / 106.0%
07:56:11 | i 53 | [HAOS ROLL] k=8  λ=0.6  rb  ac_avg  filo2  P≈0.007737
07:56:11 | i 53 | [ Summary ] cost=687259.00  Δ_S*=+1.09%  Δ_BKS=+1.36%  Δ_S*_BKS=+0.27%  no_improve=51
07:56:11 | i 41 | [ASYNC 1/2] sp_sc  739.40s / 720.00s / 102.7%  SC  avg_coverage=19.10/5  pool=10000
07:56:11 | i 41 | [ASYNC 2/2] standard_ails  364.00s / 360.00s / 101.1%
07:56:54 | i 41 | [ IMPROVE ] 679708.00  via standard_ails  ·  Δ_BKS=+0.25%
07:56:54 | i 54 | [HAOS ROLL] k=8  λ=1.0  vb  fcm  filo2  P≈0.000765
07:56:55 | i 54 | [Phase 1/3] decompose  0.81s / — / —  λ=1.0  vb fcm
07:57:43 | i 54 | [Phase 2/3] route  48.13s / 35.94s / 133.9%  filo2  k=8
07:57:43 | i 53 | [ ASYNC BG] bg_ails  81.68s / 77.07s / 106.0%
07:57:43 | i 54 | [HAOS ROLL] k=8  λ=1.0  vb  fcm  filo2  P≈0.000765
07:57:43 | i 54 | [ Summary ] cost=689158.00  Δ_S*=+1.39%  Δ_BKS=+1.64%  Δ_S*_BKS=+0.25%  no_improve=2
07:57:43 | i 55 | [HAOS ROLL] k=2  λ=0.2  vb  ac_complete  filo2  P≈0.000831
07:57:44 | i 55 | [Phase 1/3] decompose  0.96s / — / —  λ=0.2  vb ac_complete
07:59:34 | i 55 | [Phase 2/3] route  110.25s / 110.46s / 99.8%  filo2  k=2
07:59:35 | i 54 | [ ASYNC BG] bg_ails  64.74s / 60.00s / 107.9%
07:59:35 | i 55 | [HAOS ROLL] k=2  λ=0.2  vb  ac_complete  filo2  P≈0.000831
07:59:35 | i 55 | [ Summary ] cost=686557.00  Δ_S*=+1.01%  Δ_BKS=+1.26%  Δ_S*_BKS=+0.25%  no_improve=4
07:59:35 | i 56 | [HAOS ROLL] k=10  λ=0.8  rb  ac_complete  filo2  P≈0.000561
07:59:35 | i 56 | [Phase 1/3] decompose  0.69s / — / —  λ=0.8  rb ac_complete
08:00:30 | i 56 | [Phase 2/3] route  54.16s / 52.68s / 102.8%  filo2  k=10
08:01:26 | i 55 | [ ASYNC BG] bg_ails  111.69s / 107.81s / 103.6%
08:01:26 | i 56 | [HAOS ROLL] k=10  λ=0.8  rb  ac_complete  filo2  P≈0.000561
08:01:26 | i 56 | [ Summary ] cost=689302.00  Δ_S*=+1.41%  Δ_BKS=+1.66%  Δ_S*_BKS=+0.25%  no_improve=6
08:01:26 | i 57 | [HAOS ROLL] k=2  λ=0.4  vb  kmedoids  filo2  P≈0.000238
08:01:27 | i 57 | [Phase 1/3] decompose  0.97s / — / —  λ=0.4  vb kmedoids
08:03:20 | i 57 | [Phase 2/3] route  112.26s / 111.84s / 100.4%  filo2  k=2
08:03:20 | i 56 | [ ASYNC BG] bg_ails  84.72s / 80.48s / 105.3%
08:03:20 | i 57 | [HAOS ROLL] k=2  λ=0.4  vb  kmedoids  filo2  P≈0.000238
08:03:20 | i 57 | [ Summary ] cost=685265.00  Δ_S*=+0.82%  Δ_BKS=+1.07%  Δ_S*_BKS=+0.25%  no_improve=8
08:03:20 | i 58 | [HAOS ROLL] k=2  λ=0.8  vb  kmedoids  filo2  P≈0.002136
08:03:21 | i 58 | [Phase 1/3] decompose  0.87s / — / —  λ=0.8  vb kmedoids
08:05:13 | i 58 | [Phase 2/3] route  112.26s / 111.90s / 100.3%  filo2  k=2
08:05:13 | i 57 | [ ASYNC BG] bg_ails  113.62s / 109.16s / 104.1%
08:05:14 | i 58 | [HAOS ROLL] k=2  λ=0.8  vb  kmedoids  filo2  P≈0.002136
08:05:14 | i 58 | [ Summary ] cost=685191.00  Δ_S*=+0.81%  Δ_BKS=+1.06%  Δ_S*_BKS=+0.25%  no_improve=10
08:05:14 | i 59 | [HAOS ROLL] k=4  λ=1.0  rb  ac_avg  filo2  P≈0.002009
08:05:14 | i 59 | [Phase 1/3] decompose  0.67s / — / —  λ=1.0  rb ac_avg
08:06:27 | i 59 | [Phase 2/3] route  72.19s / 72.48s / 99.6%  filo2  k=4
08:07:07 | i 58 | [ ASYNC BG] bg_ails  113.65s / 109.21s / 104.1%
08:07:07 | i 59 | [HAOS ROLL] k=4  λ=1.0  rb  ac_avg  filo2  P≈0.002009
08:07:07 | i 59 | [ Summary ] cost=684972.00  Δ_S*=+0.77%  Δ_BKS=+1.02%  Δ_S*_BKS=+0.25%  no_improve=12
08:07:07 | i 60 | [HAOS ROLL] k=8  λ=1.0  rb  ac_complete  filo2  P≈0.000783
08:07:08 | i 60 | [Phase 1/3] decompose  0.68s / — / —  λ=1.0  rb ac_complete
08:08:02 | i 60 | [Phase 2/3] route  54.15s / 52.68s / 102.8%  filo2  k=8
08:08:22 | i 59 | [ ASYNC BG] bg_ails  74.69s / 70.74s / 105.6%
08:08:22 | i 60 | [HAOS ROLL] k=8  λ=1.0  rb  ac_complete  filo2  P≈0.000783
08:08:22 | i 60 | [ Summary ] cost=687595.00  Δ_S*=+1.16%  Δ_BKS=+1.41%  Δ_S*_BKS=+0.25%  no_improve=14
08:08:22 | i 61 | [HAOS ROLL] k=8  λ=0.6  vb  kmedoids  filo  P≈0.000793
08:08:23 | i 61 | [Phase 1/3] decompose  0.99s / — / —  λ=0.6  vb kmedoids
08:09:20 | i 61 | [Phase 2/3] route  57.15s / 56.82s / 100.6%  filo  k=8
08:09:46 | i 60 | [ ASYNC BG] bg_ails  84.65s / 80.48s / 105.2%
08:09:47 | i 61 | [HAOS ROLL] k=8  λ=0.6  vb  kmedoids  filo  P≈0.000793
08:09:47 | i 61 | [ Summary ] cost=690186.00  Δ_S*=+1.54%  Δ_BKS=+1.79%  Δ_S*_BKS=+0.25%  no_improve=16
08:09:47 | i 62 | [HAOS ROLL] k=8  λ=0.0  rb  ac_avg  filo  P≈0.005553
08:09:47 | i 62 | [Phase 1/3] decompose  0.61s / — / —  λ=0.0  rb ac_avg
08:10:55 | i 62 | [Phase 2/3] route  68.18s / 68.22s / 99.9%  filo  k=8
08:11:13 | i 61 | [ ASYNC BG] bg_ails  86.67s / 82.60s / 104.9%
08:11:13 | i 62 | [HAOS ROLL] k=8  λ=0.0  rb  ac_avg  filo  P≈0.005553
08:11:13 | i 62 | [ Summary ] cost=689385.00  Δ_S*=+1.42%  Δ_BKS=+1.68%  Δ_S*_BKS=+0.25%  no_improve=18
08:11:13 | i 63 | [HAOS ROLL] k=8  λ=0.0  vb  ac_complete  filo2  P≈0.002188
08:11:14 | i 63 | [Phase 1/3] decompose  0.79s / — / —  λ=0.0  vb ac_complete
08:12:06 | i 63 | [Phase 2/3] route  52.14s / 45.66s / 114.2%  filo2  k=8
08:12:57 | i 62 | [ ASYNC BG] bg_ails  103.54s / 99.71s / 103.8%
08:12:57 | i 63 | [HAOS ROLL] k=8  λ=0.0  vb  ac_complete  filo2  P≈0.002188
08:12:57 | i 63 | [ Summary ] cost=690367.00  Δ_S*=+1.57%  Δ_BKS=+1.82%  Δ_S*_BKS=+0.25%  no_improve=20
08:12:57 | i 64 | [HAOS ROLL] k=10  λ=0.8  vb  fcm  filo2  P≈0.000912
08:12:58 | i 64 | [Phase 1/3] decompose  0.80s / — / —  λ=0.8  vb fcm
08:13:39 | i 64 | [Phase 2/3] route  41.13s / 31.74s / 129.6%  filo2  k=10
08:14:15 | i 63 | [ ASYNC BG] bg_ails  78.59s / 74.85s / 105.0%
08:14:15 | i 64 | [HAOS ROLL] k=10  λ=0.8  vb  fcm  filo2  P≈0.000912
08:14:16 | i 64 | [ Summary ] cost=690867.00  Δ_S*=+1.64%  Δ_BKS=+1.89%  Δ_S*_BKS=+0.25%  no_improve=22
08:14:16 | i 65 | [HAOS ROLL] k=2  λ=0.4  vb  fcm  filo2  P≈0.000556
08:14:16 | i 65 | [Phase 1/3] decompose  0.68s / — / —  λ=0.4  vb fcm
08:16:07 | i 65 | [Phase 2/3] route  111.27s / 110.88s / 100.4%  filo2  k=2
08:16:08 | i 64 | [ ASYNC BG] bg_ails  64.79s / 60.00s / 108.0%
08:16:08 | i 65 | [HAOS ROLL] k=2  λ=0.4  vb  fcm  filo2  P≈0.000556
08:16:08 | i 65 | [ Summary ] cost=685023.00  Δ_S*=+0.78%  Δ_BKS=+1.03%  Δ_S*_BKS=+0.25%  no_improve=24
08:16:08 | i 54 | [ASYNC 1/2] sp_sc  735.08s / 720.00s / 102.1%  SC  avg_coverage=19.41/5  pool=10000
08:16:08 | i 54 | [ASYNC 2/2] standard_ails  363.89s / 360.00s / 101.1%
08:16:50 | i 66 | [HAOS ROLL] k=8  λ=0.8  vb  fcm  ails2  P≈0.001321
08:16:51 | i 66 | [Phase 1/3] decompose  0.84s / — / —  λ=0.8  vb fcm
08:17:41 | i 66 | [Phase 2/3] route  49.92s / 35.94s / 138.9%  ails2  k=8
08:18:00 | i 65 | [ ASYNC BG] bg_ails  112.70s / 108.22s / 104.1%
08:18:01 | i 66 | [HAOS ROLL] k=8  λ=0.8  vb  fcm  ails2  P≈0.001321
08:18:01 | i 66 | [ Summary ] cost=683680.00  Δ_S*=+0.58%  Δ_BKS=+0.83%  Δ_S*_BKS=+0.25%  no_improve=27
08:18:01 | i 67 | [HAOS ROLL] k=12  λ=0.8  vb  ac_avg  filo  P≈0.000565
08:18:02 | i 67 | [Phase 1/3] decompose  1.02s / — / —  λ=0.8  vb ac_avg
08:18:52 | i 67 | [Phase 2/3] route  50.16s / 49.56s / 101.2%  filo  k=12
08:19:05 | i 66 | [ ASYNC BG] bg_ails  64.87s / 60.00s / 108.1%
08:19:05 | i 67 | [HAOS ROLL] k=12  λ=0.8  vb  ac_avg  filo  P≈0.000565
08:19:06 | i 67 | [ Summary ] cost=690903.00  Δ_S*=+1.65%  Δ_BKS=+1.90%  Δ_S*_BKS=+0.25%  no_improve=29
08:19:06 | i 68 | [HAOS ROLL] k=6  λ=0.0  rb  ac_avg  filo2  P≈0.004223
08:19:06 | i 68 | [Phase 1/3] decompose  0.52s / — / —  λ=0.0  rb ac_avg
08:20:14 | i 68 | [Phase 2/3] route  68.18s / 68.22s / 99.9%  filo2  k=6
08:20:18 | i 67 | [ ASYNC BG] bg_ails  72.69s / 68.08s / 106.8%
08:20:18 | i 68 | [HAOS ROLL] k=6  λ=0.0  rb  ac_avg  filo2  P≈0.004223
08:20:18 | i 68 | [ Summary ] cost=687003.00  Δ_S*=+1.07%  Δ_BKS=+1.32%  Δ_S*_BKS=+0.25%  no_improve=31
08:20:18 | i 69 | [HAOS ROLL] k=2  λ=0.6  vb  fcm  filo2  P≈0.002850
08:20:19 | i 69 | [Phase 1/3] decompose  0.67s / — / —  λ=0.6  vb fcm
08:22:10 | i 69 | [Phase 2/3] route  111.26s / 110.88s / 100.3%  filo2  k=2
08:22:10 | i 68 | [ ASYNC BG] bg_ails  70.53s / 66.58s / 105.9%
08:22:10 | i 69 | [HAOS ROLL] k=2  λ=0.6  vb  fcm  filo2  P≈0.002850
08:22:10 | i 69 | [ Summary ] cost=685535.00  Δ_S*=+0.86%  Δ_BKS=+1.11%  Δ_S*_BKS=+0.25%  no_improve=33
08:22:10 | i 70 | [HAOS ROLL] k=2  λ=0.6  rb  ac_avg  filo  P≈0.006838
08:22:11 | i 70 | [Phase 1/3] decompose  0.76s / — / —  λ=0.6  rb ac_avg
08:24:24 | i 70 | [Phase 2/3] route  132.32s / 131.94s / 100.3%  filo  k=2
08:24:24 | i 70 | [HAOS ROLL] k=2  λ=0.6  rb  ac_avg  filo  P≈0.006838
08:24:24 | i 70 | [ Summary ] cost=686461.00  Δ_S*=+0.99%  Δ_BKS=+1.24%  Δ_S*_BKS=+0.25%  no_improve=34
08:24:24 | i — | [  FINAL  ] async BG-AILS totals launched=68 applied=68 adopted=4 launch_skipped_cap=2 crashes=0 discarded_in_flight=False block_wait_total_s=1329.0
08:24:54 | i — | [  FINAL  ] async SP/SC totals invocations=6 adopted=3 skipped=0 discarded_in_flight=True sp_busy_frac=0.8373082862270681
08:24:54 | i — | [  FINAL  ] ════════════════════════════════════════
08:24:54 | i — | [  FINAL  ] Run complete  iterations=70  elapsed=02:01:30  best=679708.00
08:24:54 | i — | [  FINAL  ] Δ_BKS=+0.25%  no_improve_stop=False  time_stop=True  cancelled=False
08:24:54 | i — | [  FINAL  ] 
08:24:54 | i — | [  FINAL  ] [BEST SOLUTION — HAOS TAG SUMMARY]
08:24:54 | i — | [  FINAL  ] ────────────────────────────────────────
08:24:54 | i — | [  FINAL  ]   43 routes  vb  fcm  k=2  λ=0.8  solver=filo2
08:24:54 | i — | [  FINAL  ]   22 routes  rb  ac_avg  k=12  λ=0.2  solver=filo
08:24:54 | i — | [  FINAL  ]   18 routes  rb  ac_avg  k=2  λ=0.8  solver=ails2
08:24:54 | i — | [  FINAL  ]   13 routes  rb  ac_avg  k=8  λ=0.6  solver=ails2
08:24:54 | i — | [  FINAL  ]   13 routes  vb  ac_complete  k=12  λ=0.8  solver=filo
08:24:54 | i — | [  FINAL  ]   11 routes  rb  kmeans  k=8  λ=0.6  solver=filo
08:24:54 | i — | [  FINAL  ]   8 routes  rb  ac_avg  k=6  λ=1.0  solver=filo2
08:24:54 | i — | [  FINAL  ]   7 routes  vb  kmeans  k=10  λ=0.8  solver=filo2
08:24:54 | i — | [  FINAL  ]   6 routes  rb  ac_avg  k=8  λ=0.2  solver=ails2
08:24:54 | i — | [  FINAL  ]   6 routes  rb  ac_complete  k=8  λ=0.0  solver=filo2
08:24:54 | i — | [  FINAL  ]   6 routes  rb  ac_avg  k=8  λ=0.8  solver=filo2
08:24:54 | i — | [  FINAL  ]   5 routes  rb  ac_avg  k=8  λ=0.6  solver=filo2
08:24:54 | i — | [  FINAL  ]   5 routes  rb  kmeans  k=2  λ=0.6  solver=filo
08:24:54 | i — | [  FINAL  ]   4 routes  rb  ac_avg  k=2  λ=0.8  solver=filo2
08:24:54 | i — | [  FINAL  ]   3 routes  rb  ac_avg  k=8  λ=0.0  solver=pyvrp
08:24:54 | i — | [  FINAL  ]   3 routes  rb  ac_avg  k=6  λ=0.8  solver=filo2
08:24:54 | i — | [  FINAL  ]   3 routes  vb  kmedoids  k=6  λ=0.4  solver=filo
08:24:54 | i — | [  FINAL  ]   3 routes  rb  ac_avg  k=8  λ=0.8  solver=ails2
08:24:54 | i — | [  FINAL  ]   3 routes  rb  ac_avg  k=4  λ=0.0  solver=filo
08:24:54 | i — | [  FINAL  ]   3 routes  vb  fcm  k=2  λ=0.0  solver=filo
08:24:54 | i — | [  FINAL  ]   2 routes  vb  ac_avg  k=4  λ=0.6  solver=filo2
08:24:54 | i — | [  FINAL  ]   2 routes  vb  ac_complete  k=2  λ=0.8  solver=filo2
08:24:54 | i — | [  FINAL  ]   2 routes  rb  kmeans  k=2  λ=0.8  solver=filo
08:24:54 | i — | [  FINAL  ]   1 routes  vb  kmeans  k=6  λ=0.6  solver=ails2
08:24:54 | i — | [  FINAL  ]   1 routes  rb  ac_avg  k=8  λ=0.0  solver=filo2
08:24:54 | i — | [  FINAL  ]   1 routes  rb  kmeans  k=12  λ=0.0  solver=filo2
08:24:54 | i — | [  FINAL  ]   1 routes  vb  fcm  k=8  λ=0.8  solver=ails2
08:24:54 | i — | [  FINAL  ]   1 routes  rb  ac_avg  k=6  λ=0.6  solver=filo2
08:24:54 | i — | [  FINAL  ]   1 routes  vb  ac_complete  k=3  λ=0.0  solver=filo
08:24:54 | i — | [  FINAL  ]   1 routes  rb  ac_avg  k=6  λ=0.6  solver=filo
08:24:54 | i — | [  FINAL  ]   1 routes  vb  ac_avg  k=10  λ=0.0  solver=pyvrp
08:24:54 | i — | [  FINAL  ]   326 routes  post-SP/SC improvement
08:24:54 | i — | [  FINAL  ] 
08:24:54 | i — | [  FINAL  ] [ROUTE POOL — HAOS TAG SUMMARY]
08:24:54 | i — | [  FINAL  ] ────────────────────────────────────────
08:24:54 | i — | [  FINAL  ]   668 routes  vb  ac_avg  k=12  λ=0.8  solver=filo
08:24:54 | i — | [  FINAL  ]   609 routes  vb  fcm  k=8  λ=0.8  solver=ails2
08:24:54 | i — | [  FINAL  ]   583 routes  rb  ac_avg  k=6  λ=0.0  solver=filo2
08:24:54 | i — | [  FINAL  ]   506 routes  vb  fcm  k=2  λ=0.4  solver=filo2
08:24:54 | i — | [  FINAL  ]   456 routes  vb  fcm  k=8  λ=1.0  solver=filo2
08:24:54 | i — | [  FINAL  ]   407 routes  rb  ac_avg  k=8  λ=0.0  solver=filo
08:24:54 | i — | [  FINAL  ]   396 routes  vb  ac_complete  k=2  λ=0.2  solver=filo2
08:24:54 | i — | [  FINAL  ]   396 routes  vb  kmedoids  k=8  λ=0.6  solver=filo
08:24:54 | i — | [  FINAL  ]   385 routes  rb  ac_complete  k=10  λ=0.8  solver=filo2
08:24:54 | i — | [  FINAL  ]   380 routes  vb  fcm  k=10  λ=0.8  solver=filo2
08:24:54 | i — | [  FINAL  ]   377 routes  vb  ac_complete  k=8  λ=0.0  solver=filo2
08:24:54 | i — | [  FINAL  ]   373 routes  vb  kmedoids  k=2  λ=0.8  solver=filo2
08:24:54 | i — | [  FINAL  ]   370 routes  vb  kmedoids  k=2  λ=0.4  solver=filo2
08:24:54 | i — | [  FINAL  ]   363 routes  rb  ac_avg  k=4  λ=1.0  solver=filo2
08:24:54 | i — | [  FINAL  ]   324 routes  rb  ac_complete  k=8  λ=1.0  solver=filo2
08:24:54 | i — | [  FINAL  ]   324 routes  rb  ac_avg  k=2  λ=0.6  solver=filo
08:24:54 | i — | [  FINAL  ]   309 routes  rb  ac_avg  k=8  λ=0.6  solver=filo2
08:24:54 | i — | [  FINAL  ]   285 routes  vb  fcm  k=2  λ=0.6  solver=filo2
08:24:54 | i — | [  FINAL  ]   165 routes  vb  fcm  k=2  λ=0.8  solver=filo2
08:24:54 | i — | [  FINAL  ]   120 routes  rb  ac_avg  k=12  λ=0.2  solver=filo
08:24:54 | i — | [  FINAL  ]   102 routes  rb  ac_avg  k=4  λ=0.0  solver=filo
08:24:54 | i — | [  FINAL  ]   80 routes  rb  kmeans  k=8  λ=0.6  solver=filo
08:24:54 | i — | [  FINAL  ]   80 routes  rb  ac_avg  k=2  λ=0.8  solver=filo2
08:24:54 | i — | [  FINAL  ]   78 routes  vb  ac_complete  k=12  λ=0.8  solver=filo
08:24:54 | i — | [  FINAL  ]   63 routes  rb  ac_avg  k=8  λ=0.8  solver=filo2
08:24:54 | i — | [  FINAL  ]   62 routes  vb  kmeans  k=10  λ=0.8  solver=filo2
08:24:54 | i — | [  FINAL  ]   54 routes  rb  ac_complete  k=8  λ=0.0  solver=filo2
08:24:54 | i — | [  FINAL  ]   53 routes  rb  ac_avg  k=8  λ=0.0  solver=pyvrp
08:24:54 | i — | [  FINAL  ]   50 routes  rb  ac_avg  k=2  λ=0.8  solver=ails2
08:24:54 | i — | [  FINAL  ]   39 routes  rb  kmeans  k=2  λ=0.6  solver=filo
08:24:54 | i — | [  FINAL  ]   32 routes  rb  ac_avg  k=8  λ=0.6  solver=ails2
08:24:54 | i — | [  FINAL  ]   31 routes  rb  ac_avg  k=6  λ=1.0  solver=filo2
08:24:54 | i — | [  FINAL  ]   30 routes  rb  ac_avg  k=4  λ=0.8  solver=filo2
08:24:54 | i — | [  FINAL  ]   29 routes  rb  kmeans  k=2  λ=0.8  solver=filo
08:24:54 | i — | [  FINAL  ]   29 routes  rb  ac_avg  k=6  λ=0.8  solver=filo2
08:24:54 | i — | [  FINAL  ]   28 routes  rb  kmeans  k=8  λ=1.0  solver=ails2
08:24:54 | i — | [  FINAL  ]   28 routes  vb  ac_complete  k=2  λ=0.8  solver=filo2
08:24:54 | i — | [  FINAL  ]   26 routes  vb  ac_complete  k=12  λ=1.0  solver=filo2
08:24:54 | i — | [  FINAL  ]   17 routes  rb  ac_avg  k=8  λ=0.2  solver=ails2
08:24:54 | i — | [  FINAL  ]   16 routes  vb  kmeans  k=2  λ=0.6  solver=filo2
08:24:54 | i — | [  FINAL  ]   13 routes  vb  ac_avg  k=4  λ=0.6  solver=filo2
08:24:54 | i — | [  FINAL  ]   13 routes  rb  ac_avg  k=8  λ=0.8  solver=ails2
08:24:54 | i — | [  FINAL  ]   13 routes  rb  kmeans  k=12  λ=0.0  solver=filo2
08:24:54 | i — | [  FINAL  ]   11 routes  vb  fcm  k=2  λ=0.0  solver=filo
08:24:54 | i — | [  FINAL  ]   10 routes  vb  kmedoids  k=6  λ=0.4  solver=filo
08:24:54 | i — | [  FINAL  ]   10 routes  vb  ac_avg  k=2  λ=0.2  solver=filo
08:24:54 | i — | [  FINAL  ]   9 routes  vb  ac_avg  k=10  λ=0.0  solver=pyvrp
08:24:54 | i — | [  FINAL  ]   9 routes  rb  ac_avg  k=2  λ=0.8  solver=filo
08:24:54 | i — | [  FINAL  ]   8 routes  rb  ac_avg  k=6  λ=0.6  solver=filo2
08:24:54 | i — | [  FINAL  ]   7 routes  rb  ac_avg  k=6  λ=0.6  solver=filo
08:24:54 | i — | [  FINAL  ]   6 routes  rb  ac_avg  k=3  λ=0.0  solver=filo
08:24:54 | i — | [  FINAL  ]   5 routes  rb  ac_complete  k=4  λ=0.8  solver=pyvrp
08:24:54 | i — | [  FINAL  ]   5 routes  rb  ac_avg  k=6  λ=1.0  solver=filo
08:24:54 | i — | [  FINAL  ]   4 routes  vb  kmeans  k=6  λ=0.6  solver=ails2
08:24:54 | i — | [  FINAL  ]   4 routes  rb  ac_avg  k=8  λ=0.0  solver=filo2
08:24:54 | i — | [  FINAL  ]   4 routes  vb  ac_avg  k=3  λ=1.0  solver=filo
08:24:54 | i — | [  FINAL  ]   4 routes  rb  ac_avg  k=2  λ=0.8  solver=pyvrp
08:24:54 | i — | [  FINAL  ]   3 routes  vb  ac_complete  k=3  λ=0.0  solver=filo
08:24:54 | i — | [  FINAL  ]   3 routes  rb  ac_avg  k=2  λ=0.6  solver=filo2
08:24:54 | i — | [  FINAL  ]   3 routes  vb  ac_complete  k=2  λ=0.8  solver=filo
08:24:54 | i — | [  FINAL  ]   1 routes  vb  fcm  k=6  λ=0.2  solver=ails2
08:24:54 | i — | [  FINAL  ]   1 routes  rb  kmeans  k=6  λ=0.6  solver=pyvrp
08:24:54 | i — | [  FINAL  ]   1 routes  rb  ac_avg  k=2  λ=1.0  solver=pyvrp
08:24:54 | i — | [  FINAL  ]   1130 routes  post-SP/SC improvement
08:24:54 | i — | [  FINAL  ] ════════════════════════════════════════
