03:30:39 | i — | [  INIT   ] ════════════════════════════════════════
03:30:39 | i — | [  INIT   ] DRISPI  instance=X-n8389-k2028  n=8388  capacity=208
03:30:39 | i — | [  INIT   ] k domain (computed at init): [2, 3, 4, 6, 8, 10, 12, 17, 23, 32]  k_ext=32  k_min=2028  k_ext_bound=n_bound  spacing_rejected=0
03:30:39 | i — | [  INIT   ] ══════════════════════════════════════════════════════
03:30:39 | i — | [  INIT   ] CONFIGURATION
03:30:39 | i — | [  INIT   ] ── stopping ────────────────────────────────
03:30:39 | i — | [  INIT   ]   time_limit                  = 7200.0
03:30:39 | i — | [  INIT   ]   max_no_improve              = 1000000000
03:30:39 | i — | [  INIT   ] ── parallelism ─────────────────────────────
03:30:39 | i — | [  INIT   ]   n_workers                   = 8
03:30:39 | i — | [  INIT   ] ── cores ───────────────────────────────────
03:30:39 | i — | [  INIT   ]   cores_total                 = 8
03:30:39 | i — | [  INIT   ]   cores_dri                   = 6
03:30:39 | i — | [  INIT   ]   cores_bg                    = 1
03:30:39 | i — | [  INIT   ]   cores_sp                    = 1
03:30:39 | i — | [  INIT   ]   cores_cpu_list              = None
03:30:39 | i — | [  INIT   ] ── sp/sc ───────────────────────────────────
03:30:39 | i — | [  INIT   ]   sp_sc_mode                  = async
03:30:39 | i — | [  INIT   ]   sp_sc_trigger               = wallclock
03:30:39 | i — | [  INIT   ]   interval_minutes            = 20.0
03:30:39 | i — | [  INIT   ]   overlap_policy              = skip
03:30:39 | i — | [  INIT   ]   warmup_iterations           = 5
03:30:39 | i — | [  INIT   ]   sp_interval                 = 3
03:30:39 | i — | [  INIT   ]   min_coverage                = 5
03:30:39 | i — | [  INIT   ]   sp_time_limit               = 720.0
03:30:39 | i — | [  INIT   ]   mip_gap                     = 0.00025
03:30:39 | i — | [  INIT   ] ── decomposition ───────────────────────────
03:30:39 | i — | [  INIT   ]   decomp_k_base_arms          = [2, 3, 4, 6, 8, 10, 12]
03:30:39 | i — | [  INIT   ]   decomp_k_max_arms           = 10
03:30:39 | i — | [  INIT   ]   decomp_k_ext_per_1000       = 4
03:30:39 | i — | [  INIT   ]   decomp_k_min_routes_per_cluster= 8
03:30:39 | i — | [  INIT   ]   decomp_k_min_arm_spacing    = 2
03:30:39 | i — | [  INIT   ]   subcluster_rate_s_per_customer= 0.06
03:30:39 | i — | [  INIT   ]   subcluster_floor_s          = 5.0
03:30:39 | i — | [  INIT   ] ── bg_ails ─────────────────────────────────
03:30:39 | i — | [  INIT   ]   bg_ails_mode                = async
03:30:39 | i — | [  INIT   ]   bg_ails_crash_threshold     = 1
03:30:39 | i — | [  INIT   ]   bg_ails_budget_mode         = predicted_dr_wall
03:30:39 | i — | [  INIT   ]   bg_ails_budget_floor_s      = 60.0
03:30:39 | i — | [  INIT   ]   bg_ails_budget_margin       = 1.0
03:30:39 | i — | [  INIT   ]   bg_ails_wall_model_scale    = 0.976
03:30:39 | i — | [  INIT   ]   bg_ails_wall_model_wave_exponent= -0.18
03:30:39 | i — | [  INIT   ]   bg_ails_initial_omega       = 10
03:30:39 | i — | [  INIT   ]   bg_ails_boundary_threshold  = 0.5
03:30:39 | i — | [  INIT   ]   bg_ails_small_cluster_cap   = 20
03:30:39 | i — | [  INIT   ]   bg_ails_small_cluster_alpha = 0.5
03:30:39 | i — | [  INIT   ]   bg_ails_pair_selection      = greedy
03:30:39 | i — | [  INIT   ]   bg_ails_n_chains_mode       = k
03:30:39 | i — | [  INIT   ]   bg_ails_unique_first_routes = True
03:30:39 | i — | [  INIT   ]   bg_ails_boundary_mask_first_ls= True
03:30:39 | i — | [  INIT   ] ── standard_improvement ────────────────────
03:30:39 | i — | [  INIT   ]   standard_improvement_time_limit= 360.0
03:30:39 | i — | [  INIT   ] ── pool ────────────────────────────────────
03:30:39 | i — | [  INIT   ]   max_pool_size               = 10000
03:30:39 | i — | [  INIT   ]   pool_diversity_weight       = 0.5
03:30:39 | i — | [  INIT   ] ── haos ────────────────────────────────────
03:30:39 | i — | [  INIT   ]   haos_decay                  = 0.95
03:30:39 | i — | [  INIT   ]   haos_warmup                 = 10
03:30:39 | i — | [  INIT   ]   haos_starting_weight        = 10.0
03:30:39 | i — | [  INIT   ]   haos_min_weight_k           = 0.025
03:30:39 | i — | [  INIT   ]   haos_min_weight_lambda      = 0.05
03:30:39 | i — | [  INIT   ]   haos_min_weight_paradigm    = 0.1
03:30:39 | i — | [  INIT   ]   haos_min_weight_vertex_method= 0.05
03:30:39 | i — | [  INIT   ]   haos_min_weight_route_method= 0.05
03:30:39 | i — | [  INIT   ]   haos_min_weight_solver      = 0.05
03:30:39 | i — | [  INIT   ]   haos_lambda_demand_values   = [0.0, 0.2, 0.4, 0.6, 0.8, 1.0]
03:30:39 | i — | [  INIT   ]   haos_paradigm_values        = ['vertex', 'route']
03:30:39 | i — | [  INIT   ]   haos_vertex_method_values   = ['kmeans', 'agglomerative_avg', 'agglomerative_complete', 'kmedoids', 'fcm']
03:30:39 | i — | [  INIT   ]   haos_route_method_values    = ['kmeans', 'agglomerative_avg', 'agglomerative_complete']
03:30:39 | i — | [  INIT   ]   haos_solver_values          = ['pyvrp', 'filo', 'filo2', 'ails2']
03:30:39 | i — | [  INIT   ] ── haos_rewards ────────────────────────────
03:30:39 | i — | [  INIT   ]   haos_reward_new_best        = 10.0
03:30:39 | i — | [  INIT   ]   haos_reward_improvement     = 4.0
03:30:39 | i — | [  INIT   ]   haos_reward_no_improvement  = 1.0
03:30:39 | i — | [  INIT   ]   haos_reward_no_solution     = 0.0
03:30:39 | i — | [  INIT   ]   haos_deferred_new_best      = 7.0
03:30:39 | i — | [  INIT   ]   haos_deferred_improvement   = 3.0
03:30:39 | i — | [  INIT   ]   haos_deferred_no_improvement= 0.0
03:30:39 | i — | [  INIT   ] ── seed ────────────────────────────────────
03:30:39 | i — | [  INIT   ]   seed                        = 22
03:30:39 | i — | [  INIT   ] ── output ──────────────────────────────────
03:30:39 | i — | [  INIT   ]   output_dir                  = /app/artifacts/benchmark/X-n8389-k2028/seed22
03:30:39 | i — | [  INIT   ]   run_analysis                = False
03:30:39 | i — | [  INIT   ] ══════════════════════════════════════════════════════
03:30:39 | i — | [  INIT   ] BKS=3353305.00
03:30:39 | i — | [  INIT   ] ════════════════════════════════════════
03:30:39 | i 1 | [HAOS ROLL] k=10  λ=0.8  vb  fcm  filo2  P≈0.000417
03:30:44 | i 1 | [Phase 1/3] decompose  4.99s / — / —  λ=0.8  vb fcm
03:32:37 | i 1 | [Phase 2/3] route  113.35s / 79.08s / 143.3%  filo2  k=10
03:32:37 | i 1 | [ IMPROVE ] 3392674.00  via decompose_route  ·  Δ_BKS=+1.17%
03:32:37 | i 1 | [HAOS ROLL] k=10  λ=0.8  vb  fcm  filo2  P≈0.000417
03:32:37 | i 1 | [ Summary ] cost=3392674.00  Δ_S*=+0.00%  Δ_BKS=+1.17%  Δ_S*_BKS=+1.17%  no_improve=0
03:32:37 | i 2 | [HAOS ROLL] k=23  λ=0.4  vb  kmedoids  filo  P≈0.000417
03:32:45 | i 2 | [Phase 1/3] decompose  7.95s / — / —  λ=0.4  vb kmedoids
03:34:16 | i 2 | [Phase 2/3] route  90.19s / 36.72s / 245.6%  filo  k=23
03:35:08 | i 1 | [ IMPROVE ] 3373349.00  via bg_ails  ·  Δ_BKS=+0.60%
03:35:08 | i 1 | [ ASYNC BG] bg_ails  150.66s / 131.24s / 114.8%
03:35:08 | i 2 | [HAOS ROLL] k=23  λ=0.4  vb  kmedoids  filo  P≈0.000417
03:35:08 | i 2 | [ Summary ] cost=3405812.00  Δ_S*=+0.96%  Δ_BKS=+1.57%  Δ_S*_BKS=+0.60%  no_improve=1
03:35:08 | i 3 | [HAOS ROLL] k=17  λ=0.6  rb  ac_avg  filo  P≈0.000694
03:35:12 | i 3 | [Phase 1/3] decompose  4.32s / — / —  λ=0.6  rb ac_avg
03:36:59 | i 3 | [Phase 2/3] route  106.26s / 75.60s / 140.6%  filo  k=17
03:36:59 | i 2 | [ ASYNC BG] bg_ails  106.56s / 85.46s / 124.7%
03:36:59 | i 3 | [HAOS ROLL] k=17  λ=0.6  rb  ac_avg  filo  P≈0.000694
03:36:59 | i 3 | [ Summary ] cost=3399726.00  Δ_S*=+0.78%  Δ_BKS=+1.38%  Δ_S*_BKS=+0.60%  no_improve=3
03:36:59 | i 4 | [HAOS ROLL] k=2  λ=0.0  vb  kmeans  filo2  P≈0.000417
03:37:02 | i 4 | [Phase 1/3] decompose  2.83s / — / —  λ=0.0  vb kmeans
03:41:17 | i 4 | [Phase 2/3] route  254.94s / 254.22s / 100.3%  filo2  k=2
03:41:17 | i 3 | [ ASYNC BG] bg_ails  175.92s / 157.95s / 111.4%
03:41:17 | i 4 | [HAOS ROLL] k=2  λ=0.0  vb  kmeans  filo2  P≈0.000417
03:41:17 | i 4 | [ Summary ] cost=3386187.00  Δ_S*=+0.38%  Δ_BKS=+0.98%  Δ_S*_BKS=+0.60%  no_improve=5
03:41:17 | i 5 | [HAOS ROLL] k=17  λ=0.8  vb  kmedoids  filo2  P≈0.000417
03:41:22 | i 5 | [Phase 1/3] decompose  4.93s / — / —  λ=0.8  vb kmedoids
03:42:58 | i 5 | [Phase 2/3] route  96.21s / 59.88s / 160.7%  filo2  k=17
03:45:43 | i 4 | [ IMPROVE ] 3373208.00  via bg_ails  ·  Δ_BKS=+0.59%
03:45:43 | i 4 | [ ASYNC BG] bg_ails  265.58s / 248.12s / 107.0%
03:45:43 | i 5 | [HAOS ROLL] k=17  λ=0.8  vb  kmedoids  filo2  P≈0.000417
03:45:43 | i 5 | [ Summary ] cost=3402930.00  Δ_S*=+0.88%  Δ_BKS=+1.48%  Δ_S*_BKS=+0.59%  no_improve=1
03:45:43 | i 6 | [HAOS ROLL] k=12  λ=0.0  vb  kmeans  ails2  P≈0.000417
03:45:46 | i 6 | [Phase 1/3] decompose  3.03s / — / —  λ=0.0  vb kmeans
03:47:38 | i 6 | [Phase 2/3] route  111.82s / 68.28s / 163.8%  ails2  k=12
03:47:42 | i 5 | [ ASYNC BG] bg_ails  119.47s / 100.43s / 119.0%
03:47:42 | i 6 | [ IMPROVE ] 3368517.00  via decompose_route  ·  Δ_BKS=+0.45%
03:47:42 | i 6 | [HAOS ROLL] k=12  λ=0.0  vb  kmeans  ails2  P≈0.000417
03:47:42 | i 6 | [ Summary ] cost=3368517.00  Δ_S*=+0.00%  Δ_BKS=+0.45%  Δ_S*_BKS=+0.45%  no_improve=0
03:47:42 | i 7 | [HAOS ROLL] k=8  λ=0.0  rb  kmeans  filo  P≈0.000694
03:47:45 | i 7 | [Phase 1/3] decompose  3.04s / — / —  λ=0.0  rb kmeans
03:49:40 | i 7 | [Phase 2/3] route  114.34s / 114.24s / 100.1%  filo  k=8
03:49:52 | i 6 | [ ASYNC BG] bg_ails  129.40s / 111.45s / 116.1%
03:49:52 | i 7 | [HAOS ROLL] k=8  λ=0.0  rb  kmeans  filo  P≈0.000694
03:49:52 | i 7 | [ Summary ] cost=3394059.00  Δ_S*=+0.76%  Δ_BKS=+1.22%  Δ_S*_BKS=+0.45%  no_improve=2
03:49:52 | i 8 | [HAOS ROLL] k=2  λ=1.0  rb  ac_complete  filo2  P≈0.000694
03:49:56 | i 8 | [Phase 1/3] decompose  3.83s / — / —  λ=1.0  rb ac_complete
03:55:12 | i 8 | [Phase 2/3] route  316.38s / 314.82s / 100.5%  filo2  k=2
03:55:12 | i 7 | [ ASYNC BG] bg_ails  169.88s / 152.33s / 111.5%
03:55:12 | i 8 | [HAOS ROLL] k=2  λ=1.0  rb  ac_complete  filo2  P≈0.000694
03:55:12 | i 8 | [ Summary ] cost=3386286.00  Δ_S*=+0.53%  Δ_BKS=+0.98%  Δ_S*_BKS=+0.45%  no_improve=4
03:55:12 | i 6 | [ASYNC 1/2] sp_sc  0.22s / 720.00s / 0.0%  SC  avg_coverage=4.88/5  pool=10000
03:55:12 | i 6 | [ASYNC 2/2] standard_ails  374.72s / 360.00s / 104.1%
03:56:37 | i 6 | [ IMPROVE ] 3367881.00  via standard_ails  ·  Δ_BKS=+0.43%
03:56:37 | i 9 | [HAOS ROLL] k=3  λ=0.0  rb  kmeans  filo  P≈0.000694
03:56:40 | i 9 | [Phase 1/3] decompose  2.74s / — / —  λ=0.0  rb kmeans
04:00:11 | i 9 | [Phase 2/3] route  211.70s / 211.08s / 100.3%  filo  k=3
04:00:37 | i 8 | [ ASYNC BG] bg_ails  325.27s / 307.26s / 105.9%
04:00:38 | i 9 | [HAOS ROLL] k=3  λ=0.0  rb  kmeans  filo  P≈0.000694
04:00:38 | i 9 | [ Summary ] cost=3388596.00  Δ_S*=+0.62%  Δ_BKS=+1.05%  Δ_S*_BKS=+0.43%  no_improve=2
04:00:38 | i 10 | [HAOS ROLL] k=12  λ=0.0  rb  ac_avg  filo2  P≈0.000694
04:00:41 | i 10 | [Phase 1/3] decompose  2.94s / — / —  λ=0.0  rb ac_avg
04:02:33 | i 10 | [Phase 2/3] route  112.27s / 89.58s / 125.3%  filo2  k=12
04:04:22 | i 9 | [ ASYNC BG] bg_ails  224.44s / 206.01s / 108.9%
04:04:22 | i 10 | [HAOS ROLL] k=12  λ=0.0  rb  ac_avg  filo2  P≈0.000694
04:04:22 | i 10 | [ Summary ] cost=3388023.00  Δ_S*=+0.60%  Δ_BKS=+1.04%  Δ_S*_BKS=+0.43%  no_improve=4
04:04:22 | i 11 | [HAOS ROLL] k=23  λ=1.0  vb  ac_avg  ails2  P≈0.000417
04:04:28 | i 11 | [Phase 1/3] decompose  5.95s / — / —  λ=1.0  vb ac_avg
04:06:17 | i 11 | [Phase 2/3] route  109.32s / 68.22s / 160.2%  ails2  k=23
04:07:12 | i 10 | [ ASYNC BG] bg_ails  169.52s / 151.66s / 111.8%
04:07:12 | i 11 | [HAOS ROLL] k=23  λ=1.0  vb  ac_avg  ails2  P≈0.000417
04:07:12 | i 11 | [ Summary ] cost=3373324.00  Δ_S*=+0.16%  Δ_BKS=+0.60%  Δ_S*_BKS=+0.43%  no_improve=6
04:07:12 | i 12 | [HAOS ROLL] k=32  λ=0.8  vb  kmedoids  ails2  P≈0.000503
04:07:17 | i 12 | [Phase 1/3] decompose  5.18s / — / —  λ=0.8  vb kmedoids
04:08:52 | i 12 | [Phase 2/3] route  95.38s / 30.78s / 309.9%  ails2  k=32
04:09:56 | i 11 | [ ASYNC BG] bg_ails  163.99s / 145.78s / 112.5%
04:09:56 | i 12 | [HAOS ROLL] k=32  λ=0.8  vb  kmedoids  ails2  P≈0.000503
04:09:56 | i 12 | [ Summary ] cost=3377140.00  Δ_S*=+0.27%  Δ_BKS=+0.71%  Δ_S*_BKS=+0.43%  no_improve=8
04:09:56 | i 13 | [HAOS ROLL] k=23  λ=0.2  vb  kmedoids  filo2  P≈0.000566
04:10:01 | i 13 | [Phase 1/3] decompose  5.62s / — / —  λ=0.2  vb kmedoids
04:11:42 | i 13 | [Phase 2/3] route  100.23s / 36.00s / 278.4%  filo2  k=23
04:11:56 | i 12 | [ ASYNC BG] bg_ails  120.72s / 101.04s / 119.5%
04:11:56 | i 13 | [HAOS ROLL] k=23  λ=0.2  vb  kmedoids  filo2  P≈0.000566
04:11:56 | i 13 | [ Summary ] cost=3403227.00  Δ_S*=+1.05%  Δ_BKS=+1.49%  Δ_S*_BKS=+0.43%  no_improve=10
04:11:56 | i 14 | [HAOS ROLL] k=2  λ=0.6  vb  fcm  ails2  P≈0.000587
04:12:00 | i 14 | [Phase 1/3] decompose  3.93s / — / —  λ=0.6  vb fcm
04:16:32 | i 14 | [Phase 2/3] route  271.56s / 266.82s / 101.8%  ails2  k=2
04:16:32 | i 13 | [ ASYNC BG] bg_ails  109.24s / 90.02s / 121.3%
04:16:32 | i 14 | [ IMPROVE ] 3367382.00  via decompose_route  ·  Δ_BKS=+0.42%
04:16:32 | i 14 | [HAOS ROLL] k=2  λ=0.6  vb  fcm  ails2  P≈0.000587
04:16:32 | i 14 | [ Summary ] cost=3367382.00  Δ_S*=+0.00%  Δ_BKS=+0.42%  Δ_S*_BKS=+0.42%  no_improve=0
04:16:32 | i 12 | [ASYNC 1/2] sp_sc  0.95s / 720.00s / 0.1%  SC  avg_coverage=4.98/5  pool=10000
04:16:32 | i 12 | [ASYNC 2/2] standard_ails  374.16s / 360.00s / 103.9%
04:17:57 | i 15 | [HAOS ROLL] k=2  λ=1.0  vb  ac_avg  pyvrp  P≈0.000734
04:18:02 | i 15 | [Phase 1/3] decompose  5.83s / — / —  λ=1.0  vb ac_avg
04:27:31 | i 15 | [Phase 2/3] route  568.84s / 446.94s / 127.3%  pyvrp  k=2
04:27:31 | i 14 | [ ASYNC BG] bg_ails  278.41s / 260.42s / 106.9%
04:27:32 | i 15 | [HAOS ROLL] k=2  λ=1.0  vb  ac_avg  pyvrp  P≈0.000734
04:27:32 | i 15 | [ Summary ] cost=3422187.00  Δ_S*=+1.63%  Δ_BKS=+2.05%  Δ_S*_BKS=+0.42%  no_improve=3
04:27:32 | i 16 | [HAOS ROLL] k=17  λ=0.8  vb  fcm  ails2  P≈0.001221
04:27:36 | i 16 | [Phase 1/3] decompose  4.47s / — / —  λ=0.8  vb fcm
04:29:13 | i 16 | [Phase 2/3] route  96.74s / 45.90s / 210.8%  ails2  k=17
04:35:06 | i 15 | [ ASYNC BG] bg_ails  454.62s / 436.21s / 104.2%
04:35:06 | i 16 | [HAOS ROLL] k=17  λ=0.8  vb  fcm  ails2  P≈0.001221
04:35:06 | i 16 | [ Summary ] cost=3372789.00  Δ_S*=+0.16%  Δ_BKS=+0.58%  Δ_S*_BKS=+0.42%  no_improve=5
04:35:06 | i 17 | [HAOS ROLL] k=4  λ=0.2  vb  ac_avg  pyvrp  P≈0.000519
04:35:12 | i 17 | [Phase 1/3] decompose  6.13s / — / —  λ=0.2  vb ac_avg
04:41:28 | i 17 | [Phase 2/3] route  375.96s / 315.30s / 119.2%  pyvrp  k=4
04:41:29 | i 16 | [ ASYNC BG] bg_ails  121.50s / 102.06s / 119.0%
04:41:29 | i 17 | [HAOS ROLL] k=4  λ=0.2  vb  ac_avg  pyvrp  P≈0.000519
04:41:29 | i 17 | [ Summary ] cost=3414231.00  Δ_S*=+1.39%  Δ_BKS=+1.82%  Δ_S*_BKS=+0.42%  no_improve=7
04:41:29 | i 18 | [HAOS ROLL] k=17  λ=0.4  vb  kmeans  filo  P≈0.000193
04:41:33 | i 18 | [Phase 1/3] decompose  3.80s / — / —  λ=0.4  vb kmeans
04:43:20 | i 18 | [Phase 2/3] route  107.23s / 50.94s / 210.5%  filo  k=17
04:46:54 | i 17 | [ ASYNC BG] bg_ails  325.69s / 307.73s / 105.8%
04:46:55 | i 18 | [HAOS ROLL] k=17  λ=0.4  vb  kmeans  filo  P≈0.000193
04:46:55 | i 18 | [ Summary ] cost=3400476.00  Δ_S*=+0.98%  Δ_BKS=+1.41%  Δ_S*_BKS=+0.42%  no_improve=9
04:46:55 | i 16 | [ASYNC 1/2] sp_sc  104.83s / 720.00s / 14.6%  SC  avg_coverage=4.96/5  pool=10000
04:46:55 | i 16 | [ASYNC 2/2] standard_ails  374.07s / 360.00s / 103.9%
04:48:19 | i 19 | [HAOS ROLL] k=32  λ=0.8  vb  ac_avg  ails2  P≈0.001209
04:48:25 | i 19 | [Phase 1/3] decompose  5.73s / — / —  λ=0.8  vb ac_avg
04:50:28 | i 19 | [Phase 2/3] route  123.30s / 81.66s / 151.0%  ails2  k=32
04:50:28 | i 18 | [ ASYNC BG] bg_ails  135.61s / 117.15s / 115.8%
04:50:28 | i 19 | [HAOS ROLL] k=32  λ=0.8  vb  ac_avg  ails2  P≈0.001209
04:50:29 | i 19 | [ Summary ] cost=3379733.00  Δ_S*=+0.37%  Δ_BKS=+0.79%  Δ_S*_BKS=+0.42%  no_improve=12
04:50:29 | i 20 | [HAOS ROLL] k=32  λ=0.4  vb  fcm  pyvrp  P≈0.000302
04:50:37 | i 20 | [Phase 1/3] decompose  8.51s / — / —  λ=0.4  vb fcm
04:52:11 | i 20 | [Phase 2/3] route  94.06s / 23.64s / 397.9%  pyvrp  k=32
04:53:33 | i 19 | [ ASYNC BG] bg_ails  185.04s / 165.89s / 111.5%
04:53:34 | i 20 | [HAOS ROLL] k=32  λ=0.4  vb  fcm  pyvrp  P≈0.000302
04:53:34 | i 20 | [ Summary ] cost=3406053.00  Δ_S*=+1.15%  Δ_BKS=+1.57%  Δ_S*_BKS=+0.42%  no_improve=14
04:53:34 | i 21 | [HAOS ROLL] k=6  λ=0.0  vb  ac_avg  ails2  P≈0.000933
04:53:39 | i 21 | [Phase 1/3] decompose  5.00s / — / —  λ=0.0  vb ac_avg
04:58:08 | i 21 | [Phase 2/3] route  269.24s / 262.08s / 102.7%  ails2  k=6
04:58:08 | i 20 | [ ASYNC BG] bg_ails  107.94s / 88.10s / 122.5%
04:58:08 | i 21 | [ IMPROVE ] 3364932.00  via decompose_route  ·  Δ_BKS=+0.35%
04:58:08 | i 21 | [HAOS ROLL] k=6  λ=0.0  vb  ac_avg  ails2  P≈0.000933
04:58:08 | i 21 | [ Summary ] cost=3364932.00  Δ_S*=+0.00%  Δ_BKS=+0.35%  Δ_S*_BKS=+0.35%  no_improve=0
04:58:08 | i 22 | [HAOS ROLL] k=12  λ=1.0  vb  fcm  filo2  P≈0.000580
04:58:13 | i 22 | [Phase 1/3] decompose  4.37s / — / —  λ=1.0  vb fcm
05:00:10 | i 22 | [Phase 2/3] route  117.25s / 66.60s / 176.0%  filo2  k=12
05:02:41 | i 21 | [ ASYNC BG] bg_ails  272.96s / 255.79s / 106.7%
05:02:41 | i 22 | [HAOS ROLL] k=12  λ=1.0  vb  fcm  filo2  P≈0.000580
05:02:41 | i 22 | [ Summary ] cost=3394504.00  Δ_S*=+0.88%  Δ_BKS=+1.23%  Δ_S*_BKS=+0.35%  no_improve=2
05:02:41 | i 23 | [HAOS ROLL] k=6  λ=0.8  vb  kmeans  filo  P≈0.000401
05:02:45 | i 23 | [Phase 1/3] decompose  4.14s / — / —  λ=0.8  vb kmeans
05:04:44 | i 23 | [Phase 2/3] route  118.35s / 118.26s / 100.1%  filo  k=6
05:04:48 | i 22 | [ ASYNC BG] bg_ails  126.73s / 107.78s / 117.6%
05:04:48 | i 23 | [HAOS ROLL] k=6  λ=0.8  vb  kmeans  filo  P≈0.000401
05:04:48 | i 23 | [ Summary ] cost=3391322.00  Δ_S*=+0.78%  Δ_BKS=+1.13%  Δ_S*_BKS=+0.35%  no_improve=4
05:04:48 | i 24 | [HAOS ROLL] k=23  λ=0.2  vb  kmeans  pyvrp  P≈0.000274
05:04:52 | i 24 | [Phase 1/3] decompose  4.01s / — / —  λ=0.2  vb kmeans
05:06:34 | i 24 | [Phase 2/3] route  101.55s / 44.70s / 227.2%  pyvrp  k=23
05:07:04 | i 23 | [ ASYNC BG] bg_ails  135.85s / 115.42s / 117.7%
05:07:04 | i 24 | [HAOS ROLL] k=23  λ=0.2  vb  kmeans  pyvrp  P≈0.000274
05:07:04 | i 24 | [ Summary ] cost=3402396.00  Δ_S*=+1.11%  Δ_BKS=+1.46%  Δ_S*_BKS=+0.35%  no_improve=6
05:07:04 | i 21 | [ASYNC 1/2] sp_sc  109.16s / 720.00s / 15.2%  SC  avg_coverage=5.05/5  pool=10000
05:07:04 | i 21 | [ASYNC 2/2] standard_ails  373.95s / 360.00s / 103.9%
05:08:35 | i 25 | [HAOS ROLL] k=6  λ=0.8  vb  kmeans  ails2  P≈0.001634
05:08:38 | i 25 | [Phase 1/3] decompose  3.87s / — / —  λ=0.8  vb kmeans
05:10:40 | i 25 | [Phase 2/3] route  121.19s / 118.50s / 102.3%  ails2  k=6
05:10:40 | i 24 | [ ASYNC BG] bg_ails  120.98s / 102.02s / 118.6%
05:10:40 | i 25 | [ IMPROVE ] 3364681.00  via decompose_route  ·  Δ_BKS=+0.34%
05:10:40 | i 25 | [HAOS ROLL] k=6  λ=0.8  vb  kmeans  ails2  P≈0.001634
05:10:40 | i 25 | [ Summary ] cost=3364681.00  Δ_S*=+0.00%  Δ_BKS=+0.34%  Δ_S*_BKS=+0.34%  no_improve=0
05:10:40 | i 26 | [HAOS ROLL] k=2  λ=1.0  vb  kmedoids  filo2  P≈0.000929
05:10:48 | i 26 | [Phase 1/3] decompose  7.68s / — / —  λ=1.0  vb kmedoids
05:16:18 | i 26 | [Phase 2/3] route  330.48s / 329.46s / 100.3%  filo2  k=2
05:16:18 | i 25 | [ ASYNC BG] bg_ails  134.33s / 115.66s / 116.1%
05:16:19 | i 26 | [HAOS ROLL] k=2  λ=1.0  vb  kmedoids  filo2  P≈0.000929
05:16:19 | i 26 | [ Summary ] cost=3386693.00  Δ_S*=+0.65%  Δ_BKS=+1.00%  Δ_S*_BKS=+0.34%  no_improve=2
05:16:19 | i 27 | [HAOS ROLL] k=8  λ=0.8  vb  ac_avg  ails2  P≈0.001341
05:16:25 | i 27 | [Phase 1/3] decompose  5.89s / — / —  λ=0.8  vb ac_avg
05:19:20 | i 27 | [Phase 2/3] route  175.51s / 124.62s / 140.8%  ails2  k=8
05:21:58 | i 26 | [ ASYNC BG] bg_ails  339.49s / 321.55s / 105.6%
05:21:58 | i 27 | [HAOS ROLL] k=8  λ=0.8  vb  ac_avg  ails2  P≈0.001341
05:21:58 | i 27 | [ Summary ] cost=3365834.00  Δ_S*=+0.03%  Δ_BKS=+0.37%  Δ_S*_BKS=+0.34%  no_improve=4
05:21:58 | i 28 | [HAOS ROLL] k=32  λ=0.8  vb  ac_avg  filo  P≈0.001359
05:22:04 | i 28 | [Phase 1/3] decompose  5.90s / — / —  λ=0.8  vb ac_avg
05:23:59 | i 28 | [Phase 2/3] route  115.31s / 81.66s / 141.2%  filo  k=32
05:25:29 | i 27 | [ ASYNC BG] bg_ails  210.50s / 191.98s / 109.6%
05:25:29 | i 28 | [HAOS ROLL] k=32  λ=0.8  vb  ac_avg  filo  P≈0.001359
05:25:29 | i 28 | [ Summary ] cost=3406767.00  Δ_S*=+1.25%  Δ_BKS=+1.59%  Δ_S*_BKS=+0.34%  no_improve=6
05:25:29 | i 29 | [HAOS ROLL] k=2  λ=0.6  rb  kmeans  ails2  P≈0.000433
05:25:33 | i 29 | [Phase 1/3] decompose  3.75s / — / —  λ=0.6  rb kmeans
05:30:41 | i 29 | [Phase 2/3] route  308.03s / 301.92s / 102.0%  ails2  k=2
05:30:41 | i 28 | [ ASYNC BG] bg_ails  184.64s / 165.89s / 111.3%
05:30:41 | i 29 | [HAOS ROLL] k=2  λ=0.6  rb  kmeans  ails2  P≈0.000433
05:30:41 | i 29 | [ Summary ] cost=3367091.00  Δ_S*=+0.07%  Δ_BKS=+0.41%  Δ_S*_BKS=+0.34%  no_improve=8
05:30:41 | i — | [  FINAL  ] async BG-AILS totals launched=28 applied=28 adopted=2 launch_skipped_cap=1 crashes=0 discarded_in_flight=False block_wait_total_s=1582.1
05:31:11 | i — | [  FINAL  ] async SP/SC totals invocations=5 adopted=1 skipped=0 discarded_in_flight=True sp_busy_frac=0.36547040534825403
05:31:11 | i — | [  FINAL  ] ════════════════════════════════════════
05:31:11 | i — | [  FINAL  ] Run complete  iterations=29  elapsed=02:00:31  best=3364681.00
05:31:11 | i — | [  FINAL  ] Δ_BKS=+0.34%  no_improve_stop=False  time_stop=True  cancelled=False
05:31:11 | i — | [  FINAL  ] 
05:31:11 | i — | [  FINAL  ] [BEST SOLUTION — HAOS TAG SUMMARY]
05:31:11 | i — | [  FINAL  ] ────────────────────────────────────────
05:31:11 | i — | [  FINAL  ]   1415 routes  vb  kmeans  k=6  λ=0.8  solver=ails2
05:31:11 | i — | [  FINAL  ]   139 routes  vb  ac_avg  k=6  λ=0.0  solver=ails2
05:31:11 | i — | [  FINAL  ]   70 routes  vb  ac_avg  k=32  λ=0.8  solver=ails2
05:31:11 | i — | [  FINAL  ]   61 routes  vb  fcm  k=12  λ=1.0  solver=filo2
05:31:11 | i — | [  FINAL  ]   54 routes  vb  kmeans  k=23  λ=0.2  solver=pyvrp
05:31:11 | i — | [  FINAL  ]   50 routes  vb  kmeans  k=6  λ=0.8  solver=filo
05:31:11 | i — | [  FINAL  ]   46 routes  vb  fcm  k=32  λ=0.4  solver=pyvrp
05:31:11 | i — | [  FINAL  ]   35 routes  vb  kmeans  k=17  λ=0.4  solver=filo
05:31:11 | i — | [  FINAL  ]   20 routes  vb  fcm  k=10  λ=0.8  solver=filo2
05:31:11 | i — | [  FINAL  ]   14 routes  vb  fcm  k=2  λ=0.6  solver=ails2
05:31:11 | i — | [  FINAL  ]   9 routes  vb  ac_avg  k=23  λ=1.0  solver=ails2
05:31:11 | i — | [  FINAL  ]   8 routes  vb  kmedoids  k=32  λ=0.8  solver=ails2
05:31:11 | i — | [  FINAL  ]   7 routes  vb  kmedoids  k=23  λ=0.4  solver=filo
05:31:11 | i — | [  FINAL  ]   7 routes  vb  kmedoids  k=23  λ=0.2  solver=filo2
05:31:11 | i — | [  FINAL  ]   6 routes  vb  ac_avg  k=2  λ=1.0  solver=pyvrp
05:31:11 | i — | [  FINAL  ]   4 routes  rb  ac_avg  k=12  λ=0.0  solver=filo2
05:31:11 | i — | [  FINAL  ]   3 routes  vb  fcm  k=17  λ=0.8  solver=ails2
05:31:11 | i — | [  FINAL  ]   3 routes  vb  ac_avg  k=4  λ=0.2  solver=pyvrp
05:31:11 | i — | [  FINAL  ]   3 routes  vb  kmedoids  k=17  λ=0.8  solver=filo2
05:31:11 | i — | [  FINAL  ]   2 routes  rb  ac_avg  k=17  λ=0.6  solver=filo
05:31:11 | i — | [  FINAL  ]   2 routes  vb  kmeans  k=2  λ=0.0  solver=filo2
05:31:11 | i — | [  FINAL  ]   2 routes  rb  kmeans  k=3  λ=0.0  solver=filo
05:31:11 | i — | [  FINAL  ]   1 routes  vb  kmeans  k=12  λ=0.0  solver=ails2
05:31:11 | i — | [  FINAL  ]   1 routes  vb  kmedoids  k=2  λ=1.0  solver=filo2
05:31:11 | i — | [  FINAL  ]   1 routes  vb  ac_avg  k=32  λ=0.8  solver=filo
05:31:11 | i — | [  FINAL  ]   74 routes  post-SP/SC improvement
05:31:11 | i — | [  FINAL  ] 
05:31:11 | i — | [  FINAL  ] [ROUTE POOL — HAOS TAG SUMMARY]
05:31:11 | i — | [  FINAL  ] ────────────────────────────────────────
05:31:11 | i — | [  FINAL  ]   2047 routes  vb  ac_avg  k=32  λ=0.8  solver=filo
05:31:11 | i — | [  FINAL  ]   2007 routes  vb  kmedoids  k=2  λ=1.0  solver=filo2
05:31:11 | i — | [  FINAL  ]   1486 routes  vb  kmeans  k=6  λ=0.8  solver=ails2
05:31:11 | i — | [  FINAL  ]   1065 routes  vb  ac_avg  k=8  λ=0.8  solver=ails2
05:31:11 | i — | [  FINAL  ]   1024 routes  vb  kmeans  k=23  λ=0.2  solver=pyvrp
05:31:11 | i — | [  FINAL  ]   940 routes  rb  kmeans  k=2  λ=0.6  solver=ails2
05:31:11 | i — | [  FINAL  ]   139 routes  vb  ac_avg  k=6  λ=0.0  solver=ails2
05:31:11 | i — | [  FINAL  ]   70 routes  vb  ac_avg  k=32  λ=0.8  solver=ails2
05:31:11 | i — | [  FINAL  ]   61 routes  vb  fcm  k=12  λ=1.0  solver=filo2
05:31:11 | i — | [  FINAL  ]   50 routes  vb  kmeans  k=6  λ=0.8  solver=filo
05:31:11 | i — | [  FINAL  ]   46 routes  vb  fcm  k=32  λ=0.4  solver=pyvrp
05:31:11 | i — | [  FINAL  ]   35 routes  vb  kmeans  k=17  λ=0.4  solver=filo
05:31:11 | i — | [  FINAL  ]   20 routes  vb  fcm  k=10  λ=0.8  solver=filo2
05:31:11 | i — | [  FINAL  ]   14 routes  vb  fcm  k=2  λ=0.6  solver=ails2
05:31:11 | i — | [  FINAL  ]   9 routes  vb  ac_avg  k=23  λ=1.0  solver=ails2
05:31:11 | i — | [  FINAL  ]   8 routes  vb  kmedoids  k=32  λ=0.8  solver=ails2
05:31:11 | i — | [  FINAL  ]   7 routes  vb  kmedoids  k=23  λ=0.4  solver=filo
05:31:11 | i — | [  FINAL  ]   7 routes  vb  kmedoids  k=23  λ=0.2  solver=filo2
05:31:11 | i — | [  FINAL  ]   6 routes  vb  ac_avg  k=2  λ=1.0  solver=pyvrp
05:31:11 | i — | [  FINAL  ]   4 routes  rb  ac_avg  k=12  λ=0.0  solver=filo2
05:31:11 | i — | [  FINAL  ]   3 routes  vb  kmedoids  k=17  λ=0.8  solver=filo2
05:31:11 | i — | [  FINAL  ]   3 routes  vb  fcm  k=17  λ=0.8  solver=ails2
05:31:11 | i — | [  FINAL  ]   3 routes  vb  ac_avg  k=4  λ=0.2  solver=pyvrp
05:31:11 | i — | [  FINAL  ]   2 routes  rb  ac_avg  k=17  λ=0.6  solver=filo
05:31:11 | i — | [  FINAL  ]   2 routes  vb  kmeans  k=2  λ=0.0  solver=filo2
05:31:11 | i — | [  FINAL  ]   2 routes  rb  kmeans  k=3  λ=0.0  solver=filo
05:31:11 | i — | [  FINAL  ]   1 routes  vb  kmeans  k=12  λ=0.0  solver=ails2
05:31:11 | i — | [  FINAL  ]   939 routes  post-SP/SC improvement
05:31:11 | i — | [  FINAL  ] ════════════════════════════════════════
