09:43:08 | i — | [  INIT   ] ════════════════════════════════════════
09:43:08 | i — | [  INIT   ] DRISPI  instance=X-n8207-k108  n=8206  capacity=415
09:43:08 | i — | [  INIT   ] k domain (computed at init): [2, 3, 4, 6, 8, 10, 12]  k_ext=13  k_min=108  k_ext_bound=route_bound  spacing_rejected=3
09:43:08 | i — | [  INIT   ] ══════════════════════════════════════════════════════
09:43:08 | i — | [  INIT   ] CONFIGURATION
09:43:08 | i — | [  INIT   ] ── stopping ────────────────────────────────
09:43:08 | i — | [  INIT   ]   time_limit                  = 7200.0
09:43:08 | i — | [  INIT   ]   max_no_improve              = 1000000000
09:43:08 | i — | [  INIT   ] ── parallelism ─────────────────────────────
09:43:08 | i — | [  INIT   ]   n_workers                   = 8
09:43:08 | i — | [  INIT   ] ── cores ───────────────────────────────────
09:43:08 | i — | [  INIT   ]   cores_total                 = 8
09:43:08 | i — | [  INIT   ]   cores_dri                   = 6
09:43:08 | i — | [  INIT   ]   cores_bg                    = 1
09:43:08 | i — | [  INIT   ]   cores_sp                    = 1
09:43:08 | i — | [  INIT   ]   cores_cpu_list              = None
09:43:08 | i — | [  INIT   ] ── sp/sc ───────────────────────────────────
09:43:08 | i — | [  INIT   ]   sp_sc_mode                  = async
09:43:08 | i — | [  INIT   ]   sp_sc_trigger               = wallclock
09:43:08 | i — | [  INIT   ]   interval_minutes            = 20.0
09:43:08 | i — | [  INIT   ]   overlap_policy              = skip
09:43:08 | i — | [  INIT   ]   warmup_iterations           = 5
09:43:08 | i — | [  INIT   ]   sp_interval                 = 3
09:43:08 | i — | [  INIT   ]   min_coverage                = 5
09:43:08 | i — | [  INIT   ]   sp_time_limit               = 720.0
09:43:08 | i — | [  INIT   ]   mip_gap                     = 0.00025
09:43:08 | i — | [  INIT   ] ── decomposition ───────────────────────────
09:43:08 | i — | [  INIT   ]   decomp_k_base_arms          = [2, 3, 4, 6, 8, 10, 12]
09:43:08 | i — | [  INIT   ]   decomp_k_max_arms           = 10
09:43:08 | i — | [  INIT   ]   decomp_k_ext_per_1000       = 4
09:43:08 | i — | [  INIT   ]   decomp_k_min_routes_per_cluster= 8
09:43:08 | i — | [  INIT   ]   decomp_k_min_arm_spacing    = 2
09:43:08 | i — | [  INIT   ]   subcluster_rate_s_per_customer= 0.06
09:43:08 | i — | [  INIT   ]   subcluster_floor_s          = 5.0
09:43:08 | i — | [  INIT   ] ── bg_ails ─────────────────────────────────
09:43:08 | i — | [  INIT   ]   bg_ails_mode                = async
09:43:08 | i — | [  INIT   ]   bg_ails_crash_threshold     = 1
09:43:08 | i — | [  INIT   ]   bg_ails_budget_mode         = predicted_dr_wall
09:43:08 | i — | [  INIT   ]   bg_ails_budget_floor_s      = 60.0
09:43:08 | i — | [  INIT   ]   bg_ails_budget_margin       = 1.0
09:43:08 | i — | [  INIT   ]   bg_ails_wall_model_scale    = 0.976
09:43:08 | i — | [  INIT   ]   bg_ails_wall_model_wave_exponent= -0.18
09:43:08 | i — | [  INIT   ]   bg_ails_initial_omega       = 10
09:43:08 | i — | [  INIT   ]   bg_ails_boundary_threshold  = 0.5
09:43:08 | i — | [  INIT   ]   bg_ails_small_cluster_cap   = 20
09:43:08 | i — | [  INIT   ]   bg_ails_small_cluster_alpha = 0.5
09:43:08 | i — | [  INIT   ]   bg_ails_pair_selection      = greedy
09:43:08 | i — | [  INIT   ]   bg_ails_n_chains_mode       = k
09:43:08 | i — | [  INIT   ] ── standard_improvement ────────────────────
09:43:08 | i — | [  INIT   ]   standard_improvement_time_limit= 360.0
09:43:08 | i — | [  INIT   ] ── pool ────────────────────────────────────
09:43:08 | i — | [  INIT   ]   max_pool_size               = 10000
09:43:08 | i — | [  INIT   ]   pool_diversity_weight       = 0.5
09:43:08 | i — | [  INIT   ] ── haos ────────────────────────────────────
09:43:08 | i — | [  INIT   ]   haos_decay                  = 0.95
09:43:08 | i — | [  INIT   ]   haos_warmup                 = 10
09:43:08 | i — | [  INIT   ]   haos_starting_weight        = 10.0
09:43:08 | i — | [  INIT   ]   haos_min_weight_k           = 0.025
09:43:08 | i — | [  INIT   ]   haos_min_weight_lambda      = 0.05
09:43:08 | i — | [  INIT   ]   haos_min_weight_paradigm    = 0.1
09:43:08 | i — | [  INIT   ]   haos_min_weight_vertex_method= 0.05
09:43:08 | i — | [  INIT   ]   haos_min_weight_route_method= 0.05
09:43:08 | i — | [  INIT   ]   haos_min_weight_solver      = 0.05
09:43:08 | i — | [  INIT   ]   haos_lambda_demand_values   = [0.0, 0.2, 0.4, 0.6, 0.8, 1.0]
09:43:08 | i — | [  INIT   ]   haos_paradigm_values        = ['vertex', 'route']
09:43:08 | i — | [  INIT   ]   haos_vertex_method_values   = ['kmeans', 'agglomerative_avg', 'agglomerative_complete', 'kmedoids', 'fcm']
09:43:08 | i — | [  INIT   ]   haos_route_method_values    = ['kmeans', 'agglomerative_avg', 'agglomerative_complete']
09:43:08 | i — | [  INIT   ]   haos_solver_values          = ['pyvrp', 'filo', 'filo2', 'ails2']
09:43:08 | i — | [  INIT   ] ── haos_rewards ────────────────────────────
09:43:08 | i — | [  INIT   ]   haos_reward_new_best        = 10.0
09:43:08 | i — | [  INIT   ]   haos_reward_improvement     = 4.0
09:43:08 | i — | [  INIT   ]   haos_reward_no_improvement  = 1.0
09:43:08 | i — | [  INIT   ]   haos_reward_no_solution     = 0.0
09:43:08 | i — | [  INIT   ]   haos_deferred_new_best      = 7.0
09:43:08 | i — | [  INIT   ]   haos_deferred_improvement   = 3.0
09:43:08 | i — | [  INIT   ]   haos_deferred_no_improvement= 0.0
09:43:08 | i — | [  INIT   ] ── seed ────────────────────────────────────
09:43:08 | i — | [  INIT   ]   seed                        = 20
09:43:08 | i — | [  INIT   ] ── output ──────────────────────────────────
09:43:08 | i — | [  INIT   ]   output_dir                  = /app/artifacts/final_benchmark/runs/X-n8207-k108/seed20
09:43:08 | i — | [  INIT   ]   run_analysis                = False
09:43:08 | i — | [  INIT   ] ══════════════════════════════════════════════════════
09:43:08 | i — | [  INIT   ] BKS=118050.00
09:43:08 | i — | [  INIT   ] ════════════════════════════════════════
09:43:08 | i 1 | [HAOS ROLL] k=3  λ=0.8  vb  kmeans  pyvrp  P≈0.000595
09:43:16 | i 1 | [Phase 1/3] decompose  7.48s / — / —  λ=0.8  vb kmeans
09:47:17 | i 1 | [Phase 2/3] route  240.79s / 206.82s / 116.4%  pyvrp  k=3
09:47:17 | i 1 | [ IMPROVE ] 122125.00  via decompose_route  ·  Δ_BKS=+3.45%
09:47:17 | i 1 | [HAOS ROLL] k=3  λ=0.8  vb  kmeans  pyvrp  P≈0.000595
09:47:17 | i 1 | [ Summary ] cost=122125.00  Δ_S*=+0.00%  Δ_BKS=+3.45%  Δ_S*_BKS=+3.45%  no_improve=0
09:47:17 | i 2 | [HAOS ROLL] k=10  λ=1.0  vb  kmedoids  filo2  P≈0.000595
09:47:27 | i 2 | [Phase 1/3] decompose  10.61s / — / —  λ=1.0  vb kmedoids
09:49:38 | i 2 | [Phase 2/3] route  130.34s / 129.72s / 100.5%  filo2  k=10
09:50:58 | i 1 | [ IMPROVE ] 119748.00  via bg_ails  ·  Δ_BKS=+1.44%
09:50:58 | i 1 | [ ASYNC BG] bg_ails  221.41s / 201.86s / 109.7%
09:50:58 | i 2 | [HAOS ROLL] k=10  λ=1.0  vb  kmedoids  filo2  P≈0.000595
09:50:58 | i 2 | [ Summary ] cost=125562.00  Δ_S*=+4.86%  Δ_BKS=+6.36%  Δ_S*_BKS=+1.44%  no_improve=1
09:50:58 | i 3 | [HAOS ROLL] k=8  λ=1.0  vb  ac_avg  ails2  P≈0.000595
09:51:05 | i 3 | [Phase 1/3] decompose  6.71s / — / —  λ=1.0  vb ac_avg
09:55:46 | i 3 | [Phase 2/3] route  281.07s / 273.36s / 102.8%  ails2  k=8
09:55:46 | i 2 | [ ASYNC BG] bg_ails  196.81s / 177.92s / 110.6%
09:55:46 | i 3 | [HAOS ROLL] k=8  λ=1.0  vb  ac_avg  ails2  P≈0.000595
09:55:46 | i 3 | [ Summary ] cost=123094.00  Δ_S*=+2.79%  Δ_BKS=+4.27%  Δ_S*_BKS=+1.44%  no_improve=3
09:55:46 | i 4 | [HAOS ROLL] k=4  λ=0.8  rb  kmeans  filo2  P≈0.000992
09:55:50 | i 4 | [Phase 1/3] decompose  4.34s / — / —  λ=0.8  rb kmeans
09:58:21 | i 4 | [Phase 2/3] route  150.42s / 150.12s / 100.2%  filo2  k=4
10:00:05 | i 3 | [ IMPROVE ] 119539.00  via bg_ails  ·  Δ_BKS=+1.26%
10:00:05 | i 3 | [ ASYNC BG] bg_ails  258.53s / 239.81s / 107.8%
10:00:05 | i 4 | [HAOS ROLL] k=4  λ=0.8  rb  kmeans  filo2  P≈0.000992
10:00:05 | i 4 | [ Summary ] cost=119722.00  Δ_S*=+0.15%  Δ_BKS=+1.42%  Δ_S*_BKS=+1.26%  no_improve=1
10:00:05 | i 5 | [HAOS ROLL] k=10  λ=0.4  vb  ac_complete  pyvrp  P≈0.000595
10:00:11 | i 5 | [Phase 1/3] decompose  6.62s / — / —  λ=0.4  vb ac_complete
10:03:47 | i 5 | [Phase 2/3] route  215.85s / 189.84s / 113.7%  pyvrp  k=10
10:03:47 | i 4 | [ ASYNC BG] bg_ails  165.72s / 146.52s / 113.1%
10:03:47 | i 5 | [HAOS ROLL] k=10  λ=0.4  vb  ac_complete  pyvrp  P≈0.000595
10:03:47 | i 5 | [ Summary ] cost=125396.00  Δ_S*=+4.90%  Δ_BKS=+6.22%  Δ_S*_BKS=+1.26%  no_improve=3
10:03:47 | i 6 | [HAOS ROLL] k=3  λ=0.2  rb  ac_avg  ails2  P≈0.000992
10:03:52 | i 6 | [Phase 1/3] decompose  4.39s / — / —  λ=0.2  rb ac_avg
10:08:40 | i 6 | [Phase 2/3] route  288.68s / 282.60s / 102.2%  ails2  k=3
10:08:40 | i 5 | [ ASYNC BG] bg_ails  267.67s / 248.79s / 107.6%
10:08:40 | i 6 | [HAOS ROLL] k=3  λ=0.2  rb  ac_avg  ails2  P≈0.000992
10:08:40 | i 6 | [ Summary ] cost=119654.00  Δ_S*=+0.10%  Δ_BKS=+1.36%  Δ_S*_BKS=+1.26%  no_improve=5
10:08:40 | i 7 | [HAOS ROLL] k=2  λ=0.4  rb  ac_avg  filo2  P≈0.000992
10:08:45 | i 7 | [Phase 1/3] decompose  4.69s / — / —  λ=0.4  rb ac_avg
10:13:29 | i 7 | [Phase 2/3] route  284.32s / 282.60s / 100.6%  filo2  k=2
10:13:35 | i 6 | [ ASYNC BG] bg_ails  294.80s / 275.82s / 106.9%
10:13:35 | i 7 | [ IMPROVE ] 119524.00  via decompose_route  ·  Δ_BKS=+1.25%
10:13:35 | i 7 | [HAOS ROLL] k=2  λ=0.4  rb  ac_avg  filo2  P≈0.000992
10:13:35 | i 7 | [ Summary ] cost=119524.00  Δ_S*=+0.00%  Δ_BKS=+1.25%  Δ_S*_BKS=+1.25%  no_improve=0
10:13:35 | i 8 | [HAOS ROLL] k=10  λ=1.0  vb  ac_avg  ails2  P≈0.000595
10:13:42 | i 8 | [Phase 1/3] decompose  6.74s / — / —  λ=1.0  vb ac_avg
10:18:22 | i 8 | [Phase 2/3] route  280.21s / 273.36s / 102.5%  ails2  k=10
10:18:30 | i 7 | [ ASYNC BG] bg_ails  294.70s / 275.82s / 106.8%
10:18:30 | i 8 | [HAOS ROLL] k=10  λ=1.0  vb  ac_avg  ails2  P≈0.000595
10:18:30 | i 8 | [ Summary ] cost=123990.00  Δ_S*=+3.74%  Δ_BKS=+5.03%  Δ_S*_BKS=+1.25%  no_improve=2
10:18:30 | i 6 | [ASYNC 1/2] sp_sc  0.61s / 720.00s / 0.1%  SP  avg_coverage=10.95/5  pool=1207
10:18:30 | i 6 | [ASYNC 2/2] standard_ails  374.67s / 360.00s / 104.1%
10:18:33 | i 6 | [ IMPROVE ] 119361.00  via standard_ails  ·  Δ_BKS=+1.11%
10:18:33 | i 9 | [HAOS ROLL] k=8  λ=0.2  rb  ac_avg  ails2  P≈0.000992
10:18:38 | i 9 | [Phase 1/3] decompose  4.31s / — / —  λ=0.2  rb ac_avg
10:21:59 | i 9 | [Phase 2/3] route  201.12s / 196.02s / 102.6%  ails2  k=8
10:25:25 | i 8 | [ ASYNC BG] bg_ails  414.69s / 395.64s / 104.8%
10:25:25 | i 9 | [HAOS ROLL] k=8  λ=0.2  rb  ac_avg  ails2  P≈0.000992
10:25:25 | i 9 | [ Summary ] cost=119486.00  Δ_S*=+0.10%  Δ_BKS=+1.22%  Δ_S*_BKS=+1.11%  no_improve=2
10:25:25 | i 10 | [HAOS ROLL] k=2  λ=0.0  vb  kmeans  ails2  P≈0.000595
10:25:28 | i 10 | [Phase 1/3] decompose  3.32s / — / —  λ=0.0  vb kmeans
10:30:20 | i 10 | [Phase 2/3] route  291.76s / 285.48s / 102.2%  ails2  k=2
10:30:20 | i 9 | [ ASYNC BG] bg_ails  206.53s / 187.90s / 109.9%
10:30:20 | i 10 | [HAOS ROLL] k=2  λ=0.0  vb  kmeans  ails2  P≈0.000595
10:30:20 | i 10 | [ Summary ] cost=119835.00  Δ_S*=+0.40%  Δ_BKS=+1.51%  Δ_S*_BKS=+1.11%  no_improve=4
10:30:20 | i 11 | [HAOS ROLL] k=8  λ=0.4  vb  ac_complete  ails2  P≈0.000595
10:30:26 | i 11 | [Phase 1/3] decompose  6.54s / — / —  λ=0.4  vb ac_complete
10:33:40 | i 11 | [Phase 2/3] route  193.84s / 189.84s / 102.1%  ails2  k=8
10:35:17 | i 10 | [ ASYNC BG] bg_ails  296.94s / 278.63s / 106.6%
10:35:17 | i 11 | [HAOS ROLL] k=8  λ=0.4  vb  ac_complete  ails2  P≈0.000595
10:35:17 | i 11 | [ Summary ] cost=123086.00  Δ_S*=+3.12%  Δ_BKS=+4.27%  Δ_S*_BKS=+1.11%  no_improve=6
10:35:17 | i 12 | [HAOS ROLL] k=10  λ=0.2  rb  ac_complete  filo2  P≈0.000946
10:35:21 | i 12 | [Phase 1/3] decompose  4.39s / — / —  λ=0.2  rb ac_complete
10:37:46 | i 12 | [Phase 2/3] route  144.56s / 144.36s / 100.1%  filo2  k=10
10:38:46 | i 11 | [ ASYNC BG] bg_ails  209.55s / 190.22s / 110.2%
10:38:46 | i 12 | [HAOS ROLL] k=10  λ=0.2  rb  ac_complete  filo2  P≈0.000946
10:38:46 | i 12 | [ Summary ] cost=119649.00  Δ_S*=+0.24%  Δ_BKS=+1.35%  Δ_S*_BKS=+1.11%  no_improve=8
10:38:46 | i 10 | [ASYNC 1/2] sp_sc  3.93s / 720.00s / 0.5%  SP  avg_coverage=19.77/5  pool=2169
10:38:46 | i 10 | [ASYNC 2/2] standard_ails  374.65s / 360.00s / 104.1%
10:38:55 | i 10 | [ IMPROVE ] 119318.00  via standard_ails  ·  Δ_BKS=+1.07%
10:38:55 | i 13 | [HAOS ROLL] k=6  λ=0.2  vb  ac_avg  filo  P≈0.000525
10:39:01 | i 13 | [Phase 1/3] decompose  6.61s / — / —  λ=0.2  vb ac_avg
10:43:38 | i 13 | [Phase 2/3] route  276.32s / 275.34s / 100.4%  filo  k=6
10:43:38 | i 12 | [ ASYNC BG] bg_ails  194.72s / 175.80s / 110.8%
10:43:38 | i 13 | [HAOS ROLL] k=6  λ=0.2  vb  ac_avg  filo  P≈0.000525
10:43:38 | i 13 | [ Summary ] cost=122313.00  Δ_S*=+2.51%  Δ_BKS=+3.61%  Δ_S*_BKS=+1.07%  no_improve=2
10:43:38 | i 14 | [HAOS ROLL] k=4  λ=0.4  vb  kmeans  filo2  P≈0.000857
10:43:42 | i 14 | [Phase 1/3] decompose  4.39s / — / —  λ=0.4  vb kmeans
10:48:29 | i 14 | [Phase 2/3] route  286.35s / 284.52s / 100.6%  filo2  k=4
10:48:29 | i 13 | [ ASYNC BG] bg_ails  287.72s / 268.73s / 107.1%
10:48:29 | i 14 | [HAOS ROLL] k=4  λ=0.4  vb  kmeans  filo2  P≈0.000857
10:48:29 | i 14 | [ Summary ] cost=120216.00  Δ_S*=+0.75%  Δ_BKS=+1.83%  Δ_S*_BKS=+1.07%  no_improve=4
10:48:29 | i 15 | [HAOS ROLL] k=3  λ=0.4  rb  kmeans  ails2  P≈0.001230
10:48:33 | i 15 | [Phase 1/3] decompose  4.57s / — / —  λ=0.4  rb kmeans
10:52:03 | i 15 | [Phase 2/3] route  209.23s / 205.14s / 102.0%  ails2  k=3
10:53:26 | i 14 | [ ASYNC BG] bg_ails  296.72s / 277.69s / 106.9%
10:53:26 | i 15 | [HAOS ROLL] k=3  λ=0.4  rb  kmeans  ails2  P≈0.001230
10:53:26 | i 15 | [ Summary ] cost=119468.00  Δ_S*=+0.13%  Δ_BKS=+1.20%  Δ_S*_BKS=+1.07%  no_improve=6
10:53:26 | i 16 | [HAOS ROLL] k=8  λ=1.0  vb  fcm  filo2  P≈0.000471
10:53:31 | i 16 | [Phase 1/3] decompose  5.67s / — / —  λ=1.0  vb fcm
10:55:45 | i 16 | [Phase 2/3] route  133.30s / 95.94s / 138.9%  filo2  k=8
10:57:06 | i 15 | [ ASYNC BG] bg_ails  220.41s / 200.22s / 110.1%
10:57:06 | i 16 | [HAOS ROLL] k=8  λ=1.0  vb  fcm  filo2  P≈0.000471
10:57:06 | i 16 | [ Summary ] cost=122831.00  Δ_S*=+2.94%  Δ_BKS=+4.05%  Δ_S*_BKS=+1.07%  no_improve=8
10:57:06 | i 17 | [HAOS ROLL] k=3  λ=0.6  vb  ac_avg  pyvrp  P≈0.000446
10:57:13 | i 17 | [Phase 1/3] decompose  6.70s / — / —  λ=0.6  vb ac_avg
11:02:57 | i 17 | [Phase 2/3] route  343.74s / 285.54s / 120.4%  pyvrp  k=3
11:02:57 | i 16 | [ ASYNC BG] bg_ails  169.70s / 150.78s / 112.5%
11:02:57 | i 17 | [HAOS ROLL] k=3  λ=0.6  vb  ac_avg  pyvrp  P≈0.000446
11:02:57 | i 17 | [ Summary ] cost=122007.00  Δ_S*=+2.25%  Δ_BKS=+3.35%  Δ_S*_BKS=+1.07%  no_improve=10
11:02:57 | i 15 | [ASYNC 1/2] sp_sc  14.31s / 720.00s / 2.0%  SP  avg_coverage=30.59/5  pool=3349
11:02:57 | i 15 | [ASYNC 2/2] standard_ails  374.87s / 360.00s / 104.1%
11:03:13 | i 18 | [HAOS ROLL] k=3  λ=1.0  rb  ac_complete  pyvrp  P≈0.000633
11:03:17 | i 18 | [Phase 1/3] decompose  4.32s / — / —  λ=1.0  rb ac_complete
11:08:56 | i 18 | [Phase 2/3] route  339.47s / 282.48s / 120.2%  pyvrp  k=3
11:08:56 | i 17 | [ ASYNC BG] bg_ails  297.29s / 278.69s / 106.7%
11:08:56 | i 18 | [HAOS ROLL] k=3  λ=1.0  rb  ac_complete  pyvrp  P≈0.000633
11:08:57 | i 18 | [ Summary ] cost=120813.00  Δ_S*=+1.25%  Δ_BKS=+2.34%  Δ_S*_BKS=+1.07%  no_improve=13
11:08:57 | i 19 | [HAOS ROLL] k=10  λ=1.0  rb  ac_avg  ails2  P≈0.000828
11:09:01 | i 19 | [Phase 1/3] decompose  4.36s / — / —  λ=1.0  rb ac_avg
11:11:57 | i 19 | [Phase 2/3] route  176.44s / 172.74s / 102.1%  ails2  k=10
11:13:51 | i 18 | [ ASYNC BG] bg_ails  294.89s / 275.70s / 107.0%
11:13:51 | i 19 | [HAOS ROLL] k=10  λ=1.0  rb  ac_avg  ails2  P≈0.000828
11:13:52 | i 19 | [ Summary ] cost=119352.00  Δ_S*=+0.03%  Δ_BKS=+1.10%  Δ_S*_BKS=+1.07%  no_improve=15
11:13:52 | i 20 | [HAOS ROLL] k=3  λ=1.0  vb  kmeans  pyvrp  P≈0.002194
11:13:56 | i 20 | [Phase 1/3] decompose  4.70s / — / —  λ=1.0  vb kmeans
11:17:55 | i 20 | [Phase 2/3] route  238.26s / 206.82s / 115.2%  pyvrp  k=3
11:18:54 | i 19 | [ IMPROVE ] 119295.00  via bg_ails  ·  Δ_BKS=+1.05%
11:18:54 | i 19 | [ ASYNC BG] bg_ails  303.13s / 283.73s / 106.8%
11:18:55 | i 20 | [HAOS ROLL] k=3  λ=1.0  vb  kmeans  pyvrp  P≈0.002194
11:18:55 | i 20 | [ Summary ] cost=123173.00  Δ_S*=+3.25%  Δ_BKS=+4.34%  Δ_S*_BKS=+1.05%  no_improve=1
11:18:55 | i 21 | [HAOS ROLL] k=6  λ=0.4  vb  kmeans  pyvrp  P≈0.000665
11:18:59 | i 21 | [Phase 1/3] decompose  4.60s / — / —  λ=0.4  vb kmeans
11:21:12 | i 21 | [Phase 2/3] route  133.07s / 121.56s / 109.5%  pyvrp  k=6
11:22:36 | i 20 | [ ASYNC BG] bg_ails  221.04s / 201.86s / 109.5%
11:22:36 | i 21 | [HAOS ROLL] k=6  λ=0.4  vb  kmeans  pyvrp  P≈0.000665
11:22:36 | i 21 | [ Summary ] cost=123586.00  Δ_S*=+3.60%  Δ_BKS=+4.69%  Δ_S*_BKS=+1.05%  no_improve=3
11:22:36 | i 19 | [ASYNC 1/2] sp_sc  35.39s / 720.00s / 4.9%  SP  avg_coverage=38.49/5  pool=4210
11:22:36 | i 19 | [ASYNC 2/2] standard_ails  375.18s / 360.00s / 104.2%
11:23:02 | i 22 | [HAOS ROLL] k=4  λ=0.8  rb  kmeans  ails2  P≈0.000570
11:23:07 | i 22 | [Phase 1/3] decompose  4.31s / — / —  λ=0.8  rb kmeans
11:25:53 | i 22 | [Phase 2/3] route  166.64s / 163.56s / 101.9%  ails2  k=4
11:25:53 | i 21 | [ ASYNC BG] bg_ails  137.46s / 118.64s / 115.9%
11:25:53 | i 22 | [HAOS ROLL] k=4  λ=0.8  rb  kmeans  ails2  P≈0.000570
11:25:54 | i 22 | [ Summary ] cost=119664.00  Δ_S*=+0.31%  Δ_BKS=+1.37%  Δ_S*_BKS=+1.05%  no_improve=6
11:25:54 | i 23 | [HAOS ROLL] k=8  λ=0.4  vb  fcm  ails2  P≈0.000848
11:26:00 | i 23 | [Phase 1/3] decompose  6.18s / — / —  λ=0.4  vb fcm
11:27:51 | i 23 | [Phase 2/3] route  111.09s / 108.06s / 102.8%  ails2  k=8
11:28:52 | i 22 | [ ASYNC BG] bg_ails  178.94s / 159.63s / 112.1%
11:28:52 | i 23 | [HAOS ROLL] k=8  λ=0.4  vb  fcm  ails2  P≈0.000848
11:28:52 | i 23 | [ Summary ] cost=122776.00  Δ_S*=+2.92%  Δ_BKS=+4.00%  Δ_S*_BKS=+1.05%  no_improve=8
11:28:52 | i 24 | [HAOS ROLL] k=6  λ=0.0  vb  fcm  pyvrp  P≈0.000192
11:28:56 | i 24 | [Phase 1/3] decompose  3.81s / — / —  λ=0.0  vb fcm
11:30:53 | i 24 | [Phase 2/3] route  116.82s / 107.76s / 108.4%  pyvrp  k=6
11:31:34 | i 23 | [ ASYNC BG] bg_ails  161.82s / 142.82s / 113.3%
11:31:34 | i 24 | [HAOS ROLL] k=6  λ=0.0  vb  fcm  pyvrp  P≈0.000192
11:31:34 | i 24 | [ Summary ] cost=123216.00  Δ_S*=+3.29%  Δ_BKS=+4.38%  Δ_S*_BKS=+1.05%  no_improve=10
11:31:34 | i 25 | [HAOS ROLL] k=4  λ=0.0  rb  ac_avg  ails2  P≈0.001249
11:31:38 | i 25 | [Phase 1/3] decompose  3.26s / — / —  λ=0.0  rb ac_avg
11:35:34 | i 25 | [Phase 2/3] route  236.30s / 231.96s / 101.9%  ails2  k=4
11:35:34 | i 24 | [ ASYNC BG] bg_ails  123.66s / 105.17s / 117.6%
11:35:34 | i 25 | [HAOS ROLL] k=4  λ=0.0  rb  ac_avg  ails2  P≈0.001249
11:35:34 | i 25 | [ Summary ] cost=119366.00  Δ_S*=+0.06%  Δ_BKS=+1.11%  Δ_S*_BKS=+1.05%  no_improve=12
11:35:34 | i 26 | [HAOS ROLL] k=10  λ=0.2  rb  ac_complete  filo2  P≈0.000299
11:35:39 | i 26 | [Phase 1/3] decompose  4.52s / — / —  λ=0.2  rb ac_complete
11:38:23 | i 26 | [Phase 2/3] route  164.53s / 163.68s / 100.5%  filo2  k=10
11:39:39 | i 25 | [ ASYNC BG] bg_ails  245.11s / 226.39s / 108.3%
11:39:39 | i 26 | [HAOS ROLL] k=10  λ=0.2  rb  ac_complete  filo2  P≈0.000299
11:39:39 | i 26 | [ Summary ] cost=119608.00  Δ_S*=+0.26%  Δ_BKS=+1.32%  Δ_S*_BKS=+1.05%  no_improve=14
11:39:39 | i 27 | [HAOS ROLL] k=3  λ=0.8  vb  fcm  ails2  P≈0.001810
11:39:44 | i 27 | [Phase 1/3] decompose  4.61s / — / —  λ=0.8  vb fcm
11:43:14 | i 27 | [Phase 2/3] route  210.23s / 206.76s / 101.7%  ails2  k=3
11:43:14 | i 26 | [ ASYNC BG] bg_ails  184.81s / 165.57s / 111.6%
11:43:14 | i 27 | [HAOS ROLL] k=3  λ=0.8  vb  fcm  ails2  P≈0.001810
11:43:14 | i 27 | [ Summary ] cost=119974.00  Δ_S*=+0.57%  Δ_BKS=+1.63%  Δ_S*_BKS=+1.05%  no_improve=16
11:43:14 | i — | [  FINAL  ] async BG-AILS totals launched=26 applied=26 adopted=3 launch_skipped_cap=1 crashes=0 discarded_in_flight=False block_wait_total_s=1159.5
11:43:44 | i — | [  FINAL  ] async SP/SC totals invocations=5 adopted=2 skipped=0 discarded_in_flight=True sp_busy_frac=0.37059564944400036
11:43:44 | i — | [  FINAL  ] ════════════════════════════════════════
11:43:44 | i — | [  FINAL  ] Run complete  iterations=27  elapsed=02:00:36  best=119295.00
11:43:44 | i — | [  FINAL  ] Δ_BKS=+1.05%  no_improve_stop=False  time_stop=True  cancelled=False
11:43:44 | i — | [  FINAL  ] 
11:43:44 | i — | [  FINAL  ] [BEST SOLUTION — HAOS TAG SUMMARY]
11:43:44 | i — | [  FINAL  ] ────────────────────────────────────────
11:43:44 | i — | [  FINAL  ]   108 routes  rb  ac_avg  k=10  λ=1.0  solver=ails2
11:43:44 | i — | [  FINAL  ]   1 routes  rb  kmeans  k=3  λ=0.4  solver=ails2
11:43:44 | i — | [  FINAL  ] 
11:43:44 | i — | [  FINAL  ] [ROUTE POOL — HAOS TAG SUMMARY]
11:43:44 | i — | [  FINAL  ] ────────────────────────────────────────
11:43:44 | i — | [  FINAL  ]   402 routes  rb  ac_complete  k=10  λ=0.2  solver=filo2
11:43:44 | i — | [  FINAL  ]   223 routes  vb  kmedoids  k=10  λ=1.0  solver=filo2
11:43:44 | i — | [  FINAL  ]   222 routes  vb  ac_avg  k=8  λ=1.0  solver=ails2
11:43:44 | i — | [  FINAL  ]   222 routes  vb  ac_complete  k=10  λ=0.4  solver=pyvrp
11:43:44 | i — | [  FINAL  ]   221 routes  vb  fcm  k=8  λ=1.0  solver=filo2
11:43:44 | i — | [  FINAL  ]   219 routes  vb  kmeans  k=3  λ=0.8  solver=pyvrp
11:43:44 | i — | [  FINAL  ]   219 routes  vb  kmeans  k=6  λ=0.4  solver=pyvrp
11:43:44 | i — | [  FINAL  ]   219 routes  vb  fcm  k=8  λ=0.4  solver=ails2
11:43:44 | i — | [  FINAL  ]   219 routes  vb  fcm  k=6  λ=0.0  solver=pyvrp
11:43:44 | i — | [  FINAL  ]   218 routes  vb  kmeans  k=2  λ=0.0  solver=ails2
11:43:44 | i — | [  FINAL  ]   218 routes  vb  ac_avg  k=6  λ=0.2  solver=filo
11:43:44 | i — | [  FINAL  ]   218 routes  vb  kmeans  k=4  λ=0.4  solver=filo2
11:43:44 | i — | [  FINAL  ]   218 routes  rb  ac_complete  k=3  λ=1.0  solver=pyvrp
11:43:44 | i — | [  FINAL  ]   218 routes  vb  kmeans  k=3  λ=1.0  solver=pyvrp
11:43:44 | i — | [  FINAL  ]   217 routes  vb  ac_complete  k=8  λ=0.4  solver=ails2
11:43:44 | i — | [  FINAL  ]   217 routes  vb  ac_avg  k=3  λ=0.6  solver=pyvrp
11:43:44 | i — | [  FINAL  ]   216 routes  rb  kmeans  k=4  λ=0.8  solver=filo2
11:43:44 | i — | [  FINAL  ]   216 routes  vb  ac_avg  k=10  λ=1.0  solver=ails2
11:43:44 | i — | [  FINAL  ]   216 routes  rb  ac_avg  k=4  λ=0.0  solver=ails2
11:43:44 | i — | [  FINAL  ]   214 routes  rb  ac_avg  k=2  λ=0.4  solver=filo2
11:43:44 | i — | [  FINAL  ]   212 routes  rb  ac_avg  k=3  λ=0.2  solver=ails2
11:43:44 | i — | [  FINAL  ]   208 routes  rb  ac_avg  k=8  λ=0.2  solver=ails2
11:43:44 | i — | [  FINAL  ]   204 routes  rb  ac_avg  k=10  λ=1.0  solver=ails2
11:43:44 | i — | [  FINAL  ]   111 routes  rb  kmeans  k=3  λ=0.4  solver=ails2
11:43:44 | i — | [  FINAL  ]   110 routes  rb  kmeans  k=4  λ=0.8  solver=ails2
11:43:44 | i — | [  FINAL  ]   109 routes  vb  fcm  k=3  λ=0.8  solver=ails2
11:43:44 | i — | [  FINAL  ]   431 routes  post-SP/SC improvement
11:43:44 | i — | [  FINAL  ] ════════════════════════════════════════
