08:25:20 | i — | [  INIT   ] ════════════════════════════════════════
08:25:20 | i — | [  INIT   ] DRISPI  instance=X-n4153-k291  n=4152  capacity=726
08:25:20 | i — | [  INIT   ] k domain (computed at init): [2, 3, 4, 6, 8, 10, 12, 15]  k_ext=16  k_min=291  k_ext_bound=n_bound  spacing_rejected=2
08:25:20 | i — | [  INIT   ] ══════════════════════════════════════════════════════
08:25:20 | i — | [  INIT   ] CONFIGURATION
08:25:20 | i — | [  INIT   ] ── stopping ────────────────────────────────
08:25:20 | i — | [  INIT   ]   time_limit                  = 7200.0
08:25:20 | i — | [  INIT   ]   max_no_improve              = 1000000000
08:25:20 | i — | [  INIT   ] ── parallelism ─────────────────────────────
08:25:20 | i — | [  INIT   ]   n_workers                   = 8
08:25:20 | i — | [  INIT   ] ── cores ───────────────────────────────────
08:25:20 | i — | [  INIT   ]   cores_total                 = 8
08:25:20 | i — | [  INIT   ]   cores_dri                   = 6
08:25:20 | i — | [  INIT   ]   cores_bg                    = 1
08:25:20 | i — | [  INIT   ]   cores_sp                    = 1
08:25:20 | i — | [  INIT   ]   cores_cpu_list              = None
08:25:20 | i — | [  INIT   ] ── sp/sc ───────────────────────────────────
08:25:20 | i — | [  INIT   ]   sp_sc_mode                  = async
08:25:20 | i — | [  INIT   ]   sp_sc_trigger               = wallclock
08:25:20 | i — | [  INIT   ]   interval_minutes            = 20.0
08:25:20 | i — | [  INIT   ]   overlap_policy              = skip
08:25:20 | i — | [  INIT   ]   warmup_iterations           = 5
08:25:20 | i — | [  INIT   ]   sp_interval                 = 3
08:25:20 | i — | [  INIT   ]   min_coverage                = 5
08:25:20 | i — | [  INIT   ]   sp_time_limit               = 720.0
08:25:20 | i — | [  INIT   ]   mip_gap                     = 0.00025
08:25:20 | i — | [  INIT   ] ── decomposition ───────────────────────────
08:25:20 | i — | [  INIT   ]   decomp_k_base_arms          = [2, 3, 4, 6, 8, 10, 12]
08:25:20 | i — | [  INIT   ]   decomp_k_max_arms           = 10
08:25:20 | i — | [  INIT   ]   decomp_k_ext_per_1000       = 4
08:25:20 | i — | [  INIT   ]   decomp_k_min_routes_per_cluster= 8
08:25:20 | i — | [  INIT   ]   decomp_k_min_arm_spacing    = 2
08:25:20 | i — | [  INIT   ]   subcluster_rate_s_per_customer= 0.06
08:25:20 | i — | [  INIT   ]   subcluster_floor_s          = 5.0
08:25:20 | i — | [  INIT   ] ── bg_ails ─────────────────────────────────
08:25:20 | i — | [  INIT   ]   bg_ails_mode                = async
08:25:20 | i — | [  INIT   ]   bg_ails_crash_threshold     = 1
08:25:20 | i — | [  INIT   ]   bg_ails_budget_mode         = predicted_dr_wall
08:25:20 | i — | [  INIT   ]   bg_ails_budget_floor_s      = 60.0
08:25:20 | i — | [  INIT   ]   bg_ails_budget_margin       = 1.0
08:25:20 | i — | [  INIT   ]   bg_ails_wall_model_scale    = 0.976
08:25:20 | i — | [  INIT   ]   bg_ails_wall_model_wave_exponent= -0.18
08:25:20 | i — | [  INIT   ]   bg_ails_initial_omega       = 10
08:25:20 | i — | [  INIT   ]   bg_ails_boundary_threshold  = 0.5
08:25:20 | i — | [  INIT   ]   bg_ails_small_cluster_cap   = 20
08:25:20 | i — | [  INIT   ]   bg_ails_small_cluster_alpha = 0.5
08:25:20 | i — | [  INIT   ]   bg_ails_pair_selection      = greedy
08:25:20 | i — | [  INIT   ]   bg_ails_n_chains_mode       = k
08:25:20 | i — | [  INIT   ]   bg_ails_unique_first_routes = True
08:25:20 | i — | [  INIT   ]   bg_ails_boundary_mask_first_ls= True
08:25:20 | i — | [  INIT   ] ── standard_improvement ────────────────────
08:25:20 | i — | [  INIT   ]   standard_improvement_time_limit= 360.0
08:25:20 | i — | [  INIT   ] ── pool ────────────────────────────────────
08:25:20 | i — | [  INIT   ]   max_pool_size               = 10000
08:25:20 | i — | [  INIT   ]   pool_diversity_weight       = 0.5
08:25:20 | i — | [  INIT   ] ── haos ────────────────────────────────────
08:25:20 | i — | [  INIT   ]   haos_decay                  = 0.95
08:25:20 | i — | [  INIT   ]   haos_warmup                 = 10
08:25:20 | i — | [  INIT   ]   haos_starting_weight        = 10.0
08:25:20 | i — | [  INIT   ]   haos_min_weight_k           = 0.025
08:25:20 | i — | [  INIT   ]   haos_min_weight_lambda      = 0.05
08:25:20 | i — | [  INIT   ]   haos_min_weight_paradigm    = 0.1
08:25:20 | i — | [  INIT   ]   haos_min_weight_vertex_method= 0.05
08:25:20 | i — | [  INIT   ]   haos_min_weight_route_method= 0.05
08:25:20 | i — | [  INIT   ]   haos_min_weight_solver      = 0.05
08:25:20 | i — | [  INIT   ]   haos_lambda_demand_values   = [0.0, 0.2, 0.4, 0.6, 0.8, 1.0]
08:25:20 | i — | [  INIT   ]   haos_paradigm_values        = ['vertex', 'route']
08:25:20 | i — | [  INIT   ]   haos_vertex_method_values   = ['kmeans', 'agglomerative_avg', 'agglomerative_complete', 'kmedoids', 'fcm']
08:25:20 | i — | [  INIT   ]   haos_route_method_values    = ['kmeans', 'agglomerative_avg', 'agglomerative_complete']
08:25:20 | i — | [  INIT   ]   haos_solver_values          = ['pyvrp', 'filo', 'filo2', 'ails2']
08:25:20 | i — | [  INIT   ] ── haos_rewards ────────────────────────────
08:25:20 | i — | [  INIT   ]   haos_reward_new_best        = 10.0
08:25:20 | i — | [  INIT   ]   haos_reward_improvement     = 4.0
08:25:20 | i — | [  INIT   ]   haos_reward_no_improvement  = 1.0
08:25:20 | i — | [  INIT   ]   haos_reward_no_solution     = 0.0
08:25:20 | i — | [  INIT   ]   haos_deferred_new_best      = 7.0
08:25:20 | i — | [  INIT   ]   haos_deferred_improvement   = 3.0
08:25:20 | i — | [  INIT   ]   haos_deferred_no_improvement= 0.0
08:25:20 | i — | [  INIT   ] ── seed ────────────────────────────────────
08:25:20 | i — | [  INIT   ]   seed                        = 11
08:25:20 | i — | [  INIT   ] ── output ──────────────────────────────────
08:25:20 | i — | [  INIT   ]   output_dir                  = /app/artifacts/benchmark/X-n4153-k291/seed11
08:25:20 | i — | [  INIT   ]   run_analysis                = False
08:25:20 | i — | [  INIT   ] ══════════════════════════════════════════════════════
08:25:20 | i — | [  INIT   ] BKS=355780.00
08:25:20 | i — | [  INIT   ] ════════════════════════════════════════
08:25:20 | i 1 | [HAOS ROLL] k=2  λ=0.8  vb  fcm  filo2  P≈0.000521
08:25:22 | i 1 | [Phase 1/3] decompose  1.52s / — / —  λ=0.8  vb fcm
08:28:00 | i 1 | [Phase 2/3] route  158.16s / 156.96s / 100.8%  filo2  k=2
08:28:00 | i 1 | [ IMPROVE ] 358097.00  via decompose_route  ·  Δ_BKS=+0.65%
08:28:00 | i 1 | [HAOS ROLL] k=2  λ=0.8  vb  fcm  filo2  P≈0.000521
08:28:00 | i 1 | [ Summary ] cost=358097.00  Δ_S*=+0.00%  Δ_BKS=+0.65%  Δ_S*_BKS=+0.65%  no_improve=0
08:28:00 | i 2 | [HAOS ROLL] k=15  λ=0.2  rb  ac_avg  filo  P≈0.000868
08:28:04 | i 2 | [Phase 1/3] decompose  3.76s / — / —  λ=0.2  rb ac_avg
08:29:16 | i 2 | [Phase 2/3] route  72.15s / 62.16s / 116.1%  filo  k=15
08:30:39 | i 1 | [ IMPROVE ] 356995.00  via bg_ails  ·  Δ_BKS=+0.34%
08:30:39 | i 1 | [ ASYNC BG] bg_ails  159.14s / 153.19s / 103.9%
08:30:39 | i 2 | [HAOS ROLL] k=15  λ=0.2  rb  ac_avg  filo  P≈0.000868
08:30:39 | i 2 | [ Summary ] cost=359252.00  Δ_S*=+0.63%  Δ_BKS=+0.98%  Δ_S*_BKS=+0.34%  no_improve=1
08:30:39 | i 3 | [HAOS ROLL] k=10  λ=0.6  rb  kmeans  filo  P≈0.000868
08:30:40 | i 3 | [Phase 1/3] decompose  1.00s / — / —  λ=0.6  rb kmeans
08:31:30 | i 3 | [Phase 2/3] route  50.13s / 47.16s / 106.3%  filo  k=10
08:32:22 | i 2 | [ ASYNC BG] bg_ails  103.16s / 97.69s / 105.6%
08:32:22 | i 3 | [HAOS ROLL] k=10  λ=0.6  rb  kmeans  filo  P≈0.000868
08:32:22 | i 3 | [ Summary ] cost=362119.00  Δ_S*=+1.44%  Δ_BKS=+1.78%  Δ_S*_BKS=+0.34%  no_improve=3
08:32:22 | i 4 | [HAOS ROLL] k=15  λ=0.8  vb  ac_complete  filo  P≈0.000521
08:32:24 | i 4 | [Phase 1/3] decompose  1.45s / — / —  λ=0.8  vb ac_complete
08:34:06 | i 4 | [Phase 2/3] route  102.25s / 102.24s / 100.0%  filo  k=15
08:34:06 | i 3 | [ ASYNC BG] bg_ails  66.14s / 60.00s / 110.2%
08:34:06 | i 4 | [HAOS ROLL] k=15  λ=0.8  vb  ac_complete  filo  P≈0.000521
08:34:06 | i 4 | [ Summary ] cost=363498.00  Δ_S*=+1.82%  Δ_BKS=+2.17%  Δ_S*_BKS=+0.34%  no_improve=5
08:34:06 | i 5 | [HAOS ROLL] k=10  λ=0.0  rb  ac_complete  filo2  P≈0.000868
08:34:07 | i 5 | [Phase 1/3] decompose  0.76s / — / —  λ=0.0  rb ac_complete
08:35:45 | i 5 | [Phase 2/3] route  98.26s / 98.04s / 100.2%  filo2  k=10
08:36:13 | i 4 | [ ASYNC BG] bg_ails  126.50s / 120.34s / 105.1%
08:36:13 | i 5 | [HAOS ROLL] k=10  λ=0.0  rb  ac_complete  filo2  P≈0.000868
08:36:13 | i 5 | [ Summary ] cost=359984.00  Δ_S*=+0.84%  Δ_BKS=+1.18%  Δ_S*_BKS=+0.34%  no_improve=7
08:36:13 | i 6 | [HAOS ROLL] k=12  λ=0.0  vb  ac_avg  pyvrp  P≈0.000521
08:36:14 | i 6 | [Phase 1/3] decompose  1.28s / — / —  λ=0.0  vb ac_avg
08:37:53 | i 6 | [Phase 2/3] route  99.01s / 93.30s / 106.1%  pyvrp  k=12
08:38:04 | i 5 | [ IMPROVE ] 356931.00  via bg_ails  ·  Δ_BKS=+0.32%
08:38:04 | i 5 | [ ASYNC BG] bg_ails  111.76s / 106.54s / 104.9%
08:38:04 | i 6 | [HAOS ROLL] k=12  λ=0.0  vb  ac_avg  pyvrp  P≈0.000521
08:38:04 | i 6 | [ Summary ] cost=369542.00  Δ_S*=+3.53%  Δ_BKS=+3.87%  Δ_S*_BKS=+0.32%  no_improve=1
08:38:04 | i 7 | [HAOS ROLL] k=8  λ=0.6  rb  ac_avg  filo2  P≈0.000868
08:38:05 | i 7 | [Phase 1/3] decompose  0.97s / — / —  λ=0.6  rb ac_avg
08:39:26 | i 7 | [Phase 2/3] route  80.19s / 79.80s / 100.5%  filo2  k=8
08:39:34 | i 6 | [ ASYNC BG] bg_ails  89.70s / 84.69s / 105.9%
08:39:34 | i 7 | [HAOS ROLL] k=8  λ=0.6  rb  ac_avg  filo2  P≈0.000868
08:39:34 | i 7 | [ Summary ] cost=358088.00  Δ_S*=+0.32%  Δ_BKS=+0.65%  Δ_S*_BKS=+0.32%  no_improve=3
08:39:34 | i 8 | [HAOS ROLL] k=4  λ=0.8  rb  ac_complete  pyvrp  P≈0.000868
08:39:35 | i 8 | [Phase 1/3] decompose  0.98s / — / —  λ=0.8  rb ac_complete
08:41:32 | i 8 | [Phase 2/3] route  117.25s / 109.62s / 107.0%  pyvrp  k=4
08:41:32 | i 7 | [ ASYNC BG] bg_ails  78.83s / 73.06s / 107.9%
08:41:32 | i 8 | [HAOS ROLL] k=4  λ=0.8  rb  ac_complete  pyvrp  P≈0.000868
08:41:32 | i 8 | [ Summary ] cost=364259.00  Δ_S*=+2.05%  Δ_BKS=+2.38%  Δ_S*_BKS=+0.32%  no_improve=5
08:41:32 | i 9 | [HAOS ROLL] k=3  λ=0.0  rb  ac_avg  filo  P≈0.000868
08:41:33 | i 9 | [Phase 1/3] decompose  0.81s / — / —  λ=0.0  rb ac_avg
08:44:08 | i 9 | [Phase 2/3] route  154.41s / 154.38s / 100.0%  filo  k=3
08:44:08 | i 8 | [ ASYNC BG] bg_ails  111.98s / 106.99s / 104.7%
08:44:08 | i 9 | [HAOS ROLL] k=3  λ=0.0  rb  ac_avg  filo  P≈0.000868
08:44:08 | i 9 | [ Summary ] cost=358016.00  Δ_S*=+0.30%  Δ_BKS=+0.63%  Δ_S*_BKS=+0.32%  no_improve=7
08:44:08 | i 10 | [HAOS ROLL] k=3  λ=0.0  vb  ac_complete  filo  P≈0.000521
08:44:09 | i 10 | [Phase 1/3] decompose  1.22s / — / —  λ=0.0  vb ac_complete
08:47:02 | i 10 | [Phase 2/3] route  173.47s / 173.16s / 100.2%  filo  k=3
08:47:02 | i 9 | [ ASYNC BG] bg_ails  155.59s / 150.67s / 103.3%
08:47:02 | i 10 | [HAOS ROLL] k=3  λ=0.0  vb  ac_complete  filo  P≈0.000521
08:47:02 | i 10 | [ Summary ] cost=359433.00  Δ_S*=+0.70%  Δ_BKS=+1.03%  Δ_S*_BKS=+0.32%  no_improve=9
08:47:02 | i 6 | [ASYNC 1/2] sp_sc  3.04s / 720.00s / 0.4%  SP  avg_coverage=10.71/5  pool=3132
08:47:02 | i 6 | [ASYNC 2/2] standard_ails  364.57s / 360.00s / 101.3%
08:47:17 | i 6 | [ IMPROVE ] 356601.00  via standard_ails  ·  Δ_BKS=+0.23%
08:47:17 | i 11 | [HAOS ROLL] k=10  λ=0.0  rb  ac_avg  filo2  P≈0.000868
08:47:18 | i 11 | [Phase 1/3] decompose  0.71s / — / —  λ=0.0  rb ac_avg
08:49:24 | i 11 | [Phase 2/3] route  126.30s / 126.12s / 100.1%  filo2  k=10
08:49:57 | i 10 | [ ASYNC BG] bg_ails  174.42s / 169.00s / 103.2%
08:49:57 | i 11 | [HAOS ROLL] k=10  λ=0.0  rb  ac_avg  filo2  P≈0.000868
08:49:57 | i 11 | [ Summary ] cost=358835.00  Δ_S*=+0.63%  Δ_BKS=+0.86%  Δ_S*_BKS=+0.23%  no_improve=2
08:49:57 | i 12 | [HAOS ROLL] k=8  λ=0.8  rb  ac_avg  filo2  P≈0.003130
08:49:58 | i 12 | [Phase 1/3] decompose  0.96s / — / —  λ=0.8  rb ac_avg
08:52:04 | i 12 | [Phase 2/3] route  126.31s / 126.12s / 100.2%  filo2  k=8
08:52:06 | i 11 | [ ASYNC BG] bg_ails  129.54s / 124.11s / 104.4%
08:52:06 | i 12 | [HAOS ROLL] k=8  λ=0.8  rb  ac_avg  filo2  P≈0.003130
08:52:06 | i 12 | [ Summary ] cost=358049.00  Δ_S*=+0.41%  Δ_BKS=+0.64%  Δ_S*_BKS=+0.23%  no_improve=4
08:52:06 | i 13 | [HAOS ROLL] k=8  λ=0.6  vb  kmeans  ails2  P≈0.000210
08:52:07 | i 13 | [Phase 1/3] decompose  0.96s / — / —  λ=0.6  vb kmeans
08:53:24 | i 13 | [Phase 2/3] route  76.29s / 53.94s / 141.4%  ails2  k=8
08:54:16 | i 12 | [ ASYNC BG] bg_ails  129.82s / 124.11s / 104.6%
08:54:16 | i 13 | [HAOS ROLL] k=8  λ=0.6  vb  kmeans  ails2  P≈0.000210
08:54:16 | i 13 | [ Summary ] cost=361120.00  Δ_S*=+1.27%  Δ_BKS=+1.50%  Δ_S*_BKS=+0.23%  no_improve=6
08:54:16 | i 14 | [HAOS ROLL] k=3  λ=0.8  vb  ac_avg  filo  P≈0.000383
08:54:18 | i 14 | [Phase 1/3] decompose  1.56s / — / —  λ=0.8  vb ac_avg
08:56:54 | i 14 | [Phase 2/3] route  156.40s / 155.64s / 100.5%  filo  k=3
08:56:54 | i 13 | [ ASYNC BG] bg_ails  87.78s / 82.24s / 106.7%
08:56:54 | i 14 | [HAOS ROLL] k=3  λ=0.8  vb  ac_avg  filo  P≈0.000383
08:56:54 | i 14 | [ Summary ] cost=359064.00  Δ_S*=+0.69%  Δ_BKS=+0.92%  Δ_S*_BKS=+0.23%  no_improve=8
08:56:54 | i 15 | [HAOS ROLL] k=10  λ=0.2  rb  ac_complete  filo2  P≈0.001654
08:56:55 | i 15 | [Phase 1/3] decompose  0.98s / — / —  λ=0.2  rb ac_complete
08:57:55 | i 15 | [Phase 2/3] route  60.15s / 48.96s / 122.9%  filo2  k=10
08:59:31 | i 14 | [ ASYNC BG] bg_ails  156.77s / 151.90s / 103.2%
08:59:31 | i 15 | [HAOS ROLL] k=10  λ=0.2  rb  ac_complete  filo2  P≈0.001654
08:59:31 | i 15 | [ Summary ] cost=361007.00  Δ_S*=+1.24%  Δ_BKS=+1.47%  Δ_S*_BKS=+0.23%  no_improve=10
08:59:31 | i 16 | [HAOS ROLL] k=2  λ=0.6  rb  ac_avg  filo2  P≈0.002780
08:59:32 | i 16 | [Phase 1/3] decompose  0.99s / — / —  λ=0.6  rb ac_avg
09:02:11 | i 16 | [Phase 2/3] route  158.39s / 157.50s / 100.6%  filo2  k=2
09:02:11 | i 15 | [ ASYNC BG] bg_ails  87.89s / 82.40s / 106.7%
09:02:11 | i 16 | [HAOS ROLL] k=2  λ=0.6  rb  ac_avg  filo2  P≈0.002780
09:02:11 | i 16 | [ Summary ] cost=357576.00  Δ_S*=+0.27%  Δ_BKS=+0.50%  Δ_S*_BKS=+0.23%  no_improve=12
09:02:11 | i 17 | [HAOS ROLL] k=10  λ=0.8  rb  kmeans  filo2  P≈0.003168
09:02:12 | i 17 | [Phase 1/3] decompose  0.97s / — / —  λ=0.8  rb kmeans
09:02:56 | i 17 | [Phase 2/3] route  44.14s / 44.40s / 99.4%  filo2  k=10
09:04:49 | i 16 | [ ASYNC BG] bg_ails  158.73s / 153.72s / 103.3%
09:04:49 | i 17 | [HAOS ROLL] k=10  λ=0.8  rb  kmeans  filo2  P≈0.003168
09:04:49 | i 17 | [ Summary ] cost=361306.00  Δ_S*=+1.32%  Δ_BKS=+1.55%  Δ_S*_BKS=+0.23%  no_improve=14
09:04:49 | i 18 | [HAOS ROLL] k=2  λ=0.8  rb  kmeans  filo  P≈0.001434
09:04:51 | i 18 | [Phase 1/3] decompose  1.05s / — / —  λ=0.8  rb kmeans
09:07:28 | i 18 | [Phase 2/3] route  157.39s / 156.54s / 100.5%  filo  k=2
09:07:28 | i 17 | [ ASYNC BG] bg_ails  65.81s / 60.00s / 109.7%
09:07:28 | i 18 | [HAOS ROLL] k=2  λ=0.8  rb  kmeans  filo  P≈0.001434
09:07:28 | i 18 | [ Summary ] cost=357857.00  Δ_S*=+0.35%  Δ_BKS=+0.58%  Δ_S*_BKS=+0.23%  no_improve=16
09:07:28 | i 19 | [HAOS ROLL] k=2  λ=0.8  vb  ac_complete  filo  P≈0.000774
09:07:30 | i 19 | [Phase 1/3] decompose  1.42s / — / —  λ=0.8  vb ac_complete
09:10:06 | i 19 | [Phase 2/3] route  156.41s / 155.88s / 100.3%  filo  k=2
09:10:06 | i 18 | [ ASYNC BG] bg_ails  157.73s / 152.78s / 103.2%
09:10:06 | i 19 | [HAOS ROLL] k=2  λ=0.8  vb  ac_complete  filo  P≈0.000774
09:10:06 | i 19 | [ Summary ] cost=358618.00  Δ_S*=+0.57%  Δ_BKS=+0.80%  Δ_S*_BKS=+0.23%  no_improve=18
09:10:06 | i 20 | [HAOS ROLL] k=2  λ=0.0  rb  ac_complete  filo2  P≈0.001632
09:10:07 | i 20 | [Phase 1/3] decompose  0.72s / — / —  λ=0.0  rb ac_complete
09:12:46 | i 20 | [Phase 2/3] route  159.40s / 158.58s / 100.5%  filo2  k=2
09:12:46 | i 19 | [ ASYNC BG] bg_ails  157.72s / 152.14s / 103.7%
09:12:46 | i 20 | [HAOS ROLL] k=2  λ=0.0  rb  ac_complete  filo2  P≈0.001632
09:12:46 | i 20 | [ Summary ] cost=357441.00  Δ_S*=+0.24%  Δ_BKS=+0.47%  Δ_S*_BKS=+0.23%  no_improve=20
09:12:46 | i 21 | [HAOS ROLL] k=8  λ=0.4  vb  ac_complete  filo  P≈0.000445
09:12:48 | i 21 | [Phase 1/3] decompose  1.41s / — / —  λ=0.4  vb ac_complete
09:14:08 | i 21 | [Phase 2/3] route  80.17s / 79.80s / 100.5%  filo  k=8
09:15:26 | i 20 | [ ASYNC BG] bg_ails  159.49s / 154.77s / 103.0%
09:15:26 | i 21 | [HAOS ROLL] k=8  λ=0.4  vb  ac_complete  filo  P≈0.000445
09:15:26 | i 21 | [ Summary ] cost=359596.00  Δ_S*=+0.84%  Δ_BKS=+1.07%  Δ_S*_BKS=+0.23%  no_improve=22
09:15:26 | i 15 | [ASYNC 1/2] sp_sc  451.39s / 720.00s / 62.7%  SP  avg_coverage=28.89/5  pool=8419
09:15:26 | i 15 | [ASYNC 2/2] standard_ails  364.57s / 360.00s / 101.3%
09:16:16 | i 15 | [ IMPROVE ] 356520.00  via standard_ails  ·  Δ_BKS=+0.21%
09:16:16 | i 22 | [HAOS ROLL] k=2  λ=0.8  rb  ac_avg  pyvrp  P≈0.001973
09:16:17 | i 22 | [Phase 1/3] decompose  0.95s / — / —  λ=0.8  rb ac_avg
09:19:06 | i 22 | [Phase 2/3] route  168.56s / 153.42s / 109.9%  pyvrp  k=2
09:19:06 | i 21 | [ ASYNC BG] bg_ails  78.68s / 73.06s / 107.7%
09:19:06 | i 22 | [HAOS ROLL] k=2  λ=0.8  rb  ac_avg  pyvrp  P≈0.001973
09:19:06 | i 22 | [ Summary ] cost=363865.00  Δ_S*=+2.06%  Δ_BKS=+2.27%  Δ_S*_BKS=+0.21%  no_improve=2
09:19:06 | i 23 | [HAOS ROLL] k=10  λ=0.0  rb  ac_complete  filo2  P≈0.004585
09:19:07 | i 23 | [Phase 1/3] decompose  0.74s / — / —  λ=0.0  rb ac_complete
09:20:15 | i 23 | [Phase 2/3] route  68.18s / 67.62s / 100.8%  filo2  k=10
09:21:41 | i 22 | [ ASYNC BG] bg_ails  155.13s / 149.74s / 103.6%
09:21:41 | i 23 | [HAOS ROLL] k=10  λ=0.0  rb  ac_complete  filo2  P≈0.004585
09:21:41 | i 23 | [ Summary ] cost=359860.00  Δ_S*=+0.94%  Δ_BKS=+1.15%  Δ_S*_BKS=+0.21%  no_improve=4
09:21:41 | i 24 | [HAOS ROLL] k=2  λ=0.8  rb  ac_avg  filo2  P≈0.007480
09:21:42 | i 24 | [Phase 1/3] decompose  0.98s / — / —  λ=0.8  rb ac_avg
09:24:16 | i 24 | [Phase 2/3] route  153.40s / 153.42s / 100.0%  filo2  k=2
09:24:16 | i 23 | [ ASYNC BG] bg_ails  77.72s / 72.73s / 106.9%
09:24:16 | i 24 | [HAOS ROLL] k=2  λ=0.8  rb  ac_avg  filo2  P≈0.007480
09:24:16 | i 24 | [ Summary ] cost=357253.00  Δ_S*=+0.21%  Δ_BKS=+0.41%  Δ_S*_BKS=+0.21%  no_improve=6
09:24:16 | i 25 | [HAOS ROLL] k=6  λ=0.6  vb  ac_avg  filo2  P≈0.000252
09:24:18 | i 25 | [Phase 1/3] decompose  1.51s / — / —  λ=0.6  vb ac_avg
09:26:54 | i 25 | [Phase 2/3] route  156.41s / 155.64s / 100.5%  filo2  k=6
09:26:54 | i 24 | [ ASYNC BG] bg_ails  154.73s / 149.74s / 103.3%
09:26:54 | i 25 | [HAOS ROLL] k=6  λ=0.6  vb  ac_avg  filo2  P≈0.000252
09:26:54 | i 25 | [ Summary ] cost=359979.00  Δ_S*=+0.97%  Δ_BKS=+1.18%  Δ_S*_BKS=+0.21%  no_improve=8
09:26:54 | i 26 | [HAOS ROLL] k=10  λ=0.8  rb  ac_complete  ails2  P≈0.001612
09:26:55 | i 26 | [Phase 1/3] decompose  0.97s / — / —  λ=0.8  rb ac_complete
09:28:05 | i 26 | [Phase 2/3] route  69.24s / 67.62s / 102.4%  ails2  k=10
09:29:31 | i 25 | [ ASYNC BG] bg_ails  157.02s / 151.90s / 103.4%
09:29:31 | i 26 | [HAOS ROLL] k=10  λ=0.8  rb  ac_complete  ails2  P≈0.001612
09:29:31 | i 26 | [ Summary ] cost=356540.00  Δ_S*=+0.01%  Δ_BKS=+0.21%  Δ_S*_BKS=+0.21%  no_improve=10
09:29:32 | i 23 | [ASYNC 1/2] sp_sc  77.34s / 720.00s / 10.7%  SP  avg_coverage=33.59/5  pool=10000
09:29:32 | i 23 | [ASYNC 2/2] standard_ails  364.62s / 360.00s / 101.3%
09:30:21 | i 27 | [HAOS ROLL] k=3  λ=0.8  rb  ac_complete  filo2  P≈0.003505
09:30:22 | i 27 | [Phase 1/3] decompose  0.95s / — / —  λ=0.8  rb ac_complete
09:33:01 | i 27 | [Phase 2/3] route  158.41s / 157.62s / 100.5%  filo2  k=3
09:33:01 | i 26 | [ ASYNC BG] bg_ails  77.82s / 72.73s / 107.0%
09:33:01 | i 27 | [HAOS ROLL] k=3  λ=0.8  rb  ac_complete  filo2  P≈0.003505
09:33:01 | i 27 | [ Summary ] cost=358069.00  Δ_S*=+0.43%  Δ_BKS=+0.64%  Δ_S*_BKS=+0.21%  no_improve=13
09:33:01 | i 28 | [HAOS ROLL] k=15  λ=0.8  vb  ac_complete  filo2  P≈0.001231
09:33:02 | i 28 | [Phase 1/3] decompose  1.43s / — / —  λ=0.8  vb ac_complete
09:34:45 | i 28 | [Phase 2/3] route  102.25s / 102.24s / 100.0%  filo2  k=15
09:35:39 | i 27 | [ ASYNC BG] bg_ails  158.90s / 153.84s / 103.3%
09:35:40 | i 28 | [HAOS ROLL] k=15  λ=0.8  vb  ac_complete  filo2  P≈0.001231
09:35:40 | i 28 | [ Summary ] cost=364233.00  Δ_S*=+2.16%  Δ_BKS=+2.38%  Δ_S*_BKS=+0.21%  no_improve=15
09:35:40 | i 29 | [HAOS ROLL] k=2  λ=0.6  rb  kmeans  filo2  P≈0.002613
09:35:41 | i 29 | [Phase 1/3] decompose  0.95s / — / —  λ=0.6  rb kmeans
09:38:18 | i 29 | [Phase 2/3] route  157.39s / 156.78s / 100.4%  filo2  k=2
09:38:18 | i 28 | [ ASYNC BG] bg_ails  125.83s / 120.34s / 104.6%
09:38:18 | i 29 | [HAOS ROLL] k=2  λ=0.6  rb  kmeans  filo2  P≈0.002613
09:38:19 | i 29 | [ Summary ] cost=357402.00  Δ_S*=+0.25%  Δ_BKS=+0.46%  Δ_S*_BKS=+0.21%  no_improve=17
09:38:19 | i 30 | [HAOS ROLL] k=2  λ=1.0  vb  kmeans  filo2  P≈0.000308
09:38:20 | i 30 | [Phase 1/3] decompose  0.98s / — / —  λ=1.0  vb kmeans
09:40:57 | i 30 | [Phase 2/3] route  157.40s / 157.08s / 100.2%  filo2  k=2
09:40:57 | i 29 | [ ASYNC BG] bg_ails  158.76s / 153.02s / 103.8%
09:40:57 | i 30 | [HAOS ROLL] k=2  λ=1.0  vb  kmeans  filo2  P≈0.000308
09:40:57 | i 30 | [ Summary ] cost=358136.00  Δ_S*=+0.45%  Δ_BKS=+0.66%  Δ_S*_BKS=+0.21%  no_improve=19
09:40:57 | i 31 | [HAOS ROLL] k=8  λ=0.6  rb  kmeans  pyvrp  P≈0.000531
09:40:58 | i 31 | [Phase 1/3] decompose  0.98s / — / —  λ=0.6  rb kmeans
09:41:55 | i 31 | [Phase 2/3] route  56.57s / 51.24s / 110.4%  pyvrp  k=8
09:43:36 | i 30 | [ ASYNC BG] bg_ails  158.75s / 153.31s / 103.6%
09:43:36 | i 31 | [HAOS ROLL] k=8  λ=0.6  rb  kmeans  pyvrp  P≈0.000531
09:43:36 | i 31 | [ Summary ] cost=364910.00  Δ_S*=+2.35%  Δ_BKS=+2.57%  Δ_S*_BKS=+0.21%  no_improve=21
09:43:36 | i 32 | [HAOS ROLL] k=3  λ=1.0  rb  kmeans  pyvrp  P≈0.000228
09:43:37 | i 32 | [Phase 1/3] decompose  0.98s / — / —  λ=1.0  rb kmeans
09:45:14 | i 32 | [Phase 2/3] route  96.25s / 90.48s / 106.4%  pyvrp  k=3
09:45:14 | i 31 | [ ASYNC BG] bg_ails  77.84s / 72.47s / 107.4%
09:45:14 | i 32 | [HAOS ROLL] k=3  λ=1.0  rb  kmeans  pyvrp  P≈0.000228
09:45:14 | i 32 | [ Summary ] cost=364627.00  Δ_S*=+2.27%  Δ_BKS=+2.49%  Δ_S*_BKS=+0.21%  no_improve=23
09:45:14 | i 33 | [HAOS ROLL] k=10  λ=0.6  rb  ac_avg  filo  P≈0.003153
09:45:15 | i 33 | [Phase 1/3] decompose  0.98s / — / —  λ=0.6  rb ac_avg
09:46:37 | i 33 | [Phase 2/3] route  82.33s / 72.72s / 113.2%  filo  k=10
09:46:48 | i 32 | [ ASYNC BG] bg_ails  93.89s / 88.31s / 106.3%
09:46:48 | i 33 | [HAOS ROLL] k=10  λ=0.6  rb  ac_avg  filo  P≈0.003153
09:46:48 | i 33 | [ Summary ] cost=359245.00  Δ_S*=+0.76%  Δ_BKS=+0.97%  Δ_S*_BKS=+0.21%  no_improve=25
09:46:48 | i 34 | [HAOS ROLL] k=2  λ=0.2  rb  kmeans  filo2  P≈0.001785
09:46:49 | i 34 | [Phase 1/3] decompose  0.98s / — / —  λ=0.2  rb kmeans
09:49:26 | i 34 | [Phase 2/3] route  157.41s / 156.78s / 100.4%  filo2  k=2
09:49:26 | i 33 | [ ASYNC BG] bg_ails  122.84s / 117.96s / 104.1%
09:49:26 | i 34 | [HAOS ROLL] k=2  λ=0.2  rb  kmeans  filo2  P≈0.001785
09:49:27 | i 34 | [ Summary ] cost=357489.00  Δ_S*=+0.27%  Δ_BKS=+0.48%  Δ_S*_BKS=+0.21%  no_improve=27
09:49:27 | i 35 | [HAOS ROLL] k=10  λ=0.8  vb  fcm  ails2  P≈0.000284
09:49:28 | i 35 | [Phase 1/3] decompose  1.30s / — / —  λ=0.8  vb fcm
09:50:32 | i 35 | [Phase 2/3] route  64.02s / 39.78s / 160.9%  ails2  k=10
09:52:05 | i 34 | [ ASYNC BG] bg_ails  158.97s / 153.02s / 103.9%
09:52:05 | i 35 | [HAOS ROLL] k=10  λ=0.8  vb  fcm  ails2  P≈0.000284
09:52:06 | i 35 | [ Summary ] cost=361687.00  Δ_S*=+1.45%  Δ_BKS=+1.66%  Δ_S*_BKS=+0.21%  no_improve=29
09:52:06 | i 36 | [HAOS ROLL] k=2  λ=0.8  rb  kmeans  filo  P≈0.004721
09:52:06 | i 36 | [Phase 1/3] decompose  0.96s / — / —  λ=0.8  rb kmeans
09:54:44 | i 36 | [Phase 2/3] route  157.40s / 156.78s / 100.4%  filo  k=2
09:54:44 | i 35 | [ ASYNC BG] bg_ails  70.84s / 65.23s / 108.6%
09:54:44 | i 36 | [HAOS ROLL] k=2  λ=0.8  rb  kmeans  filo  P≈0.004721
09:54:44 | i 36 | [ Summary ] cost=357830.00  Δ_S*=+0.37%  Δ_BKS=+0.58%  Δ_S*_BKS=+0.21%  no_improve=31
09:54:44 | i 31 | [ASYNC 1/2] sp_sc  191.21s / 720.00s / 26.6%  SP  avg_coverage=33.60/5  pool=10000
09:54:44 | i 31 | [ASYNC 2/2] standard_ails  364.62s / 360.00s / 101.3%
09:55:34 | i 31 | [ IMPROVE ] 356513.00  via standard_ails  ·  Δ_BKS=+0.21%
09:55:34 | i 37 | [HAOS ROLL] k=2  λ=0.8  rb  ac_avg  filo  P≈0.004646
09:55:35 | i 37 | [Phase 1/3] decompose  0.94s / — / —  λ=0.8  rb ac_avg
09:58:11 | i 37 | [Phase 2/3] route  155.39s / 155.22s / 100.1%  filo  k=2
09:58:11 | i 36 | [ ASYNC BG] bg_ails  158.72s / 153.02s / 103.7%
09:58:11 | i 37 | [HAOS ROLL] k=2  λ=0.8  rb  ac_avg  filo  P≈0.004646
09:58:11 | i 37 | [ Summary ] cost=357985.00  Δ_S*=+0.41%  Δ_BKS=+0.62%  Δ_S*_BKS=+0.21%  no_improve=2
09:58:11 | i 38 | [HAOS ROLL] k=8  λ=1.0  rb  kmeans  filo  P≈0.000586
09:58:12 | i 38 | [Phase 1/3] decompose  0.97s / — / —  λ=1.0  rb kmeans
09:59:06 | i 38 | [Phase 2/3] route  54.15s / 54.36s / 99.6%  filo  k=8
10:00:47 | i 37 | [ ASYNC BG] bg_ails  156.75s / 151.49s / 103.5%
10:00:48 | i 38 | [HAOS ROLL] k=8  λ=1.0  rb  kmeans  filo  P≈0.000586
10:00:48 | i 38 | [ Summary ] cost=360562.00  Δ_S*=+1.14%  Δ_BKS=+1.34%  Δ_S*_BKS=+0.21%  no_improve=4
10:00:48 | i 39 | [HAOS ROLL] k=15  λ=0.0  rb  kmeans  filo2  P≈0.002279
10:00:49 | i 39 | [Phase 1/3] decompose  0.84s / — / —  λ=0.0  rb kmeans
10:01:43 | i 39 | [Phase 2/3] route  54.15s / 30.84s / 175.6%  filo2  k=15
10:02:02 | i 38 | [ ASYNC BG] bg_ails  74.16s / 68.54s / 108.2%
10:02:02 | i 39 | [HAOS ROLL] k=15  λ=0.0  rb  kmeans  filo2  P≈0.002279
10:02:02 | i 39 | [ Summary ] cost=362893.00  Δ_S*=+1.79%  Δ_BKS=+2.00%  Δ_S*_BKS=+0.21%  no_improve=6
10:02:02 | i 40 | [HAOS ROLL] k=8  λ=0.0  rb  ac_avg  filo  P≈0.003149
10:02:03 | i 40 | [Phase 1/3] decompose  0.72s / — / —  λ=0.0  rb ac_avg
10:04:33 | i 40 | [Phase 2/3] route  150.40s / 149.52s / 100.6%  filo  k=8
10:04:33 | i 39 | [ ASYNC BG] bg_ails  74.51s / 69.53s / 107.2%
10:04:33 | i 40 | [HAOS ROLL] k=8  λ=0.0  rb  ac_avg  filo  P≈0.003149
10:04:34 | i 40 | [ Summary ] cost=358223.00  Δ_S*=+0.48%  Δ_BKS=+0.69%  Δ_S*_BKS=+0.21%  no_improve=8
10:04:34 | i 41 | [HAOS ROLL] k=2  λ=0.6  rb  ac_complete  filo2  P≈0.003993
10:04:35 | i 41 | [Phase 1/3] decompose  0.97s / — / —  λ=0.6  rb ac_complete
10:07:13 | i 41 | [Phase 2/3] route  158.40s / 157.62s / 100.5%  filo2  k=2
10:07:13 | i 40 | [ ASYNC BG] bg_ails  138.67s / 133.12s / 104.2%
10:07:13 | i 41 | [HAOS ROLL] k=2  λ=0.6  rb  ac_complete  filo2  P≈0.003993
10:07:13 | i 41 | [ Summary ] cost=357448.00  Δ_S*=+0.26%  Δ_BKS=+0.47%  Δ_S*_BKS=+0.21%  no_improve=10
10:07:13 | i 42 | [HAOS ROLL] k=10  λ=0.6  rb  ac_avg  filo2  P≈0.007583
10:07:14 | i 42 | [Phase 1/3] decompose  0.97s / — / —  λ=0.6  rb ac_avg
10:08:34 | i 42 | [Phase 2/3] route  79.20s / 79.20s / 100.0%  filo2  k=10
10:09:52 | i 41 | [ ASYNC BG] bg_ails  158.97s / 153.84s / 103.3%
10:09:52 | i 42 | [HAOS ROLL] k=10  λ=0.6  rb  ac_avg  filo2  P≈0.007583
10:09:52 | i 42 | [ Summary ] cost=358985.00  Δ_S*=+0.69%  Δ_BKS=+0.90%  Δ_S*_BKS=+0.21%  no_improve=12
10:09:52 | i 43 | [HAOS ROLL] k=10  λ=0.8  rb  ac_complete  filo2  P≈0.006917
10:09:53 | i 43 | [Phase 1/3] decompose  0.97s / — / —  λ=0.8  rb ac_complete
10:11:04 | i 43 | [Phase 2/3] route  70.18s / 70.44s / 99.6%  filo2  k=10
10:11:10 | i 42 | [ ASYNC BG] bg_ails  78.12s / 72.73s / 107.4%
10:11:10 | i 43 | [HAOS ROLL] k=10  λ=0.8  rb  ac_complete  filo2  P≈0.006917
10:11:10 | i 43 | [ Summary ] cost=359347.00  Δ_S*=+0.79%  Δ_BKS=+1.00%  Δ_S*_BKS=+0.21%  no_improve=14
10:11:10 | i 44 | [HAOS ROLL] k=8  λ=0.8  rb  ac_complete  filo2  P≈0.004552
10:11:11 | i 44 | [Phase 1/3] decompose  0.97s / — / —  λ=0.8  rb ac_complete
10:12:22 | i 44 | [Phase 2/3] route  70.19s / 70.44s / 99.6%  filo2  k=8
10:12:41 | i 43 | [ ASYNC BG] bg_ails  90.78s / 85.39s / 106.3%
10:12:41 | i 44 | [HAOS ROLL] k=8  λ=0.8  rb  ac_complete  filo2  P≈0.004552
10:12:41 | i 44 | [ Summary ] cost=360186.00  Δ_S*=+1.03%  Δ_BKS=+1.24%  Δ_S*_BKS=+0.21%  no_improve=16
10:12:41 | i 40 | [ASYNC 1/2] sp_sc  67.26s / 720.00s / 9.3%  SP  avg_coverage=33.41/5  pool=10000
10:12:41 | i 40 | [ASYNC 2/2] standard_ails  364.65s / 360.00s / 101.3%
10:13:31 | i 45 | [HAOS ROLL] k=2  λ=0.8  rb  ac_avg  filo2  P≈0.012712
10:13:32 | i 45 | [Phase 1/3] decompose  1.03s / — / —  λ=0.8  rb ac_avg
10:16:08 | i 45 | [Phase 2/3] route  155.40s / 155.22s / 100.1%  filo2  k=2
10:16:08 | i 44 | [ ASYNC BG] bg_ails  94.67s / 89.12s / 106.2%
10:16:08 | i 45 | [HAOS ROLL] k=2  λ=0.8  rb  ac_avg  filo2  P≈0.012712
10:16:08 | i 45 | [ Summary ] cost=357396.00  Δ_S*=+0.25%  Δ_BKS=+0.45%  Δ_S*_BKS=+0.21%  no_improve=19
10:16:08 | i 46 | [HAOS ROLL] k=2  λ=0.4  rb  kmeans  filo  P≈0.001132
10:16:09 | i 46 | [Phase 1/3] decompose  1.02s / — / —  λ=0.4  rb kmeans
10:18:47 | i 46 | [Phase 2/3] route  157.40s / 156.72s / 100.4%  filo  k=2
10:18:47 | i 45 | [ ASYNC BG] bg_ails  156.83s / 151.49s / 103.5%
10:18:47 | i 46 | [HAOS ROLL] k=2  λ=0.4  rb  kmeans  filo  P≈0.001132
10:18:47 | i 46 | [ Summary ] cost=357942.00  Δ_S*=+0.40%  Δ_BKS=+0.61%  Δ_S*_BKS=+0.21%  no_improve=21
10:18:47 | i 47 | [HAOS ROLL] k=10  λ=0.8  rb  ac_avg  filo2  P≈0.012884
10:18:48 | i 47 | [Phase 1/3] decompose  0.95s / — / —  λ=0.8  rb ac_avg
10:20:07 | i 47 | [Phase 2/3] route  79.19s / 79.20s / 100.0%  filo2  k=10
10:21:24 | i 46 | [ ASYNC BG] bg_ails  157.64s / 152.96s / 103.1%
10:21:25 | i 47 | [HAOS ROLL] k=10  λ=0.8  rb  ac_avg  filo2  P≈0.012884
10:21:25 | i 47 | [ Summary ] cost=358600.00  Δ_S*=+0.59%  Δ_BKS=+0.79%  Δ_S*_BKS=+0.21%  no_improve=23
10:21:25 | i 48 | [HAOS ROLL] k=2  λ=0.6  rb  ac_avg  filo2  P≈0.009852
10:21:26 | i 48 | [Phase 1/3] decompose  0.96s / — / —  λ=0.6  rb ac_avg
10:24:01 | i 48 | [Phase 2/3] route  155.40s / 155.22s / 100.1%  filo2  k=2
10:24:01 | i 47 | [ ASYNC BG] bg_ails  77.75s / 72.73s / 106.9%
10:24:01 | i 48 | [HAOS ROLL] k=2  λ=0.6  rb  ac_avg  filo2  P≈0.009852
10:24:02 | i 48 | [ Summary ] cost=357338.00  Δ_S*=+0.23%  Δ_BKS=+0.44%  Δ_S*_BKS=+0.21%  no_improve=25
10:24:02 | i 49 | [HAOS ROLL] k=8  λ=0.6  rb  ac_avg  filo2  P≈0.006427
10:24:03 | i 49 | [Phase 1/3] decompose  0.93s / — / —  λ=0.6  rb ac_avg
10:26:33 | i 49 | [Phase 2/3] route  150.40s / 149.52s / 100.6%  filo2  k=8
10:26:33 | i 49 | [HAOS ROLL] k=8  λ=0.6  rb  ac_avg  filo2  P≈0.006427
10:26:33 | i 49 | [ Summary ] cost=357828.00  Δ_S*=+0.37%  Δ_BKS=+0.58%  Δ_S*_BKS=+0.21%  no_improve=26
10:26:33 | i — | [  FINAL  ] async BG-AILS totals launched=47 applied=47 adopted=2 launch_skipped_cap=2 crashes=0 discarded_in_flight=False block_wait_total_s=1290.3
10:27:03 | i — | [  FINAL  ] async SP/SC totals invocations=6 adopted=3 skipped=0 discarded_in_flight=True sp_busy_frac=0.4312198017491489
10:27:03 | i — | [  FINAL  ] ════════════════════════════════════════
10:27:03 | i — | [  FINAL  ] Run complete  iterations=49  elapsed=02:01:43  best=356513.00
10:27:03 | i — | [  FINAL  ] Δ_BKS=+0.21%  no_improve_stop=False  time_stop=True  cancelled=False
10:27:03 | i — | [  FINAL  ] 
10:27:03 | i — | [  FINAL  ] [BEST SOLUTION — HAOS TAG SUMMARY]
10:27:03 | i — | [  FINAL  ] ────────────────────────────────────────
10:27:03 | i — | [  FINAL  ]   3 routes  rb  ac_avg  k=15  λ=0.2  solver=filo
10:27:03 | i — | [  FINAL  ]   3 routes  rb  kmeans  k=10  λ=0.6  solver=filo
10:27:03 | i — | [  FINAL  ]   2 routes  vb  kmeans  k=2  λ=1.0  solver=filo2
10:27:03 | i — | [  FINAL  ]   2 routes  rb  ac_avg  k=10  λ=0.0  solver=filo2
10:27:03 | i — | [  FINAL  ]   2 routes  rb  kmeans  k=2  λ=0.2  solver=filo2
10:27:03 | i — | [  FINAL  ]   1 routes  vb  kmeans  k=8  λ=0.6  solver=ails2
10:27:03 | i — | [  FINAL  ]   1 routes  vb  ac_complete  k=3  λ=0.0  solver=filo
10:27:03 | i — | [  FINAL  ]   1 routes  vb  ac_complete  k=8  λ=0.4  solver=filo
10:27:03 | i — | [  FINAL  ]   1 routes  rb  kmeans  k=2  λ=0.8  solver=filo
10:27:03 | i — | [  FINAL  ]   1 routes  vb  fcm  k=2  λ=0.8  solver=filo2
10:27:03 | i — | [  FINAL  ]   1 routes  vb  fcm  k=10  λ=0.8  solver=ails2
10:27:03 | i — | [  FINAL  ]   1 routes  rb  kmeans  k=8  λ=0.6  solver=pyvrp
10:27:03 | i — | [  FINAL  ]   1 routes  rb  kmeans  k=2  λ=0.6  solver=filo2
10:27:03 | i — | [  FINAL  ]   1 routes  rb  ac_avg  k=8  λ=0.8  solver=filo2
10:27:03 | i — | [  FINAL  ]   1 routes  rb  ac_complete  k=4  λ=0.8  solver=pyvrp
10:27:03 | i — | [  FINAL  ]   1 routes  rb  ac_avg  k=2  λ=0.6  solver=filo2
10:27:03 | i — | [  FINAL  ]   268 routes  post-SP/SC improvement
10:27:03 | i — | [  FINAL  ] 
10:27:03 | i — | [  FINAL  ] [ROUTE POOL — HAOS TAG SUMMARY]
10:27:03 | i — | [  FINAL  ] ────────────────────────────────────────
10:27:03 | i — | [  FINAL  ]   566 routes  rb  ac_avg  k=2  λ=0.8  solver=filo2
10:27:03 | i — | [  FINAL  ]   542 routes  rb  kmeans  k=2  λ=0.4  solver=filo
10:27:03 | i — | [  FINAL  ]   528 routes  rb  ac_avg  k=10  λ=0.8  solver=filo2
10:27:03 | i — | [  FINAL  ]   354 routes  rb  ac_avg  k=8  λ=0.6  solver=filo2
10:27:03 | i — | [  FINAL  ]   353 routes  rb  ac_complete  k=8  λ=0.8  solver=filo2
10:27:03 | i — | [  FINAL  ]   334 routes  rb  ac_avg  k=2  λ=0.6  solver=filo2
10:27:03 | i — | [  FINAL  ]   318 routes  rb  ac_complete  k=10  λ=0.0  solver=filo2
10:27:03 | i — | [  FINAL  ]   302 routes  rb  ac_avg  k=2  λ=0.8  solver=filo
10:27:03 | i — | [  FINAL  ]   284 routes  rb  kmeans  k=15  λ=0.0  solver=filo2
10:27:03 | i — | [  FINAL  ]   282 routes  rb  kmeans  k=8  λ=1.0  solver=filo
10:27:03 | i — | [  FINAL  ]   277 routes  rb  kmeans  k=2  λ=0.8  solver=filo
10:27:03 | i — | [  FINAL  ]   240 routes  vb  kmeans  k=8  λ=0.6  solver=ails2
10:27:03 | i — | [  FINAL  ]   234 routes  rb  kmeans  k=2  λ=0.6  solver=filo2
10:27:03 | i — | [  FINAL  ]   218 routes  rb  ac_complete  k=3  λ=0.8  solver=filo2
10:27:03 | i — | [  FINAL  ]   214 routes  vb  ac_complete  k=15  λ=0.8  solver=filo2
10:27:03 | i — | [  FINAL  ]   213 routes  rb  ac_avg  k=8  λ=0.8  solver=filo2
10:27:03 | i — | [  FINAL  ]   211 routes  rb  ac_avg  k=8  λ=0.0  solver=filo
10:27:03 | i — | [  FINAL  ]   207 routes  rb  ac_avg  k=10  λ=0.0  solver=filo2
10:27:03 | i — | [  FINAL  ]   203 routes  vb  kmeans  k=2  λ=1.0  solver=filo2
10:27:03 | i — | [  FINAL  ]   200 routes  vb  ac_avg  k=3  λ=0.8  solver=filo
10:27:03 | i — | [  FINAL  ]   197 routes  vb  ac_complete  k=3  λ=0.0  solver=filo
10:27:03 | i — | [  FINAL  ]   181 routes  rb  ac_avg  k=10  λ=0.6  solver=filo2
10:27:03 | i — | [  FINAL  ]   177 routes  rb  ac_complete  k=10  λ=0.8  solver=filo2
10:27:03 | i — | [  FINAL  ]   170 routes  rb  ac_avg  k=15  λ=0.2  solver=filo
10:27:03 | i — | [  FINAL  ]   170 routes  rb  ac_avg  k=2  λ=0.8  solver=pyvrp
10:27:03 | i — | [  FINAL  ]   163 routes  rb  ac_complete  k=2  λ=0.6  solver=filo2
10:27:03 | i — | [  FINAL  ]   162 routes  vb  ac_complete  k=15  λ=0.8  solver=filo
10:27:03 | i — | [  FINAL  ]   144 routes  vb  fcm  k=2  λ=0.8  solver=filo2
10:27:03 | i — | [  FINAL  ]   143 routes  vb  ac_complete  k=8  λ=0.4  solver=filo
10:27:03 | i — | [  FINAL  ]   140 routes  rb  kmeans  k=10  λ=0.6  solver=filo
10:27:03 | i — | [  FINAL  ]   135 routes  vb  ac_avg  k=12  λ=0.0  solver=pyvrp
10:27:03 | i — | [  FINAL  ]   133 routes  rb  kmeans  k=8  λ=0.6  solver=pyvrp
10:27:03 | i — | [  FINAL  ]   132 routes  rb  ac_complete  k=10  λ=0.8  solver=ails2
10:27:03 | i — | [  FINAL  ]   115 routes  rb  kmeans  k=3  λ=1.0  solver=pyvrp
10:27:03 | i — | [  FINAL  ]   114 routes  rb  ac_complete  k=10  λ=0.2  solver=filo2
10:27:03 | i — | [  FINAL  ]   112 routes  rb  ac_complete  k=4  λ=0.8  solver=pyvrp
10:27:03 | i — | [  FINAL  ]   100 routes  rb  ac_avg  k=3  λ=0.0  solver=filo
10:27:03 | i — | [  FINAL  ]   73 routes  rb  ac_complete  k=2  λ=0.0  solver=filo2
10:27:03 | i — | [  FINAL  ]   64 routes  vb  fcm  k=10  λ=0.8  solver=ails2
10:27:03 | i — | [  FINAL  ]   59 routes  vb  ac_complete  k=2  λ=0.8  solver=filo
10:27:03 | i — | [  FINAL  ]   58 routes  rb  kmeans  k=2  λ=0.2  solver=filo2
10:27:03 | i — | [  FINAL  ]   51 routes  rb  kmeans  k=10  λ=0.8  solver=filo2
10:27:03 | i — | [  FINAL  ]   50 routes  rb  ac_avg  k=10  λ=0.6  solver=filo
10:27:03 | i — | [  FINAL  ]   26 routes  vb  ac_avg  k=6  λ=0.6  solver=filo2
10:27:03 | i — | [  FINAL  ]   1051 routes  post-SP/SC improvement
10:27:03 | i — | [  FINAL  ] ════════════════════════════════════════
