20:12:16 | i — | [  INIT   ] ════════════════════════════════════════
20:12:16 | i — | [  INIT   ] DRISPI  instance=X-n3147-k232  n=3146  capacity=102
20:12:16 | i — | [  INIT   ] k domain (computed at init): [2, 3, 4, 6, 8, 10, 12]  k_ext=12  k_min=232  k_ext_bound=n_bound  spacing_rejected=0
20:12:16 | i — | [  INIT   ] ══════════════════════════════════════════════════════
20:12:16 | i — | [  INIT   ] CONFIGURATION
20:12:16 | i — | [  INIT   ] ── stopping ────────────────────────────────
20:12:16 | i — | [  INIT   ]   time_limit                  = 7200.0
20:12:16 | i — | [  INIT   ]   max_no_improve              = 1000000000
20:12:16 | i — | [  INIT   ] ── parallelism ─────────────────────────────
20:12:16 | i — | [  INIT   ]   n_workers                   = 8
20:12:16 | i — | [  INIT   ] ── cores ───────────────────────────────────
20:12:16 | i — | [  INIT   ]   cores_total                 = 8
20:12:16 | i — | [  INIT   ]   cores_dri                   = 6
20:12:16 | i — | [  INIT   ]   cores_bg                    = 1
20:12:16 | i — | [  INIT   ]   cores_sp                    = 1
20:12:16 | i — | [  INIT   ]   cores_cpu_list              = None
20:12:16 | i — | [  INIT   ] ── sp/sc ───────────────────────────────────
20:12:16 | i — | [  INIT   ]   sp_sc_mode                  = async
20:12:16 | i — | [  INIT   ]   sp_sc_trigger               = wallclock
20:12:16 | i — | [  INIT   ]   interval_minutes            = 20.0
20:12:16 | i — | [  INIT   ]   overlap_policy              = skip
20:12:16 | i — | [  INIT   ]   warmup_iterations           = 5
20:12:16 | i — | [  INIT   ]   sp_interval                 = 3
20:12:16 | i — | [  INIT   ]   min_coverage                = 5
20:12:16 | i — | [  INIT   ]   sp_time_limit               = 720.0
20:12:16 | i — | [  INIT   ]   mip_gap                     = 0.00025
20:12:16 | i — | [  INIT   ] ── decomposition ───────────────────────────
20:12:16 | i — | [  INIT   ]   decomp_k_base_arms          = [2, 3, 4, 6, 8, 10, 12]
20:12:16 | i — | [  INIT   ]   decomp_k_max_arms           = 10
20:12:16 | i — | [  INIT   ]   decomp_k_ext_per_1000       = 4
20:12:16 | i — | [  INIT   ]   decomp_k_min_routes_per_cluster= 8
20:12:16 | i — | [  INIT   ]   decomp_k_min_arm_spacing    = 2
20:12:16 | i — | [  INIT   ]   subcluster_rate_s_per_customer= 0.06
20:12:16 | i — | [  INIT   ]   subcluster_floor_s          = 5.0
20:12:16 | i — | [  INIT   ] ── bg_ails ─────────────────────────────────
20:12:16 | i — | [  INIT   ]   bg_ails_mode                = async
20:12:16 | i — | [  INIT   ]   bg_ails_crash_threshold     = 1
20:12:16 | i — | [  INIT   ]   bg_ails_budget_mode         = predicted_dr_wall
20:12:16 | i — | [  INIT   ]   bg_ails_budget_floor_s      = 60.0
20:12:16 | i — | [  INIT   ]   bg_ails_budget_margin       = 1.0
20:12:16 | i — | [  INIT   ]   bg_ails_wall_model_scale    = 0.976
20:12:16 | i — | [  INIT   ]   bg_ails_wall_model_wave_exponent= -0.18
20:12:16 | i — | [  INIT   ]   bg_ails_initial_omega       = 10
20:12:16 | i — | [  INIT   ]   bg_ails_boundary_threshold  = 0.5
20:12:16 | i — | [  INIT   ]   bg_ails_small_cluster_cap   = 20
20:12:16 | i — | [  INIT   ]   bg_ails_small_cluster_alpha = 0.5
20:12:16 | i — | [  INIT   ]   bg_ails_pair_selection      = greedy
20:12:16 | i — | [  INIT   ]   bg_ails_n_chains_mode       = k
20:12:16 | i — | [  INIT   ] ── standard_improvement ────────────────────
20:12:16 | i — | [  INIT   ]   standard_improvement_time_limit= 360.0
20:12:16 | i — | [  INIT   ] ── pool ────────────────────────────────────
20:12:16 | i — | [  INIT   ]   max_pool_size               = 10000
20:12:16 | i — | [  INIT   ]   pool_diversity_weight       = 0.5
20:12:16 | i — | [  INIT   ] ── haos ────────────────────────────────────
20:12:16 | i — | [  INIT   ]   haos_decay                  = 0.95
20:12:16 | i — | [  INIT   ]   haos_warmup                 = 10
20:12:16 | i — | [  INIT   ]   haos_starting_weight        = 10.0
20:12:16 | i — | [  INIT   ]   haos_min_weight_k           = 0.025
20:12:16 | i — | [  INIT   ]   haos_min_weight_lambda      = 0.05
20:12:16 | i — | [  INIT   ]   haos_min_weight_paradigm    = 0.1
20:12:16 | i — | [  INIT   ]   haos_min_weight_vertex_method= 0.05
20:12:16 | i — | [  INIT   ]   haos_min_weight_route_method= 0.05
20:12:16 | i — | [  INIT   ]   haos_min_weight_solver      = 0.05
20:12:16 | i — | [  INIT   ]   haos_lambda_demand_values   = [0.0, 0.2, 0.4, 0.6, 0.8, 1.0]
20:12:16 | i — | [  INIT   ]   haos_paradigm_values        = ['vertex', 'route']
20:12:16 | i — | [  INIT   ]   haos_vertex_method_values   = ['kmeans', 'agglomerative_avg', 'agglomerative_complete', 'kmedoids', 'fcm']
20:12:16 | i — | [  INIT   ]   haos_route_method_values    = ['kmeans', 'agglomerative_avg', 'agglomerative_complete']
20:12:16 | i — | [  INIT   ]   haos_solver_values          = ['pyvrp', 'filo', 'filo2', 'ails2']
20:12:16 | i — | [  INIT   ] ── haos_rewards ────────────────────────────
20:12:16 | i — | [  INIT   ]   haos_reward_new_best        = 10.0
20:12:16 | i — | [  INIT   ]   haos_reward_improvement     = 4.0
20:12:16 | i — | [  INIT   ]   haos_reward_no_improvement  = 1.0
20:12:16 | i — | [  INIT   ]   haos_reward_no_solution     = 0.0
20:12:16 | i — | [  INIT   ]   haos_deferred_new_best      = 7.0
20:12:16 | i — | [  INIT   ]   haos_deferred_improvement   = 3.0
20:12:16 | i — | [  INIT   ]   haos_deferred_no_improvement= 0.0
20:12:16 | i — | [  INIT   ] ── seed ────────────────────────────────────
20:12:16 | i — | [  INIT   ]   seed                        = 10
20:12:16 | i — | [  INIT   ] ── output ──────────────────────────────────
20:12:16 | i — | [  INIT   ]   output_dir                  = /app/artifacts/final_benchmark/runs/X-n3147-k232/seed10
20:12:16 | i — | [  INIT   ]   run_analysis                = False
20:12:16 | i — | [  INIT   ] ══════════════════════════════════════════════════════
20:12:16 | i — | [  INIT   ] BKS=256417.00
20:12:16 | i — | [  INIT   ] ════════════════════════════════════════
20:12:16 | i 1 | [HAOS ROLL] k=6  λ=0.6  vb  kmeans  filo  P≈0.000595
20:12:20 | i 1 | [Phase 1/3] decompose  4.43s / — / —  λ=0.6  vb kmeans
20:13:00 | i 1 | [Phase 2/3] route  39.66s / 39.00s / 101.7%  filo  k=6
20:13:00 | i 1 | [ IMPROVE ] 260184.00  via decompose_route  ·  Δ_BKS=+1.47%
20:13:00 | i 1 | [HAOS ROLL] k=6  λ=0.6  vb  kmeans  filo  P≈0.000595
20:13:00 | i 1 | [ Summary ] cost=260184.00  Δ_S*=+0.00%  Δ_BKS=+1.47%  Δ_S*_BKS=+1.47%  no_improve=0
20:13:00 | i 2 | [HAOS ROLL] k=3  λ=0.4  vb  ac_complete  ails2  P≈0.000595
20:13:01 | i 2 | [Phase 1/3] decompose  1.06s / — / —  λ=0.4  vb ac_complete
20:14:25 | i 2 | [Phase 2/3] route  84.26s / 82.62s / 102.0%  ails2  k=3
20:14:25 | i 1 | [ IMPROVE ] 257745.00  via bg_ails  ·  Δ_BKS=+0.52%
20:14:25 | i 1 | [ ASYNC BG] bg_ails  65.16s / 60.00s / 108.6%
20:14:25 | i 2 | [HAOS ROLL] k=3  λ=0.4  vb  ac_complete  ails2  P≈0.000595
20:14:25 | i 2 | [ Summary ] cost=258245.00  Δ_S*=+0.19%  Δ_BKS=+0.71%  Δ_S*_BKS=+0.52%  no_improve=1
20:14:25 | i 3 | [HAOS ROLL] k=2  λ=0.0  vb  ac_complete  filo  P≈0.000595
20:14:26 | i 3 | [Phase 1/3] decompose  0.92s / — / —  λ=0.0  vb ac_complete
20:16:34 | i 3 | [Phase 2/3] route  127.33s / 126.66s / 100.5%  filo  k=2
20:16:34 | i 2 | [ IMPROVE ] 257421.00  via bg_ails  ·  Δ_BKS=+0.39%
20:16:34 | i 2 | [ ASYNC BG] bg_ails  85.05s / 80.64s / 105.5%
20:16:34 | i 3 | [HAOS ROLL] k=2  λ=0.0  vb  ac_complete  filo  P≈0.000595
20:16:34 | i 3 | [ Summary ] cost=258466.00  Δ_S*=+0.41%  Δ_BKS=+0.80%  Δ_S*_BKS=+0.39%  no_improve=1
20:16:34 | i 4 | [HAOS ROLL] k=12  λ=0.6  vb  ac_avg  filo2  P≈0.000595
20:16:35 | i 4 | [Phase 1/3] decompose  1.06s / — / —  λ=0.6  vb ac_avg
20:17:21 | i 4 | [Phase 2/3] route  46.10s / 45.72s / 100.8%  filo2  k=12
20:18:42 | i 3 | [ IMPROVE ] 257416.00  via bg_ails  ·  Δ_BKS=+0.39%
20:18:42 | i 3 | [ ASYNC BG] bg_ails  127.80s / 123.62s / 103.4%
20:18:42 | i 4 | [HAOS ROLL] k=12  λ=0.6  vb  ac_avg  filo2  P≈0.000595
20:18:42 | i 4 | [ Summary ] cost=261915.00  Δ_S*=+1.75%  Δ_BKS=+2.14%  Δ_S*_BKS=+0.39%  no_improve=1
20:18:42 | i 5 | [HAOS ROLL] k=4  λ=0.6  rb  kmeans  ails2  P≈0.000992
20:18:42 | i 5 | [Phase 1/3] decompose  0.78s / — / —  λ=0.6  rb kmeans
20:19:47 | i 5 | [Phase 2/3] route  64.18s / 62.22s / 103.1%  ails2  k=4
20:19:47 | i 4 | [ ASYNC BG] bg_ails  65.06s / 60.00s / 108.4%
20:19:47 | i 5 | [HAOS ROLL] k=4  λ=0.6  rb  kmeans  ails2  P≈0.000992
20:19:47 | i 5 | [ Summary ] cost=257462.00  Δ_S*=+0.02%  Δ_BKS=+0.41%  Δ_S*_BKS=+0.39%  no_improve=3
20:19:47 | i 6 | [HAOS ROLL] k=8  λ=0.6  rb  ac_complete  ails2  P≈0.000992
20:19:47 | i 6 | [Phase 1/3] decompose  0.75s / — / —  λ=0.6  rb ac_complete
20:20:24 | i 6 | [Phase 2/3] route  36.84s / 35.16s / 104.8%  ails2  k=8
20:20:52 | i 5 | [ ASYNC BG] bg_ails  64.97s / 60.73s / 107.0%
20:20:52 | i 6 | [HAOS ROLL] k=8  λ=0.6  rb  ac_complete  ails2  P≈0.000992
20:20:52 | i 6 | [ Summary ] cost=257607.00  Δ_S*=+0.07%  Δ_BKS=+0.46%  Δ_S*_BKS=+0.39%  no_improve=5
20:20:52 | i 7 | [HAOS ROLL] k=12  λ=0.4  vb  kmeans  pyvrp  P≈0.000595
20:20:53 | i 7 | [Phase 1/3] decompose  0.78s / — / —  λ=0.4  vb kmeans
20:21:30 | i 7 | [Phase 2/3] route  37.00s / 28.02s / 132.0%  pyvrp  k=12
20:21:57 | i 6 | [ ASYNC BG] bg_ails  65.01s / 60.00s / 108.3%
20:21:57 | i 7 | [HAOS ROLL] k=12  λ=0.4  vb  kmeans  pyvrp  P≈0.000595
20:21:57 | i 7 | [ Summary ] cost=263239.00  Δ_S*=+2.26%  Δ_BKS=+2.66%  Δ_S*_BKS=+0.39%  no_improve=7
20:21:57 | i 8 | [HAOS ROLL] k=3  λ=1.0  vb  ac_avg  pyvrp  P≈0.000595
20:21:58 | i 8 | [Phase 1/3] decompose  1.10s / — / —  λ=1.0  vb ac_avg
20:23:36 | i 8 | [Phase 2/3] route  97.85s / 90.60s / 108.0%  pyvrp  k=3
20:23:36 | i 7 | [ ASYNC BG] bg_ails  65.06s / 60.00s / 108.4%
20:23:36 | i 8 | [HAOS ROLL] k=3  λ=1.0  vb  ac_avg  pyvrp  P≈0.000595
20:23:36 | i 8 | [ Summary ] cost=264307.00  Δ_S*=+2.68%  Δ_BKS=+3.08%  Δ_S*_BKS=+0.39%  no_improve=9
20:23:36 | i 9 | [HAOS ROLL] k=4  λ=1.0  vb  kmeans  filo  P≈0.000595
20:23:36 | i 9 | [Phase 1/3] decompose  0.77s / — / —  λ=1.0  vb kmeans
20:24:42 | i 9 | [Phase 2/3] route  65.16s / 65.34s / 99.7%  filo  k=4
20:25:09 | i 8 | [ ASYNC BG] bg_ails  93.01s / 88.43s / 105.2%
20:25:09 | i 9 | [HAOS ROLL] k=4  λ=1.0  vb  kmeans  filo  P≈0.000595
20:25:09 | i 9 | [ Summary ] cost=259011.00  Δ_S*=+0.62%  Δ_BKS=+1.01%  Δ_S*_BKS=+0.39%  no_improve=11
20:25:09 | i 10 | [HAOS ROLL] k=12  λ=1.0  rb  kmeans  ails2  P≈0.000992
20:25:10 | i 10 | [Phase 1/3] decompose  0.80s / — / —  λ=1.0  rb kmeans
20:25:55 | i 10 | [Phase 2/3] route  45.04s / 28.44s / 158.4%  ails2  k=12
20:26:17 | i 9 | [ ASYNC BG] bg_ails  67.96s / 63.77s / 106.6%
20:26:17 | i 10 | [HAOS ROLL] k=12  λ=1.0  rb  kmeans  ails2  P≈0.000992
20:26:17 | i 10 | [ Summary ] cost=257591.00  Δ_S*=+0.07%  Δ_BKS=+0.46%  Δ_S*_BKS=+0.39%  no_improve=13
20:26:17 | i 11 | [HAOS ROLL] k=6  λ=1.0  vb  ac_complete  filo  P≈0.000595
20:26:18 | i 11 | [Phase 1/3] decompose  1.06s / — / —  λ=1.0  vb ac_complete
20:27:12 | i 11 | [Phase 2/3] route  54.14s / 53.70s / 100.8%  filo  k=6
20:27:22 | i 10 | [ ASYNC BG] bg_ails  65.08s / 60.00s / 108.5%
20:27:22 | i 11 | [HAOS ROLL] k=6  λ=1.0  vb  ac_complete  filo  P≈0.000595
20:27:22 | i 11 | [ Summary ] cost=258925.00  Δ_S*=+0.59%  Δ_BKS=+0.98%  Δ_S*_BKS=+0.39%  no_improve=15
20:27:22 | i 6 | [ASYNC 1/2] sp_sc  1.62s / 720.00s / 0.2%  SP  avg_coverage=10.05/5  pool=2340
20:27:22 | i 6 | [ASYNC 2/2] standard_ails  364.55s / 360.00s / 101.3%
20:27:31 | i 6 | [ IMPROVE ] 257185.00  via standard_ails  ·  Δ_BKS=+0.30%
20:27:31 | i 12 | [HAOS ROLL] k=2  λ=0.6  rb  kmeans  pyvrp  P≈0.000946
20:27:32 | i 12 | [Phase 1/3] decompose  0.71s / — / —  λ=0.6  rb kmeans
20:29:23 | i 12 | [Phase 2/3] route  111.30s / 102.12s / 109.0%  pyvrp  k=2
20:29:23 | i 11 | [ ASYNC BG] bg_ails  64.98s / 60.00s / 108.3%
20:29:23 | i 12 | [HAOS ROLL] k=2  λ=0.6  rb  kmeans  pyvrp  P≈0.000946
20:29:23 | i 12 | [ Summary ] cost=263378.00  Δ_S*=+2.41%  Δ_BKS=+2.71%  Δ_S*_BKS=+0.30%  no_improve=2
20:29:23 | i 13 | [HAOS ROLL] k=6  λ=0.6  vb  ac_complete  ails2  P≈0.003694
20:29:24 | i 13 | [Phase 1/3] decompose  1.05s / — / —  λ=0.6  vb ac_complete
20:30:22 | i 13 | [Phase 2/3] route  57.44s / 55.38s / 103.7%  ails2  k=6
20:31:07 | i 12 | [ ASYNC BG] bg_ails  103.93s / 99.67s / 104.3%
20:31:07 | i 13 | [HAOS ROLL] k=6  λ=0.6  vb  ac_complete  ails2  P≈0.003694
20:31:07 | i 13 | [ Summary ] cost=259045.00  Δ_S*=+0.72%  Δ_BKS=+1.02%  Δ_S*_BKS=+0.30%  no_improve=4
20:31:07 | i 14 | [HAOS ROLL] k=4  λ=0.2  rb  ac_complete  filo2  P≈0.000254
20:31:08 | i 14 | [Phase 1/3] decompose  0.78s / — / —  λ=0.2  rb ac_complete
20:32:41 | i 14 | [Phase 2/3] route  93.23s / 93.18s / 100.1%  filo2  k=4
20:32:41 | i 13 | [ ASYNC BG] bg_ails  64.99s / 60.00s / 108.3%
20:32:41 | i 14 | [HAOS ROLL] k=4  λ=0.2  rb  ac_complete  filo2  P≈0.000254
20:32:41 | i 14 | [ Summary ] cost=258021.00  Δ_S*=+0.33%  Δ_BKS=+0.63%  Δ_S*_BKS=+0.30%  no_improve=6
20:32:41 | i 15 | [HAOS ROLL] k=3  λ=0.2  rb  ac_avg  ails2  P≈0.000590
20:32:42 | i 15 | [Phase 1/3] decompose  0.82s / — / —  λ=0.2  rb ac_avg
20:34:17 | i 15 | [Phase 2/3] route  95.38s / 93.18s / 102.4%  ails2  k=3
20:34:17 | i 14 | [ ASYNC BG] bg_ails  94.94s / 90.94s / 104.4%
20:34:17 | i 15 | [HAOS ROLL] k=3  λ=0.2  rb  ac_avg  ails2  P≈0.000590
20:34:18 | i 15 | [ Summary ] cost=257355.00  Δ_S*=+0.07%  Δ_BKS=+0.37%  Δ_S*_BKS=+0.30%  no_improve=8
20:34:18 | i 16 | [HAOS ROLL] k=4  λ=0.6  vb  kmeans  ails2  P≈0.002170
20:34:18 | i 16 | [Phase 1/3] decompose  0.74s / — / —  λ=0.6  vb kmeans
20:35:22 | i 16 | [Phase 2/3] route  64.07s / 62.22s / 103.0%  ails2  k=4
20:35:52 | i 15 | [ ASYNC BG] bg_ails  95.00s / 90.94s / 104.5%
20:35:52 | i 16 | [HAOS ROLL] k=4  λ=0.6  vb  kmeans  ails2  P≈0.002170
20:35:53 | i 16 | [ Summary ] cost=258764.00  Δ_S*=+0.61%  Δ_BKS=+0.92%  Δ_S*_BKS=+0.30%  no_improve=10
20:35:53 | i 17 | [HAOS ROLL] k=2  λ=0.4  vb  kmeans  pyvrp  P≈0.000434
20:35:53 | i 17 | [Phase 1/3] decompose  0.77s / — / —  λ=0.4  vb kmeans
20:37:45 | i 17 | [Phase 2/3] route  111.23s / 102.24s / 108.8%  pyvrp  k=2
20:37:45 | i 16 | [ ASYNC BG] bg_ails  64.89s / 60.73s / 106.9%
20:37:45 | i 17 | [HAOS ROLL] k=2  λ=0.4  vb  kmeans  pyvrp  P≈0.000434
20:37:45 | i 17 | [ Summary ] cost=263326.00  Δ_S*=+2.39%  Δ_BKS=+2.69%  Δ_S*_BKS=+0.30%  no_improve=12
20:37:45 | i 18 | [HAOS ROLL] k=4  λ=0.8  rb  ac_complete  filo2  P≈0.000476
20:37:45 | i 18 | [Phase 1/3] decompose  0.76s / — / —  λ=0.8  rb ac_complete
20:39:19 | i 18 | [Phase 2/3] route  93.21s / 93.18s / 100.0%  filo2  k=4
20:39:29 | i 17 | [ ASYNC BG] bg_ails  103.99s / 99.79s / 104.2%
20:39:29 | i 18 | [HAOS ROLL] k=4  λ=0.8  rb  ac_complete  filo2  P≈0.000476
20:39:29 | i 18 | [ Summary ] cost=258871.00  Δ_S*=+0.66%  Δ_BKS=+0.96%  Δ_S*_BKS=+0.30%  no_improve=14
20:39:29 | i 19 | [HAOS ROLL] k=12  λ=0.6  rb  ac_complete  filo  P≈0.000895
20:39:29 | i 19 | [Phase 1/3] decompose  0.75s / — / —  λ=0.6  rb ac_complete
20:40:14 | i 19 | [Phase 2/3] route  44.10s / 26.46s / 166.7%  filo  k=12
20:41:03 | i 18 | [ ASYNC BG] bg_ails  94.89s / 90.94s / 104.3%
20:41:04 | i 19 | [HAOS ROLL] k=12  λ=0.6  rb  ac_complete  filo  P≈0.000895
20:41:04 | i 19 | [ Summary ] cost=262241.00  Δ_S*=+1.97%  Δ_BKS=+2.27%  Δ_S*_BKS=+0.30%  no_improve=16
20:41:04 | i 20 | [HAOS ROLL] k=12  λ=1.0  rb  ac_complete  filo  P≈0.000440
20:41:04 | i 20 | [Phase 1/3] decompose  0.74s / — / —  λ=1.0  rb ac_complete
20:41:49 | i 20 | [Phase 2/3] route  44.13s / 26.46s / 166.8%  filo  k=12
20:42:09 | i 19 | [ ASYNC BG] bg_ails  65.00s / 60.00s / 108.3%
20:42:09 | i 20 | [HAOS ROLL] k=12  λ=1.0  rb  ac_complete  filo  P≈0.000440
20:42:09 | i 20 | [ Summary ] cost=262268.00  Δ_S*=+1.98%  Δ_BKS=+2.28%  Δ_S*_BKS=+0.30%  no_improve=18
20:42:09 | i 21 | [HAOS ROLL] k=3  λ=0.6  rb  kmeans  filo  P≈0.001898
20:42:09 | i 21 | [Phase 1/3] decompose  0.78s / — / —  λ=0.6  rb kmeans
20:43:25 | i 21 | [Phase 2/3] route  75.18s / 75.36s / 99.8%  filo  k=3
20:43:25 | i 20 | [ ASYNC BG] bg_ails  65.15s / 60.00s / 108.6%
20:43:25 | i 21 | [HAOS ROLL] k=3  λ=0.6  rb  kmeans  filo  P≈0.001898
20:43:25 | i 21 | [ Summary ] cost=258986.00  Δ_S*=+0.70%  Δ_BKS=+1.00%  Δ_S*_BKS=+0.30%  no_improve=20
20:43:25 | i 22 | [HAOS ROLL] k=12  λ=0.8  rb  kmeans  ails2  P≈0.001112
20:43:26 | i 22 | [Phase 1/3] decompose  0.76s / — / —  λ=0.8  rb kmeans
20:44:08 | i 22 | [Phase 2/3] route  42.06s / 28.74s / 146.3%  ails2  k=12
20:44:43 | i 21 | [ ASYNC BG] bg_ails  78.02s / 73.55s / 106.1%
20:44:43 | i 22 | [ IMPROVE ] 257174.00  via decompose_route  ·  Δ_BKS=+0.30%
20:44:43 | i 22 | [HAOS ROLL] k=12  λ=0.8  rb  kmeans  ails2  P≈0.001112
20:44:43 | i 22 | [ Summary ] cost=257174.00  Δ_S*=+0.00%  Δ_BKS=+0.30%  Δ_S*_BKS=+0.30%  no_improve=0
20:44:43 | i 23 | [HAOS ROLL] k=12  λ=0.2  rb  ac_avg  filo2  P≈0.000467
20:44:44 | i 23 | [Phase 1/3] decompose  0.76s / — / —  λ=0.2  rb ac_avg
20:45:33 | i 23 | [Phase 2/3] route  49.13s / 34.20s / 143.7%  filo2  k=12
20:45:48 | i 22 | [ ASYNC BG] bg_ails  65.01s / 60.00s / 108.4%
20:45:48 | i 23 | [HAOS ROLL] k=12  λ=0.2  rb  ac_avg  filo2  P≈0.000467
20:45:48 | i 23 | [ Summary ] cost=261809.00  Δ_S*=+1.80%  Δ_BKS=+2.10%  Δ_S*_BKS=+0.30%  no_improve=2
20:45:48 | i 24 | [HAOS ROLL] k=3  λ=0.8  rb  kmeans  filo2  P≈0.001476
20:45:49 | i 24 | [Phase 1/3] decompose  0.79s / — / —  λ=0.8  rb kmeans
20:47:04 | i 24 | [Phase 2/3] route  75.17s / 75.36s / 99.7%  filo2  k=3
20:47:04 | i 23 | [ ASYNC BG] bg_ails  64.97s / 60.00s / 108.3%
20:47:04 | i 24 | [HAOS ROLL] k=3  λ=0.8  rb  kmeans  filo2  P≈0.001476
20:47:04 | i 24 | [ Summary ] cost=258756.00  Δ_S*=+0.62%  Δ_BKS=+0.91%  Δ_S*_BKS=+0.30%  no_improve=4
20:47:04 | i 25 | [HAOS ROLL] k=12  λ=0.2  rb  ac_complete  filo2  P≈0.001957
20:47:05 | i 25 | [Phase 1/3] decompose  0.74s / — / —  λ=0.2  rb ac_complete
20:47:39 | i 25 | [Phase 2/3] route  34.11s / 32.10s / 106.3%  filo2  k=12
20:48:22 | i 24 | [ ASYNC BG] bg_ails  77.96s / 73.55s / 106.0%
20:48:22 | i 25 | [HAOS ROLL] k=12  λ=0.2  rb  ac_complete  filo2  P≈0.001957
20:48:22 | i 25 | [ Summary ] cost=260763.00  Δ_S*=+1.40%  Δ_BKS=+1.69%  Δ_S*_BKS=+0.30%  no_improve=6
20:48:22 | i 26 | [HAOS ROLL] k=12  λ=0.6  vb  ac_complete  ails2  P≈0.002016
20:48:23 | i 26 | [Phase 1/3] decompose  1.03s / — / —  λ=0.6  vb ac_complete
20:49:18 | i 26 | [Phase 2/3] route  55.01s / 29.28s / 187.9%  ails2  k=12
20:49:27 | i 25 | [ ASYNC BG] bg_ails  65.06s / 60.00s / 108.4%
20:49:27 | i 26 | [HAOS ROLL] k=12  λ=0.6  vb  ac_complete  ails2  P≈0.002016
20:49:27 | i 26 | [ Summary ] cost=262098.00  Δ_S*=+1.91%  Δ_BKS=+2.22%  Δ_S*_BKS=+0.30%  no_improve=8
20:49:27 | i 27 | [HAOS ROLL] k=4  λ=0.6  rb  ac_avg  filo  P≈0.001432
20:49:28 | i 27 | [Phase 1/3] decompose  0.75s / — / —  λ=0.6  rb ac_avg
20:50:57 | i 27 | [Phase 2/3] route  89.20s / 89.22s / 100.0%  filo  k=4
20:50:57 | i 26 | [ ASYNC BG] bg_ails  65.00s / 60.00s / 108.3%
20:50:57 | i 27 | [HAOS ROLL] k=4  λ=0.6  rb  ac_avg  filo  P≈0.001432
20:50:57 | i 27 | [ Summary ] cost=259038.00  Δ_S*=+0.72%  Δ_BKS=+1.02%  Δ_S*_BKS=+0.30%  no_improve=10
20:50:57 | i 28 | [HAOS ROLL] k=12  λ=0.6  rb  kmeans  ails2  P≈0.009220
20:50:58 | i 28 | [Phase 1/3] decompose  0.73s / — / —  λ=0.6  rb kmeans
20:51:43 | i 28 | [Phase 2/3] route  44.76s / 27.00s / 165.8%  ails2  k=12
20:52:29 | i 27 | [ ASYNC BG] bg_ails  92.08s / 87.08s / 105.7%
20:52:29 | i 28 | [HAOS ROLL] k=12  λ=0.6  rb  kmeans  ails2  P≈0.009220
20:52:29 | i 28 | [ Summary ] cost=257275.00  Δ_S*=+0.04%  Δ_BKS=+0.33%  Δ_S*_BKS=+0.30%  no_improve=12
20:52:29 | i 29 | [HAOS ROLL] k=12  λ=0.6  vb  kmedoids  filo  P≈0.001630
20:52:31 | i 29 | [Phase 1/3] decompose  1.38s / — / —  λ=0.6  vb kmedoids
20:53:12 | i 29 | [Phase 2/3] route  41.13s / 28.74s / 143.1%  filo  k=12
20:53:34 | i 28 | [ ASYNC BG] bg_ails  65.14s / 60.00s / 108.6%
20:53:34 | i 29 | [HAOS ROLL] k=12  λ=0.6  vb  kmedoids  filo  P≈0.001630
20:53:34 | i 29 | [ Summary ] cost=264201.00  Δ_S*=+2.73%  Δ_BKS=+3.04%  Δ_S*_BKS=+0.30%  no_improve=14
20:53:34 | i 30 | [HAOS ROLL] k=12  λ=0.6  rb  ac_avg  filo2  P≈0.004647
20:53:35 | i 30 | [Phase 1/3] decompose  0.73s / — / —  λ=0.6  rb ac_avg
20:54:24 | i 30 | [Phase 2/3] route  49.12s / 34.20s / 143.6%  filo2  k=12
20:54:39 | i 29 | [ ASYNC BG] bg_ails  64.85s / 60.00s / 108.1%
20:54:39 | i 30 | [HAOS ROLL] k=12  λ=0.6  rb  ac_avg  filo2  P≈0.004647
20:54:39 | i 30 | [ Summary ] cost=260379.00  Δ_S*=+1.25%  Δ_BKS=+1.55%  Δ_S*_BKS=+0.30%  no_improve=16
20:54:39 | i 31 | [HAOS ROLL] k=4  λ=0.6  rb  kmeans  filo  P≈0.005564
20:54:40 | i 31 | [Phase 1/3] decompose  0.79s / — / —  λ=0.6  rb kmeans
20:55:42 | i 31 | [Phase 2/3] route  62.14s / 61.50s / 101.0%  filo  k=4
20:55:44 | i 30 | [ ASYNC BG] bg_ails  64.94s / 60.00s / 108.2%
20:55:44 | i 31 | [HAOS ROLL] k=4  λ=0.6  rb  kmeans  filo  P≈0.005564
20:55:44 | i 31 | [ Summary ] cost=259190.00  Δ_S*=+0.78%  Δ_BKS=+1.08%  Δ_S*_BKS=+0.30%  no_improve=18
20:55:44 | i 32 | [HAOS ROLL] k=8  λ=0.0  rb  ac_complete  filo  P≈0.000431
20:55:45 | i 32 | [Phase 1/3] decompose  0.59s / — / —  λ=0.0  rb ac_complete
20:56:32 | i 32 | [Phase 2/3] route  47.14s / 47.04s / 100.2%  filo  k=8
20:56:49 | i 31 | [ ASYNC BG] bg_ails  64.95s / 60.02s / 108.2%
20:56:49 | i 32 | [HAOS ROLL] k=8  λ=0.0  rb  ac_complete  filo  P≈0.000431
20:56:49 | i 32 | [ Summary ] cost=259622.00  Δ_S*=+0.95%  Δ_BKS=+1.25%  Δ_S*_BKS=+0.30%  no_improve=20
20:56:49 | i 33 | [HAOS ROLL] k=12  λ=0.0  vb  ac_avg  filo2  P≈0.000441
20:56:50 | i 33 | [Phase 1/3] decompose  0.85s / — / —  λ=0.0  vb ac_avg
20:57:28 | i 33 | [Phase 2/3] route  38.13s / 37.74s / 101.0%  filo2  k=12
20:57:54 | i 32 | [ ASYNC BG] bg_ails  64.83s / 60.43s / 107.3%
20:57:54 | i 33 | [HAOS ROLL] k=12  λ=0.0  vb  ac_avg  filo2  P≈0.000441
20:57:54 | i 33 | [ Summary ] cost=263785.00  Δ_S*=+2.57%  Δ_BKS=+2.87%  Δ_S*_BKS=+0.30%  no_improve=22
20:57:54 | i 34 | [HAOS ROLL] k=4  λ=0.8  rb  kmeans  filo  P≈0.002666
20:57:55 | i 34 | [Phase 1/3] decompose  0.77s / — / —  λ=0.8  rb kmeans
20:58:58 | i 34 | [Phase 2/3] route  63.16s / 63.18s / 100.0%  filo  k=4
20:58:59 | i 33 | [ ASYNC BG] bg_ails  65.05s / 60.00s / 108.4%
20:58:59 | i 34 | [HAOS ROLL] k=4  λ=0.8  rb  kmeans  filo  P≈0.002666
20:58:59 | i 34 | [ Summary ] cost=259083.00  Δ_S*=+0.74%  Δ_BKS=+1.04%  Δ_S*_BKS=+0.30%  no_improve=24
20:58:59 | i 35 | [HAOS ROLL] k=12  λ=0.6  rb  kmeans  filo2  P≈0.011178
20:59:00 | i 35 | [Phase 1/3] decompose  0.72s / — / —  λ=0.6  rb kmeans
20:59:37 | i 35 | [Phase 2/3] route  37.11s / 26.82s / 138.4%  filo2  k=12
21:00:05 | i 34 | [ ASYNC BG] bg_ails  65.92s / 61.66s / 106.9%
21:00:05 | i 35 | [HAOS ROLL] k=12  λ=0.6  rb  kmeans  filo2  P≈0.011178
21:00:05 | i 35 | [ Summary ] cost=259679.00  Δ_S*=+0.97%  Δ_BKS=+1.27%  Δ_S*_BKS=+0.30%  no_improve=26
21:00:05 | i 19 | [ASYNC 1/2] sp_sc  743.44s / 720.00s / 103.3%  SP  avg_coverage=31.12/5  pool=7244
21:00:05 | i 19 | [ASYNC 2/2] standard_ails  364.45s / 360.00s / 101.2%
21:00:58 | i 36 | [HAOS ROLL] k=12  λ=1.0  vb  kmedoids  filo  P≈0.000671
21:00:59 | i 36 | [Phase 1/3] decompose  1.01s / — / —  λ=1.0  vb kmedoids
21:01:43 | i 36 | [Phase 2/3] route  44.11s / 28.50s / 154.8%  filo  k=12
21:01:43 | i 35 | [ ASYNC BG] bg_ails  65.02s / 60.00s / 108.4%
21:01:43 | i 36 | [HAOS ROLL] k=12  λ=1.0  vb  kmedoids  filo  P≈0.000671
21:01:43 | i 36 | [ Summary ] cost=262482.00  Δ_S*=+2.06%  Δ_BKS=+2.37%  Δ_S*_BKS=+0.30%  no_improve=29
21:01:43 | i 37 | [HAOS ROLL] k=4  λ=0.6  rb  kmeans  filo2  P≈0.007794
21:01:44 | i 37 | [Phase 1/3] decompose  0.74s / — / —  λ=0.6  rb kmeans
21:02:47 | i 37 | [Phase 2/3] route  63.17s / 63.18s / 100.0%  filo2  k=4
21:02:48 | i 36 | [ ASYNC BG] bg_ails  65.04s / 60.00s / 108.4%
21:02:48 | i 37 | [HAOS ROLL] k=4  λ=0.6  rb  kmeans  filo2  P≈0.007794
21:02:48 | i 37 | [ Summary ] cost=258829.00  Δ_S*=+0.64%  Δ_BKS=+0.94%  Δ_S*_BKS=+0.30%  no_improve=31
21:02:48 | i 38 | [HAOS ROLL] k=6  λ=0.6  vb  fcm  filo  P≈0.000858
21:02:49 | i 38 | [Phase 1/3] decompose  0.85s / — / —  λ=0.6  vb fcm
21:03:29 | i 38 | [Phase 2/3] route  40.14s / 39.60s / 101.4%  filo  k=6
21:03:54 | i 37 | [ ASYNC BG] bg_ails  65.87s / 61.66s / 106.8%
21:03:54 | i 38 | [HAOS ROLL] k=6  λ=0.6  vb  fcm  filo  P≈0.000858
21:03:54 | i 38 | [ Summary ] cost=260310.00  Δ_S*=+1.22%  Δ_BKS=+1.52%  Δ_S*_BKS=+0.30%  no_improve=33
21:03:54 | i 39 | [HAOS ROLL] k=12  λ=0.0  rb  kmeans  filo  P≈0.006713
21:03:55 | i 39 | [Phase 1/3] decompose  0.56s / — / —  λ=0.0  rb kmeans
21:04:41 | i 39 | [Phase 2/3] route  46.13s / 32.10s / 143.7%  filo  k=12
21:04:59 | i 38 | [ ASYNC BG] bg_ails  65.13s / 60.00s / 108.5%
21:04:59 | i 39 | [HAOS ROLL] k=12  λ=0.0  rb  kmeans  filo  P≈0.006713
21:04:59 | i 39 | [ Summary ] cost=260973.00  Δ_S*=+1.48%  Δ_BKS=+1.78%  Δ_S*_BKS=+0.30%  no_improve=35
21:04:59 | i 40 | [HAOS ROLL] k=12  λ=0.6  rb  ac_complete  pyvrp  P≈0.002168
21:05:00 | i 40 | [Phase 1/3] decompose  0.74s / — / —  λ=0.6  rb ac_complete
21:05:35 | i 40 | [Phase 2/3] route  34.58s / 32.10s / 107.7%  pyvrp  k=12
21:06:04 | i 39 | [ ASYNC BG] bg_ails  64.83s / 60.00s / 108.0%
21:06:04 | i 40 | [HAOS ROLL] k=12  λ=0.6  rb  ac_complete  pyvrp  P≈0.002168
21:06:04 | i 40 | [ Summary ] cost=261066.00  Δ_S*=+1.51%  Δ_BKS=+1.81%  Δ_S*_BKS=+0.30%  no_improve=37
21:06:04 | i 41 | [HAOS ROLL] k=4  λ=0.6  rb  kmeans  filo  P≈0.013850
21:06:05 | i 41 | [Phase 1/3] decompose  0.74s / — / —  λ=0.6  rb kmeans
21:07:06 | i 41 | [Phase 2/3] route  61.15s / 61.26s / 99.8%  filo  k=4
21:07:09 | i 40 | [ ASYNC BG] bg_ails  65.00s / 60.00s / 108.3%
21:07:09 | i 41 | [HAOS ROLL] k=4  λ=0.6  rb  kmeans  filo  P≈0.013850
21:07:09 | i 41 | [ Summary ] cost=259259.00  Δ_S*=+0.81%  Δ_BKS=+1.11%  Δ_S*_BKS=+0.30%  no_improve=39
21:07:09 | i 42 | [HAOS ROLL] k=10  λ=0.6  rb  ac_complete  ails2  P≈0.001234
21:07:10 | i 42 | [Phase 1/3] decompose  0.73s / — / —  λ=0.6  rb ac_complete
21:07:47 | i 42 | [Phase 2/3] route  36.88s / 32.10s / 114.9%  ails2  k=10
21:08:14 | i 41 | [ ASYNC BG] bg_ails  64.99s / 60.00s / 108.3%
21:08:14 | i 42 | [HAOS ROLL] k=10  λ=0.6  rb  ac_complete  ails2  P≈0.001234
21:08:14 | i 42 | [ Summary ] cost=257264.00  Δ_S*=+0.03%  Δ_BKS=+0.33%  Δ_S*_BKS=+0.30%  no_improve=41
21:08:14 | i 43 | [HAOS ROLL] k=2  λ=0.2  rb  ac_complete  filo  P≈0.000612
21:08:15 | i 43 | [Phase 1/3] decompose  0.74s / — / —  λ=0.2  rb ac_complete
21:10:04 | i 43 | [Phase 2/3] route  109.27s / 108.96s / 100.3%  filo  k=2
21:10:04 | i 42 | [ ASYNC BG] bg_ails  64.96s / 60.00s / 108.3%
21:10:04 | i 43 | [HAOS ROLL] k=2  λ=0.2  rb  ac_complete  filo  P≈0.000612
21:10:05 | i 43 | [ Summary ] cost=258291.00  Δ_S*=+0.43%  Δ_BKS=+0.73%  Δ_S*_BKS=+0.30%  no_improve=43
21:10:05 | i 36 | [ASYNC 1/2] sp_sc  91.93s / 720.00s / 12.8%  SP  avg_coverage=42.79/5  pool=10000
21:10:05 | i 36 | [ASYNC 2/2] standard_ails  364.42s / 360.00s / 101.2%
21:10:57 | i 36 | [ IMPROVE ] 257002.00  via standard_ails  ·  Δ_BKS=+0.23%
21:10:57 | i 44 | [HAOS ROLL] k=4  λ=0.6  rb  ac_avg  filo2  P≈0.002060
21:10:57 | i 44 | [Phase 1/3] decompose  0.73s / — / —  λ=0.6  rb ac_avg
21:12:30 | i 44 | [Phase 2/3] route  92.21s / 92.28s / 99.9%  filo2  k=4
21:12:30 | i 43 | [ ASYNC BG] bg_ails  111.31s / 106.34s / 104.7%
21:12:30 | i 44 | [HAOS ROLL] k=4  λ=0.6  rb  ac_avg  filo2  P≈0.002060
21:12:30 | i 44 | [ Summary ] cost=259034.00  Δ_S*=+0.79%  Δ_BKS=+1.02%  Δ_S*_BKS=+0.23%  no_improve=2
21:12:30 | i 45 | [HAOS ROLL] k=2  λ=0.6  rb  kmeans  filo  P≈0.005810
21:12:31 | i 45 | [Phase 1/3] decompose  0.73s / — / —  λ=0.6  rb kmeans
21:14:13 | i 45 | [Phase 2/3] route  102.26s / 102.18s / 100.1%  filo  k=2
21:14:13 | i 44 | [ ASYNC BG] bg_ails  95.47s / 90.07s / 106.0%
21:14:14 | i 45 | [HAOS ROLL] k=2  λ=0.6  rb  kmeans  filo  P≈0.005810
21:14:14 | i 45 | [ Summary ] cost=258328.00  Δ_S*=+0.52%  Δ_BKS=+0.75%  Δ_S*_BKS=+0.23%  no_improve=4
21:14:14 | i 46 | [HAOS ROLL] k=4  λ=0.6  rb  ac_complete  filo  P≈0.010986
21:14:14 | i 46 | [Phase 1/3] decompose  0.73s / — / —  λ=0.6  rb ac_complete
21:15:20 | i 46 | [Phase 2/3] route  65.16s / 64.86s / 100.5%  filo  k=4
21:15:57 | i 45 | [ ASYNC BG] bg_ails  104.05s / 99.73s / 104.3%
21:15:58 | i 46 | [HAOS ROLL] k=4  λ=0.6  rb  ac_complete  filo  P≈0.010986
21:15:58 | i 46 | [ Summary ] cost=259530.00  Δ_S*=+0.98%  Δ_BKS=+1.21%  Δ_S*_BKS=+0.23%  no_improve=6
21:15:58 | i 47 | [HAOS ROLL] k=12  λ=0.2  rb  ac_complete  pyvrp  P≈0.000710
21:15:59 | i 47 | [Phase 1/3] decompose  0.73s / — / —  λ=0.2  rb ac_complete
21:16:42 | i 47 | [Phase 2/3] route  43.91s / 31.38s / 139.9%  pyvrp  k=12
21:17:05 | i 46 | [ ASYNC BG] bg_ails  67.99s / 63.30s / 107.4%
21:17:06 | i 47 | [HAOS ROLL] k=12  λ=0.2  rb  ac_complete  pyvrp  P≈0.000710
21:17:06 | i 47 | [ Summary ] cost=260838.00  Δ_S*=+1.49%  Δ_BKS=+1.72%  Δ_S*_BKS=+0.23%  no_improve=8
21:17:06 | i 48 | [HAOS ROLL] k=3  λ=0.6  vb  ac_complete  pyvrp  P≈0.000657
21:17:07 | i 48 | [Phase 1/3] decompose  0.98s / — / —  λ=0.6  vb ac_complete
21:18:48 | i 48 | [Phase 2/3] route  101.19s / 93.18s / 108.6%  pyvrp  k=3
21:18:48 | i 47 | [ ASYNC BG] bg_ails  65.06s / 60.00s / 108.4%
21:18:48 | i 48 | [HAOS ROLL] k=3  λ=0.6  vb  ac_complete  pyvrp  P≈0.000657
21:18:48 | i 48 | [ Summary ] cost=263205.00  Δ_S*=+2.41%  Δ_BKS=+2.65%  Δ_S*_BKS=+0.23%  no_improve=10
21:18:48 | i 49 | [HAOS ROLL] k=6  λ=0.8  rb  kmeans  filo  P≈0.001455
21:18:49 | i 49 | [Phase 1/3] decompose  0.73s / — / —  λ=0.8  rb kmeans
21:19:29 | i 49 | [Phase 2/3] route  40.12s / 40.38s / 99.4%  filo  k=6
21:20:23 | i 48 | [ ASYNC BG] bg_ails  94.87s / 90.94s / 104.3%
21:20:23 | i 49 | [HAOS ROLL] k=6  λ=0.8  rb  kmeans  filo  P≈0.001455
21:20:23 | i 49 | [ Summary ] cost=260755.00  Δ_S*=+1.46%  Δ_BKS=+1.69%  Δ_S*_BKS=+0.23%  no_improve=12
21:20:23 | i 50 | [HAOS ROLL] k=12  λ=0.6  vb  ac_avg  filo  P≈0.002824
21:20:24 | i 50 | [Phase 1/3] decompose  1.07s / — / —  λ=0.6  vb ac_avg
21:21:11 | i 50 | [Phase 2/3] route  46.12s / 45.72s / 100.9%  filo  k=12
21:21:28 | i 49 | [ ASYNC BG] bg_ails  64.98s / 60.00s / 108.3%
21:21:28 | i 50 | [HAOS ROLL] k=12  λ=0.6  vb  ac_avg  filo  P≈0.002824
21:21:28 | i 50 | [ Summary ] cost=262044.00  Δ_S*=+1.96%  Δ_BKS=+2.19%  Δ_S*_BKS=+0.23%  no_improve=14
21:21:28 | i 51 | [HAOS ROLL] k=3  λ=0.4  rb  kmeans  filo  P≈0.001310
21:21:29 | i 51 | [Phase 1/3] decompose  0.76s / — / —  λ=0.4  rb kmeans
21:22:42 | i 51 | [Phase 2/3] route  73.16s / 73.44s / 99.6%  filo  k=3
21:22:42 | i 50 | [ ASYNC BG] bg_ails  65.07s / 60.00s / 108.5%
21:22:43 | i 51 | [HAOS ROLL] k=3  λ=0.4  rb  kmeans  filo  P≈0.001310
21:22:43 | i 51 | [ Summary ] cost=258791.00  Δ_S*=+0.70%  Δ_BKS=+0.93%  Δ_S*_BKS=+0.23%  no_improve=16
21:22:43 | i 52 | [HAOS ROLL] k=12  λ=0.6  rb  ac_complete  filo2  P≈0.006789
21:22:44 | i 52 | [Phase 1/3] decompose  0.75s / — / —  λ=0.6  rb ac_complete
21:23:26 | i 52 | [Phase 2/3] route  42.14s / 31.38s / 134.3%  filo2  k=12
21:23:58 | i 51 | [ ASYNC BG] bg_ails  75.96s / 71.68s / 106.0%
21:23:59 | i 52 | [HAOS ROLL] k=12  λ=0.6  rb  ac_complete  filo2  P≈0.006789
21:23:59 | i 52 | [ Summary ] cost=259425.00  Δ_S*=+0.94%  Δ_BKS=+1.17%  Δ_S*_BKS=+0.23%  no_improve=18
21:23:59 | i 53 | [HAOS ROLL] k=2  λ=1.0  rb  kmeans  ails2  P≈0.000888
21:24:00 | i 53 | [Phase 1/3] decompose  0.72s / — / —  λ=1.0  rb kmeans
21:25:44 | i 53 | [Phase 2/3] route  104.38s / 102.12s / 102.2%  ails2  k=2
21:25:44 | i 52 | [ ASYNC BG] bg_ails  65.07s / 60.00s / 108.4%
21:25:44 | i 53 | [HAOS ROLL] k=2  λ=1.0  rb  kmeans  ails2  P≈0.000888
21:25:44 | i 53 | [ Summary ] cost=257795.00  Δ_S*=+0.31%  Δ_BKS=+0.54%  Δ_S*_BKS=+0.23%  no_improve=20
21:25:44 | i 54 | [HAOS ROLL] k=4  λ=1.0  rb  ac_complete  pyvrp  P≈0.000751
21:25:45 | i 54 | [Phase 1/3] decompose  0.76s / — / —  λ=1.0  rb ac_complete
21:26:54 | i 54 | [Phase 2/3] route  68.65s / 64.86s / 105.8%  pyvrp  k=4
21:27:28 | i 53 | [ ASYNC BG] bg_ails  104.01s / 99.67s / 104.4%
21:27:28 | i 54 | [HAOS ROLL] k=4  λ=1.0  rb  ac_complete  pyvrp  P≈0.000751
21:27:28 | i 54 | [ Summary ] cost=263451.00  Δ_S*=+2.51%  Δ_BKS=+2.74%  Δ_S*_BKS=+0.23%  no_improve=22
21:27:28 | i 55 | [HAOS ROLL] k=4  λ=0.6  vb  kmedoids  ails2  P≈0.001254
21:27:29 | i 55 | [Phase 1/3] decompose  1.03s / — / —  λ=0.6  vb kmedoids
21:28:30 | i 55 | [Phase 2/3] route  60.18s / 58.26s / 103.3%  ails2  k=4
21:28:36 | i 54 | [ ASYNC BG] bg_ails  67.93s / 63.30s / 107.3%
21:28:36 | i 55 | [HAOS ROLL] k=4  λ=0.6  vb  kmedoids  ails2  P≈0.001254
21:28:36 | i 55 | [ Summary ] cost=258004.00  Δ_S*=+0.39%  Δ_BKS=+0.62%  Δ_S*_BKS=+0.23%  no_improve=24
21:28:36 | i 56 | [HAOS ROLL] k=4  λ=0.6  rb  kmeans  pyvrp  P≈0.005734
21:28:37 | i 56 | [Phase 1/3] decompose  0.75s / — / —  λ=0.6  rb kmeans
21:29:43 | i 56 | [Phase 2/3] route  66.30s / 62.76s / 105.6%  pyvrp  k=4
21:29:43 | i 55 | [ ASYNC BG] bg_ails  65.11s / 60.00s / 108.5%
21:29:44 | i 56 | [HAOS ROLL] k=4  λ=0.6  rb  kmeans  pyvrp  P≈0.005734
21:29:44 | i 56 | [ Summary ] cost=263296.00  Δ_S*=+2.45%  Δ_BKS=+2.68%  Δ_S*_BKS=+0.23%  no_improve=26
21:29:44 | i 57 | [HAOS ROLL] k=10  λ=0.0  vb  ac_complete  filo  P≈0.000159
21:29:45 | i 57 | [Phase 1/3] decompose  0.82s / — / —  λ=0.0  vb ac_complete
21:30:24 | i 57 | [Phase 2/3] route  39.14s / 39.00s / 100.4%  filo  k=10
21:30:50 | i 56 | [ ASYNC BG] bg_ails  66.55s / 61.25s / 108.6%
21:30:50 | i 57 | [HAOS ROLL] k=10  λ=0.0  vb  ac_complete  filo  P≈0.000159
21:30:50 | i 57 | [ Summary ] cost=262724.00  Δ_S*=+2.23%  Δ_BKS=+2.46%  Δ_S*_BKS=+0.23%  no_improve=28
21:30:50 | i 51 | [ASYNC 1/2] sp_sc  82.20s / 720.00s / 11.4%  SP  avg_coverage=42.58/5  pool=10000
21:30:50 | i 51 | [ASYNC 2/2] standard_ails  364.50s / 360.00s / 101.2%
21:31:43 | i 58 | [HAOS ROLL] k=3  λ=1.0  rb  kmeans  filo  P≈0.002142
21:31:44 | i 58 | [Phase 1/3] decompose  0.77s / — / —  λ=1.0  rb kmeans
21:32:57 | i 58 | [Phase 2/3] route  73.18s / 73.44s / 99.6%  filo  k=3
21:32:57 | i 57 | [ ASYNC BG] bg_ails  64.85s / 60.00s / 108.1%
21:32:58 | i 58 | [HAOS ROLL] k=3  λ=1.0  rb  kmeans  filo  P≈0.002142
21:32:58 | i 58 | [ Summary ] cost=258992.00  Δ_S*=+0.77%  Δ_BKS=+1.00%  Δ_S*_BKS=+0.23%  no_improve=31
21:32:58 | i 59 | [HAOS ROLL] k=4  λ=1.0  rb  ac_complete  filo  P≈0.002813
21:32:59 | i 59 | [Phase 1/3] decompose  0.73s / — / —  λ=1.0  rb ac_complete
21:34:04 | i 59 | [Phase 2/3] route  65.17s / 64.86s / 100.5%  filo  k=4
21:34:14 | i 58 | [ ASYNC BG] bg_ails  76.54s / 71.68s / 106.8%
21:34:14 | i 59 | [HAOS ROLL] k=4  λ=1.0  rb  ac_complete  filo  P≈0.002813
21:34:14 | i 59 | [ Summary ] cost=259490.00  Δ_S*=+0.97%  Δ_BKS=+1.20%  Δ_S*_BKS=+0.23%  no_improve=33
21:34:14 | i 60 | [HAOS ROLL] k=3  λ=0.6  rb  ac_complete  pyvrp  P≈0.002917
21:34:15 | i 60 | [Phase 1/3] decompose  0.73s / — / —  λ=0.6  rb ac_complete
21:35:43 | i 60 | [Phase 2/3] route  88.36s / 82.38s / 107.3%  pyvrp  k=3
21:35:44 | i 59 | [ ASYNC BG] bg_ails  68.39s / 63.30s / 108.0%
21:35:44 | i 60 | [HAOS ROLL] k=3  λ=0.6  rb  ac_complete  pyvrp  P≈0.002917
21:35:44 | i 60 | [ Summary ] cost=263149.00  Δ_S*=+2.39%  Δ_BKS=+2.63%  Δ_S*_BKS=+0.23%  no_improve=35
21:35:44 | i 61 | [HAOS ROLL] k=12  λ=0.6  vb  ac_avg  filo2  P≈0.000865
21:35:45 | i 61 | [Phase 1/3] decompose  1.01s / — / —  λ=0.6  vb ac_avg
21:36:31 | i 61 | [Phase 2/3] route  46.13s / 45.72s / 100.9%  filo2  k=12
21:37:09 | i 60 | [ ASYNC BG] bg_ails  85.25s / 80.40s / 106.0%
21:37:09 | i 61 | [HAOS ROLL] k=12  λ=0.6  vb  ac_avg  filo2  P≈0.000865
21:37:09 | i 61 | [ Summary ] cost=261853.00  Δ_S*=+1.89%  Δ_BKS=+2.12%  Δ_S*_BKS=+0.23%  no_improve=37
21:37:09 | i 62 | [HAOS ROLL] k=12  λ=0.6  vb  ac_avg  filo  P≈0.001985
21:37:10 | i 62 | [Phase 1/3] decompose  1.00s / — / —  λ=0.6  vb ac_avg
21:37:56 | i 62 | [Phase 2/3] route  46.13s / 45.72s / 100.9%  filo  k=12
21:38:14 | i 61 | [ ASYNC BG] bg_ails  64.94s / 60.00s / 108.2%
21:38:14 | i 62 | [HAOS ROLL] k=12  λ=0.6  vb  ac_avg  filo  P≈0.001985
21:38:14 | i 62 | [ Summary ] cost=262106.00  Δ_S*=+1.99%  Δ_BKS=+2.22%  Δ_S*_BKS=+0.23%  no_improve=39
21:38:14 | i 63 | [HAOS ROLL] k=6  λ=0.6  vb  fcm  pyvrp  P≈0.000361
21:38:15 | i 63 | [Phase 1/3] decompose  0.83s / — / —  λ=0.6  vb fcm
21:38:57 | i 63 | [Phase 2/3] route  41.59s / 39.60s / 105.0%  pyvrp  k=6
21:39:19 | i 62 | [ ASYNC BG] bg_ails  65.03s / 60.00s / 108.4%
21:39:19 | i 63 | [HAOS ROLL] k=6  λ=0.6  vb  fcm  pyvrp  P≈0.000361
21:39:19 | i 63 | [ Summary ] cost=263850.00  Δ_S*=+2.66%  Δ_BKS=+2.90%  Δ_S*_BKS=+0.23%  no_improve=41
21:39:19 | i 64 | [HAOS ROLL] k=4  λ=0.6  rb  kmeans  ails2  P≈0.012362
21:39:20 | i 64 | [Phase 1/3] decompose  0.73s / — / —  λ=0.6  rb kmeans
21:40:32 | i 64 | [Phase 2/3] route  72.26s / 70.20s / 102.9%  ails2  k=4
21:40:32 | i 63 | [ ASYNC BG] bg_ails  64.99s / 60.00s / 108.3%
21:40:33 | i 64 | [HAOS ROLL] k=4  λ=0.6  rb  kmeans  ails2  P≈0.012362
21:40:33 | i 64 | [ Summary ] cost=257317.00  Δ_S*=+0.12%  Δ_BKS=+0.35%  Δ_S*_BKS=+0.23%  no_improve=43
21:40:33 | i 65 | [HAOS ROLL] k=4  λ=0.6  vb  fcm  filo  P≈0.003015
21:40:34 | i 65 | [Phase 1/3] decompose  0.82s / — / —  λ=0.6  vb fcm
21:41:33 | i 65 | [Phase 2/3] route  59.15s / 58.74s / 100.7%  filo  k=4
21:41:45 | i 64 | [ ASYNC BG] bg_ails  73.05s / 68.52s / 106.6%
21:41:46 | i 65 | [HAOS ROLL] k=4  λ=0.6  vb  fcm  filo  P≈0.003015
21:41:46 | i 65 | [ Summary ] cost=258947.00  Δ_S*=+0.76%  Δ_BKS=+0.99%  Δ_S*_BKS=+0.23%  no_improve=45
21:41:46 | i 66 | [HAOS ROLL] k=6  λ=0.6  vb  kmeans  ails2  P≈0.001178
21:41:47 | i 66 | [Phase 1/3] decompose  0.76s / — / —  λ=0.6  vb kmeans
21:42:41 | i 66 | [Phase 2/3] route  54.36s / 52.44s / 103.7%  ails2  k=6
21:42:50 | i 65 | [ ASYNC BG] bg_ails  65.01s / 60.00s / 108.4%
21:42:51 | i 66 | [HAOS ROLL] k=6  λ=0.6  vb  kmeans  ails2  P≈0.001178
21:42:51 | i 66 | [ Summary ] cost=259004.00  Δ_S*=+0.78%  Δ_BKS=+1.01%  Δ_S*_BKS=+0.23%  no_improve=47
21:42:51 | i 67 | [HAOS ROLL] k=4  λ=1.0  rb  ac_complete  filo  P≈0.003426
21:42:52 | i 67 | [Phase 1/3] decompose  0.73s / — / —  λ=1.0  rb ac_complete
21:43:57 | i 67 | [Phase 2/3] route  65.17s / 64.86s / 100.5%  filo  k=4
21:43:57 | i 66 | [ ASYNC BG] bg_ails  65.01s / 60.00s / 108.3%
21:43:57 | i 67 | [HAOS ROLL] k=4  λ=1.0  rb  ac_complete  filo  P≈0.003426
21:43:57 | i 67 | [ Summary ] cost=259278.00  Δ_S*=+0.89%  Δ_BKS=+1.12%  Δ_S*_BKS=+0.23%  no_improve=49
21:43:57 | i 68 | [HAOS ROLL] k=12  λ=0.6  vb  kmeans  ails2  P≈0.003626
21:43:58 | i 68 | [Phase 1/3] decompose  0.75s / — / —  λ=0.6  vb kmeans
21:44:38 | i 68 | [Phase 2/3] route  39.78s / 25.80s / 154.2%  ails2  k=12
21:45:05 | i 67 | [ ASYNC BG] bg_ails  67.98s / 63.30s / 107.4%
21:45:05 | i 68 | [HAOS ROLL] k=12  λ=0.6  vb  kmeans  ails2  P≈0.003626
21:45:05 | i 68 | [ Summary ] cost=260974.00  Δ_S*=+1.55%  Δ_BKS=+1.78%  Δ_S*_BKS=+0.23%  no_improve=51
21:45:05 | i 69 | [HAOS ROLL] k=4  λ=0.6  vb  kmedoids  filo  P≈0.002995
21:45:06 | i 69 | [Phase 1/3] decompose  1.02s / — / —  λ=0.6  vb kmedoids
21:46:05 | i 69 | [Phase 2/3] route  58.16s / 58.26s / 99.8%  filo  k=4
21:46:10 | i 68 | [ ASYNC BG] bg_ails  64.99s / 60.00s / 108.3%
21:46:10 | i 69 | [HAOS ROLL] k=4  λ=0.6  vb  kmedoids  filo  P≈0.002995
21:46:10 | i 69 | [ Summary ] cost=259670.00  Δ_S*=+1.04%  Δ_BKS=+1.27%  Δ_S*_BKS=+0.23%  no_improve=53
21:46:10 | i 70 | [HAOS ROLL] k=10  λ=0.4  vb  kmeans  pyvrp  P≈0.000057
21:46:11 | i 70 | [Phase 1/3] decompose  0.74s / — / —  λ=0.4  vb kmeans
21:47:02 | i 70 | [Phase 2/3] route  50.77s / 34.20s / 148.5%  pyvrp  k=10
21:47:15 | i 69 | [ ASYNC BG] bg_ails  64.99s / 60.00s / 108.3%
21:47:15 | i 70 | [HAOS ROLL] k=10  λ=0.4  vb  kmeans  pyvrp  P≈0.000057
21:47:15 | i 70 | [ Summary ] cost=265546.00  Δ_S*=+3.32%  Δ_BKS=+3.56%  Δ_S*_BKS=+0.23%  no_improve=55
21:47:15 | i 71 | [HAOS ROLL] k=12  λ=0.4  rb  kmeans  ails2  P≈0.001683
21:47:16 | i 71 | [Phase 1/3] decompose  0.75s / — / —  λ=0.4  rb kmeans
21:48:03 | i 71 | [Phase 2/3] route  47.09s / 25.14s / 187.3%  ails2  k=12
21:48:20 | i 70 | [ ASYNC BG] bg_ails  65.13s / 60.00s / 108.5%
21:48:20 | i 71 | [HAOS ROLL] k=12  λ=0.4  rb  kmeans  ails2  P≈0.001683
21:48:20 | i 71 | [ Summary ] cost=257060.00  Δ_S*=+0.02%  Δ_BKS=+0.25%  Δ_S*_BKS=+0.23%  no_improve=57
21:48:20 | i 72 | [HAOS ROLL] k=10  λ=0.4  rb  ac_complete  pyvrp  P≈0.000355
21:48:21 | i 72 | [Phase 1/3] decompose  0.75s / — / —  λ=0.4  rb ac_complete
21:49:06 | i 72 | [Phase 2/3] route  44.46s / 42.54s / 104.5%  pyvrp  k=10
21:49:25 | i 71 | [ ASYNC BG] bg_ails  65.04s / 60.00s / 108.4%
21:49:25 | i 72 | [HAOS ROLL] k=10  λ=0.4  rb  ac_complete  pyvrp  P≈0.000355
21:49:25 | i 72 | [ Summary ] cost=261852.00  Δ_S*=+1.89%  Δ_BKS=+2.12%  Δ_S*_BKS=+0.23%  no_improve=59
21:49:25 | i 73 | [HAOS ROLL] k=6  λ=0.6  rb  ac_avg  pyvrp  P≈0.000709
21:49:26 | i 73 | [Phase 1/3] decompose  0.73s / — / —  λ=0.6  rb ac_avg
21:50:34 | i 73 | [Phase 2/3] route  67.67s / 63.78s / 106.1%  pyvrp  k=6
21:50:34 | i 72 | [ ASYNC BG] bg_ails  65.02s / 60.00s / 108.4%
21:50:34 | i 73 | [HAOS ROLL] k=6  λ=0.6  rb  ac_avg  pyvrp  P≈0.000709
21:50:34 | i 73 | [ Summary ] cost=262955.00  Δ_S*=+2.32%  Δ_BKS=+2.55%  Δ_S*_BKS=+0.23%  no_improve=61
21:50:34 | i 66 | [ASYNC 1/2] sp_sc  64.24s / 720.00s / 8.9%  SP  avg_coverage=42.51/5  pool=10000
21:50:34 | i 66 | [ASYNC 2/2] standard_ails  364.62s / 360.00s / 101.3%
21:51:27 | i 74 | [HAOS ROLL] k=4  λ=0.6  vb  kmedoids  pyvrp  P≈0.001962
21:51:28 | i 74 | [Phase 1/3] decompose  1.01s / — / —  λ=0.6  vb kmedoids
21:52:29 | i 74 | [Phase 2/3] route  61.43s / 58.26s / 105.4%  pyvrp  k=4
21:52:29 | i 73 | [ ASYNC BG] bg_ails  67.47s / 62.25s / 108.4%
21:52:29 | i 74 | [HAOS ROLL] k=4  λ=0.6  vb  kmedoids  pyvrp  P≈0.001962
21:52:30 | i 74 | [ Summary ] cost=263536.00  Δ_S*=+2.54%  Δ_BKS=+2.78%  Δ_S*_BKS=+0.23%  no_improve=64
21:52:30 | i 75 | [HAOS ROLL] k=10  λ=0.4  rb  ac_avg  filo  P≈0.000255
21:52:30 | i 75 | [Phase 1/3] decompose  0.75s / — / —  λ=0.4  rb ac_avg
21:53:08 | i 75 | [Phase 2/3] route  38.13s / 38.34s / 99.5%  filo  k=10
21:53:35 | i 74 | [ ASYNC BG] bg_ails  65.53s / 60.00s / 109.2%
21:53:35 | i 75 | [HAOS ROLL] k=10  λ=0.4  rb  ac_avg  filo  P≈0.000255
21:53:35 | i 75 | [ Summary ] cost=259931.00  Δ_S*=+1.14%  Δ_BKS=+1.37%  Δ_S*_BKS=+0.23%  no_improve=66
21:53:35 | i 76 | [HAOS ROLL] k=3  λ=0.0  rb  ac_avg  filo  P≈0.000189
21:53:36 | i 76 | [Phase 1/3] decompose  0.57s / — / —  λ=0.0  rb ac_avg
21:55:08 | i 76 | [Phase 2/3] route  92.23s / 92.28s / 99.9%  filo  k=3
21:55:08 | i 75 | [ ASYNC BG] bg_ails  65.08s / 60.00s / 108.5%
21:55:08 | i 76 | [HAOS ROLL] k=3  λ=0.0  rb  ac_avg  filo  P≈0.000189
21:55:09 | i 76 | [ Summary ] cost=258415.00  Δ_S*=+0.55%  Δ_BKS=+0.78%  Δ_S*_BKS=+0.23%  no_improve=68
21:55:09 | i 77 | [HAOS ROLL] k=4  λ=0.2  vb  ac_avg  filo2  P≈0.000149
21:55:10 | i 77 | [Phase 1/3] decompose  1.04s / — / —  λ=0.2  vb ac_avg
21:56:31 | i 77 | [Phase 2/3] route  81.22s / 80.88s / 100.4%  filo2  k=4
21:56:43 | i 76 | [ ASYNC BG] bg_ails  95.28s / 90.07s / 105.8%
21:56:44 | i 77 | [HAOS ROLL] k=4  λ=0.2  vb  ac_avg  filo2  P≈0.000149
21:56:44 | i 77 | [ Summary ] cost=258444.00  Δ_S*=+0.56%  Δ_BKS=+0.79%  Δ_S*_BKS=+0.23%  no_improve=70
21:56:44 | i 78 | [HAOS ROLL] k=4  λ=1.0  rb  ac_complete  filo  P≈0.002251
21:56:45 | i 78 | [Phase 1/3] decompose  0.83s / — / —  λ=1.0  rb ac_complete
21:57:50 | i 78 | [Phase 2/3] route  65.17s / 64.86s / 100.5%  filo  k=4
21:58:07 | i 77 | [ ASYNC BG] bg_ails  83.49s / 78.94s / 105.8%
21:58:07 | i 78 | [HAOS ROLL] k=4  λ=1.0  rb  ac_complete  filo  P≈0.002251
21:58:07 | i 78 | [ Summary ] cost=259310.00  Δ_S*=+0.90%  Δ_BKS=+1.13%  Δ_S*_BKS=+0.23%  no_improve=72
21:58:07 | i 79 | [HAOS ROLL] k=3  λ=0.6  rb  kmeans  pyvrp  P≈0.003217
21:58:08 | i 79 | [Phase 1/3] decompose  0.72s / — / —  λ=0.6  rb kmeans
21:59:26 | i 79 | [Phase 2/3] route  78.03s / 72.66s / 107.4%  pyvrp  k=3
21:59:26 | i 78 | [ ASYNC BG] bg_ails  68.10s / 63.30s / 107.6%
21:59:26 | i 79 | [HAOS ROLL] k=3  λ=0.6  rb  kmeans  pyvrp  P≈0.003217
21:59:27 | i 79 | [ Summary ] cost=263761.00  Δ_S*=+2.63%  Δ_BKS=+2.86%  Δ_S*_BKS=+0.23%  no_improve=74
21:59:27 | i 80 | [HAOS ROLL] k=3  λ=0.6  vb  kmeans  ails2  P≈0.001716
21:59:27 | i 80 | [Phase 1/3] decompose  0.71s / — / —  λ=0.6  vb kmeans
22:00:44 | i 80 | [Phase 2/3] route  77.12s / 75.00s / 102.8%  ails2  k=3
22:00:44 | i 79 | [ ASYNC BG] bg_ails  74.96s / 70.92s / 105.7%
22:00:45 | i 80 | [HAOS ROLL] k=3  λ=0.6  vb  kmeans  ails2  P≈0.001716
22:00:45 | i 80 | [ Summary ] cost=258344.00  Δ_S*=+0.52%  Δ_BKS=+0.75%  Δ_S*_BKS=+0.23%  no_improve=76
22:00:45 | i 81 | [HAOS ROLL] k=10  λ=0.0  rb  kmeans  ails2  P≈0.000685
22:00:46 | i 81 | [Phase 1/3] decompose  0.57s / — / —  λ=0.0  rb kmeans
22:01:34 | i 81 | [Phase 2/3] route  48.13s / 27.54s / 174.7%  ails2  k=10
22:02:03 | i 80 | [ ASYNC BG] bg_ails  78.43s / 73.20s / 107.1%
22:02:03 | i 81 | [HAOS ROLL] k=10  λ=0.0  rb  kmeans  ails2  P≈0.000685
22:02:03 | i 81 | [ Summary ] cost=257095.00  Δ_S*=+0.04%  Δ_BKS=+0.26%  Δ_S*_BKS=+0.23%  no_improve=78
22:02:03 | i 82 | [HAOS ROLL] k=3  λ=0.0  vb  ac_complete  ails2  P≈0.000462
22:02:04 | i 82 | [Phase 1/3] decompose  0.82s / — / —  λ=0.0  vb ac_complete
22:03:31 | i 82 | [Phase 2/3] route  87.27s / 85.68s / 101.9%  ails2  k=3
22:03:32 | i 81 | [ ASYNC BG] bg_ails  65.27s / 60.00s / 108.8%
22:03:32 | i 82 | [HAOS ROLL] k=3  λ=0.0  vb  ac_complete  ails2  P≈0.000462
22:03:32 | i 82 | [ Summary ] cost=258231.00  Δ_S*=+0.48%  Δ_BKS=+0.71%  Δ_S*_BKS=+0.23%  no_improve=80
22:03:32 | i 83 | [HAOS ROLL] k=3  λ=0.4  vb  ac_complete  filo2  P≈0.000271
22:03:33 | i 83 | [Phase 1/3] decompose  1.00s / — / —  λ=0.4  vb ac_complete
22:04:56 | i 83 | [Phase 2/3] route  83.22s / 82.62s / 100.7%  filo2  k=3
22:05:00 | i 82 | [ ASYNC BG] bg_ails  87.94s / 83.62s / 105.2%
22:05:00 | i 83 | [HAOS ROLL] k=3  λ=0.4  vb  ac_complete  filo2  P≈0.000271
22:05:00 | i 83 | [ Summary ] cost=258476.00  Δ_S*=+0.57%  Δ_BKS=+0.80%  Δ_S*_BKS=+0.23%  no_improve=82
22:05:00 | i 84 | [HAOS ROLL] k=3  λ=1.0  rb  kmeans  ails2  P≈0.001930
22:05:01 | i 84 | [Phase 1/3] decompose  0.74s / — / —  λ=1.0  rb kmeans
22:06:34 | i 84 | [Phase 2/3] route  93.31s / 91.02s / 102.5%  ails2  k=3
22:06:34 | i 83 | [ ASYNC BG] bg_ails  84.96s / 80.64s / 105.4%
22:06:34 | i 84 | [HAOS ROLL] k=3  λ=1.0  rb  kmeans  ails2  P≈0.001930
22:06:34 | i 84 | [ Summary ] cost=257232.00  Δ_S*=+0.09%  Δ_BKS=+0.32%  Δ_S*_BKS=+0.23%  no_improve=84
22:06:34 | i 85 | [HAOS ROLL] k=4  λ=1.0  vb  fcm  filo2  P≈0.000302
22:06:35 | i 85 | [Phase 1/3] decompose  0.79s / — / —  λ=1.0  vb fcm
22:07:34 | i 85 | [Phase 2/3] route  59.16s / 58.74s / 100.7%  filo2  k=4
22:08:07 | i 84 | [ ASYNC BG] bg_ails  92.91s / 88.84s / 104.6%
22:08:07 | i 85 | [HAOS ROLL] k=4  λ=1.0  vb  fcm  filo2  P≈0.000302
22:08:07 | i 85 | [ Summary ] cost=258704.00  Δ_S*=+0.66%  Δ_BKS=+0.89%  Δ_S*_BKS=+0.23%  no_improve=86
22:08:07 | i 86 | [HAOS ROLL] k=12  λ=0.6  vb  ac_complete  filo  P≈0.003381
22:08:08 | i 86 | [Phase 1/3] decompose  1.05s / — / —  λ=0.6  vb ac_complete
22:09:02 | i 86 | [Phase 2/3] route  53.17s / 29.28s / 181.6%  filo  k=12
22:09:12 | i 85 | [ ASYNC BG] bg_ails  64.95s / 60.00s / 108.3%
22:09:12 | i 86 | [HAOS ROLL] k=12  λ=0.6  vb  ac_complete  filo  P≈0.003381
22:09:12 | i 86 | [ Summary ] cost=262614.00  Δ_S*=+2.18%  Δ_BKS=+2.42%  Δ_S*_BKS=+0.23%  no_improve=88
22:09:12 | i 87 | [HAOS ROLL] k=4  λ=1.0  rb  ac_avg  pyvrp  P≈0.000680
22:09:13 | i 87 | [Phase 1/3] decompose  0.90s / — / —  λ=1.0  rb ac_avg
22:10:54 | i 87 | [Phase 2/3] route  100.39s / 92.28s / 108.8%  pyvrp  k=4
22:10:54 | i 86 | [ ASYNC BG] bg_ails  65.15s / 60.00s / 108.6%
22:10:54 | i 87 | [HAOS ROLL] k=4  λ=1.0  rb  ac_avg  pyvrp  P≈0.000680
22:10:54 | i 87 | [ Summary ] cost=262601.00  Δ_S*=+2.18%  Δ_BKS=+2.41%  Δ_S*_BKS=+0.23%  no_improve=90
22:10:54 | i 82 | [ASYNC 1/2] sp_sc  71.61s / 720.00s / 9.9%  SP  avg_coverage=42.48/5  pool=10000
22:10:54 | i 82 | [ASYNC 2/2] standard_ails  364.52s / 360.00s / 101.3%
22:11:46 | i 88 | [HAOS ROLL] k=3  λ=0.4  vb  ac_complete  pyvrp  P≈0.000612
22:11:47 | i 88 | [Phase 1/3] decompose  0.98s / — / —  λ=0.4  vb ac_complete
22:13:16 | i 88 | [Phase 2/3] route  89.00s / 82.62s / 107.7%  pyvrp  k=3
22:13:17 | i 88 | [HAOS ROLL] k=3  λ=0.4  vb  ac_complete  pyvrp  P≈0.000612
22:13:17 | i 88 | [ Summary ] cost=263053.00  Δ_S*=+2.35%  Δ_BKS=+2.59%  Δ_S*_BKS=+0.23%  no_improve=92
22:13:17 | i — | [  FINAL  ] async BG-AILS totals launched=86 applied=86 adopted=3 launch_skipped_cap=2 crashes=0 discarded_in_flight=False block_wait_total_s=1262.2
22:13:17 | i — | [  FINAL  ] async SP/SC totals invocations=6 adopted=2 skipped=0 discarded_in_flight=False sp_busy_frac=0.4718646472199594
22:13:17 | i — | [  FINAL  ] ════════════════════════════════════════
22:13:17 | i — | [  FINAL  ] Run complete  iterations=88  elapsed=02:01:00  best=257002.00
22:13:17 | i — | [  FINAL  ] Δ_BKS=+0.23%  no_improve_stop=False  time_stop=True  cancelled=False
22:13:17 | i — | [  FINAL  ] 
22:13:17 | i — | [  FINAL  ] [BEST SOLUTION — HAOS TAG SUMMARY]
22:13:17 | i — | [  FINAL  ] ────────────────────────────────────────
22:13:17 | i — | [  FINAL  ]   8 routes  vb  ac_complete  k=3  λ=0.4  solver=ails2
22:13:17 | i — | [  FINAL  ]   8 routes  vb  ac_complete  k=2  λ=0.0  solver=filo
22:13:17 | i — | [  FINAL  ]   8 routes  rb  kmeans  k=4  λ=0.6  solver=ails2
22:13:17 | i — | [  FINAL  ]   6 routes  vb  kmeans  k=6  λ=0.6  solver=filo
22:13:17 | i — | [  FINAL  ]   4 routes  rb  ac_complete  k=8  λ=0.6  solver=ails2
22:13:17 | i — | [  FINAL  ]   2 routes  rb  kmeans  k=12  λ=0.6  solver=filo2
22:13:17 | i — | [  FINAL  ]   2 routes  rb  ac_complete  k=12  λ=0.6  solver=pyvrp
22:13:17 | i — | [  FINAL  ]   2 routes  vb  ac_complete  k=6  λ=0.6  solver=ails2
22:13:17 | i — | [  FINAL  ]   2 routes  rb  ac_avg  k=3  λ=0.2  solver=ails2
22:13:17 | i — | [  FINAL  ]   2 routes  vb  kmeans  k=4  λ=0.6  solver=ails2
22:13:17 | i — | [  FINAL  ]   2 routes  rb  kmeans  k=2  λ=0.6  solver=pyvrp
22:13:17 | i — | [  FINAL  ]   2 routes  vb  ac_complete  k=6  λ=1.0  solver=filo
22:13:17 | i — | [  FINAL  ]   2 routes  rb  ac_complete  k=4  λ=0.2  solver=filo2
22:13:17 | i — | [  FINAL  ]   1 routes  rb  kmeans  k=12  λ=0.0  solver=filo
22:13:17 | i — | [  FINAL  ]   1 routes  rb  ac_complete  k=4  λ=0.8  solver=filo2
22:13:17 | i — | [  FINAL  ]   1 routes  rb  kmeans  k=4  λ=0.6  solver=filo
22:13:17 | i — | [  FINAL  ]   1 routes  rb  kmeans  k=4  λ=0.6  solver=filo2
22:13:17 | i — | [  FINAL  ]   1 routes  rb  ac_complete  k=10  λ=0.6  solver=ails2
22:13:17 | i — | [  FINAL  ]   1 routes  rb  ac_avg  k=12  λ=0.6  solver=filo2
22:13:17 | i — | [  FINAL  ]   1 routes  rb  kmeans  k=12  λ=0.8  solver=ails2
22:13:17 | i — | [  FINAL  ]   175 routes  post-SP/SC improvement
22:13:17 | i — | [  FINAL  ] 
22:13:17 | i — | [  FINAL  ] [ROUTE POOL — HAOS TAG SUMMARY]
22:13:17 | i — | [  FINAL  ] ────────────────────────────────────────
22:13:17 | i — | [  FINAL  ]   535 routes  rb  ac_complete  k=4  λ=1.0  solver=filo
22:13:17 | i — | [  FINAL  ]   419 routes  vb  kmedoids  k=4  λ=0.6  solver=pyvrp
22:13:17 | i — | [  FINAL  ]   413 routes  rb  kmeans  k=3  λ=0.6  solver=pyvrp
22:13:17 | i — | [  FINAL  ]   383 routes  vb  kmeans  k=3  λ=0.6  solver=ails2
22:13:17 | i — | [  FINAL  ]   380 routes  vb  ac_avg  k=4  λ=0.2  solver=filo2
22:13:17 | i — | [  FINAL  ]   366 routes  rb  ac_avg  k=3  λ=0.0  solver=filo
22:13:17 | i — | [  FINAL  ]   340 routes  vb  ac_complete  k=3  λ=0.0  solver=ails2
22:13:17 | i — | [  FINAL  ]   332 routes  rb  ac_avg  k=10  λ=0.4  solver=filo
22:13:17 | i — | [  FINAL  ]   306 routes  vb  ac_complete  k=12  λ=0.6  solver=filo
22:13:17 | i — | [  FINAL  ]   298 routes  vb  ac_complete  k=3  λ=0.4  solver=filo2
22:13:17 | i — | [  FINAL  ]   283 routes  vb  fcm  k=4  λ=1.0  solver=filo2
22:13:17 | i — | [  FINAL  ]   276 routes  vb  ac_avg  k=12  λ=0.6  solver=filo
22:13:17 | i — | [  FINAL  ]   253 routes  vb  fcm  k=6  λ=0.6  solver=pyvrp
22:13:17 | i — | [  FINAL  ]   242 routes  rb  ac_complete  k=3  λ=0.6  solver=pyvrp
22:13:17 | i — | [  FINAL  ]   232 routes  vb  ac_avg  k=12  λ=0.6  solver=filo2
22:13:17 | i — | [  FINAL  ]   223 routes  vb  ac_complete  k=3  λ=0.4  solver=pyvrp
22:13:17 | i — | [  FINAL  ]   203 routes  rb  ac_avg  k=4  λ=1.0  solver=pyvrp
22:13:17 | i — | [  FINAL  ]   193 routes  rb  ac_avg  k=6  λ=0.6  solver=pyvrp
22:13:17 | i — | [  FINAL  ]   172 routes  rb  kmeans  k=4  λ=0.6  solver=ails2
22:13:17 | i — | [  FINAL  ]   169 routes  vb  ac_complete  k=3  λ=0.6  solver=pyvrp
22:13:17 | i — | [  FINAL  ]   166 routes  rb  kmeans  k=3  λ=1.0  solver=filo
22:13:17 | i — | [  FINAL  ]   163 routes  vb  fcm  k=4  λ=0.6  solver=filo
22:13:17 | i — | [  FINAL  ]   159 routes  rb  kmeans  k=2  λ=0.6  solver=pyvrp
22:13:17 | i — | [  FINAL  ]   154 routes  vb  kmeans  k=2  λ=0.4  solver=pyvrp
22:13:17 | i — | [  FINAL  ]   152 routes  rb  kmeans  k=3  λ=1.0  solver=ails2
22:13:17 | i — | [  FINAL  ]   150 routes  rb  ac_complete  k=12  λ=0.2  solver=pyvrp
22:13:17 | i — | [  FINAL  ]   141 routes  rb  kmeans  k=10  λ=0.0  solver=ails2
22:13:17 | i — | [  FINAL  ]   102 routes  rb  ac_complete  k=4  λ=0.6  solver=filo
22:13:17 | i — | [  FINAL  ]   100 routes  vb  kmeans  k=6  λ=0.6  solver=ails2
22:13:17 | i — | [  FINAL  ]   96 routes  rb  kmeans  k=2  λ=0.6  solver=filo
22:13:17 | i — | [  FINAL  ]   93 routes  vb  ac_complete  k=10  λ=0.0  solver=filo
22:13:17 | i — | [  FINAL  ]   91 routes  vb  kmedoids  k=12  λ=1.0  solver=filo
22:13:17 | i — | [  FINAL  ]   87 routes  vb  kmeans  k=6  λ=0.6  solver=filo
22:13:17 | i — | [  FINAL  ]   86 routes  rb  ac_avg  k=4  λ=0.6  solver=filo2
22:13:17 | i — | [  FINAL  ]   82 routes  rb  kmeans  k=6  λ=0.8  solver=filo
22:13:17 | i — | [  FINAL  ]   80 routes  vb  ac_complete  k=6  λ=0.6  solver=ails2
22:13:17 | i — | [  FINAL  ]   80 routes  vb  ac_complete  k=12  λ=0.6  solver=ails2
22:13:17 | i — | [  FINAL  ]   72 routes  vb  kmedoids  k=12  λ=0.6  solver=filo
22:13:17 | i — | [  FINAL  ]   69 routes  vb  ac_complete  k=2  λ=0.0  solver=filo
22:13:17 | i — | [  FINAL  ]   69 routes  rb  ac_complete  k=12  λ=0.6  solver=filo
22:13:17 | i — | [  FINAL  ]   67 routes  vb  kmeans  k=4  λ=0.6  solver=ails2
22:13:17 | i — | [  FINAL  ]   65 routes  rb  ac_complete  k=4  λ=0.2  solver=filo2
22:13:17 | i — | [  FINAL  ]   65 routes  vb  ac_avg  k=12  λ=0.0  solver=filo2
22:13:17 | i — | [  FINAL  ]   63 routes  rb  ac_avg  k=4  λ=0.6  solver=filo
22:13:17 | i — | [  FINAL  ]   60 routes  rb  kmeans  k=3  λ=0.6  solver=filo
22:13:17 | i — | [  FINAL  ]   60 routes  rb  kmeans  k=4  λ=0.8  solver=filo
22:13:17 | i — | [  FINAL  ]   57 routes  rb  kmeans  k=4  λ=0.6  solver=filo
22:13:17 | i — | [  FINAL  ]   56 routes  rb  ac_complete  k=4  λ=0.8  solver=filo2
22:13:17 | i — | [  FINAL  ]   55 routes  vb  ac_complete  k=3  λ=0.4  solver=ails2
22:13:17 | i — | [  FINAL  ]   54 routes  rb  kmeans  k=12  λ=0.6  solver=filo2
22:13:17 | i — | [  FINAL  ]   53 routes  rb  ac_complete  k=8  λ=0.0  solver=filo
22:13:17 | i — | [  FINAL  ]   51 routes  rb  kmeans  k=3  λ=0.8  solver=filo2
22:13:17 | i — | [  FINAL  ]   47 routes  rb  ac_complete  k=2  λ=0.2  solver=filo
22:13:17 | i — | [  FINAL  ]   47 routes  rb  kmeans  k=3  λ=0.4  solver=filo
22:13:17 | i — | [  FINAL  ]   46 routes  rb  ac_complete  k=12  λ=0.2  solver=filo2
22:13:17 | i — | [  FINAL  ]   41 routes  rb  ac_complete  k=12  λ=1.0  solver=filo
22:13:17 | i — | [  FINAL  ]   39 routes  vb  ac_avg  k=3  λ=1.0  solver=pyvrp
22:13:17 | i — | [  FINAL  ]   39 routes  rb  ac_avg  k=12  λ=0.6  solver=filo2
22:13:17 | i — | [  FINAL  ]   38 routes  rb  ac_complete  k=12  λ=0.6  solver=pyvrp
22:13:17 | i — | [  FINAL  ]   35 routes  rb  ac_complete  k=8  λ=0.6  solver=ails2
22:13:17 | i — | [  FINAL  ]   33 routes  vb  ac_complete  k=6  λ=1.0  solver=filo
22:13:17 | i — | [  FINAL  ]   31 routes  vb  kmeans  k=12  λ=0.4  solver=pyvrp
22:13:17 | i — | [  FINAL  ]   29 routes  rb  kmeans  k=12  λ=0.8  solver=ails2
22:13:17 | i — | [  FINAL  ]   27 routes  rb  ac_avg  k=3  λ=0.2  solver=ails2
22:13:17 | i — | [  FINAL  ]   27 routes  rb  ac_avg  k=12  λ=0.2  solver=filo2
22:13:17 | i — | [  FINAL  ]   19 routes  vb  fcm  k=6  λ=0.6  solver=filo
22:13:17 | i — | [  FINAL  ]   15 routes  vb  kmeans  k=4  λ=1.0  solver=filo
22:13:17 | i — | [  FINAL  ]   14 routes  rb  kmeans  k=12  λ=0.6  solver=ails2
22:13:17 | i — | [  FINAL  ]   14 routes  rb  kmeans  k=12  λ=0.0  solver=filo
22:13:17 | i — | [  FINAL  ]   10 routes  rb  kmeans  k=12  λ=1.0  solver=ails2
22:13:17 | i — | [  FINAL  ]   9 routes  vb  kmeans  k=10  λ=0.4  solver=pyvrp
22:13:17 | i — | [  FINAL  ]   8 routes  rb  kmeans  k=4  λ=0.6  solver=filo2
22:13:17 | i — | [  FINAL  ]   8 routes  vb  kmeans  k=12  λ=0.6  solver=ails2
22:13:17 | i — | [  FINAL  ]   6 routes  vb  kmedoids  k=4  λ=0.6  solver=filo
22:13:17 | i — | [  FINAL  ]   4 routes  rb  ac_complete  k=10  λ=0.6  solver=ails2
22:13:17 | i — | [  FINAL  ]   3 routes  rb  ac_complete  k=12  λ=0.6  solver=filo2
22:13:17 | i — | [  FINAL  ]   3 routes  rb  kmeans  k=12  λ=0.4  solver=ails2
22:13:17 | i — | [  FINAL  ]   3 routes  rb  ac_complete  k=10  λ=0.4  solver=pyvrp
22:13:17 | i — | [  FINAL  ]   1 routes  rb  kmeans  k=2  λ=1.0  solver=ails2
22:13:17 | i — | [  FINAL  ]   1 routes  vb  kmedoids  k=4  λ=0.6  solver=ails2
22:13:17 | i — | [  FINAL  ]   1 routes  rb  kmeans  k=4  λ=0.6  solver=pyvrp
22:13:17 | i — | [  FINAL  ]   486 routes  post-SP/SC improvement
22:13:17 | i — | [  FINAL  ] ════════════════════════════════════════
