11:13:59 | i — | [  INIT   ] ════════════════════════════════════════
11:13:59 | i — | [  INIT   ] DRISPI  instance=X-n3007-k658  n=3006  capacity=25
11:13:59 | i — | [  INIT   ] k domain (computed at init): [2, 3, 4, 6, 8, 10, 12]  k_ext=12  k_min=658  k_ext_bound=n_bound  spacing_rejected=0
11:13:59 | i — | [  INIT   ] ══════════════════════════════════════════════════════
11:13:59 | i — | [  INIT   ] CONFIGURATION
11:13:59 | i — | [  INIT   ] ── stopping ────────────────────────────────
11:13:59 | i — | [  INIT   ]   time_limit                  = 7200.0
11:13:59 | i — | [  INIT   ]   max_no_improve              = 1000000000
11:13:59 | i — | [  INIT   ] ── parallelism ─────────────────────────────
11:13:59 | i — | [  INIT   ]   n_workers                   = 8
11:13:59 | i — | [  INIT   ] ── cores ───────────────────────────────────
11:13:59 | i — | [  INIT   ]   cores_total                 = 8
11:13:59 | i — | [  INIT   ]   cores_dri                   = 6
11:13:59 | i — | [  INIT   ]   cores_bg                    = 1
11:13:59 | i — | [  INIT   ]   cores_sp                    = 1
11:13:59 | i — | [  INIT   ]   cores_cpu_list              = None
11:13:59 | i — | [  INIT   ] ── sp/sc ───────────────────────────────────
11:13:59 | i — | [  INIT   ]   sp_sc_mode                  = async
11:13:59 | i — | [  INIT   ]   sp_sc_trigger               = wallclock
11:13:59 | i — | [  INIT   ]   interval_minutes            = 20.0
11:13:59 | i — | [  INIT   ]   overlap_policy              = skip
11:13:59 | i — | [  INIT   ]   warmup_iterations           = 5
11:13:59 | i — | [  INIT   ]   sp_interval                 = 3
11:13:59 | i — | [  INIT   ]   min_coverage                = 5
11:13:59 | i — | [  INIT   ]   sp_time_limit               = 720.0
11:13:59 | i — | [  INIT   ]   mip_gap                     = 0.00025
11:13:59 | i — | [  INIT   ] ── decomposition ───────────────────────────
11:13:59 | i — | [  INIT   ]   decomp_k_base_arms          = [2, 3, 4, 6, 8, 10, 12]
11:13:59 | i — | [  INIT   ]   decomp_k_max_arms           = 10
11:13:59 | i — | [  INIT   ]   decomp_k_ext_per_1000       = 4
11:13:59 | i — | [  INIT   ]   decomp_k_min_routes_per_cluster= 8
11:13:59 | i — | [  INIT   ]   decomp_k_min_arm_spacing    = 2
11:13:59 | i — | [  INIT   ]   subcluster_rate_s_per_customer= 0.06
11:13:59 | i — | [  INIT   ]   subcluster_floor_s          = 5.0
11:13:59 | i — | [  INIT   ] ── bg_ails ─────────────────────────────────
11:13:59 | i — | [  INIT   ]   bg_ails_mode                = async
11:13:59 | i — | [  INIT   ]   bg_ails_crash_threshold     = 1
11:13:59 | i — | [  INIT   ]   bg_ails_budget_mode         = predicted_dr_wall
11:13:59 | i — | [  INIT   ]   bg_ails_budget_floor_s      = 60.0
11:13:59 | i — | [  INIT   ]   bg_ails_budget_margin       = 1.0
11:13:59 | i — | [  INIT   ]   bg_ails_wall_model_scale    = 0.976
11:13:59 | i — | [  INIT   ]   bg_ails_wall_model_wave_exponent= -0.18
11:13:59 | i — | [  INIT   ]   bg_ails_initial_omega       = 10
11:13:59 | i — | [  INIT   ]   bg_ails_boundary_threshold  = 0.5
11:13:59 | i — | [  INIT   ]   bg_ails_small_cluster_cap   = 20
11:13:59 | i — | [  INIT   ]   bg_ails_small_cluster_alpha = 0.5
11:13:59 | i — | [  INIT   ]   bg_ails_pair_selection      = greedy
11:13:59 | i — | [  INIT   ]   bg_ails_n_chains_mode       = k
11:13:59 | i — | [  INIT   ]   bg_ails_unique_first_routes = True
11:13:59 | i — | [  INIT   ]   bg_ails_boundary_mask_first_ls= True
11:13:59 | i — | [  INIT   ] ── standard_improvement ────────────────────
11:13:59 | i — | [  INIT   ]   standard_improvement_time_limit= 360.0
11:13:59 | i — | [  INIT   ] ── pool ────────────────────────────────────
11:13:59 | i — | [  INIT   ]   max_pool_size               = 10000
11:13:59 | i — | [  INIT   ]   pool_diversity_weight       = 0.5
11:13:59 | i — | [  INIT   ] ── haos ────────────────────────────────────
11:13:59 | i — | [  INIT   ]   haos_decay                  = 0.95
11:13:59 | i — | [  INIT   ]   haos_warmup                 = 10
11:13:59 | i — | [  INIT   ]   haos_starting_weight        = 10.0
11:13:59 | i — | [  INIT   ]   haos_min_weight_k           = 0.025
11:13:59 | i — | [  INIT   ]   haos_min_weight_lambda      = 0.05
11:13:59 | i — | [  INIT   ]   haos_min_weight_paradigm    = 0.1
11:13:59 | i — | [  INIT   ]   haos_min_weight_vertex_method= 0.05
11:13:59 | i — | [  INIT   ]   haos_min_weight_route_method= 0.05
11:13:59 | i — | [  INIT   ]   haos_min_weight_solver      = 0.05
11:13:59 | i — | [  INIT   ]   haos_lambda_demand_values   = [0.0, 0.2, 0.4, 0.6, 0.8, 1.0]
11:13:59 | i — | [  INIT   ]   haos_paradigm_values        = ['vertex', 'route']
11:13:59 | i — | [  INIT   ]   haos_vertex_method_values   = ['kmeans', 'agglomerative_avg', 'agglomerative_complete', 'kmedoids', 'fcm']
11:13:59 | i — | [  INIT   ]   haos_route_method_values    = ['kmeans', 'agglomerative_avg', 'agglomerative_complete']
11:13:59 | i — | [  INIT   ]   haos_solver_values          = ['pyvrp', 'filo', 'filo2', 'ails2']
11:13:59 | i — | [  INIT   ] ── haos_rewards ────────────────────────────
11:13:59 | i — | [  INIT   ]   haos_reward_new_best        = 10.0
11:13:59 | i — | [  INIT   ]   haos_reward_improvement     = 4.0
11:13:59 | i — | [  INIT   ]   haos_reward_no_improvement  = 1.0
11:13:59 | i — | [  INIT   ]   haos_reward_no_solution     = 0.0
11:13:59 | i — | [  INIT   ]   haos_deferred_new_best      = 7.0
11:13:59 | i — | [  INIT   ]   haos_deferred_improvement   = 3.0
11:13:59 | i — | [  INIT   ]   haos_deferred_no_improvement= 0.0
11:13:59 | i — | [  INIT   ] ── seed ────────────────────────────────────
11:13:59 | i — | [  INIT   ]   seed                        = 22
11:13:59 | i — | [  INIT   ] ── output ──────────────────────────────────
11:13:59 | i — | [  INIT   ]   output_dir                  = /app/artifacts/benchmark/X-n3007-k658/seed22
11:13:59 | i — | [  INIT   ]   run_analysis                = False
11:13:59 | i — | [  INIT   ] ══════════════════════════════════════════════════════
11:13:59 | i — | [  INIT   ] BKS=522126.00
11:13:59 | i — | [  INIT   ] ════════════════════════════════════════
11:13:59 | i 1 | [HAOS ROLL] k=6  λ=0.8  vb  fcm  filo2  P≈0.000595
11:14:00 | i 1 | [Phase 1/3] decompose  1.19s / — / —  λ=0.8  vb fcm
11:14:32 | i 1 | [Phase 2/3] route  31.50s / 31.44s / 100.2%  filo2  k=6
11:14:32 | i 1 | [ IMPROVE ] 525488.00  via decompose_route  ·  Δ_BKS=+0.64%
11:14:32 | i 1 | [HAOS ROLL] k=6  λ=0.8  vb  fcm  filo2  P≈0.000595
11:14:32 | i 1 | [ Summary ] cost=525488.00  Δ_S*=+0.00%  Δ_BKS=+0.64%  Δ_S*_BKS=+0.64%  no_improve=0
11:14:32 | i 2 | [HAOS ROLL] k=12  λ=0.4  vb  kmedoids  filo  P≈0.000595
11:14:35 | i 2 | [Phase 1/3] decompose  3.28s / — / —  λ=0.4  vb kmedoids
11:15:10 | i 2 | [Phase 2/3] route  35.10s / 18.60s / 188.7%  filo  k=12
11:15:36 | i 1 | [ IMPROVE ] 523763.00  via bg_ails  ·  Δ_BKS=+0.31%
11:15:36 | i 1 | [ ASYNC BG] bg_ails  64.18s / 60.00s / 107.0%
11:15:36 | i 2 | [HAOS ROLL] k=12  λ=0.4  vb  kmedoids  filo  P≈0.000595
11:15:36 | i 2 | [ Summary ] cost=527472.00  Δ_S*=+0.71%  Δ_BKS=+1.02%  Δ_S*_BKS=+0.31%  no_improve=1
11:15:36 | i 3 | [HAOS ROLL] k=10  λ=0.6  rb  ac_avg  filo  P≈0.000992
11:15:37 | i 3 | [Phase 1/3] decompose  0.63s / — / —  λ=0.6  rb ac_avg
11:16:13 | i 3 | [Phase 2/3] route  36.12s / 36.00s / 100.3%  filo  k=10
11:16:40 | i 2 | [ ASYNC BG] bg_ails  64.22s / 60.00s / 107.0%
11:16:40 | i 3 | [HAOS ROLL] k=10  λ=0.6  rb  ac_avg  filo  P≈0.000992
11:16:40 | i 3 | [ Summary ] cost=525608.00  Δ_S*=+0.35%  Δ_BKS=+0.67%  Δ_S*_BKS=+0.31%  no_improve=3
11:16:40 | i 4 | [HAOS ROLL] k=2  λ=0.0  vb  kmeans  filo2  P≈0.000595
11:16:41 | i 4 | [Phase 1/3] decompose  0.42s / — / —  λ=0.0  vb kmeans
11:18:12 | i 4 | [Phase 2/3] route  91.20s / 90.66s / 100.6%  filo2  k=2
11:18:12 | i 3 | [ IMPROVE ] 523486.00  via bg_ails  ·  Δ_BKS=+0.26%
11:18:12 | i 3 | [ ASYNC BG] bg_ails  64.14s / 60.00s / 106.9%
11:18:12 | i 4 | [HAOS ROLL] k=2  λ=0.0  vb  kmeans  filo2  P≈0.000595
11:18:12 | i 4 | [ Summary ] cost=524608.00  Δ_S*=+0.21%  Δ_BKS=+0.48%  Δ_S*_BKS=+0.26%  no_improve=1
11:18:12 | i 5 | [HAOS ROLL] k=10  λ=0.8  vb  kmedoids  filo2  P≈0.000595
11:18:13 | i 5 | [Phase 1/3] decompose  0.63s / — / —  λ=0.8  vb kmedoids
11:18:51 | i 5 | [Phase 2/3] route  38.10s / 23.04s / 165.4%  filo2  k=10
11:19:44 | i 4 | [ ASYNC BG] bg_ails  92.01s / 88.48s / 104.0%
11:19:44 | i 5 | [HAOS ROLL] k=10  λ=0.8  vb  kmedoids  filo2  P≈0.000595
11:19:44 | i 5 | [ Summary ] cost=526412.00  Δ_S*=+0.56%  Δ_BKS=+0.82%  Δ_S*_BKS=+0.26%  no_improve=3
11:19:44 | i 6 | [HAOS ROLL] k=8  λ=0.0  vb  kmeans  ails2  P≈0.000595
11:19:44 | i 6 | [Phase 1/3] decompose  0.40s / — / —  λ=0.0  vb kmeans
11:20:32 | i 6 | [Phase 2/3] route  47.83s / 25.02s / 191.1%  ails2  k=8
11:20:48 | i 5 | [ ASYNC BG] bg_ails  64.12s / 60.00s / 106.9%
11:20:48 | i 6 | [HAOS ROLL] k=8  λ=0.0  vb  kmeans  ails2  P≈0.000595
11:20:48 | i 6 | [ Summary ] cost=524657.00  Δ_S*=+0.22%  Δ_BKS=+0.48%  Δ_S*_BKS=+0.26%  no_improve=5
11:20:48 | i 7 | [HAOS ROLL] k=6  λ=0.0  rb  kmeans  filo  P≈0.000992
11:20:49 | i 7 | [Phase 1/3] decompose  0.41s / — / —  λ=0.0  rb kmeans
11:21:25 | i 7 | [Phase 2/3] route  36.12s / 36.24s / 99.7%  filo  k=6
11:21:52 | i 6 | [ ASYNC BG] bg_ails  64.08s / 60.00s / 106.8%
11:21:52 | i 7 | [HAOS ROLL] k=6  λ=0.0  rb  kmeans  filo  P≈0.000992
11:21:52 | i 7 | [ Summary ] cost=524804.00  Δ_S*=+0.25%  Δ_BKS=+0.51%  Δ_S*_BKS=+0.26%  no_improve=7
11:21:52 | i 8 | [HAOS ROLL] k=2  λ=1.0  rb  ac_complete  filo2  P≈0.000992
11:21:53 | i 8 | [Phase 1/3] decompose  0.53s / — / —  λ=1.0  rb ac_complete
11:23:37 | i 8 | [Phase 2/3] route  104.23s / 103.80s / 100.4%  filo2  k=2
11:23:37 | i 7 | [ ASYNC BG] bg_ails  63.98s / 60.00s / 106.6%
11:23:37 | i 8 | [HAOS ROLL] k=2  λ=1.0  rb  ac_complete  filo2  P≈0.000992
11:23:37 | i 8 | [ Summary ] cost=524343.00  Δ_S*=+0.16%  Δ_BKS=+0.42%  Δ_S*_BKS=+0.26%  no_improve=9
11:23:37 | i 9 | [HAOS ROLL] k=2  λ=0.0  rb  kmeans  filo  P≈0.000992
11:23:37 | i 9 | [Phase 1/3] decompose  0.40s / — / —  λ=0.0  rb kmeans
11:25:12 | i 9 | [Phase 2/3] route  94.19s / 93.54s / 100.7%  filo  k=2
11:25:22 | i 8 | [ IMPROVE ] 523301.00  via bg_ails  ·  Δ_BKS=+0.23%
11:25:22 | i 8 | [ ASYNC BG] bg_ails  105.04s / 101.31s / 103.7%
11:25:22 | i 9 | [HAOS ROLL] k=2  λ=0.0  rb  kmeans  filo  P≈0.000992
11:25:22 | i 9 | [ Summary ] cost=524688.00  Δ_S*=+0.27%  Δ_BKS=+0.49%  Δ_S*_BKS=+0.23%  no_improve=1
11:25:22 | i 10 | [HAOS ROLL] k=8  λ=0.0  rb  ac_avg  filo2  P≈0.000992
11:25:23 | i 10 | [Phase 1/3] decompose  0.41s / — / —  λ=0.0  rb ac_avg
11:25:59 | i 10 | [Phase 2/3] route  36.12s / 32.70s / 110.5%  filo2  k=8
11:26:57 | i 9 | [ ASYNC BG] bg_ails  95.21s / 91.30s / 104.3%
11:26:57 | i 10 | [HAOS ROLL] k=8  λ=0.0  rb  ac_avg  filo2  P≈0.000992
11:26:57 | i 10 | [ Summary ] cost=525524.00  Δ_S*=+0.42%  Δ_BKS=+0.65%  Δ_S*_BKS=+0.23%  no_improve=3
11:26:57 | i 11 | [HAOS ROLL] k=10  λ=1.0  vb  ac_avg  ails2  P≈0.000595
11:26:58 | i 11 | [Phase 1/3] decompose  0.74s / — / —  λ=1.0  vb ac_avg
11:27:37 | i 11 | [Phase 2/3] route  38.78s / 32.88s / 117.9%  ails2  k=10
11:28:02 | i 10 | [ ASYNC BG] bg_ails  64.10s / 60.00s / 106.8%
11:28:02 | i 11 | [HAOS ROLL] k=10  λ=1.0  vb  ac_avg  ails2  P≈0.000595
11:28:02 | i 11 | [ Summary ] cost=525554.00  Δ_S*=+0.43%  Δ_BKS=+0.66%  Δ_S*_BKS=+0.23%  no_improve=5
11:28:02 | i 12 | [HAOS ROLL] k=12  λ=0.8  vb  kmedoids  ails2  P≈0.000614
11:28:02 | i 12 | [Phase 1/3] decompose  0.74s / — / —  λ=0.8  vb kmedoids
11:28:39 | i 12 | [Phase 2/3] route  36.76s / 18.12s / 202.9%  ails2  k=12
11:29:06 | i 11 | [ ASYNC BG] bg_ails  64.21s / 60.00s / 107.0%
11:29:06 | i 12 | [HAOS ROLL] k=12  λ=0.8  vb  kmedoids  ails2  P≈0.000614
11:29:06 | i 12 | [ Summary ] cost=525817.00  Δ_S*=+0.48%  Δ_BKS=+0.71%  Δ_S*_BKS=+0.23%  no_improve=7
11:29:06 | i 13 | [HAOS ROLL] k=10  λ=0.2  vb  kmedoids  filo2  P≈0.000740
11:29:06 | i 13 | [Phase 1/3] decompose  0.69s / — / —  λ=0.2  vb kmedoids
11:29:44 | i 13 | [Phase 2/3] route  37.11s / 21.48s / 172.8%  filo2  k=10
11:30:10 | i 12 | [ ASYNC BG] bg_ails  64.11s / 60.00s / 106.8%
11:30:10 | i 13 | [HAOS ROLL] k=10  λ=0.2  vb  kmedoids  filo2  P≈0.000740
11:30:10 | i 13 | [ Summary ] cost=526792.00  Δ_S*=+0.67%  Δ_BKS=+0.89%  Δ_S*_BKS=+0.23%  no_improve=9
11:30:10 | i 14 | [HAOS ROLL] k=2  λ=0.6  vb  fcm  ails2  P≈0.000795
11:30:10 | i 14 | [Phase 1/3] decompose  0.57s / — / —  λ=0.6  vb fcm
11:31:43 | i 14 | [Phase 2/3] route  92.92s / 91.56s / 101.5%  ails2  k=2
11:31:43 | i 13 | [ ASYNC BG] bg_ails  64.21s / 60.00s / 107.0%
11:31:43 | i 14 | [HAOS ROLL] k=2  λ=0.6  vb  fcm  ails2  P≈0.000795
11:31:43 | i 14 | [ Summary ] cost=523354.00  Δ_S*=+0.01%  Δ_BKS=+0.24%  Δ_S*_BKS=+0.23%  no_improve=11
11:31:43 | i 15 | [HAOS ROLL] k=2  λ=1.0  rb  kmeans  pyvrp  P≈0.000472
11:31:44 | i 15 | [Phase 1/3] decompose  0.53s / — / —  λ=1.0  rb kmeans
11:33:22 | i 15 | [Phase 2/3] route  97.61s / 92.04s / 106.1%  pyvrp  k=2
11:33:22 | i 14 | [ ASYNC BG] bg_ails  93.10s / 89.36s / 104.2%
11:33:22 | i 15 | [HAOS ROLL] k=2  λ=1.0  rb  kmeans  pyvrp  P≈0.000472
11:33:22 | i 15 | [ Summary ] cost=529755.00  Δ_S*=+1.23%  Δ_BKS=+1.46%  Δ_S*_BKS=+0.23%  no_improve=13
11:33:22 | i 16 | [HAOS ROLL] k=10  λ=0.8  vb  fcm  ails2  P≈0.002371
11:33:23 | i 16 | [Phase 1/3] decompose  0.88s / — / —  λ=0.8  vb fcm
11:34:01 | i 16 | [Phase 2/3] route  38.70s / 20.46s / 189.2%  ails2  k=10
11:34:55 | i 15 | [ ASYNC BG] bg_ails  93.20s / 89.83s / 103.8%
11:34:55 | i 16 | [HAOS ROLL] k=10  λ=0.8  vb  fcm  ails2  P≈0.002371
11:34:55 | i 16 | [ Summary ] cost=526172.00  Δ_S*=+0.55%  Δ_BKS=+0.77%  Δ_S*_BKS=+0.23%  no_improve=15
11:34:55 | i 17 | [HAOS ROLL] k=3  λ=0.2  vb  ac_complete  pyvrp  P≈0.000442
11:34:56 | i 17 | [Phase 1/3] decompose  0.74s / — / —  λ=0.2  vb ac_complete
11:36:21 | i 17 | [Phase 2/3] route  85.54s / 81.06s / 105.5%  pyvrp  k=3
11:36:21 | i 16 | [ ASYNC BG] bg_ails  64.14s / 60.00s / 106.9%
11:36:21 | i 17 | [HAOS ROLL] k=3  λ=0.2  vb  ac_complete  pyvrp  P≈0.000442
11:36:21 | i 17 | [ Summary ] cost=529388.00  Δ_S*=+1.16%  Δ_BKS=+1.39%  Δ_S*_BKS=+0.23%  no_improve=17
11:36:21 | i 18 | [HAOS ROLL] k=10  λ=0.4  vb  kmeans  filo  P≈0.000473
11:36:22 | i 18 | [Phase 1/3] decompose  0.52s / — / —  λ=0.4  vb kmeans
11:37:02 | i 18 | [Phase 2/3] route  40.11s / 20.88s / 192.1%  filo  k=10
11:37:45 | i 17 | [ ASYNC BG] bg_ails  83.34s / 79.11s / 105.3%
11:37:45 | i 18 | [HAOS ROLL] k=10  λ=0.4  vb  kmeans  filo  P≈0.000473
11:37:45 | i 18 | [ Summary ] cost=527014.00  Δ_S*=+0.71%  Δ_BKS=+0.94%  Δ_S*_BKS=+0.23%  no_improve=19
11:37:45 | i 19 | [HAOS ROLL] k=12  λ=0.8  vb  ac_avg  ails2  P≈0.000931
11:37:45 | i 19 | [Phase 1/3] decompose  0.73s / — / —  λ=0.8  vb ac_avg
11:38:23 | i 19 | [Phase 2/3] route  37.78s / 25.08s / 150.6%  ails2  k=12
11:38:49 | i 18 | [ ASYNC BG] bg_ails  64.17s / 60.00s / 107.0%
11:38:49 | i 19 | [HAOS ROLL] k=12  λ=0.8  vb  ac_avg  ails2  P≈0.000931
11:38:49 | i 19 | [ Summary ] cost=525725.00  Δ_S*=+0.46%  Δ_BKS=+0.69%  Δ_S*_BKS=+0.23%  no_improve=21
11:38:49 | i 20 | [HAOS ROLL] k=12  λ=0.4  vb  fcm  pyvrp  P≈0.000973
11:38:50 | i 20 | [Phase 1/3] decompose  1.08s / — / —  λ=0.4  vb fcm
11:39:25 | i 20 | [Phase 2/3] route  35.10s / 18.78s / 186.9%  pyvrp  k=12
11:39:53 | i 19 | [ ASYNC BG] bg_ails  64.26s / 60.00s / 107.1%
11:39:53 | i 20 | [HAOS ROLL] k=12  λ=0.4  vb  fcm  pyvrp  P≈0.000973
11:39:53 | i 20 | [ Summary ] cost=530603.00  Δ_S*=+1.40%  Δ_BKS=+1.62%  Δ_S*_BKS=+0.23%  no_improve=23
11:39:53 | i 6 | [ASYNC 1/2] sp_sc  722.18s / 720.00s / 100.3%  SC  avg_coverage=7.30/5  pool=4649
11:39:53 | i 6 | [ASYNC 2/2] standard_ails  363.50s / 360.00s / 101.0%
11:40:31 | i 6 | [ IMPROVE ] 522893.00  via standard_ails  ·  Δ_BKS=+0.15%
11:40:31 | i 21 | [HAOS ROLL] k=4  λ=0.0  vb  ac_avg  ails2  P≈0.000796
11:40:31 | i 21 | [Phase 1/3] decompose  0.60s / — / —  λ=0.0  vb ac_avg
11:41:35 | i 21 | [Phase 2/3] route  64.04s / 62.82s / 101.9%  ails2  k=4
11:41:35 | i 20 | [ ASYNC BG] bg_ails  64.10s / 60.00s / 106.8%
11:41:36 | i 21 | [HAOS ROLL] k=4  λ=0.0  vb  ac_avg  ails2  P≈0.000796
11:41:36 | i 21 | [ Summary ] cost=523602.00  Δ_S*=+0.14%  Δ_BKS=+0.28%  Δ_S*_BKS=+0.15%  no_improve=2
11:41:36 | i 22 | [HAOS ROLL] k=10  λ=0.8  vb  fcm  filo2  P≈0.003662
11:41:36 | i 22 | [Phase 1/3] decompose  0.62s / — / —  λ=0.8  vb fcm
11:42:13 | i 22 | [Phase 2/3] route  37.12s / 20.22s / 183.6%  filo2  k=10
11:42:40 | i 21 | [ ASYNC BG] bg_ails  65.17s / 61.31s / 106.3%
11:42:41 | i 22 | [HAOS ROLL] k=10  λ=0.8  vb  fcm  filo2  P≈0.003662
11:42:41 | i 22 | [ Summary ] cost=527224.00  Δ_S*=+0.83%  Δ_BKS=+0.98%  Δ_S*_BKS=+0.15%  no_improve=4
11:42:41 | i 23 | [HAOS ROLL] k=6  λ=0.8  vb  kmeans  filo  P≈0.000838
11:42:41 | i 23 | [Phase 1/3] decompose  0.52s / — / —  λ=0.8  vb kmeans
11:43:23 | i 23 | [Phase 2/3] route  42.15s / 42.18s / 99.9%  filo  k=6
11:43:45 | i 22 | [ ASYNC BG] bg_ails  64.38s / 60.00s / 107.3%
11:43:45 | i 23 | [HAOS ROLL] k=6  λ=0.8  vb  kmeans  filo  P≈0.000838
11:43:45 | i 23 | [ Summary ] cost=525680.00  Δ_S*=+0.53%  Δ_BKS=+0.68%  Δ_S*_BKS=+0.15%  no_improve=6
11:43:45 | i 24 | [HAOS ROLL] k=10  λ=0.2  vb  kmeans  pyvrp  P≈0.000868
11:43:46 | i 24 | [Phase 1/3] decompose  0.52s / — / —  λ=0.2  vb kmeans
11:44:23 | i 24 | [Phase 2/3] route  37.35s / 21.66s / 172.4%  pyvrp  k=10
11:44:49 | i 23 | [ ASYNC BG] bg_ails  64.32s / 60.00s / 107.2%
11:44:49 | i 24 | [HAOS ROLL] k=10  λ=0.2  vb  kmeans  pyvrp  P≈0.000868
11:44:50 | i 24 | [ Summary ] cost=529867.00  Δ_S*=+1.33%  Δ_BKS=+1.48%  Δ_S*_BKS=+0.15%  no_improve=8
11:44:50 | i 25 | [HAOS ROLL] k=6  λ=0.8  vb  kmeans  ails2  P≈0.002145
11:44:50 | i 25 | [Phase 1/3] decompose  0.54s / — / —  λ=0.8  vb kmeans
11:45:26 | i 25 | [Phase 2/3] route  35.80s / 34.98s / 102.3%  ails2  k=6
11:45:54 | i 24 | [ ASYNC BG] bg_ails  64.49s / 60.00s / 107.5%
11:45:54 | i 25 | [HAOS ROLL] k=6  λ=0.8  vb  kmeans  ails2  P≈0.002145
11:45:54 | i 25 | [ Summary ] cost=523902.00  Δ_S*=+0.19%  Δ_BKS=+0.34%  Δ_S*_BKS=+0.15%  no_improve=10
11:45:54 | i 26 | [HAOS ROLL] k=2  λ=0.8  vb  kmedoids  filo2  P≈0.002335
11:45:55 | i 26 | [Phase 1/3] decompose  0.87s / — / —  λ=0.8  vb kmedoids
11:47:28 | i 26 | [Phase 2/3] route  93.21s / 92.64s / 100.6%  filo2  k=2
11:47:28 | i 25 | [ ASYNC BG] bg_ails  64.18s / 60.00s / 107.0%
11:47:28 | i 26 | [HAOS ROLL] k=2  λ=0.8  vb  kmedoids  filo2  P≈0.002335
11:47:28 | i 26 | [ Summary ] cost=524256.00  Δ_S*=+0.26%  Δ_BKS=+0.41%  Δ_S*_BKS=+0.15%  no_improve=12
11:47:28 | i 27 | [HAOS ROLL] k=6  λ=0.8  vb  ac_avg  filo2  P≈0.002089
11:47:29 | i 27 | [Phase 1/3] decompose  0.74s / — / —  λ=0.8  vb ac_avg
11:48:07 | i 27 | [Phase 2/3] route  38.11s / 37.86s / 100.7%  filo2  k=6
11:49:02 | i 26 | [ ASYNC BG] bg_ails  94.23s / 90.42s / 104.2%
11:49:03 | i 27 | [HAOS ROLL] k=6  λ=0.8  vb  ac_avg  filo2  P≈0.002089
11:49:03 | i 27 | [ Summary ] cost=525080.00  Δ_S*=+0.42%  Δ_BKS=+0.57%  Δ_S*_BKS=+0.15%  no_improve=14
11:49:03 | i 28 | [HAOS ROLL] k=12  λ=0.8  vb  kmeans  filo  P≈0.001989
11:49:03 | i 28 | [Phase 1/3] decompose  0.51s / — / —  λ=0.8  vb kmeans
11:49:36 | i 28 | [Phase 2/3] route  33.12s / 17.52s / 189.0%  filo  k=12
11:50:06 | i 27 | [ ASYNC BG] bg_ails  64.02s / 60.00s / 106.7%
11:50:07 | i 28 | [HAOS ROLL] k=12  λ=0.8  vb  kmeans  filo  P≈0.001989
11:50:07 | i 28 | [ Summary ] cost=527360.00  Δ_S*=+0.85%  Δ_BKS=+1.00%  Δ_S*_BKS=+0.15%  no_improve=16
11:50:07 | i 29 | [HAOS ROLL] k=2  λ=0.6  rb  kmeans  ails2  P≈0.000199
11:50:07 | i 29 | [Phase 1/3] decompose  0.61s / — / —  λ=0.6  rb kmeans
11:51:40 | i 29 | [Phase 2/3] route  93.00s / 91.86s / 101.2%  ails2  k=2
11:51:40 | i 28 | [ ASYNC BG] bg_ails  64.14s / 60.00s / 106.9%
11:51:40 | i 29 | [HAOS ROLL] k=2  λ=0.6  rb  kmeans  ails2  P≈0.000199
11:51:40 | i 29 | [ Summary ] cost=523010.00  Δ_S*=+0.02%  Δ_BKS=+0.17%  Δ_S*_BKS=+0.15%  no_improve=18
11:51:40 | i 30 | [HAOS ROLL] k=8  λ=0.8  vb  kmeans  filo  P≈0.002307
11:51:41 | i 30 | [Phase 1/3] decompose  0.52s / — / —  λ=0.8  vb kmeans
11:52:26 | i 30 | [Phase 2/3] route  45.12s / 24.66s / 183.0%  filo  k=8
11:53:13 | i 29 | [ ASYNC BG] bg_ails  93.16s / 89.66s / 103.9%
11:53:14 | i 30 | [HAOS ROLL] k=8  λ=0.8  vb  kmeans  filo  P≈0.002307
11:53:14 | i 30 | [ Summary ] cost=526836.00  Δ_S*=+0.75%  Δ_BKS=+0.90%  Δ_S*_BKS=+0.15%  no_improve=20
11:53:14 | i 31 | [HAOS ROLL] k=6  λ=0.8  rb  kmeans  filo  P≈0.000977
11:53:14 | i 31 | [Phase 1/3] decompose  0.52s / — / —  λ=0.8  rb kmeans
11:53:52 | i 31 | [Phase 2/3] route  38.12s / 37.92s / 100.5%  filo  k=6
11:54:18 | i 30 | [ ASYNC BG] bg_ails  64.30s / 60.00s / 107.2%
11:54:18 | i 31 | [HAOS ROLL] k=6  λ=0.8  rb  kmeans  filo  P≈0.000977
11:54:18 | i 31 | [ Summary ] cost=526001.00  Δ_S*=+0.59%  Δ_BKS=+0.74%  Δ_S*_BKS=+0.15%  no_improve=22
11:54:18 | i 32 | [HAOS ROLL] k=8  λ=0.8  rb  ac_avg  filo  P≈0.000943
11:54:19 | i 32 | [Phase 1/3] decompose  0.53s / — / —  λ=0.8  rb ac_avg
11:54:55 | i 32 | [Phase 2/3] route  36.12s / 28.98s / 124.7%  filo  k=8
11:55:22 | i 31 | [ ASYNC BG] bg_ails  64.28s / 60.00s / 107.1%
11:55:22 | i 32 | [HAOS ROLL] k=8  λ=0.8  rb  ac_avg  filo  P≈0.000943
11:55:22 | i 32 | [ Summary ] cost=525978.00  Δ_S*=+0.59%  Δ_BKS=+0.74%  Δ_S*_BKS=+0.15%  no_improve=24
11:55:22 | i 33 | [HAOS ROLL] k=6  λ=0.4  vb  kmedoids  filo2  P≈0.001035
11:55:23 | i 33 | [Phase 1/3] decompose  0.67s / — / —  λ=0.4  vb kmedoids
11:55:57 | i 33 | [Phase 2/3] route  34.12s / 34.44s / 99.1%  filo2  k=6
11:56:26 | i 32 | [ ASYNC BG] bg_ails  64.05s / 60.00s / 106.7%
11:56:26 | i 33 | [HAOS ROLL] k=6  λ=0.4  vb  kmedoids  filo2  P≈0.001035
11:56:26 | i 33 | [ Summary ] cost=525543.00  Δ_S*=+0.51%  Δ_BKS=+0.65%  Δ_S*_BKS=+0.15%  no_improve=26
11:56:26 | i 34 | [HAOS ROLL] k=10  λ=0.4  vb  ac_avg  filo2  P≈0.000756
11:56:27 | i 34 | [Phase 1/3] decompose  0.72s / — / —  λ=0.4  vb ac_avg
11:57:00 | i 34 | [Phase 2/3] route  33.11s / 33.00s / 100.3%  filo2  k=10
11:57:30 | i 33 | [ ASYNC BG] bg_ails  64.08s / 60.00s / 106.8%
11:57:30 | i 34 | [HAOS ROLL] k=10  λ=0.4  vb  ac_avg  filo2  P≈0.000756
11:57:31 | i 34 | [ Summary ] cost=525613.00  Δ_S*=+0.52%  Δ_BKS=+0.67%  Δ_S*_BKS=+0.15%  no_improve=28
11:57:31 | i 35 | [HAOS ROLL] k=6  λ=0.4  vb  kmeans  filo  P≈0.002167
11:57:31 | i 35 | [Phase 1/3] decompose  0.52s / — / —  λ=0.4  vb kmeans
11:58:03 | i 35 | [Phase 2/3] route  32.11s / 32.10s / 100.0%  filo  k=6
11:58:34 | i 34 | [ ASYNC BG] bg_ails  64.09s / 60.00s / 106.8%
11:58:35 | i 35 | [HAOS ROLL] k=6  λ=0.4  vb  kmeans  filo  P≈0.002167
11:58:35 | i 35 | [ Summary ] cost=525445.00  Δ_S*=+0.49%  Δ_BKS=+0.64%  Δ_S*_BKS=+0.15%  no_improve=30
11:58:35 | i 36 | [HAOS ROLL] k=6  λ=0.8  vb  kmeans  filo  P≈0.006024
11:58:35 | i 36 | [Phase 1/3] decompose  0.51s / — / —  λ=0.8  vb kmeans
11:59:09 | i 36 | [Phase 2/3] route  34.12s / 34.50s / 98.9%  filo  k=6
11:59:39 | i 35 | [ ASYNC BG] bg_ails  64.08s / 60.00s / 106.8%
11:59:39 | i 36 | [HAOS ROLL] k=6  λ=0.8  vb  kmeans  filo  P≈0.006024
11:59:39 | i 36 | [ Summary ] cost=525051.00  Δ_S*=+0.41%  Δ_BKS=+0.56%  Δ_S*_BKS=+0.15%  no_improve=32
11:59:39 | i 37 | [HAOS ROLL] k=8  λ=0.8  rb  ac_avg  filo  P≈0.001445
11:59:39 | i 37 | [Phase 1/3] decompose  0.53s / — / —  λ=0.8  rb ac_avg
12:00:15 | i 37 | [Phase 2/3] route  36.11s / 28.98s / 124.6%  filo  k=8
12:00:43 | i 36 | [ ASYNC BG] bg_ails  64.08s / 60.00s / 106.8%
12:00:43 | i 37 | [HAOS ROLL] k=8  λ=0.8  rb  ac_avg  filo  P≈0.001445
12:00:43 | i 37 | [ Summary ] cost=525441.00  Δ_S*=+0.49%  Δ_BKS=+0.63%  Δ_S*_BKS=+0.15%  no_improve=34
12:00:43 | i 21 | [ASYNC 1/2] sp_sc  724.71s / 720.00s / 100.7%  SC  avg_coverage=15.81/5  pool=10000
12:00:43 | i 21 | [ASYNC 2/2] standard_ails  363.44s / 360.00s / 101.0%
12:01:20 | i 38 | [HAOS ROLL] k=12  λ=0.8  rb  ac_complete  pyvrp  P≈0.000216
12:01:21 | i 38 | [Phase 1/3] decompose  0.52s / — / —  λ=0.8  rb ac_complete
12:01:59 | i 38 | [Phase 2/3] route  37.77s / 25.26s / 149.5%  pyvrp  k=12
12:01:59 | i 37 | [ ASYNC BG] bg_ails  64.07s / 60.00s / 106.8%
12:01:59 | i 38 | [HAOS ROLL] k=12  λ=0.8  rb  ac_complete  pyvrp  P≈0.000216
12:01:59 | i 38 | [ Summary ] cost=528780.00  Δ_S*=+1.13%  Δ_BKS=+1.27%  Δ_S*_BKS=+0.15%  no_improve=37
12:01:59 | i 39 | [HAOS ROLL] k=12  λ=0.8  vb  kmeans  ails2  P≈0.002897
12:02:00 | i 39 | [Phase 1/3] decompose  0.52s / — / —  λ=0.8  vb kmeans
12:02:36 | i 39 | [Phase 2/3] route  35.96s / 17.22s / 208.9%  ails2  k=12
12:03:03 | i 38 | [ ASYNC BG] bg_ails  64.20s / 60.00s / 107.0%
12:03:03 | i 39 | [HAOS ROLL] k=12  λ=0.8  vb  kmeans  ails2  P≈0.002897
12:03:03 | i 39 | [ Summary ] cost=525491.00  Δ_S*=+0.50%  Δ_BKS=+0.64%  Δ_S*_BKS=+0.15%  no_improve=39
12:03:03 | i 40 | [HAOS ROLL] k=12  λ=0.0  vb  fcm  filo2  P≈0.000708
12:03:04 | i 40 | [Phase 1/3] decompose  0.79s / — / —  λ=0.0  vb fcm
12:03:37 | i 40 | [Phase 2/3] route  33.12s / 17.64s / 187.7%  filo2  k=12
12:04:07 | i 39 | [ ASYNC BG] bg_ails  64.11s / 60.00s / 106.8%
12:04:07 | i 40 | [HAOS ROLL] k=12  λ=0.0  vb  fcm  filo2  P≈0.000708
12:04:07 | i 40 | [ Summary ] cost=526501.00  Δ_S*=+0.69%  Δ_BKS=+0.84%  Δ_S*_BKS=+0.15%  no_improve=41
12:04:07 | i 41 | [HAOS ROLL] k=4  λ=0.6  vb  fcm  filo2  P≈0.000184
12:04:08 | i 41 | [Phase 1/3] decompose  0.53s / — / —  λ=0.6  vb fcm
12:04:54 | i 41 | [Phase 2/3] route  46.13s / 46.02s / 100.2%  filo2  k=4
12:05:11 | i 40 | [ ASYNC BG] bg_ails  64.06s / 60.00s / 106.8%
12:05:11 | i 41 | [HAOS ROLL] k=4  λ=0.6  vb  fcm  filo2  P≈0.000184
12:05:12 | i 41 | [ Summary ] cost=524832.00  Δ_S*=+0.37%  Δ_BKS=+0.52%  Δ_S*_BKS=+0.15%  no_improve=43
12:05:12 | i 42 | [HAOS ROLL] k=10  λ=1.0  vb  kmeans  filo2  P≈0.001534
12:05:12 | i 42 | [Phase 1/3] decompose  0.52s / — / —  λ=1.0  vb kmeans
12:05:50 | i 42 | [Phase 2/3] route  38.12s / 21.54s / 177.0%  filo2  k=10
12:06:15 | i 41 | [ ASYNC BG] bg_ails  64.06s / 60.00s / 106.8%
12:06:16 | i 42 | [HAOS ROLL] k=10  λ=1.0  vb  kmeans  filo2  P≈0.001534
12:06:16 | i 42 | [ Summary ] cost=526393.00  Δ_S*=+0.67%  Δ_BKS=+0.82%  Δ_S*_BKS=+0.15%  no_improve=45
12:06:16 | i 43 | [HAOS ROLL] k=6  λ=0.4  vb  kmedoids  ails2  P≈0.001349
12:06:16 | i 43 | [Phase 1/3] decompose  0.67s / — / —  λ=0.4  vb kmedoids
12:06:52 | i 43 | [Phase 2/3] route  35.70s / 34.44s / 103.7%  ails2  k=6
12:07:20 | i 42 | [ ASYNC BG] bg_ails  64.13s / 60.00s / 106.9%
12:07:20 | i 43 | [HAOS ROLL] k=6  λ=0.4  vb  kmedoids  ails2  P≈0.001349
12:07:20 | i 43 | [ Summary ] cost=524648.00  Δ_S*=+0.34%  Δ_BKS=+0.48%  Δ_S*_BKS=+0.15%  no_improve=47
12:07:20 | i 44 | [HAOS ROLL] k=12  λ=0.6  vb  ac_avg  filo2  P≈0.000669
12:07:21 | i 44 | [Phase 1/3] decompose  0.73s / — / —  λ=0.6  vb ac_avg
12:07:55 | i 44 | [Phase 2/3] route  34.12s / 23.82s / 143.2%  filo2  k=12
12:08:24 | i 43 | [ ASYNC BG] bg_ails  64.13s / 60.00s / 106.9%
12:08:24 | i 44 | [HAOS ROLL] k=12  λ=0.6  vb  ac_avg  filo2  P≈0.000669
12:08:24 | i 44 | [ Summary ] cost=527387.00  Δ_S*=+0.86%  Δ_BKS=+1.01%  Δ_S*_BKS=+0.15%  no_improve=49
12:08:24 | i 45 | [HAOS ROLL] k=10  λ=1.0  rb  ac_avg  filo  P≈0.000521
12:08:24 | i 45 | [Phase 1/3] decompose  0.52s / — / —  λ=1.0  rb ac_avg
12:09:03 | i 45 | [Phase 2/3] route  38.12s / 28.98s / 131.5%  filo  k=10
12:09:28 | i 44 | [ ASYNC BG] bg_ails  64.15s / 60.00s / 106.9%
12:09:28 | i 45 | [HAOS ROLL] k=10  λ=1.0  rb  ac_avg  filo  P≈0.000521
12:09:28 | i 45 | [ Summary ] cost=525203.00  Δ_S*=+0.44%  Δ_BKS=+0.59%  Δ_S*_BKS=+0.15%  no_improve=51
12:09:28 | i 46 | [HAOS ROLL] k=12  λ=0.8  vb  kmedoids  pyvrp  P≈0.001080
12:09:29 | i 46 | [Phase 1/3] decompose  0.74s / — / —  λ=0.8  vb kmedoids
12:10:04 | i 46 | [Phase 2/3] route  35.61s / 18.12s / 196.5%  pyvrp  k=12
12:10:32 | i 45 | [ ASYNC BG] bg_ails  64.19s / 60.00s / 107.0%
12:10:32 | i 46 | [HAOS ROLL] k=12  λ=0.8  vb  kmedoids  pyvrp  P≈0.001080
12:10:32 | i 46 | [ Summary ] cost=530059.00  Δ_S*=+1.37%  Δ_BKS=+1.52%  Δ_S*_BKS=+0.15%  no_improve=53
12:10:32 | i 47 | [HAOS ROLL] k=3  λ=1.0  vb  ac_avg  filo2  P≈0.000304
12:10:33 | i 47 | [Phase 1/3] decompose  0.74s / — / —  λ=1.0  vb ac_avg
12:12:06 | i 47 | [Phase 2/3] route  93.21s / 92.70s / 100.6%  filo2  k=3
12:12:06 | i 46 | [ ASYNC BG] bg_ails  64.07s / 60.00s / 106.8%
12:12:07 | i 47 | [HAOS ROLL] k=3  λ=1.0  vb  ac_avg  filo2  P≈0.000304
12:12:07 | i 47 | [ Summary ] cost=524327.00  Δ_S*=+0.27%  Δ_BKS=+0.42%  Δ_S*_BKS=+0.15%  no_improve=55
12:12:07 | i 48 | [HAOS ROLL] k=2  λ=0.8  vb  ac_complete  pyvrp  P≈0.000338
12:12:07 | i 48 | [Phase 1/3] decompose  0.73s / — / —  λ=0.8  vb ac_complete
12:14:07 | i 48 | [Phase 2/3] route  119.57s / 111.48s / 107.3%  pyvrp  k=2
12:14:07 | i 47 | [ ASYNC BG] bg_ails  94.10s / 90.48s / 104.0%
12:14:07 | i 48 | [HAOS ROLL] k=2  λ=0.8  vb  ac_complete  pyvrp  P≈0.000338
12:14:07 | i 48 | [ Summary ] cost=530059.00  Δ_S*=+1.37%  Δ_BKS=+1.52%  Δ_S*_BKS=+0.15%  no_improve=57
12:14:07 | i 49 | [HAOS ROLL] k=10  λ=0.8  vb  ac_avg  filo2  P≈0.004447
12:14:08 | i 49 | [Phase 1/3] decompose  0.74s / — / —  λ=0.8  vb ac_avg
12:14:44 | i 49 | [Phase 2/3] route  36.12s / 28.08s / 128.6%  filo2  k=10
12:15:59 | i 48 | [ ASYNC BG] bg_ails  112.06s / 108.80s / 103.0%
12:15:59 | i 49 | [HAOS ROLL] k=10  λ=0.8  vb  ac_avg  filo2  P≈0.004447
12:15:59 | i 49 | [ Summary ] cost=525460.00  Δ_S*=+0.49%  Δ_BKS=+0.64%  Δ_S*_BKS=+0.15%  no_improve=59
12:15:59 | i 50 | [HAOS ROLL] k=6  λ=0.8  vb  kmeans  filo  P≈0.006152
12:16:00 | i 50 | [Phase 1/3] decompose  0.51s / — / —  λ=0.8  vb kmeans
12:16:33 | i 50 | [Phase 2/3] route  33.12s / 33.42s / 99.1%  filo  k=6
12:17:03 | i 49 | [ ASYNC BG] bg_ails  64.16s / 60.00s / 106.9%
12:17:03 | i 50 | [HAOS ROLL] k=6  λ=0.8  vb  kmeans  filo  P≈0.006152
12:17:03 | i 50 | [ Summary ] cost=525010.00  Δ_S*=+0.40%  Δ_BKS=+0.55%  Δ_S*_BKS=+0.15%  no_improve=61
12:17:03 | i 51 | [HAOS ROLL] k=10  λ=1.0  rb  kmeans  filo2  P≈0.000896
12:17:04 | i 51 | [Phase 1/3] decompose  0.52s / — / —  λ=1.0  rb kmeans
12:17:41 | i 51 | [Phase 2/3] route  37.12s / 19.98s / 185.8%  filo2  k=10
12:18:07 | i 50 | [ ASYNC BG] bg_ails  64.11s / 60.00s / 106.8%
12:18:07 | i 51 | [HAOS ROLL] k=10  λ=1.0  rb  kmeans  filo2  P≈0.000896
12:18:08 | i 51 | [ Summary ] cost=525283.00  Δ_S*=+0.46%  Δ_BKS=+0.60%  Δ_S*_BKS=+0.15%  no_improve=63
12:18:08 | i 52 | [HAOS ROLL] k=2  λ=0.2  vb  kmedoids  filo2  P≈0.000541
12:18:08 | i 52 | [Phase 1/3] decompose  0.71s / — / —  λ=0.2  vb kmedoids
12:19:40 | i 52 | [Phase 2/3] route  92.20s / 92.46s / 99.7%  filo2  k=2
12:19:41 | i 51 | [ ASYNC BG] bg_ails  64.15s / 60.00s / 106.9%
12:19:41 | i 52 | [HAOS ROLL] k=2  λ=0.2  vb  kmedoids  filo2  P≈0.000541
12:19:41 | i 52 | [ Summary ] cost=524152.00  Δ_S*=+0.24%  Δ_BKS=+0.39%  Δ_S*_BKS=+0.15%  no_improve=65
12:19:41 | i 53 | [HAOS ROLL] k=10  λ=0.8  vb  kmeans  filo2  P≈0.010035
12:19:41 | i 53 | [Phase 1/3] decompose  0.51s / — / —  λ=0.8  vb kmeans
12:20:19 | i 53 | [Phase 2/3] route  38.24s / 21.96s / 174.1%  filo2  k=10
12:21:15 | i 52 | [ ASYNC BG] bg_ails  94.25s / 90.24s / 104.4%
12:21:15 | i 53 | [HAOS ROLL] k=10  λ=0.8  vb  kmeans  filo2  P≈0.010035
12:21:15 | i 53 | [ Summary ] cost=526410.00  Δ_S*=+0.67%  Δ_BKS=+0.82%  Δ_S*_BKS=+0.15%  no_improve=67
12:21:15 | i 38 | [ASYNC 1/2] sp_sc  725.27s / 720.00s / 100.7%  SC  avg_coverage=15.87/5  pool=10000
12:21:15 | i 38 | [ASYNC 2/2] standard_ails  363.45s / 360.00s / 101.0%
12:21:52 | i 38 | [ IMPROVE ] 522888.00  via standard_ails  ·  Δ_BKS=+0.15%
12:21:52 | i 54 | [HAOS ROLL] k=3  λ=0.6  vb  kmedoids  filo2  P≈0.000513
12:21:53 | i 54 | [Phase 1/3] decompose  0.64s / — / —  λ=0.6  vb kmedoids
12:22:59 | i 54 | [Phase 2/3] route  66.16s / 65.94s / 100.3%  filo2  k=3
12:22:59 | i 53 | [ ASYNC BG] bg_ails  64.09s / 60.00s / 106.8%
12:23:00 | i 54 | [HAOS ROLL] k=3  λ=0.6  vb  kmedoids  filo2  P≈0.000513
12:23:00 | i 54 | [ Summary ] cost=524754.00  Δ_S*=+0.36%  Δ_BKS=+0.50%  Δ_S*_BKS=+0.15%  no_improve=2
12:23:00 | i 55 | [HAOS ROLL] k=12  λ=0.8  rb  ac_avg  ails2  P≈0.001595
12:23:00 | i 55 | [Phase 1/3] decompose  0.53s / — / —  λ=0.8  rb ac_avg
12:23:37 | i 55 | [Phase 2/3] route  36.77s / 22.80s / 161.3%  ails2  k=12
12:24:08 | i 54 | [ ASYNC BG] bg_ails  68.26s / 64.36s / 106.1%
12:24:08 | i 55 | [HAOS ROLL] k=12  λ=0.8  rb  ac_avg  ails2  P≈0.001595
12:24:08 | i 55 | [ Summary ] cost=522969.00  Δ_S*=+0.02%  Δ_BKS=+0.16%  Δ_S*_BKS=+0.15%  no_improve=4
12:24:08 | i 56 | [HAOS ROLL] k=12  λ=0.6  vb  fcm  filo2  P≈0.001338
12:24:09 | i 56 | [Phase 1/3] decompose  0.81s / — / —  λ=0.6  vb fcm
12:24:41 | i 56 | [Phase 2/3] route  32.13s / 17.88s / 179.7%  filo2  k=12
12:25:12 | i 55 | [ ASYNC BG] bg_ails  64.19s / 60.00s / 107.0%
12:25:12 | i 56 | [HAOS ROLL] k=12  λ=0.6  vb  fcm  filo2  P≈0.001338
12:25:12 | i 56 | [ Summary ] cost=527107.00  Δ_S*=+0.81%  Δ_BKS=+0.95%  Δ_S*_BKS=+0.15%  no_improve=6
12:25:12 | i 57 | [HAOS ROLL] k=10  λ=0.4  vb  kmeans  filo  P≈0.001640
12:25:13 | i 57 | [Phase 1/3] decompose  0.52s / — / —  λ=0.4  vb kmeans
12:25:52 | i 57 | [Phase 2/3] route  39.13s / 22.74s / 172.1%  filo  k=10
12:26:16 | i 56 | [ ASYNC BG] bg_ails  64.20s / 60.00s / 107.0%
12:26:16 | i 57 | [HAOS ROLL] k=10  λ=0.4  vb  kmeans  filo  P≈0.001640
12:26:16 | i 57 | [ Summary ] cost=527481.00  Δ_S*=+0.88%  Δ_BKS=+1.03%  Δ_S*_BKS=+0.15%  no_improve=8
12:26:16 | i 58 | [HAOS ROLL] k=2  λ=0.0  rb  kmeans  filo2  P≈0.001121
12:26:17 | i 58 | [Phase 1/3] decompose  0.40s / — / —  λ=0.0  rb kmeans
12:27:48 | i 58 | [Phase 2/3] route  91.20s / 91.20s / 100.0%  filo2  k=2
12:27:48 | i 57 | [ ASYNC BG] bg_ails  64.25s / 60.00s / 107.1%
12:27:48 | i 58 | [HAOS ROLL] k=2  λ=0.0  rb  kmeans  filo2  P≈0.001121
12:27:48 | i 58 | [ Summary ] cost=524383.00  Δ_S*=+0.29%  Δ_BKS=+0.43%  Δ_S*_BKS=+0.15%  no_improve=10
12:27:48 | i 59 | [HAOS ROLL] k=12  λ=0.8  vb  fcm  ails2  P≈0.002230
12:27:49 | i 59 | [Phase 1/3] decompose  0.95s / — / —  λ=0.8  vb fcm
12:28:25 | i 59 | [Phase 2/3] route  35.81s / 17.64s / 203.0%  ails2  k=12
12:29:21 | i 58 | [ ASYNC BG] bg_ails  93.24s / 89.01s / 104.8%
12:29:21 | i 59 | [HAOS ROLL] k=12  λ=0.8  vb  fcm  ails2  P≈0.002230
12:29:21 | i 59 | [ Summary ] cost=526077.00  Δ_S*=+0.61%  Δ_BKS=+0.76%  Δ_S*_BKS=+0.15%  no_improve=12
12:29:21 | i 60 | [HAOS ROLL] k=10  λ=1.0  vb  ac_complete  filo2  P≈0.000500
12:29:22 | i 60 | [Phase 1/3] decompose  0.75s / — / —  λ=1.0  vb ac_complete
12:29:57 | i 60 | [Phase 2/3] route  35.12s / 25.50s / 137.7%  filo2  k=10
12:30:25 | i 59 | [ ASYNC BG] bg_ails  64.12s / 60.00s / 106.9%
12:30:26 | i 60 | [HAOS ROLL] k=10  λ=1.0  vb  ac_complete  filo2  P≈0.000500
12:30:26 | i 60 | [ Summary ] cost=526475.00  Δ_S*=+0.69%  Δ_BKS=+0.83%  Δ_S*_BKS=+0.15%  no_improve=14
12:30:26 | i 61 | [HAOS ROLL] k=2  λ=0.8  vb  kmeans  filo  P≈0.004525
12:30:26 | i 61 | [Phase 1/3] decompose  0.51s / — / —  λ=0.8  vb kmeans
12:31:57 | i 61 | [Phase 2/3] route  91.21s / 90.84s / 100.4%  filo  k=2
12:31:57 | i 60 | [ ASYNC BG] bg_ails  64.21s / 60.00s / 107.0%
12:31:58 | i 61 | [HAOS ROLL] k=2  λ=0.8  vb  kmeans  filo  P≈0.004525
12:31:58 | i 61 | [ Summary ] cost=524750.00  Δ_S*=+0.36%  Δ_BKS=+0.50%  Δ_S*_BKS=+0.15%  no_improve=16
12:31:58 | i 62 | [HAOS ROLL] k=6  λ=0.6  vb  kmeans  ails2  P≈0.001045
12:31:58 | i 62 | [Phase 1/3] decompose  0.52s / — / —  λ=0.6  vb kmeans
12:32:36 | i 62 | [Phase 2/3] route  37.81s / 36.12s / 104.7%  ails2  k=6
12:33:30 | i 61 | [ ASYNC BG] bg_ails  92.34s / 88.66s / 104.1%
12:33:30 | i 62 | [HAOS ROLL] k=6  λ=0.6  vb  kmeans  ails2  P≈0.001045
12:33:30 | i 62 | [ Summary ] cost=524549.00  Δ_S*=+0.32%  Δ_BKS=+0.46%  Δ_S*_BKS=+0.15%  no_improve=18
12:33:30 | i 63 | [HAOS ROLL] k=2  λ=0.8  vb  kmedoids  filo2  P≈0.005544
12:33:31 | i 63 | [Phase 1/3] decompose  0.89s / — / —  λ=0.8  vb kmedoids
12:35:04 | i 63 | [Phase 2/3] route  93.20s / 92.64s / 100.6%  filo2  k=2
12:35:04 | i 62 | [ ASYNC BG] bg_ails  64.29s / 60.00s / 107.2%
12:35:04 | i 63 | [HAOS ROLL] k=2  λ=0.8  vb  kmedoids  filo2  P≈0.005544
12:35:04 | i 63 | [ Summary ] cost=524338.00  Δ_S*=+0.28%  Δ_BKS=+0.42%  Δ_S*_BKS=+0.15%  no_improve=20
12:35:04 | i 64 | [HAOS ROLL] k=6  λ=0.6  vb  kmeans  ails2  P≈0.001374
12:35:05 | i 64 | [Phase 1/3] decompose  0.51s / — / —  λ=0.6  vb kmeans
12:35:40 | i 64 | [Phase 2/3] route  34.71s / 33.06s / 105.0%  ails2  k=6
12:36:38 | i 63 | [ ASYNC BG] bg_ails  94.23s / 90.42s / 104.2%
12:36:39 | i 64 | [HAOS ROLL] k=6  λ=0.6  vb  kmeans  ails2  P≈0.001374
12:36:39 | i 64 | [ Summary ] cost=524234.00  Δ_S*=+0.26%  Δ_BKS=+0.40%  Δ_S*_BKS=+0.15%  no_improve=22
12:36:39 | i 65 | [HAOS ROLL] k=8  λ=0.8  vb  ac_complete  filo2  P≈0.000711
12:36:40 | i 65 | [Phase 1/3] decompose  0.71s / — / —  λ=0.8  vb ac_complete
12:37:14 | i 65 | [Phase 2/3] route  34.12s / 33.06s / 103.2%  filo2  k=8
12:37:43 | i 64 | [ ASYNC BG] bg_ails  64.07s / 60.00s / 106.8%
12:37:43 | i 65 | [HAOS ROLL] k=8  λ=0.8  vb  ac_complete  filo2  P≈0.000711
12:37:43 | i 65 | [ Summary ] cost=525276.00  Δ_S*=+0.46%  Δ_BKS=+0.60%  Δ_S*_BKS=+0.15%  no_improve=24
12:37:43 | i 66 | [HAOS ROLL] k=10  λ=0.4  rb  ac_avg  filo2  P≈0.001090
12:37:43 | i 66 | [Phase 1/3] decompose  0.53s / — / —  λ=0.4  rb ac_avg
12:38:20 | i 66 | [Phase 2/3] route  37.12s / 28.92s / 128.4%  filo2  k=10
12:38:47 | i 65 | [ ASYNC BG] bg_ails  64.18s / 60.00s / 107.0%
12:38:47 | i 66 | [HAOS ROLL] k=10  λ=0.4  rb  ac_avg  filo2  P≈0.001090
12:38:47 | i 66 | [ Summary ] cost=524974.00  Δ_S*=+0.40%  Δ_BKS=+0.55%  Δ_S*_BKS=+0.15%  no_improve=26
12:38:47 | i 67 | [HAOS ROLL] k=2  λ=0.2  vb  kmedoids  filo  P≈0.000424
12:38:48 | i 67 | [Phase 1/3] decompose  0.71s / — / —  λ=0.2  vb kmedoids
12:40:20 | i 67 | [Phase 2/3] route  92.20s / 92.46s / 99.7%  filo  k=2
12:40:20 | i 66 | [ ASYNC BG] bg_ails  64.13s / 60.00s / 106.9%
12:40:20 | i 67 | [HAOS ROLL] k=2  λ=0.2  vb  kmedoids  filo  P≈0.000424
12:40:20 | i 67 | [ Summary ] cost=524861.00  Δ_S*=+0.38%  Δ_BKS=+0.52%  Δ_S*_BKS=+0.15%  no_improve=28
12:40:20 | i 68 | [HAOS ROLL] k=6  λ=0.8  vb  fcm  ails2  P≈0.002346
12:40:21 | i 68 | [Phase 1/3] decompose  0.72s / — / —  λ=0.8  vb fcm
12:40:53 | i 68 | [Phase 2/3] route  31.65s / 30.78s / 102.8%  ails2  k=6
12:41:54 | i 67 | [ ASYNC BG] bg_ails  94.29s / 90.24s / 104.5%
12:41:54 | i 68 | [HAOS ROLL] k=6  λ=0.8  vb  fcm  ails2  P≈0.002346
12:41:54 | i 68 | [ Summary ] cost=524275.00  Δ_S*=+0.27%  Δ_BKS=+0.41%  Δ_S*_BKS=+0.15%  no_improve=30
12:41:54 | i 54 | [ASYNC 1/2] sp_sc  725.76s / 720.00s / 100.8%  SC  avg_coverage=15.81/5  pool=10000
12:41:54 | i 54 | [ASYNC 2/2] standard_ails  363.61s / 360.00s / 101.0%
12:42:33 | i 69 | [HAOS ROLL] k=8  λ=0.8  vb  ac_complete  ails2  P≈0.000484
12:42:34 | i 69 | [Phase 1/3] decompose  0.74s / — / —  λ=0.8  vb ac_complete
12:43:10 | i 69 | [Phase 2/3] route  35.73s / 33.06s / 108.1%  ails2  k=8
12:43:10 | i 68 | [ ASYNC BG] bg_ails  64.02s / 60.00s / 106.7%
12:43:10 | i 69 | [HAOS ROLL] k=8  λ=0.8  vb  ac_complete  ails2  P≈0.000484
12:43:10 | i 69 | [ Summary ] cost=524552.00  Δ_S*=+0.32%  Δ_BKS=+0.46%  Δ_S*_BKS=+0.15%  no_improve=33
12:43:10 | i 70 | [HAOS ROLL] k=12  λ=1.0  rb  ac_avg  filo2  P≈0.001136
12:43:11 | i 70 | [Phase 1/3] decompose  0.53s / — / —  λ=1.0  rb ac_avg
12:43:45 | i 70 | [Phase 2/3] route  34.13s / 22.80s / 149.7%  filo2  k=12
12:44:14 | i 69 | [ ASYNC BG] bg_ails  64.18s / 60.00s / 107.0%
12:44:14 | i 70 | [HAOS ROLL] k=12  λ=1.0  rb  ac_avg  filo2  P≈0.001136
12:44:14 | i 70 | [ Summary ] cost=523972.00  Δ_S*=+0.21%  Δ_BKS=+0.35%  Δ_S*_BKS=+0.15%  no_improve=35
12:44:14 | i 71 | [HAOS ROLL] k=10  λ=0.0  vb  ac_avg  pyvrp  P≈0.000258
12:44:15 | i 71 | [Phase 1/3] decompose  0.62s / — / —  λ=0.0  vb ac_avg
12:44:48 | i 71 | [Phase 2/3] route  33.59s / 32.52s / 103.3%  pyvrp  k=10
12:45:18 | i 70 | [ ASYNC BG] bg_ails  64.27s / 60.00s / 107.1%
12:45:18 | i 71 | [HAOS ROLL] k=10  λ=0.0  vb  ac_avg  pyvrp  P≈0.000258
12:45:19 | i 71 | [ Summary ] cost=530365.00  Δ_S*=+1.43%  Δ_BKS=+1.58%  Δ_S*_BKS=+0.15%  no_improve=37
12:45:19 | i 72 | [HAOS ROLL] k=2  λ=0.8  vb  ac_avg  filo2  P≈0.004156
12:45:19 | i 72 | [Phase 1/3] decompose  0.75s / — / —  λ=0.8  vb ac_avg
12:46:53 | i 72 | [Phase 2/3] route  94.21s / 94.20s / 100.0%  filo2  k=2
12:46:54 | i 71 | [ ASYNC BG] bg_ails  64.12s / 60.00s / 106.9%
12:46:54 | i 72 | [HAOS ROLL] k=2  λ=0.8  vb  ac_avg  filo2  P≈0.004156
12:46:54 | i 72 | [ Summary ] cost=524432.00  Δ_S*=+0.30%  Δ_BKS=+0.44%  Δ_S*_BKS=+0.15%  no_improve=39
12:46:54 | i 73 | [HAOS ROLL] k=12  λ=0.4  vb  kmedoids  filo2  P≈0.001942
12:46:55 | i 73 | [Phase 1/3] decompose  0.71s / — / —  λ=0.4  vb kmedoids
12:47:30 | i 73 | [Phase 2/3] route  35.14s / 18.60s / 188.9%  filo2  k=12
12:48:29 | i 72 | [ ASYNC BG] bg_ails  95.22s / 91.94s / 103.6%
12:48:29 | i 73 | [HAOS ROLL] k=12  λ=0.4  vb  kmedoids  filo2  P≈0.001942
12:48:29 | i 73 | [ Summary ] cost=527309.00  Δ_S*=+0.85%  Δ_BKS=+0.99%  Δ_S*_BKS=+0.15%  no_improve=41
12:48:29 | i 74 | [HAOS ROLL] k=12  λ=0.8  vb  kmedoids  filo2  P≈0.006286
12:48:30 | i 74 | [Phase 1/3] decompose  0.72s / — / —  λ=0.8  vb kmedoids
12:49:05 | i 74 | [Phase 2/3] route  35.11s / 18.12s / 193.8%  filo2  k=12
12:49:33 | i 73 | [ ASYNC BG] bg_ails  64.09s / 60.00s / 106.8%
12:49:33 | i 74 | [HAOS ROLL] k=12  λ=0.8  vb  kmedoids  filo2  P≈0.006286
12:49:33 | i 74 | [ Summary ] cost=527110.00  Δ_S*=+0.81%  Δ_BKS=+0.95%  Δ_S*_BKS=+0.15%  no_improve=43
12:49:33 | i 75 | [HAOS ROLL] k=10  λ=0.0  vb  kmeans  filo  P≈0.001778
12:49:34 | i 75 | [Phase 1/3] decompose  0.42s / — / —  λ=0.0  vb kmeans
12:50:11 | i 75 | [Phase 2/3] route  37.13s / 21.66s / 171.4%  filo  k=10
12:50:37 | i 74 | [ ASYNC BG] bg_ails  64.55s / 60.00s / 107.6%
12:50:38 | i 75 | [HAOS ROLL] k=10  λ=0.0  vb  kmeans  filo  P≈0.001778
12:50:38 | i 75 | [ Summary ] cost=526738.00  Δ_S*=+0.74%  Δ_BKS=+0.88%  Δ_S*_BKS=+0.15%  no_improve=45
12:50:38 | i 76 | [HAOS ROLL] k=12  λ=0.4  vb  ac_avg  ails2  P≈0.000898
12:50:38 | i 76 | [Phase 1/3] decompose  0.73s / — / —  λ=0.4  vb ac_avg
12:51:13 | i 76 | [Phase 2/3] route  34.67s / 20.22s / 171.5%  ails2  k=12
12:51:42 | i 75 | [ ASYNC BG] bg_ails  64.24s / 60.00s / 107.1%
12:51:42 | i 76 | [HAOS ROLL] k=12  λ=0.4  vb  ac_avg  ails2  P≈0.000898
12:51:42 | i 76 | [ Summary ] cost=526083.00  Δ_S*=+0.61%  Δ_BKS=+0.76%  Δ_S*_BKS=+0.15%  no_improve=47
12:51:42 | i 77 | [HAOS ROLL] k=2  λ=1.0  vb  ac_avg  filo2  P≈0.001511
12:51:43 | i 77 | [Phase 1/3] decompose  0.74s / — / —  λ=1.0  vb ac_avg
12:53:16 | i 77 | [Phase 2/3] route  93.21s / 92.70s / 100.6%  filo2  k=2
12:53:16 | i 76 | [ ASYNC BG] bg_ails  64.21s / 60.00s / 107.0%
12:53:16 | i 77 | [HAOS ROLL] k=2  λ=1.0  vb  ac_avg  filo2  P≈0.001511
12:53:16 | i 77 | [ Summary ] cost=524654.00  Δ_S*=+0.34%  Δ_BKS=+0.48%  Δ_S*_BKS=+0.15%  no_improve=49
12:53:16 | i 78 | [HAOS ROLL] k=3  λ=0.0  rb  ac_avg  ails2  P≈0.000120
12:53:17 | i 78 | [Phase 1/3] decompose  0.40s / — / —  λ=0.0  rb ac_avg
12:54:59 | i 78 | [Phase 2/3] route  102.04s / 100.32s / 101.7%  ails2  k=3
12:54:59 | i 77 | [ ASYNC BG] bg_ails  94.09s / 90.48s / 104.0%
12:54:59 | i 78 | [HAOS ROLL] k=3  λ=0.0  rb  ac_avg  ails2  P≈0.000120
12:54:59 | i 78 | [ Summary ] cost=523050.00  Δ_S*=+0.03%  Δ_BKS=+0.18%  Δ_S*_BKS=+0.15%  no_improve=51
12:54:59 | i 79 | [HAOS ROLL] k=12  λ=0.6  vb  kmeans  filo  P≈0.001608
12:55:00 | i 79 | [Phase 1/3] decompose  0.50s / — / —  λ=0.6  vb kmeans
12:55:35 | i 79 | [Phase 2/3] route  35.11s / 18.78s / 186.9%  filo  k=12
12:56:40 | i 78 | [ ASYNC BG] bg_ails  101.00s / 97.91s / 103.1%
12:56:40 | i 79 | [HAOS ROLL] k=12  λ=0.6  vb  kmeans  filo  P≈0.001608
12:56:40 | i 79 | [ Summary ] cost=527388.00  Δ_S*=+0.86%  Δ_BKS=+1.01%  Δ_S*_BKS=+0.15%  no_improve=53
12:56:40 | i 80 | [HAOS ROLL] k=12  λ=0.8  vb  ac_avg  filo2  P≈0.005904
12:56:41 | i 80 | [Phase 1/3] decompose  0.73s / — / —  λ=0.8  vb ac_avg
12:57:18 | i 80 | [Phase 2/3] route  37.11s / 25.08s / 148.0%  filo2  k=12
12:57:44 | i 79 | [ ASYNC BG] bg_ails  64.18s / 60.00s / 107.0%
12:57:44 | i 80 | [HAOS ROLL] k=12  λ=0.8  vb  ac_avg  filo2  P≈0.005904
12:57:44 | i 80 | [ Summary ] cost=526493.00  Δ_S*=+0.69%  Δ_BKS=+0.84%  Δ_S*_BKS=+0.15%  no_improve=55
12:57:44 | i 81 | [HAOS ROLL] k=8  λ=0.8  rb  kmeans  filo  P≈0.000677
12:57:45 | i 81 | [Phase 1/3] decompose  0.52s / — / —  λ=0.8  rb kmeans
12:58:30 | i 81 | [Phase 2/3] route  45.12s / 25.98s / 173.7%  filo  k=8
12:58:48 | i 80 | [ ASYNC BG] bg_ails  64.14s / 60.00s / 106.9%
12:58:48 | i 81 | [HAOS ROLL] k=8  λ=0.8  rb  kmeans  filo  P≈0.000677
12:58:48 | i 81 | [ Summary ] cost=525054.00  Δ_S*=+0.41%  Δ_BKS=+0.56%  Δ_S*_BKS=+0.15%  no_improve=57
12:58:48 | i 82 | [HAOS ROLL] k=3  λ=0.0  vb  ac_avg  filo2  P≈0.000690
12:58:49 | i 82 | [Phase 1/3] decompose  0.62s / — / —  λ=0.0  vb ac_avg
13:00:00 | i 82 | [Phase 2/3] route  71.18s / 70.98s / 100.3%  filo2  k=3
13:00:00 | i 81 | [ ASYNC BG] bg_ails  64.21s / 60.00s / 107.0%
13:00:00 | i 82 | [HAOS ROLL] k=3  λ=0.0  vb  ac_avg  filo2  P≈0.000690
13:00:00 | i 82 | [ Summary ] cost=524285.00  Δ_S*=+0.27%  Δ_BKS=+0.41%  Δ_S*_BKS=+0.15%  no_improve=59
13:00:00 | i 83 | [HAOS ROLL] k=8  λ=0.4  vb  kmeans  filo2  P≈0.001459
13:00:01 | i 83 | [Phase 1/3] decompose  0.51s / — / —  λ=0.4  vb kmeans
13:00:47 | i 83 | [Phase 2/3] route  46.12s / 27.24s / 169.3%  filo2  k=8
13:01:13 | i 82 | [ ASYNC BG] bg_ails  73.21s / 69.28s / 105.7%
13:01:14 | i 83 | [HAOS ROLL] k=8  λ=0.4  vb  kmeans  filo2  P≈0.001459
13:01:14 | i 83 | [ Summary ] cost=526118.00  Δ_S*=+0.62%  Δ_BKS=+0.76%  Δ_S*_BKS=+0.15%  no_improve=61
13:01:14 | i 84 | [HAOS ROLL] k=8  λ=0.4  rb  kmeans  filo2  P≈0.000567
13:01:14 | i 84 | [Phase 1/3] decompose  0.53s / — / —  λ=0.4  rb kmeans
13:01:56 | i 84 | [Phase 2/3] route  42.12s / 27.48s / 153.3%  filo2  k=8
13:02:18 | i 83 | [ ASYNC BG] bg_ails  64.43s / 60.00s / 107.4%
13:02:18 | i 84 | [HAOS ROLL] k=8  λ=0.4  rb  kmeans  filo2  P≈0.000567
13:02:18 | i 84 | [ Summary ] cost=525357.00  Δ_S*=+0.47%  Δ_BKS=+0.62%  Δ_S*_BKS=+0.15%  no_improve=63
13:02:18 | i 69 | [ASYNC 1/2] sp_sc  724.89s / 720.00s / 100.7%  SC  avg_coverage=15.61/5  pool=10000
13:02:18 | i 69 | [ASYNC 2/2] standard_ails  363.61s / 360.00s / 101.0%
13:02:56 | i 85 | [HAOS ROLL] k=10  λ=0.0  vb  ac_avg  pyvrp  P≈0.000405
13:02:57 | i 85 | [Phase 1/3] decompose  0.58s / — / —  λ=0.0  vb ac_avg
13:03:30 | i 85 | [Phase 2/3] route  33.53s / 32.52s / 103.1%  pyvrp  k=10
13:03:30 | i 84 | [ ASYNC BG] bg_ails  64.05s / 60.00s / 106.8%
13:03:31 | i 85 | [HAOS ROLL] k=10  λ=0.0  vb  ac_avg  pyvrp  P≈0.000405
13:03:31 | i 85 | [ Summary ] cost=530276.00  Δ_S*=+1.41%  Δ_BKS=+1.56%  Δ_S*_BKS=+0.15%  no_improve=66
13:03:31 | i 86 | [HAOS ROLL] k=12  λ=0.0  vb  fcm  filo  P≈0.000964
13:03:32 | i 86 | [Phase 1/3] decompose  0.75s / — / —  λ=0.0  vb fcm
13:04:05 | i 86 | [Phase 2/3] route  33.13s / 17.82s / 185.9%  filo  k=12
13:04:35 | i 85 | [ ASYNC BG] bg_ails  64.09s / 60.00s / 106.8%
13:04:35 | i 86 | [HAOS ROLL] k=12  λ=0.0  vb  fcm  filo  P≈0.000964
13:04:35 | i 86 | [ Summary ] cost=527616.00  Δ_S*=+0.90%  Δ_BKS=+1.05%  Δ_S*_BKS=+0.15%  no_improve=68
13:04:35 | i 87 | [HAOS ROLL] k=2  λ=0.8  vb  ac_avg  ails2  P≈0.002636
13:04:36 | i 87 | [Phase 1/3] decompose  0.73s / — / —  λ=0.8  vb ac_avg
13:06:12 | i 87 | [Phase 2/3] route  96.06s / 94.20s / 102.0%  ails2  k=2
13:06:12 | i 86 | [ ASYNC BG] bg_ails  64.08s / 60.00s / 106.8%
13:06:12 | i 87 | [HAOS ROLL] k=2  λ=0.8  vb  ac_avg  ails2  P≈0.002636
13:06:12 | i 87 | [ Summary ] cost=523328.00  Δ_S*=+0.08%  Δ_BKS=+0.23%  Δ_S*_BKS=+0.15%  no_improve=70
13:06:12 | i 88 | [HAOS ROLL] k=12  λ=0.2  vb  kmeans  filo  P≈0.000724
13:06:13 | i 88 | [Phase 1/3] decompose  0.53s / — / —  λ=0.2  vb kmeans
13:06:45 | i 88 | [Phase 2/3] route  32.12s / 17.10s / 187.8%  filo  k=12
13:07:47 | i 87 | [ ASYNC BG] bg_ails  95.29s / 91.94s / 103.6%
13:07:47 | i 88 | [HAOS ROLL] k=12  λ=0.2  vb  kmeans  filo  P≈0.000724
13:07:47 | i 88 | [ Summary ] cost=526737.00  Δ_S*=+0.74%  Δ_BKS=+0.88%  Δ_S*_BKS=+0.15%  no_improve=72
13:07:47 | i 89 | [HAOS ROLL] k=2  λ=0.0  vb  kmeans  filo  P≈0.002003
13:07:48 | i 89 | [Phase 1/3] decompose  0.39s / — / —  λ=0.0  vb kmeans
13:09:19 | i 89 | [Phase 2/3] route  91.19s / 90.78s / 100.5%  filo  k=2
13:09:19 | i 88 | [ ASYNC BG] bg_ails  64.23s / 60.00s / 107.0%
13:09:19 | i 89 | [HAOS ROLL] k=2  λ=0.0  vb  kmeans  filo  P≈0.002003
13:09:19 | i 89 | [ Summary ] cost=524740.00  Δ_S*=+0.35%  Δ_BKS=+0.50%  Δ_S*_BKS=+0.15%  no_improve=74
13:09:19 | i 90 | [HAOS ROLL] k=6  λ=0.8  vb  fcm  filo2  P≈0.003458
13:09:20 | i 90 | [Phase 1/3] decompose  0.63s / — / —  λ=0.8  vb fcm
13:09:51 | i 90 | [Phase 2/3] route  31.14s / 30.84s / 101.0%  filo2  k=6
13:10:51 | i 89 | [ ASYNC BG] bg_ails  92.14s / 88.60s / 104.0%
13:10:51 | i 90 | [HAOS ROLL] k=6  λ=0.8  vb  fcm  filo2  P≈0.003458
13:10:52 | i 90 | [ Summary ] cost=525245.00  Δ_S*=+0.45%  Δ_BKS=+0.60%  Δ_S*_BKS=+0.15%  no_improve=76
13:10:52 | i 91 | [HAOS ROLL] k=8  λ=1.0  vb  kmedoids  filo2  P≈0.000915
13:10:52 | i 91 | [Phase 1/3] decompose  0.64s / — / —  λ=1.0  vb kmedoids
13:11:36 | i 91 | [Phase 2/3] route  44.14s / 25.14s / 175.6%  filo2  k=8
13:11:56 | i 90 | [ ASYNC BG] bg_ails  64.24s / 60.00s / 107.1%
13:11:56 | i 91 | [HAOS ROLL] k=8  λ=1.0  vb  kmedoids  filo2  P≈0.000915
13:11:56 | i 91 | [ Summary ] cost=525722.00  Δ_S*=+0.54%  Δ_BKS=+0.69%  Δ_S*_BKS=+0.15%  no_improve=78
13:11:56 | i 92 | [HAOS ROLL] k=6  λ=0.4  vb  fcm  ails2  P≈0.000687
13:11:56 | i 92 | [Phase 1/3] decompose  0.67s / — / —  λ=0.4  vb fcm
13:12:29 | i 92 | [Phase 2/3] route  32.62s / 31.44s / 103.7%  ails2  k=6
13:13:00 | i 91 | [ ASYNC BG] bg_ails  64.26s / 60.00s / 107.1%
13:13:00 | i 92 | [HAOS ROLL] k=6  λ=0.4  vb  fcm  ails2  P≈0.000687
13:13:00 | i 92 | [ Summary ] cost=524372.00  Δ_S*=+0.28%  Δ_BKS=+0.43%  Δ_S*_BKS=+0.15%  no_improve=80
13:13:00 | i 93 | [HAOS ROLL] k=12  λ=0.8  vb  kmedoids  filo  P≈0.004247
13:13:01 | i 93 | [Phase 1/3] decompose  0.73s / — / —  λ=0.8  vb kmedoids
13:13:36 | i 93 | [Phase 2/3] route  35.12s / 18.12s / 193.8%  filo  k=12
13:13:36 | i 93 | [HAOS ROLL] k=12  λ=0.8  vb  kmedoids  filo  P≈0.004247
13:13:36 | i 93 | [ Summary ] cost=527003.00  Δ_S*=+0.79%  Δ_BKS=+0.93%  Δ_S*_BKS=+0.15%  no_improve=81
13:13:36 | i 94 | [HAOS ROLL] k=8  λ=0.0  rb  ac_avg  filo2  P≈0.000969
13:13:37 | i 94 | [Phase 1/3] decompose  0.39s / — / —  λ=0.0  rb ac_avg
13:14:12 | i 94 | [Phase 2/3] route  35.13s / 29.16s / 120.5%  filo2  k=8
13:14:12 | i 94 | [HAOS ROLL] k=8  λ=0.0  rb  ac_avg  filo2  P≈0.000969
13:14:12 | i 94 | [ Summary ] cost=525010.00  Δ_S*=+0.41%  Δ_BKS=+0.55%  Δ_S*_BKS=+0.15%  no_improve=82
13:14:12 | i — | [  FINAL  ] async BG-AILS totals launched=91 applied=91 adopted=3 launch_skipped_cap=3 crashes=0 discarded_in_flight=False block_wait_total_s=2237.5
13:14:42 | i — | [  FINAL  ] async SP/SC totals invocations=6 adopted=2 skipped=0 discarded_in_flight=True sp_busy_frac=0.8839312282167704
13:14:42 | i — | [  FINAL  ] ════════════════════════════════════════
13:14:42 | i — | [  FINAL  ] Run complete  iterations=94  elapsed=02:00:42  best=522888.00
13:14:42 | i — | [  FINAL  ] Δ_BKS=+0.15%  no_improve_stop=False  time_stop=True  cancelled=False
13:14:42 | i — | [  FINAL  ] 
13:14:42 | i — | [  FINAL  ] [BEST SOLUTION — HAOS TAG SUMMARY]
13:14:42 | i — | [  FINAL  ] ────────────────────────────────────────
13:14:42 | i — | [  FINAL  ]   168 routes  vb  fcm  k=6  λ=0.8  solver=filo2
13:14:42 | i — | [  FINAL  ]   73 routes  vb  kmedoids  k=12  λ=0.4  solver=filo
13:14:42 | i — | [  FINAL  ]   39 routes  rb  ac_avg  k=10  λ=0.6  solver=filo
13:14:42 | i — | [  FINAL  ]   24 routes  vb  kmeans  k=2  λ=0.0  solver=filo2
13:14:42 | i — | [  FINAL  ]   18 routes  vb  kmedoids  k=10  λ=0.8  solver=filo2
13:14:42 | i — | [  FINAL  ]   14 routes  vb  fcm  k=12  λ=0.0  solver=filo2
13:14:42 | i — | [  FINAL  ]   13 routes  vb  kmeans  k=6  λ=0.8  solver=filo
13:14:42 | i — | [  FINAL  ]   12 routes  vb  kmeans  k=8  λ=0.0  solver=ails2
13:14:42 | i — | [  FINAL  ]   10 routes  rb  ac_complete  k=12  λ=0.8  solver=pyvrp
13:14:42 | i — | [  FINAL  ]   9 routes  vb  ac_avg  k=3  λ=1.0  solver=filo2
13:14:42 | i — | [  FINAL  ]   9 routes  vb  ac_avg  k=10  λ=0.8  solver=filo2
13:14:42 | i — | [  FINAL  ]   8 routes  vb  fcm  k=4  λ=0.6  solver=filo2
13:14:42 | i — | [  FINAL  ]   7 routes  rb  kmeans  k=10  λ=1.0  solver=filo2
13:14:42 | i — | [  FINAL  ]   7 routes  vb  kmedoids  k=12  λ=0.8  solver=pyvrp
13:14:42 | i — | [  FINAL  ]   6 routes  vb  kmeans  k=12  λ=0.8  solver=ails2
13:14:42 | i — | [  FINAL  ]   6 routes  vb  kmeans  k=10  λ=1.0  solver=filo2
13:14:42 | i — | [  FINAL  ]   6 routes  vb  kmedoids  k=2  λ=0.2  solver=filo2
13:14:42 | i — | [  FINAL  ]   5 routes  vb  ac_complete  k=2  λ=0.8  solver=pyvrp
13:14:42 | i — | [  FINAL  ]   5 routes  rb  ac_avg  k=8  λ=0.8  solver=filo
13:14:42 | i — | [  FINAL  ]   4 routes  vb  kmeans  k=8  λ=0.8  solver=filo
13:14:42 | i — | [  FINAL  ]   4 routes  vb  kmedoids  k=6  λ=0.4  solver=ails2
13:14:42 | i — | [  FINAL  ]   3 routes  rb  ac_avg  k=10  λ=1.0  solver=filo
13:14:42 | i — | [  FINAL  ]   3 routes  rb  ac_complete  k=2  λ=1.0  solver=filo2
13:14:42 | i — | [  FINAL  ]   3 routes  vb  ac_avg  k=4  λ=0.0  solver=ails2
13:14:42 | i — | [  FINAL  ]   2 routes  vb  ac_avg  k=12  λ=0.6  solver=filo2
13:14:42 | i — | [  FINAL  ]   2 routes  rb  kmeans  k=2  λ=0.6  solver=ails2
13:14:42 | i — | [  FINAL  ]   2 routes  vb  fcm  k=2  λ=0.6  solver=ails2
13:14:42 | i — | [  FINAL  ]   2 routes  rb  kmeans  k=6  λ=0.0  solver=filo
13:14:42 | i — | [  FINAL  ]   2 routes  vb  kmedoids  k=12  λ=0.8  solver=ails2
13:14:42 | i — | [  FINAL  ]   2 routes  vb  ac_avg  k=10  λ=0.4  solver=filo2
13:14:42 | i — | [  FINAL  ]   1 routes  vb  ac_avg  k=10  λ=1.0  solver=ails2
13:14:42 | i — | [  FINAL  ]   1 routes  vb  kmeans  k=10  λ=0.2  solver=pyvrp
13:14:42 | i — | [  FINAL  ]   1 routes  vb  fcm  k=10  λ=0.8  solver=filo2
13:14:42 | i — | [  FINAL  ]   1 routes  vb  kmedoids  k=6  λ=0.4  solver=filo2
13:14:42 | i — | [  FINAL  ]   1 routes  rb  ac_avg  k=3  λ=0.0  solver=ails2
13:14:42 | i — | [  FINAL  ]   1 routes  vb  fcm  k=12  λ=0.4  solver=pyvrp
13:14:42 | i — | [  FINAL  ]   1 routes  vb  kmeans  k=6  λ=0.8  solver=ails2
13:14:42 | i — | [  FINAL  ]   1 routes  vb  kmedoids  k=10  λ=0.2  solver=filo2
13:14:42 | i — | [  FINAL  ]   1 routes  vb  kmeans  k=10  λ=0.8  solver=filo2
13:14:42 | i — | [  FINAL  ]   181 routes  post-SP/SC improvement
13:14:42 | i — | [  FINAL  ] 
13:14:42 | i — | [  FINAL  ] [ROUTE POOL — HAOS TAG SUMMARY]
13:14:42 | i — | [  FINAL  ] ────────────────────────────────────────
13:14:42 | i — | [  FINAL  ]   940 routes  vb  fcm  k=6  λ=0.8  solver=filo2
13:14:42 | i — | [  FINAL  ]   806 routes  vb  ac_avg  k=10  λ=0.0  solver=pyvrp
13:14:42 | i — | [  FINAL  ]   463 routes  vb  fcm  k=12  λ=0.0  solver=filo
13:14:42 | i — | [  FINAL  ]   445 routes  vb  kmedoids  k=8  λ=1.0  solver=filo2
13:14:42 | i — | [  FINAL  ]   444 routes  vb  kmeans  k=12  λ=0.2  solver=filo
13:14:42 | i — | [  FINAL  ]   408 routes  vb  kmeans  k=2  λ=0.0  solver=filo
13:14:42 | i — | [  FINAL  ]   366 routes  vb  ac_avg  k=2  λ=0.8  solver=ails2
13:14:42 | i — | [  FINAL  ]   317 routes  vb  kmedoids  k=12  λ=0.4  solver=filo
13:14:42 | i — | [  FINAL  ]   267 routes  rb  kmeans  k=8  λ=0.4  solver=filo2
13:14:42 | i — | [  FINAL  ]   241 routes  vb  kmedoids  k=12  λ=0.8  solver=filo
13:14:42 | i — | [  FINAL  ]   221 routes  rb  ac_avg  k=10  λ=0.6  solver=filo
13:14:42 | i — | [  FINAL  ]   203 routes  vb  fcm  k=6  λ=0.4  solver=ails2
13:14:42 | i — | [  FINAL  ]   188 routes  rb  ac_avg  k=8  λ=0.0  solver=filo2
13:14:42 | i — | [  FINAL  ]   177 routes  vb  kmedoids  k=12  λ=0.8  solver=filo2
13:14:42 | i — | [  FINAL  ]   174 routes  vb  kmeans  k=8  λ=0.4  solver=filo2
13:14:42 | i — | [  FINAL  ]   160 routes  vb  ac_complete  k=8  λ=0.8  solver=ails2
13:14:42 | i — | [  FINAL  ]   156 routes  vb  kmeans  k=2  λ=0.0  solver=filo2
13:14:42 | i — | [  FINAL  ]   152 routes  vb  kmeans  k=12  λ=0.6  solver=filo
13:14:42 | i — | [  FINAL  ]   152 routes  rb  kmeans  k=8  λ=0.8  solver=filo
13:14:42 | i — | [  FINAL  ]   149 routes  vb  ac_avg  k=12  λ=0.8  solver=filo2
13:14:42 | i — | [  FINAL  ]   149 routes  vb  kmedoids  k=12  λ=0.4  solver=filo2
13:14:42 | i — | [  FINAL  ]   136 routes  vb  kmeans  k=10  λ=0.0  solver=filo
13:14:42 | i — | [  FINAL  ]   133 routes  vb  ac_avg  k=2  λ=0.8  solver=filo2
13:14:42 | i — | [  FINAL  ]   128 routes  vb  ac_avg  k=2  λ=1.0  solver=filo2
13:14:42 | i — | [  FINAL  ]   127 routes  vb  kmedoids  k=10  λ=0.8  solver=filo2
13:14:42 | i — | [  FINAL  ]   125 routes  vb  ac_avg  k=3  λ=0.0  solver=filo2
13:14:42 | i — | [  FINAL  ]   105 routes  rb  ac_avg  k=12  λ=1.0  solver=filo2
13:14:42 | i — | [  FINAL  ]   100 routes  vb  fcm  k=6  λ=0.8  solver=ails2
13:14:42 | i — | [  FINAL  ]   92 routes  vb  ac_avg  k=12  λ=0.4  solver=ails2
13:14:42 | i — | [  FINAL  ]   91 routes  vb  kmeans  k=6  λ=0.8  solver=filo
13:14:42 | i — | [  FINAL  ]   87 routes  rb  ac_complete  k=12  λ=0.8  solver=pyvrp
13:14:42 | i — | [  FINAL  ]   86 routes  rb  ac_avg  k=8  λ=0.8  solver=filo
13:14:42 | i — | [  FINAL  ]   79 routes  vb  kmeans  k=8  λ=0.0  solver=ails2
13:14:42 | i — | [  FINAL  ]   72 routes  vb  kmedoids  k=12  λ=0.8  solver=pyvrp
13:14:42 | i — | [  FINAL  ]   66 routes  vb  ac_complete  k=2  λ=0.8  solver=pyvrp
13:14:42 | i — | [  FINAL  ]   65 routes  vb  kmeans  k=10  λ=0.8  solver=filo2
13:14:42 | i — | [  FINAL  ]   64 routes  rb  ac_avg  k=3  λ=0.0  solver=ails2
13:14:42 | i — | [  FINAL  ]   59 routes  vb  kmeans  k=6  λ=0.6  solver=ails2
13:14:42 | i — | [  FINAL  ]   57 routes  rb  kmeans  k=10  λ=1.0  solver=filo2
13:14:42 | i — | [  FINAL  ]   48 routes  vb  kmedoids  k=2  λ=0.2  solver=filo2
13:14:42 | i — | [  FINAL  ]   48 routes  vb  kmedoids  k=3  λ=0.6  solver=filo2
13:14:42 | i — | [  FINAL  ]   46 routes  vb  fcm  k=12  λ=0.4  solver=pyvrp
13:14:42 | i — | [  FINAL  ]   45 routes  vb  fcm  k=12  λ=0.0  solver=filo2
13:14:42 | i — | [  FINAL  ]   44 routes  vb  fcm  k=4  λ=0.6  solver=filo2
13:14:42 | i — | [  FINAL  ]   42 routes  vb  ac_avg  k=10  λ=0.8  solver=filo2
13:14:42 | i — | [  FINAL  ]   40 routes  vb  kmeans  k=10  λ=0.4  solver=filo
13:14:42 | i — | [  FINAL  ]   40 routes  vb  ac_complete  k=10  λ=1.0  solver=filo2
13:14:42 | i — | [  FINAL  ]   38 routes  vb  ac_avg  k=3  λ=1.0  solver=filo2
13:14:42 | i — | [  FINAL  ]   36 routes  vb  ac_avg  k=4  λ=0.0  solver=ails2
13:14:42 | i — | [  FINAL  ]   36 routes  vb  kmedoids  k=2  λ=0.8  solver=filo2
13:14:42 | i — | [  FINAL  ]   36 routes  vb  kmedoids  k=6  λ=0.4  solver=ails2
13:14:42 | i — | [  FINAL  ]   35 routes  vb  ac_avg  k=12  λ=0.6  solver=filo2
13:14:42 | i — | [  FINAL  ]   33 routes  vb  kmeans  k=10  λ=1.0  solver=filo2
13:14:42 | i — | [  FINAL  ]   33 routes  vb  kmeans  k=6  λ=0.4  solver=filo
13:14:42 | i — | [  FINAL  ]   32 routes  vb  kmeans  k=12  λ=0.8  solver=ails2
13:14:42 | i — | [  FINAL  ]   31 routes  vb  kmeans  k=2  λ=0.8  solver=filo
13:14:42 | i — | [  FINAL  ]   31 routes  rb  ac_avg  k=10  λ=0.4  solver=filo2
13:14:42 | i — | [  FINAL  ]   30 routes  vb  kmeans  k=12  λ=0.8  solver=filo
13:14:42 | i — | [  FINAL  ]   29 routes  vb  kmedoids  k=6  λ=0.4  solver=filo2
13:14:42 | i — | [  FINAL  ]   29 routes  rb  ac_avg  k=10  λ=1.0  solver=filo
13:14:42 | i — | [  FINAL  ]   28 routes  vb  kmeans  k=10  λ=0.2  solver=pyvrp
13:14:42 | i — | [  FINAL  ]   28 routes  vb  ac_complete  k=8  λ=0.8  solver=filo2
13:14:42 | i — | [  FINAL  ]   27 routes  vb  kmedoids  k=2  λ=0.2  solver=filo
13:14:42 | i — | [  FINAL  ]   25 routes  rb  ac_complete  k=2  λ=1.0  solver=filo2
13:14:42 | i — | [  FINAL  ]   25 routes  rb  kmeans  k=2  λ=1.0  solver=pyvrp
13:14:42 | i — | [  FINAL  ]   24 routes  vb  kmeans  k=8  λ=0.8  solver=filo
13:14:42 | i — | [  FINAL  ]   23 routes  vb  fcm  k=12  λ=0.6  solver=filo2
13:14:42 | i — | [  FINAL  ]   22 routes  rb  kmeans  k=6  λ=0.8  solver=filo
13:14:42 | i — | [  FINAL  ]   21 routes  rb  kmeans  k=2  λ=0.0  solver=filo
13:14:42 | i — | [  FINAL  ]   20 routes  rb  kmeans  k=2  λ=0.0  solver=filo2
13:14:42 | i — | [  FINAL  ]   19 routes  vb  kmedoids  k=12  λ=0.8  solver=ails2
13:14:42 | i — | [  FINAL  ]   19 routes  rb  kmeans  k=6  λ=0.0  solver=filo
13:14:42 | i — | [  FINAL  ]   18 routes  vb  ac_avg  k=10  λ=0.4  solver=filo2
13:14:42 | i — | [  FINAL  ]   17 routes  vb  ac_avg  k=10  λ=1.0  solver=ails2
13:14:42 | i — | [  FINAL  ]   16 routes  vb  ac_avg  k=6  λ=0.8  solver=filo2
13:14:42 | i — | [  FINAL  ]   15 routes  vb  fcm  k=12  λ=0.8  solver=ails2
13:14:42 | i — | [  FINAL  ]   14 routes  vb  ac_complete  k=3  λ=0.2  solver=pyvrp
13:14:42 | i — | [  FINAL  ]   14 routes  rb  kmeans  k=2  λ=0.6  solver=ails2
13:14:42 | i — | [  FINAL  ]   13 routes  vb  ac_avg  k=12  λ=0.8  solver=ails2
13:14:42 | i — | [  FINAL  ]   11 routes  vb  fcm  k=10  λ=0.8  solver=ails2
13:14:42 | i — | [  FINAL  ]   11 routes  vb  fcm  k=10  λ=0.8  solver=filo2
13:14:42 | i — | [  FINAL  ]   10 routes  vb  kmeans  k=6  λ=0.8  solver=ails2
13:14:42 | i — | [  FINAL  ]   8 routes  vb  fcm  k=2  λ=0.6  solver=ails2
13:14:42 | i — | [  FINAL  ]   7 routes  vb  kmedoids  k=10  λ=0.2  solver=filo2
13:14:42 | i — | [  FINAL  ]   4 routes  rb  ac_avg  k=12  λ=0.8  solver=ails2
13:14:42 | i — | [  FINAL  ]   529 routes  post-SP/SC improvement
13:14:42 | i — | [  FINAL  ] ════════════════════════════════════════
