20:38:58 | i — | [  INIT   ] ════════════════════════════════════════
20:38:58 | i — | [  INIT   ] DRISPI  instance=X-n9160-k379  n=9159  capacity=237
20:38:58 | i — | [  INIT   ] k domain (computed at init): [2, 3, 4, 6, 8, 10, 12, 17, 25, 36]  k_ext=36  k_min=379  k_ext_bound=n_bound  spacing_rejected=0
20:38:58 | i — | [  INIT   ] ══════════════════════════════════════════════════════
20:38:58 | i — | [  INIT   ] CONFIGURATION
20:38:58 | i — | [  INIT   ] ── stopping ────────────────────────────────
20:38:58 | i — | [  INIT   ]   time_limit                  = 7200.0
20:38:58 | i — | [  INIT   ]   max_no_improve              = 1000000000
20:38:58 | i — | [  INIT   ] ── parallelism ─────────────────────────────
20:38:58 | i — | [  INIT   ]   n_workers                   = 8
20:38:58 | i — | [  INIT   ] ── cores ───────────────────────────────────
20:38:58 | i — | [  INIT   ]   cores_total                 = 8
20:38:58 | i — | [  INIT   ]   cores_dri                   = 6
20:38:58 | i — | [  INIT   ]   cores_bg                    = 1
20:38:58 | i — | [  INIT   ]   cores_sp                    = 1
20:38:58 | i — | [  INIT   ]   cores_cpu_list              = None
20:38:58 | i — | [  INIT   ] ── sp/sc ───────────────────────────────────
20:38:58 | i — | [  INIT   ]   sp_sc_mode                  = async
20:38:58 | i — | [  INIT   ]   sp_sc_trigger               = wallclock
20:38:58 | i — | [  INIT   ]   interval_minutes            = 20.0
20:38:58 | i — | [  INIT   ]   overlap_policy              = skip
20:38:58 | i — | [  INIT   ]   warmup_iterations           = 5
20:38:58 | i — | [  INIT   ]   sp_interval                 = 3
20:38:58 | i — | [  INIT   ]   min_coverage                = 5
20:38:58 | i — | [  INIT   ]   sp_time_limit               = 720.0
20:38:58 | i — | [  INIT   ]   mip_gap                     = 0.00025
20:38:58 | i — | [  INIT   ] ── decomposition ───────────────────────────
20:38:58 | i — | [  INIT   ]   decomp_k_base_arms          = [2, 3, 4, 6, 8, 10, 12]
20:38:58 | i — | [  INIT   ]   decomp_k_max_arms           = 10
20:38:58 | i — | [  INIT   ]   decomp_k_ext_per_1000       = 4
20:38:58 | i — | [  INIT   ]   decomp_k_min_routes_per_cluster= 8
20:38:58 | i — | [  INIT   ]   decomp_k_min_arm_spacing    = 2
20:38:58 | i — | [  INIT   ]   subcluster_rate_s_per_customer= 0.06
20:38:58 | i — | [  INIT   ]   subcluster_floor_s          = 5.0
20:38:58 | i — | [  INIT   ] ── bg_ails ─────────────────────────────────
20:38:58 | i — | [  INIT   ]   bg_ails_mode                = async
20:38:58 | i — | [  INIT   ]   bg_ails_crash_threshold     = 1
20:38:58 | i — | [  INIT   ]   bg_ails_budget_mode         = predicted_dr_wall
20:38:58 | i — | [  INIT   ]   bg_ails_budget_floor_s      = 60.0
20:38:58 | i — | [  INIT   ]   bg_ails_budget_margin       = 1.0
20:38:58 | i — | [  INIT   ]   bg_ails_wall_model_scale    = 0.976
20:38:58 | i — | [  INIT   ]   bg_ails_wall_model_wave_exponent= -0.18
20:38:58 | i — | [  INIT   ]   bg_ails_initial_omega       = 10
20:38:58 | i — | [  INIT   ]   bg_ails_boundary_threshold  = 0.5
20:38:58 | i — | [  INIT   ]   bg_ails_small_cluster_cap   = 20
20:38:58 | i — | [  INIT   ]   bg_ails_small_cluster_alpha = 0.5
20:38:58 | i — | [  INIT   ]   bg_ails_pair_selection      = greedy
20:38:58 | i — | [  INIT   ]   bg_ails_n_chains_mode       = k
20:38:58 | i — | [  INIT   ] ── standard_improvement ────────────────────
20:38:58 | i — | [  INIT   ]   standard_improvement_time_limit= 360.0
20:38:58 | i — | [  INIT   ] ── pool ────────────────────────────────────
20:38:58 | i — | [  INIT   ]   max_pool_size               = 10000
20:38:58 | i — | [  INIT   ]   pool_diversity_weight       = 0.5
20:38:58 | i — | [  INIT   ] ── haos ────────────────────────────────────
20:38:58 | i — | [  INIT   ]   haos_decay                  = 0.95
20:38:58 | i — | [  INIT   ]   haos_warmup                 = 10
20:38:58 | i — | [  INIT   ]   haos_starting_weight        = 10.0
20:38:58 | i — | [  INIT   ]   haos_min_weight_k           = 0.025
20:38:58 | i — | [  INIT   ]   haos_min_weight_lambda      = 0.05
20:38:58 | i — | [  INIT   ]   haos_min_weight_paradigm    = 0.1
20:38:58 | i — | [  INIT   ]   haos_min_weight_vertex_method= 0.05
20:38:58 | i — | [  INIT   ]   haos_min_weight_route_method= 0.05
20:38:58 | i — | [  INIT   ]   haos_min_weight_solver      = 0.05
20:38:58 | i — | [  INIT   ]   haos_lambda_demand_values   = [0.0, 0.2, 0.4, 0.6, 0.8, 1.0]
20:38:58 | i — | [  INIT   ]   haos_paradigm_values        = ['vertex', 'route']
20:38:58 | i — | [  INIT   ]   haos_vertex_method_values   = ['kmeans', 'agglomerative_avg', 'agglomerative_complete', 'kmedoids', 'fcm']
20:38:58 | i — | [  INIT   ]   haos_route_method_values    = ['kmeans', 'agglomerative_avg', 'agglomerative_complete']
20:38:58 | i — | [  INIT   ]   haos_solver_values          = ['pyvrp', 'filo', 'filo2', 'ails2']
20:38:58 | i — | [  INIT   ] ── haos_rewards ────────────────────────────
20:38:58 | i — | [  INIT   ]   haos_reward_new_best        = 10.0
20:38:58 | i — | [  INIT   ]   haos_reward_improvement     = 4.0
20:38:58 | i — | [  INIT   ]   haos_reward_no_improvement  = 1.0
20:38:58 | i — | [  INIT   ]   haos_reward_no_solution     = 0.0
20:38:58 | i — | [  INIT   ]   haos_deferred_new_best      = 7.0
20:38:58 | i — | [  INIT   ]   haos_deferred_improvement   = 3.0
20:38:58 | i — | [  INIT   ]   haos_deferred_no_improvement= 0.0
20:38:58 | i — | [  INIT   ] ── seed ────────────────────────────────────
20:38:58 | i — | [  INIT   ]   seed                        = 10
20:38:58 | i — | [  INIT   ] ── output ──────────────────────────────────
20:38:58 | i — | [  INIT   ]   output_dir                  = /app/artifacts/final_benchmark/runs/X-n9160-k379/seed10
20:38:58 | i — | [  INIT   ]   run_analysis                = False
20:38:58 | i — | [  INIT   ] ══════════════════════════════════════════════════════
20:38:58 | i — | [  INIT   ] BKS=323596.00
20:38:58 | i — | [  INIT   ] ════════════════════════════════════════
20:38:58 | i 1 | [HAOS ROLL] k=10  λ=0.6  vb  kmeans  filo  P≈0.000417
20:39:09 | i 1 | [Phase 1/3] decompose  11.28s / — / —  λ=0.6  vb kmeans
20:41:09 | i 1 | [Phase 2/3] route  119.91s / 63.06s / 190.1%  filo  k=10
20:41:09 | i 1 | [ IMPROVE ] 330676.00  via decompose_route  ·  Δ_BKS=+2.19%
20:41:09 | i 1 | [HAOS ROLL] k=10  λ=0.6  vb  kmeans  filo  P≈0.000417
20:41:09 | i 1 | [ Summary ] cost=330676.00  Δ_S*=+0.00%  Δ_BKS=+2.19%  Δ_S*_BKS=+2.19%  no_improve=0
20:41:09 | i 2 | [HAOS ROLL] k=3  λ=0.4  vb  ac_complete  ails2  P≈0.000417
20:41:19 | i 2 | [Phase 1/3] decompose  9.93s / — / —  λ=0.4  vb ac_complete
20:45:10 | i 2 | [Phase 2/3] route  231.32s / 226.44s / 102.2%  ails2  k=3
20:45:10 | i 1 | [ IMPROVE ] 327353.00  via bg_ails  ·  Δ_BKS=+1.16%
20:45:10 | i 1 | [ ASYNC BG] bg_ails  131.97s / 105.81s / 124.7%
20:45:10 | i 2 | [ IMPROVE ] 326777.00  via decompose_route  ·  Δ_BKS=+0.98%
20:45:10 | i 2 | [HAOS ROLL] k=3  λ=0.4  vb  ac_complete  ails2  P≈0.000417
20:45:10 | i 2 | [ Summary ] cost=326777.00  Δ_S*=+0.00%  Δ_BKS=+0.98%  Δ_S*_BKS=+0.98%  no_improve=0
20:45:10 | i 3 | [HAOS ROLL] k=2  λ=0.0  vb  ac_complete  filo  P≈0.000417
20:45:18 | i 3 | [Phase 1/3] decompose  8.00s / — / —  λ=0.0  vb ac_complete
20:51:53 | i 3 | [Phase 2/3] route  394.46s / 392.34s / 100.5%  filo  k=2
20:51:53 | i 2 | [ IMPROVE ] 326282.00  via bg_ails  ·  Δ_BKS=+0.83%
20:51:53 | i 2 | [ ASYNC BG] bg_ails  247.15s / 221.01s / 111.8%
20:51:53 | i 3 | [HAOS ROLL] k=2  λ=0.0  vb  ac_complete  filo  P≈0.000417
20:51:53 | i 3 | [ Summary ] cost=327998.00  Δ_S*=+0.53%  Δ_BKS=+1.36%  Δ_S*_BKS=+0.83%  no_improve=1
20:51:53 | i 4 | [HAOS ROLL] k=25  λ=0.6  vb  ac_avg  filo2  P≈0.000417
20:52:02 | i 4 | [Phase 1/3] decompose  9.20s / — / —  λ=0.6  vb ac_avg
20:53:40 | i 4 | [Phase 2/3] route  98.17s / 33.72s / 291.1%  filo2  k=25
20:58:39 | i 3 | [ IMPROVE ] 325952.00  via bg_ails  ·  Δ_BKS=+0.73%
20:58:39 | i 3 | [ ASYNC BG] bg_ails  406.30s / 382.92s / 106.1%
20:58:39 | i 4 | [HAOS ROLL] k=25  λ=0.6  vb  ac_avg  filo2  P≈0.000417
20:58:39 | i 4 | [ Summary ] cost=335641.00  Δ_S*=+2.97%  Δ_BKS=+3.72%  Δ_S*_BKS=+0.73%  no_improve=1
20:58:39 | i 5 | [HAOS ROLL] k=8  λ=0.6  rb  kmeans  ails2  P≈0.000694
20:58:48 | i 5 | [Phase 1/3] decompose  8.33s / — / —  λ=0.6  rb kmeans
21:00:59 | i 5 | [Phase 2/3] route  131.16s / 85.80s / 152.9%  ails2  k=8
21:00:59 | i 4 | [ ASYNC BG] bg_ails  111.84s / 84.64s / 132.1%
21:00:59 | i 5 | [HAOS ROLL] k=8  λ=0.6  rb  kmeans  ails2  P≈0.000694
21:00:59 | i 5 | [ Summary ] cost=326085.00  Δ_S*=+0.04%  Δ_BKS=+0.77%  Δ_S*_BKS=+0.73%  no_improve=3
21:00:59 | i 6 | [HAOS ROLL] k=12  λ=0.6  rb  ac_complete  ails2  P≈0.000694
21:01:09 | i 6 | [Phase 1/3] decompose  9.51s / — / —  λ=0.6  rb ac_complete
21:03:09 | i 6 | [Phase 2/3] route  119.97s / 89.16s / 134.6%  ails2  k=12
21:03:36 | i 5 | [ ASYNC BG] bg_ails  157.08s / 128.50s / 122.2%
21:03:36 | i 6 | [HAOS ROLL] k=12  λ=0.6  rb  ac_complete  ails2  P≈0.000694
21:03:36 | i 6 | [ Summary ] cost=326170.00  Δ_S*=+0.07%  Δ_BKS=+0.80%  Δ_S*_BKS=+0.73%  no_improve=5
21:03:36 | i 7 | [HAOS ROLL] k=36  λ=0.4  vb  kmeans  pyvrp  P≈0.000417
21:03:45 | i 7 | [Phase 1/3] decompose  8.88s / — / —  λ=0.4  vb kmeans
21:05:21 | i 7 | [Phase 2/3] route  95.81s / 18.78s / 510.2%  pyvrp  k=36
21:05:56 | i 6 | [ ASYNC BG] bg_ails  139.91s / 112.32s / 124.6%
21:05:56 | i 7 | [HAOS ROLL] k=36  λ=0.4  vb  kmeans  pyvrp  P≈0.000417
21:05:56 | i 7 | [ Summary ] cost=342331.00  Δ_S*=+5.02%  Δ_BKS=+5.79%  Δ_S*_BKS=+0.73%  no_improve=7
21:05:56 | i 8 | [HAOS ROLL] k=4  λ=1.0  vb  ac_avg  pyvrp  P≈0.000417
21:06:08 | i 8 | [Phase 1/3] decompose  12.15s / — / —  λ=1.0  vb ac_avg
21:09:34 | i 8 | [Phase 2/3] route  206.07s / 181.92s / 113.3%  pyvrp  k=4
21:09:34 | i 7 | [ ASYNC BG] bg_ails  100.26s / 71.98s / 139.3%
21:09:34 | i 8 | [HAOS ROLL] k=4  λ=1.0  vb  ac_avg  pyvrp  P≈0.000417
21:09:34 | i 8 | [ Summary ] cost=332700.00  Δ_S*=+2.07%  Δ_BKS=+2.81%  Δ_S*_BKS=+0.73%  no_improve=9
21:09:34 | i 9 | [HAOS ROLL] k=4  λ=1.0  vb  kmeans  filo  P≈0.000417
21:09:44 | i 9 | [Phase 1/3] decompose  9.52s / — / —  λ=1.0  vb kmeans
21:12:06 | i 9 | [Phase 2/3] route  141.59s / 141.48s / 100.1%  filo  k=4
21:13:00 | i 8 | [ ASYNC BG] bg_ails  205.68s / 177.55s / 115.8%
21:13:00 | i 9 | [HAOS ROLL] k=4  λ=1.0  vb  kmeans  filo  P≈0.000417
21:13:00 | i 9 | [ Summary ] cost=328461.00  Δ_S*=+0.77%  Δ_BKS=+1.50%  Δ_S*_BKS=+0.73%  no_improve=11
21:13:00 | i 6 | [ASYNC 1/2] sp_sc  41.16s / 720.00s / 5.7%  SC  avg_coverage=10.89/5  pool=4128
21:13:00 | i 6 | [ASYNC 2/2] standard_ails  378.93s / 360.00s / 105.3%
21:13:49 | i 6 | [ IMPROVE ] 325447.00  via standard_ails  ·  Δ_BKS=+0.57%
21:13:49 | i 10 | [HAOS ROLL] k=36  λ=1.0  rb  kmeans  ails2  P≈0.000694
21:13:57 | i 10 | [Phase 1/3] decompose  8.24s / — / —  λ=1.0  rb kmeans
21:15:42 | i 10 | [Phase 2/3] route  104.64s / 23.64s / 442.6%  ails2  k=36
21:15:46 | i 9 | [ ASYNC BG] bg_ails  165.62s / 138.08s / 119.9%
21:15:46 | i 10 | [ IMPROVE ] 325404.00  via decompose_route  ·  Δ_BKS=+0.56%
21:15:46 | i 10 | [HAOS ROLL] k=36  λ=1.0  rb  kmeans  ails2  P≈0.000694
21:15:46 | i 10 | [ Summary ] cost=325404.00  Δ_S*=+0.00%  Δ_BKS=+0.56%  Δ_S*_BKS=+0.56%  no_improve=0
21:15:46 | i 11 | [HAOS ROLL] k=10  λ=1.0  vb  ac_complete  filo  P≈0.000417
21:16:01 | i 11 | [Phase 1/3] decompose  14.96s / — / —  λ=1.0  vb ac_complete
21:17:52 | i 11 | [Phase 2/3] route  111.25s / 75.72s / 146.9%  filo  k=10
21:17:52 | i 10 | [ ASYNC BG] bg_ails  115.52s / 84.88s / 136.1%
21:17:52 | i 11 | [HAOS ROLL] k=10  λ=1.0  vb  ac_complete  filo  P≈0.000417
21:17:52 | i 11 | [ Summary ] cost=331374.00  Δ_S*=+1.83%  Δ_BKS=+2.40%  Δ_S*_BKS=+0.56%  no_improve=2
21:17:52 | i 12 | [HAOS ROLL] k=3  λ=0.6  rb  kmeans  pyvrp  P≈0.000664
21:18:01 | i 12 | [Phase 1/3] decompose  8.37s / — / —  λ=0.6  rb kmeans
21:22:31 | i 12 | [Phase 2/3] route  270.54s / 209.22s / 129.3%  pyvrp  k=3
21:22:31 | i 11 | [ ASYNC BG] bg_ails  156.36s / 129.85s / 120.4%
21:22:31 | i 12 | [HAOS ROLL] k=3  λ=0.6  rb  kmeans  pyvrp  P≈0.000664
21:22:31 | i 12 | [ Summary ] cost=332208.00  Δ_S*=+2.09%  Δ_BKS=+2.66%  Δ_S*_BKS=+0.56%  no_improve=4
21:22:31 | i 13 | [HAOS ROLL] k=10  λ=0.8  vb  ac_complete  ails2  P≈0.000674
21:22:42 | i 13 | [Phase 1/3] decompose  11.02s / — / —  λ=0.8  vb ac_complete
21:24:40 | i 13 | [Phase 2/3] route  117.73s / 94.56s / 124.5%  ails2  k=10
21:26:23 | i 12 | [ ASYNC BG] bg_ails  231.20s / 204.20s / 113.2%
21:26:23 | i 13 | [HAOS ROLL] k=10  λ=0.8  vb  ac_complete  ails2  P≈0.000674
21:26:23 | i 13 | [ Summary ] cost=328858.00  Δ_S*=+1.06%  Δ_BKS=+1.63%  Δ_S*_BKS=+0.56%  no_improve=6
21:26:23 | i 14 | [HAOS ROLL] k=8  λ=0.2  rb  ac_complete  filo2  P≈0.000429
21:26:31 | i 14 | [Phase 1/3] decompose  8.41s / — / —  λ=0.2  rb ac_complete
21:28:20 | i 14 | [Phase 2/3] route  108.41s / 107.82s / 100.5%  filo2  k=8
21:28:46 | i 13 | [ ASYNC BG] bg_ails  143.44s / 116.46s / 123.2%
21:28:46 | i 14 | [HAOS ROLL] k=8  λ=0.2  rb  ac_complete  filo2  P≈0.000429
21:28:46 | i 14 | [ Summary ] cost=328246.00  Δ_S*=+0.87%  Δ_BKS=+1.44%  Δ_S*_BKS=+0.56%  no_improve=8
21:28:46 | i 15 | [HAOS ROLL] k=4  λ=0.2  rb  ac_avg  ails2  P≈0.000505
21:28:56 | i 15 | [Phase 1/3] decompose  9.40s / — / —  λ=0.2  rb ac_avg
21:31:49 | i 15 | [Phase 2/3] route  173.80s / 169.68s / 102.4%  ails2  k=4
21:31:50 | i 14 | [ ASYNC BG] bg_ails  169.66s / 141.06s / 120.3%
21:31:50 | i 15 | [HAOS ROLL] k=4  λ=0.2  rb  ac_avg  ails2  P≈0.000505
21:31:50 | i 15 | [ Summary ] cost=325693.00  Δ_S*=+0.09%  Δ_BKS=+0.65%  Δ_S*_BKS=+0.56%  no_improve=10
21:31:50 | i 16 | [HAOS ROLL] k=8  λ=0.4  vb  kmeans  ails2  P≈0.000380
21:32:00 | i 16 | [Phase 1/3] decompose  10.02s / — / —  λ=0.4  vb kmeans
21:34:20 | i 16 | [Phase 2/3] route  140.42s / 75.66s / 185.6%  ails2  k=8
21:35:04 | i 15 | [ ASYNC BG] bg_ails  194.09s / 165.61s / 117.2%
21:35:04 | i 16 | [HAOS ROLL] k=8  λ=0.4  vb  kmeans  ails2  P≈0.000380
21:35:04 | i 16 | [ Summary ] cost=328446.00  Δ_S*=+0.93%  Δ_BKS=+1.50%  Δ_S*_BKS=+0.56%  no_improve=12
21:35:04 | i 13 | [ASYNC 1/2] sp_sc  101.54s / 720.00s / 14.1%  SP  avg_coverage=23.69/5  pool=8980
21:35:04 | i 13 | [ASYNC 2/2] standard_ails  378.85s / 360.00s / 105.2%
21:37:17 | i 13 | [ IMPROVE ] 325231.00  via standard_ails  ·  Δ_BKS=+0.51%
21:37:17 | i 17 | [HAOS ROLL] k=2  λ=0.4  rb  kmeans  pyvrp  P≈0.000465
21:37:23 | i 17 | [Phase 1/3] decompose  5.60s / — / —  λ=0.4  rb kmeans
21:42:58 | i 17 | [Phase 2/3] route  334.99s / 277.56s / 120.7%  pyvrp  k=2
21:42:58 | i 16 | [ ASYNC BG] bg_ails  158.90s / 130.31s / 121.9%
21:42:59 | i 17 | [HAOS ROLL] k=2  λ=0.4  rb  kmeans  pyvrp  P≈0.000465
21:42:59 | i 17 | [ Summary ] cost=332553.00  Δ_S*=+2.25%  Δ_BKS=+2.77%  Δ_S*_BKS=+0.51%  no_improve=2
21:42:59 | i 18 | [HAOS ROLL] k=8  λ=1.0  rb  ac_complete  filo2  P≈0.000646
21:43:08 | i 18 | [Phase 1/3] decompose  9.02s / — / —  λ=1.0  rb ac_complete
21:44:56 | i 18 | [Phase 2/3] route  108.31s / 107.22s / 101.0%  filo2  k=8
21:47:56 | i 17 | [ ASYNC BG] bg_ails  297.69s / 270.90s / 109.9%
21:47:56 | i 18 | [HAOS ROLL] k=8  λ=1.0  rb  ac_complete  filo2  P≈0.000646
21:47:56 | i 18 | [ Summary ] cost=328805.00  Δ_S*=+1.10%  Δ_BKS=+1.61%  Δ_S*_BKS=+0.51%  no_improve=4
21:47:56 | i 19 | [HAOS ROLL] k=36  λ=0.8  rb  ac_complete  filo  P≈0.000414
21:48:05 | i 19 | [Phase 1/3] decompose  8.65s / — / —  λ=0.8  rb ac_complete
21:49:40 | i 19 | [Phase 2/3] route  95.25s / 26.16s / 364.1%  filo  k=36
21:50:35 | i 18 | [ ASYNC BG] bg_ails  158.67s / 131.86s / 120.3%
21:50:35 | i 19 | [HAOS ROLL] k=36  λ=0.8  rb  ac_complete  filo  P≈0.000414
21:50:35 | i 19 | [ Summary ] cost=327540.00  Δ_S*=+0.71%  Δ_BKS=+1.22%  Δ_S*_BKS=+0.51%  no_improve=6
21:50:35 | i 20 | [HAOS ROLL] k=36  λ=1.0  rb  ac_complete  filo  P≈0.000932
21:50:45 | i 20 | [Phase 1/3] decompose  9.62s / — / —  λ=1.0  rb ac_complete
21:52:20 | i 20 | [Phase 2/3] route  95.23s / 26.16s / 364.0%  filo  k=36
21:52:32 | i 19 | [ ASYNC BG] bg_ails  117.23s / 88.10s / 133.1%
21:52:32 | i 20 | [HAOS ROLL] k=36  λ=1.0  rb  ac_complete  filo  P≈0.000932
21:52:32 | i 20 | [ Summary ] cost=327613.00  Δ_S*=+0.73%  Δ_BKS=+1.24%  Δ_S*_BKS=+0.51%  no_improve=8
21:52:32 | i 21 | [HAOS ROLL] k=3  λ=0.6  rb  kmeans  filo  P≈0.001669
21:52:42 | i 21 | [Phase 1/3] decompose  9.43s / — / —  λ=0.6  rb kmeans
21:55:56 | i 21 | [Phase 2/3] route  193.69s / 192.66s / 100.5%  filo  k=3
21:55:56 | i 20 | [ ASYNC BG] bg_ails  116.62s / 88.10s / 132.4%
21:55:56 | i 21 | [HAOS ROLL] k=3  λ=0.6  rb  kmeans  filo  P≈0.001669
21:55:56 | i 21 | [ Summary ] cost=327558.00  Δ_S*=+0.72%  Δ_BKS=+1.22%  Δ_S*_BKS=+0.51%  no_improve=10
21:55:56 | i 22 | [HAOS ROLL] k=36  λ=1.0  rb  kmeans  ails2  P≈0.003717
21:56:06 | i 22 | [Phase 1/3] decompose  9.72s / — / —  λ=1.0  rb kmeans
21:57:48 | i 22 | [Phase 2/3] route  101.88s / 19.92s / 511.4%  ails2  k=36
21:59:34 | i 21 | [ ASYNC BG] bg_ails  217.92s / 188.04s / 115.9%
21:59:34 | i 22 | [HAOS ROLL] k=36  λ=1.0  rb  kmeans  ails2  P≈0.003717
21:59:34 | i 22 | [ Summary ] cost=325398.00  Δ_S*=+0.05%  Δ_BKS=+0.56%  Δ_S*_BKS=+0.51%  no_improve=12
21:59:34 | i 18 | [ASYNC 1/2] sp_sc  103.14s / 720.00s / 14.3%  SP  avg_coverage=25.06/5  pool=10000
21:59:34 | i 18 | [ASYNC 2/2] standard_ails  378.17s / 360.00s / 105.0%
22:02:30 | i 18 | [ IMPROVE ] 325217.00  via standard_ails  ·  Δ_BKS=+0.50%
22:02:30 | i 22 | [ ASYNC BG] bg_ails  102.56s / 76.77s / 133.6%
22:02:30 | i 23 | [HAOS ROLL] k=36  λ=0.2  rb  ac_avg  filo2  P≈0.000321
22:02:36 | i 23 | [Phase 1/3] decompose  5.37s / — / —  λ=0.2  rb ac_avg
22:04:11 | i 23 | [Phase 2/3] route  95.25s / 25.38s / 375.3%  filo2  k=36
22:04:11 | i 23 | [HAOS ROLL] k=36  λ=0.2  rb  ac_avg  filo2  P≈0.000321
22:04:11 | i 23 | [ Summary ] cost=326891.00  Δ_S*=+0.51%  Δ_BKS=+1.02%  Δ_S*_BKS=+0.50%  no_improve=2
22:04:11 | i 24 | [HAOS ROLL] k=3  λ=0.6  rb  kmeans  filo2  P≈0.002196
22:04:19 | i 24 | [Phase 1/3] decompose  7.69s / — / —  λ=0.6  rb kmeans
22:07:42 | i 24 | [Phase 2/3] route  202.74s / 202.26s / 100.2%  filo2  k=3
22:07:42 | i 23 | [ ASYNC BG] bg_ails  107.22s / 80.29s / 133.5%
22:07:42 | i 24 | [HAOS ROLL] k=3  λ=0.6  rb  kmeans  filo2  P≈0.002196
22:07:43 | i 24 | [ Summary ] cost=327307.00  Δ_S*=+0.64%  Δ_BKS=+1.15%  Δ_S*_BKS=+0.50%  no_improve=4
22:07:43 | i 25 | [HAOS ROLL] k=36  λ=0.2  rb  ac_complete  ails2  P≈0.002612
22:07:49 | i 25 | [Phase 1/3] decompose  6.79s / — / —  λ=0.2  rb ac_complete
22:09:33 | i 25 | [Phase 2/3] route  103.36s / 26.22s / 394.2%  ails2  k=36
22:11:25 | i 24 | [ ASYNC BG] bg_ails  223.03s / 197.41s / 113.0%
22:11:26 | i 25 | [HAOS ROLL] k=36  λ=0.2  rb  ac_complete  ails2  P≈0.002612
22:11:26 | i 25 | [ Summary ] cost=325396.00  Δ_S*=+0.06%  Δ_BKS=+0.56%  Δ_S*_BKS=+0.50%  no_improve=6
22:11:26 | i 26 | [HAOS ROLL] k=36  λ=0.4  vb  ac_avg  ails2  P≈0.000478
22:11:37 | i 26 | [Phase 1/3] decompose  11.34s / — / —  λ=0.4  vb ac_avg
22:13:22 | i 26 | [Phase 2/3] route  105.24s / 26.64s / 395.0%  ails2  k=36
22:13:22 | i 25 | [ ASYNC BG] bg_ails  109.16s / 81.14s / 134.5%
22:13:23 | i 26 | [HAOS ROLL] k=36  λ=0.4  vb  ac_avg  ails2  P≈0.000478
22:13:23 | i 26 | [ Summary ] cost=340779.00  Δ_S*=+4.79%  Δ_BKS=+5.31%  Δ_S*_BKS=+0.50%  no_improve=8
22:13:23 | i 27 | [HAOS ROLL] k=8  λ=0.6  rb  ac_avg  filo  P≈0.001394
22:13:32 | i 27 | [Phase 1/3] decompose  9.00s / — / —  λ=0.6  rb ac_avg
22:15:30 | i 27 | [Phase 2/3] route  117.63s / 117.24s / 100.3%  filo  k=8
22:15:30 | i 26 | [ ASYNC BG] bg_ails  115.58s / 87.21s / 132.5%
22:15:30 | i 27 | [HAOS ROLL] k=8  λ=0.6  rb  ac_avg  filo  P≈0.001394
22:15:30 | i 27 | [ Summary ] cost=329771.00  Δ_S*=+1.40%  Δ_BKS=+1.91%  Δ_S*_BKS=+0.50%  no_improve=10
22:15:30 | i 28 | [HAOS ROLL] k=36  λ=0.6  rb  kmeans  ails2  P≈0.010095
22:15:38 | i 28 | [Phase 1/3] decompose  7.74s / — / —  λ=0.6  rb kmeans
22:17:21 | i 28 | [Phase 2/3] route  103.42s / 25.14s / 411.4%  ails2  k=36
22:18:23 | i 27 | [ ASYNC BG] bg_ails  173.54s / 147.58s / 117.6%
22:18:24 | i 28 | [HAOS ROLL] k=36  λ=0.6  rb  kmeans  ails2  P≈0.010095
22:18:24 | i 28 | [ Summary ] cost=325505.00  Δ_S*=+0.09%  Δ_BKS=+0.59%  Δ_S*_BKS=+0.50%  no_improve=12
22:18:24 | i 29 | [HAOS ROLL] k=36  λ=0.6  vb  kmedoids  filo  P≈0.000925
22:18:36 | i 29 | [Phase 1/3] decompose  11.95s / — / —  λ=0.6  vb kmedoids
22:20:14 | i 29 | [Phase 2/3] route  98.22s / 21.12s / 465.1%  filo  k=36
22:20:14 | i 28 | [ ASYNC BG] bg_ails  109.95s / 83.18s / 132.2%
22:20:14 | i 29 | [HAOS ROLL] k=36  λ=0.6  vb  kmedoids  filo  P≈0.000925
22:20:14 | i 29 | [ Summary ] cost=341247.00  Δ_S*=+4.93%  Δ_BKS=+5.45%  Δ_S*_BKS=+0.50%  no_improve=14
22:20:14 | i 25 | [ASYNC 1/2] sp_sc  95.62s / 720.00s / 13.3%  SP  avg_coverage=24.50/5  pool=10000
22:20:14 | i 25 | [ASYNC 2/2] standard_ails  378.52s / 360.00s / 105.1%
22:22:28 | i 25 | [ IMPROVE ] 325169.00  via standard_ails  ·  Δ_BKS=+0.49%
22:22:28 | i 29 | [ ASYNC BG] bg_ails  109.30s / 84.37s / 129.6%
22:22:28 | i 30 | [HAOS ROLL] k=36  λ=0.6  rb  ac_avg  filo2  P≈0.001724
22:22:33 | i 30 | [Phase 1/3] decompose  5.39s / — / —  λ=0.6  rb ac_avg
22:24:08 | i 30 | [Phase 2/3] route  95.21s / 23.82s / 399.7%  filo2  k=36
22:24:09 | i 30 | [HAOS ROLL] k=36  λ=0.6  rb  ac_avg  filo2  P≈0.001724
22:24:09 | i 30 | [ Summary ] cost=326916.00  Δ_S*=+0.54%  Δ_BKS=+1.03%  Δ_S*_BKS=+0.49%  no_improve=2
22:24:09 | i 31 | [HAOS ROLL] k=8  λ=0.6  rb  kmeans  filo2  P≈0.004155
22:24:16 | i 31 | [Phase 1/3] decompose  7.21s / — / —  λ=0.6  rb kmeans
22:26:22 | i 31 | [Phase 2/3] route  125.27s / 87.36s / 143.4%  filo2  k=8
22:26:22 | i 30 | [ ASYNC BG] bg_ails  108.53s / 82.92s / 130.9%
22:26:22 | i 31 | [HAOS ROLL] k=8  λ=0.6  rb  kmeans  filo2  P≈0.004155
22:26:22 | i 31 | [ Summary ] cost=328198.00  Δ_S*=+0.93%  Δ_BKS=+1.42%  Δ_S*_BKS=+0.49%  no_improve=4
22:26:22 | i 32 | [HAOS ROLL] k=10  λ=0.0  rb  ac_complete  filo2  P≈0.000299
22:26:27 | i 32 | [Phase 1/3] decompose  5.07s / — / —  λ=0.0  rb ac_complete
22:28:09 | i 32 | [Phase 2/3] route  101.27s / 88.68s / 114.2%  filo2  k=10
22:29:01 | i 31 | [ ASYNC BG] bg_ails  158.85s / 133.88s / 118.7%
22:29:01 | i 32 | [HAOS ROLL] k=10  λ=0.0  rb  ac_complete  filo2  P≈0.000299
22:29:01 | i 32 | [ Summary ] cost=328075.00  Δ_S*=+0.89%  Δ_BKS=+1.38%  Δ_S*_BKS=+0.49%  no_improve=6
22:29:01 | i 33 | [HAOS ROLL] k=36  λ=0.2  vb  kmeans  ails2  P≈0.002278
22:29:08 | i 33 | [Phase 1/3] decompose  6.21s / — / —  λ=0.2  vb kmeans
22:30:51 | i 33 | [Phase 2/3] route  103.23s / 17.22s / 599.5%  ails2  k=36
22:31:22 | i 32 | [ ASYNC BG] bg_ails  141.13s / 117.60s / 120.0%
22:31:22 | i 33 | [HAOS ROLL] k=36  λ=0.2  vb  kmeans  ails2  P≈0.002278
22:31:22 | i 33 | [ Summary ] cost=340963.00  Δ_S*=+4.86%  Δ_BKS=+5.37%  Δ_S*_BKS=+0.49%  no_improve=8
22:31:22 | i 34 | [HAOS ROLL] k=8  λ=1.0  rb  kmeans  filo  P≈0.002516
22:31:30 | i 34 | [Phase 1/3] decompose  7.79s / — / —  λ=1.0  rb kmeans
22:33:39 | i 34 | [Phase 2/3] route  128.45s / 90.12s / 142.5%  filo  k=8
22:33:39 | i 33 | [ ASYNC BG] bg_ails  98.50s / 71.01s / 138.7%
22:33:39 | i 34 | [HAOS ROLL] k=8  λ=1.0  rb  kmeans  filo  P≈0.002516
22:33:39 | i 34 | [ Summary ] cost=330279.00  Δ_S*=+1.57%  Δ_BKS=+2.07%  Δ_S*_BKS=+0.49%  no_improve=10
22:33:39 | i 35 | [HAOS ROLL] k=36  λ=0.6  rb  kmeans  filo2  P≈0.009782
22:33:48 | i 35 | [Phase 1/3] decompose  8.77s / — / —  λ=0.6  rb kmeans
22:35:27 | i 35 | [Phase 2/3] route  99.31s / 23.70s / 419.0%  filo2  k=36
22:36:23 | i 34 | [ ASYNC BG] bg_ails  164.06s / 136.72s / 120.0%
22:36:23 | i 35 | [HAOS ROLL] k=36  λ=0.6  rb  kmeans  filo2  P≈0.009782
22:36:23 | i 35 | [ Summary ] cost=327233.00  Δ_S*=+0.63%  Δ_BKS=+1.12%  Δ_S*_BKS=+0.49%  no_improve=12
22:36:23 | i 36 | [HAOS ROLL] k=36  λ=1.0  vb  kmedoids  filo2  P≈0.000624
22:36:38 | i 36 | [Phase 1/3] decompose  15.12s / — / —  λ=1.0  vb kmedoids
22:38:17 | i 36 | [Phase 2/3] route  98.29s / 22.68s / 433.4%  filo2  k=36
22:38:18 | i 35 | [ ASYNC BG] bg_ails  115.21s / 83.35s / 138.2%
22:38:18 | i 36 | [HAOS ROLL] k=36  λ=1.0  vb  kmedoids  filo2  P≈0.000624
22:38:19 | i 36 | [ Summary ] cost=341058.00  Δ_S*=+4.89%  Δ_BKS=+5.40%  Δ_S*_BKS=+0.49%  no_improve=14
22:38:19 | i 37 | [HAOS ROLL] k=8  λ=0.6  rb  kmeans  filo2  P≈0.007536
22:38:24 | i 37 | [Phase 1/3] decompose  5.75s / — / —  λ=0.6  rb kmeans
22:40:36 | i 37 | [Phase 2/3] route  131.31s / 78.72s / 166.8%  filo2  k=8
22:40:36 | i 37 | [HAOS ROLL] k=8  λ=0.6  rb  kmeans  filo2  P≈0.007536
22:40:36 | i 37 | [ Summary ] cost=328669.00  Δ_S*=+1.08%  Δ_BKS=+1.57%  Δ_S*_BKS=+0.49%  no_improve=15
22:40:36 | i — | [  FINAL  ] async BG-AILS totals launched=35 applied=35 adopted=3 launch_skipped_cap=2 crashes=0 discarded_in_flight=False block_wait_total_s=1257.6
22:41:06 | i — | [  FINAL  ] async SP/SC totals invocations=5 adopted=4 skipped=0 discarded_in_flight=True sp_busy_frac=0.37641912828412355
22:41:06 | i — | [  FINAL  ] ════════════════════════════════════════
22:41:06 | i — | [  FINAL  ] Run complete  iterations=37  elapsed=02:02:08  best=325169.00
22:41:06 | i — | [  FINAL  ] Δ_BKS=+0.49%  no_improve_stop=False  time_stop=True  cancelled=False
22:41:06 | i — | [  FINAL  ] 
22:41:06 | i — | [  FINAL  ] [BEST SOLUTION — HAOS TAG SUMMARY]
22:41:06 | i — | [  FINAL  ] ────────────────────────────────────────
22:41:06 | i — | [  FINAL  ]   115 routes  rb  ac_complete  k=36  λ=0.2  solver=ails2
22:41:06 | i — | [  FINAL  ]   17 routes  rb  ac_avg  k=36  λ=0.2  solver=filo2
22:41:06 | i — | [  FINAL  ]   3 routes  vb  kmeans  k=10  λ=0.6  solver=filo
22:41:06 | i — | [  FINAL  ]   2 routes  rb  kmeans  k=36  λ=1.0  solver=ails2
22:41:06 | i — | [  FINAL  ]   1 routes  rb  kmeans  k=8  λ=0.6  solver=ails2
22:41:06 | i — | [  FINAL  ]   1 routes  vb  ac_complete  k=10  λ=0.8  solver=ails2
22:41:06 | i — | [  FINAL  ]   240 routes  post-SP/SC improvement
22:41:06 | i — | [  FINAL  ] 
22:41:06 | i — | [  FINAL  ] [ROUTE POOL — HAOS TAG SUMMARY]
22:41:06 | i — | [  FINAL  ] ────────────────────────────────────────
22:41:06 | i — | [  FINAL  ]   1098 routes  rb  kmeans  k=8  λ=0.6  solver=filo2
22:41:06 | i — | [  FINAL  ]   762 routes  vb  kmeans  k=36  λ=0.2  solver=ails2
22:41:06 | i — | [  FINAL  ]   739 routes  rb  kmeans  k=8  λ=1.0  solver=filo
22:41:06 | i — | [  FINAL  ]   722 routes  rb  ac_complete  k=10  λ=0.0  solver=filo2
22:41:06 | i — | [  FINAL  ]   674 routes  rb  kmeans  k=36  λ=0.6  solver=filo2
22:41:06 | i — | [  FINAL  ]   661 routes  rb  ac_avg  k=36  λ=0.6  solver=filo2
22:41:06 | i — | [  FINAL  ]   464 routes  rb  kmeans  k=3  λ=0.6  solver=filo2
22:41:06 | i — | [  FINAL  ]   424 routes  vb  kmedoids  k=36  λ=0.6  solver=filo
22:41:06 | i — | [  FINAL  ]   393 routes  vb  kmedoids  k=36  λ=1.0  solver=filo2
22:41:06 | i — | [  FINAL  ]   351 routes  rb  kmeans  k=2  λ=0.4  solver=pyvrp
22:41:06 | i — | [  FINAL  ]   347 routes  rb  ac_avg  k=36  λ=0.2  solver=filo2
22:41:06 | i — | [  FINAL  ]   238 routes  vb  kmeans  k=10  λ=0.6  solver=filo
22:41:06 | i — | [  FINAL  ]   231 routes  rb  kmeans  k=3  λ=0.6  solver=pyvrp
22:41:06 | i — | [  FINAL  ]   228 routes  vb  kmeans  k=36  λ=0.4  solver=pyvrp
22:41:06 | i — | [  FINAL  ]   222 routes  vb  ac_avg  k=25  λ=0.6  solver=filo2
22:41:06 | i — | [  FINAL  ]   212 routes  rb  ac_complete  k=36  λ=0.2  solver=ails2
22:41:06 | i — | [  FINAL  ]   201 routes  vb  ac_complete  k=10  λ=1.0  solver=filo
22:41:06 | i — | [  FINAL  ]   200 routes  vb  ac_avg  k=4  λ=1.0  solver=pyvrp
22:41:06 | i — | [  FINAL  ]   198 routes  rb  ac_complete  k=8  λ=1.0  solver=filo2
22:41:06 | i — | [  FINAL  ]   168 routes  vb  kmeans  k=4  λ=1.0  solver=filo
22:41:06 | i — | [  FINAL  ]   164 routes  vb  ac_complete  k=3  λ=0.4  solver=ails2
22:41:06 | i — | [  FINAL  ]   140 routes  vb  ac_complete  k=10  λ=0.8  solver=ails2
22:41:06 | i — | [  FINAL  ]   138 routes  vb  kmeans  k=8  λ=0.4  solver=ails2
22:41:06 | i — | [  FINAL  ]   119 routes  rb  kmeans  k=8  λ=0.6  solver=ails2
22:41:06 | i — | [  FINAL  ]   116 routes  vb  ac_complete  k=2  λ=0.0  solver=filo
22:41:06 | i — | [  FINAL  ]   77 routes  rb  kmeans  k=3  λ=0.6  solver=filo
22:41:06 | i — | [  FINAL  ]   75 routes  rb  ac_complete  k=12  λ=0.6  solver=ails2
22:41:06 | i — | [  FINAL  ]   52 routes  rb  kmeans  k=36  λ=1.0  solver=ails2
22:41:06 | i — | [  FINAL  ]   52 routes  rb  ac_complete  k=36  λ=0.8  solver=filo
22:41:06 | i — | [  FINAL  ]   48 routes  rb  ac_complete  k=8  λ=0.2  solver=filo2
22:41:06 | i — | [  FINAL  ]   47 routes  vb  ac_avg  k=36  λ=0.4  solver=ails2
22:41:06 | i — | [  FINAL  ]   43 routes  rb  ac_complete  k=36  λ=1.0  solver=filo
22:41:06 | i — | [  FINAL  ]   20 routes  rb  ac_avg  k=4  λ=0.2  solver=ails2
22:41:06 | i — | [  FINAL  ]   12 routes  rb  ac_avg  k=8  λ=0.6  solver=filo
22:41:06 | i — | [  FINAL  ]   364 routes  post-SP/SC improvement
22:41:06 | i — | [  FINAL  ] ════════════════════════════════════════
