23:07:29 | i — | [  INIT   ] ════════════════════════════════════════
23:07:29 | i — | [  INIT   ] DRISPI  instance=X-n1188-k96  n=1187  capacity=782
23:07:29 | i — | [  INIT   ] k domain (computed at init): [2, 3, 4, 6, 8, 10, 12]  k_ext=4  k_min=96  k_ext_bound=n_bound  spacing_rejected=0
23:07:29 | i — | [  INIT   ] ══════════════════════════════════════════════════════
23:07:29 | i — | [  INIT   ] CONFIGURATION
23:07:29 | i — | [  INIT   ] ── stopping ────────────────────────────────
23:07:29 | i — | [  INIT   ]   time_limit                  = 7200.0
23:07:29 | i — | [  INIT   ]   max_no_improve              = 1000000000
23:07:29 | i — | [  INIT   ] ── parallelism ─────────────────────────────
23:07:29 | i — | [  INIT   ]   n_workers                   = 8
23:07:29 | i — | [  INIT   ] ── cores ───────────────────────────────────
23:07:29 | i — | [  INIT   ]   cores_total                 = 8
23:07:29 | i — | [  INIT   ]   cores_dri                   = 6
23:07:29 | i — | [  INIT   ]   cores_bg                    = 1
23:07:29 | i — | [  INIT   ]   cores_sp                    = 1
23:07:29 | i — | [  INIT   ]   cores_cpu_list              = None
23:07:29 | i — | [  INIT   ] ── sp/sc ───────────────────────────────────
23:07:29 | i — | [  INIT   ]   sp_sc_mode                  = async
23:07:29 | i — | [  INIT   ]   sp_sc_trigger               = wallclock
23:07:29 | i — | [  INIT   ]   interval_minutes            = 20.0
23:07:29 | i — | [  INIT   ]   overlap_policy              = skip
23:07:29 | i — | [  INIT   ]   warmup_iterations           = 5
23:07:29 | i — | [  INIT   ]   sp_interval                 = 3
23:07:29 | i — | [  INIT   ]   min_coverage                = 5
23:07:29 | i — | [  INIT   ]   sp_time_limit               = 720.0
23:07:29 | i — | [  INIT   ]   mip_gap                     = 0.00025
23:07:29 | i — | [  INIT   ] ── decomposition ───────────────────────────
23:07:29 | i — | [  INIT   ]   decomp_k_base_arms          = [2, 3, 4, 6, 8, 10, 12]
23:07:29 | i — | [  INIT   ]   decomp_k_max_arms           = 10
23:07:29 | i — | [  INIT   ]   decomp_k_ext_per_1000       = 4
23:07:29 | i — | [  INIT   ]   decomp_k_min_routes_per_cluster= 8
23:07:29 | i — | [  INIT   ]   decomp_k_min_arm_spacing    = 2
23:07:29 | i — | [  INIT   ]   subcluster_rate_s_per_customer= 0.06
23:07:29 | i — | [  INIT   ]   subcluster_floor_s          = 5.0
23:07:29 | i — | [  INIT   ] ── bg_ails ─────────────────────────────────
23:07:29 | i — | [  INIT   ]   bg_ails_mode                = async
23:07:29 | i — | [  INIT   ]   bg_ails_crash_threshold     = 1
23:07:29 | i — | [  INIT   ]   bg_ails_budget_mode         = predicted_dr_wall
23:07:29 | i — | [  INIT   ]   bg_ails_budget_floor_s      = 60.0
23:07:29 | i — | [  INIT   ]   bg_ails_budget_margin       = 1.0
23:07:29 | i — | [  INIT   ]   bg_ails_wall_model_scale    = 0.976
23:07:29 | i — | [  INIT   ]   bg_ails_wall_model_wave_exponent= -0.18
23:07:29 | i — | [  INIT   ]   bg_ails_initial_omega       = 10
23:07:29 | i — | [  INIT   ]   bg_ails_boundary_threshold  = 0.5
23:07:29 | i — | [  INIT   ]   bg_ails_small_cluster_cap   = 20
23:07:29 | i — | [  INIT   ]   bg_ails_small_cluster_alpha = 0.5
23:07:29 | i — | [  INIT   ]   bg_ails_pair_selection      = greedy
23:07:29 | i — | [  INIT   ]   bg_ails_n_chains_mode       = k
23:07:29 | i — | [  INIT   ]   bg_ails_unique_first_routes = True
23:07:29 | i — | [  INIT   ]   bg_ails_boundary_mask_first_ls= True
23:07:29 | i — | [  INIT   ] ── standard_improvement ────────────────────
23:07:29 | i — | [  INIT   ]   standard_improvement_time_limit= 360.0
23:07:29 | i — | [  INIT   ] ── pool ────────────────────────────────────
23:07:29 | i — | [  INIT   ]   max_pool_size               = 10000
23:07:29 | i — | [  INIT   ]   pool_diversity_weight       = 0.5
23:07:29 | i — | [  INIT   ] ── haos ────────────────────────────────────
23:07:29 | i — | [  INIT   ]   haos_decay                  = 0.95
23:07:29 | i — | [  INIT   ]   haos_warmup                 = 10
23:07:29 | i — | [  INIT   ]   haos_starting_weight        = 10.0
23:07:29 | i — | [  INIT   ]   haos_min_weight_k           = 0.025
23:07:29 | i — | [  INIT   ]   haos_min_weight_lambda      = 0.05
23:07:29 | i — | [  INIT   ]   haos_min_weight_paradigm    = 0.1
23:07:29 | i — | [  INIT   ]   haos_min_weight_vertex_method= 0.05
23:07:29 | i — | [  INIT   ]   haos_min_weight_route_method= 0.05
23:07:29 | i — | [  INIT   ]   haos_min_weight_solver      = 0.05
23:07:29 | i — | [  INIT   ]   haos_lambda_demand_values   = [0.0, 0.2, 0.4, 0.6, 0.8, 1.0]
23:07:29 | i — | [  INIT   ]   haos_paradigm_values        = ['vertex', 'route']
23:07:29 | i — | [  INIT   ]   haos_vertex_method_values   = ['kmeans', 'agglomerative_avg', 'agglomerative_complete', 'kmedoids', 'fcm']
23:07:29 | i — | [  INIT   ]   haos_route_method_values    = ['kmeans', 'agglomerative_avg', 'agglomerative_complete']
23:07:29 | i — | [  INIT   ]   haos_solver_values          = ['pyvrp', 'filo', 'filo2', 'ails2']
23:07:29 | i — | [  INIT   ] ── haos_rewards ────────────────────────────
23:07:29 | i — | [  INIT   ]   haos_reward_new_best        = 10.0
23:07:29 | i — | [  INIT   ]   haos_reward_improvement     = 4.0
23:07:29 | i — | [  INIT   ]   haos_reward_no_improvement  = 1.0
23:07:29 | i — | [  INIT   ]   haos_reward_no_solution     = 0.0
23:07:29 | i — | [  INIT   ]   haos_deferred_new_best      = 7.0
23:07:29 | i — | [  INIT   ]   haos_deferred_improvement   = 3.0
23:07:29 | i — | [  INIT   ]   haos_deferred_no_improvement= 0.0
23:07:29 | i — | [  INIT   ] ── seed ────────────────────────────────────
23:07:29 | i — | [  INIT   ]   seed                        = 22
23:07:29 | i — | [  INIT   ] ── output ──────────────────────────────────
23:07:29 | i — | [  INIT   ]   output_dir                  = /app/artifacts/benchmark/X-n1188-k96/seed22
23:07:29 | i — | [  INIT   ]   run_analysis                = False
23:07:29 | i — | [  INIT   ] ══════════════════════════════════════════════════════
23:07:29 | i — | [  INIT   ] BKS=104402.00
23:07:29 | i — | [  INIT   ] ════════════════════════════════════════
23:07:29 | i 1 | [HAOS ROLL] k=6  λ=0.8  vb  fcm  filo2  P≈0.000595
23:07:30 | i 1 | [Phase 1/3] decompose  0.60s / — / —  λ=0.8  vb fcm
23:07:53 | i 1 | [Phase 2/3] route  23.13s / 23.40s / 98.8%  filo2  k=6
23:07:53 | i 1 | [ IMPROVE ] 108044.00  via decompose_route  ·  Δ_BKS=+3.49%
23:07:53 | i 1 | [HAOS ROLL] k=6  λ=0.8  vb  fcm  filo2  P≈0.000595
23:07:53 | i 1 | [ Summary ] cost=108044.00  Δ_S*=+0.00%  Δ_BKS=+3.49%  Δ_S*_BKS=+3.49%  no_improve=0
23:07:53 | i 2 | [HAOS ROLL] k=12  λ=0.4  vb  kmedoids  filo  P≈0.000595
23:07:55 | i 2 | [Phase 1/3] decompose  2.59s / — / —  λ=0.4  vb kmedoids
23:08:19 | i 2 | [Phase 2/3] route  24.07s / 18.90s / 127.4%  filo  k=12
23:08:55 | i 1 | [ IMPROVE ] 105235.00  via bg_ails  ·  Δ_BKS=+0.80%
23:08:55 | i 1 | [ ASYNC BG] bg_ails  62.37s / 60.00s / 103.9%
23:08:55 | i 2 | [HAOS ROLL] k=12  λ=0.4  vb  kmedoids  filo  P≈0.000595
23:08:55 | i 2 | [ Summary ] cost=109273.00  Δ_S*=+3.84%  Δ_BKS=+4.67%  Δ_S*_BKS=+0.80%  no_improve=1
23:08:55 | i 3 | [HAOS ROLL] k=10  λ=0.6  rb  ac_avg  filo  P≈0.000992
23:08:55 | i 3 | [Phase 1/3] decompose  0.17s / — / —  λ=0.6  rb ac_avg
23:09:17 | i 3 | [Phase 2/3] route  22.08s / 21.72s / 101.7%  filo  k=10
23:09:57 | i 2 | [ IMPROVE ] 105100.00  via bg_ails  ·  Δ_BKS=+0.67%
23:09:57 | i 2 | [ ASYNC BG] bg_ails  62.42s / 60.00s / 104.0%
23:09:57 | i 3 | [HAOS ROLL] k=10  λ=0.6  rb  ac_avg  filo  P≈0.000992
23:09:57 | i 3 | [ Summary ] cost=106447.00  Δ_S*=+1.28%  Δ_BKS=+1.96%  Δ_S*_BKS=+0.67%  no_improve=1
23:09:57 | i 4 | [HAOS ROLL] k=2  λ=0.0  vb  kmeans  filo2  P≈0.000595
23:09:58 | i 4 | [Phase 1/3] decompose  0.07s / — / —  λ=0.0  vb kmeans
23:10:34 | i 4 | [Phase 2/3] route  36.08s / 36.30s / 99.4%  filo2  k=2
23:11:00 | i 3 | [ IMPROVE ] 104996.00  via bg_ails  ·  Δ_BKS=+0.57%
23:11:00 | i 3 | [ ASYNC BG] bg_ails  62.37s / 60.00s / 103.9%
23:11:00 | i 4 | [HAOS ROLL] k=2  λ=0.0  vb  kmeans  filo2  P≈0.000595
23:11:00 | i 4 | [ Summary ] cost=106273.00  Δ_S*=+1.22%  Δ_BKS=+1.79%  Δ_S*_BKS=+0.57%  no_improve=1
23:11:00 | i 5 | [HAOS ROLL] k=10  λ=0.8  vb  kmedoids  filo2  P≈0.000595
23:11:00 | i 5 | [Phase 1/3] decompose  0.09s / — / —  λ=0.8  vb kmedoids
23:11:25 | i 5 | [Phase 2/3] route  25.08s / 20.10s / 124.8%  filo2  k=10
23:12:02 | i 4 | [ IMPROVE ] 104849.00  via bg_ails  ·  Δ_BKS=+0.43%
23:12:02 | i 4 | [ ASYNC BG] bg_ails  62.34s / 60.00s / 103.9%
23:12:02 | i 5 | [HAOS ROLL] k=10  λ=0.8  vb  kmedoids  filo2  P≈0.000595
23:12:02 | i 5 | [ Summary ] cost=108282.00  Δ_S*=+3.27%  Δ_BKS=+3.72%  Δ_S*_BKS=+0.43%  no_improve=1
23:12:02 | i 6 | [HAOS ROLL] k=8  λ=0.0  vb  kmeans  ails2  P≈0.000595
23:12:02 | i 6 | [Phase 1/3] decompose  0.06s / — / —  λ=0.0  vb kmeans
23:12:22 | i 6 | [Phase 2/3] route  19.59s / 18.24s / 107.4%  ails2  k=8
23:13:05 | i 5 | [ ASYNC BG] bg_ails  62.43s / 60.00s / 104.0%
23:13:05 | i 6 | [HAOS ROLL] k=8  λ=0.0  vb  kmeans  ails2  P≈0.000595
23:13:05 | i 6 | [ Summary ] cost=108275.00  Δ_S*=+3.27%  Δ_BKS=+3.71%  Δ_S*_BKS=+0.43%  no_improve=3
23:13:05 | i 7 | [HAOS ROLL] k=6  λ=0.0  rb  kmeans  filo  P≈0.000992
23:13:05 | i 7 | [Phase 1/3] decompose  0.05s / — / —  λ=0.0  rb kmeans
23:13:26 | i 7 | [Phase 2/3] route  21.07s / 21.06s / 100.0%  filo  k=6
23:14:07 | i 6 | [ ASYNC BG] bg_ails  62.39s / 60.00s / 104.0%
23:14:07 | i 7 | [HAOS ROLL] k=6  λ=0.0  rb  kmeans  filo  P≈0.000992
23:14:07 | i 7 | [ Summary ] cost=106025.00  Δ_S*=+1.12%  Δ_BKS=+1.55%  Δ_S*_BKS=+0.43%  no_improve=5
23:14:07 | i 8 | [HAOS ROLL] k=2  λ=1.0  rb  ac_complete  filo2  P≈0.000992
23:14:07 | i 8 | [Phase 1/3] decompose  0.07s / — / —  λ=1.0  rb ac_complete
23:14:45 | i 8 | [Phase 2/3] route  38.08s / 37.56s / 101.4%  filo2  k=2
23:15:09 | i 7 | [ ASYNC BG] bg_ails  62.32s / 60.00s / 103.9%
23:15:09 | i 8 | [HAOS ROLL] k=2  λ=1.0  rb  ac_complete  filo2  P≈0.000992
23:15:09 | i 8 | [ Summary ] cost=105030.00  Δ_S*=+0.17%  Δ_BKS=+0.60%  Δ_S*_BKS=+0.43%  no_improve=7
23:15:09 | i 9 | [HAOS ROLL] k=2  λ=0.0  rb  kmeans  filo  P≈0.000992
23:15:09 | i 9 | [Phase 1/3] decompose  0.06s / — / —  λ=0.0  rb kmeans
23:15:46 | i 9 | [Phase 2/3] route  36.07s / 36.42s / 99.0%  filo  k=2
23:16:12 | i 8 | [ IMPROVE ] 104716.00  via bg_ails  ·  Δ_BKS=+0.30%
23:16:12 | i 8 | [ ASYNC BG] bg_ails  62.28s / 60.00s / 103.8%
23:16:12 | i 9 | [HAOS ROLL] k=2  λ=0.0  rb  kmeans  filo  P≈0.000992
23:16:12 | i 9 | [ Summary ] cost=105608.00  Δ_S*=+0.85%  Δ_BKS=+1.16%  Δ_S*_BKS=+0.30%  no_improve=1
23:16:12 | i 10 | [HAOS ROLL] k=8  λ=0.0  rb  ac_avg  filo2  P≈0.000992
23:16:12 | i 10 | [Phase 1/3] decompose  0.06s / — / —  λ=0.0  rb ac_avg
23:16:39 | i 10 | [Phase 2/3] route  27.08s / 21.78s / 124.3%  filo2  k=8
23:17:14 | i 9 | [ ASYNC BG] bg_ails  62.47s / 60.00s / 104.1%
23:17:14 | i 10 | [HAOS ROLL] k=8  λ=0.0  rb  ac_avg  filo2  P≈0.000992
23:17:14 | i 10 | [ Summary ] cost=106012.00  Δ_S*=+1.24%  Δ_BKS=+1.54%  Δ_S*_BKS=+0.30%  no_improve=3
23:17:14 | i 11 | [HAOS ROLL] k=10  λ=1.0  vb  ac_avg  ails2  P≈0.000595
23:17:14 | i 11 | [Phase 1/3] decompose  0.10s / — / —  λ=1.0  vb ac_avg
23:17:40 | i 11 | [Phase 2/3] route  25.55s / 24.78s / 103.1%  ails2  k=10
23:18:17 | i 10 | [ ASYNC BG] bg_ails  62.46s / 60.00s / 104.1%
23:18:17 | i 11 | [HAOS ROLL] k=10  λ=1.0  vb  ac_avg  ails2  P≈0.000595
23:18:17 | i 11 | [ Summary ] cost=109192.00  Δ_S*=+4.27%  Δ_BKS=+4.59%  Δ_S*_BKS=+0.30%  no_improve=5
23:18:17 | i 12 | [HAOS ROLL] k=12  λ=0.8  vb  kmedoids  ails2  P≈0.000614
23:18:17 | i 12 | [Phase 1/3] decompose  0.10s / — / —  λ=0.8  vb kmedoids
23:18:37 | i 12 | [Phase 2/3] route  20.49s / 19.86s / 103.2%  ails2  k=12
23:19:19 | i 11 | [ ASYNC BG] bg_ails  62.51s / 60.00s / 104.2%
23:19:19 | i 12 | [HAOS ROLL] k=12  λ=0.8  vb  kmedoids  ails2  P≈0.000614
23:19:19 | i 12 | [ Summary ] cost=110654.00  Δ_S*=+5.67%  Δ_BKS=+5.99%  Δ_S*_BKS=+0.30%  no_improve=7
23:19:19 | i 6 | [ASYNC 1/2] sp_sc  0.24s / 720.00s / 0.0%  SP  avg_coverage=9.81/5  pool=957
23:19:19 | i 6 | [ASYNC 2/2] standard_ails  362.41s / 360.00s / 100.7%
23:19:20 | i 13 | [HAOS ROLL] k=10  λ=0.2  vb  kmedoids  filo2  P≈0.000740
23:19:20 | i 13 | [Phase 1/3] decompose  0.08s / — / —  λ=0.2  vb kmedoids
23:19:45 | i 13 | [Phase 2/3] route  25.07s / 20.16s / 124.4%  filo2  k=10
23:20:22 | i 12 | [ ASYNC BG] bg_ails  62.34s / 60.00s / 103.9%
23:20:22 | i 13 | [HAOS ROLL] k=10  λ=0.2  vb  kmedoids  filo2  P≈0.000740
23:20:22 | i 13 | [ Summary ] cost=109124.00  Δ_S*=+4.21%  Δ_BKS=+4.52%  Δ_S*_BKS=+0.30%  no_improve=10
23:20:22 | i 14 | [HAOS ROLL] k=2  λ=0.6  vb  fcm  ails2  P≈0.000838
23:20:22 | i 14 | [Phase 1/3] decompose  0.07s / — / —  λ=0.6  vb fcm
23:20:59 | i 14 | [Phase 2/3] route  37.39s / 36.66s / 102.0%  ails2  k=2
23:21:24 | i 13 | [ ASYNC BG] bg_ails  62.32s / 60.00s / 103.9%
23:21:24 | i 14 | [HAOS ROLL] k=2  λ=0.6  vb  fcm  ails2  P≈0.000838
23:21:24 | i 14 | [ Summary ] cost=106197.00  Δ_S*=+1.41%  Δ_BKS=+1.72%  Δ_S*_BKS=+0.30%  no_improve=12
23:21:24 | i 15 | [HAOS ROLL] k=2  λ=1.0  rb  kmeans  pyvrp  P≈0.000380
23:21:24 | i 15 | [Phase 1/3] decompose  0.07s / — / —  λ=1.0  rb kmeans
23:22:02 | i 15 | [Phase 2/3] route  37.87s / 36.78s / 103.0%  pyvrp  k=2
23:22:26 | i 14 | [ ASYNC BG] bg_ails  62.28s / 60.00s / 103.8%
23:22:26 | i 15 | [HAOS ROLL] k=2  λ=1.0  rb  kmeans  pyvrp  P≈0.000380
23:22:26 | i 15 | [ Summary ] cost=106218.00  Δ_S*=+1.43%  Δ_BKS=+1.74%  Δ_S*_BKS=+0.30%  no_improve=14
23:22:26 | i 16 | [HAOS ROLL] k=10  λ=0.8  vb  fcm  ails2  P≈0.001774
23:22:26 | i 16 | [Phase 1/3] decompose  0.11s / — / —  λ=0.8  vb fcm
23:22:45 | i 16 | [Phase 2/3] route  18.56s / 11.64s / 159.5%  ails2  k=10
23:23:28 | i 15 | [ ASYNC BG] bg_ails  62.33s / 60.00s / 103.9%
23:23:28 | i 16 | [HAOS ROLL] k=10  λ=0.8  vb  fcm  ails2  P≈0.001774
23:23:29 | i 16 | [ Summary ] cost=108962.00  Δ_S*=+4.05%  Δ_BKS=+4.37%  Δ_S*_BKS=+0.30%  no_improve=16
23:23:29 | i 17 | [HAOS ROLL] k=3  λ=0.2  vb  ac_complete  pyvrp  P≈0.000403
23:23:29 | i 17 | [Phase 1/3] decompose  0.09s / — / —  λ=0.2  vb ac_complete
23:23:59 | i 17 | [Phase 2/3] route  30.49s / 29.70s / 102.7%  pyvrp  k=3
23:24:31 | i 16 | [ ASYNC BG] bg_ails  62.31s / 60.00s / 103.8%
23:24:31 | i 17 | [HAOS ROLL] k=3  λ=0.2  vb  ac_complete  pyvrp  P≈0.000403
23:24:31 | i 17 | [ Summary ] cost=106738.00  Δ_S*=+1.93%  Δ_BKS=+2.24%  Δ_S*_BKS=+0.30%  no_improve=18
23:24:31 | i 18 | [HAOS ROLL] k=10  λ=0.4  vb  kmeans  filo  P≈0.000628
23:24:31 | i 18 | [Phase 1/3] decompose  0.07s / — / —  λ=0.4  vb kmeans
23:24:51 | i 18 | [Phase 2/3] route  20.08s / 20.04s / 100.2%  filo  k=10
23:25:33 | i 17 | [ ASYNC BG] bg_ails  62.36s / 60.00s / 103.9%
23:25:33 | i 18 | [HAOS ROLL] k=10  λ=0.4  vb  kmeans  filo  P≈0.000628
23:25:33 | i 18 | [ Summary ] cost=109701.00  Δ_S*=+4.76%  Δ_BKS=+5.08%  Δ_S*_BKS=+0.30%  no_improve=20
23:25:33 | i 19 | [HAOS ROLL] k=12  λ=0.8  vb  ac_avg  filo2  P≈0.000561
23:25:33 | i 19 | [Phase 1/3] decompose  0.09s / — / —  λ=0.8  vb ac_avg
23:26:05 | i 19 | [Phase 2/3] route  32.08s / 21.60s / 148.5%  filo2  k=12
23:26:36 | i 18 | [ ASYNC BG] bg_ails  62.42s / 60.00s / 104.0%
23:26:36 | i 19 | [HAOS ROLL] k=12  λ=0.8  vb  ac_avg  filo2  P≈0.000561
23:26:36 | i 19 | [ Summary ] cost=109546.00  Δ_S*=+4.61%  Δ_BKS=+4.93%  Δ_S*_BKS=+0.30%  no_improve=22
23:26:36 | i 20 | [HAOS ROLL] k=12  λ=0.4  vb  fcm  pyvrp  P≈0.000904
23:26:36 | i 20 | [Phase 1/3] decompose  0.20s / — / —  λ=0.4  vb fcm
23:26:52 | i 20 | [Phase 2/3] route  16.42s / 11.10s / 147.9%  pyvrp  k=12
23:27:38 | i 19 | [ ASYNC BG] bg_ails  62.43s / 60.00s / 104.0%
23:27:38 | i 20 | [HAOS ROLL] k=12  λ=0.4  vb  fcm  pyvrp  P≈0.000904
23:27:38 | i 20 | [ Summary ] cost=111974.00  Δ_S*=+6.93%  Δ_BKS=+7.25%  Δ_S*_BKS=+0.30%  no_improve=24
23:27:38 | i 21 | [HAOS ROLL] k=4  λ=0.0  vb  ac_avg  filo2  P≈0.000530
23:27:38 | i 21 | [Phase 1/3] decompose  0.07s / — / —  λ=0.0  vb ac_avg
23:28:11 | i 21 | [Phase 2/3] route  33.08s / 33.12s / 99.9%  filo2  k=4
23:28:40 | i 20 | [ ASYNC BG] bg_ails  62.29s / 60.00s / 103.8%
23:28:40 | i 21 | [HAOS ROLL] k=4  λ=0.0  vb  ac_avg  filo2  P≈0.000530
23:28:40 | i 21 | [ Summary ] cost=107208.00  Δ_S*=+2.38%  Δ_BKS=+2.69%  Δ_S*_BKS=+0.30%  no_improve=26
23:28:40 | i 22 | [HAOS ROLL] k=10  λ=1.0  vb  fcm  filo2  P≈0.002026
23:28:40 | i 22 | [Phase 1/3] decompose  0.11s / — / —  λ=1.0  vb fcm
23:28:58 | i 22 | [Phase 2/3] route  17.07s / 11.82s / 144.4%  filo2  k=10
23:29:43 | i 21 | [ ASYNC BG] bg_ails  62.25s / 60.00s / 103.7%
23:29:43 | i 22 | [HAOS ROLL] k=10  λ=1.0  vb  fcm  filo2  P≈0.002026
23:29:43 | i 22 | [ Summary ] cost=110098.00  Δ_S*=+5.14%  Δ_BKS=+5.46%  Δ_S*_BKS=+0.30%  no_improve=28
23:29:43 | i 23 | [HAOS ROLL] k=4  λ=0.8  vb  kmeans  pyvrp  P≈0.000950
23:29:43 | i 23 | [Phase 1/3] decompose  0.06s / — / —  λ=0.8  vb kmeans
23:30:11 | i 23 | [Phase 2/3] route  28.74s / 28.02s / 102.6%  pyvrp  k=4
23:30:45 | i 22 | [ ASYNC BG] bg_ails  62.32s / 60.00s / 103.9%
23:30:45 | i 23 | [HAOS ROLL] k=4  λ=0.8  vb  kmeans  pyvrp  P≈0.000950
23:30:45 | i 23 | [ Summary ] cost=107967.00  Δ_S*=+3.10%  Δ_BKS=+3.41%  Δ_S*_BKS=+0.30%  no_improve=30
23:30:45 | i 24 | [HAOS ROLL] k=10  λ=0.4  vb  kmeans  pyvrp  P≈0.001588
23:30:45 | i 24 | [Phase 1/3] decompose  0.07s / — / —  λ=0.4  vb kmeans
23:31:04 | i 24 | [Phase 2/3] route  18.99s / 12.90s / 147.2%  pyvrp  k=10
23:31:47 | i 23 | [ ASYNC BG] bg_ails  62.34s / 60.00s / 103.9%
23:31:47 | i 24 | [HAOS ROLL] k=10  λ=0.4  vb  kmeans  pyvrp  P≈0.001588
23:31:47 | i 24 | [ Summary ] cost=109017.00  Δ_S*=+4.11%  Δ_BKS=+4.42%  Δ_S*_BKS=+0.30%  no_improve=32
23:31:47 | i 25 | [HAOS ROLL] k=4  λ=0.8  vb  kmeans  ails2  P≈0.001465
23:31:47 | i 25 | [Phase 1/3] decompose  0.06s / — / —  λ=0.8  vb kmeans
23:32:16 | i 25 | [Phase 2/3] route  28.42s / 27.96s / 101.6%  ails2  k=4
23:32:50 | i 24 | [ ASYNC BG] bg_ails  62.33s / 60.00s / 103.9%
23:32:50 | i 25 | [HAOS ROLL] k=4  λ=0.8  vb  kmeans  ails2  P≈0.001465
23:32:50 | i 25 | [ Summary ] cost=106121.00  Δ_S*=+1.34%  Δ_BKS=+1.65%  Δ_S*_BKS=+0.30%  no_improve=34
23:32:50 | i 26 | [HAOS ROLL] k=2  λ=1.0  vb  kmedoids  filo  P≈0.000362
23:32:50 | i 26 | [Phase 1/3] decompose  0.08s / — / —  λ=1.0  vb kmedoids
23:33:27 | i 26 | [Phase 2/3] route  37.08s / 36.72s / 101.0%  filo  k=2
23:33:52 | i 25 | [ ASYNC BG] bg_ails  62.28s / 60.00s / 103.8%
23:33:52 | i 26 | [HAOS ROLL] k=2  λ=1.0  vb  kmedoids  filo  P≈0.000362
23:33:52 | i 26 | [ Summary ] cost=106452.00  Δ_S*=+1.66%  Δ_BKS=+1.96%  Δ_S*_BKS=+0.30%  no_improve=36
23:33:52 | i 27 | [HAOS ROLL] k=6  λ=0.8  vb  ac_avg  filo2  P≈0.001118
23:33:52 | i 27 | [Phase 1/3] decompose  0.09s / — / —  λ=0.8  vb ac_avg
23:34:23 | i 27 | [Phase 2/3] route  31.09s / 31.20s / 99.6%  filo2  k=6
23:34:54 | i 26 | [ ASYNC BG] bg_ails  62.46s / 60.00s / 104.1%
23:34:54 | i 27 | [HAOS ROLL] k=6  λ=0.8  vb  ac_avg  filo2  P≈0.001118
23:34:54 | i 27 | [ Summary ] cost=107878.00  Δ_S*=+3.02%  Δ_BKS=+3.33%  Δ_S*_BKS=+0.30%  no_improve=38
23:34:54 | i 28 | [HAOS ROLL] k=12  λ=0.8  vb  kmeans  pyvrp  P≈0.002323
23:34:54 | i 28 | [Phase 1/3] decompose  0.07s / — / —  λ=0.8  vb kmeans
23:35:13 | i 28 | [Phase 2/3] route  18.68s / 13.44s / 139.0%  pyvrp  k=12
23:35:57 | i 27 | [ ASYNC BG] bg_ails  62.53s / 60.00s / 104.2%
23:35:57 | i 28 | [HAOS ROLL] k=12  λ=0.8  vb  kmeans  pyvrp  P≈0.002323
23:35:57 | i 28 | [ Summary ] cost=110851.00  Δ_S*=+5.86%  Δ_BKS=+6.18%  Δ_S*_BKS=+0.30%  no_improve=40
23:35:57 | i 29 | [HAOS ROLL] k=2  λ=0.6  rb  kmeans  ails2  P≈0.000165
23:35:57 | i 29 | [Phase 1/3] decompose  0.07s / — / —  λ=0.6  rb kmeans
23:36:34 | i 29 | [Phase 2/3] route  37.42s / 36.78s / 101.7%  ails2  k=2
23:36:59 | i 28 | [ ASYNC BG] bg_ails  62.35s / 60.00s / 103.9%
23:36:59 | i 29 | [HAOS ROLL] k=2  λ=0.6  rb  kmeans  ails2  P≈0.000165
23:36:59 | i 29 | [ Summary ] cost=104809.00  Δ_S*=+0.09%  Δ_BKS=+0.39%  Δ_S*_BKS=+0.30%  no_improve=42
23:36:59 | i 30 | [HAOS ROLL] k=8  λ=0.8  vb  ac_avg  pyvrp  P≈0.001483
23:36:59 | i 30 | [Phase 1/3] decompose  0.09s / — / —  λ=0.8  vb ac_avg
23:37:25 | i 30 | [Phase 2/3] route  25.36s / 24.78s / 102.3%  pyvrp  k=8
23:38:02 | i 29 | [ ASYNC BG] bg_ails  62.45s / 60.00s / 104.1%
23:38:02 | i 30 | [HAOS ROLL] k=8  λ=0.8  vb  ac_avg  pyvrp  P≈0.001483
23:38:02 | i 30 | [ Summary ] cost=108883.00  Δ_S*=+3.98%  Δ_BKS=+4.29%  Δ_S*_BKS=+0.30%  no_improve=44
23:38:02 | i 31 | [HAOS ROLL] k=4  λ=0.8  rb  kmeans  pyvrp  P≈0.001363
23:38:02 | i 31 | [Phase 1/3] decompose  0.07s / — / —  λ=0.8  rb kmeans
23:38:30 | i 31 | [Phase 2/3] route  28.49s / 27.78s / 102.6%  pyvrp  k=4
23:39:04 | i 30 | [ ASYNC BG] bg_ails  62.33s / 60.00s / 103.9%
23:39:04 | i 31 | [HAOS ROLL] k=4  λ=0.8  rb  kmeans  pyvrp  P≈0.001363
23:39:04 | i 31 | [ Summary ] cost=106427.00  Δ_S*=+1.63%  Δ_BKS=+1.94%  Δ_S*_BKS=+0.30%  no_improve=46
23:39:04 | i 32 | [HAOS ROLL] k=8  λ=0.8  rb  ac_avg  pyvrp  P≈0.000865
23:39:04 | i 32 | [Phase 1/3] decompose  0.07s / — / —  λ=0.8  rb ac_avg
23:39:31 | i 32 | [Phase 2/3] route  27.27s / 21.78s / 125.2%  pyvrp  k=8
23:40:06 | i 31 | [ ASYNC BG] bg_ails  62.41s / 60.00s / 104.0%
23:40:06 | i 32 | [HAOS ROLL] k=8  λ=0.8  rb  ac_avg  pyvrp  P≈0.000865
23:40:07 | i 32 | [ Summary ] cost=106079.00  Δ_S*=+1.30%  Δ_BKS=+1.61%  Δ_S*_BKS=+0.30%  no_improve=48
23:40:07 | i 33 | [HAOS ROLL] k=4  λ=0.6  rb  ac_complete  filo  P≈0.000267
23:40:07 | i 33 | [Phase 1/3] decompose  0.07s / — / —  λ=0.6  rb ac_complete
23:40:37 | i 33 | [Phase 2/3] route  30.09s / 30.18s / 99.7%  filo  k=4
23:41:09 | i 32 | [ ASYNC BG] bg_ails  62.36s / 60.00s / 103.9%
23:41:09 | i 33 | [HAOS ROLL] k=4  λ=0.6  rb  ac_complete  filo  P≈0.000267
23:41:09 | i 33 | [ Summary ] cost=106028.00  Δ_S*=+1.25%  Δ_BKS=+1.56%  Δ_S*_BKS=+0.30%  no_improve=50
23:41:09 | i 34 | [HAOS ROLL] k=10  λ=0.4  vb  ac_avg  filo2  P≈0.000812
23:41:09 | i 34 | [Phase 1/3] decompose  0.10s / — / —  λ=0.4  vb ac_avg
23:41:34 | i 34 | [Phase 2/3] route  25.09s / 24.78s / 101.3%  filo2  k=10
23:42:11 | i 33 | [ ASYNC BG] bg_ails  62.50s / 60.00s / 104.2%
23:42:11 | i 34 | [HAOS ROLL] k=10  λ=0.4  vb  ac_avg  filo2  P≈0.000812
23:42:11 | i 34 | [ Summary ] cost=109422.00  Δ_S*=+4.49%  Δ_BKS=+4.81%  Δ_S*_BKS=+0.30%  no_improve=52
23:42:11 | i 35 | [HAOS ROLL] k=4  λ=0.6  vb  kmeans  pyvrp  P≈0.002641
23:42:11 | i 35 | [Phase 1/3] decompose  0.07s / — / —  λ=0.6  vb kmeans
23:42:40 | i 35 | [Phase 2/3] route  28.71s / 28.02s / 102.5%  pyvrp  k=4
23:43:14 | i 34 | [ ASYNC BG] bg_ails  62.34s / 60.00s / 103.9%
23:43:14 | i 35 | [HAOS ROLL] k=4  λ=0.6  vb  kmeans  pyvrp  P≈0.002641
23:43:14 | i 35 | [ Summary ] cost=107793.00  Δ_S*=+2.94%  Δ_BKS=+3.25%  Δ_S*_BKS=+0.30%  no_improve=54
23:43:14 | i 36 | [HAOS ROLL] k=4  λ=0.8  vb  kmeans  pyvrp  P≈0.004589
23:43:14 | i 36 | [Phase 1/3] decompose  0.07s / — / —  λ=0.8  vb kmeans
23:43:42 | i 36 | [Phase 2/3] route  28.63s / 27.96s / 102.4%  pyvrp  k=4
23:44:16 | i 35 | [ ASYNC BG] bg_ails  62.36s / 60.00s / 103.9%
23:44:16 | i 36 | [HAOS ROLL] k=4  λ=0.8  vb  kmeans  pyvrp  P≈0.004589
23:44:16 | i 36 | [ Summary ] cost=107466.00  Δ_S*=+2.63%  Δ_BKS=+2.93%  Δ_S*_BKS=+0.30%  no_improve=56
23:44:16 | i 37 | [HAOS ROLL] k=8  λ=0.8  rb  ac_avg  pyvrp  P≈0.001593
23:44:16 | i 37 | [Phase 1/3] decompose  0.07s / — / —  λ=0.8  rb ac_avg
23:44:43 | i 37 | [Phase 2/3] route  27.27s / 21.78s / 125.2%  pyvrp  k=8
23:45:18 | i 36 | [ ASYNC BG] bg_ails  62.36s / 60.00s / 103.9%
23:45:18 | i 37 | [HAOS ROLL] k=8  λ=0.8  rb  ac_avg  pyvrp  P≈0.001593
23:45:18 | i 37 | [ Summary ] cost=106271.00  Δ_S*=+1.48%  Δ_BKS=+1.79%  Δ_S*_BKS=+0.30%  no_improve=58
23:45:18 | i 38 | [HAOS ROLL] k=12  λ=0.8  rb  ac_complete  pyvrp  P≈0.001432
23:45:19 | i 38 | [Phase 1/3] decompose  0.07s / — / —  λ=0.8  rb ac_complete
23:45:40 | i 38 | [Phase 2/3] route  21.05s / 20.58s / 102.3%  pyvrp  k=12
23:46:21 | i 37 | [ ASYNC BG] bg_ails  62.34s / 60.00s / 103.9%
23:46:21 | i 38 | [HAOS ROLL] k=12  λ=0.8  rb  ac_complete  pyvrp  P≈0.001432
23:46:21 | i 38 | [ Summary ] cost=105770.00  Δ_S*=+1.01%  Δ_BKS=+1.31%  Δ_S*_BKS=+0.30%  no_improve=60
23:46:21 | i 26 | [ASYNC 1/2] sp_sc  332.82s / 720.00s / 46.2%  SP  avg_coverage=39.83/5  pool=3839
23:46:21 | i 26 | [ASYNC 2/2] standard_ails  362.21s / 360.00s / 100.6%
23:46:27 | i 39 | [HAOS ROLL] k=12  λ=0.8  vb  ac_avg  filo2  P≈0.001417
23:46:27 | i 39 | [Phase 1/3] decompose  0.08s / — / —  λ=0.8  vb ac_avg
23:47:00 | i 39 | [Phase 2/3] route  32.09s / 21.60s / 148.6%  filo2  k=12
23:47:23 | i 38 | [ ASYNC BG] bg_ails  62.29s / 60.00s / 103.8%
23:47:23 | i 39 | [HAOS ROLL] k=12  λ=0.8  vb  ac_avg  filo2  P≈0.001417
23:47:23 | i 39 | [ Summary ] cost=109577.00  Δ_S*=+4.64%  Δ_BKS=+4.96%  Δ_S*_BKS=+0.30%  no_improve=63
23:47:23 | i 40 | [HAOS ROLL] k=12  λ=0.0  vb  fcm  filo2  P≈0.000590
23:47:23 | i 40 | [Phase 1/3] decompose  0.19s / — / —  λ=0.0  vb fcm
23:47:39 | i 40 | [Phase 2/3] route  16.07s / 11.10s / 144.8%  filo2  k=12
23:48:25 | i 39 | [ ASYNC BG] bg_ails  62.40s / 60.00s / 104.0%
23:48:25 | i 40 | [HAOS ROLL] k=12  λ=0.0  vb  fcm  filo2  P≈0.000590
23:48:26 | i 40 | [ Summary ] cost=111066.00  Δ_S*=+6.06%  Δ_BKS=+6.38%  Δ_S*_BKS=+0.30%  no_improve=65
23:48:26 | i 41 | [HAOS ROLL] k=3  λ=0.6  vb  fcm  filo2  P≈0.000415
23:48:26 | i 41 | [Phase 1/3] decompose  0.07s / — / —  λ=0.6  vb fcm
23:48:56 | i 41 | [Phase 2/3] route  30.08s / 30.06s / 100.1%  filo2  k=3
23:49:28 | i 40 | [ ASYNC BG] bg_ails  62.37s / 60.00s / 103.9%
23:49:28 | i 41 | [HAOS ROLL] k=3  λ=0.6  vb  fcm  filo2  P≈0.000415
23:49:28 | i 41 | [ Summary ] cost=106394.00  Δ_S*=+1.60%  Δ_BKS=+1.91%  Δ_S*_BKS=+0.30%  no_improve=67
23:49:28 | i 42 | [HAOS ROLL] k=10  λ=1.0  vb  kmeans  filo2  P≈0.001044
23:49:28 | i 42 | [Phase 1/3] decompose  0.07s / — / —  λ=1.0  vb kmeans
23:49:45 | i 42 | [Phase 2/3] route  17.08s / 16.62s / 102.8%  filo2  k=10
23:50:30 | i 41 | [ ASYNC BG] bg_ails  62.29s / 60.00s / 103.8%
23:50:30 | i 42 | [HAOS ROLL] k=10  λ=1.0  vb  kmeans  filo2  P≈0.001044
23:50:30 | i 42 | [ Summary ] cost=109869.00  Δ_S*=+4.92%  Δ_BKS=+5.24%  Δ_S*_BKS=+0.30%  no_improve=69
23:50:30 | i 43 | [HAOS ROLL] k=6  λ=0.4  vb  kmedoids  filo2  P≈0.000370
23:50:30 | i 43 | [Phase 1/3] decompose  0.08s / — / —  λ=0.4  vb kmedoids
23:50:56 | i 43 | [Phase 2/3] route  26.09s / 25.74s / 101.4%  filo2  k=6
23:51:33 | i 42 | [ ASYNC BG] bg_ails  62.36s / 60.00s / 103.9%
23:51:33 | i 43 | [HAOS ROLL] k=6  λ=0.4  vb  kmedoids  filo2  P≈0.000370
23:51:33 | i 43 | [ Summary ] cost=108028.00  Δ_S*=+3.16%  Δ_BKS=+3.47%  Δ_S*_BKS=+0.30%  no_improve=71
23:51:33 | i 44 | [HAOS ROLL] k=12  λ=0.6  vb  ac_avg  filo2  P≈0.001688
23:51:33 | i 44 | [Phase 1/3] decompose  0.09s / — / —  λ=0.6  vb ac_avg
23:52:05 | i 44 | [Phase 2/3] route  32.08s / 21.60s / 148.5%  filo2  k=12
23:52:35 | i 43 | [ ASYNC BG] bg_ails  62.30s / 60.00s / 103.8%
23:52:35 | i 44 | [HAOS ROLL] k=12  λ=0.6  vb  ac_avg  filo2  P≈0.001688
23:52:35 | i 44 | [ Summary ] cost=109565.00  Δ_S*=+4.63%  Δ_BKS=+4.95%  Δ_S*_BKS=+0.30%  no_improve=73
23:52:35 | i 45 | [HAOS ROLL] k=10  λ=1.0  rb  ac_avg  pyvrp  P≈0.000676
23:52:35 | i 45 | [Phase 1/3] decompose  0.07s / — / —  λ=1.0  rb ac_avg
23:53:02 | i 45 | [Phase 2/3] route  27.33s / 21.78s / 125.5%  pyvrp  k=10
23:53:37 | i 44 | [ ASYNC BG] bg_ails  62.38s / 60.00s / 104.0%
23:53:37 | i 45 | [HAOS ROLL] k=10  λ=1.0  rb  ac_avg  pyvrp  P≈0.000676
23:53:37 | i 45 | [ Summary ] cost=106175.00  Δ_S*=+1.39%  Δ_BKS=+1.70%  Δ_S*_BKS=+0.30%  no_improve=75
23:53:37 | i 46 | [HAOS ROLL] k=12  λ=0.6  vb  kmedoids  pyvrp  P≈0.001365
23:53:37 | i 46 | [Phase 1/3] decompose  0.09s / — / —  λ=0.6  vb kmedoids
23:54:03 | i 46 | [Phase 2/3] route  25.48s / 20.04s / 127.2%  pyvrp  k=12
23:54:40 | i 45 | [ ASYNC BG] bg_ails  62.38s / 60.00s / 104.0%
23:54:40 | i 46 | [HAOS ROLL] k=12  λ=0.6  vb  kmedoids  pyvrp  P≈0.001365
23:54:40 | i 46 | [ Summary ] cost=111172.00  Δ_S*=+6.17%  Δ_BKS=+6.48%  Δ_S*_BKS=+0.30%  no_improve=77
23:54:40 | i 47 | [HAOS ROLL] k=3  λ=1.0  vb  ac_avg  filo2  P≈0.000941
23:54:40 | i 47 | [Phase 1/3] decompose  0.09s / — / —  λ=1.0  vb ac_avg
23:55:13 | i 47 | [Phase 2/3] route  33.08s / 33.12s / 99.9%  filo2  k=3
23:55:42 | i 46 | [ ASYNC BG] bg_ails  62.33s / 60.00s / 103.9%
23:55:42 | i 47 | [HAOS ROLL] k=3  λ=1.0  vb  ac_avg  filo2  P≈0.000941
23:55:42 | i 47 | [ Summary ] cost=105760.00  Δ_S*=+1.00%  Δ_BKS=+1.30%  Δ_S*_BKS=+0.30%  no_improve=79
23:55:42 | i 48 | [HAOS ROLL] k=2  λ=0.8  vb  ac_complete  pyvrp  P≈0.000904
23:55:42 | i 48 | [Phase 1/3] decompose  0.09s / — / —  λ=0.8  vb ac_complete
23:56:27 | i 48 | [Phase 2/3] route  44.65s / 43.14s / 103.5%  pyvrp  k=2
23:56:44 | i 47 | [ ASYNC BG] bg_ails  62.34s / 60.00s / 103.9%
23:56:44 | i 48 | [HAOS ROLL] k=2  λ=0.8  vb  ac_complete  pyvrp  P≈0.000904
23:56:44 | i 48 | [ Summary ] cost=107018.00  Δ_S*=+2.20%  Δ_BKS=+2.51%  Δ_S*_BKS=+0.30%  no_improve=81
23:56:44 | i 49 | [HAOS ROLL] k=10  λ=0.8  vb  ac_avg  filo2  P≈0.004108
23:56:44 | i 49 | [Phase 1/3] decompose  0.09s / — / —  λ=0.8  vb ac_avg
23:57:10 | i 49 | [Phase 2/3] route  25.08s / 24.78s / 101.2%  filo2  k=10
23:57:47 | i 48 | [ ASYNC BG] bg_ails  62.35s / 60.00s / 103.9%
23:57:47 | i 49 | [HAOS ROLL] k=10  λ=0.8  vb  ac_avg  filo2  P≈0.004108
23:57:47 | i 49 | [ Summary ] cost=109207.00  Δ_S*=+4.29%  Δ_BKS=+4.60%  Δ_S*_BKS=+0.30%  no_improve=83
23:57:47 | i 50 | [HAOS ROLL] k=4  λ=0.8  vb  kmeans  filo  P≈0.000786
23:57:47 | i 50 | [Phase 1/3] decompose  0.07s / — / —  λ=0.8  vb kmeans
23:58:15 | i 50 | [Phase 2/3] route  28.09s / 28.02s / 100.2%  filo  k=4
23:58:49 | i 49 | [ ASYNC BG] bg_ails  62.40s / 60.00s / 104.0%
23:58:49 | i 50 | [HAOS ROLL] k=4  λ=0.8  vb  kmeans  filo  P≈0.000786
23:58:49 | i 50 | [ Summary ] cost=106515.00  Δ_S*=+1.72%  Δ_BKS=+2.02%  Δ_S*_BKS=+0.30%  no_improve=85
23:58:49 | i 51 | [HAOS ROLL] k=10  λ=1.0  rb  ac_avg  filo2  P≈0.001677
23:58:49 | i 51 | [Phase 1/3] decompose  0.07s / — / —  λ=1.0  rb ac_avg
23:59:16 | i 51 | [Phase 2/3] route  27.08s / 21.78s / 124.3%  filo2  k=10
23:59:51 | i 50 | [ ASYNC BG] bg_ails  62.30s / 60.00s / 103.8%
23:59:51 | i 51 | [HAOS ROLL] k=10  λ=1.0  rb  ac_avg  filo2  P≈0.001677
23:59:51 | i 51 | [ Summary ] cost=105989.00  Δ_S*=+1.22%  Δ_BKS=+1.52%  Δ_S*_BKS=+0.30%  no_improve=87
23:59:51 | i 52 | [HAOS ROLL] k=2  λ=0.2  vb  kmedoids  filo2  P≈0.000689
23:59:52 | i 52 | [Phase 1/3] decompose  0.08s / — / —  λ=0.2  vb kmedoids
00:00:29 | i 52 | [Phase 2/3] route  37.07s / 36.72s / 100.9%  filo2  k=2
00:00:54 | i 51 | [ ASYNC BG] bg_ails  62.27s / 60.00s / 103.8%
00:00:54 | i 52 | [HAOS ROLL] k=2  λ=0.2  vb  kmedoids  filo2  P≈0.000689
00:00:54 | i 52 | [ Summary ] cost=106486.00  Δ_S*=+1.69%  Δ_BKS=+2.00%  Δ_S*_BKS=+0.30%  no_improve=89
00:00:54 | i 53 | [HAOS ROLL] k=12  λ=0.8  vb  kmeans  filo2  P≈0.004916
00:00:54 | i 53 | [Phase 1/3] decompose  0.07s / — / —  λ=0.8  vb kmeans
00:01:16 | i 53 | [Phase 2/3] route  22.09s / 12.12s / 182.2%  filo2  k=12
00:01:56 | i 52 | [ ASYNC BG] bg_ails  62.39s / 60.00s / 104.0%
00:01:56 | i 53 | [HAOS ROLL] k=12  λ=0.8  vb  kmeans  filo2  P≈0.004916
00:01:56 | i 53 | [ Summary ] cost=111334.00  Δ_S*=+6.32%  Δ_BKS=+6.64%  Δ_S*_BKS=+0.30%  no_improve=91
00:01:56 | i 54 | [HAOS ROLL] k=3  λ=0.6  vb  kmedoids  filo2  P≈0.001335
00:01:56 | i 54 | [Phase 1/3] decompose  0.08s / — / —  λ=0.6  vb kmedoids
00:02:26 | i 54 | [Phase 2/3] route  30.09s / 29.88s / 100.7%  filo2  k=3
00:02:59 | i 53 | [ ASYNC BG] bg_ails  62.42s / 60.00s / 104.0%
00:02:59 | i 54 | [HAOS ROLL] k=3  λ=0.6  vb  kmedoids  filo2  P≈0.001335
00:02:59 | i 54 | [ Summary ] cost=106527.00  Δ_S*=+1.73%  Δ_BKS=+2.04%  Δ_S*_BKS=+0.30%  no_improve=93
00:02:59 | i 55 | [HAOS ROLL] k=12  λ=0.8  rb  ac_avg  filo2  P≈0.003927
00:02:59 | i 55 | [Phase 1/3] decompose  0.07s / — / —  λ=0.8  rb ac_avg
00:03:26 | i 55 | [Phase 2/3] route  27.09s / 21.78s / 124.4%  filo2  k=12
00:04:01 | i 54 | [ ASYNC BG] bg_ails  62.35s / 60.00s / 103.9%
00:04:01 | i 55 | [HAOS ROLL] k=12  λ=0.8  rb  ac_avg  filo2  P≈0.003927
00:04:01 | i 55 | [ Summary ] cost=105989.00  Δ_S*=+1.22%  Δ_BKS=+1.52%  Δ_S*_BKS=+0.30%  no_improve=95
00:04:01 | i 56 | [HAOS ROLL] k=12  λ=0.6  vb  kmedoids  filo2  P≈0.003896
00:04:01 | i 56 | [Phase 1/3] decompose  0.08s / — / —  λ=0.6  vb kmedoids
00:04:26 | i 56 | [Phase 2/3] route  25.09s / 20.04s / 125.2%  filo2  k=12
00:05:03 | i 55 | [ ASYNC BG] bg_ails  62.37s / 60.00s / 104.0%
00:05:03 | i 56 | [HAOS ROLL] k=12  λ=0.6  vb  kmedoids  filo2  P≈0.003896
00:05:03 | i 56 | [ Summary ] cost=110494.00  Δ_S*=+5.52%  Δ_BKS=+5.84%  Δ_S*_BKS=+0.30%  no_improve=97
00:05:03 | i 57 | [HAOS ROLL] k=10  λ=0.4  vb  kmeans  pyvrp  P≈0.000842
00:05:03 | i 57 | [Phase 1/3] decompose  0.07s / — / —  λ=0.4  vb kmeans
00:05:23 | i 57 | [Phase 2/3] route  19.39s / 18.84s / 102.9%  pyvrp  k=10
00:06:06 | i 56 | [ ASYNC BG] bg_ails  62.47s / 60.00s / 104.1%
00:06:06 | i 57 | [HAOS ROLL] k=10  λ=0.4  vb  kmeans  pyvrp  P≈0.000842
00:06:06 | i 57 | [ Summary ] cost=109740.00  Δ_S*=+4.80%  Δ_BKS=+5.11%  Δ_S*_BKS=+0.30%  no_improve=99
00:06:06 | i 58 | [HAOS ROLL] k=2  λ=0.0  rb  kmeans  filo2  P≈0.000483
00:06:06 | i 58 | [Phase 1/3] decompose  0.05s / — / —  λ=0.0  rb kmeans
00:06:42 | i 58 | [Phase 2/3] route  36.08s / 36.36s / 99.2%  filo2  k=2
00:07:08 | i 57 | [ ASYNC BG] bg_ails  62.32s / 60.00s / 103.9%
00:07:08 | i 58 | [HAOS ROLL] k=2  λ=0.0  rb  kmeans  filo2  P≈0.000483
00:07:08 | i 58 | [ Summary ] cost=105243.00  Δ_S*=+0.50%  Δ_BKS=+0.81%  Δ_S*_BKS=+0.30%  no_improve=101
00:07:08 | i 59 | [HAOS ROLL] k=12  λ=0.8  vb  kmedoids  filo2  P≈0.008257
00:07:08 | i 59 | [Phase 1/3] decompose  0.08s / — / —  λ=0.8  vb kmedoids
00:07:28 | i 59 | [Phase 2/3] route  20.09s / 19.86s / 101.2%  filo2  k=12
00:08:10 | i 58 | [ ASYNC BG] bg_ails  62.30s / 60.00s / 103.8%
00:08:10 | i 59 | [HAOS ROLL] k=12  λ=0.8  vb  kmedoids  filo2  P≈0.008257
00:08:11 | i 59 | [ Summary ] cost=110912.00  Δ_S*=+5.92%  Δ_BKS=+6.24%  Δ_S*_BKS=+0.30%  no_improve=103
00:08:11 | i 60 | [HAOS ROLL] k=10  λ=1.0  vb  ac_complete  filo2  P≈0.001344
00:08:11 | i 60 | [Phase 1/3] decompose  0.09s / — / —  λ=1.0  vb ac_complete
00:08:33 | i 60 | [Phase 2/3] route  22.09s / 22.50s / 98.2%  filo2  k=10
00:09:13 | i 59 | [ ASYNC BG] bg_ails  62.25s / 60.00s / 103.7%
00:09:13 | i 60 | [HAOS ROLL] k=10  λ=1.0  vb  ac_complete  filo2  P≈0.001344
00:09:13 | i 60 | [ Summary ] cost=109279.00  Δ_S*=+4.36%  Δ_BKS=+4.67%  Δ_S*_BKS=+0.30%  no_improve=105
00:09:13 | i 61 | [HAOS ROLL] k=2  λ=0.8  vb  ac_avg  filo  P≈0.000669
00:09:13 | i 61 | [Phase 1/3] decompose  0.09s / — / —  λ=0.8  vb ac_avg
00:09:51 | i 61 | [Phase 2/3] route  38.08s / 38.10s / 100.0%  filo  k=2
00:10:15 | i 60 | [ ASYNC BG] bg_ails  62.38s / 60.00s / 104.0%
00:10:15 | i 61 | [HAOS ROLL] k=2  λ=0.8  vb  ac_avg  filo  P≈0.000669
00:10:15 | i 61 | [ Summary ] cost=105365.00  Δ_S*=+0.62%  Δ_BKS=+0.92%  Δ_S*_BKS=+0.30%  no_improve=107
00:10:15 | i 62 | [HAOS ROLL] k=6  λ=0.6  vb  kmeans  ails2  P≈0.000294
00:10:15 | i 62 | [Phase 1/3] decompose  0.06s / — / —  λ=0.6  vb kmeans
00:10:40 | i 62 | [Phase 2/3] route  24.50s / 23.64s / 103.6%  ails2  k=6
00:11:17 | i 61 | [ ASYNC BG] bg_ails  62.36s / 60.00s / 103.9%
00:11:17 | i 62 | [HAOS ROLL] k=6  λ=0.6  vb  kmeans  ails2  P≈0.000294
00:11:18 | i 62 | [ Summary ] cost=107814.00  Δ_S*=+2.96%  Δ_BKS=+3.27%  Δ_S*_BKS=+0.30%  no_improve=109
00:11:18 | i 63 | [HAOS ROLL] k=2  λ=0.6  vb  kmedoids  filo2  P≈0.003793
00:11:18 | i 63 | [Phase 1/3] decompose  0.08s / — / —  λ=0.6  vb kmedoids
00:11:55 | i 63 | [Phase 2/3] route  37.09s / 36.72s / 101.0%  filo2  k=2
00:12:20 | i 62 | [ ASYNC BG] bg_ails  62.28s / 60.00s / 103.8%
00:12:20 | i 63 | [HAOS ROLL] k=2  λ=0.6  vb  kmedoids  filo2  P≈0.003793
00:12:20 | i 63 | [ Summary ] cost=106408.00  Δ_S*=+1.62%  Δ_BKS=+1.92%  Δ_S*_BKS=+0.30%  no_improve=111
00:12:20 | i 64 | [HAOS ROLL] k=8  λ=0.6  vb  kmeans  ails2  P≈0.000551
00:12:20 | i 64 | [Phase 1/3] decompose  0.07s / — / —  λ=0.6  vb kmeans
00:12:47 | i 64 | [Phase 2/3] route  27.57s / 20.28s / 136.0%  ails2  k=8
00:13:22 | i 63 | [ ASYNC BG] bg_ails  62.37s / 60.00s / 103.9%
00:13:22 | i 64 | [HAOS ROLL] k=8  λ=0.6  vb  kmeans  ails2  P≈0.000551
00:13:22 | i 64 | [ Summary ] cost=108469.00  Δ_S*=+3.58%  Δ_BKS=+3.90%  Δ_S*_BKS=+0.30%  no_improve=113
00:13:22 | i 46 | [ASYNC 1/2] sp_sc  722.75s / 720.00s / 100.4%  SP  avg_coverage=65.90/5  pool=6352
00:13:22 | i 46 | [ASYNC 2/2] standard_ails  362.27s / 360.00s / 100.6%
00:13:38 | i 65 | [HAOS ROLL] k=6  λ=0.8  vb  ac_complete  filo2  P≈0.002095
00:13:38 | i 65 | [Phase 1/3] decompose  0.08s / — / —  λ=0.8  vb ac_complete
00:14:03 | i 65 | [Phase 2/3] route  25.09s / 25.02s / 100.3%  filo2  k=6
00:14:24 | i 64 | [ ASYNC BG] bg_ails  62.34s / 60.00s / 103.9%
00:14:24 | i 65 | [HAOS ROLL] k=6  λ=0.8  vb  ac_complete  filo2  P≈0.002095
00:14:25 | i 65 | [ Summary ] cost=106727.00  Δ_S*=+1.92%  Δ_BKS=+2.23%  Δ_S*_BKS=+0.30%  no_improve=116
00:14:25 | i 66 | [HAOS ROLL] k=10  λ=0.4  rb  ac_avg  filo2  P≈0.000695
00:14:25 | i 66 | [Phase 1/3] decompose  0.06s / — / —  λ=0.4  rb ac_avg
00:14:52 | i 66 | [Phase 2/3] route  27.08s / 21.78s / 124.3%  filo2  k=10
00:15:27 | i 65 | [ ASYNC BG] bg_ails  62.25s / 60.00s / 103.7%
00:15:27 | i 66 | [HAOS ROLL] k=10  λ=0.4  rb  ac_avg  filo2  P≈0.000695
00:15:27 | i 66 | [ Summary ] cost=106066.00  Δ_S*=+1.29%  Δ_BKS=+1.59%  Δ_S*_BKS=+0.30%  no_improve=118
00:15:27 | i 67 | [HAOS ROLL] k=2  λ=0.2  vb  kmedoids  filo  P≈0.000368
00:15:27 | i 67 | [Phase 1/3] decompose  0.09s / — / —  λ=0.2  vb kmedoids
00:16:04 | i 67 | [Phase 2/3] route  37.08s / 36.72s / 101.0%  filo  k=2
00:16:29 | i 66 | [ ASYNC BG] bg_ails  62.34s / 60.00s / 103.9%
00:16:29 | i 67 | [HAOS ROLL] k=2  λ=0.2  vb  kmedoids  filo  P≈0.000368
00:16:29 | i 67 | [ Summary ] cost=106649.00  Δ_S*=+1.85%  Δ_BKS=+2.15%  Δ_S*_BKS=+0.30%  no_improve=120
00:16:29 | i 68 | [HAOS ROLL] k=4  λ=0.8  vb  fcm  ails2  P≈0.000358
00:16:29 | i 68 | [Phase 1/3] decompose  0.08s / — / —  λ=0.8  vb fcm
00:16:58 | i 68 | [Phase 2/3] route  28.42s / 27.90s / 101.9%  ails2  k=4
00:17:32 | i 67 | [ ASYNC BG] bg_ails  62.42s / 60.00s / 104.0%
00:17:32 | i 68 | [HAOS ROLL] k=4  λ=0.8  vb  fcm  ails2  P≈0.000358
00:17:32 | i 68 | [ Summary ] cost=106573.00  Δ_S*=+1.77%  Δ_BKS=+2.08%  Δ_S*_BKS=+0.30%  no_improve=122
00:17:32 | i 69 | [HAOS ROLL] k=8  λ=0.8  vb  ac_complete  filo2  P≈0.001919
00:17:32 | i 69 | [Phase 1/3] decompose  0.09s / — / —  λ=0.8  vb ac_complete
00:17:57 | i 69 | [Phase 2/3] route  25.10s / 25.02s / 100.3%  filo2  k=8
00:18:34 | i 68 | [ ASYNC BG] bg_ails  62.34s / 60.00s / 103.9%
00:18:34 | i 69 | [HAOS ROLL] k=8  λ=0.8  vb  ac_complete  filo2  P≈0.001919
00:18:34 | i 69 | [ Summary ] cost=108670.00  Δ_S*=+3.78%  Δ_BKS=+4.09%  Δ_S*_BKS=+0.30%  no_improve=124
00:18:34 | i 70 | [HAOS ROLL] k=12  λ=1.0  rb  ac_avg  filo2  P≈0.000838
00:18:34 | i 70 | [Phase 1/3] decompose  0.07s / — / —  λ=1.0  rb ac_avg
00:19:01 | i 70 | [Phase 2/3] route  27.10s / 21.78s / 124.4%  filo2  k=12
00:19:36 | i 69 | [ ASYNC BG] bg_ails  62.34s / 60.00s / 103.9%
00:19:36 | i 70 | [HAOS ROLL] k=12  λ=1.0  rb  ac_avg  filo2  P≈0.000838
00:19:36 | i 70 | [ Summary ] cost=106054.00  Δ_S*=+1.28%  Δ_BKS=+1.58%  Δ_S*_BKS=+0.30%  no_improve=126
00:19:36 | i 71 | [HAOS ROLL] k=10  λ=0.0  vb  ac_complete  pyvrp  P≈0.000431
00:19:36 | i 71 | [Phase 1/3] decompose  0.07s / — / —  λ=0.0  vb ac_complete
00:19:59 | i 71 | [Phase 2/3] route  22.96s / 17.52s / 131.1%  pyvrp  k=10
00:20:39 | i 70 | [ ASYNC BG] bg_ails  62.34s / 60.00s / 103.9%
00:20:39 | i 71 | [HAOS ROLL] k=10  λ=0.0  vb  ac_complete  pyvrp  P≈0.000431
00:20:39 | i 71 | [ Summary ] cost=108970.00  Δ_S*=+4.06%  Δ_BKS=+4.38%  Δ_S*_BKS=+0.30%  no_improve=128
00:20:39 | i 72 | [HAOS ROLL] k=2  λ=0.6  vb  ac_complete  filo2  P≈0.003266
00:20:39 | i 72 | [Phase 1/3] decompose  0.09s / — / —  λ=0.6  vb ac_complete
00:21:22 | i 72 | [Phase 2/3] route  43.08s / 43.14s / 99.9%  filo2  k=2
00:21:41 | i 71 | [ ASYNC BG] bg_ails  62.29s / 60.00s / 103.8%
00:21:41 | i 72 | [HAOS ROLL] k=2  λ=0.6  vb  ac_complete  filo2  P≈0.003266
00:21:41 | i 72 | [ Summary ] cost=106002.00  Δ_S*=+1.23%  Δ_BKS=+1.53%  Δ_S*_BKS=+0.30%  no_improve=130
00:21:41 | i 73 | [HAOS ROLL] k=12  λ=0.4  vb  kmedoids  filo2  P≈0.001851
00:21:41 | i 73 | [Phase 1/3] decompose  0.08s / — / —  λ=0.4  vb kmedoids
00:22:05 | i 73 | [Phase 2/3] route  24.10s / 18.90s / 127.5%  filo2  k=12
00:22:43 | i 72 | [ ASYNC BG] bg_ails  62.32s / 60.00s / 103.9%
00:22:43 | i 73 | [HAOS ROLL] k=12  λ=0.4  vb  kmedoids  filo2  P≈0.001851
00:22:43 | i 73 | [ Summary ] cost=109246.00  Δ_S*=+4.33%  Δ_BKS=+4.64%  Δ_S*_BKS=+0.30%  no_improve=132
00:22:43 | i 74 | [HAOS ROLL] k=12  λ=0.8  vb  ac_complete  filo2  P≈0.007336
00:22:43 | i 74 | [Phase 1/3] decompose  0.09s / — / —  λ=0.8  vb ac_complete
00:23:06 | i 74 | [Phase 2/3] route  22.08s / 22.02s / 100.3%  filo2  k=12
00:23:46 | i 73 | [ ASYNC BG] bg_ails  62.39s / 60.00s / 104.0%
00:23:46 | i 74 | [HAOS ROLL] k=12  λ=0.8  vb  ac_complete  filo2  P≈0.007336
00:23:46 | i 74 | [ Summary ] cost=110364.00  Δ_S*=+5.39%  Δ_BKS=+5.71%  Δ_S*_BKS=+0.30%  no_improve=134
00:23:46 | i 75 | [HAOS ROLL] k=10  λ=0.0  vb  kmeans  filo  P≈0.000390
00:23:46 | i 75 | [Phase 1/3] decompose  0.05s / — / —  λ=0.0  vb kmeans
00:24:02 | i 75 | [Phase 2/3] route  16.09s / 12.72s / 126.5%  filo  k=10
00:24:48 | i 74 | [ ASYNC BG] bg_ails  62.37s / 60.00s / 104.0%
00:24:48 | i 75 | [HAOS ROLL] k=10  λ=0.0  vb  kmeans  filo  P≈0.000390
00:24:48 | i 75 | [ Summary ] cost=109340.00  Δ_S*=+4.42%  Δ_BKS=+4.73%  Δ_S*_BKS=+0.30%  no_improve=136
00:24:48 | i 76 | [HAOS ROLL] k=12  λ=0.4  vb  ac_avg  filo2  P≈0.001885
00:24:48 | i 76 | [Phase 1/3] decompose  0.09s / — / —  λ=0.4  vb ac_avg
00:25:20 | i 76 | [Phase 2/3] route  32.10s / 21.60s / 148.6%  filo2  k=12
00:25:51 | i 75 | [ ASYNC BG] bg_ails  62.51s / 60.00s / 104.2%
00:25:51 | i 76 | [HAOS ROLL] k=12  λ=0.4  vb  ac_avg  filo2  P≈0.001885
00:25:51 | i 76 | [ Summary ] cost=109753.00  Δ_S*=+4.81%  Δ_BKS=+5.13%  Δ_S*_BKS=+0.30%  no_improve=138
00:25:51 | i 77 | [HAOS ROLL] k=2  λ=1.0  vb  ac_complete  filo2  P≈0.003001
00:25:51 | i 77 | [Phase 1/3] decompose  0.09s / — / —  λ=1.0  vb ac_complete
00:26:35 | i 77 | [Phase 2/3] route  44.09s / 43.86s / 100.5%  filo2  k=2
00:26:53 | i 76 | [ ASYNC BG] bg_ails  62.36s / 60.00s / 103.9%
00:26:53 | i 77 | [HAOS ROLL] k=2  λ=1.0  vb  ac_complete  filo2  P≈0.003001
00:26:53 | i 77 | [ Summary ] cost=106052.00  Δ_S*=+1.28%  Δ_BKS=+1.58%  Δ_S*_BKS=+0.30%  no_improve=140
00:26:53 | i 78 | [HAOS ROLL] k=3  λ=0.0  vb  kmedoids  ails2  P≈0.000275
00:26:53 | i 78 | [Phase 1/3] decompose  0.10s / — / —  λ=0.0  vb kmedoids
00:27:27 | i 78 | [Phase 2/3] route  33.42s / 32.52s / 102.8%  ails2  k=3
00:27:55 | i 77 | [ ASYNC BG] bg_ails  62.28s / 60.00s / 103.8%
00:27:55 | i 78 | [HAOS ROLL] k=3  λ=0.0  vb  kmedoids  ails2  P≈0.000275
00:27:55 | i 78 | [ Summary ] cost=105998.00  Δ_S*=+1.22%  Δ_BKS=+1.53%  Δ_S*_BKS=+0.30%  no_improve=142
00:27:55 | i 79 | [HAOS ROLL] k=12  λ=0.6  vb  kmeans  filo  P≈0.000840
00:27:55 | i 79 | [Phase 1/3] decompose  0.06s / — / —  λ=0.6  vb kmeans
00:28:15 | i 79 | [Phase 2/3] route  20.08s / 11.88s / 169.0%  filo  k=12
00:28:58 | i 78 | [ ASYNC BG] bg_ails  62.34s / 60.00s / 103.9%
00:28:58 | i 79 | [HAOS ROLL] k=12  λ=0.6  vb  kmeans  filo  P≈0.000840
00:28:58 | i 79 | [ Summary ] cost=109669.00  Δ_S*=+4.73%  Δ_BKS=+5.04%  Δ_S*_BKS=+0.30%  no_improve=144
00:28:58 | i 80 | [HAOS ROLL] k=12  λ=0.8  vb  ac_complete  filo2  P≈0.009416
00:28:58 | i 80 | [Phase 1/3] decompose  0.09s / — / —  λ=0.8  vb ac_complete
00:29:20 | i 80 | [Phase 2/3] route  22.07s / 22.02s / 100.2%  filo2  k=12
00:30:00 | i 79 | [ ASYNC BG] bg_ails  62.28s / 60.00s / 103.8%
00:30:00 | i 80 | [HAOS ROLL] k=12  λ=0.8  vb  ac_complete  filo2  P≈0.009416
00:30:00 | i 80 | [ Summary ] cost=110359.00  Δ_S*=+5.39%  Δ_BKS=+5.71%  Δ_S*_BKS=+0.30%  no_improve=146
00:30:00 | i 81 | [HAOS ROLL] k=8  λ=0.8  rb  kmeans  filo  P≈0.000188
00:30:00 | i 81 | [Phase 1/3] decompose  0.06s / — / —  λ=0.8  rb kmeans
00:30:18 | i 81 | [Phase 2/3] route  18.08s / 18.12s / 99.8%  filo  k=8
00:31:02 | i 80 | [ ASYNC BG] bg_ails  62.26s / 60.00s / 103.8%
00:31:02 | i 81 | [HAOS ROLL] k=8  λ=0.8  rb  kmeans  filo  P≈0.000188
00:31:02 | i 81 | [ Summary ] cost=106397.00  Δ_S*=+1.61%  Δ_BKS=+1.91%  Δ_S*_BKS=+0.30%  no_improve=148
00:31:02 | i 82 | [HAOS ROLL] k=3  λ=0.0  vb  ac_complete  filo2  P≈0.002839
00:31:02 | i 82 | [Phase 1/3] decompose  0.07s / — / —  λ=0.0  vb ac_complete
00:31:31 | i 82 | [Phase 2/3] route  28.10s / 28.26s / 99.4%  filo2  k=3
00:32:04 | i 81 | [ ASYNC BG] bg_ails  62.29s / 60.00s / 103.8%
00:32:05 | i 82 | [HAOS ROLL] k=3  λ=0.0  vb  ac_complete  filo2  P≈0.002839
00:32:05 | i 82 | [ Summary ] cost=105791.00  Δ_S*=+1.03%  Δ_BKS=+1.33%  Δ_S*_BKS=+0.30%  no_improve=150
00:32:05 | i 83 | [HAOS ROLL] k=8  λ=0.4  vb  kmeans  filo2  P≈0.001483
00:32:05 | i 83 | [Phase 1/3] decompose  0.06s / — / —  λ=0.4  vb kmeans
00:32:25 | i 83 | [Phase 2/3] route  20.09s / 19.50s / 103.0%  filo2  k=8
00:33:07 | i 82 | [ ASYNC BG] bg_ails  62.34s / 60.00s / 103.9%
00:33:07 | i 83 | [HAOS ROLL] k=8  λ=0.4  vb  kmeans  filo2  P≈0.001483
00:33:07 | i 83 | [ Summary ] cost=109223.00  Δ_S*=+4.30%  Δ_BKS=+4.62%  Δ_S*_BKS=+0.30%  no_improve=152
00:33:07 | i 84 | [HAOS ROLL] k=8  λ=0.2  vb  ac_avg  filo2  P≈0.000689
00:33:07 | i 84 | [Phase 1/3] decompose  0.08s / — / —  λ=0.2  vb ac_avg
00:33:32 | i 84 | [Phase 2/3] route  25.10s / 24.78s / 101.3%  filo2  k=8
00:34:09 | i 83 | [ ASYNC BG] bg_ails  62.26s / 60.00s / 103.8%
00:34:09 | i 84 | [HAOS ROLL] k=8  λ=0.2  vb  ac_avg  filo2  P≈0.000689
00:34:09 | i 84 | [ Summary ] cost=107852.00  Δ_S*=+2.99%  Δ_BKS=+3.30%  Δ_S*_BKS=+0.30%  no_improve=154
00:34:09 | i 66 | [ASYNC 1/2] sp_sc  723.68s / 720.00s / 100.5%  SP  avg_coverage=89.61/5  pool=8576
00:34:09 | i 66 | [ASYNC 2/2] standard_ails  362.25s / 360.00s / 100.6%
00:34:32 | i 66 | [ IMPROVE ] 104692.00  via standard_ails  ·  Δ_BKS=+0.28%
00:34:32 | i 85 | [HAOS ROLL] k=10  λ=0.0  vb  ac_complete  pyvrp  P≈0.000679
00:34:32 | i 85 | [Phase 1/3] decompose  0.07s / — / —  λ=0.0  vb ac_complete
00:34:55 | i 85 | [Phase 2/3] route  22.95s / 17.52s / 131.0%  pyvrp  k=10
00:35:11 | i 84 | [ ASYNC BG] bg_ails  62.29s / 60.00s / 103.8%
00:35:12 | i 85 | [HAOS ROLL] k=10  λ=0.0  vb  ac_complete  pyvrp  P≈0.000679
00:35:12 | i 85 | [ Summary ] cost=108905.00  Δ_S*=+4.02%  Δ_BKS=+4.31%  Δ_S*_BKS=+0.28%  no_improve=2
00:35:12 | i 86 | [HAOS ROLL] k=12  λ=0.0  vb  fcm  filo  P≈0.000560
00:35:12 | i 86 | [Phase 1/3] decompose  0.09s / — / —  λ=0.0  vb fcm
00:35:28 | i 86 | [Phase 2/3] route  16.08s / 11.46s / 140.3%  filo  k=12
00:36:14 | i 85 | [ ASYNC BG] bg_ails  62.21s / 60.00s / 103.7%
00:36:14 | i 86 | [HAOS ROLL] k=12  λ=0.0  vb  fcm  filo  P≈0.000560
00:36:14 | i 86 | [ Summary ] cost=109578.00  Δ_S*=+4.67%  Δ_BKS=+4.96%  Δ_S*_BKS=+0.28%  no_improve=4
00:36:14 | i 87 | [HAOS ROLL] k=2  λ=0.6  vb  ac_avg  filo2  P≈0.000972
00:36:14 | i 87 | [Phase 1/3] decompose  0.09s / — / —  λ=0.6  vb ac_avg
00:36:52 | i 87 | [Phase 2/3] route  38.10s / 38.10s / 100.0%  filo2  k=2
00:37:16 | i 86 | [ ASYNC BG] bg_ails  62.32s / 60.00s / 103.9%
00:37:16 | i 87 | [HAOS ROLL] k=2  λ=0.6  vb  ac_avg  filo2  P≈0.000972
00:37:16 | i 87 | [ Summary ] cost=105331.00  Δ_S*=+0.61%  Δ_BKS=+0.89%  Δ_S*_BKS=+0.28%  no_improve=6
00:37:16 | i 88 | [HAOS ROLL] k=12  λ=0.0  vb  kmeans  filo  P≈0.001764
00:37:16 | i 88 | [Phase 1/3] decompose  0.05s / — / —  λ=0.0  vb kmeans
00:37:31 | i 88 | [Phase 2/3] route  15.09s / 12.60s / 119.7%  filo  k=12
00:38:18 | i 87 | [ ASYNC BG] bg_ails  62.34s / 60.00s / 103.9%
00:38:18 | i 88 | [HAOS ROLL] k=12  λ=0.0  vb  kmeans  filo  P≈0.001764
00:38:19 | i 88 | [ Summary ] cost=109509.00  Δ_S*=+4.60%  Δ_BKS=+4.89%  Δ_S*_BKS=+0.28%  no_improve=8
00:38:19 | i 89 | [HAOS ROLL] k=2  λ=0.0  vb  ac_avg  filo  P≈0.000928
00:38:19 | i 89 | [Phase 1/3] decompose  0.07s / — / —  λ=0.0  vb ac_avg
00:38:59 | i 89 | [Phase 2/3] route  40.09s / 40.44s / 99.1%  filo  k=2
00:39:20 | i 88 | [ ASYNC BG] bg_ails  62.24s / 60.00s / 103.7%
00:39:21 | i 89 | [HAOS ROLL] k=2  λ=0.0  vb  ac_avg  filo  P≈0.000928
00:39:21 | i 89 | [ Summary ] cost=105976.00  Δ_S*=+1.23%  Δ_BKS=+1.51%  Δ_S*_BKS=+0.28%  no_improve=10
00:39:21 | i 90 | [HAOS ROLL] k=4  λ=0.6  vb  fcm  filo2  P≈0.000666
00:39:21 | i 90 | [Phase 1/3] decompose  0.07s / — / —  λ=0.6  vb fcm
00:39:49 | i 90 | [Phase 2/3] route  28.09s / 27.90s / 100.7%  filo2  k=4
00:40:23 | i 89 | [ ASYNC BG] bg_ails  62.27s / 60.00s / 103.8%
00:40:23 | i 90 | [HAOS ROLL] k=4  λ=0.6  vb  fcm  filo2  P≈0.000666
00:40:23 | i 90 | [ Summary ] cost=106674.00  Δ_S*=+1.89%  Δ_BKS=+2.18%  Δ_S*_BKS=+0.28%  no_improve=12
00:40:23 | i 91 | [HAOS ROLL] k=8  λ=1.0  vb  kmedoids  filo2  P≈0.001036
00:40:23 | i 91 | [Phase 1/3] decompose  0.08s / — / —  λ=1.0  vb kmedoids
00:40:44 | i 91 | [Phase 2/3] route  21.10s / 20.94s / 100.8%  filo2  k=8
00:41:25 | i 90 | [ ASYNC BG] bg_ails  62.28s / 60.00s / 103.8%
00:41:25 | i 91 | [HAOS ROLL] k=8  λ=1.0  vb  kmedoids  filo2  P≈0.001036
00:41:25 | i 91 | [ Summary ] cost=109247.00  Δ_S*=+4.35%  Δ_BKS=+4.64%  Δ_S*_BKS=+0.28%  no_improve=14
00:41:25 | i 92 | [HAOS ROLL] k=4  λ=0.2  vb  fcm  filo2  P≈0.000670
00:41:26 | i 92 | [Phase 1/3] decompose  0.08s / — / —  λ=0.2  vb fcm
00:41:54 | i 92 | [Phase 2/3] route  28.09s / 27.90s / 100.7%  filo2  k=4
00:42:27 | i 91 | [ ASYNC BG] bg_ails  62.32s / 60.00s / 103.9%
00:42:28 | i 92 | [HAOS ROLL] k=4  λ=0.2  vb  fcm  filo2  P≈0.000670
00:42:28 | i 92 | [ Summary ] cost=106663.00  Δ_S*=+1.88%  Δ_BKS=+2.17%  Δ_S*_BKS=+0.28%  no_improve=16
00:42:28 | i 93 | [HAOS ROLL] k=12  λ=1.0  vb  kmedoids  filo  P≈0.000759
00:42:28 | i 93 | [Phase 1/3] decompose  0.09s / — / —  λ=1.0  vb kmedoids
00:42:53 | i 93 | [Phase 2/3] route  25.10s / 19.68s / 127.5%  filo  k=12
00:43:30 | i 92 | [ ASYNC BG] bg_ails  62.36s / 60.00s / 103.9%
00:43:30 | i 93 | [HAOS ROLL] k=12  λ=1.0  vb  kmedoids  filo  P≈0.000759
00:43:30 | i 93 | [ Summary ] cost=111648.00  Δ_S*=+6.64%  Δ_BKS=+6.94%  Δ_S*_BKS=+0.28%  no_improve=18
00:43:30 | i 94 | [HAOS ROLL] k=8  λ=0.0  vb  ac_complete  filo2  P≈0.004288
00:43:30 | i 94 | [Phase 1/3] decompose  0.07s / — / —  λ=0.0  vb ac_complete
00:43:58 | i 94 | [Phase 2/3] route  28.11s / 27.84s / 101.0%  filo2  k=8
00:44:32 | i 93 | [ ASYNC BG] bg_ails  62.33s / 60.00s / 103.9%
00:44:32 | i 94 | [HAOS ROLL] k=8  λ=0.0  vb  ac_complete  filo2  P≈0.004288
00:44:32 | i 94 | [ Summary ] cost=107821.00  Δ_S*=+2.99%  Δ_BKS=+3.27%  Δ_S*_BKS=+0.28%  no_improve=20
00:44:32 | i 95 | [HAOS ROLL] k=2  λ=0.4  vb  kmedoids  pyvrp  P≈0.000480
00:44:33 | i 95 | [Phase 1/3] decompose  0.09s / — / —  λ=0.4  vb kmedoids
00:45:11 | i 95 | [Phase 2/3] route  37.97s / 36.72s / 103.4%  pyvrp  k=2
00:45:34 | i 94 | [ ASYNC BG] bg_ails  62.30s / 60.00s / 103.8%
00:45:35 | i 95 | [HAOS ROLL] k=2  λ=0.4  vb  kmedoids  pyvrp  P≈0.000480
00:45:35 | i 95 | [ Summary ] cost=107508.00  Δ_S*=+2.69%  Δ_BKS=+2.98%  Δ_S*_BKS=+0.28%  no_improve=22
00:45:35 | i 96 | [HAOS ROLL] k=4  λ=0.0  vb  kmedoids  filo2  P≈0.003157
00:45:35 | i 96 | [Phase 1/3] decompose  0.07s / — / —  λ=0.0  vb kmedoids
00:46:02 | i 96 | [Phase 2/3] route  27.10s / 27.36s / 99.0%  filo2  k=4
00:46:37 | i 95 | [ ASYNC BG] bg_ails  62.39s / 60.00s / 104.0%
00:46:37 | i 96 | [HAOS ROLL] k=4  λ=0.0  vb  kmedoids  filo2  P≈0.003157
00:46:37 | i 96 | [ Summary ] cost=106889.00  Δ_S*=+2.10%  Δ_BKS=+2.38%  Δ_S*_BKS=+0.28%  no_improve=24
00:46:37 | i 97 | [HAOS ROLL] k=3  λ=0.4  vb  kmedoids  ails2  P≈0.000167
00:46:37 | i 97 | [Phase 1/3] decompose  0.08s / — / —  λ=0.4  vb kmedoids
00:47:11 | i 97 | [Phase 2/3] route  33.41s / 32.76s / 102.0%  ails2  k=3
00:47:39 | i 96 | [ ASYNC BG] bg_ails  62.29s / 60.00s / 103.8%
00:47:39 | i 97 | [HAOS ROLL] k=3  λ=0.4  vb  kmedoids  ails2  P≈0.000167
00:47:39 | i 97 | [ Summary ] cost=105889.00  Δ_S*=+1.14%  Δ_BKS=+1.42%  Δ_S*_BKS=+0.28%  no_improve=26
00:47:39 | i 98 | [HAOS ROLL] k=6  λ=0.6  vb  kmedoids  filo2  P≈0.001198
00:47:40 | i 98 | [Phase 1/3] decompose  0.11s / — / —  λ=0.6  vb kmedoids
00:48:05 | i 98 | [Phase 2/3] route  25.12s / 24.54s / 102.3%  filo2  k=6
00:48:41 | i 97 | [ ASYNC BG] bg_ails  62.28s / 60.00s / 103.8%
00:48:42 | i 98 | [HAOS ROLL] k=6  λ=0.6  vb  kmedoids  filo2  P≈0.001198
00:48:42 | i 98 | [ Summary ] cost=107115.00  Δ_S*=+2.31%  Δ_BKS=+2.60%  Δ_S*_BKS=+0.28%  no_improve=28
00:48:42 | i 86 | [ASYNC 1/2] sp_sc  0.00s / 720.00s / 0.0%  SC
00:48:42 | i 99 | [HAOS ROLL] k=3  λ=0.4  vb  ac_complete  pyvrp  P≈0.000479
00:48:42 | i 99 | [Phase 1/3] decompose  0.09s / — / —  λ=0.4  vb ac_complete
00:49:12 | i 99 | [Phase 2/3] route  30.46s / 29.58s / 103.0%  pyvrp  k=3
00:49:44 | i 98 | [ ASYNC BG] bg_ails  62.32s / 60.00s / 103.9%
00:49:44 | i 99 | [HAOS ROLL] k=3  λ=0.4  vb  ac_complete  pyvrp  P≈0.000479
00:49:44 | i 99 | [ Summary ] cost=106659.00  Δ_S*=+1.88%  Δ_BKS=+2.16%  Δ_S*_BKS=+0.28%  no_improve=30
00:49:44 | i 100 | [HAOS ROLL] k=8  λ=0.0  vb  fcm  filo2  P≈0.003559
00:49:44 | i 100 | [Phase 1/3] decompose  0.09s / — / —  λ=0.0  vb fcm
00:50:01 | i 100 | [Phase 2/3] route  17.08s / 12.90s / 132.4%  filo2  k=8
00:50:46 | i 99 | [ ASYNC BG] bg_ails  62.34s / 60.00s / 103.9%
00:50:46 | i 100 | [HAOS ROLL] k=8  λ=0.0  vb  fcm  filo2  P≈0.003559
00:50:46 | i 100 | [ Summary ] cost=109675.00  Δ_S*=+4.76%  Δ_BKS=+5.05%  Δ_S*_BKS=+0.28%  no_improve=32
00:50:46 | i 101 | [HAOS ROLL] k=3  λ=1.0  vb  kmedoids  filo  P≈0.000882
00:50:47 | i 101 | [Phase 1/3] decompose  0.08s / — / —  λ=1.0  vb kmedoids
00:51:17 | i 101 | [Phase 2/3] route  30.09s / 29.88s / 100.7%  filo  k=3
00:51:48 | i 100 | [ ASYNC BG] bg_ails  62.26s / 60.00s / 103.8%
00:51:49 | i 101 | [HAOS ROLL] k=3  λ=1.0  vb  kmedoids  filo  P≈0.000882
00:51:49 | i 101 | [ Summary ] cost=106499.00  Δ_S*=+1.73%  Δ_BKS=+2.01%  Δ_S*_BKS=+0.28%  no_improve=34
00:51:49 | i 102 | [HAOS ROLL] k=4  λ=0.8  vb  kmeans  filo2  P≈0.001393
00:51:49 | i 102 | [Phase 1/3] decompose  0.06s / — / —  λ=0.8  vb kmeans
00:52:17 | i 102 | [Phase 2/3] route  28.09s / 27.96s / 100.5%  filo2  k=4
00:52:51 | i 101 | [ ASYNC BG] bg_ails  62.27s / 60.00s / 103.8%
00:52:51 | i 102 | [HAOS ROLL] k=4  λ=0.8  vb  kmeans  filo2  P≈0.001393
00:52:51 | i 102 | [ Summary ] cost=106270.00  Δ_S*=+1.51%  Δ_BKS=+1.79%  Δ_S*_BKS=+0.28%  no_improve=36
00:52:51 | i 103 | [HAOS ROLL] k=2  λ=0.0  vb  kmedoids  filo2  P≈0.007672
00:52:51 | i 103 | [Phase 1/3] decompose  0.06s / — / —  λ=0.0  vb kmedoids
00:53:28 | i 103 | [Phase 2/3] route  37.09s / 36.54s / 101.5%  filo2  k=2
00:53:53 | i 102 | [ ASYNC BG] bg_ails  62.24s / 60.00s / 103.7%
00:53:53 | i 103 | [HAOS ROLL] k=2  λ=0.0  vb  kmedoids  filo2  P≈0.007672
00:53:53 | i 103 | [ Summary ] cost=106241.00  Δ_S*=+1.48%  Δ_BKS=+1.76%  Δ_S*_BKS=+0.28%  no_improve=38
00:53:53 | i 104 | [HAOS ROLL] k=4  λ=1.0  vb  ac_avg  filo2  P≈0.001268
00:53:53 | i 104 | [Phase 1/3] decompose  0.08s / — / —  λ=1.0  vb ac_avg
00:54:24 | i 104 | [Phase 2/3] route  31.07s / 31.20s / 99.6%  filo2  k=4
00:54:55 | i 103 | [ ASYNC BG] bg_ails  62.23s / 60.00s / 103.7%
00:54:55 | i 104 | [HAOS ROLL] k=4  λ=1.0  vb  ac_avg  filo2  P≈0.001268
00:54:55 | i 104 | [ Summary ] cost=106620.00  Δ_S*=+1.84%  Δ_BKS=+2.12%  Δ_S*_BKS=+0.28%  no_improve=40
00:54:55 | i 105 | [HAOS ROLL] k=4  λ=1.0  vb  ac_avg  pyvrp  P≈0.000369
00:54:56 | i 105 | [Phase 1/3] decompose  0.08s / — / —  λ=1.0  vb ac_avg
00:55:28 | i 105 | [Phase 2/3] route  32.13s / 31.20s / 103.0%  pyvrp  k=4
00:55:57 | i 104 | [ ASYNC BG] bg_ails  62.31s / 60.00s / 103.8%
00:55:58 | i 105 | [HAOS ROLL] k=4  λ=1.0  vb  ac_avg  pyvrp  P≈0.000369
00:55:58 | i 105 | [ Summary ] cost=107864.00  Δ_S*=+3.03%  Δ_BKS=+3.32%  Δ_S*_BKS=+0.28%  no_improve=42
00:55:58 | i 106 | [HAOS ROLL] k=2  λ=0.0  rb  ac_complete  filo2  P≈0.001267
00:55:58 | i 106 | [Phase 1/3] decompose  0.05s / — / —  λ=0.0  rb ac_complete
00:56:34 | i 106 | [Phase 2/3] route  36.08s / 35.76s / 100.9%  filo2  k=2
00:57:00 | i 105 | [ ASYNC BG] bg_ails  62.26s / 60.00s / 103.8%
00:57:00 | i 106 | [HAOS ROLL] k=2  λ=0.0  rb  ac_complete  filo2  P≈0.001267
00:57:00 | i 106 | [ Summary ] cost=105247.00  Δ_S*=+0.53%  Δ_BKS=+0.81%  Δ_S*_BKS=+0.28%  no_improve=44
00:57:00 | i 107 | [HAOS ROLL] k=6  λ=1.0  vb  ac_complete  filo  P≈0.000468
00:57:00 | i 107 | [Phase 1/3] decompose  0.09s / — / —  λ=1.0  vb ac_complete
00:57:25 | i 107 | [Phase 2/3] route  25.10s / 25.02s / 100.3%  filo  k=6
00:58:02 | i 106 | [ ASYNC BG] bg_ails  62.34s / 60.00s / 103.9%
00:58:02 | i 107 | [HAOS ROLL] k=6  λ=1.0  vb  ac_complete  filo  P≈0.000468
00:58:03 | i 107 | [ Summary ] cost=107002.00  Δ_S*=+2.21%  Δ_BKS=+2.49%  Δ_S*_BKS=+0.28%  no_improve=46
00:58:03 | i 108 | [HAOS ROLL] k=3  λ=0.2  vb  ac_avg  pyvrp  P≈0.000307
00:58:03 | i 108 | [Phase 1/3] decompose  0.09s / — / —  λ=0.2  vb ac_avg
00:58:35 | i 108 | [Phase 2/3] route  32.17s / 31.20s / 103.1%  pyvrp  k=3
00:59:04 | i 107 | [ ASYNC BG] bg_ails  62.28s / 60.00s / 103.8%
00:59:05 | i 108 | [HAOS ROLL] k=3  λ=0.2  vb  ac_avg  pyvrp  P≈0.000307
00:59:05 | i 108 | [ Summary ] cost=106810.00  Δ_S*=+2.02%  Δ_BKS=+2.31%  Δ_S*_BKS=+0.28%  no_improve=48
00:59:05 | i 109 | [HAOS ROLL] k=3  λ=0.6  vb  kmedoids  filo  P≈0.000651
00:59:05 | i 109 | [Phase 1/3] decompose  0.08s / — / —  λ=0.6  vb kmedoids
00:59:35 | i 109 | [Phase 2/3] route  30.09s / 29.88s / 100.7%  filo  k=3
01:00:07 | i 108 | [ ASYNC BG] bg_ails  62.35s / 60.00s / 103.9%
01:00:07 | i 109 | [HAOS ROLL] k=3  λ=0.6  vb  kmedoids  filo  P≈0.000651
01:00:07 | i 109 | [ Summary ] cost=106794.00  Δ_S*=+2.01%  Δ_BKS=+2.29%  Δ_S*_BKS=+0.28%  no_improve=50
01:00:07 | i 110 | [HAOS ROLL] k=2  λ=0.6  rb  kmeans  pyvrp  P≈0.000175
01:00:07 | i 110 | [Phase 1/3] decompose  0.07s / — / —  λ=0.6  rb kmeans
01:00:45 | i 110 | [Phase 2/3] route  37.86s / 36.60s / 103.4%  pyvrp  k=2
01:01:09 | i 109 | [ ASYNC BG] bg_ails  62.32s / 60.00s / 103.9%
01:01:09 | i 110 | [HAOS ROLL] k=2  λ=0.6  rb  kmeans  pyvrp  P≈0.000175
01:01:09 | i 110 | [ Summary ] cost=106466.00  Δ_S*=+1.69%  Δ_BKS=+1.98%  Δ_S*_BKS=+0.28%  no_improve=52
01:01:09 | i 111 | [HAOS ROLL] k=4  λ=0.8  vb  fcm  filo2  P≈0.001229
01:01:09 | i 111 | [Phase 1/3] decompose  0.08s / — / —  λ=0.8  vb fcm
01:01:38 | i 111 | [Phase 2/3] route  28.08s / 27.90s / 100.6%  filo2  k=4
01:02:11 | i 110 | [ ASYNC BG] bg_ails  62.29s / 60.00s / 103.8%
01:02:12 | i 111 | [HAOS ROLL] k=4  λ=0.8  vb  fcm  filo2  P≈0.001229
01:02:12 | i 111 | [ Summary ] cost=106677.00  Δ_S*=+1.90%  Δ_BKS=+2.18%  Δ_S*_BKS=+0.28%  no_improve=54
01:02:12 | i 112 | [HAOS ROLL] k=3  λ=1.0  vb  ac_avg  filo2  P≈0.003311
01:02:12 | i 112 | [Phase 1/3] decompose  0.09s / — / —  λ=1.0  vb ac_avg
01:02:45 | i 112 | [Phase 2/3] route  33.09s / 33.12s / 99.9%  filo2  k=3
01:03:14 | i 111 | [ ASYNC BG] bg_ails  62.33s / 60.00s / 103.9%
01:03:14 | i 112 | [HAOS ROLL] k=3  λ=1.0  vb  ac_avg  filo2  P≈0.003311
01:03:14 | i 112 | [ Summary ] cost=105726.00  Δ_S*=+0.99%  Δ_BKS=+1.27%  Δ_S*_BKS=+0.28%  no_improve=56
01:03:14 | i 113 | [HAOS ROLL] k=8  λ=0.4  rb  kmeans  filo2  P≈0.000399
01:03:14 | i 113 | [Phase 1/3] decompose  0.07s / — / —  λ=0.4  rb kmeans
01:03:32 | i 113 | [Phase 2/3] route  18.09s / 17.88s / 101.2%  filo2  k=8
01:04:16 | i 112 | [ ASYNC BG] bg_ails  62.32s / 60.00s / 103.9%
01:04:16 | i 113 | [HAOS ROLL] k=8  λ=0.4  rb  kmeans  filo2  P≈0.000399
01:04:16 | i 113 | [ Summary ] cost=106265.00  Δ_S*=+1.50%  Δ_BKS=+1.78%  Δ_S*_BKS=+0.28%  no_improve=58
01:04:16 | i 114 | [HAOS ROLL] k=4  λ=0.6  vb  kmedoids  filo2  P≈0.003812
01:04:16 | i 114 | [Phase 1/3] decompose  0.09s / — / —  λ=0.6  vb kmedoids
01:04:44 | i 114 | [Phase 2/3] route  27.09s / 27.48s / 98.6%  filo2  k=4
01:05:18 | i 113 | [ ASYNC BG] bg_ails  62.37s / 60.00s / 103.9%
01:05:19 | i 114 | [HAOS ROLL] k=4  λ=0.6  vb  kmedoids  filo2  P≈0.003812
01:05:19 | i 114 | [ Summary ] cost=106845.00  Δ_S*=+2.06%  Δ_BKS=+2.34%  Δ_S*_BKS=+0.28%  no_improve=60
01:05:19 | i 115 | [HAOS ROLL] k=3  λ=0.4  vb  ac_complete  pyvrp  P≈0.000800
01:05:19 | i 115 | [Phase 1/3] decompose  0.09s / — / —  λ=0.4  vb ac_complete
01:05:49 | i 115 | [Phase 2/3] route  30.51s / 29.58s / 103.2%  pyvrp  k=3
01:06:21 | i 114 | [ ASYNC BG] bg_ails  62.39s / 60.00s / 104.0%
01:06:21 | i 115 | [HAOS ROLL] k=3  λ=0.4  vb  ac_complete  pyvrp  P≈0.000800
01:06:21 | i 115 | [ Summary ] cost=106615.00  Δ_S*=+1.84%  Δ_BKS=+2.12%  Δ_S*_BKS=+0.28%  no_improve=62
01:06:21 | i 116 | [HAOS ROLL] k=12  λ=1.0  vb  ac_complete  filo2  P≈0.001534
01:06:21 | i 116 | [Phase 1/3] decompose  0.09s / — / —  λ=1.0  vb ac_complete
01:06:43 | i 116 | [Phase 2/3] route  22.11s / 22.50s / 98.3%  filo2  k=12
01:07:23 | i 115 | [ ASYNC BG] bg_ails  62.27s / 60.00s / 103.8%
01:07:23 | i 116 | [HAOS ROLL] k=12  λ=1.0  vb  ac_complete  filo2  P≈0.001534
01:07:23 | i 116 | [ Summary ] cost=110342.00  Δ_S*=+5.40%  Δ_BKS=+5.69%  Δ_S*_BKS=+0.28%  no_improve=64
01:07:23 | i 117 | [HAOS ROLL] k=6  λ=0.4  vb  kmedoids  pyvrp  P≈0.000858
01:07:23 | i 117 | [Phase 1/3] decompose  0.08s / — / —  λ=0.4  vb kmedoids
01:07:50 | i 117 | [Phase 2/3] route  26.45s / 25.74s / 102.7%  pyvrp  k=6
01:07:50 | i 117 | [HAOS ROLL] k=6  λ=0.4  vb  kmedoids  pyvrp  P≈0.000858
01:07:50 | i 117 | [ Summary ] cost=109318.00  Δ_S*=+4.42%  Δ_BKS=+4.71%  Δ_S*_BKS=+0.28%  no_improve=65
01:07:50 | i — | [  FINAL  ] async BG-AILS totals launched=115 applied=115 adopted=5 launch_skipped_cap=2 crashes=0 discarded_in_flight=False block_wait_total_s=3903.3
01:08:20 | i — | [  FINAL  ] async SP/SC totals invocations=6 adopted=1 skipped=0 discarded_in_flight=True sp_busy_frac=0.6614681152012604
01:08:20 | i — | [  FINAL  ] ════════════════════════════════════════
01:08:20 | i — | [  FINAL  ] Run complete  iterations=117  elapsed=02:00:51  best=104692.00
01:08:20 | i — | [  FINAL  ] Δ_BKS=+0.28%  no_improve_stop=False  time_stop=True  cancelled=False
01:08:20 | i — | [  FINAL  ] 
01:08:20 | i — | [  FINAL  ] [BEST SOLUTION — HAOS TAG SUMMARY]
01:08:20 | i — | [  FINAL  ] ────────────────────────────────────────
01:08:20 | i — | [  FINAL  ]   5 routes  vb  fcm  k=6  λ=0.8  solver=filo2
01:08:20 | i — | [  FINAL  ]   5 routes  rb  ac_complete  k=2  λ=1.0  solver=filo2
01:08:20 | i — | [  FINAL  ]   5 routes  vb  kmedoids  k=12  λ=0.4  solver=filo
01:08:20 | i — | [  FINAL  ]   3 routes  vb  kmedoids  k=2  λ=1.0  solver=filo
01:08:20 | i — | [  FINAL  ]   3 routes  vb  kmeans  k=2  λ=0.0  solver=filo2
01:08:20 | i — | [  FINAL  ]   3 routes  rb  ac_avg  k=10  λ=0.6  solver=filo
01:08:20 | i — | [  FINAL  ]   2 routes  rb  kmeans  k=2  λ=0.6  solver=ails2
01:08:20 | i — | [  FINAL  ]   2 routes  vb  kmeans  k=8  λ=0.0  solver=ails2
01:08:20 | i — | [  FINAL  ]   2 routes  rb  kmeans  k=2  λ=1.0  solver=pyvrp
01:08:20 | i — | [  FINAL  ]   2 routes  rb  ac_avg  k=10  λ=1.0  solver=pyvrp
01:08:20 | i — | [  FINAL  ]   1 routes  vb  ac_avg  k=12  λ=0.8  solver=filo2
01:08:20 | i — | [  FINAL  ]   1 routes  vb  fcm  k=12  λ=0.4  solver=pyvrp
01:08:20 | i — | [  FINAL  ]   1 routes  vb  kmedoids  k=10  λ=0.8  solver=filo2
01:08:20 | i — | [  FINAL  ]   1 routes  vb  ac_avg  k=8  λ=0.8  solver=pyvrp
01:08:20 | i — | [  FINAL  ]   1 routes  vb  kmeans  k=4  λ=0.6  solver=pyvrp
01:08:20 | i — | [  FINAL  ]   1 routes  vb  ac_avg  k=12  λ=0.6  solver=filo2
01:08:20 | i — | [  FINAL  ]   1 routes  vb  kmedoids  k=12  λ=0.6  solver=filo2
01:08:20 | i — | [  FINAL  ]   1 routes  vb  kmeans  k=8  λ=0.4  solver=filo2
01:08:20 | i — | [  FINAL  ]   1 routes  vb  ac_complete  k=3  λ=0.0  solver=filo2
01:08:20 | i — | [  FINAL  ]   1 routes  vb  kmedoids  k=3  λ=0.6  solver=filo2
01:08:20 | i — | [  FINAL  ]   1 routes  vb  ac_avg  k=3  λ=1.0  solver=filo2
01:08:20 | i — | [  FINAL  ]   1 routes  rb  ac_avg  k=12  λ=0.8  solver=filo2
01:08:20 | i — | [  FINAL  ]   1 routes  vb  ac_complete  k=3  λ=0.2  solver=pyvrp
01:08:20 | i — | [  FINAL  ]   1 routes  rb  kmeans  k=6  λ=0.0  solver=filo
01:08:20 | i — | [  FINAL  ]   50 routes  post-SP/SC improvement
01:08:20 | i — | [  FINAL  ] 
01:08:20 | i — | [  FINAL  ] [ROUTE POOL — HAOS TAG SUMMARY]
01:08:20 | i — | [  FINAL  ] ────────────────────────────────────────
01:08:20 | i — | [  FINAL  ]   276 routes  vb  ac_complete  k=3  λ=0.4  solver=pyvrp
01:08:20 | i — | [  FINAL  ]   193 routes  vb  kmeans  k=10  λ=0.4  solver=pyvrp
01:08:20 | i — | [  FINAL  ]   184 routes  vb  ac_complete  k=10  λ=0.0  solver=pyvrp
01:08:20 | i — | [  FINAL  ]   180 routes  vb  kmeans  k=4  λ=0.8  solver=pyvrp
01:08:20 | i — | [  FINAL  ]   169 routes  rb  ac_avg  k=8  λ=0.8  solver=pyvrp
01:08:20 | i — | [  FINAL  ]   166 routes  vb  ac_avg  k=3  λ=1.0  solver=filo2
01:08:20 | i — | [  FINAL  ]   141 routes  vb  fcm  k=6  λ=0.8  solver=filo2
01:08:20 | i — | [  FINAL  ]   138 routes  vb  ac_avg  k=3  λ=0.2  solver=pyvrp
01:08:20 | i — | [  FINAL  ]   136 routes  vb  kmedoids  k=2  λ=0.4  solver=pyvrp
01:08:20 | i — | [  FINAL  ]   134 routes  vb  ac_avg  k=12  λ=0.8  solver=filo2
01:08:20 | i — | [  FINAL  ]   133 routes  vb  kmedoids  k=12  λ=0.4  solver=filo
01:08:20 | i — | [  FINAL  ]   126 routes  vb  fcm  k=8  λ=0.0  solver=filo2
01:08:20 | i — | [  FINAL  ]   124 routes  vb  kmedoids  k=10  λ=0.8  solver=filo2
01:08:20 | i — | [  FINAL  ]   121 routes  vb  ac_avg  k=4  λ=1.0  solver=pyvrp
01:08:20 | i — | [  FINAL  ]   119 routes  vb  kmedoids  k=3  λ=0.4  solver=ails2
01:08:20 | i — | [  FINAL  ]   117 routes  vb  kmedoids  k=8  λ=1.0  solver=filo2
01:08:20 | i — | [  FINAL  ]   116 routes  vb  kmeans  k=2  λ=0.0  solver=filo2
01:08:20 | i — | [  FINAL  ]   116 routes  rb  kmeans  k=2  λ=0.0  solver=filo
01:08:20 | i — | [  FINAL  ]   116 routes  vb  fcm  k=12  λ=0.0  solver=filo
01:08:20 | i — | [  FINAL  ]   115 routes  vb  kmeans  k=8  λ=0.0  solver=ails2
01:08:20 | i — | [  FINAL  ]   115 routes  vb  kmedoids  k=3  λ=1.0  solver=filo
01:08:20 | i — | [  FINAL  ]   114 routes  vb  kmeans  k=12  λ=0.0  solver=filo
01:08:20 | i — | [  FINAL  ]   113 routes  vb  kmedoids  k=12  λ=1.0  solver=filo
01:08:20 | i — | [  FINAL  ]   112 routes  rb  kmeans  k=2  λ=0.6  solver=pyvrp
01:08:20 | i — | [  FINAL  ]   110 routes  rb  ac_avg  k=10  λ=0.6  solver=filo
01:08:20 | i — | [  FINAL  ]   110 routes  vb  kmedoids  k=10  λ=0.2  solver=filo2
01:08:20 | i — | [  FINAL  ]   109 routes  vb  ac_avg  k=10  λ=1.0  solver=ails2
01:08:20 | i — | [  FINAL  ]   108 routes  rb  kmeans  k=6  λ=0.0  solver=filo
01:08:20 | i — | [  FINAL  ]   108 routes  vb  kmeans  k=4  λ=0.6  solver=pyvrp
01:08:20 | i — | [  FINAL  ]   107 routes  vb  fcm  k=12  λ=0.4  solver=pyvrp
01:08:20 | i — | [  FINAL  ]   106 routes  vb  kmedoids  k=12  λ=0.8  solver=ails2
01:08:20 | i — | [  FINAL  ]   106 routes  vb  kmedoids  k=2  λ=0.0  solver=filo2
01:08:20 | i — | [  FINAL  ]   104 routes  vb  fcm  k=4  λ=0.2  solver=filo2
01:08:20 | i — | [  FINAL  ]   104 routes  vb  kmedoids  k=4  λ=0.6  solver=filo2
01:08:20 | i — | [  FINAL  ]   103 routes  vb  kmeans  k=12  λ=0.8  solver=pyvrp
01:08:20 | i — | [  FINAL  ]   103 routes  vb  ac_avg  k=2  λ=0.0  solver=filo
01:08:20 | i — | [  FINAL  ]   102 routes  vb  fcm  k=2  λ=0.6  solver=ails2
01:08:20 | i — | [  FINAL  ]   102 routes  vb  kmedoids  k=3  λ=0.6  solver=filo
01:08:20 | i — | [  FINAL  ]   101 routes  rb  kmeans  k=2  λ=1.0  solver=pyvrp
01:08:20 | i — | [  FINAL  ]   101 routes  vb  kmeans  k=10  λ=0.4  solver=filo
01:08:20 | i — | [  FINAL  ]   101 routes  vb  fcm  k=4  λ=0.8  solver=filo2
01:08:20 | i — | [  FINAL  ]   99 routes  vb  fcm  k=10  λ=0.8  solver=ails2
01:08:20 | i — | [  FINAL  ]   98 routes  vb  kmedoids  k=6  λ=0.6  solver=filo2
01:08:20 | i — | [  FINAL  ]   98 routes  vb  kmeans  k=4  λ=0.8  solver=filo2
01:08:20 | i — | [  FINAL  ]   98 routes  vb  ac_avg  k=4  λ=1.0  solver=filo2
01:08:20 | i — | [  FINAL  ]   97 routes  rb  ac_complete  k=2  λ=1.0  solver=filo2
01:08:20 | i — | [  FINAL  ]   97 routes  rb  ac_complete  k=2  λ=0.0  solver=filo2
01:08:20 | i — | [  FINAL  ]   95 routes  vb  fcm  k=10  λ=1.0  solver=filo2
01:08:20 | i — | [  FINAL  ]   95 routes  vb  ac_complete  k=8  λ=0.0  solver=filo2
01:08:20 | i — | [  FINAL  ]   94 routes  vb  ac_complete  k=6  λ=1.0  solver=filo
01:08:20 | i — | [  FINAL  ]   93 routes  rb  kmeans  k=4  λ=0.8  solver=pyvrp
01:08:20 | i — | [  FINAL  ]   93 routes  vb  ac_avg  k=2  λ=0.6  solver=filo2
01:08:20 | i — | [  FINAL  ]   92 routes  vb  ac_complete  k=3  λ=0.2  solver=pyvrp
01:08:20 | i — | [  FINAL  ]   91 routes  vb  fcm  k=4  λ=0.6  solver=filo2
01:08:20 | i — | [  FINAL  ]   90 routes  rb  kmeans  k=8  λ=0.4  solver=filo2
01:08:20 | i — | [  FINAL  ]   89 routes  vb  ac_avg  k=8  λ=0.8  solver=pyvrp
01:08:20 | i — | [  FINAL  ]   88 routes  vb  kmedoids  k=12  λ=0.6  solver=pyvrp
01:08:20 | i — | [  FINAL  ]   87 routes  vb  kmeans  k=12  λ=0.8  solver=filo2
01:08:20 | i — | [  FINAL  ]   87 routes  vb  kmedoids  k=4  λ=0.0  solver=filo2
01:08:20 | i — | [  FINAL  ]   80 routes  rb  kmeans  k=2  λ=0.6  solver=ails2
01:08:20 | i — | [  FINAL  ]   80 routes  vb  kmedoids  k=6  λ=0.4  solver=filo2
01:08:20 | i — | [  FINAL  ]   79 routes  vb  ac_complete  k=2  λ=0.8  solver=pyvrp
01:08:20 | i — | [  FINAL  ]   79 routes  vb  ac_complete  k=12  λ=0.8  solver=filo2
01:08:20 | i — | [  FINAL  ]   78 routes  vb  kmedoids  k=6  λ=0.4  solver=pyvrp
01:08:20 | i — | [  FINAL  ]   77 routes  vb  kmeans  k=4  λ=0.8  solver=ails2
01:08:20 | i — | [  FINAL  ]   77 routes  vb  ac_complete  k=10  λ=1.0  solver=filo2
01:08:20 | i — | [  FINAL  ]   76 routes  rb  ac_avg  k=8  λ=0.0  solver=filo2
01:08:20 | i — | [  FINAL  ]   75 routes  rb  ac_avg  k=10  λ=1.0  solver=pyvrp
01:08:20 | i — | [  FINAL  ]   74 routes  vb  kmedoids  k=2  λ=1.0  solver=filo
01:08:20 | i — | [  FINAL  ]   72 routes  vb  fcm  k=12  λ=0.0  solver=filo2
01:08:20 | i — | [  FINAL  ]   72 routes  vb  kmeans  k=6  λ=0.6  solver=ails2
01:08:20 | i — | [  FINAL  ]   71 routes  vb  ac_avg  k=4  λ=0.0  solver=filo2
01:08:20 | i — | [  FINAL  ]   71 routes  vb  ac_avg  k=6  λ=0.8  solver=filo2
01:08:20 | i — | [  FINAL  ]   71 routes  rb  ac_complete  k=12  λ=0.8  solver=pyvrp
01:08:20 | i — | [  FINAL  ]   71 routes  vb  kmeans  k=12  λ=0.6  solver=filo
01:08:20 | i — | [  FINAL  ]   69 routes  vb  ac_avg  k=2  λ=0.8  solver=filo
01:08:20 | i — | [  FINAL  ]   68 routes  vb  kmeans  k=10  λ=1.0  solver=filo2
01:08:20 | i — | [  FINAL  ]   68 routes  vb  kmeans  k=10  λ=0.0  solver=filo
01:08:20 | i — | [  FINAL  ]   65 routes  vb  kmeans  k=8  λ=0.6  solver=ails2
01:08:20 | i — | [  FINAL  ]   65 routes  vb  kmedoids  k=2  λ=0.2  solver=filo
01:08:20 | i — | [  FINAL  ]   64 routes  vb  ac_avg  k=8  λ=0.2  solver=filo2
01:08:20 | i — | [  FINAL  ]   64 routes  rb  ac_complete  k=4  λ=0.6  solver=filo
01:08:20 | i — | [  FINAL  ]   64 routes  vb  fcm  k=3  λ=0.6  solver=filo2
01:08:20 | i — | [  FINAL  ]   62 routes  vb  ac_avg  k=10  λ=0.4  solver=filo2
01:08:20 | i — | [  FINAL  ]   61 routes  vb  kmeans  k=4  λ=0.8  solver=filo
01:08:20 | i — | [  FINAL  ]   60 routes  vb  fcm  k=4  λ=0.8  solver=ails2
01:08:20 | i — | [  FINAL  ]   58 routes  vb  kmeans  k=8  λ=0.4  solver=filo2
01:08:20 | i — | [  FINAL  ]   57 routes  vb  kmedoids  k=2  λ=0.2  solver=filo2
01:08:20 | i — | [  FINAL  ]   57 routes  vb  kmedoids  k=3  λ=0.6  solver=filo2
01:08:20 | i — | [  FINAL  ]   57 routes  vb  ac_complete  k=2  λ=1.0  solver=filo2
01:08:20 | i — | [  FINAL  ]   57 routes  vb  kmedoids  k=3  λ=0.0  solver=ails2
01:08:20 | i — | [  FINAL  ]   56 routes  vb  kmedoids  k=12  λ=0.6  solver=filo2
01:08:20 | i — | [  FINAL  ]   56 routes  rb  kmeans  k=2  λ=0.0  solver=filo2
01:08:20 | i — | [  FINAL  ]   54 routes  vb  ac_avg  k=12  λ=0.6  solver=filo2
01:08:20 | i — | [  FINAL  ]   53 routes  vb  ac_avg  k=10  λ=0.8  solver=filo2
01:08:20 | i — | [  FINAL  ]   51 routes  vb  kmedoids  k=12  λ=0.8  solver=filo2
01:08:20 | i — | [  FINAL  ]   51 routes  rb  ac_avg  k=10  λ=0.4  solver=filo2
01:08:20 | i — | [  FINAL  ]   48 routes  vb  ac_complete  k=6  λ=0.8  solver=filo2
01:08:20 | i — | [  FINAL  ]   47 routes  vb  ac_avg  k=12  λ=0.4  solver=filo2
01:08:20 | i — | [  FINAL  ]   46 routes  vb  kmedoids  k=2  λ=0.6  solver=filo2
01:08:20 | i — | [  FINAL  ]   45 routes  rb  ac_avg  k=12  λ=1.0  solver=filo2
01:08:20 | i — | [  FINAL  ]   41 routes  vb  ac_complete  k=3  λ=0.0  solver=filo2
01:08:20 | i — | [  FINAL  ]   40 routes  vb  ac_complete  k=2  λ=0.6  solver=filo2
01:08:20 | i — | [  FINAL  ]   38 routes  vb  kmedoids  k=12  λ=0.4  solver=filo2
01:08:20 | i — | [  FINAL  ]   37 routes  vb  ac_complete  k=8  λ=0.8  solver=filo2
01:08:20 | i — | [  FINAL  ]   36 routes  rb  ac_avg  k=10  λ=1.0  solver=filo2
01:08:20 | i — | [  FINAL  ]   35 routes  rb  kmeans  k=8  λ=0.8  solver=filo
01:08:20 | i — | [  FINAL  ]   35 routes  vb  ac_complete  k=12  λ=1.0  solver=filo2
01:08:20 | i — | [  FINAL  ]   31 routes  rb  ac_avg  k=12  λ=0.8  solver=filo2
01:08:20 | i — | [  FINAL  ]   161 routes  post-SP/SC improvement
01:08:20 | i — | [  FINAL  ] ════════════════════════════════════════
