22:14:58 | i — | [  INIT   ] ════════════════════════════════════════
22:14:58 | i — | [  INIT   ] DRISPI  instance=X-n2168-k138  n=2167  capacity=800
22:14:58 | i — | [  INIT   ] k domain (computed at init): [2, 3, 4, 6, 8, 10, 12]  k_ext=8  k_min=138  k_ext_bound=n_bound  spacing_rejected=0
22:14:58 | i — | [  INIT   ] ══════════════════════════════════════════════════════
22:14:58 | i — | [  INIT   ] CONFIGURATION
22:14:58 | i — | [  INIT   ] ── stopping ────────────────────────────────
22:14:58 | i — | [  INIT   ]   time_limit                  = 7200.0
22:14:58 | i — | [  INIT   ]   max_no_improve              = 1000000000
22:14:58 | i — | [  INIT   ] ── parallelism ─────────────────────────────
22:14:58 | i — | [  INIT   ]   n_workers                   = 8
22:14:58 | i — | [  INIT   ] ── cores ───────────────────────────────────
22:14:58 | i — | [  INIT   ]   cores_total                 = 8
22:14:58 | i — | [  INIT   ]   cores_dri                   = 6
22:14:58 | i — | [  INIT   ]   cores_bg                    = 1
22:14:58 | i — | [  INIT   ]   cores_sp                    = 1
22:14:58 | i — | [  INIT   ]   cores_cpu_list              = None
22:14:58 | i — | [  INIT   ] ── sp/sc ───────────────────────────────────
22:14:58 | i — | [  INIT   ]   sp_sc_mode                  = async
22:14:58 | i — | [  INIT   ]   sp_sc_trigger               = wallclock
22:14:58 | i — | [  INIT   ]   interval_minutes            = 20.0
22:14:58 | i — | [  INIT   ]   overlap_policy              = skip
22:14:58 | i — | [  INIT   ]   warmup_iterations           = 5
22:14:58 | i — | [  INIT   ]   sp_interval                 = 3
22:14:58 | i — | [  INIT   ]   min_coverage                = 5
22:14:58 | i — | [  INIT   ]   sp_time_limit               = 720.0
22:14:58 | i — | [  INIT   ]   mip_gap                     = 0.00025
22:14:58 | i — | [  INIT   ] ── decomposition ───────────────────────────
22:14:58 | i — | [  INIT   ]   decomp_k_base_arms          = [2, 3, 4, 6, 8, 10, 12]
22:14:58 | i — | [  INIT   ]   decomp_k_max_arms           = 10
22:14:58 | i — | [  INIT   ]   decomp_k_ext_per_1000       = 4
22:14:58 | i — | [  INIT   ]   decomp_k_min_routes_per_cluster= 8
22:14:58 | i — | [  INIT   ]   decomp_k_min_arm_spacing    = 2
22:14:58 | i — | [  INIT   ]   subcluster_rate_s_per_customer= 0.06
22:14:58 | i — | [  INIT   ]   subcluster_floor_s          = 5.0
22:14:58 | i — | [  INIT   ] ── bg_ails ─────────────────────────────────
22:14:58 | i — | [  INIT   ]   bg_ails_mode                = async
22:14:58 | i — | [  INIT   ]   bg_ails_crash_threshold     = 1
22:14:58 | i — | [  INIT   ]   bg_ails_budget_mode         = predicted_dr_wall
22:14:58 | i — | [  INIT   ]   bg_ails_budget_floor_s      = 60.0
22:14:58 | i — | [  INIT   ]   bg_ails_budget_margin       = 1.0
22:14:58 | i — | [  INIT   ]   bg_ails_wall_model_scale    = 0.976
22:14:58 | i — | [  INIT   ]   bg_ails_wall_model_wave_exponent= -0.18
22:14:58 | i — | [  INIT   ]   bg_ails_initial_omega       = 10
22:14:58 | i — | [  INIT   ]   bg_ails_boundary_threshold  = 0.5
22:14:58 | i — | [  INIT   ]   bg_ails_small_cluster_cap   = 20
22:14:58 | i — | [  INIT   ]   bg_ails_small_cluster_alpha = 0.5
22:14:58 | i — | [  INIT   ]   bg_ails_pair_selection      = greedy
22:14:58 | i — | [  INIT   ]   bg_ails_n_chains_mode       = k
22:14:58 | i — | [  INIT   ]   bg_ails_unique_first_routes = True
22:14:58 | i — | [  INIT   ]   bg_ails_boundary_mask_first_ls= True
22:14:58 | i — | [  INIT   ] ── standard_improvement ────────────────────
22:14:58 | i — | [  INIT   ]   standard_improvement_time_limit= 360.0
22:14:58 | i — | [  INIT   ] ── pool ────────────────────────────────────
22:14:58 | i — | [  INIT   ]   max_pool_size               = 10000
22:14:58 | i — | [  INIT   ]   pool_diversity_weight       = 0.5
22:14:58 | i — | [  INIT   ] ── haos ────────────────────────────────────
22:14:58 | i — | [  INIT   ]   haos_decay                  = 0.95
22:14:58 | i — | [  INIT   ]   haos_warmup                 = 10
22:14:58 | i — | [  INIT   ]   haos_starting_weight        = 10.0
22:14:58 | i — | [  INIT   ]   haos_min_weight_k           = 0.025
22:14:58 | i — | [  INIT   ]   haos_min_weight_lambda      = 0.05
22:14:58 | i — | [  INIT   ]   haos_min_weight_paradigm    = 0.1
22:14:58 | i — | [  INIT   ]   haos_min_weight_vertex_method= 0.05
22:14:58 | i — | [  INIT   ]   haos_min_weight_route_method= 0.05
22:14:58 | i — | [  INIT   ]   haos_min_weight_solver      = 0.05
22:14:58 | i — | [  INIT   ]   haos_lambda_demand_values   = [0.0, 0.2, 0.4, 0.6, 0.8, 1.0]
22:14:58 | i — | [  INIT   ]   haos_paradigm_values        = ['vertex', 'route']
22:14:58 | i — | [  INIT   ]   haos_vertex_method_values   = ['kmeans', 'agglomerative_avg', 'agglomerative_complete', 'kmedoids', 'fcm']
22:14:58 | i — | [  INIT   ]   haos_route_method_values    = ['kmeans', 'agglomerative_avg', 'agglomerative_complete']
22:14:58 | i — | [  INIT   ]   haos_solver_values          = ['pyvrp', 'filo', 'filo2', 'ails2']
22:14:58 | i — | [  INIT   ] ── haos_rewards ────────────────────────────
22:14:58 | i — | [  INIT   ]   haos_reward_new_best        = 10.0
22:14:58 | i — | [  INIT   ]   haos_reward_improvement     = 4.0
22:14:58 | i — | [  INIT   ]   haos_reward_no_improvement  = 1.0
22:14:58 | i — | [  INIT   ]   haos_reward_no_solution     = 0.0
22:14:58 | i — | [  INIT   ]   haos_deferred_new_best      = 7.0
22:14:58 | i — | [  INIT   ]   haos_deferred_improvement   = 3.0
22:14:58 | i — | [  INIT   ]   haos_deferred_no_improvement= 0.0
22:14:58 | i — | [  INIT   ] ── seed ────────────────────────────────────
22:14:58 | i — | [  INIT   ]   seed                        = 11
22:14:58 | i — | [  INIT   ] ── output ──────────────────────────────────
22:14:58 | i — | [  INIT   ]   output_dir                  = /app/artifacts/benchmark/X-n2168-k138/seed11
22:14:58 | i — | [  INIT   ]   run_analysis                = False
22:14:58 | i — | [  INIT   ] ══════════════════════════════════════════════════════
22:14:58 | i — | [  INIT   ] BKS=127210.00
22:14:58 | i — | [  INIT   ] ════════════════════════════════════════
22:14:58 | i 1 | [HAOS ROLL] k=2  λ=0.8  vb  fcm  filo2  P≈0.000595
22:14:59 | i 1 | [Phase 1/3] decompose  0.85s / — / —  λ=0.8  vb fcm
22:16:04 | i 1 | [Phase 2/3] route  65.33s / 65.16s / 100.3%  filo2  k=2
22:16:04 | i 1 | [ IMPROVE ] 128378.00  via decompose_route  ·  Δ_BKS=+0.92%
22:16:04 | i 1 | [HAOS ROLL] k=2  λ=0.8  vb  fcm  filo2  P≈0.000595
22:16:04 | i 1 | [ Summary ] cost=128378.00  Δ_S*=+0.00%  Δ_BKS=+0.92%  Δ_S*_BKS=+0.92%  no_improve=0
22:16:04 | i 2 | [HAOS ROLL] k=12  λ=0.2  rb  ac_avg  filo  P≈0.000992
22:16:07 | i 2 | [Phase 1/3] decompose  2.74s / — / —  λ=0.2  rb ac_avg
22:16:32 | i 2 | [Phase 2/3] route  25.09s / 14.94s / 168.0%  filo  k=12
22:17:10 | i 1 | [ IMPROVE ] 128131.00  via bg_ails  ·  Δ_BKS=+0.72%
22:17:10 | i 1 | [ ASYNC BG] bg_ails  66.11s / 63.60s / 104.0%
22:17:10 | i 2 | [HAOS ROLL] k=12  λ=0.2  rb  ac_avg  filo  P≈0.000992
22:17:10 | i 2 | [ Summary ] cost=128599.00  Δ_S*=+0.37%  Δ_BKS=+1.09%  Δ_S*_BKS=+0.72%  no_improve=1
22:17:10 | i 3 | [HAOS ROLL] k=8  λ=0.6  rb  kmeans  filo  P≈0.000992
22:17:11 | i 3 | [Phase 1/3] decompose  0.30s / — / —  λ=0.6  rb kmeans
22:17:39 | i 3 | [Phase 2/3] route  28.09s / 22.98s / 122.2%  filo  k=8
22:18:13 | i 2 | [ ASYNC BG] bg_ails  63.06s / 60.00s / 105.1%
22:18:13 | i 3 | [HAOS ROLL] k=8  λ=0.6  rb  kmeans  filo  P≈0.000992
22:18:13 | i 3 | [ Summary ] cost=129829.00  Δ_S*=+1.33%  Δ_BKS=+2.06%  Δ_S*_BKS=+0.72%  no_improve=3
22:18:13 | i 4 | [HAOS ROLL] k=12  λ=0.8  vb  ac_complete  filo  P≈0.000595
22:18:14 | i 4 | [Phase 1/3] decompose  0.39s / — / —  λ=0.8  vb ac_complete
22:18:41 | i 4 | [Phase 2/3] route  27.08s / 15.18s / 178.4%  filo  k=12
22:19:16 | i 3 | [ ASYNC BG] bg_ails  63.00s / 60.00s / 105.0%
22:19:16 | i 4 | [HAOS ROLL] k=12  λ=0.8  vb  ac_complete  filo  P≈0.000595
22:19:16 | i 4 | [ Summary ] cost=131914.00  Δ_S*=+2.95%  Δ_BKS=+3.70%  Δ_S*_BKS=+0.72%  no_improve=5
22:19:16 | i 5 | [HAOS ROLL] k=8  λ=0.0  rb  ac_complete  filo2  P≈0.000992
22:19:17 | i 5 | [Phase 1/3] decompose  0.22s / — / —  λ=0.0  rb ac_complete
22:19:45 | i 5 | [Phase 2/3] route  28.11s / 28.20s / 99.7%  filo2  k=8
22:20:20 | i 4 | [ ASYNC BG] bg_ails  63.12s / 60.00s / 105.2%
22:20:20 | i 5 | [HAOS ROLL] k=8  λ=0.0  rb  ac_complete  filo2  P≈0.000992
22:20:20 | i 5 | [ Summary ] cost=128969.00  Δ_S*=+0.65%  Δ_BKS=+1.38%  Δ_S*_BKS=+0.72%  no_improve=7
22:20:20 | i 6 | [HAOS ROLL] k=10  λ=0.0  vb  ac_avg  pyvrp  P≈0.000595
22:20:20 | i 6 | [Phase 1/3] decompose  0.33s / — / —  λ=0.0  vb ac_avg
22:20:44 | i 6 | [Phase 2/3] route  24.07s / 19.86s / 121.2%  pyvrp  k=10
22:21:22 | i 5 | [ IMPROVE ] 128076.00  via bg_ails  ·  Δ_BKS=+0.68%
22:21:22 | i 5 | [ ASYNC BG] bg_ails  62.93s / 60.00s / 104.9%
22:21:23 | i 6 | [HAOS ROLL] k=10  λ=0.0  vb  ac_avg  pyvrp  P≈0.000595
22:21:23 | i 6 | [ Summary ] cost=131927.00  Δ_S*=+3.01%  Δ_BKS=+3.71%  Δ_S*_BKS=+0.68%  no_improve=1
22:21:23 | i 7 | [HAOS ROLL] k=6  λ=0.6  rb  ac_avg  filo2  P≈0.000992
22:21:23 | i 7 | [Phase 1/3] decompose  0.28s / — / —  λ=0.6  rb ac_avg
22:21:57 | i 7 | [Phase 2/3] route  34.10s / 33.84s / 100.8%  filo2  k=6
22:22:26 | i 6 | [ ASYNC BG] bg_ails  63.00s / 60.00s / 105.0%
22:22:26 | i 7 | [HAOS ROLL] k=6  λ=0.6  rb  ac_avg  filo2  P≈0.000992
22:22:26 | i 7 | [ Summary ] cost=128624.00  Δ_S*=+0.43%  Δ_BKS=+1.11%  Δ_S*_BKS=+0.68%  no_improve=3
22:22:26 | i 8 | [HAOS ROLL] k=4  λ=0.8  rb  ac_complete  pyvrp  P≈0.000992
22:22:26 | i 8 | [Phase 1/3] decompose  0.29s / — / —  λ=0.8  rb ac_complete
22:23:15 | i 8 | [Phase 2/3] route  48.92s / 47.22s / 103.6%  pyvrp  k=4
22:23:29 | i 7 | [ IMPROVE ] 128046.00  via bg_ails  ·  Δ_BKS=+0.66%
22:23:29 | i 7 | [ ASYNC BG] bg_ails  63.19s / 60.00s / 105.3%
22:23:29 | i 8 | [HAOS ROLL] k=4  λ=0.8  rb  ac_complete  pyvrp  P≈0.000992
22:23:29 | i 8 | [ Summary ] cost=129861.00  Δ_S*=+1.42%  Δ_BKS=+2.08%  Δ_S*_BKS=+0.66%  no_improve=1
22:23:29 | i 9 | [HAOS ROLL] k=3  λ=0.0  rb  ac_avg  filo  P≈0.000992
22:23:29 | i 9 | [Phase 1/3] decompose  0.23s / — / —  λ=0.0  rb ac_avg
22:24:37 | i 9 | [Phase 2/3] route  68.12s / 68.34s / 99.7%  filo  k=3
22:24:37 | i 8 | [ ASYNC BG] bg_ails  63.07s / 60.00s / 105.1%
22:24:37 | i 9 | [HAOS ROLL] k=3  λ=0.0  rb  ac_avg  filo  P≈0.000992
22:24:37 | i 9 | [ Summary ] cost=128386.00  Δ_S*=+0.27%  Δ_BKS=+0.92%  Δ_S*_BKS=+0.66%  no_improve=3
22:24:37 | i 10 | [HAOS ROLL] k=3  λ=0.0  vb  ac_complete  filo  P≈0.000595
22:24:37 | i 10 | [Phase 1/3] decompose  0.33s / — / —  λ=0.0  vb ac_complete
22:25:38 | i 10 | [Phase 2/3] route  60.12s / 60.12s / 100.0%  filo  k=3
22:25:46 | i 9 | [ IMPROVE ] 128022.00  via bg_ails  ·  Δ_BKS=+0.64%
22:25:46 | i 9 | [ ASYNC BG] bg_ails  69.01s / 66.70s / 103.5%
22:25:46 | i 10 | [HAOS ROLL] k=3  λ=0.0  vb  ac_complete  filo  P≈0.000595
22:25:46 | i 10 | [ Summary ] cost=128996.00  Δ_S*=+0.76%  Δ_BKS=+1.40%  Δ_S*_BKS=+0.64%  no_improve=1
22:25:46 | i 11 | [HAOS ROLL] k=8  λ=0.0  rb  ac_avg  filo2  P≈0.000992
22:25:46 | i 11 | [Phase 1/3] decompose  0.22s / — / —  λ=0.0  rb ac_avg
22:26:13 | i 11 | [Phase 2/3] route  27.11s / 23.82s / 113.8%  filo2  k=8
22:26:49 | i 10 | [ ASYNC BG] bg_ails  63.17s / 60.00s / 105.3%
22:26:49 | i 11 | [HAOS ROLL] k=8  λ=0.0  rb  ac_avg  filo2  P≈0.000992
22:26:49 | i 11 | [ Summary ] cost=129393.00  Δ_S*=+1.07%  Δ_BKS=+1.72%  Δ_S*_BKS=+0.64%  no_improve=3
22:26:49 | i 12 | [HAOS ROLL] k=4  λ=1.0  rb  ac_avg  filo2  P≈0.001064
22:26:50 | i 12 | [Phase 1/3] decompose  0.35s / — / —  λ=1.0  rb ac_avg
22:27:37 | i 12 | [Phase 2/3] route  47.10s / 46.62s / 101.0%  filo2  k=4
22:27:52 | i 11 | [ IMPROVE ] 127894.00  via bg_ails  ·  Δ_BKS=+0.54%
22:27:52 | i 11 | [ ASYNC BG] bg_ails  63.08s / 60.00s / 105.1%
22:27:52 | i 12 | [HAOS ROLL] k=4  λ=1.0  rb  ac_avg  filo2  P≈0.001064
22:27:52 | i 12 | [ Summary ] cost=128029.00  Δ_S*=+0.11%  Δ_BKS=+0.64%  Δ_S*_BKS=+0.54%  no_improve=1
22:27:52 | i 6 | [ASYNC 1/2] sp_sc  0.53s / 720.00s / 0.1%  SP  avg_coverage=10.11/5  pool=1394
22:27:52 | i 6 | [ASYNC 2/2] standard_ails  362.69s / 360.00s / 100.7%
22:27:55 | i 6 | [ IMPROVE ] 127835.00  via standard_ails  ·  Δ_BKS=+0.49%
22:27:55 | i 13 | [HAOS ROLL] k=6  λ=0.6  vb  kmeans  ails2  P≈0.000234
22:27:55 | i 13 | [Phase 1/3] decompose  0.27s / — / —  λ=0.6  vb kmeans
22:28:26 | i 13 | [Phase 2/3] route  30.54s / 29.34s / 104.1%  ails2  k=6
22:28:56 | i 12 | [ ASYNC BG] bg_ails  63.09s / 60.00s / 105.1%
22:28:56 | i 13 | [HAOS ROLL] k=6  λ=0.6  vb  kmeans  ails2  P≈0.000234
22:28:56 | i 13 | [ Summary ] cost=129669.00  Δ_S*=+1.43%  Δ_BKS=+1.93%  Δ_S*_BKS=+0.49%  no_improve=2
22:28:56 | i 14 | [HAOS ROLL] k=2  λ=0.8  vb  ac_avg  filo  P≈0.000405
22:28:56 | i 14 | [Phase 1/3] decompose  0.39s / — / —  λ=0.8  vb ac_avg
22:30:41 | i 14 | [Phase 2/3] route  105.21s / 104.58s / 100.6%  filo  k=2
22:30:41 | i 13 | [ ASYNC BG] bg_ails  63.05s / 60.00s / 105.1%
22:30:41 | i 14 | [HAOS ROLL] k=2  λ=0.8  vb  ac_avg  filo  P≈0.000405
22:30:41 | i 14 | [ Summary ] cost=128539.00  Δ_S*=+0.55%  Δ_BKS=+1.04%  Δ_S*_BKS=+0.49%  no_improve=4
22:30:41 | i 15 | [HAOS ROLL] k=8  λ=0.0  rb  ac_complete  filo2  P≈0.005089
22:30:41 | i 15 | [Phase 1/3] decompose  0.22s / — / —  λ=0.0  rb ac_complete
22:31:12 | i 15 | [Phase 2/3] route  30.11s / 19.14s / 157.3%  filo2  k=8
22:32:26 | i 14 | [ ASYNC BG] bg_ails  105.10s / 102.07s / 103.0%
22:32:26 | i 15 | [HAOS ROLL] k=8  λ=0.0  rb  ac_complete  filo2  P≈0.005089
22:32:26 | i 15 | [ Summary ] cost=129477.00  Δ_S*=+1.28%  Δ_BKS=+1.78%  Δ_S*_BKS=+0.49%  no_improve=6
22:32:26 | i 16 | [HAOS ROLL] k=2  λ=0.6  rb  ac_avg  filo2  P≈0.003833
22:32:27 | i 16 | [Phase 1/3] decompose  0.28s / — / —  λ=0.6  rb ac_avg
22:33:35 | i 16 | [Phase 2/3] route  68.13s / 68.10s / 100.0%  filo2  k=2
22:33:35 | i 15 | [ ASYNC BG] bg_ails  62.98s / 60.00s / 105.0%
22:33:35 | i 16 | [HAOS ROLL] k=2  λ=0.6  rb  ac_avg  filo2  P≈0.003833
22:33:35 | i 16 | [ Summary ] cost=128189.00  Δ_S*=+0.28%  Δ_BKS=+0.77%  Δ_S*_BKS=+0.49%  no_improve=8
22:33:35 | i 17 | [HAOS ROLL] k=8  λ=0.8  rb  kmeans  filo2  P≈0.003740
22:33:35 | i 17 | [Phase 1/3] decompose  0.28s / — / —  λ=0.8  rb kmeans
22:34:06 | i 17 | [Phase 2/3] route  31.10s / 21.42s / 145.2%  filo2  k=8
22:34:44 | i 16 | [ ASYNC BG] bg_ails  69.06s / 66.47s / 103.9%
22:34:44 | i 17 | [HAOS ROLL] k=8  λ=0.8  rb  kmeans  filo2  P≈0.003740
22:34:44 | i 17 | [ Summary ] cost=129505.00  Δ_S*=+1.31%  Δ_BKS=+1.80%  Δ_S*_BKS=+0.49%  no_improve=10
22:34:44 | i 18 | [HAOS ROLL] k=2  λ=0.8  rb  kmeans  filo  P≈0.001706
22:34:44 | i 18 | [Phase 1/3] decompose  0.27s / — / —  λ=0.8  rb kmeans
22:35:49 | i 18 | [Phase 2/3] route  65.12s / 65.46s / 99.5%  filo  k=2
22:35:49 | i 17 | [ ASYNC BG] bg_ails  63.18s / 60.00s / 105.3%
22:35:49 | i 18 | [HAOS ROLL] k=2  λ=0.8  rb  kmeans  filo  P≈0.001706
22:35:49 | i 18 | [ Summary ] cost=128517.00  Δ_S*=+0.53%  Δ_BKS=+1.03%  Δ_S*_BKS=+0.49%  no_improve=12
22:35:49 | i 19 | [HAOS ROLL] k=2  λ=0.8  vb  ac_complete  filo  P≈0.000682
22:35:50 | i 19 | [Phase 1/3] decompose  0.38s / — / —  λ=0.8  vb ac_complete
22:37:02 | i 19 | [Phase 2/3] route  72.14s / 72.18s / 99.9%  filo  k=2
22:37:02 | i 18 | [ ASYNC BG] bg_ails  66.12s / 63.89s / 103.5%
22:37:02 | i 19 | [HAOS ROLL] k=2  λ=0.8  vb  ac_complete  filo  P≈0.000682
22:37:02 | i 19 | [ Summary ] cost=128709.00  Δ_S*=+0.68%  Δ_BKS=+1.18%  Δ_S*_BKS=+0.49%  no_improve=14
22:37:02 | i 20 | [HAOS ROLL] k=2  λ=0.0  rb  ac_complete  filo2  P≈0.004238
22:37:02 | i 20 | [Phase 1/3] decompose  0.22s / — / —  λ=0.0  rb ac_complete
22:38:14 | i 20 | [Phase 2/3] route  72.14s / 72.06s / 100.1%  filo2  k=2
22:38:15 | i 19 | [ ASYNC BG] bg_ails  73.05s / 70.45s / 103.7%
22:38:15 | i 20 | [HAOS ROLL] k=2  λ=0.0  rb  ac_complete  filo2  P≈0.004238
22:38:15 | i 20 | [ Summary ] cost=128187.00  Δ_S*=+0.28%  Δ_BKS=+0.77%  Δ_S*_BKS=+0.49%  no_improve=16
22:38:15 | i 21 | [HAOS ROLL] k=6  λ=0.2  vb  ac_complete  filo  P≈0.000284
22:38:15 | i 21 | [Phase 1/3] decompose  0.37s / — / —  λ=0.2  vb ac_complete
22:38:47 | i 21 | [Phase 2/3] route  31.10s / 31.08s / 100.1%  filo  k=6
22:39:28 | i 20 | [ ASYNC BG] bg_ails  72.90s / 70.33s / 103.7%
22:39:28 | i 21 | [HAOS ROLL] k=6  λ=0.2  vb  ac_complete  filo  P≈0.000284
22:39:28 | i 21 | [ Summary ] cost=129621.00  Δ_S*=+1.40%  Δ_BKS=+1.90%  Δ_S*_BKS=+0.49%  no_improve=18
22:39:28 | i 22 | [HAOS ROLL] k=2  λ=0.8  rb  ac_avg  pyvrp  P≈0.002111
22:39:28 | i 22 | [Phase 1/3] decompose  0.28s / — / —  λ=0.8  rb ac_avg
22:40:40 | i 22 | [Phase 2/3] route  71.43s / 68.10s / 104.9%  pyvrp  k=2
22:40:40 | i 21 | [ ASYNC BG] bg_ails  63.09s / 60.00s / 105.1%
22:40:40 | i 22 | [HAOS ROLL] k=2  λ=0.8  rb  ac_avg  pyvrp  P≈0.002111
22:40:40 | i 22 | [ Summary ] cost=130032.00  Δ_S*=+1.72%  Δ_BKS=+2.22%  Δ_S*_BKS=+0.49%  no_improve=20
22:40:40 | i 23 | [HAOS ROLL] k=8  λ=0.0  rb  ac_complete  filo2  P≈0.004759
22:40:40 | i 23 | [Phase 1/3] decompose  0.21s / — / —  λ=0.0  rb ac_complete
22:41:10 | i 23 | [Phase 2/3] route  30.11s / 19.14s / 157.3%  filo2  k=8
22:41:49 | i 22 | [ ASYNC BG] bg_ails  69.15s / 66.47s / 104.0%
22:41:49 | i 23 | [HAOS ROLL] k=8  λ=0.0  rb  ac_complete  filo2  P≈0.004759
22:41:49 | i 23 | [ Summary ] cost=129536.00  Δ_S*=+1.33%  Δ_BKS=+1.83%  Δ_S*_BKS=+0.49%  no_improve=22
22:41:49 | i 24 | [HAOS ROLL] k=2  λ=0.8  rb  ac_avg  filo2  P≈0.009027
22:41:49 | i 24 | [Phase 1/3] decompose  0.27s / — / —  λ=0.8  rb ac_avg
22:42:57 | i 24 | [Phase 2/3] route  68.14s / 68.10s / 100.1%  filo2  k=2
22:42:57 | i 23 | [ ASYNC BG] bg_ails  62.93s / 60.00s / 104.9%
22:42:57 | i 24 | [HAOS ROLL] k=2  λ=0.8  rb  ac_avg  filo2  P≈0.009027
22:42:58 | i 24 | [ Summary ] cost=128157.00  Δ_S*=+0.25%  Δ_BKS=+0.74%  Δ_S*_BKS=+0.49%  no_improve=24
22:42:58 | i 25 | [HAOS ROLL] k=4  λ=0.6  vb  ac_avg  filo2  P≈0.000317
22:42:58 | i 25 | [Phase 1/3] decompose  0.40s / — / —  λ=0.6  vb ac_avg
22:43:41 | i 25 | [Phase 2/3] route  43.09s / 42.90s / 100.5%  filo2  k=4
22:44:07 | i 24 | [ ASYNC BG] bg_ails  69.05s / 66.47s / 103.9%
22:44:07 | i 25 | [HAOS ROLL] k=4  λ=0.6  vb  ac_avg  filo2  P≈0.000317
22:44:07 | i 25 | [ Summary ] cost=129188.00  Δ_S*=+1.06%  Δ_BKS=+1.55%  Δ_S*_BKS=+0.49%  no_improve=26
22:44:07 | i 26 | [HAOS ROLL] k=8  λ=0.8  rb  ac_complete  ails2  P≈0.001790
22:44:07 | i 26 | [Phase 1/3] decompose  0.29s / — / —  λ=0.8  rb ac_complete
22:44:38 | i 26 | [Phase 2/3] route  30.64s / 19.14s / 160.1%  ails2  k=8
22:45:10 | i 25 | [ ASYNC BG] bg_ails  63.16s / 60.00s / 105.3%
22:45:10 | i 26 | [HAOS ROLL] k=8  λ=0.8  rb  ac_complete  ails2  P≈0.001790
22:45:10 | i 26 | [ Summary ] cost=128025.00  Δ_S*=+0.15%  Δ_BKS=+0.64%  Δ_S*_BKS=+0.49%  no_improve=28
22:45:10 | i 27 | [HAOS ROLL] k=2  λ=0.8  rb  ac_complete  filo2  P≈0.009742
22:45:10 | i 27 | [Phase 1/3] decompose  0.29s / — / —  λ=0.8  rb ac_complete
22:46:22 | i 27 | [Phase 2/3] route  72.14s / 72.06s / 100.1%  filo2  k=2
22:46:22 | i 26 | [ ASYNC BG] bg_ails  63.19s / 60.00s / 105.3%
22:46:22 | i 27 | [HAOS ROLL] k=2  λ=0.8  rb  ac_complete  filo2  P≈0.009742
22:46:22 | i 27 | [ Summary ] cost=128069.00  Δ_S*=+0.18%  Δ_BKS=+0.68%  Δ_S*_BKS=+0.49%  no_improve=30
22:46:22 | i 28 | [HAOS ROLL] k=12  λ=1.0  vb  ac_complete  filo2  P≈0.000285
22:46:23 | i 28 | [Phase 1/3] decompose  0.39s / — / —  λ=1.0  vb ac_complete
22:46:47 | i 28 | [Phase 2/3] route  24.11s / 17.22s / 140.0%  filo2  k=12
22:47:35 | i 27 | [ IMPROVE ] 127727.00  via bg_ails  ·  Δ_BKS=+0.41%
22:47:35 | i 27 | [ ASYNC BG] bg_ails  73.16s / 70.33s / 104.0%
22:47:35 | i 28 | [HAOS ROLL] k=12  λ=1.0  vb  ac_complete  filo2  P≈0.000285
22:47:35 | i 28 | [ Summary ] cost=132645.00  Δ_S*=+3.85%  Δ_BKS=+4.27%  Δ_S*_BKS=+0.41%  no_improve=1
22:47:35 | i 29 | [HAOS ROLL] k=2  λ=0.4  rb  kmeans  filo2  P≈0.002165
22:47:36 | i 29 | [Phase 1/3] decompose  0.28s / — / —  λ=0.4  rb kmeans
22:48:42 | i 29 | [Phase 2/3] route  66.13s / 65.88s / 100.4%  filo2  k=2
22:48:42 | i 28 | [ ASYNC BG] bg_ails  63.17s / 60.00s / 105.3%
22:48:42 | i 29 | [HAOS ROLL] k=2  λ=0.4  rb  kmeans  filo2  P≈0.002165
22:48:42 | i 29 | [ Summary ] cost=128157.00  Δ_S*=+0.34%  Δ_BKS=+0.74%  Δ_S*_BKS=+0.41%  no_improve=3
22:48:42 | i 30 | [HAOS ROLL] k=2  λ=1.0  vb  kmeans  filo2  P≈0.001191
22:48:42 | i 30 | [Phase 1/3] decompose  0.28s / — / —  λ=1.0  vb kmeans
22:49:49 | i 30 | [Phase 2/3] route  67.13s / 67.08s / 100.1%  filo2  k=2
22:49:49 | i 29 | [ ASYNC BG] bg_ails  67.14s / 64.30s / 104.4%
22:49:49 | i 30 | [HAOS ROLL] k=2  λ=1.0  vb  kmeans  filo2  P≈0.001191
22:49:49 | i 30 | [ Summary ] cost=128139.00  Δ_S*=+0.32%  Δ_BKS=+0.73%  Δ_S*_BKS=+0.41%  no_improve=5
22:49:49 | i 31 | [HAOS ROLL] k=6  λ=0.4  rb  kmeans  pyvrp  P≈0.000186
22:49:50 | i 31 | [Phase 1/3] decompose  0.29s / — / —  λ=0.4  rb kmeans
22:50:18 | i 31 | [Phase 2/3] route  28.33s / 27.60s / 102.6%  pyvrp  k=6
22:50:58 | i 30 | [ ASYNC BG] bg_ails  68.15s / 65.47s / 104.1%
22:50:58 | i 31 | [HAOS ROLL] k=6  λ=0.4  rb  kmeans  pyvrp  P≈0.000186
22:50:58 | i 31 | [ Summary ] cost=129977.00  Δ_S*=+1.76%  Δ_BKS=+2.18%  Δ_S*_BKS=+0.41%  no_improve=7
22:50:58 | i 32 | [HAOS ROLL] k=2  λ=1.0  rb  kmeans  pyvrp  P≈0.001063
22:50:58 | i 32 | [Phase 1/3] decompose  0.28s / — / —  λ=1.0  rb kmeans
22:52:07 | i 32 | [Phase 2/3] route  69.00s / 65.88s / 104.7%  pyvrp  k=2
22:52:07 | i 31 | [ ASYNC BG] bg_ails  63.14s / 60.00s / 105.2%
22:52:07 | i 32 | [HAOS ROLL] k=2  λ=1.0  rb  kmeans  pyvrp  P≈0.001063
22:52:07 | i 32 | [ Summary ] cost=130101.00  Δ_S*=+1.86%  Δ_BKS=+2.27%  Δ_S*_BKS=+0.41%  no_improve=9
22:52:07 | i 33 | [HAOS ROLL] k=6  λ=0.6  rb  ac_avg  filo  P≈0.000524
22:52:07 | i 33 | [Phase 1/3] decompose  0.28s / — / —  λ=0.6  rb ac_avg
22:52:42 | i 33 | [Phase 2/3] route  35.12s / 35.34s / 99.4%  filo  k=6
22:53:14 | i 32 | [ ASYNC BG] bg_ails  67.17s / 64.30s / 104.5%
22:53:14 | i 33 | [HAOS ROLL] k=6  λ=0.6  rb  ac_avg  filo  P≈0.000524
22:53:14 | i 33 | [ Summary ] cost=128670.00  Δ_S*=+0.74%  Δ_BKS=+1.15%  Δ_S*_BKS=+0.41%  no_improve=11
22:53:14 | i 34 | [HAOS ROLL] k=2  λ=0.2  rb  kmeans  filo2  P≈0.004286
22:53:14 | i 34 | [Phase 1/3] decompose  0.28s / — / —  λ=0.2  rb kmeans
22:54:21 | i 34 | [Phase 2/3] route  66.13s / 65.88s / 100.4%  filo2  k=2
22:54:21 | i 33 | [ ASYNC BG] bg_ails  63.10s / 60.00s / 105.2%
22:54:21 | i 34 | [HAOS ROLL] k=2  λ=0.2  rb  kmeans  filo2  P≈0.004286
22:54:21 | i 34 | [ Summary ] cost=128124.00  Δ_S*=+0.31%  Δ_BKS=+0.72%  Δ_S*_BKS=+0.41%  no_improve=13
22:54:21 | i 35 | [HAOS ROLL] k=8  λ=0.8  vb  fcm  ails2  P≈0.000259
22:54:21 | i 35 | [Phase 1/3] decompose  0.37s / — / —  λ=0.8  vb fcm
22:54:54 | i 35 | [Phase 2/3] route  32.70s / 19.86s / 164.7%  ails2  k=8
22:55:28 | i 34 | [ ASYNC BG] bg_ails  67.04s / 64.30s / 104.3%
22:55:28 | i 35 | [HAOS ROLL] k=8  λ=0.8  vb  fcm  ails2  P≈0.000259
22:55:28 | i 35 | [ Summary ] cost=130034.00  Δ_S*=+1.81%  Δ_BKS=+2.22%  Δ_S*_BKS=+0.41%  no_improve=15
22:55:28 | i 36 | [HAOS ROLL] k=2  λ=0.8  rb  kmeans  filo  P≈0.005742
22:55:28 | i 36 | [Phase 1/3] decompose  0.27s / — / —  λ=0.8  rb kmeans
22:56:34 | i 36 | [Phase 2/3] route  66.12s / 65.88s / 100.4%  filo  k=2
22:56:34 | i 35 | [ ASYNC BG] bg_ails  63.18s / 60.00s / 105.3%
22:56:34 | i 36 | [HAOS ROLL] k=2  λ=0.8  rb  kmeans  filo  P≈0.005742
22:56:34 | i 36 | [ Summary ] cost=128227.00  Δ_S*=+0.39%  Δ_BKS=+0.80%  Δ_S*_BKS=+0.41%  no_improve=17
22:56:34 | i 37 | [HAOS ROLL] k=2  λ=0.8  rb  ac_avg  filo  P≈0.004618
22:56:34 | i 37 | [Phase 1/3] decompose  0.27s / — / —  λ=0.8  rb ac_avg
22:57:49 | i 37 | [Phase 2/3] route  74.14s / 73.68s / 100.6%  filo  k=2
22:57:49 | i 36 | [ ASYNC BG] bg_ails  67.18s / 64.30s / 104.5%
22:57:49 | i 37 | [HAOS ROLL] k=2  λ=0.8  rb  ac_avg  filo  P≈0.004618
22:57:49 | i 37 | [ Summary ] cost=128301.00  Δ_S*=+0.45%  Δ_BKS=+0.86%  Δ_S*_BKS=+0.41%  no_improve=19
22:57:49 | i 38 | [HAOS ROLL] k=6  λ=1.0  rb  kmeans  pyvrp  P≈0.000813
22:57:49 | i 38 | [Phase 1/3] decompose  0.28s / — / —  λ=1.0  rb kmeans
22:58:25 | i 38 | [Phase 2/3] route  36.59s / 35.46s / 103.2%  pyvrp  k=6
22:59:03 | i 37 | [ ASYNC BG] bg_ails  74.11s / 71.91s / 103.1%
22:59:03 | i 38 | [HAOS ROLL] k=6  λ=1.0  rb  kmeans  pyvrp  P≈0.000813
22:59:03 | i 38 | [ Summary ] cost=129876.00  Δ_S*=+1.68%  Δ_BKS=+2.10%  Δ_S*_BKS=+0.41%  no_improve=21
22:59:03 | i 39 | [HAOS ROLL] k=12  λ=0.2  rb  kmeans  filo2  P≈0.001169
22:59:03 | i 39 | [Phase 1/3] decompose  0.28s / — / —  λ=0.2  rb kmeans
22:59:30 | i 39 | [Phase 2/3] route  27.11s / 23.04s / 117.7%  filo2  k=12
23:00:06 | i 38 | [ ASYNC BG] bg_ails  63.12s / 60.00s / 105.2%
23:00:06 | i 39 | [HAOS ROLL] k=12  λ=0.2  rb  kmeans  filo2  P≈0.001169
23:00:06 | i 39 | [ Summary ] cost=129400.00  Δ_S*=+1.31%  Δ_BKS=+1.72%  Δ_S*_BKS=+0.41%  no_improve=23
23:00:06 | i 23 | [ASYNC 1/2] sp_sc  726.42s / 720.00s / 100.9%  SP  avg_coverage=39.35/5  pool=5252
23:00:06 | i 23 | [ASYNC 2/2] standard_ails  362.73s / 360.00s / 100.8%
23:00:29 | i 40 | [HAOS ROLL] k=4  λ=0.0  rb  ac_avg  filo  P≈0.000542
23:00:29 | i 40 | [Phase 1/3] decompose  0.20s / — / —  λ=0.0  rb ac_avg
23:01:11 | i 40 | [Phase 2/3] route  42.10s / 41.64s / 101.1%  filo  k=4
23:01:11 | i 39 | [ ASYNC BG] bg_ails  63.09s / 60.00s / 105.2%
23:01:11 | i 40 | [HAOS ROLL] k=4  λ=0.0  rb  ac_avg  filo  P≈0.000542
23:01:11 | i 40 | [ Summary ] cost=128407.00  Δ_S*=+0.53%  Δ_BKS=+0.94%  Δ_S*_BKS=+0.41%  no_improve=26
23:01:11 | i 41 | [HAOS ROLL] k=2  λ=0.6  rb  ac_complete  filo2  P≈0.005155
23:01:12 | i 41 | [Phase 1/3] decompose  0.27s / — / —  λ=0.6  rb ac_complete
23:02:22 | i 41 | [Phase 2/3] route  70.12s / 69.72s / 100.6%  filo2  k=2
23:02:22 | i 40 | [ ASYNC BG] bg_ails  63.02s / 60.00s / 105.0%
23:02:22 | i 41 | [HAOS ROLL] k=2  λ=0.6  rb  ac_complete  filo2  P≈0.005155
23:02:22 | i 41 | [ Summary ] cost=128190.00  Δ_S*=+0.36%  Δ_BKS=+0.77%  Δ_S*_BKS=+0.41%  no_improve=28
23:02:22 | i 42 | [HAOS ROLL] k=8  λ=0.6  rb  ac_avg  filo2  P≈0.003170
23:02:22 | i 42 | [Phase 1/3] decompose  0.27s / — / —  λ=0.6  rb ac_avg
23:02:50 | i 42 | [Phase 2/3] route  28.11s / 27.60s / 101.9%  filo2  k=8
23:03:33 | i 41 | [ ASYNC BG] bg_ails  71.16s / 68.05s / 104.6%
23:03:33 | i 42 | [HAOS ROLL] k=8  λ=0.6  rb  ac_avg  filo2  P≈0.003170
23:03:33 | i 42 | [ Summary ] cost=128764.00  Δ_S*=+0.81%  Δ_BKS=+1.22%  Δ_S*_BKS=+0.41%  no_improve=30
23:03:33 | i 43 | [HAOS ROLL] k=8  λ=0.8  rb  ac_complete  filo2  P≈0.006071
23:03:33 | i 43 | [Phase 1/3] decompose  0.29s / — / —  λ=0.8  rb ac_complete
23:03:58 | i 43 | [Phase 2/3] route  25.12s / 25.02s / 100.4%  filo2  k=8
23:04:36 | i 42 | [ ASYNC BG] bg_ails  63.23s / 60.00s / 105.4%
23:04:36 | i 43 | [HAOS ROLL] k=8  λ=0.8  rb  ac_complete  filo2  P≈0.006071
23:04:36 | i 43 | [ Summary ] cost=129099.00  Δ_S*=+1.07%  Δ_BKS=+1.48%  Δ_S*_BKS=+0.41%  no_improve=32
23:04:36 | i 44 | [HAOS ROLL] k=6  λ=1.0  rb  ac_complete  filo2  P≈0.001998
23:04:37 | i 44 | [Phase 1/3] decompose  0.29s / — / —  λ=1.0  rb ac_complete
23:05:02 | i 44 | [Phase 2/3] route  25.14s / 25.02s / 100.5%  filo2  k=6
23:05:40 | i 43 | [ ASYNC BG] bg_ails  63.35s / 60.00s / 105.6%
23:05:40 | i 44 | [HAOS ROLL] k=6  λ=1.0  rb  ac_complete  filo2  P≈0.001998
23:05:40 | i 44 | [ Summary ] cost=128842.00  Δ_S*=+0.87%  Δ_BKS=+1.28%  Δ_S*_BKS=+0.41%  no_improve=34
23:05:40 | i 45 | [HAOS ROLL] k=2  λ=0.8  rb  ac_avg  filo2  P≈0.012781
23:05:40 | i 45 | [Phase 1/3] decompose  0.28s / — / —  λ=0.8  rb ac_avg
23:06:54 | i 45 | [Phase 2/3] route  74.15s / 73.68s / 100.6%  filo2  k=2
23:06:54 | i 44 | [ ASYNC BG] bg_ails  63.10s / 60.00s / 105.2%
23:06:54 | i 45 | [HAOS ROLL] k=2  λ=0.8  rb  ac_avg  filo2  P≈0.012781
23:06:54 | i 45 | [ Summary ] cost=128289.00  Δ_S*=+0.44%  Δ_BKS=+0.85%  Δ_S*_BKS=+0.41%  no_improve=36
23:06:54 | i 46 | [HAOS ROLL] k=2  λ=0.4  rb  kmeans  filo  P≈0.001389
23:06:54 | i 46 | [Phase 1/3] decompose  0.28s / — / —  λ=0.4  rb kmeans
23:08:01 | i 46 | [Phase 2/3] route  66.13s / 65.88s / 100.4%  filo  k=2
23:08:08 | i 45 | [ ASYNC BG] bg_ails  74.16s / 71.91s / 103.1%
23:08:08 | i 46 | [HAOS ROLL] k=2  λ=0.4  rb  kmeans  filo  P≈0.001389
23:08:08 | i 46 | [ Summary ] cost=128223.00  Δ_S*=+0.39%  Δ_BKS=+0.80%  Δ_S*_BKS=+0.41%  no_improve=38
23:08:08 | i 47 | [HAOS ROLL] k=8  λ=0.8  rb  ac_avg  filo2  P≈0.010166
23:08:09 | i 47 | [Phase 1/3] decompose  0.28s / — / —  λ=0.8  rb ac_avg
23:08:37 | i 47 | [Phase 2/3] route  28.09s / 27.60s / 101.8%  filo2  k=8
23:09:15 | i 46 | [ ASYNC BG] bg_ails  67.04s / 64.30s / 104.3%
23:09:15 | i 47 | [HAOS ROLL] k=8  λ=0.8  rb  ac_avg  filo2  P≈0.010166
23:09:15 | i 47 | [ Summary ] cost=128799.00  Δ_S*=+0.84%  Δ_BKS=+1.25%  Δ_S*_BKS=+0.41%  no_improve=40
23:09:15 | i 48 | [HAOS ROLL] k=2  λ=0.8  rb  ac_complete  filo2  P≈0.015429
23:09:16 | i 48 | [Phase 1/3] decompose  0.37s / — / —  λ=0.8  rb ac_complete
23:10:26 | i 48 | [Phase 2/3] route  70.14s / 69.72s / 100.6%  filo2  k=2
23:10:26 | i 47 | [ ASYNC BG] bg_ails  63.13s / 60.00s / 105.2%
23:10:26 | i 48 | [HAOS ROLL] k=2  λ=0.8  rb  ac_complete  filo2  P≈0.015429
23:10:26 | i 48 | [ Summary ] cost=128072.00  Δ_S*=+0.27%  Δ_BKS=+0.68%  Δ_S*_BKS=+0.41%  no_improve=42
23:10:26 | i 49 | [HAOS ROLL] k=4  λ=0.8  rb  ac_complete  filo2  P≈0.004250
23:10:27 | i 49 | [Phase 1/3] decompose  0.27s / — / —  λ=0.8  rb ac_complete
23:11:12 | i 49 | [Phase 2/3] route  45.12s / 44.70s / 100.9%  filo2  k=4
23:11:37 | i 48 | [ ASYNC BG] bg_ails  71.06s / 68.05s / 104.4%
23:11:37 | i 49 | [HAOS ROLL] k=4  λ=0.8  rb  ac_complete  filo2  P≈0.004250
23:11:37 | i 49 | [ Summary ] cost=128206.00  Δ_S*=+0.38%  Δ_BKS=+0.78%  Δ_S*_BKS=+0.41%  no_improve=44
23:11:37 | i 50 | [HAOS ROLL] k=6  λ=0.8  rb  ac_avg  filo2  P≈0.007874
23:11:38 | i 50 | [Phase 1/3] decompose  0.28s / — / —  λ=0.8  rb ac_avg
23:12:13 | i 50 | [Phase 2/3] route  35.12s / 35.34s / 99.4%  filo2  k=6
23:12:40 | i 49 | [ ASYNC BG] bg_ails  63.21s / 60.00s / 105.4%
23:12:40 | i 50 | [HAOS ROLL] k=6  λ=0.8  rb  ac_avg  filo2  P≈0.007874
23:12:41 | i 50 | [ Summary ] cost=128596.00  Δ_S*=+0.68%  Δ_BKS=+1.09%  Δ_S*_BKS=+0.41%  no_improve=46
23:12:41 | i 51 | [HAOS ROLL] k=10  λ=0.8  vb  kmeans  filo2  P≈0.000552
23:12:41 | i 51 | [Phase 1/3] decompose  0.27s / — / —  λ=0.8  vb kmeans
23:13:07 | i 51 | [Phase 2/3] route  26.12s / 17.28s / 151.1%  filo2  k=10
23:13:43 | i 50 | [ ASYNC BG] bg_ails  63.17s / 60.00s / 105.3%
23:13:44 | i 51 | [HAOS ROLL] k=10  λ=0.8  vb  kmeans  filo2  P≈0.000552
23:13:44 | i 51 | [ Summary ] cost=130867.00  Δ_S*=+2.46%  Δ_BKS=+2.87%  Δ_S*_BKS=+0.41%  no_improve=48
23:13:44 | i 52 | [HAOS ROLL] k=8  λ=0.0  rb  ac_avg  pyvrp  P≈0.000870
23:13:44 | i 52 | [Phase 1/3] decompose  0.21s / — / —  λ=0.0  rb ac_avg
23:14:12 | i 52 | [Phase 2/3] route  28.47s / 27.60s / 103.1%  pyvrp  k=8
23:14:47 | i 51 | [ ASYNC BG] bg_ails  63.19s / 60.00s / 105.3%
23:14:47 | i 52 | [HAOS ROLL] k=8  λ=0.0  rb  ac_avg  pyvrp  P≈0.000870
23:14:47 | i 52 | [ Summary ] cost=129469.00  Δ_S*=+1.36%  Δ_BKS=+1.78%  Δ_S*_BKS=+0.41%  no_improve=50
23:14:47 | i 53 | [HAOS ROLL] k=8  λ=0.6  rb  ac_avg  filo2  P≈0.005295
23:14:47 | i 53 | [Phase 1/3] decompose  0.26s / — / —  λ=0.6  rb ac_avg
23:15:15 | i 53 | [Phase 2/3] route  28.11s / 27.60s / 101.8%  filo2  k=8
23:15:50 | i 52 | [ ASYNC BG] bg_ails  63.03s / 60.00s / 105.0%
23:15:50 | i 53 | [HAOS ROLL] k=8  λ=0.6  rb  ac_avg  filo2  P≈0.005295
23:15:50 | i 53 | [ Summary ] cost=128919.00  Δ_S*=+0.93%  Δ_BKS=+1.34%  Δ_S*_BKS=+0.41%  no_improve=52
23:15:50 | i 54 | [HAOS ROLL] k=8  λ=1.0  vb  fcm  filo2  P≈0.000502
23:15:50 | i 54 | [Phase 1/3] decompose  0.33s / — / —  λ=1.0  vb fcm
23:16:22 | i 54 | [Phase 2/3] route  32.10s / 19.86s / 161.7%  filo2  k=8
23:16:53 | i 53 | [ ASYNC BG] bg_ails  63.11s / 60.00s / 105.2%
23:16:53 | i 54 | [HAOS ROLL] k=8  λ=1.0  vb  fcm  filo2  P≈0.000502
23:16:53 | i 54 | [ Summary ] cost=130129.00  Δ_S*=+1.88%  Δ_BKS=+2.29%  Δ_S*_BKS=+0.41%  no_improve=54
23:16:53 | i 55 | [HAOS ROLL] k=2  λ=0.2  vb  ac_complete  filo2  P≈0.000481
23:16:53 | i 55 | [Phase 1/3] decompose  0.36s / — / —  λ=0.2  vb ac_complete
23:18:07 | i 55 | [Phase 2/3] route  73.15s / 73.20s / 99.9%  filo2  k=2
23:18:07 | i 54 | [ ASYNC BG] bg_ails  62.92s / 60.00s / 104.9%
23:18:07 | i 55 | [HAOS ROLL] k=2  λ=0.2  vb  ac_complete  filo2  P≈0.000481
23:18:07 | i 55 | [ Summary ] cost=128742.00  Δ_S*=+0.79%  Δ_BKS=+1.20%  Δ_S*_BKS=+0.41%  no_improve=56
23:18:07 | i 56 | [HAOS ROLL] k=10  λ=0.8  rb  ac_complete  filo2  P≈0.004857
23:18:07 | i 56 | [Phase 1/3] decompose  0.27s / — / —  λ=0.8  rb ac_complete
23:18:32 | i 56 | [Phase 2/3] route  25.10s / 25.02s / 100.3%  filo2  k=10
23:19:21 | i 55 | [ ASYNC BG] bg_ails  74.01s / 71.44s / 103.6%
23:19:21 | i 56 | [HAOS ROLL] k=10  λ=0.8  rb  ac_complete  filo2  P≈0.004857
23:19:21 | i 56 | [ Summary ] cost=129083.00  Δ_S*=+1.06%  Δ_BKS=+1.47%  Δ_S*_BKS=+0.41%  no_improve=58
23:19:21 | i 57 | [HAOS ROLL] k=2  λ=0.2  vb  kmedoids  filo2  P≈0.000893
23:19:21 | i 57 | [Phase 1/3] decompose  0.51s / — / —  λ=0.2  vb kmedoids
23:20:30 | i 57 | [Phase 2/3] route  68.15s / 68.40s / 99.6%  filo2  k=2
23:20:30 | i 56 | [ ASYNC BG] bg_ails  63.14s / 60.00s / 105.2%
23:20:30 | i 57 | [HAOS ROLL] k=2  λ=0.2  vb  kmedoids  filo2  P≈0.000893
23:20:30 | i 57 | [ Summary ] cost=128268.00  Δ_S*=+0.42%  Δ_BKS=+0.83%  Δ_S*_BKS=+0.41%  no_improve=60
23:20:30 | i 58 | [HAOS ROLL] k=2  λ=0.8  rb  ac_complete  filo2  P≈0.016891
23:20:30 | i 58 | [Phase 1/3] decompose  0.26s / — / —  λ=0.8  rb ac_complete
23:21:40 | i 58 | [Phase 2/3] route  70.15s / 69.72s / 100.6%  filo2  k=2
23:21:40 | i 57 | [ ASYNC BG] bg_ails  69.03s / 66.76s / 103.4%
23:21:40 | i 58 | [HAOS ROLL] k=2  λ=0.8  rb  ac_complete  filo2  P≈0.016891
23:21:40 | i 58 | [ Summary ] cost=127994.00  Δ_S*=+0.21%  Δ_BKS=+0.62%  Δ_S*_BKS=+0.41%  no_improve=62
23:21:40 | i 41 | [ASYNC 1/2] sp_sc  730.57s / 720.00s / 101.5%  SP  avg_coverage=67.64/5  pool=8887
23:21:40 | i 41 | [ASYNC 2/2] standard_ails  362.76s / 360.00s / 100.8%
23:22:12 | i 59 | [HAOS ROLL] k=4  λ=1.0  rb  ac_complete  filo2  P≈0.001625
23:22:12 | i 59 | [Phase 1/3] decompose  0.26s / — / —  λ=1.0  rb ac_complete
23:22:58 | i 59 | [Phase 2/3] route  45.12s / 44.70s / 100.9%  filo2  k=4
23:22:58 | i 58 | [ ASYNC BG] bg_ails  71.06s / 68.05s / 104.4%
23:22:58 | i 59 | [HAOS ROLL] k=4  λ=1.0  rb  ac_complete  filo2  P≈0.001625
23:22:58 | i 59 | [ Summary ] cost=128193.00  Δ_S*=+0.36%  Δ_BKS=+0.77%  Δ_S*_BKS=+0.41%  no_improve=65
23:22:58 | i 60 | [HAOS ROLL] k=10  λ=1.0  rb  ac_complete  filo2  P≈0.002189
23:22:58 | i 60 | [Phase 1/3] decompose  0.27s / — / —  λ=1.0  rb ac_complete
23:23:24 | i 60 | [Phase 2/3] route  25.11s / 25.02s / 100.3%  filo2  k=10
23:24:01 | i 59 | [ ASYNC BG] bg_ails  63.08s / 60.00s / 105.1%
23:24:01 | i 60 | [HAOS ROLL] k=10  λ=1.0  rb  ac_complete  filo2  P≈0.002189
23:24:01 | i 60 | [ Summary ] cost=129086.00  Δ_S*=+1.06%  Δ_BKS=+1.47%  Δ_S*_BKS=+0.41%  no_improve=67
23:24:01 | i 61 | [HAOS ROLL] k=8  λ=0.4  rb  ac_complete  filo2  P≈0.003516
23:24:01 | i 61 | [Phase 1/3] decompose  0.27s / — / —  λ=0.4  rb ac_complete
23:24:26 | i 61 | [Phase 2/3] route  25.10s / 25.02s / 100.3%  filo2  k=8
23:25:04 | i 60 | [ ASYNC BG] bg_ails  63.10s / 60.00s / 105.2%
23:25:04 | i 61 | [HAOS ROLL] k=8  λ=0.4  rb  ac_complete  filo2  P≈0.003516
23:25:04 | i 61 | [ Summary ] cost=129020.00  Δ_S*=+1.01%  Δ_BKS=+1.42%  Δ_S*_BKS=+0.41%  no_improve=69
23:25:04 | i 62 | [HAOS ROLL] k=10  λ=0.0  rb  ac_complete  filo  P≈0.000826
23:25:04 | i 62 | [Phase 1/3] decompose  0.21s / — / —  λ=0.0  rb ac_complete
23:25:29 | i 62 | [Phase 2/3] route  25.11s / 25.02s / 100.4%  filo  k=10
23:26:07 | i 61 | [ ASYNC BG] bg_ails  63.14s / 60.00s / 105.2%
23:26:07 | i 62 | [HAOS ROLL] k=10  λ=0.0  rb  ac_complete  filo  P≈0.000826
23:26:07 | i 62 | [ Summary ] cost=129326.00  Δ_S*=+1.25%  Δ_BKS=+1.66%  Δ_S*_BKS=+0.41%  no_improve=71
23:26:07 | i 63 | [HAOS ROLL] k=10  λ=0.0  vb  ac_avg  filo2  P≈0.000483
23:26:08 | i 63 | [Phase 1/3] decompose  0.32s / — / —  λ=0.0  vb ac_avg
23:26:31 | i 63 | [Phase 2/3] route  23.12s / 19.86s / 116.4%  filo2  k=10
23:27:10 | i 62 | [ ASYNC BG] bg_ails  63.18s / 60.00s / 105.3%
23:27:10 | i 63 | [HAOS ROLL] k=10  λ=0.0  vb  ac_avg  filo2  P≈0.000483
23:27:10 | i 63 | [ Summary ] cost=131401.00  Δ_S*=+2.88%  Δ_BKS=+3.29%  Δ_S*_BKS=+0.41%  no_improve=73
23:27:10 | i 64 | [HAOS ROLL] k=10  λ=0.8  rb  ac_complete  filo2  P≈0.012705
23:27:11 | i 64 | [Phase 1/3] decompose  0.27s / — / —  λ=0.8  rb ac_complete
23:27:36 | i 64 | [Phase 2/3] route  25.12s / 25.02s / 100.4%  filo2  k=10
23:28:13 | i 63 | [ ASYNC BG] bg_ails  63.05s / 60.00s / 105.1%
23:28:13 | i 64 | [HAOS ROLL] k=10  λ=0.8  rb  ac_complete  filo2  P≈0.012705
23:28:14 | i 64 | [ Summary ] cost=129093.00  Δ_S*=+1.07%  Δ_BKS=+1.48%  Δ_S*_BKS=+0.41%  no_improve=75
23:28:14 | i 65 | [HAOS ROLL] k=2  λ=0.2  rb  ac_complete  filo2  P≈0.007791
23:28:14 | i 65 | [Phase 1/3] decompose  0.27s / — / —  λ=0.2  rb ac_complete
23:29:24 | i 65 | [Phase 2/3] route  70.14s / 69.72s / 100.6%  filo2  k=2
23:29:24 | i 64 | [ ASYNC BG] bg_ails  63.04s / 60.00s / 105.1%
23:29:24 | i 65 | [HAOS ROLL] k=2  λ=0.2  rb  ac_complete  filo2  P≈0.007791
23:29:24 | i 65 | [ Summary ] cost=128158.00  Δ_S*=+0.34%  Δ_BKS=+0.75%  Δ_S*_BKS=+0.41%  no_improve=77
23:29:24 | i 66 | [HAOS ROLL] k=10  λ=0.8  vb  fcm  ails2  P≈0.000327
23:29:25 | i 66 | [Phase 1/3] decompose  0.45s / — / —  λ=0.8  vb fcm
23:29:52 | i 66 | [Phase 2/3] route  27.72s / 14.34s / 193.3%  ails2  k=10
23:30:35 | i 65 | [ ASYNC BG] bg_ails  71.15s / 68.05s / 104.6%
23:30:35 | i 66 | [HAOS ROLL] k=10  λ=0.8  vb  fcm  ails2  P≈0.000327
23:30:35 | i 66 | [ Summary ] cost=131703.00  Δ_S*=+3.11%  Δ_BKS=+3.53%  Δ_S*_BKS=+0.41%  no_improve=79
23:30:35 | i 67 | [HAOS ROLL] k=12  λ=0.8  vb  ac_avg  filo  P≈0.000258
23:30:36 | i 67 | [Phase 1/3] decompose  0.38s / — / —  λ=0.8  vb ac_avg
23:31:00 | i 67 | [Phase 2/3] route  24.12s / 15.78s / 152.9%  filo  k=12
23:31:38 | i 66 | [ ASYNC BG] bg_ails  63.20s / 60.00s / 105.3%
23:31:39 | i 67 | [HAOS ROLL] k=12  λ=0.8  vb  ac_avg  filo  P≈0.000258
23:31:39 | i 67 | [ Summary ] cost=131939.00  Δ_S*=+3.30%  Δ_BKS=+3.72%  Δ_S*_BKS=+0.41%  no_improve=81
23:31:39 | i 68 | [HAOS ROLL] k=6  λ=0.0  rb  ac_avg  filo2  P≈0.001684
23:31:39 | i 68 | [Phase 1/3] decompose  0.21s / — / —  λ=0.0  rb ac_avg
23:32:14 | i 68 | [Phase 2/3] route  35.12s / 35.34s / 99.4%  filo2  k=6
23:32:42 | i 67 | [ ASYNC BG] bg_ails  63.19s / 60.00s / 105.3%
23:32:42 | i 68 | [HAOS ROLL] k=6  λ=0.0  rb  ac_avg  filo2  P≈0.001684
23:32:42 | i 68 | [ Summary ] cost=128619.00  Δ_S*=+0.70%  Δ_BKS=+1.11%  Δ_S*_BKS=+0.41%  no_improve=83
23:32:42 | i 69 | [HAOS ROLL] k=2  λ=0.6  vb  fcm  filo2  P≈0.000935
23:32:42 | i 69 | [Phase 1/3] decompose  0.36s / — / —  λ=0.6  vb fcm
23:33:47 | i 69 | [Phase 2/3] route  65.13s / 65.28s / 99.8%  filo2  k=2
23:33:47 | i 68 | [ ASYNC BG] bg_ails  63.07s / 60.00s / 105.1%
23:33:48 | i 69 | [HAOS ROLL] k=2  λ=0.6  vb  fcm  filo2  P≈0.000935
23:33:48 | i 69 | [ Summary ] cost=128228.00  Δ_S*=+0.39%  Δ_BKS=+0.80%  Δ_S*_BKS=+0.41%  no_improve=85
23:33:48 | i 70 | [HAOS ROLL] k=2  λ=0.4  rb  ac_complete  filo  P≈0.001414
23:33:48 | i 70 | [Phase 1/3] decompose  0.27s / — / —  λ=0.4  rb ac_complete
23:34:58 | i 70 | [Phase 2/3] route  70.14s / 69.72s / 100.6%  filo  k=2
23:34:58 | i 69 | [ ASYNC BG] bg_ails  66.03s / 63.71s / 103.6%
23:34:58 | i 70 | [HAOS ROLL] k=2  λ=0.4  rb  ac_complete  filo  P≈0.001414
23:34:58 | i 70 | [ Summary ] cost=128398.00  Δ_S*=+0.53%  Δ_BKS=+0.93%  Δ_S*_BKS=+0.41%  no_improve=87
23:34:58 | i 71 | [HAOS ROLL] k=2  λ=0.8  rb  ac_complete  filo2  P≈0.019099
23:34:59 | i 71 | [Phase 1/3] decompose  0.27s / — / —  λ=0.8  rb ac_complete
23:36:09 | i 71 | [Phase 2/3] route  70.14s / 69.72s / 100.6%  filo2  k=2
23:36:09 | i 70 | [ ASYNC BG] bg_ails  71.08s / 68.05s / 104.5%
23:36:09 | i 71 | [HAOS ROLL] k=2  λ=0.8  rb  ac_complete  filo2  P≈0.019099
23:36:10 | i 71 | [ Summary ] cost=128258.00  Δ_S*=+0.42%  Δ_BKS=+0.82%  Δ_S*_BKS=+0.41%  no_improve=89
23:36:10 | i 72 | [HAOS ROLL] k=2  λ=0.0  rb  ac_avg  filo2  P≈0.006222
23:36:10 | i 72 | [Phase 1/3] decompose  0.20s / — / —  λ=0.0  rb ac_avg
23:37:24 | i 72 | [Phase 2/3] route  74.15s / 73.68s / 100.6%  filo2  k=2
23:37:24 | i 71 | [ ASYNC BG] bg_ails  71.11s / 68.05s / 104.5%
23:37:24 | i 72 | [HAOS ROLL] k=2  λ=0.0  rb  ac_avg  filo2  P≈0.006222
23:37:24 | i 72 | [ Summary ] cost=128381.00  Δ_S*=+0.51%  Δ_BKS=+0.92%  Δ_S*_BKS=+0.41%  no_improve=91
23:37:24 | i 73 | [HAOS ROLL] k=4  λ=0.0  rb  ac_complete  filo2  P≈0.003412
23:37:24 | i 73 | [Phase 1/3] decompose  0.20s / — / —  λ=0.0  rb ac_complete
23:38:10 | i 73 | [Phase 2/3] route  45.12s / 44.70s / 100.9%  filo2  k=4
23:38:38 | i 72 | [ ASYNC BG] bg_ails  74.00s / 71.91s / 102.9%
23:38:38 | i 73 | [HAOS ROLL] k=4  λ=0.0  rb  ac_complete  filo2  P≈0.003412
23:38:38 | i 73 | [ Summary ] cost=128166.00  Δ_S*=+0.34%  Δ_BKS=+0.75%  Δ_S*_BKS=+0.41%  no_improve=93
23:38:38 | i 74 | [HAOS ROLL] k=2  λ=0.2  vb  ac_avg  filo2  P≈0.001553
23:38:39 | i 74 | [Phase 1/3] decompose  0.39s / — / —  λ=0.2  vb ac_avg
23:39:44 | i 74 | [Phase 2/3] route  65.13s / 65.28s / 99.8%  filo2  k=2
23:39:44 | i 73 | [ ASYNC BG] bg_ails  63.06s / 60.00s / 105.1%
23:39:44 | i 74 | [HAOS ROLL] k=2  λ=0.2  vb  ac_avg  filo2  P≈0.001553
23:39:44 | i 74 | [ Summary ] cost=128251.00  Δ_S*=+0.41%  Δ_BKS=+0.82%  Δ_S*_BKS=+0.41%  no_improve=95
23:39:44 | i 75 | [HAOS ROLL] k=2  λ=0.4  vb  fcm  filo2  P≈0.001599
23:39:44 | i 75 | [Phase 1/3] decompose  0.27s / — / —  λ=0.4  vb fcm
23:40:50 | i 75 | [Phase 2/3] route  65.13s / 65.28s / 99.8%  filo2  k=2
23:40:50 | i 74 | [ ASYNC BG] bg_ails  66.14s / 63.71s / 103.8%
23:40:50 | i 75 | [HAOS ROLL] k=2  λ=0.4  vb  fcm  filo2  P≈0.001599
23:40:50 | i 75 | [ Summary ] cost=128180.00  Δ_S*=+0.35%  Δ_BKS=+0.76%  Δ_S*_BKS=+0.41%  no_improve=97
23:40:50 | i 76 | [HAOS ROLL] k=2  λ=0.2  vb  ac_complete  ails2  P≈0.000260
23:40:51 | i 76 | [Phase 1/3] decompose  0.37s / — / —  λ=0.2  vb ac_complete
23:42:05 | i 76 | [Phase 2/3] route  74.77s / 73.20s / 102.2%  ails2  k=2
23:42:05 | i 75 | [ ASYNC BG] bg_ails  66.07s / 63.71s / 103.7%
23:42:06 | i 76 | [HAOS ROLL] k=2  λ=0.2  vb  ac_complete  ails2  P≈0.000260
23:42:06 | i 76 | [ Summary ] cost=128260.00  Δ_S*=+0.42%  Δ_BKS=+0.83%  Δ_S*_BKS=+0.41%  no_improve=99
23:42:06 | i 59 | [ASYNC 1/2] sp_sc  730.51s / 720.00s / 101.5%  SP  avg_coverage=69.60/5  pool=10000
23:42:06 | i 59 | [ASYNC 2/2] standard_ails  362.71s / 360.00s / 100.8%
23:42:38 | i 77 | [HAOS ROLL] k=2  λ=0.8  rb  ac_complete  filo2  P≈0.025172
23:42:38 | i 77 | [Phase 1/3] decompose  0.26s / — / —  λ=0.8  rb ac_complete
23:43:48 | i 77 | [Phase 2/3] route  70.14s / 69.72s / 100.6%  filo2  k=2
23:43:48 | i 76 | [ ASYNC BG] bg_ails  74.03s / 71.44s / 103.6%
23:43:49 | i 77 | [HAOS ROLL] k=2  λ=0.8  rb  ac_complete  filo2  P≈0.025172
23:43:49 | i 77 | [ Summary ] cost=127973.00  Δ_S*=+0.19%  Δ_BKS=+0.60%  Δ_S*_BKS=+0.41%  no_improve=102
23:43:49 | i 78 | [HAOS ROLL] k=4  λ=0.8  vb  kmedoids  filo2  P≈0.000942
23:43:49 | i 78 | [Phase 1/3] decompose  0.48s / — / —  λ=0.8  vb kmedoids
23:44:25 | i 78 | [Phase 2/3] route  36.10s / 36.00s / 100.3%  filo2  k=4
23:44:59 | i 77 | [ ASYNC BG] bg_ails  71.08s / 68.05s / 104.5%
23:45:00 | i 78 | [HAOS ROLL] k=4  λ=0.8  vb  kmedoids  filo2  P≈0.000942
23:45:00 | i 78 | [ Summary ] cost=128788.00  Δ_S*=+0.83%  Δ_BKS=+1.24%  Δ_S*_BKS=+0.41%  no_improve=104
23:45:00 | i 79 | [HAOS ROLL] k=2  λ=0.0  vb  ac_avg  filo2  P≈0.003610
23:45:00 | i 79 | [Phase 1/3] decompose  0.32s / — / —  λ=0.0  vb ac_avg
23:46:17 | i 79 | [Phase 2/3] route  77.15s / 77.40s / 99.7%  filo2  k=2
23:46:17 | i 78 | [ ASYNC BG] bg_ails  63.16s / 60.00s / 105.3%
23:46:17 | i 79 | [HAOS ROLL] k=2  λ=0.0  vb  ac_avg  filo2  P≈0.003610
23:46:18 | i 79 | [ Summary ] cost=128421.00  Δ_S*=+0.54%  Δ_BKS=+0.95%  Δ_S*_BKS=+0.41%  no_improve=106
23:46:18 | i 80 | [HAOS ROLL] k=10  λ=0.8  rb  ac_complete  pyvrp  P≈0.001374
23:46:18 | i 80 | [Phase 1/3] decompose  0.28s / — / —  λ=0.8  rb ac_complete
23:46:44 | i 80 | [Phase 2/3] route  25.77s / 25.02s / 103.0%  pyvrp  k=10
23:47:35 | i 79 | [ ASYNC BG] bg_ails  78.09s / 75.54s / 103.4%
23:47:36 | i 80 | [HAOS ROLL] k=10  λ=0.8  rb  ac_complete  pyvrp  P≈0.001374
23:47:36 | i 80 | [ Summary ] cost=129438.00  Δ_S*=+1.34%  Δ_BKS=+1.75%  Δ_S*_BKS=+0.41%  no_improve=108
23:47:36 | i 81 | [HAOS ROLL] k=8  λ=1.0  vb  kmeans  filo2  P≈0.000401
23:47:36 | i 81 | [Phase 1/3] decompose  0.28s / — / —  λ=1.0  vb kmeans
23:48:07 | i 81 | [Phase 2/3] route  31.13s / 19.44s / 160.1%  filo2  k=8
23:48:39 | i 80 | [ ASYNC BG] bg_ails  63.16s / 60.00s / 105.3%
23:48:39 | i 81 | [HAOS ROLL] k=8  λ=1.0  vb  kmeans  filo2  P≈0.000401
23:48:39 | i 81 | [ Summary ] cost=130091.00  Δ_S*=+1.85%  Δ_BKS=+2.26%  Δ_S*_BKS=+0.41%  no_improve=110
23:48:39 | i 82 | [HAOS ROLL] k=2  λ=0.8  rb  ac_complete  filo2  P≈0.037101
23:48:39 | i 82 | [Phase 1/3] decompose  0.28s / — / —  λ=0.8  rb ac_complete
23:49:49 | i 82 | [Phase 2/3] route  70.14s / 69.72s / 100.6%  filo2  k=2
23:49:49 | i 81 | [ ASYNC BG] bg_ails  63.15s / 60.00s / 105.3%
23:49:50 | i 82 | [HAOS ROLL] k=2  λ=0.8  rb  ac_complete  filo2  P≈0.037101
23:49:50 | i 82 | [ Summary ] cost=128195.00  Δ_S*=+0.37%  Δ_BKS=+0.77%  Δ_S*_BKS=+0.41%  no_improve=112
23:49:50 | i 83 | [HAOS ROLL] k=2  λ=0.2  rb  ac_complete  filo2  P≈0.013004
23:49:50 | i 83 | [Phase 1/3] decompose  0.29s / — / —  λ=0.2  rb ac_complete
23:51:00 | i 83 | [Phase 2/3] route  70.14s / 69.72s / 100.6%  filo2  k=2
23:51:01 | i 82 | [ ASYNC BG] bg_ails  71.16s / 68.05s / 104.6%
23:51:01 | i 83 | [HAOS ROLL] k=2  λ=0.2  rb  ac_complete  filo2  P≈0.013004
23:51:01 | i 83 | [ Summary ] cost=128216.00  Δ_S*=+0.38%  Δ_BKS=+0.79%  Δ_S*_BKS=+0.41%  no_improve=114
23:51:01 | i 84 | [HAOS ROLL] k=10  λ=0.0  rb  ac_complete  filo2  P≈0.006827
23:51:01 | i 84 | [Phase 1/3] decompose  0.21s / — / —  λ=0.0  rb ac_complete
23:51:26 | i 84 | [Phase 2/3] route  25.11s / 25.02s / 100.4%  filo2  k=10
23:52:12 | i 83 | [ ASYNC BG] bg_ails  71.13s / 68.05s / 104.5%
23:52:12 | i 84 | [HAOS ROLL] k=10  λ=0.0  rb  ac_complete  filo2  P≈0.006827
23:52:12 | i 84 | [ Summary ] cost=129147.00  Δ_S*=+1.11%  Δ_BKS=+1.52%  Δ_S*_BKS=+0.41%  no_improve=116
23:52:12 | i 85 | [HAOS ROLL] k=8  λ=0.2  rb  ac_complete  filo2  P≈0.006256
23:52:12 | i 85 | [Phase 1/3] decompose  0.27s / — / —  λ=0.2  rb ac_complete
23:52:38 | i 85 | [Phase 2/3] route  25.11s / 25.02s / 100.4%  filo2  k=8
23:53:15 | i 84 | [ ASYNC BG] bg_ails  63.10s / 60.00s / 105.2%
23:53:15 | i 85 | [HAOS ROLL] k=8  λ=0.2  rb  ac_complete  filo2  P≈0.006256
23:53:15 | i 85 | [ Summary ] cost=129427.00  Δ_S*=+1.33%  Δ_BKS=+1.74%  Δ_S*_BKS=+0.41%  no_improve=118
23:53:15 | i 86 | [HAOS ROLL] k=2  λ=0.8  rb  ac_avg  filo  P≈0.002347
23:53:16 | i 86 | [Phase 1/3] decompose  0.27s / — / —  λ=0.8  rb ac_avg
23:54:30 | i 86 | [Phase 2/3] route  74.15s / 73.68s / 100.6%  filo  k=2
23:54:30 | i 85 | [ ASYNC BG] bg_ails  63.08s / 60.00s / 105.1%
23:54:30 | i 86 | [HAOS ROLL] k=2  λ=0.8  rb  ac_avg  filo  P≈0.002347
23:54:30 | i 86 | [ Summary ] cost=128107.00  Δ_S*=+0.30%  Δ_BKS=+0.71%  Δ_S*_BKS=+0.41%  no_improve=120
23:54:30 | i 87 | [HAOS ROLL] k=6  λ=1.0  rb  ac_avg  filo2  P≈0.000680
23:54:30 | i 87 | [Phase 1/3] decompose  0.27s / — / —  λ=1.0  rb ac_avg
23:55:05 | i 87 | [Phase 2/3] route  35.12s / 35.34s / 99.4%  filo2  k=6
23:55:44 | i 86 | [ ASYNC BG] bg_ails  74.09s / 71.91s / 103.0%
23:55:44 | i 87 | [HAOS ROLL] k=6  λ=1.0  rb  ac_avg  filo2  P≈0.000680
23:55:44 | i 87 | [ Summary ] cost=128498.00  Δ_S*=+0.60%  Δ_BKS=+1.01%  Δ_S*_BKS=+0.41%  no_improve=122
23:55:44 | i 88 | [HAOS ROLL] k=2  λ=0.8  rb  kmeans  filo2  P≈0.008606
23:55:44 | i 88 | [Phase 1/3] decompose  0.27s / — / —  λ=0.8  rb kmeans
23:56:51 | i 88 | [Phase 2/3] route  66.14s / 65.88s / 100.4%  filo2  k=2
23:56:51 | i 87 | [ ASYNC BG] bg_ails  63.00s / 60.00s / 105.0%
23:56:51 | i 88 | [HAOS ROLL] k=2  λ=0.8  rb  kmeans  filo2  P≈0.008606
23:56:51 | i 88 | [ Summary ] cost=127953.00  Δ_S*=+0.18%  Δ_BKS=+0.58%  Δ_S*_BKS=+0.41%  no_improve=124
23:56:51 | i 77 | [ASYNC 1/2] sp_sc  0.00s / 720.00s / 0.0%  SC
23:56:51 | i 89 | [HAOS ROLL] k=3  λ=0.0  vb  ac_avg  filo  P≈0.000123
23:56:51 | i 89 | [Phase 1/3] decompose  0.31s / — / —  λ=0.0  vb ac_avg
23:57:44 | i 89 | [Phase 2/3] route  53.12s / 52.62s / 101.0%  filo  k=3
23:57:58 | i 88 | [ ASYNC BG] bg_ails  67.17s / 64.30s / 104.5%
23:57:58 | i 89 | [HAOS ROLL] k=3  λ=0.0  vb  ac_avg  filo  P≈0.000123
23:57:58 | i 89 | [ Summary ] cost=129148.00  Δ_S*=+1.11%  Δ_BKS=+1.52%  Δ_S*_BKS=+0.41%  no_improve=126
23:57:58 | i 90 | [HAOS ROLL] k=2  λ=0.8  rb  ac_avg  filo2  P≈0.017760
23:57:58 | i 90 | [Phase 1/3] decompose  0.26s / — / —  λ=0.8  rb ac_avg
23:59:13 | i 90 | [Phase 2/3] route  74.15s / 73.68s / 100.6%  filo2  k=2
23:59:13 | i 89 | [ ASYNC BG] bg_ails  63.06s / 60.00s / 105.1%
23:59:13 | i 90 | [HAOS ROLL] k=2  λ=0.8  rb  ac_avg  filo2  P≈0.017760
23:59:13 | i 90 | [ Summary ] cost=128242.00  Δ_S*=+0.40%  Δ_BKS=+0.81%  Δ_S*_BKS=+0.41%  no_improve=128
23:59:13 | i 91 | [HAOS ROLL] k=3  λ=0.2  rb  ac_complete  filo  P≈0.001174
23:59:13 | i 91 | [Phase 1/3] decompose  0.26s / — / —  λ=0.2  rb ac_complete
00:00:13 | i 91 | [Phase 2/3] route  60.13s / 60.30s / 99.7%  filo  k=3
00:00:27 | i 90 | [ ASYNC BG] bg_ails  74.14s / 71.91s / 103.1%
00:00:27 | i 91 | [HAOS ROLL] k=3  λ=0.2  rb  ac_complete  filo  P≈0.001174
00:00:27 | i 91 | [ Summary ] cost=128372.00  Δ_S*=+0.50%  Δ_BKS=+0.91%  Δ_S*_BKS=+0.41%  no_improve=130
00:00:27 | i 92 | [HAOS ROLL] k=6  λ=0.2  rb  ac_complete  filo2  P≈0.003665
00:00:27 | i 92 | [Phase 1/3] decompose  0.26s / — / —  λ=0.2  rb ac_complete
00:00:53 | i 92 | [Phase 2/3] route  25.11s / 25.02s / 100.4%  filo2  k=6
00:01:30 | i 91 | [ ASYNC BG] bg_ails  63.03s / 60.00s / 105.0%
00:01:30 | i 92 | [HAOS ROLL] k=6  λ=0.2  rb  ac_complete  filo2  P≈0.003665
00:01:30 | i 92 | [ Summary ] cost=128623.00  Δ_S*=+0.70%  Δ_BKS=+1.11%  Δ_S*_BKS=+0.41%  no_improve=132
00:01:30 | i 93 | [HAOS ROLL] k=8  λ=0.0  rb  ac_complete  filo2  P≈0.005949
00:01:30 | i 93 | [Phase 1/3] decompose  0.20s / — / —  λ=0.0  rb ac_complete
00:01:56 | i 93 | [Phase 2/3] route  25.10s / 25.02s / 100.3%  filo2  k=8
00:02:33 | i 92 | [ ASYNC BG] bg_ails  63.13s / 60.00s / 105.2%
00:02:33 | i 93 | [HAOS ROLL] k=8  λ=0.0  rb  ac_complete  filo2  P≈0.005949
00:02:33 | i 93 | [ Summary ] cost=129226.00  Δ_S*=+1.17%  Δ_BKS=+1.58%  Δ_S*_BKS=+0.41%  no_improve=134
00:02:33 | i 94 | [HAOS ROLL] k=4  λ=0.8  rb  ac_complete  filo2  P≈0.007409
00:02:34 | i 94 | [Phase 1/3] decompose  0.26s / — / —  λ=0.8  rb ac_complete
00:03:19 | i 94 | [Phase 2/3] route  45.11s / 44.70s / 100.9%  filo2  k=4
00:03:36 | i 93 | [ ASYNC BG] bg_ails  63.07s / 60.00s / 105.1%
00:03:36 | i 94 | [HAOS ROLL] k=4  λ=0.8  rb  ac_complete  filo2  P≈0.007409
00:03:36 | i 94 | [ Summary ] cost=128236.00  Δ_S*=+0.40%  Δ_BKS=+0.81%  Δ_S*_BKS=+0.41%  no_improve=136
00:03:36 | i 95 | [HAOS ROLL] k=2  λ=0.0  rb  ac_complete  filo  P≈0.005948
00:03:37 | i 95 | [Phase 1/3] decompose  0.20s / — / —  λ=0.0  rb ac_complete
00:04:47 | i 95 | [Phase 2/3] route  70.13s / 69.72s / 100.6%  filo  k=2
00:04:47 | i 94 | [ ASYNC BG] bg_ails  63.03s / 60.00s / 105.1%
00:04:47 | i 95 | [HAOS ROLL] k=2  λ=0.0  rb  ac_complete  filo  P≈0.005948
00:04:47 | i 95 | [ Summary ] cost=128363.00  Δ_S*=+0.50%  Δ_BKS=+0.91%  Δ_S*_BKS=+0.41%  no_improve=138
00:04:47 | i 96 | [HAOS ROLL] k=4  λ=0.8  rb  ac_complete  filo2  P≈0.011835
00:04:47 | i 96 | [Phase 1/3] decompose  0.29s / — / —  λ=0.8  rb ac_complete
00:05:33 | i 96 | [Phase 2/3] route  45.13s / 44.70s / 101.0%  filo2  k=4
00:05:58 | i 95 | [ ASYNC BG] bg_ails  71.20s / 68.05s / 104.6%
00:05:58 | i 96 | [HAOS ROLL] k=4  λ=0.8  rb  ac_complete  filo2  P≈0.011835
00:05:58 | i 96 | [ Summary ] cost=128188.00  Δ_S*=+0.36%  Δ_BKS=+0.77%  Δ_S*_BKS=+0.41%  no_improve=140
00:05:58 | i 97 | [HAOS ROLL] k=8  λ=0.8  rb  ac_complete  filo2  P≈0.014029
00:05:59 | i 97 | [Phase 1/3] decompose  0.28s / — / —  λ=0.8  rb ac_complete
00:06:24 | i 97 | [Phase 2/3] route  25.12s / 25.02s / 100.4%  filo2  k=8
00:07:01 | i 96 | [ ASYNC BG] bg_ails  63.13s / 60.00s / 105.2%
00:07:01 | i 97 | [HAOS ROLL] k=8  λ=0.8  rb  ac_complete  filo2  P≈0.014029
00:07:01 | i 97 | [ Summary ] cost=129159.00  Δ_S*=+1.12%  Δ_BKS=+1.53%  Δ_S*_BKS=+0.41%  no_improve=142
00:07:01 | i 98 | [HAOS ROLL] k=2  λ=0.2  rb  ac_complete  filo2  P≈0.018786
00:07:02 | i 98 | [Phase 1/3] decompose  0.27s / — / —  λ=0.2  rb ac_complete
00:08:12 | i 98 | [Phase 2/3] route  70.14s / 69.72s / 100.6%  filo2  k=2
00:08:12 | i 97 | [ ASYNC BG] bg_ails  62.99s / 60.00s / 105.0%
00:08:12 | i 98 | [HAOS ROLL] k=2  λ=0.2  rb  ac_complete  filo2  P≈0.018786
00:08:12 | i 98 | [ Summary ] cost=128263.00  Δ_S*=+0.42%  Δ_BKS=+0.83%  Δ_S*_BKS=+0.41%  no_improve=144
00:08:12 | i 99 | [HAOS ROLL] k=8  λ=0.8  vb  fcm  filo2  P≈0.001632
00:08:13 | i 99 | [Phase 1/3] decompose  0.36s / — / —  λ=0.8  vb fcm
00:08:44 | i 99 | [Phase 2/3] route  31.13s / 19.92s / 156.3%  filo2  k=8
00:09:23 | i 98 | [ ASYNC BG] bg_ails  71.17s / 68.05s / 104.6%
00:09:23 | i 99 | [HAOS ROLL] k=8  λ=0.8  vb  fcm  filo2  P≈0.001632
00:09:23 | i 99 | [ Summary ] cost=130140.00  Δ_S*=+1.89%  Δ_BKS=+2.30%  Δ_S*_BKS=+0.41%  no_improve=146
00:09:23 | i 100 | [HAOS ROLL] k=12  λ=0.2  rb  ac_complete  filo  P≈0.001552
00:09:24 | i 100 | [Phase 1/3] decompose  0.27s / — / —  λ=0.2  rb ac_complete
00:09:49 | i 100 | [Phase 2/3] route  25.12s / 16.68s / 150.6%  filo  k=12
00:10:26 | i 99 | [ ASYNC BG] bg_ails  63.21s / 60.00s / 105.3%
00:10:27 | i 100 | [HAOS ROLL] k=12  λ=0.2  rb  ac_complete  filo  P≈0.001552
00:10:27 | i 100 | [ Summary ] cost=128481.00  Δ_S*=+0.59%  Δ_BKS=+1.00%  Δ_S*_BKS=+0.41%  no_improve=148
00:10:27 | i 101 | [HAOS ROLL] k=12  λ=0.2  rb  ac_complete  filo2  P≈0.005804
00:10:27 | i 101 | [Phase 1/3] decompose  0.28s / — / —  λ=0.2  rb ac_complete
00:10:52 | i 101 | [Phase 2/3] route  25.12s / 16.68s / 150.6%  filo2  k=12
00:11:30 | i 100 | [ ASYNC BG] bg_ails  63.25s / 60.00s / 105.4%
00:11:30 | i 101 | [HAOS ROLL] k=12  λ=0.2  rb  ac_complete  filo2  P≈0.005804
00:11:30 | i 101 | [ Summary ] cost=129834.00  Δ_S*=+1.65%  Δ_BKS=+2.06%  Δ_S*_BKS=+0.41%  no_improve=150
00:11:30 | i 102 | [HAOS ROLL] k=3  λ=0.0  vb  fcm  ails2  P≈0.000078
00:11:30 | i 102 | [Phase 1/3] decompose  0.49s / — / —  λ=0.0  vb fcm
00:12:20 | i 102 | [Phase 2/3] route  49.69s / 48.60s / 102.2%  ails2  k=3
00:12:33 | i 101 | [ ASYNC BG] bg_ails  63.41s / 60.00s / 105.7%
00:12:33 | i 102 | [HAOS ROLL] k=3  λ=0.0  vb  fcm  ails2  P≈0.000078
00:12:33 | i 102 | [ Summary ] cost=128391.00  Δ_S*=+0.52%  Δ_BKS=+0.93%  Δ_S*_BKS=+0.41%  no_improve=152
00:12:33 | i 103 | [HAOS ROLL] k=2  λ=0.2  vb  ac_avg  pyvrp  P≈0.000268
00:12:34 | i 103 | [Phase 1/3] decompose  0.40s / — / —  λ=0.2  vb ac_avg
00:13:42 | i 103 | [Phase 2/3] route  68.75s / 65.28s / 105.3%  pyvrp  k=2
00:13:43 | i 102 | [ ASYNC BG] bg_ails  63.09s / 60.00s / 105.2%
00:13:43 | i 103 | [HAOS ROLL] k=2  λ=0.2  vb  ac_avg  pyvrp  P≈0.000268
00:13:43 | i 103 | [ Summary ] cost=130179.00  Δ_S*=+1.92%  Δ_BKS=+2.33%  Δ_S*_BKS=+0.41%  no_improve=154
00:13:43 | i 104 | [HAOS ROLL] k=12  λ=1.0  vb  ac_avg  pyvrp  P≈0.000054
00:13:43 | i 104 | [Phase 1/3] decompose  0.39s / — / —  λ=1.0  vb ac_avg
00:14:07 | i 104 | [Phase 2/3] route  24.29s / 16.98s / 143.0%  pyvrp  k=12
00:14:49 | i 103 | [ ASYNC BG] bg_ails  66.18s / 63.71s / 103.9%
00:14:49 | i 104 | [HAOS ROLL] k=12  λ=1.0  vb  ac_avg  pyvrp  P≈0.000054
00:14:49 | i 104 | [ Summary ] cost=132520.00  Δ_S*=+3.75%  Δ_BKS=+4.17%  Δ_S*_BKS=+0.41%  no_improve=156
00:14:49 | i 105 | [HAOS ROLL] k=2  λ=0.0  rb  ac_complete  filo2  P≈0.016755
00:14:49 | i 105 | [Phase 1/3] decompose  0.21s / — / —  λ=0.0  rb ac_complete
00:15:59 | i 105 | [Phase 2/3] route  70.14s / 69.72s / 100.6%  filo2  k=2
00:15:59 | i 105 | [HAOS ROLL] k=2  λ=0.0  rb  ac_complete  filo2  P≈0.016755
00:16:00 | i 105 | [ Summary ] cost=128187.00  Δ_S*=+0.36%  Δ_BKS=+0.77%  Δ_S*_BKS=+0.41%  no_improve=157
00:16:00 | i — | [  FINAL  ] async BG-AILS totals launched=103 applied=103 adopted=6 launch_skipped_cap=2 crashes=0 discarded_in_flight=False block_wait_total_s=2107.5
00:16:30 | i — | [  FINAL  ] async SP/SC totals invocations=6 adopted=1 skipped=0 discarded_in_flight=True sp_busy_frac=0.7238870261062779
00:16:30 | i — | [  FINAL  ] ════════════════════════════════════════
00:16:30 | i — | [  FINAL  ] Run complete  iterations=105  elapsed=02:01:31  best=127727.00
00:16:30 | i — | [  FINAL  ] Δ_BKS=+0.41%  no_improve_stop=False  time_stop=True  cancelled=False
00:16:30 | i — | [  FINAL  ] 
00:16:30 | i — | [  FINAL  ] [BEST SOLUTION — HAOS TAG SUMMARY]
00:16:30 | i — | [  FINAL  ] ────────────────────────────────────────
00:16:30 | i — | [  FINAL  ]   97 routes  rb  ac_complete  k=2  λ=0.8  solver=filo2
00:16:30 | i — | [  FINAL  ]   7 routes  vb  fcm  k=2  λ=0.8  solver=filo2
00:16:30 | i — | [  FINAL  ]   5 routes  vb  ac_avg  k=4  λ=0.6  solver=filo2
00:16:30 | i — | [  FINAL  ]   4 routes  rb  ac_avg  k=8  λ=0.0  solver=filo2
00:16:30 | i — | [  FINAL  ]   4 routes  rb  ac_complete  k=8  λ=0.0  solver=filo2
00:16:30 | i — | [  FINAL  ]   3 routes  vb  ac_complete  k=3  λ=0.0  solver=filo
00:16:30 | i — | [  FINAL  ]   3 routes  rb  ac_complete  k=4  λ=0.8  solver=pyvrp
00:16:30 | i — | [  FINAL  ]   3 routes  rb  ac_avg  k=6  λ=0.6  solver=filo2
00:16:30 | i — | [  FINAL  ]   2 routes  vb  ac_avg  k=2  λ=0.8  solver=filo
00:16:30 | i — | [  FINAL  ]   2 routes  rb  ac_avg  k=3  λ=0.0  solver=filo
00:16:30 | i — | [  FINAL  ]   2 routes  vb  ac_avg  k=10  λ=0.0  solver=pyvrp
00:16:30 | i — | [  FINAL  ]   2 routes  rb  ac_avg  k=12  λ=0.2  solver=filo
00:16:30 | i — | [  FINAL  ]   2 routes  vb  ac_complete  k=6  λ=0.2  solver=filo
00:16:30 | i — | [  FINAL  ]   1 routes  rb  ac_avg  k=2  λ=0.8  solver=filo2
00:16:30 | i — | [  FINAL  ]   1 routes  rb  kmeans  k=8  λ=0.6  solver=filo
00:16:30 | i — | [  FINAL  ]   1 routes  vb  ac_complete  k=12  λ=0.8  solver=filo
00:16:30 | i — | [  FINAL  ] 
00:16:30 | i — | [  FINAL  ] [ROUTE POOL — HAOS TAG SUMMARY]
00:16:30 | i — | [  FINAL  ] ────────────────────────────────────────
00:16:30 | i — | [  FINAL  ]   536 routes  rb  ac_complete  k=2  λ=0.8  solver=filo2
00:16:30 | i — | [  FINAL  ]   450 routes  rb  ac_complete  k=8  λ=0.0  solver=filo2
00:16:30 | i — | [  FINAL  ]   397 routes  rb  ac_complete  k=2  λ=0.2  solver=filo2
00:16:30 | i — | [  FINAL  ]   389 routes  rb  ac_complete  k=4  λ=0.8  solver=filo2
00:16:30 | i — | [  FINAL  ]   278 routes  rb  ac_avg  k=2  λ=0.8  solver=filo2
00:16:30 | i — | [  FINAL  ]   228 routes  vb  ac_avg  k=2  λ=0.2  solver=pyvrp
00:16:30 | i — | [  FINAL  ]   216 routes  rb  ac_avg  k=2  λ=0.8  solver=filo
00:16:30 | i — | [  FINAL  ]   209 routes  vb  fcm  k=3  λ=0.0  solver=ails2
00:16:30 | i — | [  FINAL  ]   205 routes  rb  ac_complete  k=2  λ=0.0  solver=filo2
00:16:30 | i — | [  FINAL  ]   202 routes  vb  kmeans  k=8  λ=1.0  solver=filo2
00:16:30 | i — | [  FINAL  ]   198 routes  vb  fcm  k=8  λ=0.8  solver=filo2
00:16:30 | i — | [  FINAL  ]   197 routes  rb  ac_complete  k=10  λ=0.8  solver=pyvrp
00:16:30 | i — | [  FINAL  ]   184 routes  vb  ac_avg  k=2  λ=0.0  solver=filo2
00:16:30 | i — | [  FINAL  ]   184 routes  vb  ac_avg  k=3  λ=0.0  solver=filo
00:16:30 | i — | [  FINAL  ]   175 routes  vb  kmedoids  k=4  λ=0.8  solver=filo2
00:16:30 | i — | [  FINAL  ]   172 routes  rb  ac_complete  k=8  λ=0.8  solver=filo2
00:16:30 | i — | [  FINAL  ]   171 routes  rb  kmeans  k=2  λ=0.8  solver=filo2
00:16:30 | i — | [  FINAL  ]   171 routes  rb  ac_complete  k=2  λ=0.0  solver=filo
00:16:30 | i — | [  FINAL  ]   170 routes  rb  ac_complete  k=3  λ=0.2  solver=filo
00:16:30 | i — | [  FINAL  ]   168 routes  rb  ac_complete  k=8  λ=0.2  solver=filo2
00:16:30 | i — | [  FINAL  ]   163 routes  rb  ac_complete  k=6  λ=0.2  solver=filo2
00:16:30 | i — | [  FINAL  ]   158 routes  rb  ac_avg  k=6  λ=1.0  solver=filo2
00:16:30 | i — | [  FINAL  ]   155 routes  rb  ac_complete  k=10  λ=0.0  solver=filo2
00:16:30 | i — | [  FINAL  ]   146 routes  rb  ac_complete  k=12  λ=0.2  solver=filo2
00:16:30 | i — | [  FINAL  ]   145 routes  vb  fcm  k=2  λ=0.8  solver=filo2
00:16:30 | i — | [  FINAL  ]   139 routes  rb  kmeans  k=2  λ=0.8  solver=filo
00:16:30 | i — | [  FINAL  ]   139 routes  rb  ac_complete  k=12  λ=0.2  solver=filo
00:16:30 | i — | [  FINAL  ]   137 routes  rb  kmeans  k=8  λ=0.6  solver=filo
00:16:30 | i — | [  FINAL  ]   130 routes  rb  ac_avg  k=6  λ=0.6  solver=filo2
00:16:30 | i — | [  FINAL  ]   128 routes  rb  ac_avg  k=3  λ=0.0  solver=filo
00:16:30 | i — | [  FINAL  ]   122 routes  vb  ac_complete  k=3  λ=0.0  solver=filo
00:16:30 | i — | [  FINAL  ]   121 routes  vb  ac_avg  k=12  λ=1.0  solver=pyvrp
00:16:30 | i — | [  FINAL  ]   118 routes  vb  ac_complete  k=12  λ=0.8  solver=filo
00:16:30 | i — | [  FINAL  ]   118 routes  vb  ac_complete  k=2  λ=0.2  solver=ails2
00:16:30 | i — | [  FINAL  ]   115 routes  vb  kmeans  k=6  λ=0.6  solver=ails2
00:16:30 | i — | [  FINAL  ]   114 routes  vb  ac_avg  k=10  λ=0.0  solver=pyvrp
00:16:30 | i — | [  FINAL  ]   113 routes  rb  ac_avg  k=12  λ=0.2  solver=filo
00:16:30 | i — | [  FINAL  ]   109 routes  rb  ac_avg  k=8  λ=0.0  solver=filo2
00:16:30 | i — | [  FINAL  ]   109 routes  rb  ac_avg  k=4  λ=1.0  solver=filo2
00:16:30 | i — | [  FINAL  ]   108 routes  rb  ac_complete  k=4  λ=0.8  solver=pyvrp
00:16:30 | i — | [  FINAL  ]   108 routes  vb  ac_complete  k=6  λ=0.2  solver=filo
00:16:30 | i — | [  FINAL  ]   107 routes  rb  ac_avg  k=2  λ=0.6  solver=filo2
00:16:30 | i — | [  FINAL  ]   100 routes  vb  ac_complete  k=2  λ=0.8  solver=filo
00:16:30 | i — | [  FINAL  ]   99 routes  rb  kmeans  k=8  λ=0.8  solver=filo2
00:16:30 | i — | [  FINAL  ]   90 routes  vb  ac_avg  k=2  λ=0.8  solver=filo
00:16:30 | i — | [  FINAL  ]   90 routes  rb  ac_avg  k=2  λ=0.8  solver=pyvrp
00:16:30 | i — | [  FINAL  ]   64 routes  rb  ac_avg  k=8  λ=0.6  solver=filo2
00:16:30 | i — | [  FINAL  ]   63 routes  rb  kmeans  k=2  λ=1.0  solver=pyvrp
00:16:30 | i — | [  FINAL  ]   62 routes  vb  fcm  k=10  λ=0.8  solver=ails2
00:16:30 | i — | [  FINAL  ]   59 routes  vb  ac_avg  k=4  λ=0.6  solver=filo2
00:16:30 | i — | [  FINAL  ]   59 routes  rb  kmeans  k=6  λ=0.4  solver=pyvrp
00:16:30 | i — | [  FINAL  ]   58 routes  vb  fcm  k=8  λ=0.8  solver=ails2
00:16:30 | i — | [  FINAL  ]   57 routes  rb  ac_complete  k=8  λ=0.8  solver=ails2
00:16:30 | i — | [  FINAL  ]   56 routes  rb  kmeans  k=6  λ=1.0  solver=pyvrp
00:16:30 | i — | [  FINAL  ]   52 routes  vb  ac_complete  k=12  λ=1.0  solver=filo2
00:16:30 | i — | [  FINAL  ]   52 routes  rb  kmeans  k=2  λ=0.4  solver=filo2
00:16:30 | i — | [  FINAL  ]   52 routes  vb  ac_avg  k=12  λ=0.8  solver=filo
00:16:30 | i — | [  FINAL  ]   50 routes  vb  kmeans  k=2  λ=1.0  solver=filo2
00:16:30 | i — | [  FINAL  ]   49 routes  vb  kmeans  k=10  λ=0.8  solver=filo2
00:16:30 | i — | [  FINAL  ]   49 routes  vb  kmedoids  k=2  λ=0.2  solver=filo2
00:16:30 | i — | [  FINAL  ]   49 routes  rb  ac_complete  k=2  λ=0.4  solver=filo
00:16:30 | i — | [  FINAL  ]   48 routes  rb  ac_avg  k=6  λ=0.6  solver=filo
00:16:30 | i — | [  FINAL  ]   48 routes  vb  fcm  k=2  λ=0.6  solver=filo2
00:16:30 | i — | [  FINAL  ]   47 routes  rb  ac_complete  k=10  λ=0.8  solver=filo2
00:16:30 | i — | [  FINAL  ]   46 routes  rb  ac_complete  k=4  λ=1.0  solver=filo2
00:16:30 | i — | [  FINAL  ]   45 routes  rb  ac_complete  k=2  λ=0.6  solver=filo2
00:16:30 | i — | [  FINAL  ]   44 routes  rb  ac_avg  k=8  λ=0.0  solver=pyvrp
00:16:30 | i — | [  FINAL  ]   42 routes  rb  kmeans  k=12  λ=0.2  solver=filo2
00:16:30 | i — | [  FINAL  ]   40 routes  vb  ac_avg  k=10  λ=0.0  solver=filo2
00:16:30 | i — | [  FINAL  ]   39 routes  rb  ac_avg  k=4  λ=0.0  solver=filo
00:16:30 | i — | [  FINAL  ]   38 routes  vb  ac_avg  k=2  λ=0.2  solver=filo2
00:16:30 | i — | [  FINAL  ]   36 routes  vb  fcm  k=8  λ=1.0  solver=filo2
00:16:30 | i — | [  FINAL  ]   36 routes  rb  ac_complete  k=4  λ=0.0  solver=filo2
00:16:30 | i — | [  FINAL  ]   35 routes  rb  ac_avg  k=2  λ=0.0  solver=filo2
00:16:30 | i — | [  FINAL  ]   34 routes  rb  kmeans  k=2  λ=0.2  solver=filo2
00:16:30 | i — | [  FINAL  ]   34 routes  rb  kmeans  k=2  λ=0.4  solver=filo
00:16:30 | i — | [  FINAL  ]   34 routes  rb  ac_complete  k=10  λ=1.0  solver=filo2
00:16:30 | i — | [  FINAL  ]   34 routes  vb  fcm  k=2  λ=0.4  solver=filo2
00:16:30 | i — | [  FINAL  ]   33 routes  vb  ac_complete  k=2  λ=0.2  solver=filo2
00:16:30 | i — | [  FINAL  ]   31 routes  rb  ac_avg  k=6  λ=0.8  solver=filo2
00:16:30 | i — | [  FINAL  ]   28 routes  rb  ac_avg  k=6  λ=0.0  solver=filo2
00:16:30 | i — | [  FINAL  ]   27 routes  rb  ac_complete  k=10  λ=0.0  solver=filo
00:16:30 | i — | [  FINAL  ]   26 routes  rb  ac_avg  k=8  λ=0.8  solver=filo2
00:16:30 | i — | [  FINAL  ]   25 routes  rb  ac_complete  k=6  λ=1.0  solver=filo2
00:16:30 | i — | [  FINAL  ]   23 routes  rb  ac_complete  k=8  λ=0.4  solver=filo2
00:16:30 | i — | [  FINAL  ]   215 routes  post-SP/SC improvement
00:16:30 | i — | [  FINAL  ] ════════════════════════════════════════
